5.188.84.65 - - [08/Jun/2020:10:28:36 -0700] "POST /wp-comments-post.php HTTP/1.0" 302 4063 "https://www.fornacalia.com/2013/pasta-madre-day-2013/#comment-1801/" "Mozilla/5.0 (Windows NT 6.3; Win64; x64) AppleWebKit/537.36 (KHTML, like Gecko) Chrome/67.0.3396.79 Safari/537.36" 
157.55.39.74 - - [08/Jun/2020:10:29:10 -0700] "GET /?p=5363 HTTP/1.1" 301 3891 "-" "Mozilla/5.0 (compatible; bingbot/2.0; +http://www.bing.com/bingbot.htm)" 
5.188.84.147 - - [08/Jun/2020:10:33:43 -0700] "GET /2013/pasta-madre-day-2013/ HTTP/1.0" 200 32928 "https://www.fornacalia.com/2013/pasta-madre-day-2013/#comment-1801/" "Mozilla/5.0 (Windows NT 10.0; Win64; x64) AppleWebKit/537.36 (KHTML, like Gecko) Chrome/64.0.3282.140 Safari/537.36 Edge/17.17134" 
5.188.84.147 - - [08/Jun/2020:10:33:44 -0700] "POST /wp-comments-post.php HTTP/1.0" 302 4063 "https://www.fornacalia.com/2013/pasta-madre-day-2013/#comment-1801/" "Mozilla/5.0 (Windows NT 10.0; Win64; x64) AppleWebKit/537.36 (KHTML, like Gecko) Chrome/64.0.3282.140 Safari/537.36 Edge/17.17134" 
91.134.169.25 - - [08/Jun/2020:10:34:15 -0700] "GET /wp-login.php HTTP/1.1" 200 4830 "-" "Mozilla/5.0 (X11; Ubuntu; Linux x86_64; rv:62.0) Gecko/20100101 Firefox/62.0" 
91.134.169.25 - - [08/Jun/2020:10:34:15 -0700] "POST /wp-login.php HTTP/1.1" 200 5224 "-" "Mozilla/5.0 (X11; Ubuntu; Linux x86_64; rv:62.0) Gecko/20100101 Firefox/62.0" 
91.134.169.25 - - [08/Jun/2020:10:34:16 -0700] "GET /wp-login.php HTTP/1.1" 200 4830 "-" "Mozilla/5.0 (X11; Ubuntu; Linux x86_64; rv:62.0) Gecko/20100101 Firefox/62.0" 
91.134.169.25 - - [08/Jun/2020:10:34:17 -0700] "POST /wp-login.php HTTP/1.1" 200 5201 "-" "Mozilla/5.0 (X11; Ubuntu; Linux x86_64; rv:62.0) Gecko/20100101 Firefox/62.0" 
91.134.169.25 - - [08/Jun/2020:10:34:17 -0700] "GET /wp-login.php HTTP/1.1" 200 4830 "-" "Mozilla/5.0 (X11; Ubuntu; Linux x86_64; rv:62.0) Gecko/20100101 Firefox/62.0" 
91.134.169.25 - - [08/Jun/2020:10:34:18 -0700] "POST /wp-login.php HTTP/1.1" 200 5200 "-" "Mozilla/5.0 (X11; Ubuntu; Linux x86_64; rv:62.0) Gecko/20100101 Firefox/62.0" 
5.188.84.35 - - [08/Jun/2020:10:36:33 -0700] "GET /2013/pasta-madre-day-2013/ HTTP/1.0" 200 32928 "https://www.fornacalia.com/2013/pasta-madre-day-2013/#comment-1801/" "Mozilla/5.0 (Windows NT 6.1; Win64; x64) AppleWebKit/537.36 (KHTML, like Gecko) Chrome/66.0.3359.170 Safari/537.36 OPR/53.0.2907.68" 
5.188.84.35 - - [08/Jun/2020:10:36:34 -0700] "POST /wp-comments-post.php HTTP/1.0" 302 4063 "https://www.fornacalia.com/2013/pasta-madre-day-2013/#comment-1801/" "Mozilla/5.0 (Windows NT 6.1; Win64; x64) AppleWebKit/537.36 (KHTML, like Gecko) Chrome/66.0.3359.170 Safari/537.36 OPR/53.0.2907.68" 
62.210.151.70 - - [08/Jun/2020:10:37:04 -0700] "GET /robots.txt HTTP/1.1" 200 4097 "-" "Mozilla/5.0 (compatible; Barkrowler/0.9; +https://babbar.tech/crawler)" 
62.210.151.70 - - [08/Jun/2020:10:37:13 -0700] "GET /2014/in-which-a-croissant-recipe-makes-me-cross/ HTTP/1.1" 200 13721 "-" "Mozilla/5.0 (compatible; Barkrowler/0.9; +https://babbar.tech/crawler)" 
40.77.167.198 - - [08/Jun/2020:10:41:19 -0700] "GET /page/14/ HTTP/1.1" 200 15929 "-" "Mozilla/5.0 (compatible; bingbot/2.0; +http://www.bing.com/bingbot.htm)" 
5.188.84.25 - - [08/Jun/2020:10:42:14 -0700] "GET /2013/pasta-madre-day-2013/ HTTP/1.0" 200 32928 "https://www.fornacalia.com/2013/pasta-madre-day-2013/#comment-1801/" "Mozilla/5.0 (Macintosh; Intel Mac OS X 10_13_5) AppleWebKit/537.36 (KHTML, like Gecko) Chrome/67.0.3396.99 Safari/537.36" 
64.111.100.215 - - [08/Jun/2020:10:42:14 -0700] "POST /wp-cron.php?doing_wp_cron=1591638134.6819989681243896484375 HTTP/1.1" 200 3494 "https://www.fornacalia.com/wp-cron.php?doing_wp_cron=1591638134.6819989681243896484375" "WordPress/5.2.6; https://www.fornacalia.com" 
5.188.84.25 - - [08/Jun/2020:10:42:16 -0700] "POST /wp-comments-post.php HTTP/1.0" 302 4063 "https://www.fornacalia.com/2013/pasta-madre-day-2013/#comment-1801/" "Mozilla/5.0 (Macintosh; Intel Mac OS X 10_13_5) AppleWebKit/537.36 (KHTML, like Gecko) Chrome/67.0.3396.99 Safari/537.36" 
5.188.84.35 - - [08/Jun/2020:10:43:34 -0700] "GET /2013/pasta-madre-day-2013/ HTTP/1.0" 200 32928 "https://www.fornacalia.com/2013/pasta-madre-day-2013/#comment-1801/" "Mozilla/5.0 (Windows NT 6.3; Win64; x64) AppleWebKit/537.36 (KHTML, like Gecko) Chrome/67.0.3396.87 Safari/537.36" 
5.188.84.35 - - [08/Jun/2020:10:43:34 -0700] "POST /wp-comments-post.php HTTP/1.0" 302 4063 "https://www.fornacalia.com/2013/pasta-madre-day-2013/#comment-1801/" "Mozilla/5.0 (Windows NT 6.3; Win64; x64) AppleWebKit/537.36 (KHTML, like Gecko) Chrome/67.0.3396.87 Safari/537.36" 
165.22.191.129 - - [08/Jun/2020:10:43:51 -0700] "GET /wp-login.php HTTP/1.1" 200 4830 "-" "Mozilla/5.0 (X11; Ubuntu; Linux x86_64; rv:62.0) Gecko/20100101 Firefox/62.0" 
165.22.191.129 - - [08/Jun/2020:10:43:51 -0700] "POST /wp-login.php HTTP/1.1" 200 5224 "-" "Mozilla/5.0 (X11; Ubuntu; Linux x86_64; rv:62.0) Gecko/20100101 Firefox/62.0" 
165.22.191.129 - - [08/Jun/2020:10:43:51 -0700] "GET /wp-login.php HTTP/1.1" 200 4830 "-" "Mozilla/5.0 (X11; Ubuntu; Linux x86_64; rv:62.0) Gecko/20100101 Firefox/62.0" 
165.22.191.129 - - [08/Jun/2020:10:43:51 -0700] "POST /wp-login.php HTTP/1.1" 200 5201 "-" "Mozilla/5.0 (X11; Ubuntu; Linux x86_64; rv:62.0) Gecko/20100101 Firefox/62.0" 
165.22.191.129 - - [08/Jun/2020:10:43:51 -0700] "POST /xmlrpc.php HTTP/1.1" 200 3697 "-" "Mozilla/5.0 (X11; Ubuntu; Linux x86_64; rv:62.0) Gecko/20100101 Firefox/62.0" 
40.77.167.198 - - [08/Jun/2020:10:45:43 -0700] "GET /2017/pain-au-levain-with-mixed-sourdough-starters/feed/ HTTP/1.1" 200 4873 "-" "Mozilla/5.0 (compatible; bingbot/2.0; +http://www.bing.com/bingbot.htm)" 
5.188.84.147 - - [08/Jun/2020:10:50:17 -0700] "GET /2013/pasta-madre-day-2013/ HTTP/1.0" 200 32928 "https://www.fornacalia.com/2013/pasta-madre-day-2013/#comment-1801/" "Mozilla/5.0 (Windows NT 10.0; Win64; x64) AppleWebKit/537.36 (KHTML, like Gecko) Chrome/68.0.3440.106 Safari/537.36 OPR/55.0.2994.44" 
5.188.84.147 - - [08/Jun/2020:10:50:18 -0700] "POST /wp-comments-post.php HTTP/1.0" 302 4063 "https://www.fornacalia.com/2013/pasta-madre-day-2013/#comment-1801/" "Mozilla/5.0 (Windows NT 10.0; Win64; x64) AppleWebKit/537.36 (KHTML, like Gecko) Chrome/68.0.3440.106 Safari/537.36 OPR/55.0.2994.44" 
46.229.168.135 - - [08/Jun/2020:10:56:41 -0700] "GET /robots.txt HTTP/1.1" 200 4255 "-" "Mozilla/5.0 (compatible; SemrushBot/6~bl; +http://www.semrush.com/bot.html)" 
46.229.168.153 - - [08/Jun/2020:10:56:42 -0700] "GET /2012/thanksgiving-special/ HTTP/1.1" 200 13234 "-" "Mozilla/5.0 (compatible; SemrushBot/6~bl; +http://www.semrush.com/bot.html)" 
5.188.84.45 - - [08/Jun/2020:10:57:46 -0700] "GET /2013/pasta-madre-day-2013/ HTTP/1.0" 200 32928 "https://www.fornacalia.com/2013/pasta-madre-day-2013/#comment-1801/" "Mozilla/5.0 (Windows NT 6.1) AppleWebKit/537.36 (KHTML, like Gecko) Chrome/66.0.3359.181 Safari/537.36" 
5.188.84.45 - - [08/Jun/2020:10:57:47 -0700] "POST /wp-comments-post.php HTTP/1.0" 302 4063 "https://www.fornacalia.com/2013/pasta-madre-day-2013/#comment-1801/" "Mozilla/5.0 (Windows NT 6.1) AppleWebKit/537.36 (KHTML, like Gecko) Chrome/66.0.3359.181 Safari/537.36" 
5.188.84.233 - - [08/Jun/2020:10:58:54 -0700] "GET /2013/pasta-madre-day-2013/ HTTP/1.0" 200 32928 "https://www.fornacalia.com/2013/pasta-madre-day-2013/#comment-1801/" "Mozilla/5.0 (Windows NT 6.1) AppleWebKit/537.36 (KHTML, like Gecko) Chrome/66.0.3359.181 Safari/537.36" 
5.188.84.233 - - [08/Jun/2020:10:58:55 -0700] "POST /wp-comments-post.php HTTP/1.0" 302 4063 "https://www.fornacalia.com/2013/pasta-madre-day-2013/#comment-1801/" "Mozilla/5.0 (Windows NT 6.1) AppleWebKit/537.36 (KHTML, like Gecko) Chrome/66.0.3359.181 Safari/537.36" 
5.188.84.65 - - [08/Jun/2020:11:00:12 -0700] "GET /2013/pasta-madre-day-2013/ HTTP/1.0" 200 32928 "https://www.fornacalia.com/2013/pasta-madre-day-2013/#comment-1801/" "Mozilla/5.0 (Windows NT 6.1; WOW64) AppleWebKit/537.36 (KHTML, like Gecko) Chrome/67.0.3396.87 Safari/537.36 OPR/54.0.2952.64 (Edition Yx)" 
5.188.84.65 - - [08/Jun/2020:11:00:13 -0700] "POST /wp-comments-post.php HTTP/1.0" 302 4063 "https://www.fornacalia.com/2013/pasta-madre-day-2013/#comment-1801/" "Mozilla/5.0 (Windows NT 6.1; WOW64) AppleWebKit/537.36 (KHTML, like Gecko) Chrome/67.0.3396.87 Safari/537.36 OPR/54.0.2952.64 (Edition Yx)" 
195.154.114.140 - - [08/Jun/2020:11:01:25 -0700] "GET /wp-login.php HTTP/1.1" 200 4830 "-" "Mozilla/5.0 (X11; Ubuntu; Linux x86_64; rv:62.0) Gecko/20100101 Firefox/62.0" 
195.154.114.140 - - [08/Jun/2020:11:01:26 -0700] "POST /wp-login.php HTTP/1.1" 200 5224 "-" "Mozilla/5.0 (X11; Ubuntu; Linux x86_64; rv:62.0) Gecko/20100101 Firefox/62.0" 
195.154.114.140 - - [08/Jun/2020:11:01:26 -0700] "GET /wp-login.php HTTP/1.1" 200 4830 "-" "Mozilla/5.0 (X11; Ubuntu; Linux x86_64; rv:62.0) Gecko/20100101 Firefox/62.0" 
195.154.114.140 - - [08/Jun/2020:11:01:26 -0700] "POST /wp-login.php HTTP/1.1" 200 5201 "-" "Mozilla/5.0 (X11; Ubuntu; Linux x86_64; rv:62.0) Gecko/20100101 Firefox/62.0" 
195.154.114.140 - - [08/Jun/2020:11:01:27 -0700] "POST /xmlrpc.php HTTP/1.1" 200 3697 "-" "Mozilla/5.0 (X11; Ubuntu; Linux x86_64; rv:62.0) Gecko/20100101 Firefox/62.0" 
40.77.167.198 - - [08/Jun/2020:11:04:57 -0700] "GET /2019/mysterious-ear-problem-partially-solved/ HTTP/1.1" 200 12068 "-" "Mozilla/5.0 (compatible; bingbot/2.0; +http://www.bing.com/bingbot.htm)" 
46.229.168.151 - - [08/Jun/2020:11:06:34 -0700] "GET /2016/baking-that-dark-sour-bread/ HTTP/1.1" 200 14754 "-" "Mozilla/5.0 (compatible; SemrushBot/6~bl; +http://www.semrush.com/bot.html)" 
66.249.66.15 - - [08/Jun/2020:11:10:01 -0700] "GET / HTTP/1.1" 301 3876 "-" "Mozilla/5.0 (Linux; Android 6.0.1; Nexus 5X Build/MMB29P) AppleWebKit/537.36 (KHTML, like Gecko) Chrome/80.0.3987.92 Mobile Safari/537.36 (compatible; Googlebot/2.1; +http://www.google.com/bot.html)" 
66.249.66.47 - - [08/Jun/2020:11:10:01 -0700] "GET / HTTP/1.1" 200 19090 "-" "Mozilla/5.0 (Linux; Android 6.0.1; Nexus 5X Build/MMB29P) AppleWebKit/537.36 (KHTML, like Gecko) Chrome/80.0.3987.92 Mobile Safari/537.36 (compatible; Googlebot/2.1; +http://www.google.com/bot.html)" 
5.188.84.15 - - [08/Jun/2020:11:15:39 -0700] "GET /2013/pasta-madre-day-2013/ HTTP/1.0" 200 32928 "https://www.fornacalia.com/2013/pasta-madre-day-2013/#comment-1801/" "Mozilla/5.0 (Windows NT 10.0; Win64; x64) AppleWebKit/537.36 (KHTML, like Gecko) Chrome/64.0.3282.140 Safari/537.36 Edge/17.17134" 
5.188.84.15 - - [08/Jun/2020:11:15:40 -0700] "POST /wp-comments-post.php HTTP/1.0" 302 4063 "https://www.fornacalia.com/2013/pasta-madre-day-2013/#comment-1801/" "Mozilla/5.0 (Windows NT 10.0; Win64; x64) AppleWebKit/537.36 (KHTML, like Gecko) Chrome/64.0.3282.140 Safari/537.36 Edge/17.17134" 
5.188.84.220 - - [08/Jun/2020:11:16:52 -0700] "GET /2013/pasta-madre-day-2013/ HTTP/1.0" 200 32928 "https://www.fornacalia.com/2013/pasta-madre-day-2013/#comment-1801/" "Mozilla/5.0 (Windows NT 6.1; Win64; x64) AppleWebKit/537.36 (KHTML, like Gecko) Chrome/67.0.3396.87 Safari/537.36" 
5.188.84.220 - - [08/Jun/2020:11:16:53 -0700] "POST /wp-comments-post.php HTTP/1.0" 302 4063 "https://www.fornacalia.com/2013/pasta-madre-day-2013/#comment-1801/" "Mozilla/5.0 (Windows NT 6.1; Win64; x64) AppleWebKit/537.36 (KHTML, like Gecko) Chrome/67.0.3396.87 Safari/537.36" 
184.168.200.6 - - [08/Jun/2020:11:17:18 -0700] "GET /wp-login.php HTTP/1.1" 200 7160 "https://www.fornacalia.com/wp-login.php" "Mozilla/5.0 (Windows NT 10.0; Win64; x64) AppleWebKit/537.36 (KHTML, like Gecko) Chrome/74.0.3729.131 Safari/537.36" 
184.168.200.6 - - [08/Jun/2020:11:17:20 -0700] "POST /wp-login.php HTTP/1.1" 200 8156 "https://www.fornacalia.com/wp-login.php" "Mozilla/5.0 (Windows NT 10.0; Win64; x64) AppleWebKit/537.36 (KHTML, like Gecko) Chrome/74.0.3729.131 Safari/537.36" 
5.188.84.220 - - [08/Jun/2020:11:18:39 -0700] "GET /2013/pasta-madre-day-2013/ HTTP/1.0" 200 32928 "https://www.fornacalia.com/2013/pasta-madre-day-2013/#comment-1801/" "Mozilla/5.0 (Windows NT 6.1; Win64; x64) AppleWebKit/537.36 (KHTML, like Gecko) Chrome/66.0.3359.170 Safari/537.36 OPR/53.0.2907.99" 
5.188.84.220 - - [08/Jun/2020:11:18:40 -0700] "POST /wp-comments-post.php HTTP/1.0" 302 4063 "https://www.fornacalia.com/2013/pasta-madre-day-2013/#comment-1801/" "Mozilla/5.0 (Windows NT 6.1; Win64; x64) AppleWebKit/537.36 (KHTML, like Gecko) Chrome/66.0.3359.170 Safari/537.36 OPR/53.0.2907.99" 
185.66.233.61 - - [08/Jun/2020:11:19:25 -0700] "GET /wp-login.php HTTP/1.1" 200 4830 "-" "Mozilla/5.0 (X11; Ubuntu; Linux x86_64; rv:62.0) Gecko/20100101 Firefox/62.0" 
185.66.233.61 - - [08/Jun/2020:11:19:26 -0700] "POST /wp-login.php HTTP/1.1" 200 5224 "-" "Mozilla/5.0 (X11; Ubuntu; Linux x86_64; rv:62.0) Gecko/20100101 Firefox/62.0" 
185.66.233.61 - - [08/Jun/2020:11:19:26 -0700] "GET /wp-login.php HTTP/1.1" 200 4830 "-" "Mozilla/5.0 (X11; Ubuntu; Linux x86_64; rv:62.0) Gecko/20100101 Firefox/62.0" 
185.66.233.61 - - [08/Jun/2020:11:19:26 -0700] "POST /wp-login.php HTTP/1.1" 200 5201 "-" "Mozilla/5.0 (X11; Ubuntu; Linux x86_64; rv:62.0) Gecko/20100101 Firefox/62.0" 
185.66.233.61 - - [08/Jun/2020:11:19:27 -0700] "POST /xmlrpc.php HTTP/1.1" 200 3697 "-" "Mozilla/5.0 (X11; Ubuntu; Linux x86_64; rv:62.0) Gecko/20100101 Firefox/62.0" 
5.188.84.233 - - [08/Jun/2020:11:21:37 -0700] "GET /2013/pasta-madre-day-2013/ HTTP/1.0" 200 32928 "https://www.fornacalia.com/2013/pasta-madre-day-2013/#comment-1801/" "Mozilla/5.0 (Windows NT 6.3; Win64; x64) AppleWebKit/537.36 (KHTML, like Gecko) Chrome/65.0.3325.146 Safari/537.36" 
5.188.84.233 - - [08/Jun/2020:11:21:37 -0700] "POST /wp-comments-post.php HTTP/1.0" 302 4063 "https://www.fornacalia.com/2013/pasta-madre-day-2013/#comment-1801/" "Mozilla/5.0 (Windows NT 6.3; Win64; x64) AppleWebKit/537.36 (KHTML, like Gecko) Chrome/65.0.3325.146 Safari/537.36" 
54.36.149.2 - - [08/Jun/2020:11:21:57 -0700] "GET /robots.txt HTTP/1.1" 301 3645 "-" "Mozilla/5.0 (compatible; AhrefsBot/6.1; +http://ahrefs.com/robot/)" 
54.36.149.2 - - [08/Jun/2020:11:21:57 -0700] "GET /robots.txt HTTP/1.1" 200 4041 "-" "Mozilla/5.0 (compatible; AhrefsBot/6.1; +http://ahrefs.com/robot/)" 
5.188.84.25 - - [08/Jun/2020:11:33:36 -0700] "GET /2013/pasta-madre-day-2013/ HTTP/1.0" 200 32928 "https://www.fornacalia.com/2013/pasta-madre-day-2013/#comment-1801/" "Mozilla/5.0 (Windows NT 6.1; Win64; x64) AppleWebKit/537.36 (KHTML, like Gecko) Chrome/68.0.3440.84 Safari/537.36" 
5.188.84.25 - - [08/Jun/2020:11:33:37 -0700] "POST /wp-comments-post.php HTTP/1.0" 302 4063 "https://www.fornacalia.com/2013/pasta-madre-day-2013/#comment-1801/" "Mozilla/5.0 (Windows NT 6.1; Win64; x64) AppleWebKit/537.36 (KHTML, like Gecko) Chrome/68.0.3440.84 Safari/537.36" 
185.20.227.24 - - [08/Jun/2020:11:33:57 -0700] "GET /wp-login.php HTTP/1.1" 200 4830 "-" "Mozilla/5.0 (X11; Ubuntu; Linux x86_64; rv:62.0) Gecko/20100101 Firefox/62.0" 
185.20.227.24 - - [08/Jun/2020:11:33:58 -0700] "POST /wp-login.php HTTP/1.1" 200 5224 "-" "Mozilla/5.0 (X11; Ubuntu; Linux x86_64; rv:62.0) Gecko/20100101 Firefox/62.0" 
185.20.227.24 - - [08/Jun/2020:11:34:00 -0700] "GET /wp-login.php HTTP/1.1" 200 4830 "-" "Mozilla/5.0 (X11; Ubuntu; Linux x86_64; rv:62.0) Gecko/20100101 Firefox/62.0" 
185.20.227.24 - - [08/Jun/2020:11:34:00 -0700] "POST /wp-login.php HTTP/1.1" 200 5201 "-" "Mozilla/5.0 (X11; Ubuntu; Linux x86_64; rv:62.0) Gecko/20100101 Firefox/62.0" 
185.20.227.24 - - [08/Jun/2020:11:34:01 -0700] "GET /wp-login.php HTTP/1.1" 200 4830 "-" "Mozilla/5.0 (X11; Ubuntu; Linux x86_64; rv:62.0) Gecko/20100101 Firefox/62.0" 
185.20.227.24 - - [08/Jun/2020:11:34:02 -0700] "POST /wp-login.php HTTP/1.1" 200 5200 "-" "Mozilla/5.0 (X11; Ubuntu; Linux x86_64; rv:62.0) Gecko/20100101 Firefox/62.0" 
5.188.84.15 - - [08/Jun/2020:11:34:25 -0700] "GET /2013/pasta-madre-day-2013/ HTTP/1.0" 200 32928 "https://www.fornacalia.com/2013/pasta-madre-day-2013/#comment-1801/" "Mozilla/5.0 (Windows NT 6.1) AppleWebKit/537.36 (KHTML, like Gecko) Chrome/67.0.3396.99 Safari/537.36" 
5.188.84.15 - - [08/Jun/2020:11:34:25 -0700] "POST /wp-comments-post.php HTTP/1.0" 302 4063 "https://www.fornacalia.com/2013/pasta-madre-day-2013/#comment-1801/" "Mozilla/5.0 (Windows NT 6.1) AppleWebKit/537.36 (KHTML, like Gecko) Chrome/67.0.3396.99 Safari/537.36" 
185.182.56.17 - - [08/Jun/2020:11:37:19 -0700] "GET /wp-login.php HTTP/1.1" 200 4830 "-" "Mozilla/5.0 (X11; Ubuntu; Linux x86_64; rv:62.0) Gecko/20100101 Firefox/62.0" 
185.182.56.17 - - [08/Jun/2020:11:37:20 -0700] "POST /wp-login.php HTTP/1.1" 200 5224 "-" "Mozilla/5.0 (X11; Ubuntu; Linux x86_64; rv:62.0) Gecko/20100101 Firefox/62.0" 
185.182.56.17 - - [08/Jun/2020:11:37:20 -0700] "POST /xmlrpc.php HTTP/1.1" 200 3697 "-" "Mozilla/5.0 (X11; Ubuntu; Linux x86_64; rv:62.0) Gecko/20100101 Firefox/62.0" 
178.128.126.157 - - [08/Jun/2020:11:38:02 -0700] "GET /wp-login.php HTTP/1.1" 200 4830 "-" "Mozilla/5.0 (X11; Ubuntu; Linux x86_64; rv:62.0) Gecko/20100101 Firefox/62.0" 
178.128.126.157 - - [08/Jun/2020:11:38:03 -0700] "POST /wp-login.php HTTP/1.1" 200 5224 "-" "Mozilla/5.0 (X11; Ubuntu; Linux x86_64; rv:62.0) Gecko/20100101 Firefox/62.0" 
178.128.126.157 - - [08/Jun/2020:11:38:04 -0700] "GET /wp-login.php HTTP/1.1" 200 4830 "-" "Mozilla/5.0 (X11; Ubuntu; Linux x86_64; rv:62.0) Gecko/20100101 Firefox/62.0" 
178.128.126.157 - - [08/Jun/2020:11:38:05 -0700] "POST /wp-login.php HTTP/1.1" 200 5201 "-" "Mozilla/5.0 (X11; Ubuntu; Linux x86_64; rv:62.0) Gecko/20100101 Firefox/62.0" 
178.128.126.157 - - [08/Jun/2020:11:38:06 -0700] "POST /xmlrpc.php HTTP/1.1" 200 3697 "-" "Mozilla/5.0 (X11; Ubuntu; Linux x86_64; rv:62.0) Gecko/20100101 Firefox/62.0" 
5.188.84.45 - - [08/Jun/2020:11:38:09 -0700] "GET /2013/pasta-madre-day-2013/ HTTP/1.0" 200 32928 "https://www.fornacalia.com/2013/pasta-madre-day-2013/#comment-1801/" "Mozilla/5.0 (Windows NT 10.0; Win64; x64) AppleWebKit/537.36 (KHTML, like Gecko) Chrome/65.0.3325.181 Safari/537.36" 
5.188.84.45 - - [08/Jun/2020:11:38:10 -0700] "POST /wp-comments-post.php HTTP/1.0" 302 4063 "https://www.fornacalia.com/2013/pasta-madre-day-2013/#comment-1801/" "Mozilla/5.0 (Windows NT 10.0; Win64; x64) AppleWebKit/537.36 (KHTML, like Gecko) Chrome/65.0.3325.181 Safari/537.36" 
5.188.84.65 - - [08/Jun/2020:11:47:51 -0700] "GET /2013/pasta-madre-day-2013/ HTTP/1.0" 200 32928 "https://www.fornacalia.com/2013/pasta-madre-day-2013/#comment-1801/" "Mozilla/5.0 (Windows NT 6.1; WOW64) AppleWebKit/537.36 (KHTML, like Gecko) Chrome/67.0.3396.87 Safari/537.36 OPR/54.0.2952.64 (Edition Yx)" 
64.111.100.215 - - [08/Jun/2020:11:47:52 -0700] "POST /wp-cron.php?doing_wp_cron=1591642072.1660330295562744140625 HTTP/1.1" 200 3494 "https://www.fornacalia.com/wp-cron.php?doing_wp_cron=1591642072.1660330295562744140625" "WordPress/5.2.6; https://www.fornacalia.com" 
5.188.84.65 - - [08/Jun/2020:11:47:54 -0700] "POST /wp-comments-post.php HTTP/1.0" 302 4063 "https://www.fornacalia.com/2013/pasta-madre-day-2013/#comment-1801/" "Mozilla/5.0 (Windows NT 6.1; WOW64) AppleWebKit/537.36 (KHTML, like Gecko) Chrome/67.0.3396.87 Safari/537.36 OPR/54.0.2952.64 (Edition Yx)" 
40.77.167.198 - - [08/Jun/2020:11:48:22 -0700] "GET / HTTP/1.1" 200 19090 "-" "Mozilla/5.0 (compatible; bingbot/2.0; +http://www.bing.com/bingbot.htm)" 
17.58.102.79 - - [08/Jun/2020:11:50:57 -0700] "GET /category/crumbs/ HTTP/1.1" 200 16416 "-" "Mozilla/5.0 (Macintosh; Intel Mac OS X 10_10_1) AppleWebKit/600.2.5 (KHTML, like Gecko) Version/8.0.2 Safari/600.2.5 (Applebot/0.1; +http://www.apple.com/go/applebot)" 
54.36.148.111 - - [08/Jun/2020:11:51:37 -0700] "GET /2013/sourdough-ciabatta/ HTTP/1.1" 200 14397 "-" "Mozilla/5.0 (compatible; AhrefsBot/6.1; +http://ahrefs.com/robot/)" 
114.119.164.139 - - [08/Jun/2020:11:51:50 -0700] "GET /robots.txt HTTP/1.1" 301 3664 "-" "Mozilla/5.0 (Linux; Android 7.0;) AppleWebKit/537.36 (KHTML, like Gecko) Mobile Safari/537.36 (compatible; PetalBot;+https://aspiegel.com/petalbot)" 
114.119.164.139 - - [08/Jun/2020:11:51:51 -0700] "GET /robots.txt HTTP/1.1" 200 4060 "-" "Mozilla/5.0 (Linux; Android 7.0;) AppleWebKit/537.36 (KHTML, like Gecko) Mobile Safari/537.36 (compatible; PetalBot;+https://aspiegel.com/petalbot)" 
5.188.84.35 - - [08/Jun/2020:11:55:21 -0700] "GET /2013/pasta-madre-day-2013/ HTTP/1.0" 200 32928 "https://www.fornacalia.com/2013/pasta-madre-day-2013/#comment-1801/" "Mozilla/5.0 (Windows NT 10.0; Win64; x64) AppleWebKit/537.36 (KHTML, like Gecko) Chrome/58.0.3029.110 Safari/537.36 Edge/16.16299" 
5.188.84.35 - - [08/Jun/2020:11:55:22 -0700] "POST /wp-comments-post.php HTTP/1.0" 302 4063 "https://www.fornacalia.com/2013/pasta-madre-day-2013/#comment-1801/" "Mozilla/5.0 (Windows NT 10.0; Win64; x64) AppleWebKit/537.36 (KHTML, like Gecko) Chrome/58.0.3029.110 Safari/537.36 Edge/16.16299" 
94.23.156.82 - - [08/Jun/2020:11:57:26 -0700] "GET /wp-login.php HTTP/1.1" 200 4830 "-" "Mozilla/5.0 (X11; Ubuntu; Linux x86_64; rv:62.0) Gecko/20100101 Firefox/62.0" 
94.23.156.82 - - [08/Jun/2020:11:57:27 -0700] "POST /wp-login.php HTTP/1.1" 200 5224 "-" "Mozilla/5.0 (X11; Ubuntu; Linux x86_64; rv:62.0) Gecko/20100101 Firefox/62.0" 
94.23.156.82 - - [08/Jun/2020:11:57:27 -0700] "GET /wp-login.php HTTP/1.1" 200 4830 "-" "Mozilla/5.0 (X11; Ubuntu; Linux x86_64; rv:62.0) Gecko/20100101 Firefox/62.0" 
94.23.156.82 - - [08/Jun/2020:11:57:27 -0700] "POST /wp-login.php HTTP/1.1" 200 5201 "-" "Mozilla/5.0 (X11; Ubuntu; Linux x86_64; rv:62.0) Gecko/20100101 Firefox/62.0" 
94.23.156.82 - - [08/Jun/2020:11:57:28 -0700] "POST /xmlrpc.php HTTP/1.1" 200 3697 "-" "Mozilla/5.0 (X11; Ubuntu; Linux x86_64; rv:62.0) Gecko/20100101 Firefox/62.0" 
5.188.84.147 - - [08/Jun/2020:11:57:40 -0700] "GET /2013/pasta-madre-day-2013/ HTTP/1.0" 200 32928 "https://www.fornacalia.com/2013/pasta-madre-day-2013/#comment-1801/" "Mozilla/5.0 (Windows NT 10.0; Win64; x64) AppleWebKit/537.36 (KHTML, like Gecko) Chrome/67.0.3396.87 Safari/537.36 OPR/54.0.2952.71" 
5.188.84.147 - - [08/Jun/2020:11:57:41 -0700] "POST /wp-comments-post.php HTTP/1.0" 302 4063 "https://www.fornacalia.com/2013/pasta-madre-day-2013/#comment-1801/" "Mozilla/5.0 (Windows NT 10.0; Win64; x64) AppleWebKit/537.36 (KHTML, like Gecko) Chrome/67.0.3396.87 Safari/537.36 OPR/54.0.2952.71" 
5.188.84.25 - - [08/Jun/2020:12:00:43 -0700] "GET /2013/pasta-madre-day-2013/ HTTP/1.0" 200 32928 "https://www.fornacalia.com/2013/pasta-madre-day-2013/#comment-1801/" "Mozilla/5.0 (Windows NT 10.0; Win64; x64) AppleWebKit/537.36 (KHTML, like Gecko) Chrome/67.0.3396.87 Safari/537.36 OPR/54.0.2952.71" 
5.188.84.25 - - [08/Jun/2020:12:00:43 -0700] "POST /wp-comments-post.php HTTP/1.0" 302 4063 "https://www.fornacalia.com/2013/pasta-madre-day-2013/#comment-1801/" "Mozilla/5.0 (Windows NT 10.0; Win64; x64) AppleWebKit/537.36 (KHTML, like Gecko) Chrome/67.0.3396.87 Safari/537.36 OPR/54.0.2952.71" 
5.188.84.35 - - [08/Jun/2020:12:02:33 -0700] "GET /2013/pasta-madre-day-2013/ HTTP/1.0" 200 32928 "https://www.fornacalia.com/2013/pasta-madre-day-2013/#comment-1801/" "Mozilla/5.0 (Windows NT 10.0; Win64; x64) AppleWebKit/537.36 (KHTML, like Gecko) Chrome/67.0.3396.79 Safari/537.36" 
5.188.84.35 - - [08/Jun/2020:12:02:34 -0700] "POST /wp-comments-post.php HTTP/1.0" 302 4063 "https://www.fornacalia.com/2013/pasta-madre-day-2013/#comment-1801/" "Mozilla/5.0 (Windows NT 10.0; Win64; x64) AppleWebKit/537.36 (KHTML, like Gecko) Chrome/67.0.3396.79 Safari/537.36" 
107.178.200.209 - - [08/Jun/2020:12:07:51 -0700] "HEAD / HTTP/1.1" 301 3594 "-" "Bridgy (https://brid.gy/about)" 
107.178.200.209 - - [08/Jun/2020:12:07:51 -0700] "HEAD / HTTP/1.1" 200 4132 "-" "Bridgy (https://brid.gy/about)" 
107.178.200.209 - - [08/Jun/2020:12:07:51 -0700] "GET / HTTP/1.1" 200 19090 "-" "Bridgy (https://brid.gy/about)" 
107.178.200.209 - - [08/Jun/2020:12:07:52 -0700] "HEAD /2020/turmeric-breadan-experiment/ HTTP/1.1" 200 4236 "-" "Bridgy (https://brid.gy/about)" 
107.178.200.209 - - [08/Jun/2020:12:07:52 -0700] "GET /2020/turmeric-breadan-experiment/ HTTP/1.1" 200 12717 "-" "Bridgy (https://brid.gy/about)" 
107.178.200.209 - - [08/Jun/2020:12:07:52 -0700] "HEAD /2020/sourdough-bagels/ HTTP/1.1" 200 4236 "-" "Bridgy (https://brid.gy/about)" 
107.178.200.209 - - [08/Jun/2020:12:07:52 -0700] "GET /2020/sourdough-bagels/ HTTP/1.1" 200 14605 "-" "Bridgy (https://brid.gy/about)" 
107.178.200.209 - - [08/Jun/2020:12:07:53 -0700] "HEAD /2020/pizza-night-when-the-pizzerie-are-all-shut/ HTTP/1.1" 200 4236 "-" "Bridgy (https://brid.gy/about)" 
107.178.200.209 - - [08/Jun/2020:12:07:53 -0700] "GET /2020/pizza-night-when-the-pizzerie-are-all-shut/ HTTP/1.1" 200 15289 "-" "Bridgy (https://brid.gy/about)" 
107.178.200.209 - - [08/Jun/2020:12:07:54 -0700] "HEAD /2020/the-starter-leaven-pipeline/ HTTP/1.1" 200 4236 "-" "Bridgy (https://brid.gy/about)" 
107.178.200.209 - - [08/Jun/2020:12:07:54 -0700] "GET /2020/the-starter-leaven-pipeline/ HTTP/1.1" 200 12827 "-" "Bridgy (https://brid.gy/about)" 
107.178.200.209 - - [08/Jun/2020:12:07:54 -0700] "HEAD /2020/sourdough-revival/ HTTP/1.1" 200 4236 "-" "Bridgy (https://brid.gy/about)" 
107.178.200.209 - - [08/Jun/2020:12:07:54 -0700] "GET /2020/sourdough-revival/ HTTP/1.1" 200 13130 "-" "Bridgy (https://brid.gy/about)" 
5.188.84.147 - - [08/Jun/2020:12:13:56 -0700] "GET /2013/pasta-madre-day-2013/ HTTP/1.0" 200 32928 "https://www.fornacalia.com/2013/pasta-madre-day-2013/#comment-1801/" "Mozilla/5.0 (Windows NT 6.1; Win64; x64) AppleWebKit/537.36 (KHTML, like Gecko) Chrome/66.0.3359.170 Safari/537.36 OPR/53.0.2907.68" 
5.188.84.147 - - [08/Jun/2020:12:13:58 -0700] "POST /wp-comments-post.php HTTP/1.0" 302 4063 "https://www.fornacalia.com/2013/pasta-madre-day-2013/#comment-1801/" "Mozilla/5.0 (Windows NT 6.1; Win64; x64) AppleWebKit/537.36 (KHTML, like Gecko) Chrome/66.0.3359.170 Safari/537.36 OPR/53.0.2907.68" 
64.225.42.124 - - [08/Jun/2020:12:16:18 -0700] "GET /wp-login.php HTTP/1.1" 200 4830 "-" "Mozilla/5.0 (X11; Ubuntu; Linux x86_64; rv:62.0) Gecko/20100101 Firefox/62.0" 
64.225.42.124 - - [08/Jun/2020:12:16:18 -0700] "POST /wp-login.php HTTP/1.1" 200 5224 "-" "Mozilla/5.0 (X11; Ubuntu; Linux x86_64; rv:62.0) Gecko/20100101 Firefox/62.0" 
64.225.42.124 - - [08/Jun/2020:12:16:19 -0700] "GET /wp-login.php HTTP/1.1" 200 4830 "-" "Mozilla/5.0 (X11; Ubuntu; Linux x86_64; rv:62.0) Gecko/20100101 Firefox/62.0" 
64.225.42.124 - - [08/Jun/2020:12:16:19 -0700] "POST /wp-login.php HTTP/1.1" 200 5201 "-" "Mozilla/5.0 (X11; Ubuntu; Linux x86_64; rv:62.0) Gecko/20100101 Firefox/62.0" 
64.225.42.124 - - [08/Jun/2020:12:16:19 -0700] "POST /xmlrpc.php HTTP/1.1" 200 3697 "-" "Mozilla/5.0 (X11; Ubuntu; Linux x86_64; rv:62.0) Gecko/20100101 Firefox/62.0" 
5.188.84.233 - - [08/Jun/2020:12:16:52 -0700] "GET /2013/pasta-madre-day-2013/ HTTP/1.0" 200 32928 "https://www.fornacalia.com/2013/pasta-madre-day-2013/#comment-1801/" "Mozilla/5.0 (Windows NT 6.1) AppleWebKit/537.36 (KHTML, like Gecko) Chrome/68.0.3440.106 Safari/537.36" 
5.188.84.233 - - [08/Jun/2020:12:16:53 -0700] "POST /wp-comments-post.php HTTP/1.0" 302 4063 "https://www.fornacalia.com/2013/pasta-madre-day-2013/#comment-1801/" "Mozilla/5.0 (Windows NT 6.1) AppleWebKit/537.36 (KHTML, like Gecko) Chrome/68.0.3440.106 Safari/537.36" 
40.77.167.198 - - [08/Jun/2020:12:17:03 -0700] "GET /dough/ HTTP/1.1" 200 10345 "-" "Mozilla/5.0 (compatible; bingbot/2.0; +http://www.bing.com/bingbot.htm)" 
5.188.84.45 - - [08/Jun/2020:12:17:11 -0700] "GET /2013/pasta-madre-day-2013/ HTTP/1.0" 200 32928 "https://www.fornacalia.com/2013/pasta-madre-day-2013/#comment-1801/" "Mozilla/5.0 (Windows NT 10.0; Win64; x64) AppleWebKit/537.36 (KHTML, like Gecko) Chrome/68.0.3440.106 Safari/537.36 OPR/55.0.2994.44" 
5.188.84.45 - - [08/Jun/2020:12:17:12 -0700] "POST /wp-comments-post.php HTTP/1.0" 302 4063 "https://www.fornacalia.com/2013/pasta-madre-day-2013/#comment-1801/" "Mozilla/5.0 (Windows NT 10.0; Win64; x64) AppleWebKit/537.36 (KHTML, like Gecko) Chrome/68.0.3440.106 Safari/537.36 OPR/55.0.2994.44" 
5.188.84.65 - - [08/Jun/2020:12:19:22 -0700] "GET /2013/pasta-madre-day-2013/ HTTP/1.0" 200 32928 "https://www.fornacalia.com/2013/pasta-madre-day-2013/#comment-1801/" "Mozilla/5.0 (Windows NT 10.0; Win64; x64) AppleWebKit/537.36 (KHTML, like Gecko) Chrome/68.0.3440.75 Safari/537.36" 
5.188.84.65 - - [08/Jun/2020:12:19:23 -0700] "POST /wp-comments-post.php HTTP/1.0" 302 4063 "https://www.fornacalia.com/2013/pasta-madre-day-2013/#comment-1801/" "Mozilla/5.0 (Windows NT 10.0; Win64; x64) AppleWebKit/537.36 (KHTML, like Gecko) Chrome/68.0.3440.75 Safari/537.36" 
46.229.168.140 - - [08/Jun/2020:12:27:57 -0700] "GET /robots.txt HTTP/1.1" 200 4255 "-" "Mozilla/5.0 (compatible; SemrushBot/6~bl; +http://www.semrush.com/bot.html)" 
46.229.168.146 - - [08/Jun/2020:12:27:58 -0700] "GET /2019/a-sourdough-workshop-in-rome-on-17-november/ HTTP/1.1" 200 13021 "-" "Mozilla/5.0 (compatible; SemrushBot/6~bl; +http://www.semrush.com/bot.html)" 
18.237.211.18 - - [08/Jun/2020:12:28:41 -0700] "GET / HTTP/1.1" 301 3876 "-" "Mozilla/5.0 (Windows NT 10.0; Win64; x64)AppleWebKit/537.36 (KHTML, like Gecko) Chrome/66.0.3359.181 Safari/537.36" 
18.237.211.18 - - [08/Jun/2020:12:28:42 -0700] "GET / HTTP/1.1" 200 19090 "-" "Mozilla/5.0 (Windows NT 10.0; Win64; x64)AppleWebKit/537.36 (KHTML, like Gecko) Chrome/66.0.3359.181 Safari/537.36" 
96.30.196.198 - - [08/Jun/2020:12:34:15 -0700] "GET /wp-login.php HTTP/1.1" 200 4830 "-" "Mozilla/5.0 (X11; Ubuntu; Linux x86_64; rv:62.0) Gecko/20100101 Firefox/62.0" 
96.30.196.198 - - [08/Jun/2020:12:34:15 -0700] "POST /wp-login.php HTTP/1.1" 200 5224 "-" "Mozilla/5.0 (X11; Ubuntu; Linux x86_64; rv:62.0) Gecko/20100101 Firefox/62.0" 
96.30.196.198 - - [08/Jun/2020:12:34:15 -0700] "GET /wp-login.php HTTP/1.1" 200 4830 "-" "Mozilla/5.0 (X11; Ubuntu; Linux x86_64; rv:62.0) Gecko/20100101 Firefox/62.0" 
96.30.196.198 - - [08/Jun/2020:12:34:16 -0700] "POST /wp-login.php HTTP/1.1" 200 5201 "-" "Mozilla/5.0 (X11; Ubuntu; Linux x86_64; rv:62.0) Gecko/20100101 Firefox/62.0" 
96.30.196.198 - - [08/Jun/2020:12:34:16 -0700] "GET /wp-login.php HTTP/1.1" 200 4830 "-" "Mozilla/5.0 (X11; Ubuntu; Linux x86_64; rv:62.0) Gecko/20100101 Firefox/62.0" 
96.30.196.198 - - [08/Jun/2020:12:34:16 -0700] "POST /wp-login.php HTTP/1.1" 200 5200 "-" "Mozilla/5.0 (X11; Ubuntu; Linux x86_64; rv:62.0) Gecko/20100101 Firefox/62.0" 
5.188.84.15 - - [08/Jun/2020:12:34:34 -0700] "GET /2013/pasta-madre-day-2013/ HTTP/1.0" 200 32928 "https://www.fornacalia.com/2013/pasta-madre-day-2013/#comment-1801/" "Mozilla/5.0 (Windows NT 6.1) AppleWebKit/537.36 (KHTML, like Gecko) Chrome/66.0.3359.181 Safari/537.36 Kinza/4.7.2" 
5.188.84.15 - - [08/Jun/2020:12:34:35 -0700] "POST /wp-comments-post.php HTTP/1.0" 302 4063 "https://www.fornacalia.com/2013/pasta-madre-day-2013/#comment-1801/" "Mozilla/5.0 (Windows NT 6.1) AppleWebKit/537.36 (KHTML, like Gecko) Chrome/66.0.3359.181 Safari/537.36 Kinza/4.7.2" 
178.62.101.117 - - [08/Jun/2020:12:35:30 -0700] "GET /wp-login.php HTTP/1.1" 200 4830 "-" "Mozilla/5.0 (X11; Ubuntu; Linux x86_64; rv:62.0) Gecko/20100101 Firefox/62.0" 
178.62.101.117 - - [08/Jun/2020:12:35:36 -0700] "POST /wp-login.php HTTP/1.1" 200 5224 "-" "Mozilla/5.0 (X11; Ubuntu; Linux x86_64; rv:62.0) Gecko/20100101 Firefox/62.0" 
178.62.101.117 - - [08/Jun/2020:12:35:36 -0700] "GET /wp-login.php HTTP/1.1" 200 4830 "-" "Mozilla/5.0 (X11; Ubuntu; Linux x86_64; rv:62.0) Gecko/20100101 Firefox/62.0" 
178.62.101.117 - - [08/Jun/2020:12:35:36 -0700] "POST /wp-login.php HTTP/1.1" 200 5201 "-" "Mozilla/5.0 (X11; Ubuntu; Linux x86_64; rv:62.0) Gecko/20100101 Firefox/62.0" 
178.62.101.117 - - [08/Jun/2020:12:35:37 -0700] "POST /xmlrpc.php HTTP/1.1" 200 3697 "-" "Mozilla/5.0 (X11; Ubuntu; Linux x86_64; rv:62.0) Gecko/20100101 Firefox/62.0" 
5.188.84.220 - - [08/Jun/2020:12:36:56 -0700] "GET /2013/pasta-madre-day-2013/ HTTP/1.0" 200 32928 "https://www.fornacalia.com/2013/pasta-madre-day-2013/#comment-1801/" "Mozilla/5.0 (Windows NT 6.1) AppleWebKit/537.36 (KHTML, like Gecko) Chrome/67.0.3396.99 Safari/537.36 Kinza/4.8.2" 
5.188.84.220 - - [08/Jun/2020:12:36:57 -0700] "POST /wp-comments-post.php HTTP/1.0" 302 4063 "https://www.fornacalia.com/2013/pasta-madre-day-2013/#comment-1801/" "Mozilla/5.0 (Windows NT 6.1) AppleWebKit/537.36 (KHTML, like Gecko) Chrome/67.0.3396.99 Safari/537.36 Kinza/4.8.2" 
5.188.84.220 - - [08/Jun/2020:12:38:37 -0700] "GET /2013/pasta-madre-day-2013/ HTTP/1.0" 200 32928 "https://www.fornacalia.com/2013/pasta-madre-day-2013/#comment-1801/" "Mozilla/5.0 (Windows NT 10.0; Win64; x64) AppleWebKit/537.36 (KHTML, like Gecko) Chrome/67.0.3396.87 Safari/537.36 OPR/54.0.2952.54" 
5.188.84.220 - - [08/Jun/2020:12:38:38 -0700] "POST /wp-comments-post.php HTTP/1.0" 302 4063 "https://www.fornacalia.com/2013/pasta-madre-day-2013/#comment-1801/" "Mozilla/5.0 (Windows NT 10.0; Win64; x64) AppleWebKit/537.36 (KHTML, like Gecko) Chrome/67.0.3396.87 Safari/537.36 OPR/54.0.2952.54" 
5.188.84.233 - - [08/Jun/2020:12:39:24 -0700] "GET /2013/pasta-madre-day-2013/ HTTP/1.0" 200 32928 "https://www.fornacalia.com/2013/pasta-madre-day-2013/#comment-1801/" "Mozilla/5.0 (Windows NT 6.1; Win64; x64) AppleWebKit/537.36 (KHTML, like Gecko) Chrome/67.0.3396.87 Safari/537.36 OPR/54.0.2952.64" 
5.188.84.233 - - [08/Jun/2020:12:39:25 -0700] "POST /wp-comments-post.php HTTP/1.0" 302 4063 "https://www.fornacalia.com/2013/pasta-madre-day-2013/#comment-1801/" "Mozilla/5.0 (Windows NT 6.1; Win64; x64) AppleWebKit/537.36 (KHTML, like Gecko) Chrome/67.0.3396.87 Safari/537.36 OPR/54.0.2952.64" 
40.77.167.198 - - [08/Jun/2020:12:40:16 -0700] "GET /2019/respect-to-respectus-panis/ HTTP/1.1" 200 13316 "-" "Mozilla/5.0 (compatible; bingbot/2.0; +http://www.bing.com/bingbot.htm)" 
104.248.169.24 - - [08/Jun/2020:12:46:08 -0700] "GET /wp-login.php HTTP/1.1" 200 4830 "-" "Mozilla/5.0 (X11; Ubuntu; Linux x86_64; rv:62.0) Gecko/20100101 Firefox/62.0" 
104.248.169.24 - - [08/Jun/2020:12:46:08 -0700] "POST /wp-login.php HTTP/1.1" 200 5224 "-" "Mozilla/5.0 (X11; Ubuntu; Linux x86_64; rv:62.0) Gecko/20100101 Firefox/62.0" 
104.248.169.24 - - [08/Jun/2020:12:46:14 -0700] "POST /xmlrpc.php HTTP/1.1" 200 3697 "-" "Mozilla/5.0 (X11; Ubuntu; Linux x86_64; rv:62.0) Gecko/20100101 Firefox/62.0" 
5.188.84.25 - - [08/Jun/2020:12:52:04 -0700] "GET /2013/pasta-madre-day-2013/ HTTP/1.0" 200 32928 "https://www.fornacalia.com/2013/pasta-madre-day-2013/#comment-1801/" "Mozilla/5.0 (Windows NT 6.1) AppleWebKit/537.36 (KHTML, like Gecko) Chrome/67.0.3396.87 Safari/537.36" 
5.188.84.25 - - [08/Jun/2020:12:52:06 -0700] "POST /wp-comments-post.php HTTP/1.0" 302 4063 "https://www.fornacalia.com/2013/pasta-madre-day-2013/#comment-1801/" "Mozilla/5.0 (Windows NT 6.1) AppleWebKit/537.36 (KHTML, like Gecko) Chrome/67.0.3396.87 Safari/537.36" 
5.188.84.15 - - [08/Jun/2020:12:52:57 -0700] "GET /2013/pasta-madre-day-2013/ HTTP/1.0" 200 32928 "https://www.fornacalia.com/2013/pasta-madre-day-2013/#comment-1801/" "Mozilla/5.0 (Windows NT 6.1; Win64; x64) AppleWebKit/537.36 (KHTML, like Gecko) Chrome/67.0.3396.99 Safari/537.36" 
5.188.84.15 - - [08/Jun/2020:12:52:58 -0700] "POST /wp-comments-post.php HTTP/1.0" 302 4063 "https://www.fornacalia.com/2013/pasta-madre-day-2013/#comment-1801/" "Mozilla/5.0 (Windows NT 6.1; Win64; x64) AppleWebKit/537.36 (KHTML, like Gecko) Chrome/67.0.3396.99 Safari/537.36" 
128.199.211.68 - - [08/Jun/2020:12:54:51 -0700] "GET /wp-login.php HTTP/1.1" 200 4830 "-" "Mozilla/5.0 (X11; Ubuntu; Linux x86_64; rv:62.0) Gecko/20100101 Firefox/62.0" 
128.199.211.68 - - [08/Jun/2020:12:54:52 -0700] "POST /wp-login.php HTTP/1.1" 200 5224 "-" "Mozilla/5.0 (X11; Ubuntu; Linux x86_64; rv:62.0) Gecko/20100101 Firefox/62.0" 
128.199.211.68 - - [08/Jun/2020:12:54:53 -0700] "GET /wp-login.php HTTP/1.1" 200 4830 "-" "Mozilla/5.0 (X11; Ubuntu; Linux x86_64; rv:62.0) Gecko/20100101 Firefox/62.0" 
128.199.211.68 - - [08/Jun/2020:12:54:54 -0700] "POST /wp-login.php HTTP/1.1" 200 5201 "-" "Mozilla/5.0 (X11; Ubuntu; Linux x86_64; rv:62.0) Gecko/20100101 Firefox/62.0" 
128.199.211.68 - - [08/Jun/2020:12:54:55 -0700] "POST /xmlrpc.php HTTP/1.1" 200 3697 "-" "Mozilla/5.0 (X11; Ubuntu; Linux x86_64; rv:62.0) Gecko/20100101 Firefox/62.0" 
5.188.84.45 - - [08/Jun/2020:12:58:19 -0700] "GET /2013/pasta-madre-day-2013/ HTTP/1.0" 200 32928 "https://www.fornacalia.com/2013/pasta-madre-day-2013/#comment-1801/" "Mozilla/5.0 (Windows NT 6.1; WOW64) AppleWebKit/537.36 (KHTML, like Gecko) Chrome/67.0.3396.87 Safari/537.36 OPR/54.0.2952.64 (Edition Yx)" 
5.188.84.45 - - [08/Jun/2020:12:58:19 -0700] "POST /wp-comments-post.php HTTP/1.0" 302 4063 "https://www.fornacalia.com/2013/pasta-madre-day-2013/#comment-1801/" "Mozilla/5.0 (Windows NT 6.1; WOW64) AppleWebKit/537.36 (KHTML, like Gecko) Chrome/67.0.3396.87 Safari/537.36 OPR/54.0.2952.64 (Edition Yx)" 
40.77.167.198 - - [08/Jun/2020:13:02:03 -0700] "GET /rolled/trackback/ HTTP/1.1" 302 4418 "-" "Mozilla/5.0 (compatible; bingbot/2.0; +http://www.bing.com/bingbot.htm)" 
40.77.167.198 - - [08/Jun/2020:13:02:03 -0700] "GET /rolled/ HTTP/1.1" 200 10354 "-" "Mozilla/5.0 (compatible; bingbot/2.0; +http://www.bing.com/bingbot.htm)" 
5.188.84.65 - - [08/Jun/2020:13:07:06 -0700] "GET /2013/pasta-madre-day-2013/ HTTP/1.0" 200 32928 "https://www.fornacalia.com/2013/pasta-madre-day-2013/#comment-1801/" "Mozilla/5.0 (Windows NT 6.1; WOW64) AppleWebKit/537.36 (KHTML, like Gecko) Chrome/66.0.3359.170 Safari/537.36 OPR/53.0.2907.99" 
5.188.84.65 - - [08/Jun/2020:13:07:07 -0700] "POST /wp-comments-post.php HTTP/1.0" 302 4063 "https://www.fornacalia.com/2013/pasta-madre-day-2013/#comment-1801/" "Mozilla/5.0 (Windows NT 6.1; WOW64) AppleWebKit/537.36 (KHTML, like Gecko) Chrome/66.0.3359.170 Safari/537.36 OPR/53.0.2907.99" 
178.254.11.154 - - [08/Jun/2020:13:12:37 -0700] "GET /wp-login.php HTTP/1.1" 200 4830 "-" "Mozilla/5.0 (X11; Ubuntu; Linux x86_64; rv:62.0) Gecko/20100101 Firefox/62.0" 
178.254.11.154 - - [08/Jun/2020:13:12:38 -0700] "POST /wp-login.php HTTP/1.1" 200 5205 "-" "Mozilla/5.0 (X11; Ubuntu; Linux x86_64; rv:62.0) Gecko/20100101 Firefox/62.0" 
178.254.11.154 - - [08/Jun/2020:13:12:38 -0700] "POST /xmlrpc.php HTTP/1.1" 200 3697 "-" "Mozilla/5.0 (X11; Ubuntu; Linux x86_64; rv:62.0) Gecko/20100101 Firefox/62.0" 
5.188.84.35 - - [08/Jun/2020:13:14:09 -0700] "GET /2013/pasta-madre-day-2013/ HTTP/1.0" 200 32928 "https://www.fornacalia.com/2013/pasta-madre-day-2013/#comment-1801/" "Mozilla/5.0 (Windows NT 10.0; Win64; x64) AppleWebKit/537.36 (KHTML, like Gecko) Chrome/68.0.3440.75 Safari/537.36" 
5.188.84.35 - - [08/Jun/2020:13:14:09 -0700] "POST /wp-comments-post.php HTTP/1.0" 302 4063 "https://www.fornacalia.com/2013/pasta-madre-day-2013/#comment-1801/" "Mozilla/5.0 (Windows NT 10.0; Win64; x64) AppleWebKit/537.36 (KHTML, like Gecko) Chrome/68.0.3440.75 Safari/537.36" 
139.59.174.107 - - [08/Jun/2020:13:14:18 -0700] "GET /wp-login.php HTTP/1.1" 200 4830 "-" "Mozilla/5.0 (X11; Ubuntu; Linux x86_64; rv:62.0) Gecko/20100101 Firefox/62.0" 
139.59.174.107 - - [08/Jun/2020:13:14:19 -0700] "POST /wp-login.php HTTP/1.1" 200 5224 "-" "Mozilla/5.0 (X11; Ubuntu; Linux x86_64; rv:62.0) Gecko/20100101 Firefox/62.0" 
139.59.174.107 - - [08/Jun/2020:13:14:20 -0700] "GET /wp-login.php HTTP/1.1" 200 4830 "-" "Mozilla/5.0 (X11; Ubuntu; Linux x86_64; rv:62.0) Gecko/20100101 Firefox/62.0" 
139.59.174.107 - - [08/Jun/2020:13:14:20 -0700] "POST /wp-login.php HTTP/1.1" 200 5201 "-" "Mozilla/5.0 (X11; Ubuntu; Linux x86_64; rv:62.0) Gecko/20100101 Firefox/62.0" 
139.59.174.107 - - [08/Jun/2020:13:14:20 -0700] "POST /xmlrpc.php HTTP/1.1" 200 3697 "-" "Mozilla/5.0 (X11; Ubuntu; Linux x86_64; rv:62.0) Gecko/20100101 Firefox/62.0" 
5.188.84.25 - - [08/Jun/2020:13:19:03 -0700] "GET /2013/pasta-madre-day-2013/ HTTP/1.0" 200 32928 "https://www.fornacalia.com/2013/pasta-madre-day-2013/#comment-1801/" "Mozilla/5.0 (Windows NT 6.1; Win64; x64) AppleWebKit/537.36 (KHTML, like Gecko) Chrome/66.0.3359.170 Safari/537.36 OPR/53.0.2907.99" 
5.188.84.25 - - [08/Jun/2020:13:19:04 -0700] "POST /wp-comments-post.php HTTP/1.0" 302 4063 "https://www.fornacalia.com/2013/pasta-madre-day-2013/#comment-1801/" "Mozilla/5.0 (Windows NT 6.1; Win64; x64) AppleWebKit/537.36 (KHTML, like Gecko) Chrome/66.0.3359.170 Safari/537.36 OPR/53.0.2907.99" 
5.188.84.35 - - [08/Jun/2020:13:21:35 -0700] "GET /2013/pasta-madre-day-2013/ HTTP/1.0" 200 32928 "https://www.fornacalia.com/2013/pasta-madre-day-2013/#comment-1801/" "Mozilla/5.0 (Windows NT 6.1) AppleWebKit/537.36 (KHTML, like Gecko) Chrome/67.0.3396.99 Safari/537.36" 
5.188.84.35 - - [08/Jun/2020:13:21:36 -0700] "POST /wp-comments-post.php HTTP/1.0" 302 4063 "https://www.fornacalia.com/2013/pasta-madre-day-2013/#comment-1801/" "Mozilla/5.0 (Windows NT 6.1) AppleWebKit/537.36 (KHTML, like Gecko) Chrome/67.0.3396.99 Safari/537.36" 
5.188.84.147 - - [08/Jun/2020:13:21:38 -0700] "GET /2013/pasta-madre-day-2013/ HTTP/1.0" 200 32928 "https://www.fornacalia.com/2013/pasta-madre-day-2013/#comment-1801/" "Mozilla/5.0 (Windows NT 10.0) AppleWebKit/537.36 (KHTML, like Gecko) Chrome/67.0.3396.99 Safari/537.36" 
5.188.84.147 - - [08/Jun/2020:13:21:38 -0700] "POST /wp-comments-post.php HTTP/1.0" 302 4063 "https://www.fornacalia.com/2013/pasta-madre-day-2013/#comment-1801/" "Mozilla/5.0 (Windows NT 10.0) AppleWebKit/537.36 (KHTML, like Gecko) Chrome/67.0.3396.99 Safari/537.36" 
86.45.249.21 - - [08/Jun/2020:13:22:07 -0700] "GET /2019/respect-to-respectus-panis/ HTTP/1.1" 200 13319 "https://www.google.com/" "Mozilla/5.0 (Linux; Android 7.0; BV8000Pro) AppleWebKit/537.36 (KHTML, like Gecko) Chrome/83.0.4103.83 Mobile Safari/537.36" 
86.45.249.21 - - [08/Jun/2020:13:22:08 -0700] "GET /wp-includes/css/dist/block-library/style.min.css?ver=5.2.6 HTTP/1.1" 200 5391 "https://www.fornacalia.com/2019/respect-to-respectus-panis/" "Mozilla/5.0 (Linux; Android 7.0; BV8000Pro) AppleWebKit/537.36 (KHTML, like Gecko) Chrome/83.0.4103.83 Mobile Safari/537.36" 
86.45.249.21 - - [08/Jun/2020:13:22:08 -0700] "GET /wp-content/plugins/indieweb/static/css/indieweb.css?ver=3.4.1 HTTP/1.1" 200 10128 "https://www.fornacalia.com/2019/respect-to-respectus-panis/" "Mozilla/5.0 (Linux; Android 7.0; BV8000Pro) AppleWebKit/537.36 (KHTML, like Gecko) Chrome/83.0.4103.83 Mobile Safari/537.36" 
86.45.249.21 - - [08/Jun/2020:13:22:08 -0700] "GET /wp-content/plugins/semantic-linkbacks/css/semantic-linkbacks.css?ver=3.8.1 HTTP/1.1" 200 820 "https://www.fornacalia.com/2019/respect-to-respectus-panis/" "Mozilla/5.0 (Linux; Android 7.0; BV8000Pro) AppleWebKit/537.36 (KHTML, like Gecko) Chrome/83.0.4103.83 Mobile Safari/537.36" 
86.45.249.21 - - [08/Jun/2020:13:22:08 -0700] "GET /wp-content/themes/autonomie/style.css?ver=5.2.6 HTTP/1.1" 200 9578 "https://www.fornacalia.com/2019/respect-to-respectus-panis/" "Mozilla/5.0 (Linux; Android 7.0; BV8000Pro) AppleWebKit/537.36 (KHTML, like Gecko) Chrome/83.0.4103.83 Mobile Safari/537.36" 
86.45.249.21 - - [08/Jun/2020:13:22:08 -0700] "GET /wp-content/themes/Autonomie-child/style.css?ver=1.0.0 HTTP/1.1" 200 1492 "https://www.fornacalia.com/2019/respect-to-respectus-panis/" "Mozilla/5.0 (Linux; Android 7.0; BV8000Pro) AppleWebKit/537.36 (KHTML, like Gecko) Chrome/83.0.4103.83 Mobile Safari/537.36" 
86.45.249.21 - - [08/Jun/2020:13:22:08 -0700] "GET /wp-content/themes/Autonomie-child/css/narrow-width.css?ver=1.0.0 HTTP/1.1" 200 1064 "https://www.fornacalia.com/2019/respect-to-respectus-panis/" "Mozilla/5.0 (Linux; Android 7.0; BV8000Pro) AppleWebKit/537.36 (KHTML, like Gecko) Chrome/83.0.4103.83 Mobile Safari/537.36" 
86.45.249.21 - - [08/Jun/2020:13:22:08 -0700] "GET /wp-includes/js/jquery/jquery.js?ver=1.12.4-wp HTTP/1.1" 200 35203 "https://www.fornacalia.com/2019/respect-to-respectus-panis/" "Mozilla/5.0 (Linux; Android 7.0; BV8000Pro) AppleWebKit/537.36 (KHTML, like Gecko) Chrome/83.0.4103.83 Mobile Safari/537.36" 
86.45.249.21 - - [08/Jun/2020:13:22:08 -0700] "GET /wp-includes/js/jquery/jquery-migrate.min.js?ver=1.4.1 HTTP/1.1" 200 4603 "https://www.fornacalia.com/2019/respect-to-respectus-panis/" "Mozilla/5.0 (Linux; Android 7.0; BV8000Pro) AppleWebKit/537.36 (KHTML, like Gecko) Chrome/83.0.4103.83 Mobile Safari/537.36" 
86.45.249.21 - - [08/Jun/2020:13:22:08 -0700] "GET /wp-content/plugins/semantic-linkbacks/js/semantic-linkbacks.js?ver=3.8.1 HTTP/1.1" 200 675 "https://www.fornacalia.com/2019/respect-to-respectus-panis/" "Mozilla/5.0 (Linux; Android 7.0; BV8000Pro) AppleWebKit/537.36 (KHTML, like Gecko) Chrome/83.0.4103.83 Mobile Safari/537.36" 
86.45.249.21 - - [08/Jun/2020:13:22:08 -0700] "GET /wp-includes/js/comment-reply.min.js?ver=5.2.6 HTTP/1.1" 200 1621 "https://www.fornacalia.com/2019/respect-to-respectus-panis/" "Mozilla/5.0 (Linux; Android 7.0; BV8000Pro) AppleWebKit/537.36 (KHTML, like Gecko) Chrome/83.0.4103.83 Mobile Safari/537.36" 
86.45.249.21 - - [08/Jun/2020:13:22:08 -0700] "GET /wp-content/themes/autonomie/js/navigation.js?ver=1.0.0 HTTP/1.1" 200 1546 "https://www.fornacalia.com/2019/respect-to-respectus-panis/" "Mozilla/5.0 (Linux; Android 7.0; BV8000Pro) AppleWebKit/537.36 (KHTML, like Gecko) Chrome/83.0.4103.83 Mobile Safari/537.36" 
86.45.249.21 - - [08/Jun/2020:13:22:09 -0700] "GET /wp-content/themes/autonomie/font/merriweather/merriweather-v15-latin-300.woff2 HTTP/1.1" 200 18992 "https://www.fornacalia.com/wp-content/themes/autonomie/style.css?ver=5.2.6" "Mozilla/5.0 (Linux; Android 7.0; BV8000Pro) AppleWebKit/537.36 (KHTML, like Gecko) Chrome/83.0.4103.83 Mobile Safari/537.36" 
86.45.249.21 - - [08/Jun/2020:13:22:09 -0700] "GET /wp-content/themes/autonomie/font/lato/lato-v13-latin-300.woff2 HTTP/1.1" 200 23476 "https://www.fornacalia.com/wp-content/themes/autonomie/style.css?ver=5.2.6" "Mozilla/5.0 (Linux; Android 7.0; BV8000Pro) AppleWebKit/537.36 (KHTML, like Gecko) Chrome/83.0.4103.83 Mobile Safari/537.36" 
86.45.249.21 - - [08/Jun/2020:13:22:09 -0700] "GET /wp-content/themes/autonomie/font/lato/lato-v13-latin-700.woff2 HTTP/1.1" 200 23120 "https://www.fornacalia.com/wp-content/themes/autonomie/style.css?ver=5.2.6" "Mozilla/5.0 (Linux; Android 7.0; BV8000Pro) AppleWebKit/537.36 (KHTML, like Gecko) Chrome/83.0.4103.83 Mobile Safari/537.36" 
86.45.249.21 - - [08/Jun/2020:13:22:09 -0700] "GET /wp-content/themes/autonomie/font/merriweather/merriweather-v15-latin-300italic.woff2 HTTP/1.1" 200 20144 "https://www.fornacalia.com/wp-content/themes/autonomie/style.css?ver=5.2.6" "Mozilla/5.0 (Linux; Android 7.0; BV8000Pro) AppleWebKit/537.36 (KHTML, like Gecko) Chrome/83.0.4103.83 Mobile Safari/537.36" 
86.45.249.21 - - [08/Jun/2020:13:22:09 -0700] "GET /wp-content/themes/autonomie/font/lato/lato-v13-latin-300italic.woff2 HTTP/1.1" 200 17948 "https://www.fornacalia.com/wp-content/themes/autonomie/style.css?ver=5.2.6" "Mozilla/5.0 (Linux; Android 7.0; BV8000Pro) AppleWebKit/537.36 (KHTML, like Gecko) Chrome/83.0.4103.83 Mobile Safari/537.36" 
86.45.249.21 - - [08/Jun/2020:13:22:09 -0700] "GET /wp-content/themes/autonomie/js/skip-link-focus-fix.js?ver=1.0.0 HTTP/1.1" 200 1010 "https://www.fornacalia.com/2019/respect-to-respectus-panis/" "Mozilla/5.0 (Linux; Android 7.0; BV8000Pro) AppleWebKit/537.36 (KHTML, like Gecko) Chrome/83.0.4103.83 Mobile Safari/537.36" 
86.45.249.21 - - [08/Jun/2020:13:22:09 -0700] "GET /wp-includes/js/wp-embed.min.js?ver=5.2.6 HTTP/1.1" 200 1280 "https://www.fornacalia.com/2019/respect-to-respectus-panis/" "Mozilla/5.0 (Linux; Android 7.0; BV8000Pro) AppleWebKit/537.36 (KHTML, like Gecko) Chrome/83.0.4103.83 Mobile Safari/537.36" 
86.45.249.21 - - [08/Jun/2020:13:22:09 -0700] "GET /wp-content/uploads/2019/01/do-nothing-baked-1024x659.jpg HTTP/1.1" 200 165106 "https://www.fornacalia.com/2019/respect-to-respectus-panis/" "Mozilla/5.0 (Linux; Android 7.0; BV8000Pro) AppleWebKit/537.36 (KHTML, like Gecko) Chrome/83.0.4103.83 Mobile Safari/537.36" 
86.45.249.21 - - [08/Jun/2020:13:22:09 -0700] "GET /wp-content/uploads/2019/01/do-nothing-baked-side-1024x620.jpg HTTP/1.1" 200 133251 "https://www.fornacalia.com/2019/respect-to-respectus-panis/" "Mozilla/5.0 (Linux; Android 7.0; BV8000Pro) AppleWebKit/537.36 (KHTML, like Gecko) Chrome/83.0.4103.83 Mobile Safari/537.36" 
86.45.249.21 - - [08/Jun/2020:13:22:09 -0700] "GET /wp-content/uploads/2019/01/do-nothing-baked-crumb-1024x649.jpg HTTP/1.1" 200 127782 "https://www.fornacalia.com/2019/respect-to-respectus-panis/" "Mozilla/5.0 (Linux; Android 7.0; BV8000Pro) AppleWebKit/537.36 (KHTML, like Gecko) Chrome/83.0.4103.83 Mobile Safari/537.36" 
86.45.249.21 - - [08/Jun/2020:13:22:09 -0700] "GET /wp-includes/js/wp-emoji-release.min.js?ver=5.2.6 HTTP/1.1" 200 5227 "https://www.fornacalia.com/2019/respect-to-respectus-panis/" "Mozilla/5.0 (Linux; Android 7.0; BV8000Pro) AppleWebKit/537.36 (KHTML, like Gecko) Chrome/83.0.4103.83 Mobile Safari/537.36" 
86.45.249.21 - - [08/Jun/2020:13:22:09 -0700] "GET /wp-content/themes/Autonomie-child/css/print.css?ver=1.0.0 HTTP/1.1" 200 836 "https://www.fornacalia.com/2019/respect-to-respectus-panis/" "Mozilla/5.0 (Linux; Android 7.0; BV8000Pro) AppleWebKit/537.36 (KHTML, like Gecko) Chrome/83.0.4103.83 Mobile Safari/537.36" 
86.45.249.21 - - [08/Jun/2020:13:22:09 -0700] "GET /wp-content/themes/Autonomie-child/css/default-width.css?ver=1.0.0 HTTP/1.1" 200 950 "https://www.fornacalia.com/2019/respect-to-respectus-panis/" "Mozilla/5.0 (Linux; Android 7.0; BV8000Pro) AppleWebKit/537.36 (KHTML, like Gecko) Chrome/83.0.4103.83 Mobile Safari/537.36" 
86.45.249.21 - - [08/Jun/2020:13:22:09 -0700] "GET /wp-content/themes/Autonomie-child/css/wide-width.css?ver=1.0.0 HTTP/1.1" 404 6795 "https://www.fornacalia.com/2019/respect-to-respectus-panis/" "Mozilla/5.0 (Linux; Android 7.0; BV8000Pro) AppleWebKit/537.36 (KHTML, like Gecko) Chrome/83.0.4103.83 Mobile Safari/537.36" 
86.45.249.21 - - [08/Jun/2020:13:22:09 -0700] "GET /wp-content/uploads/2019/01/do-nothing-scored.jpg HTTP/1.1" 200 322182 "https://www.fornacalia.com/2019/respect-to-respectus-panis/" "Mozilla/5.0 (Linux; Android 7.0; BV8000Pro) AppleWebKit/537.36 (KHTML, like Gecko) Chrome/83.0.4103.83 Mobile Safari/537.36" 
