5.188.84.35 - - [26/May/2020:14:17:52 -0700] "POST /wp-comments-post.php HTTP/1.0" 302 4063 "https://www.fornacalia.com/2013/pasta-madre-day-2013/#comment-1801/" "Mozilla/5.0 (Windows NT 10.0; Win64; x64) AppleWebKit/537.36 (KHTML, like Gecko) Chrome/68.0.3440.106 Safari/537.36" 
3.10.235.118 - - [26/May/2020:14:18:07 -0700] "GET /wp-content/plugins/all-in-one-seo-pack/images/default-user-image.png HTTP/1.1" 200 4970 "-" "Slack-ImgProxy (+https://api.slack.com/robots)" 
5.188.84.35 - - [26/May/2020:14:20:27 -0700] "GET /2013/pasta-madre-day-2013/ HTTP/1.0" 200 32928 "https://www.fornacalia.com/2013/pasta-madre-day-2013/#comment-1801/" "Mozilla/5.0 (Windows NT 6.1; Win64; x64) AppleWebKit/537.36 (KHTML, like Gecko) Chrome/67.0.3396.87 Safari/537.36 OPR/54.0.2952.71" 
5.188.84.35 - - [26/May/2020:14:20:28 -0700] "POST /wp-comments-post.php HTTP/1.0" 302 4063 "https://www.fornacalia.com/2013/pasta-madre-day-2013/#comment-1801/" "Mozilla/5.0 (Windows NT 6.1; Win64; x64) AppleWebKit/537.36 (KHTML, like Gecko) Chrome/67.0.3396.87 Safari/537.36 OPR/54.0.2952.71" 
5.188.84.45 - - [26/May/2020:14:22:55 -0700] "GET /2013/pasta-madre-day-2013/ HTTP/1.0" 200 32928 "https://www.fornacalia.com/2013/pasta-madre-day-2013/#comment-1801/" "Mozilla/5.0 (Windows NT 6.1; Win64; x64) AppleWebKit/537.36 (KHTML, like Gecko) Chrome/67.0.3396.87 Safari/537.36 OPR/54.0.2952.54" 
5.188.84.45 - - [26/May/2020:14:22:56 -0700] "POST /wp-comments-post.php HTTP/1.0" 302 4063 "https://www.fornacalia.com/2013/pasta-madre-day-2013/#comment-1801/" "Mozilla/5.0 (Windows NT 6.1; Win64; x64) AppleWebKit/537.36 (KHTML, like Gecko) Chrome/67.0.3396.87 Safari/537.36 OPR/54.0.2952.54" 
5.188.84.45 - - [26/May/2020:14:26:28 -0700] "GET /2013/pasta-madre-day-2013/ HTTP/1.0" 200 32928 "https://www.fornacalia.com/2013/pasta-madre-day-2013/#comment-1801/" "Mozilla/5.0 (Windows NT 6.1; Win64; x64) AppleWebKit/537.36 (KHTML, like Gecko) Chrome/66.0.3359.170 Safari/537.36 OPR/53.0.2907.68" 
5.188.84.45 - - [26/May/2020:14:26:29 -0700] "POST /wp-comments-post.php HTTP/1.0" 302 4063 "https://www.fornacalia.com/2013/pasta-madre-day-2013/#comment-1801/" "Mozilla/5.0 (Windows NT 6.1; Win64; x64) AppleWebKit/537.36 (KHTML, like Gecko) Chrome/66.0.3359.170 Safari/537.36 OPR/53.0.2907.68" 
5.188.84.147 - - [26/May/2020:14:32:36 -0700] "GET /2013/pasta-madre-day-2013/ HTTP/1.0" 200 32928 "https://www.fornacalia.com/2013/pasta-madre-day-2013/#comment-1801/" "Mozilla/5.0 (Windows NT 10.0; Win64; x64) AppleWebKit/537.36 (KHTML, like Gecko) Chrome/68.0.3440.106 Safari/537.36" 
5.188.84.147 - - [26/May/2020:14:32:37 -0700] "POST /wp-comments-post.php HTTP/1.0" 302 4063 "https://www.fornacalia.com/2013/pasta-madre-day-2013/#comment-1801/" "Mozilla/5.0 (Windows NT 10.0; Win64; x64) AppleWebKit/537.36 (KHTML, like Gecko) Chrome/68.0.3440.106 Safari/537.36" 
66.249.66.45 - - [26/May/2020:14:35:13 -0700] "GET /2020/sourdough-bagels/ HTTP/1.1" 200 14568 "-" "Mozilla/5.0 (Linux; Android 6.0.1; Nexus 5X Build/MMB29P) AppleWebKit/537.36 (KHTML, like Gecko) Chrome/80.0.3987.92 Mobile Safari/537.36 (compatible; Googlebot/2.1; +http://www.google.com/bot.html)" 
66.249.66.43 - - [26/May/2020:14:35:16 -0700] "GET /wp-content/themes/Autonomie-child/css/narrow-width.css?ver=1.0.0 HTTP/1.1" 200 4336 "https://www.fornacalia.com/2020/sourdough-bagels/" "Mozilla/5.0 (Linux; Android 6.0.1; Nexus 5X Build/MMB29P) AppleWebKit/537.36 (KHTML, like Gecko) Chrome/81.0.4044.108 Mobile Safari/537.36 (compatible; Googlebot/2.1; +http://www.google.com/bot.html)" 
5.188.84.25 - - [26/May/2020:14:36:48 -0700] "GET /2013/pasta-madre-day-2013/ HTTP/1.0" 200 32928 "https://www.fornacalia.com/2013/pasta-madre-day-2013/#comment-1801/" "Mozilla/5.0 (Windows NT 6.1; Win64; x64) AppleWebKit/537.36 (KHTML, like Gecko) Chrome/67.0.3396.87 Safari/537.36 OPR/54.0.2952.64" 
5.188.84.25 - - [26/May/2020:14:36:49 -0700] "POST /wp-comments-post.php HTTP/1.0" 302 4063 "https://www.fornacalia.com/2013/pasta-madre-day-2013/#comment-1801/" "Mozilla/5.0 (Windows NT 6.1; Win64; x64) AppleWebKit/537.36 (KHTML, like Gecko) Chrome/67.0.3396.87 Safari/537.36 OPR/54.0.2952.64" 
77.75.79.17 - - [26/May/2020:14:39:06 -0700] "GET /robots.txt HTTP/1.1" 200 4297 "-" "Mozilla/5.0 (compatible; SeznamBot/3.2; +http://napoveda.seznam.cz/en/seznambot-intro/)" 
77.75.79.17 - - [26/May/2020:14:39:08 -0700] "GET /forno-150x150/trackback/ HTTP/1.1" 302 4430 "-" "Mozilla/5.0 (compatible; SeznamBot/3.2; +http://napoveda.seznam.cz/en/seznambot-intro/)" 
5.188.84.25 - - [26/May/2020:14:41:34 -0700] "GET /2013/pasta-madre-day-2013/ HTTP/1.0" 200 32928 "https://www.fornacalia.com/2013/pasta-madre-day-2013/#comment-1801/" "Mozilla/5.0 (Windows NT 6.1) AppleWebKit/537.36 (KHTML, like Gecko) Chrome/66.0.3359.181 Safari/537.36 Kinza/4.7.2" 
5.188.84.25 - - [26/May/2020:14:41:35 -0700] "POST /wp-comments-post.php HTTP/1.0" 302 4063 "https://www.fornacalia.com/2013/pasta-madre-day-2013/#comment-1801/" "Mozilla/5.0 (Windows NT 6.1) AppleWebKit/537.36 (KHTML, like Gecko) Chrome/66.0.3359.181 Safari/537.36 Kinza/4.7.2" 
5.188.84.15 - - [26/May/2020:14:42:36 -0700] "GET /2013/pasta-madre-day-2013/ HTTP/1.0" 200 32928 "https://www.fornacalia.com/2013/pasta-madre-day-2013/#comment-1801/" "Mozilla/5.0 (Windows NT 6.1; Win64; x64) AppleWebKit/537.36 (KHTML, like Gecko) Chrome/66.0.3359.170 Safari/537.36 OPR/53.0.2907.99" 
64.111.100.215 - - [26/May/2020:14:42:36 -0700] "POST /wp-cron.php?doing_wp_cron=1590529356.0553309917449951171875 HTTP/1.1" 200 3494 "https://www.fornacalia.com/wp-cron.php?doing_wp_cron=1590529356.0553309917449951171875" "WordPress/5.2.6; https://www.fornacalia.com" 
5.188.84.15 - - [26/May/2020:14:42:37 -0700] "POST /wp-comments-post.php HTTP/1.0" 302 4063 "https://www.fornacalia.com/2013/pasta-madre-day-2013/#comment-1801/" "Mozilla/5.0 (Windows NT 6.1; Win64; x64) AppleWebKit/537.36 (KHTML, like Gecko) Chrome/66.0.3359.170 Safari/537.36 OPR/53.0.2907.99" 
89.248.174.39 - - [26/May/2020:14:50:34 -0700] "GET /2013/pasta-madre-day-2013/ HTTP/1.0" 200 32928 "https://www.fornacalia.com/2013/pasta-madre-day-2013/#comment-46852" "Mozilla/5.0 (Windows NT 6.3; Win64; x64) AppleWebKit/537.36 (KHTML, like Gecko) Chrome/66.0.3359.181 Safari/537.36" 
66.249.66.47 - - [26/May/2020:14:55:11 -0700] "GET /2020/sourdough-bagels/ HTTP/1.1" 200 14567 "-" "Mozilla/5.0 (compatible; Googlebot/2.1; +http://www.google.com/bot.html)" 
66.249.66.43 - - [26/May/2020:14:55:24 -0700] "GET /2013/sourdough-ciabatta/ HTTP/1.1" 200 14646 "-" "Mozilla/5.0 (Linux; Android 6.0.1; Nexus 5X Build/MMB29P) AppleWebKit/537.36 (KHTML, like Gecko) Chrome/80.0.3987.92 Mobile Safari/537.36 (compatible; Googlebot/2.1; +http://www.google.com/bot.html)" 
207.46.13.129 - - [26/May/2020:14:55:32 -0700] "GET /page/14/ HTTP/1.1" 200 15751 "-" "Mozilla/5.0 (compatible; bingbot/2.0; +http://www.bing.com/bingbot.htm)" 
46.229.168.138 - - [26/May/2020:14:56:47 -0700] "GET /robots.txt HTTP/1.1" 200 4255 "-" "Mozilla/5.0 (compatible; SemrushBot/6~bl; +http://www.semrush.com/bot.html)" 
46.229.168.142 - - [26/May/2020:14:56:47 -0700] "GET /page/12/ HTTP/1.1" 200 16696 "-" "Mozilla/5.0 (compatible; SemrushBot/6~bl; +http://www.semrush.com/bot.html)" 
103.131.71.23 - - [26/May/2020:14:58:03 -0700] "GET /wp-content/uploads/2018/02/panis-quadratus.png HTTP/1.1" 304 3341 "-" "Mozilla/5.0 (compatible; coccocbot-image/1.0; +http://help.coccoc.com/searchengine)" 
46.229.168.136 - - [26/May/2020:14:59:57 -0700] "GET /2014/fornacalia-revisited/ HTTP/1.1" 200 11282 "-" "Mozilla/5.0 (compatible; SemrushBot/6~bl; +http://www.semrush.com/bot.html)" 
108.56.144.12 - - [26/May/2020:15:03:25 -0700] "GET /2018/palanga-rye-bread/ HTTP/1.1" 200 14801 "https://www.google.com/" "Mozilla/5.0 (Windows NT 10.0; Win64; x64) AppleWebKit/537.36 (KHTML, like Gecko) Chrome/83.0.4103.61 Safari/537.36" 
108.56.144.12 - - [26/May/2020:15:03:25 -0700] "GET /wp-includes/css/dist/block-library/style.min.css?ver=5.2.6 HTTP/1.1" 200 5391 "https://www.fornacalia.com/2018/palanga-rye-bread/" "Mozilla/5.0 (Windows NT 10.0; Win64; x64) AppleWebKit/537.36 (KHTML, like Gecko) Chrome/83.0.4103.61 Safari/537.36" 
108.56.144.12 - - [26/May/2020:15:03:25 -0700] "GET /wp-content/plugins/indieweb/static/css/indieweb.css?ver=3.4.1 HTTP/1.1" 200 10128 "https://www.fornacalia.com/2018/palanga-rye-bread/" "Mozilla/5.0 (Windows NT 10.0; Win64; x64) AppleWebKit/537.36 (KHTML, like Gecko) Chrome/83.0.4103.61 Safari/537.36" 
108.56.144.12 - - [26/May/2020:15:03:25 -0700] "GET /wp-content/plugins/semantic-linkbacks/css/semantic-linkbacks.css?ver=3.8.1 HTTP/1.1" 200 820 "https://www.fornacalia.com/2018/palanga-rye-bread/" "Mozilla/5.0 (Windows NT 10.0; Win64; x64) AppleWebKit/537.36 (KHTML, like Gecko) Chrome/83.0.4103.61 Safari/537.36" 
108.56.144.12 - - [26/May/2020:15:03:25 -0700] "GET /wp-content/themes/autonomie/style.css?ver=5.2.6 HTTP/1.1" 200 9578 "https://www.fornacalia.com/2018/palanga-rye-bread/" "Mozilla/5.0 (Windows NT 10.0; Win64; x64) AppleWebKit/537.36 (KHTML, like Gecko) Chrome/83.0.4103.61 Safari/537.36" 
108.56.144.12 - - [26/May/2020:15:03:25 -0700] "GET /wp-content/themes/Autonomie-child/style.css?ver=1.0.0 HTTP/1.1" 200 1630 "https://www.fornacalia.com/2018/palanga-rye-bread/" "Mozilla/5.0 (Windows NT 10.0; Win64; x64) AppleWebKit/537.36 (KHTML, like Gecko) Chrome/83.0.4103.61 Safari/537.36" 
108.56.144.12 - - [26/May/2020:15:03:25 -0700] "GET /wp-content/themes/Autonomie-child/css/default-width.css?ver=1.0.0 HTTP/1.1" 200 950 "https://www.fornacalia.com/2018/palanga-rye-bread/" "Mozilla/5.0 (Windows NT 10.0; Win64; x64) AppleWebKit/537.36 (KHTML, like Gecko) Chrome/83.0.4103.61 Safari/537.36" 
108.56.144.12 - - [26/May/2020:15:03:25 -0700] "GET /wp-includes/js/jquery/jquery.js?ver=1.12.4-wp HTTP/1.1" 200 35203 "https://www.fornacalia.com/2018/palanga-rye-bread/" "Mozilla/5.0 (Windows NT 10.0; Win64; x64) AppleWebKit/537.36 (KHTML, like Gecko) Chrome/83.0.4103.61 Safari/537.36" 
108.56.144.12 - - [26/May/2020:15:03:25 -0700] "GET /wp-includes/js/jquery/jquery-migrate.min.js?ver=1.4.1 HTTP/1.1" 200 4603 "https://www.fornacalia.com/2018/palanga-rye-bread/" "Mozilla/5.0 (Windows NT 10.0; Win64; x64) AppleWebKit/537.36 (KHTML, like Gecko) Chrome/83.0.4103.61 Safari/537.36" 
108.56.144.12 - - [26/May/2020:15:03:25 -0700] "GET /wp-content/themes/Autonomie-child/css/wide-width.css?ver=1.0.0 HTTP/1.1" 404 6729 "https://www.fornacalia.com/2018/palanga-rye-bread/" "Mozilla/5.0 (Windows NT 10.0; Win64; x64) AppleWebKit/537.36 (KHTML, like Gecko) Chrome/83.0.4103.61 Safari/537.36" 
108.56.144.12 - - [26/May/2020:15:03:25 -0700] "GET /wp-content/plugins/semantic-linkbacks/js/semantic-linkbacks.js?ver=3.8.1 HTTP/1.1" 200 675 "https://www.fornacalia.com/2018/palanga-rye-bread/" "Mozilla/5.0 (Windows NT 10.0; Win64; x64) AppleWebKit/537.36 (KHTML, like Gecko) Chrome/83.0.4103.61 Safari/537.36" 
108.56.144.12 - - [26/May/2020:15:03:25 -0700] "GET /wp-includes/js/comment-reply.min.js?ver=5.2.6 HTTP/1.1" 200 1621 "https://www.fornacalia.com/2018/palanga-rye-bread/" "Mozilla/5.0 (Windows NT 10.0; Win64; x64) AppleWebKit/537.36 (KHTML, like Gecko) Chrome/83.0.4103.61 Safari/537.36" 
108.56.144.12 - - [26/May/2020:15:03:25 -0700] "GET /wp-content/themes/autonomie/js/navigation.js?ver=1.0.0 HTTP/1.1" 200 1408 "https://www.fornacalia.com/2018/palanga-rye-bread/" "Mozilla/5.0 (Windows NT 10.0; Win64; x64) AppleWebKit/537.36 (KHTML, like Gecko) Chrome/83.0.4103.61 Safari/537.36" 
108.56.144.12 - - [26/May/2020:15:03:25 -0700] "GET /wp-includes/js/wp-embed.min.js?ver=5.2.6 HTTP/1.1" 200 1280 "https://www.fornacalia.com/2018/palanga-rye-bread/" "Mozilla/5.0 (Windows NT 10.0; Win64; x64) AppleWebKit/537.36 (KHTML, like Gecko) Chrome/83.0.4103.61 Safari/537.36" 
108.56.144.12 - - [26/May/2020:15:03:25 -0700] "GET /wp-content/themes/autonomie/js/skip-link-focus-fix.js?ver=1.0.0 HTTP/1.1" 200 1010 "https://www.fornacalia.com/2018/palanga-rye-bread/" "Mozilla/5.0 (Windows NT 10.0; Win64; x64) AppleWebKit/537.36 (KHTML, like Gecko) Chrome/83.0.4103.61 Safari/537.36" 
108.56.144.12 - - [26/May/2020:15:03:25 -0700] "GET /wp-content/uploads/2018/01/palanga-starters.jpg HTTP/1.1" 200 114555 "https://www.fornacalia.com/2018/palanga-rye-bread/" "Mozilla/5.0 (Windows NT 10.0; Win64; x64) AppleWebKit/537.36 (KHTML, like Gecko) Chrome/83.0.4103.61 Safari/537.36" 
108.56.144.12 - - [26/May/2020:15:03:25 -0700] "GET /wp-content/uploads/2018/01/palange-rye-sponge.jpg HTTP/1.1" 200 90898 "https://www.fornacalia.com/2018/palanga-rye-bread/" "Mozilla/5.0 (Windows NT 10.0; Win64; x64) AppleWebKit/537.36 (KHTML, like Gecko) Chrome/83.0.4103.61 Safari/537.36" 
108.56.144.12 - - [26/May/2020:15:03:25 -0700] "GET /wp-content/uploads/2018/01/palanga-two-sponges.jpg HTTP/1.1" 200 199831 "https://www.fornacalia.com/2018/palanga-rye-bread/" "Mozilla/5.0 (Windows NT 10.0; Win64; x64) AppleWebKit/537.36 (KHTML, like Gecko) Chrome/83.0.4103.61 Safari/537.36" 
108.56.144.12 - - [26/May/2020:15:03:25 -0700] "GET /wp-content/uploads/2018/01/palanga-boule.jpg HTTP/1.1" 200 134929 "https://www.fornacalia.com/2018/palanga-rye-bread/" "Mozilla/5.0 (Windows NT 10.0; Win64; x64) AppleWebKit/537.36 (KHTML, like Gecko) Chrome/83.0.4103.61 Safari/537.36" 
108.56.144.12 - - [26/May/2020:15:03:25 -0700] "GET /wp-content/uploads/2018/01/palanga-steaming.jpg HTTP/1.1" 200 121281 "https://www.fornacalia.com/2018/palanga-rye-bread/" "Mozilla/5.0 (Windows NT 10.0; Win64; x64) AppleWebKit/537.36 (KHTML, like Gecko) Chrome/83.0.4103.61 Safari/537.36" 
108.56.144.12 - - [26/May/2020:15:03:25 -0700] "GET /wp-content/uploads/2018/01/palanga-slices.jpg HTTP/1.1" 200 224509 "https://www.fornacalia.com/2018/palanga-rye-bread/" "Mozilla/5.0 (Windows NT 10.0; Win64; x64) AppleWebKit/537.36 (KHTML, like Gecko) Chrome/83.0.4103.61 Safari/537.36" 
108.56.144.12 - - [26/May/2020:15:03:25 -0700] "GET /wp-content/uploads/2018/01/palanga-loaf.jpg HTTP/1.1" 200 405810 "https://www.fornacalia.com/2018/palanga-rye-bread/" "Mozilla/5.0 (Windows NT 10.0; Win64; x64) AppleWebKit/537.36 (KHTML, like Gecko) Chrome/83.0.4103.61 Safari/537.36" 
108.56.144.12 - - [26/May/2020:15:03:25 -0700] "GET /wp-content/uploads/2018/01/palanga-baths.jpg HTTP/1.1" 200 151465 "https://www.fornacalia.com/2018/palanga-rye-bread/" "Mozilla/5.0 (Windows NT 10.0; Win64; x64) AppleWebKit/537.36 (KHTML, like Gecko) Chrome/83.0.4103.61 Safari/537.36" 
108.56.144.12 - - [26/May/2020:15:03:25 -0700] "GET /wp-content/themes/autonomie/font/merriweather/merriweather-v15-latin-300.woff2 HTTP/1.1" 200 18992 "https://www.fornacalia.com/wp-content/themes/autonomie/style.css?ver=5.2.6" "Mozilla/5.0 (Windows NT 10.0; Win64; x64) AppleWebKit/537.36 (KHTML, like Gecko) Chrome/83.0.4103.61 Safari/537.36" 
108.56.144.12 - - [26/May/2020:15:03:25 -0700] "GET /wp-content/themes/autonomie/font/lato/lato-v13-latin-700.woff2 HTTP/1.1" 200 23120 "https://www.fornacalia.com/wp-content/themes/autonomie/style.css?ver=5.2.6" "Mozilla/5.0 (Windows NT 10.0; Win64; x64) AppleWebKit/537.36 (KHTML, like Gecko) Chrome/83.0.4103.61 Safari/537.36" 
108.56.144.12 - - [26/May/2020:15:03:25 -0700] "GET /wp-content/themes/autonomie/font/lato/lato-v13-latin-300.woff2 HTTP/1.1" 200 23476 "https://www.fornacalia.com/wp-content/themes/autonomie/style.css?ver=5.2.6" "Mozilla/5.0 (Windows NT 10.0; Win64; x64) AppleWebKit/537.36 (KHTML, like Gecko) Chrome/83.0.4103.61 Safari/537.36" 
108.56.144.12 - - [26/May/2020:15:03:25 -0700] "GET /wp-content/themes/autonomie/font/merriweather/merriweather-v15-latin-300italic.woff2 HTTP/1.1" 200 20144 "https://www.fornacalia.com/wp-content/themes/autonomie/style.css?ver=5.2.6" "Mozilla/5.0 (Windows NT 10.0; Win64; x64) AppleWebKit/537.36 (KHTML, like Gecko) Chrome/83.0.4103.61 Safari/537.36" 
108.56.144.12 - - [26/May/2020:15:03:25 -0700] "GET /wp-content/themes/autonomie/font/lato/lato-v13-latin-300italic.woff2 HTTP/1.1" 200 17948 "https://www.fornacalia.com/wp-content/themes/autonomie/style.css?ver=5.2.6" "Mozilla/5.0 (Windows NT 10.0; Win64; x64) AppleWebKit/537.36 (KHTML, like Gecko) Chrome/83.0.4103.61 Safari/537.36" 
108.56.144.12 - - [26/May/2020:15:03:25 -0700] "GET /wp-content/themes/Autonomie-child/css/print.css?ver=1.0.0 HTTP/1.1" 200 836 "https://www.fornacalia.com/2018/palanga-rye-bread/" "Mozilla/5.0 (Windows NT 10.0; Win64; x64) AppleWebKit/537.36 (KHTML, like Gecko) Chrome/83.0.4103.61 Safari/537.36" 
108.56.144.12 - - [26/May/2020:15:03:25 -0700] "GET /wp-includes/js/wp-emoji-release.min.js?ver=5.2.6 HTTP/1.1" 200 5227 "https://www.fornacalia.com/2018/palanga-rye-bread/" "Mozilla/5.0 (Windows NT 10.0; Win64; x64) AppleWebKit/537.36 (KHTML, like Gecko) Chrome/83.0.4103.61 Safari/537.36" 
108.56.144.12 - - [26/May/2020:15:03:25 -0700] "GET /wp-content/themes/Autonomie-child/css/narrow-width.css?ver=1.0.0 HTTP/1.1" 200 1064 "https://www.fornacalia.com/2018/palanga-rye-bread/" "Mozilla/5.0 (Windows NT 10.0; Win64; x64) AppleWebKit/537.36 (KHTML, like Gecko) Chrome/83.0.4103.61 Safari/537.36" 
108.56.144.12 - - [26/May/2020:15:03:26 -0700] "GET /wp-content/uploads/2017/12/cropped-forno-favicon-32x32.png HTTP/1.1" 200 1436 "https://www.fornacalia.com/2018/palanga-rye-bread/" "Mozilla/5.0 (Windows NT 10.0; Win64; x64) AppleWebKit/537.36 (KHTML, like Gecko) Chrome/83.0.4103.61 Safari/537.36" 
66.249.66.45 - - [26/May/2020:15:05:24 -0700] "GET /2019/respect-to-respectus-panis/ HTTP/1.1" 200 13319 "-" "Mozilla/5.0 (Linux; Android 6.0.1; Nexus 5X Build/MMB29P) AppleWebKit/537.36 (KHTML, like Gecko) Chrome/80.0.3987.92 Mobile Safari/537.36 (compatible; Googlebot/2.1; +http://www.google.com/bot.html)" 
192.99.34.142 - - [26/May/2020:15:06:46 -0700] "GET / HTTP/1.1" 301 3881 "-" "Mozilla/5.0 (Macintosh; Intel Mac OS X 10_9_3) AppleWebKit/537.36 (KHTML, like Gecko) Chrome/35.0.1916.47 Safari/537.36" 
192.99.34.142 - - [26/May/2020:15:07:31 -0700] "GET / HTTP/1.1" 200 18947 "-" "Mozilla/5.0 (Macintosh; Intel Mac OS X 10_9_3) AppleWebKit/537.36 (KHTML, like Gecko) Chrome/35.0.1916.47 Safari/537.36" 
188.240.208.26 - - [26/May/2020:15:08:56 -0700] "GET /wp-login.php HTTP/1.1" 200 7192 "-" "Mozilla/5.0 (compatible; MSIE 9.0; Windows NT 6.1; Trident/5.0)" 
188.240.208.26 - - [26/May/2020:15:09:03 -0700] "GET /?author=1 HTTP/1.1" 301 4080 "-" "Mozilla/5.0 (Windows NT 6.1; WOW64) AppleWebKit/537.36 (KHTML, like Gecko) Chrome/56.0.2924.90 Safari/537.36 2345Explorer/9.3.2.17331" 
188.240.208.26 - - [26/May/2020:15:09:03 -0700] "GET /?author=2 HTTP/1.1" 200 34475 "-" "Mozilla/5.0 (Windows NT 6.1; WOW64) AppleWebKit/537.36 (KHTML, like Gecko) Chrome/56.0.2924.90 Safari/537.36 2345Explorer/9.3.2.17331" 
188.240.208.26 - - [26/May/2020:15:09:03 -0700] "GET /?author=3 HTTP/1.1" 404 21585 "-" "Mozilla/5.0 (Windows NT 6.1; WOW64) AppleWebKit/537.36 (KHTML, like Gecko) Chrome/56.0.2924.90 Safari/537.36 2345Explorer/9.3.2.17331" 
188.240.208.26 - - [26/May/2020:15:09:04 -0700] "GET /?author=4 HTTP/1.1" 404 21585 "-" "Mozilla/5.0 (Windows NT 6.1; WOW64) AppleWebKit/537.36 (KHTML, like Gecko) Chrome/56.0.2924.90 Safari/537.36 2345Explorer/9.3.2.17331" 
188.240.208.26 - - [26/May/2020:15:09:04 -0700] "GET /?author=5 HTTP/1.1" 404 21585 "-" "Mozilla/5.0 (Windows NT 6.1; WOW64) AppleWebKit/537.36 (KHTML, like Gecko) Chrome/56.0.2924.90 Safari/537.36 2345Explorer/9.3.2.17331" 
188.240.208.26 - - [26/May/2020:15:09:10 -0700] "POST /wp-login.php HTTP/1.1" 200 8092 "https://www.fornacalia.com/wp-login.php" "Mozilla/5.0 (Windows NT 6.1; WOW64) AppleWebKit/537.36 (KHTML, like Gecko) Chrome/56.0.2924.90 Safari/537.36 2345Explorer/9.3.2.17331" 
188.240.208.26 - - [26/May/2020:15:09:11 -0700] "POST /wp-login.php HTTP/1.1" 200 4821 "https://www.fornacalia.com/wp-login.php" "Mozilla/5.0 (Windows NT 6.1; WOW64) AppleWebKit/537.36 (KHTML, like Gecko) Chrome/56.0.2924.90 Safari/537.36 2345Explorer/9.3.2.17331" 
188.240.208.26 - - [26/May/2020:15:09:11 -0700] "POST /wp-login.php HTTP/1.1" 200 4861 "https://www.fornacalia.com/wp-login.php" "Mozilla/5.0 (Windows NT 6.1; WOW64) AppleWebKit/537.36 (KHTML, like Gecko) Chrome/56.0.2924.90 Safari/537.36 2345Explorer/9.3.2.17331" 
188.240.208.26 - - [26/May/2020:15:09:14 -0700] "POST /xmlrpc.php HTTP/1.1" 200 3986 "-" "Mozilla/5.0 (Windows NT 6.1; WOW64) AppleWebKit/537.36 (KHTML, like Gecko) Chrome/56.0.2924.90 Safari/537.36 2345Explorer/9.3.2.17331" 
107.77.205.85 - - [26/May/2020:15:10:21 -0700] "GET /2019/respect-to-respectus-panis/ HTTP/1.1" 200 13317 "https://www.google.com/" "Mozilla/5.0 (Linux; Android 9; SM-G892A) AppleWebKit/537.36 (KHTML, like Gecko) Chrome/81.0.4044.138 Mobile Safari/537.36" 
107.77.205.85 - - [26/May/2020:15:10:21 -0700] "GET /wp-includes/css/dist/block-library/style.min.css?ver=5.2.6 HTTP/1.1" 200 5391 "https://www.google.com/" "Mozilla/5.0 (Linux; Android 9; SM-G892A) AppleWebKit/537.36 (KHTML, like Gecko) Chrome/81.0.4044.138 Mobile Safari/537.36" 
107.77.205.85 - - [26/May/2020:15:10:21 -0700] "GET /wp-content/plugins/semantic-linkbacks/css/semantic-linkbacks.css?ver=3.8.1 HTTP/1.1" 200 4092 "https://www.fornacalia.com/2019/respect-to-respectus-panis/" "Mozilla/5.0 (Linux; Android 9; SM-G892A) AppleWebKit/537.36 (KHTML, like Gecko) Chrome/81.0.4044.138 Mobile Safari/537.36" 
107.77.205.85 - - [26/May/2020:15:10:22 -0700] "GET /wp-includes/css/dist/block-library/style.min.css?ver=5.2.6 HTTP/1.1" 200 5391 "https://www.fornacalia.com/2019/respect-to-respectus-panis/" "Mozilla/5.0 (Linux; Android 9; SM-G892A) AppleWebKit/537.36 (KHTML, like Gecko) Chrome/81.0.4044.138 Mobile Safari/537.36" 
107.77.205.85 - - [26/May/2020:15:10:22 -0700] "GET /wp-content/themes/autonomie/style.css?ver=5.2.6 HTTP/1.1" 200 12850 "https://www.fornacalia.com/2019/respect-to-respectus-panis/" "Mozilla/5.0 (Linux; Android 9; SM-G892A) AppleWebKit/537.36 (KHTML, like Gecko) Chrome/81.0.4044.138 Mobile Safari/537.36" 
107.77.205.85 - - [26/May/2020:15:10:22 -0700] "GET /wp-content/themes/Autonomie-child/style.css?ver=1.0.0 HTTP/1.1" 200 1492 "https://www.fornacalia.com/2019/respect-to-respectus-panis/" "Mozilla/5.0 (Linux; Android 9; SM-G892A) AppleWebKit/537.36 (KHTML, like Gecko) Chrome/81.0.4044.138 Mobile Safari/537.36" 
107.77.205.85 - - [26/May/2020:15:10:22 -0700] "GET /wp-content/themes/Autonomie-child/css/narrow-width.css?ver=1.0.0 HTTP/1.1" 200 1064 "https://www.fornacalia.com/2019/respect-to-respectus-panis/" "Mozilla/5.0 (Linux; Android 9; SM-G892A) AppleWebKit/537.36 (KHTML, like Gecko) Chrome/81.0.4044.138 Mobile Safari/537.36" 
107.77.205.85 - - [26/May/2020:15:10:22 -0700] "GET /wp-content/plugins/indieweb/static/css/indieweb.css?ver=3.4.1 HTTP/1.1" 200 6856 "https://www.fornacalia.com/2019/respect-to-respectus-panis/" "Mozilla/5.0 (Linux; Android 9; SM-G892A) AppleWebKit/537.36 (KHTML, like Gecko) Chrome/81.0.4044.138 Mobile Safari/537.36" 
107.77.205.85 - - [26/May/2020:15:10:22 -0700] "GET /wp-includes/js/jquery/jquery.js?ver=1.12.4-wp HTTP/1.1" 200 35203 "https://www.fornacalia.com/2019/respect-to-respectus-panis/" "Mozilla/5.0 (Linux; Android 9; SM-G892A) AppleWebKit/537.36 (KHTML, like Gecko) Chrome/81.0.4044.138 Mobile Safari/537.36" 
107.77.205.85 - - [26/May/2020:15:10:22 -0700] "GET /wp-includes/js/jquery/jquery-migrate.min.js?ver=1.4.1 HTTP/1.1" 200 4603 "https://www.fornacalia.com/2019/respect-to-respectus-panis/" "Mozilla/5.0 (Linux; Android 9; SM-G892A) AppleWebKit/537.36 (KHTML, like Gecko) Chrome/81.0.4044.138 Mobile Safari/537.36" 
107.77.205.85 - - [26/May/2020:15:10:23 -0700] "GET /wp-content/plugins/semantic-linkbacks/js/semantic-linkbacks.js?ver=3.8.1 HTTP/1.1" 200 675 "https://www.fornacalia.com/2019/respect-to-respectus-panis/" "Mozilla/5.0 (Linux; Android 9; SM-G892A) AppleWebKit/537.36 (KHTML, like Gecko) Chrome/81.0.4044.138 Mobile Safari/537.36" 
107.77.205.85 - - [26/May/2020:15:10:23 -0700] "GET /wp-includes/js/comment-reply.min.js?ver=5.2.6 HTTP/1.1" 200 1621 "https://www.fornacalia.com/2019/respect-to-respectus-panis/" "Mozilla/5.0 (Linux; Android 9; SM-G892A) AppleWebKit/537.36 (KHTML, like Gecko) Chrome/81.0.4044.138 Mobile Safari/537.36" 
107.77.205.85 - - [26/May/2020:15:10:23 -0700] "GET /wp-content/themes/autonomie/js/navigation.js?ver=1.0.0 HTTP/1.1" 200 4680 "https://www.fornacalia.com/2019/respect-to-respectus-panis/" "Mozilla/5.0 (Linux; Android 9; SM-G892A) AppleWebKit/537.36 (KHTML, like Gecko) Chrome/81.0.4044.138 Mobile Safari/537.36" 
107.77.205.85 - - [26/May/2020:15:10:23 -0700] "GET /wp-content/themes/autonomie/js/skip-link-focus-fix.js?ver=1.0.0 HTTP/1.1" 200 4282 "https://www.fornacalia.com/2019/respect-to-respectus-panis/" "Mozilla/5.0 (Linux; Android 9; SM-G892A) AppleWebKit/537.36 (KHTML, like Gecko) Chrome/81.0.4044.138 Mobile Safari/537.36" 
107.77.205.85 - - [26/May/2020:15:10:23 -0700] "GET /wp-content/themes/autonomie/font/merriweather/merriweather-v15-latin-300.woff2 HTTP/1.1" 200 18992 "https://www.fornacalia.com/wp-content/themes/autonomie/style.css?ver=5.2.6" "Mozilla/5.0 (Linux; Android 9; SM-G892A) AppleWebKit/537.36 (KHTML, like Gecko) Chrome/81.0.4044.138 Mobile Safari/537.36" 
107.77.205.85 - - [26/May/2020:15:10:23 -0700] "GET /wp-content/themes/autonomie/font/lato/lato-v13-latin-700.woff2 HTTP/1.1" 200 23120 "https://www.fornacalia.com/wp-content/themes/autonomie/style.css?ver=5.2.6" "Mozilla/5.0 (Linux; Android 9; SM-G892A) AppleWebKit/537.36 (KHTML, like Gecko) Chrome/81.0.4044.138 Mobile Safari/537.36" 
107.77.205.85 - - [26/May/2020:15:10:23 -0700] "GET /wp-content/themes/autonomie/font/lato/lato-v13-latin-300.woff2 HTTP/1.1" 200 23476 "https://www.fornacalia.com/wp-content/themes/autonomie/style.css?ver=5.2.6" "Mozilla/5.0 (Linux; Android 9; SM-G892A) AppleWebKit/537.36 (KHTML, like Gecko) Chrome/81.0.4044.138 Mobile Safari/537.36" 
107.77.205.85 - - [26/May/2020:15:10:23 -0700] "GET /wp-content/themes/autonomie/font/merriweather/merriweather-v15-latin-300italic.woff2 HTTP/1.1" 200 23416 "https://www.fornacalia.com/wp-content/themes/autonomie/style.css?ver=5.2.6" "Mozilla/5.0 (Linux; Android 9; SM-G892A) AppleWebKit/537.36 (KHTML, like Gecko) Chrome/81.0.4044.138 Mobile Safari/537.36" 
107.77.205.85 - - [26/May/2020:15:10:23 -0700] "GET /wp-content/themes/autonomie/font/lato/lato-v13-latin-300italic.woff2 HTTP/1.1" 200 17948 "https://www.fornacalia.com/wp-content/themes/autonomie/style.css?ver=5.2.6" "Mozilla/5.0 (Linux; Android 9; SM-G892A) AppleWebKit/537.36 (KHTML, like Gecko) Chrome/81.0.4044.138 Mobile Safari/537.36" 
107.77.205.85 - - [26/May/2020:15:10:23 -0700] "GET /wp-includes/js/wp-embed.min.js?ver=5.2.6 HTTP/1.1" 200 1280 "https://www.fornacalia.com/2019/respect-to-respectus-panis/" "Mozilla/5.0 (Linux; Android 9; SM-G892A) AppleWebKit/537.36 (KHTML, like Gecko) Chrome/81.0.4044.138 Mobile Safari/537.36" 
107.77.205.85 - - [26/May/2020:15:10:23 -0700] "GET /wp-content/uploads/2019/01/do-nothing-baked-side-768x465.jpg HTTP/1.1" 200 81969 "https://www.fornacalia.com/2019/respect-to-respectus-panis/" "Mozilla/5.0 (Linux; Android 9; SM-G892A) AppleWebKit/537.36 (KHTML, like Gecko) Chrome/81.0.4044.138 Mobile Safari/537.36" 
107.77.205.85 - - [26/May/2020:15:10:23 -0700] "GET /wp-content/uploads/2019/01/do-nothing-risen-768x768.jpg HTTP/1.1" 200 122438 "https://www.fornacalia.com/2019/respect-to-respectus-panis/" "Mozilla/5.0 (Linux; Android 9; SM-G892A) AppleWebKit/537.36 (KHTML, like Gecko) Chrome/81.0.4044.138 Mobile Safari/537.36" 
107.77.205.85 - - [26/May/2020:15:10:23 -0700] "GET /wp-content/uploads/2019/01/do-nothing-scored-768x732.jpg HTTP/1.1" 200 95441 "https://www.fornacalia.com/2019/respect-to-respectus-panis/" "Mozilla/5.0 (Linux; Android 9; SM-G892A) AppleWebKit/537.36 (KHTML, like Gecko) Chrome/81.0.4044.138 Mobile Safari/537.36" 
107.77.205.85 - - [26/May/2020:15:10:23 -0700] "GET /wp-content/uploads/2019/01/do-nothing-baked-768x494.jpg HTTP/1.1" 200 99877 "https://www.fornacalia.com/2019/respect-to-respectus-panis/" "Mozilla/5.0 (Linux; Android 9; SM-G892A) AppleWebKit/537.36 (KHTML, like Gecko) Chrome/81.0.4044.138 Mobile Safari/537.36" 
107.77.205.85 - - [26/May/2020:15:10:23 -0700] "GET /wp-content/uploads/2019/01/do-nothing-baked-crumb-768x487.jpg HTTP/1.1" 200 78990 "https://www.fornacalia.com/2019/respect-to-respectus-panis/" "Mozilla/5.0 (Linux; Android 9; SM-G892A) AppleWebKit/537.36 (KHTML, like Gecko) Chrome/81.0.4044.138 Mobile Safari/537.36" 
107.77.205.85 - - [26/May/2020:15:10:24 -0700] "GET /wp-content/themes/Autonomie-child/css/print.css?ver=1.0.0 HTTP/1.1" 200 974 "https://www.fornacalia.com/2019/respect-to-respectus-panis/" "Mozilla/5.0 (Linux; Android 9; SM-G892A) AppleWebKit/537.36 (KHTML, like Gecko) Chrome/81.0.4044.138 Mobile Safari/537.36" 
107.77.205.85 - - [26/May/2020:15:10:25 -0700] "GET /wp-content/themes/Autonomie-child/css/default-width.css?ver=1.0.0 HTTP/1.1" 200 950 "https://www.fornacalia.com/2019/respect-to-respectus-panis/" "Mozilla/5.0 (Linux; Android 9; SM-G892A) AppleWebKit/537.36 (KHTML, like Gecko) Chrome/81.0.4044.138 Mobile Safari/537.36" 
107.77.205.85 - - [26/May/2020:15:10:25 -0700] "GET /wp-content/themes/Autonomie-child/css/wide-width.css?ver=1.0.0 HTTP/1.1" 404 6729 "https://www.fornacalia.com/2019/respect-to-respectus-panis/" "Mozilla/5.0 (Linux; Android 9; SM-G892A) AppleWebKit/537.36 (KHTML, like Gecko) Chrome/81.0.4044.138 Mobile Safari/537.36" 
107.77.205.85 - - [26/May/2020:15:10:26 -0700] "GET /wp-content/uploads/2017/12/cropped-forno-favicon-192x192.png HTTP/1.1" 200 21644 "https://www.fornacalia.com/2019/respect-to-respectus-panis/" "Mozilla/5.0 (Linux; Android 9; SM-G892A) AppleWebKit/537.36 (KHTML, like Gecko) Chrome/81.0.4044.138 Mobile Safari/537.36" 
107.77.205.85 - - [26/May/2020:15:10:26 -0700] "GET /wp-content/uploads/2017/12/cropped-forno-favicon-180x180.png HTTP/1.1" 200 19322 "https://www.fornacalia.com/2019/respect-to-respectus-panis/" "Mozilla/5.0 (Linux; Android 9; SM-G892A) AppleWebKit/537.36 (KHTML, like Gecko) Chrome/81.0.4044.138 Mobile Safari/537.36" 
5.188.84.147 - - [26/May/2020:15:13:18 -0700] "GET /2013/pasta-madre-day-2013/ HTTP/1.0" 200 32928 "https://www.fornacalia.com/2013/pasta-madre-day-2013/#comment-1801/" "Mozilla/5.0 (Windows NT 6.1; Win64; x64) AppleWebKit/537.36 (KHTML, like Gecko) Chrome/68.0.3440.106 Safari/537.36" 
5.188.84.147 - - [26/May/2020:15:13:19 -0700] "POST /wp-comments-post.php HTTP/1.0" 302 4063 "https://www.fornacalia.com/2013/pasta-madre-day-2013/#comment-1801/" "Mozilla/5.0 (Windows NT 6.1; Win64; x64) AppleWebKit/537.36 (KHTML, like Gecko) Chrome/68.0.3440.106 Safari/537.36" 
5.188.84.220 - - [26/May/2020:15:15:06 -0700] "GET /2013/pasta-madre-day-2013/ HTTP/1.0" 200 32928 "https://www.fornacalia.com/2013/pasta-madre-day-2013/#comment-1801/" "Mozilla/5.0 (Windows NT 10.0; Win64; x64) AppleWebKit/537.36 (KHTML, like Gecko) Chrome/67.0.3396.99 Safari/537.36" 
5.188.84.220 - - [26/May/2020:15:15:07 -0700] "POST /wp-comments-post.php HTTP/1.0" 302 4063 "https://www.fornacalia.com/2013/pasta-madre-day-2013/#comment-1801/" "Mozilla/5.0 (Windows NT 10.0; Win64; x64) AppleWebKit/537.36 (KHTML, like Gecko) Chrome/67.0.3396.99 Safari/537.36" 
66.249.66.43 - - [26/May/2020:15:15:53 -0700] "GET /2009/sesame-oatmeal-bread/ HTTP/1.1" 200 12072 "-" "Mozilla/5.0 (Linux; Android 6.0.1; Nexus 5X Build/MMB29P) AppleWebKit/537.36 (KHTML, like Gecko) Chrome/80.0.3987.92 Mobile Safari/537.36 (compatible; Googlebot/2.1; +http://www.google.com/bot.html)" 
5.188.84.233 - - [26/May/2020:15:18:44 -0700] "GET /2013/pasta-madre-day-2013/ HTTP/1.0" 200 32928 "https://www.fornacalia.com/2013/pasta-madre-day-2013/#comment-1801/" "Mozilla/5.0 (Windows NT 6.1) AppleWebKit/537.36 (KHTML, like Gecko) Chrome/67.0.3396.99 Safari/537.36" 
5.188.84.233 - - [26/May/2020:15:18:45 -0700] "POST /wp-comments-post.php HTTP/1.0" 302 4063 "https://www.fornacalia.com/2013/pasta-madre-day-2013/#comment-1801/" "Mozilla/5.0 (Windows NT 6.1) AppleWebKit/537.36 (KHTML, like Gecko) Chrome/67.0.3396.99 Safari/537.36" 
5.188.84.65 - - [26/May/2020:15:20:07 -0700] "GET /2013/pasta-madre-day-2013/ HTTP/1.0" 200 32928 "https://www.fornacalia.com/2013/pasta-madre-day-2013/#comment-1801/" "Mozilla/5.0 (Windows NT 6.1; Win64; x64) AppleWebKit/537.36 (KHTML, like Gecko) Chrome/67.0.3396.87 Safari/537.36 OPR/54.0.2952.64" 
5.188.84.65 - - [26/May/2020:15:20:08 -0700] "POST /wp-comments-post.php HTTP/1.0" 302 4063 "https://www.fornacalia.com/2013/pasta-madre-day-2013/#comment-1801/" "Mozilla/5.0 (Windows NT 6.1; Win64; x64) AppleWebKit/537.36 (KHTML, like Gecko) Chrome/67.0.3396.87 Safari/537.36 OPR/54.0.2952.64" 
5.188.84.233 - - [26/May/2020:15:20:10 -0700] "GET /2013/pasta-madre-day-2013/ HTTP/1.0" 200 32928 "https://www.fornacalia.com/2013/pasta-madre-day-2013/#comment-1801/" "Mozilla/5.0 (Windows NT 10.0; Win64; x64) AppleWebKit/537.36 (KHTML, like Gecko) Chrome/66.0.3359.170 Safari/537.36 OPR/53.0.2907.99" 
5.188.84.233 - - [26/May/2020:15:20:10 -0700] "POST /wp-comments-post.php HTTP/1.0" 302 4063 "https://www.fornacalia.com/2013/pasta-madre-day-2013/#comment-1801/" "Mozilla/5.0 (Windows NT 10.0; Win64; x64) AppleWebKit/537.36 (KHTML, like Gecko) Chrome/66.0.3359.170 Safari/537.36 OPR/53.0.2907.99" 
5.188.84.15 - - [26/May/2020:15:21:21 -0700] "GET /2013/pasta-madre-day-2013/ HTTP/1.0" 200 32928 "https://www.fornacalia.com/2013/pasta-madre-day-2013/#comment-1801/" "Mozilla/5.0 (Windows NT 6.1) AppleWebKit/537.36 (KHTML, like Gecko) Chrome/67.0.3396.87 Safari/537.36" 
5.188.84.15 - - [26/May/2020:15:21:22 -0700] "POST /wp-comments-post.php HTTP/1.0" 302 4063 "https://www.fornacalia.com/2013/pasta-madre-day-2013/#comment-1801/" "Mozilla/5.0 (Windows NT 6.1) AppleWebKit/537.36 (KHTML, like Gecko) Chrome/67.0.3396.87 Safari/537.36" 
66.249.66.47 - - [26/May/2020:15:22:44 -0700] "GET /2019/sourdough-u-one-day-course-17-november-2019/ HTTP/1.1" 200 12751 "-" "Mozilla/5.0 (Linux; Android 6.0.1; Nexus 5X Build/MMB29P) AppleWebKit/537.36 (KHTML, like Gecko) Chrome/80.0.3987.92 Mobile Safari/537.36 (compatible; Googlebot/2.1; +http://www.google.com/bot.html)" 
5.188.84.65 - - [26/May/2020:15:23:12 -0700] "GET /2013/pasta-madre-day-2013/ HTTP/1.0" 200 32928 "https://www.fornacalia.com/2013/pasta-madre-day-2013/#comment-1801/" "Mozilla/5.0 (Windows NT 6.1; Win64; x64) AppleWebKit/537.36 (KHTML, like Gecko) Chrome/66.0.3359.181 Safari/537.36" 
5.188.84.65 - - [26/May/2020:15:23:13 -0700] "POST /wp-comments-post.php HTTP/1.0" 302 4063 "https://www.fornacalia.com/2013/pasta-madre-day-2013/#comment-1801/" "Mozilla/5.0 (Windows NT 6.1; Win64; x64) AppleWebKit/537.36 (KHTML, like Gecko) Chrome/66.0.3359.181 Safari/537.36" 
77.75.79.62 - - [26/May/2020:15:23:32 -0700] "GET /robots.txt HTTP/1.1" 200 4297 "-" "Mozilla/5.0 (compatible; SeznamBot/3.2; +http://napoveda.seznam.cz/en/seznambot-intro/)" 
77.75.79.62 - - [26/May/2020:15:23:39 -0700] "GET /author/jeremy/ HTTP/1.1" 200 18913 "-" "Mozilla/5.0 (compatible; SeznamBot/3.2; +http://napoveda.seznam.cz/en/seznambot-intro/)" 
66.249.66.47 - - [26/May/2020:15:26:13 -0700] "GET /category/crumbs/feed/ HTTP/1.1" 200 16464 "-" "Mozilla/5.0 (Linux; Android 6.0.1; Nexus 5X Build/MMB29P) AppleWebKit/537.36 (KHTML, like Gecko) Chrome/80.0.3987.92 Mobile Safari/537.36 (compatible; Googlebot/2.1; +http://www.google.com/bot.html)" 
66.249.66.47 - - [26/May/2020:15:29:46 -0700] "GET /category/crumbs/page/2/ HTTP/1.1" 200 14742 "-" "Mozilla/5.0 (Linux; Android 6.0.1; Nexus 5X Build/MMB29P) AppleWebKit/537.36 (KHTML, like Gecko) Chrome/80.0.3987.92 Mobile Safari/537.36 (compatible; Googlebot/2.1; +http://www.google.com/bot.html)" 
207.46.13.159 - - [26/May/2020:15:31:29 -0700] "GET /tag/sourdough/ HTTP/1.1" 200 21203 "-" "Mozilla/5.0 (compatible; bingbot/2.0; +http://www.bing.com/bingbot.htm)" 
3.126.248.99 - - [26/May/2020:15:33:02 -0700] "GET /wp-content/plugins/all-in-one-seo-pack/images/default-user-image.png HTTP/1.1" 200 4970 "-" "Slack-ImgProxy (+https://api.slack.com/robots)" 
66.249.66.45 - - [26/May/2020:15:33:26 -0700] "GET /category/crumbs/page/6/ HTTP/1.1" 200 10326 "-" "Mozilla/5.0 (Linux; Android 6.0.1; Nexus 5X Build/MMB29P) AppleWebKit/537.36 (KHTML, like Gecko) Chrome/80.0.3987.92 Mobile Safari/537.36 (compatible; Googlebot/2.1; +http://www.google.com/bot.html)" 
5.188.84.220 - - [26/May/2020:15:34:21 -0700] "GET /2013/pasta-madre-day-2013/ HTTP/1.0" 200 32928 "https://www.fornacalia.com/2013/pasta-madre-day-2013/#comment-1801/" "Mozilla/5.0 (Windows NT 10.0; Win64; x64) AppleWebKit/537.36 (KHTML, like Gecko) Chrome/68.0.3440.84 Safari/537.36" 
5.188.84.220 - - [26/May/2020:15:34:22 -0700] "POST /wp-comments-post.php HTTP/1.0" 302 4063 "https://www.fornacalia.com/2013/pasta-madre-day-2013/#comment-1801/" "Mozilla/5.0 (Windows NT 10.0; Win64; x64) AppleWebKit/537.36 (KHTML, like Gecko) Chrome/68.0.3440.84 Safari/537.36" 
5.188.84.35 - - [26/May/2020:15:35:39 -0700] "GET /2013/pasta-madre-day-2013/ HTTP/1.0" 200 32928 "https://www.fornacalia.com/2013/pasta-madre-day-2013/#comment-1801/" "Mozilla/5.0 (Windows NT 6.3; Win64; x64) AppleWebKit/537.36 (KHTML, like Gecko) Chrome/65.0.3325.146 Safari/537.36" 
5.188.84.35 - - [26/May/2020:15:35:40 -0700] "POST /wp-comments-post.php HTTP/1.0" 302 4063 "https://www.fornacalia.com/2013/pasta-madre-day-2013/#comment-1801/" "Mozilla/5.0 (Windows NT 6.3; Win64; x64) AppleWebKit/537.36 (KHTML, like Gecko) Chrome/65.0.3325.146 Safari/537.36" 
5.188.84.35 - - [26/May/2020:15:38:51 -0700] "GET /2013/pasta-madre-day-2013/ HTTP/1.0" 200 32928 "https://www.fornacalia.com/2013/pasta-madre-day-2013/#comment-1801/" "Mozilla/5.0 (Windows NT 10.0; Win64; x64) AppleWebKit/537.36 (KHTML, like Gecko) Chrome/68.0.3440.106 Safari/537.36 OPR/55.0.2994.44" 
5.188.84.35 - - [26/May/2020:15:38:52 -0700] "POST /wp-comments-post.php HTTP/1.0" 302 4063 "https://www.fornacalia.com/2013/pasta-madre-day-2013/#comment-1801/" "Mozilla/5.0 (Windows NT 10.0; Win64; x64) AppleWebKit/537.36 (KHTML, like Gecko) Chrome/68.0.3440.106 Safari/537.36 OPR/55.0.2994.44" 
5.188.84.45 - - [26/May/2020:15:40:49 -0700] "GET /2013/pasta-madre-day-2013/ HTTP/1.0" 200 32928 "https://www.fornacalia.com/2013/pasta-madre-day-2013/#comment-1801/" "Mozilla/5.0 (Windows NT 6.1; WOW64) AppleWebKit/537.36 (KHTML, like Gecko) Chrome/67.0.3396.87 Safari/537.36 OPR/54.0.2952.64 (Edition Yx)" 
5.188.84.45 - - [26/May/2020:15:40:50 -0700] "POST /wp-comments-post.php HTTP/1.0" 302 4063 "https://www.fornacalia.com/2013/pasta-madre-day-2013/#comment-1801/" "Mozilla/5.0 (Windows NT 6.1; WOW64) AppleWebKit/537.36 (KHTML, like Gecko) Chrome/67.0.3396.87 Safari/537.36 OPR/54.0.2952.64 (Edition Yx)" 
5.188.84.45 - - [26/May/2020:15:44:23 -0700] "GET /2013/pasta-madre-day-2013/ HTTP/1.0" 200 32928 "https://www.fornacalia.com/2013/pasta-madre-day-2013/#comment-1801/" "Mozilla/5.0 (Windows NT 10.0; Win64; x64) AppleWebKit/537.36 (KHTML, like Gecko) Chrome/65.0.3325.181 Safari/537.36" 
64.111.100.215 - - [26/May/2020:15:44:23 -0700] "POST /wp-cron.php?doing_wp_cron=1590533063.2866430282592773437500 HTTP/1.1" 200 3494 "https://www.fornacalia.com/wp-cron.php?doing_wp_cron=1590533063.2866430282592773437500" "WordPress/5.2.6; https://www.fornacalia.com" 
5.188.84.45 - - [26/May/2020:15:44:25 -0700] "POST /wp-comments-post.php HTTP/1.0" 302 4063 "https://www.fornacalia.com/2013/pasta-madre-day-2013/#comment-1801/" "Mozilla/5.0 (Windows NT 10.0; Win64; x64) AppleWebKit/537.36 (KHTML, like Gecko) Chrome/65.0.3325.181 Safari/537.36" 
46.229.168.163 - - [26/May/2020:15:44:54 -0700] "GET /robots.txt HTTP/1.1" 200 4255 "-" "Mozilla/5.0 (compatible; SemrushBot/6~bl; +http://www.semrush.com/bot.html)" 
46.229.168.136 - - [26/May/2020:15:44:57 -0700] "GET /2017/olive-levain/ HTTP/1.1" 200 12020 "-" "Mozilla/5.0 (compatible; SemrushBot/6~bl; +http://www.semrush.com/bot.html)" 
5.188.84.147 - - [26/May/2020:15:54:17 -0700] "GET /2013/pasta-madre-day-2013/ HTTP/1.0" 200 32928 "https://www.fornacalia.com/2013/pasta-madre-day-2013/#comment-1801/" "Mozilla/5.0 (Windows NT 10.0; Win64; x64) AppleWebKit/537.36 (KHTML, like Gecko) Chrome/68.0.3440.106 Safari/537.36 OPR/55.0.2994.44" 
5.188.84.147 - - [26/May/2020:15:54:19 -0700] "POST /wp-comments-post.php HTTP/1.0" 302 4063 "https://www.fornacalia.com/2013/pasta-madre-day-2013/#comment-1801/" "Mozilla/5.0 (Windows NT 10.0; Win64; x64) AppleWebKit/537.36 (KHTML, like Gecko) Chrome/68.0.3440.106 Safari/537.36 OPR/55.0.2994.44" 
5.188.84.25 - - [26/May/2020:15:54:43 -0700] "GET /2013/pasta-madre-day-2013/ HTTP/1.0" 200 32928 "https://www.fornacalia.com/2013/pasta-madre-day-2013/#comment-1801/" "Mozilla/5.0 (Windows NT 10.0; Win64; x64) AppleWebKit/537.36 (KHTML, like Gecko) Chrome/66.0.3359.170 Safari/537.36 OPR/53.0.2907.99" 
5.188.84.25 - - [26/May/2020:15:54:44 -0700] "POST /wp-comments-post.php HTTP/1.0" 302 4063 "https://www.fornacalia.com/2013/pasta-madre-day-2013/#comment-1801/" "Mozilla/5.0 (Windows NT 10.0; Win64; x64) AppleWebKit/537.36 (KHTML, like Gecko) Chrome/66.0.3359.170 Safari/537.36 OPR/53.0.2907.99" 
161.35.125.217 - - [26/May/2020:15:58:44 -0700] "GET / HTTP/1.1" 200 18722 "-" "Mozilla/4.0 (compatible; MSIE 7.0; Windows NT 5.1)" 
161.35.125.217 - - [26/May/2020:15:58:52 -0700] "GET /page/2/ HTTP/1.1" 200 16678 "https://www.fornacalia.com" "Mozilla/4.0 (compatible; MSIE 7.0; Windows NT 5.1)" 
161.35.125.217 - - [26/May/2020:15:58:54 -0700] "GET /2019/building-a-leaven/ HTTP/1.1" 200 11987 "https://www.fornacalia.com" "Mozilla/4.0 (compatible; MSIE 7.0; Windows NT 5.1)" 
161.35.125.217 - - [26/May/2020:15:58:54 -0700] "GET /type/standard/ HTTP/1.1" 404 6700 "https://www.fornacalia.com" "Mozilla/4.0 (compatible; MSIE 7.0; Windows NT 5.1)" 
161.35.125.217 - - [26/May/2020:15:58:56 -0700] "GET /author/jeremy/ HTTP/1.1" 200 18689 "https://www.fornacalia.com" "Mozilla/4.0 (compatible; MSIE 7.0; Windows NT 5.1)" 
161.35.125.217 - - [26/May/2020:15:58:58 -0700] "GET /2020/sourdough-bagels/ HTTP/1.1" 200 14334 "https://www.fornacalia.com" "Mozilla/4.0 (compatible; MSIE 7.0; Windows NT 5.1)" 
161.35.125.217 - - [26/May/2020:15:59:03 -0700] "GET /i-can-teach-you-to-make-good-bread/ HTTP/1.1" 200 10063 "https://www.fornacalia.com" "Mozilla/4.0 (compatible; MSIE 7.0; Windows NT 5.1)" 
161.35.125.217 - - [26/May/2020:15:59:05 -0700] "GET /category/recipes/ HTTP/1.1" 200 22116 "https://www.fornacalia.com" "Mozilla/4.0 (compatible; MSIE 7.0; Windows NT 5.1)" 
5.188.84.25 - - [26/May/2020:15:59:11 -0700] "GET /2013/pasta-madre-day-2013/ HTTP/1.0" 200 32928 "https://www.fornacalia.com/2013/pasta-madre-day-2013/#comment-1801/" "Mozilla/5.0 (Windows NT 6.1; Win64; x64) AppleWebKit/537.36 (KHTML, like Gecko) Chrome/67.0.3396.87 Safari/537.36 OPR/54.0.2952.54" 
5.188.84.25 - - [26/May/2020:15:59:12 -0700] "POST /wp-comments-post.php HTTP/1.0" 302 4063 "https://www.fornacalia.com/2013/pasta-madre-day-2013/#comment-1801/" "Mozilla/5.0 (Windows NT 6.1; Win64; x64) AppleWebKit/537.36 (KHTML, like Gecko) Chrome/67.0.3396.87 Safari/537.36 OPR/54.0.2952.54" 
5.188.84.15 - - [26/May/2020:16:00:14 -0700] "GET /2013/pasta-madre-day-2013/ HTTP/1.0" 200 32928 "https://www.fornacalia.com/2013/pasta-madre-day-2013/#comment-1801/" "Mozilla/5.0 (Windows NT 10.0; Win64; x64) AppleWebKit/537.36 (KHTML, like Gecko) Chrome/67.0.3396.62 Safari/537.36" 
5.188.84.15 - - [26/May/2020:16:00:15 -0700] "POST /wp-comments-post.php HTTP/1.0" 302 4063 "https://www.fornacalia.com/2013/pasta-madre-day-2013/#comment-1801/" "Mozilla/5.0 (Windows NT 10.0; Win64; x64) AppleWebKit/537.36 (KHTML, like Gecko) Chrome/67.0.3396.62 Safari/537.36" 
104.244.76.189 - - [26/May/2020:16:17:48 -0700] "GET /2013/pasta-madre-day-2013/ HTTP/1.0" 200 32928 "https://www.fornacalia.com/2013/pasta-madre-day-2013/#comment-46869" "Mozilla/5.0 (Windows NT 6.3; Win64; x64) AppleWebKit/537.36 (KHTML, like Gecko) Chrome/67.0.3396.79 Safari/537.36" 
207.46.13.159 - - [26/May/2020:16:19:14 -0700] "GET /2017/workshops-update/ HTTP/1.1" 200 11251 "-" "Mozilla/5.0 (compatible; bingbot/2.0; +http://www.bing.com/bingbot.htm)" 
66.249.66.45 - - [26/May/2020:16:23:54 -0700] "GET /category/crumbs/page/3/ HTTP/1.1" 200 12895 "-" "Mozilla/5.0 (Linux; Android 6.0.1; Nexus 5X Build/MMB29P) AppleWebKit/537.36 (KHTML, like Gecko) Chrome/80.0.3987.92 Mobile Safari/537.36 (compatible; Googlebot/2.1; +http://www.google.com/bot.html)" 
54.71.195.91 - - [26/May/2020:16:28:39 -0700] "GET /2017/cornbread-for-fornacalia/ HTTP/1.1" 200 12413 "http://www.thefreshloaf.com/node/61568/cornbread-advice-nonnative-eaters" "Mozilla/5.0 (Windows NT 6.1) AppleWebKit/537.36 (KHTML, like Gecko) Chrome/80.0.3987.149 Safari/537.36" 
54.71.195.91 - - [26/May/2020:16:28:39 -0700] "GET /wp-content/plugins/indieweb/static/css/indieweb.css?ver=3.4.1 HTTP/1.1" 200 6856 "https://www.fornacalia.com/2017/cornbread-for-fornacalia/" "Mozilla/5.0 (Windows NT 6.1) AppleWebKit/537.36 (KHTML, like Gecko) Chrome/80.0.3987.149 Safari/537.36" 
54.71.195.91 - - [26/May/2020:16:28:39 -0700] "GET /wp-content/plugins/semantic-linkbacks/css/semantic-linkbacks.css?ver=3.8.1 HTTP/1.1" 200 820 "https://www.fornacalia.com/2017/cornbread-for-fornacalia/" "Mozilla/5.0 (Windows NT 6.1) AppleWebKit/537.36 (KHTML, like Gecko) Chrome/80.0.3987.149 Safari/537.36" 
54.71.195.91 - - [26/May/2020:16:28:39 -0700] "GET /wp-content/themes/autonomie/style.css?ver=5.2.6 HTTP/1.1" 200 9716 "https://www.fornacalia.com/2017/cornbread-for-fornacalia/" "Mozilla/5.0 (Windows NT 6.1) AppleWebKit/537.36 (KHTML, like Gecko) Chrome/80.0.3987.149 Safari/537.36" 
54.71.195.91 - - [26/May/2020:16:28:39 -0700] "GET /wp-content/themes/Autonomie-child/style.css?ver=1.0.0 HTTP/1.1" 200 1492 "https://www.fornacalia.com/2017/cornbread-for-fornacalia/" "Mozilla/5.0 (Windows NT 6.1) AppleWebKit/537.36 (KHTML, like Gecko) Chrome/80.0.3987.149 Safari/537.36" 
54.71.195.91 - - [26/May/2020:16:28:39 -0700] "GET /wp-content/themes/Autonomie-child/css/default-width.css?ver=1.0.0 HTTP/1.1" 200 950 "https://www.fornacalia.com/2017/cornbread-for-fornacalia/" "Mozilla/5.0 (Windows NT 6.1) AppleWebKit/537.36 (KHTML, like Gecko) Chrome/80.0.3987.149 Safari/537.36" 
54.71.195.91 - - [26/May/2020:16:28:39 -0700] "GET /wp-content/themes/Autonomie-child/css/wide-width.css?ver=1.0.0 HTTP/1.1" 404 6729 "https://www.fornacalia.com/2017/cornbread-for-fornacalia/" "Mozilla/5.0 (Windows NT 6.1) AppleWebKit/537.36 (KHTML, like Gecko) Chrome/80.0.3987.149 Safari/537.36" 
54.71.195.91 - - [26/May/2020:16:28:39 -0700] "GET /wp-includes/css/dist/block-library/style.min.css?ver=5.2.6 HTTP/1.1" 200 5391 "https://www.fornacalia.com/2017/cornbread-for-fornacalia/" "Mozilla/5.0 (Windows NT 6.1) AppleWebKit/537.36 (KHTML, like Gecko) Chrome/80.0.3987.149 Safari/537.36" 
54.71.195.91 - - [26/May/2020:16:28:39 -0700] "GET /wp-includes/js/jquery/jquery.js?ver=1.12.4-wp HTTP/1.1" 200 35341 "https://www.fornacalia.com/2017/cornbread-for-fornacalia/" "Mozilla/5.0 (Windows NT 6.1) AppleWebKit/537.36 (KHTML, like Gecko) Chrome/80.0.3987.149 Safari/537.36" 
54.71.195.91 - - [26/May/2020:16:28:39 -0700] "GET /wp-includes/js/jquery/jquery-migrate.min.js?ver=1.4.1 HTTP/1.1" 200 4603 "https://www.fornacalia.com/2017/cornbread-for-fornacalia/" "Mozilla/5.0 (Windows NT 6.1) AppleWebKit/537.36 (KHTML, like Gecko) Chrome/80.0.3987.149 Safari/537.36" 
54.71.195.91 - - [26/May/2020:16:28:39 -0700] "GET /wp-includes/js/comment-reply.min.js?ver=5.2.6 HTTP/1.1" 200 1621 "https://www.fornacalia.com/2017/cornbread-for-fornacalia/" "Mozilla/5.0 (Windows NT 6.1) AppleWebKit/537.36 (KHTML, like Gecko) Chrome/80.0.3987.149 Safari/537.36" 
54.71.195.91 - - [26/May/2020:16:28:39 -0700] "GET /wp-content/themes/autonomie/js/navigation.js?ver=1.0.0 HTTP/1.1" 200 1408 "https://www.fornacalia.com/2017/cornbread-for-fornacalia/" "Mozilla/5.0 (Windows NT 6.1) AppleWebKit/537.36 (KHTML, like Gecko) Chrome/80.0.3987.149 Safari/537.36" 
54.71.195.91 - - [26/May/2020:16:28:39 -0700] "GET /wp-content/plugins/semantic-linkbacks/js/semantic-linkbacks.js?ver=3.8.1 HTTP/1.1" 200 675 "https://www.fornacalia.com/2017/cornbread-for-fornacalia/" "Mozilla/5.0 (Windows NT 6.1) AppleWebKit/537.36 (KHTML, like Gecko) Chrome/80.0.3987.149 Safari/537.36" 
54.71.195.91 - - [26/May/2020:16:28:39 -0700] "GET /wp-content/themes/autonomie/js/skip-link-focus-fix.js?ver=1.0.0 HTTP/1.1" 200 1010 "https://www.fornacalia.com/2017/cornbread-for-fornacalia/" "Mozilla/5.0 (Windows NT 6.1) AppleWebKit/537.36 (KHTML, like Gecko) Chrome/80.0.3987.149 Safari/537.36" 
54.71.195.91 - - [26/May/2020:16:28:39 -0700] "GET /wp-includes/js/wp-embed.min.js?ver=5.2.6 HTTP/1.1" 200 1280 "https://www.fornacalia.com/2017/cornbread-for-fornacalia/" "Mozilla/5.0 (Windows NT 6.1) AppleWebKit/537.36 (KHTML, like Gecko) Chrome/80.0.3987.149 Safari/537.36" 
54.71.195.91 - - [26/May/2020:16:28:40 -0700] "GET /wp-content/themes/autonomie/font/merriweather/merriweather-v15-latin-300.woff2 HTTP/1.1" 200 18992 "https://www.fornacalia.com/wp-content/themes/autonomie/style.css?ver=5.2.6" "Mozilla/5.0 (Windows NT 6.1) AppleWebKit/537.36 (KHTML, like Gecko) Chrome/80.0.3987.149 Safari/537.36" 
54.71.195.91 - - [26/May/2020:16:28:40 -0700] "GET /wp-content/themes/autonomie/font/lato/lato-v13-latin-700.woff2 HTTP/1.1" 200 23120 "https://www.fornacalia.com/wp-content/themes/autonomie/style.css?ver=5.2.6" "Mozilla/5.0 (Windows NT 6.1) AppleWebKit/537.36 (KHTML, like Gecko) Chrome/80.0.3987.149 Safari/537.36" 
54.71.195.91 - - [26/May/2020:16:28:40 -0700] "GET /wp-content/themes/autonomie/font/lato/lato-v13-latin-300.woff2 HTTP/1.1" 200 23476 "https://www.fornacalia.com/wp-content/themes/autonomie/style.css?ver=5.2.6" "Mozilla/5.0 (Windows NT 6.1) AppleWebKit/537.36 (KHTML, like Gecko) Chrome/80.0.3987.149 Safari/537.36" 
54.71.195.91 - - [26/May/2020:16:28:40 -0700] "GET /wp-content/themes/autonomie/font/merriweather/merriweather-v15-latin-300italic.woff2 HTTP/1.1" 200 20144 "https://www.fornacalia.com/wp-content/themes/autonomie/style.css?ver=5.2.6" "Mozilla/5.0 (Windows NT 6.1) AppleWebKit/537.36 (KHTML, like Gecko) Chrome/80.0.3987.149 Safari/537.36" 
