69.142.95.100 - - [19/Jun/2020:04:16:00 -0700] "GET /vendor/forkawesome/fork-awesome/css/v5-compat.min.css HTTP/1.1" 200 2592 "https://stream.jeremycherfas.net/2020/interesting-tip-if-your-aeropress-is-slipping" "Mozilla/5.0 (Macintosh; Intel Mac OS X 10_15_5) AppleWebKit/605.1.15 (KHTML, like Gecko) Version/13.1.1 Safari/605.1.15" 
69.142.95.100 - - [19/Jun/2020:04:16:00 -0700] "GET /vendor/twbs/bootstrap/dist/css/bootstrap.min.css HTTP/1.1" 200 20899 "https://stream.jeremycherfas.net/2020/interesting-tip-if-your-aeropress-is-slipping" "Mozilla/5.0 (Macintosh; Intel Mac OS X 10_15_5) AppleWebKit/605.1.15 (KHTML, like Gecko) Version/13.1.1 Safari/605.1.15" 
69.142.95.100 - - [19/Jun/2020:04:16:00 -0700] "GET /js/1579440966/known.min.js HTTP/1.1" 200 4900 "https://stream.jeremycherfas.net/2020/interesting-tip-if-your-aeropress-is-slipping" "Mozilla/5.0 (Macintosh; Intel Mac OS X 10_15_5) AppleWebKit/605.1.15 (KHTML, like Gecko) Version/13.1.1 Safari/605.1.15" 
69.142.95.100 - - [19/Jun/2020:04:16:00 -0700] "GET /vendor/npm-asset/bootstrap-toggle/js/bootstrap-toggle.js HTTP/1.1" 200 2024 "https://stream.jeremycherfas.net/2020/interesting-tip-if-your-aeropress-is-slipping" "Mozilla/5.0 (Macintosh; Intel Mac OS X 10_15_5) AppleWebKit/605.1.15 (KHTML, like Gecko) Version/13.1.1 Safari/605.1.15" 
69.142.95.100 - - [19/Jun/2020:04:16:00 -0700] "GET /css/1579440965/known.min.css HTTP/1.1" 200 7734 "https://stream.jeremycherfas.net/2020/interesting-tip-if-your-aeropress-is-slipping" "Mozilla/5.0 (Macintosh; Intel Mac OS X 10_15_5) AppleWebKit/605.1.15 (KHTML, like Gecko) Version/13.1.1 Safari/605.1.15" 
69.142.95.100 - - [19/Jun/2020:04:16:00 -0700] "GET /vendor/npm-asset/bootstrap-toggle/css/bootstrap-toggle.min.css HTTP/1.1" 200 979 "https://stream.jeremycherfas.net/2020/interesting-tip-if-your-aeropress-is-slipping" "Mozilla/5.0 (Macintosh; Intel Mac OS X 10_15_5) AppleWebKit/605.1.15 (KHTML, like Gecko) Version/13.1.1 Safari/605.1.15" 
69.142.95.100 - - [19/Jun/2020:04:16:00 -0700] "GET /vendor/idno/mentionjs/recommended-styles.css HTTP/1.1" 200 600 "https://stream.jeremycherfas.net/2020/interesting-tip-if-your-aeropress-is-slipping" "Mozilla/5.0 (Macintosh; Intel Mac OS X 10_15_5) AppleWebKit/605.1.15 (KHTML, like Gecko) Version/13.1.1 Safari/605.1.15" 
69.142.95.100 - - [19/Jun/2020:04:16:00 -0700] "GET /IdnoPlugins/Checkin/external/leaflet/leaflet.min.css HTTP/1.1" 200 2532 "https://stream.jeremycherfas.net/2020/interesting-tip-if-your-aeropress-is-slipping" "Mozilla/5.0 (Macintosh; Intel Mac OS X 10_15_5) AppleWebKit/605.1.15 (KHTML, like Gecko) Version/13.1.1 Safari/605.1.15" 
69.142.95.100 - - [19/Jun/2020:04:16:00 -0700] "GET /IdnoPlugins/Checkin/external/leaflet/leaflet.js HTTP/1.1" 200 34091 "https://stream.jeremycherfas.net/2020/interesting-tip-if-your-aeropress-is-slipping" "Mozilla/5.0 (Macintosh; Intel Mac OS X 10_15_5) AppleWebKit/605.1.15 (KHTML, like Gecko) Version/13.1.1 Safari/605.1.15" 
69.142.95.100 - - [19/Jun/2020:04:16:00 -0700] "GET /IdnoPlugins/Checkin/external/stamen-maps/tile.stamen.min.js HTTP/1.1" 200 1983 "https://stream.jeremycherfas.net/2020/interesting-tip-if-your-aeropress-is-slipping" "Mozilla/5.0 (Macintosh; Intel Mac OS X 10_15_5) AppleWebKit/605.1.15 (KHTML, like Gecko) Version/13.1.1 Safari/605.1.15" 
69.142.95.100 - - [19/Jun/2020:04:16:00 -0700] "GET /IdnoPlugins/Media/external/wavesurfer/dist/wavesurfer.min.js HTTP/1.1" 200 6834 "https://stream.jeremycherfas.net/2020/interesting-tip-if-your-aeropress-is-slipping" "Mozilla/5.0 (Macintosh; Intel Mac OS X 10_15_5) AppleWebKit/605.1.15 (KHTML, like Gecko) Version/13.1.1 Safari/605.1.15" 
69.142.95.100 - - [19/Jun/2020:04:16:00 -0700] "GET /Themes/Solo/css/default.min.css HTTP/1.1" 200 963 "https://stream.jeremycherfas.net/2020/interesting-tip-if-your-aeropress-is-slipping" "Mozilla/5.0 (Macintosh; Intel Mac OS X 10_15_5) AppleWebKit/605.1.15 (KHTML, like Gecko) Version/13.1.1 Safari/605.1.15" 
69.142.95.100 - - [19/Jun/2020:04:16:00 -0700] "GET /vendor/npm-asset/mediaelement/build/mediaelement-and-player.min.js HTTP/1.1" 200 41537 "https://stream.jeremycherfas.net/2020/interesting-tip-if-your-aeropress-is-slipping" "Mozilla/5.0 (Macintosh; Intel Mac OS X 10_15_5) AppleWebKit/605.1.15 (KHTML, like Gecko) Version/13.1.1 Safari/605.1.15" 
69.142.95.100 - - [19/Jun/2020:04:16:00 -0700] "GET /vendor/npm-asset/mediaelement/build/mediaelementplayer.min.css HTTP/1.1" 200 3096 "https://stream.jeremycherfas.net/2020/interesting-tip-if-your-aeropress-is-slipping" "Mozilla/5.0 (Macintosh; Intel Mac OS X 10_15_5) AppleWebKit/605.1.15 (KHTML, like Gecko) Version/13.1.1 Safari/605.1.15" 
69.142.95.100 - - [19/Jun/2020:04:16:00 -0700] "GET /vendor/npm-asset/vanilla-fitvids/jquery.fitvids.js HTTP/1.1" 200 1791 "https://stream.jeremycherfas.net/2020/interesting-tip-if-your-aeropress-is-slipping" "Mozilla/5.0 (Macintosh; Intel Mac OS X 10_15_5) AppleWebKit/605.1.15 (KHTML, like Gecko) Version/13.1.1 Safari/605.1.15" 
69.142.95.100 - - [19/Jun/2020:04:16:00 -0700] "GET /vendor/rmm5t/jquery-timeago/jquery.timeago.js HTTP/1.1" 200 2991 "https://stream.jeremycherfas.net/2020/interesting-tip-if-your-aeropress-is-slipping" "Mozilla/5.0 (Macintosh; Intel Mac OS X 10_15_5) AppleWebKit/605.1.15 (KHTML, like Gecko) Version/13.1.1 Safari/605.1.15" 
69.142.95.100 - - [19/Jun/2020:04:16:00 -0700] "GET /vendor/rmm5t/jquery-timeago/locales/jquery.timeago.en.js HTTP/1.1" 200 804 "https://stream.jeremycherfas.net/2020/interesting-tip-if-your-aeropress-is-slipping" "Mozilla/5.0 (Macintosh; Intel Mac OS X 10_15_5) AppleWebKit/605.1.15 (KHTML, like Gecko) Version/13.1.1 Safari/605.1.15" 
69.142.95.100 - - [19/Jun/2020:04:16:00 -0700] "GET /vendor/npm-asset/underscore/underscore-min.js HTTP/1.1" 200 7035 "https://stream.jeremycherfas.net/2020/interesting-tip-if-your-aeropress-is-slipping" "Mozilla/5.0 (Macintosh; Intel Mac OS X 10_15_5) AppleWebKit/605.1.15 (KHTML, like Gecko) Version/13.1.1 Safari/605.1.15" 
69.142.95.100 - - [19/Jun/2020:04:16:00 -0700] "GET /vendor/npm-asset/exif-js/exif.js HTTP/1.1" 200 9938 "https://stream.jeremycherfas.net/2020/interesting-tip-if-your-aeropress-is-slipping" "Mozilla/5.0 (Macintosh; Intel Mac OS X 10_15_5) AppleWebKit/605.1.15 (KHTML, like Gecko) Version/13.1.1 Safari/605.1.15" 
69.142.95.100 - - [19/Jun/2020:04:16:00 -0700] "GET /gfx/users/default-03.png HTTP/1.1" 200 6648 "https://stream.jeremycherfas.net/2020/interesting-tip-if-your-aeropress-is-slipping" "Mozilla/5.0 (Macintosh; Intel Mac OS X 10_15_5) AppleWebKit/605.1.15 (KHTML, like Gecko) Version/13.1.1 Safari/605.1.15" 
69.142.95.100 - - [19/Jun/2020:04:16:00 -0700] "GET /gfx/users/default-00.png HTTP/1.1" 200 5798 "https://stream.jeremycherfas.net/2020/interesting-tip-if-your-aeropress-is-slipping" "Mozilla/5.0 (Macintosh; Intel Mac OS X 10_15_5) AppleWebKit/605.1.15 (KHTML, like Gecko) Version/13.1.1 Safari/605.1.15" 
69.142.95.100 - - [19/Jun/2020:04:16:00 -0700] "GET /file/ef801e05730eba56004c5b712ad84731/thumb.jpg HTTP/1.1" 200 22619 "https://stream.jeremycherfas.net/2020/interesting-tip-if-your-aeropress-is-slipping" "Mozilla/5.0 (Macintosh; Intel Mac OS X 10_15_5) AppleWebKit/605.1.15 (KHTML, like Gecko) Version/13.1.1 Safari/605.1.15" 
69.142.95.100 - - [19/Jun/2020:04:16:01 -0700] "GET /vendor/twbs/bootstrap/dist/js/bootstrap.min.js HTTP/1.1" 200 15298 "https://stream.jeremycherfas.net/2020/interesting-tip-if-your-aeropress-is-slipping" "Mozilla/5.0 (Macintosh; Intel Mac OS X 10_15_5) AppleWebKit/605.1.15 (KHTML, like Gecko) Version/13.1.1 Safari/605.1.15" 
69.142.95.100 - - [19/Jun/2020:04:16:02 -0700] "GET /vendor/forkawesome/fork-awesome/css/fork-awesome.min.css HTTP/1.1" 200 12586 "https://stream.jeremycherfas.net/2020/interesting-tip-if-your-aeropress-is-slipping" "Mozilla/5.0 (Macintosh; Intel Mac OS X 10_15_5) AppleWebKit/605.1.15 (KHTML, like Gecko) Version/13.1.1 Safari/605.1.15" 
69.142.95.100 - - [19/Jun/2020:04:16:02 -0700] "GET /vendor/npm-asset/bootstrap-accessibility-plugin/plugins/js/bootstrap-accessibility.min.js HTTP/1.1" 200 8476 "https://stream.jeremycherfas.net/2020/interesting-tip-if-your-aeropress-is-slipping" "Mozilla/5.0 (Macintosh; Intel Mac OS X 10_15_5) AppleWebKit/605.1.15 (KHTML, like Gecko) Version/13.1.1 Safari/605.1.15" 
69.142.95.100 - - [19/Jun/2020:04:16:02 -0700] "GET /vendor/npm-asset/bootstrap-accessibility-plugin/plugins/css/bootstrap-accessibility.css HTTP/1.1" 200 4626 "https://stream.jeremycherfas.net/2020/interesting-tip-if-your-aeropress-is-slipping" "Mozilla/5.0 (Macintosh; Intel Mac OS X 10_15_5) AppleWebKit/605.1.15 (KHTML, like Gecko) Version/13.1.1 Safari/605.1.15" 
69.142.95.100 - - [19/Jun/2020:04:16:02 -0700] "GET /vendor/forkawesome/fork-awesome/fonts/forkawesome-webfont.woff2?v=1.1.7 HTTP/1.1" 200 92179 "https://stream.jeremycherfas.net/2020/interesting-tip-if-your-aeropress-is-slipping" "Mozilla/5.0 (Macintosh; Intel Mac OS X 10_15_5) AppleWebKit/605.1.15 (KHTML, like Gecko) Version/13.1.1 Safari/605.1.15" 
45.79.26.51 - - [19/Jun/2020:04:16:03 -0700] "GET /content/statusupdates/posts/photos/checkins/bookmarkedpages?_t=rss HTTP/1.1" 200 7437 "-" "Micro.blog/1.0" 
69.142.95.100 - - [19/Jun/2020:04:16:13 -0700] "GET /2020/interesting-tip-if-your-aeropress-is-slipping HTTP/1.1" 200 6897 "https://stream.jeremycherfas.net/2020/on-second-thoughts-maybe-the-reason-my" "Mozilla/5.0 (Macintosh; Intel Mac OS X 10_15_5) AppleWebKit/605.1.15 (KHTML, like Gecko) Version/13.1.1 Safari/605.1.15" 
54.36.148.255 - - [19/Jun/2020:04:16:27 -0700] "GET /content/photos/?offset=203 HTTP/1.1" 200 11231 "-" "Mozilla/5.0 (compatible; AhrefsBot/6.1; +http://ahrefs.com/robot/)" 
207.241.226.219 - - [19/Jun/2020:04:16:45 -0700] "GET /2020/interesting-tip-if-your-aeropress-is-slipping HTTP/1.1" 200 9892 "-" "Known https://withknown.com" 
69.142.95.100 - - [19/Jun/2020:04:16:44 -0700] "POST /comments/post HTTP/1.1" 302 4755 "https://stream.jeremycherfas.net/2020/interesting-tip-if-your-aeropress-is-slipping" "Mozilla/5.0 (Macintosh; Intel Mac OS X 10_15_5) AppleWebKit/605.1.15 (KHTML, like Gecko) Version/13.1.1 Safari/605.1.15" 
69.142.95.100 - - [19/Jun/2020:04:16:46 -0700] "GET /2020/interesting-tip-if-your-aeropress-is-slipping HTTP/1.1" 200 6800 "https://stream.jeremycherfas.net/2020/interesting-tip-if-your-aeropress-is-slipping" "Mozilla/5.0 (Macintosh; Intel Mac OS X 10_15_5) AppleWebKit/605.1.15 (KHTML, like Gecko) Version/13.1.1 Safari/605.1.15" 
46.229.168.150 - - [19/Jun/2020:04:17:14 -0700] "GET /2017/thanks-chris-im-using-099-the-likes-with-stars-are HTTP/1.1" 200 9406 "-" "Mozilla/5.0 (compatible; SemrushBot/6~bl; +http://www.semrush.com/bot.html)" 
46.229.168.135 - - [19/Jun/2020:04:17:17 -0700] "GET /content/photos/?offset=240 HTTP/1.1" 200 10803 "-" "Mozilla/5.0 (compatible; SemrushBot/6~bl; +http://www.semrush.com/bot.html)" 
54.36.149.12 - - [19/Jun/2020:04:17:31 -0700] "GET /content/photos/?offset=33 HTTP/1.1" 200 10426 "-" "Mozilla/5.0 (compatible; AhrefsBot/6.1; +http://ahrefs.com/robot/)" 
46.229.168.161 - - [19/Jun/2020:04:18:20 -0700] "GET /tag/withknown?offset=30 HTTP/1.1" 200 13350 "-" "Mozilla/5.0 (compatible; SemrushBot/6~bl; +http://www.semrush.com/bot.html)" 
54.36.148.12 - - [19/Jun/2020:04:18:32 -0700] "GET /?offset=1560 HTTP/1.1" 200 11379 "-" "Mozilla/5.0 (compatible; AhrefsBot/6.1; +http://ahrefs.com/robot/)" 
40.77.167.148 - - [19/Jun/2020:04:18:59 -0700] "GET /file/dfe93b0cadacc698047a575d95356cdb/AAF0DEC1-1D40-4DCD-AC57-F56052027754.jpeg HTTP/1.1" 200 338842 "-" "Mozilla/5.0 (compatible; bingbot/2.0; +http://www.bing.com/bingbot.htm)" 
99.184.98.26 - - [19/Jun/2020:04:19:35 -0700] "GET /file/ef801e05730eba56004c5b712ad84731/thumb.jpg HTTP/1.1" 200 26439 "https://www.zylstra.org/blog/2020/06/personal-software/" "Mozilla/5.0 (Linux; Android 10; Pixel 3 XL) AppleWebKit/537.36 (KHTML, like Gecko) Chrome/81.0.4044.117 Mobile Safari/537.36" 
54.36.148.201 - - [19/Jun/2020:04:19:35 -0700] "GET /content/all/?offset=1550 HTTP/1.1" 200 11293 "-" "Mozilla/5.0 (compatible; AhrefsBot/6.1; +http://ahrefs.com/robot/)" 
46.229.168.142 - - [19/Jun/2020:04:19:51 -0700] "GET /2019/every-bit-as-good-as-it-looks HTTP/1.1" 200 16110 "-" "Mozilla/5.0 (compatible; SemrushBot/6~bl; +http://www.semrush.com/bot.html)" 
46.229.168.129 - - [19/Jun/2020:04:20:32 -0700] "GET /content/photos/?offset=3&q=%23%2B%23food HTTP/1.1" 200 12364 "-" "Mozilla/5.0 (compatible; SemrushBot/6~bl; +http://www.semrush.com/bot.html)" 
46.229.168.130 - - [19/Jun/2020:04:20:53 -0700] "GET /2017/this-is-a-perfect-use-of-huffduffercom-to-listen-to HTTP/1.1" 200 9468 "-" "Mozilla/5.0 (compatible; SemrushBot/6~bl; +http://www.semrush.com/bot.html)" 
46.229.168.144 - - [19/Jun/2020:04:21:10 -0700] "GET /content/all/?q=%23%2B%23%23indieweb HTTP/1.1" 200 14863 "-" "Mozilla/5.0 (compatible; SemrushBot/6~bl; +http://www.semrush.com/bot.html)" 
64.111.100.215 - - [19/Jun/2020:04:21:24 -0700] "GET /content/all?_t=rss HTTP/1.1" 200 14653 "-" "Mozilla/5.0 (X11; U; Linux i686; fr; rv:1.9.1.1) Gecko/20090715 Firefox/3.5.1" 
46.229.168.153 - - [19/Jun/2020:04:21:25 -0700] "GET /content/photos/?offset=46&q=%23Sourdough HTTP/1.1" 200 10392 "-" "Mozilla/5.0 (compatible; SemrushBot/6~bl; +http://www.semrush.com/bot.html)" 
46.229.168.142 - - [19/Jun/2020:04:22:33 -0700] "GET /2018/working-on-a-new-bread-with-kalonji-straight-out-of HTTP/1.1" 200 17528 "-" "Mozilla/5.0 (compatible; SemrushBot/6~bl; +http://www.semrush.com/bot.html)" 
146.199.21.187 - - [19/Jun/2020:04:22:49 -0700] "GET /file/ef801e05730eba56004c5b712ad84731/thumb.jpg HTTP/1.1" 200 26439 "-" "Mozilla/5.0 (Macintosh; Intel Mac OS X 10.15; rv:60.0) Gecko/20100101 Firefox/60.0" 
46.229.168.142 - - [19/Jun/2020:04:22:57 -0700] "GET /?offset=72&q=%23bread HTTP/1.1" 200 11577 "-" "Mozilla/5.0 (compatible; SemrushBot/6~bl; +http://www.semrush.com/bot.html)" 
114.45.66.14 - - [19/Jun/2020:04:23:07 -0700] "GET /2018/you-can-get-good-help HTTP/1.1" 200 11549 "https://indieweb.org/reply-context" "Mozilla/5.0 (Windows NT 6.2; WOW64; Trident/7.0; rv:11.0) like Gecko" 
46.229.168.148 - - [19/Jun/2020:04:23:09 -0700] "GET /tag/bread?offset=14 HTTP/1.1" 200 11972 "-" "Mozilla/5.0 (compatible; SemrushBot/6~bl; +http://www.semrush.com/bot.html)" 
96.126.125.129 - - [19/Jun/2020:04:23:48 -0700] "GET /content/statusupdates/posts/photos/checkins/bookmarkedpages?_t=rss HTTP/1.1" 200 7442 "-" "Micro.blog/1.0" 
66.249.66.48 - - [19/Jun/2020:04:24:12 -0700] "GET /content/photos/?q=%23+%23bread&_t=rss HTTP/1.1" 200 8794 "-" "Mozilla/5.0 (Linux; Android 6.0.1; Nexus 5X Build/MMB29P) AppleWebKit/537.36 (KHTML, like Gecko) Chrome/80.0.3987.92 Mobile Safari/537.36 (compatible; Googlebot/2.1; +http://www.google.com/bot.html)" 
69.223.59.134 - - [19/Jun/2020:04:24:59 -0700] "GET /file/ef801e05730eba56004c5b712ad84731/thumb.jpg HTTP/1.1" 200 26439 "https://www.zylstra.org/" "Mozilla/5.0 (Macintosh; Intel Mac OS X 10_15_4) AppleWebKit/605.1.15 (KHTML, like Gecko) Version/13.1.1 Safari/605.1.15" 
66.249.66.46 - - [19/Jun/2020:04:25:01 -0700] "GET /2017/aquaponics-high-tech-swill-gmos-and-robots-context-is-all?_t=rss HTTP/1.1" 200 5917 "-" "Mozilla/5.0 (Linux; Android 6.0.1; Nexus 5X Build/MMB29P) AppleWebKit/537.36 (KHTML, like Gecko) Chrome/80.0.3987.92 Mobile Safari/537.36 (compatible; Googlebot/2.1; +http://www.google.com/bot.html)" 
220.181.108.181 - - [19/Jun/2020:04:25:44 -0700] "GET /profile/jeremy HTTP/1.1" 200 243217 "-" "Mozilla/5.0 (compatible; Baiduspider/2.0; +http://www.baidu.com/search/spider.html)" 
46.229.168.154 - - [19/Jun/2020:04:26:31 -0700] "GET /?offset=8&q=%23withknown HTTP/1.1" 200 11035 "-" "Mozilla/5.0 (compatible; SemrushBot/6~bl; +http://www.semrush.com/bot.html)" 
46.229.168.132 - - [19/Jun/2020:04:26:46 -0700] "GET /2020/i-read-both-of-the-pieces-chris HTTP/1.1" 200 9494 "-" "Mozilla/5.0 (compatible; SemrushBot/6~bl; +http://www.semrush.com/bot.html)" 
46.229.168.152 - - [19/Jun/2020:04:27:00 -0700] "GET /2017/ooh-a-new-podcast-to-listen-to-which-also-fits HTTP/1.1" 200 9697 "-" "Mozilla/5.0 (compatible; SemrushBot/6~bl; +http://www.semrush.com/bot.html)" 
46.229.168.153 - - [19/Jun/2020:04:27:51 -0700] "GET /2017/thanks-chris-im-using-099-the-likes-with-stars-are HTTP/1.1" 200 9448 "-" "Mozilla/5.0 (compatible; SemrushBot/6~bl; +http://www.semrush.com/bot.html)" 
96.126.125.129 - - [19/Jun/2020:04:27:57 -0700] "GET /content/statusupdates/posts/photos/checkins/bookmarkedpages?_t=rss HTTP/1.1" 200 7442 "-" "Micro.blog/1.0" 
46.229.168.147 - - [19/Jun/2020:04:28:53 -0700] "GET /content/photos/?offset=3&q=%23%2B%23bread HTTP/1.1" 200 12196 "-" "Mozilla/5.0 (compatible; SemrushBot/6~bl; +http://www.semrush.com/bot.html)" 
207.46.13.60 - - [19/Jun/2020:04:28:54 -0700] "GET /file/b5d92206c46df26d5920feb789107a50/thumb.jpg HTTP/1.1" 200 23150 "-" "Mozilla/5.0 (compatible; bingbot/2.0; +http://www.bing.com/bingbot.htm)" 
46.229.168.147 - - [19/Jun/2020:04:29:42 -0700] "GET /content/statusupdates/?q=%23%2B%23sourdoughseptember HTTP/1.1" 200 8324 "-" "Mozilla/5.0 (compatible; SemrushBot/6~bl; +http://www.semrush.com/bot.html)" 
46.229.168.144 - - [19/Jun/2020:04:30:05 -0700] "GET /?offset=74&q=%23bread HTTP/1.1" 200 11611 "-" "Mozilla/5.0 (compatible; SemrushBot/6~bl; +http://www.semrush.com/bot.html)" 
46.229.168.163 - - [19/Jun/2020:04:30:47 -0700] "GET /2020/if-it-werent-for-the-fact-that HTTP/1.1" 200 9753 "-" "Mozilla/5.0 (compatible; SemrushBot/6~bl; +http://www.semrush.com/bot.html)" 
46.229.168.137 - - [19/Jun/2020:04:32:06 -0700] "GET /2019/the-economist HTTP/1.1" 200 9300 "-" "Mozilla/5.0 (compatible; SemrushBot/6~bl; +http://www.semrush.com/bot.html)" 
46.229.168.146 - - [19/Jun/2020:04:32:12 -0700] "GET /2018/recipe-testing-for-the-next-session-of-sourdough-u-less HTTP/1.1" 200 14878 "-" "Mozilla/5.0 (compatible; SemrushBot/6~bl; +http://www.semrush.com/bot.html)" 
46.229.168.132 - - [19/Jun/2020:04:32:32 -0700] "GET /content/photos/?offset=16&q=%23%2B%23sourdough HTTP/1.1" 200 11583 "-" "Mozilla/5.0 (compatible; SemrushBot/6~bl; +http://www.semrush.com/bot.html)" 
96.126.125.129 - - [19/Jun/2020:04:33:13 -0700] "GET /content/statusupdates/posts/photos/checkins/bookmarkedpages?_t=rss HTTP/1.1" 200 7442 "-" "Micro.blog/1.0" 
51.38.45.226 - - [19/Jun/2020:04:33:15 -0700] "GET /gfx/users/default-00.png HTTP/1.1" 200 8882 "-" "-" 
66.249.66.46 - - [19/Jun/2020:04:33:37 -0700] "GET /2019/sunday-morning-in-the-park-with-art HTTP/1.1" 304 4068 "-" "Mozilla/5.0 (Linux; Android 6.0.1; Nexus 5X Build/MMB29P) AppleWebKit/537.36 (KHTML, like Gecko) Chrome/80.0.3987.92 Mobile Safari/537.36 (compatible; Googlebot/2.1; +http://www.google.com/bot.html)" 
46.229.168.129 - - [19/Jun/2020:04:33:38 -0700] "GET /content/events/?q=%23authentic HTTP/1.1" 200 8279 "-" "Mozilla/5.0 (compatible; SemrushBot/6~bl; +http://www.semrush.com/bot.html)" 
66.249.66.46 - - [19/Jun/2020:04:33:40 -0700] "GET /2018/-indieauth-for-wordpress HTTP/1.1" 200 10004 "-" "Mozilla/5.0 (Linux; Android 6.0.1; Nexus 5X Build/MMB29P) AppleWebKit/537.36 (KHTML, like Gecko) Chrome/80.0.3987.92 Mobile Safari/537.36 (compatible; Googlebot/2.1; +http://www.google.com/bot.html)" 
66.249.66.46 - - [19/Jun/2020:04:33:52 -0700] "GET /service/web/unfurl/?url=https%3A%2F%2Fdavid.shanske.com%2F2018%2F04%2F07%2Findieauth-for-wordpress%2F&__bTk=69943e220605fd513a07276546916b3a5e7ac0f9fd9803c54ba60d198a8dbd2b&__bTs=1591488000 HTTP/1.1" 403 4962 "https://stream.jeremycherfas.net/2018/-indieauth-for-wordpress" "Mozilla/5.0 (Linux; Android 6.0.1; Nexus 5X Build/MMB29P) AppleWebKit/537.36 (KHTML, like Gecko) Chrome/83.0.4103.108 Mobile Safari/537.36 (compatible; Googlebot/2.1; +http://www.google.com/bot.html)" 
66.249.66.44 - - [19/Jun/2020:04:33:52 -0700] "GET /service/web/unfurl/?url=https%3A%2F%2Fdavid.shanske.com%2F2018%2F04%2F07%2Findieauth-for-wordpress%2F&__bTk=69943e220605fd513a07276546916b3a5e7ac0f9fd9803c54ba60d198a8dbd2b&__bTs=1591887856 HTTP/1.1" 403 4962 "https://stream.jeremycherfas.net/2018/-indieauth-for-wordpress" "Mozilla/5.0 (Linux; Android 6.0.1; Nexus 5X Build/MMB29P) AppleWebKit/537.36 (KHTML, like Gecko) Chrome/83.0.4103.108 Mobile Safari/537.36 (compatible; Googlebot/2.1; +http://www.google.com/bot.html)" 
46.229.168.150 - - [19/Jun/2020:04:34:35 -0700] "GET /content/photos/?offset=30&q=%23Sourdough HTTP/1.1" 200 11199 "-" "Mozilla/5.0 (compatible; SemrushBot/6~bl; +http://www.semrush.com/bot.html)" 
46.229.168.147 - - [19/Jun/2020:04:35:02 -0700] "GET /content/all/?offset=143&q=%23IndieWeb HTTP/1.1" 200 9255 "-" "Mozilla/5.0 (compatible; SemrushBot/6~bl; +http://www.semrush.com/bot.html)" 
46.229.168.161 - - [19/Jun/2020:04:35:09 -0700] "GET /content/locations/?q=%23%2B%23cooking HTTP/1.1" 200 8296 "-" "Mozilla/5.0 (compatible; SemrushBot/6~bl; +http://www.semrush.com/bot.html)" 
46.229.161.131 - - [19/Jun/2020:04:36:17 -0700] "GET /2018/thanks-aaron-for-your-mention-of-my HTTP/1.1" 200 10186 "-" "Mozilla/5.0 (compatible; SemrushBot; +http://www.semrush.com/bot.html)" 
46.229.168.132 - - [19/Jun/2020:04:36:31 -0700] "GET /content/posts/?offset=87 HTTP/1.1" 200 8525 "-" "Mozilla/5.0 (compatible; SemrushBot/6~bl; +http://www.semrush.com/bot.html)" 
64.111.100.215 - - [19/Jun/2020:04:37:24 -0700] "GET /content/all?_t=rss HTTP/1.1" 200 14653 "-" "Mozilla/5.0 (X11; U; Linux i686; fr; rv:1.9.1.1) Gecko/20090715 Firefox/3.5.1" 
46.229.168.142 - - [19/Jun/2020:04:37:47 -0700] "GET /profile/jeremy?offset=120 HTTP/1.1" 200 16924 "-" "Mozilla/5.0 (compatible; SemrushBot/6~bl; +http://www.semrush.com/bot.html)" 
46.229.168.140 - - [19/Jun/2020:04:37:48 -0700] "GET /2019/absolutely-we-need-more-and-better-tools HTTP/1.1" 200 10095 "-" "Mozilla/5.0 (compatible; SemrushBot/6~bl; +http://www.semrush.com/bot.html)" 
96.126.125.129 - - [19/Jun/2020:04:37:56 -0700] "GET /content/statusupdates/posts/photos/checkins/bookmarkedpages?_t=rss HTTP/1.1" 200 7442 "-" "Micro.blog/1.0" 
46.229.168.151 - - [19/Jun/2020:04:38:56 -0700] "GET /2017/attempted-to-post-to-known-from-the-latest-microblog-app HTTP/1.1" 200 9529 "-" "Mozilla/5.0 (compatible; SemrushBot/6~bl; +http://www.semrush.com/bot.html)" 
40.77.167.148 - - [19/Jun/2020:04:39:10 -0700] "GET /file/c85f26b5ef6c756ea28ef4697d198a7b/thumb.jpg HTTP/1.1" 200 80310 "-" "Mozilla/5.0 (compatible; bingbot/2.0; +http://www.bing.com/bingbot.htm)" 
46.229.168.133 - - [19/Jun/2020:04:39:28 -0700] "GET /?offset=9&q=%23Rye HTTP/1.1" 200 8788 "-" "Mozilla/5.0 (compatible; SemrushBot/6~bl; +http://www.semrush.com/bot.html)" 
167.99.111.28 - - [19/Jun/2020:04:40:31 -0700] "GET /?_t=rss HTTP/1.1" 200 7342 "-" "Feedbin feed-id:1536727 - 1 subscribers" 
96.126.125.129 - - [19/Jun/2020:04:41:07 -0700] "GET /content/statusupdates/posts/photos/checkins/bookmarkedpages?_t=rss HTTP/1.1" 200 7442 "-" "Micro.blog/1.0" 
8.2.72.17 - - [19/Jun/2020:04:41:11 -0700] "GET /file/ef801e05730eba56004c5b712ad84731/thumb.jpg HTTP/1.1" 200 26439 "https://www.zylstra.org/" "Mozilla/5.0 (iPhone; CPU iPhone OS 13_5_1 like Mac OS X) AppleWebKit/605.1.15 (KHTML, like Gecko) Version/13.1.1 Mobile/15E148 Safari/604.1" 
46.229.168.144 - - [19/Jun/2020:04:41:47 -0700] "GET /content/all/?offset=20&q=%23bread HTTP/1.1" 200 11960 "-" "Mozilla/5.0 (compatible; SemrushBot/6~bl; +http://www.semrush.com/bot.html)" 
66.249.66.46 - - [19/Jun/2020:04:43:08 -0700] "GET /view/5c9736148dbf78b03cd80a502de7aeff HTTP/1.1" 200 9854 "-" "Mozilla/5.0 (Linux; Android 6.0.1; Nexus 5X Build/MMB29P) AppleWebKit/537.36 (KHTML, like Gecko) Chrome/80.0.3987.92 Mobile Safari/537.36 (compatible; Googlebot/2.1; +http://www.google.com/bot.html)" 
46.229.168.138 - - [19/Jun/2020:04:44:03 -0700] "GET /tag/podcast?offset=48 HTTP/1.1" 200 13154 "-" "Mozilla/5.0 (compatible; SemrushBot/6~bl; +http://www.semrush.com/bot.html)" 
46.229.168.139 - - [19/Jun/2020:04:44:05 -0700] "GET /content/photos?offset=140 HTTP/1.1" 200 10947 "-" "Mozilla/5.0 (compatible; SemrushBot/6~bl; +http://www.semrush.com/bot.html)" 
37.186.10.83 - - [19/Jun/2020:04:44:52 -0700] "GET /file/ef801e05730eba56004c5b712ad84731/thumb.jpg HTTP/1.1" 200 26439 "https://www.zylstra.org/blog/2020/06/personal-software/" "Mozilla/5.0 (Windows NT 10.0; Win64; x64) AppleWebKit/537.36 (KHTML, like Gecko) Chrome/81.0.4044.138 Safari/537.36 OPR/68.0.3618.165" 
46.229.168.139 - - [19/Jun/2020:04:45:09 -0700] "GET /content/photos/?offset=37&q=%23bread HTTP/1.1" 200 12405 "-" "Mozilla/5.0 (compatible; SemrushBot/6~bl; +http://www.semrush.com/bot.html)" 
46.229.168.141 - - [19/Jun/2020:04:45:19 -0700] "GET /?offset=30&q=%23WithKnown HTTP/1.1" 200 13325 "-" "Mozilla/5.0 (compatible; SemrushBot/6~bl; +http://www.semrush.com/bot.html)" 
46.229.168.130 - - [19/Jun/2020:04:46:17 -0700] "GET /robots.txt HTTP/1.1" 200 4276 "-" "Mozilla/5.0 (compatible; SemrushBot/6~bl; +http://www.semrush.com/bot.html)" 
46.229.168.153 - - [19/Jun/2020:04:46:18 -0700] "GET /content/statusupdates/?q=%23Food_history HTTP/1.1" 200 8298 "-" "Mozilla/5.0 (compatible; SemrushBot/6~bl; +http://www.semrush.com/bot.html)" 
46.229.168.135 - - [19/Jun/2020:04:46:38 -0700] "GET /2019/untitled-30 HTTP/1.1" 200 9357 "-" "Mozilla/5.0 (compatible; SemrushBot/6~bl; +http://www.semrush.com/bot.html)" 
45.79.26.51 - - [19/Jun/2020:04:47:30 -0700] "GET /content/statusupdates/posts/photos/checkins/bookmarkedpages?_t=rss HTTP/1.1" 200 7437 "-" "Micro.blog/1.0" 
46.229.168.142 - - [19/Jun/2020:04:48:15 -0700] "GET /?offset=137&q=%23%2B%23indieweb HTTP/1.1" 200 11279 "-" "Mozilla/5.0 (compatible; SemrushBot/6~bl; +http://www.semrush.com/bot.html)" 
46.229.168.162 - - [19/Jun/2020:04:49:05 -0700] "GET /2020/friday-17-april-2020-memex-11 HTTP/1.1" 200 9335 "-" "Mozilla/5.0 (compatible; SemrushBot/6~bl; +http://www.semrush.com/bot.html)" 
46.229.168.139 - - [19/Jun/2020:04:50:34 -0700] "GET /content/all?offset=50 HTTP/1.1" 200 11332 "-" "Mozilla/5.0 (compatible; SemrushBot/6~bl; +http://www.semrush.com/bot.html)" 
46.229.168.146 - - [19/Jun/2020:04:50:47 -0700] "GET /2019/too-late-rachelaliceroddy HTTP/1.1" 200 13343 "-" "Mozilla/5.0 (compatible; SemrushBot/6~bl; +http://www.semrush.com/bot.html)" 
46.229.168.137 - - [19/Jun/2020:04:51:08 -0700] "GET /?offset=80&q=%23IndieWeb HTTP/1.1" 200 13711 "-" "Mozilla/5.0 (compatible; SemrushBot/6~bl; +http://www.semrush.com/bot.html)" 
46.229.168.149 - - [19/Jun/2020:04:51:39 -0700] "GET /2019/note-for-2019-02-06-0731 HTTP/1.1" 200 9251 "-" "Mozilla/5.0 (compatible; SemrushBot/6~bl; +http://www.semrush.com/bot.html)" 
96.126.125.129 - - [19/Jun/2020:04:51:54 -0700] "GET /content/statusupdates/posts/photos/checkins/bookmarkedpages?_t=rss HTTP/1.1" 200 7442 "-" "Micro.blog/1.0" 
46.229.168.163 - - [19/Jun/2020:04:52:08 -0700] "GET /content/photos/?offset=67&q=%23%2B%23bread HTTP/1.1" 200 8868 "-" "Mozilla/5.0 (compatible; SemrushBot/6~bl; +http://www.semrush.com/bot.html)" 
66.249.92.45 - - [19/Jun/2020:04:52:22 -0700] "GET /2018/whats-the-problem HTTP/1.1" 200 11197 "-" "Mozilla/5.0 (compatible; GoogleDocs; apps-spreadsheets; +http://docs.google.com)" 
82.69.12.139 - - [19/Jun/2020:04:52:26 -0700] "GET /file/ef801e05730eba56004c5b712ad84731/thumb.jpg HTTP/1.1" 200 26439 "https://www.zylstra.org/blog/2020/06/personal-software/" "Mozilla/5.0 (iPhone; CPU iPhone OS 13_3_1 like Mac OS X) AppleWebKit/605.1.15 (KHTML, like Gecko) Version/13.0.5 Mobile/15E148 Safari/604.1" 
64.111.100.215 - - [19/Jun/2020:04:52:29 -0700] "GET /content/all?_t=rss HTTP/1.1" 200 14653 "-" "Mozilla/5.0 (X11; U; Linux i686; fr; rv:1.9.1.1) Gecko/20090715 Firefox/3.5.1" 
66.249.66.44 - - [19/Jun/2020:04:52:36 -0700] "GET /view/99920228c552ed341cf55598f705fac5 HTTP/1.1" 200 10072 "-" "Mozilla/5.0 (Linux; Android 6.0.1; Nexus 5X Build/MMB29P) AppleWebKit/537.36 (KHTML, like Gecko) Chrome/80.0.3987.92 Mobile Safari/537.36 (compatible; Googlebot/2.1; +http://www.google.com/bot.html)" 
66.249.66.46 - - [19/Jun/2020:04:52:36 -0700] "GET /robots.txt HTTP/1.1" 200 4857 "-" "Mozilla/5.0 (compatible; Googlebot/2.1; +http://www.google.com/bot.html)" 
66.249.66.44 - - [19/Jun/2020:04:52:39 -0700] "GET /service/web/unfurl/?url=https%3A%2F%2Fwww.marketwatch.com%2Fstory%2Fspooked-by-the-facebook-privacy-violations-this-is-how-much-your-personal-data-is-worth-on-the-dark-web-2018-03-20&__bTk=8cf5873602a5d32070f9c448e9a870721f34b1512119fbf68eec0698347cea8a&__bTs=1591468608 HTTP/1.1" 403 5043 "https://stream.jeremycherfas.net/view/99920228c552ed341cf55598f705fac5" "Mozilla/5.0 (Linux; Android 6.0.1; Nexus 5X Build/MMB29P) AppleWebKit/537.36 (KHTML, like Gecko) Chrome/83.0.4103.108 Mobile Safari/537.36 (compatible; Googlebot/2.1; +http://www.google.com/bot.html)" 
46.229.168.140 - - [19/Jun/2020:04:52:40 -0700] "GET /content/events/?q=%23%2B%23veal HTTP/1.1" 200 8285 "-" "Mozilla/5.0 (compatible; SemrushBot/6~bl; +http://www.semrush.com/bot.html)" 
46.229.168.136 - - [19/Jun/2020:04:52:52 -0700] "GET /?offset=37&q=%23withknown HTTP/1.1" 200 11790 "-" "Mozilla/5.0 (compatible; SemrushBot/6~bl; +http://www.semrush.com/bot.html)" 
46.229.168.162 - - [19/Jun/2020:04:56:20 -0700] "GET /?offset=6&q=%23bread HTTP/1.1" 200 12407 "-" "Mozilla/5.0 (compatible; SemrushBot/6~bl; +http://www.semrush.com/bot.html)" 
46.229.168.134 - - [19/Jun/2020:04:56:41 -0700] "GET /?offset=37&q=%23WithKnown HTTP/1.1" 200 11747 "-" "Mozilla/5.0 (compatible; SemrushBot/6~bl; +http://www.semrush.com/bot.html)" 
46.229.168.142 - - [19/Jun/2020:04:57:12 -0700] "GET /content/photos/?q=%23%2B%23leaven HTTP/1.1" 200 12476 "-" "Mozilla/5.0 (compatible; SemrushBot/6~bl; +http://www.semrush.com/bot.html)" 
46.229.168.145 - - [19/Jun/2020:04:57:44 -0700] "GET /?q=%23jbfa HTTP/1.1" 200 9080 "-" "Mozilla/5.0 (compatible; SemrushBot/6~bl; +http://www.semrush.com/bot.html)" 
207.241.229.225 - - [19/Jun/2020:04:57:48 -0700] "GET /service/web/imageproxy/aHR0cHM6Ly9wYnMudHdpbWcuY29tL3Byb2ZpbGVfaW1hZ2VzLzExODE2OTg3Njk2Mzg4MjU5ODUvRklmcHEtUnUuanBn/300/square HTTP/1.0" 200 21575 "https://stream.jeremycherfas.net/2020/photojazzy-this-an-awful-story-to-read" "Mozilla/5.0 (compatible; special_archiver/3.1.1 +http://www.archive.org/details/archive.org_bot)" 
207.241.229.225 - - [19/Jun/2020:04:57:49 -0700] "GET /service/web/imageproxy/aHR0cHM6Ly9wYnMudHdpbWcuY29tL3Byb2ZpbGVfaW1hZ2VzLzExNTA2MzQ4NDA0NDc4MDc0OTUvZXZjTlFGZUguanBn/300/square HTTP/1.0" 200 21472 "https://stream.jeremycherfas.net/2020/photojazzy-this-an-awful-story-to-read" "Mozilla/5.0 (compatible; special_archiver/3.1.1 +http://www.archive.org/details/archive.org_bot)" 
46.229.168.161 - - [19/Jun/2020:04:58:03 -0700] "GET /2019/lurking-twitter-the-commons-and-private-posts HTTP/1.1" 200 9337 "-" "Mozilla/5.0 (compatible; SemrushBot/6~bl; +http://www.semrush.com/bot.html)" 
46.229.168.136 - - [19/Jun/2020:04:58:08 -0700] "GET /content/all/?q=%23indiewebcitizen HTTP/1.1" 200 9308 "-" "Mozilla/5.0 (compatible; SemrushBot/6~bl; +http://www.semrush.com/bot.html)" 
46.229.168.153 - - [19/Jun/2020:04:58:44 -0700] "GET /2019/here-we-go-again-ready-for-build-number-two HTTP/1.1" 200 13319 "-" "Mozilla/5.0 (compatible; SemrushBot/6~bl; +http://www.semrush.com/bot.html)" 
96.126.125.129 - - [19/Jun/2020:04:59:03 -0700] "GET /content/statusupdates/posts/photos/checkins/bookmarkedpages?_t=rss HTTP/1.1" 200 7442 "-" "Micro.blog/1.0" 
46.229.168.161 - - [19/Jun/2020:05:00:07 -0700] "GET /content/all/?offset=13&q=%23%2B%23sourdough HTTP/1.1" 200 12128 "-" "Mozilla/5.0 (compatible; SemrushBot/6~bl; +http://www.semrush.com/bot.html)" 
46.229.168.163 - - [19/Jun/2020:05:00:38 -0700] "GET /?offset=114&q=%23%2B%23indieweb HTTP/1.1" 200 12211 "-" "Mozilla/5.0 (compatible; SemrushBot/6~bl; +http://www.semrush.com/bot.html)" 
46.229.168.143 - - [19/Jun/2020:05:01:21 -0700] "GET /content/statusupdates/?q=%23hearsay2017 HTTP/1.1" 200 9232 "-" "Mozilla/5.0 (compatible; SemrushBot/6~bl; +http://www.semrush.com/bot.html)" 
66.249.66.48 - - [19/Jun/2020:05:02:04 -0700] "GET /?offset=862 HTTP/1.1" 200 11948 "-" "Mozilla/5.0 (Linux; Android 6.0.1; Nexus 5X Build/MMB29P) AppleWebKit/537.36 (KHTML, like Gecko) Chrome/80.0.3987.92 Mobile Safari/537.36 (compatible; Googlebot/2.1; +http://www.google.com/bot.html)" 
173.230.155.197 - - [19/Jun/2020:05:02:21 -0700] "GET / HTTP/1.1" 200 58045 "-" "Mozilla/5.0 (Macintosh; Intel Mac OS X 10_12_1) AppleWebKit/537.36 (KHTML, like Gecko) Chrome/57.0.2987.133 Safari/537.36 p3k-http/0.1.5 p3k-watchtower/0.1" 
46.229.168.153 - - [19/Jun/2020:05:02:28 -0700] "GET /?offset=70 HTTP/1.1" 200 11600 "-" "Mozilla/5.0 (compatible; SemrushBot/6~bl; +http://www.semrush.com/bot.html)" 
66.249.92.45 - - [19/Jun/2020:05:02:42 -0700] "GET /2018/whats-the-problem HTTP/1.1" 200 11203 "-" "Mozilla/5.0 (compatible; GoogleDocs; apps-spreadsheets; +http://docs.google.com)" 
46.229.168.130 - - [19/Jun/2020:05:03:42 -0700] "GET /content/posts/?q=%23%2B%23podcasting HTTP/1.1" 200 10894 "-" "Mozilla/5.0 (compatible; SemrushBot/6~bl; +http://www.semrush.com/bot.html)" 
46.229.168.139 - - [19/Jun/2020:05:05:36 -0700] "GET /2019/long-cooked-very-sweet-onions-and-bits-of-veal-unusual HTTP/1.1" 200 13115 "-" "Mozilla/5.0 (compatible; SemrushBot/6~bl; +http://www.semrush.com/bot.html)" 
46.229.168.130 - - [19/Jun/2020:05:05:55 -0700] "GET /2018/nice-to-see-stacey-de-polo-set-off-on-her HTTP/1.1" 200 9539 "-" "Mozilla/5.0 (compatible; SemrushBot/6~bl; +http://www.semrush.com/bot.html)" 
46.229.168.151 - - [19/Jun/2020:05:06:23 -0700] "GET /2018/checked-into-burano-motori HTTP/1.1" 200 9516 "-" "Mozilla/5.0 (compatible; SemrushBot/6~bl; +http://www.semrush.com/bot.html)" 
46.229.168.150 - - [19/Jun/2020:05:06:27 -0700] "GET /content/statusupdates/?q=%23antibiotics HTTP/1.1" 200 8322 "-" "Mozilla/5.0 (compatible; SemrushBot/6~bl; +http://www.semrush.com/bot.html)" 
96.126.125.129 - - [19/Jun/2020:05:07:42 -0700] "GET /content/statusupdates/posts/photos/checkins/bookmarkedpages?_t=rss HTTP/1.1" 200 7442 "-" "Micro.blog/1.0" 
64.111.100.215 - - [19/Jun/2020:05:07:43 -0700] "GET /content/all?_t=rss HTTP/1.1" 200 14653 "-" "Mozilla/5.0 (X11; U; Linux i686; fr; rv:1.9.1.1) Gecko/20090715 Firefox/3.5.1" 
46.229.168.130 - - [19/Jun/2020:05:07:50 -0700] "GET /2019/snazzy HTTP/1.1" 200 9766 "-" "Mozilla/5.0 (compatible; SemrushBot/6~bl; +http://www.semrush.com/bot.html)" 
46.229.168.143 - - [19/Jun/2020:05:08:07 -0700] "GET /?offset=110&q=%23indieweb HTTP/1.1" 200 12384 "-" "Mozilla/5.0 (compatible; SemrushBot/6~bl; +http://www.semrush.com/bot.html)" 
17.58.102.79 - - [19/Jun/2020:05:08:24 -0700] "GET /2019/good-start-to-ferragosto HTTP/1.1" 200 13523 "-" "Mozilla/5.0 (Macintosh; Intel Mac OS X 10_15_5) AppleWebKit/605.1.15 (KHTML, like Gecko) Version/13.1.1 Safari/605.1.15 (Applebot/0.1; +http://www.apple.com/go/applebot)" 
46.229.168.146 - - [19/Jun/2020:05:08:32 -0700] "GET /?offset=87&q=%23bread HTTP/1.1" 200 8787 "-" "Mozilla/5.0 (compatible; SemrushBot/6~bl; +http://www.semrush.com/bot.html)" 
46.229.168.147 - - [19/Jun/2020:05:08:46 -0700] "GET /content/all/?offset=54&q=%23%2B%23podcast HTTP/1.1" 200 10125 "-" "Mozilla/5.0 (compatible; SemrushBot/6~bl; +http://www.semrush.com/bot.html)" 
46.229.168.129 - - [19/Jun/2020:05:09:25 -0700] "GET /content/locations/?q=%23%2B%23podcasting HTTP/1.1" 200 8298 "-" "Mozilla/5.0 (compatible; SemrushBot/6~bl; +http://www.semrush.com/bot.html)" 
46.229.168.161 - - [19/Jun/2020:05:09:56 -0700] "GET /2019/art HTTP/1.1" 200 10696 "-" "Mozilla/5.0 (compatible; SemrushBot/6~bl; +http://www.semrush.com/bot.html)" 
46.229.168.137 - - [19/Jun/2020:05:10:24 -0700] "GET /content/photos/?offset=160 HTTP/1.1" 200 11261 "-" "Mozilla/5.0 (compatible; SemrushBot/6~bl; +http://www.semrush.com/bot.html)" 
46.229.168.163 - - [19/Jun/2020:05:11:03 -0700] "GET /tag/WithKnown?offset=39 HTTP/1.1" 200 11459 "-" "Mozilla/5.0 (compatible; SemrushBot/6~bl; +http://www.semrush.com/bot.html)" 
66.249.92.49 - - [19/Jun/2020:05:11:13 -0700] "GET /2018/whats-the-problem HTTP/1.1" 200 11197 "-" "Mozilla/5.0 (compatible; GoogleDocs; apps-spreadsheets; +http://docs.google.com)" 
66.249.66.44 - - [19/Jun/2020:05:11:32 -0700] "GET /view/0eddfbd4c90dbe34f44f8c80a7a9ec19 HTTP/1.1" 200 9952 "-" "Mozilla/5.0 (Linux; Android 6.0.1; Nexus 5X Build/MMB29P) AppleWebKit/537.36 (KHTML, like Gecko) Chrome/80.0.3987.92 Mobile Safari/537.36 (compatible; Googlebot/2.1; +http://www.google.com/bot.html)" 
46.229.168.146 - - [19/Jun/2020:05:12:56 -0700] "GET /?offset=2&q=%23%2B%23food HTTP/1.1" 200 11927 "-" "Mozilla/5.0 (compatible; SemrushBot/6~bl; +http://www.semrush.com/bot.html)" 
167.99.96.232 - - [19/Jun/2020:05:13:57 -0700] "GET /?_t=rss HTTP/1.1" 200 7342 "-" "Feedbin feed-id:1536727 - 1 subscribers" 
46.229.168.154 - - [19/Jun/2020:05:14:07 -0700] "GET /tag/Sourdough?offset=56 HTTP/1.1" 200 8796 "-" "Mozilla/5.0 (compatible; SemrushBot/6~bl; +http://www.semrush.com/bot.html)" 
46.229.168.153 - - [19/Jun/2020:05:14:14 -0700] "GET /?offset=42&q=%23%2B%23bread HTTP/1.1" 200 12268 "-" "Mozilla/5.0 (compatible; SemrushBot/6~bl; +http://www.semrush.com/bot.html)" 
17.58.102.79 - - [19/Jun/2020:05:15:05 -0700] "GET /2018/heres-a-quick-mention-to-welcome-you HTTP/1.1" 200 9933 "-" "Mozilla/5.0 (Macintosh; Intel Mac OS X 10_15_5) AppleWebKit/605.1.15 (KHTML, like Gecko) Version/13.1.1 Safari/605.1.15 (Applebot/0.1; +http://www.apple.com/go/applebot)" 
46.229.168.135 - - [19/Jun/2020:05:15:26 -0700] "GET /content/audio/?q=%23%2B%23food HTTP/1.1" 200 8313 "-" "Mozilla/5.0 (compatible; SemrushBot/6~bl; +http://www.semrush.com/bot.html)" 
46.229.168.146 - - [19/Jun/2020:05:15:52 -0700] "GET /content/all/?offset=13&q=%23Sourdough HTTP/1.1" 200 12037 "-" "Mozilla/5.0 (compatible; SemrushBot/6~bl; +http://www.semrush.com/bot.html)" 
45.79.26.51 - - [19/Jun/2020:05:16:07 -0700] "GET /content/statusupdates/posts/photos/checkins/bookmarkedpages?_t=rss HTTP/1.1" 200 7437 "-" "Micro.blog/1.0" 
46.229.168.138 - - [19/Jun/2020:05:16:10 -0700] "GET /content/photos/?q=%23realbreadweek HTTP/1.1" 200 9379 "-" "Mozilla/5.0 (compatible; SemrushBot/6~bl; +http://www.semrush.com/bot.html)" 
40.77.167.148 - - [19/Jun/2020:05:16:21 -0700] "GET /2020/all-this-and-more-i-am-exploring HTTP/1.1" 200 10860 "-" "Mozilla/5.0 (compatible; bingbot/2.0; +http://www.bing.com/bingbot.htm)" 
46.229.168.141 - - [19/Jun/2020:05:17:23 -0700] "GET /content/audio/?q=%23London HTTP/1.1" 200 8271 "-" "Mozilla/5.0 (compatible; SemrushBot/6~bl; +http://www.semrush.com/bot.html)" 
46.229.168.147 - - [19/Jun/2020:05:18:17 -0700] "GET /content/photos/?offset=51&q=%23sourdough HTTP/1.1" 200 9014 "-" "Mozilla/5.0 (compatible; SemrushBot/6~bl; +http://www.semrush.com/bot.html)" 
46.229.168.150 - - [19/Jun/2020:05:18:21 -0700] "GET /content/bookmarkedpages/?q=%23trypod HTTP/1.1" 200 8288 "-" "Mozilla/5.0 (compatible; SemrushBot/6~bl; +http://www.semrush.com/bot.html)" 
179.222.156.77 - - [19/Jun/2020:05:18:57 -0700] "GET /file/ef801e05730eba56004c5b712ad84731/thumb.jpg HTTP/1.1" 200 26439 "-" "Mozilla/5.0 (X11; Linux x86_64; rv:79.0) Gecko/20100101 Firefox/79.0" 
46.229.168.129 - - [19/Jun/2020:05:20:01 -0700] "GET /2019/2019-02-12 HTTP/1.1" 200 10027 "-" "Mozilla/5.0 (compatible; SemrushBot/6~bl; +http://www.semrush.com/bot.html)" 
54.36.148.15 - - [19/Jun/2020:05:20:04 -0700] "GET /2018/and-tom-jaine-with-the-hard-working-ma%C3%ADrt%C3%ADn-mac-con-iomaire-1/annotations/e507326a220ba23ff3ca4916ab07952f HTTP/1.1" 200 8107 "-" "Mozilla/5.0 (compatible; AhrefsBot/6.1; +http://ahrefs.com/robot/)" 
46.229.168.153 - - [19/Jun/2020:05:20:34 -0700] "GET /content/photos/?q=%23indiewebcitizen HTTP/1.1" 200 8293 "-" "Mozilla/5.0 (compatible; SemrushBot/6~bl; +http://www.semrush.com/bot.html)" 
66.249.66.48 - - [19/Jun/2020:05:21:00 -0700] "GET /view/99920228c552ed341cf55598f705fac5?_t=rss HTTP/1.1" 200 5908 "-" "Mozilla/5.0 (Linux; Android 6.0.1; Nexus 5X Build/MMB29P) AppleWebKit/537.36 (KHTML, like Gecko) Chrome/80.0.3987.92 Mobile Safari/537.36 (compatible; Googlebot/2.1; +http://www.google.com/bot.html)" 
46.229.168.145 - - [19/Jun/2020:05:21:13 -0700] "GET /?offset=75&q=%23IndieWeb HTTP/1.1" 200 13527 "-" "Mozilla/5.0 (compatible; SemrushBot/6~bl; +http://www.semrush.com/bot.html)" 
46.229.168.146 - - [19/Jun/2020:05:21:19 -0700] "GET /content/locations/?q=%23%2B%23Fiction HTTP/1.1" 200 8326 "-" "Mozilla/5.0 (compatible; SemrushBot/6~bl; +http://www.semrush.com/bot.html)" 
46.229.168.143 - - [19/Jun/2020:05:22:04 -0700] "GET /robots.txt HTTP/1.1" 200 4300 "-" "Mozilla/5.0 (compatible; SemrushBot/6~bl; +http://www.semrush.com/bot.html)" 
46.229.168.162 - - [19/Jun/2020:05:22:04 -0700] "GET /2019/table-for-one-from-dearlovelucy-still-open-for-business-at HTTP/1.1" 200 12868 "-" "Mozilla/5.0 (compatible; SemrushBot/6~bl; +http://www.semrush.com/bot.html)" 
114.45.66.14 - - [19/Jun/2020:05:23:13 -0700] "GET /profile/jeremy HTTP/1.1" 200 30734 "https://gregorlove.com/2020/03/we-talked-about-some-improvements/" "Mozilla/5.0 (Windows NT 6.2; WOW64; Trident/7.0; rv:11.0) like Gecko" 
114.45.66.14 - - [19/Jun/2020:05:23:14 -0700] "GET /2020/i-think-it-is-a-splendid-idea HTTP/1.1" 200 7012 "https://gregorlove.com/2020/03/we-talked-about-some-improvements/" "Mozilla/5.0 (Windows NT 6.2; WOW64; Trident/7.0; rv:11.0) like Gecko" 
203.133.169.112 - - [19/Jun/2020:05:23:29 -0700] "GET /robots.txt HTTP/1.1" 200 4275 "-" "Mozilla/5.0 (compatible; Daum/4.1; +http://cs.daum.net/faq/15/4118.html?faqId=28966)" 
203.133.169.112 - - [19/Jun/2020:05:23:30 -0700] "GET /content/all/?q=%23+%23bigbake HTTP/1.1" 200 21733 "-" "Mozilla/5.0 (compatible; Daum/4.1; +http://cs.daum.net/faq/15/4118.html?faqId=28966)" 
96.126.125.129 - - [19/Jun/2020:05:23:33 -0700] "GET /content/statusupdates/posts/photos/checkins/bookmarkedpages?_t=rss HTTP/1.1" 200 7442 "-" "Micro.blog/1.0" 
203.133.169.112 - - [19/Jun/2020:05:23:36 -0700] "GET /2019/such-a-well-deserved-award-cant-remember?_t=rss HTTP/1.1" 200 5437 "-" "Mozilla/5.0 (Unknown; Linux x86_64) AppleWebKit/538.1 (KHTML, like Gecko) Safari/538.1 Daum/4.1" 
64.111.100.215 - - [19/Jun/2020:05:23:37 -0700] "GET /content/all?_t=rss HTTP/1.1" 200 14653 "-" "Mozilla/5.0 (X11; U; Linux i686; fr; rv:1.9.1.1) Gecko/20090715 Firefox/3.5.1" 
203.133.169.112 - - [19/Jun/2020:05:24:00 -0700] "GET /file/1bca9542475cfafb8d7afd8d55b45141 HTTP/1.1" 200 26007 "-" "Mozilla/5.0 (Unknown; Linux x86_64) AppleWebKit/538.1 (KHTML, like Gecko) Safari/538.1 Daum/4.1" 
203.133.169.112 - - [19/Jun/2020:05:24:08 -0700] "GET /file/b0696c97cb5aa5fea774cf5f765ab465 HTTP/1.1" 200 11861 "-" "Mozilla/5.0 (compatible; Daum/4.1; +http://cs.daum.net/faq/15/4118.html?faqId=28966)" 
203.133.169.112 - - [19/Jun/2020:05:24:26 -0700] "GET /content/statusupdates/?q=%23+%23showusyourfuckedloaves&_t=rss HTTP/1.1" 200 5404 "-" "Mozilla/5.0 (compatible; Daum/4.1; +http://cs.daum.net/faq/15/4118.html?faqId=28966)" 
203.133.169.112 - - [19/Jun/2020:05:24:31 -0700] "GET /2019/chris-aldrich-1 HTTP/1.1" 200 27626 "-" "Mozilla/5.0 (compatible; Daum/4.1; +http://cs.daum.net/faq/15/4118.html?faqId=28966)" 
203.133.169.112 - - [19/Jun/2020:05:24:38 -0700] "GET /content/all/?q=%23+%23bigbake HTTP/1.1" 200 21733 "-" "Mozilla/5.0 (compatible; Daum/4.1; +http://cs.daum.net/faq/15/4118.html?faqId=28966)" 
203.133.169.112 - - [19/Jun/2020:05:24:44 -0700] "GET /2019/such-a-well-deserved-award-cant-remember?_t=rss HTTP/1.1" 200 6515 "-" "Mozilla/5.0 (compatible; Daum/4.1; +http://cs.daum.net/faq/15/4118.html?faqId=28966)" 
46.229.168.144 - - [19/Jun/2020:05:24:59 -0700] "GET /2018/ready-for-a-little-rest HTTP/1.1" 200 11024 "-" "Mozilla/5.0 (compatible; SemrushBot/6~bl; +http://www.semrush.com/bot.html)" 
203.133.169.112 - - [19/Jun/2020:05:25:02 -0700] "GET /file/1bca9542475cfafb8d7afd8d55b45141 HTTP/1.1" 200 25847 "-" "Mozilla/5.0 (compatible; Daum/4.1; +http://cs.daum.net/faq/15/4118.html?faqId=28966)" 
203.133.169.112 - - [19/Jun/2020:05:25:08 -0700] "GET /file/b0696c97cb5aa5fea774cf5f765ab465 HTTP/1.1" 200 11861 "-" "Mozilla/5.0 (compatible; Daum/4.1; +http://cs.daum.net/faq/15/4118.html?faqId=28966)" 
46.229.168.140 - - [19/Jun/2020:05:25:09 -0700] "GET /?offset=14&q=%23%2B%23bread HTTP/1.1" 200 12025 "-" "Mozilla/5.0 (compatible; SemrushBot/6~bl; +http://www.semrush.com/bot.html)" 
54.36.148.201 - - [19/Jun/2020:05:25:13 -0700] "GET /2020/im-perfectly-happy-that-scott-nesbitt-decided HTTP/1.1" 200 9501 "-" "Mozilla/5.0 (compatible; AhrefsBot/6.1; +http://ahrefs.com/robot/)" 
203.133.169.112 - - [19/Jun/2020:05:25:25 -0700] "GET /content/statusupdates/?q=%23+%23showusyourfuckedloaves&_t=rss HTTP/1.1" 200 5404 "-" "Mozilla/5.0 (compatible; Daum/4.1; +http://cs.daum.net/faq/15/4118.html?faqId=28966)" 
203.133.169.112 - - [19/Jun/2020:05:25:31 -0700] "GET /2019/chris-aldrich-1 HTTP/1.1" 200 27626 "-" "Mozilla/5.0 (compatible; Daum/4.1; +http://cs.daum.net/faq/15/4118.html?faqId=28966)" 
203.133.169.112 - - [19/Jun/2020:05:25:37 -0700] "GET /content/all/?q=%23+%23bigbake HTTP/1.1" 200 21733 "-" "Mozilla/5.0 (compatible; Daum/4.1; +http://cs.daum.net/faq/15/4118.html?faqId=28966)" 
203.133.169.112 - - [19/Jun/2020:05:25:43 -0700] "GET /2019/such-a-well-deserved-award-cant-remember?_t=rss HTTP/1.1" 200 6515 "-" "Mozilla/5.0 (compatible; Daum/4.1; +http://cs.daum.net/faq/15/4118.html?faqId=28966)" 
203.133.169.112 - - [19/Jun/2020:05:26:01 -0700] "GET /file/1bca9542475cfafb8d7afd8d55b45141 HTTP/1.1" 200 25847 "-" "Mozilla/5.0 (compatible; Daum/4.1; +http://cs.daum.net/faq/15/4118.html?faqId=28966)" 
203.133.169.112 - - [19/Jun/2020:05:26:07 -0700] "GET /file/b0696c97cb5aa5fea774cf5f765ab465 HTTP/1.1" 200 11861 "-" "Mozilla/5.0 (compatible; Daum/4.1; +http://cs.daum.net/faq/15/4118.html?faqId=28966)" 
54.36.149.2 - - [19/Jun/2020:05:26:19 -0700] "GET /2020/on-second-thoughts-maybe-the-reason-my HTTP/1.1" 200 9703 "-" "Mozilla/5.0 (compatible; AhrefsBot/6.1; +http://ahrefs.com/robot/)" 
203.133.169.112 - - [19/Jun/2020:05:26:24 -0700] "GET /content/statusupdates/?q=%23+%23showusyourfuckedloaves&_t=rss HTTP/1.1" 200 5404 "-" "Mozilla/5.0 (compatible; Daum/4.1; +http://cs.daum.net/faq/15/4118.html?faqId=28966)" 
203.133.169.112 - - [19/Jun/2020:05:26:30 -0700] "GET /2019/chris-aldrich-1 HTTP/1.1" 200 27626 "-" "Mozilla/5.0 (compatible; Daum/4.1; +http://cs.daum.net/faq/15/4118.html?faqId=28966)" 
46.229.168.137 - - [19/Jun/2020:05:26:49 -0700] "GET /content/all/?offset=0&q=%23%2B%23indieweb HTTP/1.1" 200 14821 "-" "Mozilla/5.0 (compatible; SemrushBot/6~bl; +http://www.semrush.com/bot.html)" 
40.77.167.148 - - [19/Jun/2020:05:27:12 -0700] "GET /2017/dr_rjbyrne-theres-a-global-shortage-of-opiates-why-not-give HTTP/1.1" 200 10782 "-" "Mozilla/5.0 (compatible; bingbot/2.0; +http://www.bing.com/bingbot.htm)" 
46.229.168.142 - - [19/Jun/2020:05:27:12 -0700] "GET /content/statusupdates/?offset=1&q=%23IndieWeb HTTP/1.1" 200 11527 "-" "Mozilla/5.0 (compatible; SemrushBot/6~bl; +http://www.semrush.com/bot.html)" 
46.229.168.153 - - [19/Jun/2020:05:27:15 -0700] "GET /2019/friends-of-the-fountain-pen-how-do HTTP/1.1" 200 10023 "-" "Mozilla/5.0 (compatible; SemrushBot/6~bl; +http://www.semrush.com/bot.html)" 
46.229.168.134 - - [19/Jun/2020:05:27:31 -0700] "GET /2019/untitled-30 HTTP/1.1" 200 9341 "-" "Mozilla/5.0 (compatible; SemrushBot/6~bl; +http://www.semrush.com/bot.html)" 
46.229.168.130 - - [19/Jun/2020:05:27:37 -0700] "GET /2017/probably-something-to-do-with-food-learning HTTP/1.1" 200 9973 "-" "Mozilla/5.0 (compatible; SemrushBot/6~bl; +http://www.semrush.com/bot.html)" 
54.36.148.201 - - [19/Jun/2020:05:28:33 -0700] "GET /content/audio/?q=%23Greece HTTP/1.1" 200 8278 "-" "Mozilla/5.0 (compatible; AhrefsBot/6.1; +http://ahrefs.com/robot/)" 
46.229.168.146 - - [19/Jun/2020:05:28:44 -0700] "GET /content/audio/?q=%23%2B%23multigrain HTTP/1.1" 200 8322 "-" "Mozilla/5.0 (compatible; SemrushBot/6~bl; +http://www.semrush.com/bot.html)" 
96.126.125.129 - - [19/Jun/2020:05:29:13 -0700] "GET /content/statusupdates/posts/photos/checkins/bookmarkedpages?_t=rss HTTP/1.1" 200 7442 "-" "Micro.blog/1.0" 
54.36.148.81 - - [19/Jun/2020:05:29:35 -0700] "GET /content/all/?q=%23sourdough&offset=0 HTTP/1.1" 200 12088 "-" "Mozilla/5.0 (compatible; AhrefsBot/6.1; +http://ahrefs.com/robot/)" 
66.249.66.48 - - [19/Jun/2020:05:30:28 -0700] "GET /view/a0355676d7c6a258a98ad6a8acbfcfc5 HTTP/1.1" 200 10598 "-" "Mozilla/5.0 (Linux; Android 6.0.1; Nexus 5X Build/MMB29P) AppleWebKit/537.36 (KHTML, like Gecko) Chrome/80.0.3987.92 Mobile Safari/537.36 (compatible; Googlebot/2.1; +http://www.google.com/bot.html)" 
54.36.148.96 - - [19/Jun/2020:05:30:44 -0700] "GET /2020/nhs-doctor-forget-medals-and-flypasts-what-we-want-is HTTP/1.1" 200 9443 "-" "Mozilla/5.0 (compatible; AhrefsBot/6.1; +http://ahrefs.com/robot/)" 
66.249.92.45 - - [19/Jun/2020:05:30:49 -0700] "GET /2018/whats-the-problem HTTP/1.1" 200 11198 "-" "Mozilla/5.0 (compatible; GoogleDocs; apps-spreadsheets; +http://docs.google.com)" 
46.229.168.141 - - [19/Jun/2020:05:31:01 -0700] "GET /content/all/?offset=110&q=%23%2B%23%23indieweb HTTP/1.1" 200 12490 "-" "Mozilla/5.0 (compatible; SemrushBot/6~bl; +http://www.semrush.com/bot.html)" 
54.36.149.105 - - [19/Jun/2020:05:31:43 -0700] "GET /content/all/?offset=0 HTTP/1.1" 200 12049 "-" "Mozilla/5.0 (compatible; AhrefsBot/6.1; +http://ahrefs.com/robot/)" 
220.181.108.86 - - [19/Jun/2020:05:32:24 -0700] "GET /profile/jeremy HTTP/1.1" 200 243217 "-" "Mozilla/5.0 (compatible; Baiduspider/2.0; +http://www.baidu.com/search/spider.html)" 
46.229.168.147 - - [19/Jun/2020:05:32:27 -0700] "GET /content/bookmarkedpages?offset=50 HTTP/1.1" 200 11072 "-" "Mozilla/5.0 (compatible; SemrushBot/6~bl; +http://www.semrush.com/bot.html)" 
54.36.149.73 - - [19/Jun/2020:05:32:44 -0700] "GET /content/statusupdates/?q=%23London HTTP/1.1" 200 9629 "-" "Mozilla/5.0 (compatible; AhrefsBot/6.1; +http://ahrefs.com/robot/)" 
46.229.168.162 - - [19/Jun/2020:05:32:51 -0700] "GET /tag/indieweb?offset=17 HTTP/1.1" 200 11649 "-" "Mozilla/5.0 (compatible; SemrushBot/6~bl; +http://www.semrush.com/bot.html)" 
46.229.168.144 - - [19/Jun/2020:05:33:01 -0700] "GET /content/all/?offset=21&q=%23%2B%23podcast HTTP/1.1" 200 12191 "-" "Mozilla/5.0 (compatible; SemrushBot/6~bl; +http://www.semrush.com/bot.html)" 
