46.229.168.147 - - [09/Jun/2020:02:14:52 -0700] "GET /2017/so-farewell-then-clammr-and-soundcloud HTTP/1.1" 200 11637 "-" "Mozilla/5.0 (compatible; SemrushBot/6~bl; +http://www.semrush.com/bot.html)" 
45.79.26.51 - - [09/Jun/2020:02:15:08 -0700] "GET /content/statusupdates/posts/photos/checkins/bookmarkedpages?_t=rss HTTP/1.1" 200 7453 "-" "Micro.blog/1.0" 
46.229.168.135 - - [09/Jun/2020:02:15:33 -0700] "GET /content/all/?offset=20&q=%23WithKnown HTTP/1.1" 200 12641 "-" "Mozilla/5.0 (compatible; SemrushBot/6~bl; +http://www.semrush.com/bot.html)" 
66.249.75.110 - - [09/Jun/2020:02:16:32 -0700] "GET /?offset=465 HTTP/1.1" 200 11189 "-" "Mozilla/5.0 (Linux; Android 6.0.1; Nexus 5X Build/MMB29P) AppleWebKit/537.36 (KHTML, like Gecko) Chrome/80.0.3987.92 Mobile Safari/537.36 (compatible; Googlebot/2.1; +http://www.google.com/bot.html)" 
46.229.168.138 - - [09/Jun/2020:02:16:47 -0700] "GET /content/audio/?q=%23Food_history HTTP/1.1" 200 8533 "-" "Mozilla/5.0 (compatible; SemrushBot/6~bl; +http://www.semrush.com/bot.html)" 
66.249.75.110 - - [09/Jun/2020:02:17:09 -0700] "GET /view/a6ce7ecededc67c95d499cea4c86dae6 HTTP/1.1" 200 9875 "-" "Mozilla/5.0 (Linux; Android 6.0.1; Nexus 5X Build/MMB29P) AppleWebKit/537.36 (KHTML, like Gecko) Chrome/80.0.3987.92 Mobile Safari/537.36 (compatible; Googlebot/2.1; +http://www.google.com/bot.html)" 
114.119.164.86 - - [09/Jun/2020:02:17:33 -0700] "GET /tag/Indieweb?offset=50 HTTP/1.1" 200 12494 "-" "Mozilla/5.0 (Linux; Android 7.0;) AppleWebKit/537.36 (KHTML, like Gecko) Mobile Safari/537.36 (compatible; PetalBot;+https://aspiegel.com/petalbot)" 
77.88.5.71 - - [09/Jun/2020:02:18:18 -0700] "GET /file/b404f12a71ca9d82bbbc18e0739dbfb0 HTTP/1.1" 304 3726 "-" "Mozilla/5.0 (compatible; YandexImages/3.0; +http://yandex.com/bots)" 
77.88.5.71 - - [09/Jun/2020:02:18:23 -0700] "GET /file/81f17c757123de713ce9d3ae4e3c05ab HTTP/1.1" 304 3726 "-" "Mozilla/5.0 (compatible; YandexImages/3.0; +http://yandex.com/bots)" 
46.229.168.137 - - [09/Jun/2020:02:18:26 -0700] "GET /content/locations/?q=%23Automators HTTP/1.1" 200 8533 "-" "Mozilla/5.0 (compatible; SemrushBot/6~bl; +http://www.semrush.com/bot.html)" 
46.229.168.163 - - [09/Jun/2020:02:18:39 -0700] "GET /content/posts/?q=%23%2B%23rustic HTTP/1.1" 200 8505 "-" "Mozilla/5.0 (compatible; SemrushBot/6~bl; +http://www.semrush.com/bot.html)" 
157.55.39.110 - - [09/Jun/2020:02:18:44 -0700] "GET /2018/while-i-continue-to-avoid-foodie-clich%C3%A9s-heres-an-amuse-gueule HTTP/1.1" 200 11285 "-" "Mozilla/5.0 (compatible; bingbot/2.0; +http://www.bing.com/bingbot.htm)" 
157.55.39.110 - - [09/Jun/2020:02:18:44 -0700] "GET /content/locations/?q=%23indieweb HTTP/1.1" 200 5216 "-" "Mozilla/5.0 (compatible; bingbot/2.0; +http://www.bing.com/bingbot.htm)" 
157.55.39.110 - - [09/Jun/2020:02:18:44 -0700] "GET /2018/airlines-and-airports-the-brooks-review HTTP/1.1" 200 6697 "-" "Mozilla/5.0 (compatible; bingbot/2.0; +http://www.bing.com/bingbot.htm)" 
157.55.39.30 - - [09/Jun/2020:02:18:49 -0700] "GET /robots.txt HTTP/1.1" 200 2782 "-" "Mozilla/5.0 (compatible; bingbot/2.0; +http://www.bing.com/bingbot.htm)" 
157.55.39.30 - - [09/Jun/2020:02:18:49 -0700] "GET /robots.txt HTTP/1.1" 200 4589 "-" "Mozilla/5.0 (compatible; bingbot/2.0; +http://www.bing.com/bingbot.htm)" 
157.55.39.30 - - [09/Jun/2020:02:18:49 -0700] "GET /robots.txt HTTP/1.1" 200 2782 "-" "Mozilla/5.0 (compatible; bingbot/2.0; +http://www.bing.com/bingbot.htm)" 
157.55.39.30 - - [09/Jun/2020:02:18:49 -0700] "GET /robots.txt HTTP/1.1" 200 4589 "-" "Mozilla/5.0 (compatible; bingbot/2.0; +http://www.bing.com/bingbot.htm)" 
157.55.39.208 - - [09/Jun/2020:02:19:00 -0700] "GET /2018/jonathan-lacour-has-done-some-great-work-freeing-himself-from HTTP/1.1" 200 10040 "-" "Mozilla/5.0 (compatible; bingbot/2.0; +http://www.bing.com/bingbot.htm)" 
157.55.39.208 - - [09/Jun/2020:02:19:00 -0700] "GET /2018/dullhunk-very-good-question-who-is-milling HTTP/1.1" 200 6469 "-" "Mozilla/5.0 (compatible; bingbot/2.0; +http://www.bing.com/bingbot.htm)" 
46.229.168.161 - - [09/Jun/2020:02:19:00 -0700] "GET /?offset=50&q=%23Indieweb HTTP/1.1" 200 12733 "-" "Mozilla/5.0 (compatible; SemrushBot/6~bl; +http://www.semrush.com/bot.html)" 
157.55.39.208 - - [09/Jun/2020:02:19:00 -0700] "GET /2018/made-a-tray-of-domenicacooks-farinata-di-ceci-and-this HTTP/1.1" 200 8404 "-" "Mozilla/5.0 (compatible; bingbot/2.0; +http://www.bing.com/bingbot.htm)" 
157.55.39.208 - - [09/Jun/2020:02:19:02 -0700] "GET /2018/ready-for-a-little-rest HTTP/1.1" 200 7919 "-" "Mozilla/5.0 (compatible; bingbot/2.0; +http://www.bing.com/bingbot.htm)" 
157.55.39.208 - - [09/Jun/2020:02:19:02 -0700] "GET /?q=%23indieweb HTTP/1.1" 200 11755 "-" "Mozilla/5.0 (compatible; bingbot/2.0; +http://www.bing.com/bingbot.htm)" 
157.55.39.208 - - [09/Jun/2020:02:19:03 -0700] "GET /content/photos/?q=%23indieweb HTTP/1.1" 200 6002 "-" "Mozilla/5.0 (compatible; bingbot/2.0; +http://www.bing.com/bingbot.htm)" 
157.55.39.208 - - [09/Jun/2020:02:19:03 -0700] "GET /profile/jeremy?offset=0 HTTP/1.1" 200 26171 "-" "Mozilla/5.0 (compatible; bingbot/2.0; +http://www.bing.com/bingbot.htm)" 
157.55.39.208 - - [09/Jun/2020:02:19:05 -0700] "GET /2018/getting-there-slowly-but-getting-there HTTP/1.1" 200 7280 "-" "Mozilla/5.0 (compatible; bingbot/2.0; +http://www.bing.com/bingbot.htm)" 
40.77.167.64 - - [09/Jun/2020:02:19:07 -0700] "GET /2019/lurking-twitter-the-commons-and-private-posts HTTP/1.1" 200 9552 "-" "Mozilla/5.0 (compatible; bingbot/2.0; +http://www.bing.com/bingbot.htm)" 
40.77.167.64 - - [09/Jun/2020:02:19:08 -0700] "GET /content/audio/?q=%23indieweb HTTP/1.1" 200 5209 "-" "Mozilla/5.0 (compatible; bingbot/2.0; +http://www.bing.com/bingbot.htm)" 
40.77.167.64 - - [09/Jun/2020:02:19:08 -0700] "GET /tag/Food_history HTTP/1.1" 200 6202 "-" "Mozilla/5.0 (compatible; bingbot/2.0; +http://www.bing.com/bingbot.htm)" 
40.77.167.64 - - [09/Jun/2020:02:19:08 -0700] "GET /tag/indieweb?offset=10 HTTP/1.1" 200 8507 "-" "Mozilla/5.0 (compatible; bingbot/2.0; +http://www.bing.com/bingbot.htm)" 
207.46.13.79 - - [09/Jun/2020:02:19:16 -0700] "GET /2019/checked-into-fondamenta-rezzonico HTTP/1.1" 200 9749 "-" "Mozilla/5.0 (compatible; bingbot/2.0; +http://www.bing.com/bingbot.htm)" 
207.46.13.79 - - [09/Jun/2020:02:19:17 -0700] "GET /2018/bookmark---indieweb-1 HTTP/1.1" 200 6146 "-" "Mozilla/5.0 (compatible; bingbot/2.0; +http://www.bing.com/bingbot.htm)" 
207.46.13.79 - - [09/Jun/2020:02:19:18 -0700] "GET /tag/Fornacalia HTTP/1.1" 200 9817 "-" "Mozilla/5.0 (compatible; bingbot/2.0; +http://www.bing.com/bingbot.htm)" 
207.46.13.79 - - [09/Jun/2020:02:19:19 -0700] "GET /2019/an-hour-later-and-the-dough-is-already-a-lot HTTP/1.1" 200 9153 "-" "Mozilla/5.0 (compatible; bingbot/2.0; +http://www.bing.com/bingbot.htm)" 
207.46.13.79 - - [09/Jun/2020:02:19:19 -0700] "GET /2018/blimey-i-just-started-another-coursera-offering-this-morning-and HTTP/1.1" 200 6612 "-" "Mozilla/5.0 (compatible; bingbot/2.0; +http://www.bing.com/bingbot.htm)" 
207.46.13.79 - - [09/Jun/2020:02:19:20 -0700] "GET /2018/aaron-davis-wonders-when-are-you-an-actual-citizen-that HTTP/1.1" 200 7042 "-" "Mozilla/5.0 (compatible; bingbot/2.0; +http://www.bing.com/bingbot.htm)" 
207.46.13.79 - - [09/Jun/2020:02:19:21 -0700] "GET /tag/London HTTP/1.1" 200 7436 "-" "Mozilla/5.0 (compatible; bingbot/2.0; +http://www.bing.com/bingbot.htm)" 
64.111.100.215 - - [09/Jun/2020:02:19:31 -0700] "GET /content/all?_t=rss HTTP/1.1" 200 13441 "-" "Mozilla/5.0 (X11; U; Linux i686; fr; rv:1.9.1.1) Gecko/20090715 Firefox/3.5.1" 
46.229.168.139 - - [09/Jun/2020:02:20:36 -0700] "GET /tag/indieweb?offset=139 HTTP/1.1" 200 10674 "-" "Mozilla/5.0 (compatible; SemrushBot/6~bl; +http://www.semrush.com/bot.html)" 
54.70.40.11 - - [09/Jun/2020:02:20:56 -0700] "GET /2018/virtual-homebrew-website-club-1 HTTP/1.1" 200 9611 "-" "Mozilla/5.0 (compatible) SemanticScholarBot (+https://www.semanticscholar.org/crawler)" 
46.229.168.132 - - [09/Jun/2020:02:21:19 -0700] "GET /content/all/?offset=141&q=%23IndieWeb HTTP/1.1" 200 9798 "-" "Mozilla/5.0 (compatible; SemrushBot/6~bl; +http://www.semrush.com/bot.html)" 
46.229.168.134 - - [09/Jun/2020:02:22:30 -0700] "GET /content/photos?offset=60 HTTP/1.1" 200 11776 "-" "Mozilla/5.0 (compatible; SemrushBot/6~bl; +http://www.semrush.com/bot.html)" 
46.229.168.163 - - [09/Jun/2020:02:22:49 -0700] "GET /2019/just-looking-i-promise HTTP/1.1" 200 13369 "-" "Mozilla/5.0 (compatible; SemrushBot/6~bl; +http://www.semrush.com/bot.html)" 
114.119.160.61 - - [09/Jun/2020:02:23:15 -0700] "GET /tag/indieweb?offset=143 HTTP/1.1" 200 9244 "-" "Mozilla/5.0 (Linux; Android 7.0;) AppleWebKit/537.36 (KHTML, like Gecko) Mobile Safari/537.36 (compatible; PetalBot;+https://aspiegel.com/petalbot)" 
46.229.168.136 - - [09/Jun/2020:02:24:29 -0700] "GET /content/statusupdates/?offset=24&q=%23IndieWeb HTTP/1.1" 200 10786 "-" "Mozilla/5.0 (compatible; SemrushBot/6~bl; +http://www.semrush.com/bot.html)" 
46.229.168.151 - - [09/Jun/2020:02:25:12 -0700] "GET /tag/seeded HTTP/1.1" 200 10393 "-" "Mozilla/5.0 (compatible; SemrushBot/6~bl; +http://www.semrush.com/bot.html)" 
46.229.168.163 - - [09/Jun/2020:02:25:52 -0700] "GET /content/statusupdates/?offset=0&q=%23%2B%23Http%3A%2F%2Fwww.marigoldroma.com%2F HTTP/1.1" 200 8597 "-" "Mozilla/5.0 (compatible; SemrushBot/6~bl; +http://www.semrush.com/bot.html)" 
46.229.168.147 - - [09/Jun/2020:02:26:28 -0700] "GET /?q=%23Fiction HTTP/1.1" 200 8464 "-" "Mozilla/5.0 (compatible; SemrushBot/6~bl; +http://www.semrush.com/bot.html)" 
66.249.69.180 - - [09/Jun/2020:02:26:38 -0700] "GET /2019/who-is-the-real-dice-man-the-elusive-writer-behind?_t=rss HTTP/1.1" 200 5634 "-" "Mozilla/5.0 (Linux; Android 6.0.1; Nexus 5X Build/MMB29P) AppleWebKit/537.36 (KHTML, like Gecko) Chrome/80.0.3987.92 Mobile Safari/537.36 (compatible; Googlebot/2.1; +http://www.google.com/bot.html)" 
46.229.168.153 - - [09/Jun/2020:02:26:59 -0700] "GET /tag/rye HTTP/1.1" 200 12298 "-" "Mozilla/5.0 (compatible; SemrushBot/6~bl; +http://www.semrush.com/bot.html)" 
46.229.168.137 - - [09/Jun/2020:02:27:14 -0700] "GET /2017/for-the-sake-of-completeness-and-as-a-necessary-stage HTTP/1.1" 200 9721 "-" "Mozilla/5.0 (compatible; SemrushBot/6~bl; +http://www.semrush.com/bot.html)" 
46.229.168.161 - - [09/Jun/2020:02:27:23 -0700] "GET /tag/withknown?offset=40 HTTP/1.1" 200 11680 "-" "Mozilla/5.0 (compatible; SemrushBot/6~bl; +http://www.semrush.com/bot.html)" 
46.229.168.153 - - [09/Jun/2020:02:27:44 -0700] "GET /?q=%23%2B%23indieweb HTTP/1.1" 200 15056 "-" "Mozilla/5.0 (compatible; SemrushBot/6~bl; +http://www.semrush.com/bot.html)" 
46.229.168.132 - - [09/Jun/2020:02:28:02 -0700] "GET /content/locations/?offset=40 HTTP/1.1" 200 11121 "-" "Mozilla/5.0 (compatible; SemrushBot/6~bl; +http://www.semrush.com/bot.html)" 
54.36.148.81 - - [09/Jun/2020:02:28:08 -0700] "GET /2019/on-the-caustic-focus-on-temporality-in-social-media HTTP/1.1" 200 9242 "-" "Mozilla/5.0 (compatible; AhrefsBot/6.1; +http://ahrefs.com/robot/)" 
173.230.155.197 - - [09/Jun/2020:02:29:09 -0700] "GET / HTTP/1.1" 200 55401 "-" "Mozilla/5.0 (Macintosh; Intel Mac OS X 10_12_1) AppleWebKit/537.36 (KHTML, like Gecko) Chrome/57.0.2987.133 Safari/537.36 p3k-http/0.1.5 p3k-watchtower/0.1" 
54.36.148.201 - - [09/Jun/2020:02:29:44 -0700] "GET /2019/thanks-aaron-i-havent-given-up-yet HTTP/1.1" 200 9397 "-" "Mozilla/5.0 (compatible; AhrefsBot/6.1; +http://ahrefs.com/robot/)" 
46.229.168.143 - - [09/Jun/2020:02:29:58 -0700] "GET /robots.txt HTTP/1.1" 200 4576 "-" "Mozilla/5.0 (compatible; SemrushBot/6~bl; +http://www.semrush.com/bot.html)" 
46.229.168.146 - - [09/Jun/2020:02:29:59 -0700] "GET /content/photos/?offset=42&q=%23%2B%23bread HTTP/1.1" 200 12385 "-" "Mozilla/5.0 (compatible; SemrushBot/6~bl; +http://www.semrush.com/bot.html)" 
46.229.168.130 - - [09/Jun/2020:02:32:11 -0700] "GET /2019/everything-is-amazing-but-nothing-is-ours-alexdancocom HTTP/1.1" 200 9647 "-" "Mozilla/5.0 (compatible; SemrushBot/6~bl; +http://www.semrush.com/bot.html)" 
46.229.168.145 - - [09/Jun/2020:02:32:12 -0700] "GET /content/all/?offset=39&q=%23%2B%23sourdough HTTP/1.1" 200 11721 "-" "Mozilla/5.0 (compatible; SemrushBot/6~bl; +http://www.semrush.com/bot.html)" 
45.79.26.51 - - [09/Jun/2020:02:32:57 -0700] "GET /content/statusupdates/posts/photos/checkins/bookmarkedpages?_t=rss HTTP/1.1" 200 7453 "-" "Micro.blog/1.0" 
17.58.102.79 - - [09/Jun/2020:02:33:13 -0700] "GET /2020/progress-1 HTTP/1.1" 200 9247 "-" "Mozilla/5.0 (Macintosh; Intel Mac OS X 10_10_1) AppleWebKit/600.2.5 (KHTML, like Gecko) Version/8.0.2 Safari/600.2.5 (Applebot/0.1; +http://www.apple.com/go/applebot)" 
46.229.168.142 - - [09/Jun/2020:02:33:34 -0700] "GET /?offset=9&q=%23fornacalia HTTP/1.1" 200 9052 "-" "Mozilla/5.0 (compatible; SemrushBot/6~bl; +http://www.semrush.com/bot.html)" 
46.229.168.144 - - [09/Jun/2020:02:33:54 -0700] "GET /content/statusupdates/?offset=9&q=%23indieweb HTTP/1.1" 200 11338 "-" "Mozilla/5.0 (compatible; SemrushBot/6~bl; +http://www.semrush.com/bot.html)" 
46.229.168.150 - - [09/Jun/2020:02:33:56 -0700] "GET /?offset=54&q=%23%2B%23indieweb HTTP/1.1" 200 13437 "-" "Mozilla/5.0 (compatible; SemrushBot/6~bl; +http://www.semrush.com/bot.html)" 
17.58.102.79 - - [09/Jun/2020:02:34:17 -0700] "GET /2019/one-of-the-things-i-love-about-making-my-own HTTP/1.1" 200 14645 "-" "Mozilla/5.0 (Macintosh; Intel Mac OS X 10_10_1) AppleWebKit/600.2.5 (KHTML, like Gecko) Version/8.0.2 Safari/600.2.5 (Applebot/0.1; +http://www.apple.com/go/applebot)" 
46.229.168.154 - - [09/Jun/2020:02:34:19 -0700] "GET /content/photos/?offset=55&q=%23%2B%23%23bread HTTP/1.1" 200 11922 "-" "Mozilla/5.0 (compatible; SemrushBot/6~bl; +http://www.semrush.com/bot.html)" 
114.119.166.46 - - [09/Jun/2020:02:34:45 -0700] "GET /content/all?q=%23%2B%23bread&offset=46 HTTP/1.1" 200 12450 "-" "Mozilla/5.0 (Linux; Android 7.0;) AppleWebKit/537.36 (KHTML, like Gecko) Mobile Safari/537.36 (compatible; PetalBot;+https://aspiegel.com/petalbot)" 
64.111.100.215 - - [09/Jun/2020:02:35:06 -0700] "GET /content/all?_t=rss HTTP/1.1" 200 13441 "-" "Mozilla/5.0 (X11; U; Linux i686; fr; rv:1.9.1.1) Gecko/20090715 Firefox/3.5.1" 
46.229.168.152 - - [09/Jun/2020:02:35:54 -0700] "GET /content/audio/?q=%23Indieweb HTTP/1.1" 200 8491 "-" "Mozilla/5.0 (compatible; SemrushBot/6~bl; +http://www.semrush.com/bot.html)" 
46.229.168.145 - - [09/Jun/2020:02:36:19 -0700] "GET /tag/+%23174 HTTP/1.1" 200 9419 "-" "Mozilla/5.0 (compatible; SemrushBot/6~bl; +http://www.semrush.com/bot.html)" 
46.229.168.138 - - [09/Jun/2020:02:36:51 -0700] "GET /2018/winter-wonderland HTTP/1.1" 200 10915 "-" "Mozilla/5.0 (compatible; SemrushBot/6~bl; +http://www.semrush.com/bot.html)" 
46.229.168.154 - - [09/Jun/2020:02:37:22 -0700] "GET /2017/pure-voodoo-what-did-not-work-a-couple-of-days HTTP/1.1" 200 9595 "-" "Mozilla/5.0 (compatible; SemrushBot/6~bl; +http://www.semrush.com/bot.html)" 
46.229.168.141 - - [09/Jun/2020:02:37:58 -0700] "GET /content/all/?offset=10&q=%23%2B%23IndieWeb HTTP/1.1" 200 11904 "-" "Mozilla/5.0 (compatible; SemrushBot/6~bl; +http://www.semrush.com/bot.html)" 
46.229.168.154 - - [09/Jun/2020:02:38:34 -0700] "GET /tag/sourdough?offset=35 HTTP/1.1" 200 11370 "-" "Mozilla/5.0 (compatible; SemrushBot/6~bl; +http://www.semrush.com/bot.html)" 
46.229.168.133 - - [09/Jun/2020:02:39:29 -0700] "GET /content/all/?q=%23London HTTP/1.1" 200 10796 "-" "Mozilla/5.0 (compatible; SemrushBot/6~bl; +http://www.semrush.com/bot.html)" 
45.79.26.51 - - [09/Jun/2020:02:39:30 -0700] "GET /content/statusupdates/posts/photos/checkins/bookmarkedpages?_t=rss HTTP/1.1" 200 7453 "-" "Micro.blog/1.0" 
46.229.168.132 - - [09/Jun/2020:02:39:36 -0700] "GET /content/posts/?offset=32 HTTP/1.1" 200 13559 "-" "Mozilla/5.0 (compatible; SemrushBot/6~bl; +http://www.semrush.com/bot.html)" 
5.188.210.79 - - [09/Jun/2020:02:39:52 -0700] "GET /profile/jeremy?offset=106 HTTP/1.0" 200 127980 "https://stream.jeremycherfas.net/profile/jeremy?offset=106" "Mozilla/5.0 (Windows NT 6.1; Win64; x64) AppleWebKit/537.36 (KHTML, like Gecko) Chrome/67.0.3396.87 Safari/537.36" 
5.188.210.79 - - [09/Jun/2020:02:39:54 -0700] "POST /comments/post HTTP/1.0" 403 17067 "https://stream.jeremycherfas.net/profile/jeremy?offset=106" "Mozilla/5.0 (Windows NT 6.1; Win64; x64) AppleWebKit/537.36 (KHTML, like Gecko) Chrome/67.0.3396.87 Safari/537.36" 
77.75.76.160 - - [09/Jun/2020:02:40:01 -0700] "GET /robots.txt HTTP/1.1" 200 4594 "-" "Mozilla/5.0 (compatible; SeznamBot/3.2; +http://napoveda.seznam.cz/en/seznambot-intro/)" 
77.75.76.160 - - [09/Jun/2020:02:40:02 -0700] "GET /file/78abb496530ac82526bbe8cf9600191d/thumb.jpg HTTP/1.1" 200 176233 "-" "Mozilla/5.0 (compatible; SeznamBot/3.2; +http://napoveda.seznam.cz/en/seznambot-intro/)" 
114.119.160.143 - - [09/Jun/2020:02:40:29 -0700] "GET /2018/sur-les-toits HTTP/1.1" 200 12228 "-" "Mozilla/5.0 (Linux; Android 7.0;) AppleWebKit/537.36 (KHTML, like Gecko) Mobile Safari/537.36 (compatible; PetalBot;+https://aspiegel.com/petalbot)" 
54.36.148.201 - - [09/Jun/2020:02:40:36 -0700] "GET /2019/this-news-of-a-site-for-indieweb HTTP/1.1" 200 10564 "-" "Mozilla/5.0 (compatible; AhrefsBot/6.1; +http://ahrefs.com/robot/)" 
5.188.210.79 - - [09/Jun/2020:02:41:32 -0700] "GET /profile/jeremy?offset=106 HTTP/1.1" 200 16548 "-" "Mozilla/5.0 (Windows NT 6.1; Win64; x64; rv:62.0) Gecko/20100101 Firefox/62.0" 
46.229.168.162 - - [09/Jun/2020:02:41:34 -0700] "GET /content/statusupdates/?offset=270 HTTP/1.1" 200 11042 "-" "Mozilla/5.0 (compatible; SemrushBot/6~bl; +http://www.semrush.com/bot.html)" 
46.229.168.147 - - [09/Jun/2020:02:41:51 -0700] "GET /content/all/?offset=60&q=%23IndieWeb HTTP/1.1" 200 12244 "-" "Mozilla/5.0 (compatible; SemrushBot/6~bl; +http://www.semrush.com/bot.html)" 
157.55.39.208 - - [09/Jun/2020:02:43:03 -0700] "GET /file/bdb4d7a58365713753e305a191cedd6f HTTP/1.1" 200 8573 "-" "Mozilla/5.0 (compatible; bingbot/2.0; +http://www.bing.com/bingbot.htm)" 
46.229.168.146 - - [09/Jun/2020:02:43:04 -0700] "GET /2020/balance HTTP/1.1" 200 9497 "-" "Mozilla/5.0 (compatible; SemrushBot/6~bl; +http://www.semrush.com/bot.html)" 
103.131.71.92 - - [09/Jun/2020:02:43:42 -0700] "GET /2019/latest-episode-we-need-to-talk-about-meatnot-arguing-pro HTTP/1.1" 304 3478 "-" "Mozilla/5.0 (compatible; coccocbot-web/1.0; +http://help.coccoc.com/searchengine)" 
46.229.168.161 - - [09/Jun/2020:02:44:10 -0700] "GET /content/events/?q=%23%2B%23Non-fiction HTTP/1.1" 200 8518 "-" "Mozilla/5.0 (compatible; SemrushBot/6~bl; +http://www.semrush.com/bot.html)" 
46.229.168.139 - - [09/Jun/2020:02:44:11 -0700] "GET /content/all/?offset=0&q=%23%2B%23photo HTTP/1.1" 200 12896 "-" "Mozilla/5.0 (compatible; SemrushBot/6~bl; +http://www.semrush.com/bot.html)" 
54.36.148.32 - - [09/Jun/2020:02:44:39 -0700] "GET /2018/and-so-it-ends-ten-jars-of-our-very-own HTTP/1.1" 200 12072 "-" "Mozilla/5.0 (compatible; AhrefsBot/6.1; +http://ahrefs.com/robot/)" 
173.230.155.197 - - [09/Jun/2020:02:45:20 -0700] "GET / HTTP/1.1" 200 55401 "-" "Mozilla/5.0 (Macintosh; Intel Mac OS X 10_12_1) AppleWebKit/537.36 (KHTML, like Gecko) Chrome/57.0.2987.133 Safari/537.36 p3k-http/0.1.5 p3k-watchtower/0.1" 
66.249.69.176 - - [09/Jun/2020:02:45:33 -0700] "GET /content/statusupdates/?offset=100&_t=rss HTTP/1.1" 200 7348 "-" "Mozilla/5.0 (Linux; Android 6.0.1; Nexus 5X Build/MMB29P) AppleWebKit/537.36 (KHTML, like Gecko) Chrome/80.0.3987.92 Mobile Safari/537.36 (compatible; Googlebot/2.1; +http://www.google.com/bot.html)" 
54.36.148.81 - - [09/Jun/2020:02:45:59 -0700] "GET /2018/free-art-today HTTP/1.1" 200 10894 "-" "Mozilla/5.0 (compatible; AhrefsBot/6.1; +http://ahrefs.com/robot/)" 
114.119.160.143 - - [09/Jun/2020:02:46:13 -0700] "GET /tag/+%23e HTTP/1.1" 200 8244 "-" "Mozilla/5.0 (Linux; Android 7.0;) AppleWebKit/537.36 (KHTML, like Gecko) Mobile Safari/537.36 (compatible; PetalBot;+https://aspiegel.com/petalbot)" 
45.79.26.51 - - [09/Jun/2020:02:46:53 -0700] "GET /content/statusupdates/posts/photos/checkins/bookmarkedpages?_t=rss HTTP/1.1" 200 7453 "-" "Micro.blog/1.0" 
159.65.67.230 - - [09/Jun/2020:02:47:02 -0700] "GET /?_t=rss HTTP/1.1" 200 6958 "-" "Feedbin feed-id:1536727 - 1 subscribers" 
54.36.148.81 - - [09/Jun/2020:02:47:20 -0700] "GET /2018/is-it-springtime-yet HTTP/1.1" 200 10716 "-" "Mozilla/5.0 (compatible; AhrefsBot/6.1; +http://ahrefs.com/robot/)" 
54.39.177.198 - - [09/Jun/2020:02:47:21 -0700] "GET /2020/an-ad-hoc-meeting-of-the-withknown-open-collective?_t=rss HTTP/1.1" 200 7870 "-" "Mozilla/5.0 (compatible; YaK/1.0; http://linkfluence.com/; bot@linkfluence.com)" 
46.229.168.151 - - [09/Jun/2020:02:47:30 -0700] "GET /?offset=47&q=%23indieweb HTTP/1.1" 200 12330 "-" "Mozilla/5.0 (compatible; SemrushBot/6~bl; +http://www.semrush.com/bot.html)" 
46.229.168.140 - - [09/Jun/2020:02:47:32 -0700] "GET /?offset=31&q=%23%2B%23podcast HTTP/1.1" 200 13724 "-" "Mozilla/5.0 (compatible; SemrushBot/6~bl; +http://www.semrush.com/bot.html)" 
46.229.168.162 - - [09/Jun/2020:02:47:46 -0700] "GET /content/all/?offset=10&q=%23%2B%23rye HTTP/1.1" 200 11892 "-" "Mozilla/5.0 (compatible; SemrushBot/6~bl; +http://www.semrush.com/bot.html)" 
54.36.148.81 - - [09/Jun/2020:02:48:34 -0700] "GET /2018/moving-along-another-hour-or-so-i-reckon HTTP/1.1" 200 10325 "-" "Mozilla/5.0 (compatible; AhrefsBot/6.1; +http://ahrefs.com/robot/)" 
46.229.168.154 - - [09/Jun/2020:02:49:13 -0700] "GET /tag/Indieweb?offset=122 HTTP/1.1" 200 11957 "-" "Mozilla/5.0 (compatible; SemrushBot/6~bl; +http://www.semrush.com/bot.html)" 
54.36.148.201 - - [09/Jun/2020:02:49:40 -0700] "GET /2018/omg-it-worked-thanks-claudia HTTP/1.1" 200 11525 "-" "Mozilla/5.0 (compatible; AhrefsBot/6.1; +http://ahrefs.com/robot/)" 
46.229.168.143 - - [09/Jun/2020:02:49:49 -0700] "GET /2019/a-brief-history-of-the-walking-simulator-gamings-most-detested HTTP/1.1" 200 9800 "-" "Mozilla/5.0 (compatible; SemrushBot/6~bl; +http://www.semrush.com/bot.html)" 
64.111.100.215 - - [09/Jun/2020:02:50:06 -0700] "GET /content/all?_t=rss HTTP/1.1" 200 13441 "-" "Mozilla/5.0 (X11; U; Linux i686; fr; rv:1.9.1.1) Gecko/20090715 Firefox/3.5.1" 
46.229.168.142 - - [09/Jun/2020:02:50:20 -0700] "GET /content/events/?q=%23RSS HTTP/1.1" 200 8488 "-" "Mozilla/5.0 (compatible; SemrushBot/6~bl; +http://www.semrush.com/bot.html)" 
54.36.148.81 - - [09/Jun/2020:02:50:44 -0700] "GET /2018/so-it-begins-saturday-morning-marmalade-making-with-a-kilo HTTP/1.1" 200 12249 "-" "Mozilla/5.0 (compatible; AhrefsBot/6.1; +http://ahrefs.com/robot/)" 
17.58.102.79 - - [09/Jun/2020:02:50:54 -0700] "GET /2018/-2 HTTP/1.1" 200 9190 "-" "Mozilla/5.0 (Macintosh; Intel Mac OS X 10_10_1) AppleWebKit/600.2.5 (KHTML, like Gecko) Version/8.0.2 Safari/600.2.5 (Applebot/0.1; +http://www.apple.com/go/applebot)" 
46.229.168.130 - - [09/Jun/2020:02:51:01 -0700] "GET /content/all/?offset=66&q=%23%2B%23bread HTTP/1.1" 200 12419 "-" "Mozilla/5.0 (compatible; SemrushBot/6~bl; +http://www.semrush.com/bot.html)" 
46.229.168.152 - - [09/Jun/2020:02:51:24 -0700] "GET /content/all/?offset=64&q=%23%2B%23bread HTTP/1.1" 200 12283 "-" "Mozilla/5.0 (compatible; SemrushBot/6~bl; +http://www.semrush.com/bot.html)" 
54.36.148.81 - - [09/Jun/2020:02:51:58 -0700] "GET /2018/stopping-on-this-mornings-walk-to-notice-things HTTP/1.1" 200 10618 "-" "Mozilla/5.0 (compatible; AhrefsBot/6.1; +http://ahrefs.com/robot/)" 
114.119.167.191 - - [09/Jun/2020:02:51:59 -0700] "GET /content/locations?offset=125 HTTP/1.1" 200 10773 "-" "Mozilla/5.0 (Linux; Android 7.0;) AppleWebKit/537.36 (KHTML, like Gecko) Mobile Safari/537.36 (compatible; PetalBot;+https://aspiegel.com/petalbot)" 
54.36.148.57 - - [09/Jun/2020:02:53:06 -0700] "GET /content/photos/?offset=540 HTTP/1.1" 200 10960 "-" "Mozilla/5.0 (compatible; AhrefsBot/6.1; +http://ahrefs.com/robot/)" 
46.229.168.151 - - [09/Jun/2020:02:53:31 -0700] "GET /tag/bread?offset=26 HTTP/1.1" 200 13062 "-" "Mozilla/5.0 (compatible; SemrushBot/6~bl; +http://www.semrush.com/bot.html)" 
46.229.168.134 - - [09/Jun/2020:02:54:07 -0700] "GET /2018/and-theres-one-in-the-oven-sourdough HTTP/1.1" 200 11584 "-" "Mozilla/5.0 (compatible; SemrushBot/6~bl; +http://www.semrush.com/bot.html)" 
54.36.148.240 - - [09/Jun/2020:02:54:23 -0700] "GET /tag/lemonmarmalade HTTP/1.1" 200 9025 "-" "Mozilla/5.0 (compatible; AhrefsBot/6.1; +http://ahrefs.com/robot/)" 
46.229.168.141 - - [09/Jun/2020:02:54:31 -0700] "GET /?offset=141&q=%23IndieWeb HTTP/1.1" 200 9778 "-" "Mozilla/5.0 (compatible; SemrushBot/6~bl; +http://www.semrush.com/bot.html)" 
17.58.102.79 - - [09/Jun/2020:02:54:41 -0700] "GET /content/posts/ HTTP/1.1" 200 15592 "-" "Mozilla/5.0 (Macintosh; Intel Mac OS X 10_10_1) AppleWebKit/600.2.5 (KHTML, like Gecko) Version/8.0.2 Safari/600.2.5 (Applebot/0.1; +http://www.apple.com/go/applebot)" 
66.249.75.112 - - [09/Jun/2020:02:55:01 -0700] "GET /view/da001dd0cbb332f453763c1f3347416f HTTP/1.1" 200 9886 "-" "Mozilla/5.0 (Linux; Android 6.0.1; Nexus 5X Build/MMB29P) AppleWebKit/537.36 (KHTML, like Gecko) Chrome/80.0.3987.92 Mobile Safari/537.36 (compatible; Googlebot/2.1; +http://www.google.com/bot.html)" 
54.36.149.65 - - [09/Jun/2020:02:55:38 -0700] "GET /tag/lemons HTTP/1.1" 200 9275 "-" "Mozilla/5.0 (compatible; AhrefsBot/6.1; +http://ahrefs.com/robot/)" 
46.229.168.140 - - [09/Jun/2020:02:55:41 -0700] "GET /2020/funny-to-feel-a-close-affinity-with HTTP/1.1" 200 9752 "-" "Mozilla/5.0 (compatible; SemrushBot/6~bl; +http://www.semrush.com/bot.html)" 
46.229.168.129 - - [09/Jun/2020:02:55:43 -0700] "GET /tag/fornacalia?offset=0 HTTP/1.1" 200 13112 "-" "Mozilla/5.0 (compatible; SemrushBot/6~bl; +http://www.semrush.com/bot.html)" 
46.229.168.136 - - [09/Jun/2020:02:55:48 -0700] "GET /?q=%23%2B%23hearsay19 HTTP/1.1" 200 8511 "-" "Mozilla/5.0 (compatible; SemrushBot/6~bl; +http://www.semrush.com/bot.html)" 
96.126.125.129 - - [09/Jun/2020:02:56:41 -0700] "GET /content/statusupdates/posts/photos/checkins/bookmarkedpages?_t=rss HTTP/1.1" 200 7458 "-" "Micro.blog/1.0" 
54.36.148.81 - - [09/Jun/2020:02:57:02 -0700] "GET /tag/marmalade HTTP/1.1" 200 10056 "-" "Mozilla/5.0 (compatible; AhrefsBot/6.1; +http://ahrefs.com/robot/)" 
46.229.168.138 - - [09/Jun/2020:02:57:40 -0700] "GET /content/posts/?q=%23%2B%23multigrain HTTP/1.1" 200 8539 "-" "Mozilla/5.0 (compatible; SemrushBot/6~bl; +http://www.semrush.com/bot.html)" 
114.119.160.143 - - [09/Jun/2020:02:57:41 -0700] "GET /tag/+%23WithKnown HTTP/1.1" 200 14328 "-" "Mozilla/5.0 (Linux; Android 7.0;) AppleWebKit/537.36 (KHTML, like Gecko) Mobile Safari/537.36 (compatible; PetalBot;+https://aspiegel.com/petalbot)" 
54.36.148.201 - - [09/Jun/2020:02:58:15 -0700] "GET /content/bookmarkedpages/?offset=432 HTTP/1.1" 200 11587 "-" "Mozilla/5.0 (compatible; AhrefsBot/6.1; +http://ahrefs.com/robot/)" 
46.229.168.129 - - [09/Jun/2020:02:58:48 -0700] "GET /robots.txt HTTP/1.1" 200 4552 "-" "Mozilla/5.0 (compatible; SemrushBot/6~bl; +http://www.semrush.com/bot.html)" 
46.229.168.153 - - [09/Jun/2020:02:58:49 -0700] "GET /content/all/?offset=40&q=%23bread HTTP/1.1" 200 12326 "-" "Mozilla/5.0 (compatible; SemrushBot/6~bl; +http://www.semrush.com/bot.html)" 
46.229.168.161 - - [09/Jun/2020:02:59:42 -0700] "GET /content/all/?offset=55&q=%23sourdough HTTP/1.1" 200 9218 "-" "Mozilla/5.0 (compatible; SemrushBot/6~bl; +http://www.semrush.com/bot.html)" 
77.88.5.71 - - [09/Jun/2020:03:00:38 -0700] "GET /robots.txt HTTP/1.1" 200 4593 "-" "Mozilla/5.0 (compatible; YandexBot/3.0; +http://yandex.com/bots)" 
77.88.5.71 - - [09/Jun/2020:03:00:42 -0700] "GET /file/d0fb6bbd4d7bc63638543a63e25e74ec HTTP/1.1" 304 3726 "-" "Mozilla/5.0 (compatible; YandexImages/3.0; +http://yandex.com/bots)" 
54.242.4.7 - - [09/Jun/2020:03:00:49 -0700] "GET /?_t=rss HTTP/1.1" 200 7188 "-" "glitch-feeder/1.0 (+https://glitch.com/~lmo-feeder)" 
54.36.148.201 - - [09/Jun/2020:03:01:08 -0700] "GET /content/photos/?q=%23fermentation HTTP/1.1" 200 9354 "-" "Mozilla/5.0 (compatible; AhrefsBot/6.1; +http://ahrefs.com/robot/)" 
173.230.155.197 - - [09/Jun/2020:03:01:08 -0700] "GET / HTTP/1.1" 200 55401 "-" "Mozilla/5.0 (Macintosh; Intel Mac OS X 10_12_1) AppleWebKit/537.36 (KHTML, like Gecko) Chrome/57.0.2987.133 Safari/537.36 p3k-http/0.1.5 p3k-watchtower/0.1" 
46.229.168.130 - - [09/Jun/2020:03:01:17 -0700] "GET /2020/2020-02-26 HTTP/1.1" 200 10674 "-" "Mozilla/5.0 (compatible; SemrushBot/6~bl; +http://www.semrush.com/bot.html)" 
40.77.167.64 - - [09/Jun/2020:03:01:27 -0700] "GET /service/web/imageproxy/aHR0cHM6Ly9wYnMudHdpbWcuY29tL3Byb2ZpbGVfaW1hZ2VzLzcyNTc0MzIwOTc4MDAxMTAwOC9ZU3RHbmFXRS5qcGc,/300/square HTTP/1.1" 200 16046 "-" "Mozilla/5.0 (compatible; bingbot/2.0; +http://www.bing.com/bingbot.htm)" 
46.229.168.137 - - [09/Jun/2020:03:02:39 -0700] "GET /2019/more-lisascenic HTTP/1.1" 200 15269 "-" "Mozilla/5.0 (compatible; SemrushBot/6~bl; +http://www.semrush.com/bot.html)" 
157.55.39.110 - - [09/Jun/2020:03:02:45 -0700] "GET /file/87979c3305532935524339e546c733f8/thumb.jpg HTTP/1.1" 200 108073 "-" "Mozilla/5.0 (compatible; bingbot/2.0; +http://www.bing.com/bingbot.htm)" 
46.229.168.132 - - [09/Jun/2020:03:03:02 -0700] "GET /2018/checked-into-citta-di-pisino/annotations/3c7e4aa1f0c88e00e677bc9901380000 HTTP/1.1" 200 8504 "-" "Mozilla/5.0 (compatible; SemrushBot/6~bl; +http://www.semrush.com/bot.html)" 
114.119.160.61 - - [09/Jun/2020:03:03:26 -0700] "GET /2018/editing-audio-for-the-next-episode-and-reliving-one-of HTTP/1.1" 200 14669 "-" "Mozilla/5.0 (Linux; Android 7.0;) AppleWebKit/537.36 (KHTML, like Gecko) Mobile Safari/537.36 (compatible; PetalBot;+https://aspiegel.com/petalbot)" 
66.249.69.180 - - [09/Jun/2020:03:04:29 -0700] "GET /robots.txt HTTP/1.1" 200 4613 "-" "Mozilla/5.0 (compatible; Googlebot/2.1; +http://www.google.com/bot.html)" 
66.249.69.178 - - [09/Jun/2020:03:04:29 -0700] "GET /content/statusupdates/?q=%23+%23bread HTTP/1.1" 200 11710 "-" "Mozilla/5.0 (Linux; Android 6.0.1; Nexus 5X Build/MMB29P) AppleWebKit/537.36 (KHTML, like Gecko) Chrome/80.0.3987.92 Mobile Safari/537.36 (compatible; Googlebot/2.1; +http://www.google.com/bot.html)" 
46.229.168.162 - - [09/Jun/2020:03:04:39 -0700] "GET /2018/tummling-sidewiki-twitter-and-the-tragedy-of-the-comments-revisited HTTP/1.1" 200 10330 "-" "Mozilla/5.0 (compatible; SemrushBot/6~bl; +http://www.semrush.com/bot.html)" 
77.88.5.71 - - [09/Jun/2020:03:05:04 -0700] "GET /file/6439936d83644fff4d1f18cc0c57a042 HTTP/1.1" 304 3726 "-" "Mozilla/5.0 (compatible; YandexImages/3.0; +http://yandex.com/bots)" 
46.229.168.136 - - [09/Jun/2020:03:05:08 -0700] "GET /content/photos?offset=120 HTTP/1.1" 200 10894 "-" "Mozilla/5.0 (compatible; SemrushBot/6~bl; +http://www.semrush.com/bot.html)" 
64.111.100.215 - - [09/Jun/2020:03:05:10 -0700] "GET /content/all?_t=rss HTTP/1.1" 200 13441 "-" "Mozilla/5.0 (X11; U; Linux i686; fr; rv:1.9.1.1) Gecko/20090715 Firefox/3.5.1" 
46.229.168.134 - - [09/Jun/2020:03:05:26 -0700] "GET /content/photos/?offset=15&q=%23%2B%23bread HTTP/1.1" 200 12378 "-" "Mozilla/5.0 (compatible; SemrushBot/6~bl; +http://www.semrush.com/bot.html)" 
46.229.168.152 - - [09/Jun/2020:03:06:07 -0700] "GET /content/posts/?q=%23Greece HTTP/1.1" 200 8517 "-" "Mozilla/5.0 (compatible; SemrushBot/6~bl; +http://www.semrush.com/bot.html)" 
66.249.69.178 - - [09/Jun/2020:03:06:19 -0700] "GET /service/web/unfurl/?url=http%3A%2F%2Fwww.alchemybread.com%2Fblog%2F2018%2F1%2F8%2Fa60p0pdh15xudsrj7wu0qar0s8ix82&__bTk=7de3e6cc077227cdf84c983bd5691025adee59b55098d4ecb98311bc27c3b5a0&__bTs=1591488000 HTTP/1.1" 403 4671 "https://www.stream.jeremycherfas.net/content/statusupdates/?q=%23+%23bread" "Mozilla/5.0 (Linux; Android 6.0.1; Nexus 5X Build/MMB29P) AppleWebKit/537.36 (KHTML, like Gecko) Chrome/83.0.4103.93 Mobile Safari/537.36 (compatible; Googlebot/2.1; +http://www.google.com/bot.html)" 
66.249.69.178 - - [09/Jun/2020:03:06:20 -0700] "GET /service/web/unfurl/?url=https%3A%2F%2Fwww.eatthispodcast.com%2Four-daily-bread-01%2F&__bTk=7de3e6cc077227cdf84c983bd5691025adee59b55098d4ecb98311bc27c3b5a0&__bTs=1591488000 HTTP/1.1" 403 1326 "https://www.stream.jeremycherfas.net/content/statusupdates/?q=%23+%23bread" "Mozilla/5.0 (Linux; Android 6.0.1; Nexus 5X Build/MMB29P) AppleWebKit/537.36 (KHTML, like Gecko) Chrome/83.0.4103.93 Mobile Safari/537.36 (compatible; Googlebot/2.1; +http://www.google.com/bot.html)" 
66.249.69.176 - - [09/Jun/2020:03:06:20 -0700] "GET /service/web/unfurl/?url=http%3A%2F%2Fwww.alchemybread.com%2Fblog%2F2018%2F1%2F8%2Fa60p0pdh15xudsrj7wu0qar0s8ix82&__bTk=7de3e6cc077227cdf84c983bd5691025adee59b55098d4ecb98311bc27c3b5a0&__bTs=1591620708 HTTP/1.1" 403 4671 "https://www.stream.jeremycherfas.net/content/statusupdates/?q=%23+%23bread" "Mozilla/5.0 (Linux; Android 6.0.1; Nexus 5X Build/MMB29P) AppleWebKit/537.36 (KHTML, like Gecko) Chrome/83.0.4103.93 Mobile Safari/537.36 (compatible; Googlebot/2.1; +http://www.google.com/bot.html)" 
66.249.69.176 - - [09/Jun/2020:03:06:20 -0700] "GET /service/web/unfurl/?url=https%3A%2F%2Fwww.eatthispodcast.com%2Four-daily-bread-01%2F&__bTk=7de3e6cc077227cdf84c983bd5691025adee59b55098d4ecb98311bc27c3b5a0&__bTs=1591620708 HTTP/1.1" 403 1326 "https://www.stream.jeremycherfas.net/content/statusupdates/?q=%23+%23bread" "Mozilla/5.0 (Linux; Android 6.0.1; Nexus 5X Build/MMB29P) AppleWebKit/537.36 (KHTML, like Gecko) Chrome/83.0.4103.93 Mobile Safari/537.36 (compatible; Googlebot/2.1; +http://www.google.com/bot.html)" 
46.229.168.141 - - [09/Jun/2020:03:06:31 -0700] "GET /tag/indieweb?offset=96 HTTP/1.1" 200 14318 "-" "Mozilla/5.0 (compatible; SemrushBot/6~bl; +http://www.semrush.com/bot.html)" 
46.229.168.143 - - [09/Jun/2020:03:07:30 -0700] "GET /2019/yum HTTP/1.1" 200 14538 "-" "Mozilla/5.0 (compatible; SemrushBot/6~bl; +http://www.semrush.com/bot.html)" 
207.46.13.79 - - [09/Jun/2020:03:07:59 -0700] "GET /2019/great-piece-about-the-difficult-life-of HTTP/1.1" 200 11338 "-" "Mozilla/5.0 (compatible; bingbot/2.0; +http://www.bing.com/bingbot.htm)" 
114.119.160.143 - - [09/Jun/2020:03:09:11 -0700] "GET /tag/Indieweb?offset=120 HTTP/1.1" 200 11444 "-" "Mozilla/5.0 (Linux; Android 7.0;) AppleWebKit/537.36 (KHTML, like Gecko) Mobile Safari/537.36 (compatible; PetalBot;+https://aspiegel.com/petalbot)" 
45.79.26.51 - - [09/Jun/2020:03:10:28 -0700] "GET /content/statusupdates/posts/photos/checkins/bookmarkedpages?_t=rss HTTP/1.1" 200 7453 "-" "Micro.blog/1.0" 
46.229.168.161 - - [09/Jun/2020:03:13:02 -0700] "GET /2019/sebastiaan-has-made-fantastic-progress-towards-indiewebified HTTP/1.1" 200 9634 "-" "Mozilla/5.0 (compatible; SemrushBot/6~bl; +http://www.semrush.com/bot.html)" 
46.229.168.143 - - [09/Jun/2020:03:13:40 -0700] "GET /content/all/?offset=77&q=%23%2B%23%23bread HTTP/1.1" 200 12217 "-" "Mozilla/5.0 (compatible; SemrushBot/6~bl; +http://www.semrush.com/bot.html)" 
199.58.86.206 - - [09/Jun/2020:03:13:47 -0700] "GET /robots.txt HTTP/1.1" 200 4593 "-" "Mozilla/5.0 (compatible; MJ12bot/v1.4.8; http://mj12bot.com/)" 
199.58.86.206 - - [09/Jun/2020:03:13:49 -0700] "GET / HTTP/1.1" 200 8296 "-" "Mozilla/5.0 (compatible; MJ12bot/v1.4.8; http://mj12bot.com/)" 
66.249.69.180 - - [09/Jun/2020:03:13:57 -0700] "GET /2018/bankers-and-businessmen-building-romes-new-colosseum-wwwitalianinsiderit?_t=rss HTTP/1.1" 200 5502 "-" "Mozilla/5.0 (Linux; Android 6.0.1; Nexus 5X Build/MMB29P) AppleWebKit/537.36 (KHTML, like Gecko) Chrome/80.0.3987.92 Mobile Safari/537.36 (compatible; Googlebot/2.1; +http://www.google.com/bot.html)" 
77.88.5.71 - - [09/Jun/2020:03:14:25 -0700] "GET /file/6b877667a8f6ce2d92c1d9cc6f038db9 HTTP/1.1" 304 3726 "-" "Mozilla/5.0 (compatible; YandexImages/3.0; +http://yandex.com/bots)" 
46.229.168.135 - - [09/Jun/2020:03:14:35 -0700] "GET /?q=%23Greece HTTP/1.1" 200 9757 "-" "Mozilla/5.0 (compatible; SemrushBot/6~bl; +http://www.semrush.com/bot.html)" 
114.119.165.37 - - [09/Jun/2020:03:14:55 -0700] "GET /content/events?q=%23%2B%23freersackler HTTP/1.1" 200 8301 "-" "Mozilla/5.0 (Linux; Android 7.0;) AppleWebKit/537.36 (KHTML, like Gecko) Mobile Safari/537.36 (compatible; PetalBot;+https://aspiegel.com/petalbot)" 
46.229.168.161 - - [09/Jun/2020:03:15:10 -0700] "GET /2018/rosemaryorchard-have-you-looked-at-the-hibbitts HTTP/1.1" 200 9438 "-" "Mozilla/5.0 (compatible; SemrushBot/6~bl; +http://www.semrush.com/bot.html)" 
46.229.168.139 - - [09/Jun/2020:03:15:14 -0700] "GET /2018/how-to-discourage-enterprise-in-the-english-countryside HTTP/1.1" 200 9911 "-" "Mozilla/5.0 (compatible; SemrushBot/6~bl; +http://www.semrush.com/bot.html)" 
46.229.168.154 - - [09/Jun/2020:03:16:14 -0700] "GET /tag/podcast?offset=13 HTTP/1.1" 200 12006 "-" "Mozilla/5.0 (compatible; SemrushBot/6~bl; +http://www.semrush.com/bot.html)" 
46.229.168.133 - - [09/Jun/2020:03:16:16 -0700] "GET /content/all/?offset=32&q=%23bread HTTP/1.1" 200 12654 "-" "Mozilla/5.0 (compatible; SemrushBot/6~bl; +http://www.semrush.com/bot.html)" 
66.249.75.110 - - [09/Jun/2020:03:16:37 -0700] "GET /robots.txt HTTP/1.1" 200 4589 "-" "Mozilla/5.0 (compatible; Googlebot/2.1; +http://www.google.com/bot.html)" 
66.249.75.110 - - [09/Jun/2020:03:16:37 -0700] "GET /content/posts/?q=%23indiewebcitizen&_t=rss HTTP/1.1" 200 5092 "-" "Mozilla/5.0 (Linux; Android 6.0.1; Nexus 5X Build/MMB29P) AppleWebKit/537.36 (KHTML, like Gecko) Chrome/80.0.3987.92 Mobile Safari/537.36 (compatible; Googlebot/2.1; +http://www.google.com/bot.html)" 
17.58.102.79 - - [09/Jun/2020:03:16:50 -0700] "GET /2017/yes-all-being-well-i-will-connect HTTP/1.1" 200 9318 "-" "Mozilla/5.0 (Macintosh; Intel Mac OS X 10_10_1) AppleWebKit/600.2.5 (KHTML, like Gecko) Version/8.0.2 Safari/600.2.5 (Applebot/0.1; +http://www.apple.com/go/applebot)" 
46.229.168.133 - - [09/Jun/2020:03:16:51 -0700] "GET /content/all/?offset=87&q=%23%2B%23%23indieweb HTTP/1.1" 200 15850 "-" "Mozilla/5.0 (compatible; SemrushBot/6~bl; +http://www.semrush.com/bot.html)" 
46.229.168.135 - - [09/Jun/2020:03:17:02 -0700] "GET /2020/search-engine-etiquette-never-ever-ask-for-a-backlink HTTP/1.1" 200 9707 "-" "Mozilla/5.0 (compatible; SemrushBot/6~bl; +http://www.semrush.com/bot.html)" 
173.230.155.197 - - [09/Jun/2020:03:17:10 -0700] "GET / HTTP/1.1" 200 55401 "-" "Mozilla/5.0 (Macintosh; Intel Mac OS X 10_12_1) AppleWebKit/537.36 (KHTML, like Gecko) Chrome/57.0.2987.133 Safari/537.36 p3k-http/0.1.5 p3k-watchtower/0.1" 
93.176.141.229 - - [09/Jun/2020:03:18:47 -0700] "GET /file/da2ab160bd96e68e193c0e96276177e7/igEmxvJi.jpg HTTP/1.1" 200 127966 "https://www.google.com/" "Mozilla/5.0 (Windows NT 10.0; Win64; x64) AppleWebKit/537.36 (KHTML, like Gecko) Chrome/83.0.4103.97 Safari/537.36" 
45.79.26.51 - - [09/Jun/2020:03:18:47 -0700] "GET /content/statusupdates/posts/photos/checkins/bookmarkedpages?_t=rss HTTP/1.1" 200 7453 "-" "Micro.blog/1.0" 
93.176.141.229 - - [09/Jun/2020:03:18:51 -0700] "GET /2018/well-worth-waiting-for-dense-crumb-chewy-crust-great-flavour HTTP/1.1" 200 7562 "https://www.google.com/" "Mozilla/5.0 (Windows NT 10.0; Win64; x64) AppleWebKit/537.36 (KHTML, like Gecko) Chrome/83.0.4103.97 Safari/537.36" 
93.176.141.229 - - [09/Jun/2020:03:18:51 -0700] "GET /vendor/npm-asset/jquery/dist/jquery.min.js HTTP/1.1" 200 32009 "https://stream.jeremycherfas.net/2018/well-worth-waiting-for-dense-crumb-chewy-crust-great-flavour" "Mozilla/5.0 (Windows NT 10.0; Win64; x64) AppleWebKit/537.36 (KHTML, like Gecko) Chrome/83.0.4103.97 Safari/537.36" 
93.176.141.229 - - [09/Jun/2020:03:18:51 -0700] "GET /vendor/twbs/bootstrap/dist/css/bootstrap.min.css HTTP/1.1" 200 20777 "https://stream.jeremycherfas.net/2018/well-worth-waiting-for-dense-crumb-chewy-crust-great-flavour" "Mozilla/5.0 (Windows NT 10.0; Win64; x64) AppleWebKit/537.36 (KHTML, like Gecko) Chrome/83.0.4103.97 Safari/537.36" 
93.176.141.229 - - [09/Jun/2020:03:18:51 -0700] "GET /vendor/npm-asset/bootstrap-accessibility-plugin/plugins/css/bootstrap-accessibility.css HTTP/1.1" 200 1159 "https://stream.jeremycherfas.net/2018/well-worth-waiting-for-dense-crumb-chewy-crust-great-flavour" "Mozilla/5.0 (Windows NT 10.0; Win64; x64) AppleWebKit/537.36 (KHTML, like Gecko) Chrome/83.0.4103.97 Safari/537.36" 
93.176.141.229 - - [09/Jun/2020:03:18:51 -0700] "GET /vendor/forkawesome/fork-awesome/css/fork-awesome.min.css HTTP/1.1" 200 8923 "https://stream.jeremycherfas.net/2018/well-worth-waiting-for-dense-crumb-chewy-crust-great-flavour" "Mozilla/5.0 (Windows NT 10.0; Win64; x64) AppleWebKit/537.36 (KHTML, like Gecko) Chrome/83.0.4103.97 Safari/537.36" 
93.176.141.229 - - [09/Jun/2020:03:18:51 -0700] "GET /vendor/forkawesome/fork-awesome/css/v5-compat.min.css HTTP/1.1" 200 2616 "https://stream.jeremycherfas.net/2018/well-worth-waiting-for-dense-crumb-chewy-crust-great-flavour" "Mozilla/5.0 (Windows NT 10.0; Win64; x64) AppleWebKit/537.36 (KHTML, like Gecko) Chrome/83.0.4103.97 Safari/537.36" 
93.176.141.229 - - [09/Jun/2020:03:18:51 -0700] "GET /css/1579440965/known.min.css HTTP/1.1" 200 7758 "https://stream.jeremycherfas.net/2018/well-worth-waiting-for-dense-crumb-chewy-crust-great-flavour" "Mozilla/5.0 (Windows NT 10.0; Win64; x64) AppleWebKit/537.36 (KHTML, like Gecko) Chrome/83.0.4103.97 Safari/537.36" 
93.176.141.229 - - [09/Jun/2020:03:18:51 -0700] "GET /vendor/npm-asset/bootstrap-toggle/css/bootstrap-toggle.min.css HTTP/1.1" 200 1061 "https://stream.jeremycherfas.net/2018/well-worth-waiting-for-dense-crumb-chewy-crust-great-flavour" "Mozilla/5.0 (Windows NT 10.0; Win64; x64) AppleWebKit/537.36 (KHTML, like Gecko) Chrome/83.0.4103.97 Safari/537.36" 
93.176.141.229 - - [09/Jun/2020:03:18:51 -0700] "GET /vendor/idno/mentionjs/recommended-styles.css HTTP/1.1" 200 682 "https://stream.jeremycherfas.net/2018/well-worth-waiting-for-dense-crumb-chewy-crust-great-flavour" "Mozilla/5.0 (Windows NT 10.0; Win64; x64) AppleWebKit/537.36 (KHTML, like Gecko) Chrome/83.0.4103.97 Safari/537.36" 
93.176.141.229 - - [09/Jun/2020:03:18:51 -0700] "GET /IdnoPlugins/Checkin/external/leaflet/leaflet.min.css HTTP/1.1" 200 2556 "https://stream.jeremycherfas.net/2018/well-worth-waiting-for-dense-crumb-chewy-crust-great-flavour" "Mozilla/5.0 (Windows NT 10.0; Win64; x64) AppleWebKit/537.36 (KHTML, like Gecko) Chrome/83.0.4103.97 Safari/537.36" 
93.176.141.229 - - [09/Jun/2020:03:18:51 -0700] "GET /Themes/Solo/css/default.min.css HTTP/1.1" 200 1045 "https://stream.jeremycherfas.net/2018/well-worth-waiting-for-dense-crumb-chewy-crust-great-flavour" "Mozilla/5.0 (Windows NT 10.0; Win64; x64) AppleWebKit/537.36 (KHTML, like Gecko) Chrome/83.0.4103.97 Safari/537.36" 
93.176.141.229 - - [09/Jun/2020:03:18:51 -0700] "GET /vendor/twbs/bootstrap/dist/js/bootstrap.min.js HTTP/1.1" 200 11635 "https://stream.jeremycherfas.net/2018/well-worth-waiting-for-dense-crumb-chewy-crust-great-flavour" "Mozilla/5.0 (Windows NT 10.0; Win64; x64) AppleWebKit/537.36 (KHTML, like Gecko) Chrome/83.0.4103.97 Safari/537.36" 
93.176.141.229 - - [09/Jun/2020:03:18:52 -0700] "GET /vendor/npm-asset/bootstrap-accessibility-plugin/plugins/js/bootstrap-accessibility.min.js HTTP/1.1" 200 4813 "https://stream.jeremycherfas.net/2018/well-worth-waiting-for-dense-crumb-chewy-crust-great-flavour" "Mozilla/5.0 (Windows NT 10.0; Win64; x64) AppleWebKit/537.36 (KHTML, like Gecko) Chrome/83.0.4103.97 Safari/537.36" 
93.176.141.229 - - [09/Jun/2020:03:18:52 -0700] "GET /js/1579440966/known.min.js HTTP/1.1" 200 4924 "https://stream.jeremycherfas.net/2018/well-worth-waiting-for-dense-crumb-chewy-crust-great-flavour" "Mozilla/5.0 (Windows NT 10.0; Win64; x64) AppleWebKit/537.36 (KHTML, like Gecko) Chrome/83.0.4103.97 Safari/537.36" 
93.176.141.229 - - [09/Jun/2020:03:18:52 -0700] "GET /vendor/npm-asset/bootstrap-toggle/js/bootstrap-toggle.js HTTP/1.1" 200 2106 "https://stream.jeremycherfas.net/2018/well-worth-waiting-for-dense-crumb-chewy-crust-great-flavour" "Mozilla/5.0 (Windows NT 10.0; Win64; x64) AppleWebKit/537.36 (KHTML, like Gecko) Chrome/83.0.4103.97 Safari/537.36" 
93.176.141.229 - - [09/Jun/2020:03:18:52 -0700] "GET /IdnoPlugins/Checkin/external/leaflet/leaflet.js HTTP/1.1" 200 34144 "https://stream.jeremycherfas.net/2018/well-worth-waiting-for-dense-crumb-chewy-crust-great-flavour" "Mozilla/5.0 (Windows NT 10.0; Win64; x64) AppleWebKit/537.36 (KHTML, like Gecko) Chrome/83.0.4103.97 Safari/537.36" 
93.176.141.229 - - [09/Jun/2020:03:18:52 -0700] "GET /IdnoPlugins/Checkin/external/stamen-maps/tile.stamen.min.js HTTP/1.1" 200 2065 "https://stream.jeremycherfas.net/2018/well-worth-waiting-for-dense-crumb-chewy-crust-great-flavour" "Mozilla/5.0 (Windows NT 10.0; Win64; x64) AppleWebKit/537.36 (KHTML, like Gecko) Chrome/83.0.4103.97 Safari/537.36" 
93.176.141.229 - - [09/Jun/2020:03:18:52 -0700] "GET /IdnoPlugins/Media/external/wavesurfer/dist/wavesurfer.min.js HTTP/1.1" 200 6858 "https://stream.jeremycherfas.net/2018/well-worth-waiting-for-dense-crumb-chewy-crust-great-flavour" "Mozilla/5.0 (Windows NT 10.0; Win64; x64) AppleWebKit/537.36 (KHTML, like Gecko) Chrome/83.0.4103.97 Safari/537.36" 
93.176.141.229 - - [09/Jun/2020:03:18:52 -0700] "GET /vendor/npm-asset/mediaelement/build/mediaelement-and-player.min.js HTTP/1.1" 200 41590 "https://stream.jeremycherfas.net/2018/well-worth-waiting-for-dense-crumb-chewy-crust-great-flavour" "Mozilla/5.0 (Windows NT 10.0; Win64; x64) AppleWebKit/537.36 (KHTML, like Gecko) Chrome/83.0.4103.97 Safari/537.36" 
93.176.141.229 - - [09/Jun/2020:03:18:52 -0700] "GET /vendor/npm-asset/mediaelement/build/mediaelementplayer.min.css HTTP/1.1" 200 3120 "https://stream.jeremycherfas.net/2018/well-worth-waiting-for-dense-crumb-chewy-crust-great-flavour" "Mozilla/5.0 (Windows NT 10.0; Win64; x64) AppleWebKit/537.36 (KHTML, like Gecko) Chrome/83.0.4103.97 Safari/537.36" 
93.176.141.229 - - [09/Jun/2020:03:18:52 -0700] "GET /vendor/rmm5t/jquery-timeago/locales/jquery.timeago.es.js HTTP/1.1" 200 867 "https://stream.jeremycherfas.net/2018/well-worth-waiting-for-dense-crumb-chewy-crust-great-flavour" "Mozilla/5.0 (Windows NT 10.0; Win64; x64) AppleWebKit/537.36 (KHTML, like Gecko) Chrome/83.0.4103.97 Safari/537.36" 
93.176.141.229 - - [09/Jun/2020:03:18:52 -0700] "GET /vendor/npm-asset/underscore/underscore-min.js HTTP/1.1" 200 7059 "https://stream.jeremycherfas.net/2018/well-worth-waiting-for-dense-crumb-chewy-crust-great-flavour" "Mozilla/5.0 (Windows NT 10.0; Win64; x64) AppleWebKit/537.36 (KHTML, like Gecko) Chrome/83.0.4103.97 Safari/537.36" 
93.176.141.229 - - [09/Jun/2020:03:18:52 -0700] "GET /vendor/npm-asset/vanilla-fitvids/jquery.fitvids.js HTTP/1.1" 200 2011 "https://stream.jeremycherfas.net/2018/well-worth-waiting-for-dense-crumb-chewy-crust-great-flavour" "Mozilla/5.0 (Windows NT 10.0; Win64; x64) AppleWebKit/537.36 (KHTML, like Gecko) Chrome/83.0.4103.97 Safari/537.36" 
93.176.141.229 - - [09/Jun/2020:03:18:52 -0700] "GET /vendor/rmm5t/jquery-timeago/jquery.timeago.js HTTP/1.1" 200 3153 "https://stream.jeremycherfas.net/2018/well-worth-waiting-for-dense-crumb-chewy-crust-great-flavour" "Mozilla/5.0 (Windows NT 10.0; Win64; x64) AppleWebKit/537.36 (KHTML, like Gecko) Chrome/83.0.4103.97 Safari/537.36" 
159.65.77.58 - - [09/Jun/2020:03:18:51 -0700] "GET /?_t=rss HTTP/1.1" 200 6958 "-" "Feedbin feed-id:1536727 - 1 subscribers" 
93.176.141.229 - - [09/Jun/2020:03:18:52 -0700] "GET /vendor/forkawesome/fork-awesome/fonts/forkawesome-webfont.woff2?v=1.1.7 HTTP/1.1" 200 92205 "https://stream.jeremycherfas.net/vendor/forkawesome/fork-awesome/css/fork-awesome.min.css" "Mozilla/5.0 (Windows NT 10.0; Win64; x64) AppleWebKit/537.36 (KHTML, like Gecko) Chrome/83.0.4103.97 Safari/537.36" 
93.176.141.229 - - [09/Jun/2020:03:18:52 -0700] "GET /file/b70474131384a0420886403458247c06 HTTP/1.1" 200 8995 "https://stream.jeremycherfas.net/2018/well-worth-waiting-for-dense-crumb-chewy-crust-great-flavour" "Mozilla/5.0 (Windows NT 10.0; Win64; x64) AppleWebKit/537.36 (KHTML, like Gecko) Chrome/83.0.4103.97 Safari/537.36" 
93.176.141.229 - - [09/Jun/2020:03:18:52 -0700] "GET /file/bfe15284f0f9c21aa0e7e9884b85eca8 HTTP/1.1" 200 6778 "https://stream.jeremycherfas.net/2018/well-worth-waiting-for-dense-crumb-chewy-crust-great-flavour" "Mozilla/5.0 (Windows NT 10.0; Win64; x64) AppleWebKit/537.36 (KHTML, like Gecko) Chrome/83.0.4103.97 Safari/537.36" 
93.176.141.229 - - [09/Jun/2020:03:18:52 -0700] "GET /file/69cfa287eca59a294992fc9b9490dd5e HTTP/1.1" 200 6141 "https://stream.jeremycherfas.net/2018/well-worth-waiting-for-dense-crumb-chewy-crust-great-flavour" "Mozilla/5.0 (Windows NT 10.0; Win64; x64) AppleWebKit/537.36 (KHTML, like Gecko) Chrome/83.0.4103.97 Safari/537.36" 
93.176.141.229 - - [09/Jun/2020:03:18:52 -0700] "GET /file/7db1f94a13d10a0647fd971d0fb28077 HTTP/1.1" 200 11875 "https://stream.jeremycherfas.net/2018/well-worth-waiting-for-dense-crumb-chewy-crust-great-flavour" "Mozilla/5.0 (Windows NT 10.0; Win64; x64) AppleWebKit/537.36 (KHTML, like Gecko) Chrome/83.0.4103.97 Safari/537.36" 
93.176.141.229 - - [09/Jun/2020:03:18:53 -0700] "GET /file/4770241f2de12da11d37f9189032d312 HTTP/1.1" 200 12966 "https://stream.jeremycherfas.net/2018/well-worth-waiting-for-dense-crumb-chewy-crust-great-flavour" "Mozilla/5.0 (Windows NT 10.0; Win64; x64) AppleWebKit/537.36 (KHTML, like Gecko) Chrome/83.0.4103.97 Safari/537.36" 
93.176.141.229 - - [09/Jun/2020:03:18:53 -0700] "GET /file/0e2bfffbd67826227ab14b30ca820086 HTTP/1.1" 200 5445 "https://stream.jeremycherfas.net/2018/well-worth-waiting-for-dense-crumb-chewy-crust-great-flavour" "Mozilla/5.0 (Windows NT 10.0; Win64; x64) AppleWebKit/537.36 (KHTML, like Gecko) Chrome/83.0.4103.97 Safari/537.36" 
93.176.141.229 - - [09/Jun/2020:03:18:53 -0700] "GET /file/fda7f2774a315d959bc57b6299bb4d5f/thumb.jpg HTTP/1.1" 200 105027 "https://stream.jeremycherfas.net/2018/well-worth-waiting-for-dense-crumb-chewy-crust-great-flavour" "Mozilla/5.0 (Windows NT 10.0; Win64; x64) AppleWebKit/537.36 (KHTML, like Gecko) Chrome/83.0.4103.97 Safari/537.36" 
93.176.141.229 - - [09/Jun/2020:03:18:53 -0700] "GET /file/9b08a0e6c1120911d43d3f14b90f018b HTTP/1.1" 200 7681 "https://stream.jeremycherfas.net/2018/well-worth-waiting-for-dense-crumb-chewy-crust-great-flavour" "Mozilla/5.0 (Windows NT 10.0; Win64; x64) AppleWebKit/537.36 (KHTML, like Gecko) Chrome/83.0.4103.97 Safari/537.36" 
