46.229.168.131 - - [13/Jun/2020:03:47:47 -0700] "GET /robots.txt HTTP/1.1" 200 4300 "-" "Mozilla/5.0 (compatible; SemrushBot/6~bl; +http://www.semrush.com/bot.html)" 
46.229.168.145 - - [13/Jun/2020:03:47:48 -0700] "GET /2019/fake-is-easy-back-up-your-words-with-hyperlinks HTTP/1.1" 200 9442 "-" "Mozilla/5.0 (compatible; SemrushBot/6~bl; +http://www.semrush.com/bot.html)" 
46.229.168.133 - - [13/Jun/2020:03:47:57 -0700] "GET /2019/big-bake-part-i-kalonji-bread-3kg HTTP/1.1" 200 9465 "-" "Mozilla/5.0 (compatible; SemrushBot/6~bl; +http://www.semrush.com/bot.html)" 
157.55.39.110 - - [13/Jun/2020:03:49:31 -0700] "GET /2018/magic-light-this-evening HTTP/1.1" 200 12592 "-" "Mozilla/5.0 (compatible; bingbot/2.0; +http://www.bing.com/bingbot.htm)" 
207.46.13.212 - - [13/Jun/2020:03:49:37 -0700] "GET /?q=%23IndieWeb HTTP/1.1" 200 15226 "-" "Mozilla/5.0 (compatible; bingbot/2.0; +http://www.bing.com/bingbot.htm)" 
46.229.168.154 - - [13/Jun/2020:03:50:00 -0700] "GET /content/all?offset=140 HTTP/1.1" 200 10919 "-" "Mozilla/5.0 (compatible; SemrushBot/6~bl; +http://www.semrush.com/bot.html)" 
46.229.168.134 - - [13/Jun/2020:03:50:52 -0700] "GET /content/posts/?offset=10&q=%23%2B%23IndieWeb HTTP/1.1" 200 16626 "-" "Mozilla/5.0 (compatible; SemrushBot/6~bl; +http://www.semrush.com/bot.html)" 
46.229.168.134 - - [13/Jun/2020:03:51:25 -0700] "GET /2019/walk-vs-hike-ridgeline-issue-030 HTTP/1.1" 200 9448 "-" "Mozilla/5.0 (compatible; SemrushBot/6~bl; +http://www.semrush.com/bot.html)" 
46.229.168.153 - - [13/Jun/2020:03:51:59 -0700] "GET /content/photos/?offset=10 HTTP/1.1" 200 10780 "-" "Mozilla/5.0 (compatible; SemrushBot/6~bl; +http://www.semrush.com/bot.html)" 
46.229.168.163 - - [13/Jun/2020:03:53:37 -0700] "GET /?offset=110&q=%23%2B%23%23indieweb HTTP/1.1" 200 12471 "-" "Mozilla/5.0 (compatible; SemrushBot/6~bl; +http://www.semrush.com/bot.html)" 
46.229.168.150 - - [13/Jun/2020:03:53:47 -0700] "GET /?offset=10&q=%23bread HTTP/1.1" 200 12631 "-" "Mozilla/5.0 (compatible; SemrushBot/6~bl; +http://www.semrush.com/bot.html)" 
46.229.168.147 - - [13/Jun/2020:03:55:47 -0700] "GET /?offset=15&q=%23podcast HTTP/1.1" 200 11851 "-" "Mozilla/5.0 (compatible; SemrushBot/6~bl; +http://www.semrush.com/bot.html)" 
66.249.66.44 - - [13/Jun/2020:03:55:55 -0700] "GET /2019/golden-hour-1 HTTP/1.1" 200 15303 "-" "Mozilla/5.0 (Linux; Android 6.0.1; Nexus 5X Build/MMB29P) AppleWebKit/537.36 (KHTML, like Gecko) Chrome/80.0.3987.92 Mobile Safari/537.36 (compatible; Googlebot/2.1; +http://www.google.com/bot.html)" 
64.111.100.215 - - [13/Jun/2020:03:56:08 -0700] "GET /content/all?_t=rss HTTP/1.1" 200 14885 "-" "Mozilla/5.0 (X11; U; Linux i686; fr; rv:1.9.1.1) Gecko/20090715 Firefox/3.5.1" 
46.229.168.145 - - [13/Jun/2020:03:56:17 -0700] "GET /content/events/?q=%23%2B%23indieweb HTTP/1.1" 200 8315 "-" "Mozilla/5.0 (compatible; SemrushBot/6~bl; +http://www.semrush.com/bot.html)" 
66.249.66.44 - - [13/Jun/2020:03:57:05 -0700] "GET /view/d8bdde94cfc877ece5302f48789b3987?_t=rss HTTP/1.1" 200 5687 "-" "Mozilla/5.0 (Linux; Android 6.0.1; Nexus 5X Build/MMB29P) AppleWebKit/537.36 (KHTML, like Gecko) Chrome/80.0.3987.92 Mobile Safari/537.36 (compatible; Googlebot/2.1; +http://www.google.com/bot.html)" 
46.229.168.142 - - [13/Jun/2020:03:57:12 -0700] "GET /?offset=98&q=%23%2B%23%23indieweb HTTP/1.1" 200 14730 "-" "Mozilla/5.0 (compatible; SemrushBot/6~bl; +http://www.semrush.com/bot.html)" 
46.229.168.132 - - [13/Jun/2020:03:57:14 -0700] "GET /content/statusupdates/?offset=30&q=%23%2B%23%23indieweb HTTP/1.1" 200 8859 "-" "Mozilla/5.0 (compatible; SemrushBot/6~bl; +http://www.semrush.com/bot.html)" 
46.229.168.152 - - [13/Jun/2020:03:57:53 -0700] "GET /content/all/?offset=36&q=%23%2B%23sourdough HTTP/1.1" 200 11206 "-" "Mozilla/5.0 (compatible; SemrushBot/6~bl; +http://www.semrush.com/bot.html)" 
157.55.39.110 - - [13/Jun/2020:03:58:00 -0700] "GET /2018/the-cold-pre-dawn HTTP/1.1" 200 9861 "-" "Mozilla/5.0 (compatible; bingbot/2.0; +http://www.bing.com/bingbot.htm)" 
207.46.13.63 - - [13/Jun/2020:03:58:05 -0700] "GET /2017/ok-i-will-boycott-twitter-today-as-i-post-less HTTP/1.1" 200 10676 "-" "Mozilla/5.0 (compatible; bingbot/2.0; +http://www.bing.com/bingbot.htm)" 
46.229.168.152 - - [13/Jun/2020:03:58:06 -0700] "GET /content/photos/?q=%23%2B%23Non-fiction HTTP/1.1" 200 8304 "-" "Mozilla/5.0 (compatible; SemrushBot/6~bl; +http://www.semrush.com/bot.html)" 
114.119.166.46 - - [13/Jun/2020:03:58:18 -0700] "GET /tag/withknown?offset=33 HTTP/1.1" 200 12347 "-" "Mozilla/5.0 (Linux; Android 7.0;) AppleWebKit/537.36 (KHTML, like Gecko) Mobile Safari/537.36 (compatible; PetalBot;+https://aspiegel.com/petalbot)" 
167.172.219.142 - - [13/Jun/2020:03:58:29 -0700] "GET /?_t=rss HTTP/1.1" 304 3495 "-" "Feedbin feed-id:1536727 - 1 subscribers" 
207.46.13.212 - - [13/Jun/2020:03:58:43 -0700] "GET / HTTP/1.1" 200 12552 "-" "Mozilla/5.0 (compatible; bingbot/2.0; +http://www.bing.com/bingbot.htm)" 
46.229.168.135 - - [13/Jun/2020:03:59:22 -0700] "GET /content/bookmarkedpages/?q=%23Lithuania HTTP/1.1" 200 8323 "-" "Mozilla/5.0 (compatible; SemrushBot/6~bl; +http://www.semrush.com/bot.html)" 
46.229.168.150 - - [13/Jun/2020:03:59:23 -0700] "GET /tag/indieweb?offset=70 HTTP/1.1" 200 11892 "-" "Mozilla/5.0 (compatible; SemrushBot/6~bl; +http://www.semrush.com/bot.html)" 
46.229.168.129 - - [13/Jun/2020:04:00:33 -0700] "GET /content/rsvp/?q=%23RSS HTTP/1.1" 200 8267 "-" "Mozilla/5.0 (compatible; SemrushBot/6~bl; +http://www.semrush.com/bot.html)" 
46.229.168.147 - - [13/Jun/2020:04:00:59 -0700] "GET /tag/bread?offset=10 HTTP/1.1" 200 12656 "-" "Mozilla/5.0 (compatible; SemrushBot/6~bl; +http://www.semrush.com/bot.html)" 
46.229.168.139 - - [13/Jun/2020:04:01:50 -0700] "GET /content/all/?offset=0&q=%23%2B%23bread HTTP/1.1" 200 12181 "-" "Mozilla/5.0 (compatible; SemrushBot/6~bl; +http://www.semrush.com/bot.html)" 
46.229.168.162 - - [13/Jun/2020:04:02:39 -0700] "GET /?offset=116&q=%23indieweb HTTP/1.1" 200 12144 "-" "Mozilla/5.0 (compatible; SemrushBot/6~bl; +http://www.semrush.com/bot.html)" 
46.229.168.148 - - [13/Jun/2020:04:02:52 -0700] "GET /content/all/?offset=135&q=%23indieweb HTTP/1.1" 200 12471 "-" "Mozilla/5.0 (compatible; SemrushBot/6~bl; +http://www.semrush.com/bot.html)" 
96.126.125.129 - - [13/Jun/2020:04:03:06 -0700] "GET /content/statusupdates/posts/photos/checkins/bookmarkedpages?_t=rss HTTP/1.1" 200 7442 "-" "Micro.blog/1.0" 
46.229.168.147 - - [13/Jun/2020:04:03:08 -0700] "GET /content/statusupdates/?offset=16&q=%23podcast HTTP/1.1" 200 9052 "-" "Mozilla/5.0 (compatible; SemrushBot/6~bl; +http://www.semrush.com/bot.html)" 
46.229.168.136 - - [13/Jun/2020:04:03:10 -0700] "GET /2019/flashing-palely-in-the-margins HTTP/1.1" 200 9297 "-" "Mozilla/5.0 (compatible; SemrushBot/6~bl; +http://www.semrush.com/bot.html)" 
3.89.96.197 - - [13/Jun/2020:04:03:11 -0700] "GET /?_t=rss HTTP/1.1" 200 7435 "-" "glitch-feeder/1.0 (+https://glitch.com/~lmo-feeder)" 
46.229.168.150 - - [13/Jun/2020:04:03:39 -0700] "GET /content/bookmarkedpages/?q=%23%2B%23freersackler HTTP/1.1" 200 8316 "-" "Mozilla/5.0 (compatible; SemrushBot/6~bl; +http://www.semrush.com/bot.html)" 
207.46.13.212 - - [13/Jun/2020:04:03:45 -0700] "GET /2019/a-joint-production HTTP/1.1" 200 13681 "-" "Mozilla/5.0 (compatible; bingbot/2.0; +http://www.bing.com/bingbot.htm)" 
114.119.166.46 - - [13/Jun/2020:04:04:04 -0700] "GET /tag/+%23kalonji HTTP/1.1" 200 10530 "-" "Mozilla/5.0 (Linux; Android 7.0;) AppleWebKit/537.36 (KHTML, like Gecko) Mobile Safari/537.36 (compatible; PetalBot;+https://aspiegel.com/petalbot)" 
157.55.39.110 - - [13/Jun/2020:04:04:31 -0700] "GET /file/3455957565df1abd565e02e75dd70f94/thumb.jpg HTTP/1.1" 200 185940 "-" "Mozilla/5.0 (compatible; bingbot/2.0; +http://www.bing.com/bingbot.htm)" 
157.55.39.110 - - [13/Jun/2020:04:04:32 -0700] "GET /vendor/npm-asset/mediaelement/build/mediaelement-and-player.min.js HTTP/1.1" 200 41537 "-" "Mozilla/5.0 (compatible; bingbot/2.0; +http://www.bing.com/bingbot.htm)" 
46.229.168.141 - - [13/Jun/2020:04:05:13 -0700] "GET /2017/the-indieweb-includes-rss-and-much-more-but-davewiner-is-still-resisting-change-1 HTTP/1.1" 200 9457 "-" "Mozilla/5.0 (compatible; SemrushBot/6~bl; +http://www.semrush.com/bot.html)" 
66.249.66.46 - - [13/Jun/2020:04:05:45 -0700] "GET /2019/a-favourite-summer-salad-super-thin-slices-of-zucchini-bathing HTTP/1.1" 304 4068 "-" "Mozilla/5.0 (Linux; Android 6.0.1; Nexus 5X Build/MMB29P) AppleWebKit/537.36 (KHTML, like Gecko) Chrome/80.0.3987.92 Mobile Safari/537.36 (compatible; Googlebot/2.1; +http://www.google.com/bot.html)" 
46.229.168.162 - - [13/Jun/2020:04:05:46 -0700] "GET /content/all?offset=180 HTTP/1.1" 200 11231 "-" "Mozilla/5.0 (compatible; SemrushBot/6~bl; +http://www.semrush.com/bot.html)" 
207.46.13.63 - - [13/Jun/2020:04:05:54 -0700] "GET /js/1579440966/known.min.js HTTP/1.1" 200 8572 "-" "Mozilla/5.0 (compatible; bingbot/2.0; +http://www.bing.com/bingbot.htm)" 
46.229.168.129 - - [13/Jun/2020:04:06:25 -0700] "GET /?offset=79&q=%23Indieweb HTTP/1.1" 200 13641 "-" "Mozilla/5.0 (compatible; SemrushBot/6~bl; +http://www.semrush.com/bot.html)" 
46.229.168.146 - - [13/Jun/2020:04:06:26 -0700] "GET /2019/now-to-wait-and-see-and-hope-that-i-havent HTTP/1.1" 200 12318 "-" "Mozilla/5.0 (compatible; SemrushBot/6~bl; +http://www.semrush.com/bot.html)" 
66.249.66.48 - - [13/Jun/2020:04:06:33 -0700] "GET /view/f4fcd4636b8057593c0da57460d10b2b?_t=rss HTTP/1.1" 200 5989 "-" "Mozilla/5.0 (Linux; Android 6.0.1; Nexus 5X Build/MMB29P) AppleWebKit/537.36 (KHTML, like Gecko) Chrome/80.0.3987.92 Mobile Safari/537.36 (compatible; Googlebot/2.1; +http://www.google.com/bot.html)" 
46.229.168.161 - - [13/Jun/2020:04:07:55 -0700] "GET /content/audio/?q=%23%2B%23rustic HTTP/1.1" 200 9146 "-" "Mozilla/5.0 (compatible; SemrushBot/6~bl; +http://www.semrush.com/bot.html)" 
46.229.168.146 - - [13/Jun/2020:04:08:06 -0700] "GET /content/all/?offset=33&q=%23%2B%23food HTTP/1.1" 200 13032 "-" "Mozilla/5.0 (compatible; SemrushBot/6~bl; +http://www.semrush.com/bot.html)" 
46.229.168.150 - - [13/Jun/2020:04:08:45 -0700] "GET /content/audio/?q=%23%2B%23bigbake HTTP/1.1" 200 8289 "-" "Mozilla/5.0 (compatible; SemrushBot/6~bl; +http://www.semrush.com/bot.html)" 
54.39.188.170 - - [13/Jun/2020:04:10:48 -0700] "GET /2020/an-ad-hoc-meeting-of-the-withknown-open-collective?_t=rss HTTP/1.1" 200 7981 "-" "Mozilla/5.0 (compatible; YaK/1.0; http://linkfluence.com/; bot@linkfluence.com)" 
46.229.168.140 - - [13/Jun/2020:04:10:48 -0700] "GET /content/bookmarkedpages/?q=%23%2B%23sourdough HTTP/1.1" 200 8336 "-" "Mozilla/5.0 (compatible; SemrushBot/6~bl; +http://www.semrush.com/bot.html)" 
46.229.168.132 - - [13/Jun/2020:04:11:04 -0700] "GET /2017/beech HTTP/1.1" 200 10498 "-" "Mozilla/5.0 (compatible; SemrushBot/6~bl; +http://www.semrush.com/bot.html)" 
64.111.100.215 - - [13/Jun/2020:04:11:57 -0700] "GET /content/all?_t=rss HTTP/1.1" 200 14885 "-" "Mozilla/5.0 (X11; U; Linux i686; fr; rv:1.9.1.1) Gecko/20090715 Firefox/3.5.1" 
46.229.168.162 - - [13/Jun/2020:04:13:13 -0700] "GET /2019/very-definitely-that-time-of-year HTTP/1.1" 200 13860 "-" "Mozilla/5.0 (compatible; SemrushBot/6~bl; +http://www.semrush.com/bot.html)" 
176.9.5.87 - - [13/Jun/2020:04:13:14 -0700] "GET /2020/in-the-olden-days-these-sincere-email HTTP/1.1" 200 9415 "-" "Mozilla/5.0 (compatible; BLEXBot/1.0; +http://webmeup-crawler.com/)" 
176.9.5.87 - - [13/Jun/2020:04:13:22 -0700] "GET /2020/one-of-the-few-things-i-dislike HTTP/1.1" 200 6387 "-" "Mozilla/5.0 (compatible; BLEXBot/1.0; +http://webmeup-crawler.com/)" 
176.9.5.87 - - [13/Jun/2020:04:13:26 -0700] "GET /2020/refreshing-my-memory HTTP/1.1" 200 6227 "-" "Mozilla/5.0 (compatible; BLEXBot/1.0; +http://webmeup-crawler.com/)" 
176.9.5.87 - - [13/Jun/2020:04:13:29 -0700] "GET /content/statusupdates/?offset=30 HTTP/1.1" 200 7755 "-" "Mozilla/5.0 (compatible; BLEXBot/1.0; +http://webmeup-crawler.com/)" 
176.9.5.87 - - [13/Jun/2020:04:13:30 -0700] "GET /2020/that-would-be-a-newsletter-right HTTP/1.1" 200 6042 "-" "Mozilla/5.0 (compatible; BLEXBot/1.0; +http://webmeup-crawler.com/)" 
176.9.5.87 - - [13/Jun/2020:04:13:33 -0700] "GET /content/statusupdates/?q=&offset=0 HTTP/1.1" 200 8490 "-" "Mozilla/5.0 (compatible; BLEXBot/1.0; +http://webmeup-crawler.com/)" 
176.9.5.87 - - [13/Jun/2020:04:13:33 -0700] "GET /2020/these-were-in-the-fridge-an-extra-20-minutes-so HTTP/1.1" 200 6313 "-" "Mozilla/5.0 (compatible; BLEXBot/1.0; +http://webmeup-crawler.com/)" 
46.229.168.153 - - [13/Jun/2020:04:13:38 -0700] "GET /tag/indieweb?offset=105 HTTP/1.1" 200 12697 "-" "Mozilla/5.0 (compatible; SemrushBot/6~bl; +http://www.semrush.com/bot.html)" 
176.9.5.87 - - [13/Jun/2020:04:13:39 -0700] "GET /content/statusupdates/?q=&offset=10 HTTP/1.1" 200 8354 "-" "Mozilla/5.0 (compatible; BLEXBot/1.0; +http://webmeup-crawler.com/)" 
176.9.5.87 - - [13/Jun/2020:04:13:40 -0700] "GET /2017/a-second-go-at-olive-levain-for-this-time-with HTTP/1.1" 200 7606 "-" "Mozilla/5.0 (compatible; BLEXBot/1.0; +http://webmeup-crawler.com/)" 
176.9.5.87 - - [13/Jun/2020:04:13:44 -0700] "GET /2017/a-second-go-at-olive-levain-for-this-time-with-fabulous-taggiasca-olives-and-a-cold-retard-the-result-was HTTP/1.1" 200 6618 "-" "Mozilla/5.0 (compatible; BLEXBot/1.0; +http://webmeup-crawler.com/)" 
176.9.5.87 - - [13/Jun/2020:04:13:44 -0700] "GET /file/6ab1614cd34b7e2db0ad9d691d1b1325/a8966c7feb1ba58913e83da4e0b5acef HTTP/1.1" 200 143250 "-" "Mozilla/5.0 (compatible; BLEXBot/1.0; +http://webmeup-crawler.com/)" 
46.229.168.150 - - [13/Jun/2020:04:13:45 -0700] "GET /content/all/?offset=10&q=%23bread HTTP/1.1" 200 12704 "-" "Mozilla/5.0 (compatible; SemrushBot/6~bl; +http://www.semrush.com/bot.html)" 
176.9.5.87 - - [13/Jun/2020:04:13:48 -0700] "GET /file/98b78f3a2ffb72834a0eb09ac00ccf3e/6bdb27df5fa7d50e8cb36d6ff9bac4fb HTTP/1.1" 200 217712 "-" "Mozilla/5.0 (compatible; BLEXBot/1.0; +http://webmeup-crawler.com/)" 
176.9.5.87 - - [13/Jun/2020:04:13:49 -0700] "GET /2017/could-this-be-a-crape-myrtle-fruit-is-it-good HTTP/1.1" 200 6768 "-" "Mozilla/5.0 (compatible; BLEXBot/1.0; +http://webmeup-crawler.com/)" 
46.229.168.145 - - [13/Jun/2020:04:13:52 -0700] "GET /2017/quick-question-for-chris-aldrich-which-i-may-be-able HTTP/1.1" 200 10957 "-" "Mozilla/5.0 (compatible; SemrushBot/6~bl; +http://www.semrush.com/bot.html)" 
176.9.5.87 - - [13/Jun/2020:04:14:00 -0700] "GET /2017/on-your-own-site-you-can-at-least-distinguish-between HTTP/1.1" 200 6369 "-" "Mozilla/5.0 (compatible; BLEXBot/1.0; +http://webmeup-crawler.com/)" 
176.9.5.87 - - [13/Jun/2020:04:14:04 -0700] "GET /2017/ooh-a-new-podcast-to-listen-to-which-also-fits HTTP/1.1" 200 6591 "-" "Mozilla/5.0 (compatible; BLEXBot/1.0; +http://webmeup-crawler.com/)" 
46.229.168.133 - - [13/Jun/2020:04:14:06 -0700] "GET /content/photos/?offset=20&q=%23%2B%23sourdough HTTP/1.1" 200 11719 "-" "Mozilla/5.0 (compatible; SemrushBot/6~bl; +http://www.semrush.com/bot.html)" 
176.9.5.87 - - [13/Jun/2020:04:14:06 -0700] "GET /2017/seems-to-have-gone-dormant-so-heres-my-wholewheat-with HTTP/1.1" 200 7476 "-" "Mozilla/5.0 (compatible; BLEXBot/1.0; +http://webmeup-crawler.com/)" 
176.9.5.87 - - [13/Jun/2020:04:14:08 -0700] "GET /file/bd18206c34428bb3c8f7d25a1a34fb06/6bf8fde084ea00b2b207570920192995 HTTP/1.1" 200 147364 "-" "Mozilla/5.0 (compatible; BLEXBot/1.0; +http://webmeup-crawler.com/)" 
176.9.5.87 - - [13/Jun/2020:04:14:10 -0700] "GET /file/e28bb6f90849f872482260f08a2092ef/b7e10ed00274340ee2e049b4f83525f4 HTTP/1.1" 200 134374 "-" "Mozilla/5.0 (compatible; BLEXBot/1.0; +http://webmeup-crawler.com/)" 
176.9.5.87 - - [13/Jun/2020:04:14:13 -0700] "GET /2018/2018-12-10 HTTP/1.1" 200 6363 "-" "Mozilla/5.0 (compatible; BLEXBot/1.0; +http://webmeup-crawler.com/)" 
176.9.5.87 - - [13/Jun/2020:04:14:18 -0700] "GET /profile/jeremy?offset=30 HTTP/1.1" 200 13133 "-" "Mozilla/5.0 (compatible; BLEXBot/1.0; +http://webmeup-crawler.com/)" 
176.9.5.87 - - [13/Jun/2020:04:14:23 -0700] "GET /2018/2018-12-11 HTTP/1.1" 200 6658 "-" "Mozilla/5.0 (compatible; BLEXBot/1.0; +http://webmeup-crawler.com/)" 
176.9.5.87 - - [13/Jun/2020:04:14:27 -0700] "GET /tag/ HTTP/1.1" 404 14331 "-" "Mozilla/5.0 (compatible; BLEXBot/1.0; +http://webmeup-crawler.com/)" 
176.9.5.87 - - [13/Jun/2020:04:14:28 -0700] "GET /2018/a-little-problem-with-knowns-micropub-endpoint HTTP/1.1" 200 8861 "-" "Mozilla/5.0 (compatible; BLEXBot/1.0; +http://webmeup-crawler.com/)" 
176.9.5.87 - - [13/Jun/2020:04:14:30 -0700] "GET /tag/+ HTTP/1.1" 200 6283 "-" "Mozilla/5.0 (compatible; BLEXBot/1.0; +http://webmeup-crawler.com/)" 
176.9.5.87 - - [13/Jun/2020:04:14:36 -0700] "GET /2018/absolutely-sublime-nancy HTTP/1.1" 200 7048 "-" "Mozilla/5.0 (compatible; BLEXBot/1.0; +http://webmeup-crawler.com/)" 
176.9.5.87 - - [13/Jun/2020:04:14:40 -0700] "GET /2018/agrobiodiverse-such-a-fine-idea-and-so HTTP/1.1" 200 7579 "-" "Mozilla/5.0 (compatible; BLEXBot/1.0; +http://webmeup-crawler.com/)" 
176.9.5.87 - - [13/Jun/2020:04:14:47 -0700] "GET /tag/IndieWeb?offset=20 HTTP/1.1" 200 8146 "-" "Mozilla/5.0 (compatible; BLEXBot/1.0; +http://webmeup-crawler.com/)" 
176.9.5.87 - - [13/Jun/2020:04:14:51 -0700] "GET /2018/any-chance-you-can-explain-why-you HTTP/1.1" 200 7069 "-" "Mozilla/5.0 (compatible; BLEXBot/1.0; +http://webmeup-crawler.com/)" 
176.9.5.87 - - [13/Jun/2020:04:14:53 -0700] "GET /tag/Indieweb HTTP/1.1" 200 11674 "-" "Mozilla/5.0 (compatible; BLEXBot/1.0; +http://webmeup-crawler.com/)" 
176.9.5.87 - - [13/Jun/2020:04:15:01 -0700] "GET /2018/bj%C3%B6rn-stierand HTTP/1.1" 200 6173 "-" "Mozilla/5.0 (compatible; BLEXBot/1.0; +http://webmeup-crawler.com/)" 
176.9.5.87 - - [13/Jun/2020:04:15:06 -0700] "GET /tag/WithKnown HTTP/1.1" 200 11206 "-" "Mozilla/5.0 (compatible; BLEXBot/1.0; +http://webmeup-crawler.com/)" 
176.9.5.87 - - [13/Jun/2020:04:15:11 -0700] "GET /tag/fornacalia?offset=0 HTTP/1.1" 200 9831 "-" "Mozilla/5.0 (compatible; BLEXBot/1.0; +http://webmeup-crawler.com/)" 
176.9.5.87 - - [13/Jun/2020:04:15:13 -0700] "GET /tag/fornacalia?offset=9 HTTP/1.1" 200 5688 "-" "Mozilla/5.0 (compatible; BLEXBot/1.0; +http://webmeup-crawler.com/)" 
176.9.5.87 - - [13/Jun/2020:04:15:17 -0700] "GET /2018/blog-engines-and-indieweb-controlling-upstream-brad-enslen HTTP/1.1" 200 6264 "-" "Mozilla/5.0 (compatible; BLEXBot/1.0; +http://webmeup-crawler.com/)" 
176.9.5.87 - - [13/Jun/2020:04:15:22 -0700] "GET /tag/indieweb?offset=0 HTTP/1.1" 200 11687 "-" "Mozilla/5.0 (compatible; BLEXBot/1.0; +http://webmeup-crawler.com/)" 
176.9.5.87 - - [13/Jun/2020:04:15:23 -0700] "GET /2018/feeling-good-about-the-changes-at-flickr HTTP/1.1" 200 6687 "-" "Mozilla/5.0 (compatible; BLEXBot/1.0; +http://webmeup-crawler.com/)" 
176.9.5.87 - - [13/Jun/2020:04:15:26 -0700] "GET /tag/indieweb?offset=10 HTTP/1.1" 200 8505 "-" "Mozilla/5.0 (compatible; BLEXBot/1.0; +http://webmeup-crawler.com/)" 
176.9.5.87 - - [13/Jun/2020:04:15:29 -0700] "GET /2018/great-shame-im-not-flying-today HTTP/1.1" 200 6463 "-" "Mozilla/5.0 (compatible; BLEXBot/1.0; +http://webmeup-crawler.com/)" 
176.9.5.87 - - [13/Jun/2020:04:15:30 -0700] "GET /tag/indiewebcitizen HTTP/1.1" 200 6013 "-" "Mozilla/5.0 (compatible; BLEXBot/1.0; +http://webmeup-crawler.com/)" 
176.9.5.87 - - [13/Jun/2020:04:15:34 -0700] "GET /tag/known?offset=0 HTTP/1.1" 200 13361 "-" "Mozilla/5.0 (compatible; BLEXBot/1.0; +http://webmeup-crawler.com/)" 
176.9.5.87 - - [13/Jun/2020:04:15:39 -0700] "GET /2018/how-long-should-a-podcast-be HTTP/1.1" 200 7445 "-" "Mozilla/5.0 (compatible; BLEXBot/1.0; +http://webmeup-crawler.com/)" 
176.9.5.87 - - [13/Jun/2020:04:15:40 -0700] "GET /tag/known?offset=10 HTTP/1.1" 200 8660 "-" "Mozilla/5.0 (compatible; BLEXBot/1.0; +http://webmeup-crawler.com/)" 
176.9.5.87 - - [13/Jun/2020:04:15:42 -0700] "GET /tag/podcast HTTP/1.1" 200 9071 "-" "Mozilla/5.0 (compatible; BLEXBot/1.0; +http://webmeup-crawler.com/)" 
176.9.5.87 - - [13/Jun/2020:04:15:44 -0700] "GET /tag/podcasting HTTP/1.1" 200 10051 "-" "Mozilla/5.0 (compatible; BLEXBot/1.0; +http://webmeup-crawler.com/)" 
176.9.5.87 - - [13/Jun/2020:04:15:47 -0700] "GET /2018/i-feed-withknown-into-microblog-and-posse HTTP/1.1" 200 6950 "-" "Mozilla/5.0 (compatible; BLEXBot/1.0; +http://webmeup-crawler.com/)" 
176.9.5.87 - - [13/Jun/2020:04:15:49 -0700] "GET /tag/rye HTTP/1.1" 200 9016 "-" "Mozilla/5.0 (compatible; BLEXBot/1.0; +http://webmeup-crawler.com/)" 
176.9.5.87 - - [13/Jun/2020:04:15:49 -0700] "GET /2018/i-knew-id-forget-some-so-theres HTTP/1.1" 200 6823 "-" "Mozilla/5.0 (compatible; BLEXBot/1.0; +http://webmeup-crawler.com/)" 
176.9.5.87 - - [13/Jun/2020:04:15:53 -0700] "GET /2018/id-say-that-was-progress-yes-of-course-for-all HTTP/1.1" 200 6353 "-" "Mozilla/5.0 (compatible; BLEXBot/1.0; +http://webmeup-crawler.com/)" 
176.9.5.87 - - [13/Jun/2020:04:15:55 -0700] "GET /tag/sourdough?offset=0 HTTP/1.1" 200 8810 "-" "Mozilla/5.0 (compatible; BLEXBot/1.0; +http://webmeup-crawler.com/)" 
176.9.5.87 - - [13/Jun/2020:04:15:58 -0700] "GET /tag/sourdough?offset=10 HTTP/1.1" 200 9034 "-" "Mozilla/5.0 (compatible; BLEXBot/1.0; +http://webmeup-crawler.com/)" 
176.9.5.87 - - [13/Jun/2020:04:16:00 -0700] "GET /tag/testtag HTTP/1.1" 200 6010 "-" "Mozilla/5.0 (compatible; BLEXBot/1.0; +http://webmeup-crawler.com/)" 
66.249.66.44 - - [13/Jun/2020:04:16:01 -0700] "GET /view/e17495fe4066797f8599addb1870ba27?_t=rss HTTP/1.1" 200 5841 "-" "Mozilla/5.0 (Linux; Android 6.0.1; Nexus 5X Build/MMB29P) AppleWebKit/537.36 (KHTML, like Gecko) Chrome/80.0.3987.92 Mobile Safari/537.36 (compatible; Googlebot/2.1; +http://www.google.com/bot.html)" 
176.9.5.87 - - [13/Jun/2020:04:16:04 -0700] "GET /2019/the-rebirth-of-long-dormant-blogs-is HTTP/1.1" 200 6721 "-" "Mozilla/5.0 (compatible; BLEXBot/1.0; +http://webmeup-crawler.com/)" 
176.9.5.87 - - [13/Jun/2020:04:16:04 -0700] "GET /2018/so-disappointing-that-slackhq-is-giving-up-on-the-gateway HTTP/1.1" 200 9272 "-" "Mozilla/5.0 (compatible; BLEXBot/1.0; +http://webmeup-crawler.com/)" 
176.9.5.87 - - [13/Jun/2020:04:16:06 -0700] "GET /2019/untitled-mrkapowski HTTP/1.1" 200 6031 "-" "Mozilla/5.0 (compatible; BLEXBot/1.0; +http://webmeup-crawler.com/)" 
176.9.5.87 - - [13/Jun/2020:04:16:08 -0700] "GET /2019/yes-if-you-still-need-one HTTP/1.1" 200 6783 "-" "Mozilla/5.0 (compatible; BLEXBot/1.0; +http://webmeup-crawler.com/)" 
176.9.5.87 - - [13/Jun/2020:04:16:16 -0700] "GET /2018/who-we-are-8-india HTTP/1.1" 200 6592 "-" "Mozilla/5.0 (compatible; BLEXBot/1.0; +http://webmeup-crawler.com/)" 
176.9.5.87 - - [13/Jun/2020:04:16:25 -0700] "GET /2019/2019-01-24 HTTP/1.1" 200 6136 "-" "Mozilla/5.0 (compatible; BLEXBot/1.0; +http://webmeup-crawler.com/)" 
46.229.168.132 - - [13/Jun/2020:04:16:44 -0700] "GET /tag/bread?offset=22 HTTP/1.1" 200 12324 "-" "Mozilla/5.0 (compatible; SemrushBot/6~bl; +http://www.semrush.com/bot.html)" 
46.229.168.163 - - [13/Jun/2020:04:16:51 -0700] "GET /2019/prime-buns-waiting-to-prove HTTP/1.1" 200 13751 "-" "Mozilla/5.0 (compatible; SemrushBot/6~bl; +http://www.semrush.com/bot.html)" 
176.9.5.87 - - [13/Jun/2020:04:17:12 -0700] "GET /2019/a-blt-is-so-much-better-on-homemade-sourdough-come HTTP/1.1" 200 6516 "-" "Mozilla/5.0 (compatible; BLEXBot/1.0; +http://webmeup-crawler.com/)" 
176.9.5.87 - - [13/Jun/2020:04:17:16 -0700] "GET /2019/a-couple-of-plump-little-kalonji-sourdough-beauties-that-have HTTP/1.1" 200 6645 "-" "Mozilla/5.0 (compatible; BLEXBot/1.0; +http://webmeup-crawler.com/)" 
176.9.5.87 - - [13/Jun/2020:04:17:20 -0700] "GET /2019/an-indieweb-book-club-is-a-really HTTP/1.1" 200 6777 "-" "Mozilla/5.0 (compatible; BLEXBot/1.0; +http://webmeup-crawler.com/)" 
176.9.5.87 - - [13/Jun/2020:04:17:22 -0700] "GET /2019/and-a-few-hours-after-that-the-magic-we-wont HTTP/1.1" 200 10551 "-" "Mozilla/5.0 (compatible; BLEXBot/1.0; +http://webmeup-crawler.com/)" 
176.9.5.87 - - [13/Jun/2020:04:17:27 -0700] "GET /2019/and-this-is-how-they-turned-out-sourdough-kalonji-loaves HTTP/1.1" 200 6420 "-" "Mozilla/5.0 (compatible; BLEXBot/1.0; +http://webmeup-crawler.com/)" 
46.229.168.139 - - [13/Jun/2020:04:17:40 -0700] "GET /content/all/?offset=10&q=%23%2B%23%23indieweb HTTP/1.1" 200 11651 "-" "Mozilla/5.0 (compatible; SemrushBot/6~bl; +http://www.semrush.com/bot.html)" 
46.229.168.135 - - [13/Jun/2020:04:17:58 -0700] "GET /?offset=104&q=%23IndieWeb HTTP/1.1" 200 13495 "-" "Mozilla/5.0 (compatible; SemrushBot/6~bl; +http://www.semrush.com/bot.html)" 
176.9.5.87 - - [13/Jun/2020:04:18:11 -0700] "GET /2019/checked-into-ad-shop HTTP/1.1" 200 6522 "-" "Mozilla/5.0 (compatible; BLEXBot/1.0; +http://webmeup-crawler.com/)" 
176.9.5.87 - - [13/Jun/2020:04:18:18 -0700] "GET /2019/checked-into-baschi HTTP/1.1" 200 9353 "-" "Mozilla/5.0 (compatible; BLEXBot/1.0; +http://webmeup-crawler.com/)" 
176.9.5.87 - - [13/Jun/2020:04:18:24 -0700] "GET /2019/checked-into-bunch-of-grapes HTTP/1.1" 200 6444 "-" "Mozilla/5.0 (compatible; BLEXBot/1.0; +http://webmeup-crawler.com/)" 
176.9.5.87 - - [13/Jun/2020:04:18:28 -0700] "GET /2019/checked-into-clayton-hotel-dublin-airport-1 HTTP/1.1" 200 6493 "-" "Mozilla/5.0 (compatible; BLEXBot/1.0; +http://webmeup-crawler.com/)" 
176.9.5.87 - - [13/Jun/2020:04:18:40 -0700] "GET /2019/checked-into-espresso-room HTTP/1.1" 200 6463 "-" "Mozilla/5.0 (compatible; BLEXBot/1.0; +http://webmeup-crawler.com/)" 
176.9.5.87 - - [13/Jun/2020:04:18:44 -0700] "GET /2019/checked-into-fondamenta-rezzonico HTTP/1.1" 200 6428 "-" "Mozilla/5.0 (compatible; BLEXBot/1.0; +http://webmeup-crawler.com/)" 
176.9.5.87 - - [13/Jun/2020:04:18:50 -0700] "GET /2019/checked-into-kandinsky-tea-room HTTP/1.1" 200 6540 "-" "Mozilla/5.0 (compatible; BLEXBot/1.0; +http://webmeup-crawler.com/)" 
176.9.5.87 - - [13/Jun/2020:04:18:58 -0700] "GET /2019/checked-into-terminal-2 HTTP/1.1" 200 6440 "-" "Mozilla/5.0 (compatible; BLEXBot/1.0; +http://webmeup-crawler.com/)" 
176.9.5.87 - - [13/Jun/2020:04:19:05 -0700] "GET /2019/checked-into-united-states-botanic-garden HTTP/1.1" 200 6486 "-" "Mozilla/5.0 (compatible; BLEXBot/1.0; +http://webmeup-crawler.com/)" 
176.9.5.87 - - [13/Jun/2020:04:19:08 -0700] "GET /2019/checked-into-vivi-bistrot-1 HTTP/1.1" 200 6444 "-" "Mozilla/5.0 (compatible; BLEXBot/1.0; +http://webmeup-crawler.com/)" 
176.9.5.87 - - [13/Jun/2020:04:19:21 -0700] "GET /2019/hashtags-html HTTP/1.1" 200 6299 "-" "Mozilla/5.0 (compatible; BLEXBot/1.0; +http://webmeup-crawler.com/)" 
176.9.5.87 - - [13/Jun/2020:04:19:24 -0700] "GET /2019/i-dont-know-what-this-was-exactly-except-it-was HTTP/1.1" 200 6832 "-" "Mozilla/5.0 (compatible; BLEXBot/1.0; +http://webmeup-crawler.com/)" 
176.9.5.87 - - [13/Jun/2020:04:19:32 -0700] "GET /2019/i-have-not-exactly-solved-the-problem HTTP/1.1" 200 6395 "-" "Mozilla/5.0 (compatible; BLEXBot/1.0; +http://webmeup-crawler.com/)" 
176.9.5.87 - - [13/Jun/2020:04:19:34 -0700] "GET /2019/i-realise-i-forgot-to-show-off-the-finished-black HTTP/1.1" 200 6453 "-" "Mozilla/5.0 (compatible; BLEXBot/1.0; +http://webmeup-crawler.com/)" 
176.9.5.87 - - [13/Jun/2020:04:19:37 -0700] "GET /2019/im-a-late-adopter-on-indieweb-readers HTTP/1.1" 200 6369 "-" "Mozilla/5.0 (compatible; BLEXBot/1.0; +http://webmeup-crawler.com/)" 
176.9.5.87 - - [13/Jun/2020:04:19:40 -0700] "GET /2019/is-that-the-original-willard-and-the HTTP/1.1" 200 6335 "-" "Mozilla/5.0 (compatible; BLEXBot/1.0; +http://webmeup-crawler.com/)" 
66.249.66.44 - - [13/Jun/2020:04:19:57 -0700] "GET /service/web/unfurl/?url=http%3A%2F%2Fquillp3k.io&__bTk=1bd931c2e77042fcfb938c9033235bae0e4e6a735f743d1dc68a8b7dc378076f&__bTs=1591383934 HTTP/1.1" 403 4909 "https://stream.jeremycherfas.net/profile/jeremy?offset=430" "Mozilla/5.0 (Linux; Android 6.0.1; Nexus 5X Build/MMB29P) AppleWebKit/537.36 (KHTML, like Gecko) Chrome/83.0.4103.93 Mobile Safari/537.36 (compatible; Googlebot/2.1; +http://www.google.com/bot.html)" 
66.249.66.44 - - [13/Jun/2020:04:19:58 -0700] "GET /service/web/unfurl/?url=http%3A%2F%2Fwww.abc.net.au%2Fnews%2F2017-05-30%2Fwar-on-waste-funding-boost-for-food-rescue-groups-energy-costs%2F8568758&__bTk=1bd931c2e77042fcfb938c9033235bae0e4e6a735f743d1dc68a8b7dc378076f&__bTs=1591383934 HTTP/1.1" 403 1335 "https://stream.jeremycherfas.net/profile/jeremy?offset=430" "Mozilla/5.0 (Linux; Android 6.0.1; Nexus 5X Build/MMB29P) AppleWebKit/537.36 (KHTML, like Gecko) Chrome/83.0.4103.93 Mobile Safari/537.36 (compatible; Googlebot/2.1; +http://www.google.com/bot.html)" 
176.9.5.87 - - [13/Jun/2020:04:20:03 -0700] "GET /2019/preparing-for-this-weeks-bake-of-super-seedy-just-one-of HTTP/1.1" 200 10626 "-" "Mozilla/5.0 (compatible; BLEXBot/1.0; +http://webmeup-crawler.com/)" 
176.9.5.87 - - [13/Jun/2020:04:20:10 -0700] "GET /2019/rdwrt-not-really-because-it-is-an HTTP/1.1" 200 6487 "-" "Mozilla/5.0 (compatible; BLEXBot/1.0; +http://webmeup-crawler.com/)" 
176.9.5.87 - - [13/Jun/2020:04:20:15 -0700] "GET /2019/seems-to-me-that-your-home-page HTTP/1.1" 200 7596 "-" "Mozilla/5.0 (compatible; BLEXBot/1.0; +http://webmeup-crawler.com/)" 
46.229.168.143 - - [13/Jun/2020:04:20:23 -0700] "GET /content/all/?offset=66&q=%23%2B%23bread HTTP/1.1" 200 12141 "-" "Mozilla/5.0 (compatible; SemrushBot/6~bl; +http://www.semrush.com/bot.html)" 
66.249.66.44 - - [13/Jun/2020:04:20:48 -0700] "GET /file/2dc0224d65216c339a8c49456f43d6e5/thumb.jpg HTTP/1.1" 200 148344 "-" "Googlebot-Image/1.0" 
46.229.168.149 - - [13/Jun/2020:04:21:00 -0700] "GET /tag/IndieWeb?offset=90 HTTP/1.1" 200 15616 "-" "Mozilla/5.0 (compatible; SemrushBot/6~bl; +http://www.semrush.com/bot.html)" 
66.249.66.48 - - [13/Jun/2020:04:21:03 -0700] "GET /service/web/imageproxy/aHR0cHM6Ly9taWNyby5ibG9nL0JydWNlL2F2YXRhci5qcGc,/300/square HTTP/1.1" 200 8243 "-" "Googlebot-Image/1.0" 
176.9.5.87 - - [13/Jun/2020:04:21:17 -0700] "GET /2019/straight-outta-the-oven-this-is-the-basic-sourdough-loaf HTTP/1.1" 200 10315 "-" "Mozilla/5.0 (compatible; BLEXBot/1.0; +http://webmeup-crawler.com/)" 
176.9.5.87 - - [13/Jun/2020:04:21:23 -0700] "GET /2019/the-very-few-occasions-on-which-someones HTTP/1.1" 200 7048 "-" "Mozilla/5.0 (compatible; BLEXBot/1.0; +http://webmeup-crawler.com/)" 
176.9.5.87 - - [13/Jun/2020:04:21:29 -0700] "GET /2019/this-post-opened-a-whole-can-of HTTP/1.1" 200 7036 "-" "Mozilla/5.0 (compatible; BLEXBot/1.0; +http://webmeup-crawler.com/)" 
176.9.5.87 - - [13/Jun/2020:04:21:36 -0700] "GET /2019/very-hard-to-believe-that-tanner-campbell HTTP/1.1" 200 6525 "-" "Mozilla/5.0 (compatible; BLEXBot/1.0; +http://webmeup-crawler.com/)" 
176.9.5.87 - - [13/Jun/2020:04:21:48 -0700] "GET /2020/-6 HTTP/1.1" 200 6409 "-" "Mozilla/5.0 (compatible; BLEXBot/1.0; +http://webmeup-crawler.com/)" 
176.9.5.87 - - [13/Jun/2020:04:22:08 -0700] "GET /2020/2020-02-13 HTTP/1.1" 200 6917 "-" "Mozilla/5.0 (compatible; BLEXBot/1.0; +http://webmeup-crawler.com/)" 
176.9.5.87 - - [13/Jun/2020:04:22:20 -0700] "GET /2020/2020-05-09 HTTP/1.1" 200 6537 "-" "Mozilla/5.0 (compatible; BLEXBot/1.0; +http://webmeup-crawler.com/)" 
176.9.5.87 - - [13/Jun/2020:04:22:34 -0700] "GET /2020/changing-diet-you-cant-outrun-a-shitty-diet---jeenanet HTTP/1.1" 200 6191 "-" "Mozilla/5.0 (compatible; BLEXBot/1.0; +http://webmeup-crawler.com/)" 
176.9.5.87 - - [13/Jun/2020:04:23:15 -0700] "GET /2020/coronavirus-extraordinary-decisions-for-italian-doctors---the-atlantic HTTP/1.1" 200 6320 "-" "Mozilla/5.0 (compatible; BLEXBot/1.0; +http://webmeup-crawler.com/)" 
176.9.5.87 - - [13/Jun/2020:04:23:21 -0700] "GET /2020/did-a-bit-of-domestic-baking-today HTTP/1.1" 200 9233 "-" "Mozilla/5.0 (compatible; BLEXBot/1.0; +http://webmeup-crawler.com/)" 
46.229.168.154 - - [13/Jun/2020:04:23:22 -0700] "GET /content/statusupdates/?q=%23rye HTTP/1.1" 200 8303 "-" "Mozilla/5.0 (compatible; SemrushBot/6~bl; +http://www.semrush.com/bot.html)" 
176.9.5.87 - - [13/Jun/2020:04:23:30 -0700] "GET /2020/doordash-and-pizza-arbitrage HTTP/1.1" 200 6771 "-" "Mozilla/5.0 (compatible; BLEXBot/1.0; +http://webmeup-crawler.com/)" 
176.9.5.87 - - [13/Jun/2020:04:23:39 -0700] "GET /2020/g-feed-covid-19-reduces-economic-activity-which-reduces-pollution-which-saves HTTP/1.1" 200 6512 "-" "Mozilla/5.0 (compatible; BLEXBot/1.0; +http://webmeup-crawler.com/)" 
176.9.5.87 - - [13/Jun/2020:04:23:48 -0700] "GET /2020/get-political-reporters-off-the-coronavirus-story-because-they-dont HTTP/1.1" 200 6598 "-" "Mozilla/5.0 (compatible; BLEXBot/1.0; +http://webmeup-crawler.com/)" 
46.229.168.147 - - [13/Jun/2020:04:23:49 -0700] "GET /2017/black-pepper-adapted-from-danlepard-perfect-with-peanut-butter-recipe HTTP/1.1" 200 10933 "-" "Mozilla/5.0 (compatible; SemrushBot/6~bl; +http://www.semrush.com/bot.html)" 
176.9.5.87 - - [13/Jun/2020:04:23:57 -0700] "GET /2020/how-did-i-find-the-link-2020just-discovered-i-have-a-digital-note HTTP/1.1" 200 6331 "-" "Mozilla/5.0 (compatible; BLEXBot/1.0; +http://webmeup-crawler.com/)" 
176.9.5.87 - - [13/Jun/2020:04:24:07 -0700] "GET /2020/i-believe-this-is-tecoma-stans-and-it-really-is HTTP/1.1" 200 6531 "-" "Mozilla/5.0 (compatible; BLEXBot/1.0; +http://webmeup-crawler.com/)" 
176.9.5.87 - - [13/Jun/2020:04:24:12 -0700] "GET /2020/i-read-both-of-the-pieces-chris HTTP/1.1" 200 6389 "-" "Mozilla/5.0 (compatible; BLEXBot/1.0; +http://webmeup-crawler.com/)" 
176.9.5.87 - - [13/Jun/2020:04:24:30 -0700] "GET /2020/just-discovered-i-have-a-digital-note HTTP/1.1" 200 6798 "-" "Mozilla/5.0 (compatible; BLEXBot/1.0; +http://webmeup-crawler.com/)" 
176.9.5.87 - - [13/Jun/2020:04:24:47 -0700] "GET /2020/my-dropbox-bill-is-going-up-and HTTP/1.1" 200 6591 "-" "Mozilla/5.0 (compatible; BLEXBot/1.0; +http://webmeup-crawler.com/)" 
77.88.5.71 - - [13/Jun/2020:04:25:03 -0700] "GET /robots.txt HTTP/1.1" 200 4288 "-" "Mozilla/5.0 (compatible; YandexBot/3.0; +http://yandex.com/bots)" 
176.9.5.87 - - [13/Jun/2020:04:25:04 -0700] "GET /2020/paul-fords-new-outlet HTTP/1.1" 200 6221 "-" "Mozilla/5.0 (compatible; BLEXBot/1.0; +http://webmeup-crawler.com/)" 
77.88.5.71 - - [13/Jun/2020:04:25:07 -0700] "GET /2019/this-is-very-cool-and-the-login HTTP/1.1" 200 9809 "-" "Mozilla/5.0 (compatible; YandexBot/3.0; +http://yandex.com/bots)" 
176.9.5.87 - - [13/Jun/2020:04:25:09 -0700] "GET /2020/progress-1 HTTP/1.1" 200 6195 "-" "Mozilla/5.0 (compatible; BLEXBot/1.0; +http://webmeup-crawler.com/)" 
176.9.5.87 - - [13/Jun/2020:04:25:26 -0700] "GET /2020/search-engine-etiquette-never-ever-ask-for-a-backlink HTTP/1.1" 200 6421 "-" "Mozilla/5.0 (compatible; BLEXBot/1.0; +http://webmeup-crawler.com/)" 
66.249.66.48 - - [13/Jun/2020:04:25:29 -0700] "GET /view/df1f28a57fd24a0a1196bd179cf5abca?_t=rss HTTP/1.1" 200 5914 "-" "Mozilla/5.0 (Linux; Android 6.0.1; Nexus 5X Build/MMB29P) AppleWebKit/537.36 (KHTML, like Gecko) Chrome/80.0.3987.92 Mobile Safari/537.36 (compatible; Googlebot/2.1; +http://www.google.com/bot.html)" 
176.9.5.87 - - [13/Jun/2020:04:25:29 -0700] "GET /2020/space HTTP/1.1" 200 6876 "-" "Mozilla/5.0 (compatible; BLEXBot/1.0; +http://webmeup-crawler.com/)" 
40.77.167.194 - - [13/Jun/2020:04:25:34 -0700] "GET /2018/ok HTTP/1.1" 200 13852 "-" "Mozilla/5.0 (compatible; bingbot/2.0; +http://www.bing.com/bingbot.htm)" 
176.9.5.87 - - [13/Jun/2020:04:25:40 -0700] "GET /2020/thanks-to-kicks-condor-i-too-have HTTP/1.1" 200 6756 "-" "Mozilla/5.0 (compatible; BLEXBot/1.0; +http://webmeup-crawler.com/)" 
176.9.5.87 - - [13/Jun/2020:04:25:53 -0700] "GET /2020/the-technium HTTP/1.1" 200 6291 "-" "Mozilla/5.0 (compatible; BLEXBot/1.0; +http://webmeup-crawler.com/)" 
176.9.5.87 - - [13/Jun/2020:04:25:57 -0700] "GET /2020/the-weakest-link-in-my-spectacles HTTP/1.1" 200 6287 "-" "Mozilla/5.0 (compatible; BLEXBot/1.0; +http://webmeup-crawler.com/)" 
54.36.148.84 - - [13/Jun/2020:04:26:01 -0700] "GET /2018/i-like-that-chris-would-prefer-a HTTP/1.1" 200 9679 "-" "Mozilla/5.0 (compatible; AhrefsBot/6.1; +http://ahrefs.com/robot/)" 
176.9.5.87 - - [13/Jun/2020:04:26:11 -0700] "GET /2020/this-plumeria-blossom-has-been-struggling-for-days-to-open HTTP/1.1" 200 6512 "-" "Mozilla/5.0 (compatible; BLEXBot/1.0; +http://webmeup-crawler.com/)" 
176.9.5.87 - - [13/Jun/2020:04:26:17 -0700] "GET /2020/untitled-33 HTTP/1.1" 200 6280 "-" "Mozilla/5.0 (compatible; BLEXBot/1.0; +http://webmeup-crawler.com/)" 
176.9.5.87 - - [13/Jun/2020:04:26:20 -0700] "GET /2020/untitled-34 HTTP/1.1" 200 7040 "-" "Mozilla/5.0 (compatible; BLEXBot/1.0; +http://webmeup-crawler.com/)" 
207.46.13.212 - - [13/Jun/2020:04:26:24 -0700] "GET /2018/more-than-one-way-to-wrangle-a-posse-%C3%BEoht-hord-because HTTP/1.1" 200 9975 "-" "Mozilla/5.0 (compatible; bingbot/2.0; +http://www.bing.com/bingbot.htm)" 
176.9.5.87 - - [13/Jun/2020:04:26:25 -0700] "GET /2020/yay-and-welcome-to-withknown-glad-to HTTP/1.1" 200 6305 "-" "Mozilla/5.0 (compatible; BLEXBot/1.0; +http://webmeup-crawler.com/)" 
46.229.168.154 - - [13/Jun/2020:04:26:36 -0700] "GET /?q=%23testtag HTTP/1.1" 200 9257 "-" "Mozilla/5.0 (compatible; SemrushBot/6~bl; +http://www.semrush.com/bot.html)" 
176.9.5.87 - - [13/Jun/2020:04:26:56 -0700] "GET /?offset=40 HTTP/1.1" 200 8674 "-" "Mozilla/5.0 (compatible; BLEXBot/1.0; +http://webmeup-crawler.com/)" 
176.9.5.87 - - [13/Jun/2020:04:27:04 -0700] "GET /?q=&offset=0 HTTP/1.1" 200 8940 "-" "Mozilla/5.0 (compatible; BLEXBot/1.0; +http://webmeup-crawler.com/)" 
176.9.5.87 - - [13/Jun/2020:04:27:09 -0700] "GET /?q=&offset=10 HTTP/1.1" 200 7883 "-" "Mozilla/5.0 (compatible; BLEXBot/1.0; +http://webmeup-crawler.com/)" 
46.229.168.129 - - [13/Jun/2020:04:27:13 -0700] "GET /2018/indieweb-journalism-in-the-wild HTTP/1.1" 200 10569 "-" "Mozilla/5.0 (compatible; SemrushBot/6~bl; +http://www.semrush.com/bot.html)" 
64.111.100.215 - - [13/Jun/2020:04:27:25 -0700] "GET /content/all?_t=rss HTTP/1.1" 200 14885 "-" "Mozilla/5.0 (X11; U; Linux i686; fr; rv:1.9.1.1) Gecko/20090715 Firefox/3.5.1" 
114.119.160.61 - - [13/Jun/2020:04:27:25 -0700] "GET /tag/withknown?offset=20 HTTP/1.1" 200 12423 "-" "Mozilla/5.0 (Linux; Android 7.0;) AppleWebKit/537.36 (KHTML, like Gecko) Mobile Safari/537.36 (compatible; PetalBot;+https://aspiegel.com/petalbot)" 
176.9.5.87 - - [13/Jun/2020:04:27:54 -0700] "GET /account/export/ HTTP/1.1" 403 7895 "-" "Mozilla/5.0 (compatible; BLEXBot/1.0; +http://webmeup-crawler.com/)" 
54.36.148.13 - - [13/Jun/2020:04:27:58 -0700] "GET /content/bookmarkedpages/?q=%23+%23IndieWeb HTTP/1.1" 200 10928 "-" "Mozilla/5.0 (compatible; AhrefsBot/6.1; +http://ahrefs.com/robot/)" 
176.9.5.87 - - [13/Jun/2020:04:28:39 -0700] "GET /account/indiepub/ HTTP/1.1" 403 10722 "-" "Mozilla/5.0 (compatible; BLEXBot/1.0; +http://webmeup-crawler.com/)" 
176.9.5.87 - - [13/Jun/2020:04:28:48 -0700] "GET /account/oauth2/ HTTP/1.1" 403 7762 "-" "Mozilla/5.0 (compatible; BLEXBot/1.0; +http://webmeup-crawler.com/)" 
176.9.5.87 - - [13/Jun/2020:04:28:55 -0700] "GET /account/settings/ HTTP/1.1" 403 7768 "-" "Mozilla/5.0 (compatible; BLEXBot/1.0; +http://webmeup-crawler.com/)" 
176.9.5.87 - - [13/Jun/2020:04:29:09 -0700] "GET /account/settings/notifications/ HTTP/1.1" 403 7832 "-" "Mozilla/5.0 (compatible; BLEXBot/1.0; +http://webmeup-crawler.com/)" 
176.9.5.87 - - [13/Jun/2020:04:29:19 -0700] "GET /account/settings/tools/ HTTP/1.1" 403 7796 "-" "Mozilla/5.0 (compatible; BLEXBot/1.0; +http://webmeup-crawler.com/)" 
176.9.5.87 - - [13/Jun/2020:04:29:29 -0700] "GET /account/twitter/ HTTP/1.1" 403 7765 "-" "Mozilla/5.0 (compatible; BLEXBot/1.0; +http://webmeup-crawler.com/)" 
176.9.5.87 - - [13/Jun/2020:04:29:40 -0700] "GET /content/all/?offset=20 HTTP/1.1" 200 8627 "-" "Mozilla/5.0 (compatible; BLEXBot/1.0; +http://webmeup-crawler.com/)" 
176.9.5.87 - - [13/Jun/2020:04:29:52 -0700] "GET /content/all/?q=&offset=0 HTTP/1.1" 200 8962 "-" "Mozilla/5.0 (compatible; BLEXBot/1.0; +http://webmeup-crawler.com/)" 
176.9.5.87 - - [13/Jun/2020:04:29:56 -0700] "GET /content/all/?q=&offset=10 HTTP/1.1" 200 8039 "-" "Mozilla/5.0 (compatible; BLEXBot/1.0; +http://webmeup-crawler.com/)" 
46.229.168.129 - - [13/Jun/2020:04:30:05 -0700] "GET /content/events/?q=%23%2B%23norovirus HTTP/1.1" 200 8295 "-" "Mozilla/5.0 (compatible; SemrushBot/6~bl; +http://www.semrush.com/bot.html)" 
173.230.155.197 - - [13/Jun/2020:04:30:13 -0700] "GET / HTTP/1.1" 200 57169 "-" "Mozilla/5.0 (Macintosh; Intel Mac OS X 10_12_1) AppleWebKit/537.36 (KHTML, like Gecko) Chrome/57.0.2987.133 Safari/537.36 p3k-http/0.1.5 p3k-watchtower/0.1" 
176.9.5.87 - - [13/Jun/2020:04:30:17 -0700] "GET /content/bookmarkedpages/?offset=20 HTTP/1.1" 200 8221 "-" "Mozilla/5.0 (compatible; BLEXBot/1.0; +http://webmeup-crawler.com/)" 
176.9.5.87 - - [13/Jun/2020:04:30:32 -0700] "GET /content/bookmarkedpages/?q=&offset=0 HTTP/1.1" 200 8540 "-" "Mozilla/5.0 (compatible; BLEXBot/1.0; +http://webmeup-crawler.com/)" 
176.9.5.87 - - [13/Jun/2020:04:30:42 -0700] "GET /content/bookmarkedpages/?q=&offset=10 HTTP/1.1" 200 8181 "-" "Mozilla/5.0 (compatible; BLEXBot/1.0; +http://webmeup-crawler.com/)" 
176.9.5.87 - - [13/Jun/2020:04:30:56 -0700] "GET /content/locations/?offset=30 HTTP/1.1" 200 7754 "-" "Mozilla/5.0 (compatible; BLEXBot/1.0; +http://webmeup-crawler.com/)" 
176.9.5.87 - - [13/Jun/2020:04:31:08 -0700] "GET /content/locations/?q=&offset=0 HTTP/1.1" 200 8366 "-" "Mozilla/5.0 (compatible; BLEXBot/1.0; +http://webmeup-crawler.com/)" 
46.229.168.137 - - [13/Jun/2020:04:31:24 -0700] "GET /tag/IndieWeb?offset=70 HTTP/1.1" 200 11848 "-" "Mozilla/5.0 (compatible; SemrushBot/6~bl; +http://www.semrush.com/bot.html)" 
157.55.39.110 - - [13/Jun/2020:04:31:27 -0700] "GET /file/4f831b2e4cccdc80b1819a17e64a3753/thumb.jpg HTTP/1.1" 200 233590 "-" "Mozilla/5.0 (compatible; bingbot/2.0; +http://www.bing.com/bingbot.htm)" 
176.9.5.87 - - [13/Jun/2020:04:32:03 -0700] "GET /content/locations/?q=&offset=10 HTTP/1.1" 200 7803 "-" "Mozilla/5.0 (compatible; BLEXBot/1.0; +http://webmeup-crawler.com/)" 
176.9.5.87 - - [13/Jun/2020:04:32:14 -0700] "GET /content/photos/?offset=30 HTTP/1.1" 200 7352 "-" "Mozilla/5.0 (compatible; BLEXBot/1.0; +http://webmeup-crawler.com/)" 
176.9.5.87 - - [13/Jun/2020:04:32:19 -0700] "GET /content/photos/?offset=550 HTTP/1.1" 200 7897 "-" "Mozilla/5.0 (compatible; BLEXBot/1.0; +http://webmeup-crawler.com/)" 
96.126.125.129 - - [13/Jun/2020:04:32:25 -0700] "GET /content/statusupdates/posts/photos/checkins/bookmarkedpages?_t=rss HTTP/1.1" 200 7442 "-" "Micro.blog/1.0" 
176.9.5.87 - - [13/Jun/2020:04:32:30 -0700] "GET /content/photos/?q=&offset=0 HTTP/1.1" 200 8500 "-" "Mozilla/5.0 (compatible; BLEXBot/1.0; +http://webmeup-crawler.com/)" 
176.9.5.87 - - [13/Jun/2020:04:32:36 -0700] "GET /content/photos/?q=&offset=10 HTTP/1.1" 200 7724 "-" "Mozilla/5.0 (compatible; BLEXBot/1.0; +http://webmeup-crawler.com/)" 
46.229.168.143 - - [13/Jun/2020:04:32:42 -0700] "GET /content/photos/?q=%23withknown HTTP/1.1" 200 9679 "-" "Mozilla/5.0 (compatible; SemrushBot/6~bl; +http://www.semrush.com/bot.html)" 
176.9.5.87 - - [13/Jun/2020:04:32:50 -0700] "GET /content/posts/?offset=20 HTTP/1.1" 200 9997 "-" "Mozilla/5.0 (compatible; BLEXBot/1.0; +http://webmeup-crawler.com/)" 
157.55.39.110 - - [13/Jun/2020:04:32:53 -0700] "GET /2018/i-havent-done-the-micro-monday-thing-before-now-mondays HTTP/1.1" 200 10158 "-" "Mozilla/5.0 (compatible; bingbot/2.0; +http://www.bing.com/bingbot.htm)" 
176.9.5.87 - - [13/Jun/2020:04:33:09 -0700] "GET /content/posts/?q=&offset=0 HTTP/1.1" 200 12447 "-" "Mozilla/5.0 (compatible; BLEXBot/1.0; +http://webmeup-crawler.com/)" 
176.9.5.87 - - [13/Jun/2020:04:33:15 -0700] "GET /content/posts/?q=&offset=10 HTTP/1.1" 200 8617 "-" "Mozilla/5.0 (compatible; BLEXBot/1.0; +http://webmeup-crawler.com/)" 
46.229.168.141 - - [13/Jun/2020:04:33:20 -0700] "GET /2017/or-you-could-write-a-blog-post-blogor-you-could-write-a-blog-post-indieweb HTTP/1.1" 200 9525 "-" "Mozilla/5.0 (compatible; SemrushBot/6~bl; +http://www.semrush.com/bot.html)" 
167.99.111.28 - - [13/Jun/2020:04:33:36 -0700] "GET /?_t=rss HTTP/1.1" 200 7443 "-" "Feedbin feed-id:1536727 - 1 subscribers" 
46.229.168.140 - - [13/Jun/2020:04:34:02 -0700] "GET /2019/til-about-chewbacca-mask-lady-in-the HTTP/1.1" 200 9261 "-" "Mozilla/5.0 (compatible; SemrushBot/6~bl; +http://www.semrush.com/bot.html)" 
46.229.168.134 - - [13/Jun/2020:04:34:04 -0700] "GET /content/posts/?offset=2&q=%23withknown HTTP/1.1" 200 15087 "-" "Mozilla/5.0 (compatible; SemrushBot/6~bl; +http://www.semrush.com/bot.html)" 
157.55.39.110 - - [13/Jun/2020:04:34:05 -0700] "GET /file/7194213557269f1714764f971598ba10 HTTP/1.1" 200 8829 "-" "Mozilla/5.0 (compatible; bingbot/2.0; +http://www.bing.com/bingbot.htm)" 
66.249.66.46 - - [13/Jun/2020:04:34:57 -0700] "GET /content/all?offset=2055&_t=rss HTTP/1.1" 200 7275 "-" "Mozilla/5.0 (Linux; Android 6.0.1; Nexus 5X Build/MMB29P) AppleWebKit/537.36 (KHTML, like Gecko) Chrome/80.0.3987.92 Mobile Safari/537.36 (compatible; Googlebot/2.1; +http://www.google.com/bot.html)" 
46.229.168.131 - - [13/Jun/2020:04:34:58 -0700] "GET /content/statusupdates/?offset=4&q=%23podcast HTTP/1.1" 200 11249 "-" "Mozilla/5.0 (compatible; SemrushBot/6~bl; +http://www.semrush.com/bot.html)" 
46.229.168.134 - - [13/Jun/2020:04:35:28 -0700] "GET /?offset=119&q=%23Indieweb HTTP/1.1" 200 12056 "-" "Mozilla/5.0 (compatible; SemrushBot/6~bl; +http://www.semrush.com/bot.html)" 
46.229.168.137 - - [13/Jun/2020:04:35:39 -0700] "GET /tag/webmention?offset=10 HTTP/1.1" 200 8935 "-" "Mozilla/5.0 (compatible; SemrushBot/6~bl; +http://www.semrush.com/bot.html)" 
46.229.168.148 - - [13/Jun/2020:04:35:59 -0700] "GET /?offset=91&q=%23%2B%23indieweb HTTP/1.1" 200 15457 "-" "Mozilla/5.0 (compatible; SemrushBot/6~bl; +http://www.semrush.com/bot.html)" 
46.229.168.163 - - [13/Jun/2020:04:36:04 -0700] "GET /2019/ill-bet-thats-not-what-he-wrote HTTP/1.1" 200 9494 "-" "Mozilla/5.0 (compatible; SemrushBot/6~bl; +http://www.semrush.com/bot.html)" 
46.229.168.151 - - [13/Jun/2020:04:36:06 -0700] "GET /2019/my-sourdough-leaven-active-and-spongy-and-ready-to-do HTTP/1.1" 200 12995 "-" "Mozilla/5.0 (compatible; SemrushBot/6~bl; +http://www.semrush.com/bot.html)" 
46.229.168.138 - - [13/Jun/2020:04:36:47 -0700] "GET /content/all?offset=40 HTTP/1.1" 200 11756 "-" "Mozilla/5.0 (compatible; SemrushBot/6~bl; +http://www.semrush.com/bot.html)" 
46.229.168.135 - - [13/Jun/2020:04:37:38 -0700] "GET /?offset=20&q=%23podcast HTTP/1.1" 200 12254 "-" "Mozilla/5.0 (compatible; SemrushBot/6~bl; +http://www.semrush.com/bot.html)" 
46.229.168.130 - - [13/Jun/2020:04:37:50 -0700] "GET /content/statusupdates/?offset=0&q=%23%2B%23indieweb HTTP/1.1" 200 11777 "-" "Mozilla/5.0 (compatible; SemrushBot/6~bl; +http://www.semrush.com/bot.html)" 
46.229.168.142 - - [13/Jun/2020:04:37:52 -0700] "GET /2017/always-nice-to-drop-in-on-the-tempietto HTTP/1.1" 200 11184 "-" "Mozilla/5.0 (compatible; SemrushBot/6~bl; +http://www.semrush.com/bot.html)" 
54.36.148.201 - - [13/Jun/2020:04:38:30 -0700] "GET /2019/im-a-late-adopter-on-indieweb-readers HTTP/1.1" 200 9443 "-" "Mozilla/5.0 (compatible; AhrefsBot/6.1; +http://ahrefs.com/robot/)" 
46.229.168.131 - - [13/Jun/2020:04:38:33 -0700] "GET /content/all/?q=%23Corfu HTTP/1.1" 200 9020 "-" "Mozilla/5.0 (compatible; SemrushBot/6~bl; +http://www.semrush.com/bot.html)" 
46.229.168.138 - - [13/Jun/2020:04:39:01 -0700] "GET /2020/eit-one-newsletter-reader-suggested-it-was HTTP/1.1" 200 9456 "-" "Mozilla/5.0 (compatible; SemrushBot/6~bl; +http://www.semrush.com/bot.html)" 
207.46.13.212 - - [13/Jun/2020:04:39:16 -0700] "GET /2017/theres-a-lot-thats-quite-dodgy-about-the-guardians-farmer HTTP/1.1" 200 10083 "-" "Mozilla/5.0 (compatible; bingbot/2.0; +http://www.bing.com/bingbot.htm)" 
46.229.168.145 - - [13/Jun/2020:04:39:42 -0700] "GET /2019/cactus-flower-bonanza-tomorrow-morning-i-believe HTTP/1.1" 200 9489 "-" "Mozilla/5.0 (compatible; SemrushBot/6~bl; +http://www.semrush.com/bot.html)" 
46.229.168.132 - - [13/Jun/2020:04:40:12 -0700] "GET /2019/almost-all-gone HTTP/1.1" 200 11978 "-" "Mozilla/5.0 (compatible; SemrushBot/6~bl; +http://www.semrush.com/bot.html)" 
54.36.148.201 - - [13/Jun/2020:04:40:55 -0700] "GET /2018/people-of-europes-timezonesthere-will-be-a HTTP/1.1" 200 9369 "-" "Mozilla/5.0 (compatible; AhrefsBot/6.1; +http://ahrefs.com/robot/)" 
46.229.168.134 - - [13/Jun/2020:04:41:10 -0700] "GET /robots.txt HTTP/1.1" 200 4300 "-" "Mozilla/5.0 (compatible; SemrushBot/6~bl; +http://www.semrush.com/bot.html)" 
46.229.168.143 - - [13/Jun/2020:04:41:10 -0700] "GET /content/bookmarkedpages/?q=%23webmention HTTP/1.1" 200 9102 "-" "Mozilla/5.0 (compatible; SemrushBot/6~bl; +http://www.semrush.com/bot.html)" 
46.229.168.138 - - [13/Jun/2020:04:41:44 -0700] "GET /content/audio/?q=%23%2B%23e HTTP/1.1" 200 8301 "-" "Mozilla/5.0 (compatible; SemrushBot/6~bl; +http://www.semrush.com/bot.html)" 
96.126.125.129 - - [13/Jun/2020:04:41:45 -0700] "GET /content/statusupdates/posts/photos/checkins/bookmarkedpages?_t=rss HTTP/1.1" 200 7442 "-" "Micro.blog/1.0" 
46.229.168.139 - - [13/Jun/2020:04:41:57 -0700] "GET /content/all/?offset=2&q=%23bread HTTP/1.1" 200 11724 "-" "Mozilla/5.0 (compatible; SemrushBot/6~bl; +http://www.semrush.com/bot.html)" 
54.36.148.201 - - [13/Jun/2020:04:42:04 -0700] "GET /2019/did-you-see-the-photo-of-my-starter-from-this HTTP/1.1" 200 14771 "-" "Mozilla/5.0 (compatible; AhrefsBot/6.1; +http://ahrefs.com/robot/)" 
64.111.100.215 - - [13/Jun/2020:04:42:30 -0700] "GET /content/all?_t=rss HTTP/1.1" 200 14885 "-" "Mozilla/5.0 (X11; U; Linux i686; fr; rv:1.9.1.1) Gecko/20090715 Firefox/3.5.1" 
46.229.168.140 - - [13/Jun/2020:04:42:30 -0700] "GET /2019/just-published-the-latest-issue-of-eat HTTP/1.1" 200 9461 "-" "Mozilla/5.0 (compatible; SemrushBot/6~bl; +http://www.semrush.com/bot.html)" 
46.229.168.145 - - [13/Jun/2020:04:43:10 -0700] "GET /content/events/?q=%23campbellsdoughknife HTTP/1.1" 200 8300 "-" "Mozilla/5.0 (compatible; SemrushBot/6~bl; +http://www.semrush.com/bot.html)" 
54.36.148.81 - - [13/Jun/2020:04:43:11 -0700] "GET /2018/still-puzzled-by-why-some-photo-posts-in-known-go HTTP/1.1" 200 11325 "-" "Mozilla/5.0 (compatible; AhrefsBot/6.1; +http://ahrefs.com/robot/)" 
46.229.168.134 - - [13/Jun/2020:04:44:22 -0700] "GET /2017/a-second-go-at-olive-levain-for-this-time-with-fabulous-taggiasca-olives-and-a-cold-retard-the-result-was HTTP/1.1" 200 9682 "-" "Mozilla/5.0 (compatible; SemrushBot/6~bl; +http://www.semrush.com/bot.html)" 
