46.229.168.141 - - [07/Jun/2020:02:17:32 -0700] "GET /content/all/?offset=106&q=%23indieweb HTTP/1.1" 200 12278 "-" "Mozilla/5.0 (compatible; SemrushBot/6~bl; +http://www.semrush.com/bot.html)" 
46.229.168.134 - - [07/Jun/2020:02:18:31 -0700] "GET /content/photos?offset=210 HTTP/1.1" 200 11862 "-" "Mozilla/5.0 (compatible; SemrushBot/6~bl; +http://www.semrush.com/bot.html)" 
46.229.168.134 - - [07/Jun/2020:02:18:52 -0700] "GET /?offset=19&q=%23sourdough HTTP/1.1" 200 11808 "-" "Mozilla/5.0 (compatible; SemrushBot/6~bl; +http://www.semrush.com/bot.html)" 
66.249.66.44 - - [07/Jun/2020:02:20:02 -0700] "GET /2017/hey-grassbased-checking-old-links-found-your-site-either-hacked?_t=rss HTTP/1.1" 200 5607 "-" "Mozilla/5.0 (Linux; Android 6.0.1; Nexus 5X Build/MMB29P) AppleWebKit/537.36 (KHTML, like Gecko) Chrome/80.0.3987.92 Mobile Safari/537.36 (compatible; Googlebot/2.1; +http://www.google.com/bot.html)" 
46.229.168.162 - - [07/Jun/2020:02:20:14 -0700] "GET /tag/Indieweb?offset=87 HTTP/1.1" 200 15916 "-" "Mozilla/5.0 (compatible; SemrushBot/6~bl; +http://www.semrush.com/bot.html)" 
114.119.165.2 - - [07/Jun/2020:02:21:04 -0700] "GET /tag/podcast?offset=30 HTTP/1.1" 200 13217 "-" "Mozilla/5.0 (Linux; Android 7.0;) AppleWebKit/537.36 (KHTML, like Gecko) Mobile Safari/537.36 (compatible; PetalBot;+https://aspiegel.com/petalbot)" 
45.79.26.51 - - [07/Jun/2020:02:22:31 -0700] "GET /content/statusupdates/posts/photos/checkins/bookmarkedpages?_t=rss HTTP/1.1" 200 7453 "-" "Micro.blog/1.0" 
46.229.168.151 - - [07/Jun/2020:02:22:37 -0700] "GET /?offset=7&q=%23withknown HTTP/1.1" 200 11131 "-" "Mozilla/5.0 (compatible; SemrushBot/6~bl; +http://www.semrush.com/bot.html)" 
46.229.168.141 - - [07/Jun/2020:02:23:14 -0700] "GET /content/bookmarkedpages/?offset=10&q=%23IndieWeb HTTP/1.1" 200 11057 "-" "Mozilla/5.0 (compatible; SemrushBot/6~bl; +http://www.semrush.com/bot.html)" 
46.229.168.133 - - [07/Jun/2020:02:23:17 -0700] "GET /2017/amazing-work-from-chrisaldrich-explaining-how-and-why-hes-gone HTTP/1.1" 200 9883 "-" "Mozilla/5.0 (compatible; SemrushBot/6~bl; +http://www.semrush.com/bot.html)" 
54.39.177.198 - - [07/Jun/2020:02:23:18 -0700] "GET /content/all?_t=rss HTTP/1.1" 200 7072 "-" "Mozilla/5.0 (compatible; YaK/1.0; http://linkfluence.com/; bot@linkfluence.com)" 
46.229.168.136 - - [07/Jun/2020:02:23:30 -0700] "GET /content/all/?offset=50&q=%23podcast HTTP/1.1" 200 12475 "-" "Mozilla/5.0 (compatible; SemrushBot/6~bl; +http://www.semrush.com/bot.html)" 
46.229.168.137 - - [07/Jun/2020:02:24:19 -0700] "GET /file/60e13be750b17f35132c296909a04019/421d4e6f2c999eada2cdc67e8088b36d HTTP/1.1" 200 248163 "-" "Mozilla/5.0 (compatible; SemrushBot/6~bl; +http://www.semrush.com/bot.html)" 
46.229.168.152 - - [07/Jun/2020:02:24:52 -0700] "GET /?offset=47&q=%23WithKnown HTTP/1.1" 200 11565 "-" "Mozilla/5.0 (compatible; SemrushBot/6~bl; +http://www.semrush.com/bot.html)" 
46.229.168.143 - - [07/Jun/2020:02:26:13 -0700] "GET /tag/indieweb?offset=110 HTTP/1.1" 200 12242 "-" "Mozilla/5.0 (compatible; SemrushBot/6~bl; +http://www.semrush.com/bot.html)" 
114.119.161.85 - - [07/Jun/2020:02:26:40 -0700] "GET /tag/IndieWeb?offset=40 HTTP/1.1" 200 11165 "-" "Mozilla/5.0 (Linux; Android 7.0;) AppleWebKit/537.36 (KHTML, like Gecko) Mobile Safari/537.36 (compatible; PetalBot;+https://aspiegel.com/petalbot)" 
45.79.26.51 - - [07/Jun/2020:02:28:03 -0700] "GET /content/statusupdates/posts/photos/checkins/bookmarkedpages?_t=rss HTTP/1.1" 200 7453 "-" "Micro.blog/1.0" 
46.229.168.148 - - [07/Jun/2020:02:29:26 -0700] "GET /tag/+%23rye HTTP/1.1" 200 12228 "-" "Mozilla/5.0 (compatible; SemrushBot/6~bl; +http://www.semrush.com/bot.html)" 
66.249.66.48 - - [07/Jun/2020:02:29:30 -0700] "GET /content/all?offset=1831&_t=rss HTTP/1.1" 200 8105 "-" "Mozilla/5.0 (Linux; Android 6.0.1; Nexus 5X Build/MMB29P) AppleWebKit/537.36 (KHTML, like Gecko) Chrome/80.0.3987.92 Mobile Safari/537.36 (compatible; Googlebot/2.1; +http://www.google.com/bot.html)" 
3.88.143.68 - - [07/Jun/2020:02:30:16 -0700] "GET /?_t=rss HTTP/1.1" 200 7288 "-" "glitch-feeder/1.0 (+https://glitch.com/~lmo-feeder)" 
77.88.5.71 - - [07/Jun/2020:02:30:30 -0700] "GET /file/d89e98c70b6f6b993add9aa5e5b7c176 HTTP/1.1" 304 3726 "-" "Mozilla/5.0 (compatible; YandexImages/3.0; +http://yandex.com/bots)" 
64.111.100.215 - - [07/Jun/2020:02:31:21 -0700] "GET /content/all?_t=rss HTTP/1.1" 200 13519 "-" "Mozilla/5.0 (X11; U; Linux i686; fr; rv:1.9.1.1) Gecko/20090715 Firefox/3.5.1" 
46.229.168.142 - - [07/Jun/2020:02:31:22 -0700] "GET /2018/in-they-go-rustic-bread HTTP/1.1" 200 10656 "-" "Mozilla/5.0 (compatible; SemrushBot/6~bl; +http://www.semrush.com/bot.html)" 
114.119.161.85 - - [07/Jun/2020:02:32:18 -0700] "GET /tag/2 HTTP/1.1" 200 9813 "-" "Mozilla/5.0 (Linux; Android 7.0;) AppleWebKit/537.36 (KHTML, like Gecko) Mobile Safari/537.36 (compatible; PetalBot;+https://aspiegel.com/petalbot)" 
46.229.168.139 - - [07/Jun/2020:02:33:44 -0700] "GET /2018/i-could-live-here HTTP/1.1" 200 11858 "-" "Mozilla/5.0 (compatible; SemrushBot/6~bl; +http://www.semrush.com/bot.html)" 
46.229.168.136 - - [07/Jun/2020:02:34:12 -0700] "GET /2019/if-you-want-people-do-to-something-make-it-easy HTTP/1.1" 200 9788 "-" "Mozilla/5.0 (compatible; SemrushBot/6~bl; +http://www.semrush.com/bot.html)" 
46.229.168.149 - - [07/Jun/2020:02:34:18 -0700] "GET /2019/hippeastrum-seed-capsule HTTP/1.1" 200 14834 "-" "Mozilla/5.0 (compatible; SemrushBot/6~bl; +http://www.semrush.com/bot.html)" 
3.90.165.51 - - [07/Jun/2020:02:34:33 -0700] "GET /content/statusupdates/?_t=rss HTTP/1.1" 304 3480 "https://www.google.com/" "Mozilla/5.0 (Windows NT 10.0; Win64; x64) AppleWebKit/537.36 (KHTML, like Gecko) Chrome/76.0.3809.100 Safari/537.36" 
46.229.168.140 - - [07/Jun/2020:02:35:16 -0700] "GET /tag/Indieweb?offset=143 HTTP/1.1" 200 8702 "-" "Mozilla/5.0 (compatible; SemrushBot/6~bl; +http://www.semrush.com/bot.html)" 
46.229.168.154 - - [07/Jun/2020:02:35:39 -0700] "GET /tag/withknown?offset=36 HTTP/1.1" 200 12027 "-" "Mozilla/5.0 (compatible; SemrushBot/6~bl; +http://www.semrush.com/bot.html)" 
46.229.168.137 - - [07/Jun/2020:02:35:47 -0700] "GET /tag/Indieweb?offset=120 HTTP/1.1" 200 11628 "-" "Mozilla/5.0 (compatible; SemrushBot/6~bl; +http://www.semrush.com/bot.html)" 
45.79.26.51 - - [07/Jun/2020:02:36:01 -0700] "GET /content/statusupdates/posts/photos/checkins/bookmarkedpages?_t=rss HTTP/1.1" 200 7453 "-" "Micro.blog/1.0" 
46.229.168.150 - - [07/Jun/2020:02:36:13 -0700] "GET /2019/im-told-that-it-is-not-difficult HTTP/1.1" 200 9670 "-" "Mozilla/5.0 (compatible; SemrushBot/6~bl; +http://www.semrush.com/bot.html)" 
46.229.168.141 - - [07/Jun/2020:02:36:55 -0700] "GET /content/events/?q=%23%2B%23leaven HTTP/1.1" 200 8534 "-" "Mozilla/5.0 (compatible; SemrushBot/6~bl; +http://www.semrush.com/bot.html)" 
46.229.168.149 - - [07/Jun/2020:02:37:21 -0700] "GET /file/3593b45d93f6b6ef1f20cf4419d155a7/ec5bb405c316310ae7b74b2d73645dd9 HTTP/1.1" 200 153433 "-" "Mozilla/5.0 (compatible; SemrushBot/6~bl; +http://www.semrush.com/bot.html)" 
114.119.166.46 - - [07/Jun/2020:02:37:51 -0700] "GET /content/photos?q=%23borderterrier HTTP/1.1" 200 9014 "-" "Mozilla/5.0 (Linux; Android 7.0;) AppleWebKit/537.36 (KHTML, like Gecko) Mobile Safari/537.36 (compatible; PetalBot;+https://aspiegel.com/petalbot)" 
46.229.168.142 - - [07/Jun/2020:02:38:04 -0700] "GET /content/all/?offset=34&q=%23bread HTTP/1.1" 200 12451 "-" "Mozilla/5.0 (compatible; SemrushBot/6~bl; +http://www.semrush.com/bot.html)" 
54.36.148.209 - - [07/Jun/2020:02:38:16 -0700] "GET /2018/american-culture-and-platforms-for-consumer-creativity-case-study-4 HTTP/1.1" 200 9674 "-" "Mozilla/5.0 (compatible; AhrefsBot/6.1; +http://ahrefs.com/robot/)" 
54.36.148.89 - - [07/Jun/2020:02:38:31 -0700] "GET /2019/very-hard-to-believe-that-tanner-campbell HTTP/1.1" 200 9578 "-" "Mozilla/5.0 (compatible; AhrefsBot/6.1; +http://ahrefs.com/robot/)" 
66.249.66.46 - - [07/Jun/2020:02:38:58 -0700] "GET /robots.txt HTTP/1.1" 200 4589 "-" "Mozilla/5.0 (compatible; Googlebot/2.1; +http://www.google.com/bot.html)" 
66.249.66.46 - - [07/Jun/2020:02:38:58 -0700] "GET /content/all?offset=1221&_t=rss HTTP/1.1" 200 7383 "-" "Mozilla/5.0 (Linux; Android 6.0.1; Nexus 5X Build/MMB29P) AppleWebKit/537.36 (KHTML, like Gecko) Chrome/80.0.3987.92 Mobile Safari/537.36 (compatible; Googlebot/2.1; +http://www.google.com/bot.html)" 
54.36.148.49 - - [07/Jun/2020:02:38:59 -0700] "GET /2018/about-webmentions HTTP/1.1" 200 10969 "-" "Mozilla/5.0 (compatible; AhrefsBot/6.1; +http://ahrefs.com/robot/)" 
54.36.148.49 - - [07/Jun/2020:02:39:13 -0700] "GET /?q=%23+%23showusyourfuckedloaves HTTP/1.1" 200 8271 "-" "Mozilla/5.0 (compatible; AhrefsBot/6.1; +http://ahrefs.com/robot/)" 
46.229.168.141 - - [07/Jun/2020:02:39:15 -0700] "GET /2018/our-daily-bread-16---water-and-powerdckc30lodemthe-rotary-quern HTTP/1.1" 200 10370 "-" "Mozilla/5.0 (compatible; SemrushBot/6~bl; +http://www.semrush.com/bot.html)" 
46.229.168.149 - - [07/Jun/2020:02:39:17 -0700] "GET /content/statusupdates/?q=%23sourdough HTTP/1.1" 200 9766 "-" "Mozilla/5.0 (compatible; SemrushBot/6~bl; +http://www.semrush.com/bot.html)" 
54.36.148.209 - - [07/Jun/2020:02:39:25 -0700] "GET /content/all/?q=%23+%23showusyourfuckedloaves HTTP/1.1" 200 8287 "-" "Mozilla/5.0 (compatible; AhrefsBot/6.1; +http://ahrefs.com/robot/)" 
54.36.148.89 - - [07/Jun/2020:02:39:36 -0700] "GET /content/audio/?q=%23+%23showusyourfuckedloaves HTTP/1.1" 200 8300 "-" "Mozilla/5.0 (compatible; AhrefsBot/6.1; +http://ahrefs.com/robot/)" 
54.36.148.9 - - [07/Jun/2020:02:39:50 -0700] "GET /content/bookmarkedpages/?q=%23+%23showusyourfuckedloaves HTTP/1.1" 200 8314 "-" "Mozilla/5.0 (compatible; AhrefsBot/6.1; +http://ahrefs.com/robot/)" 
54.36.148.129 - - [07/Jun/2020:02:40:02 -0700] "GET /content/events/?q=%23+%23showusyourfuckedloaves HTTP/1.1" 200 8302 "-" "Mozilla/5.0 (compatible; AhrefsBot/6.1; +http://ahrefs.com/robot/)" 
54.36.148.205 - - [07/Jun/2020:02:40:12 -0700] "GET /content/locations/?q=%23+%23showusyourfuckedloaves HTTP/1.1" 200 8306 "-" "Mozilla/5.0 (compatible; AhrefsBot/6.1; +http://ahrefs.com/robot/)" 
96.126.125.129 - - [07/Jun/2020:02:40:15 -0700] "GET /content/statusupdates/posts/photos/checkins/bookmarkedpages?_t=rss HTTP/1.1" 200 7458 "-" "Micro.blog/1.0" 
54.36.148.9 - - [07/Jun/2020:02:40:26 -0700] "GET /content/photos/?q=%23+%23showusyourfuckedloaves HTTP/1.1" 200 8305 "-" "Mozilla/5.0 (compatible; AhrefsBot/6.1; +http://ahrefs.com/robot/)" 
54.36.148.169 - - [07/Jun/2020:02:40:38 -0700] "GET /content/posts/?q=%23+%23showusyourfuckedloaves HTTP/1.1" 200 8299 "-" "Mozilla/5.0 (compatible; AhrefsBot/6.1; +http://ahrefs.com/robot/)" 
54.36.149.33 - - [07/Jun/2020:02:40:49 -0700] "GET /content/rsvp/?q=%23+%23showusyourfuckedloaves HTTP/1.1" 200 8300 "-" "Mozilla/5.0 (compatible; AhrefsBot/6.1; +http://ahrefs.com/robot/)" 
54.36.148.89 - - [07/Jun/2020:02:41:01 -0700] "GET /content/statusupdates/?q=%23+%23showusyourfuckedloaves HTTP/1.1" 200 8312 "-" "Mozilla/5.0 (compatible; AhrefsBot/6.1; +http://ahrefs.com/robot/)" 
46.229.168.150 - - [07/Jun/2020:02:41:01 -0700] "GET /content/statusupdates?offset=210 HTTP/1.1" 200 11384 "-" "Mozilla/5.0 (compatible; SemrushBot/6~bl; +http://www.semrush.com/bot.html)" 
54.36.148.89 - - [07/Jun/2020:02:41:13 -0700] "GET /2019/bummer-but-it-was-open-on-saturday-when-there-was HTTP/1.1" 200 11213 "-" "Mozilla/5.0 (compatible; AhrefsBot/6.1; +http://ahrefs.com/robot/)" 
54.36.148.89 - - [07/Jun/2020:02:41:25 -0700] "GET /2019/excellent-dinner-a-notch-above-the-ordinary-mantecato-di-baccala HTTP/1.1" 200 12299 "-" "Mozilla/5.0 (compatible; AhrefsBot/6.1; +http://ahrefs.com/robot/)" 
54.36.148.169 - - [07/Jun/2020:02:41:36 -0700] "GET /2019/just-looking-i-promise HTTP/1.1" 200 13140 "-" "Mozilla/5.0 (compatible; AhrefsBot/6.1; +http://ahrefs.com/robot/)" 
54.36.148.169 - - [07/Jun/2020:02:41:48 -0700] "GET /2019/more-lisascenic HTTP/1.1" 200 15022 "-" "Mozilla/5.0 (compatible; AhrefsBot/6.1; +http://ahrefs.com/robot/)" 
54.36.148.9 - - [07/Jun/2020:02:42:01 -0700] "GET /2019/then-there-were-three HTTP/1.1" 200 13443 "-" "Mozilla/5.0 (compatible; AhrefsBot/6.1; +http://ahrefs.com/robot/)" 
54.36.148.89 - - [07/Jun/2020:02:42:12 -0700] "GET /2019/time-pieces HTTP/1.1" 200 13870 "-" "Mozilla/5.0 (compatible; AhrefsBot/6.1; +http://ahrefs.com/robot/)" 
46.229.168.136 - - [07/Jun/2020:02:42:18 -0700] "GET /tag/sourdough?offset=6 HTTP/1.1" 200 12651 "-" "Mozilla/5.0 (compatible; SemrushBot/6~bl; +http://www.semrush.com/bot.html)" 
54.36.148.89 - - [07/Jun/2020:02:42:21 -0700] "GET /2019/total-treat-to-find-san-saba-open-this-evening-as HTTP/1.1" 200 14720 "-" "Mozilla/5.0 (compatible; AhrefsBot/6.1; +http://ahrefs.com/robot/)" 
46.229.168.138 - - [07/Jun/2020:02:42:22 -0700] "GET /?q=%23marmalade HTTP/1.1" 200 10303 "-" "Mozilla/5.0 (compatible; SemrushBot/6~bl; +http://www.semrush.com/bot.html)" 
54.36.148.249 - - [07/Jun/2020:02:42:32 -0700] "GET /2019/untitled-27 HTTP/1.1" 200 13583 "-" "Mozilla/5.0 (compatible; AhrefsBot/6.1; +http://ahrefs.com/robot/)" 
54.36.148.169 - - [07/Jun/2020:02:42:44 -0700] "GET /content/photos/?offset=250 HTTP/1.1" 200 10861 "-" "Mozilla/5.0 (compatible; AhrefsBot/6.1; +http://ahrefs.com/robot/)" 
54.36.148.49 - - [07/Jun/2020:02:42:55 -0700] "GET /2018/truth-in-an-age-of-truthiness-when-bot-fueled-psyops-meet HTTP/1.1" 200 9756 "-" "Mozilla/5.0 (compatible; AhrefsBot/6.1; +http://ahrefs.com/robot/)" 
114.119.161.85 - - [07/Jun/2020:02:43:26 -0700] "GET /tag/IndieWeb?offset=10 HTTP/1.1" 200 11702 "-" "Mozilla/5.0 (Linux; Android 7.0;) AppleWebKit/537.36 (KHTML, like Gecko) Mobile Safari/537.36 (compatible; PetalBot;+https://aspiegel.com/petalbot)" 
54.36.148.179 - - [07/Jun/2020:02:43:28 -0700] "GET /2018/as-facebook-becomes-better-policed-bad-actors-are-moving-to HTTP/1.1" 200 9509 "-" "Mozilla/5.0 (compatible; AhrefsBot/6.1; +http://ahrefs.com/robot/)" 
77.75.76.164 - - [07/Jun/2020:02:43:38 -0700] "GET /robots.txt HTTP/1.1" 200 4594 "-" "Mozilla/5.0 (compatible; SeznamBot/3.2; +http://napoveda.seznam.cz/en/seznambot-intro/)" 
77.75.76.164 - - [07/Jun/2020:02:43:39 -0700] "GET /content/bookmarkedpages/ HTTP/1.1" 304 3747 "-" "Mozilla/5.0 (compatible; SeznamBot/3.2; +http://napoveda.seznam.cz/en/seznambot-intro/)" 
54.36.148.209 - - [07/Jun/2020:02:43:41 -0700] "GET /2018/better-visions-of-ourselves-human-futures-user-data-the-selfish HTTP/1.1" 200 9337 "-" "Mozilla/5.0 (compatible; AhrefsBot/6.1; +http://ahrefs.com/robot/)" 
54.36.148.169 - - [07/Jun/2020:02:43:53 -0700] "GET /2018/diamond-geezer HTTP/1.1" 200 9306 "-" "Mozilla/5.0 (compatible; AhrefsBot/6.1; +http://ahrefs.com/robot/)" 
54.36.149.33 - - [07/Jun/2020:02:44:04 -0700] "GET /2018/fuego-did-you-even-read-the-piece HTTP/1.1" 200 9440 "-" "Mozilla/5.0 (compatible; AhrefsBot/6.1; +http://ahrefs.com/robot/)" 
54.36.148.49 - - [07/Jun/2020:02:44:14 -0700] "GET /2018/gwas-for-horsies HTTP/1.1" 200 9194 "-" "Mozilla/5.0 (compatible; AhrefsBot/6.1; +http://ahrefs.com/robot/)" 
54.36.148.129 - - [07/Jun/2020:02:44:26 -0700] "GET /2018/silos-indieweb-and-me---skippynet HTTP/1.1" 200 9606 "-" "Mozilla/5.0 (compatible; AhrefsBot/6.1; +http://ahrefs.com/robot/)" 
54.36.148.129 - - [07/Jun/2020:02:44:38 -0700] "GET /2018/the-romaine-lettuce-outbreak-source-still-unknown-victim-count-rising HTTP/1.1" 200 9439 "-" "Mozilla/5.0 (compatible; AhrefsBot/6.1; +http://ahrefs.com/robot/)" 
54.36.148.129 - - [07/Jun/2020:02:44:46 -0700] "GET /content/bookmarkedpages/?offset=300 HTTP/1.1" 200 10426 "-" "Mozilla/5.0 (compatible; AhrefsBot/6.1; +http://ahrefs.com/robot/)" 
46.229.168.161 - - [07/Jun/2020:02:44:54 -0700] "GET /content/all/?offset=116&q=%23indieweb HTTP/1.1" 200 12433 "-" "Mozilla/5.0 (compatible; SemrushBot/6~bl; +http://www.semrush.com/bot.html)" 
54.36.148.209 - - [07/Jun/2020:02:44:57 -0700] "GET /?q=%23+%23%23indieweb&offset=63 HTTP/1.1" 200 11579 "-" "Mozilla/5.0 (compatible; AhrefsBot/6.1; +http://ahrefs.com/robot/)" 
46.229.168.161 - - [07/Jun/2020:02:44:57 -0700] "GET /content/posts/?offset=8&q=%23%2B%23IndieWeb HTTP/1.1" 200 15845 "-" "Mozilla/5.0 (compatible; SemrushBot/6~bl; +http://www.semrush.com/bot.html)" 
54.36.148.129 - - [07/Jun/2020:02:45:06 -0700] "GET /content/all/?q=%23+%23%23indieweb&offset=43 HTTP/1.1" 200 11421 "-" "Mozilla/5.0 (compatible; AhrefsBot/6.1; +http://ahrefs.com/robot/)" 
46.229.168.148 - - [07/Jun/2020:02:45:11 -0700] "GET /2019/rode-my-bike-in-town-today-for HTTP/1.1" 200 10165 "-" "Mozilla/5.0 (compatible; SemrushBot/6~bl; +http://www.semrush.com/bot.html)" 
96.126.125.129 - - [07/Jun/2020:02:45:12 -0700] "GET /content/statusupdates/posts/photos/checkins/bookmarkedpages?_t=rss HTTP/1.1" 200 7458 "-" "Micro.blog/1.0" 
54.36.148.49 - - [07/Jun/2020:02:45:18 -0700] "GET /content/all/?q=%23+%23%23indieweb&offset=33 HTTP/1.1" 200 13000 "-" "Mozilla/5.0 (compatible; AhrefsBot/6.1; +http://ahrefs.com/robot/)" 
46.229.168.141 - - [07/Jun/2020:02:45:39 -0700] "GET /content/photos/?offset=220 HTTP/1.1" 200 11618 "-" "Mozilla/5.0 (compatible; SemrushBot/6~bl; +http://www.semrush.com/bot.html)" 
66.249.66.44 - - [07/Jun/2020:02:45:56 -0700] "GET /2017/matt-mullenweg-talking-to-james-altucher-kinda-sorta-gets-indieweb HTTP/1.1" 200 10288 "-" "Mozilla/5.0 (compatible; Googlebot/2.1; +http://www.google.com/bot.html)" 
66.249.66.46 - - [07/Jun/2020:02:45:59 -0700] "GET /service/web/unfurl/?url=https%3A%2F%2Fwww.jamesaltucher.com%2F2017%2F03%2Fmatt-mullenweg%2F&__bTk=1bd931c2e77042fcfb938c9033235bae0e4e6a735f743d1dc68a8b7dc378076f&__bTs=1591383934 HTTP/1.1" 403 4626 "https://stream.jeremycherfas.net/2017/matt-mullenweg-talking-to-james-altucher-kinda-sorta-gets-indieweb" "Mozilla/5.0 AppleWebKit/537.36 (KHTML, like Gecko; compatible; Googlebot/2.1; +http://www.google.com/bot.html) Chrome/83.0.4103.93 Safari/537.36" 
66.249.66.46 - - [07/Jun/2020:02:45:59 -0700] "GET /service/web/unfurl/?url=https%3A%2F%2Fwww.jamesaltucher.com%2F2017%2F03%2Fmatt-mullenweg%2F&__bTk=1bd931c2e77042fcfb938c9033235bae0e4e6a735f743d1dc68a8b7dc378076f&__bTs=1591383934 HTTP/1.1" 403 1309 "https://stream.jeremycherfas.net/2017/matt-mullenweg-talking-to-james-altucher-kinda-sorta-gets-indieweb" "Mozilla/5.0 AppleWebKit/537.36 (KHTML, like Gecko; compatible; Googlebot/2.1; +http://www.google.com/bot.html) Chrome/83.0.4103.93 Safari/537.36" 
54.36.148.49 - - [07/Jun/2020:02:46:01 -0700] "GET /?q=%23+%23%23indieweb&offset=23 HTTP/1.1" 200 11543 "-" "Mozilla/5.0 (compatible; AhrefsBot/6.1; +http://ahrefs.com/robot/)" 
54.36.149.72 - - [07/Jun/2020:02:46:10 -0700] "GET /2018/baked-up-lovely-tastes-good-too-1 HTTP/1.1" 200 11760 "-" "Mozilla/5.0 (compatible; AhrefsBot/6.1; +http://ahrefs.com/robot/)" 
46.229.168.151 - - [07/Jun/2020:02:46:10 -0700] "GET /content/all/?q=%23webmention HTTP/1.1" 200 14016 "-" "Mozilla/5.0 (compatible; SemrushBot/6~bl; +http://www.semrush.com/bot.html)" 
54.36.149.33 - - [07/Jun/2020:02:46:22 -0700] "GET /2018/first-night-outside-of-the-summer-with-clinklucy-1 HTTP/1.1" 200 11190 "-" "Mozilla/5.0 (compatible; AhrefsBot/6.1; +http://ahrefs.com/robot/)" 
46.229.168.135 - - [07/Jun/2020:02:46:27 -0700] "GET /2018/2018-05-17 HTTP/1.1" 200 12059 "-" "Mozilla/5.0 (compatible; SemrushBot/6~bl; +http://www.semrush.com/bot.html)" 
54.36.148.9 - - [07/Jun/2020:02:46:33 -0700] "GET /2018/misssusanboyle-telling-stories-about-stories-at-1 HTTP/1.1" 200 9888 "-" "Mozilla/5.0 (compatible; AhrefsBot/6.1; +http://ahrefs.com/robot/)" 
64.111.100.215 - - [07/Jun/2020:02:46:44 -0700] "GET /content/all?_t=rss HTTP/1.1" 200 13519 "-" "Mozilla/5.0 (X11; U; Linux i686; fr; rv:1.9.1.1) Gecko/20090715 Firefox/3.5.1" 
54.36.148.9 - - [07/Jun/2020:02:46:46 -0700] "GET /2018/nice-place-for-a-dinner-2 HTTP/1.1" 200 9400 "-" "Mozilla/5.0 (compatible; AhrefsBot/6.1; +http://ahrefs.com/robot/)" 
54.36.149.33 - - [07/Jun/2020:02:46:58 -0700] "GET /2018/oops-i-suppose-it-must-be-summer HTTP/1.1" 200 12238 "-" "Mozilla/5.0 (compatible; AhrefsBot/6.1; +http://ahrefs.com/robot/)" 
46.229.168.147 - - [07/Jun/2020:02:46:58 -0700] "GET /?offset=32&q=%23podcast HTTP/1.1" 200 13900 "-" "Mozilla/5.0 (compatible; SemrushBot/6~bl; +http://www.semrush.com/bot.html)" 
54.36.149.12 - - [07/Jun/2020:02:47:09 -0700] "GET /2018/todays-workplace-2 HTTP/1.1" 200 9400 "-" "Mozilla/5.0 (compatible; AhrefsBot/6.1; +http://ahrefs.com/robot/)" 
46.229.168.139 - - [07/Jun/2020:02:47:09 -0700] "GET /content/all/?offset=69&q=%23IndieWeb HTTP/1.1" 200 12165 "-" "Mozilla/5.0 (compatible; SemrushBot/6~bl; +http://www.semrush.com/bot.html)" 
203.133.169.112 - - [07/Jun/2020:02:47:13 -0700] "GET /robots.txt HTTP/1.1" 200 4345 "-" "Mozilla/5.0 (compatible; Daum/4.1; +http://cs.daum.net/faq/15/4118.html?faqId=28966)" 
203.133.169.112 - - [07/Jun/2020:02:47:14 -0700] "GET /?q=%23sourdough&offset=10&_t=rss HTTP/1.1" 200 27545 "-" "Mozilla/5.0 (compatible; Daum/4.1; +http://cs.daum.net/faq/15/4118.html?faqId=28966)" 
46.229.168.129 - - [07/Jun/2020:02:47:19 -0700] "GET /content/locations/?q=%23%2B%23Black_pepper HTTP/1.1" 200 8552 "-" "Mozilla/5.0 (compatible; SemrushBot/6~bl; +http://www.semrush.com/bot.html)" 
54.36.148.89 - - [07/Jun/2020:02:47:20 -0700] "GET /2018/untitled-13 HTTP/1.1" 200 9903 "-" "Mozilla/5.0 (compatible; AhrefsBot/6.1; +http://ahrefs.com/robot/)" 
203.133.169.112 - - [07/Jun/2020:02:47:20 -0700] "GET /file/1932ed595702315f4ad393b42db567b7/9809733219b4ed7ef160f8fd03cdcbc8 HTTP/1.1" 200 56842 "-" "Mozilla/5.0 (Unknown; Linux x86_64) AppleWebKit/538.1 (KHTML, like Gecko) Safari/538.1 Daum/4.1" 
54.36.148.49 - - [07/Jun/2020:02:47:28 -0700] "GET /2018/untitled-14 HTTP/1.1" 200 9685 "-" "Mozilla/5.0 (compatible; AhrefsBot/6.1; +http://ahrefs.com/robot/)" 
203.133.169.112 - - [07/Jun/2020:02:47:29 -0700] "GET /2019/domestic-cozy-9 HTTP/1.1" 200 28355 "-" "Mozilla/5.0 (compatible; Daum/4.1; +http://cs.daum.net/faq/15/4118.html?faqId=28966)" 
54.36.148.169 - - [07/Jun/2020:02:47:39 -0700] "GET /content/all/?offset=470 HTTP/1.1" 200 11053 "-" "Mozilla/5.0 (compatible; AhrefsBot/6.1; +http://ahrefs.com/robot/)" 
54.36.148.129 - - [07/Jun/2020:02:47:47 -0700] "GET /content/photos/?offset=470 HTTP/1.1" 200 10663 "-" "Mozilla/5.0 (compatible; AhrefsBot/6.1; +http://ahrefs.com/robot/)" 
203.133.169.112 - - [07/Jun/2020:02:47:53 -0700] "GET /content/posts/?q=%23+%23Black_pepper&_t=rss HTTP/1.1" 200 5296 "-" "Mozilla/5.0 (compatible; Daum/4.1; +http://cs.daum.net/faq/15/4118.html?faqId=28966)" 
54.36.148.249 - - [07/Jun/2020:02:47:56 -0700] "GET /tag/+%23dgs1018 HTTP/1.1" 200 8242 "-" "Mozilla/5.0 (compatible; AhrefsBot/6.1; +http://ahrefs.com/robot/)" 
54.36.148.239 - - [07/Jun/2020:02:48:05 -0700] "GET /tag/+%23yay HTTP/1.1" 200 9937 "-" "Mozilla/5.0 (compatible; AhrefsBot/6.1; +http://ahrefs.com/robot/)" 
66.249.66.46 - - [07/Jun/2020:02:48:26 -0700] "GET /profile/jeremy?offset=410 HTTP/1.1" 200 19571 "-" "Mozilla/5.0 (Linux; Android 6.0.1; Nexus 5X Build/MMB29P) AppleWebKit/537.36 (KHTML, like Gecko) Chrome/80.0.3987.92 Mobile Safari/537.36 (compatible; Googlebot/2.1; +http://www.google.com/bot.html)" 
66.249.66.46 - - [07/Jun/2020:02:48:30 -0700] "GET /service/web/unfurl/?url=http%3A%2F%2Fwww.cookerybythebook.com%2Fhome%2F2016%2F10%2F7%2Fcbtb-37&__bTk=1bd931c2e77042fcfb938c9033235bae0e4e6a735f743d1dc68a8b7dc378076f&__bTs=1591383934 HTTP/1.1" 403 4629 "https://stream.jeremycherfas.net/profile/jeremy?offset=410" "Mozilla/5.0 (Linux; Android 6.0.1; Nexus 5X Build/MMB29P) AppleWebKit/537.36 (KHTML, like Gecko) Chrome/83.0.4103.93 Mobile Safari/537.36 (compatible; Googlebot/2.1; +http://www.google.com/bot.html)" 
66.249.66.46 - - [07/Jun/2020:02:48:31 -0700] "GET /service/web/unfurl/?url=http%3A%2F%2Fwww.eatthispodcast.com%2Fback-to-the-future-for-the-wheat-of-tomorrow%2F&__bTk=1bd931c2e77042fcfb938c9033235bae0e4e6a735f743d1dc68a8b7dc378076f&__bTs=1591383934 HTTP/1.1" 403 1327 "https://stream.jeremycherfas.net/profile/jeremy?offset=410" "Mozilla/5.0 (Linux; Android 6.0.1; Nexus 5X Build/MMB29P) AppleWebKit/537.36 (KHTML, like Gecko) Chrome/83.0.4103.93 Mobile Safari/537.36 (compatible; Googlebot/2.1; +http://www.google.com/bot.html)" 
46.229.168.150 - - [07/Jun/2020:02:48:44 -0700] "GET /file/1423885c43755777e347ba42b4c58a42/073c42a7f953ab1867c2076937c9a7e4 HTTP/1.1" 500 94893 "-" "Mozilla/5.0 (compatible; SemrushBot/6~bl; +http://www.semrush.com/bot.html)" 
114.119.165.37 - - [07/Jun/2020:02:49:00 -0700] "GET /tag/cooking HTTP/1.1" 200 10479 "-" "Mozilla/5.0 (Linux; Android 7.0;) AppleWebKit/537.36 (KHTML, like Gecko) Mobile Safari/537.36 (compatible; PetalBot;+https://aspiegel.com/petalbot)" 
46.229.168.148 - - [07/Jun/2020:02:49:12 -0700] "GET /?offset=11&q=%23podcast HTTP/1.1" 200 12146 "-" "Mozilla/5.0 (compatible; SemrushBot/6~bl; +http://www.semrush.com/bot.html)" 
46.229.168.134 - - [07/Jun/2020:02:49:26 -0700] "GET /content/all/?offset=124&q=%23IndieWeb HTTP/1.1" 200 11819 "-" "Mozilla/5.0 (compatible; SemrushBot/6~bl; +http://www.semrush.com/bot.html)" 
45.79.26.51 - - [07/Jun/2020:02:50:50 -0700] "GET /content/statusupdates/posts/photos/checkins/bookmarkedpages?_t=rss HTTP/1.1" 200 7453 "-" "Micro.blog/1.0" 
46.229.168.129 - - [07/Jun/2020:02:51:11 -0700] "GET /content/posts/?q=%23Corfu HTTP/1.1" 200 8515 "-" "Mozilla/5.0 (compatible; SemrushBot/6~bl; +http://www.semrush.com/bot.html)" 
46.229.168.138 - - [07/Jun/2020:02:52:00 -0700] "GET /content/all/?offset=220 HTTP/1.1" 200 11956 "-" "Mozilla/5.0 (compatible; SemrushBot/6~bl; +http://www.semrush.com/bot.html)" 
46.229.168.140 - - [07/Jun/2020:02:52:10 -0700] "GET /?offset=88&q=%23IndieWeb HTTP/1.1" 200 15649 "-" "Mozilla/5.0 (compatible; SemrushBot/6~bl; +http://www.semrush.com/bot.html)" 
54.91.117.106 - - [07/Jun/2020:02:52:27 -0700] "GET /content/events/?_t=rss HTTP/1.1" 304 3480 "https://www.google.com/" "Mozilla/5.0 (Windows NT 10.0; Win64; x64) AppleWebKit/537.36 (KHTML, like Gecko) Chrome/80.0.3987.122 Safari/537.36 Edg/80.0.361.62" 
183.89.10.118 - - [07/Jun/2020:02:52:43 -0700] "GET /profile/jeremy HTTP/1.1" 200 29391 "https://stream.jeremycherfas.net" "Mozilla/5.0 (Windows NT 10.0; Win64; x64) AppleWebKit/537.36 (KHTML, like Gecko) Chrome/62.0.3202.94 Safari/537.36" 
46.229.168.149 - - [07/Jun/2020:02:53:00 -0700] "GET /tag/bread?offset=77 HTTP/1.1" 200 12193 "-" "Mozilla/5.0 (compatible; SemrushBot/6~bl; +http://www.semrush.com/bot.html)" 
46.229.168.135 - - [07/Jun/2020:02:53:10 -0700] "GET /content/bookmarkedpages/?offset=0&q=%23Indieweb HTTP/1.1" 200 11144 "-" "Mozilla/5.0 (compatible; SemrushBot/6~bl; +http://www.semrush.com/bot.html)" 
54.36.148.49 - - [07/Jun/2020:02:53:28 -0700] "GET /content/all/?offset=480 HTTP/1.1" 200 11756 "-" "Mozilla/5.0 (compatible; AhrefsBot/6.1; +http://ahrefs.com/robot/)" 
54.36.148.209 - - [07/Jun/2020:02:53:44 -0700] "GET /2017/agriculture-in-africatelling-myths-from-facts-kudos-to-mfbellemare-and HTTP/1.1" 200 10614 "-" "Mozilla/5.0 (compatible; AhrefsBot/6.1; +http://ahrefs.com/robot/)" 
54.36.148.169 - - [07/Jun/2020:02:54:00 -0700] "GET /2017/allison-aubrey-on-twitter-hmmmore-39deaths-of-despair39-drop-in HTTP/1.1" 200 9538 "-" "Mozilla/5.0 (compatible; AhrefsBot/6.1; +http://ahrefs.com/robot/)" 
54.36.148.9 - - [07/Jun/2020:02:54:12 -0700] "GET /2017/doing-it-the-hard-way HTTP/1.1" 200 9251 "-" "Mozilla/5.0 (compatible; AhrefsBot/6.1; +http://ahrefs.com/robot/)" 
54.36.148.249 - - [07/Jun/2020:02:54:23 -0700] "GET /2017/euforgen-on-twitter-gin-juniper-and-the-netherlands-nbrlxmbkcg-loveforests HTTP/1.1" 200 10133 "-" "Mozilla/5.0 (compatible; AhrefsBot/6.1; +http://ahrefs.com/robot/)" 
114.119.165.105 - - [07/Jun/2020:02:54:34 -0700] "GET /tag/+%23Http:/agro.biodiver.se?offset=10 HTTP/1.1" 200 12533 "-" "Mozilla/5.0 (Linux; Android 7.0;) AppleWebKit/537.36 (KHTML, like Gecko) Mobile Safari/537.36 (compatible; PetalBot;+https://aspiegel.com/petalbot)" 
54.36.148.89 - - [07/Jun/2020:02:54:35 -0700] "GET /2017/i-invented-the-web-here-are-three-things-we-need HTTP/1.1" 200 9547 "-" "Mozilla/5.0 (compatible; AhrefsBot/6.1; +http://ahrefs.com/robot/)" 
54.36.148.49 - - [07/Jun/2020:02:54:47 -0700] "GET /2017/stu-on-twitter-stock-photo-hte4lwrtnd HTTP/1.1" 200 9366 "-" "Mozilla/5.0 (compatible; AhrefsBot/6.1; +http://ahrefs.com/robot/)" 
54.36.148.209 - - [07/Jun/2020:02:55:00 -0700] "GET /2017/tweetstorms-vs-publishing HTTP/1.1" 200 9607 "-" "Mozilla/5.0 (compatible; AhrefsBot/6.1; +http://ahrefs.com/robot/)" 
46.229.168.134 - - [07/Jun/2020:02:55:06 -0700] "GET /?offset=0&q=%23fornacalia HTTP/1.1" 200 13195 "-" "Mozilla/5.0 (compatible; SemrushBot/6~bl; +http://www.semrush.com/bot.html)" 
54.36.148.249 - - [07/Jun/2020:02:55:12 -0700] "GET /2017/what-web-page-structure-reveals-on-news-quality-monday-note HTTP/1.1" 200 10554 "-" "Mozilla/5.0 (compatible; AhrefsBot/6.1; +http://ahrefs.com/robot/)" 
46.229.168.162 - - [07/Jun/2020:02:55:20 -0700] "GET /2018/river-of-shadows-jeremy-cherfas HTTP/1.1" 410 8061 "-" "Mozilla/5.0 (compatible; SemrushBot/6~bl; +http://www.semrush.com/bot.html)" 
54.36.148.169 - - [07/Jun/2020:02:55:21 -0700] "GET /content/bookmarkedpages/?offset=480 HTTP/1.1" 200 12273 "-" "Mozilla/5.0 (compatible; AhrefsBot/6.1; +http://ahrefs.com/robot/)" 
54.36.148.209 - - [07/Jun/2020:02:55:34 -0700] "GET /2019/when-google-translate-lets-you-down-because HTTP/1.1" 200 9500 "-" "Mozilla/5.0 (compatible; AhrefsBot/6.1; +http://ahrefs.com/robot/)" 
54.36.148.129 - - [07/Jun/2020:02:55:44 -0700] "GET /?offset=510 HTTP/1.1" 200 11795 "-" "Mozilla/5.0 (compatible; AhrefsBot/6.1; +http://ahrefs.com/robot/)" 
54.36.148.129 - - [07/Jun/2020:02:55:55 -0700] "GET /2019/sebastiaan-has-made-fantastic-progress-towards-indiewebified HTTP/1.1" 200 9451 "-" "Mozilla/5.0 (compatible; AhrefsBot/6.1; +http://ahrefs.com/robot/)" 
54.36.148.169 - - [07/Jun/2020:02:56:06 -0700] "GET /2019/when-google-translate-lets-you-down-because HTTP/1.1" 200 9536 "-" "Mozilla/5.0 (compatible; AhrefsBot/6.1; +http://ahrefs.com/robot/)" 
46.229.168.145 - - [07/Jun/2020:02:56:10 -0700] "GET /tag/indieweb?offset=87 HTTP/1.1" 200 15805 "-" "Mozilla/5.0 (compatible; SemrushBot/6~bl; +http://www.semrush.com/bot.html)" 
54.36.148.169 - - [07/Jun/2020:02:56:18 -0700] "GET /?offset=510 HTTP/1.1" 200 11859 "-" "Mozilla/5.0 (compatible; AhrefsBot/6.1; +http://ahrefs.com/robot/)" 
46.229.168.145 - - [07/Jun/2020:02:56:36 -0700] "GET /2018/piqd----podcast-discovery HTTP/1.1" 200 9585 "-" "Mozilla/5.0 (compatible; SemrushBot/6~bl; +http://www.semrush.com/bot.html)" 
207.46.13.190 - - [07/Jun/2020:02:56:43 -0700] "GET /2018/our-daily-bread-14---the-daily-grind5iby30ln1tyit-has-been HTTP/1.1" 200 10739 "-" "Mozilla/5.0 (compatible; bingbot/2.0; +http://www.bing.com/bingbot.htm)" 
46.229.168.141 - - [07/Jun/2020:02:56:47 -0700] "GET /content/posts?offset=20 HTTP/1.1" 200 13329 "-" "Mozilla/5.0 (compatible; SemrushBot/6~bl; +http://www.semrush.com/bot.html)" 
46.229.168.142 - - [07/Jun/2020:02:57:00 -0700] "GET /content/audio/?q=%23Sourdough HTTP/1.1" 200 8524 "-" "Mozilla/5.0 (compatible; SemrushBot/6~bl; +http://www.semrush.com/bot.html)" 
66.249.66.48 - - [07/Jun/2020:02:57:54 -0700] "GET /2017/-opinion-i-was-born-in-poverty-in-appalachia-hillbilly?_t=rss HTTP/1.1" 200 5596 "-" "Mozilla/5.0 (Linux; Android 6.0.1; Nexus 5X Build/MMB29P) AppleWebKit/537.36 (KHTML, like Gecko) Chrome/80.0.3987.92 Mobile Safari/537.36 (compatible; Googlebot/2.1; +http://www.google.com/bot.html)" 
46.229.168.161 - - [07/Jun/2020:02:58:29 -0700] "GET /2019/wish-i-could-decide-which-of-these-covers-to-use HTTP/1.1" 200 9728 "-" "Mozilla/5.0 (compatible; SemrushBot/6~bl; +http://www.semrush.com/bot.html)" 
46.229.168.151 - - [07/Jun/2020:02:58:54 -0700] "GET /tag/IndieWeb?offset=93 HTTP/1.1" 200 15128 "-" "Mozilla/5.0 (compatible; SemrushBot/6~bl; +http://www.semrush.com/bot.html)" 
114.119.162.106 - - [07/Jun/2020:03:00:11 -0700] "GET /tag/realbreadweek HTTP/1.1" 200 9302 "-" "Mozilla/5.0 (Linux; Android 7.0;) AppleWebKit/537.36 (KHTML, like Gecko) Mobile Safari/537.36 (compatible; PetalBot;+https://aspiegel.com/petalbot)" 
3.88.143.68 - - [07/Jun/2020:03:00:18 -0700] "GET /?_t=rss HTTP/1.1" 200 7288 "-" "glitch-feeder/1.0 (+https://glitch.com/~lmo-feeder)" 
45.79.26.51 - - [07/Jun/2020:03:00:18 -0700] "GET /content/statusupdates/posts/photos/checkins/bookmarkedpages?_t=rss HTTP/1.1" 200 7453 "-" "Micro.blog/1.0" 
46.229.168.141 - - [07/Jun/2020:03:00:54 -0700] "GET /content/locations/?q=%23Quinoa HTTP/1.1" 200 8523 "-" "Mozilla/5.0 (compatible; SemrushBot/6~bl; +http://www.semrush.com/bot.html)" 
157.55.39.168 - - [07/Jun/2020:03:01:01 -0700] "GET /2019/really-tonz-you-shouldnt-be-meddling-in HTTP/1.1" 304 3726 "-" "Mozilla/5.0 (compatible; bingbot/2.0; +http://www.bing.com/bingbot.htm)" 
46.229.168.129 - - [07/Jun/2020:03:01:08 -0700] "GET /2019/this-years-harvest-of-multiplier-onions-on-the-right-next HTTP/1.1" 200 9768 "-" "Mozilla/5.0 (compatible; SemrushBot/6~bl; +http://www.semrush.com/bot.html)" 
46.229.168.131 - - [07/Jun/2020:03:01:22 -0700] "GET /content/events/?q=%23latergram HTTP/1.1" 200 8497 "-" "Mozilla/5.0 (compatible; SemrushBot/6~bl; +http://www.semrush.com/bot.html)" 
46.229.168.136 - - [07/Jun/2020:03:01:41 -0700] "GET /2018/untitled-13 HTTP/1.1" 200 10087 "-" "Mozilla/5.0 (compatible; SemrushBot/6~bl; +http://www.semrush.com/bot.html)" 
46.229.168.137 - - [07/Jun/2020:03:01:43 -0700] "GET /?offset=26&q=%23sourdough HTTP/1.1" 200 11486 "-" "Mozilla/5.0 (compatible; SemrushBot/6~bl; +http://www.semrush.com/bot.html)" 
64.111.100.215 - - [07/Jun/2020:03:01:49 -0700] "GET /content/all?_t=rss HTTP/1.1" 200 13519 "-" "Mozilla/5.0 (X11; U; Linux i686; fr; rv:1.9.1.1) Gecko/20090715 Firefox/3.5.1" 
46.229.168.133 - - [07/Jun/2020:03:02:06 -0700] "GET /content/photos/?q=%23webmention HTTP/1.1" 200 8498 "-" "Mozilla/5.0 (compatible; SemrushBot/6~bl; +http://www.semrush.com/bot.html)" 
46.229.168.161 - - [07/Jun/2020:03:02:10 -0700] "GET /tag/sourdough?offset=52 HTTP/1.1" 200 10054 "-" "Mozilla/5.0 (compatible; SemrushBot/6~bl; +http://www.semrush.com/bot.html)" 
46.229.168.154 - - [07/Jun/2020:03:02:40 -0700] "GET /content/bookmarkedpages/?q=%23%2B%23realbread HTTP/1.1" 200 8555 "-" "Mozilla/5.0 (compatible; SemrushBot/6~bl; +http://www.semrush.com/bot.html)" 
46.229.168.131 - - [07/Jun/2020:03:03:22 -0700] "GET /?offset=56&q=%23%2B%23sourdough HTTP/1.1" 200 9051 "-" "Mozilla/5.0 (compatible; SemrushBot/6~bl; +http://www.semrush.com/bot.html)" 
46.229.168.140 - - [07/Jun/2020:03:04:17 -0700] "GET /content/all/?offset=0&q=%23%2B%23Rome HTTP/1.1" 200 13410 "-" "Mozilla/5.0 (compatible; SemrushBot/6~bl; +http://www.semrush.com/bot.html)" 
46.229.168.135 - - [07/Jun/2020:03:04:22 -0700] "GET /robots.txt HTTP/1.1" 200 4552 "-" "Mozilla/5.0 (compatible; SemrushBot/6~bl; +http://www.semrush.com/bot.html)" 
46.229.168.142 - - [07/Jun/2020:03:04:23 -0700] "GET /content/photos/?offset=40&q=%23%2B%23%23bread HTTP/1.1" 200 12659 "-" "Mozilla/5.0 (compatible; SemrushBot/6~bl; +http://www.semrush.com/bot.html)" 
46.229.168.148 - - [07/Jun/2020:03:04:36 -0700] "GET /?offset=22&q=%23sourdough HTTP/1.1" 200 11924 "-" "Mozilla/5.0 (compatible; SemrushBot/6~bl; +http://www.semrush.com/bot.html)" 
46.229.168.144 - - [07/Jun/2020:03:05:26 -0700] "GET /content/statusupdates/?offset=15&q=%23%2B%23food HTTP/1.1" 200 9281 "-" "Mozilla/5.0 (compatible; SemrushBot/6~bl; +http://www.semrush.com/bot.html)" 
114.119.161.85 - - [07/Jun/2020:03:05:47 -0700] "GET /2018/the-future-is-here-with-clinklucy-at-steamboattiff HTTP/1.1" 200 13512 "-" "Mozilla/5.0 (Linux; Android 7.0;) AppleWebKit/537.36 (KHTML, like Gecko) Mobile Safari/537.36 (compatible; PetalBot;+https://aspiegel.com/petalbot)" 
66.249.66.48 - - [07/Jun/2020:03:05:57 -0700] "GET /content/events/?q=%23indiewebcitizen HTTP/1.1" 200 8544 "-" "Mozilla/5.0 (Linux; Android 6.0.1; Nexus 5X Build/MMB29P) AppleWebKit/537.36 (KHTML, like Gecko) Chrome/80.0.3987.92 Mobile Safari/537.36 (compatible; Googlebot/2.1; +http://www.google.com/bot.html)" 
45.79.26.51 - - [07/Jun/2020:03:05:59 -0700] "GET /content/statusupdates/posts/photos/checkins/bookmarkedpages?_t=rss HTTP/1.1" 200 7453 "-" "Micro.blog/1.0" 
46.229.168.143 - - [07/Jun/2020:03:06:38 -0700] "GET /content/bookmarkedpages?offset=140 HTTP/1.1" 200 10938 "-" "Mozilla/5.0 (compatible; SemrushBot/6~bl; +http://www.semrush.com/bot.html)" 
46.229.168.143 - - [07/Jun/2020:03:07:01 -0700] "GET /?offset=89&q=%23%2B%23%23indieweb HTTP/1.1" 200 16005 "-" "Mozilla/5.0 (compatible; SemrushBot/6~bl; +http://www.semrush.com/bot.html)" 
66.249.66.48 - - [07/Jun/2020:03:07:22 -0700] "GET /2017/mfbellemare-happy-to-change-that-thanks-and-kudos-to-luc?_t=rss HTTP/1.1" 200 5357 "-" "Mozilla/5.0 (Linux; Android 6.0.1; Nexus 5X Build/MMB29P) AppleWebKit/537.36 (KHTML, like Gecko) Chrome/80.0.3987.92 Mobile Safari/537.36 (compatible; Googlebot/2.1; +http://www.google.com/bot.html)" 
46.229.168.135 - - [07/Jun/2020:03:07:25 -0700] "GET /?offset=36&q=%23%2B%23bread HTTP/1.1" 200 12309 "-" "Mozilla/5.0 (compatible; SemrushBot/6~bl; +http://www.semrush.com/bot.html)" 
46.229.168.132 - - [07/Jun/2020:03:07:52 -0700] "GET /?offset=24&q=%23IndieWeb HTTP/1.1" 200 13182 "-" "Mozilla/5.0 (compatible; SemrushBot/6~bl; +http://www.semrush.com/bot.html)" 
45.79.26.51 - - [07/Jun/2020:03:09:14 -0700] "GET /content/statusupdates/posts/photos/checkins/bookmarkedpages?_t=rss HTTP/1.1" 200 7453 "-" "Micro.blog/1.0" 
46.229.168.148 - - [07/Jun/2020:03:09:41 -0700] "GET /2020/and-yet-it-is-incredibly-easy-to HTTP/1.1" 200 10158 "-" "Mozilla/5.0 (compatible; SemrushBot/6~bl; +http://www.semrush.com/bot.html)" 
46.229.168.162 - - [07/Jun/2020:03:09:42 -0700] "GET /tag/IndieWeb?offset=141 HTTP/1.1" 200 9660 "-" "Mozilla/5.0 (compatible; SemrushBot/6~bl; +http://www.semrush.com/bot.html)" 
46.229.168.150 - - [07/Jun/2020:03:10:24 -0700] "GET /content/statusupdates?offset=80 HTTP/1.1" 200 10785 "-" "Mozilla/5.0 (compatible; SemrushBot/6~bl; +http://www.semrush.com/bot.html)" 
46.229.168.154 - - [07/Jun/2020:03:10:29 -0700] "GET /?offset=2&q=%23%2B%23Rome HTTP/1.1" 200 13056 "-" "Mozilla/5.0 (compatible; SemrushBot/6~bl; +http://www.semrush.com/bot.html)" 
46.229.168.153 - - [07/Jun/2020:03:10:47 -0700] "GET /tag/IndieWeb?offset=85 HTTP/1.1" 200 15599 "-" "Mozilla/5.0 (compatible; SemrushBot/6~bl; +http://www.semrush.com/bot.html)" 
114.119.160.61 - - [07/Jun/2020:03:11:20 -0700] "GET /tag/bread?offset=87 HTTP/1.1" 200 8796 "-" "Mozilla/5.0 (Linux; Android 7.0;) AppleWebKit/537.36 (KHTML, like Gecko) Mobile Safari/537.36 (compatible; PetalBot;+https://aspiegel.com/petalbot)" 
46.229.168.163 - - [07/Jun/2020:03:11:21 -0700] "GET /tag/sourdough?offset=13 HTTP/1.1" 200 12279 "-" "Mozilla/5.0 (compatible; SemrushBot/6~bl; +http://www.semrush.com/bot.html)" 
46.229.168.129 - - [07/Jun/2020:03:11:54 -0700] "GET /content/all/?offset=11&q=%23%2B%23podcast HTTP/1.1" 200 12182 "-" "Mozilla/5.0 (compatible; SemrushBot/6~bl; +http://www.semrush.com/bot.html)" 
46.229.168.148 - - [07/Jun/2020:03:11:59 -0700] "GET /?offset=50&q=%23indieweb HTTP/1.1" 200 12575 "-" "Mozilla/5.0 (compatible; SemrushBot/6~bl; +http://www.semrush.com/bot.html)" 
46.229.168.149 - - [07/Jun/2020:03:12:32 -0700] "GET /?offset=60&q=%23bread HTTP/1.1" 200 11936 "-" "Mozilla/5.0 (compatible; SemrushBot/6~bl; +http://www.semrush.com/bot.html)" 
46.229.168.133 - - [07/Jun/2020:03:12:39 -0700] "GET /content/photos/?offset=23&q=%23bread HTTP/1.1" 200 12853 "-" "Mozilla/5.0 (compatible; SemrushBot/6~bl; +http://www.semrush.com/bot.html)" 
46.229.168.151 - - [07/Jun/2020:03:12:45 -0700] "GET /content/all/?offset=62&q=%23%2B%23bread HTTP/1.1" 200 12410 "-" "Mozilla/5.0 (compatible; SemrushBot/6~bl; +http://www.semrush.com/bot.html)" 
46.229.168.161 - - [07/Jun/2020:03:13:29 -0700] "GET /2018/20181108wordpress-meetup-presentation-decentralized-social-networking-with-wordpress-because-of-chris-aldrich HTTP/1.1" 200 9707 "-" "Mozilla/5.0 (compatible; SemrushBot/6~bl; +http://www.semrush.com/bot.html)" 
173.230.155.197 - - [07/Jun/2020:03:14:13 -0700] "GET / HTTP/1.1" 200 54151 "-" "Mozilla/5.0 (Macintosh; Intel Mac OS X 10_12_1) AppleWebKit/537.36 (KHTML, like Gecko) Chrome/57.0.2987.133 Safari/537.36 p3k-http/0.1.5 p3k-watchtower/0.1" 
45.79.26.51 - - [07/Jun/2020:03:14:18 -0700] "GET /content/statusupdates/posts/photos/checkins/bookmarkedpages?_t=rss HTTP/1.1" 200 7453 "-" "Micro.blog/1.0" 
46.229.168.131 - - [07/Jun/2020:03:15:24 -0700] "GET /content/statusupdates?offset=20 HTTP/1.1" 200 10822 "-" "Mozilla/5.0 (compatible; SemrushBot/6~bl; +http://www.semrush.com/bot.html)" 
46.229.168.152 - - [07/Jun/2020:03:15:29 -0700] "GET /2018/bookmark---indieweb HTTP/1.1" 200 9466 "-" "Mozilla/5.0 (compatible; SemrushBot/6~bl; +http://www.semrush.com/bot.html)" 
46.229.168.146 - - [07/Jun/2020:03:16:10 -0700] "GET /content/all/?offset=43&q=%23WithKnown HTTP/1.1" 200 12072 "-" "Mozilla/5.0 (compatible; SemrushBot/6~bl; +http://www.semrush.com/bot.html)" 
46.229.168.153 - - [07/Jun/2020:03:16:11 -0700] "GET /?offset=22&q=%23%2B%23sourdough HTTP/1.1" 200 11949 "-" "Mozilla/5.0 (compatible; SemrushBot/6~bl; +http://www.semrush.com/bot.html)" 
5.188.210.79 - - [07/Jun/2020:03:16:38 -0700] "GET /profile/jeremy?offset=106 HTTP/1.0" 200 127980 "https://stream.jeremycherfas.net/profile/jeremy?offset=106" "Mozilla/5.0 (Windows NT 6.1) AppleWebKit/537.36 (KHTML, like Gecko) Chrome/67.0.3396.99 Safari/537.36" 
5.188.210.79 - - [07/Jun/2020:03:16:39 -0700] "POST /comments/post HTTP/1.0" 403 17067 "https://stream.jeremycherfas.net/profile/jeremy?offset=106" "Mozilla/5.0 (Windows NT 6.1) AppleWebKit/537.36 (KHTML, like Gecko) Chrome/67.0.3396.99 Safari/537.36" 
46.229.168.136 - - [07/Jun/2020:03:16:40 -0700] "GET /2017/this-is-a-test-from-quill-using-the-editor HTTP/1.1" 200 9720 "-" "Mozilla/5.0 (compatible; SemrushBot/6~bl; +http://www.semrush.com/bot.html)" 
66.249.66.46 - - [07/Jun/2020:03:16:50 -0700] "GET /view/8d725fa81515ec089a52a1c6899c53ac HTTP/1.1" 200 10334 "-" "Mozilla/5.0 (Linux; Android 6.0.1; Nexus 5X Build/MMB29P) AppleWebKit/537.36 (KHTML, like Gecko) Chrome/80.0.3987.92 Mobile Safari/537.36 (compatible; Googlebot/2.1; +http://www.google.com/bot.html)" 
114.119.161.85 - - [07/Jun/2020:03:16:55 -0700] "GET /tag/Indieweb?offset=41 HTTP/1.1" 200 10981 "-" "Mozilla/5.0 (Linux; Android 7.0;) AppleWebKit/537.36 (KHTML, like Gecko) Mobile Safari/537.36 (compatible; PetalBot;+https://aspiegel.com/petalbot)" 
5.188.210.79 - - [07/Jun/2020:03:17:52 -0700] "GET /profile/jeremy?offset=106 HTTP/1.1" 200 16542 "-" "Mozilla/5.0 (Windows NT 6.1; Win64; x64; rv:62.0) Gecko/20100101 Firefox/62.0" 
46.229.168.132 - - [07/Jun/2020:03:19:14 -0700] "GET /content/statusupdates/?q=%23courses HTTP/1.1" 200 9045 "-" "Mozilla/5.0 (compatible; SemrushBot/6~bl; +http://www.semrush.com/bot.html)" 
64.111.100.215 - - [07/Jun/2020:03:19:16 -0700] "GET /content/all?_t=rss HTTP/1.1" 200 13519 "-" "Mozilla/5.0 (X11; U; Linux i686; fr; rv:1.9.1.1) Gecko/20090715 Firefox/3.5.1" 
45.79.26.51 - - [07/Jun/2020:03:19:22 -0700] "GET /content/statusupdates/posts/photos/checkins/bookmarkedpages?_t=rss HTTP/1.1" 200 7453 "-" "Micro.blog/1.0" 
64.111.100.215 - - [07/Jun/2020:03:19:23 -0700] "GET /content/all?_t=rss HTTP/1.1" 200 13519 "-" "Mozilla/5.0 (X11; U; Linux i686; fr; rv:1.9.1.1) Gecko/20090715 Firefox/3.5.1" 
64.111.100.215 - - [07/Jun/2020:03:19:31 -0700] "GET /content/all?_t=rss HTTP/1.1" 200 13519 "-" "Mozilla/5.0 (X11; U; Linux i686; fr; rv:1.9.1.1) Gecko/20090715 Firefox/3.5.1" 
46.229.168.141 - - [07/Jun/2020:03:20:07 -0700] "GET /?offset=25&q=%23%2B%23sourdough HTTP/1.1" 200 11559 "-" "Mozilla/5.0 (compatible; SemrushBot/6~bl; +http://www.semrush.com/bot.html)" 
46.229.168.154 - - [07/Jun/2020:03:21:39 -0700] "GET /2019/just-published-the-latest-issue-of-eat HTTP/1.1" 200 9641 "-" "Mozilla/5.0 (compatible; SemrushBot/6~bl; +http://www.semrush.com/bot.html)" 
46.229.168.150 - - [07/Jun/2020:03:21:58 -0700] "GET /content/all/?offset=44&q=%23%2B%23%23bread HTTP/1.1" 200 12411 "-" "Mozilla/5.0 (compatible; SemrushBot/6~bl; +http://www.semrush.com/bot.html)" 
46.229.168.131 - - [07/Jun/2020:03:21:59 -0700] "GET /tag/+%23Black_pepper HTTP/1.1" 200 8483 "-" "Mozilla/5.0 (compatible; SemrushBot/6~bl; +http://www.semrush.com/bot.html)" 
46.229.168.150 - - [07/Jun/2020:03:22:03 -0700] "GET /?offset=54&q=%23IndieWeb HTTP/1.1" 200 13404 "-" "Mozilla/5.0 (compatible; SemrushBot/6~bl; +http://www.semrush.com/bot.html)" 
114.119.160.143 - - [07/Jun/2020:03:22:28 -0700] "GET /content/photos?offset=140 HTTP/1.1" 200 10954 "-" "Mozilla/5.0 (Linux; Android 7.0;) AppleWebKit/537.36 (KHTML, like Gecko) Mobile Safari/537.36 (compatible; PetalBot;+https://aspiegel.com/petalbot)" 
45.79.26.51 - - [07/Jun/2020:03:24:55 -0700] "GET /content/statusupdates/posts/photos/checkins/bookmarkedpages?_t=rss HTTP/1.1" 200 7453 "-" "Micro.blog/1.0" 
46.229.168.152 - - [07/Jun/2020:03:26:06 -0700] "GET /2018/absolutely-sublime-nancy HTTP/1.1" 200 10331 "-" "Mozilla/5.0 (compatible; SemrushBot/6~bl; +http://www.semrush.com/bot.html)" 
66.249.66.46 - - [07/Jun/2020:03:26:19 -0700] "GET /view/ae6e24f292b2b6239d83de8c2b0844a5 HTTP/1.1" 200 9487 "-" "Mozilla/5.0 (Linux; Android 6.0.1; Nexus 5X Build/MMB29P) AppleWebKit/537.36 (KHTML, like Gecko) Chrome/80.0.3987.92 Mobile Safari/537.36 (compatible; Googlebot/2.1; +http://www.google.com/bot.html)" 
46.229.168.135 - - [07/Jun/2020:03:26:47 -0700] "GET /tag/Sourdough?offset=42 HTTP/1.1" 200 11648 "-" "Mozilla/5.0 (compatible; SemrushBot/6~bl; +http://www.semrush.com/bot.html)" 
46.229.168.144 - - [07/Jun/2020:03:28:03 -0700] "GET /content/bookmarkedpages/?offset=120 HTTP/1.1" 200 10899 "-" "Mozilla/5.0 (compatible; SemrushBot/6~bl; +http://www.semrush.com/bot.html)" 
114.119.160.143 - - [07/Jun/2020:03:28:04 -0700] "GET /tag/+%23IndieWeb?offset=0 HTTP/1.1" 200 14688 "-" "Mozilla/5.0 (Linux; Android 7.0;) AppleWebKit/537.36 (KHTML, like Gecko) Mobile Safari/537.36 (compatible; PetalBot;+https://aspiegel.com/petalbot)" 
17.58.102.79 - - [07/Jun/2020:03:31:06 -0700] "GET /2020/that-would-be-a-newsletter-right HTTP/1.1" 200 9250 "-" "Mozilla/5.0 (Macintosh; Intel Mac OS X 10_10_1) AppleWebKit/600.2.5 (KHTML, like Gecko) Version/8.0.2 Safari/600.2.5 (Applebot/0.1; +http://www.apple.com/go/applebot)" 
46.229.168.139 - - [07/Jun/2020:03:31:19 -0700] "GET /tag/+%23realbread HTTP/1.1" 200 9222 "-" "Mozilla/5.0 (compatible; SemrushBot/6~bl; +http://www.semrush.com/bot.html)" 
46.229.168.144 - - [07/Jun/2020:03:31:50 -0700] "GET /2018/our-daily-bread-09---red-fife-u7aj30lik2e-for-more HTTP/1.1" 200 11881 "-" "Mozilla/5.0 (compatible; SemrushBot/6~bl; +http://www.semrush.com/bot.html)" 
45.79.26.51 - - [07/Jun/2020:03:32:22 -0700] "GET /content/statusupdates/posts/photos/checkins/bookmarkedpages?_t=rss HTTP/1.1" 200 7453 "-" "Micro.blog/1.0" 
46.229.168.150 - - [07/Jun/2020:03:32:48 -0700] "GET /?offset=11&q=%23photo HTTP/1.1" 200 13810 "-" "Mozilla/5.0 (compatible; SemrushBot/6~bl; +http://www.semrush.com/bot.html)" 
114.119.162.106 - - [07/Jun/2020:03:33:40 -0700] "GET /tag/known HTTP/1.1" 200 16538 "-" "Mozilla/5.0 (Linux; Android 7.0;) AppleWebKit/537.36 (KHTML, like Gecko) Mobile Safari/537.36 (compatible; PetalBot;+https://aspiegel.com/petalbot)" 
64.111.100.215 - - [07/Jun/2020:03:35:12 -0700] "GET /content/all?_t=rss HTTP/1.1" 200 13519 "-" "Mozilla/5.0 (X11; U; Linux i686; fr; rv:1.9.1.1) Gecko/20090715 Firefox/3.5.1" 
46.229.168.145 - - [07/Jun/2020:03:35:18 -0700] "GET /content/statusupdates/?q=%23%2B%23Http%3A%2F%2Fwww.marigoldroma.com%2F HTTP/1.1" 200 8612 "-" "Mozilla/5.0 (compatible; SemrushBot/6~bl; +http://www.semrush.com/bot.html)" 
66.249.66.48 - - [07/Jun/2020:03:35:46 -0700] "GET /view/e2511a877c3f25529ee2073f97534ed7 HTTP/1.1" 200 9578 "-" "Mozilla/5.0 (Linux; Android 6.0.1; Nexus 5X Build/MMB29P) AppleWebKit/537.36 (KHTML, like Gecko) Chrome/80.0.3987.92 Mobile Safari/537.36 (compatible; Googlebot/2.1; +http://www.google.com/bot.html)" 
46.229.168.152 - - [07/Jun/2020:03:36:35 -0700] "GET /2018/what-a-ghastly-afternoon-power-cut-15-minutes-before-i HTTP/1.1" 200 9648 "-" "Mozilla/5.0 (compatible; SemrushBot/6~bl; +http://www.semrush.com/bot.html)" 
46.229.168.143 - - [07/Jun/2020:03:36:37 -0700] "GET /content/locations/?q=%23lemonmarmalade HTTP/1.1" 200 8513 "-" "Mozilla/5.0 (compatible; SemrushBot/6~bl; +http://www.semrush.com/bot.html)" 
96.126.125.129 - - [07/Jun/2020:03:37:21 -0700] "GET /content/statusupdates/posts/photos/checkins/bookmarkedpages?_t=rss HTTP/1.1" 200 7458 "-" "Micro.blog/1.0" 
185.230.242.3 - - [07/Jun/2020:03:38:48 -0700] "GET /2018/the-difference-between-good-and-bad-tags-zettelkasten-method HTTP/1.1" 200 30618 "-" "7Siters/1.08 (+https://7ooo.ru/siters/)" 
46.229.168.144 - - [07/Jun/2020:03:38:58 -0700] "GET /content/all/?offset=107&q=%23%2B%23%23indieweb HTTP/1.1" 200 12101 "-" "Mozilla/5.0 (compatible; SemrushBot/6~bl; +http://www.semrush.com/bot.html)" 
185.230.242.3 - - [07/Jun/2020:03:39:11 -0700] "GET / HTTP/1.1" 200 55401 "-" "7Siters/1.08 (+https://7ooo.ru/siters/)" 
114.119.165.105 - - [07/Jun/2020:03:39:17 -0700] "GET /profile/jeremy?offset=210 HTTP/1.1" 200 19458 "-" "Mozilla/5.0 (Linux; Android 7.0;) AppleWebKit/537.36 (KHTML, like Gecko) Mobile Safari/537.36 (compatible; PetalBot;+https://aspiegel.com/petalbot)" 
185.230.242.3 - - [07/Jun/2020:03:39:27 -0700] "GET /2018/the-difference-between-good-and-bad-tags-zettelkasten-method HTTP/1.1" 200 30618 "-" "7Siters/1.08 (+https://7ooo.ru/siters/)" 
46.229.168.154 - - [07/Jun/2020:03:39:34 -0700] "GET /?offset=44&q=%23WithKnown HTTP/1.1" 200 12414 "-" "Mozilla/5.0 (compatible; SemrushBot/6~bl; +http://www.semrush.com/bot.html)" 
159.65.96.54 - - [07/Jun/2020:03:40:04 -0700] "GET /?_t=rss HTTP/1.1" 200 7058 "-" "Feedbin feed-id:1536727 - 1 subscribers" 
46.229.168.145 - - [07/Jun/2020:03:41:08 -0700] "GET /2018/continuing-my-daily-podcast-series-our-daily-bread-03 HTTP/1.1" 200 11407 "-" "Mozilla/5.0 (compatible; SemrushBot/6~bl; +http://www.semrush.com/bot.html)" 
