185.65.135.233 - - [18/Jun/2020:03:39:02 -0700] "GET / HTTP/1.1" 200 15534 "-" "Mozilla/5.0 (Macintosh; Intel Mac OS X 10.13; rv:77.0) Gecko/20100101 Firefox/77.0" 
185.65.135.233 - - [18/Jun/2020:03:39:04 -0700] "GET /vendor/npm-asset/jquery/dist/jquery.min.js HTTP/1.1" 200 31956 "https://stream.jeremycherfas.net/" "Mozilla/5.0 (Macintosh; Intel Mac OS X 10.13; rv:77.0) Gecko/20100101 Firefox/77.0" 
185.65.135.233 - - [18/Jun/2020:03:39:05 -0700] "GET /service-worker.min.js HTTP/1.1" 200 1305 "-" "Mozilla/5.0 (Macintosh; Intel Mac OS X 10.13; rv:77.0) Gecko/20100101 Firefox/77.0" 
185.65.135.233 - - [18/Jun/2020:03:39:05 -0700] "GET /service/security/csrftoken/?url=https%3A%2F%2Fstream.jeremycherfas.net%2Fservice%2Fweb%2Funfurl%2F HTTP/1.1" 200 1420 "https://stream.jeremycherfas.net/" "Mozilla/5.0 (Macintosh; Intel Mac OS X 10.13; rv:77.0) Gecko/20100101 Firefox/77.0" 
185.65.135.233 - - [18/Jun/2020:03:39:05 -0700] "GET /service/security/csrftoken/?url=https%3A%2F%2Fstream.jeremycherfas.net%2Fservice%2Fweb%2Funfurl%2F HTTP/1.1" 200 1420 "https://stream.jeremycherfas.net/" "Mozilla/5.0 (Macintosh; Intel Mac OS X 10.13; rv:77.0) Gecko/20100101 Firefox/77.0" 
185.65.135.233 - - [18/Jun/2020:03:39:05 -0700] "GET /service/web/unfurl/?url=https%3A%2F%2Fwww.gyford.com%2Fphil%2Fwriting%2F2020%2F06%2F11%2Fweblogs-2000%2F&__bTk=a2502139063d956a64cee1403479abafc7ad62e9f6fe05c1c933b2f52b6754f7&__bTs=1592476745 HTTP/1.1" 200 19627 "https://stream.jeremycherfas.net/" "Mozilla/5.0 (Macintosh; Intel Mac OS X 10.13; rv:77.0) Gecko/20100101 Firefox/77.0" 
185.65.135.233 - - [18/Jun/2020:03:39:05 -0700] "GET /service/web/imageproxy/aHR0cHM6Ly9oaW5lcy1wcm9kdWN0aW9uLnMzLmV1LXdlc3QtMi5hbWF6b25hd3MuY29tL3BoaWwvd2VibG9ncy8yMDIwLzA2LzExL2Jsb2dzXzEucG5n HTTP/1.1" 200 137293 "https://stream.jeremycherfas.net/" "Mozilla/5.0 (Macintosh; Intel Mac OS X 10.13; rv:77.0) Gecko/20100101 Firefox/77.0" 
185.65.135.233 - - [18/Jun/2020:03:39:05 -0700] "GET /service/web/unfurl/?url=https%3A%2F%2Fprtksxna.com%2Fnever-nothing-to-see%2F&__bTk=a2502139063d956a64cee1403479abafc7ad62e9f6fe05c1c933b2f52b6754f7&__bTs=1592476745 HTTP/1.1" 200 26471 "https://stream.jeremycherfas.net/" "Mozilla/5.0 (Macintosh; Intel Mac OS X 10.13; rv:77.0) Gecko/20100101 Firefox/77.0" 
185.65.135.233 - - [18/Jun/2020:03:39:05 -0700] "GET /service/security/csrftoken/?url=https%3A%2F%2Fstream.jeremycherfas.net%2Fservice%2Fweb%2Funfurl%2F HTTP/1.1" 200 1420 "https://stream.jeremycherfas.net/" "Mozilla/5.0 (Macintosh; Intel Mac OS X 10.13; rv:77.0) Gecko/20100101 Firefox/77.0" 
185.65.135.233 - - [18/Jun/2020:03:39:06 -0700] "GET /service/web/unfurl/?url=https%3A%2F%2Fboffosocko.com%2F2018%2F05%2F29%2Findieweb-ifying-coloradoboulevard-net%2F&__bTk=33e5ffd4e4ed8cc03debe1b6b86c2e4f1cc607f8374a888796c54798e193ea09&__bTs=1592476746 HTTP/1.1" 200 67034 "https://stream.jeremycherfas.net/" "Mozilla/5.0 (Macintosh; Intel Mac OS X 10.13; rv:77.0) Gecko/20100101 Firefox/77.0" 
185.65.135.233 - - [18/Jun/2020:03:39:06 -0700] "GET /service/web/imageproxy/aHR0cHM6Ly9pMS53cC5jb20vcHJ0a3N4bmEuY29tL3dwLWNvbnRlbnQvdXBsb2Fkcy8yMDIwLzA2L0NsaXBib2FyZF8yMDIwLTA1LTIyLTIzLTE4LTQ2LnBuZz9maXQ9NDQwJTJDNTAwJnNzbD0x HTTP/1.1" 200 39027 "https://stream.jeremycherfas.net/" "Mozilla/5.0 (Macintosh; Intel Mac OS X 10.13; rv:77.0) Gecko/20100101 Firefox/77.0" 
185.65.135.233 - - [18/Jun/2020:03:39:06 -0700] "GET /service/web/imageproxy/aHR0cHM6Ly9ib2Zmb3NvY2tvLmNvbS93cC1jb250ZW50L3VwbG9hZHMvMjAxNC8wMy9ub3JiZXJ0LXdlaW5lci10ZWFjaGluZy5qcGc, HTTP/1.1" 200 578440 "https://stream.jeremycherfas.net/" "Mozilla/5.0 (Macintosh; Intel Mac OS X 10.13; rv:77.0) Gecko/20100101 Firefox/77.0" 
185.65.135.233 - - [18/Jun/2020:03:39:06 -0700] "GET /service/security/csrftoken/?url=https%3A%2F%2Fstream.jeremycherfas.net%2Fservice%2Fweb%2Funfurl%2F HTTP/1.1" 200 1420 "https://stream.jeremycherfas.net/" "Mozilla/5.0 (Macintosh; Intel Mac OS X 10.13; rv:77.0) Gecko/20100101 Firefox/77.0" 
185.65.135.233 - - [18/Jun/2020:03:39:06 -0700] "GET /service/security/csrftoken/?url=https%3A%2F%2Fstream.jeremycherfas.net%2Fservice%2Fweb%2Funfurl%2F HTTP/1.1" 200 1420 "https://stream.jeremycherfas.net/" "Mozilla/5.0 (Macintosh; Intel Mac OS X 10.13; rv:77.0) Gecko/20100101 Firefox/77.0" 
185.65.135.233 - - [18/Jun/2020:03:39:07 -0700] "GET /service/web/unfurl/?url=https%3A%2F%2Fwww.newyorker.com%2Fculture%2Fannals-of-gastronomy%2Fhow-apples-go-bad&__bTk=e2e878498123e75df0fce544d8d468ea46104acfca2ef38165828c17f2d34ed0&__bTs=1592476747 HTTP/1.1" 200 16129 "https://stream.jeremycherfas.net/" "Mozilla/5.0 (Macintosh; Intel Mac OS X 10.13; rv:77.0) Gecko/20100101 Firefox/77.0" 
185.65.135.233 - - [18/Jun/2020:03:39:07 -0700] "GET /service/web/unfurl/?url=https%3A%2F%2Fsuperorganizers.substack.com%2Fp%2Fthe-man-who-reads-1000-articles-a&__bTk=e2e878498123e75df0fce544d8d468ea46104acfca2ef38165828c17f2d34ed0&__bTs=1592476747 HTTP/1.1" 200 11459 "https://stream.jeremycherfas.net/" "Mozilla/5.0 (Macintosh; Intel Mac OS X 10.13; rv:77.0) Gecko/20100101 Firefox/77.0" 
185.65.135.233 - - [18/Jun/2020:03:39:07 -0700] "GET /service/web/imageproxy/aHR0cHM6Ly9tZWRpYS5uZXd5b3JrZXIuY29tL3Bob3Rvcy81ZWRlYTY4Njc4ZjE2YzUzZjA1YjcxMDkvMTY6OS93XzEyODAsY19saW1pdC9Sb3NuZXItUm90dGVuQXBwbGVzLmpwZw,, HTTP/1.1" 200 201892 "https://stream.jeremycherfas.net/" "Mozilla/5.0 (Macintosh; Intel Mac OS X 10.13; rv:77.0) Gecko/20100101 Firefox/77.0" 
185.65.135.233 - - [18/Jun/2020:03:39:07 -0700] "GET /service/web/imageproxy/aHR0cHM6Ly9jZG4uc3Vic3RhY2suY29tL2ltYWdlL2ZldGNoL2hfNjAwLGNfbGltaXQsZl9hdXRvLHFfYXV0bzpnb29kLGZsX3Byb2dyZXNzaXZlOnN0ZWVwL2h0dHBzJTNBJTJGJTJGYnVja2V0ZWVyLWUwNWJiYzg0LWJhYTMtNDM3ZS05NTE4LWFkYjMyYmU3Nzk4NC5zMy5hbWF6b25hd3MuY29tJTJGcHVibGljJTJGaW1hZ2VzJTJGOWQyYWJiYzItY2YyYy00YmU1LTlmODUtNmZmZDM3NWY4NmEyXzExNDB4MTE0Mi5wbmc, HTTP/1.1" 200 57597 "https://stream.jeremycherfas.net/" "Mozilla/5.0 (Macintosh; Intel Mac OS X 10.13; rv:77.0) Gecko/20100101 Firefox/77.0" 
185.65.135.233 - - [18/Jun/2020:03:39:08 -0700] "GET /status/edit HTTP/1.1" 200 8548 "https://stream.jeremycherfas.net/" "Mozilla/5.0 (Macintosh; Intel Mac OS X 10.13; rv:77.0) Gecko/20100101 Firefox/77.0" 
185.65.135.233 - - [18/Jun/2020:03:39:08 -0700] "GET /IdnoPlugins/Status/external/brevity-js/brevity.js HTTP/1.1" 200 6594 "https://stream.jeremycherfas.net/" "Mozilla/5.0 (Macintosh; Intel Mac OS X 10.13; rv:77.0) Gecko/20100101 Firefox/77.0" 
46.229.168.150 - - [18/Jun/2020:03:39:11 -0700] "GET /tag/bread?offset=50 HTTP/1.1" 200 12342 "-" "Mozilla/5.0 (compatible; SemrushBot/6~bl; +http://www.semrush.com/bot.html)" 
185.65.135.233 - - [18/Jun/2020:03:39:15 -0700] "GET /service/security/csrftoken/?url=https%3A%2F%2Fstream.jeremycherfas.net%2Fservice%2Fsystem%2Flog%2F HTTP/1.1" 200 1420 "https://stream.jeremycherfas.net/" "Mozilla/5.0 (Macintosh; Intel Mac OS X 10.13; rv:77.0) Gecko/20100101 Firefox/77.0" 
185.65.135.233 - - [18/Jun/2020:03:39:15 -0700] "POST /service/system/log/ HTTP/1.1" 200 1041 "https://stream.jeremycherfas.net/" "Mozilla/5.0 (Macintosh; Intel Mac OS X 10.13; rv:77.0) Gecko/20100101 Firefox/77.0" 
46.229.168.148 - - [18/Jun/2020:03:40:17 -0700] "GET /2019/the-stranding-of-the-mv-shokalskiy-idle-words HTTP/1.1" 200 9310 "-" "Mozilla/5.0 (compatible; SemrushBot/6~bl; +http://www.semrush.com/bot.html)" 
46.229.168.130 - - [18/Jun/2020:03:40:39 -0700] "GET /content/posts/?q=%23%23testtag HTTP/1.1" 200 8308 "-" "Mozilla/5.0 (compatible; SemrushBot/6~bl; +http://www.semrush.com/bot.html)" 
46.229.168.151 - - [18/Jun/2020:03:40:52 -0700] "GET /content/all/?offset=10&q=%23leaven HTTP/1.1" 200 8758 "-" "Mozilla/5.0 (compatible; SemrushBot/6~bl; +http://www.semrush.com/bot.html)" 
207.241.226.219 - - [18/Jun/2020:03:40:58 -0700] "GET /2020/interesting-tip-if-your-aeropress-is-slipping HTTP/1.1" 200 9447 "-" "Known https://withknown.com" 
46.229.168.151 - - [18/Jun/2020:03:41:00 -0700] "GET /content/posts?offset=29 HTTP/1.1" 200 13290 "-" "Mozilla/5.0 (compatible; SemrushBot/6~bl; +http://www.semrush.com/bot.html)" 
198.58.103.115 - - [18/Jun/2020:03:41:06 -0700] "GET /content/all/?_t=rss HTTP/1.1" 200 7459 "-" "Superfeedr bot/2.0 http://superfeedr.com - Make your feeds realtime: get in touch - feed-id:1122325712" 
198.58.103.115 - - [18/Jun/2020:03:41:06 -0700] "GET /content/all/?_t=rss HTTP/1.1" 200 7459 "-" "Superfeedr bot/2.0 http://superfeedr.com - Make your feeds realtime: get in touch - feed-id:1122325712" 
198.58.103.115 - - [18/Jun/2020:03:41:06 -0700] "GET / HTTP/1.1" 200 12057 "-" "Superfeedr bot/2.0 http://superfeedr.com - Make your feeds realtime: get in touch - feed-id:1396476126" 
198.58.103.115 - - [18/Jun/2020:03:41:08 -0700] "GET / HTTP/1.1" 200 12057 "-" "Superfeedr bot/2.0 http://superfeedr.com - Make your feeds realtime: get in touch - feed-id:1396476126" 
198.58.103.115 - - [18/Jun/2020:03:41:07 -0700] "GET /?_t=rss HTTP/1.1" 200 7442 "-" "Superfeedr bot/2.0 http://superfeedr.com - Make your feeds realtime: get in touch - feed-id:1112274260" 
198.58.103.115 - - [18/Jun/2020:03:41:08 -0700] "GET / HTTP/1.1" 200 12057 "-" "Superfeedr bot/2.0 http://superfeedr.com - Make your feeds realtime: get in touch - feed-id:1396476126" 
198.58.103.115 - - [18/Jun/2020:03:41:08 -0700] "GET /content/photos?_t=rss HTTP/1.1" 200 7450 "-" "Superfeedr bot/2.0 http://superfeedr.com - Make your feeds realtime: get in touch - feed-id:1324303946" 
198.58.103.115 - - [18/Jun/2020:03:41:09 -0700] "GET /content/statusupdates/posts/bookmarkedpages?_t=rss HTTP/1.1" 200 7456 "-" "Superfeedr bot/2.0 http://superfeedr.com - Make your feeds realtime: get in touch - feed-id:1247440030" 
198.58.103.115 - - [18/Jun/2020:03:41:08 -0700] "GET /content/statusupdates/posts/photos/checkins/bookmarkedpages?_t=rss HTTP/1.1" 200 7481 "-" "Superfeedr bot/2.0 http://superfeedr.com - Make your feeds realtime: get in touch - feed-id:1395929608" 
134.209.51.142 - - [18/Jun/2020:03:41:10 -0700] "GET /2020/interesting-tip-if-your-aeropress-is-slipping HTTP/1.1" 200 9449 "-" "Ruby" 
198.58.103.115 - - [18/Jun/2020:03:41:09 -0700] "GET /?offset=10&_t=rss HTTP/1.1" 200 7019 "-" "Superfeedr bot/2.0 http://superfeedr.com - Make your feeds realtime: get in touch - feed-id:1214543370" 
198.58.103.115 - - [18/Jun/2020:03:41:08 -0700] "GET /content/statusupdates/posts/photos/checkins/bookmarkedpages?_t=rss HTTP/1.1" 200 7481 "-" "Superfeedr bot/2.0 http://superfeedr.com - Make your feeds realtime: get in touch - feed-id:1395929608" 
198.58.103.115 - - [18/Jun/2020:03:41:10 -0700] "GET /content/photos?_t=rss HTTP/1.1" 200 7450 "-" "Superfeedr bot/2.0 http://superfeedr.com - Make your feeds realtime: get in touch - feed-id:1324303946" 
134.209.51.142 - - [18/Jun/2020:03:41:11 -0700] "GET /file/ef801e05730eba56004c5b712ad84731/thumb.jpg HTTP/1.1" 200 25848 "-" "http.rb/4.0.0" 
198.58.103.115 - - [18/Jun/2020:03:41:08 -0700] "GET /content/all?_t=rss HTTP/1.1" 200 7457 "-" "Superfeedr bot/2.0 http://superfeedr.com - Make your feeds realtime: get in touch - feed-id:1319424208" 
198.58.103.115 - - [18/Jun/2020:03:41:10 -0700] "GET /content/statusupdates/posts/bookmarkedpages?_t=rss HTTP/1.1" 200 7456 "-" "Superfeedr bot/2.0 http://superfeedr.com - Make your feeds realtime: get in touch - feed-id:1247440030" 
198.58.103.115 - - [18/Jun/2020:03:41:10 -0700] "GET /content/statusupdates/posts/photos/checkins/bookmarkedpages?_t=rss HTTP/1.1" 200 7481 "-" "Superfeedr bot/2.0 http://superfeedr.com - Make your feeds realtime: get in touch - feed-id:1395929608" 
198.58.103.115 - - [18/Jun/2020:03:41:10 -0700] "GET /content/all?_t=rss HTTP/1.1" 200 7457 "-" "Superfeedr bot/2.0 http://superfeedr.com - Make your feeds realtime: get in touch - feed-id:1319424208" 
198.58.103.115 - - [18/Jun/2020:03:41:10 -0700] "GET /?offset=10&_t=rss HTTP/1.1" 200 7019 "-" "Superfeedr bot/2.0 http://superfeedr.com - Make your feeds realtime: get in touch - feed-id:1214543370" 
198.58.103.115 - - [18/Jun/2020:03:41:11 -0700] "GET / HTTP/1.1" 200 12057 "-" "Superfeedr bot/2.0 http://superfeedr.com - Make your feeds realtime: get in touch - feed-id:1396476126" 
198.58.103.115 - - [18/Jun/2020:03:41:11 -0700] "GET / HTTP/1.1" 200 12057 "-" "Superfeedr bot/2.0 http://superfeedr.com - Make your feeds realtime: get in touch - feed-id:1396476126" 
198.58.103.115 - - [18/Jun/2020:03:41:11 -0700] "GET /content/all?_t=rss HTTP/1.1" 200 7457 "-" "Superfeedr bot/2.0 http://superfeedr.com - Make your feeds realtime: get in touch - feed-id:1319424208" 
198.58.103.115 - - [18/Jun/2020:03:41:11 -0700] "GET / HTTP/1.1" 200 12057 "-" "Superfeedr bot/2.0 http://superfeedr.com - Make your feeds realtime: get in touch - feed-id:1396476126" 
198.58.103.115 - - [18/Jun/2020:03:41:12 -0700] "GET /content/all?_t=rss HTTP/1.1" 200 7457 "-" "Superfeedr bot/2.0 http://superfeedr.com - Make your feeds realtime: get in touch - feed-id:1319424208" 
198.58.103.115 - - [18/Jun/2020:03:41:12 -0700] "GET / HTTP/1.1" 200 12057 "-" "Superfeedr bot/2.0 http://superfeedr.com - Make your feeds realtime: get in touch - feed-id:1396476126" 
198.58.103.115 - - [18/Jun/2020:03:41:13 -0700] "GET /content/photos?_t=rss HTTP/1.1" 200 7450 "-" "Superfeedr bot/2.0 http://superfeedr.com - Make your feeds realtime: get in touch - feed-id:1324303946" 
198.58.103.115 - - [18/Jun/2020:03:41:12 -0700] "GET / HTTP/1.1" 200 12057 "-" "Superfeedr bot/2.0 http://superfeedr.com - Make your feeds realtime: get in touch - feed-id:1396476126" 
198.58.103.115 - - [18/Jun/2020:03:41:12 -0700] "GET /?_t=rss HTTP/1.1" 200 7442 "-" "Superfeedr bot/2.0 http://superfeedr.com - Make your feeds realtime: get in touch - feed-id:1112274260" 
198.58.103.115 - - [18/Jun/2020:03:41:13 -0700] "GET /content/statusupdates/posts/bookmarkedpages?_t=rss HTTP/1.1" 200 7456 "-" "Superfeedr bot/2.0 http://superfeedr.com - Make your feeds realtime: get in touch - feed-id:1247440030" 
66.249.66.44 - - [18/Jun/2020:03:41:13 -0700] "GET /?_t=rss HTTP/1.1" 200 7986 "-" "Mozilla/5.0 (compatible; Googlebot/2.1; +http://www.google.com/bot.html)" 
168.235.76.45 - - [18/Jun/2020:03:41:14 -0700] "GET /2020/interesting-tip-if-your-aeropress-is-slipping HTTP/1.1" 200 28926 "-" "Faraday v0.15.2" 
198.58.103.115 - - [18/Jun/2020:03:41:13 -0700] "GET /content/all?_t=rss HTTP/1.1" 200 7457 "-" "Superfeedr bot/2.0 http://superfeedr.com - Make your feeds realtime: get in touch - feed-id:1319424208" 
198.58.103.115 - - [18/Jun/2020:03:41:14 -0700] "GET /?offset=10&_t=rss HTTP/1.1" 200 7019 "-" "Superfeedr bot/2.0 http://superfeedr.com - Make your feeds realtime: get in touch - feed-id:1214543370" 
198.58.103.115 - - [18/Jun/2020:03:41:14 -0700] "GET /?_t=rss HTTP/1.1" 200 7442 "-" "Superfeedr bot/2.0 http://superfeedr.com - Make your feeds realtime: get in touch - feed-id:1112274260" 
198.58.103.115 - - [18/Jun/2020:03:41:15 -0700] "GET /?_t=rss HTTP/1.1" 200 7442 "-" "Superfeedr bot/2.0 http://superfeedr.com - Make your feeds realtime: get in touch - feed-id:1112274260" 
46.229.168.145 - - [18/Jun/2020:03:41:16 -0700] "GET /content/audio/?q=%23%2B%23podcasting HTTP/1.1" 200 8320 "-" "Mozilla/5.0 (compatible; SemrushBot/6~bl; +http://www.semrush.com/bot.html)" 
46.229.168.149 - - [18/Jun/2020:03:41:18 -0700] "GET /content/posts/?offset=23 HTTP/1.1" 200 13395 "-" "Mozilla/5.0 (compatible; SemrushBot/6~bl; +http://www.semrush.com/bot.html)" 
46.229.168.143 - - [18/Jun/2020:03:41:27 -0700] "GET /tag/indieweb?offset=91 HTTP/1.1" 200 15512 "-" "Mozilla/5.0 (compatible; SemrushBot/6~bl; +http://www.semrush.com/bot.html)" 
185.65.135.233 - - [18/Jun/2020:03:40:56 -0700] "POST /status/edit/ HTTP/1.1" 302 1204 "https://stream.jeremycherfas.net/" "Mozilla/5.0 (Macintosh; Intel Mac OS X 10.13; rv:77.0) Gecko/20100101 Firefox/77.0" 
185.65.135.233 - - [18/Jun/2020:03:41:28 -0700] "GET /content/all/ HTTP/1.1" 200 11920 "https://stream.jeremycherfas.net/" "Mozilla/5.0 (Macintosh; Intel Mac OS X 10.13; rv:77.0) Gecko/20100101 Firefox/77.0" 
185.65.135.233 - - [18/Jun/2020:03:41:32 -0700] "GET /service-worker.min.js HTTP/1.1" 200 1305 "-" "Mozilla/5.0 (Macintosh; Intel Mac OS X 10.13; rv:77.0) Gecko/20100101 Firefox/77.0" 
185.65.135.233 - - [18/Jun/2020:03:41:32 -0700] "GET /service/security/csrftoken/?url=https%3A%2F%2Fstream.jeremycherfas.net%2Fservice%2Fweb%2Funfurl%2F HTTP/1.1" 200 1420 "https://stream.jeremycherfas.net/content/all/" "Mozilla/5.0 (Macintosh; Intel Mac OS X 10.13; rv:77.0) Gecko/20100101 Firefox/77.0" 
185.65.135.233 - - [18/Jun/2020:03:41:32 -0700] "GET /service/web/unfurl/?url=https%3A%2F%2Fwww.gyford.com%2Fphil%2Fwriting%2F2020%2F06%2F11%2Fweblogs-2000%2F&__bTk=22b8297dc4156aebab50fec125e03728d689db7c72cb2909e2ce8ce486d03ec7&__bTs=1592476892 HTTP/1.1" 200 19627 "https://stream.jeremycherfas.net/content/all/" "Mozilla/5.0 (Macintosh; Intel Mac OS X 10.13; rv:77.0) Gecko/20100101 Firefox/77.0" 
185.65.135.233 - - [18/Jun/2020:03:41:32 -0700] "GET /service/security/csrftoken/?url=https%3A%2F%2Fstream.jeremycherfas.net%2Fservice%2Fweb%2Funfurl%2F HTTP/1.1" 200 1420 "https://stream.jeremycherfas.net/content/all/" "Mozilla/5.0 (Macintosh; Intel Mac OS X 10.13; rv:77.0) Gecko/20100101 Firefox/77.0" 
185.65.135.233 - - [18/Jun/2020:03:41:33 -0700] "GET /service/web/unfurl/?url=https%3A%2F%2Fprtksxna.com%2Fnever-nothing-to-see%2F&__bTk=22b8297dc4156aebab50fec125e03728d689db7c72cb2909e2ce8ce486d03ec7&__bTs=1592476892 HTTP/1.1" 200 26471 "https://stream.jeremycherfas.net/content/all/" "Mozilla/5.0 (Macintosh; Intel Mac OS X 10.13; rv:77.0) Gecko/20100101 Firefox/77.0" 
185.65.135.233 - - [18/Jun/2020:03:41:33 -0700] "GET /service/security/csrftoken/?url=https%3A%2F%2Fstream.jeremycherfas.net%2Fservice%2Fweb%2Funfurl%2F HTTP/1.1" 200 1420 "https://stream.jeremycherfas.net/content/all/" "Mozilla/5.0 (Macintosh; Intel Mac OS X 10.13; rv:77.0) Gecko/20100101 Firefox/77.0" 
185.65.135.233 - - [18/Jun/2020:03:41:33 -0700] "GET /service/web/unfurl/?url=https%3A%2F%2Fboffosocko.com%2F2018%2F05%2F29%2Findieweb-ifying-coloradoboulevard-net%2F&__bTk=4733fcb1e2a213d6248270f81e223b92db642f44ab6d88e4854b4922a0b69157&__bTs=1592476893 HTTP/1.1" 200 67034 "https://stream.jeremycherfas.net/content/all/" "Mozilla/5.0 (Macintosh; Intel Mac OS X 10.13; rv:77.0) Gecko/20100101 Firefox/77.0" 
185.65.135.233 - - [18/Jun/2020:03:41:33 -0700] "GET /service/security/csrftoken/?url=https%3A%2F%2Fstream.jeremycherfas.net%2Fservice%2Fweb%2Funfurl%2F HTTP/1.1" 200 1420 "https://stream.jeremycherfas.net/content/all/" "Mozilla/5.0 (Macintosh; Intel Mac OS X 10.13; rv:77.0) Gecko/20100101 Firefox/77.0" 
185.65.135.233 - - [18/Jun/2020:03:41:33 -0700] "GET /service/web/unfurl/?url=https%3A%2F%2Fsuperorganizers.substack.com%2Fp%2Fthe-man-who-reads-1000-articles-a&__bTk=4733fcb1e2a213d6248270f81e223b92db642f44ab6d88e4854b4922a0b69157&__bTs=1592476893 HTTP/1.1" 200 11459 "https://stream.jeremycherfas.net/content/all/" "Mozilla/5.0 (Macintosh; Intel Mac OS X 10.13; rv:77.0) Gecko/20100101 Firefox/77.0" 
185.65.135.233 - - [18/Jun/2020:03:41:34 -0700] "GET /service/security/csrftoken/?url=https%3A%2F%2Fstream.jeremycherfas.net%2Fservice%2Fweb%2Funfurl%2F HTTP/1.1" 200 1420 "https://stream.jeremycherfas.net/content/all/" "Mozilla/5.0 (Macintosh; Intel Mac OS X 10.13; rv:77.0) Gecko/20100101 Firefox/77.0" 
185.65.135.233 - - [18/Jun/2020:03:41:34 -0700] "GET /service/web/unfurl/?url=https%3A%2F%2Fwww.newyorker.com%2Fculture%2Fannals-of-gastronomy%2Fhow-apples-go-bad&__bTk=34909be6bf24ca297580f4a5434b842bde4423cafde47cd43c4eae46087f556d&__bTs=1592476894 HTTP/1.1" 200 16129 "https://stream.jeremycherfas.net/content/all/" "Mozilla/5.0 (Macintosh; Intel Mac OS X 10.13; rv:77.0) Gecko/20100101 Firefox/77.0" 
46.229.168.141 - - [18/Jun/2020:03:41:44 -0700] "GET /2019/using-omnibear-to-reply-to-this-post HTTP/1.1" 200 9375 "-" "Mozilla/5.0 (compatible; SemrushBot/6~bl; +http://www.semrush.com/bot.html)" 
185.65.135.233 - - [18/Jun/2020:03:42:12 -0700] "GET /file/ef801e05730eba56004c5b712ad84731/thumb.jpg HTTP/1.1" 200 26439 "-" "Mozilla/5.0 (Macintosh; Intel Mac OS X 10.13; rv:77.0) Gecko/20100101 Firefox/77.0" 
185.65.135.233 - - [18/Jun/2020:03:42:12 -0700] "GET /favicon.ico HTTP/1.1" 200 397 "-" "Mozilla/5.0 (Macintosh; Intel Mac OS X 10.13; rv:77.0) Gecko/20100101 Firefox/77.0" 
66.249.66.48 - - [18/Jun/2020:03:42:13 -0700] "GET /2020/interesting-tip-if-your-aeropress-is-slipping HTTP/1.1" 200 10026 "-" "Mozilla/5.0 (compatible; Googlebot/2.1; +http://www.google.com/bot.html)" 
64.111.100.215 - - [18/Jun/2020:03:43:24 -0700] "GET /content/all?_t=rss HTTP/1.1" 200 14795 "-" "Mozilla/5.0 (X11; U; Linux i686; fr; rv:1.9.1.1) Gecko/20090715 Firefox/3.5.1" 
66.249.66.46 - - [18/Jun/2020:03:43:37 -0700] "GET /2018/2018-05-17-02 HTTP/1.1" 200 10011 "-" "Mozilla/5.0 (Linux; Android 6.0.1; Nexus 5X Build/MMB29P) AppleWebKit/537.36 (KHTML, like Gecko) Chrome/80.0.3987.92 Mobile Safari/537.36 (compatible; Googlebot/2.1; +http://www.google.com/bot.html)" 
46.229.168.147 - - [18/Jun/2020:03:43:49 -0700] "GET /2019/because-it-is-an-inescapable-law-of HTTP/1.1" 200 9887 "-" "Mozilla/5.0 (compatible; SemrushBot/6~bl; +http://www.semrush.com/bot.html)" 
97.107.128.233 - - [18/Jun/2020:03:45:16 -0700] "GET /2020/interesting-tip-if-your-aeropress-is-slipping HTTP/1.1" 200 29462 "-" "libwww-perl/6.15" 
46.229.168.151 - - [18/Jun/2020:03:46:17 -0700] "GET /content/bookmarkedpages?offset=160 HTTP/1.1" 200 10480 "-" "Mozilla/5.0 (compatible; SemrushBot/6~bl; +http://www.semrush.com/bot.html)" 
46.229.168.134 - - [18/Jun/2020:03:46:31 -0700] "GET /2019/ive-never-before-grown-ancho-peppers-so-this-is-quite HTTP/1.1" 200 13422 "-" "Mozilla/5.0 (compatible; SemrushBot/6~bl; +http://www.semrush.com/bot.html)" 
145.239.15.25 - - [18/Jun/2020:03:46:32 -0700] "GET /gfx/users/default-00.png HTTP/1.1" 200 8882 "-" "-" 
66.249.66.44 - - [18/Jun/2020:03:47:23 -0700] "GET /tag/+%23bread?offset=10 HTTP/1.1" 200 12691 "-" "Mozilla/5.0 (Linux; Android 6.0.1; Nexus 5X Build/MMB29P) AppleWebKit/537.36 (KHTML, like Gecko) Chrome/80.0.3987.92 Mobile Safari/537.36 (compatible; Googlebot/2.1; +http://www.google.com/bot.html)" 
46.229.168.135 - - [18/Jun/2020:03:47:32 -0700] "GET /content/posts/?offset=20&q=%23%2B%23%23indieweb HTTP/1.1" 200 15265 "-" "Mozilla/5.0 (compatible; SemrushBot/6~bl; +http://www.semrush.com/bot.html)" 
46.229.168.130 - - [18/Jun/2020:03:47:34 -0700] "GET /?offset=30&q=%23%2B%23%23indieweb HTTP/1.1" 200 12913 "-" "Mozilla/5.0 (compatible; SemrushBot/6~bl; +http://www.semrush.com/bot.html)" 
46.229.168.140 - - [18/Jun/2020:03:48:09 -0700] "GET /?offset=62&q=%23%2B%23bread HTTP/1.1" 200 12170 "-" "Mozilla/5.0 (compatible; SemrushBot/6~bl; +http://www.semrush.com/bot.html)" 
46.229.168.135 - - [18/Jun/2020:03:48:51 -0700] "GET /2018/bookmark---indieweb-2 HTTP/1.1" 200 9981 "-" "Mozilla/5.0 (compatible; SemrushBot/6~bl; +http://www.semrush.com/bot.html)" 
54.37.23.134 - - [18/Jun/2020:03:49:03 -0700] "GET /gfx/users/default-00.png HTTP/1.1" 200 8882 "-" "-" 
92.247.181.45 - - [18/Jun/2020:03:49:20 -0700] "GET /file/ee5a24b1b6d998023e5e768fe7b59543/11103adf2606fc1145857ad19b912152 HTTP/1.1" 200 195646 "-" "Mozilla/5.0 (Windows NT 10.0; Win64; x64; rv:63.0) Gecko/20100101 Firefox/63.0" 
92.247.181.45 - - [18/Jun/2020:03:49:20 -0700] "GET /file/d87473c56f4565d23ea3b32cbf26ddb9/2019-05-18%2009.10.40.jpg HTTP/1.1" 200 231004 "-" "Mozilla/5.0 (Windows NT 10.0; Win64; x64; rv:63.0) Gecko/20100101 Firefox/63.0" 
92.247.181.45 - - [18/Jun/2020:03:49:20 -0700] "GET /file/6395cc324399e7f768c76946e9a5594d/d0299a5c83591331d04b3c7c119bc248 HTTP/1.1" 200 258323 "-" "Mozilla/5.0 (Windows NT 10.0; Win64; x64; rv:63.0) Gecko/20100101 Firefox/63.0" 
92.247.181.45 - - [18/Jun/2020:03:49:27 -0700] "GET /file/71cf483a60939152b273392c450c66ee/bread-fish.jpg HTTP/1.1" 200 83943 "-" "Mozilla/5.0 (Windows NT 10.0; Win64; x64; rv:63.0) Gecko/20100101 Firefox/63.0" 
92.247.181.45 - - [18/Jun/2020:03:49:27 -0700] "GET /file/4452eb654b06ffb53fea01bc16f0ff38/430E66BB-E744-48A0-9083-47C3DB169F06.jpeg HTTP/1.1" 200 78045 "-" "Mozilla/5.0 (Windows NT 10.0; Win64; x64; rv:63.0) Gecko/20100101 Firefox/63.0" 
92.247.181.45 - - [18/Jun/2020:03:49:28 -0700] "GET /file/f556483c82cccf4b57e611de3798e7d3/E0626D33-9F13-483A-86D5-91D0C4714846.jpeg HTTP/1.1" 200 81542 "-" "Mozilla/5.0 (Windows NT 10.0; Win64; x64; rv:63.0) Gecko/20100101 Firefox/63.0" 
92.247.181.45 - - [18/Jun/2020:03:49:33 -0700] "GET /file/4fcf84f3bb973fe21eca09438e834da1/E02AEE79-CEB2-4118-8BAA-AF0E4E679241.jpeg HTTP/1.1" 200 41048 "-" "Mozilla/5.0 (Windows NT 10.0; Win64; x64; rv:63.0) Gecko/20100101 Firefox/63.0" 
92.247.181.45 - - [18/Jun/2020:03:49:33 -0700] "GET /file/51cdbc109c44196117d6432ce37035e9/56FB4C8C-09AE-4698-ADC7-34F860E44BF8.jpeg HTTP/1.1" 200 49472 "-" "Mozilla/5.0 (Windows NT 10.0; Win64; x64; rv:63.0) Gecko/20100101 Firefox/63.0" 
92.247.181.45 - - [18/Jun/2020:03:49:33 -0700] "GET /file/2b3c60e2b36f7092fcb9417273680958/10e82885912aa6f8396a01c3af9efab4 HTTP/1.1" 200 408699 "-" "Mozilla/5.0 (Windows NT 10.0; Win64; x64; rv:63.0) Gecko/20100101 Firefox/63.0" 
92.247.181.45 - - [18/Jun/2020:03:49:33 -0700] "GET /file/a27c14ed53e63d4ba6f2179f5cf3275b/79B0D51C-5E48-4E09-B371-384D89504D5E.jpeg HTTP/1.1" 200 67600 "-" "Mozilla/5.0 (Windows NT 10.0; Win64; x64; rv:63.0) Gecko/20100101 Firefox/63.0" 
92.247.181.45 - - [18/Jun/2020:03:49:33 -0700] "GET /file/d6aa4c5faa1e6515406aa01b8effb4ac HTTP/1.1" 200 436939 "-" "Mozilla/5.0 (Windows NT 10.0; Win64; x64; rv:63.0) Gecko/20100101 Firefox/63.0" 
92.247.181.45 - - [18/Jun/2020:03:49:34 -0700] "GET /file/2fefa4e6eff586f074a89562e26005e2/F8465228-66DD-4B9D-B315-F3EB8BF2C7F0.jpeg HTTP/1.1" 200 48451 "-" "Mozilla/5.0 (Windows NT 10.0; Win64; x64; rv:63.0) Gecko/20100101 Firefox/63.0" 
92.247.181.45 - - [18/Jun/2020:03:49:34 -0700] "GET /file/d60e7ea303bd0b3472f9cc634a096a64/317C3579-5A85-4923-8CE7-4235993C9A06.jpeg HTTP/1.1" 200 42548 "-" "Mozilla/5.0 (Windows NT 10.0; Win64; x64; rv:63.0) Gecko/20100101 Firefox/63.0" 
92.247.181.45 - - [18/Jun/2020:03:49:34 -0700] "GET /file/b8c525cc5dc95868c73037dfc17a477f/7A59E04B-30D1-48A4-AFA6-3D09C85201DA.jpeg HTTP/1.1" 200 83546 "-" "Mozilla/5.0 (Windows NT 10.0; Win64; x64; rv:63.0) Gecko/20100101 Firefox/63.0" 
92.247.181.45 - - [18/Jun/2020:03:49:34 -0700] "GET /file/aab690b2124d5ac8d25f56836afc7bc6/884F9D30-5E57-4DF2-ADC9-ADE034D0AFBF.jpeg HTTP/1.1" 200 109422 "-" "Mozilla/5.0 (Windows NT 10.0; Win64; x64; rv:63.0) Gecko/20100101 Firefox/63.0" 
92.247.181.45 - - [18/Jun/2020:03:49:34 -0700] "GET /file/94fe3abe928fa4673c59bd6de1c4eade/russian-food-cover.jpg HTTP/1.1" 200 49263 "-" "Mozilla/5.0 (Windows NT 10.0; Win64; x64; rv:63.0) Gecko/20100101 Firefox/63.0" 
157.55.39.110 - - [18/Jun/2020:03:49:38 -0700] "GET /2020/interesting-tip-if-your-aeropress-is-slipping HTTP/1.1" 200 10026 "-" "Mozilla/5.0 (compatible; bingbot/2.0; +http://www.bing.com/bingbot.htm)" 
40.77.139.81 - - [18/Jun/2020:03:49:39 -0700] "GET /vendor/rmm5t/jquery-timeago/locales/jquery.timeago.en.js HTTP/1.1" 200 4491 "https://stream.jeremycherfas.net/2020/interesting-tip-if-your-aeropress-is-slipping" "Mozilla/5.0 (Windows NT 6.1; WOW64) AppleWebKit/534+ (KHTML, like Gecko) BingPreview/1.0b" 
46.229.168.162 - - [18/Jun/2020:03:50:40 -0700] "GET /?q=%23trypod HTTP/1.1" 200 9300 "-" "Mozilla/5.0 (compatible; SemrushBot/6~bl; +http://www.semrush.com/bot.html)" 
46.229.168.133 - - [18/Jun/2020:03:51:43 -0700] "GET /content/photos/?q=%23AMRhub HTTP/1.1" 200 8278 "-" "Mozilla/5.0 (compatible; SemrushBot/6~bl; +http://www.semrush.com/bot.html)" 
46.229.168.163 - - [18/Jun/2020:03:52:12 -0700] "GET /?offset=61&q=%23%2B%23bread HTTP/1.1" 200 11964 "-" "Mozilla/5.0 (compatible; SemrushBot/6~bl; +http://www.semrush.com/bot.html)" 
69.142.95.100 - - [18/Jun/2020:03:52:36 -0700] "GET /2020/interesting-tip-if-your-aeropress-is-slipping HTTP/1.1" 200 10041 "-" "Mozilla/5.0 (Macintosh; Intel Mac OS X 10_15_5) AppleWebKit/605.1.15 (KHTML, like Gecko)" 
69.142.95.100 - - [18/Jun/2020:03:52:36 -0700] "GET /vendor/twbs/bootstrap/dist/js/bootstrap.min.js HTTP/1.1" 200 11611 "https://stream.jeremycherfas.net/2020/interesting-tip-if-your-aeropress-is-slipping" "Mozilla/5.0 (Macintosh; Intel Mac OS X 10_15_5) AppleWebKit/605.1.15 (KHTML, like Gecko)" 
69.142.95.100 - - [18/Jun/2020:03:52:36 -0700] "GET /vendor/idno/mentionjs/recommended-styles.css HTTP/1.1" 200 600 "https://stream.jeremycherfas.net/2020/interesting-tip-if-your-aeropress-is-slipping" "Mozilla/5.0 (Macintosh; Intel Mac OS X 10_15_5) AppleWebKit/605.1.15 (KHTML, like Gecko)" 
69.142.95.100 - - [18/Jun/2020:03:52:36 -0700] "GET /IdnoPlugins/Checkin/external/leaflet/leaflet.min.css HTTP/1.1" 200 2532 "https://stream.jeremycherfas.net/2020/interesting-tip-if-your-aeropress-is-slipping" "Mozilla/5.0 (Macintosh; Intel Mac OS X 10_15_5) AppleWebKit/605.1.15 (KHTML, like Gecko)" 
69.142.95.100 - - [18/Jun/2020:03:52:36 -0700] "GET /vendor/npm-asset/bootstrap-accessibility-plugin/plugins/js/bootstrap-accessibility.min.js HTTP/1.1" 200 4964 "https://stream.jeremycherfas.net/2020/interesting-tip-if-your-aeropress-is-slipping" "Mozilla/5.0 (Macintosh; Intel Mac OS X 10_15_5) AppleWebKit/605.1.15 (KHTML, like Gecko)" 
69.142.95.100 - - [18/Jun/2020:03:52:36 -0700] "GET /IdnoPlugins/Checkin/external/stamen-maps/tile.stamen.min.js HTTP/1.1" 200 1983 "https://stream.jeremycherfas.net/2020/interesting-tip-if-your-aeropress-is-slipping" "Mozilla/5.0 (Macintosh; Intel Mac OS X 10_15_5) AppleWebKit/605.1.15 (KHTML, like Gecko)" 
69.142.95.100 - - [18/Jun/2020:03:52:36 -0700] "GET /IdnoPlugins/Checkin/external/leaflet/leaflet.js HTTP/1.1" 200 34091 "https://stream.jeremycherfas.net/2020/interesting-tip-if-your-aeropress-is-slipping" "Mozilla/5.0 (Macintosh; Intel Mac OS X 10_15_5) AppleWebKit/605.1.15 (KHTML, like Gecko)" 
69.142.95.100 - - [18/Jun/2020:03:52:36 -0700] "GET /IdnoPlugins/Media/external/wavesurfer/dist/wavesurfer.min.js HTTP/1.1" 200 6834 "https://stream.jeremycherfas.net/2020/interesting-tip-if-your-aeropress-is-slipping" "Mozilla/5.0 (Macintosh; Intel Mac OS X 10_15_5) AppleWebKit/605.1.15 (KHTML, like Gecko)" 
69.142.95.100 - - [18/Jun/2020:03:52:36 -0700] "GET /Themes/Solo/css/default.min.css HTTP/1.1" 200 963 "https://stream.jeremycherfas.net/2020/interesting-tip-if-your-aeropress-is-slipping" "Mozilla/5.0 (Macintosh; Intel Mac OS X 10_15_5) AppleWebKit/605.1.15 (KHTML, like Gecko)" 
69.142.95.100 - - [18/Jun/2020:03:52:36 -0700] "GET /vendor/npm-asset/bootstrap-accessibility-plugin/plugins/css/bootstrap-accessibility.css HTTP/1.1" 200 939 "https://stream.jeremycherfas.net/2020/interesting-tip-if-your-aeropress-is-slipping" "Mozilla/5.0 (Macintosh; Intel Mac OS X 10_15_5) AppleWebKit/605.1.15 (KHTML, like Gecko)" 
69.142.95.100 - - [18/Jun/2020:03:52:36 -0700] "GET /vendor/npm-asset/mediaelement/build/mediaelementplayer.min.css HTTP/1.1" 200 3096 "https://stream.jeremycherfas.net/2020/interesting-tip-if-your-aeropress-is-slipping" "Mozilla/5.0 (Macintosh; Intel Mac OS X 10_15_5) AppleWebKit/605.1.15 (KHTML, like Gecko)" 
69.142.95.100 - - [18/Jun/2020:03:52:36 -0700] "GET /vendor/rmm5t/jquery-timeago/jquery.timeago.js HTTP/1.1" 200 2991 "https://stream.jeremycherfas.net/2020/interesting-tip-if-your-aeropress-is-slipping" "Mozilla/5.0 (Macintosh; Intel Mac OS X 10_15_5) AppleWebKit/605.1.15 (KHTML, like Gecko)" 
69.142.95.100 - - [18/Jun/2020:03:52:37 -0700] "GET /vendor/npm-asset/underscore/underscore-min.js HTTP/1.1" 200 7035 "https://stream.jeremycherfas.net/2020/interesting-tip-if-your-aeropress-is-slipping" "Mozilla/5.0 (Macintosh; Intel Mac OS X 10_15_5) AppleWebKit/605.1.15 (KHTML, like Gecko)" 
69.142.95.100 - - [18/Jun/2020:03:52:37 -0700] "GET /vendor/npm-asset/exif-js/exif.js HTTP/1.1" 200 9938 "https://stream.jeremycherfas.net/2020/interesting-tip-if-your-aeropress-is-slipping" "Mozilla/5.0 (Macintosh; Intel Mac OS X 10_15_5) AppleWebKit/605.1.15 (KHTML, like Gecko)" 
69.142.95.100 - - [18/Jun/2020:03:52:37 -0700] "GET /vendor/npm-asset/jquery/dist/jquery.min.js HTTP/1.1" 200 31956 "https://stream.jeremycherfas.net/2020/interesting-tip-if-your-aeropress-is-slipping" "Mozilla/5.0 (Macintosh; Intel Mac OS X 10_15_5) AppleWebKit/605.1.15 (KHTML, like Gecko)" 
69.142.95.100 - - [18/Jun/2020:03:52:37 -0700] "GET /vendor/npm-asset/bootstrap-toggle/css/bootstrap-toggle.min.css HTTP/1.1" 200 979 "https://stream.jeremycherfas.net/2020/interesting-tip-if-your-aeropress-is-slipping" "Mozilla/5.0 (Macintosh; Intel Mac OS X 10_15_5) AppleWebKit/605.1.15 (KHTML, like Gecko)" 
69.142.95.100 - - [18/Jun/2020:03:52:37 -0700] "GET /vendor/twbs/bootstrap/dist/css/bootstrap.min.css HTTP/1.1" 200 20724 "https://stream.jeremycherfas.net/2020/interesting-tip-if-your-aeropress-is-slipping" "Mozilla/5.0 (Macintosh; Intel Mac OS X 10_15_5) AppleWebKit/605.1.15 (KHTML, like Gecko)" 
69.142.95.100 - - [18/Jun/2020:03:52:37 -0700] "GET /css/1579440965/known.min.css HTTP/1.1" 200 7734 "https://stream.jeremycherfas.net/2020/interesting-tip-if-your-aeropress-is-slipping" "Mozilla/5.0 (Macintosh; Intel Mac OS X 10_15_5) AppleWebKit/605.1.15 (KHTML, like Gecko)" 
69.142.95.100 - - [18/Jun/2020:03:52:37 -0700] "GET /vendor/npm-asset/vanilla-fitvids/jquery.fitvids.js HTTP/1.1" 200 1791 "https://stream.jeremycherfas.net/2020/interesting-tip-if-your-aeropress-is-slipping" "Mozilla/5.0 (Macintosh; Intel Mac OS X 10_15_5) AppleWebKit/605.1.15 (KHTML, like Gecko)" 
69.142.95.100 - - [18/Jun/2020:03:52:37 -0700] "GET /vendor/rmm5t/jquery-timeago/locales/jquery.timeago.en.js HTTP/1.1" 200 804 "https://stream.jeremycherfas.net/2020/interesting-tip-if-your-aeropress-is-slipping" "Mozilla/5.0 (Macintosh; Intel Mac OS X 10_15_5) AppleWebKit/605.1.15 (KHTML, like Gecko)" 
69.142.95.100 - - [18/Jun/2020:03:52:37 -0700] "GET /vendor/npm-asset/mediaelement/build/mediaelement-and-player.min.js HTTP/1.1" 200 41537 "https://stream.jeremycherfas.net/2020/interesting-tip-if-your-aeropress-is-slipping" "Mozilla/5.0 (Macintosh; Intel Mac OS X 10_15_5) AppleWebKit/605.1.15 (KHTML, like Gecko)" 
69.142.95.100 - - [18/Jun/2020:03:52:37 -0700] "GET /gfx/users/default-00.png HTTP/1.1" 200 5798 "https://stream.jeremycherfas.net/2020/interesting-tip-if-your-aeropress-is-slipping" "Mozilla/5.0 (Macintosh; Intel Mac OS X 10_15_5) AppleWebKit/605.1.15 (KHTML, like Gecko)" 
69.142.95.100 - - [18/Jun/2020:03:52:37 -0700] "GET /file/ef801e05730eba56004c5b712ad84731/thumb.jpg HTTP/1.1" 200 22619 "https://stream.jeremycherfas.net/2020/interesting-tip-if-your-aeropress-is-slipping" "Mozilla/5.0 (Macintosh; Intel Mac OS X 10_15_5) AppleWebKit/605.1.15 (KHTML, like Gecko)" 
69.142.95.100 - - [18/Jun/2020:03:52:37 -0700] "GET /vendor/forkawesome/fork-awesome/css/fork-awesome.min.css HTTP/1.1" 200 12586 "https://stream.jeremycherfas.net/2020/interesting-tip-if-your-aeropress-is-slipping" "Mozilla/5.0 (Macintosh; Intel Mac OS X 10_15_5) AppleWebKit/605.1.15 (KHTML, like Gecko)" 
69.142.95.100 - - [18/Jun/2020:03:52:39 -0700] "GET /vendor/forkawesome/fork-awesome/css/v5-compat.min.css HTTP/1.1" 200 6279 "https://stream.jeremycherfas.net/2020/interesting-tip-if-your-aeropress-is-slipping" "Mozilla/5.0 (Macintosh; Intel Mac OS X 10_15_5) AppleWebKit/605.1.15 (KHTML, like Gecko)" 
69.142.95.100 - - [18/Jun/2020:03:52:39 -0700] "GET /js/1579440966/known.min.js HTTP/1.1" 200 8587 "https://stream.jeremycherfas.net/2020/interesting-tip-if-your-aeropress-is-slipping" "Mozilla/5.0 (Macintosh; Intel Mac OS X 10_15_5) AppleWebKit/605.1.15 (KHTML, like Gecko)" 
69.142.95.100 - - [18/Jun/2020:03:52:39 -0700] "GET /vendor/npm-asset/bootstrap-toggle/js/bootstrap-toggle.js HTTP/1.1" 200 5711 "https://stream.jeremycherfas.net/2020/interesting-tip-if-your-aeropress-is-slipping" "Mozilla/5.0 (Macintosh; Intel Mac OS X 10_15_5) AppleWebKit/605.1.15 (KHTML, like Gecko)" 
69.142.95.100 - - [18/Jun/2020:03:52:39 -0700] "GET /vendor/forkawesome/fork-awesome/fonts/forkawesome-webfont.woff2?v=1.1.7 HTTP/1.1" 200 92179 "https://stream.jeremycherfas.net/2020/interesting-tip-if-your-aeropress-is-slipping" "Mozilla/5.0 (Macintosh; Intel Mac OS X 10_15_5) AppleWebKit/605.1.15 (KHTML, like Gecko)" 
114.119.160.143 - - [18/Jun/2020:03:52:40 -0700] "GET /tag/Indieweb?offset=72 HTTP/1.1" 200 12460 "-" "Mozilla/5.0 (Linux; Android 7.0;) AppleWebKit/537.36 (KHTML, like Gecko) Mobile Safari/537.36 (compatible; PetalBot;+https://aspiegel.com/petalbot)" 
54.37.23.16 - - [18/Jun/2020:03:53:05 -0700] "GET /gfx/users/default-00.png HTTP/1.1" 200 8882 "-" "-" 
46.229.168.145 - - [18/Jun/2020:03:53:11 -0700] "GET /content/photos/?q=%23Fornacalia HTTP/1.1" 200 11108 "-" "Mozilla/5.0 (compatible; SemrushBot/6~bl; +http://www.semrush.com/bot.html)" 
207.241.226.219 - - [18/Jun/2020:03:53:15 -0700] "GET /2020/interesting-tip-if-your-aeropress-is-slipping HTTP/1.1" 200 9615 "-" "Known https://withknown.com" 
69.142.95.100 - - [18/Jun/2020:03:53:13 -0700] "POST /comments/post HTTP/1.1" 302 1243 "https://stream.jeremycherfas.net/2020/interesting-tip-if-your-aeropress-is-slipping" "Mozilla/5.0 (Macintosh; Intel Mac OS X 10_15_5) AppleWebKit/605.1.15 (KHTML, like Gecko)" 
69.142.95.100 - - [18/Jun/2020:03:53:16 -0700] "GET /2020/interesting-tip-if-your-aeropress-is-slipping HTTP/1.1" 200 6527 "https://stream.jeremycherfas.net/2020/interesting-tip-if-your-aeropress-is-slipping" "Mozilla/5.0 (Macintosh; Intel Mac OS X 10_15_5) AppleWebKit/605.1.15 (KHTML, like Gecko)" 
69.142.95.100 - - [18/Jun/2020:03:53:16 -0700] "GET /gfx/users/default-03.png HTTP/1.1" 200 6648 "https://stream.jeremycherfas.net/2020/interesting-tip-if-your-aeropress-is-slipping" "Mozilla/5.0 (Macintosh; Intel Mac OS X 10_15_5) AppleWebKit/605.1.15 (KHTML, like Gecko)" 
54.37.22.46 - - [18/Jun/2020:03:53:28 -0700] "GET /gfx/users/default-00.png HTTP/1.1" 200 8882 "-" "-" 
46.229.168.148 - - [18/Jun/2020:03:54:07 -0700] "GET /content/statusupdates/?offset=6&q=%23%2B%23WithKnown HTTP/1.1" 200 10669 "-" "Mozilla/5.0 (compatible; SemrushBot/6~bl; +http://www.semrush.com/bot.html)" 
46.229.168.141 - - [18/Jun/2020:03:54:53 -0700] "GET /content/all/?q=%23%2B%23freersackler HTTP/1.1" 200 8315 "-" "Mozilla/5.0 (compatible; SemrushBot/6~bl; +http://www.semrush.com/bot.html)" 
46.229.168.134 - - [18/Jun/2020:03:55:14 -0700] "GET /content/photos/?q=%23%2B%23cooking HTTP/1.1" 200 9091 "-" "Mozilla/5.0 (compatible; SemrushBot/6~bl; +http://www.semrush.com/bot.html)" 
46.229.168.138 - - [18/Jun/2020:03:55:33 -0700] "GET /?offset=59&q=%23IndieWeb HTTP/1.1" 200 12505 "-" "Mozilla/5.0 (compatible; SemrushBot/6~bl; +http://www.semrush.com/bot.html)" 
92.247.181.45 - - [18/Jun/2020:03:56:19 -0700] "GET /file/c6d642b8baad8e7c55a1872bdd3db67e/EB4A94F4-E3D9-4A9A-B8AA-E3CFC05C9E93.jpeg HTTP/1.1" 200 63292 "-" "Mozilla/5.0 (Windows NT 10.0; Win64; x64; rv:63.0) Gecko/20100101 Firefox/63.0" 
46.229.168.149 - - [18/Jun/2020:03:56:23 -0700] "GET /content/audio/?q=%23food HTTP/1.1" 200 8269 "-" "Mozilla/5.0 (compatible; SemrushBot/6~bl; +http://www.semrush.com/bot.html)" 
92.247.181.45 - - [18/Jun/2020:03:56:28 -0700] "GET /file/6d2a4aab61c145693d5388567ac692b3/A35CF55C-C393-40CE-BD41-9360A7671C6A.jpeg HTTP/1.1" 200 36625 "-" "Mozilla/5.0 (Windows NT 10.0; Win64; x64; rv:63.0) Gecko/20100101 Firefox/63.0" 
92.247.181.45 - - [18/Jun/2020:03:56:28 -0700] "GET /file/d678b130c61e72a27e115b5f68bfbd61/2A6A2A68-E7FE-4D7C-918D-F555E95BCE61.jpeg HTTP/1.1" 200 61813 "-" "Mozilla/5.0 (Windows NT 10.0; Win64; x64; rv:63.0) Gecko/20100101 Firefox/63.0" 
92.247.181.45 - - [18/Jun/2020:03:56:29 -0700] "GET /file/caee2e60cf1442d99838f3d199ab5905/B3FFE138-A9CD-42FB-A932-48D1A208E12A.jpeg HTTP/1.1" 200 114296 "-" "Mozilla/5.0 (Windows NT 10.0; Win64; x64; rv:63.0) Gecko/20100101 Firefox/63.0" 
92.247.181.45 - - [18/Jun/2020:03:56:29 -0700] "GET /file/704f780cf497d51b714573f46eb2f9ff/B07EC48B-2387-4E95-B480-A683020EF203.jpeg HTTP/1.1" 200 513927 "-" "Mozilla/5.0 (Windows NT 10.0; Win64; x64; rv:63.0) Gecko/20100101 Firefox/63.0" 
92.247.181.45 - - [18/Jun/2020:03:56:28 -0700] "GET /file/a0de204cbf348cfb8cce2fc594cddba4/599D626E-B47F-4430-A6D5-1232FF871F66.jpeg HTTP/1.1" 200 64226 "-" "Mozilla/5.0 (Windows NT 10.0; Win64; x64; rv:63.0) Gecko/20100101 Firefox/63.0" 
92.247.181.45 - - [18/Jun/2020:03:56:30 -0700] "GET /file/4131f8a20ebd53929b88bcb36c54e726/22F8CB6C-E2A0-4B60-BD00-EE965100B0DE.jpeg HTTP/1.1" 200 44600 "-" "Mozilla/5.0 (Windows NT 10.0; Win64; x64; rv:63.0) Gecko/20100101 Firefox/63.0" 
92.247.181.45 - - [18/Jun/2020:03:56:30 -0700] "GET /file/4f2c762afe787d2419533a6eb818b345/30874816-49E8-4489-BCA8-2ABD8C1612D6.jpeg HTTP/1.1" 200 55549 "-" "Mozilla/5.0 (Windows NT 10.0; Win64; x64; rv:63.0) Gecko/20100101 Firefox/63.0" 
92.247.181.45 - - [18/Jun/2020:03:56:30 -0700] "GET /file/ce7d79c69fd73cdf56ba28e26c643970/921B73A4-2E2E-4C60-9539-30AB5CFD9224.jpeg HTTP/1.1" 200 145604 "-" "Mozilla/5.0 (Windows NT 10.0; Win64; x64; rv:63.0) Gecko/20100101 Firefox/63.0" 
92.247.181.45 - - [18/Jun/2020:03:56:30 -0700] "GET /file/3c440bafd09b73f6b918ae01bec320d7/46CD52C4-E637-4653-A1B1-A2B07AB743B6.jpeg HTTP/1.1" 200 255632 "-" "Mozilla/5.0 (Windows NT 10.0; Win64; x64; rv:63.0) Gecko/20100101 Firefox/63.0" 
92.247.181.45 - - [18/Jun/2020:03:56:29 -0700] "GET /file/b373719b8cac1ef4f0c4f8da54404eef/5E7CF571-DBDA-44D5-8BF1-BF362007887F.jpeg HTTP/1.1" 200 52123 "-" "Mozilla/5.0 (Windows NT 10.0; Win64; x64; rv:63.0) Gecko/20100101 Firefox/63.0" 
92.247.181.45 - - [18/Jun/2020:03:56:30 -0700] "GET /file/19b5c7c3b145a306adceebf13d9ac34b/2FBF6A4F-5B41-46A2-B428-2B6F90E8A49B.jpeg HTTP/1.1" 200 72761 "-" "Mozilla/5.0 (Windows NT 10.0; Win64; x64; rv:63.0) Gecko/20100101 Firefox/63.0" 
92.247.181.45 - - [18/Jun/2020:03:56:30 -0700] "GET /file/5246f337e29d09b56def1b997b937466/60CCAE93-EB4F-48D3-A740-B299683C6BC7.jpeg HTTP/1.1" 200 51954 "-" "Mozilla/5.0 (Windows NT 10.0; Win64; x64; rv:63.0) Gecko/20100101 Firefox/63.0" 
92.247.181.45 - - [18/Jun/2020:03:56:30 -0700] "GET /file/d18535a149026863e30ba46b763715f5/12CFB864-B2D1-4522-B728-5BC30201C620.png HTTP/1.1" 200 162147 "-" "Mozilla/5.0 (Windows NT 10.0; Win64; x64; rv:63.0) Gecko/20100101 Firefox/63.0" 
92.247.181.45 - - [18/Jun/2020:03:56:30 -0700] "GET /file/5e7cea2c07db7a78066f1aef87fa07f6/9E092E90-5F59-4992-A0DB-B23873DE1EA8.jpeg HTTP/1.1" 200 643374 "-" "Mozilla/5.0 (Windows NT 10.0; Win64; x64; rv:63.0) Gecko/20100101 Firefox/63.0" 
46.229.168.148 - - [18/Jun/2020:03:56:43 -0700] "GET /content/rsvp/?q=%23Sourdough HTTP/1.1" 200 8279 "-" "Mozilla/5.0 (compatible; SemrushBot/6~bl; +http://www.semrush.com/bot.html)" 
66.249.66.48 - - [18/Jun/2020:03:56:51 -0700] "GET /content/all?offset=1321 HTTP/1.1" 200 11755 "-" "Mozilla/5.0 (Linux; Android 6.0.1; Nexus 5X Build/MMB29P) AppleWebKit/537.36 (KHTML, like Gecko) Chrome/80.0.3987.92 Mobile Safari/537.36 (compatible; Googlebot/2.1; +http://www.google.com/bot.html)" 
46.229.168.139 - - [18/Jun/2020:03:57:58 -0700] "GET /content/all/?q=%23%2B%23rustic HTTP/1.1" 200 10205 "-" "Mozilla/5.0 (compatible; SemrushBot/6~bl; +http://www.semrush.com/bot.html)" 
46.229.168.146 - - [18/Jun/2020:03:58:17 -0700] "GET /content/posts/?offset=9&q=%23quill HTTP/1.1" 200 8637 "-" "Mozilla/5.0 (compatible; SemrushBot/6~bl; +http://www.semrush.com/bot.html)" 
64.111.100.215 - - [18/Jun/2020:03:58:28 -0700] "GET /content/all?_t=rss HTTP/1.1" 200 14795 "-" "Mozilla/5.0 (X11; U; Linux i686; fr; rv:1.9.1.1) Gecko/20090715 Firefox/3.5.1" 
40.77.167.148 - - [18/Jun/2020:03:58:58 -0700] "GET /file/11e273f22bf3e43a7abc69e1bf03c92d HTTP/1.1" 200 13138 "-" "Mozilla/5.0 (compatible; bingbot/2.0; +http://www.bing.com/bingbot.htm)" 
46.229.168.149 - - [18/Jun/2020:03:59:45 -0700] "GET /content/photos?offset=210 HTTP/1.1" 200 11573 "-" "Mozilla/5.0 (compatible; SemrushBot/6~bl; +http://www.semrush.com/bot.html)" 
46.229.168.149 - - [18/Jun/2020:03:59:57 -0700] "GET /2018/201805cooking-in-a-bedsitterhtml HTTP/1.1" 200 9396 "-" "Mozilla/5.0 (compatible; SemrushBot/6~bl; +http://www.semrush.com/bot.html)" 
114.119.161.85 - - [18/Jun/2020:04:00:05 -0700] "GET /content/photos?q=%23%2B%23%23bread HTTP/1.1" 200 12427 "-" "Mozilla/5.0 (Linux; Android 7.0;) AppleWebKit/537.36 (KHTML, like Gecko) Mobile Safari/537.36 (compatible; PetalBot;+https://aspiegel.com/petalbot)" 
167.99.111.28 - - [18/Jun/2020:04:00:28 -0700] "GET /?_t=rss HTTP/1.1" 200 7413 "-" "Feedbin feed-id:1536727 - 1 subscribers" 
40.77.167.148 - - [18/Jun/2020:04:00:44 -0700] "GET /tag/+%23IndieWeb HTTP/1.1" 200 15313 "-" "Mozilla/5.0 (compatible; bingbot/2.0; +http://www.bing.com/bingbot.htm)" 
46.229.168.147 - - [18/Jun/2020:04:00:47 -0700] "GET /2019/im-a-late-adopter-on-indieweb-readers HTTP/1.1" 200 9474 "-" "Mozilla/5.0 (compatible; SemrushBot/6~bl; +http://www.semrush.com/bot.html)" 
96.126.125.129 - - [18/Jun/2020:04:00:47 -0700] "GET /content/statusupdates/posts/photos/checkins/bookmarkedpages?_t=rss HTTP/1.1" 200 7442 "-" "Micro.blog/1.0" 
46.229.168.152 - - [18/Jun/2020:04:02:13 -0700] "GET /?q=%23Fornacalia HTTP/1.1" 200 12906 "-" "Mozilla/5.0 (compatible; SemrushBot/6~bl; +http://www.semrush.com/bot.html)" 
46.229.168.153 - - [18/Jun/2020:04:02:18 -0700] "GET /content/audio/?q=%23podcasting HTTP/1.1" 200 8304 "-" "Mozilla/5.0 (compatible; SemrushBot/6~bl; +http://www.semrush.com/bot.html)" 
46.229.168.148 - - [18/Jun/2020:04:02:20 -0700] "GET /2017/making-and-accepting-api-calls---known-documentation HTTP/1.1" 200 9305 "-" "Mozilla/5.0 (compatible; SemrushBot/6~bl; +http://www.semrush.com/bot.html)" 
46.229.168.136 - - [18/Jun/2020:04:02:59 -0700] "GET /?offset=43&q=%23IndieWeb HTTP/1.1" 200 10975 "-" "Mozilla/5.0 (compatible; SemrushBot/6~bl; +http://www.semrush.com/bot.html)" 
54.38.43.78 - - [18/Jun/2020:04:03:48 -0700] "GET /gfx/users/default-00.png HTTP/1.1" 200 8882 "-" "-" 
17.58.102.79 - - [18/Jun/2020:04:04:48 -0700] "GET /2019/the-very-few-occasions-on-which-someones HTTP/1.1" 200 10520 "-" "Mozilla/5.0 (Macintosh; Intel Mac OS X 10_15_5) AppleWebKit/605.1.15 (KHTML, like Gecko) Version/13.1.1 Safari/605.1.15 (Applebot/0.1; +http://www.apple.com/go/applebot)" 
46.229.168.130 - - [18/Jun/2020:04:05:12 -0700] "GET /content/all/?offset=33&q=%23Sourdough HTTP/1.1" 200 11183 "-" "Mozilla/5.0 (compatible; SemrushBot/6~bl; +http://www.semrush.com/bot.html)" 
40.77.167.131 - - [18/Jun/2020:04:06:00 -0700] "GET /tag/seeded HTTP/1.1" 200 10707 "-" "Mozilla/5.0 (compatible; bingbot/2.0; +http://www.bing.com/bingbot.htm)" 
77.75.76.164 - - [18/Jun/2020:04:06:12 -0700] "GET /robots.txt HTTP/1.1" 200 4318 "-" "Mozilla/5.0 (compatible; SeznamBot/3.2; +http://napoveda.seznam.cz/en/seznambot-intro/)" 
77.75.76.164 - - [18/Jun/2020:04:06:13 -0700] "GET /file/d10daa2e3f4ba43ec2c57e9124ae3797/thumb.jpg HTTP/1.1" 304 3529 "-" "Mozilla/5.0 (compatible; SeznamBot/3.2; +http://napoveda.seznam.cz/en/seznambot-intro/)" 
77.75.76.164 - - [18/Jun/2020:04:06:15 -0700] "GET /file/5323e86f4819ad962c270ffe7abdb3f4 HTTP/1.1" 404 14936 "-" "Mozilla/5.0 (compatible; SeznamBot/3.2; +http://napoveda.seznam.cz/en/seznambot-intro/)" 
66.249.66.48 - - [18/Jun/2020:04:06:19 -0700] "GET /content/all?offset=1375&_t=rss HTTP/1.1" 200 8135 "-" "Mozilla/5.0 (Linux; Android 6.0.1; Nexus 5X Build/MMB29P) AppleWebKit/537.36 (KHTML, like Gecko) Chrome/80.0.3987.92 Mobile Safari/537.36 (compatible; Googlebot/2.1; +http://www.google.com/bot.html)" 
46.229.168.138 - - [18/Jun/2020:04:06:26 -0700] "GET /content/posts/?offset=40 HTTP/1.1" 200 12639 "-" "Mozilla/5.0 (compatible; SemrushBot/6~bl; +http://www.semrush.com/bot.html)" 
207.46.13.60 - - [18/Jun/2020:04:06:42 -0700] "GET /IdnoPlugins/Checkin/external/leaflet/leaflet.js HTTP/1.1" 200 37763 "-" "Mozilla/5.0 (compatible; bingbot/2.0; +http://www.bing.com/bingbot.htm)" 
207.46.13.60 - - [18/Jun/2020:04:06:43 -0700] "GET /file/74f163180a3bfb909fb42f1503d4ca23/thumb.jpg HTTP/1.1" 200 126822 "-" "Mozilla/5.0 (compatible; bingbot/2.0; +http://www.bing.com/bingbot.htm)" 
207.46.13.60 - - [18/Jun/2020:04:06:43 -0700] "GET /file/ef801e05730eba56004c5b712ad84731/thumb.jpg HTTP/1.1" 200 22752 "-" "Mozilla/5.0 (compatible; bingbot/2.0; +http://www.bing.com/bingbot.htm)" 
40.77.167.148 - - [18/Jun/2020:04:07:13 -0700] "GET /2019/good-to-see-that-italy-did-the HTTP/1.1" 200 10496 "-" "Mozilla/5.0 (compatible; bingbot/2.0; +http://www.bing.com/bingbot.htm)" 
114.119.161.85 - - [18/Jun/2020:04:07:28 -0700] "GET /tag/+%23%23bread?offset=10 HTTP/1.1" 200 12119 "-" "Mozilla/5.0 (Linux; Android 7.0;) AppleWebKit/537.36 (KHTML, like Gecko) Mobile Safari/537.36 (compatible; PetalBot;+https://aspiegel.com/petalbot)" 
40.77.167.148 - - [18/Jun/2020:04:07:38 -0700] "GET /2017/one-door-opens-another-one-shuts-cleaned-up-my-rss HTTP/1.1" 200 10133 "-" "Mozilla/5.0 (compatible; bingbot/2.0; +http://www.bing.com/bingbot.htm)" 
40.77.167.131 - - [18/Jun/2020:04:08:07 -0700] "GET /vendor/forkawesome/fork-awesome/css/v5-compat.min.css HTTP/1.1" 200 6264 "-" "Mozilla/5.0 (compatible; bingbot/2.0; +http://www.bing.com/bingbot.htm)" 
40.77.167.131 - - [18/Jun/2020:04:08:07 -0700] "GET /vendor/npm-asset/underscore/underscore-min.js HTTP/1.1" 200 7035 "-" "Mozilla/5.0 (compatible; bingbot/2.0; +http://www.bing.com/bingbot.htm)" 
46.229.168.152 - - [18/Jun/2020:04:08:06 -0700] "GET /tag/indieweb?offset=56 HTTP/1.1" 200 12870 "-" "Mozilla/5.0 (compatible; SemrushBot/6~bl; +http://www.semrush.com/bot.html)" 
54.38.40.254 - - [18/Jun/2020:04:08:11 -0700] "GET /gfx/users/default-00.png HTTP/1.1" 200 8882 "-" "-" 
46.229.168.132 - - [18/Jun/2020:04:08:41 -0700] "GET /2019/wish-i-could-decide-which-of-these-covers-to-use-for-tomorrows-episode-1 HTTP/1.1" 200 9519 "-" "Mozilla/5.0 (compatible; SemrushBot/6~bl; +http://www.semrush.com/bot.html)" 
46.229.168.146 - - [18/Jun/2020:04:08:48 -0700] "GET /tag/withknown?offset=25 HTTP/1.1" 200 12808 "-" "Mozilla/5.0 (compatible; SemrushBot/6~bl; +http://www.semrush.com/bot.html)" 
46.229.168.162 - - [18/Jun/2020:04:09:02 -0700] "GET /?offset=10&q=%23%2B%23%23indieweb HTTP/1.1" 200 11679 "-" "Mozilla/5.0 (compatible; SemrushBot/6~bl; +http://www.semrush.com/bot.html)" 
