46.229.168.150 - - [13/Jun/2020:06:39:20 -0700] "GET /2018/excellent-news-thanks-now-to-find-all HTTP/1.1" 200 9887 "-" "Mozilla/5.0 (compatible; SemrushBot/6~bl; +http://www.semrush.com/bot.html)" 
46.229.168.154 - - [13/Jun/2020:06:40:14 -0700] "GET /?offset=16&q=%23%2B%23%23bread HTTP/1.1" 200 11876 "-" "Mozilla/5.0 (compatible; SemrushBot/6~bl; +http://www.semrush.com/bot.html)" 
46.229.168.133 - - [13/Jun/2020:06:40:49 -0700] "GET /content/statusupdates/?q=%23%2B%23rustic HTTP/1.1" 200 8327 "-" "Mozilla/5.0 (compatible; SemrushBot/6~bl; +http://www.semrush.com/bot.html)" 
207.46.13.212 - - [13/Jun/2020:06:42:52 -0700] "GET /2017/love-is-not-a-common-or-usual-name-of-an HTTP/1.1" 200 10679 "-" "Mozilla/5.0 (compatible; bingbot/2.0; +http://www.bing.com/bingbot.htm)" 
46.229.168.154 - - [13/Jun/2020:06:44:18 -0700] "GET /file/480782eb84b03afd90cf7eacc9d739d4/18b916a4d9ebdac71884349f8fd3c09f HTTP/1.1" 200 153144 "-" "Mozilla/5.0 (compatible; SemrushBot/6~bl; +http://www.semrush.com/bot.html)" 
46.229.168.138 - - [13/Jun/2020:06:45:08 -0700] "GET /content/photos/?offset=45&q=%23%2B%23bread HTTP/1.1" 200 11864 "-" "Mozilla/5.0 (compatible; SemrushBot/6~bl; +http://www.semrush.com/bot.html)" 
46.229.168.148 - - [13/Jun/2020:06:45:11 -0700] "GET /content/statusupdates/?q=%23%2B%23blossomsoflight HTTP/1.1" 200 8312 "-" "Mozilla/5.0 (compatible; SemrushBot/6~bl; +http://www.semrush.com/bot.html)" 
46.229.168.152 - - [13/Jun/2020:06:45:16 -0700] "GET /content/all/?offset=70&q=%23bread HTTP/1.1" 200 11843 "-" "Mozilla/5.0 (compatible; SemrushBot/6~bl; +http://www.semrush.com/bot.html)" 
167.172.211.255 - - [13/Jun/2020:06:46:03 -0700] "GET /?_t=rss HTTP/1.1" 304 3495 "-" "Feedbin feed-id:1536727 - 1 subscribers" 
66.249.66.46 - - [13/Jun/2020:06:46:10 -0700] "GET /2018/trigger-warning-friendly-reminder-to-the-men-in-m-amanda?_t=rss HTTP/1.1" 200 5680 "-" "Mozilla/5.0 (Linux; Android 6.0.1; Nexus 5X Build/MMB29P) AppleWebKit/537.36 (KHTML, like Gecko) Chrome/80.0.3987.92 Mobile Safari/537.36 (compatible; Googlebot/2.1; +http://www.google.com/bot.html)" 
46.229.168.134 - - [13/Jun/2020:06:46:32 -0700] "GET /content/bookmarkedpages/?q=%23Indieweb HTTP/1.1" 200 10862 "-" "Mozilla/5.0 (compatible; SemrushBot/6~bl; +http://www.semrush.com/bot.html)" 
46.229.168.151 - - [13/Jun/2020:06:46:53 -0700] "GET /?q=%23%2B%23e HTTP/1.1" 200 8273 "-" "Mozilla/5.0 (compatible; SemrushBot/6~bl; +http://www.semrush.com/bot.html)" 
46.229.168.141 - - [13/Jun/2020:06:47:15 -0700] "GET /content/all/?offset=66&q=%23%2B%23%23indieweb HTTP/1.1" 200 11816 "-" "Mozilla/5.0 (compatible; SemrushBot/6~bl; +http://www.semrush.com/bot.html)" 
46.229.168.140 - - [13/Jun/2020:06:47:20 -0700] "GET /2019/so-gratifying-when-people-get-stuck-right-in-this-time HTTP/1.1" 200 13016 "-" "Mozilla/5.0 (compatible; SemrushBot/6~bl; +http://www.semrush.com/bot.html)" 
46.229.168.152 - - [13/Jun/2020:06:47:28 -0700] "GET /content/statusupdates/?offset=1&q=%23indieweb HTTP/1.1" 200 11529 "-" "Mozilla/5.0 (compatible; SemrushBot/6~bl; +http://www.semrush.com/bot.html)" 
66.249.66.52 - - [13/Jun/2020:06:47:29 -0700] "GET /content/all/?offset=606 HTTP/1.1" 200 12611 "-" "Mozilla/5.0 (Linux; Android 6.0.1; Nexus 5X Build/MMB29P) AppleWebKit/537.36 (KHTML, like Gecko) Chrome/80.0.3987.92 Mobile Safari/537.36 (compatible; Googlebot/2.1; +http://www.google.com/bot.html)" 
66.249.66.50 - - [13/Jun/2020:06:47:38 -0700] "GET /service/web/unfurl/?url=https%3A%2F%2Fwww.thenutritionarchive.com%2Fblog%2F2019%2F4%2F13%2Fwhy-hunger-amidst-plenty&__bTk=eaac90559b759ea7ae377bf516368bbfcdb0ae6c84f19a55d89e917d304eae91&__bTs=1590233296 HTTP/1.1" 403 5000 "https://www.stream.jeremycherfas.net/content/all/?offset=606" "Mozilla/5.0 (Linux; Android 6.0.1; Nexus 5X Build/MMB29P) AppleWebKit/537.36 (KHTML, like Gecko) Chrome/83.0.4103.93 Mobile Safari/537.36 (compatible; Googlebot/2.1; +http://www.google.com/bot.html)" 
66.249.66.48 - - [13/Jun/2020:06:47:39 -0700] "GET /service/web/unfurl/?url=https%3A%2F%2Fwww.eatthispodcast.com%2Fwhat-to-use-when-you-cant-afford-vanilla%2F&__bTk=eaac90559b759ea7ae377bf516368bbfcdb0ae6c84f19a55d89e917d304eae91&__bTs=1590233296 HTTP/1.1" 403 4991 "https://www.stream.jeremycherfas.net/content/all/?offset=606" "Mozilla/5.0 (Linux; Android 6.0.1; Nexus 5X Build/MMB29P) AppleWebKit/537.36 (KHTML, like Gecko) Chrome/83.0.4103.93 Mobile Safari/537.36 (compatible; Googlebot/2.1; +http://www.google.com/bot.html)" 
85.208.96.65 - - [13/Jun/2020:06:48:02 -0700] "GET /content/all?_t=rss HTTP/1.1" 200 7444 "-" "Mozilla/5.0 (compatible; SemrushBot/1.0~bm; +http://www.semrush.com/bot.html)" 
64.111.100.215 - - [13/Jun/2020:06:48:03 -0700] "GET /content/all?_t=rss HTTP/1.1" 200 14885 "-" "Mozilla/5.0 (X11; U; Linux i686; fr; rv:1.9.1.1) Gecko/20090715 Firefox/3.5.1" 
46.229.168.129 - - [13/Jun/2020:06:48:37 -0700] "GET /content/bookmarkedpages/?offset=11&q=%23%2B%23food HTTP/1.1" 200 8794 "-" "Mozilla/5.0 (compatible; SemrushBot/6~bl; +http://www.semrush.com/bot.html)" 
46.229.168.147 - - [13/Jun/2020:06:48:57 -0700] "GET /2019/such-a-well-deserved-award-cant-remember HTTP/1.1" 200 9941 "-" "Mozilla/5.0 (compatible; SemrushBot/6~bl; +http://www.semrush.com/bot.html)" 
46.229.168.152 - - [13/Jun/2020:06:49:36 -0700] "GET /?offset=30&q=%23%2B%23indieweb HTTP/1.1" 200 12855 "-" "Mozilla/5.0 (compatible; SemrushBot/6~bl; +http://www.semrush.com/bot.html)" 
46.229.168.150 - - [13/Jun/2020:06:49:56 -0700] "GET /2019/so-pleased-to-be-able-to-announce-that-sourdough-u HTTP/1.1" 200 15860 "-" "Mozilla/5.0 (compatible; SemrushBot/6~bl; +http://www.semrush.com/bot.html)" 
46.229.168.143 - - [13/Jun/2020:06:50:20 -0700] "GET /2017/testing-syndication-from-quill-indieweb HTTP/1.1" 200 9210 "-" "Mozilla/5.0 (compatible; SemrushBot/6~bl; +http://www.semrush.com/bot.html)" 
8.29.198.26 - - [13/Jun/2020:06:50:54 -0700] "GET /?_t=rss HTTP/1.1" 200 7435 "-" "Feedly/1.0 (+http://www.feedly.com/fetcher.html; 2 subscribers; like FeedFetcher-Google)" 
46.229.168.131 - - [13/Jun/2020:06:50:59 -0700] "GET /tag/Indieweb?offset=111 HTTP/1.1" 200 12034 "-" "Mozilla/5.0 (compatible; SemrushBot/6~bl; +http://www.semrush.com/bot.html)" 
46.229.168.162 - - [13/Jun/2020:06:51:47 -0700] "GET /2020/youre-right-apologies-for-that-apparently-those HTTP/1.1" 200 9469 "-" "Mozilla/5.0 (compatible; SemrushBot/6~bl; +http://www.semrush.com/bot.html)" 
54.36.148.251 - - [13/Jun/2020:06:51:52 -0700] "GET /2020/never-nothing-to-see-algorithmic-feeds-or-an-inbox HTTP/1.1" 200 9310 "-" "Mozilla/5.0 (compatible; AhrefsBot/6.1; +http://ahrefs.com/robot/)" 
46.229.168.135 - - [13/Jun/2020:06:52:07 -0700] "GET /?offset=126&q=%23indieweb HTTP/1.1" 200 11792 "-" "Mozilla/5.0 (compatible; SemrushBot/6~bl; +http://www.semrush.com/bot.html)" 
46.229.168.129 - - [13/Jun/2020:06:52:09 -0700] "GET /tag/IndieWeb?offset=64 HTTP/1.1" 200 11498 "-" "Mozilla/5.0 (compatible; SemrushBot/6~bl; +http://www.semrush.com/bot.html)" 
157.55.39.110 - - [13/Jun/2020:06:53:03 -0700] "GET /file/cc8c7db1eefa8bbbad88daa559cf59b3/thumb.jpg HTTP/1.1" 200 116837 "-" "Mozilla/5.0 (compatible; bingbot/2.0; +http://www.bing.com/bingbot.htm)" 
54.36.148.201 - - [13/Jun/2020:06:54:37 -0700] "GET /2020/what-was-it-like HTTP/1.1" 200 9579 "-" "Mozilla/5.0 (compatible; AhrefsBot/6.1; +http://ahrefs.com/robot/)" 
85.208.96.68 - - [13/Jun/2020:06:55:26 -0700] "GET /2020/isellsoap-i-know-that-chrisaldrich-was-involved HTTP/1.1" 200 10218 "-" "Mozilla/5.0 (compatible; SemrushBot/1.0~bm; +http://www.semrush.com/bot.html)" 
46.229.168.129 - - [13/Jun/2020:06:56:44 -0700] "GET /2017/in-so-many-respects-marijuana-is-a-mirror-of-food HTTP/1.1" 200 9740 "-" "Mozilla/5.0 (compatible; SemrushBot/6~bl; +http://www.semrush.com/bot.html)" 
46.229.168.145 - - [13/Jun/2020:06:56:46 -0700] "GET /content/posts/?offset=87 HTTP/1.1" 200 8553 "-" "Mozilla/5.0 (compatible; SemrushBot/6~bl; +http://www.semrush.com/bot.html)" 
46.229.168.136 - - [13/Jun/2020:06:56:56 -0700] "GET /content/all/?offset=20 HTTP/1.1" 200 11739 "-" "Mozilla/5.0 (compatible; SemrushBot/6~bl; +http://www.semrush.com/bot.html)" 
66.249.66.52 - - [13/Jun/2020:06:56:57 -0700] "GET /content/all/?offset=516&_t=rss HTTP/1.1" 200 8230 "-" "Mozilla/5.0 (Linux; Android 6.0.1; Nexus 5X Build/MMB29P) AppleWebKit/537.36 (KHTML, like Gecko) Chrome/80.0.3987.92 Mobile Safari/537.36 (compatible; Googlebot/2.1; +http://www.google.com/bot.html)" 
114.119.160.143 - - [13/Jun/2020:06:57:51 -0700] "GET /tag/WithKnown?offset=11 HTTP/1.1" 200 11791 "-" "Mozilla/5.0 (Linux; Android 7.0;) AppleWebKit/537.36 (KHTML, like Gecko) Mobile Safari/537.36 (compatible; PetalBot;+https://aspiegel.com/petalbot)" 
198.58.103.115 - - [13/Jun/2020:06:58:02 -0700] "GET /content/all/?_t=rss HTTP/1.1" 200 7490 "-" "Superfeedr bot/2.0 http://superfeedr.com - Make your feeds realtime: get in touch - feed-id:1122325712" 
198.58.102.95 - - [13/Jun/2020:06:58:03 -0700] "GET /content/all/?_t=rss HTTP/1.1" 200 7490 "-" "Superfeedr bot/2.0 http://superfeedr.com - Make your feeds realtime: get in touch - feed-id:1122325712" 
46.229.168.132 - - [13/Jun/2020:06:58:14 -0700] "GET /content/all/?offset=128&q=%23indieweb HTTP/1.1" 200 12402 "-" "Mozilla/5.0 (compatible; SemrushBot/6~bl; +http://www.semrush.com/bot.html)" 
46.229.168.143 - - [13/Jun/2020:06:58:24 -0700] "GET /2019/if-you-want-to-understand-webmentions-in HTTP/1.1" 200 10173 "-" "Mozilla/5.0 (compatible; SemrushBot/6~bl; +http://www.semrush.com/bot.html)" 
31.125.4.209 - - [13/Jun/2020:06:58:34 -0700] "GET /2020/an-ad-hoc-meeting-of-the-withknown-open-collective HTTP/1.1" 200 13952 "-" "Mozilla/5.0 (Windows NT 10.0; rv:68.0) Gecko/20100101 Firefox/68.0" 
31.125.4.209 - - [13/Jun/2020:06:58:34 -0700] "GET /vendor/npm-asset/jquery/dist/jquery.min.js HTTP/1.1" 200 31956 "https://stream.jeremycherfas.net/" "Mozilla/5.0 (Windows NT 10.0; rv:68.0) Gecko/20100101 Firefox/68.0" 
31.125.4.209 - - [13/Jun/2020:06:58:34 -0700] "GET /vendor/npm-asset/bootstrap-accessibility-plugin/plugins/css/bootstrap-accessibility.css HTTP/1.1" 200 1114 "https://stream.jeremycherfas.net/" "Mozilla/5.0 (Windows NT 10.0; rv:68.0) Gecko/20100101 Firefox/68.0" 
31.125.4.209 - - [13/Jun/2020:06:58:34 -0700] "GET /vendor/forkawesome/fork-awesome/css/v5-compat.min.css HTTP/1.1" 200 2592 "https://stream.jeremycherfas.net/" "Mozilla/5.0 (Windows NT 10.0; rv:68.0) Gecko/20100101 Firefox/68.0" 
31.125.4.209 - - [13/Jun/2020:06:58:34 -0700] "GET /js/1579440966/known.min.js HTTP/1.1" 200 4900 "https://stream.jeremycherfas.net/" "Mozilla/5.0 (Windows NT 10.0; rv:68.0) Gecko/20100101 Firefox/68.0" 
31.125.4.209 - - [13/Jun/2020:06:58:34 -0700] "GET /vendor/npm-asset/bootstrap-toggle/js/bootstrap-toggle.js HTTP/1.1" 200 2024 "https://stream.jeremycherfas.net/" "Mozilla/5.0 (Windows NT 10.0; rv:68.0) Gecko/20100101 Firefox/68.0" 
31.125.4.209 - - [13/Jun/2020:06:58:34 -0700] "GET /css/1579440965/known.min.css HTTP/1.1" 200 7734 "https://stream.jeremycherfas.net/" "Mozilla/5.0 (Windows NT 10.0; rv:68.0) Gecko/20100101 Firefox/68.0" 
31.125.4.209 - - [13/Jun/2020:06:58:34 -0700] "GET /vendor/npm-asset/bootstrap-toggle/css/bootstrap-toggle.min.css HTTP/1.1" 200 979 "https://stream.jeremycherfas.net/" "Mozilla/5.0 (Windows NT 10.0; rv:68.0) Gecko/20100101 Firefox/68.0" 
31.125.4.209 - - [13/Jun/2020:06:58:34 -0700] "GET /vendor/twbs/bootstrap/dist/js/bootstrap.min.js HTTP/1.1" 200 11786 "https://stream.jeremycherfas.net/" "Mozilla/5.0 (Windows NT 10.0; rv:68.0) Gecko/20100101 Firefox/68.0" 
31.125.4.209 - - [13/Jun/2020:06:58:34 -0700] "GET /vendor/idno/mentionjs/recommended-styles.css HTTP/1.1" 200 600 "https://stream.jeremycherfas.net/" "Mozilla/5.0 (Windows NT 10.0; rv:68.0) Gecko/20100101 Firefox/68.0" 
31.125.4.209 - - [13/Jun/2020:06:58:34 -0700] "GET /IdnoPlugins/Checkin/external/leaflet/leaflet.min.css HTTP/1.1" 200 2532 "https://stream.jeremycherfas.net/" "Mozilla/5.0 (Windows NT 10.0; rv:68.0) Gecko/20100101 Firefox/68.0" 
31.125.4.209 - - [13/Jun/2020:06:58:35 -0700] "GET /IdnoPlugins/Checkin/external/stamen-maps/tile.stamen.min.js HTTP/1.1" 200 1983 "https://stream.jeremycherfas.net/" "Mozilla/5.0 (Windows NT 10.0; rv:68.0) Gecko/20100101 Firefox/68.0" 
31.125.4.209 - - [13/Jun/2020:06:58:35 -0700] "GET /IdnoPlugins/Checkin/external/leaflet/leaflet.js HTTP/1.1" 200 34091 "https://stream.jeremycherfas.net/" "Mozilla/5.0 (Windows NT 10.0; rv:68.0) Gecko/20100101 Firefox/68.0" 
31.125.4.209 - - [13/Jun/2020:06:58:35 -0700] "GET /IdnoPlugins/Media/external/wavesurfer/dist/wavesurfer.min.js HTTP/1.1" 200 6834 "https://stream.jeremycherfas.net/" "Mozilla/5.0 (Windows NT 10.0; rv:68.0) Gecko/20100101 Firefox/68.0" 
31.125.4.209 - - [13/Jun/2020:06:58:35 -0700] "GET /Themes/Solo/css/default.min.css HTTP/1.1" 200 963 "https://stream.jeremycherfas.net/" "Mozilla/5.0 (Windows NT 10.0; rv:68.0) Gecko/20100101 Firefox/68.0" 
31.125.4.209 - - [13/Jun/2020:06:58:35 -0700] "GET /vendor/npm-asset/mediaelement/build/mediaelement-and-player.min.js HTTP/1.1" 200 41537 "https://stream.jeremycherfas.net/" "Mozilla/5.0 (Windows NT 10.0; rv:68.0) Gecko/20100101 Firefox/68.0" 
31.125.4.209 - - [13/Jun/2020:06:58:35 -0700] "GET /vendor/npm-asset/mediaelement/build/mediaelementplayer.min.css HTTP/1.1" 200 3096 "https://stream.jeremycherfas.net/" "Mozilla/5.0 (Windows NT 10.0; rv:68.0) Gecko/20100101 Firefox/68.0" 
31.125.4.209 - - [13/Jun/2020:06:58:35 -0700] "GET /vendor/npm-asset/vanilla-fitvids/jquery.fitvids.js HTTP/1.1" 200 1791 "https://stream.jeremycherfas.net/" "Mozilla/5.0 (Windows NT 10.0; rv:68.0) Gecko/20100101 Firefox/68.0" 
31.125.4.209 - - [13/Jun/2020:06:58:35 -0700] "GET /vendor/rmm5t/jquery-timeago/jquery.timeago.js HTTP/1.1" 200 2991 "https://stream.jeremycherfas.net/" "Mozilla/5.0 (Windows NT 10.0; rv:68.0) Gecko/20100101 Firefox/68.0" 
31.125.4.209 - - [13/Jun/2020:06:58:35 -0700] "GET /vendor/rmm5t/jquery-timeago/locales/jquery.timeago.en.js HTTP/1.1" 200 804 "https://stream.jeremycherfas.net/" "Mozilla/5.0 (Windows NT 10.0; rv:68.0) Gecko/20100101 Firefox/68.0" 
31.125.4.209 - - [13/Jun/2020:06:58:35 -0700] "GET /vendor/npm-asset/underscore/underscore-min.js HTTP/1.1" 200 7035 "https://stream.jeremycherfas.net/" "Mozilla/5.0 (Windows NT 10.0; rv:68.0) Gecko/20100101 Firefox/68.0" 
31.125.4.209 - - [13/Jun/2020:06:58:35 -0700] "GET /vendor/npm-asset/exif-js/exif.js HTTP/1.1" 200 9938 "https://stream.jeremycherfas.net/" "Mozilla/5.0 (Windows NT 10.0; rv:68.0) Gecko/20100101 Firefox/68.0" 
31.125.4.209 - - [13/Jun/2020:06:58:35 -0700] "GET /vendor/npm-asset/bootstrap-accessibility-plugin/plugins/js/bootstrap-accessibility.min.js HTTP/1.1" 200 4964 "https://stream.jeremycherfas.net/" "Mozilla/5.0 (Windows NT 10.0; rv:68.0) Gecko/20100101 Firefox/68.0" 
31.125.4.209 - - [13/Jun/2020:06:58:35 -0700] "GET /vendor/twbs/bootstrap/dist/css/bootstrap.min.css HTTP/1.1" 200 20899 "https://stream.jeremycherfas.net/" "Mozilla/5.0 (Windows NT 10.0; rv:68.0) Gecko/20100101 Firefox/68.0" 
31.125.4.209 - - [13/Jun/2020:06:58:36 -0700] "GET /vendor/forkawesome/fork-awesome/css/fork-awesome.min.css HTTP/1.1" 200 9074 "https://stream.jeremycherfas.net/" "Mozilla/5.0 (Windows NT 10.0; rv:68.0) Gecko/20100101 Firefox/68.0" 
31.125.4.209 - - [13/Jun/2020:06:58:37 -0700] "GET /gfx/users/default-00.png HTTP/1.1" 200 5798 "https://stream.jeremycherfas.net/" "Mozilla/5.0 (Windows NT 10.0; rv:68.0) Gecko/20100101 Firefox/68.0" 
31.125.4.209 - - [13/Jun/2020:06:58:37 -0700] "GET /vendor/forkawesome/fork-awesome/fonts/forkawesome-webfont.woff2?v=1.1.7 HTTP/1.1" 200 92179 "https://stream.jeremycherfas.net/" "Mozilla/5.0 (Windows NT 10.0; rv:68.0) Gecko/20100101 Firefox/68.0" 
31.125.4.209 - - [13/Jun/2020:06:58:37 -0700] "GET /service/web/imageproxy/aHR0cHM6Ly9wYnMudHdpbWcuY29tL3Byb2ZpbGVfaW1hZ2VzLzU2NTIyNzcxMDEwNDg4MzIwMC9nNE1EY1RueC5qcGVn/300/square HTTP/1.1" 200 13419 "https://stream.jeremycherfas.net/" "Mozilla/5.0 (Windows NT 10.0; rv:68.0) Gecko/20100101 Firefox/68.0" 
31.125.4.209 - - [13/Jun/2020:06:58:37 -0700] "GET /gfx/logos/apple-icon-144x144.png HTTP/1.1" 200 10316 "-" "Mozilla/5.0 (Windows NT 10.0; rv:68.0) Gecko/20100101 Firefox/68.0" 
31.125.4.209 - - [13/Jun/2020:06:58:37 -0700] "GET /file/ef801e05730eba56004c5b712ad84731/thumb.jpg HTTP/1.1" 200 22619 "-" "Mozilla/5.0 (Windows NT 10.0; rv:68.0) Gecko/20100101 Firefox/68.0" 
31.125.4.209 - - [13/Jun/2020:06:58:37 -0700] "GET /file/ef801e05730eba56004c5b712ad84731/thumb.jpg HTTP/1.1" 200 22619 "https://stream.jeremycherfas.net/" "Mozilla/5.0 (Windows NT 10.0; rv:68.0) Gecko/20100101 Firefox/68.0" 
31.125.4.209 - - [13/Jun/2020:06:58:37 -0700] "GET /service/web/imageproxy/aHR0cHM6Ly9hYXJvbnBhcmVja2kuY29tL2ltYWdlcy9wcm9maWxlLmpwZw,,/300/square HTTP/1.1" 200 15921 "https://stream.jeremycherfas.net/" "Mozilla/5.0 (Windows NT 10.0; rv:68.0) Gecko/20100101 Firefox/68.0" 
46.229.168.137 - - [13/Jun/2020:06:58:56 -0700] "GET /content/statusupdates/?q=%23failedbread HTTP/1.1" 200 8295 "-" "Mozilla/5.0 (compatible; SemrushBot/6~bl; +http://www.semrush.com/bot.html)" 
54.39.188.170 - - [13/Jun/2020:06:59:43 -0700] "GET /?_t=rss HTTP/1.1" 200 7533 "-" "Mozilla/5.0 (compatible; YaK/1.0; http://linkfluence.com/; bot@linkfluence.com)" 
46.229.168.129 - - [13/Jun/2020:06:59:46 -0700] "GET /content/all/?offset=130&q=%23indieweb HTTP/1.1" 200 12750 "-" "Mozilla/5.0 (compatible; SemrushBot/6~bl; +http://www.semrush.com/bot.html)" 
46.229.168.147 - - [13/Jun/2020:07:00:14 -0700] "GET /tag/indieweb?offset=10 HTTP/1.1" 200 11569 "-" "Mozilla/5.0 (compatible; SemrushBot/6~bl; +http://www.semrush.com/bot.html)" 
46.229.168.134 - - [13/Jun/2020:07:01:06 -0700] "GET /content/all/?offset=20&q=%23sourdough HTTP/1.1" 200 11704 "-" "Mozilla/5.0 (compatible; SemrushBot/6~bl; +http://www.semrush.com/bot.html)" 
96.126.125.129 - - [13/Jun/2020:07:02:21 -0700] "GET /content/statusupdates/posts/photos/checkins/bookmarkedpages?_t=rss HTTP/1.1" 200 7442 "-" "Micro.blog/1.0" 
46.229.168.134 - - [13/Jun/2020:07:02:50 -0700] "GET /?offset=20&q=%23IndieWeb HTTP/1.1" 200 11293 "-" "Mozilla/5.0 (compatible; SemrushBot/6~bl; +http://www.semrush.com/bot.html)" 
46.229.168.134 - - [13/Jun/2020:07:02:57 -0700] "GET /file/12e3488ea6e60d1784f2632e362b79de/0aae814713e88862c472948539ece306 HTTP/1.1" 200 107480 "-" "Mozilla/5.0 (compatible; SemrushBot/6~bl; +http://www.semrush.com/bot.html)" 
46.229.168.132 - - [13/Jun/2020:07:03:02 -0700] "GET /2019/where-to-push-for-greater-food-safety HTTP/1.1" 200 9604 "-" "Mozilla/5.0 (compatible; SemrushBot/6~bl; +http://www.semrush.com/bot.html)" 
54.167.197.210 - - [13/Jun/2020:07:03:04 -0700] "GET /?_t=rss HTTP/1.1" 200 7435 "-" "glitch-feeder/1.0 (+https://glitch.com/~lmo-feeder)" 
64.111.100.215 - - [13/Jun/2020:07:03:15 -0700] "GET /content/all?_t=rss HTTP/1.1" 200 14885 "-" "Mozilla/5.0 (X11; U; Linux i686; fr; rv:1.9.1.1) Gecko/20090715 Firefox/3.5.1" 
54.36.148.201 - - [13/Jun/2020:07:03:29 -0700] "GET /content/bookmarkedpages/?q=%23+%23IndieWeb HTTP/1.1" 200 10928 "-" "Mozilla/5.0 (compatible; AhrefsBot/6.1; +http://ahrefs.com/robot/)" 
114.119.160.143 - - [13/Jun/2020:07:03:34 -0700] "GET /tag/indieweb?offset=124 HTTP/1.1" 200 11231 "-" "Mozilla/5.0 (Linux; Android 7.0;) AppleWebKit/537.36 (KHTML, like Gecko) Mobile Safari/537.36 (compatible; PetalBot;+https://aspiegel.com/petalbot)" 
46.229.168.146 - - [13/Jun/2020:07:03:36 -0700] "GET /content/photos/?offset=33&q=%23sourdough HTTP/1.1" 200 11274 "-" "Mozilla/5.0 (compatible; SemrushBot/6~bl; +http://www.semrush.com/bot.html)" 
46.229.168.146 - - [13/Jun/2020:07:03:54 -0700] "GET /2018/gordons-notes-we-still-need-a-way-to-explore-and HTTP/1.1" 200 9369 "-" "Mozilla/5.0 (compatible; SemrushBot/6~bl; +http://www.semrush.com/bot.html)" 
45.79.26.51 - - [13/Jun/2020:07:05:07 -0700] "GET /content/statusupdates/posts/photos/checkins/bookmarkedpages?_t=rss HTTP/1.1" 200 7437 "-" "Micro.blog/1.0" 
46.229.168.134 - - [13/Jun/2020:07:05:21 -0700] "GET /?offset=6&q=%23sourdough HTTP/1.1" 200 12462 "-" "Mozilla/5.0 (compatible; SemrushBot/6~bl; +http://www.semrush.com/bot.html)" 
46.229.168.152 - - [13/Jun/2020:07:05:23 -0700] "GET /content/rsvp/?q=%23seeded HTTP/1.1" 200 8274 "-" "Mozilla/5.0 (compatible; SemrushBot/6~bl; +http://www.semrush.com/bot.html)" 
54.36.148.176 - - [13/Jun/2020:07:05:29 -0700] "GET /2019/im-a-late-adopter-on-indieweb-readers HTTP/1.1" 200 9442 "-" "Mozilla/5.0 (compatible; AhrefsBot/6.1; +http://ahrefs.com/robot/)" 
66.249.66.48 - - [13/Jun/2020:07:06:25 -0700] "GET /content/all/?offset=596&_t=rss HTTP/1.1" 200 7926 "-" "Mozilla/5.0 (Linux; Android 6.0.1; Nexus 5X Build/MMB29P) AppleWebKit/537.36 (KHTML, like Gecko) Chrome/80.0.3987.92 Mobile Safari/537.36 (compatible; Googlebot/2.1; +http://www.google.com/bot.html)" 
66.249.66.44 - - [13/Jun/2020:07:07:17 -0700] "GET /2019/day-1-of-indieweb-challenge-2019-12-indieweb-challenge-fixed HTTP/1.1" 200 10739 "-" "Mozilla/5.0 (Linux; Android 6.0.1; Nexus 5X Build/MMB29P) AppleWebKit/537.36 (KHTML, like Gecko) Chrome/80.0.3987.92 Mobile Safari/537.36 (compatible; Googlebot/2.1; +http://www.google.com/bot.html)" 
66.249.66.48 - - [13/Jun/2020:07:07:25 -0700] "GET / HTTP/1.1" 200 12608 "-" "Mozilla/5.0 (Linux; Android 6.0.1; Nexus 5X Build/MMB29P) AppleWebKit/537.36 (KHTML, like Gecko) Chrome/80.0.3987.92 Mobile Safari/537.36 (compatible; Googlebot/2.1; +http://www.google.com/bot.html)" 
46.229.168.163 - - [13/Jun/2020:07:08:12 -0700] "GET /content/all/?offset=130&q=%23%2B%23indieweb HTTP/1.1" 200 12716 "-" "Mozilla/5.0 (compatible; SemrushBot/6~bl; +http://www.semrush.com/bot.html)" 
46.229.168.151 - - [13/Jun/2020:07:08:51 -0700] "GET /2019/maybe-its-just-me-kewgardens-but-i HTTP/1.1" 200 10404 "-" "Mozilla/5.0 (compatible; SemrushBot/6~bl; +http://www.semrush.com/bot.html)" 
46.229.168.137 - - [13/Jun/2020:07:09:00 -0700] "GET /content/statusupdates/?offset=21&q=%23Indieweb HTTP/1.1" 200 11129 "-" "Mozilla/5.0 (compatible; SemrushBot/6~bl; +http://www.semrush.com/bot.html)" 
46.229.168.129 - - [13/Jun/2020:07:09:18 -0700] "GET /tag/Sourdough?offset=9 HTTP/1.1" 200 12251 "-" "Mozilla/5.0 (compatible; SemrushBot/6~bl; +http://www.semrush.com/bot.html)" 
207.46.13.212 - - [13/Jun/2020:07:10:00 -0700] "GET /2018/essential-research-for-an-upcoming-episode HTTP/1.1" 200 14011 "-" "Mozilla/5.0 (compatible; bingbot/2.0; +http://www.bing.com/bingbot.htm)" 
66.249.66.44 - - [13/Jun/2020:07:10:23 -0700] "GET /2019/underestimated-the-starters-enthusiasm-for-todays-big-bake HTTP/1.1" 200 15023 "-" "Mozilla/5.0 (Linux; Android 6.0.1; Nexus 5X Build/MMB29P) AppleWebKit/537.36 (KHTML, like Gecko) Chrome/80.0.3987.92 Mobile Safari/537.36 (compatible; Googlebot/2.1; +http://www.google.com/bot.html)" 
96.126.125.129 - - [13/Jun/2020:07:11:39 -0700] "GET /content/statusupdates/posts/photos/checkins/bookmarkedpages?_t=rss HTTP/1.1" 200 7442 "-" "Micro.blog/1.0" 
46.229.168.149 - - [13/Jun/2020:07:11:58 -0700] "GET /robots.txt HTTP/1.1" 200 4276 "-" "Mozilla/5.0 (compatible; SemrushBot/6~bl; +http://www.semrush.com/bot.html)" 
46.229.168.142 - - [13/Jun/2020:07:11:59 -0700] "GET /2019/all-podcasts-are-shows-not-all-shows-are-podcasts HTTP/1.1" 200 9390 "-" "Mozilla/5.0 (compatible; SemrushBot/6~bl; +http://www.semrush.com/bot.html)" 
96.126.125.129 - - [13/Jun/2020:07:12:46 -0700] "GET /content/statusupdates/posts/photos/checkins/bookmarkedpages?_t=rss HTTP/1.1" 200 7442 "-" "Micro.blog/1.0" 
46.229.168.132 - - [13/Jun/2020:07:12:56 -0700] "GET /?offset=19&q=%23podcast HTTP/1.1" 200 12089 "-" "Mozilla/5.0 (compatible; SemrushBot/6~bl; +http://www.semrush.com/bot.html)" 
46.229.168.140 - - [13/Jun/2020:07:13:25 -0700] "GET /content/all/?offset=107&q=%23indieweb HTTP/1.1" 200 12125 "-" "Mozilla/5.0 (compatible; SemrushBot/6~bl; +http://www.semrush.com/bot.html)" 
46.229.168.129 - - [13/Jun/2020:07:13:37 -0700] "GET /2017/the-decentralized-social-web HTTP/1.1" 200 9411 "-" "Mozilla/5.0 (compatible; SemrushBot/6~bl; +http://www.semrush.com/bot.html)" 
114.119.165.2 - - [13/Jun/2020:07:15:22 -0700] "GET /tag/Indieweb?offset=30 HTTP/1.1" 200 12809 "-" "Mozilla/5.0 (Linux; Android 7.0;) AppleWebKit/537.36 (KHTML, like Gecko) Mobile Safari/537.36 (compatible; PetalBot;+https://aspiegel.com/petalbot)" 
159.65.77.58 - - [13/Jun/2020:07:15:37 -0700] "GET /?_t=rss HTTP/1.1" 304 3495 "-" "Feedbin feed-id:1536727 - 1 subscribers" 
66.249.66.44 - - [13/Jun/2020:07:15:43 -0700] "GET /service/web/imageproxy/aHR0cHM6Ly93d3cuZ3JhdmF0YXIuY29tL2F2YXRhci8wM2ZiMzY3ZGQ0YzdhZWE1NmY3N2RmYTQ5NmRiMzcyNT9zPTk2JmQ9aHR0cHMlM0ElMkYlMkZtaWNyby5ibG9nJTJGaW1hZ2VzJTJGYmxhbmtfYXZhdGFyLnBuZw,,/300/square HTTP/1.1" 200 8334 "-" "Googlebot-Image/1.0" 
46.229.168.147 - - [13/Jun/2020:07:15:47 -0700] "GET /content/audio/?q=%23%2B%23norovirus HTTP/1.1" 200 8294 "-" "Mozilla/5.0 (compatible; SemrushBot/6~bl; +http://www.semrush.com/bot.html)" 
66.249.66.44 - - [13/Jun/2020:07:15:53 -0700] "GET /2018/artificial-intelligence HTTP/1.1" 200 11303 "-" "Mozilla/5.0 (Linux; Android 6.0.1; Nexus 5X Build/MMB29P) AppleWebKit/537.36 (KHTML, like Gecko) Chrome/80.0.3987.92 Mobile Safari/537.36 (compatible; Googlebot/2.1; +http://www.google.com/bot.html)" 
46.229.168.131 - - [13/Jun/2020:07:16:43 -0700] "GET /?q=%23%2B%23Black_pepper HTTP/1.1" 200 8300 "-" "Mozilla/5.0 (compatible; SemrushBot/6~bl; +http://www.semrush.com/bot.html)" 
46.229.168.140 - - [13/Jun/2020:07:17:00 -0700] "GET /content/rsvp/?q=%23FDA HTTP/1.1" 200 8295 "-" "Mozilla/5.0 (compatible; SemrushBot/6~bl; +http://www.semrush.com/bot.html)" 
66.249.66.48 - - [13/Jun/2020:07:17:38 -0700] "GET /2018/so-excited-and-in-a-few-days-i-may-actually HTTP/1.1" 304 4068 "-" "Mozilla/5.0 (Linux; Android 6.0.1; Nexus 5X Build/MMB29P) AppleWebKit/537.36 (KHTML, like Gecko) Chrome/80.0.3987.92 Mobile Safari/537.36 (compatible; Googlebot/2.1; +http://www.google.com/bot.html)" 
46.229.168.148 - - [13/Jun/2020:07:17:48 -0700] "GET /content/locations/?q=%23%2B%238482 HTTP/1.1" 200 8321 "-" "Mozilla/5.0 (compatible; SemrushBot/6~bl; +http://www.semrush.com/bot.html)" 
64.111.100.215 - - [13/Jun/2020:07:18:26 -0700] "GET /content/all?_t=rss HTTP/1.1" 200 14885 "-" "Mozilla/5.0 (X11; U; Linux i686; fr; rv:1.9.1.1) Gecko/20090715 Firefox/3.5.1" 
64.111.100.215 - - [13/Jun/2020:07:18:26 -0700] "GET /content/all?_t=rss HTTP/1.1" 200 14885 "-" "Mozilla/5.0 (X11; U; Linux i686; fr; rv:1.9.1.1) Gecko/20090715 Firefox/3.5.1" 
96.126.125.129 - - [13/Jun/2020:07:18:50 -0700] "GET /content/statusupdates/posts/photos/checkins/bookmarkedpages?_t=rss HTTP/1.1" 200 7442 "-" "Micro.blog/1.0" 
46.229.168.146 - - [13/Jun/2020:07:19:27 -0700] "GET /tag/IndieWeb?offset=98 HTTP/1.1" 200 14698 "-" "Mozilla/5.0 (compatible; SemrushBot/6~bl; +http://www.semrush.com/bot.html)" 
96.126.125.129 - - [13/Jun/2020:07:19:29 -0700] "GET /content/statusupdates/posts/photos/checkins/bookmarkedpages?_t=rss HTTP/1.1" 200 7442 "-" "Micro.blog/1.0" 
40.77.167.194 - - [13/Jun/2020:07:20:27 -0700] "GET /2019/chris-i-dont-know-what-got-you HTTP/1.1" 200 10444 "-" "Mozilla/5.0 (compatible; bingbot/2.0; +http://www.bing.com/bingbot.htm)" 
46.229.168.145 - - [13/Jun/2020:07:20:57 -0700] "GET /2019/idlis-for-breakfast-delicious-and-very-sustaining HTTP/1.1" 200 14677 "-" "Mozilla/5.0 (compatible; SemrushBot/6~bl; +http://www.semrush.com/bot.html)" 
46.229.168.148 - - [13/Jun/2020:07:21:43 -0700] "GET /?offset=41&q=%23%2B%23podcast HTTP/1.1" 200 12096 "-" "Mozilla/5.0 (compatible; SemrushBot/6~bl; +http://www.semrush.com/bot.html)" 
46.229.168.142 - - [13/Jun/2020:07:22:12 -0700] "GET /tag/bread?offset=61 HTTP/1.1" 200 11910 "-" "Mozilla/5.0 (compatible; SemrushBot/6~bl; +http://www.semrush.com/bot.html)" 
46.229.168.142 - - [13/Jun/2020:07:22:49 -0700] "GET /robots.txt HTTP/1.1" 200 4300 "-" "Mozilla/5.0 (compatible; SemrushBot/6~bl; +http://www.semrush.com/bot.html)" 
46.229.168.141 - - [13/Jun/2020:07:22:50 -0700] "GET /?offset=38&q=%23WithKnown HTTP/1.1" 200 11361 "-" "Mozilla/5.0 (compatible; SemrushBot/6~bl; +http://www.semrush.com/bot.html)" 
46.229.168.131 - - [13/Jun/2020:07:22:55 -0700] "GET /2019/ok-from-omnibear-testing-a-link-to HTTP/1.1" 200 9376 "-" "Mozilla/5.0 (compatible; SemrushBot/6~bl; +http://www.semrush.com/bot.html)" 
45.79.26.51 - - [13/Jun/2020:07:23:48 -0700] "GET /content/statusupdates/posts/photos/checkins/bookmarkedpages?_t=rss HTTP/1.1" 200 7437 "-" "Micro.blog/1.0" 
66.249.66.48 - - [13/Jun/2020:07:25:21 -0700] "GET /view/ca60d414baefa1972347c6ffcc30afab HTTP/1.1" 200 12658 "-" "Mozilla/5.0 (Linux; Android 6.0.1; Nexus 5X Build/MMB29P) AppleWebKit/537.36 (KHTML, like Gecko) Chrome/80.0.3987.92 Mobile Safari/537.36 (compatible; Googlebot/2.1; +http://www.google.com/bot.html)" 
46.229.168.162 - - [13/Jun/2020:07:25:27 -0700] "GET /2018/checked-into-4 HTTP/1.1" 200 9493 "-" "Mozilla/5.0 (compatible; SemrushBot/6~bl; +http://www.semrush.com/bot.html)" 
46.229.168.137 - - [13/Jun/2020:07:26:47 -0700] "GET /content/photos/?offset=50&q=%23%2B%23sourdough HTTP/1.1" 200 9414 "-" "Mozilla/5.0 (compatible; SemrushBot/6~bl; +http://www.semrush.com/bot.html)" 
46.229.168.136 - - [13/Jun/2020:07:26:51 -0700] "GET /content/all/?q=%23%2B%23Rome HTTP/1.1" 200 13118 "-" "Mozilla/5.0 (compatible; SemrushBot/6~bl; +http://www.semrush.com/bot.html)" 
46.229.168.137 - - [13/Jun/2020:07:27:33 -0700] "GET /tag/bread?offset=0 HTTP/1.1" 200 12181 "-" "Mozilla/5.0 (compatible; SemrushBot/6~bl; +http://www.semrush.com/bot.html)" 
66.249.66.44 - - [13/Jun/2020:07:27:37 -0700] "GET /robots.txt HTTP/1.1" 200 4857 "-" "Mozilla/5.0 (compatible; Googlebot/2.1; +http://www.google.com/bot.html)" 
66.249.66.48 - - [13/Jun/2020:07:27:37 -0700] "GET /2018/the-garden-and-the-stream-a-technopastoral-hapgood HTTP/1.1" 304 4068 "-" "Mozilla/5.0 (Linux; Android 6.0.1; Nexus 5X Build/MMB29P) AppleWebKit/537.36 (KHTML, like Gecko) Chrome/80.0.3987.92 Mobile Safari/537.36 (compatible; Googlebot/2.1; +http://www.google.com/bot.html)" 
46.229.168.152 - - [13/Jun/2020:07:27:57 -0700] "GET /2019/noffle-i-know-absolutely-nothing-about-server HTTP/1.1" 200 10332 "-" "Mozilla/5.0 (compatible; SemrushBot/6~bl; +http://www.semrush.com/bot.html)" 
96.126.125.129 - - [13/Jun/2020:07:28:54 -0700] "GET /content/statusupdates/posts/photos/checkins/bookmarkedpages?_t=rss HTTP/1.1" 200 7442 "-" "Micro.blog/1.0" 
46.229.168.138 - - [13/Jun/2020:07:29:00 -0700] "GET /?offset=50 HTTP/1.1" 200 10942 "-" "Mozilla/5.0 (compatible; SemrushBot/6~bl; +http://www.semrush.com/bot.html)" 
46.229.168.140 - - [13/Jun/2020:07:29:09 -0700] "GET /tag/Sourdough?offset=20 HTTP/1.1" 200 11728 "-" "Mozilla/5.0 (compatible; SemrushBot/6~bl; +http://www.semrush.com/bot.html)" 
46.229.168.133 - - [13/Jun/2020:07:31:24 -0700] "GET /2019/adactio-journalpassengers-log-queen-mary-2-august-2019 HTTP/1.1" 200 9346 "-" "Mozilla/5.0 (compatible; SemrushBot/6~bl; +http://www.semrush.com/bot.html)" 
46.229.168.149 - - [13/Jun/2020:07:33:14 -0700] "GET /content/posts?offset=75 HTTP/1.1" 200 13339 "-" "Mozilla/5.0 (compatible; SemrushBot/6~bl; +http://www.semrush.com/bot.html)" 
45.79.26.51 - - [13/Jun/2020:07:33:17 -0700] "GET /content/statusupdates/posts/photos/checkins/bookmarkedpages?_t=rss HTTP/1.1" 200 7437 "-" "Micro.blog/1.0" 
64.111.100.215 - - [13/Jun/2020:07:33:28 -0700] "GET /content/all?_t=rss HTTP/1.1" 200 14885 "-" "Mozilla/5.0 (X11; U; Linux i686; fr; rv:1.9.1.1) Gecko/20090715 Firefox/3.5.1" 
54.236.48.55 - - [13/Jun/2020:07:33:29 -0700] "GET /?_t=rss HTTP/1.1" 200 7435 "-" "glitch-feeder/1.0 (+https://glitch.com/~lmo-feeder)" 
207.46.13.212 - - [13/Jun/2020:07:33:34 -0700] "GET / HTTP/1.1" 200 12608 "-" "Mozilla/5.0 (compatible; bingbot/2.0; +http://www.bing.com/bingbot.htm)" 
46.229.168.147 - - [13/Jun/2020:07:34:26 -0700] "GET /content/statusupdates/?q=%23opencollective HTTP/1.1" 200 8297 "-" "Mozilla/5.0 (compatible; SemrushBot/6~bl; +http://www.semrush.com/bot.html)" 
66.249.66.46 - - [13/Jun/2020:07:34:49 -0700] "GET /view/8665d9ac8c05291c8c0ebfab09d0c72f HTTP/1.1" 200 14211 "-" "Mozilla/5.0 (Linux; Android 6.0.1; Nexus 5X Build/MMB29P) AppleWebKit/537.36 (KHTML, like Gecko) Chrome/80.0.3987.92 Mobile Safari/537.36 (compatible; Googlebot/2.1; +http://www.google.com/bot.html)" 
46.229.168.153 - - [13/Jun/2020:07:35:12 -0700] "GET /content/all/?offset=32&q=%23%2B%23podcast HTTP/1.1" 200 13724 "-" "Mozilla/5.0 (compatible; SemrushBot/6~bl; +http://www.semrush.com/bot.html)" 
46.229.168.132 - - [13/Jun/2020:07:36:09 -0700] "GET /content/all/?offset=0&q=%23leaven HTTP/1.1" 200 12568 "-" "Mozilla/5.0 (compatible; SemrushBot/6~bl; +http://www.semrush.com/bot.html)" 
96.126.125.129 - - [13/Jun/2020:07:36:47 -0700] "GET /content/statusupdates/posts/photos/checkins/bookmarkedpages?_t=rss HTTP/1.1" 200 7442 "-" "Micro.blog/1.0" 
66.249.66.46 - - [13/Jun/2020:07:37:26 -0700] "GET /2020/the-real-reason-i-love-faber-castell-of-course-one HTTP/1.1" 304 4068 "-" "Mozilla/5.0 (Linux; Android 6.0.1; Nexus 5X Build/MMB29P) AppleWebKit/537.36 (KHTML, like Gecko) Chrome/80.0.3987.92 Mobile Safari/537.36 (compatible; Googlebot/2.1; +http://www.google.com/bot.html)" 
66.249.66.44 - - [13/Jun/2020:07:37:32 -0700] "GET /2019/planning-sessions-at-iwc-brighton HTTP/1.1" 200 9993 "-" "Mozilla/5.0 (compatible; Googlebot/2.1; +http://www.google.com/bot.html)" 
54.36.148.81 - - [13/Jun/2020:07:37:36 -0700] "GET /2019/quotmeat-traders-came-out-in-support-of HTTP/1.1" 200 9539 "-" "Mozilla/5.0 (compatible; AhrefsBot/6.1; +http://ahrefs.com/robot/)" 
46.229.168.134 - - [13/Jun/2020:07:38:09 -0700] "GET /?offset=86&q=%23IndieWeb HTTP/1.1" 200 15418 "-" "Mozilla/5.0 (compatible; SemrushBot/6~bl; +http://www.semrush.com/bot.html)" 
66.249.66.48 - - [13/Jun/2020:07:39:09 -0700] "GET /robots.txt HTTP/1.1" 200 4881 "-" "Mozilla/5.0 (compatible; Googlebot/2.1; +http://www.google.com/bot.html)" 
66.249.66.50 - - [13/Jun/2020:07:39:10 -0700] "GET /service/web/unfurl/?url=http%3A%2F%2Fweb.archive.org%2Fweb%2F20190514114829%2Fhttps%3A%2F%2Fmedium.com%2F%40grant27%2Fmartha-stewart-the-old-guard-departs-6fa93780ab6b&__bTk=f33091aa37b5a26a21a6e2f0ff127b8fade124cff31edf11df3ba76a61149115&__bTs=1591235031 HTTP/1.1" 403 5052 "https://www.stream.jeremycherfas.net/content/all/?offset=491&_t=amp" "Mozilla/5.0 (Linux; Android 6.0.1; Nexus 5X Build/MMB29P) AppleWebKit/537.36 (KHTML, like Gecko) Chrome/83.0.4103.93 Mobile Safari/537.36 (compatible; Googlebot/2.1; +http://www.google.com/bot.html)" 
66.249.66.50 - - [13/Jun/2020:07:39:10 -0700] "GET /service/web/unfurl/?url=http%3A%2F%2Fweb.archive.org%2Fweb%2F20190514114829%2Fhttps%3A%2F%2Fmedium.com%2F%40grant27%2Fmartha-stewart-the-old-guard-departs-6fa93780ab6b&__bTk=f33091aa37b5a26a21a6e2f0ff127b8fade124cff31edf11df3ba76a61149115&__bTs=1591235031 HTTP/1.1" 403 1380 "https://www.stream.jeremycherfas.net/content/all/?offset=491&_t=amp" "Mozilla/5.0 (Linux; Android 6.0.1; Nexus 5X Build/MMB29P) AppleWebKit/537.36 (KHTML, like Gecko) Chrome/83.0.4103.93 Mobile Safari/537.36 (compatible; Googlebot/2.1; +http://www.google.com/bot.html)" 
46.229.168.148 - - [13/Jun/2020:07:39:11 -0700] "GET /content/all/?offset=88&q=%23indieweb HTTP/1.1" 200 15690 "-" "Mozilla/5.0 (compatible; SemrushBot/6~bl; +http://www.semrush.com/bot.html)" 
54.36.148.81 - - [13/Jun/2020:07:39:13 -0700] "GET /content/statusupdates/?offset=0 HTTP/1.1" 200 11555 "-" "Mozilla/5.0 (compatible; AhrefsBot/6.1; +http://ahrefs.com/robot/)" 
198.58.102.95 - - [13/Jun/2020:07:40:04 -0700] "GET /content/all?_t=rss HTTP/1.1" 200 7488 "-" "Superfeedr bot/2.0 http://superfeedr.com - Make your feeds realtime: get in touch - feed-id:1319424208" 
198.58.103.28 - - [13/Jun/2020:07:40:12 -0700] "GET /content/all?_t=rss HTTP/1.1" 200 7488 "-" "Superfeedr bot/2.0 http://superfeedr.com - Make your feeds realtime: get in touch - feed-id:1319424208" 
46.229.168.131 - - [13/Jun/2020:07:40:37 -0700] "GET /?offset=50&q=%23IndieWeb HTTP/1.1" 200 12513 "-" "Mozilla/5.0 (compatible; SemrushBot/6~bl; +http://www.semrush.com/bot.html)" 
54.210.230.61 - - [13/Jun/2020:07:40:47 -0700] "GET /profile/jeremy?offset=10&_t=rss HTTP/1.1" 304 3485 "https://www.google.com/" "Mozilla/5.0 (Macintosh; Intel Mac OS X 10_15_3) AppleWebKit/537.36 (KHTML, like Gecko) Chrome/80.0.3987.132 Safari/537.36" 
46.229.168.150 - - [13/Jun/2020:07:41:09 -0700] "GET /?offset=61&q=%23bread HTTP/1.1" 200 11990 "-" "Mozilla/5.0 (compatible; SemrushBot/6~bl; +http://www.semrush.com/bot.html)" 
46.229.168.138 - - [13/Jun/2020:07:41:16 -0700] "GET /2019/nutrition-and-agriculture-research-some-thoughts HTTP/1.1" 200 9357 "-" "Mozilla/5.0 (compatible; SemrushBot/6~bl; +http://www.semrush.com/bot.html)" 
96.126.125.129 - - [13/Jun/2020:07:41:30 -0700] "GET /content/statusupdates/posts/photos/checkins/bookmarkedpages?_t=rss HTTP/1.1" 200 7442 "-" "Micro.blog/1.0" 
46.229.168.146 - - [13/Jun/2020:07:42:08 -0700] "GET /content/all/?offset=9&q=%23Sourdough HTTP/1.1" 200 12299 "-" "Mozilla/5.0 (compatible; SemrushBot/6~bl; +http://www.semrush.com/bot.html)" 
198.58.103.92 - - [13/Jun/2020:07:43:05 -0700] "GET /content/all?_t=rss HTTP/1.1" 200 7488 "-" "Superfeedr bot/2.0 http://superfeedr.com - Make your feeds realtime: get in touch - feed-id:1319424208" 
114.119.162.106 - - [13/Jun/2020:07:44:12 -0700] "GET /tag/antibiotics HTTP/1.1" 200 9756 "-" "Mozilla/5.0 (Linux; Android 7.0;) AppleWebKit/537.36 (KHTML, like Gecko) Mobile Safari/537.36 (compatible; PetalBot;+https://aspiegel.com/petalbot)" 
66.249.66.44 - - [13/Jun/2020:07:44:17 -0700] "GET /view/1de69d87f1d4be75d21921658984049b HTTP/1.1" 200 9848 "-" "Mozilla/5.0 (Linux; Android 6.0.1; Nexus 5X Build/MMB29P) AppleWebKit/537.36 (KHTML, like Gecko) Chrome/80.0.3987.92 Mobile Safari/537.36 (compatible; Googlebot/2.1; +http://www.google.com/bot.html)" 
54.36.148.201 - - [13/Jun/2020:07:44:29 -0700] "GET /?q=%23graingathering2017 HTTP/1.1" 200 9023 "-" "Mozilla/5.0 (compatible; AhrefsBot/6.1; +http://ahrefs.com/robot/)" 
54.70.40.11 - - [13/Jun/2020:07:46:12 -0700] "GET /2017/doing-it-the-hard-way HTTP/1.1" 200 9217 "-" "Mozilla/5.0 (compatible) SemanticScholarBot (+https://www.semanticscholar.org/crawler)" 
54.36.148.201 - - [13/Jun/2020:07:46:18 -0700] "GET /tag/podcast HTTP/1.1" 200 12360 "-" "Mozilla/5.0 (compatible; AhrefsBot/6.1; +http://ahrefs.com/robot/)" 
45.79.26.51 - - [13/Jun/2020:07:46:39 -0700] "GET /content/statusupdates/posts/photos/checkins/bookmarkedpages?_t=rss HTTP/1.1" 200 7437 "-" "Micro.blog/1.0" 
198.58.102.155 - - [13/Jun/2020:07:46:48 -0700] "GET /?_t=rss HTTP/1.1" 200 7472 "-" "Superfeedr bot/2.0 http://superfeedr.com - Make your feeds realtime: get in touch - feed-id:1112274260" 
46.229.168.151 - - [13/Jun/2020:07:46:58 -0700] "GET /content/events/?q=%23indiewebcitizen HTTP/1.1" 200 8289 "-" "Mozilla/5.0 (compatible; SemrushBot/6~bl; +http://www.semrush.com/bot.html)" 
66.249.66.48 - - [13/Jun/2020:07:47:18 -0700] "GET /2018/latest-episode----link-in-bio----is-a-chat HTTP/1.1" 304 4068 "-" "Mozilla/5.0 (Linux; Android 6.0.1; Nexus 5X Build/MMB29P) AppleWebKit/537.36 (KHTML, like Gecko) Chrome/80.0.3987.92 Mobile Safari/537.36 (compatible; Googlebot/2.1; +http://www.google.com/bot.html)" 
46.229.168.152 - - [13/Jun/2020:07:47:28 -0700] "GET /content/all/?offset=55&q=%23podcast HTTP/1.1" 200 9060 "-" "Mozilla/5.0 (compatible; SemrushBot/6~bl; +http://www.semrush.com/bot.html)" 
46.229.168.148 - - [13/Jun/2020:07:47:39 -0700] "GET /?offset=50&q=%23bread HTTP/1.1" 200 12465 "-" "Mozilla/5.0 (compatible; SemrushBot/6~bl; +http://www.semrush.com/bot.html)" 
64.111.100.215 - - [13/Jun/2020:07:48:36 -0700] "GET /content/all?_t=rss HTTP/1.1" 200 14885 "-" "Mozilla/5.0 (X11; U; Linux i686; fr; rv:1.9.1.1) Gecko/20090715 Firefox/3.5.1" 
46.229.168.150 - - [13/Jun/2020:07:49:33 -0700] "GET /2017/really-interesting-write-up-from-marty-mcguire-about-how-he HTTP/1.1" 200 9879 "-" "Mozilla/5.0 (compatible; SemrushBot/6~bl; +http://www.semrush.com/bot.html)" 
114.119.165.105 - - [13/Jun/2020:07:49:55 -0700] "GET /content/all?q=%23%2B%23WithKnown&offset=50 HTTP/1.1" 200 10552 "-" "Mozilla/5.0 (Linux; Android 7.0;) AppleWebKit/537.36 (KHTML, like Gecko) Mobile Safari/537.36 (compatible; PetalBot;+https://aspiegel.com/petalbot)" 
45.79.26.51 - - [13/Jun/2020:07:50:02 -0700] "GET /content/statusupdates/posts/photos/checkins/bookmarkedpages?_t=rss HTTP/1.1" 200 7437 "-" "Micro.blog/1.0" 
159.65.77.58 - - [13/Jun/2020:07:50:36 -0700] "GET /?_t=rss HTTP/1.1" 200 7443 "-" "Feedbin feed-id:1536727 - 1 subscribers" 
54.36.149.18 - - [13/Jun/2020:07:51:11 -0700] "GET /content/all/?q=%23graingathering2017 HTTP/1.1" 200 9039 "-" "Mozilla/5.0 (compatible; AhrefsBot/6.1; +http://ahrefs.com/robot/)" 
46.229.168.139 - - [13/Jun/2020:07:52:19 -0700] "GET /2018/blimey-i-just-started-another-coursera-offering-this-morning-and HTTP/1.1" 200 9714 "-" "Mozilla/5.0 (compatible; SemrushBot/6~bl; +http://www.semrush.com/bot.html)" 
46.229.168.147 - - [13/Jun/2020:07:52:21 -0700] "GET /2019/we-built-a-legal-facial-recognition-machine-for-60-theoretica HTTP/1.1" 200 9441 "-" "Mozilla/5.0 (compatible; SemrushBot/6~bl; +http://www.semrush.com/bot.html)" 
46.229.168.152 - - [13/Jun/2020:07:52:35 -0700] "GET /content/photos/?offset=51&q=%23Sourdough HTTP/1.1" 200 9016 "-" "Mozilla/5.0 (compatible; SemrushBot/6~bl; +http://www.semrush.com/bot.html)" 
17.58.102.79 - - [13/Jun/2020:07:52:39 -0700] "GET /2020/photojazzy-this-an-awful-story-to-read HTTP/1.1" 200 14566 "-" "Mozilla/5.0 (Macintosh; Intel Mac OS X 10_15_5) AppleWebKit/605.1.15 (KHTML, like Gecko) Version/13.1.1 Safari/605.1.15 (Applebot/0.1; +http://www.apple.com/go/applebot)" 
46.229.168.154 - - [13/Jun/2020:07:52:47 -0700] "GET /2017/lookout-world-food-colinkhoury-talking-about-changingglobaldiets-website-on-the HTTP/1.1" 200 9706 "-" "Mozilla/5.0 (compatible; SemrushBot/6~bl; +http://www.semrush.com/bot.html)" 
46.229.168.130 - - [13/Jun/2020:07:52:58 -0700] "GET /content/all/?offset=36&q=%23indieweb HTTP/1.1" 200 11467 "-" "Mozilla/5.0 (compatible; SemrushBot/6~bl; +http://www.semrush.com/bot.html)" 
45.79.26.51 - - [13/Jun/2020:07:53:36 -0700] "GET /content/statusupdates/posts/photos/checkins/bookmarkedpages?_t=rss HTTP/1.1" 200 7437 "-" "Micro.blog/1.0" 
66.249.66.44 - - [13/Jun/2020:07:53:45 -0700] "GET /view/2942afd6ab043c7d2b143b86cf560184 HTTP/1.1" 200 10422 "-" "Mozilla/5.0 (Linux; Android 6.0.1; Nexus 5X Build/MMB29P) AppleWebKit/537.36 (KHTML, like Gecko) Chrome/80.0.3987.92 Mobile Safari/537.36 (compatible; Googlebot/2.1; +http://www.google.com/bot.html)" 
54.36.148.81 - - [13/Jun/2020:07:54:42 -0700] "GET /2017/chris-aldrich-is-way-too-kind-but-it-is-the HTTP/1.1" 200 9964 "-" "Mozilla/5.0 (compatible; AhrefsBot/6.1; +http://ahrefs.com/robot/)" 
46.229.168.131 - - [13/Jun/2020:07:55:32 -0700] "GET /tag/podcast?offset=11 HTTP/1.1" 200 11898 "-" "Mozilla/5.0 (compatible; SemrushBot/6~bl; +http://www.semrush.com/bot.html)" 
114.119.166.46 - - [13/Jun/2020:07:55:38 -0700] "GET /tag/Washington HTTP/1.1" 200 10005 "-" "Mozilla/5.0 (Linux; Android 7.0;) AppleWebKit/537.36 (KHTML, like Gecko) Mobile Safari/537.36 (compatible; PetalBot;+https://aspiegel.com/petalbot)" 
46.229.168.153 - - [13/Jun/2020:07:55:56 -0700] "GET /content/all/?offset=30&q=%23%2B%23indieweb HTTP/1.1" 200 12878 "-" "Mozilla/5.0 (compatible; SemrushBot/6~bl; +http://www.semrush.com/bot.html)" 
54.36.148.201 - - [13/Jun/2020:07:56:15 -0700] "GET /2020/i-think-it-is-a-splendid-idea HTTP/1.1" 200 10053 "-" "Mozilla/5.0 (compatible; AhrefsBot/6.1; +http://ahrefs.com/robot/)" 
96.126.125.129 - - [13/Jun/2020:07:56:53 -0700] "GET /content/statusupdates/posts/photos/checkins/bookmarkedpages?_t=rss HTTP/1.1" 200 7442 "-" "Micro.blog/1.0" 
54.36.148.52 - - [13/Jun/2020:07:57:48 -0700] "GET /profile/jeremy HTTP/1.1" 200 29125 "-" "Mozilla/5.0 (compatible; AhrefsBot/6.1; +http://ahrefs.com/robot/)" 
46.229.168.146 - - [13/Jun/2020:07:58:43 -0700] "GET /content/photos/?offset=7&q=%23bread HTTP/1.1" 200 12392 "-" "Mozilla/5.0 (compatible; SemrushBot/6~bl; +http://www.semrush.com/bot.html)" 
54.36.148.81 - - [13/Jun/2020:07:59:23 -0700] "GET /2019/the-case-for-planting-trees-small-farm-future HTTP/1.1" 200 9393 "-" "Mozilla/5.0 (compatible; AhrefsBot/6.1; +http://ahrefs.com/robot/)" 
46.229.168.133 - - [13/Jun/2020:07:59:24 -0700] "GET /content/all/?offset=40&q=%23%2B%23bread HTTP/1.1" 200 12133 "-" "Mozilla/5.0 (compatible; SemrushBot/6~bl; +http://www.semrush.com/bot.html)" 
46.229.168.137 - - [13/Jun/2020:07:59:30 -0700] "GET /content/all/?offset=70&q=%23%2B%23bread HTTP/1.1" 200 11925 "-" "Mozilla/5.0 (compatible; SemrushBot/6~bl; +http://www.semrush.com/bot.html)" 
54.36.148.142 - - [13/Jun/2020:08:00:55 -0700] "GET /2018/2018-01-09 HTTP/1.1" 200 10422 "-" "Mozilla/5.0 (compatible; AhrefsBot/6.1; +http://ahrefs.com/robot/)" 
46.229.168.154 - - [13/Jun/2020:08:00:57 -0700] "GET /content/bookmarkedpages/?offset=190 HTTP/1.1" 200 10574 "-" "Mozilla/5.0 (compatible; SemrushBot/6~bl; +http://www.semrush.com/bot.html)" 
46.229.168.154 - - [13/Jun/2020:08:01:12 -0700] "GET /?q=%23quill HTTP/1.1" 200 13774 "-" "Mozilla/5.0 (compatible; SemrushBot/6~bl; +http://www.semrush.com/bot.html)" 
96.126.125.129 - - [13/Jun/2020:08:01:40 -0700] "GET /content/statusupdates/posts/photos/checkins/bookmarkedpages?_t=rss HTTP/1.1" 200 7442 "-" "Micro.blog/1.0" 
46.229.168.149 - - [13/Jun/2020:08:02:29 -0700] "GET /2018/chris-aldrich HTTP/1.1" 200 9246 "-" "Mozilla/5.0 (compatible; SemrushBot/6~bl; +http://www.semrush.com/bot.html)" 
54.36.148.81 - - [13/Jun/2020:08:02:31 -0700] "GET /2018/gdpr-will-pop-the-adtech-bubble HTTP/1.1" 200 9404 "-" "Mozilla/5.0 (compatible; AhrefsBot/6.1; +http://ahrefs.com/robot/)" 
46.229.168.161 - - [13/Jun/2020:08:03:13 -0700] "GET /tag/indieweb?offset=40 HTTP/1.1" 200 11333 "-" "Mozilla/5.0 (compatible; SemrushBot/6~bl; +http://www.semrush.com/bot.html)" 
66.249.66.44 - - [13/Jun/2020:08:03:13 -0700] "GET /view/0966f8dbf20f494247120777e1c7beaf HTTP/1.1" 200 9850 "-" "Mozilla/5.0 (Linux; Android 6.0.1; Nexus 5X Build/MMB29P) AppleWebKit/537.36 (KHTML, like Gecko) Chrome/80.0.3987.92 Mobile Safari/537.36 (compatible; Googlebot/2.1; +http://www.google.com/bot.html)" 
46.229.168.143 - - [13/Jun/2020:08:03:31 -0700] "GET /content/statusupdates/?offset=4&q=%23%2B%23IndieWeb HTTP/1.1" 200 11422 "-" "Mozilla/5.0 (compatible; SemrushBot/6~bl; +http://www.semrush.com/bot.html)" 
64.111.100.215 - - [13/Jun/2020:08:03:36 -0700] "GET /content/all?_t=rss HTTP/1.1" 200 14885 "-" "Mozilla/5.0 (X11; U; Linux i686; fr; rv:1.9.1.1) Gecko/20090715 Firefox/3.5.1" 
54.36.149.20 - - [13/Jun/2020:08:04:16 -0700] "GET /2018/thanks-for-the-wayback-link-kevin-i HTTP/1.1" 200 9769 "-" "Mozilla/5.0 (compatible; AhrefsBot/6.1; +http://ahrefs.com/robot/)" 
198.58.103.114 - - [13/Jun/2020:08:04:46 -0700] "GET /content/statusupdates/posts/bookmarkedpages?_t=rss HTTP/1.1" 200 7456 "-" "Superfeedr bot/2.0 http://superfeedr.com - Make your feeds realtime: get in touch - feed-id:1247440030" 
198.58.102.96 - - [13/Jun/2020:08:04:49 -0700] "GET /content/statusupdates/posts/bookmarkedpages?_t=rss HTTP/1.1" 200 7456 "-" "Superfeedr bot/2.0 http://superfeedr.com - Make your feeds realtime: get in touch - feed-id:1247440030" 
198.58.102.117 - - [13/Jun/2020:08:04:50 -0700] "GET /content/statusupdates/posts/bookmarkedpages?_t=rss HTTP/1.1" 200 7456 "-" "Superfeedr bot/2.0 http://superfeedr.com - Make your feeds realtime: get in touch - feed-id:1247440030" 
46.229.168.150 - - [13/Jun/2020:08:05:18 -0700] "GET /2019/this-is-very-cool-and-the-login HTTP/1.1" 200 9809 "-" "Mozilla/5.0 (compatible; SemrushBot/6~bl; +http://www.semrush.com/bot.html)" 
54.36.148.201 - - [13/Jun/2020:08:06:00 -0700] "GET /profile/jeremy HTTP/1.1" 200 29047 "-" "Mozilla/5.0 (compatible; AhrefsBot/6.1; +http://ahrefs.com/robot/)" 
45.79.26.51 - - [13/Jun/2020:08:06:35 -0700] "GET /content/statusupdates/posts/photos/checkins/bookmarkedpages?_t=rss HTTP/1.1" 200 7437 "-" "Micro.blog/1.0" 
46.229.168.149 - - [13/Jun/2020:08:06:53 -0700] "GET /content/all/?offset=50&q=%23%2B%23podcast HTTP/1.1" 200 12307 "-" "Mozilla/5.0 (compatible; SemrushBot/6~bl; +http://www.semrush.com/bot.html)" 
46.229.168.138 - - [13/Jun/2020:08:07:26 -0700] "GET /tag/sourdough?offset=40 HTTP/1.1" 200 11275 "-" "Mozilla/5.0 (compatible; SemrushBot/6~bl; +http://www.semrush.com/bot.html)" 
46.229.168.151 - - [13/Jun/2020:08:09:59 -0700] "GET /?offset=130 HTTP/1.1" 200 11044 "-" "Mozilla/5.0 (compatible; SemrushBot/6~bl; +http://www.semrush.com/bot.html)" 
45.79.26.51 - - [13/Jun/2020:08:10:02 -0700] "GET /content/statusupdates/posts/photos/checkins/bookmarkedpages?_t=rss HTTP/1.1" 200 7437 "-" "Micro.blog/1.0" 
46.229.168.137 - - [13/Jun/2020:08:10:11 -0700] "GET /?offset=9&q=%23%2B%23rye HTTP/1.1" 200 11573 "-" "Mozilla/5.0 (compatible; SemrushBot/6~bl; +http://www.semrush.com/bot.html)" 
46.229.168.139 - - [13/Jun/2020:08:10:39 -0700] "GET /content/posts/?q=%23Indieweb HTTP/1.1" 200 17318 "-" "Mozilla/5.0 (compatible; SemrushBot/6~bl; +http://www.semrush.com/bot.html)" 
46.229.168.130 - - [13/Jun/2020:08:10:44 -0700] "GET /?offset=30&q=%23Indieweb HTTP/1.1" 200 12838 "-" "Mozilla/5.0 (compatible; SemrushBot/6~bl; +http://www.semrush.com/bot.html)" 
54.36.148.201 - - [13/Jun/2020:08:11:13 -0700] "GET /content/photos/?offset=623 HTTP/1.1" 200 10782 "-" "Mozilla/5.0 (compatible; AhrefsBot/6.1; +http://ahrefs.com/robot/)" 
157.55.39.41 - - [13/Jun/2020:08:11:55 -0700] "GET /robots.txt HTTP/1.1" 200 2538 "-" "Mozilla/5.0 (compatible; bingbot/2.0; +http://www.bing.com/bingbot.htm)" 
157.55.39.41 - - [13/Jun/2020:08:11:55 -0700] "GET /robots.txt HTTP/1.1" 200 4857 "-" "Mozilla/5.0 (compatible; bingbot/2.0; +http://www.bing.com/bingbot.htm)" 
66.249.66.46 - - [13/Jun/2020:08:12:41 -0700] "GET /view/b4d00c54fc3faac9998930a076bbbc6e HTTP/1.1" 200 10184 "-" "Mozilla/5.0 (Linux; Android 6.0.1; Nexus 5X Build/MMB29P) AppleWebKit/537.36 (KHTML, like Gecko) Chrome/80.0.3987.92 Mobile Safari/537.36 (compatible; Googlebot/2.1; +http://www.google.com/bot.html)" 
