46.229.168.154 - - [09/Jun/2020:00:49:39 -0700] "GET /?offset=128&q=%23Indieweb HTTP/1.1" 200 12662 "-" "Mozilla/5.0 (compatible; SemrushBot/6~bl; +http://www.semrush.com/bot.html)" 
114.119.160.143 - - [09/Jun/2020:00:50:57 -0700] "GET /tag/food HTTP/1.1" 200 10065 "-" "Mozilla/5.0 (Linux; Android 7.0;) AppleWebKit/537.36 (KHTML, like Gecko) Mobile Safari/537.36 (compatible; PetalBot;+https://aspiegel.com/petalbot)" 
96.126.125.129 - - [09/Jun/2020:00:51:10 -0700] "GET /content/statusupdates/posts/photos/checkins/bookmarkedpages?_t=rss HTTP/1.1" 200 7458 "-" "Micro.blog/1.0" 
66.249.69.178 - - [09/Jun/2020:00:51:57 -0700] "GET /content/all/?offset=637 HTTP/1.1" 200 11614 "-" "Mozilla/5.0 (Linux; Android 6.0.1; Nexus 5X Build/MMB29P) AppleWebKit/537.36 (KHTML, like Gecko) Chrome/80.0.3987.92 Mobile Safari/537.36 (compatible; Googlebot/2.1; +http://www.google.com/bot.html)" 
66.249.69.178 - - [09/Jun/2020:00:52:00 -0700] "GET /service/web/unfurl/?url=https%3A%2F%2Fdavidsimon.com%2Fbut-im-not-a-lawyer-im-an-agent%2F&__bTk=7de3e6cc077227cdf84c983bd5691025adee59b55098d4ecb98311bc27c3b5a0&__bTs=1591488000 HTTP/1.1" 403 4648 "https://www.stream.jeremycherfas.net/content/all/?offset=637" "Mozilla/5.0 (Linux; Android 6.0.1; Nexus 5X Build/MMB29P) AppleWebKit/537.36 (KHTML, like Gecko) Chrome/83.0.4103.93 Mobile Safari/537.36 (compatible; Googlebot/2.1; +http://www.google.com/bot.html)" 
66.249.69.178 - - [09/Jun/2020:00:52:01 -0700] "GET /service/web/unfurl/?url=https%3A%2F%2Fwesthunt.wordpress.com%2F2019%2F03%2F15%2Ftake-my-wife-please%2F&__bTk=7de3e6cc077227cdf84c983bd5691025adee59b55098d4ecb98311bc27c3b5a0&__bTs=1591488000 HTTP/1.1" 403 1344 "https://www.stream.jeremycherfas.net/content/all/?offset=637" "Mozilla/5.0 (Linux; Android 6.0.1; Nexus 5X Build/MMB29P) AppleWebKit/537.36 (KHTML, like Gecko) Chrome/83.0.4103.93 Mobile Safari/537.36 (compatible; Googlebot/2.1; +http://www.google.com/bot.html)" 
66.249.69.176 - - [09/Jun/2020:00:52:02 -0700] "GET /service/web/unfurl/?url=https%3A%2F%2Fwww.irishtimes.com%2Fopinion%2Ffintan-o-toole-are-the-english-ready-for-self-government-1.3830474&__bTk=7de3e6cc077227cdf84c983bd5691025adee59b55098d4ecb98311bc27c3b5a0&__bTs=1591488000 HTTP/1.1" 403 4694 "https://www.stream.jeremycherfas.net/content/all/?offset=637" "Mozilla/5.0 (Linux; Android 6.0.1; Nexus 5X Build/MMB29P) AppleWebKit/537.36 (KHTML, like Gecko) Chrome/83.0.4103.93 Mobile Safari/537.36 (compatible; Googlebot/2.1; +http://www.google.com/bot.html)" 
66.249.69.176 - - [09/Jun/2020:00:52:02 -0700] "GET /service/web/unfurl/?url=https%3A%2F%2Fmrkapowski.com%2F2019%2F03%2Fthe-internet-is-not-a-broadcast-medium.html&__bTk=7de3e6cc077227cdf84c983bd5691025adee59b55098d4ecb98311bc27c3b5a0&__bTs=1591488000 HTTP/1.1" 403 1352 "https://www.stream.jeremycherfas.net/content/all/?offset=637" "Mozilla/5.0 (Linux; Android 6.0.1; Nexus 5X Build/MMB29P) AppleWebKit/537.36 (KHTML, like Gecko) Chrome/83.0.4103.93 Mobile Safari/537.36 (compatible; Googlebot/2.1; +http://www.google.com/bot.html)" 
66.249.69.178 - - [09/Jun/2020:00:52:03 -0700] "GET /service/web/unfurl/?url=https%3A%2F%2Fwww.thenutritionarchive.com%2Fblog%2F2019%2F3%2F21%2Fnutrition-and-agriculture-research-some-thoughts&__bTk=7de3e6cc077227cdf84c983bd5691025adee59b55098d4ecb98311bc27c3b5a0&__bTs=1591488000 HTTP/1.1" 403 4698 "https://www.stream.jeremycherfas.net/content/all/?offset=637" "Mozilla/5.0 (Linux; Android 6.0.1; Nexus 5X Build/MMB29P) AppleWebKit/537.36 (KHTML, like Gecko) Chrome/83.0.4103.93 Mobile Safari/537.36 (compatible; Googlebot/2.1; +http://www.google.com/bot.html)" 
66.249.69.176 - - [09/Jun/2020:00:52:03 -0700] "GET /service/web/unfurl/?url=https%3A%2F%2Fdavidsimon.com%2Fbut-im-not-a-lawyer-im-an-agent%2F&__bTk=7de3e6cc077227cdf84c983bd5691025adee59b55098d4ecb98311bc27c3b5a0&__bTs=1591620708 HTTP/1.1" 403 4648 "https://www.stream.jeremycherfas.net/content/all/?offset=637" "Mozilla/5.0 (Linux; Android 6.0.1; Nexus 5X Build/MMB29P) AppleWebKit/537.36 (KHTML, like Gecko) Chrome/83.0.4103.93 Mobile Safari/537.36 (compatible; Googlebot/2.1; +http://www.google.com/bot.html)" 
66.249.69.176 - - [09/Jun/2020:00:52:04 -0700] "GET /service/web/unfurl/?url=https%3A%2F%2Fwesthunt.wordpress.com%2F2019%2F03%2F15%2Ftake-my-wife-please%2F&__bTk=7de3e6cc077227cdf84c983bd5691025adee59b55098d4ecb98311bc27c3b5a0&__bTs=1591620708 HTTP/1.1" 403 1344 "https://www.stream.jeremycherfas.net/content/all/?offset=637" "Mozilla/5.0 (Linux; Android 6.0.1; Nexus 5X Build/MMB29P) AppleWebKit/537.36 (KHTML, like Gecko) Chrome/83.0.4103.93 Mobile Safari/537.36 (compatible; Googlebot/2.1; +http://www.google.com/bot.html)" 
66.249.69.178 - - [09/Jun/2020:00:52:05 -0700] "GET /service/web/unfurl/?url=https%3A%2F%2Fwww.irishtimes.com%2Fopinion%2Ffintan-o-toole-are-the-english-ready-for-self-government-1.3830474&__bTk=7de3e6cc077227cdf84c983bd5691025adee59b55098d4ecb98311bc27c3b5a0&__bTs=1591620708 HTTP/1.1" 403 4694 "https://www.stream.jeremycherfas.net/content/all/?offset=637" "Mozilla/5.0 (Linux; Android 6.0.1; Nexus 5X Build/MMB29P) AppleWebKit/537.36 (KHTML, like Gecko) Chrome/83.0.4103.93 Mobile Safari/537.36 (compatible; Googlebot/2.1; +http://www.google.com/bot.html)" 
66.249.69.176 - - [09/Jun/2020:00:52:06 -0700] "GET /service/web/unfurl/?url=https%3A%2F%2Fmrkapowski.com%2F2019%2F03%2Fthe-internet-is-not-a-broadcast-medium.html&__bTk=7de3e6cc077227cdf84c983bd5691025adee59b55098d4ecb98311bc27c3b5a0&__bTs=1591620708 HTTP/1.1" 403 4669 "https://www.stream.jeremycherfas.net/content/all/?offset=637" "Mozilla/5.0 (Linux; Android 6.0.1; Nexus 5X Build/MMB29P) AppleWebKit/537.36 (KHTML, like Gecko) Chrome/83.0.4103.93 Mobile Safari/537.36 (compatible; Googlebot/2.1; +http://www.google.com/bot.html)" 
66.249.69.176 - - [09/Jun/2020:00:52:06 -0700] "GET /service/web/unfurl/?url=https%3A%2F%2Fwww.thenutritionarchive.com%2Fblog%2F2019%2F3%2F21%2Fnutrition-and-agriculture-research-some-thoughts&__bTk=7de3e6cc077227cdf84c983bd5691025adee59b55098d4ecb98311bc27c3b5a0&__bTs=1591620708 HTTP/1.1" 403 1381 "https://www.stream.jeremycherfas.net/content/all/?offset=637" "Mozilla/5.0 (Linux; Android 6.0.1; Nexus 5X Build/MMB29P) AppleWebKit/537.36 (KHTML, like Gecko) Chrome/83.0.4103.93 Mobile Safari/537.36 (compatible; Googlebot/2.1; +http://www.google.com/bot.html)" 
46.229.168.151 - - [09/Jun/2020:00:52:24 -0700] "GET /content/photos/?q=%23%2B%23kalonji HTTP/1.1" 200 10824 "-" "Mozilla/5.0 (compatible; SemrushBot/6~bl; +http://www.semrush.com/bot.html)" 
173.230.155.197 - - [09/Jun/2020:00:53:08 -0700] "GET / HTTP/1.1" 200 55401 "-" "Mozilla/5.0 (Macintosh; Intel Mac OS X 10_12_1) AppleWebKit/537.36 (KHTML, like Gecko) Chrome/57.0.2987.133 Safari/537.36 p3k-http/0.1.5 p3k-watchtower/0.1" 
45.79.26.51 - - [09/Jun/2020:00:54:23 -0700] "GET /content/statusupdates/posts/photos/checkins/bookmarkedpages?_t=rss HTTP/1.1" 200 7453 "-" "Micro.blog/1.0" 
46.229.168.132 - - [09/Jun/2020:00:54:25 -0700] "GET /2018/whatsapp-founder-sends-facebook-users-a-coded-message-by-quitting HTTP/1.1" 200 9678 "-" "Mozilla/5.0 (compatible; SemrushBot/6~bl; +http://www.semrush.com/bot.html)" 
157.55.39.208 - - [09/Jun/2020:00:55:51 -0700] "GET /2018/i-like-that-chris-would-prefer-a HTTP/1.1" 200 9925 "-" "Mozilla/5.0 (compatible; bingbot/2.0; +http://www.bing.com/bingbot.htm)" 
46.229.168.153 - - [09/Jun/2020:00:55:55 -0700] "GET /content/statusupdates/?q=%23diet HTTP/1.1" 200 9156 "-" "Mozilla/5.0 (compatible; SemrushBot/6~bl; +http://www.semrush.com/bot.html)" 
46.229.168.137 - - [09/Jun/2020:00:56:39 -0700] "GET /2017/hero HTTP/1.1" 200 10488 "-" "Mozilla/5.0 (compatible; SemrushBot/6~bl; +http://www.semrush.com/bot.html)" 
46.229.168.129 - - [09/Jun/2020:00:56:43 -0700] "GET /2017/making-use-of-food-quotwastequot-is-a-good-but-it HTTP/1.1" 200 10096 "-" "Mozilla/5.0 (compatible; SemrushBot/6~bl; +http://www.semrush.com/bot.html)" 
114.119.167.191 - - [09/Jun/2020:00:56:46 -0700] "GET /tag/bread?offset=56 HTTP/1.1" 200 11688 "-" "Mozilla/5.0 (Linux; Android 7.0;) AppleWebKit/537.36 (KHTML, like Gecko) Mobile Safari/537.36 (compatible; PetalBot;+https://aspiegel.com/petalbot)" 
54.36.148.18 - - [09/Jun/2020:00:57:08 -0700] "GET /content/all/?offset=740 HTTP/1.1" 200 11656 "-" "Mozilla/5.0 (compatible; AhrefsBot/6.1; +http://ahrefs.com/robot/)" 
207.46.13.79 - - [09/Jun/2020:00:57:24 -0700] "GET /2017/always-nice-after-a-trip-to-prove-that-your-starter HTTP/1.1" 200 11399 "-" "Mozilla/5.0 (compatible; bingbot/2.0; +http://www.bing.com/bingbot.htm)" 
46.229.168.137 - - [09/Jun/2020:00:57:24 -0700] "GET /file/84f9861a2a5aadef41791806aeac5081/c5f74b7e59a2873c2ec341187dda0db1 HTTP/1.1" 500 49372 "-" "Mozilla/5.0 (compatible; SemrushBot/6~bl; +http://www.semrush.com/bot.html)" 
207.46.13.79 - - [09/Jun/2020:00:57:26 -0700] "GET /2017/thats-quite-enough-rest-wholewheat-with-a-multigrain-soaker HTTP/1.1" 200 7842 "-" "Mozilla/5.0 (compatible; bingbot/2.0; +http://www.bing.com/bingbot.htm)" 
54.36.149.33 - - [09/Jun/2020:00:57:29 -0700] "GET /2017/alexanders HTTP/1.1" 200 10683 "-" "Mozilla/5.0 (compatible; AhrefsBot/6.1; +http://ahrefs.com/robot/)" 
46.229.168.149 - - [09/Jun/2020:00:57:29 -0700] "GET /2018/you-can-get-good-help HTTP/1.1" 200 10928 "-" "Mozilla/5.0 (compatible; SemrushBot/6~bl; +http://www.semrush.com/bot.html)" 
54.36.148.129 - - [09/Jun/2020:00:57:48 -0700] "GET /2017/fog-in-the-kitchen HTTP/1.1" 200 10561 "-" "Mozilla/5.0 (compatible; AhrefsBot/6.1; +http://ahrefs.com/robot/)" 
54.36.148.49 - - [09/Jun/2020:00:58:04 -0700] "GET /2017/night-tree-paulonia HTTP/1.1" 200 10319 "-" "Mozilla/5.0 (compatible; AhrefsBot/6.1; +http://ahrefs.com/robot/)" 
54.36.148.209 - - [09/Jun/2020:00:58:22 -0700] "GET /2017/on-the-waterfront HTTP/1.1" 200 10703 "-" "Mozilla/5.0 (compatible; AhrefsBot/6.1; +http://ahrefs.com/robot/)" 
54.36.148.129 - - [09/Jun/2020:00:58:46 -0700] "GET /2017/seeing-sights HTTP/1.1" 200 10661 "-" "Mozilla/5.0 (compatible; AhrefsBot/6.1; +http://ahrefs.com/robot/)" 
54.36.148.209 - - [09/Jun/2020:00:59:04 -0700] "GET /2017/untitled-3 HTTP/1.1" 200 10157 "-" "Mozilla/5.0 (compatible; AhrefsBot/6.1; +http://ahrefs.com/robot/)" 
46.229.168.138 - - [09/Jun/2020:00:59:12 -0700] "GET /?offset=81&q=%23indieweb HTTP/1.1" 200 13783 "-" "Mozilla/5.0 (compatible; SemrushBot/6~bl; +http://www.semrush.com/bot.html)" 
45.79.26.51 - - [09/Jun/2020:00:59:25 -0700] "GET /content/statusupdates/posts/photos/checkins/bookmarkedpages?_t=rss HTTP/1.1" 200 7453 "-" "Micro.blog/1.0" 
54.36.148.209 - - [09/Jun/2020:00:59:26 -0700] "GET /2017/waiting-at-the-car-wash-yeah HTTP/1.1" 200 9395 "-" "Mozilla/5.0 (compatible; AhrefsBot/6.1; +http://ahrefs.com/robot/)" 
46.229.168.138 - - [09/Jun/2020:00:59:39 -0700] "GET /content/statusupdates/?offset=60 HTTP/1.1" 200 10993 "-" "Mozilla/5.0 (compatible; SemrushBot/6~bl; +http://www.semrush.com/bot.html)" 
54.36.148.169 - - [09/Jun/2020:00:59:46 -0700] "GET /2017/yuuuge-massive-crowds-for-the-opening-of-the-tiny-biennale HTTP/1.1" 200 10713 "-" "Mozilla/5.0 (compatible; AhrefsBot/6.1; +http://ahrefs.com/robot/)" 
54.36.148.235 - - [09/Jun/2020:01:00:03 -0700] "GET /?offset=750 HTTP/1.1" 200 11621 "-" "Mozilla/5.0 (compatible; AhrefsBot/6.1; +http://ahrefs.com/robot/)" 
54.36.149.33 - - [09/Jun/2020:01:00:25 -0700] "GET /?q=%23fermentation HTTP/1.1" 200 9319 "-" "Mozilla/5.0 (compatible; AhrefsBot/6.1; +http://ahrefs.com/robot/)" 
54.36.148.209 - - [09/Jun/2020:01:00:47 -0700] "GET /?q=%23sauerkraut HTTP/1.1" 200 9389 "-" "Mozilla/5.0 (compatible; AhrefsBot/6.1; +http://ahrefs.com/robot/)" 
54.242.4.7 - - [09/Jun/2020:01:00:54 -0700] "GET /?_t=rss HTTP/1.1" 200 7188 "-" "glitch-feeder/1.0 (+https://glitch.com/~lmo-feeder)" 
54.36.148.149 - - [09/Jun/2020:01:01:02 -0700] "GET /content/all/?offset=740 HTTP/1.1" 200 11715 "-" "Mozilla/5.0 (compatible; AhrefsBot/6.1; +http://ahrefs.com/robot/)" 
64.111.100.215 - - [09/Jun/2020:01:01:21 -0700] "GET /content/all?_t=rss HTTP/1.1" 200 13441 "-" "Mozilla/5.0 (X11; U; Linux i686; fr; rv:1.9.1.1) Gecko/20090715 Firefox/3.5.1" 
66.249.75.112 - - [09/Jun/2020:01:01:25 -0700] "GET /view/b27fdde5c080cf4f15cbd2f53dfda1c5 HTTP/1.1" 200 10616 "-" "Mozilla/5.0 (Linux; Android 6.0.1; Nexus 5X Build/MMB29P) AppleWebKit/537.36 (KHTML, like Gecko) Chrome/80.0.3987.92 Mobile Safari/537.36 (compatible; Googlebot/2.1; +http://www.google.com/bot.html)" 
54.36.148.9 - - [09/Jun/2020:01:01:26 -0700] "GET /content/all/?q=%23fermentation HTTP/1.1" 200 9336 "-" "Mozilla/5.0 (compatible; AhrefsBot/6.1; +http://ahrefs.com/robot/)" 
157.55.39.208 - - [09/Jun/2020:01:01:34 -0700] "GET /file/f76e0f85add9dd0abd3fc02812b533cd/thumb.jpg HTTP/1.1" 200 14258 "-" "Mozilla/5.0 (compatible; bingbot/2.0; +http://www.bing.com/bingbot.htm)" 
54.36.148.249 - - [09/Jun/2020:01:01:39 -0700] "GET /content/all/?q=%23sauerkraut HTTP/1.1" 200 9405 "-" "Mozilla/5.0 (compatible; AhrefsBot/6.1; +http://ahrefs.com/robot/)" 
54.36.149.33 - - [09/Jun/2020:01:01:57 -0700] "GET /content/audio/?q=%23fermentation HTTP/1.1" 200 8295 "-" "Mozilla/5.0 (compatible; AhrefsBot/6.1; +http://ahrefs.com/robot/)" 
54.36.148.249 - - [09/Jun/2020:01:02:14 -0700] "GET /content/audio/?q=%23sauerkraut HTTP/1.1" 200 8295 "-" "Mozilla/5.0 (compatible; AhrefsBot/6.1; +http://ahrefs.com/robot/)" 
46.229.168.141 - - [09/Jun/2020:01:02:19 -0700] "GET /content/statusupdates/?offset=6&q=%23podcast HTTP/1.1" 200 10884 "-" "Mozilla/5.0 (compatible; SemrushBot/6~bl; +http://www.semrush.com/bot.html)" 
114.119.161.85 - - [09/Jun/2020:01:02:30 -0700] "GET /2018/tim-berners-lee-on-twitter-i-can-imagine-mark-zuckerberg-is HTTP/1.1" 200 9492 "-" "Mozilla/5.0 (Linux; Android 7.0;) AppleWebKit/537.36 (KHTML, like Gecko) Mobile Safari/537.36 (compatible; PetalBot;+https://aspiegel.com/petalbot)" 
45.79.26.51 - - [09/Jun/2020:01:02:33 -0700] "GET /content/statusupdates/posts/photos/checkins/bookmarkedpages?_t=rss HTTP/1.1" 200 7453 "-" "Micro.blog/1.0" 
54.36.148.49 - - [09/Jun/2020:01:02:33 -0700] "GET /content/bookmarkedpages/?offset=272 HTTP/1.1" 200 10195 "-" "Mozilla/5.0 (compatible; AhrefsBot/6.1; +http://ahrefs.com/robot/)" 
46.229.168.151 - - [09/Jun/2020:01:02:44 -0700] "GET /content/photos/?q=%23webmention HTTP/1.1" 200 8526 "-" "Mozilla/5.0 (compatible; SemrushBot/6~bl; +http://www.semrush.com/bot.html)" 
54.36.148.89 - - [09/Jun/2020:01:02:47 -0700] "GET /content/bookmarkedpages/?q=%23fermentation HTTP/1.1" 200 8312 "-" "Mozilla/5.0 (compatible; AhrefsBot/6.1; +http://ahrefs.com/robot/)" 
54.36.148.209 - - [09/Jun/2020:01:03:06 -0700] "GET /content/bookmarkedpages/?q=%23sauerkraut HTTP/1.1" 200 8313 "-" "Mozilla/5.0 (compatible; AhrefsBot/6.1; +http://ahrefs.com/robot/)" 
54.36.149.7 - - [09/Jun/2020:01:03:19 -0700] "GET /content/events/?q=%23fermentation HTTP/1.1" 200 8298 "-" "Mozilla/5.0 (compatible; AhrefsBot/6.1; +http://ahrefs.com/robot/)" 
54.36.148.249 - - [09/Jun/2020:01:03:40 -0700] "GET /content/events/?q=%23sauerkraut HTTP/1.1" 200 8297 "-" "Mozilla/5.0 (compatible; AhrefsBot/6.1; +http://ahrefs.com/robot/)" 
54.36.149.33 - - [09/Jun/2020:01:03:53 -0700] "GET /content/locations/?q=%23fermentation HTTP/1.1" 200 8303 "-" "Mozilla/5.0 (compatible; AhrefsBot/6.1; +http://ahrefs.com/robot/)" 
54.36.148.209 - - [09/Jun/2020:01:04:08 -0700] "GET /content/locations/?q=%23sauerkraut HTTP/1.1" 200 8303 "-" "Mozilla/5.0 (compatible; AhrefsBot/6.1; +http://ahrefs.com/robot/)" 
54.36.148.9 - - [09/Jun/2020:01:04:27 -0700] "GET /content/photos/?offset=740 HTTP/1.1" 200 10781 "-" "Mozilla/5.0 (compatible; AhrefsBot/6.1; +http://ahrefs.com/robot/)" 
46.229.168.145 - - [09/Jun/2020:01:04:30 -0700] "GET /content/rsvp/?q=%23Corfu HTTP/1.1" 200 8488 "-" "Mozilla/5.0 (compatible; SemrushBot/6~bl; +http://www.semrush.com/bot.html)" 
54.36.148.193 - - [09/Jun/2020:01:04:37 -0700] "GET /content/photos/?q=%23fermentation HTTP/1.1" 200 9354 "-" "Mozilla/5.0 (compatible; AhrefsBot/6.1; +http://ahrefs.com/robot/)" 
54.36.149.33 - - [09/Jun/2020:01:04:57 -0700] "GET /content/photos/?q=%23sauerkraut HTTP/1.1" 200 9071 "-" "Mozilla/5.0 (compatible; AhrefsBot/6.1; +http://ahrefs.com/robot/)" 
54.36.149.101 - - [09/Jun/2020:01:05:14 -0700] "GET /content/posts/?q=%23fermentation HTTP/1.1" 200 8296 "-" "Mozilla/5.0 (compatible; AhrefsBot/6.1; +http://ahrefs.com/robot/)" 
54.36.148.169 - - [09/Jun/2020:01:05:34 -0700] "GET /content/posts/?q=%23sauerkraut HTTP/1.1" 200 8295 "-" "Mozilla/5.0 (compatible; AhrefsBot/6.1; +http://ahrefs.com/robot/)" 
54.36.148.249 - - [09/Jun/2020:01:05:55 -0700] "GET /content/rsvp/?q=%23fermentation HTTP/1.1" 200 8295 "-" "Mozilla/5.0 (compatible; AhrefsBot/6.1; +http://ahrefs.com/robot/)" 
54.36.148.129 - - [09/Jun/2020:01:06:12 -0700] "GET /content/rsvp/?q=%23sauerkraut HTTP/1.1" 200 8296 "-" "Mozilla/5.0 (compatible; AhrefsBot/6.1; +http://ahrefs.com/robot/)" 
40.77.167.64 - - [09/Jun/2020:01:06:22 -0700] "GET /file/ff6fc37e3dc817545a4dfb4399c3ce5f HTTP/1.1" 200 10371 "-" "Mozilla/5.0 (compatible; bingbot/2.0; +http://www.bing.com/bingbot.htm)" 
46.229.168.143 - - [09/Jun/2020:01:06:27 -0700] "GET /content/posts/?offset=29 HTTP/1.1" 200 13514 "-" "Mozilla/5.0 (compatible; SemrushBot/6~bl; +http://www.semrush.com/bot.html)" 
54.36.148.89 - - [09/Jun/2020:01:06:30 -0700] "GET /content/statusupdates/?q=%23fermentation HTTP/1.1" 200 8307 "-" "Mozilla/5.0 (compatible; AhrefsBot/6.1; +http://ahrefs.com/robot/)" 
46.229.168.163 - - [09/Jun/2020:01:06:32 -0700] "GET /tag/fornacalia HTTP/1.1" 200 13095 "-" "Mozilla/5.0 (compatible; SemrushBot/6~bl; +http://www.semrush.com/bot.html)" 
54.36.148.129 - - [09/Jun/2020:01:06:45 -0700] "GET /content/statusupdates/?q=%23sauerkraut HTTP/1.1" 200 8308 "-" "Mozilla/5.0 (compatible; AhrefsBot/6.1; +http://ahrefs.com/robot/)" 
54.36.148.249 - - [09/Jun/2020:01:07:22 -0700] "GET /tag/brocolletti HTTP/1.1" 200 8979 "-" "Mozilla/5.0 (compatible; AhrefsBot/6.1; +http://ahrefs.com/robot/)" 
46.229.168.148 - - [09/Jun/2020:01:07:46 -0700] "GET /?offset=106&q=%23%2B%23indieweb HTTP/1.1" 200 12794 "-" "Mozilla/5.0 (compatible; SemrushBot/6~bl; +http://www.semrush.com/bot.html)" 
96.126.125.129 - - [09/Jun/2020:01:07:56 -0700] "GET /content/statusupdates/posts/photos/checkins/bookmarkedpages?_t=rss HTTP/1.1" 200 7458 "-" "Micro.blog/1.0" 
54.36.148.249 - - [09/Jun/2020:01:07:57 -0700] "GET /?offset=760 HTTP/1.1" 200 11654 "-" "Mozilla/5.0 (compatible; AhrefsBot/6.1; +http://ahrefs.com/robot/)" 
114.119.160.61 - - [09/Jun/2020:01:08:20 -0700] "GET /content/all?offset=795 HTTP/1.1" 200 11165 "-" "Mozilla/5.0 (Linux; Android 7.0;) AppleWebKit/537.36 (KHTML, like Gecko) Mobile Safari/537.36 (compatible; PetalBot;+https://aspiegel.com/petalbot)" 
159.65.77.58 - - [09/Jun/2020:01:08:41 -0700] "GET /?_t=rss HTTP/1.1" 200 6958 "-" "Feedbin feed-id:1536727 - 1 subscribers" 
46.229.168.137 - - [09/Jun/2020:01:08:47 -0700] "GET /2019/noffle-i-know-absolutely-nothing-about-server HTTP/1.1" 200 10507 "-" "Mozilla/5.0 (compatible; SemrushBot/6~bl; +http://www.semrush.com/bot.html)" 
173.230.155.197 - - [09/Jun/2020:01:09:11 -0700] "GET / HTTP/1.1" 200 55401 "-" "Mozilla/5.0 (Macintosh; Intel Mac OS X 10_12_1) AppleWebKit/537.36 (KHTML, like Gecko) Chrome/57.0.2987.133 Safari/537.36 p3k-http/0.1.5 p3k-watchtower/0.1" 
17.58.102.79 - - [09/Jun/2020:01:09:18 -0700] "GET /2019/end-of-an-era-not-one-i-personally-am-sad HTTP/1.1" 200 12025 "-" "Mozilla/5.0 (Macintosh; Intel Mac OS X 10_10_1) AppleWebKit/600.2.5 (KHTML, like Gecko) Version/8.0.2 Safari/600.2.5 (Applebot/0.1; +http://www.apple.com/go/applebot)" 
66.249.75.112 - - [09/Jun/2020:01:12:03 -0700] "GET /2018/underscores-optimization-arms-races HTTP/1.1" 200 9706 "-" "Mozilla/5.0 (compatible; Googlebot/2.1; +http://www.google.com/bot.html)" 
66.249.75.112 - - [09/Jun/2020:01:12:07 -0700] "GET /IdnoPlugins/Media/external/wavesurfer/dist/wavesurfer.min.js HTTP/1.1" 200 10175 "https://stream.jeremycherfas.net/2018/underscores-optimization-arms-races" "Mozilla/5.0 AppleWebKit/537.36 (KHTML, like Gecko; compatible; Googlebot/2.1; +http://www.google.com/bot.html) Chrome/83.0.4103.93 Safari/537.36" 
66.249.75.112 - - [09/Jun/2020:01:12:07 -0700] "GET /service/web/unfurl/?url=https%3A%2F%2Fmedium.com%2Fhumane-tech%2Funderscores-optimization-arms-races-b34f0dfa4357&__bTk=1bd931c2e77042fcfb938c9033235bae0e4e6a735f743d1dc68a8b7dc378076f&__bTs=1591383934 HTTP/1.1" 403 1331 "https://stream.jeremycherfas.net/2018/underscores-optimization-arms-races" "Mozilla/5.0 AppleWebKit/537.36 (KHTML, like Gecko; compatible; Googlebot/2.1; +http://www.google.com/bot.html) Chrome/83.0.4103.93 Safari/537.36" 
95.216.195.10 - - [09/Jun/2020:01:12:26 -0700] "GET /?_t=rss HTTP/1.1" 200 6958 "https://stream.jeremycherfas.net/?_t=rss" "Selfoss/2.18 (SimplePie/1.5.1; +https://selfoss.aditu.de)" 
95.216.195.10 - - [09/Jun/2020:01:12:26 -0700] "GET /?_t=rss HTTP/1.1" 200 6958 "https://stream.jeremycherfas.net/?_t=rss" "Selfoss/2.18 (SimplePie/1.5.1; +https://selfoss.aditu.de)" 
95.216.195.10 - - [09/Jun/2020:01:12:29 -0700] "GET / HTTP/1.1" 200 55396 "-" "Selfoss/2.18 (+https://selfoss.aditu.de)" 
95.216.195.10 - - [09/Jun/2020:01:12:30 -0700] "GET /gfx/logos/apple-icon-57x57.png HTTP/1.1" 200 4792 "-" "Selfoss/2.18 (+https://selfoss.aditu.de)" 
95.216.195.10 - - [09/Jun/2020:01:12:30 -0700] "GET /gfx/logos/apple-icon-57x57.png HTTP/1.1" 200 4792 "-" "Selfoss/2.18 (+https://selfoss.aditu.de)" 
46.229.168.147 - - [09/Jun/2020:01:13:29 -0700] "GET /content/all/?offset=86&q=%23%2B%23bread HTTP/1.1" 200 9625 "-" "Mozilla/5.0 (compatible; SemrushBot/6~bl; +http://www.semrush.com/bot.html)" 
46.229.168.144 - - [09/Jun/2020:01:13:59 -0700] "GET /robots.txt HTTP/1.1" 200 4552 "-" "Mozilla/5.0 (compatible; SemrushBot/6~bl; +http://www.semrush.com/bot.html)" 
46.229.168.135 - - [09/Jun/2020:01:14:00 -0700] "GET /2018/just-downloaded-the-archive-the-archive-from-zettelkastende-and-rather-hoping HTTP/1.1" 200 9624 "-" "Mozilla/5.0 (compatible; SemrushBot/6~bl; +http://www.semrush.com/bot.html)" 
46.229.168.145 - - [09/Jun/2020:01:14:11 -0700] "GET /content/all/?offset=12&q=%23%2B%23Rome HTTP/1.1" 200 9700 "-" "Mozilla/5.0 (compatible; SemrushBot/6~bl; +http://www.semrush.com/bot.html)" 
46.229.168.135 - - [09/Jun/2020:01:14:20 -0700] "GET /?offset=70&q=%23%2B%23indieweb HTTP/1.1" 200 12165 "-" "Mozilla/5.0 (compatible; SemrushBot/6~bl; +http://www.semrush.com/bot.html)" 
46.229.168.163 - - [09/Jun/2020:01:14:29 -0700] "GET /content/statusupdates/?offset=18&q=%23%2B%23indieweb HTTP/1.1" 200 11419 "-" "Mozilla/5.0 (compatible; SemrushBot/6~bl; +http://www.semrush.com/bot.html)" 
46.229.168.161 - - [09/Jun/2020:01:14:55 -0700] "GET /content/photos/?q=%23FDA HTTP/1.1" 200 8516 "-" "Mozilla/5.0 (compatible; SemrushBot/6~bl; +http://www.semrush.com/bot.html)" 
46.229.168.142 - - [09/Jun/2020:01:15:00 -0700] "GET /content/statusupdates/?offset=10 HTTP/1.1" 200 11756 "-" "Mozilla/5.0 (compatible; SemrushBot/6~bl; +http://www.semrush.com/bot.html)" 
46.229.168.146 - - [09/Jun/2020:01:15:35 -0700] "GET /2020/get-political-reporters-off-the-coronavirus-story-because-they-dont HTTP/1.1" 200 9918 "-" "Mozilla/5.0 (compatible; SemrushBot/6~bl; +http://www.semrush.com/bot.html)" 
46.229.168.139 - - [09/Jun/2020:01:15:41 -0700] "GET /tag/indieweb?offset=126 HTTP/1.1" 200 11920 "-" "Mozilla/5.0 (compatible; SemrushBot/6~bl; +http://www.semrush.com/bot.html)" 
64.111.100.215 - - [09/Jun/2020:01:18:26 -0700] "GET /content/all?_t=rss HTTP/1.1" 200 13441 "-" "Mozilla/5.0 (X11; U; Linux i686; fr; rv:1.9.1.1) Gecko/20090715 Firefox/3.5.1" 
46.229.168.136 - - [09/Jun/2020:01:19:29 -0700] "GET /?offset=45&q=%23%2B%23podcast HTTP/1.1" 200 13576 "-" "Mozilla/5.0 (compatible; SemrushBot/6~bl; +http://www.semrush.com/bot.html)" 
114.119.162.106 - - [09/Jun/2020:01:19:52 -0700] "GET /tag/IndieWeb?offset=112 HTTP/1.1" 200 11915 "-" "Mozilla/5.0 (Linux; Android 7.0;) AppleWebKit/537.36 (KHTML, like Gecko) Mobile Safari/537.36 (compatible; PetalBot;+https://aspiegel.com/petalbot)" 
46.229.168.139 - - [09/Jun/2020:01:19:54 -0700] "GET /content/photos/?offset=210 HTTP/1.1" 200 11799 "-" "Mozilla/5.0 (compatible; SemrushBot/6~bl; +http://www.semrush.com/bot.html)" 
46.229.168.139 - - [09/Jun/2020:01:20:00 -0700] "GET /content/rsvp/?q=%23%2B%23norovirus HTTP/1.1" 200 8541 "-" "Mozilla/5.0 (compatible; SemrushBot/6~bl; +http://www.semrush.com/bot.html)" 
46.229.168.147 - - [09/Jun/2020:01:20:30 -0700] "GET /content/all/?offset=92&q=%23indieweb HTTP/1.1" 200 15696 "-" "Mozilla/5.0 (compatible; SemrushBot/6~bl; +http://www.semrush.com/bot.html)" 
46.229.168.150 - - [09/Jun/2020:01:20:32 -0700] "GET /2018/this-is-a-pretty-exciting-moment-my-first-pack-of HTTP/1.1" 200 9685 "-" "Mozilla/5.0 (compatible; SemrushBot/6~bl; +http://www.semrush.com/bot.html)" 
46.229.168.130 - - [09/Jun/2020:01:21:15 -0700] "GET /content/posts/?offset=79 HTTP/1.1" 200 12288 "-" "Mozilla/5.0 (compatible; SemrushBot/6~bl; +http://www.semrush.com/bot.html)" 
46.229.168.142 - - [09/Jun/2020:01:21:27 -0700] "GET /content/statusupdates?offset=140 HTTP/1.1" 200 10912 "-" "Mozilla/5.0 (compatible; SemrushBot/6~bl; +http://www.semrush.com/bot.html)" 
66.249.75.112 - - [09/Jun/2020:01:21:54 -0700] "GET /?offset=411 HTTP/1.1" 200 11275 "-" "Mozilla/5.0 (compatible; Googlebot/2.1; +http://www.google.com/bot.html)" 
46.229.168.139 - - [09/Jun/2020:01:22:53 -0700] "GET /2018/id-be-up-for-an-iwc-in HTTP/1.1" 200 9619 "-" "Mozilla/5.0 (compatible; SemrushBot/6~bl; +http://www.semrush.com/bot.html)" 
96.126.125.129 - - [09/Jun/2020:01:22:57 -0700] "GET /content/statusupdates/posts/photos/checkins/bookmarkedpages?_t=rss HTTP/1.1" 200 7458 "-" "Micro.blog/1.0" 
46.229.168.140 - - [09/Jun/2020:01:23:54 -0700] "GET /content/statusupdates/?offset=32&q=%23%2B%23%23indieweb HTTP/1.1" 200 8752 "-" "Mozilla/5.0 (compatible; SemrushBot/6~bl; +http://www.semrush.com/bot.html)" 
46.229.168.132 - - [09/Jun/2020:01:23:57 -0700] "GET /?q=%23hearsay2017 HTTP/1.1" 200 9410 "-" "Mozilla/5.0 (compatible; SemrushBot/6~bl; +http://www.semrush.com/bot.html)" 
173.230.155.197 - - [09/Jun/2020:01:25:09 -0700] "GET / HTTP/1.1" 200 55401 "-" "Mozilla/5.0 (Macintosh; Intel Mac OS X 10_12_1) AppleWebKit/537.36 (KHTML, like Gecko) Chrome/57.0.2987.133 Safari/537.36 p3k-http/0.1.5 p3k-watchtower/0.1" 
46.229.168.131 - - [09/Jun/2020:01:25:11 -0700] "GET /content/all/?offset=25&q=%23Sourdough HTTP/1.1" 200 11562 "-" "Mozilla/5.0 (compatible; SemrushBot/6~bl; +http://www.semrush.com/bot.html)" 
114.119.164.86 - - [09/Jun/2020:01:25:39 -0700] "GET /2018/untitled-22 HTTP/1.1" 200 11293 "-" "Mozilla/5.0 (Linux; Android 7.0;) AppleWebKit/537.36 (KHTML, like Gecko) Mobile Safari/537.36 (compatible; PetalBot;+https://aspiegel.com/petalbot)" 
46.229.168.132 - - [09/Jun/2020:01:25:47 -0700] "GET /2018/technorati-tags-what-are-they-really-because-of-chris-aldrich HTTP/1.1" 200 9614 "-" "Mozilla/5.0 (compatible; SemrushBot/6~bl; +http://www.semrush.com/bot.html)" 
46.229.168.137 - - [09/Jun/2020:01:25:54 -0700] "GET /2019/so-exciting-the-anticipation HTTP/1.1" 200 11869 "-" "Mozilla/5.0 (compatible; SemrushBot/6~bl; +http://www.semrush.com/bot.html)" 
17.58.102.79 - - [09/Jun/2020:01:26:12 -0700] "GET /content/photos/ HTTP/1.1" 200 11587 "-" "Mozilla/5.0 (Macintosh; Intel Mac OS X 10_10_1) AppleWebKit/600.2.5 (KHTML, like Gecko) Version/8.0.2 Safari/600.2.5 (Applebot/0.1; +http://www.apple.com/go/applebot)" 
46.229.168.142 - - [09/Jun/2020:01:26:44 -0700] "GET /content/statusupdates/?q=%23%2B%23e HTTP/1.1" 200 8504 "-" "Mozilla/5.0 (compatible; SemrushBot/6~bl; +http://www.semrush.com/bot.html)" 
46.229.168.140 - - [09/Jun/2020:01:27:13 -0700] "GET /content/statusupdates/?q=%23earbudsfood HTTP/1.1" 200 9301 "-" "Mozilla/5.0 (compatible; SemrushBot/6~bl; +http://www.semrush.com/bot.html)" 
157.55.39.110 - - [09/Jun/2020:01:29:25 -0700] "GET /file/a14986635baf6d61548d82ffd05c5e52 HTTP/1.1" 200 10742 "-" "Mozilla/5.0 (compatible; bingbot/2.0; +http://www.bing.com/bingbot.htm)" 
46.229.168.144 - - [09/Jun/2020:01:29:36 -0700] "GET /content/all/?offset=45&q=%23%2B%23indieweb HTTP/1.1" 200 11825 "-" "Mozilla/5.0 (compatible; SemrushBot/6~bl; +http://www.semrush.com/bot.html)" 
46.229.168.131 - - [09/Jun/2020:01:29:42 -0700] "GET /content/all/?offset=34&q=%23WithKnown HTTP/1.1" 200 11740 "-" "Mozilla/5.0 (compatible; SemrushBot/6~bl; +http://www.semrush.com/bot.html)" 
46.229.168.146 - - [09/Jun/2020:01:29:43 -0700] "GET /2019/here-we-go-again-ready-for-build-number-two HTTP/1.1" 200 13516 "-" "Mozilla/5.0 (compatible; SemrushBot/6~bl; +http://www.semrush.com/bot.html)" 
66.249.69.180 - - [09/Jun/2020:01:29:49 -0700] "GET /content/all/?offset=604 HTTP/1.1" 200 12044 "-" "Mozilla/5.0 (Linux; Android 6.0.1; Nexus 5X Build/MMB29P) AppleWebKit/537.36 (KHTML, like Gecko) Chrome/80.0.3987.92 Mobile Safari/537.36 (compatible; Googlebot/2.1; +http://www.google.com/bot.html)" 
46.229.168.139 - - [09/Jun/2020:01:29:51 -0700] "GET /content/statusupdates/?q=%23graingathering2017 HTTP/1.1" 200 9303 "-" "Mozilla/5.0 (compatible; SemrushBot/6~bl; +http://www.semrush.com/bot.html)" 
66.249.69.176 - - [09/Jun/2020:01:29:51 -0700] "GET /vendor/npm-asset/exif-js/exif.js HTTP/1.1" 200 13279 "https://www.stream.jeremycherfas.net/content/all/?offset=604" "Mozilla/5.0 (Linux; Android 6.0.1; Nexus 5X Build/MMB29P) AppleWebKit/537.36 (KHTML, like Gecko) Chrome/83.0.4103.93 Mobile Safari/537.36 (compatible; Googlebot/2.1; +http://www.google.com/bot.html)" 
66.249.69.178 - - [09/Jun/2020:01:29:52 -0700] "GET /service/web/unfurl/?url=https%3A%2F%2Fwww.thenutritionarchive.com%2Fblog%2F2019%2F4%2F13%2Fwhy-hunger-amidst-plenty&__bTk=f33091aa37b5a26a21a6e2f0ff127b8fade124cff31edf11df3ba76a61149115&__bTs=1591235031 HTTP/1.1" 403 4674 "https://www.stream.jeremycherfas.net/content/all/?offset=604" "Mozilla/5.0 (Linux; Android 6.0.1; Nexus 5X Build/MMB29P) AppleWebKit/537.36 (KHTML, like Gecko) Chrome/83.0.4103.93 Mobile Safari/537.36 (compatible; Googlebot/2.1; +http://www.google.com/bot.html)" 
66.249.75.108 - - [09/Jun/2020:01:30:02 -0700] "GET /service/web/unfurl/?url=https%3A%2F%2Fwww.thenutritionarchive.com%2Fblog%2F2019%2F4%2F13%2Fwhy-hunger-amidst-plenty&__bTk=8cf5873602a5d32070f9c448e9a870721f34b1512119fbf68eec0698347cea8a&__bTs=1591468608 HTTP/1.1" 403 4783 "https://stream.jeremycherfas.net/content/all?_t=amp&offset=472" "Mozilla/5.0 (Linux; Android 6.0.1; Nexus 5X Build/MMB29P) AppleWebKit/537.36 (KHTML, like Gecko) Chrome/83.0.4103.93 Mobile Safari/537.36 (compatible; Googlebot/2.1; +http://www.google.com/bot.html)" 
54.39.177.198 - - [09/Jun/2020:01:30:26 -0700] "GET /?_t=rss HTTP/1.1" 200 6958 "-" "Mozilla/5.0 (compatible; YaK/1.0; http://linkfluence.com/; bot@linkfluence.com)" 
46.229.168.163 - - [09/Jun/2020:01:30:56 -0700] "GET /content/statusupdates/?q=%23%2B%23indieweb HTTP/1.1" 200 11981 "-" "Mozilla/5.0 (compatible; SemrushBot/6~bl; +http://www.semrush.com/bot.html)" 
114.119.161.85 - - [09/Jun/2020:01:31:26 -0700] "GET /file/737a39649339639c0862d602adf70fc4 HTTP/1.1" 200 115961 "-" "Mozilla/5.0 (Linux; Android 7.0;) AppleWebKit/537.36 (KHTML, like Gecko) Mobile Safari/537.36 (compatible; PetalBot;+https://aspiegel.com/petalbot)" 
45.79.26.51 - - [09/Jun/2020:01:31:51 -0700] "GET /content/statusupdates/posts/photos/checkins/bookmarkedpages?_t=rss HTTP/1.1" 200 7453 "-" "Micro.blog/1.0" 
46.229.168.142 - - [09/Jun/2020:01:32:01 -0700] "GET /content/all/?offset=24&q=%23%2B%23WithKnown HTTP/1.1" 200 14117 "-" "Mozilla/5.0 (compatible; SemrushBot/6~bl; +http://www.semrush.com/bot.html)" 
77.88.5.71 - - [09/Jun/2020:01:32:13 -0700] "GET /robots.txt HTTP/1.1" 200 4593 "-" "Mozilla/5.0 (compatible; YandexBot/3.0; +http://yandex.com/bots)" 
77.88.5.71 - - [09/Jun/2020:01:32:17 -0700] "GET /file/063033a0c1aabd651d583ec322e4a7a2 HTTP/1.1" 304 3726 "-" "Mozilla/5.0 (compatible; YandexImages/3.0; +http://yandex.com/bots)" 
40.77.167.64 - - [09/Jun/2020:01:32:25 -0700] "GET /file/99345f7c95dc31f84d74ddc3bdba9ced/thumb.jpg HTTP/1.1" 200 114244 "-" "Mozilla/5.0 (compatible; bingbot/2.0; +http://www.bing.com/bingbot.htm)" 
46.229.168.133 - - [09/Jun/2020:01:32:33 -0700] "GET /?offset=67&q=%23%2B%23IndieWeb HTTP/1.1" 200 12030 "-" "Mozilla/5.0 (compatible; SemrushBot/6~bl; +http://www.semrush.com/bot.html)" 
46.229.168.149 - - [09/Jun/2020:01:32:44 -0700] "GET /content/rsvp/?q=%23%2B%23non-fiction HTTP/1.1" 200 8546 "-" "Mozilla/5.0 (compatible; SemrushBot/6~bl; +http://www.semrush.com/bot.html)" 
46.229.168.146 - - [09/Jun/2020:01:33:06 -0700] "GET /?offset=86&q=%23bread HTTP/1.1" 200 9561 "-" "Mozilla/5.0 (compatible; SemrushBot/6~bl; +http://www.semrush.com/bot.html)" 
46.229.168.142 - - [09/Jun/2020:01:33:11 -0700] "GET /content/bookmarkedpages/?q=%23AMRhub HTTP/1.1" 200 8506 "-" "Mozilla/5.0 (compatible; SemrushBot/6~bl; +http://www.semrush.com/bot.html)" 
64.111.100.215 - - [09/Jun/2020:01:33:27 -0700] "GET /content/all?_t=rss HTTP/1.1" 200 13441 "-" "Mozilla/5.0 (X11; U; Linux i686; fr; rv:1.9.1.1) Gecko/20090715 Firefox/3.5.1" 
46.229.168.131 - - [09/Jun/2020:01:35:08 -0700] "GET /content/posts/?q=%23Rye HTTP/1.1" 200 8511 "-" "Mozilla/5.0 (compatible; SemrushBot/6~bl; +http://www.semrush.com/bot.html)" 
46.229.168.148 - - [09/Jun/2020:01:36:32 -0700] "GET /tag/Sourdough?offset=2 HTTP/1.1" 200 11998 "-" "Mozilla/5.0 (compatible; SemrushBot/6~bl; +http://www.semrush.com/bot.html)" 
46.229.168.144 - - [09/Jun/2020:01:37:06 -0700] "GET /content/statusupdates/?q=%23realbreadweek HTTP/1.1" 200 8542 "-" "Mozilla/5.0 (compatible; SemrushBot/6~bl; +http://www.semrush.com/bot.html)" 
114.119.162.106 - - [09/Jun/2020:01:37:10 -0700] "GET /content/all?q=%23%2B%23freersackler HTTP/1.1" 200 8290 "-" "Mozilla/5.0 (Linux; Android 7.0;) AppleWebKit/537.36 (KHTML, like Gecko) Mobile Safari/537.36 (compatible; PetalBot;+https://aspiegel.com/petalbot)" 
46.229.168.136 - - [09/Jun/2020:01:38:00 -0700] "GET /2018/malformed-link-to-the-example-slideshow-other/annotations/d6e864f9708b5fbb32605e9ca86b1d84 HTTP/1.1" 200 8479 "-" "Mozilla/5.0 (compatible; SemrushBot/6~bl; +http://www.semrush.com/bot.html)" 
46.229.168.145 - - [09/Jun/2020:01:38:18 -0700] "GET /robots.txt HTTP/1.1" 200 4576 "-" "Mozilla/5.0 (compatible; SemrushBot/6~bl; +http://www.semrush.com/bot.html)" 
46.229.168.144 - - [09/Jun/2020:01:38:19 -0700] "GET /profile/jeremy HTTP/1.1" 200 29406 "-" "Mozilla/5.0 (compatible; SemrushBot/6~bl; +http://www.semrush.com/bot.html)" 
46.229.168.153 - - [09/Jun/2020:01:38:46 -0700] "GET /content/statusupdates/?q=%23changingglobaldiets HTTP/1.1" 200 9169 "-" "Mozilla/5.0 (compatible; SemrushBot/6~bl; +http://www.semrush.com/bot.html)" 
66.249.75.108 - - [09/Jun/2020:01:39:17 -0700] "GET /view/594eeb879b716570eb21c7c37a3df2bd HTTP/1.1" 200 10949 "-" "Mozilla/5.0 (Linux; Android 6.0.1; Nexus 5X Build/MMB29P) AppleWebKit/537.36 (KHTML, like Gecko) Chrome/80.0.3987.92 Mobile Safari/537.36 (compatible; Googlebot/2.1; +http://www.google.com/bot.html)" 
46.229.168.140 - - [09/Jun/2020:01:40:09 -0700] "GET /content/all/?q=%23%2B%23latteriastudio HTTP/1.1" 200 10981 "-" "Mozilla/5.0 (compatible; SemrushBot/6~bl; +http://www.semrush.com/bot.html)" 
159.65.67.230 - - [09/Jun/2020:01:40:55 -0700] "GET /?_t=rss HTTP/1.1" 200 6958 "-" "Feedbin feed-id:1536727 - 1 subscribers" 
46.229.168.162 - - [09/Jun/2020:01:40:56 -0700] "GET /content/audio/?q=%23antibiotics HTTP/1.1" 200 8500 "-" "Mozilla/5.0 (compatible; SemrushBot/6~bl; +http://www.semrush.com/bot.html)" 
46.229.168.129 - - [09/Jun/2020:01:40:59 -0700] "GET /content/all/?offset=19&q=%23WithKnown HTTP/1.1" 200 13032 "-" "Mozilla/5.0 (compatible; SemrushBot/6~bl; +http://www.semrush.com/bot.html)" 
173.230.155.197 - - [09/Jun/2020:01:41:09 -0700] "GET / HTTP/1.1" 200 55401 "-" "Mozilla/5.0 (Macintosh; Intel Mac OS X 10_12_1) AppleWebKit/537.36 (KHTML, like Gecko) Chrome/57.0.2987.133 Safari/537.36 p3k-http/0.1.5 p3k-watchtower/0.1" 
46.229.168.131 - - [09/Jun/2020:01:42:02 -0700] "GET /2018/after-enjoying-a-lovely-day-off-yesterday/annotations/71964c921067b63e2e72ada426ba994d HTTP/1.1" 200 8695 "-" "Mozilla/5.0 (compatible; SemrushBot/6~bl; +http://www.semrush.com/bot.html)" 
114.119.165.105 - - [09/Jun/2020:01:42:59 -0700] "GET /tag/+%23indieweb?offset=0 HTTP/1.1" 200 14814 "-" "Mozilla/5.0 (Linux; Android 7.0;) AppleWebKit/537.36 (KHTML, like Gecko) Mobile Safari/537.36 (compatible; PetalBot;+https://aspiegel.com/petalbot)" 
46.229.168.150 - - [09/Jun/2020:01:44:13 -0700] "GET /content/all/?offset=50&q=%23%2B%23sourdough HTTP/1.1" 200 10919 "-" "Mozilla/5.0 (compatible; SemrushBot/6~bl; +http://www.semrush.com/bot.html)" 
46.229.168.136 - - [09/Jun/2020:01:44:24 -0700] "GET /2019/adactio-journalwhat-a-day-that-was HTTP/1.1" 200 9554 "-" "Mozilla/5.0 (compatible; SemrushBot/6~bl; +http://www.semrush.com/bot.html)" 
46.229.168.142 - - [09/Jun/2020:01:44:26 -0700] "GET /?offset=11&q=%23%2B%23bread HTTP/1.1" 200 12707 "-" "Mozilla/5.0 (compatible; SemrushBot/6~bl; +http://www.semrush.com/bot.html)" 
46.229.168.151 - - [09/Jun/2020:01:45:52 -0700] "GET /content/all/?offset=30&q=%23%2B%23WithKnown HTTP/1.1" 200 13589 "-" "Mozilla/5.0 (compatible; SemrushBot/6~bl; +http://www.semrush.com/bot.html)" 
46.229.168.145 - - [09/Jun/2020:01:46:31 -0700] "GET /2018/chronicling-the-sad-demise-of-natural-england-a-new-nature HTTP/1.1" 200 9612 "-" "Mozilla/5.0 (compatible; SemrushBot/6~bl; +http://www.semrush.com/bot.html)" 
46.229.168.145 - - [09/Jun/2020:01:46:52 -0700] "GET /content/all/?offset=44&q=%23%2B%23podcast HTTP/1.1" 200 13036 "-" "Mozilla/5.0 (compatible; SemrushBot/6~bl; +http://www.semrush.com/bot.html)" 
46.229.168.146 - - [09/Jun/2020:01:47:07 -0700] "GET /tag/sourdough?offset=30 HTTP/1.1" 200 11456 "-" "Mozilla/5.0 (compatible; SemrushBot/6~bl; +http://www.semrush.com/bot.html)" 
46.229.168.132 - - [09/Jun/2020:01:47:15 -0700] "GET /content/all/?offset=4&q=%23sourdough HTTP/1.1" 200 12296 "-" "Mozilla/5.0 (compatible; SemrushBot/6~bl; +http://www.semrush.com/bot.html)" 
171.97.136.178 - - [09/Jun/2020:01:48:06 -0700] "GET /profile/jeremy HTTP/1.1" 200 29396 "https://stream.jeremycherfas.net" "Mozilla/5.0 (Windows NT 10.0; Win64; x64) AppleWebKit/537.36 (KHTML, like Gecko) Chrome/62.0.3202.94 Safari/537.36" 
64.111.100.215 - - [09/Jun/2020:01:48:43 -0700] "GET /content/all?_t=rss HTTP/1.1" 200 13441 "-" "Mozilla/5.0 (X11; U; Linux i686; fr; rv:1.9.1.1) Gecko/20090715 Firefox/3.5.1" 
64.111.100.215 - - [09/Jun/2020:01:48:44 -0700] "GET /content/all?_t=rss HTTP/1.1" 200 13441 "-" "Mozilla/5.0 (X11; U; Linux i686; fr; rv:1.9.1.1) Gecko/20090715 Firefox/3.5.1" 
66.249.69.176 - - [09/Jun/2020:01:48:45 -0700] "GET /content/all/?offset=347 HTTP/1.1" 200 11695 "-" "Mozilla/5.0 (Linux; Android 6.0.1; Nexus 5X Build/MMB29P) AppleWebKit/537.36 (KHTML, like Gecko) Chrome/80.0.3987.92 Mobile Safari/537.36 (compatible; Googlebot/2.1; +http://www.google.com/bot.html)" 
66.249.69.180 - - [09/Jun/2020:01:48:45 -0700] "GET /robots.txt HTTP/1.1" 200 4613 "-" "Mozilla/5.0 (compatible; Googlebot/2.1; +http://www.google.com/bot.html)" 
114.119.161.85 - - [09/Jun/2020:01:48:46 -0700] "GET /tag/bread?offset=67 HTTP/1.1" 200 12131 "-" "Mozilla/5.0 (Linux; Android 7.0;) AppleWebKit/537.36 (KHTML, like Gecko) Mobile Safari/537.36 (compatible; PetalBot;+https://aspiegel.com/petalbot)" 
46.229.168.138 - - [09/Jun/2020:01:50:06 -0700] "GET /content/locations/?q=%23%2B%23ciwf HTTP/1.1" 200 8538 "-" "Mozilla/5.0 (compatible; SemrushBot/6~bl; +http://www.semrush.com/bot.html)" 
77.88.5.71 - - [09/Jun/2020:01:50:22 -0700] "GET /file/7809764d73cbc6faa2639b84480d25d0 HTTP/1.1" 304 3726 "-" "Mozilla/5.0 (compatible; YandexImages/3.0; +http://yandex.com/bots)" 
46.229.168.163 - - [09/Jun/2020:01:50:42 -0700] "GET /2018/art-exposure HTTP/1.1" 200 10905 "-" "Mozilla/5.0 (compatible; SemrushBot/6~bl; +http://www.semrush.com/bot.html)" 
46.229.168.136 - - [09/Jun/2020:01:51:00 -0700] "GET /content/rsvp/?q=%23%23testtag HTTP/1.1" 200 8498 "-" "Mozilla/5.0 (compatible; SemrushBot/6~bl; +http://www.semrush.com/bot.html)" 
157.55.39.208 - - [09/Jun/2020:01:51:21 -0700] "GET /file/dbe24453c6d85f19db9b31e9387ac3fe HTTP/1.1" 200 12232 "-" "Mozilla/5.0 (compatible; bingbot/2.0; +http://www.bing.com/bingbot.htm)" 
46.229.168.152 - - [09/Jun/2020:01:51:34 -0700] "GET /?q=%23Automators HTTP/1.1" 200 9129 "-" "Mozilla/5.0 (compatible; SemrushBot/6~bl; +http://www.semrush.com/bot.html)" 
46.229.168.129 - - [09/Jun/2020:01:51:57 -0700] "GET /?offset=27&q=%23WithKnown HTTP/1.1" 200 13105 "-" "Mozilla/5.0 (compatible; SemrushBot/6~bl; +http://www.semrush.com/bot.html)" 
46.229.168.149 - - [09/Jun/2020:01:52:28 -0700] "GET /content/all/?offset=35&q=%23sourdough HTTP/1.1" 200 11422 "-" "Mozilla/5.0 (compatible; SemrushBot/6~bl; +http://www.semrush.com/bot.html)" 
45.79.26.51 - - [09/Jun/2020:01:52:52 -0700] "GET /content/statusupdates/posts/photos/checkins/bookmarkedpages?_t=rss HTTP/1.1" 200 7453 "-" "Micro.blog/1.0" 
46.229.168.131 - - [09/Jun/2020:01:54:01 -0700] "GET /content/statusupdates/?offset=21&q=%23Indieweb HTTP/1.1" 200 11397 "-" "Mozilla/5.0 (compatible; SemrushBot/6~bl; +http://www.semrush.com/bot.html)" 
46.229.168.133 - - [09/Jun/2020:01:54:48 -0700] "GET /2017/obese-vs-normal-may-be-more-different-than-poor-vs HTTP/1.1" 200 9758 "-" "Mozilla/5.0 (compatible; SemrushBot/6~bl; +http://www.semrush.com/bot.html)" 
46.229.168.146 - - [09/Jun/2020:01:55:54 -0700] "GET /?offset=28&q=%23withknown HTTP/1.1" 200 13432 "-" "Mozilla/5.0 (compatible; SemrushBot/6~bl; +http://www.semrush.com/bot.html)" 
46.229.168.149 - - [09/Jun/2020:01:56:27 -0700] "GET /content/photos/?offset=45&q=%23%2B%23%23bread HTTP/1.1" 200 12003 "-" "Mozilla/5.0 (compatible; SemrushBot/6~bl; +http://www.semrush.com/bot.html)" 
173.230.155.197 - - [09/Jun/2020:01:57:11 -0700] "GET / HTTP/1.1" 200 55401 "-" "Mozilla/5.0 (Macintosh; Intel Mac OS X 10_12_1) AppleWebKit/537.36 (KHTML, like Gecko) Chrome/57.0.2987.133 Safari/537.36 p3k-http/0.1.5 p3k-watchtower/0.1" 
46.229.168.138 - - [09/Jun/2020:01:57:38 -0700] "GET /2020/you-forgot-to-say-how-bad-it HTTP/1.1" 200 9536 "-" "Mozilla/5.0 (compatible; SemrushBot/6~bl; +http://www.semrush.com/bot.html)" 
46.229.168.136 - - [09/Jun/2020:01:57:45 -0700] "GET /tag/IndieWeb?offset=80 HTTP/1.1" 200 13898 "-" "Mozilla/5.0 (compatible; SemrushBot/6~bl; +http://www.semrush.com/bot.html)" 
46.229.168.146 - - [09/Jun/2020:01:58:50 -0700] "GET /2019/intersecting-milk-cartons-is-indeed-cool-as HTTP/1.1" 200 9794 "-" "Mozilla/5.0 (compatible; SemrushBot/6~bl; +http://www.semrush.com/bot.html)" 
46.229.168.154 - - [09/Jun/2020:01:58:53 -0700] "GET /content/statusupdates/?offset=110 HTTP/1.1" 200 11076 "-" "Mozilla/5.0 (compatible; SemrushBot/6~bl; +http://www.semrush.com/bot.html)" 
46.229.168.137 - - [09/Jun/2020:01:59:54 -0700] "GET /content/all/?q=%23testtag HTTP/1.1" 200 9523 "-" "Mozilla/5.0 (compatible; SemrushBot/6~bl; +http://www.semrush.com/bot.html)" 
114.119.161.85 - - [09/Jun/2020:02:00:16 -0700] "GET /tag/sourdough?offset=16 HTTP/1.1" 200 11725 "-" "Mozilla/5.0 (Linux; Android 7.0;) AppleWebKit/537.36 (KHTML, like Gecko) Mobile Safari/537.36 (compatible; PetalBot;+https://aspiegel.com/petalbot)" 
46.229.168.134 - - [09/Jun/2020:02:00:19 -0700] "GET /content/statusupdates/?offset=2&q=%23%2B%23indieweb HTTP/1.1" 200 11833 "-" "Mozilla/5.0 (compatible; SemrushBot/6~bl; +http://www.semrush.com/bot.html)" 
46.229.168.161 - - [09/Jun/2020:02:00:44 -0700] "GET /?offset=200 HTTP/1.1" 200 11683 "-" "Mozilla/5.0 (compatible; SemrushBot/6~bl; +http://www.semrush.com/bot.html)" 
46.229.168.136 - - [09/Jun/2020:02:00:46 -0700] "GET /2018/photos-for-mac-isnt-a-long-term-photo-library-option HTTP/1.1" 200 9814 "-" "Mozilla/5.0 (compatible; SemrushBot/6~bl; +http://www.semrush.com/bot.html)" 
40.77.167.64 - - [09/Jun/2020:02:00:49 -0700] "GET /file/24047de407b7257640d04c66c63a0204 HTTP/1.1" 200 9599 "-" "Mozilla/5.0 (compatible; bingbot/2.0; +http://www.bing.com/bingbot.htm)" 
54.242.4.7 - - [09/Jun/2020:02:00:52 -0700] "GET /?_t=rss HTTP/1.1" 200 7188 "-" "glitch-feeder/1.0 (+https://glitch.com/~lmo-feeder)" 
46.229.168.132 - - [09/Jun/2020:02:02:18 -0700] "GET /2019/this-post-opened-a-whole-can-of HTTP/1.1" 200 10320 "-" "Mozilla/5.0 (compatible; SemrushBot/6~bl; +http://www.semrush.com/bot.html)" 
46.229.168.135 - - [09/Jun/2020:02:03:11 -0700] "GET /content/all/?offset=13&q=%23%2B%23podcast HTTP/1.1" 200 12128 "-" "Mozilla/5.0 (compatible; SemrushBot/6~bl; +http://www.semrush.com/bot.html)" 
46.229.168.162 - - [09/Jun/2020:02:03:23 -0700] "GET /content/photos/?offset=9&q=%23%2B%23podcast HTTP/1.1" 200 9421 "-" "Mozilla/5.0 (compatible; SemrushBot/6~bl; +http://www.semrush.com/bot.html)" 
40.77.167.64 - - [09/Jun/2020:02:03:43 -0700] "GET /file/9d2e449fa5fd658dc7ec43427b7af312/igp5Cp4L.jpg HTTP/1.1" 200 136511 "-" "Mozilla/5.0 (compatible; bingbot/2.0; +http://www.bing.com/bingbot.htm)" 
46.229.168.144 - - [09/Jun/2020:02:03:53 -0700] "GET /content/posts/?q=%23Corfu HTTP/1.1" 200 8488 "-" "Mozilla/5.0 (compatible; SemrushBot/6~bl; +http://www.semrush.com/bot.html)" 
64.111.100.215 - - [09/Jun/2020:02:04:01 -0700] "GET /content/all?_t=rss HTTP/1.1" 200 13441 "-" "Mozilla/5.0 (X11; U; Linux i686; fr; rv:1.9.1.1) Gecko/20090715 Firefox/3.5.1" 
46.229.168.131 - - [09/Jun/2020:02:05:14 -0700] "GET /content/all/?offset=115&q=%23%2B%23IndieWeb HTTP/1.1" 200 12424 "-" "Mozilla/5.0 (compatible; SemrushBot/6~bl; +http://www.semrush.com/bot.html)" 
46.229.168.149 - - [09/Jun/2020:02:05:27 -0700] "GET /tag/Sourdough?offset=52 HTTP/1.1" 200 10104 "-" "Mozilla/5.0 (compatible; SemrushBot/6~bl; +http://www.semrush.com/bot.html)" 
114.119.162.106 - - [09/Jun/2020:02:06:03 -0700] "GET /tag/webmention HTTP/1.1" 200 13488 "-" "Mozilla/5.0 (Linux; Android 7.0;) AppleWebKit/537.36 (KHTML, like Gecko) Mobile Safari/537.36 (compatible; PetalBot;+https://aspiegel.com/petalbot)" 
46.229.168.150 - - [09/Jun/2020:02:06:39 -0700] "GET /content/posts/?offset=65 HTTP/1.1" 200 15994 "-" "Mozilla/5.0 (compatible; SemrushBot/6~bl; +http://www.semrush.com/bot.html)" 
66.249.69.180 - - [09/Jun/2020:02:07:41 -0700] "GET /2019/pro-meat-campaign-may-have-turned-some-social-media-users-against?_t=rss HTTP/1.1" 200 5621 "-" "Mozilla/5.0 (Linux; Android 6.0.1; Nexus 5X Build/MMB29P) AppleWebKit/537.36 (KHTML, like Gecko) Chrome/80.0.3987.92 Mobile Safari/537.36 (compatible; Googlebot/2.1; +http://www.google.com/bot.html)" 
46.229.168.143 - - [09/Jun/2020:02:07:48 -0700] "GET /content/statusupdates/?offset=1&q=%23IndieWeb HTTP/1.1" 200 11799 "-" "Mozilla/5.0 (compatible; SemrushBot/6~bl; +http://www.semrush.com/bot.html)" 
66.249.75.112 - - [09/Jun/2020:02:08:33 -0700] "GET /robots.txt HTTP/1.1" 200 4589 "-" "Mozilla/5.0 (compatible; Googlebot/2.1; +http://www.google.com/bot.html)" 
66.249.75.112 - - [09/Jun/2020:02:08:33 -0700] "GET /view/0d4e35a0a1f943482661941378f1ce4c?_t=rss HTTP/1.1" 200 2437 "-" "Mozilla/5.0 (Linux; Android 6.0.1; Nexus 5X Build/MMB29P) AppleWebKit/537.36 (KHTML, like Gecko) Chrome/80.0.3987.92 Mobile Safari/537.36 (compatible; Googlebot/2.1; +http://www.google.com/bot.html)" 
46.229.168.139 - - [09/Jun/2020:02:08:50 -0700] "GET /content/photos/?offset=32&q=%23sourdough HTTP/1.1" 200 11437 "-" "Mozilla/5.0 (compatible; SemrushBot/6~bl; +http://www.semrush.com/bot.html)" 
46.229.168.148 - - [09/Jun/2020:02:09:04 -0700] "GET /tag/sourdough?offset=36 HTTP/1.1" 200 11422 "-" "Mozilla/5.0 (compatible; SemrushBot/6~bl; +http://www.semrush.com/bot.html)" 
46.229.168.145 - - [09/Jun/2020:02:09:09 -0700] "GET /content/events/?q=%23%2B%23non-fiction HTTP/1.1" 200 8546 "-" "Mozilla/5.0 (compatible; SemrushBot/6~bl; +http://www.semrush.com/bot.html)" 
46.229.168.153 - - [09/Jun/2020:02:09:32 -0700] "GET /content/photos/?offset=40&q=%23sourdough HTTP/1.1" 200 11507 "-" "Mozilla/5.0 (compatible; SemrushBot/6~bl; +http://www.semrush.com/bot.html)" 
167.172.118.185 - - [09/Jun/2020:02:11:11 -0700] "GET /?_t=rss HTTP/1.1" 200 6958 "-" "Feedbin feed-id:1536727 - 1 subscribers" 
46.229.168.140 - - [09/Jun/2020:02:11:30 -0700] "GET /2019/awaiting-an-organist HTTP/1.1" 200 13013 "-" "Mozilla/5.0 (compatible; SemrushBot/6~bl; +http://www.semrush.com/bot.html)" 
77.88.5.71 - - [09/Jun/2020:02:11:40 -0700] "GET /file/102274f24991e12707f9ba176d9996ae HTTP/1.1" 304 3726 "-" "Mozilla/5.0 (compatible; YandexImages/3.0; +http://yandex.com/bots)" 
114.119.164.86 - - [09/Jun/2020:02:11:47 -0700] "GET /tag/known?offset=12 HTTP/1.1" 200 12217 "-" "Mozilla/5.0 (Linux; Android 7.0;) AppleWebKit/537.36 (KHTML, like Gecko) Mobile Safari/537.36 (compatible; PetalBot;+https://aspiegel.com/petalbot)" 
46.229.168.133 - - [09/Jun/2020:02:11:55 -0700] "GET /2018/finished-reading-white-tears-by-hari-kunzru HTTP/1.1" 200 10334 "-" "Mozilla/5.0 (compatible; SemrushBot/6~bl; +http://www.semrush.com/bot.html)" 
66.249.69.176 - - [09/Jun/2020:02:12:15 -0700] "GET /2019/tim-harford-article-how-the-brexit-debate-was-flushed-down HTTP/1.1" 200 9769 "-" "Mozilla/5.0 (compatible; Googlebot/2.1; +http://www.google.com/bot.html)" 
46.229.168.141 - - [09/Jun/2020:02:12:42 -0700] "GET /?offset=107&q=%23indieweb HTTP/1.1" 200 12320 "-" "Mozilla/5.0 (compatible; SemrushBot/6~bl; +http://www.semrush.com/bot.html)" 
46.229.168.153 - - [09/Jun/2020:02:12:55 -0700] "GET /?offset=67&q=%23IndieWeb HTTP/1.1" 200 12006 "-" "Mozilla/5.0 (compatible; SemrushBot/6~bl; +http://www.semrush.com/bot.html)" 
173.230.155.197 - - [09/Jun/2020:02:13:09 -0700] "GET / HTTP/1.1" 200 55401 "-" "Mozilla/5.0 (Macintosh; Intel Mac OS X 10_12_1) AppleWebKit/537.36 (KHTML, like Gecko) Chrome/57.0.2987.133 Safari/537.36 p3k-http/0.1.5 p3k-watchtower/0.1" 
3.86.68.50 - - [09/Jun/2020:02:14:20 -0700] "GET /rss.xml HTTP/1.1" 200 7210 "https://www.google.com/" "Mozilla/5.0 (X11; Linux x86_64) AppleWebKit/537.36 (KHTML, like Gecko) Chrome/80.0.3987.149 Safari/537.36" 
46.229.168.134 - - [09/Jun/2020:02:14:34 -0700] "GET /content/all/?offset=44&q=%23%2B%23podcast HTTP/1.1" 200 12974 "-" "Mozilla/5.0 (compatible; SemrushBot/6~bl; +http://www.semrush.com/bot.html)" 
