46.229.168.163 - - [15/Jun/2020:11:54:52 -0700] "GET /content/all/?offset=18&q=%23%2B%23WithKnown HTTP/1.1" 200 13076 "-" "Mozilla/5.0 (compatible; SemrushBot/6~bl; +http://www.semrush.com/bot.html)" 
157.55.39.110 - - [15/Jun/2020:11:54:55 -0700] "GET /2019/top-of-the-world HTTP/1.1" 304 4068 "-" "Mozilla/5.0 (compatible; bingbot/2.0; +http://www.bing.com/bingbot.htm)" 
64.111.100.215 - - [15/Jun/2020:11:56:51 -0700] "GET /content/all?_t=rss HTTP/1.1" 200 14885 "-" "Mozilla/5.0 (X11; U; Linux i686; fr; rv:1.9.1.1) Gecko/20090715 Firefox/3.5.1" 
66.249.66.48 - - [15/Jun/2020:11:57:45 -0700] "GET /?q=%23Indieweb&offset=123 HTTP/1.1" 200 12260 "-" "Mozilla/5.0 (Linux; Android 6.0.1; Nexus 5X Build/MMB29P) AppleWebKit/537.36 (KHTML, like Gecko) Chrome/80.0.3987.92 Mobile Safari/537.36 (compatible; Googlebot/2.1; +http://www.google.com/bot.html)" 
96.126.125.129 - - [15/Jun/2020:11:57:47 -0700] "GET /content/statusupdates/posts/photos/checkins/bookmarkedpages?_t=rss HTTP/1.1" 200 7442 "-" "Micro.blog/1.0" 
66.249.66.44 - - [15/Jun/2020:11:58:00 -0700] "GET /service/web/unfurl/?url=https%3A%2F%2Fwww.jeremycherfas.net%2Fblog%2Fsetting-my-marginalia-free&__bTk=d87e04dab4fdfc962ede8b0b58de731acf971afb76eec2a72562b0166c5cf83b&__bTs=1590692933 HTTP/1.1" 403 4956 "https://stream.jeremycherfas.net/?q=%23Indieweb&offset=123" "Mozilla/5.0 (Linux; Android 6.0.1; Nexus 5X Build/MMB29P) AppleWebKit/537.36 (KHTML, like Gecko) Chrome/83.0.4103.100 Mobile Safari/537.36 (compatible; Googlebot/2.1; +http://www.google.com/bot.html)" 
46.229.168.132 - - [15/Jun/2020:11:59:02 -0700] "GET /?offset=31&q=%23bread HTTP/1.1" 200 12535 "-" "Mozilla/5.0 (compatible; SemrushBot/6~bl; +http://www.semrush.com/bot.html)" 
46.229.168.138 - - [15/Jun/2020:11:59:58 -0700] "GET /tag/podcast?offset=31 HTTP/1.1" 200 13452 "-" "Mozilla/5.0 (compatible; SemrushBot/6~bl; +http://www.semrush.com/bot.html)" 
46.229.168.141 - - [15/Jun/2020:12:00:09 -0700] "GET /content/posts/?q=%23WithKnown HTTP/1.1" 200 17796 "-" "Mozilla/5.0 (compatible; SemrushBot/6~bl; +http://www.semrush.com/bot.html)" 
46.229.168.161 - - [15/Jun/2020:12:00:14 -0700] "GET /?offset=21&q=%23%2B%23podcast HTTP/1.1" 200 12175 "-" "Mozilla/5.0 (compatible; SemrushBot/6~bl; +http://www.semrush.com/bot.html)" 
114.119.165.2 - - [15/Jun/2020:12:00:20 -0700] "GET /tag/testtag HTTP/1.1" 200 9234 "-" "Mozilla/5.0 (Linux; Android 7.0;) AppleWebKit/537.36 (KHTML, like Gecko) Mobile Safari/537.36 (compatible; PetalBot;+https://aspiegel.com/petalbot)" 
3.95.37.3 - - [15/Jun/2020:12:01:11 -0700] "GET /?_t=rss HTTP/1.1" 200 7435 "-" "glitch-feeder/1.0 (+https://glitch.com/~lmo-feeder)" 
91.242.162.76 - - [15/Jun/2020:12:01:15 -0700] "GET /robots.txt HTTP/1.1" 200 4398 "-" "Mozilla/5.0 (compatible; Qwantify/2.4w; +https://www.qwant.com/)/2.4w" 
91.242.162.76 - - [15/Jun/2020:12:01:15 -0700] "GET /content/audio/?q= HTTP/1.1" 200 10157 "-" "Mozilla/5.0 (compatible; Qwantify/2.4w; +https://www.qwant.com/)/2.4w" 
46.229.168.140 - - [15/Jun/2020:12:01:18 -0700] "GET /file/f5703b084ef35019a6949f28af0ca0d1/810d17cb11df3237dc52a29d7724b36f HTTP/1.1" 200 131079 "-" "Mozilla/5.0 (compatible; SemrushBot/6~bl; +http://www.semrush.com/bot.html)" 
96.126.125.129 - - [15/Jun/2020:12:01:42 -0700] "GET /content/statusupdates/posts/photos/checkins/bookmarkedpages?_t=rss HTTP/1.1" 200 7442 "-" "Micro.blog/1.0" 
46.229.168.142 - - [15/Jun/2020:12:03:34 -0700] "GET /tag/Indieweb?offset=140 HTTP/1.1" 200 10196 "-" "Mozilla/5.0 (compatible; SemrushBot/6~bl; +http://www.semrush.com/bot.html)" 
46.229.168.151 - - [15/Jun/2020:12:04:11 -0700] "GET /content/all/?q=%23testtag HTTP/1.1" 200 9305 "-" "Mozilla/5.0 (compatible; SemrushBot/6~bl; +http://www.semrush.com/bot.html)" 
46.229.168.163 - - [15/Jun/2020:12:04:52 -0700] "GET /2018/omnibear-keithjgrantomnibear HTTP/1.1" 200 9277 "-" "Mozilla/5.0 (compatible; SemrushBot/6~bl; +http://www.semrush.com/bot.html)" 
45.79.26.51 - - [15/Jun/2020:12:05:15 -0700] "GET /content/statusupdates/posts/photos/checkins/bookmarkedpages?_t=rss HTTP/1.1" 200 7437 "-" "Micro.blog/1.0" 
114.119.165.37 - - [15/Jun/2020:12:05:42 -0700] "GET /tag/Sourdough?offset=30 HTTP/1.1" 200 11310 "-" "Mozilla/5.0 (Linux; Android 7.0;) AppleWebKit/537.36 (KHTML, like Gecko) Mobile Safari/537.36 (compatible; PetalBot;+https://aspiegel.com/petalbot)" 
46.229.168.151 - - [15/Jun/2020:12:06:58 -0700] "GET /content/photos/?offset=57&q=%23bread HTTP/1.1" 200 11745 "-" "Mozilla/5.0 (compatible; SemrushBot/6~bl; +http://www.semrush.com/bot.html)" 
46.229.168.140 - - [15/Jun/2020:12:08:46 -0700] "GET /content/statusupdates/?q=%23indieweb HTTP/1.1" 200 11800 "-" "Mozilla/5.0 (compatible; SemrushBot/6~bl; +http://www.semrush.com/bot.html)" 
46.229.168.138 - - [15/Jun/2020:12:08:58 -0700] "GET /2018/2018-06-11 HTTP/1.1" 200 9547 "-" "Mozilla/5.0 (compatible; SemrushBot/6~bl; +http://www.semrush.com/bot.html)" 
46.229.168.140 - - [15/Jun/2020:12:09:02 -0700] "GET /?offset=54&q=%23indieweb HTTP/1.1" 200 13200 "-" "Mozilla/5.0 (compatible; SemrushBot/6~bl; +http://www.semrush.com/bot.html)" 
96.126.125.129 - - [15/Jun/2020:12:09:55 -0700] "GET /content/statusupdates/posts/photos/checkins/bookmarkedpages?_t=rss HTTP/1.1" 200 7442 "-" "Micro.blog/1.0" 
46.229.168.161 - - [15/Jun/2020:12:09:58 -0700] "GET /content/rsvp/?q=%23followfriday HTTP/1.1" 200 8285 "-" "Mozilla/5.0 (compatible; SemrushBot/6~bl; +http://www.semrush.com/bot.html)" 
77.88.5.71 - - [15/Jun/2020:12:10:02 -0700] "GET /robots.txt HTTP/1.1" 200 4288 "-" "Mozilla/5.0 (compatible; YandexBot/3.0; +http://yandex.com/bots)" 
77.88.5.71 - - [15/Jun/2020:12:10:06 -0700] "GET /file/ef801e05730eba56004c5b712ad84731/thumb.jpg HTTP/1.1" 200 25880 "-" "Mozilla/5.0 (compatible; YandexBot/3.0; +http://yandex.com/bots)" 
46.229.168.129 - - [15/Jun/2020:12:10:20 -0700] "GET /content/photos/?offset=9&q=%23leaven HTTP/1.1" 200 8805 "-" "Mozilla/5.0 (compatible; SemrushBot/6~bl; +http://www.semrush.com/bot.html)" 
114.119.161.85 - - [15/Jun/2020:12:11:02 -0700] "GET /tag/IndieWeb?offset=132 HTTP/1.1" 200 12626 "-" "Mozilla/5.0 (Linux; Android 7.0;) AppleWebKit/537.36 (KHTML, like Gecko) Mobile Safari/537.36 (compatible; PetalBot;+https://aspiegel.com/petalbot)" 
96.126.125.129 - - [15/Jun/2020:12:13:09 -0700] "GET /content/statusupdates/posts/photos/checkins/bookmarkedpages?_t=rss HTTP/1.1" 200 7442 "-" "Micro.blog/1.0" 
64.111.100.215 - - [15/Jun/2020:12:13:10 -0700] "GET /content/all?_t=rss HTTP/1.1" 200 14885 "-" "Mozilla/5.0 (X11; U; Linux i686; fr; rv:1.9.1.1) Gecko/20090715 Firefox/3.5.1" 
46.229.168.161 - - [15/Jun/2020:12:13:25 -0700] "GET /tag/Sourdough?offset=30 HTTP/1.1" 200 11310 "-" "Mozilla/5.0 (compatible; SemrushBot/6~bl; +http://www.semrush.com/bot.html)" 
46.229.168.161 - - [15/Jun/2020:12:14:00 -0700] "GET /2017/seems-to-have-gone-dormant-so-heres-my-wholewheat-with HTTP/1.1" 200 10539 "-" "Mozilla/5.0 (compatible; SemrushBot/6~bl; +http://www.semrush.com/bot.html)" 
46.229.168.136 - - [15/Jun/2020:12:14:08 -0700] "GET /content/posts/?offset=19&q=%23%2B%23IndieWeb HTTP/1.1" 200 15809 "-" "Mozilla/5.0 (compatible; SemrushBot/6~bl; +http://www.semrush.com/bot.html)" 
46.229.168.141 - - [15/Jun/2020:12:14:32 -0700] "GET /content/photos/?offset=7&q=%23%2B%23bread HTTP/1.1" 200 12412 "-" "Mozilla/5.0 (compatible; SemrushBot/6~bl; +http://www.semrush.com/bot.html)" 
46.229.168.139 - - [15/Jun/2020:12:14:34 -0700] "GET /tag/Indieweb?offset=143 HTTP/1.1" 200 9215 "-" "Mozilla/5.0 (compatible; SemrushBot/6~bl; +http://www.semrush.com/bot.html)" 
167.172.219.142 - - [15/Jun/2020:12:15:55 -0700] "GET /?_t=rss HTTP/1.1" 304 3495 "-" "Feedbin feed-id:1536727 - 1 subscribers" 
114.119.165.105 - - [15/Jun/2020:12:16:23 -0700] "GET /tag/bread?offset=36 HTTP/1.1" 200 12032 "-" "Mozilla/5.0 (Linux; Android 7.0;) AppleWebKit/537.36 (KHTML, like Gecko) Mobile Safari/537.36 (compatible; PetalBot;+https://aspiegel.com/petalbot)" 
46.229.168.144 - - [15/Jun/2020:12:16:47 -0700] "GET /2020/2020-02-19 HTTP/1.1" 200 9387 "-" "Mozilla/5.0 (compatible; SemrushBot/6~bl; +http://www.semrush.com/bot.html)" 
46.229.168.139 - - [15/Jun/2020:12:17:18 -0700] "GET /content/posts/?q=%23%2B%23photo HTTP/1.1" 200 11815 "-" "Mozilla/5.0 (compatible; SemrushBot/6~bl; +http://www.semrush.com/bot.html)" 
46.229.168.143 - - [15/Jun/2020:12:19:29 -0700] "GET /content/all/?offset=49&q=%23WithKnown HTTP/1.1" 200 10791 "-" "Mozilla/5.0 (compatible; SemrushBot/6~bl; +http://www.semrush.com/bot.html)" 
207.46.13.63 - - [15/Jun/2020:12:19:53 -0700] "GET /2018/all-prepped-and-ready-for-sourdough-u HTTP/1.1" 304 4068 "-" "Mozilla/5.0 (compatible; bingbot/2.0; +http://www.bing.com/bingbot.htm)" 
46.229.168.148 - - [15/Jun/2020:12:20:13 -0700] "GET /tag/+%23podcast HTTP/1.1" 200 12297 "-" "Mozilla/5.0 (compatible; SemrushBot/6~bl; +http://www.semrush.com/bot.html)" 
46.229.168.152 - - [15/Jun/2020:12:20:22 -0700] "GET /?offset=115&q=%23IndieWeb HTTP/1.1" 200 12125 "-" "Mozilla/5.0 (compatible; SemrushBot/6~bl; +http://www.semrush.com/bot.html)" 
96.126.125.129 - - [15/Jun/2020:12:21:06 -0700] "GET /content/statusupdates/posts/photos/checkins/bookmarkedpages?_t=rss HTTP/1.1" 200 7442 "-" "Micro.blog/1.0" 
114.119.166.46 - - [15/Jun/2020:12:21:42 -0700] "GET /tag/IndieWeb?offset=0 HTTP/1.1" 200 14805 "-" "Mozilla/5.0 (Linux; Android 7.0;) AppleWebKit/537.36 (KHTML, like Gecko) Mobile Safari/537.36 (compatible; PetalBot;+https://aspiegel.com/petalbot)" 
54.39.188.170 - - [15/Jun/2020:12:22:26 -0700] "GET /content/all?_t=rss HTTP/1.1" 200 7549 "-" "Mozilla/5.0 (compatible; YaK/1.0; http://linkfluence.com/; bot@linkfluence.com)" 
157.55.39.98 - - [15/Jun/2020:12:22:36 -0700] "GET /2019/very-definitely-that-time-of-year HTTP/1.1" 200 14419 "-" "Mozilla/5.0 (compatible; bingbot/2.0; +http://www.bing.com/bingbot.htm)" 
46.229.168.162 - - [15/Jun/2020:12:22:50 -0700] "GET /file/3e28e88e7c1659a79d547054c2c6cc78/ca180c327c21858c09548e7e35410e85 HTTP/1.1" 500 49002 "-" "Mozilla/5.0 (compatible; SemrushBot/6~bl; +http://www.semrush.com/bot.html)" 
46.229.168.150 - - [15/Jun/2020:12:23:00 -0700] "GET /tag/bread?offset=54 HTTP/1.1" 200 11883 "-" "Mozilla/5.0 (compatible; SemrushBot/6~bl; +http://www.semrush.com/bot.html)" 
46.229.168.143 - - [15/Jun/2020:12:24:06 -0700] "GET /tag/ HTTP/1.1" 404 17679 "-" "Mozilla/5.0 (compatible; SemrushBot/6~bl; +http://www.semrush.com/bot.html)" 
46.229.168.137 - - [15/Jun/2020:12:24:13 -0700] "GET /content/all/?offset=0&q=%23%2B%23%23bread HTTP/1.1" 200 12187 "-" "Mozilla/5.0 (compatible; SemrushBot/6~bl; +http://www.semrush.com/bot.html)" 
54.36.148.81 - - [15/Jun/2020:12:26:47 -0700] "GET /2020/i-brought-this-beauty-to-the-net-on-a-size HTTP/1.1" 200 10750 "-" "Mozilla/5.0 (compatible; AhrefsBot/6.1; +http://ahrefs.com/robot/)" 
114.119.165.2 - - [15/Jun/2020:12:27:00 -0700] "GET /tag/withknown?offset=35 HTTP/1.1" 200 11528 "-" "Mozilla/5.0 (Linux; Android 7.0;) AppleWebKit/537.36 (KHTML, like Gecko) Mobile Safari/537.36 (compatible; PetalBot;+https://aspiegel.com/petalbot)" 
46.229.168.137 - - [15/Jun/2020:12:27:24 -0700] "GET /content/all/?offset=50&q=%23%2B%23WithKnown HTTP/1.1" 200 10521 "-" "Mozilla/5.0 (compatible; SemrushBot/6~bl; +http://www.semrush.com/bot.html)" 
54.36.148.152 - - [15/Jun/2020:12:27:45 -0700] "GET /2020/the-real-reason-i-love-faber-castell-of-course-one HTTP/1.1" 200 9421 "-" "Mozilla/5.0 (compatible; AhrefsBot/6.1; +http://ahrefs.com/robot/)" 
96.126.125.129 - - [15/Jun/2020:12:28:11 -0700] "GET /content/statusupdates/posts/photos/checkins/bookmarkedpages?_t=rss HTTP/1.1" 200 7442 "-" "Micro.blog/1.0" 
64.111.100.215 - - [15/Jun/2020:12:28:16 -0700] "GET /content/all?_t=rss HTTP/1.1" 200 14885 "-" "Mozilla/5.0 (X11; U; Linux i686; fr; rv:1.9.1.1) Gecko/20090715 Firefox/3.5.1" 
46.229.168.152 - - [15/Jun/2020:12:28:27 -0700] "GET /file/debbeb2aff06cb64811dcef1cd39be24/e42d71c201cbae41cf69c5a8831364d5 HTTP/1.1" 500 78262 "-" "Mozilla/5.0 (compatible; SemrushBot/6~bl; +http://www.semrush.com/bot.html)" 
54.36.148.201 - - [15/Jun/2020:12:28:40 -0700] "GET /2020/untitled-37 HTTP/1.1" 200 9258 "-" "Mozilla/5.0 (compatible; AhrefsBot/6.1; +http://ahrefs.com/robot/)" 
54.36.148.61 - - [15/Jun/2020:12:29:25 -0700] "GET /content/events/?q=%23+%23bread HTTP/1.1" 200 8290 "-" "Mozilla/5.0 (compatible; AhrefsBot/6.1; +http://ahrefs.com/robot/)" 
46.229.168.151 - - [15/Jun/2020:12:29:36 -0700] "GET /content/all/?offset=31&q=%23%2B%23podcast HTTP/1.1" 200 13572 "-" "Mozilla/5.0 (compatible; SemrushBot/6~bl; +http://www.semrush.com/bot.html)" 
40.77.167.174 - - [15/Jun/2020:12:29:52 -0700] "GET /file/0dc40d09e7239a8b99ddbdd6469e7dc7 HTTP/1.1" 304 4068 "-" "Mozilla/5.0 (compatible; bingbot/2.0; +http://www.bing.com/bingbot.htm)" 
54.36.148.201 - - [15/Jun/2020:12:30:17 -0700] "GET /content/locations/?q=%23+%23bread HTTP/1.1" 200 8295 "-" "Mozilla/5.0 (compatible; AhrefsBot/6.1; +http://ahrefs.com/robot/)" 
54.36.148.81 - - [15/Jun/2020:12:30:56 -0700] "GET /content/rsvp/?q=%23+%23bread HTTP/1.1" 200 8287 "-" "Mozilla/5.0 (compatible; AhrefsBot/6.1; +http://ahrefs.com/robot/)" 
54.210.38.4 - - [15/Jun/2020:12:32:14 -0700] "GET /?_t=rss HTTP/1.1" 200 7435 "-" "glitch-feeder/1.0 (+https://glitch.com/~lmo-feeder)" 
114.119.162.106 - - [15/Jun/2020:12:32:21 -0700] "GET /tag/+%23hearsay19 HTTP/1.1" 200 8228 "-" "Mozilla/5.0 (Linux; Android 7.0;) AppleWebKit/537.36 (KHTML, like Gecko) Mobile Safari/537.36 (compatible; PetalBot;+https://aspiegel.com/petalbot)" 
136.24.23.78 - - [15/Jun/2020:12:33:36 -0700] "GET /file/ef801e05730eba56004c5b712ad84731/thumb.jpg HTTP/1.1" 200 26439 "https://prtksxna.com/never-nothing-to-see/" "Mozilla/5.0 (Macintosh; Intel Mac OS X 10.15; rv:76.0) Gecko/20100101 Firefox/76.0" 
45.79.26.51 - - [15/Jun/2020:12:33:50 -0700] "GET /content/statusupdates/posts/photos/checkins/bookmarkedpages?_t=rss HTTP/1.1" 200 7437 "-" "Micro.blog/1.0" 
54.36.148.201 - - [15/Jun/2020:12:35:29 -0700] "GET /content/audio/?q=%23igbreadclub HTTP/1.1" 200 8319 "-" "Mozilla/5.0 (compatible; AhrefsBot/6.1; +http://ahrefs.com/robot/)" 
46.229.168.150 - - [15/Jun/2020:12:35:37 -0700] "GET /2020/what-happens-on-my-tongue-in-my HTTP/1.1" 200 9870 "-" "Mozilla/5.0 (compatible; SemrushBot/6~bl; +http://www.semrush.com/bot.html)" 
66.249.66.46 - - [15/Jun/2020:12:35:37 -0700] "GET /robots.txt HTTP/1.1" 200 4857 "-" "Mozilla/5.0 (compatible; Googlebot/2.1; +http://www.google.com/bot.html)" 
66.249.66.46 - - [15/Jun/2020:12:35:37 -0700] "GET /view/f721b63416ea9a7a1137ad0fd8593d05?_t=rss HTTP/1.1" 200 2040 "-" "Mozilla/5.0 (Linux; Android 6.0.1; Nexus 5X Build/MMB29P) AppleWebKit/537.36 (KHTML, like Gecko) Chrome/80.0.3987.92 Mobile Safari/537.36 (compatible; Googlebot/2.1; +http://www.google.com/bot.html)" 
54.36.149.77 - - [15/Jun/2020:12:36:09 -0700] "GET /content/bookmarkedpages/?q=%23igbreadclub HTTP/1.1" 200 8334 "-" "Mozilla/5.0 (compatible; AhrefsBot/6.1; +http://ahrefs.com/robot/)" 
54.36.148.81 - - [15/Jun/2020:12:37:00 -0700] "GET /content/events/?q=%23igbreadclub HTTP/1.1" 200 8320 "-" "Mozilla/5.0 (compatible; AhrefsBot/6.1; +http://ahrefs.com/robot/)" 
54.36.148.201 - - [15/Jun/2020:12:37:36 -0700] "GET /content/posts/?q=%23igbreadclub HTTP/1.1" 200 8318 "-" "Mozilla/5.0 (compatible; AhrefsBot/6.1; +http://ahrefs.com/robot/)" 
114.119.162.106 - - [15/Jun/2020:12:37:41 -0700] "GET /tag/stirfridaynight HTTP/1.1" 200 8973 "-" "Mozilla/5.0 (Linux; Android 7.0;) AppleWebKit/537.36 (KHTML, like Gecko) Mobile Safari/537.36 (compatible; PetalBot;+https://aspiegel.com/petalbot)" 
46.229.168.142 - - [15/Jun/2020:12:38:02 -0700] "GET /content/statusupdates/?q=%23testtag HTTP/1.1" 200 8313 "-" "Mozilla/5.0 (compatible; SemrushBot/6~bl; +http://www.semrush.com/bot.html)" 
54.36.148.81 - - [15/Jun/2020:12:38:07 -0700] "GET /content/statusupdates/?q=%23igbreadclub HTTP/1.1" 200 8330 "-" "Mozilla/5.0 (compatible; AhrefsBot/6.1; +http://ahrefs.com/robot/)" 
54.36.148.81 - - [15/Jun/2020:12:38:26 -0700] "GET /2017/at-vespertine-jonathan-gold-makes-contact-with-otherworldly-cooking-is HTTP/1.1" 200 9825 "-" "Mozilla/5.0 (compatible; AhrefsBot/6.1; +http://ahrefs.com/robot/)" 
46.229.168.142 - - [15/Jun/2020:12:38:33 -0700] "GET /content/photos/?offset=47&q=%23sourdough HTTP/1.1" 200 10150 "-" "Mozilla/5.0 (compatible; SemrushBot/6~bl; +http://www.semrush.com/bot.html)" 
13.84.214.151 - - [15/Jun/2020:12:38:48 -0700] "GET /2017/could-this-be-a-crape-myrtle-fruit-is-it-good HTTP/1.0" 200 31740 "-" "-" 
13.84.214.151 - - [15/Jun/2020:12:38:48 -0700] "GET /2017/could-this-be-a-crape-myrtle-fruit-is-it-good HTTP/1.0" 200 31740 "-" "-" 
13.84.214.151 - - [15/Jun/2020:12:38:48 -0700] "GET /2017/could-this-be-a-crape-myrtle-fruit-is-it-good HTTP/1.0" 200 31740 "-" "-" 
40.77.167.118 - - [15/Jun/2020:12:38:50 -0700] "GET /service/security/csrftoken/?url=https%3A%2F%2Fstream.jeremycherfas.net%2Fservice%2Fsystem%2Flog%2F HTTP/1.1" 403 18411 "-" "Mozilla/5.0 (compatible; bingbot/2.0; +http://www.bing.com/bingbot.htm)" 
157.55.39.110 - - [15/Jun/2020:12:38:55 -0700] "GET /vendor/npm-asset/mediaelement/build/mediaelement-and-player.min.js HTTP/1.1" 200 45209 "-" "Mozilla/5.0 (compatible; bingbot/2.0; +http://www.bing.com/bingbot.htm)" 
45.79.26.51 - - [15/Jun/2020:12:39:03 -0700] "GET /content/statusupdates/posts/photos/checkins/bookmarkedpages?_t=rss HTTP/1.1" 200 7437 "-" "Micro.blog/1.0" 
46.229.168.150 - - [15/Jun/2020:12:40:04 -0700] "GET /?offset=140&q=%23indieweb HTTP/1.1" 200 10185 "-" "Mozilla/5.0 (compatible; SemrushBot/6~bl; +http://www.semrush.com/bot.html)" 
46.229.168.149 - - [15/Jun/2020:12:40:46 -0700] "GET /2018/how-i-set-up-my-indieweb-wordpress-site-2018-edition HTTP/1.1" 200 9425 "-" "Mozilla/5.0 (compatible; SemrushBot/6~bl; +http://www.semrush.com/bot.html)" 
54.36.148.81 - - [15/Jun/2020:12:41:03 -0700] "GET /content/bookmarkedpages/?q=%23+%23multigrain HTTP/1.1" 200 8312 "-" "Mozilla/5.0 (compatible; AhrefsBot/6.1; +http://ahrefs.com/robot/)" 
54.36.148.81 - - [15/Jun/2020:12:41:16 -0700] "GET /content/events/?q=%23+%23multigrain HTTP/1.1" 200 8298 "-" "Mozilla/5.0 (compatible; AhrefsBot/6.1; +http://ahrefs.com/robot/)" 
54.36.148.81 - - [15/Jun/2020:12:41:40 -0700] "GET /content/posts/?q=%23+%23multigrain HTTP/1.1" 200 8296 "-" "Mozilla/5.0 (compatible; AhrefsBot/6.1; +http://ahrefs.com/robot/)" 
46.229.168.138 - - [15/Jun/2020:12:41:49 -0700] "GET /content/all/?offset=86&q=%23%2B%23bread HTTP/1.1" 200 9407 "-" "Mozilla/5.0 (compatible; SemrushBot/6~bl; +http://www.semrush.com/bot.html)" 
46.229.168.162 - - [15/Jun/2020:12:41:55 -0700] "GET /file/ab733bafbb94c3d3e64814a05e9e9366/19d1d5318cbf33c7951a0ec0b2c75e81 HTTP/1.1" 500 78262 "-" "Mozilla/5.0 (compatible; SemrushBot/6~bl; +http://www.semrush.com/bot.html)" 
54.36.148.81 - - [15/Jun/2020:12:41:58 -0700] "GET /content/rsvp/?q=%23+%23multigrain HTTP/1.1" 200 8296 "-" "Mozilla/5.0 (compatible; AhrefsBot/6.1; +http://ahrefs.com/robot/)" 
54.36.148.201 - - [15/Jun/2020:12:42:10 -0700] "GET /content/statusupdates/?q=%23+%23multigrain HTTP/1.1" 200 8308 "-" "Mozilla/5.0 (compatible; AhrefsBot/6.1; +http://ahrefs.com/robot/)" 
114.119.165.105 - - [15/Jun/2020:12:43:03 -0700] "GET /tag/Automators HTTP/1.1" 200 8889 "-" "Mozilla/5.0 (Linux; Android 7.0;) AppleWebKit/537.36 (KHTML, like Gecko) Mobile Safari/537.36 (compatible; PetalBot;+https://aspiegel.com/petalbot)" 
46.229.168.142 - - [15/Jun/2020:12:43:53 -0700] "GET /content/all/?offset=66&q=%23%2B%23bread HTTP/1.1" 200 12200 "-" "Mozilla/5.0 (compatible; SemrushBot/6~bl; +http://www.semrush.com/bot.html)" 
96.126.125.129 - - [15/Jun/2020:12:43:57 -0700] "GET /content/statusupdates/posts/photos/checkins/bookmarkedpages?_t=rss HTTP/1.1" 200 7442 "-" "Micro.blog/1.0" 
64.111.100.215 - - [15/Jun/2020:12:43:58 -0700] "GET /content/all?_t=rss HTTP/1.1" 200 14885 "-" "Mozilla/5.0 (X11; U; Linux i686; fr; rv:1.9.1.1) Gecko/20090715 Firefox/3.5.1" 
46.229.168.149 - - [15/Jun/2020:12:44:04 -0700] "GET /content/audio/?q=%23photo HTTP/1.1" 200 8267 "-" "Mozilla/5.0 (compatible; SemrushBot/6~bl; +http://www.semrush.com/bot.html)" 
46.229.168.161 - - [15/Jun/2020:12:44:10 -0700] "GET /tag/podcast?offset=19 HTTP/1.1" 200 12012 "-" "Mozilla/5.0 (compatible; SemrushBot/6~bl; +http://www.semrush.com/bot.html)" 
66.249.66.46 - - [15/Jun/2020:12:45:05 -0700] "GET /view/dbb0f3dfa7445fc43a373d5eb8d3d590?_t=rss HTTP/1.1" 200 5872 "-" "Mozilla/5.0 (Linux; Android 6.0.1; Nexus 5X Build/MMB29P) AppleWebKit/537.36 (KHTML, like Gecko) Chrome/80.0.3987.92 Mobile Safari/537.36 (compatible; Googlebot/2.1; +http://www.google.com/bot.html)" 
46.229.168.146 - - [15/Jun/2020:12:45:40 -0700] "GET /2018/two-very-different-kinds-of-illustration-because-of-nicole-fenton HTTP/1.1" 200 9444 "-" "Mozilla/5.0 (compatible; SemrushBot/6~bl; +http://www.semrush.com/bot.html)" 
54.36.148.128 - - [15/Jun/2020:12:46:33 -0700] "GET /2017/thats-quite-enough-rest-wholewheat-with-a-multigrain-soaker HTTP/1.1" 200 10911 "-" "Mozilla/5.0 (compatible; AhrefsBot/6.1; +http://ahrefs.com/robot/)" 
54.36.148.201 - - [15/Jun/2020:12:46:58 -0700] "GET /2018/how-i-set-up-my-indieweb-wordpress-site-2018-edition HTTP/1.1" 200 9473 "-" "Mozilla/5.0 (compatible; AhrefsBot/6.1; +http://ahrefs.com/robot/)" 
54.36.148.201 - - [15/Jun/2020:12:47:14 -0700] "GET /2017/ooh-a-new-podcast-to-listen-to-which-also-fits HTTP/1.1" 200 9665 "-" "Mozilla/5.0 (compatible; AhrefsBot/6.1; +http://ahrefs.com/robot/)" 
96.126.125.129 - - [15/Jun/2020:12:47:20 -0700] "GET /content/statusupdates/posts/photos/checkins/bookmarkedpages?_t=rss HTTP/1.1" 200 7442 "-" "Micro.blog/1.0" 
54.36.148.165 - - [15/Jun/2020:12:48:19 -0700] "GET /2018/indieweb-journalism-in-the-wild HTTP/1.1" 200 10610 "-" "Mozilla/5.0 (compatible; AhrefsBot/6.1; +http://ahrefs.com/robot/)" 
114.119.165.105 - - [15/Jun/2020:12:48:23 -0700] "GET /tag/IndieWeb?offset=102 HTTP/1.1" 200 14069 "-" "Mozilla/5.0 (Linux; Android 7.0;) AppleWebKit/537.36 (KHTML, like Gecko) Mobile Safari/537.36 (compatible; PetalBot;+https://aspiegel.com/petalbot)" 
46.229.168.135 - - [15/Jun/2020:12:48:29 -0700] "GET /robots.txt HTTP/1.1" 200 4300 "-" "Mozilla/5.0 (compatible; SemrushBot/6~bl; +http://www.semrush.com/bot.html)" 
46.229.168.163 - - [15/Jun/2020:12:48:30 -0700] "GET /content/bookmarkedpages/?q=%23sourdough HTTP/1.1" 200 8323 "-" "Mozilla/5.0 (compatible; SemrushBot/6~bl; +http://www.semrush.com/bot.html)" 
46.229.168.129 - - [15/Jun/2020:12:48:31 -0700] "GET /?offset=34&q=%23IndieWeb HTTP/1.1" 200 12972 "-" "Mozilla/5.0 (compatible; SemrushBot/6~bl; +http://www.semrush.com/bot.html)" 
54.36.148.133 - - [15/Jun/2020:12:48:50 -0700] "GET /2018/surveillance-capitalism-and-indieweb HTTP/1.1" 200 9398 "-" "Mozilla/5.0 (compatible; AhrefsBot/6.1; +http://ahrefs.com/robot/)" 
46.229.168.134 - - [15/Jun/2020:12:49:44 -0700] "GET /content/audio/?q=%23changingglobaldiets HTTP/1.1" 200 8325 "-" "Mozilla/5.0 (compatible; SemrushBot/6~bl; +http://www.semrush.com/bot.html)" 
45.79.26.51 - - [15/Jun/2020:12:50:46 -0700] "GET /content/statusupdates/posts/photos/checkins/bookmarkedpages?_t=rss HTTP/1.1" 200 7437 "-" "Micro.blog/1.0" 
46.229.168.145 - - [15/Jun/2020:12:51:35 -0700] "GET /?offset=0 HTTP/1.1" 200 12048 "-" "Mozilla/5.0 (compatible; SemrushBot/6~bl; +http://www.semrush.com/bot.html)" 
66.249.66.44 - - [15/Jun/2020:12:52:59 -0700] "GET /service/web/unfurl/?url=https%3A%2F%2Fwww.sourdough.co.uk%2Fcan-real-sourdough-identified%2F&__bTk=1bd931c2e77042fcfb938c9033235bae0e4e6a735f743d1dc68a8b7dc378076f&__bTs=1591383934 HTTP/1.1" 403 5086 "https://stream.jeremycherfas.net/?offset=1039&_t=amp" "Mozilla/5.0 (Linux; Android 6.0.1; Nexus 5X Build/MMB29P) AppleWebKit/537.36 (KHTML, like Gecko) Chrome/83.0.4103.93 Mobile Safari/537.36 (compatible; Googlebot/2.1; +http://www.google.com/bot.html)" 
167.99.111.28 - - [15/Jun/2020:12:53:14 -0700] "GET /?_t=rss HTTP/1.1" 200 7443 "-" "Feedbin feed-id:1536727 - 1 subscribers" 
54.36.148.29 - - [15/Jun/2020:12:53:20 -0700] "GET /2019/at-this-stage-looks-are-unimportant-scalding-some-rye-with HTTP/1.1" 200 9586 "-" "Mozilla/5.0 (compatible; AhrefsBot/6.1; +http://ahrefs.com/robot/)" 
114.119.165.2 - - [15/Jun/2020:12:53:47 -0700] "GET /tag/+%23WithKnown HTTP/1.1" 200 14274 "-" "Mozilla/5.0 (Linux; Android 7.0;) AppleWebKit/537.36 (KHTML, like Gecko) Mobile Safari/537.36 (compatible; PetalBot;+https://aspiegel.com/petalbot)" 
54.36.148.201 - - [15/Jun/2020:12:53:52 -0700] "GET /2018/2018-05-17-02 HTTP/1.1" 200 9475 "-" "Mozilla/5.0 (compatible; AhrefsBot/6.1; +http://ahrefs.com/robot/)" 
46.229.168.162 - - [15/Jun/2020:12:54:06 -0700] "GET /tag/indieweb?offset=61 HTTP/1.1" 200 11948 "-" "Mozilla/5.0 (compatible; SemrushBot/6~bl; +http://www.semrush.com/bot.html)" 
46.229.168.154 - - [15/Jun/2020:12:54:17 -0700] "GET /2019/my-sourdough-leaven-active-and-spongy-and-ready-to-do HTTP/1.1" 200 13018 "-" "Mozilla/5.0 (compatible; SemrushBot/6~bl; +http://www.semrush.com/bot.html)" 
66.249.66.44 - - [15/Jun/2020:12:54:33 -0700] "GET /view/e7826ae221a946c11172628c42c15736?_t=rss HTTP/1.1" 200 5853 "-" "Mozilla/5.0 (Linux; Android 6.0.1; Nexus 5X Build/MMB29P) AppleWebKit/537.36 (KHTML, like Gecko) Chrome/80.0.3987.92 Mobile Safari/537.36 (compatible; Googlebot/2.1; +http://www.google.com/bot.html)" 
198.58.103.28 - - [15/Jun/2020:12:54:50 -0700] "GET /?_t=rss HTTP/1.1" 200 7472 "-" "Superfeedr bot/2.0 http://superfeedr.com - Make your feeds realtime: get in touch - feed-id:undefined" 
45.79.26.51 - - [15/Jun/2020:12:54:52 -0700] "GET /content/statusupdates/posts/photos/checkins/bookmarkedpages?_t=rss HTTP/1.1" 200 7437 "-" "Micro.blog/1.0" 
46.229.168.151 - - [15/Jun/2020:12:56:09 -0700] "GET /tag/WithKnown?offset=50 HTTP/1.1" 200 10462 "-" "Mozilla/5.0 (compatible; SemrushBot/6~bl; +http://www.semrush.com/bot.html)" 
46.229.168.136 - - [15/Jun/2020:12:56:53 -0700] "GET /2019/another-day-another-roof-terrace HTTP/1.1" 200 11792 "-" "Mozilla/5.0 (compatible; SemrushBot/6~bl; +http://www.semrush.com/bot.html)" 
54.36.148.141 - - [15/Jun/2020:12:57:14 -0700] "GET /2020/untitled-36 HTTP/1.1" 200 10054 "-" "Mozilla/5.0 (compatible; AhrefsBot/6.1; +http://ahrefs.com/robot/)" 
46.229.168.148 - - [15/Jun/2020:12:57:35 -0700] "GET /content/all/?offset=130&q=%23%2B%23IndieWeb HTTP/1.1" 200 12724 "-" "Mozilla/5.0 (compatible; SemrushBot/6~bl; +http://www.semrush.com/bot.html)" 
54.36.149.20 - - [15/Jun/2020:12:58:16 -0700] "GET /2017/attempted-to-post-to-known-from-the-latest-microblog-app HTTP/1.1" 200 9498 "-" "Mozilla/5.0 (compatible; AhrefsBot/6.1; +http://ahrefs.com/robot/)" 
54.36.148.81 - - [15/Jun/2020:12:58:45 -0700] "GET /2017/lazymention-sounds-really-interesting-and-potentially-a-welcome-release-from HTTP/1.1" 200 9470 "-" "Mozilla/5.0 (compatible; AhrefsBot/6.1; +http://ahrefs.com/robot/)" 
46.229.168.139 - - [15/Jun/2020:12:58:59 -0700] "GET /content/photos/?offset=20&q=%23%2B%23%23bread HTTP/1.1" 200 12527 "-" "Mozilla/5.0 (compatible; SemrushBot/6~bl; +http://www.semrush.com/bot.html)" 
114.119.166.46 - - [15/Jun/2020:12:59:03 -0700] "GET /tag/IndieWeb?offset=143 HTTP/1.1" 200 9244 "-" "Mozilla/5.0 (Linux; Android 7.0;) AppleWebKit/537.36 (KHTML, like Gecko) Mobile Safari/537.36 (compatible; PetalBot;+https://aspiegel.com/petalbot)" 
64.111.100.215 - - [15/Jun/2020:12:59:13 -0700] "GET /content/all?_t=rss HTTP/1.1" 200 14885 "-" "Mozilla/5.0 (X11; U; Linux i686; fr; rv:1.9.1.1) Gecko/20090715 Firefox/3.5.1" 
45.79.26.51 - - [15/Jun/2020:12:59:15 -0700] "GET /content/statusupdates/posts/photos/checkins/bookmarkedpages?_t=rss HTTP/1.1" 200 7437 "-" "Micro.blog/1.0" 
157.55.39.110 - - [15/Jun/2020:12:59:41 -0700] "GET /2017/bollito-misto-con-salsa-verde-perfection-on-a-plate HTTP/1.1" 200 11350 "-" "Mozilla/5.0 (compatible; bingbot/2.0; +http://www.bing.com/bingbot.htm)" 
54.36.148.81 - - [15/Jun/2020:13:01:19 -0700] "GET /tag/+%23Non-fiction HTTP/1.1" 200 10760 "-" "Mozilla/5.0 (compatible; AhrefsBot/6.1; +http://ahrefs.com/robot/)" 
46.229.168.139 - - [15/Jun/2020:13:01:22 -0700] "GET /?offset=18&q=%23%2B%23rye HTTP/1.1" 200 10789 "-" "Mozilla/5.0 (compatible; SemrushBot/6~bl; +http://www.semrush.com/bot.html)" 
54.36.148.201 - - [15/Jun/2020:13:01:50 -0700] "GET /2018/blogindiewebwhy-we-need-the-indieweb HTTP/1.1" 200 9431 "-" "Mozilla/5.0 (compatible; AhrefsBot/6.1; +http://ahrefs.com/robot/)" 
46.229.168.134 - - [15/Jun/2020:13:01:54 -0700] "GET /content/all/?offset=72&q=%23bread HTTP/1.1" 200 11662 "-" "Mozilla/5.0 (compatible; SemrushBot/6~bl; +http://www.semrush.com/bot.html)" 
46.229.168.142 - - [15/Jun/2020:13:02:13 -0700] "GET /2017/on-your-own-site-you-can-at-least-distinguish-between HTTP/1.1" 200 9431 "-" "Mozilla/5.0 (compatible; SemrushBot/6~bl; +http://www.semrush.com/bot.html)" 
96.126.125.129 - - [15/Jun/2020:13:02:33 -0700] "GET /content/statusupdates/posts/photos/checkins/bookmarkedpages?_t=rss HTTP/1.1" 200 7442 "-" "Micro.blog/1.0" 
40.77.167.174 - - [15/Jun/2020:13:03:03 -0700] "GET /file/6838d9d9686a093c4272a4973bce6321/thumb.jpg HTTP/1.1" 200 139213 "-" "Mozilla/5.0 (compatible; bingbot/2.0; +http://www.bing.com/bingbot.htm)" 
54.36.149.64 - - [15/Jun/2020:13:03:18 -0700] "GET /2017/another-test-of-quill-editor-1 HTTP/1.1" 200 9539 "-" "Mozilla/5.0 (compatible; AhrefsBot/6.1; +http://ahrefs.com/robot/)" 
46.229.168.134 - - [15/Jun/2020:13:03:30 -0700] "GET /?offset=40&q=%23sourdough HTTP/1.1" 200 11307 "-" "Mozilla/5.0 (compatible; SemrushBot/6~bl; +http://www.semrush.com/bot.html)" 
66.249.66.44 - - [15/Jun/2020:13:04:01 -0700] "GET /view/c39ad52c3d33d81abc1d0a54925f828d?_t=rss HTTP/1.1" 200 6060 "-" "Mozilla/5.0 (Linux; Android 6.0.1; Nexus 5X Build/MMB29P) AppleWebKit/537.36 (KHTML, like Gecko) Chrome/80.0.3987.92 Mobile Safari/537.36 (compatible; Googlebot/2.1; +http://www.google.com/bot.html)" 
54.36.148.81 - - [15/Jun/2020:13:04:16 -0700] "GET /?q=%23Lithuania HTTP/1.1" 200 9098 "-" "Mozilla/5.0 (compatible; AhrefsBot/6.1; +http://ahrefs.com/robot/)" 
114.119.165.37 - - [15/Jun/2020:13:04:22 -0700] "GET /tag/Sourdough?offset=10 HTTP/1.1" 200 12099 "-" "Mozilla/5.0 (Linux; Android 7.0;) AppleWebKit/537.36 (KHTML, like Gecko) Mobile Safari/537.36 (compatible; PetalBot;+https://aspiegel.com/petalbot)" 
46.229.168.149 - - [15/Jun/2020:13:04:23 -0700] "GET /content/statusupdates/?offset=10&q=%23podcast HTTP/1.1" 200 10356 "-" "Mozilla/5.0 (compatible; SemrushBot/6~bl; +http://www.semrush.com/bot.html)" 
54.36.148.201 - - [15/Jun/2020:13:04:40 -0700] "GET /?q=%23realbreadweek HTTP/1.1" 200 9322 "-" "Mozilla/5.0 (compatible; AhrefsBot/6.1; +http://ahrefs.com/robot/)" 
46.229.168.149 - - [15/Jun/2020:13:04:41 -0700] "GET /content/posts/?offset=49 HTTP/1.1" 200 15023 "-" "Mozilla/5.0 (compatible; SemrushBot/6~bl; +http://www.semrush.com/bot.html)" 
54.36.148.81 - - [15/Jun/2020:13:05:10 -0700] "GET /content/all/?q=%23Lithuania HTTP/1.1" 200 9116 "-" "Mozilla/5.0 (compatible; AhrefsBot/6.1; +http://ahrefs.com/robot/)" 
54.36.148.239 - - [15/Jun/2020:13:05:33 -0700] "GET /content/all/?q=%23realbreadweek HTTP/1.1" 200 9339 "-" "Mozilla/5.0 (compatible; AhrefsBot/6.1; +http://ahrefs.com/robot/)" 
54.36.148.201 - - [15/Jun/2020:13:05:57 -0700] "GET /content/photos/?q=%23Lithuania HTTP/1.1" 200 9135 "-" "Mozilla/5.0 (compatible; AhrefsBot/6.1; +http://ahrefs.com/robot/)" 
54.36.148.81 - - [15/Jun/2020:13:06:21 -0700] "GET /content/photos/?q=%23realbreadweek HTTP/1.1" 200 9357 "-" "Mozilla/5.0 (compatible; AhrefsBot/6.1; +http://ahrefs.com/robot/)" 
54.36.148.81 - - [15/Jun/2020:13:06:41 -0700] "GET /2017/-i-pray-that-youve-known-this-all-along-youll HTTP/1.1" 200 10956 "-" "Mozilla/5.0 (compatible; AhrefsBot/6.1; +http://ahrefs.com/robot/)" 
96.126.125.129 - - [15/Jun/2020:13:07:01 -0700] "GET /content/statusupdates/posts/photos/checkins/bookmarkedpages?_t=rss HTTP/1.1" 200 7442 "-" "Micro.blog/1.0" 
46.229.168.138 - - [15/Jun/2020:13:07:46 -0700] "GET /2019/khaosanlao-taxation-is-unlikely-to-be-part HTTP/1.1" 200 9626 "-" "Mozilla/5.0 (compatible; SemrushBot/6~bl; +http://www.semrush.com/bot.html)" 
54.36.148.48 - - [15/Jun/2020:13:08:32 -0700] "GET /2018/dreamy-conclusion-of-the-dreamy-palanga-rye-from-theryebaker-after HTTP/1.1" 200 10856 "-" "Mozilla/5.0 (compatible; AhrefsBot/6.1; +http://ahrefs.com/robot/)" 
54.36.149.50 - - [15/Jun/2020:13:08:58 -0700] "GET /2017/-now-that-we-are-starting-to-expand-greater-into HTTP/1.1" 200 9409 "-" "Mozilla/5.0 (compatible; AhrefsBot/6.1; +http://ahrefs.com/robot/)" 
46.229.168.146 - - [15/Jun/2020:13:09:04 -0700] "GET /?q=%23Greece HTTP/1.1" 200 9539 "-" "Mozilla/5.0 (compatible; SemrushBot/6~bl; +http://www.semrush.com/bot.html)" 
46.229.168.139 - - [15/Jun/2020:13:09:23 -0700] "GET /2018/forget-nature-versus-nurture-nature-has-won---quillette HTTP/1.1" 200 9418 "-" "Mozilla/5.0 (compatible; SemrushBot/6~bl; +http://www.semrush.com/bot.html)" 
54.36.148.201 - - [15/Jun/2020:13:09:24 -0700] "GET /2020/2020-05-09 HTTP/1.1" 200 9612 "-" "Mozilla/5.0 (compatible; AhrefsBot/6.1; +http://ahrefs.com/robot/)" 
114.119.165.37 - - [15/Jun/2020:13:09:40 -0700] "GET /tag/leaven?offset=0 HTTP/1.1" 200 12514 "-" "Mozilla/5.0 (Linux; Android 7.0;) AppleWebKit/537.36 (KHTML, like Gecko) Mobile Safari/537.36 (compatible; PetalBot;+https://aspiegel.com/petalbot)" 
54.36.148.201 - - [15/Jun/2020:13:09:57 -0700] "GET /2020/what-happens-on-my-tongue-in-my HTTP/1.1" 200 9878 "-" "Mozilla/5.0 (compatible; AhrefsBot/6.1; +http://ahrefs.com/robot/)" 
96.126.125.129 - - [15/Jun/2020:13:10:16 -0700] "GET /content/statusupdates/posts/photos/checkins/bookmarkedpages?_t=rss HTTP/1.1" 200 7442 "-" "Micro.blog/1.0" 
46.229.168.148 - - [15/Jun/2020:13:10:21 -0700] "GET /content/photos?offset=70 HTTP/1.1" 200 11186 "-" "Mozilla/5.0 (compatible; SemrushBot/6~bl; +http://www.semrush.com/bot.html)" 
46.229.168.139 - - [15/Jun/2020:13:10:25 -0700] "GET /?offset=48&q=%23withknown HTTP/1.1" 200 11117 "-" "Mozilla/5.0 (compatible; SemrushBot/6~bl; +http://www.semrush.com/bot.html)" 
54.36.148.81 - - [15/Jun/2020:13:11:31 -0700] "GET /2019/i-appreciate-fancy-scoring-when-i-see-it-but-there HTTP/1.1" 200 14339 "-" "Mozilla/5.0 (compatible; AhrefsBot/6.1; +http://ahrefs.com/robot/)" 
46.229.168.162 - - [15/Jun/2020:13:11:46 -0700] "GET /tag/IndieWeb?offset=117 HTTP/1.1" 200 12177 "-" "Mozilla/5.0 (compatible; SemrushBot/6~bl; +http://www.semrush.com/bot.html)" 
54.36.148.81 - - [15/Jun/2020:13:12:04 -0700] "GET /profile/jeremy HTTP/1.1" 200 29076 "-" "Mozilla/5.0 (compatible; AhrefsBot/6.1; +http://ahrefs.com/robot/)" 
54.36.148.81 - - [15/Jun/2020:13:13:07 -0700] "GET /content/photos/?offset=453 HTTP/1.1" 200 10225 "-" "Mozilla/5.0 (compatible; AhrefsBot/6.1; +http://ahrefs.com/robot/)" 
46.229.168.140 - - [15/Jun/2020:13:13:10 -0700] "GET /content/events/?q=%23lemonmarmalade HTTP/1.1" 200 8289 "-" "Mozilla/5.0 (compatible; SemrushBot/6~bl; +http://www.semrush.com/bot.html)" 
66.249.66.48 - - [15/Jun/2020:13:13:29 -0700] "GET /view/03de4b24641a989d1297c9a4953cb265?_t=rss HTTP/1.1" 200 5890 "-" "Mozilla/5.0 (Linux; Android 6.0.1; Nexus 5X Build/MMB29P) AppleWebKit/537.36 (KHTML, like Gecko) Chrome/80.0.3987.92 Mobile Safari/537.36 (compatible; Googlebot/2.1; +http://www.google.com/bot.html)" 
54.36.148.201 - - [15/Jun/2020:13:13:36 -0700] "GET /content/photos/?offset=283 HTTP/1.1" 200 10874 "-" "Mozilla/5.0 (compatible; AhrefsBot/6.1; +http://ahrefs.com/robot/)" 
46.229.168.147 - - [15/Jun/2020:13:13:45 -0700] "GET /tag/podcast?offset=50 HTTP/1.1" 200 12242 "-" "Mozilla/5.0 (compatible; SemrushBot/6~bl; +http://www.semrush.com/bot.html)" 
46.229.168.135 - - [15/Jun/2020:13:13:59 -0700] "GET /content/all/?offset=190 HTTP/1.1" 200 11539 "-" "Mozilla/5.0 (compatible; SemrushBot/6~bl; +http://www.semrush.com/bot.html)" 
96.126.125.129 - - [15/Jun/2020:13:14:03 -0700] "GET /content/statusupdates/posts/photos/checkins/bookmarkedpages?_t=rss HTTP/1.1" 200 7442 "-" "Micro.blog/1.0" 
54.36.148.201 - - [15/Jun/2020:13:14:07 -0700] "GET /?offset=1310 HTTP/1.1" 200 11402 "-" "Mozilla/5.0 (compatible; AhrefsBot/6.1; +http://ahrefs.com/robot/)" 
64.111.100.215 - - [15/Jun/2020:13:14:28 -0700] "GET /content/all?_t=rss HTTP/1.1" 200 14885 "-" "Mozilla/5.0 (X11; U; Linux i686; fr; rv:1.9.1.1) Gecko/20090715 Firefox/3.5.1" 
46.229.168.144 - - [15/Jun/2020:13:14:33 -0700] "GET /2018/adactio-journalpreparing-a-conference-talk HTTP/1.1" 200 9294 "-" "Mozilla/5.0 (compatible; SemrushBot/6~bl; +http://www.semrush.com/bot.html)" 
54.36.148.0 - - [15/Jun/2020:13:14:38 -0700] "GET /2018/you-make-a-lot-of-good-and HTTP/1.1" 200 9513 "-" "Mozilla/5.0 (compatible; AhrefsBot/6.1; +http://ahrefs.com/robot/)" 
114.119.160.143 - - [15/Jun/2020:13:15:00 -0700] "GET /content/all?q=%23sourdough&offset=10 HTTP/1.1" 200 12141 "-" "Mozilla/5.0 (Linux; Android 7.0;) AppleWebKit/537.36 (KHTML, like Gecko) Mobile Safari/537.36 (compatible; PetalBot;+https://aspiegel.com/petalbot)" 
54.36.148.201 - - [15/Jun/2020:13:15:04 -0700] "GET /content/all/?offset=1300 HTTP/1.1" 200 11527 "-" "Mozilla/5.0 (compatible; AhrefsBot/6.1; +http://ahrefs.com/robot/)" 
46.229.168.149 - - [15/Jun/2020:13:15:57 -0700] "GET /2017/hero HTTP/1.1" 200 10270 "-" "Mozilla/5.0 (compatible; SemrushBot/6~bl; +http://www.semrush.com/bot.html)" 
46.229.168.137 - - [15/Jun/2020:13:16:15 -0700] "GET /?offset=3&q=%23sourdough HTTP/1.1" 200 11738 "-" "Mozilla/5.0 (compatible; SemrushBot/6~bl; +http://www.semrush.com/bot.html)" 
96.126.125.129 - - [15/Jun/2020:13:17:57 -0700] "GET /content/statusupdates/posts/photos/checkins/bookmarkedpages?_t=rss HTTP/1.1" 200 7442 "-" "Micro.blog/1.0" 
46.229.168.154 - - [15/Jun/2020:13:18:51 -0700] "GET /content/all/?q=%23food HTTP/1.1" 200 10062 "-" "Mozilla/5.0 (compatible; SemrushBot/6~bl; +http://www.semrush.com/bot.html)" 
46.229.168.129 - - [15/Jun/2020:13:19:55 -0700] "GET /?offset=0&q=%23%2B%23sourdough HTTP/1.1" 200 12139 "-" "Mozilla/5.0 (compatible; SemrushBot/6~bl; +http://www.semrush.com/bot.html)" 
114.119.160.143 - - [15/Jun/2020:13:20:26 -0700] "GET /tag/+%23ciwf HTTP/1.1" 200 8217 "-" "Mozilla/5.0 (Linux; Android 7.0;) AppleWebKit/537.36 (KHTML, like Gecko) Mobile Safari/537.36 (compatible; PetalBot;+https://aspiegel.com/petalbot)" 
54.162.123.29 - - [15/Jun/2020:13:20:44 -0700] "GET /profile/jeremy?offset=0&_t=rss HTTP/1.1" 304 3485 "https://www.google.com/" "Mozilla/5.0 (Macintosh; Intel Mac OS X 10_15_3) AppleWebKit/537.36 (KHTML, like Gecko) Chrome/80.0.3987.87 Safari/537.36" 
46.229.168.146 - - [15/Jun/2020:13:21:29 -0700] "GET /content/rsvp/?q=%23trypod HTTP/1.1" 200 8302 "-" "Mozilla/5.0 (compatible; SemrushBot/6~bl; +http://www.semrush.com/bot.html)" 
46.229.168.148 - - [15/Jun/2020:13:22:04 -0700] "GET /2018/were-live-now-on-virtual-hwcevents2018-05-02-homebrew-website-clubvirtual_european_time--why/annotations/3f3b8910696f3d9df2312d4ad54cbe9e HTTP/1.1" 200 8469 "-" "Mozilla/5.0 (compatible; SemrushBot/6~bl; +http://www.semrush.com/bot.html)" 
45.79.26.51 - - [15/Jun/2020:13:22:25 -0700] "GET /content/statusupdates/posts/photos/checkins/bookmarkedpages?_t=rss HTTP/1.1" 200 7437 "-" "Micro.blog/1.0" 
46.229.168.161 - - [15/Jun/2020:13:22:26 -0700] "GET /content/all/?offset=10&q=%23photo HTTP/1.1" 200 14022 "-" "Mozilla/5.0 (compatible; SemrushBot/6~bl; +http://www.semrush.com/bot.html)" 
66.249.66.48 - - [15/Jun/2020:13:22:57 -0700] "GET /content/photos/?offset=660 HTTP/1.1" 200 11536 "-" "Mozilla/5.0 (Linux; Android 6.0.1; Nexus 5X Build/MMB29P) AppleWebKit/537.36 (KHTML, like Gecko) Chrome/80.0.3987.92 Mobile Safari/537.36 (compatible; Googlebot/2.1; +http://www.google.com/bot.html)" 
46.229.168.140 - - [15/Jun/2020:13:23:06 -0700] "GET /2018/are-podcasts-a-wasteland-with-a-post-script-about-kurt HTTP/1.1" 200 9495 "-" "Mozilla/5.0 (compatible; SemrushBot/6~bl; +http://www.semrush.com/bot.html)" 
103.131.71.49 - - [15/Jun/2020:13:24:20 -0700] "GET /gfx/users/default-00.png HTTP/1.1" 304 3378 "-" "Mozilla/5.0 (compatible; coccocbot-image/1.0; +http://help.coccoc.com/searchengine)" 
103.131.71.96 - - [15/Jun/2020:13:24:40 -0700] "GET /2019/latest-episode-we-need-to-talk-about-meatnot-arguing-pro HTTP/1.1" 304 3487 "-" "Mozilla/5.0 (compatible; coccocbot-web/1.0; +http://help.coccoc.com/searchengine)" 
207.46.13.63 - - [15/Jun/2020:13:25:13 -0700] "GET /file/6e0739217a1f221536d6adc9aeece77e HTTP/1.1" 200 10460 "-" "Mozilla/5.0 (compatible; bingbot/2.0; +http://www.bing.com/bingbot.htm)" 
40.77.167.174 - - [15/Jun/2020:13:25:33 -0700] "GET /file/b497e87683c1b7f475ded2858bb756f0 HTTP/1.1" 200 10006 "-" "Mozilla/5.0 (compatible; bingbot/2.0; +http://www.bing.com/bingbot.htm)" 
114.119.164.86 - - [15/Jun/2020:13:25:41 -0700] "GET /tag/indieweb?offset=20 HTTP/1.1" 200 11207 "-" "Mozilla/5.0 (Linux; Android 7.0;) AppleWebKit/537.36 (KHTML, like Gecko) Mobile Safari/537.36 (compatible; PetalBot;+https://aspiegel.com/petalbot)" 
157.55.39.98 - - [15/Jun/2020:13:25:41 -0700] "GET /file/cf22eb438c1702a6bc26d1d92aaad881 HTTP/1.1" 200 74023 "-" "Mozilla/5.0 (compatible; bingbot/2.0; +http://www.bing.com/bingbot.htm)" 
46.229.168.135 - - [15/Jun/2020:13:25:43 -0700] "GET /?q=%23foodcommunicationconf HTTP/1.1" 200 9037 "-" "Mozilla/5.0 (compatible; SemrushBot/6~bl; +http://www.semrush.com/bot.html)" 
45.79.26.51 - - [15/Jun/2020:13:26:06 -0700] "GET /content/statusupdates/posts/photos/checkins/bookmarkedpages?_t=rss HTTP/1.1" 200 7437 "-" "Micro.blog/1.0" 
96.231.169.164 - - [15/Jun/2020:13:26:43 -0700] "GET /file/ef801e05730eba56004c5b712ad84731/thumb.jpg HTTP/1.1" 200 26439 "https://prtksxna.com/never-nothing-to-see/" "Mozilla/5.0 (X11; Linux x86_64; rv:77.0) Gecko/20100101 Firefox/77.0" 
159.65.67.230 - - [15/Jun/2020:13:26:46 -0700] "GET /?_t=rss HTTP/1.1" 304 3495 "-" "Feedbin feed-id:1536727 - 1 subscribers" 
66.249.64.110 - - [15/Jun/2020:13:26:47 -0700] "GET /2019/underestimated-the-starters-enthusiasm-for-todays-big-bake HTTP/1.1" 200 15023 "-" "Mozilla/5.0 (Linux; Android 6.0.1; Nexus 5X Build/MMB29P) AppleWebKit/537.36 (KHTML, like Gecko) Chrome/80.0.3987.92 Mobile Safari/537.36 (compatible; Googlebot/2.1; +http://www.google.com/bot.html)" 
46.229.168.145 - - [15/Jun/2020:13:28:22 -0700] "GET /content/bookmarkedpages?offset=0 HTTP/1.1" 200 11629 "-" "Mozilla/5.0 (compatible; SemrushBot/6~bl; +http://www.semrush.com/bot.html)" 
157.55.39.110 - - [15/Jun/2020:13:28:44 -0700] "GET /IdnoPlugins/Checkin/external/leaflet/leaflet.min.css HTTP/1.1" 200 6204 "-" "Mozilla/5.0 (iPhone; CPU iPhone OS 7_0 like Mac OS X) AppleWebKit/537.51.1 (KHTML, like Gecko) Version/7.0 Mobile/11A465 Safari/9537.53 (compatible; bingbot/2.0; +http://www.bing.com/bingbot.htm)" 
157.55.39.110 - - [15/Jun/2020:13:28:44 -0700] "GET /IdnoPlugins/Media/external/wavesurfer/dist/wavesurfer.min.js HTTP/1.1" 200 6834 "-" "Mozilla/5.0 (iPhone; CPU iPhone OS 7_0 like Mac OS X) AppleWebKit/537.51.1 (KHTML, like Gecko) Version/7.0 Mobile/11A465 Safari/9537.53 (compatible; bingbot/2.0; +http://www.bing.com/bingbot.htm)" 
157.55.39.110 - - [15/Jun/2020:13:28:44 -0700] "GET /Themes/Solo/css/default.min.css HTTP/1.1" 200 963 "-" "Mozilla/5.0 (iPhone; CPU iPhone OS 7_0 like Mac OS X) AppleWebKit/537.51.1 (KHTML, like Gecko) Version/7.0 Mobile/11A465 Safari/9537.53 (compatible; bingbot/2.0; +http://www.bing.com/bingbot.htm)" 
157.55.39.110 - - [15/Jun/2020:13:28:44 -0700] "GET /vendor/forkawesome/fork-awesome/css/fork-awesome.min.css HTTP/1.1" 200 8899 "-" "Mozilla/5.0 (iPhone; CPU iPhone OS 7_0 like Mac OS X) AppleWebKit/537.51.1 (KHTML, like Gecko) Version/7.0 Mobile/11A465 Safari/9537.53 (compatible; bingbot/2.0; +http://www.bing.com/bingbot.htm)" 
157.55.39.110 - - [15/Jun/2020:13:28:44 -0700] "GET /vendor/idno/mentionjs/recommended-styles.css HTTP/1.1" 200 600 "-" "Mozilla/5.0 (iPhone; CPU iPhone OS 7_0 like Mac OS X) AppleWebKit/537.51.1 (KHTML, like Gecko) Version/7.0 Mobile/11A465 Safari/9537.53 (compatible; bingbot/2.0; +http://www.bing.com/bingbot.htm)" 
157.55.39.110 - - [15/Jun/2020:13:28:44 -0700] "GET /vendor/npm-asset/exif-js/exif.js HTTP/1.1" 200 9938 "-" "Mozilla/5.0 (iPhone; CPU iPhone OS 7_0 like Mac OS X) AppleWebKit/537.51.1 (KHTML, like Gecko) Version/7.0 Mobile/11A465 Safari/9537.53 (compatible; bingbot/2.0; +http://www.bing.com/bingbot.htm)" 
157.55.39.110 - - [15/Jun/2020:13:28:44 -0700] "GET /vendor/npm-asset/jquery/dist/jquery.min.js HTTP/1.1" 200 31956 "-" "Mozilla/5.0 (iPhone; CPU iPhone OS 7_0 like Mac OS X) AppleWebKit/537.51.1 (KHTML, like Gecko) Version/7.0 Mobile/11A465 Safari/9537.53 (compatible; bingbot/2.0; +http://www.bing.com/bingbot.htm)" 
157.55.39.110 - - [15/Jun/2020:13:28:44 -0700] "GET /vendor/npm-asset/mediaelement/build/mediaelement-and-player.min.js HTTP/1.1" 200 41537 "-" "Mozilla/5.0 (iPhone; CPU iPhone OS 7_0 like Mac OS X) AppleWebKit/537.51.1 (KHTML, like Gecko) Version/7.0 Mobile/11A465 Safari/9537.53 (compatible; bingbot/2.0; +http://www.bing.com/bingbot.htm)" 
207.46.13.63 - - [15/Jun/2020:13:28:52 -0700] "GET /IdnoPlugins/Checkin/external/stamen-maps/tile.stamen.min.js HTTP/1.1" 200 5655 "-" "Mozilla/5.0 (iPhone; CPU iPhone OS 7_0 like Mac OS X) AppleWebKit/537.51.1 (KHTML, like Gecko) Version/7.0 Mobile/11A465 Safari/9537.53 (compatible; bingbot/2.0; +http://www.bing.com/bingbot.htm)" 
207.46.13.63 - - [15/Jun/2020:13:28:52 -0700] "GET /vendor/npm-asset/bootstrap-accessibility-plugin/plugins/js/bootstrap-accessibility.min.js HTTP/1.1" 200 4789 "-" "Mozilla/5.0 (iPhone; CPU iPhone OS 7_0 like Mac OS X) AppleWebKit/537.51.1 (KHTML, like Gecko) Version/7.0 Mobile/11A465 Safari/9537.53 (compatible; bingbot/2.0; +http://www.bing.com/bingbot.htm)" 
207.46.13.63 - - [15/Jun/2020:13:28:52 -0700] "GET /vendor/npm-asset/bootstrap-toggle/css/bootstrap-toggle.min.css HTTP/1.1" 200 979 "-" "Mozilla/5.0 (iPhone; CPU iPhone OS 7_0 like Mac OS X) AppleWebKit/537.51.1 (KHTML, like Gecko) Version/7.0 Mobile/11A465 Safari/9537.53 (compatible; bingbot/2.0; +http://www.bing.com/bingbot.htm)" 
207.46.13.63 - - [15/Jun/2020:13:28:52 -0700] "GET /vendor/rmm5t/jquery-timeago/locales/jquery.timeago.en.js HTTP/1.1" 200 804 "-" "Mozilla/5.0 (iPhone; CPU iPhone OS 7_0 like Mac OS X) AppleWebKit/537.51.1 (KHTML, like Gecko) Version/7.0 Mobile/11A465 Safari/9537.53 (compatible; bingbot/2.0; +http://www.bing.com/bingbot.htm)" 
64.111.100.215 - - [15/Jun/2020:13:30:16 -0700] "GET /content/all?_t=rss HTTP/1.1" 200 14885 "-" "Mozilla/5.0 (X11; U; Linux i686; fr; rv:1.9.1.1) Gecko/20090715 Firefox/3.5.1" 
96.126.125.129 - - [15/Jun/2020:13:30:17 -0700] "GET /content/statusupdates/posts/photos/checkins/bookmarkedpages?_t=rss HTTP/1.1" 200 7442 "-" "Micro.blog/1.0" 
114.119.161.85 - - [15/Jun/2020:13:31:00 -0700] "GET /tag/indieweb?offset=50 HTTP/1.1" 200 12435 "-" "Mozilla/5.0 (Linux; Android 7.0;) AppleWebKit/537.36 (KHTML, like Gecko) Mobile Safari/537.36 (compatible; PetalBot;+https://aspiegel.com/petalbot)" 
40.77.167.174 - - [15/Jun/2020:13:31:04 -0700] "GET /css/1579440965/known.min.css HTTP/1.1" 200 11406 "-" "Mozilla/5.0 (iPhone; CPU iPhone OS 7_0 like Mac OS X) AppleWebKit/537.51.1 (KHTML, like Gecko) Version/7.0 Mobile/11A465 Safari/9537.53 (compatible; bingbot/2.0; +http://www.bing.com/bingbot.htm)" 
40.77.167.174 - - [15/Jun/2020:13:31:05 -0700] "GET /2017/on-your-own-site-you-can-at-least-distinguish-between HTTP/1.1" 304 409 "-" "Mozilla/5.0 (compatible; bingbot/2.0; +http://www.bing.com/bingbot.htm)" 
40.77.167.174 - - [15/Jun/2020:13:31:05 -0700] "GET /2019/saturday-night-special-winner-chicken-dinner HTTP/1.1" 200 11268 "-" "Mozilla/5.0 (compatible; bingbot/2.0; +http://www.bing.com/bingbot.htm)" 
40.77.167.174 - - [15/Jun/2020:13:31:06 -0700] "GET /vendor/forkawesome/fork-awesome/css/v5-compat.min.css HTTP/1.1" 200 2592 "-" "Mozilla/5.0 (iPhone; CPU iPhone OS 7_0 like Mac OS X) AppleWebKit/537.51.1 (KHTML, like Gecko) Version/7.0 Mobile/11A465 Safari/9537.53 (compatible; bingbot/2.0; +http://www.bing.com/bingbot.htm)" 
40.77.167.174 - - [15/Jun/2020:13:31:07 -0700] "GET /vendor/npm-asset/mediaelement/build/mediaelementplayer.min.css HTTP/1.1" 200 3096 "-" "Mozilla/5.0 (iPhone; CPU iPhone OS 7_0 like Mac OS X) AppleWebKit/537.51.1 (KHTML, like Gecko) Version/7.0 Mobile/11A465 Safari/9537.53 (compatible; bingbot/2.0; +http://www.bing.com/bingbot.htm)" 
40.77.167.174 - - [15/Jun/2020:13:31:07 -0700] "GET /vendor/npm-asset/underscore/underscore-min.js HTTP/1.1" 200 7035 "-" "Mozilla/5.0 (iPhone; CPU iPhone OS 7_0 like Mac OS X) AppleWebKit/537.51.1 (KHTML, like Gecko) Version/7.0 Mobile/11A465 Safari/9537.53 (compatible; bingbot/2.0; +http://www.bing.com/bingbot.htm)" 
40.77.167.174 - - [15/Jun/2020:13:31:08 -0700] "GET /vendor/npm-asset/vanilla-fitvids/jquery.fitvids.js HTTP/1.1" 200 1791 "-" "Mozilla/5.0 (iPhone; CPU iPhone OS 7_0 like Mac OS X) AppleWebKit/537.51.1 (KHTML, like Gecko) Version/7.0 Mobile/11A465 Safari/9537.53 (compatible; bingbot/2.0; +http://www.bing.com/bingbot.htm)" 
54.86.54.95 - - [15/Jun/2020:13:31:07 -0700] "GET /?_t=rss HTTP/1.1" 200 7435 "-" "glitch-feeder/1.0 (+https://glitch.com/~lmo-feeder)" 
40.77.167.174 - - [15/Jun/2020:13:31:08 -0700] "GET /vendor/rmm5t/jquery-timeago/jquery.timeago.js HTTP/1.1" 200 2991 "-" "Mozilla/5.0 (iPhone; CPU iPhone OS 7_0 like Mac OS X) AppleWebKit/537.51.1 (KHTML, like Gecko) Version/7.0 Mobile/11A465 Safari/9537.53 (compatible; bingbot/2.0; +http://www.bing.com/bingbot.htm)" 
46.229.168.138 - - [15/Jun/2020:13:31:29 -0700] "GET /content/posts?offset=70 HTTP/1.1" 200 14484 "-" "Mozilla/5.0 (compatible; SemrushBot/6~bl; +http://www.semrush.com/bot.html)" 
157.55.39.110 - - [15/Jun/2020:13:31:50 -0700] "GET /vendor/npm-asset/mediaelement/build/mediaelement-and-player.min.js HTTP/1.1" 200 45209 "-" "Mozilla/5.0 (compatible; bingbot/2.0; +http://www.bing.com/bingbot.htm)" 
207.46.13.63 - - [15/Jun/2020:13:31:56 -0700] "GET /file/82120609b27b2b82886098c8f74c835a/thumb.jpg HTTP/1.1" 200 116654 "-" "Mozilla/5.0 (compatible; bingbot/2.0; +http://www.bing.com/bingbot.htm)" 
