54.36.148.81 - - [15/Jun/2020:07:19:23 -0700] "GET /2019/my-bread-day-is-done-and-there-are-seven-more HTTP/1.1" 200 14122 "-" "Mozilla/5.0 (compatible; AhrefsBot/6.1; +http://ahrefs.com/robot/)" 
62.210.149.60 - - [15/Jun/2020:07:19:36 -0700] "GET /2019/this-is-very-cool-and-the-login HTTP/1.1" 200 10354 "-" "Mozilla/5.0 (compatible; Barkrowler/0.9; +https://babbar.tech/crawler)" 
54.36.148.201 - - [15/Jun/2020:07:19:55 -0700] "GET /2018/manton-reece---webmention-improvements-on-microblog HTTP/1.1" 200 9262 "-" "Mozilla/5.0 (compatible; AhrefsBot/6.1; +http://ahrefs.com/robot/)" 
54.36.148.81 - - [15/Jun/2020:07:20:27 -0700] "GET /?q=%23courses HTTP/1.1" 200 10537 "-" "Mozilla/5.0 (compatible; AhrefsBot/6.1; +http://ahrefs.com/robot/)" 
62.210.149.60 - - [15/Jun/2020:07:20:33 -0700] "GET /2019/what-counts-the-enlightened-economist HTTP/1.1" 200 10035 "-" "Mozilla/5.0 (compatible; Barkrowler/0.9; +https://babbar.tech/crawler)" 
54.36.148.175 - - [15/Jun/2020:07:20:54 -0700] "GET /content/all/?q=%23courses HTTP/1.1" 200 10551 "-" "Mozilla/5.0 (compatible; AhrefsBot/6.1; +http://ahrefs.com/robot/)" 
85.208.96.71 - - [15/Jun/2020:07:21:29 -0700] "GET /2020/isellsoap-i-know-that-chrisaldrich-was-involved HTTP/1.1" 200 10221 "-" "Mozilla/5.0 (compatible; SemrushBot/1.0~bm; +http://www.semrush.com/bot.html)" 
54.36.148.201 - - [15/Jun/2020:07:21:30 -0700] "GET /2020/checked-into-e10-ctl HTTP/1.1" 200 9505 "-" "Mozilla/5.0 (compatible; AhrefsBot/6.1; +http://ahrefs.com/robot/)" 
62.210.149.60 - - [15/Jun/2020:07:21:35 -0700] "GET /2019/chris-aldrich-wanted-to-know-if-i HTTP/1.1" 200 10097 "-" "Mozilla/5.0 (compatible; Barkrowler/0.9; +https://babbar.tech/crawler)" 
46.229.168.135 - - [15/Jun/2020:07:21:48 -0700] "GET /content/all/?offset=55&q=%23podcast HTTP/1.1" 200 9088 "-" "Mozilla/5.0 (compatible; SemrushBot/6~bl; +http://www.semrush.com/bot.html)" 
45.79.26.51 - - [15/Jun/2020:07:21:49 -0700] "GET /content/statusupdates/posts/photos/checkins/bookmarkedpages?_t=rss HTTP/1.1" 200 7437 "-" "Micro.blog/1.0" 
54.36.148.201 - - [15/Jun/2020:07:22:03 -0700] "GET /2020/checked-into-harpoon-harrys HTTP/1.1" 200 9519 "-" "Mozilla/5.0 (compatible; AhrefsBot/6.1; +http://ahrefs.com/robot/)" 
46.229.168.149 - - [15/Jun/2020:07:22:06 -0700] "GET /2018/geohashing-expedition-2018-08-23-50--1 HTTP/1.1" 200 9308 "-" "Mozilla/5.0 (compatible; SemrushBot/6~bl; +http://www.semrush.com/bot.html)" 
114.119.160.143 - - [15/Jun/2020:07:22:12 -0700] "GET /content/all?q=%23bread&offset=6 HTTP/1.1" 200 12421 "-" "Mozilla/5.0 (Linux; Android 7.0;) AppleWebKit/537.36 (KHTML, like Gecko) Mobile Safari/537.36 (compatible; PetalBot;+https://aspiegel.com/petalbot)" 
62.210.149.60 - - [15/Jun/2020:07:22:28 -0700] "GET /2017/well-lets-start-with-a-retail-fact-that-2016-was HTTP/1.1" 200 10073 "-" "Mozilla/5.0 (compatible; Barkrowler/0.9; +https://babbar.tech/crawler)" 
54.36.148.137 - - [15/Jun/2020:07:22:39 -0700] "GET /2020/checked-into-salute-on-the-beach HTTP/1.1" 200 9524 "-" "Mozilla/5.0 (compatible; AhrefsBot/6.1; +http://ahrefs.com/robot/)" 
46.229.168.141 - - [15/Jun/2020:07:22:39 -0700] "GET /file/df220fe79a811215523f66ebba07c395/54bd28aaea1b2da7b7d00cceb19d37d7 HTTP/1.1" 200 175557 "-" "Mozilla/5.0 (compatible; SemrushBot/6~bl; +http://www.semrush.com/bot.html)" 
157.55.39.98 - - [15/Jun/2020:07:22:39 -0700] "GET /file/44fe03d98325d28141aa8bab76f51020 HTTP/1.1" 200 252467 "-" "Mozilla/5.0 (compatible; bingbot/2.0; +http://www.bing.com/bingbot.htm)" 
54.36.148.201 - - [15/Jun/2020:07:23:10 -0700] "GET /content/locations/?offset=30 HTTP/1.1" 200 10826 "-" "Mozilla/5.0 (compatible; AhrefsBot/6.1; +http://ahrefs.com/robot/)" 
66.249.66.44 - - [15/Jun/2020:07:23:13 -0700] "GET /content/all?offset=2057 HTTP/1.1" 200 11490 "-" "Mozilla/5.0 (Linux; Android 6.0.1; Nexus 5X Build/MMB29P) AppleWebKit/537.36 (KHTML, like Gecko) Chrome/80.0.3987.92 Mobile Safari/537.36 (compatible; Googlebot/2.1; +http://www.google.com/bot.html)" 
62.210.149.60 - - [15/Jun/2020:07:23:19 -0700] "GET /2018/and-tom-jaine-with-the-hard-working-maC3ADrtC3ADn-mac-con-iomaire-1 HTTP/1.1" 410 18769 "-" "Mozilla/5.0 (compatible; Barkrowler/0.9; +https://babbar.tech/crawler)" 
54.36.148.81 - - [15/Jun/2020:07:23:44 -0700] "GET /2018/our-daily-bread-16---water-and-powerdckc30lodemthe-rotary-quern HTTP/1.1" 200 10161 "-" "Mozilla/5.0 (compatible; AhrefsBot/6.1; +http://ahrefs.com/robot/)" 
62.210.149.60 - - [15/Jun/2020:07:24:12 -0700] "GET /2017/it-is-odd-how-john-prizewinning-postblogwordpress-wild-and-freehe-though-that-he-knew-what-love-wa-gives-too-many HTTP/1.1" 200 11266 "-" "Mozilla/5.0 (compatible; Barkrowler/0.9; +https://babbar.tech/crawler)" 
46.229.168.134 - - [15/Jun/2020:07:24:13 -0700] "GET /file/d0430f92f33b8b0fac29673c972c147d/ba5893b689294bdd4eef620f9bed9234 HTTP/1.1" 200 133221 "-" "Mozilla/5.0 (compatible; SemrushBot/6~bl; +http://www.semrush.com/bot.html)" 
46.229.168.132 - - [15/Jun/2020:07:24:28 -0700] "GET /2019/this-is-very-cool-and-the-login HTTP/1.1" 200 9774 "-" "Mozilla/5.0 (compatible; SemrushBot/6~bl; +http://www.semrush.com/bot.html)" 
46.229.168.154 - - [15/Jun/2020:07:24:33 -0700] "GET /content/bookmarkedpages/?offset=10&q=%23%2B%23food HTTP/1.1" 200 9315 "-" "Mozilla/5.0 (compatible; SemrushBot/6~bl; +http://www.semrush.com/bot.html)" 
54.36.148.201 - - [15/Jun/2020:07:24:45 -0700] "GET /2019/checked-into-at-melissas HTTP/1.1" 200 9521 "-" "Mozilla/5.0 (compatible; AhrefsBot/6.1; +http://ahrefs.com/robot/)" 
62.210.149.60 - - [15/Jun/2020:07:25:02 -0700] "GET /?offset=80 HTTP/1.1" 200 12257 "-" "Mozilla/5.0 (compatible; Barkrowler/0.9; +https://babbar.tech/crawler)" 
45.79.26.51 - - [15/Jun/2020:07:25:18 -0700] "GET /content/statusupdates/posts/photos/checkins/bookmarkedpages?_t=rss HTTP/1.1" 200 7437 "-" "Micro.blog/1.0" 
46.229.168.130 - - [15/Jun/2020:07:25:49 -0700] "GET /2019/some-observations-re-craig-newmark-craigslist-journalism-and-our-information HTTP/1.1" 200 9420 "-" "Mozilla/5.0 (compatible; SemrushBot/6~bl; +http://www.semrush.com/bot.html)" 
46.229.168.146 - - [15/Jun/2020:07:25:58 -0700] "GET /content/posts/?q=%23%2B%23latergram HTTP/1.1" 200 8292 "-" "Mozilla/5.0 (compatible; SemrushBot/6~bl; +http://www.semrush.com/bot.html)" 
62.210.149.60 - - [15/Jun/2020:07:25:59 -0700] "GET /tag/webmention HTTP/1.1" 200 14062 "-" "Mozilla/5.0 (compatible; Barkrowler/0.9; +https://babbar.tech/crawler)" 
46.229.168.161 - - [15/Jun/2020:07:26:36 -0700] "GET /content/all/?q=%23%2B%23Http%3A%2F%2Fwww.marigoldroma.com%2F HTTP/1.1" 200 8370 "-" "Mozilla/5.0 (compatible; SemrushBot/6~bl; +http://www.semrush.com/bot.html)" 
62.210.149.60 - - [15/Jun/2020:07:26:50 -0700] "GET /content/all?offset=80 HTTP/1.1" 200 12274 "-" "Mozilla/5.0 (compatible; Barkrowler/0.9; +https://babbar.tech/crawler)" 
66.249.66.48 - - [15/Jun/2020:07:27:01 -0700] "GET /2019/what-magic-is-this-app3ef086df04musical-chord-progression-arpeggiator-found-thanks HTTP/1.1" 200 9998 "-" "Mozilla/5.0 (compatible; Googlebot/2.1; +http://www.google.com/bot.html)" 
54.36.148.201 - - [15/Jun/2020:07:27:27 -0700] "GET /2019/checked-into-copperwood-tavern HTTP/1.1" 200 9537 "-" "Mozilla/5.0 (compatible; AhrefsBot/6.1; +http://ahrefs.com/robot/)" 
62.210.149.60 - - [15/Jun/2020:07:27:42 -0700] "GET /content/all/?offset=70 HTTP/1.1" 200 12292 "-" "Mozilla/5.0 (compatible; Barkrowler/0.9; +https://babbar.tech/crawler)" 
46.229.168.147 - - [15/Jun/2020:07:27:42 -0700] "GET /?q=%23%2B%23Hearsay19 HTTP/1.1" 200 8294 "-" "Mozilla/5.0 (compatible; SemrushBot/6~bl; +http://www.semrush.com/bot.html)" 
54.36.148.115 - - [15/Jun/2020:07:28:06 -0700] "GET /2019/checked-into-rei HTTP/1.1" 200 9498 "-" "Mozilla/5.0 (compatible; AhrefsBot/6.1; +http://ahrefs.com/robot/)" 
157.55.39.110 - - [15/Jun/2020:07:28:15 -0700] "GET /2019/checked-into-ristorante-scarpone-1?_t=rss HTTP/1.1" 200 5792 "-" "Mozilla/5.0 (compatible; bingbot/2.0; +http://www.bing.com/bingbot.htm)" 
45.79.26.51 - - [15/Jun/2020:07:28:25 -0700] "GET /content/statusupdates/posts/photos/checkins/bookmarkedpages?_t=rss HTTP/1.1" 200 7437 "-" "Micro.blog/1.0" 
46.229.168.143 - - [15/Jun/2020:07:28:31 -0700] "GET /?offset=87&q=%23%2B%23%23bread HTTP/1.1" 200 8809 "-" "Mozilla/5.0 (compatible; SemrushBot/6~bl; +http://www.semrush.com/bot.html)" 
46.229.168.145 - - [15/Jun/2020:07:28:34 -0700] "GET /2018/have-you-taken-a-look-at-indieweborg HTTP/1.1" 200 9881 "-" "Mozilla/5.0 (compatible; SemrushBot/6~bl; +http://www.semrush.com/bot.html)" 
62.210.149.60 - - [15/Jun/2020:07:28:36 -0700] "GET /content/events/?q=%23Fiction HTTP/1.1" 200 8858 "-" "Mozilla/5.0 (compatible; Barkrowler/0.9; +https://babbar.tech/crawler)" 
46.229.168.161 - - [15/Jun/2020:07:29:03 -0700] "GET /2020/these-were-in-the-fridge-an-extra-20-minutes-so HTTP/1.1" 200 9534 "-" "Mozilla/5.0 (compatible; SemrushBot/6~bl; +http://www.semrush.com/bot.html)" 
54.36.148.201 - - [15/Jun/2020:07:29:18 -0700] "GET /2020/hey-uber_support-when-are-you-going-to HTTP/1.1" 200 9734 "-" "Mozilla/5.0 (compatible; AhrefsBot/6.1; +http://ahrefs.com/robot/)" 
46.229.168.146 - - [15/Jun/2020:07:29:22 -0700] "GET /content/all/?offset=137&q=%23IndieWeb HTTP/1.1" 200 11321 "-" "Mozilla/5.0 (compatible; SemrushBot/6~bl; +http://www.semrush.com/bot.html)" 
62.210.149.60 - - [15/Jun/2020:07:29:31 -0700] "GET /content/posts/?q=%23Fiction HTTP/1.1" 200 8857 "-" "Mozilla/5.0 (compatible; Barkrowler/0.9; +https://babbar.tech/crawler)" 
54.36.148.81 - - [15/Jun/2020:07:29:52 -0700] "GET /2017/this-is-all-a-bit-tense-but-with-any-luck HTTP/1.1" 200 9771 "-" "Mozilla/5.0 (compatible; AhrefsBot/6.1; +http://ahrefs.com/robot/)" 
46.229.168.133 - - [15/Jun/2020:07:29:58 -0700] "GET /tag/indieweb?offset=59 HTTP/1.1" 200 12472 "-" "Mozilla/5.0 (compatible; SemrushBot/6~bl; +http://www.semrush.com/bot.html)" 
62.210.149.60 - - [15/Jun/2020:07:30:21 -0700] "GET /content/posts/?offset=60 HTTP/1.1" 200 16993 "-" "Mozilla/5.0 (compatible; Barkrowler/0.9; +https://babbar.tech/crawler)" 
46.229.168.137 - - [15/Jun/2020:07:30:24 -0700] "GET /2018/black-pepper-rye-just-waiting-for-some-peanut-butter-or HTTP/1.1" 200 13134 "-" "Mozilla/5.0 (compatible; SemrushBot/6~bl; +http://www.semrush.com/bot.html)" 
46.229.168.137 - - [15/Jun/2020:07:30:25 -0700] "GET /content/photos/?offset=30&q=%23sourdough HTTP/1.1" 200 11200 "-" "Mozilla/5.0 (compatible; SemrushBot/6~bl; +http://www.semrush.com/bot.html)" 
62.210.149.60 - - [15/Jun/2020:07:31:12 -0700] "GET /content/photos/?offset=60 HTTP/1.1" 200 12086 "-" "Mozilla/5.0 (compatible; Barkrowler/0.9; +https://babbar.tech/crawler)" 
96.126.125.129 - - [15/Jun/2020:07:31:44 -0700] "GET /content/statusupdates/posts/photos/checkins/bookmarkedpages?_t=rss HTTP/1.1" 200 7442 "-" "Micro.blog/1.0" 
62.210.149.60 - - [15/Jun/2020:07:32:04 -0700] "GET /content/photos/?q=%23Fiction HTTP/1.1" 200 8862 "-" "Mozilla/5.0 (compatible; Barkrowler/0.9; +https://babbar.tech/crawler)" 
64.111.100.215 - - [15/Jun/2020:07:32:35 -0700] "GET /content/all?_t=rss HTTP/1.1" 200 14885 "-" "Mozilla/5.0 (X11; U; Linux i686; fr; rv:1.9.1.1) Gecko/20090715 Firefox/3.5.1" 
66.249.66.44 - - [15/Jun/2020:07:32:41 -0700] "GET /2019/what-magic-is-this-app3ef086df04musical-chord-progression-arpeggiator-found-thanks?_t=rss HTTP/1.1" 200 5906 "-" "Mozilla/5.0 (Linux; Android 6.0.1; Nexus 5X Build/MMB29P) AppleWebKit/537.36 (KHTML, like Gecko) Chrome/80.0.3987.92 Mobile Safari/537.36 (compatible; Googlebot/2.1; +http://www.google.com/bot.html)" 
54.36.148.81 - - [15/Jun/2020:07:32:41 -0700] "GET /2020/today-i-happened-across-two-wiseacres-on HTTP/1.1" 200 9331 "-" "Mozilla/5.0 (compatible; AhrefsBot/6.1; +http://ahrefs.com/robot/)" 
62.210.149.60 - - [15/Jun/2020:07:32:53 -0700] "GET /2017/untitled-5 HTTP/1.1" 200 10404 "-" "Mozilla/5.0 (compatible; Barkrowler/0.9; +https://babbar.tech/crawler)" 
46.229.168.142 - - [15/Jun/2020:07:33:32 -0700] "GET /2019/half-a-world-away-two-outages-fried HTTP/1.1" 200 9412 "-" "Mozilla/5.0 (compatible; SemrushBot/6~bl; +http://www.semrush.com/bot.html)" 
54.36.148.19 - - [15/Jun/2020:07:33:49 -0700] "GET /content/photos/?offset=473 HTTP/1.1" 200 10658 "-" "Mozilla/5.0 (compatible; AhrefsBot/6.1; +http://ahrefs.com/robot/)" 
62.210.149.60 - - [15/Jun/2020:07:33:49 -0700] "GET /tag/bread?offset=50 HTTP/1.1" 200 12923 "-" "Mozilla/5.0 (compatible; Barkrowler/0.9; +https://babbar.tech/crawler)" 
157.55.39.98 - - [15/Jun/2020:07:33:49 -0700] "GET /2019/just-strolling-through-the-market-on-my-way-to-test HTTP/1.1" 200 16730 "-" "Mozilla/5.0 (compatible; bingbot/2.0; +http://www.bing.com/bingbot.htm)" 
66.249.66.48 - - [15/Jun/2020:07:33:52 -0700] "GET /service/web/unfurl/?url=https%3A%2F%2Fwww.outpan.com%2Fapp%2F3ef086df04%2Fmusical-chord-progression-arpeggiator&__bTk=d87e04dab4fdfc962ede8b0b58de731acf971afb76eec2a72562b0166c5cf83b&__bTs=1590692933 HTTP/1.1" 403 4972 "https://stream.jeremycherfas.net/2019/what-magic-is-this-app3ef086df04musical-chord-progression-arpeggiator-found-thanks" "Mozilla/5.0 AppleWebKit/537.36 (KHTML, like Gecko; compatible; Googlebot/2.1; +http://www.google.com/bot.html) Chrome/83.0.4103.93 Safari/537.36" 
66.249.66.46 - - [15/Jun/2020:07:33:53 -0700] "GET /service/web/unfurl/?url=https%3A%2F%2Fwww.outpan.com%2Fapp%2F3ef086df04%2Fmusical-chord-progression-arpeggiator&__bTk=d87e04dab4fdfc962ede8b0b58de731acf971afb76eec2a72562b0166c5cf83b&__bTs=1590692933 HTTP/1.1" 403 4972 "https://stream.jeremycherfas.net/2019/what-magic-is-this-app3ef086df04musical-chord-progression-arpeggiator-found-thanks" "Mozilla/5.0 AppleWebKit/537.36 (KHTML, like Gecko; compatible; Googlebot/2.1; +http://www.google.com/bot.html) Chrome/83.0.4103.93 Safari/537.36" 
54.36.148.81 - - [15/Jun/2020:07:34:23 -0700] "GET /content/photos/?offset=303 HTTP/1.1" 200 10893 "-" "Mozilla/5.0 (compatible; AhrefsBot/6.1; +http://ahrefs.com/robot/)" 
62.210.149.60 - - [15/Jun/2020:07:34:39 -0700] "GET /tag/podcast?offset=50 HTTP/1.1" 200 12785 "-" "Mozilla/5.0 (compatible; Barkrowler/0.9; +https://babbar.tech/crawler)" 
54.36.148.201 - - [15/Jun/2020:07:34:55 -0700] "GET /2018/hey-salad-lovers-its-ok-to-eat HTTP/1.1" 200 12230 "-" "Mozilla/5.0 (compatible; AhrefsBot/6.1; +http://ahrefs.com/robot/)" 
46.229.168.132 - - [15/Jun/2020:07:35:05 -0700] "GET /?q=%23%2B%23sourdough HTTP/1.1" 200 12120 "-" "Mozilla/5.0 (compatible; SemrushBot/6~bl; +http://www.semrush.com/bot.html)" 
46.229.168.133 - - [15/Jun/2020:07:35:08 -0700] "GET /content/rsvp/?q=%23%2B%23indieweb HTTP/1.1" 200 9000 "-" "Mozilla/5.0 (compatible; SemrushBot/6~bl; +http://www.semrush.com/bot.html)" 
54.36.148.201 - - [15/Jun/2020:07:35:30 -0700] "GET /?offset=1290 HTTP/1.1" 200 10913 "-" "Mozilla/5.0 (compatible; AhrefsBot/6.1; +http://ahrefs.com/robot/)" 
62.210.149.60 - - [15/Jun/2020:07:35:31 -0700] "GET /?q=%23Rye HTTP/1.1" 200 12695 "-" "Mozilla/5.0 (compatible; Barkrowler/0.9; +https://babbar.tech/crawler)" 
46.229.168.131 - - [15/Jun/2020:07:35:35 -0700] "GET /content/all/?offset=240 HTTP/1.1" 200 11979 "-" "Mozilla/5.0 (compatible; SemrushBot/6~bl; +http://www.semrush.com/bot.html)" 
46.229.168.137 - - [15/Jun/2020:07:35:48 -0700] "GET /content/locations/?q=%23trypod HTTP/1.1" 200 8278 "-" "Mozilla/5.0 (compatible; SemrushBot/6~bl; +http://www.semrush.com/bot.html)" 
46.229.168.139 - - [15/Jun/2020:07:35:50 -0700] "GET /file/f297cac8852f487c36e7dacaae1a948c/fc334d64a63f6fc6240f64ef6f1698de HTTP/1.1" 200 123319 "-" "Mozilla/5.0 (compatible; SemrushBot/6~bl; +http://www.semrush.com/bot.html)" 
45.79.26.51 - - [15/Jun/2020:07:36:00 -0700] "GET /content/statusupdates/posts/photos/checkins/bookmarkedpages?_t=rss HTTP/1.1" 200 7437 "-" "Micro.blog/1.0" 
54.36.148.201 - - [15/Jun/2020:07:36:07 -0700] "GET /content/all/?offset=1280 HTTP/1.1" 200 11351 "-" "Mozilla/5.0 (compatible; AhrefsBot/6.1; +http://ahrefs.com/robot/)" 
100.25.159.240 - - [15/Jun/2020:07:36:18 -0700] "GET /?_t=rss HTTP/1.1" 200 7435 "-" "glitch-feeder/1.0 (+https://glitch.com/~lmo-feeder)" 
46.229.168.129 - - [15/Jun/2020:07:36:18 -0700] "GET /tag/indieweb?offset=101 HTTP/1.1" 200 14302 "-" "Mozilla/5.0 (compatible; SemrushBot/6~bl; +http://www.semrush.com/bot.html)" 
62.210.149.60 - - [15/Jun/2020:07:36:22 -0700] "GET /content/all/?q=%23Fiction HTTP/1.1" 200 8843 "-" "Mozilla/5.0 (compatible; Barkrowler/0.9; +https://babbar.tech/crawler)" 
46.229.168.133 - - [15/Jun/2020:07:36:37 -0700] "GET /content/statusupdates/?q=%2310DoT HTTP/1.1" 200 8308 "-" "Mozilla/5.0 (compatible; SemrushBot/6~bl; +http://www.semrush.com/bot.html)" 
62.210.149.60 - - [15/Jun/2020:07:37:11 -0700] "GET /content/events/?q=%23Rye HTTP/1.1" 200 8849 "-" "Mozilla/5.0 (compatible; Barkrowler/0.9; +https://babbar.tech/crawler)" 
62.210.149.60 - - [15/Jun/2020:07:38:03 -0700] "GET /content/posts/?q=%23Rye HTTP/1.1" 200 8847 "-" "Mozilla/5.0 (compatible; Barkrowler/0.9; +https://babbar.tech/crawler)" 
62.210.149.60 - - [15/Jun/2020:07:38:55 -0700] "GET /content/photos/?q=%23Rye HTTP/1.1" 200 12736 "-" "Mozilla/5.0 (compatible; Barkrowler/0.9; +https://babbar.tech/crawler)" 
46.229.168.151 - - [15/Jun/2020:07:39:08 -0700] "GET /content/all/?offset=127&q=%23indieweb HTTP/1.1" 200 12430 "-" "Mozilla/5.0 (compatible; SemrushBot/6~bl; +http://www.semrush.com/bot.html)" 
46.229.168.154 - - [15/Jun/2020:07:39:39 -0700] "GET /content/all/?offset=30&q=%23WithKnown HTTP/1.1" 200 13346 "-" "Mozilla/5.0 (compatible; SemrushBot/6~bl; +http://www.semrush.com/bot.html)" 
62.210.149.60 - - [15/Jun/2020:07:39:48 -0700] "GET /content/audio/?q=%23Fiction HTTP/1.1" 200 8855 "-" "Mozilla/5.0 (compatible; Barkrowler/0.9; +https://babbar.tech/crawler)" 
45.79.26.51 - - [15/Jun/2020:07:40:22 -0700] "GET /content/statusupdates/posts/photos/checkins/bookmarkedpages?_t=rss HTTP/1.1" 200 7437 "-" "Micro.blog/1.0" 
62.210.149.60 - - [15/Jun/2020:07:40:40 -0700] "GET /profile/jeremy?offset=50 HTTP/1.1" 200 18657 "-" "Mozilla/5.0 (compatible; Barkrowler/0.9; +https://babbar.tech/crawler)" 
62.210.149.60 - - [15/Jun/2020:07:41:31 -0700] "GET /tag/changingglobaldiets HTTP/1.1" 200 9440 "-" "Mozilla/5.0 (compatible; Barkrowler/0.9; +https://babbar.tech/crawler)" 
66.249.66.44 - - [15/Jun/2020:07:42:09 -0700] "GET /view/87bcc8b322451743e6c34bcd0e18511a?_t=rss HTTP/1.1" 200 5929 "-" "Mozilla/5.0 (Linux; Android 6.0.1; Nexus 5X Build/MMB29P) AppleWebKit/537.36 (KHTML, like Gecko) Chrome/80.0.3987.92 Mobile Safari/537.36 (compatible; Googlebot/2.1; +http://www.google.com/bot.html)" 
62.210.149.60 - - [15/Jun/2020:07:42:22 -0700] "GET /tag/known?offset=40 HTTP/1.1" 200 10021 "-" "Mozilla/5.0 (compatible; Barkrowler/0.9; +https://babbar.tech/crawler)" 
46.229.168.133 - - [15/Jun/2020:07:42:56 -0700] "GET /content/all/?offset=13&q=%23%2B%23photo HTTP/1.1" 200 12044 "-" "Mozilla/5.0 (compatible; SemrushBot/6~bl; +http://www.semrush.com/bot.html)" 
62.210.149.60 - - [15/Jun/2020:07:43:42 -0700] "GET /tag/Rye?offset=0 HTTP/1.1" 200 12685 "-" "Mozilla/5.0 (compatible; Barkrowler/0.9; +https://babbar.tech/crawler)" 
62.210.149.60 - - [15/Jun/2020:07:44:34 -0700] "GET /tag/Rye?offset=9 HTTP/1.1" 200 9341 "-" "Mozilla/5.0 (compatible; Barkrowler/0.9; +https://babbar.tech/crawler)" 
45.79.26.51 - - [15/Jun/2020:07:45:01 -0700] "GET /content/statusupdates/posts/photos/checkins/bookmarkedpages?_t=rss HTTP/1.1" 200 7437 "-" "Micro.blog/1.0" 
77.88.5.71 - - [15/Jun/2020:07:45:04 -0700] "GET /robots.txt HTTP/1.1" 200 4288 "-" "Mozilla/5.0 (compatible; YandexBot/3.0; +http://yandex.com/bots)" 
77.88.5.71 - - [15/Jun/2020:07:45:08 -0700] "GET /2018/our-daily-bread-26---wheats-and-measuresjvld30lxi4xeight-wheat-seeds HTTP/1.1" 200 15500 "-" "Mozilla/5.0 (compatible; YandexBot/3.0; +http://yandex.com/bots)" 
46.229.168.134 - - [15/Jun/2020:07:45:18 -0700] "GET /content/posts/?q=%23rye HTTP/1.1" 200 8293 "-" "Mozilla/5.0 (compatible; SemrushBot/6~bl; +http://www.semrush.com/bot.html)" 
46.229.168.154 - - [15/Jun/2020:07:45:23 -0700] "GET /robots.txt HTTP/1.1" 200 4276 "-" "Mozilla/5.0 (compatible; SemrushBot/6~bl; +http://www.semrush.com/bot.html)" 
46.229.168.148 - - [15/Jun/2020:07:45:23 -0700] "GET /2019/julia-reda-on-twitter-dark-day-for-internet-freedom-the HTTP/1.1" 200 10121 "-" "Mozilla/5.0 (compatible; SemrushBot/6~bl; +http://www.semrush.com/bot.html)" 
62.210.149.60 - - [15/Jun/2020:07:45:27 -0700] "GET /2019/really-real HTTP/1.1" 200 9964 "-" "Mozilla/5.0 (compatible; Barkrowler/0.9; +https://babbar.tech/crawler)" 
46.229.168.132 - - [15/Jun/2020:07:45:34 -0700] "GET /?offset=87&q=%23%2B%23indieweb HTTP/1.1" 200 15324 "-" "Mozilla/5.0 (compatible; SemrushBot/6~bl; +http://www.semrush.com/bot.html)" 
62.210.149.60 - - [15/Jun/2020:07:46:18 -0700] "GET /?q=%23Fiction HTTP/1.1" 200 8827 "-" "Mozilla/5.0 (compatible; Barkrowler/0.9; +https://babbar.tech/crawler)" 
46.229.168.138 - - [15/Jun/2020:07:46:48 -0700] "GET /content/audio/?q=%23%2B%23174 HTTP/1.1" 200 8310 "-" "Mozilla/5.0 (compatible; SemrushBot/6~bl; +http://www.semrush.com/bot.html)" 
66.249.66.44 - - [15/Jun/2020:07:47:10 -0700] "GET /content/statusupdates/?offset=10 HTTP/1.1" 304 4068 "-" "Mozilla/5.0 (Linux; Android 6.0.1; Nexus 5X Build/MMB29P) AppleWebKit/537.36 (KHTML, like Gecko) Chrome/80.0.3987.92 Mobile Safari/537.36 (compatible; Googlebot/2.1; +http://www.google.com/bot.html)" 
62.210.149.60 - - [15/Jun/2020:07:47:12 -0700] "GET /content/locations/?offset=40 HTTP/1.1" 200 11484 "-" "Mozilla/5.0 (compatible; Barkrowler/0.9; +https://babbar.tech/crawler)" 
46.229.168.132 - - [15/Jun/2020:07:47:53 -0700] "GET /2019/yes-i-just-registered-for-indie-web-camp-brighton-2019 HTTP/1.1" 200 9431 "-" "Mozilla/5.0 (compatible; SemrushBot/6~bl; +http://www.semrush.com/bot.html)" 
64.111.100.215 - - [15/Jun/2020:07:47:55 -0700] "GET /content/all?_t=rss HTTP/1.1" 200 14885 "-" "Mozilla/5.0 (X11; U; Linux i686; fr; rv:1.9.1.1) Gecko/20090715 Firefox/3.5.1" 
62.210.149.60 - - [15/Jun/2020:07:48:05 -0700] "GET /content/locations/?q=%23Fiction HTTP/1.1" 200 8864 "-" "Mozilla/5.0 (compatible; Barkrowler/0.9; +https://babbar.tech/crawler)" 
45.79.26.51 - - [15/Jun/2020:07:48:43 -0700] "GET /content/statusupdates/posts/photos/checkins/bookmarkedpages?_t=rss HTTP/1.1" 200 7437 "-" "Micro.blog/1.0" 
62.210.149.60 - - [15/Jun/2020:07:48:56 -0700] "GET /content/all/?q=%23Rye HTTP/1.1" 200 12718 "-" "Mozilla/5.0 (compatible; Barkrowler/0.9; +https://babbar.tech/crawler)" 
46.229.168.135 - - [15/Jun/2020:07:49:15 -0700] "GET /?offset=106&q=%23IndieWeb HTTP/1.1" 200 12558 "-" "Mozilla/5.0 (compatible; SemrushBot/6~bl; +http://www.semrush.com/bot.html)" 
167.172.211.255 - - [15/Jun/2020:07:49:55 -0700] "GET /?_t=rss HTTP/1.1" 200 7443 "-" "Feedbin feed-id:1536727 - 1 subscribers" 
62.210.149.60 - - [15/Jun/2020:07:50:02 -0700] "GET /content/events/?q=%23followfriday HTTP/1.1" 200 8868 "-" "Mozilla/5.0 (compatible; Barkrowler/0.9; +https://babbar.tech/crawler)" 
62.210.89.213 - - [15/Jun/2020:07:50:20 -0700] "GET /2020/blaming-the-internet-for-your-gullibility-is HTTP/1.1" 200 10562 "-" "BarkRowler/0.9 (+https://babbar.tech/crawler)" 
46.229.168.151 - - [15/Jun/2020:07:50:24 -0700] "GET /tag/sourdough?offset=19 HTTP/1.1" 200 11629 "-" "Mozilla/5.0 (compatible; SemrushBot/6~bl; +http://www.semrush.com/bot.html)" 
66.18.180.156 - - [15/Jun/2020:07:50:35 -0700] "GET /file/ef801e05730eba56004c5b712ad84731/thumb.jpg HTTP/1.1" 200 26439 "https://desmondrivet.com/blog/" "Mozilla/5.0 (Windows NT 10.0; Win64; x64) AppleWebKit/537.36 (KHTML, like Gecko) Chrome/83.0.4103.61 Safari/537.36" 
46.229.168.130 - - [15/Jun/2020:07:51:00 -0700] "GET /content/audio/?q=%23%2B%23Non-fiction HTTP/1.1" 200 8299 "-" "Mozilla/5.0 (compatible; SemrushBot/6~bl; +http://www.semrush.com/bot.html)" 
46.229.168.145 - - [15/Jun/2020:07:51:06 -0700] "GET /?offset=45&q=%23%2B%23WithKnown HTTP/1.1" 200 12068 "-" "Mozilla/5.0 (compatible; SemrushBot/6~bl; +http://www.semrush.com/bot.html)" 
62.210.149.60 - - [15/Jun/2020:07:51:08 -0700] "GET /content/events/?q=%23+%23Fiction HTTP/1.1" 200 8868 "-" "Mozilla/5.0 (compatible; Barkrowler/0.9; +https://babbar.tech/crawler)" 
46.229.168.133 - - [15/Jun/2020:07:51:16 -0700] "GET /2018/i-was-going-to-recommend-lioncourt-for HTTP/1.1" 200 9320 "-" "Mozilla/5.0 (compatible; SemrushBot/6~bl; +http://www.semrush.com/bot.html)" 
66.249.66.44 - - [15/Jun/2020:07:51:37 -0700] "GET /content/photos/?offset=370 HTTP/1.1" 200 10775 "-" "Mozilla/5.0 (Linux; Android 6.0.1; Nexus 5X Build/MMB29P) AppleWebKit/537.36 (KHTML, like Gecko) Chrome/80.0.3987.92 Mobile Safari/537.36 (compatible; Googlebot/2.1; +http://www.google.com/bot.html)" 
62.210.149.60 - - [15/Jun/2020:07:52:05 -0700] "GET /content/photos/?q=%23followfriday HTTP/1.1" 200 8872 "-" "Mozilla/5.0 (compatible; Barkrowler/0.9; +https://babbar.tech/crawler)" 
46.229.168.152 - - [15/Jun/2020:07:52:06 -0700] "GET /?offset=102&q=%23%2B%23IndieWeb HTTP/1.1" 200 14058 "-" "Mozilla/5.0 (compatible; SemrushBot/6~bl; +http://www.semrush.com/bot.html)" 
46.229.168.132 - - [15/Jun/2020:07:52:30 -0700] "GET /content/all/?offset=15&q=%23%2B%23podcast HTTP/1.1" 200 11937 "-" "Mozilla/5.0 (compatible; SemrushBot/6~bl; +http://www.semrush.com/bot.html)" 
45.79.26.51 - - [15/Jun/2020:07:52:31 -0700] "GET /content/statusupdates/posts/photos/checkins/bookmarkedpages?_t=rss HTTP/1.1" 200 7437 "-" "Micro.blog/1.0" 
46.229.168.153 - - [15/Jun/2020:07:52:41 -0700] "GET /content/photos/?offset=43&q=%23%2B%23sourdough HTTP/1.1" 200 11525 "-" "Mozilla/5.0 (compatible; SemrushBot/6~bl; +http://www.semrush.com/bot.html)" 
62.210.149.60 - - [15/Jun/2020:07:53:04 -0700] "GET /content/photos/?q=%23+%23Fiction HTTP/1.1" 200 8872 "-" "Mozilla/5.0 (compatible; Barkrowler/0.9; +https://babbar.tech/crawler)" 
157.55.39.110 - - [15/Jun/2020:07:53:42 -0700] "GET /2018/yes-it-can-be-boring-to-read HTTP/1.1" 200 10079 "-" "Mozilla/5.0 (compatible; bingbot/2.0; +http://www.bing.com/bingbot.htm)" 
46.229.168.149 - - [15/Jun/2020:07:53:48 -0700] "GET /content/all/?offset=64&q=%23%2B%23%23bread HTTP/1.1" 200 12129 "-" "Mozilla/5.0 (compatible; SemrushBot/6~bl; +http://www.semrush.com/bot.html)" 
62.210.149.60 - - [15/Jun/2020:07:53:54 -0700] "GET /content/audio/?q=%23Rye HTTP/1.1" 200 8847 "-" "Mozilla/5.0 (compatible; Barkrowler/0.9; +https://babbar.tech/crawler)" 
46.229.168.153 - - [15/Jun/2020:07:54:00 -0700] "GET /content/rsvp/?q=%23%2B%238482 HTTP/1.1" 200 8286 "-" "Mozilla/5.0 (compatible; SemrushBot/6~bl; +http://www.semrush.com/bot.html)" 
62.210.149.60 - - [15/Jun/2020:07:54:47 -0700] "GET /tag/Fiction?_t=rss HTTP/1.1" 200 5321 "-" "Mozilla/5.0 (compatible; Barkrowler/0.9; +https://babbar.tech/crawler)" 
46.229.168.146 - - [15/Jun/2020:07:55:15 -0700] "GET /tag/sourdough?offset=13 HTTP/1.1" 200 11984 "-" "Mozilla/5.0 (compatible; SemrushBot/6~bl; +http://www.semrush.com/bot.html)" 
62.210.149.60 - - [15/Jun/2020:07:55:37 -0700] "GET /tag/withknown?offset=20 HTTP/1.1" 200 12951 "-" "Mozilla/5.0 (compatible; Barkrowler/0.9; +https://babbar.tech/crawler)" 
45.79.26.51 - - [15/Jun/2020:07:55:51 -0700] "GET /content/statusupdates/posts/photos/checkins/bookmarkedpages?_t=rss HTTP/1.1" 200 7437 "-" "Micro.blog/1.0" 
18.209.36.241 - - [15/Jun/2020:07:56:27 -0700] "GET /content/audio/?_t=rss HTTP/1.1" 304 3485 "https://www.google.com/" "Mozilla/5.0 (Macintosh; Intel Mac OS X 10_14_6) AppleWebKit/537.36 (KHTML, like Gecko) Chrome/80.0.3987.132 Safari/537.36" 
62.210.149.60 - - [15/Jun/2020:07:56:28 -0700] "GET /?q=%23followfriday HTTP/1.1" 200 9664 "-" "Mozilla/5.0 (compatible; Barkrowler/0.9; +https://babbar.tech/crawler)" 
46.229.168.138 - - [15/Jun/2020:07:57:10 -0700] "GET /file/caf90880bfb78e7de5fb52f25135f0db/47a96bd3ef2347f85fb279e9f7df33e8 HTTP/1.1" 200 76551 "-" "Mozilla/5.0 (compatible; SemrushBot/6~bl; +http://www.semrush.com/bot.html)" 
114.119.167.191 - - [15/Jun/2020:07:57:40 -0700] "GET /2017/quick-question-for-chris-aldrich-which-i-may-be-able HTTP/1.1" 200 10916 "-" "Mozilla/5.0 (Linux; Android 7.0;) AppleWebKit/537.36 (KHTML, like Gecko) Mobile Safari/537.36 (compatible; PetalBot;+https://aspiegel.com/petalbot)" 
46.229.168.141 - - [15/Jun/2020:07:57:55 -0700] "GET /content/all/?offset=132&q=%23%2B%23IndieWeb HTTP/1.1" 200 12642 "-" "Mozilla/5.0 (compatible; SemrushBot/6~bl; +http://www.semrush.com/bot.html)" 
46.229.168.152 - - [15/Jun/2020:07:58:18 -0700] "GET /?offset=270 HTTP/1.1" 200 11198 "-" "Mozilla/5.0 (compatible; SemrushBot/6~bl; +http://www.semrush.com/bot.html)" 
62.210.149.60 - - [15/Jun/2020:07:59:11 -0700] "GET /?q=%23+%23Fiction HTTP/1.1" 200 8837 "-" "Mozilla/5.0 (compatible; Barkrowler/0.9; +https://babbar.tech/crawler)" 
45.79.26.51 - - [15/Jun/2020:07:59:18 -0700] "GET /content/statusupdates/posts/photos/checkins/bookmarkedpages?_t=rss HTTP/1.1" 200 7437 "-" "Micro.blog/1.0" 
46.229.168.140 - - [15/Jun/2020:07:59:35 -0700] "GET /2018/how-not-to-do-a-social-media-stream HTTP/1.1" 200 10771 "-" "Mozilla/5.0 (compatible; SemrushBot/6~bl; +http://www.semrush.com/bot.html)" 
62.210.149.60 - - [15/Jun/2020:07:59:54 -0700] "GET /content/locations/?q=%23Rye HTTP/1.1" 200 8853 "-" "Mozilla/5.0 (compatible; Barkrowler/0.9; +https://babbar.tech/crawler)" 
62.210.149.60 - - [15/Jun/2020:08:00:39 -0700] "GET /content/all/?q=%23+%238482 HTTP/1.1" 200 9919 "-" "Mozilla/5.0 (compatible; Barkrowler/0.9; +https://babbar.tech/crawler)" 
66.249.66.46 - - [15/Jun/2020:08:01:05 -0700] "GET /?q=%23Indieweb&offset=4&_t=rss HTTP/1.1" 200 7948 "-" "Mozilla/5.0 (Linux; Android 6.0.1; Nexus 5X Build/MMB29P) AppleWebKit/537.36 (KHTML, like Gecko) Chrome/80.0.3987.92 Mobile Safari/537.36 (compatible; Googlebot/2.1; +http://www.google.com/bot.html)" 
66.249.66.44 - - [15/Jun/2020:08:01:05 -0700] "GET /robots.txt HTTP/1.1" 200 4857 "-" "Mozilla/5.0 (compatible; Googlebot/2.1; +http://www.google.com/bot.html)" 
62.210.149.60 - - [15/Jun/2020:08:01:49 -0700] "GET /content/all/?q=%23+%23Fiction HTTP/1.1" 200 8854 "-" "Mozilla/5.0 (compatible; Barkrowler/0.9; +https://babbar.tech/crawler)" 
46.229.168.141 - - [15/Jun/2020:08:01:59 -0700] "GET /content/all/?offset=64&q=%23IndieWeb HTTP/1.1" 200 11552 "-" "Mozilla/5.0 (compatible; SemrushBot/6~bl; +http://www.semrush.com/bot.html)" 
80.110.107.27 - - [15/Jun/2020:08:02:21 -0700] "GET /2018/about-webmentions HTTP/1.1" 200 11576 "-" "Mozilla/5.0 (Macintosh; Intel Mac OS X 10_15_5) AppleWebKit/537.36 (KHTML, like Gecko) Chrome/81.0.4044.138 Safari/537.36" 
80.110.107.27 - - [15/Jun/2020:08:02:21 -0700] "GET /vendor/npm-asset/jquery/dist/jquery.min.js HTTP/1.1" 200 31956 "https://stream.jeremycherfas.net/2018/about-webmentions" "Mozilla/5.0 (Macintosh; Intel Mac OS X 10_15_5) AppleWebKit/537.36 (KHTML, like Gecko) Chrome/81.0.4044.138 Safari/537.36" 
80.110.107.27 - - [15/Jun/2020:08:02:21 -0700] "GET /vendor/twbs/bootstrap/dist/css/bootstrap.min.css HTTP/1.1" 200 24411 "https://stream.jeremycherfas.net/2018/about-webmentions" "Mozilla/5.0 (Macintosh; Intel Mac OS X 10_15_5) AppleWebKit/537.36 (KHTML, like Gecko) Chrome/81.0.4044.138 Safari/537.36" 
80.110.107.27 - - [15/Jun/2020:08:02:21 -0700] "GET /vendor/npm-asset/bootstrap-accessibility-plugin/plugins/css/bootstrap-accessibility.css HTTP/1.1" 200 939 "https://stream.jeremycherfas.net/2018/about-webmentions" "Mozilla/5.0 (Macintosh; Intel Mac OS X 10_15_5) AppleWebKit/537.36 (KHTML, like Gecko) Chrome/81.0.4044.138 Safari/537.36" 
80.110.107.27 - - [15/Jun/2020:08:02:21 -0700] "GET /vendor/forkawesome/fork-awesome/css/fork-awesome.min.css HTTP/1.1" 200 8899 "https://stream.jeremycherfas.net/2018/about-webmentions" "Mozilla/5.0 (Macintosh; Intel Mac OS X 10_15_5) AppleWebKit/537.36 (KHTML, like Gecko) Chrome/81.0.4044.138 Safari/537.36" 
80.110.107.27 - - [15/Jun/2020:08:02:21 -0700] "GET /vendor/forkawesome/fork-awesome/css/v5-compat.min.css HTTP/1.1" 200 2592 "https://stream.jeremycherfas.net/2018/about-webmentions" "Mozilla/5.0 (Macintosh; Intel Mac OS X 10_15_5) AppleWebKit/537.36 (KHTML, like Gecko) Chrome/81.0.4044.138 Safari/537.36" 
80.110.107.27 - - [15/Jun/2020:08:02:21 -0700] "GET /css/1579440965/known.min.css HTTP/1.1" 200 7734 "https://stream.jeremycherfas.net/2018/about-webmentions" "Mozilla/5.0 (Macintosh; Intel Mac OS X 10_15_5) AppleWebKit/537.36 (KHTML, like Gecko) Chrome/81.0.4044.138 Safari/537.36" 
80.110.107.27 - - [15/Jun/2020:08:02:21 -0700] "GET /vendor/idno/mentionjs/recommended-styles.css HTTP/1.1" 200 600 "https://stream.jeremycherfas.net/2018/about-webmentions" "Mozilla/5.0 (Macintosh; Intel Mac OS X 10_15_5) AppleWebKit/537.36 (KHTML, like Gecko) Chrome/81.0.4044.138 Safari/537.36" 
80.110.107.27 - - [15/Jun/2020:08:02:21 -0700] "GET /vendor/npm-asset/bootstrap-toggle/css/bootstrap-toggle.min.css HTTP/1.1" 200 979 "https://stream.jeremycherfas.net/2018/about-webmentions" "Mozilla/5.0 (Macintosh; Intel Mac OS X 10_15_5) AppleWebKit/537.36 (KHTML, like Gecko) Chrome/81.0.4044.138 Safari/537.36" 
80.110.107.27 - - [15/Jun/2020:08:02:22 -0700] "GET /IdnoPlugins/Checkin/external/leaflet/leaflet.min.css HTTP/1.1" 200 2532 "https://stream.jeremycherfas.net/2018/about-webmentions" "Mozilla/5.0 (Macintosh; Intel Mac OS X 10_15_5) AppleWebKit/537.36 (KHTML, like Gecko) Chrome/81.0.4044.138 Safari/537.36" 
80.110.107.27 - - [15/Jun/2020:08:02:22 -0700] "GET /Themes/Solo/css/default.min.css HTTP/1.1" 200 963 "https://stream.jeremycherfas.net/2018/about-webmentions" "Mozilla/5.0 (Macintosh; Intel Mac OS X 10_15_5) AppleWebKit/537.36 (KHTML, like Gecko) Chrome/81.0.4044.138 Safari/537.36" 
80.110.107.27 - - [15/Jun/2020:08:02:22 -0700] "GET /vendor/twbs/bootstrap/dist/js/bootstrap.min.js HTTP/1.1" 200 11611 "https://stream.jeremycherfas.net/2018/about-webmentions" "Mozilla/5.0 (Macintosh; Intel Mac OS X 10_15_5) AppleWebKit/537.36 (KHTML, like Gecko) Chrome/81.0.4044.138 Safari/537.36" 
80.110.107.27 - - [15/Jun/2020:08:02:22 -0700] "GET /vendor/npm-asset/bootstrap-accessibility-plugin/plugins/js/bootstrap-accessibility.min.js HTTP/1.1" 200 4789 "https://stream.jeremycherfas.net/2018/about-webmentions" "Mozilla/5.0 (Macintosh; Intel Mac OS X 10_15_5) AppleWebKit/537.36 (KHTML, like Gecko) Chrome/81.0.4044.138 Safari/537.36" 
80.110.107.27 - - [15/Jun/2020:08:02:22 -0700] "GET /js/1579440966/known.min.js HTTP/1.1" 200 5075 "https://stream.jeremycherfas.net/2018/about-webmentions" "Mozilla/5.0 (Macintosh; Intel Mac OS X 10_15_5) AppleWebKit/537.36 (KHTML, like Gecko) Chrome/81.0.4044.138 Safari/537.36" 
80.110.107.27 - - [15/Jun/2020:08:02:22 -0700] "GET /vendor/npm-asset/bootstrap-toggle/js/bootstrap-toggle.js HTTP/1.1" 200 2024 "https://stream.jeremycherfas.net/2018/about-webmentions" "Mozilla/5.0 (Macintosh; Intel Mac OS X 10_15_5) AppleWebKit/537.36 (KHTML, like Gecko) Chrome/81.0.4044.138 Safari/537.36" 
80.110.107.27 - - [15/Jun/2020:08:02:22 -0700] "GET /IdnoPlugins/Checkin/external/leaflet/leaflet.js HTTP/1.1" 200 34091 "https://stream.jeremycherfas.net/2018/about-webmentions" "Mozilla/5.0 (Macintosh; Intel Mac OS X 10_15_5) AppleWebKit/537.36 (KHTML, like Gecko) Chrome/81.0.4044.138 Safari/537.36" 
80.110.107.27 - - [15/Jun/2020:08:02:22 -0700] "GET /IdnoPlugins/Media/external/wavesurfer/dist/wavesurfer.min.js HTTP/1.1" 200 6834 "https://stream.jeremycherfas.net/2018/about-webmentions" "Mozilla/5.0 (Macintosh; Intel Mac OS X 10_15_5) AppleWebKit/537.36 (KHTML, like Gecko) Chrome/81.0.4044.138 Safari/537.36" 
80.110.107.27 - - [15/Jun/2020:08:02:22 -0700] "GET /IdnoPlugins/Checkin/external/stamen-maps/tile.stamen.min.js HTTP/1.1" 200 1983 "https://stream.jeremycherfas.net/2018/about-webmentions" "Mozilla/5.0 (Macintosh; Intel Mac OS X 10_15_5) AppleWebKit/537.36 (KHTML, like Gecko) Chrome/81.0.4044.138 Safari/537.36" 
80.110.107.27 - - [15/Jun/2020:08:02:22 -0700] "GET /vendor/npm-asset/mediaelement/build/mediaelementplayer.min.css HTTP/1.1" 200 3096 "https://stream.jeremycherfas.net/2018/about-webmentions" "Mozilla/5.0 (Macintosh; Intel Mac OS X 10_15_5) AppleWebKit/537.36 (KHTML, like Gecko) Chrome/81.0.4044.138 Safari/537.36" 
80.110.107.27 - - [15/Jun/2020:08:02:22 -0700] "GET /vendor/npm-asset/vanilla-fitvids/jquery.fitvids.js HTTP/1.1" 200 1791 "https://stream.jeremycherfas.net/2018/about-webmentions" "Mozilla/5.0 (Macintosh; Intel Mac OS X 10_15_5) AppleWebKit/537.36 (KHTML, like Gecko) Chrome/81.0.4044.138 Safari/537.36" 
80.110.107.27 - - [15/Jun/2020:08:02:22 -0700] "GET /vendor/npm-asset/mediaelement/build/mediaelement-and-player.min.js HTTP/1.1" 200 41537 "https://stream.jeremycherfas.net/2018/about-webmentions" "Mozilla/5.0 (Macintosh; Intel Mac OS X 10_15_5) AppleWebKit/537.36 (KHTML, like Gecko) Chrome/81.0.4044.138 Safari/537.36" 
80.110.107.27 - - [15/Jun/2020:08:02:22 -0700] "GET /vendor/rmm5t/jquery-timeago/jquery.timeago.js HTTP/1.1" 200 3166 "https://stream.jeremycherfas.net/2018/about-webmentions" "Mozilla/5.0 (Macintosh; Intel Mac OS X 10_15_5) AppleWebKit/537.36 (KHTML, like Gecko) Chrome/81.0.4044.138 Safari/537.36" 
80.110.107.27 - - [15/Jun/2020:08:02:22 -0700] "GET /vendor/rmm5t/jquery-timeago/locales/jquery.timeago.de.js HTTP/1.1" 200 959 "https://stream.jeremycherfas.net/2018/about-webmentions" "Mozilla/5.0 (Macintosh; Intel Mac OS X 10_15_5) AppleWebKit/537.36 (KHTML, like Gecko) Chrome/81.0.4044.138 Safari/537.36" 
80.110.107.27 - - [15/Jun/2020:08:02:22 -0700] "GET /vendor/npm-asset/exif-js/exif.js HTTP/1.1" 200 9938 "https://stream.jeremycherfas.net/2018/about-webmentions" "Mozilla/5.0 (Macintosh; Intel Mac OS X 10_15_5) AppleWebKit/537.36 (KHTML, like Gecko) Chrome/81.0.4044.138 Safari/537.36" 
80.110.107.27 - - [15/Jun/2020:08:02:22 -0700] "GET /vendor/npm-asset/underscore/underscore-min.js HTTP/1.1" 200 7035 "https://stream.jeremycherfas.net/2018/about-webmentions" "Mozilla/5.0 (Macintosh; Intel Mac OS X 10_15_5) AppleWebKit/537.36 (KHTML, like Gecko) Chrome/81.0.4044.138 Safari/537.36" 
80.110.107.27 - - [15/Jun/2020:08:02:22 -0700] "GET /file/ef801e05730eba56004c5b712ad84731/thumb.jpg HTTP/1.1" 200 22619 "https://stream.jeremycherfas.net/2018/about-webmentions" "Mozilla/5.0 (Macintosh; Intel Mac OS X 10_15_5) AppleWebKit/537.36 (KHTML, like Gecko) Chrome/81.0.4044.138 Safari/537.36" 
80.110.107.27 - - [15/Jun/2020:08:02:22 -0700] "GET /vendor/forkawesome/fork-awesome/fonts/forkawesome-webfont.woff2?v=1.1.7 HTTP/1.1" 200 92179 "https://stream.jeremycherfas.net/vendor/forkawesome/fork-awesome/css/fork-awesome.min.css" "Mozilla/5.0 (Macintosh; Intel Mac OS X 10_15_5) AppleWebKit/537.36 (KHTML, like Gecko) Chrome/81.0.4044.138 Safari/537.36" 
80.110.107.27 - - [15/Jun/2020:08:02:22 -0700] "GET /gfx/users/default-00.png HTTP/1.1" 200 5798 "https://stream.jeremycherfas.net/2018/about-webmentions" "Mozilla/5.0 (Macintosh; Intel Mac OS X 10_15_5) AppleWebKit/537.36 (KHTML, like Gecko) Chrome/81.0.4044.138 Safari/537.36" 
80.110.107.27 - - [15/Jun/2020:08:02:22 -0700] "GET /file/2833fede770f71859b035fb7fc5a6ca5 HTTP/1.1" 200 18447 "https://stream.jeremycherfas.net/2018/about-webmentions" "Mozilla/5.0 (Macintosh; Intel Mac OS X 10_15_5) AppleWebKit/537.36 (KHTML, like Gecko) Chrome/81.0.4044.138 Safari/537.36" 
80.110.107.27 - - [15/Jun/2020:08:02:22 -0700] "GET /file/1897018bf6dfa6731c9267061b8d9772 HTTP/1.1" 200 5000 "https://stream.jeremycherfas.net/2018/about-webmentions" "Mozilla/5.0 (Macintosh; Intel Mac OS X 10_15_5) AppleWebKit/537.36 (KHTML, like Gecko) Chrome/81.0.4044.138 Safari/537.36" 
80.110.107.27 - - [15/Jun/2020:08:02:24 -0700] "GET /2018/about-webmentions HTTP/1.1" 200 7757 "-" "Mozilla/5.0 (Macintosh; Intel Mac OS X 10_15_5) AppleWebKit/537.36 (KHTML, like Gecko) Chrome/81.0.4044.138 Safari/537.36" 
80.110.107.27 - - [15/Jun/2020:08:02:24 -0700] "GET /chrome/manifest.json HTTP/1.1" 200 6134 "https://stream.jeremycherfas.net/2018/about-webmentions" "Mozilla/5.0 (Macintosh; Intel Mac OS X 10_15_5) AppleWebKit/537.36 (KHTML, like Gecko) Chrome/81.0.4044.138 Safari/537.36" 
80.110.107.27 - - [15/Jun/2020:08:02:24 -0700] "GET /gfx/logos/apple-icon-144x144.png HTTP/1.1" 200 10316 "https://stream.jeremycherfas.net/2018/about-webmentions" "Mozilla/5.0 (Macintosh; Intel Mac OS X 10_15_5) AppleWebKit/537.36 (KHTML, like Gecko) Chrome/81.0.4044.138 Safari/537.36" 
62.210.149.60 - - [15/Jun/2020:08:02:38 -0700] "GET /content/all/?q=%23followfriday HTTP/1.1" 200 9681 "-" "Mozilla/5.0 (compatible; Barkrowler/0.9; +https://babbar.tech/crawler)" 
46.229.168.134 - - [15/Jun/2020:08:02:56 -0700] "GET /content/photos/?offset=40 HTTP/1.1" 200 10387 "-" "Mozilla/5.0 (compatible; SemrushBot/6~bl; +http://www.semrush.com/bot.html)" 
45.79.26.51 - - [15/Jun/2020:08:02:58 -0700] "GET /content/statusupdates/posts/photos/checkins/bookmarkedpages?_t=rss HTTP/1.1" 200 7437 "-" "Micro.blog/1.0" 
64.111.100.215 - - [15/Jun/2020:08:03:00 -0700] "GET /content/all?_t=rss HTTP/1.1" 200 14885 "-" "Mozilla/5.0 (X11; U; Linux i686; fr; rv:1.9.1.1) Gecko/20090715 Firefox/3.5.1" 
64.111.100.215 - - [15/Jun/2020:08:03:01 -0700] "GET /content/all?_t=rss HTTP/1.1" 200 14885 "-" "Mozilla/5.0 (X11; U; Linux i686; fr; rv:1.9.1.1) Gecko/20090715 Firefox/3.5.1" 
46.229.168.148 - - [15/Jun/2020:08:03:02 -0700] "GET /content/all/?offset=0&q=%23%2B%23rye HTTP/1.1" 200 12026 "-" "Mozilla/5.0 (compatible; SemrushBot/6~bl; +http://www.semrush.com/bot.html)" 
62.210.149.60 - - [15/Jun/2020:08:03:21 -0700] "GET /content/events/?q=%23+%238482 HTTP/1.1" 200 8862 "-" "Mozilla/5.0 (compatible; Barkrowler/0.9; +https://babbar.tech/crawler)" 
46.229.168.141 - - [15/Jun/2020:08:06:35 -0700] "GET /content/bookmarkedpages/?offset=20&q=%23indieweb HTTP/1.1" 200 11865 "-" "Mozilla/5.0 (compatible; SemrushBot/6~bl; +http://www.semrush.com/bot.html)" 
62.210.149.60 - - [15/Jun/2020:08:06:39 -0700] "GET /content/posts/?q=%23+%23Fiction HTTP/1.1" 200 8866 "-" "Mozilla/5.0 (compatible; Barkrowler/0.9; +https://babbar.tech/crawler)" 
66.249.66.48 - - [15/Jun/2020:08:07:03 -0700] "GET /2017/checked-into-hippest-caff%C3%A8-in-town?_t=rss HTTP/1.1" 200 5825 "-" "Mozilla/5.0 (Linux; Android 6.0.1; Nexus 5X Build/MMB29P) AppleWebKit/537.36 (KHTML, like Gecko) Chrome/80.0.3987.92 Mobile Safari/537.36 (compatible; Googlebot/2.1; +http://www.google.com/bot.html)" 
96.126.125.129 - - [15/Jun/2020:08:07:19 -0700] "GET /content/statusupdates/posts/photos/checkins/bookmarkedpages?_t=rss HTTP/1.1" 200 7442 "-" "Micro.blog/1.0" 
46.229.168.133 - - [15/Jun/2020:08:07:37 -0700] "GET /?q=%23%2B%23latteriastudio HTTP/1.1" 200 10692 "-" "Mozilla/5.0 (compatible; SemrushBot/6~bl; +http://www.semrush.com/bot.html)" 
62.210.149.60 - - [15/Jun/2020:08:07:41 -0700] "GET /content/posts/?q=%23+%238482 HTTP/1.1" 200 8861 "-" "Mozilla/5.0 (compatible; Barkrowler/0.9; +https://babbar.tech/crawler)" 
54.36.148.43 - - [15/Jun/2020:08:08:20 -0700] "GET /2018/everything-youve-ever-wanted-to-know-about-using-a-6-box/annotations/617781b1e7be74f664b8b900cbea7761 HTTP/1.1" 200 8076 "-" "Mozilla/5.0 (compatible; AhrefsBot/6.1; +http://ahrefs.com/robot/)" 
62.210.149.60 - - [15/Jun/2020:08:08:25 -0700] "GET /content/posts/?q=%23followfriday HTTP/1.1" 200 8866 "-" "Mozilla/5.0 (compatible; Barkrowler/0.9; +https://babbar.tech/crawler)" 
62.210.149.60 - - [15/Jun/2020:08:09:05 -0700] "GET /content/photos/?q=%23+%238482 HTTP/1.1" 200 9938 "-" "Mozilla/5.0 (compatible; Barkrowler/0.9; +https://babbar.tech/crawler)" 
62.210.149.60 - - [15/Jun/2020:08:09:53 -0700] "GET /content/audio/?q=%23+%23Fiction HTTP/1.1" 200 8865 "-" "Mozilla/5.0 (compatible; Barkrowler/0.9; +https://babbar.tech/crawler)" 
207.46.13.63 - - [15/Jun/2020:08:10:20 -0700] "GET /file/873c52f78999c1c84239b90ea385e44b/thumb.jpg HTTP/1.1" 200 33675 "-" "Mozilla/5.0 (compatible; bingbot/2.0; +http://www.bing.com/bingbot.htm)" 
66.249.66.50 - - [15/Jun/2020:08:10:34 -0700] "GET /robots.txt HTTP/1.1" 200 4881 "-" "Mozilla/5.0 (compatible; Googlebot/2.1; +http://www.google.com/bot.html)" 
66.249.66.52 - - [15/Jun/2020:08:10:34 -0700] "GET /tag/courses HTTP/1.1" 200 11112 "-" "Mozilla/5.0 (Linux; Android 6.0.1; Nexus 5X Build/MMB29P) AppleWebKit/537.36 (KHTML, like Gecko) Chrome/80.0.3987.92 Mobile Safari/537.36 (compatible; Googlebot/2.1; +http://www.google.com/bot.html)" 
62.210.149.60 - - [15/Jun/2020:08:10:39 -0700] "GET /content/audio/?q=%23+%238482 HTTP/1.1" 200 8859 "-" "Mozilla/5.0 (compatible; Barkrowler/0.9; +https://babbar.tech/crawler)" 
46.229.168.131 - - [15/Jun/2020:08:10:54 -0700] "GET /content/photos/?offset=12&q=%23%2B%23bread HTTP/1.1" 200 11677 "-" "Mozilla/5.0 (compatible; SemrushBot/6~bl; +http://www.semrush.com/bot.html)" 
62.210.149.60 - - [15/Jun/2020:08:11:19 -0700] "GET /content/audio/?q=%23followfriday HTTP/1.1" 200 8866 "-" "Mozilla/5.0 (compatible; Barkrowler/0.9; +https://babbar.tech/crawler)" 
62.210.149.60 - - [15/Jun/2020:08:11:59 -0700] "GET /content/rsvp/?q=%23Fiction HTTP/1.1" 200 8856 "-" "Mozilla/5.0 (compatible; Barkrowler/0.9; +https://babbar.tech/crawler)" 
46.229.168.140 - - [15/Jun/2020:08:12:07 -0700] "GET /content/bookmarkedpages/?q=%23%2B%23podcast HTTP/1.1" 200 12756 "-" "Mozilla/5.0 (compatible; SemrushBot/6~bl; +http://www.semrush.com/bot.html)" 
46.229.168.141 - - [15/Jun/2020:08:12:14 -0700] "GET /2019/end-result-two-baby-black-pepper-ryes HTTP/1.1" 200 13029 "-" "Mozilla/5.0 (compatible; SemrushBot/6~bl; +http://www.semrush.com/bot.html)" 
45.79.26.51 - - [15/Jun/2020:08:12:37 -0700] "GET /content/statusupdates/posts/photos/checkins/bookmarkedpages?_t=rss HTTP/1.1" 200 7437 "-" "Micro.blog/1.0" 
62.210.149.60 - - [15/Jun/2020:08:12:38 -0700] "GET /2017/best-chilli-in-rome HTTP/1.1" 200 10871 "-" "Mozilla/5.0 (compatible; Barkrowler/0.9; +https://babbar.tech/crawler)" 
62.210.149.60 - - [15/Jun/2020:08:13:17 -0700] "GET /tag/IndieWeb?offset=20 HTTP/1.1" 200 11791 "-" "Mozilla/5.0 (compatible; Barkrowler/0.9; +https://babbar.tech/crawler)" 
46.229.168.142 - - [15/Jun/2020:08:13:40 -0700] "GET /2020/i-read-both-of-the-pieces-chris HTTP/1.1" 200 9454 "-" "Mozilla/5.0 (compatible; SemrushBot/6~bl; +http://www.semrush.com/bot.html)" 
62.210.149.60 - - [15/Jun/2020:08:13:58 -0700] "GET /tag/Rye?_t=rss HTTP/1.1" 200 8525 "-" "Mozilla/5.0 (compatible; Barkrowler/0.9; +https://babbar.tech/crawler)" 
46.229.168.129 - - [15/Jun/2020:08:14:23 -0700] "GET /content/all/?offset=112&q=%23indieweb HTTP/1.1" 200 11957 "-" "Mozilla/5.0 (compatible; SemrushBot/6~bl; +http://www.semrush.com/bot.html)" 
46.229.168.161 - - [15/Jun/2020:08:14:41 -0700] "GET /content/all/?offset=104&q=%23%2B%23%23indieweb HTTP/1.1" 200 13544 "-" "Mozilla/5.0 (compatible; SemrushBot/6~bl; +http://www.semrush.com/bot.html)" 
62.210.149.60 - - [15/Jun/2020:08:14:44 -0700] "GET /tag/sourdough?offset=20 HTTP/1.1" 200 12236 "-" "Mozilla/5.0 (compatible; Barkrowler/0.9; +https://babbar.tech/crawler)" 
46.229.168.152 - - [15/Jun/2020:08:15:45 -0700] "GET /?offset=12&q=%23%2B%23food HTTP/1.1" 200 12049 "-" "Mozilla/5.0 (compatible; SemrushBot/6~bl; +http://www.semrush.com/bot.html)" 
46.229.168.141 - - [15/Jun/2020:08:16:09 -0700] "GET /content/statusupdates/?offset=21&q=%23indieweb HTTP/1.1" 200 11125 "-" "Mozilla/5.0 (compatible; SemrushBot/6~bl; +http://www.semrush.com/bot.html)" 
62.210.149.60 - - [15/Jun/2020:08:16:37 -0700] "GET /2019/the-internet-of-people HTTP/1.1" 200 9901 "-" "Mozilla/5.0 (compatible; Barkrowler/0.9; +https://babbar.tech/crawler)" 
45.79.26.51 - - [15/Jun/2020:08:16:56 -0700] "GET /content/statusupdates/posts/photos/checkins/bookmarkedpages?_t=rss HTTP/1.1" 200 7437 "-" "Micro.blog/1.0" 
66.249.66.48 - - [15/Jun/2020:08:17:08 -0700] "GET /2017/checked-into-calzature-giacomo-santini HTTP/1.1" 304 4068 "-" "Mozilla/5.0 (compatible; Googlebot/2.1; +http://www.google.com/bot.html)" 
62.210.149.60 - - [15/Jun/2020:08:17:20 -0700] "GET /?q=%23+%238482 HTTP/1.1" 200 9903 "-" "Mozilla/5.0 (compatible; Barkrowler/0.9; +https://babbar.tech/crawler)" 
62.210.149.60 - - [15/Jun/2020:08:17:58 -0700] "GET /?q=%23AMRhub HTTP/1.1" 200 9703 "-" "Mozilla/5.0 (compatible; Barkrowler/0.9; +https://babbar.tech/crawler)" 
46.229.168.131 - - [15/Jun/2020:08:18:01 -0700] "GET /2017/my-best-50%25-wholemeal-recipe-link-in-bio-and-while HTTP/1.1" 200 10910 "-" "Mozilla/5.0 (compatible; SemrushBot/6~bl; +http://www.semrush.com/bot.html)" 
207.46.13.63 - - [15/Jun/2020:08:18:20 -0700] "GET /2018/mission-accomplished HTTP/1.1" 200 16849 "-" "Mozilla/5.0 (compatible; bingbot/2.0; +http://www.bing.com/bingbot.htm)" 
64.111.100.215 - - [15/Jun/2020:08:18:26 -0700] "GET /content/all?_t=rss HTTP/1.1" 200 14885 "-" "Mozilla/5.0 (X11; U; Linux i686; fr; rv:1.9.1.1) Gecko/20090715 Firefox/3.5.1" 
46.229.168.151 - - [15/Jun/2020:08:18:37 -0700] "GET /content/photos/?offset=12&q=%23%2B%23bread HTTP/1.1" 200 11747 "-" "Mozilla/5.0 (compatible; SemrushBot/6~bl; +http://www.semrush.com/bot.html)" 
62.210.149.60 - - [15/Jun/2020:08:19:49 -0700] "GET /content/bookmarkedpages/?q=%23Fiction HTTP/1.1" 200 8873 "-" "Mozilla/5.0 (compatible; Barkrowler/0.9; +https://babbar.tech/crawler)" 
66.249.66.52 - - [15/Jun/2020:08:20:01 -0700] "GET /content/statusupdates/?offset=148 HTTP/1.1" 200 11656 "-" "Mozilla/5.0 (Linux; Android 6.0.1; Nexus 5X Build/MMB29P) AppleWebKit/537.36 (KHTML, like Gecko) Chrome/80.0.3987.92 Mobile Safari/537.36 (compatible; Googlebot/2.1; +http://www.google.com/bot.html)" 
96.126.125.129 - - [15/Jun/2020:08:20:37 -0700] "GET /content/statusupdates/posts/photos/checkins/bookmarkedpages?_t=rss HTTP/1.1" 200 7442 "-" "Micro.blog/1.0" 
62.210.149.60 - - [15/Jun/2020:08:20:46 -0700] "GET /content/bookmarkedpages/?offset=20 HTTP/1.1" 200 11866 "-" "Mozilla/5.0 (compatible; Barkrowler/0.9; +https://babbar.tech/crawler)" 
46.229.168.148 - - [15/Jun/2020:08:21:14 -0700] "GET /tag/Indieweb?offset=27 HTTP/1.1" 200 12989 "-" "Mozilla/5.0 (compatible; SemrushBot/6~bl; +http://www.semrush.com/bot.html)" 
62.210.149.60 - - [15/Jun/2020:08:21:27 -0700] "GET /content/locations/?q=%23+%23Fiction HTTP/1.1" 200 8875 "-" "Mozilla/5.0 (compatible; Barkrowler/0.9; +https://babbar.tech/crawler)" 
46.229.168.144 - - [15/Jun/2020:08:21:53 -0700] "GET /content/statusupdates/?q=%23%2B%23Fiction HTTP/1.1" 200 8302 "-" "Mozilla/5.0 (compatible; SemrushBot/6~bl; +http://www.semrush.com/bot.html)" 
