180.129.14.224 - - [09/Apr/2020:20:16:48 -0700] "GET /wp-content/themes/Autonomie-child/css/default-width.css?ver=1.0.0 HTTP/1.1" 200 950 "https://www.fornacalia.com/2019/respect-to-respectus-panis/" "Mozilla/5.0 (iPhone; CPU iPhone OS 11_1_2 like Mac OS X) AppleWebKit/604.3.5 (KHTML, like Gecko) Version/11.0 Mobile/15B202 Safari/604.1" 
180.129.14.224 - - [09/Apr/2020:20:16:47 -0700] "GET /wp-content/uploads/2019/01/do-nothing-baked-crumb.jpg HTTP/1.1" 200 312037 "https://www.fornacalia.com/2019/respect-to-respectus-panis/" "Mozilla/5.0 (iPhone; CPU iPhone OS 11_1_2 like Mac OS X) AppleWebKit/604.3.5 (KHTML, like Gecko) Version/11.0 Mobile/15B202 Safari/604.1" 
180.129.14.224 - - [09/Apr/2020:20:16:48 -0700] "GET /wp-content/themes/Autonomie-child/css/wide-width.css?ver=1.0.0 HTTP/1.1" 404 6733 "https://www.fornacalia.com/2019/respect-to-respectus-panis/" "Mozilla/5.0 (iPhone; CPU iPhone OS 11_1_2 like Mac OS X) AppleWebKit/604.3.5 (KHTML, like Gecko) Version/11.0 Mobile/15B202 Safari/604.1" 
178.65.167.56 - - [09/Apr/2020:20:19:40 -0700] "GET /2013/pasta-madre-day-2013/ HTTP/1.0" 200 32928 "https://www.fornacalia.com/2013/pasta-madre-day-2013/#comment-35171" "Mozilla/5.0 (Windows NT 6.3; Win64; x64) AppleWebKit/537.36 (KHTML, like Gecko) Chrome/67.0.3396.99 Safari/537.36" 
66.249.66.47 - - [09/Apr/2020:20:23:42 -0700] "GET /tag/sourdough/ HTTP/1.1" 200 21204 "-" "Mozilla/5.0 (Linux; Android 6.0.1; Nexus 5X Build/MMB29P) AppleWebKit/537.36 (KHTML, like Gecko) Chrome/41.0.2272.96 Mobile Safari/537.36 (compatible; Googlebot/2.1; +http://www.google.com/bot.html)" 
66.249.66.43 - - [09/Apr/2020:20:23:43 -0700] "GET /2019/building-a-leaven/ HTTP/1.1" 200 12222 "-" "Mozilla/5.0 (Linux; Android 6.0.1; Nexus 5X Build/MMB29P) AppleWebKit/537.36 (KHTML, like Gecko) Chrome/41.0.2272.96 Mobile Safari/537.36 (compatible; Googlebot/2.1; +http://www.google.com/bot.html)" 
66.249.66.43 - - [09/Apr/2020:20:33:43 -0700] "GET /2020/sourdough-revival/ HTTP/1.1" 200 13129 "-" "Mozilla/5.0 (compatible; Googlebot/2.1; +http://www.google.com/bot.html)" 
66.249.66.45 - - [09/Apr/2020:20:33:45 -0700] "GET /2013/100-wholemeal-sourdough/ HTTP/1.1" 200 14961 "-" "Mozilla/5.0 (Linux; Android 6.0.1; Nexus 5X Build/MMB29P) AppleWebKit/537.36 (KHTML, like Gecko) Chrome/41.0.2272.96 Mobile Safari/537.36 (compatible; Googlebot/2.1; +http://www.google.com/bot.html)" 
37.57.218.243 - - [09/Apr/2020:20:56:27 -0700] "GET /robots.txt HTTP/1.1" 200 4314 "-" "Mozilla/5.0 (compatible; MJ12bot/v1.4.8; http://mj12bot.com/)" 
64.111.100.215 - - [09/Apr/2020:20:56:27 -0700] "POST /wp-cron.php?doing_wp_cron=1586490987.6855781078338623046875 HTTP/1.1" 200 3494 "https://www.fornacalia.com/wp-cron.php?doing_wp_cron=1586490987.6855781078338623046875" "WordPress/5.2.5; https://www.fornacalia.com" 
37.57.218.243 - - [09/Apr/2020:20:56:32 -0700] "GET /cropped-forno-favicon-png/ HTTP/1.1" 200 10360 "-" "Mozilla/5.0 (compatible; MJ12bot/v1.4.8; http://mj12bot.com/)" 
37.57.218.243 - - [09/Apr/2020:20:56:37 -0700] "GET /dough/ HTTP/1.1" 200 10288 "-" "Mozilla/5.0 (compatible; MJ12bot/v1.4.8; http://mj12bot.com/)" 
95.216.96.254 - - [09/Apr/2020:21:00:57 -0700] "GET /robots.txt HTTP/1.1" 200 4060 "-" "Mozilla/5.0 (compatible; SEOkicks; +https://www.seokicks.de/robot.html)" 
95.216.96.254 - - [09/Apr/2020:21:00:59 -0700] "GET /page/2/ HTTP/1.1" 200 17558 "http://www.fornacalia.com/" "Mozilla/5.0 (compatible; SEOkicks; +https://www.seokicks.de/robot.html)" 
95.216.96.254 - - [09/Apr/2020:21:01:02 -0700] "GET / HTTP/1.1" 200 17797 "http://www.fornacalia.com/" "Mozilla/5.0 (compatible; SEOkicks; +https://www.seokicks.de/robot.html)" 
95.216.96.254 - - [09/Apr/2020:21:01:09 -0700] "GET /category/recipes/ HTTP/1.1" 200 21683 "http://www.fornacalia.com/" "Mozilla/5.0 (compatible; SEOkicks; +https://www.seokicks.de/robot.html)" 
95.216.96.254 - - [09/Apr/2020:21:01:12 -0700] "GET /category/recipes/page/2/ HTTP/1.1" 200 14903 "https://www.fornacalia.com/category/recipes/" "Mozilla/5.0 (compatible; SEOkicks; +https://www.seokicks.de/robot.html)" 
95.216.96.254 - - [09/Apr/2020:21:01:18 -0700] "GET /category/recipes/feed/ HTTP/1.1" 200 24760 "https://www.fornacalia.com/category/recipes/" "Mozilla/5.0 (compatible; SEOkicks; +https://www.seokicks.de/robot.html)" 
95.216.96.254 - - [09/Apr/2020:21:01:20 -0700] "GET /wp-content/uploads/2018/02/2018-02-09-11.02.37.mp4?_=1 HTTP/1.1" 200 46876 "https://www.fornacalia.com/category/recipes/" "Mozilla/5.0 (compatible; SEOkicks; +https://www.seokicks.de/robot.html)" 
95.216.96.254 - - [09/Apr/2020:21:01:23 -0700] "GET /category/crumbs/ HTTP/1.1" 200 16436 "http://www.fornacalia.com/" "Mozilla/5.0 (compatible; SEOkicks; +https://www.seokicks.de/robot.html)" 
95.216.96.254 - - [09/Apr/2020:21:01:25 -0700] "GET /category/crumbs/page/2/ HTTP/1.1" 200 14510 "https://www.fornacalia.com/category/crumbs/" "Mozilla/5.0 (compatible; SEOkicks; +https://www.seokicks.de/robot.html)" 
95.216.96.254 - - [09/Apr/2020:21:01:27 -0700] "GET /category/crumbs/feed/ HTTP/1.1" 200 16232 "https://www.fornacalia.com/category/crumbs/" "Mozilla/5.0 (compatible; SEOkicks; +https://www.seokicks.de/robot.html)" 
66.249.66.45 - - [09/Apr/2020:21:03:46 -0700] "GET /2019/learn-to-bake-sourdough-bread-in-rome/ HTTP/1.1" 200 14239 "-" "Mozilla/5.0 (compatible; Googlebot/2.1; +http://www.google.com/bot.html)" 
66.249.66.43 - - [09/Apr/2020:21:04:57 -0700] "GET /favicon.ico HTTP/1.1" 200 3806 "-" "Googlebot-Image/1.0" 
69.171.251.9 - - [09/Apr/2020:21:05:24 -0700] "GET /2020/pizza-night-when-the-pizzerie-are-all-shut HTTP/1.1" 301 4102 "-" "facebookexternalhit/1.1 (+http://www.facebook.com/externalhit_uatext.php)" 
69.171.251.9 - - [09/Apr/2020:21:05:24 -0700] "GET /2020/pizza-night-when-the-pizzerie-are-all-shut/ HTTP/1.1" 200 11475 "-" "facebookexternalhit/1.1 (+http://www.facebook.com/externalhit_uatext.php)" 
69.171.251.15 - - [09/Apr/2020:21:05:25 -0700] "GET /2020/pizza-night-when-the-pizzerie-are-all-shut HTTP/1.1" 301 4102 "-" "facebookexternalhit/1.1 (+http://www.facebook.com/externalhit_uatext.php)" 
69.171.251.15 - - [09/Apr/2020:21:05:25 -0700] "GET /2020/pizza-night-when-the-pizzerie-are-all-shut/ HTTP/1.1" 200 11475 "-" "facebookexternalhit/1.1 (+http://www.facebook.com/externalhit_uatext.php)" 
69.171.251.10 - - [09/Apr/2020:21:05:25 -0700] "GET /2020/pizza-night-when-the-pizzerie-are-all-shut HTTP/1.1" 301 4102 "-" "facebookexternalhit/1.1 (+http://www.facebook.com/externalhit_uatext.php)" 
69.171.251.10 - - [09/Apr/2020:21:05:26 -0700] "GET /2020/pizza-night-when-the-pizzerie-are-all-shut/ HTTP/1.1" 200 11474 "-" "facebookexternalhit/1.1 (+http://www.facebook.com/externalhit_uatext.php)" 
94.228.207.1 - - [09/Apr/2020:21:06:29 -0700] "GET /2013/pasta-madre-day-2013/ HTTP/1.0" 200 32928 "https://www.fornacalia.com/2013/pasta-madre-day-2013/#comment-35172" "Mozilla/5.0 (Windows NT 6.1; Win64; x64) AppleWebKit/537.36 (KHTML, like Gecko) Chrome/67.0.3396.87 Safari/537.36 OPR/54.0.2952.64" 
207.180.219.145 - - [09/Apr/2020:21:23:23 -0700] "GET /robots.txt HTTP/1.1" 200 4314 "-" "Mozilla/5.0 (compatible; MJ12bot/v1.4.8; http://mj12bot.com/)" 
207.180.219.145 - - [09/Apr/2020:21:23:32 -0700] "GET /2016/resurrection/ HTTP/1.1" 200 12392 "-" "Mozilla/5.0 (compatible; MJ12bot/v1.4.8; http://mj12bot.com/)" 
207.180.219.145 - - [09/Apr/2020:21:23:51 -0700] "GET /2016/trying-a-new-approach-to-half-and-half-wholewheat/ HTTP/1.1" 200 11909 "-" "Mozilla/5.0 (compatible; MJ12bot/v1.4.8; http://mj12bot.com/)" 
207.180.219.145 - - [09/Apr/2020:21:24:06 -0700] "GET /2016/maybe-the-best-50-wholemeal-ever/ HTTP/1.1" 200 12240 "-" "Mozilla/5.0 (compatible; MJ12bot/v1.4.8; http://mj12bot.com/)" 
207.180.219.145 - - [09/Apr/2020:21:24:28 -0700] "GET /2016/back-to-baking-after-two-separate-delays/ HTTP/1.1" 200 12482 "-" "Mozilla/5.0 (compatible; MJ12bot/v1.4.8; http://mj12bot.com/)" 
207.180.219.145 - - [09/Apr/2020:21:24:55 -0700] "GET /2017/pain-au-levain-with-mixed-sourdough-starters/ HTTP/1.1" 200 12848 "-" "Mozilla/5.0 (compatible; MJ12bot/v1.4.8; http://mj12bot.com/)" 
207.180.219.145 - - [09/Apr/2020:21:25:30 -0700] "GET /2017/olive-levain/ HTTP/1.1" 200 12002 "-" "Mozilla/5.0 (compatible; MJ12bot/v1.4.8; http://mj12bot.com/)" 
207.180.219.145 - - [09/Apr/2020:21:25:36 -0700] "GET /robots.txt HTTP/1.1" 301 3855 "-" "Mozilla/5.0 (compatible; MJ12bot/v1.4.8; http://mj12bot.com/)" 
207.180.219.145 - - [09/Apr/2020:21:25:40 -0700] "GET /robots.txt HTTP/1.1" 200 4258 "-" "Mozilla/5.0 (compatible; MJ12bot/v1.4.8; http://mj12bot.com/)" 
207.180.219.145 - - [09/Apr/2020:21:25:50 -0700] "GET /wp-content/uploads/2015/09/dough.png HTTP/1.1" 301 3886 "-" "Mozilla/5.0 (compatible; MJ12bot/v1.4.8; http://mj12bot.com/)" 
207.180.219.145 - - [09/Apr/2020:21:25:57 -0700] "GET /wp-content/uploads/2015/09/dough.png HTTP/1.1" 404 9949 "-" "Mozilla/5.0 (compatible; MJ12bot/v1.4.8; http://mj12bot.com/)" 
207.180.219.145 - - [09/Apr/2020:21:26:02 -0700] "GET /2016/back-to-baking-after-two-separate-delays/ HTTP/1.1" 200 12484 "-" "Mozilla/5.0 (compatible; MJ12bot/v1.4.8; http://mj12bot.com/)" 
207.180.219.145 - - [09/Apr/2020:21:26:12 -0700] "GET /2016/maybe-the-best-50-wholemeal-ever/ HTTP/1.1" 200 12241 "-" "Mozilla/5.0 (compatible; MJ12bot/v1.4.8; http://mj12bot.com/)" 
207.180.219.145 - - [09/Apr/2020:21:26:18 -0700] "GET /2016/resurrection/ HTTP/1.1" 200 12390 "-" "Mozilla/5.0 (compatible; MJ12bot/v1.4.8; http://mj12bot.com/)" 
207.180.219.145 - - [09/Apr/2020:21:26:25 -0700] "GET /2016/trying-a-new-approach-to-half-and-half-wholewheat/ HTTP/1.1" 200 11910 "-" "Mozilla/5.0 (compatible; MJ12bot/v1.4.8; http://mj12bot.com/)" 
207.180.219.145 - - [09/Apr/2020:21:26:31 -0700] "GET /2017/olive-levain/ HTTP/1.1" 200 12003 "-" "Mozilla/5.0 (compatible; MJ12bot/v1.4.8; http://mj12bot.com/)" 
207.180.219.145 - - [09/Apr/2020:21:26:40 -0700] "GET /2017/olive-levain/feed/ HTTP/1.1" 200 4783 "-" "Mozilla/5.0 (compatible; MJ12bot/v1.4.8; http://mj12bot.com/)" 
207.180.219.145 - - [09/Apr/2020:21:26:47 -0700] "GET /2017/pain-au-levain-with-mixed-sourdough-starters/ HTTP/1.1" 200 12850 "-" "Mozilla/5.0 (compatible; MJ12bot/v1.4.8; http://mj12bot.com/)" 
207.180.219.145 - - [09/Apr/2020:21:26:58 -0700] "GET /2016/resurrection/ HTTP/1.1" 200 12390 "-" "Mozilla/5.0 (compatible; MJ12bot/v1.4.8; http://mj12bot.com/)" 
207.180.219.145 - - [09/Apr/2020:21:27:18 -0700] "GET /2016/trying-a-new-approach-to-half-and-half-wholewheat/ HTTP/1.1" 200 11909 "-" "Mozilla/5.0 (compatible; MJ12bot/v1.4.8; http://mj12bot.com/)" 
207.180.219.145 - - [09/Apr/2020:21:27:30 -0700] "GET /2016/maybe-the-best-50-wholemeal-ever/ HTTP/1.1" 200 12240 "-" "Mozilla/5.0 (compatible; MJ12bot/v1.4.8; http://mj12bot.com/)" 
207.180.219.145 - - [09/Apr/2020:21:27:38 -0700] "GET /2016/back-to-baking-after-two-separate-delays/ HTTP/1.1" 200 12483 "-" "Mozilla/5.0 (compatible; MJ12bot/v1.4.8; http://mj12bot.com/)" 
17.58.96.249 - - [09/Apr/2020:21:27:43 -0700] "GET /i-can-teach-you-to-make-good-bread HTTP/1.1" 301 4038 "-" "Mozilla/5.0 (Macintosh; Intel Mac OS X 10_10_1) AppleWebKit/600.2.5 (KHTML, like Gecko) Version/8.0.2 Safari/600.2.5 (Applebot/0.1; +http://www.apple.com/go/applebot)" 
17.58.96.249 - - [09/Apr/2020:21:27:44 -0700] "GET /i-can-teach-you-to-make-good-bread/ HTTP/1.1" 200 6976 "-" "Mozilla/5.0 (Macintosh; Intel Mac OS X 10_10_1) AppleWebKit/600.2.5 (KHTML, like Gecko) Version/8.0.2 Safari/600.2.5 (Applebot/0.1; +http://www.apple.com/go/applebot)" 
207.180.219.145 - - [09/Apr/2020:21:27:50 -0700] "GET /2017/pain-au-levain-with-mixed-sourdough-starters/ HTTP/1.1" 200 12851 "-" "Mozilla/5.0 (compatible; MJ12bot/v1.4.8; http://mj12bot.com/)" 
207.180.219.145 - - [09/Apr/2020:21:28:05 -0700] "GET /2017/olive-levain/ HTTP/1.1" 200 12002 "-" "Mozilla/5.0 (compatible; MJ12bot/v1.4.8; http://mj12bot.com/)" 
207.180.219.145 - - [09/Apr/2020:21:28:13 -0700] "GET /dough/trackback/ HTTP/1.1" 302 4361 "-" "Mozilla/5.0 (compatible; MJ12bot/v1.4.8; http://mj12bot.com/)" 
207.180.219.145 - - [09/Apr/2020:21:28:24 -0700] "GET /dough/ HTTP/1.1" 200 10287 "-" "Mozilla/5.0 (compatible; MJ12bot/v1.4.8; http://mj12bot.com/)" 
207.180.219.145 - - [09/Apr/2020:21:28:41 -0700] "GET /feed/?attachment_id=4801 HTTP/1.1" 200 4834 "-" "Mozilla/5.0 (compatible; MJ12bot/v1.4.8; http://mj12bot.com/)" 
207.180.219.145 - - [09/Apr/2020:21:28:45 -0700] "GET /feed/?attachment_id=5166 HTTP/1.1" 200 4788 "-" "Mozilla/5.0 (compatible; MJ12bot/v1.4.8; http://mj12bot.com/)" 
47.104.9.7 - - [09/Apr/2020:21:31:48 -0700] "GET /wp-admin/ HTTP/1.1" 302 3662 "http://www.fornacalia.com/admin/" "Mozilla/5.0 (X11; Ubuntu; Linux x86_64; rv:62.0) Gecko/20100101 Firefox/62.0" 
47.104.9.7 - - [09/Apr/2020:21:31:50 -0700] "GET /wp-login.php?redirect_to=https%3A%2F%2Fwww.fornacalia.com%2Fwp-admin%2F&reauth=1 HTTP/1.1" 200 6855 "https://www.fornacalia.com/wp-admin/" "Mozilla/5.0 (X11; Ubuntu; Linux x86_64; rv:62.0) Gecko/20100101 Firefox/62.0" 
66.249.66.43 - - [09/Apr/2020:21:33:50 -0700] "GET /tag/fornacalia/ HTTP/1.1" 200 13728 "-" "Mozilla/5.0 (Linux; Android 6.0.1; Nexus 5X Build/MMB29P) AppleWebKit/537.36 (KHTML, like Gecko) Chrome/41.0.2272.96 Mobile Safari/537.36 (compatible; Googlebot/2.1; +http://www.google.com/bot.html)" 
157.55.39.188 - - [09/Apr/2020:21:44:42 -0700] "GET /2019/the-bread-was-great-the-movie-not-so-much/feed/ HTTP/1.1" 200 4926 "-" "msnbot/2.0b (+http://search.msn.com/msnbot.htm)" 
64.111.100.215 - - [09/Apr/2020:21:44:43 -0700] "POST /wp-cron.php?doing_wp_cron=1586493882.9564449787139892578125 HTTP/1.1" 200 3494 "https://www.fornacalia.com/wp-cron.php?doing_wp_cron=1586493882.9564449787139892578125" "WordPress/5.2.5; https://www.fornacalia.com" 
207.46.13.182 - - [09/Apr/2020:21:44:56 -0700] "GET /2012/tasting-the-apple-cider-levain-loaf/ HTTP/1.1" 200 11559 "-" "Mozilla/5.0 (compatible; bingbot/2.0; +http://www.bing.com/bingbot.htm)" 
5.188.84.80 - - [09/Apr/2020:21:49:24 -0700] "GET /2013/pasta-madre-day-2013/ HTTP/1.0" 200 32928 "https://www.fornacalia.com/2013/pasta-madre-day-2013/#comment-1801/" "Mozilla/5.0 (Windows NT 10.0; Win64; x64) AppleWebKit/537.36 (KHTML, like Gecko) Chrome/67.0.3396.99 Safari/537.36" 
5.188.84.80 - - [09/Apr/2020:21:49:25 -0700] "POST /wp-comments-post.php HTTP/1.0" 302 4063 "https://www.fornacalia.com/2013/pasta-madre-day-2013/#comment-1801/" "Mozilla/5.0 (Windows NT 10.0; Win64; x64) AppleWebKit/537.36 (KHTML, like Gecko) Chrome/67.0.3396.99 Safari/537.36" 
66.249.66.45 - - [09/Apr/2020:21:54:13 -0700] "GET /2020/sourdough-revival/ HTTP/1.1" 200 13127 "-" "Mozilla/5.0 (Linux; Android 6.0.1; Nexus 5X Build/MMB29P) AppleWebKit/537.36 (KHTML, like Gecko) Chrome/41.0.2272.96 Mobile Safari/537.36 (compatible; Googlebot/2.1; +http://www.google.com/bot.html)" 
5.188.84.233 - - [09/Apr/2020:21:55:43 -0700] "GET /2013/pasta-madre-day-2013/ HTTP/1.0" 200 32928 "https://www.fornacalia.com/2013/pasta-madre-day-2013/#comment-1801/" "Mozilla/5.0 (Windows NT 6.1) AppleWebKit/537.36 (KHTML, like Gecko) Chrome/67.0.3396.99 Safari/537.36 Kinza/4.8.2" 
5.188.84.233 - - [09/Apr/2020:21:55:44 -0700] "POST /wp-comments-post.php HTTP/1.0" 302 4063 "https://www.fornacalia.com/2013/pasta-madre-day-2013/#comment-1801/" "Mozilla/5.0 (Windows NT 6.1) AppleWebKit/537.36 (KHTML, like Gecko) Chrome/67.0.3396.99 Safari/537.36 Kinza/4.8.2" 
95.216.96.254 - - [09/Apr/2020:21:58:16 -0700] "GET /robots.txt HTTP/1.1" 301 3664 "-" "Mozilla/5.0 (compatible; SEOkicks; +https://www.seokicks.de/robot.html)" 
95.216.96.254 - - [09/Apr/2020:21:58:19 -0700] "GET / HTTP/1.1" 301 3670 "https://www.fornacalia.com/page/2/" "Mozilla/5.0 (compatible; SEOkicks; +https://www.seokicks.de/robot.html)" 
5.188.84.45 - - [09/Apr/2020:22:02:05 -0700] "GET /2013/pasta-madre-day-2013/ HTTP/1.0" 200 32928 "https://www.fornacalia.com/2013/pasta-madre-day-2013/#comment-1801/" "Mozilla/5.0 (Windows NT 10.0; Win64; x64) AppleWebKit/537.36 (KHTML, like Gecko) Chrome/66.0.3359.181 Safari/537.36" 
5.188.84.45 - - [09/Apr/2020:22:02:06 -0700] "POST /wp-comments-post.php HTTP/1.0" 302 4063 "https://www.fornacalia.com/2013/pasta-madre-day-2013/#comment-1801/" "Mozilla/5.0 (Windows NT 10.0; Win64; x64) AppleWebKit/537.36 (KHTML, like Gecko) Chrome/66.0.3359.181 Safari/537.36" 
5.188.84.220 - - [09/Apr/2020:22:03:15 -0700] "GET /2013/pasta-madre-day-2013/ HTTP/1.0" 200 32928 "https://www.fornacalia.com/2013/pasta-madre-day-2013/#comment-1801/" "Mozilla/5.0 (Windows NT 6.1; Win64; x64) AppleWebKit/537.36 (KHTML, like Gecko) Chrome/67.0.3396.87 Safari/537.36 OPR/54.0.2952.64" 
5.188.84.220 - - [09/Apr/2020:22:03:16 -0700] "POST /wp-comments-post.php HTTP/1.0" 302 4063 "https://www.fornacalia.com/2013/pasta-madre-day-2013/#comment-1801/" "Mozilla/5.0 (Windows NT 6.1; Win64; x64) AppleWebKit/537.36 (KHTML, like Gecko) Chrome/67.0.3396.87 Safari/537.36 OPR/54.0.2952.64" 
66.249.66.47 - - [09/Apr/2020:22:04:12 -0700] "GET /2013/dan-lepards-walnut-bread/ HTTP/1.1" 200 12714 "-" "Mozilla/5.0 (Linux; Android 6.0.1; Nexus 5X Build/MMB29P) AppleWebKit/537.36 (KHTML, like Gecko) Chrome/41.0.2272.96 Mobile Safari/537.36 (compatible; Googlebot/2.1; +http://www.google.com/bot.html)" 
66.249.66.43 - - [09/Apr/2020:22:04:13 -0700] "GET /2017/black-pepper-rye/ HTTP/1.1" 200 14287 "-" "Mozilla/5.0 (Linux; Android 6.0.1; Nexus 5X Build/MMB29P) AppleWebKit/537.36 (KHTML, like Gecko) Chrome/41.0.2272.96 Mobile Safari/537.36 (compatible; Googlebot/2.1; +http://www.google.com/bot.html)" 
5.188.84.45 - - [09/Apr/2020:22:05:57 -0700] "GET /2013/pasta-madre-day-2013/ HTTP/1.0" 200 32928 "https://www.fornacalia.com/2013/pasta-madre-day-2013/#comment-1801/" "Mozilla/5.0 (Windows NT 6.3; Win64; x64) AppleWebKit/537.36 (KHTML, like Gecko) Chrome/67.0.3396.99 Safari/537.36" 
5.188.84.45 - - [09/Apr/2020:22:05:57 -0700] "POST /wp-comments-post.php HTTP/1.0" 302 4063 "https://www.fornacalia.com/2013/pasta-madre-day-2013/#comment-1801/" "Mozilla/5.0 (Windows NT 6.3; Win64; x64) AppleWebKit/537.36 (KHTML, like Gecko) Chrome/67.0.3396.99 Safari/537.36" 
5.188.84.25 - - [09/Apr/2020:22:06:45 -0700] "GET /2013/pasta-madre-day-2013/ HTTP/1.0" 200 32928 "https://www.fornacalia.com/2013/pasta-madre-day-2013/#comment-1801/" "Mozilla/5.0 (Windows NT 10.0; Win64; x64) AppleWebKit/537.36 (KHTML, like Gecko) Chrome/64.0.3282.140 Safari/537.36 Edge/17.17134" 
5.188.84.25 - - [09/Apr/2020:22:06:46 -0700] "POST /wp-comments-post.php HTTP/1.0" 302 4063 "https://www.fornacalia.com/2013/pasta-madre-day-2013/#comment-1801/" "Mozilla/5.0 (Windows NT 10.0; Win64; x64) AppleWebKit/537.36 (KHTML, like Gecko) Chrome/64.0.3282.140 Safari/537.36 Edge/17.17134" 
46.229.168.138 - - [09/Apr/2020:22:10:59 -0700] "GET /i-can-teach-you-to-make-good-bread/ HTTP/1.1" 200 10266 "-" "Mozilla/5.0 (compatible; SemrushBot/6~bl; +http://www.semrush.com/bot.html)" 
66.249.66.47 - - [09/Apr/2020:22:14:24 -0700] "GET /2013/dan-lepards-walnut-bread/ HTTP/1.1" 200 12715 "-" "Mozilla/5.0 (compatible; Googlebot/2.1; +http://www.google.com/bot.html)" 
66.249.66.45 - - [09/Apr/2020:22:14:25 -0700] "GET /2012/apple-cider-levain-loaf/ HTTP/1.1" 200 14042 "-" "Mozilla/5.0 (Linux; Android 6.0.1; Nexus 5X Build/MMB29P) AppleWebKit/537.36 (KHTML, like Gecko) Chrome/41.0.2272.96 Mobile Safari/537.36 (compatible; Googlebot/2.1; +http://www.google.com/bot.html)" 
5.188.84.220 - - [09/Apr/2020:22:15:24 -0700] "GET /2013/pasta-madre-day-2013/ HTTP/1.0" 200 32928 "https://www.fornacalia.com/2013/pasta-madre-day-2013/#comment-1801/" "Mozilla/5.0 (Windows NT 6.3; Win64; x64) AppleWebKit/537.36 (KHTML, like Gecko) Chrome/68.0.3440.84 Safari/537.36" 
5.188.84.220 - - [09/Apr/2020:22:15:25 -0700] "POST /wp-comments-post.php HTTP/1.0" 302 4063 "https://www.fornacalia.com/2013/pasta-madre-day-2013/#comment-1801/" "Mozilla/5.0 (Windows NT 6.3; Win64; x64) AppleWebKit/537.36 (KHTML, like Gecko) Chrome/68.0.3440.84 Safari/537.36" 
5.188.84.233 - - [09/Apr/2020:22:17:58 -0700] "GET /2013/pasta-madre-day-2013/ HTTP/1.0" 200 32928 "https://www.fornacalia.com/2013/pasta-madre-day-2013/#comment-1801/" "Mozilla/5.0 (Windows NT 5.1) AppleWebKit/537.36 (KHTML, like Gecko) Chrome/49.0.2623.112 Safari/537.36" 
5.188.84.233 - - [09/Apr/2020:22:17:59 -0700] "POST /wp-comments-post.php HTTP/1.0" 302 4063 "https://www.fornacalia.com/2013/pasta-madre-day-2013/#comment-1801/" "Mozilla/5.0 (Windows NT 5.1) AppleWebKit/537.36 (KHTML, like Gecko) Chrome/49.0.2623.112 Safari/537.36" 
5.188.84.35 - - [09/Apr/2020:22:19:39 -0700] "GET /2013/pasta-madre-day-2013/ HTTP/1.0" 200 32928 "https://www.fornacalia.com/2013/pasta-madre-day-2013/#comment-1801/" "Mozilla/5.0 (Windows NT 6.1; Win64; x64) AppleWebKit/537.36 (KHTML, like Gecko) Chrome/68.0.3440.106 Safari/537.36" 
5.188.84.35 - - [09/Apr/2020:22:19:40 -0700] "POST /wp-comments-post.php HTTP/1.0" 302 4063 "https://www.fornacalia.com/2013/pasta-madre-day-2013/#comment-1801/" "Mozilla/5.0 (Windows NT 6.1; Win64; x64) AppleWebKit/537.36 (KHTML, like Gecko) Chrome/68.0.3440.106 Safari/537.36" 
46.229.168.161 - - [09/Apr/2020:22:19:43 -0700] "GET /robots.txt HTTP/1.1" 200 4255 "-" "Mozilla/5.0 (compatible; SemrushBot/6~bl; +http://www.semrush.com/bot.html)" 
46.229.168.139 - - [09/Apr/2020:22:19:49 -0700] "GET /page/8/ HTTP/1.1" 200 14230 "-" "Mozilla/5.0 (compatible; SemrushBot/6~bl; +http://www.semrush.com/bot.html)" 
66.249.66.43 - - [09/Apr/2020:22:23:37 -0700] "GET /favicon.ico HTTP/1.1" 200 3806 "-" "Googlebot-Image/1.0" 
5.188.84.35 - - [09/Apr/2020:22:28:45 -0700] "GET /2013/pasta-madre-day-2013/ HTTP/1.0" 200 32928 "https://www.fornacalia.com/2013/pasta-madre-day-2013/#comment-1801/" "Mozilla/5.0 (Windows NT 6.1; Win64; x64) AppleWebKit/537.36 (KHTML, like Gecko) Chrome/66.0.3359.170 Safari/537.36 OPR/53.0.2907.68" 
5.188.84.35 - - [09/Apr/2020:22:28:47 -0700] "POST /wp-comments-post.php HTTP/1.0" 302 4063 "https://www.fornacalia.com/2013/pasta-madre-day-2013/#comment-1801/" "Mozilla/5.0 (Windows NT 6.1; Win64; x64) AppleWebKit/537.36 (KHTML, like Gecko) Chrome/66.0.3359.170 Safari/537.36 OPR/53.0.2907.68" 
40.77.167.9 - - [09/Apr/2020:22:31:03 -0700] "GET /itunesartwork1x/ HTTP/1.1" 200 10271 "-" "Mozilla/5.0 (compatible; bingbot/2.0; +http://www.bing.com/bingbot.htm)" 
46.229.168.148 - - [09/Apr/2020:22:36:48 -0700] "GET /2013/going-for-100-wholemeal/ HTTP/1.1" 200 11301 "-" "Mozilla/5.0 (compatible; SemrushBot/6~bl; +http://www.semrush.com/bot.html)" 
94.139.240.156 - - [09/Apr/2020:22:37:37 -0700] "GET /2013/pasta-madre-day-2013/ HTTP/1.0" 200 32928 "https://www.fornacalia.com/2013/pasta-madre-day-2013/#comment-27236/" "Mozilla/5.0 (Windows NT 6.1; Win64; x64) AppleWebKit/537.36 (KHTML, like Gecko) Chrome/66.0.3359.170 Safari/537.36 OPR/53.0.2907.106" 
94.139.240.156 - - [09/Apr/2020:22:37:38 -0700] "POST /wp-comments-post.php HTTP/1.0" 302 4063 "https://www.fornacalia.com/2013/pasta-madre-day-2013/#comment-27236/" "Mozilla/5.0 (Windows NT 6.1; Win64; x64) AppleWebKit/537.36 (KHTML, like Gecko) Chrome/66.0.3359.170 Safari/537.36 OPR/53.0.2907.106" 
94.139.240.156 - - [09/Apr/2020:22:37:38 -0700] "GET /2013/pasta-madre-day-2013/ HTTP/1.0" 200 32928 "https://www.fornacalia.com/2013/pasta-madre-day-2013/#comment-35183" "Mozilla/5.0 (Windows NT 6.1; Win64; x64) AppleWebKit/537.36 (KHTML, like Gecko) Chrome/66.0.3359.170 Safari/537.36 OPR/53.0.2907.106" 
46.229.168.137 - - [09/Apr/2020:22:43:39 -0700] "GET /2013/pasta-madre-day-2013/ HTTP/1.1" 200 13744 "-" "Mozilla/5.0 (compatible; SemrushBot/6~bl; +http://www.semrush.com/bot.html)" 
66.249.66.45 - - [09/Apr/2020:22:45:18 -0700] "GET /i-can-teach-you-to-make-good-bread/ HTTP/1.1" 200 10303 "-" "Mozilla/5.0 (compatible; Googlebot/2.1; +http://www.google.com/bot.html)" 
66.249.66.43 - - [09/Apr/2020:22:45:48 -0700] "GET /2019/a-sourdough-workshop-in-rome-on-17-november/ HTTP/1.1" 200 13057 "-" "Mozilla/5.0 (Linux; Android 6.0.1; Nexus 5X Build/MMB29P) AppleWebKit/537.36 (KHTML, like Gecko) Chrome/41.0.2272.96 Mobile Safari/537.36 (compatible; Googlebot/2.1; +http://www.google.com/bot.html)" 
5.188.84.65 - - [09/Apr/2020:22:46:15 -0700] "GET /2013/pasta-madre-day-2013/ HTTP/1.0" 200 32928 "https://www.fornacalia.com/2013/pasta-madre-day-2013/#comment-1801/" "Mozilla/5.0 (Windows NT 10.0; Win64; x64) AppleWebKit/537.36 (KHTML, like Gecko) Chrome/65.0.3325.181 Safari/537.36" 
5.188.84.65 - - [09/Apr/2020:22:46:16 -0700] "POST /wp-comments-post.php HTTP/1.0" 302 4063 "https://www.fornacalia.com/2013/pasta-madre-day-2013/#comment-1801/" "Mozilla/5.0 (Windows NT 10.0; Win64; x64) AppleWebKit/537.36 (KHTML, like Gecko) Chrome/65.0.3325.181 Safari/537.36" 
66.249.66.47 - - [09/Apr/2020:22:54:57 -0700] "GET /2015/cracking-rye-crackers/ HTTP/1.1" 200 14306 "-" "Mozilla/5.0 (Linux; Android 6.0.1; Nexus 5X Build/MMB29P) AppleWebKit/537.36 (KHTML, like Gecko) Chrome/41.0.2272.96 Mobile Safari/537.36 (compatible; Googlebot/2.1; +http://www.google.com/bot.html)" 
5.188.84.65 - - [09/Apr/2020:22:55:13 -0700] "GET /2013/pasta-madre-day-2013/ HTTP/1.0" 200 32928 "https://www.fornacalia.com/2013/pasta-madre-day-2013/#comment-1801/" "Mozilla/5.0 (Windows NT 6.3; Win64; x64) AppleWebKit/537.36 (KHTML, like Gecko) Chrome/67.0.3396.79 Safari/537.36" 
5.188.84.65 - - [09/Apr/2020:22:55:14 -0700] "POST /wp-comments-post.php HTTP/1.0" 302 4063 "https://www.fornacalia.com/2013/pasta-madre-day-2013/#comment-1801/" "Mozilla/5.0 (Windows NT 6.3; Win64; x64) AppleWebKit/537.36 (KHTML, like Gecko) Chrome/67.0.3396.79 Safari/537.36" 
5.188.84.80 - - [09/Apr/2020:22:56:10 -0700] "GET /2013/pasta-madre-day-2013/ HTTP/1.0" 200 32928 "https://www.fornacalia.com/2013/pasta-madre-day-2013/#comment-1801/" "Mozilla/5.0 (Windows NT 10.0; Win64; x64) AppleWebKit/537.36 (KHTML, like Gecko) Chrome/68.0.3440.84 Safari/537.36" 
5.188.84.80 - - [09/Apr/2020:22:56:11 -0700] "POST /wp-comments-post.php HTTP/1.0" 302 4063 "https://www.fornacalia.com/2013/pasta-madre-day-2013/#comment-1801/" "Mozilla/5.0 (Windows NT 10.0; Win64; x64) AppleWebKit/537.36 (KHTML, like Gecko) Chrome/68.0.3440.84 Safari/537.36" 
5.188.84.15 - - [09/Apr/2020:23:00:21 -0700] "GET /2013/pasta-madre-day-2013/ HTTP/1.0" 200 32928 "https://www.fornacalia.com/2013/pasta-madre-day-2013/#comment-1801/" "Mozilla/5.0 (Windows NT 10.0; Win64; x64) AppleWebKit/537.36 (KHTML, like Gecko) Chrome/68.0.3440.106 Safari/537.36 OPR/55.0.2994.44" 
5.188.84.15 - - [09/Apr/2020:23:00:22 -0700] "POST /wp-comments-post.php HTTP/1.0" 302 4063 "https://www.fornacalia.com/2013/pasta-madre-day-2013/#comment-1801/" "Mozilla/5.0 (Windows NT 10.0; Win64; x64) AppleWebKit/537.36 (KHTML, like Gecko) Chrome/68.0.3440.106 Safari/537.36 OPR/55.0.2994.44" 
5.188.84.25 - - [09/Apr/2020:23:01:33 -0700] "GET /2013/pasta-madre-day-2013/ HTTP/1.0" 200 32928 "https://www.fornacalia.com/2013/pasta-madre-day-2013/#comment-1801/" "Mozilla/5.0 (Windows NT 6.1; Win64; x64) AppleWebKit/537.36 (KHTML, like Gecko) Chrome/67.0.3396.99 Safari/537.36" 
5.188.84.25 - - [09/Apr/2020:23:01:34 -0700] "POST /wp-comments-post.php HTTP/1.0" 302 4063 "https://www.fornacalia.com/2013/pasta-madre-day-2013/#comment-1801/" "Mozilla/5.0 (Windows NT 6.1; Win64; x64) AppleWebKit/537.36 (KHTML, like Gecko) Chrome/67.0.3396.99 Safari/537.36" 
66.249.66.45 - - [09/Apr/2020:23:03:51 -0700] "GET /wp-content/uploads/2020/04/pizza-slice.png HTTP/1.1" 200 435685 "-" "Googlebot-Image/1.0" 
66.249.66.47 - - [09/Apr/2020:23:07:24 -0700] "GET /2014/in-which-a-croissant-recipe-makes-me-cross/ HTTP/1.1" 200 13916 "-" "Mozilla/5.0 (Linux; Android 6.0.1; Nexus 5X Build/MMB29P) AppleWebKit/537.36 (KHTML, like Gecko) Chrome/41.0.2272.96 Mobile Safari/537.36 (compatible; Googlebot/2.1; +http://www.google.com/bot.html)" 
114.119.165.86 - - [09/Apr/2020:23:07:34 -0700] "GET /2016/sultanas-and-pine-nuts-again/ HTTP/1.1" 200 12361 "-" "Mozilla/5.0 (Linux; Android 7.0;) AppleWebKit/537.36 (KHTML, like Gecko) Mobile Safari/537.36 (compatible; AspiegelBot)" 
66.249.66.43 - - [09/Apr/2020:23:07:37 -0700] "GET /favicon.ico HTTP/1.1" 200 3806 "-" "Googlebot-Image/1.0" 
5.188.84.15 - - [09/Apr/2020:23:11:05 -0700] "GET /2013/pasta-madre-day-2013/ HTTP/1.0" 200 32928 "https://www.fornacalia.com/2013/pasta-madre-day-2013/#comment-1801/" "Mozilla/5.0 (Windows NT 10.0; Win64; x64) AppleWebKit/537.36 (KHTML, like Gecko) Chrome/67.0.3396.87 Safari/537.36" 
5.188.84.15 - - [09/Apr/2020:23:11:06 -0700] "POST /wp-comments-post.php HTTP/1.0" 302 4063 "https://www.fornacalia.com/2013/pasta-madre-day-2013/#comment-1801/" "Mozilla/5.0 (Windows NT 10.0; Win64; x64) AppleWebKit/537.36 (KHTML, like Gecko) Chrome/67.0.3396.87 Safari/537.36" 
5.188.84.80 - - [09/Apr/2020:23:16:11 -0700] "GET /2013/pasta-madre-day-2013/ HTTP/1.0" 200 32928 "https://www.fornacalia.com/2013/pasta-madre-day-2013/#comment-1801/" "Mozilla/5.0 (Windows NT 6.1; Win64; x64) AppleWebKit/537.36 (KHTML, like Gecko) Chrome/67.0.3396.99 Safari/537.36" 
5.188.84.80 - - [09/Apr/2020:23:16:12 -0700] "POST /wp-comments-post.php HTTP/1.0" 302 4063 "https://www.fornacalia.com/2013/pasta-madre-day-2013/#comment-1801/" "Mozilla/5.0 (Windows NT 6.1; Win64; x64) AppleWebKit/537.36 (KHTML, like Gecko) Chrome/67.0.3396.99 Safari/537.36" 
107.178.237.6 - - [09/Apr/2020:23:20:34 -0700] "HEAD / HTTP/1.1" 301 3594 "-" "Bridgy (https://brid.gy/about)" 
107.178.237.6 - - [09/Apr/2020:23:20:34 -0700] "HEAD / HTTP/1.1" 200 4132 "-" "Bridgy (https://brid.gy/about)" 
107.178.237.6 - - [09/Apr/2020:23:20:34 -0700] "GET / HTTP/1.1" 200 18029 "-" "Bridgy (https://brid.gy/about)" 
107.178.237.6 - - [09/Apr/2020:23:20:35 -0700] "HEAD /2020/pizza-night-when-the-pizzerie-are-all-shut/ HTTP/1.1" 200 4236 "-" "Bridgy (https://brid.gy/about)" 
107.178.237.6 - - [09/Apr/2020:23:20:35 -0700] "GET /2020/pizza-night-when-the-pizzerie-are-all-shut/ HTTP/1.1" 200 14800 "-" "Bridgy (https://brid.gy/about)" 
107.178.237.6 - - [09/Apr/2020:23:20:35 -0700] "HEAD /2020/the-starter-leaven-pipeline/ HTTP/1.1" 200 4236 "-" "Bridgy (https://brid.gy/about)" 
107.178.237.6 - - [09/Apr/2020:23:20:36 -0700] "GET /2020/the-starter-leaven-pipeline/ HTTP/1.1" 200 12826 "-" "Bridgy (https://brid.gy/about)" 
107.178.237.6 - - [09/Apr/2020:23:20:36 -0700] "HEAD /2020/sourdough-revival/ HTTP/1.1" 200 4236 "-" "Bridgy (https://brid.gy/about)" 
107.178.237.6 - - [09/Apr/2020:23:20:36 -0700] "GET /2020/sourdough-revival/ HTTP/1.1" 200 13130 "-" "Bridgy (https://brid.gy/about)" 
107.178.237.6 - - [09/Apr/2020:23:20:36 -0700] "HEAD /2019/building-a-leaven/ HTTP/1.1" 200 4236 "-" "Bridgy (https://brid.gy/about)" 
107.178.237.6 - - [09/Apr/2020:23:20:37 -0700] "GET /2019/building-a-leaven/ HTTP/1.1" 200 12223 "-" "Bridgy (https://brid.gy/about)" 
107.178.237.6 - - [09/Apr/2020:23:20:37 -0700] "HEAD /2019/sourdough-u-one-day-course-17-november-2019/ HTTP/1.1" 200 4236 "-" "Bridgy (https://brid.gy/about)" 
107.178.237.6 - - [09/Apr/2020:23:20:37 -0700] "GET /2019/sourdough-u-one-day-course-17-november-2019/ HTTP/1.1" 200 12751 "-" "Bridgy (https://brid.gy/about)" 
5.188.84.233 - - [09/Apr/2020:23:21:19 -0700] "GET /2013/pasta-madre-day-2013/ HTTP/1.0" 200 32928 "https://www.fornacalia.com/2013/pasta-madre-day-2013/#comment-1801/" "Mozilla/5.0 (Windows NT 6.3; Win64; x64) AppleWebKit/537.36 (KHTML, like Gecko) Chrome/67.0.3396.99 Safari/537.36" 
5.188.84.233 - - [09/Apr/2020:23:21:20 -0700] "POST /wp-comments-post.php HTTP/1.0" 302 4063 "https://www.fornacalia.com/2013/pasta-madre-day-2013/#comment-1801/" "Mozilla/5.0 (Windows NT 6.3; Win64; x64) AppleWebKit/537.36 (KHTML, like Gecko) Chrome/67.0.3396.99 Safari/537.36" 
114.119.167.160 - - [09/Apr/2020:23:23:24 -0700] "GET /robots.txt HTTP/1.1" 301 3664 "-" "Mozilla/5.0 (Linux; Android 7.0;) AppleWebKit/537.36 (KHTML, like Gecko) Mobile Safari/537.36 (compatible; AspiegelBot)" 
114.119.167.160 - - [09/Apr/2020:23:23:25 -0700] "GET /robots.txt HTTP/1.1" 200 4060 "-" "Mozilla/5.0 (Linux; Android 7.0;) AppleWebKit/537.36 (KHTML, like Gecko) Mobile Safari/537.36 (compatible; AspiegelBot)" 
5.188.84.45 - - [09/Apr/2020:23:30:54 -0700] "GET /2013/pasta-madre-day-2013/ HTTP/1.0" 200 32928 "https://www.fornacalia.com/2013/pasta-madre-day-2013/#comment-1801/" "Mozilla/5.0 (Windows NT 6.1) AppleWebKit/537.36 (KHTML, like Gecko) Chrome/68.0.3440.106 Safari/537.36 Kinza/4.9.1" 
5.188.84.45 - - [09/Apr/2020:23:30:55 -0700] "POST /wp-comments-post.php HTTP/1.0" 302 4063 "https://www.fornacalia.com/2013/pasta-madre-day-2013/#comment-1801/" "Mozilla/5.0 (Windows NT 6.1) AppleWebKit/537.36 (KHTML, like Gecko) Chrome/68.0.3440.106 Safari/537.36 Kinza/4.9.1" 
5.188.84.220 - - [09/Apr/2020:23:31:53 -0700] "GET /2013/pasta-madre-day-2013/ HTTP/1.0" 200 32928 "https://www.fornacalia.com/2013/pasta-madre-day-2013/#comment-1801/" "Mozilla/5.0 (Windows NT 6.1; Win64; x64) AppleWebKit/537.36 (KHTML, like Gecko) Chrome/66.0.3359.170 Safari/537.36 OPR/53.0.2907.99" 
5.188.84.220 - - [09/Apr/2020:23:31:54 -0700] "POST /wp-comments-post.php HTTP/1.0" 302 4063 "https://www.fornacalia.com/2013/pasta-madre-day-2013/#comment-1801/" "Mozilla/5.0 (Windows NT 6.1; Win64; x64) AppleWebKit/537.36 (KHTML, like Gecko) Chrome/66.0.3359.170 Safari/537.36 OPR/53.0.2907.99" 
5.188.84.25 - - [09/Apr/2020:23:31:57 -0700] "GET /2013/pasta-madre-day-2013/ HTTP/1.0" 200 32928 "https://www.fornacalia.com/2013/pasta-madre-day-2013/#comment-1801/" "Mozilla/5.0 (Windows NT 6.1; Win64; x64) AppleWebKit/537.36 (KHTML, like Gecko) Chrome/66.0.3359.170 Safari/537.36 OPR/53.0.2907.99" 
5.188.84.25 - - [09/Apr/2020:23:31:58 -0700] "POST /wp-comments-post.php HTTP/1.0" 302 4063 "https://www.fornacalia.com/2013/pasta-madre-day-2013/#comment-1801/" "Mozilla/5.0 (Windows NT 6.1; Win64; x64) AppleWebKit/537.36 (KHTML, like Gecko) Chrome/66.0.3359.170 Safari/537.36 OPR/53.0.2907.99" 
40.77.167.139 - - [09/Apr/2020:23:32:24 -0700] "GET /2018/palanga-rye/feed/ HTTP/1.1" 200 5031 "-" "msnbot/2.0b (+http://search.msn.com/msnbot.htm)" 
207.46.13.182 - - [09/Apr/2020:23:33:16 -0700] "GET /wp-content/uploads/2015/09/snack.png HTTP/1.1" 200 1069133 "-" "Mozilla/5.0 (compatible; bingbot/2.0; +http://www.bing.com/bingbot.htm)" 
5.188.84.45 - - [09/Apr/2020:23:33:43 -0700] "GET /2013/pasta-madre-day-2013/ HTTP/1.0" 200 32928 "https://www.fornacalia.com/2013/pasta-madre-day-2013/#comment-1801/" "Mozilla/5.0 (Windows NT 6.1; Win64; x64) AppleWebKit/537.36 (KHTML, like Gecko) Chrome/66.0.3359.170 Safari/537.36 OPR/53.0.2907.68" 
5.188.84.45 - - [09/Apr/2020:23:33:44 -0700] "POST /wp-comments-post.php HTTP/1.0" 302 4063 "https://www.fornacalia.com/2013/pasta-madre-day-2013/#comment-1801/" "Mozilla/5.0 (Windows NT 6.1; Win64; x64) AppleWebKit/537.36 (KHTML, like Gecko) Chrome/66.0.3359.170 Safari/537.36 OPR/53.0.2907.68" 
54.36.150.182 - - [09/Apr/2020:23:35:49 -0700] "GET /page/12/ HTTP/1.1" 200 15947 "-" "Mozilla/5.0 (compatible; AhrefsBot/6.1; +http://ahrefs.com/robot/)" 
5.188.84.220 - - [09/Apr/2020:23:43:22 -0700] "GET /2013/pasta-madre-day-2013/ HTTP/1.0" 200 32928 "https://www.fornacalia.com/2013/pasta-madre-day-2013/#comment-1801/" "Mozilla/5.0 (Windows NT 6.3; Win64; x64) AppleWebKit/537.36 (KHTML, like Gecko) Chrome/66.0.3359.181 Safari/537.36" 
5.188.84.220 - - [09/Apr/2020:23:43:23 -0700] "POST /wp-comments-post.php HTTP/1.0" 302 4063 "https://www.fornacalia.com/2013/pasta-madre-day-2013/#comment-1801/" "Mozilla/5.0 (Windows NT 6.3; Win64; x64) AppleWebKit/537.36 (KHTML, like Gecko) Chrome/66.0.3359.181 Safari/537.36" 
114.119.167.160 - - [09/Apr/2020:23:43:25 -0700] "GET /robots.txt HTTP/1.1" 301 3664 "-" "Mozilla/5.0 (Linux; Android 7.0;) AppleWebKit/537.36 (KHTML, like Gecko) Mobile Safari/537.36 (compatible; AspiegelBot)" 
114.119.167.160 - - [09/Apr/2020:23:43:26 -0700] "GET /robots.txt HTTP/1.1" 200 4060 "-" "Mozilla/5.0 (Linux; Android 7.0;) AppleWebKit/537.36 (KHTML, like Gecko) Mobile Safari/537.36 (compatible; AspiegelBot)" 
5.188.84.233 - - [09/Apr/2020:23:43:49 -0700] "GET /2013/pasta-madre-day-2013/ HTTP/1.0" 200 32928 "https://www.fornacalia.com/2013/pasta-madre-day-2013/#comment-1801/" "Mozilla/5.0 (Windows NT 6.1; Win64; x64) AppleWebKit/537.36 (KHTML, like Gecko) Chrome/68.0.3440.106 Safari/537.36" 
5.188.84.233 - - [09/Apr/2020:23:43:50 -0700] "POST /wp-comments-post.php HTTP/1.0" 302 4063 "https://www.fornacalia.com/2013/pasta-madre-day-2013/#comment-1801/" "Mozilla/5.0 (Windows NT 6.1; Win64; x64) AppleWebKit/537.36 (KHTML, like Gecko) Chrome/68.0.3440.106 Safari/537.36" 
5.188.84.35 - - [09/Apr/2020:23:46:52 -0700] "GET /2013/pasta-madre-day-2013/ HTTP/1.0" 200 32928 "https://www.fornacalia.com/2013/pasta-madre-day-2013/#comment-1801/" "Mozilla/5.0 (Windows NT 10.0; Win64; x64) AppleWebKit/537.36 (KHTML, like Gecko) Chrome/68.0.3440.106 Safari/537.36 OPR/55.0.2994.44" 
5.188.84.35 - - [09/Apr/2020:23:46:52 -0700] "POST /wp-comments-post.php HTTP/1.0" 302 4063 "https://www.fornacalia.com/2013/pasta-madre-day-2013/#comment-1801/" "Mozilla/5.0 (Windows NT 10.0; Win64; x64) AppleWebKit/537.36 (KHTML, like Gecko) Chrome/68.0.3440.106 Safari/537.36 OPR/55.0.2994.44" 
66.249.66.43 - - [09/Apr/2020:23:50:26 -0700] "GET /2015/me-and-burnt-flour/ HTTP/1.1" 200 12492 "-" "Mozilla/5.0 (compatible; Googlebot/2.1; +http://www.google.com/bot.html)" 
66.249.66.43 - - [09/Apr/2020:23:51:23 -0700] "GET /2015/me-and-burnt-flour/ HTTP/1.1" 200 12495 "-" "Mozilla/5.0 (compatible; Googlebot/2.1; +http://www.google.com/bot.html)" 
66.249.66.43 - - [09/Apr/2020:23:55:05 -0700] "GET /2015/me-and-burnt-flour/ HTTP/1.1" 200 12493 "-" "Mozilla/5.0 (Linux; Android 6.0.1; Nexus 5X Build/MMB29P) AppleWebKit/537.36 (KHTML, like Gecko) Chrome/41.0.2272.96 Mobile Safari/537.36 (compatible; Googlebot/2.1; +http://www.google.com/bot.html)" 
5.188.84.35 - - [09/Apr/2020:23:56:13 -0700] "GET /2013/pasta-madre-day-2013/ HTTP/1.0" 200 32928 "https://www.fornacalia.com/2013/pasta-madre-day-2013/#comment-1801/" "Mozilla/5.0 (Windows NT 10.0; Win64; x64) AppleWebKit/537.36 (KHTML, like Gecko) Chrome/68.0.3440.106 Safari/537.36" 
5.188.84.35 - - [09/Apr/2020:23:56:14 -0700] "POST /wp-comments-post.php HTTP/1.0" 302 4063 "https://www.fornacalia.com/2013/pasta-madre-day-2013/#comment-1801/" "Mozilla/5.0 (Windows NT 10.0; Win64; x64) AppleWebKit/537.36 (KHTML, like Gecko) Chrome/68.0.3440.106 Safari/537.36" 
114.119.160.9 - - [09/Apr/2020:23:57:50 -0700] "GET /author/jeremy/page/7 HTTP/1.1" 301 4043 "-" "Mozilla/5.0 (Linux; Android 7.0;) AppleWebKit/537.36 (KHTML, like Gecko) Mobile Safari/537.36 (compatible; AspiegelBot)" 
114.119.160.9 - - [09/Apr/2020:23:57:51 -0700] "GET /author/jeremy/page/7/ HTTP/1.1" 200 11417 "-" "Mozilla/5.0 (Linux; Android 7.0;) AppleWebKit/537.36 (KHTML, like Gecko) Mobile Safari/537.36 (compatible; AspiegelBot)" 
114.119.166.39 - - [09/Apr/2020:23:58:49 -0700] "GET /2017/cornbread-for-fornacalia/ HTTP/1.1" 200 12180 "-" "Mozilla/5.0 (Linux; Android 7.0;) AppleWebKit/537.36 (KHTML, like Gecko) Mobile Safari/537.36 (compatible; AspiegelBot)" 
66.249.66.47 - - [10/Apr/2020:00:04:51 -0700] "GET /2018/palanga-rye-bread/ HTTP/1.1" 200 14801 "-" "Mozilla/5.0 (compatible; Googlebot/2.1; +http://www.google.com/bot.html)" 
31.13.127.23 - - [10/Apr/2020:00:08:24 -0700] "GET /2020/pizza-night-when-the-pizzerie-are-all-shut/ HTTP/1.1" 200 14551 "-" "facebookexternalhit/1.1 (+http://www.facebook.com/externalhit_uatext.php)" 
66.249.66.45 - - [10/Apr/2020:00:09:58 -0700] "GET /2020/pizza-night-when-the-pizzerie-are-all-shut/?utm_source=jeremycherfas&amp;utm_medium=email&amp;utm_campaign=eat-this-newsletter-121-ooops-i-forgot-one-of-the HTTP/1.1" 200 14893 "-" "Mozilla/5.0 (Linux; Android 6.0.1; Nexus 5X Build/MMB29P) AppleWebKit/537.36 (KHTML, like Gecko) Chrome/41.0.2272.96 Mobile Safari/537.36 (compatible; Googlebot/2.1; +http://www.google.com/bot.html)" 
54.36.148.43 - - [10/Apr/2020:00:13:28 -0700] "GET /2017/weigh-in/feed/ HTTP/1.1" 200 4582 "-" "Mozilla/5.0 (compatible; AhrefsBot/6.1; +http://ahrefs.com/robot/)" 
66.220.149.38 - - [10/Apr/2020:00:13:50 -0700] "GET /2020/pizza-night-when-the-pizzerie-are-all-shut HTTP/1.1" 301 4102 "-" "facebookexternalhit/1.1 (+http://www.facebook.com/externalhit_uatext.php)" 
66.220.149.38 - - [10/Apr/2020:00:13:50 -0700] "GET /2020/pizza-night-when-the-pizzerie-are-all-shut/ HTTP/1.1" 200 11475 "-" "facebookexternalhit/1.1 (+http://www.facebook.com/externalhit_uatext.php)" 
66.249.66.47 - - [10/Apr/2020:00:14:53 -0700] "GET /page/10/ HTTP/1.1" 200 17593 "-" "Mozilla/5.0 (Linux; Android 6.0.1; Nexus 5X Build/MMB29P) AppleWebKit/537.36 (KHTML, like Gecko) Chrome/41.0.2272.96 Mobile Safari/537.36 (compatible; Googlebot/2.1; +http://www.google.com/bot.html)" 
5.188.84.65 - - [10/Apr/2020:00:26:55 -0700] "GET /2013/pasta-madre-day-2013/ HTTP/1.0" 200 32928 "https://www.fornacalia.com/2013/pasta-madre-day-2013/#comment-1801/" "Mozilla/5.0 (Windows NT 6.1; Win64; x64) AppleWebKit/537.36 (KHTML, like Gecko) Chrome/66.0.3359.170 Safari/537.36 OPR/53.0.2907.99" 
5.188.84.65 - - [10/Apr/2020:00:26:57 -0700] "POST /wp-comments-post.php HTTP/1.0" 302 4063 "https://www.fornacalia.com/2013/pasta-madre-day-2013/#comment-1801/" "Mozilla/5.0 (Windows NT 6.1; Win64; x64) AppleWebKit/537.36 (KHTML, like Gecko) Chrome/66.0.3359.170 Safari/537.36 OPR/53.0.2907.99" 
77.88.5.71 - - [10/Apr/2020:00:32:33 -0700] "GET /robots.txt HTTP/1.1" 200 4314 "-" "Mozilla/5.0 (compatible; YandexBot/3.0; +http://yandex.com/bots)" 
77.88.5.71 - - [10/Apr/2020:00:32:37 -0700] "GET /wp-content/uploads/2018/02/2018-02-09-11.02.37.mp4?_=1 HTTP/1.1" 200 660186 "-" "Mozilla/5.0 (compatible; YandexBot/3.0; +http://yandex.com/bots)" 
5.188.84.65 - - [10/Apr/2020:00:35:12 -0700] "GET /2013/pasta-madre-day-2013/ HTTP/1.0" 200 32928 "https://www.fornacalia.com/2013/pasta-madre-day-2013/#comment-1801/" "Mozilla/5.0 (Windows NT 6.1) AppleWebKit/537.36 (KHTML, like Gecko) Chrome/66.0.3359.181 Safari/537.36" 
5.188.84.65 - - [10/Apr/2020:00:35:13 -0700] "POST /wp-comments-post.php HTTP/1.0" 302 4063 "https://www.fornacalia.com/2013/pasta-madre-day-2013/#comment-1801/" "Mozilla/5.0 (Windows NT 6.1) AppleWebKit/537.36 (KHTML, like Gecko) Chrome/66.0.3359.181 Safari/537.36" 
