106.207.14.132 - - [14/May/2020:04:12:12 -0700] "GET /vendor/forkawesome/fork-awesome/fonts/forkawesome-webfont.woff2?v=1.1.7 HTTP/1.1" 200 92343 "https://stream.jeremycherfas.net/vendor/forkawesome/fork-awesome/css/fork-awesome.min.css" "Mozilla/5.0 (Windows NT 6.1; Win64; x64; rv:75.0) Gecko/20100101 Firefox/75.0" 
106.207.14.132 - - [14/May/2020:04:12:13 -0700] "GET /file/4b4798367da82370288a0ccfa9212c36 HTTP/1.1" 200 4770 "https://stream.jeremycherfas.net/2018/artificial-intelligence" "Mozilla/5.0 (Windows NT 6.1; Win64; x64; rv:75.0) Gecko/20100101 Firefox/75.0" 
106.207.14.132 - - [14/May/2020:04:12:14 -0700] "GET /gfx/logos/apple-icon-144x144.png HTTP/1.1" 200 10316 "-" "Mozilla/5.0 (Windows NT 6.1; Win64; x64; rv:75.0) Gecko/20100101 Firefox/75.0" 
106.207.14.132 - - [14/May/2020:04:12:12 -0700] "GET /file/81ec309c2bd35d21069a31c8e284d0c7/face+recognition.png HTTP/1.1" 200 444240 "https://stream.jeremycherfas.net/2018/artificial-intelligence" "Mozilla/5.0 (Windows NT 6.1; Win64; x64; rv:75.0) Gecko/20100101 Firefox/75.0" 
52.70.240.76 - - [14/May/2020:04:12:42 -0700] "GET /?q=&_t=rss HTTP/1.1" 304 3480 "https://www.google.com/" "Mozilla/5.0 (Macintosh; Intel Mac OS X 10_14_6) AppleWebKit/605.1.15 (KHTML, like Gecko) Version/12.1.2 Safari/605.1.15" 
71.34.70.114 - - [14/May/2020:04:12:53 -0700] "GET /?_t=rss HTTP/1.1" 200 4501 "-" "Mozilla/5.0 (Windows NT 10.0; Win64; x64; rv:76.0) Gecko/20100101 Firefox/76.0" 
66.249.92.47 - - [14/May/2020:04:12:56 -0700] "GET /2018/whats-the-problem HTTP/1.1" 200 10874 "-" "Mozilla/5.0 (compatible; GoogleDocs; apps-spreadsheets; +http://docs.google.com)" 
106.207.14.132 - - [14/May/2020:04:13:58 -0700] "POST /comments/post HTTP/1.1" 302 1332 "https://stream.jeremycherfas.net/2018/artificial-intelligence" "Mozilla/5.0 (Windows NT 6.1; Win64; x64; rv:75.0) Gecko/20100101 Firefox/75.0" 
106.207.14.132 - - [14/May/2020:04:13:59 -0700] "GET /2018/artificial-intelligence HTTP/1.1" 200 7530 "https://stream.jeremycherfas.net/2018/artificial-intelligence" "Mozilla/5.0 (Windows NT 6.1; Win64; x64; rv:75.0) Gecko/20100101 Firefox/75.0" 
106.207.14.132 - - [14/May/2020:04:14:00 -0700] "GET /vendor/forkawesome/fork-awesome/css/v5-compat.min.css HTTP/1.1" 200 2754 "https://stream.jeremycherfas.net/2018/artificial-intelligence" "Mozilla/5.0 (Windows NT 6.1; Win64; x64; rv:75.0) Gecko/20100101 Firefox/75.0" 
106.207.14.132 - - [14/May/2020:04:14:00 -0700] "GET /vendor/forkawesome/fork-awesome/css/fork-awesome.min.css HTTP/1.1" 200 8923 "https://stream.jeremycherfas.net/2018/artificial-intelligence" "Mozilla/5.0 (Windows NT 6.1; Win64; x64; rv:75.0) Gecko/20100101 Firefox/75.0" 
66.249.66.44 - - [14/May/2020:04:14:41 -0700] "GET /view/905dbfc493a652471f1f9ff872d5f0b0?_t=rss HTTP/1.1" 200 5642 "-" "Mozilla/5.0 (Linux; Android 6.0.1; Nexus 5X Build/MMB29P) AppleWebKit/537.36 (KHTML, like Gecko) Chrome/41.0.2272.96 Mobile Safari/537.36 (compatible; Googlebot/2.1; +http://www.google.com/bot.html)" 
62.210.92.16 - - [14/May/2020:04:14:53 -0700] "GET /2018/i-have-a-feeling-i-saw-this HTTP/1.1" 200 10030 "-" "BarkRowler/0.9 (+https://babbar.tech/crawler)" 
106.207.14.132 - - [14/May/2020:04:14:56 -0700] "GET /file/ef801e05730eba56004c5b712ad84731/thumb.jpg HTTP/1.1" 200 26069 "-" "Mozilla/5.0 (Windows NT 6.1; Win64; x64; rv:75.0) Gecko/20100101 Firefox/75.0" 
106.207.14.132 - - [14/May/2020:04:14:56 -0700] "GET /favicon.ico HTTP/1.1" 200 534 "-" "Mozilla/5.0 (Windows NT 6.1; Win64; x64; rv:75.0) Gecko/20100101 Firefox/75.0" 
46.229.168.140 - - [14/May/2020:04:15:24 -0700] "GET /content/all/?offset=40&q=%23%2B%23bread HTTP/1.1" 200 12425 "-" "Mozilla/5.0 (compatible; SemrushBot/6~bl; +http://www.semrush.com/bot.html)" 
207.46.13.93 - - [14/May/2020:04:15:35 -0700] "GET /2018/some-thoughts-on-following-indieweb HTTP/1.1" 200 9541 "-" "Mozilla/5.0 (compatible; bingbot/2.0; +http://www.bing.com/bingbot.htm)" 
71.34.70.114 - - [14/May/2020:04:15:54 -0700] "GET /?_t=rss HTTP/1.1" 200 7680 "-" "Mozilla/5.0 (Windows NT 10.0; Win64; x64; rv:76.0) Gecko/20100101 Firefox/76.0" 
106.207.14.132 - - [14/May/2020:04:16:13 -0700] "GET / HTTP/1.1" 200 8799 "-" "Mozilla/5.0 (Windows NT 6.1; Win64; x64; rv:75.0) Gecko/20100101 Firefox/75.0" 
106.207.14.132 - - [14/May/2020:04:16:14 -0700] "GET /IdnoPlugins/Checkin/external/leaflet/leaflet.min.css HTTP/1.1" 200 2694 "https://stream.jeremycherfas.net/" "Mozilla/5.0 (Windows NT 6.1; Win64; x64; rv:75.0) Gecko/20100101 Firefox/75.0" 
106.207.14.132 - - [14/May/2020:04:16:14 -0700] "GET /file/4452eb654b06ffb53fea01bc16f0ff38/430E66BB-E744-48A0-9083-47C3DB169F06.jpeg HTTP/1.1" 200 74917 "https://stream.jeremycherfas.net/" "Mozilla/5.0 (Windows NT 6.1; Win64; x64; rv:75.0) Gecko/20100101 Firefox/75.0" 
106.207.14.132 - - [14/May/2020:04:16:15 -0700] "GET /service/security/csrftoken/?url=https%3A%2F%2Fstream.jeremycherfas.net%2Fservice%2Fweb%2Funfurl%2F HTTP/1.1" 200 1499 "https://stream.jeremycherfas.net/" "Mozilla/5.0 (Windows NT 6.1; Win64; x64; rv:75.0) Gecko/20100101 Firefox/75.0" 
106.207.14.132 - - [14/May/2020:04:16:15 -0700] "GET /service/security/csrftoken/?url=https%3A%2F%2Fstream.jeremycherfas.net%2Fservice%2Fweb%2Funfurl%2F HTTP/1.1" 200 1499 "https://stream.jeremycherfas.net/" "Mozilla/5.0 (Windows NT 6.1; Win64; x64; rv:75.0) Gecko/20100101 Firefox/75.0" 
106.207.14.132 - - [14/May/2020:04:16:15 -0700] "GET /service/web/unfurl/?url=https%3A%2F%2Fkk.org%2Fthetechnium%2F&__bTk=88af6d03e5cededeabe31c7f6a439cb7a73f223250457bbd5fb24d4bc558b138&__bTs=1589454975 HTTP/1.1" 200 1375 "https://stream.jeremycherfas.net/" "Mozilla/5.0 (Windows NT 6.1; Win64; x64; rv:75.0) Gecko/20100101 Firefox/75.0" 
106.207.14.132 - - [14/May/2020:04:16:15 -0700] "GET /service/web/unfurl/?url=https%3A%2F%2Fwww.theguardian.com%2Fsociety%2F2020%2Fmay%2F02%2Fnhs-doctor-forget-medals-and-flypasts-what-we-want-is-proper-pay-and-ppe&__bTk=88af6d03e5cededeabe31c7f6a439cb7a73f223250457bbd5fb24d4bc558b138&__bTs=1589454975 HTTP/1.1" 200 14028 "https://stream.jeremycherfas.net/" "Mozilla/5.0 (Windows NT 6.1; Win64; x64; rv:75.0) Gecko/20100101 Firefox/75.0" 
106.207.14.132 - - [14/May/2020:04:16:16 -0700] "GET /gfx/logos/apple-icon-144x144.png HTTP/1.1" 200 10316 "-" "Mozilla/5.0 (Windows NT 6.1; Win64; x64; rv:75.0) Gecko/20100101 Firefox/75.0" 
106.207.14.132 - - [14/May/2020:04:16:16 -0700] "GET /file/ef801e05730eba56004c5b712ad84731/thumb.jpg HTTP/1.1" 200 22619 "-" "Mozilla/5.0 (Windows NT 6.1; Win64; x64; rv:75.0) Gecko/20100101 Firefox/75.0" 
106.207.14.132 - - [14/May/2020:04:16:16 -0700] "GET /service/web/imageproxy/aHR0cHM6Ly9pLmd1aW0uY28udWsvaW1nL21lZGlhL2IyNmI0YWMwZTlkZDBiMmM0MzQxNzNkMDFmYmI3NDRkNmNmMjliOTMvMF8xNDNfNDM5NV8yNjM3L21hc3Rlci80Mzk1LmpwZz93aWR0aD0xMjAwJmhlaWdodD02MzAmcXVhbGl0eT04NSZhdXRvPWZvcm1hdCZmaXQ9Y3JvcCZvdmVybGF5LWFsaWduPWJvdHRvbSUyQ2xlZnQmb3ZlcmxheS13aWR0aD0xMDBwJm92ZXJsYXktYmFzZTY0PUwybHRaeTl6ZEdGMGFXTXZiM1psY214aGVYTXZkRzh0YjNCcGJtbHZibk11Y0c1biZlbmFibGU9dXBzY2FsZSZzPWFkODc5MGE5MmFjYWFmYzRhZmZiMzM5NDczNTMyMzVj HTTP/1.1" 200 79594 "https://stream.jeremycherfas.net/" "Mozilla/5.0 (Windows NT 6.1; Win64; x64; rv:75.0) Gecko/20100101 Firefox/75.0" 
46.229.168.139 - - [14/May/2020:04:16:20 -0700] "GET /?offset=0&q=%23Fornacalia HTTP/1.1" 200 13142 "-" "Mozilla/5.0 (compatible; SemrushBot/6~bl; +http://www.semrush.com/bot.html)" 
46.229.168.139 - - [14/May/2020:04:16:38 -0700] "GET /?q=%23campbellsdoughknife HTTP/1.1" 200 9555 "-" "Mozilla/5.0 (compatible; SemrushBot/6~bl; +http://www.semrush.com/bot.html)" 
207.46.13.92 - - [14/May/2020:04:16:49 -0700] "GET /file/64351758bc434a4e83d55525ed812d8d HTTP/1.1" 200 14604 "-" "Mozilla/5.0 (compatible; bingbot/2.0; +http://www.bing.com/bingbot.htm)" 
207.46.13.92 - - [14/May/2020:04:16:50 -0700] "GET /file/5fdb8032cba4fa4415648a4c11385c38 HTTP/1.1" 200 10205 "-" "Mozilla/5.0 (compatible; bingbot/2.0; +http://www.bing.com/bingbot.htm)" 
106.207.14.132 - - [14/May/2020:04:16:53 -0700] "GET /2020/blaming-the-internet-for-your-gullibility-is HTTP/1.1" 200 7059 "https://stream.jeremycherfas.net/" "Mozilla/5.0 (Windows NT 6.1; Win64; x64; rv:75.0) Gecko/20100101 Firefox/75.0" 
106.207.14.132 - - [14/May/2020:04:16:53 -0700] "GET /vendor/npm-asset/bootstrap-accessibility-plugin/plugins/css/bootstrap-accessibility.css HTTP/1.1" 200 1159 "https://stream.jeremycherfas.net/2020/blaming-the-internet-for-your-gullibility-is" "Mozilla/5.0 (Windows NT 6.1; Win64; x64; rv:75.0) Gecko/20100101 Firefox/75.0" 
106.207.14.132 - - [14/May/2020:04:16:53 -0700] "GET /vendor/twbs/bootstrap/dist/css/bootstrap.min.css HTTP/1.1" 200 20777 "https://stream.jeremycherfas.net/2020/blaming-the-internet-for-your-gullibility-is" "Mozilla/5.0 (Windows NT 6.1; Win64; x64; rv:75.0) Gecko/20100101 Firefox/75.0" 
106.207.14.132 - - [14/May/2020:04:16:54 -0700] "GET /service/web/imageproxy/aHR0cHM6Ly9taWNyby5ibG9nL2NuL2F2YXRhci5qcGc,/300/square HTTP/1.1" 200 26045 "https://stream.jeremycherfas.net/2020/blaming-the-internet-for-your-gullibility-is" "Mozilla/5.0 (Windows NT 6.1; Win64; x64; rv:75.0) Gecko/20100101 Firefox/75.0" 
106.207.14.132 - - [14/May/2020:04:16:54 -0700] "GET /service/web/imageproxy/aHR0cHM6Ly93d3cuZ3JhdmF0YXIuY29tL2F2YXRhci8wNjQ5Y2RkNTNkZGYxMTQ2MzA4ZjMxNmIzNDA2Zjk3Zj9zPTk2JmQ9aHR0cHMlM0ElMkYlMkZtaWNyby5ibG9nJTJGaW1hZ2VzJTJGYmxhbmtfYXZhdGFyLnBuZw,,/300/square HTTP/1.1" 200 5010 "https://stream.jeremycherfas.net/2020/blaming-the-internet-for-your-gullibility-is" "Mozilla/5.0 (Windows NT 6.1; Win64; x64; rv:75.0) Gecko/20100101 Firefox/75.0" 
46.229.168.142 - - [14/May/2020:04:17:03 -0700] "GET /content/photos/?q=%23%2B%23rustic HTTP/1.1" 200 10035 "-" "Mozilla/5.0 (compatible; SemrushBot/6~bl; +http://www.semrush.com/bot.html)" 
107.178.239.214 - - [14/May/2020:04:17:26 -0700] "HEAD / HTTP/1.1" 200 4525 "-" "Bridgy (https://brid.gy/about)" 
107.178.239.214 - - [14/May/2020:04:17:27 -0700] "GET / HTTP/1.1" 200 12111 "-" "Bridgy (https://brid.gy/about)" 
107.178.239.214 - - [14/May/2020:04:17:28 -0700] "HEAD /?_t=rss HTTP/1.1" 200 4496 "-" "Bridgy (https://brid.gy/about)" 
107.178.239.214 - - [14/May/2020:04:17:29 -0700] "HEAD /content/all?_t=rss HTTP/1.1" 200 4507 "-" "Bridgy (https://brid.gy/about)" 
107.178.239.214 - - [14/May/2020:04:17:29 -0700] "HEAD /content/all HTTP/1.1" 200 4536 "-" "Bridgy (https://brid.gy/about)" 
107.178.239.214 - - [14/May/2020:04:17:30 -0700] "GET /content/all HTTP/1.1" 200 12129 "-" "Bridgy (https://brid.gy/about)" 
107.178.239.214 - - [14/May/2020:04:17:31 -0700] "HEAD /2020/did-a-bit-of-domestic-baking-today HTTP/1.1" 200 4564 "-" "Bridgy (https://brid.gy/about)" 
107.178.239.214 - - [14/May/2020:04:17:32 -0700] "HEAD /2020/2020-05-09 HTTP/1.1" 200 4540 "-" "Bridgy (https://brid.gy/about)" 
107.178.239.214 - - [14/May/2020:04:17:32 -0700] "HEAD /2020/the-technium HTTP/1.1" 200 4542 "-" "Bridgy (https://brid.gy/about)" 
107.178.239.214 - - [14/May/2020:04:17:33 -0700] "HEAD /2020/blaming-the-internet-for-your-gullibility-is HTTP/1.1" 200 4574 "-" "Bridgy (https://brid.gy/about)" 
64.111.100.215 - - [14/May/2020:04:17:33 -0700] "GET /content/all?_t=rss HTTP/1.1" 200 14982 "-" "Mozilla/5.0 (X11; U; Linux i686; fr; rv:1.9.1.1) Gecko/20090715 Firefox/3.5.1" 
107.178.239.214 - - [14/May/2020:04:17:33 -0700] "HEAD /2020/i-am-amazed-and-saddened-by-the HTTP/1.1" 200 4561 "-" "Bridgy (https://brid.gy/about)" 
107.178.239.214 - - [14/May/2020:04:17:34 -0700] "HEAD /2020/it-is-extremely-regrettable-and-demoralising-that HTTP/1.1" 200 4579 "-" "Bridgy (https://brid.gy/about)" 
107.178.239.214 - - [14/May/2020:04:17:34 -0700] "HEAD /2020/and-what-you-learned-yesterday-i-learn HTTP/1.1" 200 4568 "-" "Bridgy (https://brid.gy/about)" 
107.178.239.214 - - [14/May/2020:04:17:35 -0700] "HEAD /2020/a-transcript-of-my-conversation-with-smargot_finn HTTP/1.1" 200 4579 "-" "Bridgy (https://brid.gy/about)" 
107.178.239.214 - - [14/May/2020:04:17:35 -0700] "HEAD /2020/nhs-doctor-forget-medals-and-flypasts-what-we-want-is HTTP/1.1" 200 4583 "-" "Bridgy (https://brid.gy/about)" 
46.229.168.154 - - [14/May/2020:04:17:51 -0700] "GET /content/all/?offset=3&q=%23%2B%23podcast HTTP/1.1" 200 12264 "-" "Mozilla/5.0 (compatible; SemrushBot/6~bl; +http://www.semrush.com/bot.html)" 
71.34.70.114 - - [14/May/2020:04:18:44 -0700] "GET /?_t=rss HTTP/1.1" 200 4501 "-" "Mozilla/5.0 (Windows NT 10.0; Win64; x64; rv:76.0) Gecko/20100101 Firefox/76.0" 
96.126.125.129 - - [14/May/2020:04:19:16 -0700] "GET /content/statusupdates/posts/photos/checkins/bookmarkedpages?_t=rss HTTP/1.1" 200 10205 "-" "Micro.blog/1.0" 
54.36.148.16 - - [14/May/2020:04:20:31 -0700] "GET /2018/gregorlovecom-indieweb-wordpress-feedback HTTP/1.1" 200 9366 "-" "Mozilla/5.0 (compatible; AhrefsBot/6.1; +http://ahrefs.com/robot/)" 
71.34.70.114 - - [14/May/2020:04:21:32 -0700] "GET /?_t=rss HTTP/1.1" 200 7680 "-" "Mozilla/5.0 (Windows NT 10.0; Win64; x64; rv:76.0) Gecko/20100101 Firefox/76.0" 
54.198.162.216 - - [14/May/2020:04:21:33 -0700] "GET /?_t=rss HTTP/1.1" 304 3480 "https://www.google.com/" "Mozilla/5.0 (Windows NT 6.3; Win64; x64) AppleWebKit/537.36 (KHTML, like Gecko) Chrome/80.0.3987.132 Safari/537.36" 
46.229.168.134 - - [14/May/2020:04:22:07 -0700] "GET /content/all/?offset=15&q=%23%2B%23WithKnown HTTP/1.1" 200 13518 "-" "Mozilla/5.0 (compatible; SemrushBot/6~bl; +http://www.semrush.com/bot.html)" 
46.229.168.145 - - [14/May/2020:04:22:25 -0700] "GET /?offset=114&q=%23indieweb HTTP/1.1" 200 12322 "-" "Mozilla/5.0 (compatible; SemrushBot/6~bl; +http://www.semrush.com/bot.html)" 
54.36.149.106 - - [14/May/2020:04:23:55 -0700] "GET / HTTP/1.1" 200 11844 "-" "Mozilla/5.0 (compatible; AhrefsBot/6.1; +http://ahrefs.com/robot/)" 
46.229.168.137 - - [14/May/2020:04:24:04 -0700] "GET /tag/WithKnown?offset=25 HTTP/1.1" 200 12984 "-" "Mozilla/5.0 (compatible; SemrushBot/6~bl; +http://www.semrush.com/bot.html)" 
66.249.66.48 - - [14/May/2020:04:24:09 -0700] "GET /content/all?_t=amp&offset=1977 HTTP/1.1" 200 11151 "-" "Mozilla/5.0 (Linux; Android 6.0.1; Nexus 5X Build/MMB29P) AppleWebKit/537.36 (KHTML, like Gecko) Chrome/41.0.2272.96 Mobile Safari/537.36 (compatible; Googlebot/2.1; +http://www.google.com/bot.html)" 
66.249.66.46 - - [14/May/2020:04:24:12 -0700] "GET /service/web/unfurl/?url=http%3A%2F%2Fabf856a8.ngrok.io%2Fgrav-admin%2F&__bTk=9589125b0b635ea8ecadbc9dd50b5f9dd07da9556f1bb1175ea55912d813b26c&__bTs=1588896000 HTTP/1.1" 403 4605 "https://stream.jeremycherfas.net/content/all?_t=amp&offset=1977" "Mozilla/5.0 (Linux; Android 6.0.1; Nexus 5X Build/MMB29P) AppleWebKit/537.36 (KHTML, like Gecko) Chrome/81.0.4044.108 Mobile Safari/537.36 (compatible; Googlebot/2.1; +http://www.google.com/bot.html)" 
66.249.66.46 - - [14/May/2020:04:24:13 -0700] "GET /service/web/unfurl/?url=http%3A%2F%2Fabf856a8.ngrok.io%2Fgrav-admin%2F&__bTk=9589125b0b635ea8ecadbc9dd50b5f9dd07da9556f1bb1175ea55912d813b26c&__bTs=1589291460 HTTP/1.1" 403 1288 "https://stream.jeremycherfas.net/content/all?_t=amp&offset=1977" "Mozilla/5.0 (Linux; Android 6.0.1; Nexus 5X Build/MMB29P) AppleWebKit/537.36 (KHTML, like Gecko) Chrome/81.0.4044.108 Mobile Safari/537.36 (compatible; Googlebot/2.1; +http://www.google.com/bot.html)" 
46.229.168.139 - - [14/May/2020:04:24:34 -0700] "GET /2020/im-prompted-to-note-that-the-sounds HTTP/1.1" 200 9728 "-" "Mozilla/5.0 (compatible; SemrushBot/6~bl; +http://www.semrush.com/bot.html)" 
92.247.181.17 - - [14/May/2020:04:24:40 -0700] "GET /?_t=rss HTTP/1.1" 304 3475 "https://stream.jeremycherfas.net/" "Mozilla/5.0 (compatible; inoreader.com; 1 subscribers)" 
71.34.70.114 - - [14/May/2020:04:24:44 -0700] "GET /?_t=rss HTTP/1.1" 200 4501 "-" "Mozilla/5.0 (Windows NT 10.0; Win64; x64; rv:76.0) Gecko/20100101 Firefox/76.0" 
207.46.13.236 - - [14/May/2020:04:24:50 -0700] "GET /robots.txt HTTP/1.1" 200 2782 "-" "Mozilla/5.0 (compatible; bingbot/2.0; +http://www.bing.com/bingbot.htm)" 
207.46.13.236 - - [14/May/2020:04:24:50 -0700] "GET /robots.txt HTTP/1.1" 200 4589 "-" "Mozilla/5.0 (compatible; bingbot/2.0; +http://www.bing.com/bingbot.htm)" 
40.77.167.166 - - [14/May/2020:04:24:54 -0700] "GET /2019/is-that-the-original-willard-and-the?_t=rss HTTP/1.1" 200 5449 "-" "Mozilla/5.0 (compatible; bingbot/2.0; +http://www.bing.com/bingbot.htm)" 
114.119.160.143 - - [14/May/2020:04:25:08 -0700] "GET /tag/indieweb?offset=52 HTTP/1.1" 200 13175 "-" "Mozilla/5.0 (Linux; Android 7.0;) AppleWebKit/537.36 (KHTML, like Gecko) Mobile Safari/537.36 (compatible; AspiegelBot)" 
96.126.125.129 - - [14/May/2020:04:26:01 -0700] "GET /content/statusupdates/posts/photos/checkins/bookmarkedpages?_t=rss HTTP/1.1" 200 10205 "-" "Micro.blog/1.0" 
66.249.92.47 - - [14/May/2020:04:26:04 -0700] "GET /2018/whats-the-problem HTTP/1.1" 200 10873 "-" "Mozilla/5.0 (compatible; GoogleDocs; apps-spreadsheets; +http://docs.google.com)" 
46.229.168.130 - - [14/May/2020:04:27:04 -0700] "GET /2019/so-good-to-be-back-home-after HTTP/1.1" 200 10145 "-" "Mozilla/5.0 (compatible; SemrushBot/6~bl; +http://www.semrush.com/bot.html)" 
46.229.168.146 - - [14/May/2020:04:27:13 -0700] "GET /content/rsvp/?q=%23%2B%23leaven HTTP/1.1" 200 8505 "-" "Mozilla/5.0 (compatible; SemrushBot/6~bl; +http://www.semrush.com/bot.html)" 
71.34.70.114 - - [14/May/2020:04:27:24 -0700] "GET /?_t=rss HTTP/1.1" 200 7680 "-" "Mozilla/5.0 (Windows NT 10.0; Win64; x64; rv:76.0) Gecko/20100101 Firefox/76.0" 
207.46.13.93 - - [14/May/2020:04:27:58 -0700] "GET /2017/ooh-a-new-podcast-to-listen-to-which-also-fits HTTP/1.1" 200 9912 "-" "Mozilla/5.0 (compatible; bingbot/2.0; +http://www.bing.com/bingbot.htm)" 
46.229.168.162 - - [14/May/2020:04:29:30 -0700] "GET /2017/well-that-was-dumb-put-bread-onto-cold-casserole-lid HTTP/1.1" 200 11014 "-" "Mozilla/5.0 (compatible; SemrushBot/6~bl; +http://www.semrush.com/bot.html)" 
96.126.125.129 - - [14/May/2020:04:29:43 -0700] "GET /content/statusupdates/posts/photos/checkins/bookmarkedpages?_t=rss HTTP/1.1" 200 10205 "-" "Micro.blog/1.0" 
40.77.167.166 - - [14/May/2020:04:29:55 -0700] "GET /2018/a-thousand-little-suns HTTP/1.1" 200 11003 "-" "Mozilla/5.0 (compatible; bingbot/2.0; +http://www.bing.com/bingbot.htm)" 
54.36.148.22 - - [14/May/2020:04:30:26 -0700] "GET /2017/anyone-at-graingathering2017-using-composite-crosses-like-italian-farmers-back-to-the-future-for-the-wheat-of-tomorrow HTTP/1.1" 200 10052 "-" "Mozilla/5.0 (compatible; AhrefsBot/6.1; +http://ahrefs.com/robot/)" 
71.34.70.114 - - [14/May/2020:04:30:37 -0700] "GET /?_t=rss HTTP/1.1" 200 4501 "-" "Mozilla/5.0 (Windows NT 10.0; Win64; x64; rv:76.0) Gecko/20100101 Firefox/76.0" 
114.119.161.85 - - [14/May/2020:04:30:47 -0700] "GET /2018/how-china-censors-the-net-by-making-sure-theres-too-much-information-john-naughton-1 HTTP/1.1" 200 9489 "-" "Mozilla/5.0 (Linux; Android 7.0;) AppleWebKit/537.36 (KHTML, like Gecko) Mobile Safari/537.36 (compatible; AspiegelBot)" 
207.46.13.93 - - [14/May/2020:04:33:09 -0700] "GET /2019/checked-into-baschi HTTP/1.1" 200 9702 "-" "Mozilla/5.0 (compatible; bingbot/2.0; +http://www.bing.com/bingbot.htm)" 
46.229.168.154 - - [14/May/2020:04:33:19 -0700] "GET /?offset=20&q=%23%2B%23sourdough HTTP/1.1" 200 11919 "-" "Mozilla/5.0 (compatible; SemrushBot/6~bl; +http://www.semrush.com/bot.html)" 
66.249.66.44 - - [14/May/2020:04:33:37 -0700] "GET /?offset=1839&_t=rss HTTP/1.1" 200 8025 "-" "Mozilla/5.0 (Linux; Android 6.0.1; Nexus 5X Build/MMB29P) AppleWebKit/537.36 (KHTML, like Gecko) Chrome/41.0.2272.96 Mobile Safari/537.36 (compatible; Googlebot/2.1; +http://www.google.com/bot.html)" 
71.34.70.114 - - [14/May/2020:04:33:44 -0700] "GET /?_t=rss HTTP/1.1" 200 7680 "-" "Mozilla/5.0 (Windows NT 10.0; Win64; x64; rv:76.0) Gecko/20100101 Firefox/76.0" 
64.111.100.215 - - [14/May/2020:04:34:05 -0700] "GET /content/all?_t=rss HTTP/1.1" 200 14982 "-" "Mozilla/5.0 (X11; U; Linux i686; fr; rv:1.9.1.1) Gecko/20090715 Firefox/3.5.1" 
207.46.13.92 - - [14/May/2020:04:35:02 -0700] "GET /2017/the-global-trade-resource-is-almost-as-fascinating-as-the HTTP/1.1" 200 9804 "-" "Mozilla/5.0 (compatible; bingbot/2.0; +http://www.bing.com/bingbot.htm)" 
207.46.13.93 - - [14/May/2020:04:35:07 -0700] "GET /service/web/imageproxy/aHR0cHM6Ly9taWNyby5ibG9nL3NpbW9ud29vZHMvYXZhdGFyLmpwZw,,/300/square HTTP/1.1" 200 17493 "-" "Mozilla/5.0 (compatible; bingbot/2.0; +http://www.bing.com/bingbot.htm)" 
46.229.168.132 - - [14/May/2020:04:35:25 -0700] "GET /content/all/?offset=4&q=%23%2B%23rye HTTP/1.1" 200 11653 "-" "Mozilla/5.0 (compatible; SemrushBot/6~bl; +http://www.semrush.com/bot.html)" 
46.229.168.152 - - [14/May/2020:04:36:01 -0700] "GET /content/rsvp/?q=%23Washington HTTP/1.1" 200 8497 "-" "Mozilla/5.0 (compatible; SemrushBot/6~bl; +http://www.semrush.com/bot.html)" 
71.34.70.114 - - [14/May/2020:04:36:28 -0700] "GET /?_t=rss HTTP/1.1" 200 4501 "-" "Mozilla/5.0 (Windows NT 10.0; Win64; x64; rv:76.0) Gecko/20100101 Firefox/76.0" 
114.119.164.86 - - [14/May/2020:04:36:38 -0700] "GET /2018/this-is-a-fine-evening-3/annotations/bb1ac050b43d287c2a2c712133f2f91f HTTP/1.1" 200 8254 "-" "Mozilla/5.0 (Linux; Android 7.0;) AppleWebKit/537.36 (KHTML, like Gecko) Mobile Safari/537.36 (compatible; AspiegelBot)" 
46.229.168.149 - - [14/May/2020:04:36:56 -0700] "GET /2019/negroni-oclock HTTP/1.1" 200 13378 "-" "Mozilla/5.0 (compatible; SemrushBot/6~bl; +http://www.semrush.com/bot.html)" 
54.36.148.69 - - [14/May/2020:04:39:19 -0700] "GET /2018/nice-post-but-alas-when-i-liked HTTP/1.1" 200 9601 "-" "Mozilla/5.0 (compatible; AhrefsBot/6.1; +http://ahrefs.com/robot/)" 
71.34.70.114 - - [14/May/2020:04:39:42 -0700] "GET /?_t=rss HTTP/1.1" 200 7680 "-" "Mozilla/5.0 (Windows NT 10.0; Win64; x64; rv:76.0) Gecko/20100101 Firefox/76.0" 
46.229.168.162 - - [14/May/2020:04:39:44 -0700] "GET /robots.txt HTTP/1.1" 200 4552 "-" "Mozilla/5.0 (compatible; SemrushBot/6~bl; +http://www.semrush.com/bot.html)" 
46.229.168.138 - - [14/May/2020:04:39:45 -0700] "GET /2018/201805cooking-in-a-bedsitterhtml HTTP/1.1" 200 9572 "-" "Mozilla/5.0 (compatible; SemrushBot/6~bl; +http://www.semrush.com/bot.html)" 
207.46.13.93 - - [14/May/2020:04:41:05 -0700] "GET /2018/about-this-website-chris-beckstrom HTTP/1.1" 200 9553 "-" "Mozilla/5.0 (compatible; bingbot/2.0; +http://www.bing.com/bingbot.htm)" 
46.229.168.153 - - [14/May/2020:04:41:11 -0700] "GET /2019/castel-santangelo-is-a-good-place-to-be-on-a HTTP/1.1" 200 13316 "-" "Mozilla/5.0 (compatible; SemrushBot/6~bl; +http://www.semrush.com/bot.html)" 
46.229.168.134 - - [14/May/2020:04:41:20 -0700] "GET /?offset=73&q=%23indieweb HTTP/1.1" 200 13739 "-" "Mozilla/5.0 (compatible; SemrushBot/6~bl; +http://www.semrush.com/bot.html)" 
66.249.92.47 - - [14/May/2020:04:42:11 -0700] "GET /2018/whats-the-problem HTTP/1.1" 200 10874 "-" "Mozilla/5.0 (compatible; GoogleDocs; apps-spreadsheets; +http://docs.google.com)" 
96.126.125.129 - - [14/May/2020:04:42:14 -0700] "GET /content/statusupdates/posts/photos/checkins/bookmarkedpages?_t=rss HTTP/1.1" 200 10205 "-" "Micro.blog/1.0" 
159.65.77.58 - - [14/May/2020:04:42:25 -0700] "GET /?_t=rss HTTP/1.1" 200 7413 "-" "Feedbin feed-id:1536727 - 1 subscribers" 
66.249.66.44 - - [14/May/2020:04:42:36 -0700] "GET /tag/podcast HTTP/1.1" 200 12532 "-" "Mozilla/5.0 (Linux; Android 6.0.1; Nexus 5X Build/MMB29P) AppleWebKit/537.36 (KHTML, like Gecko) Chrome/41.0.2272.96 Mobile Safari/537.36 (compatible; Googlebot/2.1; +http://www.google.com/bot.html)" 
66.249.66.44 - - [14/May/2020:04:42:41 -0700] "GET /service/web/unfurl/?url=https%3A%2F%2Fnatbuckley.co.uk%2F2020%2F01%2F12%2Fweeknotes-52-4-minutes-a-day%2F&__bTk=3eec8bcd67b4b2e93a55cf66a2122cd213cc149f334395fc089c9e91fcc562e3&__bTs=1588767473 HTTP/1.1" 403 4640 "https://stream.jeremycherfas.net/tag/podcast" "Mozilla/5.0 (Linux; Android 6.0.1; Nexus 5X Build/MMB29P) AppleWebKit/537.36 (KHTML, like Gecko) Chrome/81.0.4044.108 Mobile Safari/537.36 (compatible; Googlebot/2.1; +http://www.google.com/bot.html)" 
66.249.66.44 - - [14/May/2020:04:42:41 -0700] "GET /service/web/unfurl/?url=https%3A%2F%2Fwww.eatthispodcast.com%2Fin-praise-of-meat-milk-and-eggs%2F&__bTk=3eec8bcd67b4b2e93a55cf66a2122cd213cc149f334395fc089c9e91fcc562e3&__bTs=1588767473 HTTP/1.1" 403 1315 "https://stream.jeremycherfas.net/tag/podcast" "Mozilla/5.0 (Linux; Android 6.0.1; Nexus 5X Build/MMB29P) AppleWebKit/537.36 (KHTML, like Gecko) Chrome/81.0.4044.108 Mobile Safari/537.36 (compatible; Googlebot/2.1; +http://www.google.com/bot.html)" 
66.249.66.44 - - [14/May/2020:04:42:42 -0700] "GET /service/web/unfurl/?url=https%3A%2F%2Fnatbuckley.co.uk%2F2020%2F01%2F12%2Fweeknotes-52-4-minutes-a-day%2F&__bTk=3eec8bcd67b4b2e93a55cf66a2122cd213cc149f334395fc089c9e91fcc562e3&__bTs=1588767473 HTTP/1.1" 403 1323 "https://stream.jeremycherfas.net/tag/podcast" "Mozilla/5.0 (Linux; Android 6.0.1; Nexus 5X Build/MMB29P) AppleWebKit/537.36 (KHTML, like Gecko) Chrome/81.0.4044.108 Mobile Safari/537.36 (compatible; Googlebot/2.1; +http://www.google.com/bot.html)" 
71.34.70.114 - - [14/May/2020:04:42:43 -0700] "GET /?_t=rss HTTP/1.1" 200 4501 "-" "Mozilla/5.0 (Windows NT 10.0; Win64; x64; rv:76.0) Gecko/20100101 Firefox/76.0" 
66.249.66.48 - - [14/May/2020:04:43:05 -0700] "GET /content/photos/?q=%23London HTTP/1.1" 200 9566 "-" "Mozilla/5.0 (Linux; Android 6.0.1; Nexus 5X Build/MMB29P) AppleWebKit/537.36 (KHTML, like Gecko) Chrome/41.0.2272.96 Mobile Safari/537.36 (compatible; Googlebot/2.1; +http://www.google.com/bot.html)" 
40.77.167.166 - - [14/May/2020:04:44:17 -0700] "GET /2018/self-hosting-maps-taking-control-over-ux-and-users-privacy-sebastian?_t=rss HTTP/1.1" 200 5550 "-" "Mozilla/5.0 (compatible; bingbot/2.0; +http://www.bing.com/bingbot.htm)" 
40.77.167.166 - - [14/May/2020:04:44:17 -0700] "GET /2018/being-the-change-isnt-enough HTTP/1.1" 200 10289 "-" "Mozilla/5.0 (compatible; bingbot/2.0; +http://www.bing.com/bingbot.htm)" 
46.229.168.148 - - [14/May/2020:04:45:21 -0700] "GET /content/statusupdates/?offset=0&q=%23%2B%23%23indieweb HTTP/1.1" 200 12003 "-" "Mozilla/5.0 (compatible; SemrushBot/6~bl; +http://www.semrush.com/bot.html)" 
71.34.70.114 - - [14/May/2020:04:45:51 -0700] "GET /?_t=rss HTTP/1.1" 200 7680 "-" "Mozilla/5.0 (Windows NT 10.0; Win64; x64; rv:76.0) Gecko/20100101 Firefox/76.0" 
40.77.167.185 - - [14/May/2020:04:45:54 -0700] "GET /content/photos/?q=%23cactus HTTP/1.1" 200 10173 "-" "Mozilla/5.0 (compatible; bingbot/2.0; +http://www.bing.com/bingbot.htm)" 
46.229.168.131 - - [14/May/2020:04:46:03 -0700] "GET /tag/indieweb?offset=95 HTTP/1.1" 200 14922 "-" "Mozilla/5.0 (compatible; SemrushBot/6~bl; +http://www.semrush.com/bot.html)" 
40.77.190.73 - - [14/May/2020:04:46:37 -0700] "GET /css/1579440965/known.min.css HTTP/1.1" 200 35920 "-" "Mozilla/5.0 (Windows NT 6.1; WOW64) AppleWebKit/534+ (KHTML, like Gecko) BingPreview/1.0b" 
54.146.38.87 - - [14/May/2020:04:46:57 -0700] "GET /content/posts/?_t=rss HTTP/1.1" 304 3480 "https://www.google.com/" "Mozilla/5.0 (Macintosh; Intel Mac OS X 10.15; rv:73.0) Gecko/20100101 Firefox/73.0" 
54.36.148.103 - - [14/May/2020:04:48:22 -0700] "GET /2019/this-post-opened-a-whole-can-of HTTP/1.1" 200 10089 "-" "Mozilla/5.0 (compatible; AhrefsBot/6.1; +http://ahrefs.com/robot/)" 
71.34.70.114 - - [14/May/2020:04:48:46 -0700] "GET /?_t=rss HTTP/1.1" 200 4501 "-" "Mozilla/5.0 (Windows NT 10.0; Win64; x64; rv:76.0) Gecko/20100101 Firefox/76.0" 
46.229.168.138 - - [14/May/2020:04:49:56 -0700] "GET /content/bookmarkedpages HTTP/1.1" 200 11825 "-" "Mozilla/5.0 (compatible; SemrushBot/6~bl; +http://www.semrush.com/bot.html)" 
207.46.13.92 - - [14/May/2020:04:50:45 -0700] "GET /file/d52135ec730b74e976ac49d7ae90e17d HTTP/1.1" 200 8895 "-" "Mozilla/5.0 (compatible; bingbot/2.0; +http://www.bing.com/bingbot.htm)" 
64.111.100.215 - - [14/May/2020:04:51:02 -0700] "GET /content/all?_t=rss HTTP/1.1" 200 14982 "-" "Mozilla/5.0 (X11; U; Linux i686; fr; rv:1.9.1.1) Gecko/20090715 Firefox/3.5.1" 
46.229.168.146 - - [14/May/2020:04:51:11 -0700] "GET /2018/just-like-old-times/annotations/caa7a0c66befb5dfef70eb431e7fa424 HTTP/1.1" 200 8606 "-" "Mozilla/5.0 (compatible; SemrushBot/6~bl; +http://www.semrush.com/bot.html)" 
71.34.70.114 - - [14/May/2020:04:51:20 -0700] "GET /?_t=rss HTTP/1.1" 200 7680 "-" "Mozilla/5.0 (Windows NT 10.0; Win64; x64; rv:76.0) Gecko/20100101 Firefox/76.0" 
46.229.168.150 - - [14/May/2020:04:51:46 -0700] "GET /content/events/?q=%23known HTTP/1.1" 200 8487 "-" "Mozilla/5.0 (compatible; SemrushBot/6~bl; +http://www.semrush.com/bot.html)" 
46.229.168.135 - - [14/May/2020:04:51:57 -0700] "GET /?offset=19&q=%23Sourdough HTTP/1.1" 200 11813 "-" "Mozilla/5.0 (compatible; SemrushBot/6~bl; +http://www.semrush.com/bot.html)" 
46.229.168.147 - - [14/May/2020:04:52:18 -0700] "GET /content/bookmarkedpages/?q=%23Fiction HTTP/1.1" 200 8510 "-" "Mozilla/5.0 (compatible; SemrushBot/6~bl; +http://www.semrush.com/bot.html)" 
46.229.168.148 - - [14/May/2020:04:53:14 -0700] "GET /2018/our-daily-bread-07---bake-like-an-egyptian-6cj430lfj7k HTTP/1.1" 200 11996 "-" "Mozilla/5.0 (compatible; SemrushBot/6~bl; +http://www.semrush.com/bot.html)" 
3.85.106.89 - - [14/May/2020:04:53:19 -0700] "GET /feed/ HTTP/1.1" 304 3480 "https://www.google.com/" "Mozilla/5.0 (Windows NT 10.0; Win64; x64; rv:74.0) Gecko/20100101 Firefox/74.0" 
71.34.70.114 - - [14/May/2020:04:54:18 -0700] "GET /?_t=rss HTTP/1.1" 200 4501 "-" "Mozilla/5.0 (Windows NT 10.0; Win64; x64; rv:76.0) Gecko/20100101 Firefox/76.0" 
46.229.161.131 - - [14/May/2020:04:54:44 -0700] "HEAD /2018/a-fuckbonnet-for-our-time-the-audacity-of-despair HTTP/1.1" 200 4310 "-" "Mozilla/5.0 (compatible; SemrushBot; +http://www.semrush.com/bot.html)" 
92.247.181.17 - - [14/May/2020:04:56:05 -0700] "GET /?_t=rss HTTP/1.1" 304 3475 "https://stream.jeremycherfas.net/" "Mozilla/5.0 (compatible; inoreader.com; 1 subscribers)" 
192.99.4.140 - - [14/May/2020:04:56:18 -0700] "GET /robots.txt HTTP/1.1" 200 4593 "-" "Mozilla/5.0 (compatible; MJ12bot/v1.4.8; http://mj12bot.com/)" 
46.229.168.144 - - [14/May/2020:04:57:05 -0700] "GET /content/photos/?q=%23IndieWeb_challenge HTTP/1.1" 200 8518 "-" "Mozilla/5.0 (compatible; SemrushBot/6~bl; +http://www.semrush.com/bot.html)" 
207.46.13.83 - - [14/May/2020:04:57:13 -0700] "GET /2019/who-is-the-real-dice-man-the-elusive-writer-behind?_t=rss HTTP/1.1" 200 5610 "-" "Mozilla/5.0 (compatible; bingbot/2.0; +http://www.bing.com/bingbot.htm)" 
66.249.66.48 - - [14/May/2020:04:57:19 -0700] "GET /content/photos/?offset=219&_t=amp HTTP/1.1" 200 11560 "-" "Mozilla/5.0 (Linux; Android 6.0.1; Nexus 5X Build/MMB29P) AppleWebKit/537.36 (KHTML, like Gecko) Chrome/41.0.2272.96 Mobile Safari/537.36 (compatible; Googlebot/2.1; +http://www.google.com/bot.html)" 
66.249.66.44 - - [14/May/2020:04:57:19 -0700] "GET /robots.txt HTTP/1.1" 200 4589 "-" "Mozilla/5.0 (compatible; Googlebot/2.1; +http://www.google.com/bot.html)" 
96.126.125.129 - - [14/May/2020:04:57:23 -0700] "GET /content/statusupdates/posts/photos/checkins/bookmarkedpages?_t=rss HTTP/1.1" 200 10205 "-" "Micro.blog/1.0" 
71.34.70.114 - - [14/May/2020:04:57:25 -0700] "GET /?_t=rss HTTP/1.1" 200 7680 "-" "Mozilla/5.0 (Windows NT 10.0; Win64; x64; rv:76.0) Gecko/20100101 Firefox/76.0" 
46.229.168.137 - - [14/May/2020:04:57:31 -0700] "GET /2017/-now-that-we-are-starting-to-expand-greater-into HTTP/1.1" 200 9620 "-" "Mozilla/5.0 (compatible; SemrushBot/6~bl; +http://www.semrush.com/bot.html)" 
40.77.167.166 - - [14/May/2020:04:57:46 -0700] "GET /2017/not-exactly-sure-what-colin-devroe-means-when-he-says/annotations/bb2daaf293a56ae2556671a183944f79?_t=rss HTTP/1.1" 200 5593 "-" "Mozilla/5.0 (compatible; bingbot/2.0; +http://www.bing.com/bingbot.htm)" 
66.249.92.47 - - [14/May/2020:04:57:56 -0700] "GET /2018/whats-the-problem HTTP/1.1" 200 10875 "-" "Mozilla/5.0 (compatible; GoogleDocs; apps-spreadsheets; +http://docs.google.com)" 
46.229.168.163 - - [14/May/2020:04:58:41 -0700] "GET /content/locations?offset=80 HTTP/1.1" 200 11321 "-" "Mozilla/5.0 (compatible; SemrushBot/6~bl; +http://www.semrush.com/bot.html)" 
62.210.92.16 - - [14/May/2020:04:58:50 -0700] "GET /2019/what-is-the-woman-on-the-left HTTP/1.1" 200 9285 "-" "BarkRowler/0.9 (+https://babbar.tech/crawler)" 
71.34.70.114 - - [14/May/2020:05:00:10 -0700] "GET /?_t=rss HTTP/1.1" 200 4501 "-" "Mozilla/5.0 (Windows NT 10.0; Win64; x64; rv:76.0) Gecko/20100101 Firefox/76.0" 
18.208.251.188 - - [14/May/2020:05:00:14 -0700] "GET /?_t=rss HTTP/1.1" 200 7643 "-" "glitch-feeder/1.0 (+https://glitch.com/~lmo-feeder)" 
66.249.66.48 - - [14/May/2020:05:00:29 -0700] "GET /view/479c6eb39e28ad9d60bed4ce87669926 HTTP/1.1" 200 9634 "-" "Mozilla/5.0 (Linux; Android 6.0.1; Nexus 5X Build/MMB29P) AppleWebKit/537.36 (KHTML, like Gecko) Chrome/80.0.3987.92 Mobile Safari/537.36 (compatible; Googlebot/2.1; +http://www.google.com/bot.html)" 
46.229.168.149 - - [14/May/2020:05:00:58 -0700] "GET /content/photos/?offset=100 HTTP/1.1" 200 10966 "-" "Mozilla/5.0 (compatible; SemrushBot/6~bl; +http://www.semrush.com/bot.html)" 
66.249.66.44 - - [14/May/2020:05:02:01 -0700] "GET /?offset=1849&_t=amp HTTP/1.1" 200 11777 "-" "Mozilla/5.0 (Linux; Android 6.0.1; Nexus 5X Build/MMB29P) AppleWebKit/537.36 (KHTML, like Gecko) Chrome/41.0.2272.96 Mobile Safari/537.36 (compatible; Googlebot/2.1; +http://www.google.com/bot.html)" 
66.249.66.46 - - [14/May/2020:05:02:08 -0700] "GET /service/web/unfurl/?url=http%3A%2F%2Fbenjamingrobertson.com%2Fweb%2Fhumanizing-the-web&__bTk=3eec8bcd67b4b2e93a55cf66a2122cd213cc149f334395fc089c9e91fcc562e3&__bTs=1588767473 HTTP/1.1" 403 4621 "https://stream.jeremycherfas.net/?offset=1849&_t=amp" "Mozilla/5.0 (Linux; Android 6.0.1; Nexus 5X Build/MMB29P) AppleWebKit/537.36 (KHTML, like Gecko) Chrome/81.0.4044.108 Mobile Safari/537.36 (compatible; Googlebot/2.1; +http://www.google.com/bot.html)" 
66.249.66.44 - - [14/May/2020:05:02:08 -0700] "GET /service/web/unfurl/?url=http%3A%2F%2Fwww.eatthispodcast.com%2Fback-to-the-future-for-the-wheat-of-tomorrow%2F&__bTk=3eec8bcd67b4b2e93a55cf66a2122cd213cc149f334395fc089c9e91fcc562e3&__bTs=1588767473 HTTP/1.1" 403 4644 "https://stream.jeremycherfas.net/?offset=1849&_t=amp" "Mozilla/5.0 (Linux; Android 6.0.1; Nexus 5X Build/MMB29P) AppleWebKit/537.36 (KHTML, like Gecko) Chrome/81.0.4044.108 Mobile Safari/537.36 (compatible; Googlebot/2.1; +http://www.google.com/bot.html)" 
66.249.66.46 - - [14/May/2020:05:02:09 -0700] "GET /service/web/unfurl/?url=http%3A%2F%2Fwww.hearsayfestival.ie%2Fnew-2017-prize-shortlists%2F4593973316&__bTk=3eec8bcd67b4b2e93a55cf66a2122cd213cc149f334395fc089c9e91fcc562e3&__bTs=1588767473 HTTP/1.1" 403 1318 "https://stream.jeremycherfas.net/?offset=1849&_t=amp" "Mozilla/5.0 (Linux; Android 6.0.1; Nexus 5X Build/MMB29P) AppleWebKit/537.36 (KHTML, like Gecko) Chrome/81.0.4044.108 Mobile Safari/537.36 (compatible; Googlebot/2.1; +http://www.google.com/bot.html)" 
66.249.66.46 - - [14/May/2020:05:02:09 -0700] "GET /service/web/unfurl/?url=http%3A%2F%2Fwww.cookerybythebook.com%2Fhome%2F2016%2F10%2F7%2Fcbtb-37&__bTk=3eec8bcd67b4b2e93a55cf66a2122cd213cc149f334395fc089c9e91fcc562e3&__bTs=1588767473 HTTP/1.1" 403 1312 "https://stream.jeremycherfas.net/?offset=1849&_t=amp" "Mozilla/5.0 (Linux; Android 6.0.1; Nexus 5X Build/MMB29P) AppleWebKit/537.36 (KHTML, like Gecko) Chrome/81.0.4044.108 Mobile Safari/537.36 (compatible; Googlebot/2.1; +http://www.google.com/bot.html)" 
46.229.168.136 - - [14/May/2020:05:02:24 -0700] "GET /2019/true-to-my-word-eating-alone-sardines-for-a-solo HTTP/1.1" 200 15020 "-" "Mozilla/5.0 (compatible; SemrushBot/6~bl; +http://www.semrush.com/bot.html)" 
66.249.66.44 - - [14/May/2020:05:02:31 -0700] "GET /2019/so-pleased-to-be-able-to-announce-that-sourdough-u HTTP/1.1" 304 13647 "-" "Mozilla/5.0 (Linux; Android 6.0.1; Nexus 5X Build/MMB29P) AppleWebKit/537.36 (KHTML, like Gecko) Chrome/41.0.2272.96 Mobile Safari/537.36 (compatible; Googlebot/2.1; +http://www.google.com/bot.html)" 
66.249.66.44 - - [14/May/2020:05:02:31 -0700] "GET /2019/so-pleased-to-be-able-to-announce-that-sourdough-u HTTP/1.1" 304 96414 "-" "Mozilla/5.0 (Linux; Android 6.0.1; Nexus 5X Build/MMB29P) AppleWebKit/537.36 (KHTML, like Gecko) Chrome/41.0.2272.96 Mobile Safari/537.36 (compatible; Googlebot/2.1; +http://www.google.com/bot.html)" 
46.229.168.136 - - [14/May/2020:05:02:49 -0700] "GET /?offset=82&q=%23%2B%23%23bread HTTP/1.1" 200 10948 "-" "Mozilla/5.0 (compatible; SemrushBot/6~bl; +http://www.semrush.com/bot.html)" 
71.34.70.114 - - [14/May/2020:05:02:56 -0700] "GET /?_t=rss HTTP/1.1" 200 7680 "-" "Mozilla/5.0 (Windows NT 10.0; Win64; x64; rv:76.0) Gecko/20100101 Firefox/76.0" 
46.229.168.150 - - [14/May/2020:05:03:05 -0700] "GET /content/all/?offset=54&q=%23%2B%23bread HTTP/1.1" 200 12174 "-" "Mozilla/5.0 (compatible; SemrushBot/6~bl; +http://www.semrush.com/bot.html)" 
46.229.168.139 - - [14/May/2020:05:04:31 -0700] "GET /content/all/?offset=20&q=%23podcast HTTP/1.1" 200 12387 "-" "Mozilla/5.0 (compatible; SemrushBot/6~bl; +http://www.semrush.com/bot.html)" 
46.229.168.146 - - [14/May/2020:05:05:08 -0700] "GET /content/statusupdates/?offset=14&q=%23podcast HTTP/1.1" 200 9443 "-" "Mozilla/5.0 (compatible; SemrushBot/6~bl; +http://www.semrush.com/bot.html)" 
46.229.168.161 - - [14/May/2020:05:05:19 -0700] "GET /tag/+%23podcast?offset=0 HTTP/1.1" 200 12516 "-" "Mozilla/5.0 (compatible; SemrushBot/6~bl; +http://www.semrush.com/bot.html)" 
71.34.70.114 - - [14/May/2020:05:05:36 -0700] "GET /?_t=rss HTTP/1.1" 200 4501 "-" "Mozilla/5.0 (Windows NT 10.0; Win64; x64; rv:76.0) Gecko/20100101 Firefox/76.0" 
207.46.13.93 - - [14/May/2020:05:06:08 -0700] "GET /2018/-3?_t=rss HTTP/1.1" 200 5339 "-" "Mozilla/5.0 (compatible; bingbot/2.0; +http://www.bing.com/bingbot.htm)" 
64.111.100.215 - - [14/May/2020:05:07:12 -0700] "GET /content/all?_t=rss HTTP/1.1" 200 14982 "-" "Mozilla/5.0 (X11; U; Linux i686; fr; rv:1.9.1.1) Gecko/20090715 Firefox/3.5.1" 
207.46.13.83 - - [14/May/2020:05:07:43 -0700] "GET /2019/the-open-notebook-decolonizing-science-writing-in-south-africa?_t=rss HTTP/1.1" 200 5533 "-" "Mozilla/5.0 (compatible; bingbot/2.0; +http://www.bing.com/bingbot.htm)" 
46.229.168.144 - - [14/May/2020:05:07:57 -0700] "GET /content/posts/?offset=30&q=%23Indieweb HTTP/1.1" 200 9200 "-" "Mozilla/5.0 (compatible; SemrushBot/6~bl; +http://www.semrush.com/bot.html)" 
46.229.168.134 - - [14/May/2020:05:08:03 -0700] "GET /2020/it-is-extremely-regrettable-and-demoralising-that HTTP/1.1" 200 9584 "-" "Mozilla/5.0 (compatible; SemrushBot/6~bl; +http://www.semrush.com/bot.html)" 
46.229.168.149 - - [14/May/2020:05:08:24 -0700] "GET /2019/end-of-an-era-not-one-i-personally-am-sad HTTP/1.1" 200 12252 "-" "Mozilla/5.0 (compatible; SemrushBot/6~bl; +http://www.semrush.com/bot.html)" 
71.34.70.114 - - [14/May/2020:05:08:32 -0700] "GET /?_t=rss HTTP/1.1" 200 7680 "-" "Mozilla/5.0 (Windows NT 10.0; Win64; x64; rv:76.0) Gecko/20100101 Firefox/76.0" 
46.229.168.143 - - [14/May/2020:05:08:54 -0700] "GET /2018/social-software-works-in-triangles-interdependent-thoughts HTTP/1.1" 200 9604 "-" "Mozilla/5.0 (compatible; SemrushBot/6~bl; +http://www.semrush.com/bot.html)" 
46.229.168.129 - - [14/May/2020:05:09:41 -0700] "GET /2018/i-just-love-the-way-whole-rye-kicks-my-starter HTTP/1.1" 200 14985 "-" "Mozilla/5.0 (compatible; SemrushBot/6~bl; +http://www.semrush.com/bot.html)" 
54.36.148.5 - - [14/May/2020:05:10:56 -0700] "GET /2018/photos-for-mac-isnt-a-long-term-photo-library-option HTTP/1.1" 200 9547 "-" "Mozilla/5.0 (compatible; AhrefsBot/6.1; +http://ahrefs.com/robot/)" 
46.229.168.142 - - [14/May/2020:05:10:58 -0700] "GET /content/statusupdates/?offset=4&q=%23IndieWeb HTTP/1.1" 200 11618 "-" "Mozilla/5.0 (compatible; SemrushBot/6~bl; +http://www.semrush.com/bot.html)" 
46.229.168.133 - - [14/May/2020:05:11:13 -0700] "GET /2017/i-really-want-to-use-microblog-and-withknown-but HTTP/1.1" 200 14371 "-" "Mozilla/5.0 (compatible; SemrushBot/6~bl; +http://www.semrush.com/bot.html)" 
66.249.66.44 - - [14/May/2020:05:11:29 -0700] "GET /http:/Huffduffer.com HTTP/1.1" 404 7841 "-" "Mozilla/5.0 (Linux; Android 6.0.1; Nexus 5X Build/MMB29P) AppleWebKit/537.36 (KHTML, like Gecko) Chrome/41.0.2272.96 Mobile Safari/537.36 (compatible; Googlebot/2.1; +http://www.google.com/bot.html)" 
71.34.70.114 - - [14/May/2020:05:11:39 -0700] "GET /?_t=rss HTTP/1.1" 200 4501 "-" "Mozilla/5.0 (Windows NT 10.0; Win64; x64; rv:76.0) Gecko/20100101 Firefox/76.0" 
207.46.13.92 - - [14/May/2020:05:11:41 -0700] "GET /2018/such-a-great-place-to-visit-in-the-damp HTTP/1.1" 200 15943 "-" "Mozilla/5.0 (compatible; bingbot/2.0; +http://www.bing.com/bingbot.htm)" 
46.229.168.163 - - [14/May/2020:05:11:46 -0700] "GET /tag/podcast?offset=20 HTTP/1.1" 200 12338 "-" "Mozilla/5.0 (compatible; SemrushBot/6~bl; +http://www.semrush.com/bot.html)" 
167.172.211.255 - - [14/May/2020:05:14:01 -0700] "GET /?_t=rss HTTP/1.1" 304 3475 "-" "Feedbin feed-id:1536727 - 1 subscribers" 
71.34.70.114 - - [14/May/2020:05:14:11 -0700] "GET /?_t=rss HTTP/1.1" 200 7680 "-" "Mozilla/5.0 (Windows NT 10.0; Win64; x64; rv:76.0) Gecko/20100101 Firefox/76.0" 
46.229.168.150 - - [14/May/2020:05:14:21 -0700] "GET /content/statusupdates/?q=%23%2B%23174 HTTP/1.1" 200 8512 "-" "Mozilla/5.0 (compatible; SemrushBot/6~bl; +http://www.semrush.com/bot.html)" 
46.229.168.136 - - [14/May/2020:05:15:02 -0700] "GET /content/audio/?q=%23%2B%23realbread HTTP/1.1" 200 8539 "-" "Mozilla/5.0 (compatible; SemrushBot/6~bl; +http://www.semrush.com/bot.html)" 
3.81.66.197 - - [14/May/2020:05:15:17 -0700] "GET /content/locations/?_t=rss HTTP/1.1" 304 3480 "https://www.google.com/" "Mozilla/5.0 (Macintosh; Intel Mac OS X 10_15_2) AppleWebKit/537.36 (KHTML, like Gecko) Chrome/80.0.3987.122 Safari/537.36" 
96.126.125.129 - - [14/May/2020:05:16:17 -0700] "GET /content/statusupdates/posts/photos/checkins/bookmarkedpages?_t=rss HTTP/1.1" 200 10205 "-" "Micro.blog/1.0" 
46.229.168.140 - - [14/May/2020:05:16:36 -0700] "GET /content/rsvp/?q=%23%2B%23non-fiction HTTP/1.1" 200 8518 "-" "Mozilla/5.0 (compatible; SemrushBot/6~bl; +http://www.semrush.com/bot.html)" 
46.229.168.153 - - [14/May/2020:05:16:47 -0700] "GET /2017/in-eager-anticipation---and-celebration---of-tomorrows-return HTTP/1.1" 200 10063 "-" "Mozilla/5.0 (compatible; SemrushBot/6~bl; +http://www.semrush.com/bot.html)" 
71.34.70.114 - - [14/May/2020:05:16:49 -0700] "GET /?_t=rss HTTP/1.1" 200 4501 "-" "Mozilla/5.0 (Windows NT 10.0; Win64; x64; rv:76.0) Gecko/20100101 Firefox/76.0" 
66.249.92.45 - - [14/May/2020:05:17:41 -0700] "GET /2018/whats-the-problem HTTP/1.1" 200 10875 "-" "Mozilla/5.0 (compatible; GoogleDocs; apps-spreadsheets; +http://docs.google.com)" 
46.229.168.146 - - [14/May/2020:05:18:32 -0700] "GET /file/ed4a68ee782982d2288f3af27421bd74/aed5283bdff81b7a323a7fd8b71b94f9 HTTP/1.1" 200 121209 "-" "Mozilla/5.0 (compatible; SemrushBot/6~bl; +http://www.semrush.com/bot.html)" 
46.229.168.129 - - [14/May/2020:05:19:17 -0700] "GET /content/statusupdates/?offset=130 HTTP/1.1" 200 10978 "-" "Mozilla/5.0 (compatible; SemrushBot/6~bl; +http://www.semrush.com/bot.html)" 
71.34.70.114 - - [14/May/2020:05:19:26 -0700] "GET /?_t=rss HTTP/1.1" 200 7680 "-" "Mozilla/5.0 (Windows NT 10.0; Win64; x64; rv:76.0) Gecko/20100101 Firefox/76.0" 
46.229.168.130 - - [14/May/2020:05:19:40 -0700] "GET /content/photos/?offset=0 HTTP/1.1" 200 11575 "-" "Mozilla/5.0 (compatible; SemrushBot/6~bl; +http://www.semrush.com/bot.html)" 
173.230.155.197 - - [14/May/2020:05:20:20 -0700] "GET / HTTP/1.1" 200 55941 "-" "Mozilla/5.0 (Macintosh; Intel Mac OS X 10_12_1) AppleWebKit/537.36 (KHTML, like Gecko) Chrome/57.0.2987.133 Safari/537.36 p3k-http/0.1.5 p3k-watchtower/0.1" 
46.229.168.145 - - [14/May/2020:05:20:54 -0700] "GET /content/photos/?offset=47&q=%23%2B%23sourdough HTTP/1.1" 200 10447 "-" "Mozilla/5.0 (compatible; SemrushBot/6~bl; +http://www.semrush.com/bot.html)" 
71.34.70.114 - - [14/May/2020:05:22:12 -0700] "GET /?_t=rss HTTP/1.1" 200 4501 "-" "Mozilla/5.0 (Windows NT 10.0; Win64; x64; rv:76.0) Gecko/20100101 Firefox/76.0" 
64.111.100.215 - - [14/May/2020:05:22:15 -0700] "GET /content/all?_t=rss HTTP/1.1" 200 14982 "-" "Mozilla/5.0 (X11; U; Linux i686; fr; rv:1.9.1.1) Gecko/20090715 Firefox/3.5.1" 
64.111.100.215 - - [14/May/2020:05:22:15 -0700] "GET /content/all?_t=rss HTTP/1.1" 200 14982 "-" "Mozilla/5.0 (X11; U; Linux i686; fr; rv:1.9.1.1) Gecko/20090715 Firefox/3.5.1" 
40.77.167.166 - - [14/May/2020:05:23:02 -0700] "GET /2018/beardfoundation-congratulations-to-all-the-podcast-nominees-i-look-forward HTTP/1.1" 200 10079 "-" "Mozilla/5.0 (compatible; bingbot/2.0; +http://www.bing.com/bingbot.htm)" 
54.36.148.144 - - [14/May/2020:05:24:29 -0700] "GET /2020/ive-been-getting-myself-in-a-right HTTP/1.1" 200 10621 "-" "Mozilla/5.0 (compatible; AhrefsBot/6.1; +http://ahrefs.com/robot/)" 
71.34.70.114 - - [14/May/2020:05:25:33 -0700] "GET /?_t=rss HTTP/1.1" 200 7680 "-" "Mozilla/5.0 (Windows NT 10.0; Win64; x64; rv:76.0) Gecko/20100101 Firefox/76.0" 
46.229.168.130 - - [14/May/2020:05:25:44 -0700] "GET /content/bookmarkedpages/?offset=0&q=%23%2B%23indieweb HTTP/1.1" 200 11109 "-" "Mozilla/5.0 (compatible; SemrushBot/6~bl; +http://www.semrush.com/bot.html)" 
66.249.66.46 - - [14/May/2020:05:26:07 -0700] "GET /file/545e7775f7dd3e19d3d76500f7bc8fd5 HTTP/1.1" 304 3726 "-" "Googlebot-Image/1.0" 
46.229.168.153 - - [14/May/2020:05:26:27 -0700] "GET /2020/view-from-a-hide HTTP/1.1" 200 9500 "-" "Mozilla/5.0 (compatible; SemrushBot/6~bl; +http://www.semrush.com/bot.html)" 
92.247.181.17 - - [14/May/2020:05:27:07 -0700] "GET /?_t=rss HTTP/1.1" 304 3475 "https://stream.jeremycherfas.net/" "Mozilla/5.0 (compatible; inoreader.com; 1 subscribers)" 
46.229.168.138 - - [14/May/2020:05:27:29 -0700] "GET /2017/how-they-serve-an-espresso HTTP/1.1" 200 11480 "-" "Mozilla/5.0 (compatible; SemrushBot/6~bl; +http://www.semrush.com/bot.html)" 
71.34.70.114 - - [14/May/2020:05:28:38 -0700] "GET /?_t=rss HTTP/1.1" 200 4501 "-" "Mozilla/5.0 (Windows NT 10.0; Win64; x64; rv:76.0) Gecko/20100101 Firefox/76.0" 
77.88.5.71 - - [14/May/2020:05:29:23 -0700] "GET /robots.txt HTTP/1.1" 200 4593 "-" "Mozilla/5.0 (compatible; YandexBot/3.0; +http://yandex.com/bots)" 
77.88.5.71 - - [14/May/2020:05:29:27 -0700] "GET /2017/checked-into-termini?_t=amp HTTP/1.1" 200 9779 "-" "Mozilla/5.0 (compatible; YandexBot/3.0; +http://yandex.com/bots)" 
46.229.168.129 - - [14/May/2020:05:29:36 -0700] "GET /2019/snap HTTP/1.1" 200 9583 "-" "Mozilla/5.0 (compatible; SemrushBot/6~bl; +http://www.semrush.com/bot.html)" 
18.208.251.188 - - [14/May/2020:05:30:15 -0700] "GET /?_t=rss HTTP/1.1" 200 7643 "-" "glitch-feeder/1.0 (+https://glitch.com/~lmo-feeder)" 
66.249.66.46 - - [14/May/2020:05:30:25 -0700] "GET /view/1f0f250e4ab3e35cd911b184fd4b1111 HTTP/1.1" 200 9787 "-" "Mozilla/5.0 (Linux; Android 6.0.1; Nexus 5X Build/MMB29P) AppleWebKit/537.36 (KHTML, like Gecko) Chrome/41.0.2272.96 Mobile Safari/537.36 (compatible; Googlebot/2.1; +http://www.google.com/bot.html)" 
71.34.70.114 - - [14/May/2020:05:31:59 -0700] "GET /?_t=rss HTTP/1.1" 200 7680 "-" "Mozilla/5.0 (Windows NT 10.0; Win64; x64; rv:76.0) Gecko/20100101 Firefox/76.0" 
71.34.70.114 - - [14/May/2020:05:34:42 -0700] "GET /?_t=rss HTTP/1.1" 200 4501 "-" "Mozilla/5.0 (Windows NT 10.0; Win64; x64; rv:76.0) Gecko/20100101 Firefox/76.0" 
207.46.13.93 - - [14/May/2020:05:35:06 -0700] "GET /?q=%23sourdough&_t=rss HTTP/1.1" 200 8155 "-" "Mozilla/5.0 (compatible; bingbot/2.0; +http://www.bing.com/bingbot.htm)" 
46.229.168.133 - - [14/May/2020:05:35:21 -0700] "GET /content/bookmarkedpages/?offset=60 HTTP/1.1" 200 11056 "-" "Mozilla/5.0 (compatible; SemrushBot/6~bl; +http://www.semrush.com/bot.html)" 
207.46.13.83 - - [14/May/2020:05:35:56 -0700] "GET /2018/indieweb-journalism-in-the-wild HTTP/1.1" 200 10825 "-" "Mozilla/5.0 (compatible; bingbot/2.0; +http://www.bing.com/bingbot.htm)" 
207.46.13.93 - - [14/May/2020:05:36:00 -0700] "GET /2019/sebastiaan-has-made-fantastic-progress-towards-indiewebified HTTP/1.1" 200 9674 "-" "Mozilla/5.0 (compatible; bingbot/2.0; +http://www.bing.com/bingbot.htm)" 
46.229.168.147 - - [14/May/2020:05:36:04 -0700] "GET /tag/bread?offset=54 HTTP/1.1" 200 12015 "-" "Mozilla/5.0 (compatible; SemrushBot/6~bl; +http://www.semrush.com/bot.html)" 
207.46.13.83 - - [14/May/2020:05:36:20 -0700] "GET /IdnoPlugins/Checkin/external/stamen-maps/tile.stamen.min.js HTTP/1.1" 200 5382 "-" "Mozilla/5.0 (compatible; bingbot/2.0; +http://www.bing.com/bingbot.htm)" 
207.46.13.92 - - [14/May/2020:05:36:24 -0700] "GET /vendor/npm-asset/jquery/dist/jquery.min.js HTTP/1.1" 200 35326 "-" "Mozilla/5.0 (compatible; bingbot/2.0; +http://www.bing.com/bingbot.htm)" 
46.229.168.154 - - [14/May/2020:05:36:41 -0700] "GET /2020/rachel-cooke-on-criticism-what-is-the-point-of-a HTTP/1.1" 200 9973 "-" "Mozilla/5.0 (compatible; SemrushBot/6~bl; +http://www.semrush.com/bot.html)" 
71.34.70.114 - - [14/May/2020:05:37:19 -0700] "GET /?_t=rss HTTP/1.1" 200 7680 "-" "Mozilla/5.0 (Windows NT 10.0; Win64; x64; rv:76.0) Gecko/20100101 Firefox/76.0" 
54.197.6.195 - - [14/May/2020:05:37:29 -0700] "GET /rss.xml HTTP/1.1" 304 3480 "https://www.google.com/" "Mozilla/5.0 (Windows NT 6.1) AppleWebKit/537.36 (KHTML, like Gecko) Chrome/80.0.3987.132 Safari/537.36" 
46.229.168.149 - - [14/May/2020:05:37:48 -0700] "GET /content/posts/?q=%23%2B%23indieweb HTTP/1.1" 200 17612 "-" "Mozilla/5.0 (compatible; SemrushBot/6~bl; +http://www.semrush.com/bot.html)" 
66.249.92.49 - - [14/May/2020:05:37:51 -0700] "GET /2018/whats-the-problem HTTP/1.1" 200 10875 "-" "Mozilla/5.0 (compatible; GoogleDocs; apps-spreadsheets; +http://docs.google.com)" 
64.111.100.215 - - [14/May/2020:05:37:53 -0700] "GET /content/all?_t=rss HTTP/1.1" 200 14982 "-" "Mozilla/5.0 (X11; U; Linux i686; fr; rv:1.9.1.1) Gecko/20090715 Firefox/3.5.1" 
64.111.100.215 - - [14/May/2020:05:37:56 -0700] "GET /content/all?_t=rss HTTP/1.1" 200 14982 "-" "Mozilla/5.0 (X11; U; Linux i686; fr; rv:1.9.1.1) Gecko/20090715 Firefox/3.5.1" 
64.111.100.215 - - [14/May/2020:05:37:57 -0700] "GET /content/all?_t=rss HTTP/1.1" 200 14982 "-" "Mozilla/5.0 (X11; U; Linux i686; fr; rv:1.9.1.1) Gecko/20090715 Firefox/3.5.1" 
