64.111.100.215 - - [21/May/2020:07:00:06 -0700] "GET /content/all?_t=rss HTTP/1.1" 200 16866 "-" "Mozilla/5.0 (X11; U; Linux i686; fr; rv:1.9.1.1) Gecko/20090715 Firefox/3.5.1" 
100.25.16.139 - - [21/May/2020:07:00:20 -0700] "GET /?_t=rss HTTP/1.1" 200 7867 "-" "glitch-feeder/1.0 (+https://glitch.com/~lmo-feeder)" 
100.25.16.139 - - [21/May/2020:07:00:21 -0700] "GET /2020/in-the-olden-days-these-sincere-email HTTP/1.1" 200 25579 "-" "-" 
71.34.70.114 - - [21/May/2020:07:01:21 -0700] "GET /?_t=rss HTTP/1.1" 200 4725 "-" "Mozilla/5.0 (Windows NT 10.0; Win64; x64; rv:76.0) Gecko/20100101 Firefox/76.0" 
167.99.111.28 - - [21/May/2020:07:02:43 -0700] "GET /?_t=rss HTTP/1.1" 200 7637 "-" "Feedbin feed-id:1536727 - 1 subscribers" 
207.46.13.111 - - [21/May/2020:07:03:10 -0700] "GET /2019/using-omnibear-to-reply-to-this-post HTTP/1.1" 200 9594 "-" "Mozilla/5.0 (compatible; bingbot/2.0; +http://www.bing.com/bingbot.htm)" 
5.188.210.61 - - [21/May/2020:07:04:12 -0700] "GET /profile/jeremy?offset=106 HTTP/1.0" 200 136892 "https://stream.jeremycherfas.net/profile/jeremy?offset=106" "Mozilla/5.0 (Windows NT 6.3; Win64; x64) AppleWebKit/537.36 (KHTML, like Gecko) Chrome/66.0.3359.181 Safari/537.36" 
5.188.210.61 - - [21/May/2020:07:04:14 -0700] "POST /comments/post HTTP/1.0" 403 17067 "https://stream.jeremycherfas.net/profile/jeremy?offset=106" "Mozilla/5.0 (Windows NT 6.3; Win64; x64) AppleWebKit/537.36 (KHTML, like Gecko) Chrome/66.0.3359.181 Safari/537.36" 
46.229.168.147 - - [21/May/2020:07:04:27 -0700] "GET /?q=%23%2B%23norovirus HTTP/1.1" 200 8484 "-" "Mozilla/5.0 (compatible; SemrushBot/6~bl; +http://www.semrush.com/bot.html)" 
71.34.70.114 - - [21/May/2020:07:04:36 -0700] "GET /?_t=rss HTTP/1.1" 200 7904 "-" "Mozilla/5.0 (Windows NT 10.0; Win64; x64; rv:76.0) Gecko/20100101 Firefox/76.0" 
46.229.168.144 - - [21/May/2020:07:04:46 -0700] "GET /2017/olive-levain-for-good-taste-and-creamy-texture-excellent-per HTTP/1.1" 200 9854 "-" "Mozilla/5.0 (compatible; SemrushBot/6~bl; +http://www.semrush.com/bot.html)" 
45.79.26.51 - - [21/May/2020:07:04:46 -0700] "GET /content/statusupdates/posts/photos/checkins/bookmarkedpages?_t=rss HTTP/1.1" 200 8038 "-" "Micro.blog/1.0" 
193.58.246.104 - - [21/May/2020:07:04:57 -0700] "GET /file/ef801e05730eba56004c5b712ad84731/thumb.jpg HTTP/1.1" 200 25802 "-" "Mozilla/5.0 (Windows NT 10.0; Win64; x64) AppleWebKit/537.36 (KHTML, like Gecko) Chrome/81.0.4044.138 Safari/537.36" 
5.188.210.61 - - [21/May/2020:07:05:22 -0700] "GET /profile/jeremy?offset=106 HTTP/1.1" 200 17566 "-" "Mozilla/5.0 (Windows NT 6.1; Win64; x64; rv:62.0) Gecko/20100101 Firefox/62.0" 
45.79.26.51 - - [21/May/2020:07:05:46 -0700] "GET /content/statusupdates/posts/photos/checkins/bookmarkedpages?_t=rss HTTP/1.1" 200 8038 "-" "Micro.blog/1.0" 
114.119.160.61 - - [21/May/2020:07:06:37 -0700] "GET /2018/the-future-is-here-with-clinklucy-at-steamboattiff HTTP/1.1" 200 13530 "-" "Mozilla/5.0 (Linux; Android 7.0;) AppleWebKit/537.36 (KHTML, like Gecko) Mobile Safari/537.36 (compatible; PetalBot;+https://aspiegel.com/petalbot)" 
96.126.125.129 - - [21/May/2020:07:06:37 -0700] "GET /content/statusupdates/posts/photos/checkins/bookmarkedpages?_t=rss HTTP/1.1" 200 8043 "-" "Micro.blog/1.0" 
45.79.26.51 - - [21/May/2020:07:07:10 -0700] "GET /content/statusupdates/posts/photos/checkins/bookmarkedpages?_t=rss HTTP/1.1" 200 8038 "-" "Micro.blog/1.0" 
46.229.168.141 - - [21/May/2020:07:07:12 -0700] "GET /2019/glorious-morning HTTP/1.1" 200 13321 "-" "Mozilla/5.0 (compatible; SemrushBot/6~bl; +http://www.semrush.com/bot.html)" 
71.34.70.114 - - [21/May/2020:07:07:28 -0700] "GET /?_t=rss HTTP/1.1" 200 4725 "-" "Mozilla/5.0 (Windows NT 10.0; Win64; x64; rv:76.0) Gecko/20100101 Firefox/76.0" 
46.229.168.161 - - [21/May/2020:07:08:39 -0700] "GET /2017/quick-gotcha-i-moved-this-withknown-site-from-shared-hosting HTTP/1.1" 200 9552 "-" "Mozilla/5.0 (compatible; SemrushBot/6~bl; +http://www.semrush.com/bot.html)" 
71.34.70.114 - - [21/May/2020:07:10:38 -0700] "GET /?_t=rss HTTP/1.1" 200 7904 "-" "Mozilla/5.0 (Windows NT 10.0; Win64; x64; rv:76.0) Gecko/20100101 Firefox/76.0" 
92.247.181.17 - - [21/May/2020:07:10:41 -0700] "GET /?_t=rss HTTP/1.1" 200 7637 "https://stream.jeremycherfas.net/" "Mozilla/5.0 (compatible; inoreader.com; 1 subscribers)" 
66.249.64.176 - - [21/May/2020:07:11:40 -0700] "GET /?q=%23bread&_t=amp&offset=30 HTTP/1.1" 200 12978 "-" "Mozilla/5.0 (Linux; Android 6.0.1; Nexus 5X Build/MMB29P) AppleWebKit/537.36 (KHTML, like Gecko) Chrome/80.0.3987.92 Mobile Safari/537.36 (compatible; Googlebot/2.1; +http://www.google.com/bot.html)" 
66.249.64.112 - - [21/May/2020:07:12:18 -0700] "GET /2019/untitled-29 HTTP/1.1" 200 12710 "-" "Mozilla/5.0 (Linux; Android 6.0.1; Nexus 5X Build/MMB29P) AppleWebKit/537.36 (KHTML, like Gecko) Chrome/80.0.3987.92 Mobile Safari/537.36 (compatible; Googlebot/2.1; +http://www.google.com/bot.html)" 
46.229.168.152 - - [21/May/2020:07:12:37 -0700] "GET /?offset=43&q=%23%2B%23sourdough HTTP/1.1" 200 11729 "-" "Mozilla/5.0 (compatible; SemrushBot/6~bl; +http://www.semrush.com/bot.html)" 
114.119.160.61 - - [21/May/2020:07:13:46 -0700] "GET /file/f4dc0adb25fc8d761e727246f330ad9d/thumb.jpg HTTP/1.1" 200 85677 "-" "Mozilla/5.0 (Linux; Android 7.0;) AppleWebKit/537.36 (KHTML, like Gecko) Mobile Safari/537.36 (compatible; PetalBot;+https://aspiegel.com/petalbot)" 
71.34.70.114 - - [21/May/2020:07:14:00 -0700] "GET /?_t=rss HTTP/1.1" 200 4725 "-" "Mozilla/5.0 (Windows NT 10.0; Win64; x64; rv:76.0) Gecko/20100101 Firefox/76.0" 
46.229.168.147 - - [21/May/2020:07:14:46 -0700] "GET /content/photos/?offset=42&q=%23bread HTTP/1.1" 200 12274 "-" "Mozilla/5.0 (compatible; SemrushBot/6~bl; +http://www.semrush.com/bot.html)" 
96.126.125.129 - - [21/May/2020:07:14:54 -0700] "GET /content/statusupdates/posts/photos/checkins/bookmarkedpages?_t=rss HTTP/1.1" 200 8043 "-" "Micro.blog/1.0" 
64.111.100.215 - - [21/May/2020:07:15:06 -0700] "GET /content/all?_t=rss HTTP/1.1" 200 16866 "-" "Mozilla/5.0 (X11; U; Linux i686; fr; rv:1.9.1.1) Gecko/20090715 Firefox/3.5.1" 
62.210.92.16 - - [21/May/2020:07:15:07 -0700] "GET /robots.txt HTTP/1.1" 200 4378 "-" "BarkRowler/0.9 (+https://babbar.tech/crawler)" 
64.111.100.215 - - [21/May/2020:07:15:07 -0700] "GET /content/all?_t=rss HTTP/1.1" 200 16866 "-" "Mozilla/5.0 (X11; U; Linux i686; fr; rv:1.9.1.1) Gecko/20090715 Firefox/3.5.1" 
62.210.92.16 - - [21/May/2020:07:16:09 -0700] "GET /2018/2018-01-12 HTTP/1.1" 200 9708 "-" "BarkRowler/0.9 (+https://babbar.tech/crawler)" 
46.229.168.152 - - [21/May/2020:07:16:12 -0700] "GET /content/bookmarkedpages/?q=%23%2B%23Hearsay19 HTTP/1.1" 200 8529 "-" "Mozilla/5.0 (compatible; SemrushBot/6~bl; +http://www.semrush.com/bot.html)" 
62.210.92.16 - - [21/May/2020:07:16:39 -0700] "GET /2017/kongaloosh HTTP/1.1" 200 9642 "-" "BarkRowler/0.9 (+https://babbar.tech/crawler)" 
46.229.168.134 - - [21/May/2020:07:16:40 -0700] "GET /content/all/?offset=45&q=%23Sourdough HTTP/1.1" 200 11798 "-" "Mozilla/5.0 (compatible; SemrushBot/6~bl; +http://www.semrush.com/bot.html)" 
71.34.70.114 - - [21/May/2020:07:16:46 -0700] "GET /?_t=rss HTTP/1.1" 200 7904 "-" "Mozilla/5.0 (Windows NT 10.0; Win64; x64; rv:76.0) Gecko/20100101 Firefox/76.0" 
18.206.95.200 - - [21/May/2020:07:16:57 -0700] "GET /content/audio/?_t=rss HTTP/1.1" 304 3480 "https://www.google.com/" "Mozilla/5.0 (Windows NT 10.0; Win64; x64) AppleWebKit/537.36 (KHTML, like Gecko) Chrome/74.0.3729.169 Safari/537.36" 
62.210.92.16 - - [21/May/2020:07:17:09 -0700] "GET /2018/-indieauth-for-wordpress HTTP/1.1" 200 9335 "-" "BarkRowler/0.9 (+https://babbar.tech/crawler)" 
62.210.92.16 - - [21/May/2020:07:17:40 -0700] "GET /2017/content-bloat-privacy-archives HTTP/1.1" 200 9253 "-" "BarkRowler/0.9 (+https://babbar.tech/crawler)" 
62.210.92.16 - - [21/May/2020:07:18:10 -0700] "GET /2018/how-long-should-a-podcast-be HTTP/1.1" 200 10422 "-" "BarkRowler/0.9 (+https://babbar.tech/crawler)" 
62.210.92.16 - - [21/May/2020:07:18:41 -0700] "GET /2018/thanks-aaron-for-your-mention-of-my HTTP/1.1" 200 9561 "-" "BarkRowler/0.9 (+https://babbar.tech/crawler)" 
46.229.168.151 - - [21/May/2020:07:19:01 -0700] "GET /content/all/?offset=16&q=%23sourdough HTTP/1.1" 200 11915 "-" "Mozilla/5.0 (compatible; SemrushBot/6~bl; +http://www.semrush.com/bot.html)" 
62.210.92.16 - - [21/May/2020:07:19:11 -0700] "GET /2018/i-have-a-feeling-i-saw-this HTTP/1.1" 200 10029 "-" "BarkRowler/0.9 (+https://babbar.tech/crawler)" 
71.34.70.114 - - [21/May/2020:07:19:24 -0700] "GET /?_t=rss HTTP/1.1" 200 4725 "-" "Mozilla/5.0 (Windows NT 10.0; Win64; x64; rv:76.0) Gecko/20100101 Firefox/76.0" 
62.210.92.16 - - [21/May/2020:07:19:42 -0700] "GET /2019/here-we-go-again-with-new-york HTTP/1.1" 200 9427 "-" "BarkRowler/0.9 (+https://babbar.tech/crawler)" 
46.229.168.145 - - [21/May/2020:07:20:01 -0700] "GET /2019/out-and-about HTTP/1.1" 200 9607 "-" "Mozilla/5.0 (compatible; SemrushBot/6~bl; +http://www.semrush.com/bot.html)" 
62.210.92.16 - - [21/May/2020:07:20:12 -0700] "GET /2019/what-is-the-woman-on-the-left HTTP/1.1" 200 9282 "-" "BarkRowler/0.9 (+https://babbar.tech/crawler)" 
40.77.167.32 - - [21/May/2020:07:20:32 -0700] "GET /file/65a99226016a19b8692a2db8e86a14b2/igxSTgQM.jpg HTTP/1.1" 200 41360 "-" "Mozilla/5.0 (compatible; bingbot/2.0; +http://www.bing.com/bingbot.htm)" 
62.210.92.16 - - [21/May/2020:07:20:42 -0700] "GET /2019/forewarned-is-forearmed-thanks HTTP/1.1" 200 9237 "-" "BarkRowler/0.9 (+https://babbar.tech/crawler)" 
46.229.168.153 - - [21/May/2020:07:20:52 -0700] "GET /content/all/?offset=27&q=%23%2B%23WithKnown HTTP/1.1" 200 13154 "-" "Mozilla/5.0 (compatible; SemrushBot/6~bl; +http://www.semrush.com/bot.html)" 
114.119.166.187 - - [21/May/2020:07:21:03 -0700] "GET /content/photos?q=%23%2B%23leaven HTTP/1.1" 200 12474 "-" "Mozilla/5.0 (Linux; Android 7.0;) AppleWebKit/537.36 (KHTML, like Gecko) Mobile Safari/537.36 (compatible; PetalBot;+https://aspiegel.com/petalbot)" 
62.210.92.16 - - [21/May/2020:07:21:13 -0700] "GET /2019/ive-always-fond-rss-indispensable-as-for HTTP/1.1" 200 9366 "-" "BarkRowler/0.9 (+https://babbar.tech/crawler)" 
46.229.168.153 - - [21/May/2020:07:21:15 -0700] "GET /2018/phoneboy-as-you-cross-posted-here-i HTTP/1.1" 200 9743 "-" "Mozilla/5.0 (compatible; SemrushBot/6~bl; +http://www.semrush.com/bot.html)" 
45.79.26.51 - - [21/May/2020:07:21:34 -0700] "GET /content/statusupdates/posts/photos/checkins/bookmarkedpages?_t=rss HTTP/1.1" 200 8038 "-" "Micro.blog/1.0" 
66.249.64.110 - - [21/May/2020:07:21:37 -0700] "GET /robots.txt HTTP/1.1" 200 4589 "-" "Mozilla/5.0 (compatible; Googlebot/2.1; +http://www.google.com/bot.html)" 
66.249.64.112 - - [21/May/2020:07:21:37 -0700] "GET /2018/how-i-set-up-my-indieweb-wordpress-site-2018-edition HTTP/1.1" 304 3742 "-" "Mozilla/5.0 (Linux; Android 6.0.1; Nexus 5X Build/MMB29P) AppleWebKit/537.36 (KHTML, like Gecko) Chrome/80.0.3987.92 Mobile Safari/537.36 (compatible; Googlebot/2.1; +http://www.google.com/bot.html)" 
173.230.155.197 - - [21/May/2020:07:21:40 -0700] "GET / HTTP/1.1" 200 58011 "-" "Mozilla/5.0 (Macintosh; Intel Mac OS X 10_12_1) AppleWebKit/537.36 (KHTML, like Gecko) Chrome/57.0.2987.133 Safari/537.36 p3k-http/0.1.5 p3k-watchtower/0.1" 
62.210.92.16 - - [21/May/2020:07:21:43 -0700] "GET /2017/bookmarks-favs-likes---backfilling-years-of-gaps HTTP/1.1" 200 9453 "-" "BarkRowler/0.9 (+https://babbar.tech/crawler)" 
173.230.155.197 - - [21/May/2020:07:21:45 -0700] "GET /file/14d6b0d5e04c9e78a301146ac7d80a1a/thumb.jpg HTTP/1.1" 200 164488 "-" "-" 
173.230.155.197 - - [21/May/2020:07:21:46 -0700] "GET /file/08e86f193404f12625b63f65a911b7d3/thumb.jpg HTTP/1.1" 200 150993 "-" "-" 
46.229.168.131 - - [21/May/2020:07:22:02 -0700] "GET /content/photos/?offset=30&q=%23%2B%23%23bread HTTP/1.1" 200 12402 "-" "Mozilla/5.0 (compatible; SemrushBot/6~bl; +http://www.semrush.com/bot.html)" 
62.210.92.16 - - [21/May/2020:07:22:14 -0700] "GET /2017/not-exactly-sure-what-colin-devroe-means-when-he-says HTTP/1.1" 200 10021 "-" "BarkRowler/0.9 (+https://babbar.tech/crawler)" 
71.34.70.114 - - [21/May/2020:07:22:33 -0700] "GET /?_t=rss HTTP/1.1" 200 7904 "-" "Mozilla/5.0 (Windows NT 10.0; Win64; x64; rv:76.0) Gecko/20100101 Firefox/76.0" 
62.210.92.16 - - [21/May/2020:07:22:44 -0700] "GET / HTTP/1.1" 200 11983 "-" "BarkRowler/0.9 (+https://babbar.tech/crawler)" 
46.229.168.143 - - [21/May/2020:07:23:48 -0700] "GET /content/all/?offset=47&q=%23withknown HTTP/1.1" 200 11584 "-" "Mozilla/5.0 (compatible; SemrushBot/6~bl; +http://www.semrush.com/bot.html)" 
96.126.125.129 - - [21/May/2020:07:24:29 -0700] "GET /content/statusupdates/posts/photos/checkins/bookmarkedpages?_t=rss HTTP/1.1" 200 8043 "-" "Micro.blog/1.0" 
207.46.13.71 - - [21/May/2020:07:24:39 -0700] "GET /2019/currently-reading-50-ways-to-cook-a HTTP/1.1" 200 10136 "-" "Mozilla/5.0 (compatible; bingbot/2.0; +http://www.bing.com/bingbot.htm)" 
46.229.168.137 - - [21/May/2020:07:24:58 -0700] "GET /2017/best-chilli-in-rome HTTP/1.1" 200 10507 "-" "Mozilla/5.0 (compatible; SemrushBot/6~bl; +http://www.semrush.com/bot.html)" 
71.34.70.114 - - [21/May/2020:07:25:14 -0700] "GET /?_t=rss HTTP/1.1" 200 4725 "-" "Mozilla/5.0 (Windows NT 10.0; Win64; x64; rv:76.0) Gecko/20100101 Firefox/76.0" 
40.77.167.189 - - [21/May/2020:07:26:21 -0700] "GET /2018/this-is-worrying-i-received-a-message HTTP/1.1" 200 9898 "-" "Mozilla/5.0 (compatible; bingbot/2.0; +http://www.bing.com/bingbot.htm)" 
114.119.164.86 - - [21/May/2020:07:28:22 -0700] "GET /file/c05d0bc52b58186abd8f47c7d98e30b4/thumb.jpg HTTP/1.1" 404 7951 "-" "Mozilla/5.0 (Linux; Android 7.0;) AppleWebKit/537.36 (KHTML, like Gecko) Mobile Safari/537.36 (compatible; PetalBot;+https://aspiegel.com/petalbot)" 
71.34.70.114 - - [21/May/2020:07:28:22 -0700] "GET /?_t=rss HTTP/1.1" 200 7904 "-" "Mozilla/5.0 (Windows NT 10.0; Win64; x64; rv:76.0) Gecko/20100101 Firefox/76.0" 
213.205.242.21 - - [21/May/2020:07:28:34 -0700] "GET /file/5f41e6832c38e2b8f27bb7e63acbee56 HTTP/1.1" 200 244667 "https://www.google.com/" "Mozilla/5.0 (Linux; Android 9; CLT-L09) AppleWebKit/537.36 (KHTML, like Gecko) Chrome/81.0.4044.138 Mobile Safari/537.36" 
96.126.125.129 - - [21/May/2020:07:29:09 -0700] "GET /content/statusupdates/posts/photos/checkins/bookmarkedpages?_t=rss HTTP/1.1" 200 8043 "-" "Micro.blog/1.0" 
46.229.168.145 - - [21/May/2020:07:29:19 -0700] "GET /tag/podcast?offset=52 HTTP/1.1" 200 10557 "-" "Mozilla/5.0 (compatible; SemrushBot/6~bl; +http://www.semrush.com/bot.html)" 
46.229.168.131 - - [21/May/2020:07:29:41 -0700] "GET /content/posts/?offset=2&q=%23%2B%23WithKnown HTTP/1.1" 200 15309 "-" "Mozilla/5.0 (compatible; SemrushBot/6~bl; +http://www.semrush.com/bot.html)" 
64.111.100.215 - - [21/May/2020:07:30:14 -0700] "GET /content/all?_t=rss HTTP/1.1" 200 16866 "-" "Mozilla/5.0 (X11; U; Linux i686; fr; rv:1.9.1.1) Gecko/20090715 Firefox/3.5.1" 
207.46.13.111 - - [21/May/2020:07:30:25 -0700] "GET /2018/my-version-of-hamelmans-rustic-bread-p-115-1st-edn HTTP/1.1" 200 11125 "-" "Mozilla/5.0 (compatible; bingbot/2.0; +http://www.bing.com/bingbot.htm)" 
46.229.168.133 - - [21/May/2020:07:30:39 -0700] "GET /robots.txt HTTP/1.1" 200 4552 "-" "Mozilla/5.0 (compatible; SemrushBot/6~bl; +http://www.semrush.com/bot.html)" 
46.229.168.148 - - [21/May/2020:07:30:39 -0700] "GET /content/locations/?offset=0 HTTP/1.1" 200 11639 "-" "Mozilla/5.0 (compatible; SemrushBot/6~bl; +http://www.semrush.com/bot.html)" 
71.34.70.114 - - [21/May/2020:07:31:04 -0700] "GET /?_t=rss HTTP/1.1" 200 4725 "-" "Mozilla/5.0 (Windows NT 10.0; Win64; x64; rv:76.0) Gecko/20100101 Firefox/76.0" 
66.249.64.110 - - [21/May/2020:07:31:37 -0700] "GET /?offset=1129 HTTP/1.1" 304 51473 "-" "Mozilla/5.0 (Linux; Android 6.0.1; Nexus 5X Build/MMB29P) AppleWebKit/537.36 (KHTML, like Gecko) Chrome/80.0.3987.92 Mobile Safari/537.36 (compatible; Googlebot/2.1; +http://www.google.com/bot.html)" 
71.34.70.114 - - [21/May/2020:07:33:41 -0700] "GET /?_t=rss HTTP/1.1" 200 7904 "-" "Mozilla/5.0 (Windows NT 10.0; Win64; x64; rv:76.0) Gecko/20100101 Firefox/76.0" 
46.229.168.146 - - [21/May/2020:07:35:00 -0700] "GET /content/locations/?q=%23indieweb HTTP/1.1" 200 8496 "-" "Mozilla/5.0 (compatible; SemrushBot/6~bl; +http://www.semrush.com/bot.html)" 
114.119.160.143 - - [21/May/2020:07:35:44 -0700] "GET /content/rsvp?q=%23%2B%23blossomsoflight HTTP/1.1" 200 8332 "-" "Mozilla/5.0 (Linux; Android 7.0;) AppleWebKit/537.36 (KHTML, like Gecko) Mobile Safari/537.36 (compatible; PetalBot;+https://aspiegel.com/petalbot)" 
71.34.70.114 - - [21/May/2020:07:36:13 -0700] "GET /?_t=rss HTTP/1.1" 200 4725 "-" "Mozilla/5.0 (Windows NT 10.0; Win64; x64; rv:76.0) Gecko/20100101 Firefox/76.0" 
66.249.64.112 - - [21/May/2020:07:36:18 -0700] "GET /content/all/?q=%23+%23rye&offset=20&_t=rss HTTP/1.1" 200 6846 "-" "Mozilla/5.0 (Linux; Android 6.0.1; Nexus 5X Build/MMB29P) AppleWebKit/537.36 (KHTML, like Gecko) Chrome/80.0.3987.92 Mobile Safari/537.36 (compatible; Googlebot/2.1; +http://www.google.com/bot.html)" 
46.229.168.130 - - [21/May/2020:07:36:30 -0700] "GET /content/all/?q=%23%2B%23leaven HTTP/1.1" 200 12712 "-" "Mozilla/5.0 (compatible; SemrushBot/6~bl; +http://www.semrush.com/bot.html)" 
167.172.219.252 - - [21/May/2020:07:36:45 -0700] "GET /?_t=rss HTTP/1.1" 304 3475 "-" "Feedbin feed-id:1536727 - 1 subscribers" 
207.46.13.111 - - [21/May/2020:07:37:20 -0700] "GET /2019/happy-to-confirm-that-saut%C3%A9ed-radishes-with-the-tops-are HTTP/1.1" 200 14098 "-" "Mozilla/5.0 (compatible; bingbot/2.0; +http://www.bing.com/bingbot.htm)" 
96.126.125.129 - - [21/May/2020:07:38:00 -0700] "GET /content/statusupdates/posts/photos/checkins/bookmarkedpages?_t=rss HTTP/1.1" 200 8043 "-" "Micro.blog/1.0" 
45.79.26.51 - - [21/May/2020:07:38:05 -0700] "GET /content/statusupdates/posts/photos/checkins/bookmarkedpages?_t=rss HTTP/1.1" 200 8038 "-" "Micro.blog/1.0" 
46.229.168.153 - - [21/May/2020:07:38:43 -0700] "GET /content/all/?offset=56&q=%23%2B%23%23bread HTTP/1.1" 200 11905 "-" "Mozilla/5.0 (compatible; SemrushBot/6~bl; +http://www.semrush.com/bot.html)" 
71.34.70.114 - - [21/May/2020:07:38:53 -0700] "GET /?_t=rss HTTP/1.1" 200 7904 "-" "Mozilla/5.0 (Windows NT 10.0; Win64; x64; rv:76.0) Gecko/20100101 Firefox/76.0" 
96.126.125.129 - - [21/May/2020:07:38:57 -0700] "GET /content/statusupdates/posts/photos/checkins/bookmarkedpages?_t=rss HTTP/1.1" 200 8043 "-" "Micro.blog/1.0" 
46.229.168.131 - - [21/May/2020:07:40:45 -0700] "GET /2018/omg-it-worked-thanks-claudia HTTP/1.1" 200 11753 "-" "Mozilla/5.0 (compatible; SemrushBot/6~bl; +http://www.semrush.com/bot.html)" 
66.249.64.110 - - [21/May/2020:07:41:02 -0700] "GET /content/all/?q=%23+%23rye&offset=24 HTTP/1.1" 200 9067 "-" "Mozilla/5.0 (Linux; Android 6.0.1; Nexus 5X Build/MMB29P) AppleWebKit/537.36 (KHTML, like Gecko) Chrome/80.0.3987.92 Mobile Safari/537.36 (compatible; Googlebot/2.1; +http://www.google.com/bot.html)" 
5.188.210.79 - - [21/May/2020:07:41:05 -0700] "GET /2017/sunday-night-supper-maddhur-jeffrey-lentils-and-gujarati-carrot-salad HTTP/1.0" 200 43018 "https://stream.jeremycherfas.net/2017/sunday-night-supper-maddhur-jeffrey-lentils-and-gujarati-carrot-salad" "Mozilla/5.0 (Windows NT 6.3; Win64; x64) AppleWebKit/537.36 (KHTML, like Gecko) Chrome/68.0.3440.106 Safari/537.36" 
5.188.210.79 - - [21/May/2020:07:41:06 -0700] "POST /comments/post HTTP/1.0" 403 17067 "https://stream.jeremycherfas.net/2017/sunday-night-supper-maddhur-jeffrey-lentils-and-gujarati-carrot-salad" "Mozilla/5.0 (Windows NT 6.3; Win64; x64) AppleWebKit/537.36 (KHTML, like Gecko) Chrome/68.0.3440.106 Safari/537.36" 
54.86.176.58 - - [21/May/2020:07:41:11 -0700] "GET /profile/jeremy?offset=0&_t=rss HTTP/1.1" 304 3480 "https://www.google.com/" "Mozilla/5.0 (Windows NT 10.0; rv:68.0) Gecko/20100101 Firefox/68.0" 
46.229.168.151 - - [21/May/2020:07:41:29 -0700] "GET /tag/cooking HTTP/1.1" 200 10656 "-" "Mozilla/5.0 (compatible; SemrushBot/6~bl; +http://www.semrush.com/bot.html)" 
67.161.240.196 - - [21/May/2020:07:41:39 -0700] "GET /2020/in-the-olden-days-these-sincere-email HTTP/1.1" 200 9425 "https://webmention.io/dashboard" "Mozilla/5.0 (iPad; CPU OS 13_4 like Mac OS X) AppleWebKit/605.1.15 (KHTML, like Gecko) CriOS/81.0.4044.124 Mobile/15E148 Safari/604.1" 
67.161.240.196 - - [21/May/2020:07:41:39 -0700] "GET /vendor/npm-asset/jquery/dist/jquery.min.js HTTP/1.1" 200 32009 "https://stream.jeremycherfas.net/2020/in-the-olden-days-these-sincere-email" "Mozilla/5.0 (iPad; CPU OS 13_4 like Mac OS X) AppleWebKit/605.1.15 (KHTML, like Gecko) CriOS/81.0.4044.124 Mobile/15E148 Safari/604.1" 
67.161.240.196 - - [21/May/2020:07:41:39 -0700] "GET /vendor/npm-asset/bootstrap-accessibility-plugin/plugins/js/bootstrap-accessibility.min.js HTTP/1.1" 200 4813 "https://stream.jeremycherfas.net/2020/in-the-olden-days-these-sincere-email" "Mozilla/5.0 (iPad; CPU OS 13_4 like Mac OS X) AppleWebKit/605.1.15 (KHTML, like Gecko) CriOS/81.0.4044.124 Mobile/15E148 Safari/604.1" 
67.161.240.196 - - [21/May/2020:07:41:39 -0700] "GET /vendor/twbs/bootstrap/dist/css/bootstrap.min.css HTTP/1.1" 200 20915 "https://stream.jeremycherfas.net/2020/in-the-olden-days-these-sincere-email" "Mozilla/5.0 (iPad; CPU OS 13_4 like Mac OS X) AppleWebKit/605.1.15 (KHTML, like Gecko) CriOS/81.0.4044.124 Mobile/15E148 Safari/604.1" 
67.161.240.196 - - [21/May/2020:07:41:39 -0700] "GET /vendor/forkawesome/fork-awesome/css/fork-awesome.min.css HTTP/1.1" 200 8923 "https://stream.jeremycherfas.net/2020/in-the-olden-days-these-sincere-email" "Mozilla/5.0 (iPad; CPU OS 13_4 like Mac OS X) AppleWebKit/605.1.15 (KHTML, like Gecko) CriOS/81.0.4044.124 Mobile/15E148 Safari/604.1" 
67.161.240.196 - - [21/May/2020:07:41:40 -0700] "GET /vendor/forkawesome/fork-awesome/css/v5-compat.min.css HTTP/1.1" 200 2616 "https://stream.jeremycherfas.net/2020/in-the-olden-days-these-sincere-email" "Mozilla/5.0 (iPad; CPU OS 13_4 like Mac OS X) AppleWebKit/605.1.15 (KHTML, like Gecko) CriOS/81.0.4044.124 Mobile/15E148 Safari/604.1" 
67.161.240.196 - - [21/May/2020:07:41:40 -0700] "GET /js/1579440966/known.min.js HTTP/1.1" 200 4924 "https://stream.jeremycherfas.net/2020/in-the-olden-days-these-sincere-email" "Mozilla/5.0 (iPad; CPU OS 13_4 like Mac OS X) AppleWebKit/605.1.15 (KHTML, like Gecko) CriOS/81.0.4044.124 Mobile/15E148 Safari/604.1" 
67.161.240.196 - - [21/May/2020:07:41:40 -0700] "GET /vendor/npm-asset/bootstrap-toggle/js/bootstrap-toggle.js HTTP/1.1" 200 2106 "https://stream.jeremycherfas.net/2020/in-the-olden-days-these-sincere-email" "Mozilla/5.0 (iPad; CPU OS 13_4 like Mac OS X) AppleWebKit/605.1.15 (KHTML, like Gecko) CriOS/81.0.4044.124 Mobile/15E148 Safari/604.1" 
67.161.240.196 - - [21/May/2020:07:41:40 -0700] "GET /css/1579440965/known.min.css HTTP/1.1" 200 7758 "https://stream.jeremycherfas.net/2020/in-the-olden-days-these-sincere-email" "Mozilla/5.0 (iPad; CPU OS 13_4 like Mac OS X) AppleWebKit/605.1.15 (KHTML, like Gecko) CriOS/81.0.4044.124 Mobile/15E148 Safari/604.1" 
67.161.240.196 - - [21/May/2020:07:41:40 -0700] "GET /vendor/npm-asset/bootstrap-toggle/css/bootstrap-toggle.min.css HTTP/1.1" 200 1061 "https://stream.jeremycherfas.net/2020/in-the-olden-days-these-sincere-email" "Mozilla/5.0 (iPad; CPU OS 13_4 like Mac OS X) AppleWebKit/605.1.15 (KHTML, like Gecko) CriOS/81.0.4044.124 Mobile/15E148 Safari/604.1" 
67.161.240.196 - - [21/May/2020:07:41:40 -0700] "GET /vendor/idno/mentionjs/recommended-styles.css HTTP/1.1" 200 682 "https://stream.jeremycherfas.net/2020/in-the-olden-days-these-sincere-email" "Mozilla/5.0 (iPad; CPU OS 13_4 like Mac OS X) AppleWebKit/605.1.15 (KHTML, like Gecko) CriOS/81.0.4044.124 Mobile/15E148 Safari/604.1" 
67.161.240.196 - - [21/May/2020:07:41:40 -0700] "GET /IdnoPlugins/Checkin/external/leaflet/leaflet.min.css HTTP/1.1" 200 2556 "https://stream.jeremycherfas.net/2020/in-the-olden-days-these-sincere-email" "Mozilla/5.0 (iPad; CPU OS 13_4 like Mac OS X) AppleWebKit/605.1.15 (KHTML, like Gecko) CriOS/81.0.4044.124 Mobile/15E148 Safari/604.1" 
67.161.240.196 - - [21/May/2020:07:41:40 -0700] "GET /IdnoPlugins/Checkin/external/leaflet/leaflet.js HTTP/1.1" 200 34144 "https://stream.jeremycherfas.net/2020/in-the-olden-days-these-sincere-email" "Mozilla/5.0 (iPad; CPU OS 13_4 like Mac OS X) AppleWebKit/605.1.15 (KHTML, like Gecko) CriOS/81.0.4044.124 Mobile/15E148 Safari/604.1" 
67.161.240.196 - - [21/May/2020:07:41:40 -0700] "GET /IdnoPlugins/Checkin/external/stamen-maps/tile.stamen.min.js HTTP/1.1" 200 2065 "https://stream.jeremycherfas.net/2020/in-the-olden-days-these-sincere-email" "Mozilla/5.0 (iPad; CPU OS 13_4 like Mac OS X) AppleWebKit/605.1.15 (KHTML, like Gecko) CriOS/81.0.4044.124 Mobile/15E148 Safari/604.1" 
67.161.240.196 - - [21/May/2020:07:41:40 -0700] "GET /IdnoPlugins/Media/external/wavesurfer/dist/wavesurfer.min.js HTTP/1.1" 200 6858 "https://stream.jeremycherfas.net/2020/in-the-olden-days-these-sincere-email" "Mozilla/5.0 (iPad; CPU OS 13_4 like Mac OS X) AppleWebKit/605.1.15 (KHTML, like Gecko) CriOS/81.0.4044.124 Mobile/15E148 Safari/604.1" 
67.161.240.196 - - [21/May/2020:07:41:40 -0700] "GET /Themes/Solo/css/default.min.css HTTP/1.1" 200 1045 "https://stream.jeremycherfas.net/2020/in-the-olden-days-these-sincere-email" "Mozilla/5.0 (iPad; CPU OS 13_4 like Mac OS X) AppleWebKit/605.1.15 (KHTML, like Gecko) CriOS/81.0.4044.124 Mobile/15E148 Safari/604.1" 
67.161.240.196 - - [21/May/2020:07:41:40 -0700] "GET /vendor/npm-asset/mediaelement/build/mediaelement-and-player.min.js HTTP/1.1" 200 41590 "https://stream.jeremycherfas.net/2020/in-the-olden-days-these-sincere-email" "Mozilla/5.0 (iPad; CPU OS 13_4 like Mac OS X) AppleWebKit/605.1.15 (KHTML, like Gecko) CriOS/81.0.4044.124 Mobile/15E148 Safari/604.1" 
67.161.240.196 - - [21/May/2020:07:41:40 -0700] "GET /vendor/npm-asset/mediaelement/build/mediaelementplayer.min.css HTTP/1.1" 200 3120 "https://stream.jeremycherfas.net/2020/in-the-olden-days-these-sincere-email" "Mozilla/5.0 (iPad; CPU OS 13_4 like Mac OS X) AppleWebKit/605.1.15 (KHTML, like Gecko) CriOS/81.0.4044.124 Mobile/15E148 Safari/604.1" 
67.161.240.196 - - [21/May/2020:07:41:40 -0700] "GET /vendor/npm-asset/vanilla-fitvids/jquery.fitvids.js HTTP/1.1" 200 1873 "https://stream.jeremycherfas.net/2020/in-the-olden-days-these-sincere-email" "Mozilla/5.0 (iPad; CPU OS 13_4 like Mac OS X) AppleWebKit/605.1.15 (KHTML, like Gecko) CriOS/81.0.4044.124 Mobile/15E148 Safari/604.1" 
67.161.240.196 - - [21/May/2020:07:41:40 -0700] "GET /vendor/rmm5t/jquery-timeago/jquery.timeago.js HTTP/1.1" 200 3015 "https://stream.jeremycherfas.net/2020/in-the-olden-days-these-sincere-email" "Mozilla/5.0 (iPad; CPU OS 13_4 like Mac OS X) AppleWebKit/605.1.15 (KHTML, like Gecko) CriOS/81.0.4044.124 Mobile/15E148 Safari/604.1" 
67.161.240.196 - - [21/May/2020:07:41:40 -0700] "GET /vendor/rmm5t/jquery-timeago/locales/jquery.timeago.en.js HTTP/1.1" 200 886 "https://stream.jeremycherfas.net/2020/in-the-olden-days-these-sincere-email" "Mozilla/5.0 (iPad; CPU OS 13_4 like Mac OS X) AppleWebKit/605.1.15 (KHTML, like Gecko) CriOS/81.0.4044.124 Mobile/15E148 Safari/604.1" 
67.161.240.196 - - [21/May/2020:07:41:40 -0700] "GET /vendor/npm-asset/underscore/underscore-min.js HTTP/1.1" 200 7059 "https://stream.jeremycherfas.net/2020/in-the-olden-days-these-sincere-email" "Mozilla/5.0 (iPad; CPU OS 13_4 like Mac OS X) AppleWebKit/605.1.15 (KHTML, like Gecko) CriOS/81.0.4044.124 Mobile/15E148 Safari/604.1" 
67.161.240.196 - - [21/May/2020:07:41:41 -0700] "GET /vendor/npm-asset/exif-js/exif.js HTTP/1.1" 200 9962 "https://stream.jeremycherfas.net/2020/in-the-olden-days-these-sincere-email" "Mozilla/5.0 (iPad; CPU OS 13_4 like Mac OS X) AppleWebKit/605.1.15 (KHTML, like Gecko) CriOS/81.0.4044.124 Mobile/15E148 Safari/604.1" 
67.161.240.196 - - [21/May/2020:07:41:41 -0700] "GET /vendor/npm-asset/bootstrap-accessibility-plugin/plugins/css/bootstrap-accessibility.css HTTP/1.1" 200 4127 "https://stream.jeremycherfas.net/2020/in-the-olden-days-these-sincere-email" "Mozilla/5.0 (iPad; CPU OS 13_4 like Mac OS X) AppleWebKit/605.1.15 (KHTML, like Gecko) CriOS/81.0.4044.124 Mobile/15E148 Safari/604.1" 
67.161.240.196 - - [21/May/2020:07:41:41 -0700] "GET /vendor/twbs/bootstrap/dist/js/bootstrap.min.js HTTP/1.1" 200 14741 "https://stream.jeremycherfas.net/2020/in-the-olden-days-these-sincere-email" "Mozilla/5.0 (iPad; CPU OS 13_4 like Mac OS X) AppleWebKit/605.1.15 (KHTML, like Gecko) CriOS/81.0.4044.124 Mobile/15E148 Safari/604.1" 
67.161.240.196 - - [21/May/2020:07:41:41 -0700] "GET /file/ef801e05730eba56004c5b712ad84731/thumb.jpg HTTP/1.1" 200 22590 "https://stream.jeremycherfas.net/2020/in-the-olden-days-these-sincere-email" "Mozilla/5.0 (iPad; CPU OS 13_4 like Mac OS X) AppleWebKit/605.1.15 (KHTML, like Gecko) CriOS/81.0.4044.124 Mobile/15E148 Safari/604.1" 
67.161.240.196 - - [21/May/2020:07:41:41 -0700] "GET /gfx/users/default-00.png HTTP/1.1" 200 5798 "https://stream.jeremycherfas.net/2020/in-the-olden-days-these-sincere-email" "Mozilla/5.0 (iPad; CPU OS 13_4 like Mac OS X) AppleWebKit/605.1.15 (KHTML, like Gecko) CriOS/81.0.4044.124 Mobile/15E148 Safari/604.1" 
67.161.240.196 - - [21/May/2020:07:41:41 -0700] "GET /vendor/forkawesome/fork-awesome/fonts/forkawesome-webfont.woff2?v=1.1.7 HTTP/1.1" 200 92205 "https://stream.jeremycherfas.net/2020/in-the-olden-days-these-sincere-email" "Mozilla/5.0 (iPad; CPU OS 13_4 like Mac OS X) AppleWebKit/605.1.15 (KHTML, like Gecko) CriOS/81.0.4044.124 Mobile/15E148 Safari/604.1" 
67.161.240.196 - - [21/May/2020:07:41:41 -0700] "GET /file/ef801e05730eba56004c5b712ad84731/thumb.jpg HTTP/1.1" 200 26069 "-" "Mozilla/5.0 (iPad; CPU OS 13_4 like Mac OS X) AppleWebKit/605.1.15 (KHTML, like Gecko) CriOS/81.0.4044.124 Mobile/15E148 Safari/604.1" 
67.161.240.196 - - [21/May/2020:07:41:41 -0700] "GET /gfx/logos/apple-icon-144x144.png HTTP/1.1" 304 300 "-" "Mozilla/5.0 (iPad; CPU OS 13_4 like Mac OS X) AppleWebKit/605.1.15 (KHTML, like Gecko) CriOS/81.0.4044.124 Mobile/15E148 Safari/604.1" 
71.34.70.114 - - [21/May/2020:07:41:58 -0700] "GET /?_t=rss HTTP/1.1" 200 4725 "-" "Mozilla/5.0 (Windows NT 10.0; Win64; x64; rv:76.0) Gecko/20100101 Firefox/76.0" 
5.188.210.79 - - [21/May/2020:07:42:41 -0700] "GET /2017/sunday-night-supper-maddhur-jeffrey-lentils-and-gujarati-carrot-salad HTTP/1.1" 200 10661 "-" "Mozilla/5.0 (Windows NT 6.1; Win64; x64; rv:62.0) Gecko/20100101 Firefox/62.0" 
45.79.26.51 - - [21/May/2020:07:42:51 -0700] "GET /content/statusupdates/posts/photos/checkins/bookmarkedpages?_t=rss HTTP/1.1" 200 8038 "-" "Micro.blog/1.0" 
96.126.125.129 - - [21/May/2020:07:43:50 -0700] "GET /content/statusupdates/posts/photos/checkins/bookmarkedpages?_t=rss HTTP/1.1" 200 8043 "-" "Micro.blog/1.0" 
46.229.168.148 - - [21/May/2020:07:44:28 -0700] "GET /?offset=22&q=%23%2B%23sourdough HTTP/1.1" 200 11868 "-" "Mozilla/5.0 (compatible; SemrushBot/6~bl; +http://www.semrush.com/bot.html)" 
45.79.26.51 - - [21/May/2020:07:44:54 -0700] "GET /content/statusupdates/posts/photos/checkins/bookmarkedpages?_t=rss HTTP/1.1" 200 8038 "-" "Micro.blog/1.0" 
71.34.70.114 - - [21/May/2020:07:45:00 -0700] "GET /?_t=rss HTTP/1.1" 200 7904 "-" "Mozilla/5.0 (Windows NT 10.0; Win64; x64; rv:76.0) Gecko/20100101 Firefox/76.0" 
207.46.13.71 - - [21/May/2020:07:45:54 -0700] "GET /2017/how-they-serve-an-espresso HTTP/1.1" 200 11512 "-" "Mozilla/5.0 (compatible; bingbot/2.0; +http://www.bing.com/bingbot.htm)" 
64.111.100.215 - - [21/May/2020:07:46:02 -0700] "GET /content/all?_t=rss HTTP/1.1" 200 16866 "-" "Mozilla/5.0 (X11; U; Linux i686; fr; rv:1.9.1.1) Gecko/20090715 Firefox/3.5.1" 
46.229.168.154 - - [21/May/2020:07:46:10 -0700] "GET /2019/my-changing-world-an-elegy-for-the-window-fan HTTP/1.1" 200 9611 "-" "Mozilla/5.0 (compatible; SemrushBot/6~bl; +http://www.semrush.com/bot.html)" 
207.46.13.111 - - [21/May/2020:07:46:37 -0700] "GET /2019/uk-podcast-listeners-willing-to-pay-4?_t=rss HTTP/1.1" 200 5491 "-" "Mozilla/5.0 (compatible; bingbot/2.0; +http://www.bing.com/bingbot.htm)" 
46.229.168.145 - - [21/May/2020:07:47:13 -0700] "GET /?offset=20&q=%23WithKnown HTTP/1.1" 200 12619 "-" "Mozilla/5.0 (compatible; SemrushBot/6~bl; +http://www.semrush.com/bot.html)" 
46.229.168.134 - - [21/May/2020:07:47:20 -0700] "GET /content/all/?offset=20&q=%23%2B%23WithKnown HTTP/1.1" 200 12665 "-" "Mozilla/5.0 (compatible; SemrushBot/6~bl; +http://www.semrush.com/bot.html)" 
71.34.70.114 - - [21/May/2020:07:47:51 -0700] "GET /?_t=rss HTTP/1.1" 200 4725 "-" "Mozilla/5.0 (Windows NT 10.0; Win64; x64; rv:76.0) Gecko/20100101 Firefox/76.0" 
45.79.26.51 - - [21/May/2020:07:48:17 -0700] "GET /content/statusupdates/posts/photos/checkins/bookmarkedpages?_t=rss HTTP/1.1" 200 8038 "-" "Micro.blog/1.0" 
66.249.64.112 - - [21/May/2020:07:49:16 -0700] "GET /view/eb53ca10044ab2b66d7cc5179bef2b61 HTTP/1.1" 200 9665 "-" "Mozilla/5.0 (Linux; Android 6.0.1; Nexus 5X Build/MMB29P) AppleWebKit/537.36 (KHTML, like Gecko) Chrome/80.0.3987.92 Mobile Safari/537.36 (compatible; Googlebot/2.1; +http://www.google.com/bot.html)" 
46.229.168.150 - - [21/May/2020:07:49:29 -0700] "GET /tag/seeded HTTP/1.1" 200 10344 "-" "Mozilla/5.0 (compatible; SemrushBot/6~bl; +http://www.semrush.com/bot.html)" 
62.210.92.16 - - [21/May/2020:07:50:15 -0700] "GET /profile/jeremy HTTP/1.1" 200 30123 "-" "BarkRowler/0.9 (+https://babbar.tech/crawler)" 
114.119.165.2 - - [21/May/2020:07:50:16 -0700] "GET /tag/indieweb?offset=42 HTTP/1.1" 200 11325 "-" "Mozilla/5.0 (Linux; Android 7.0;) AppleWebKit/537.36 (KHTML, like Gecko) Mobile Safari/537.36 (compatible; PetalBot;+https://aspiegel.com/petalbot)" 
46.229.168.137 - - [21/May/2020:07:50:24 -0700] "GET /content/all/?offset=10&q=%23indieweb HTTP/1.1" 200 11958 "-" "Mozilla/5.0 (compatible; SemrushBot/6~bl; +http://www.semrush.com/bot.html)" 
71.34.70.114 - - [21/May/2020:07:50:37 -0700] "GET /?_t=rss HTTP/1.1" 200 7904 "-" "Mozilla/5.0 (Windows NT 10.0; Win64; x64; rv:76.0) Gecko/20100101 Firefox/76.0" 
96.126.125.129 - - [21/May/2020:07:50:47 -0700] "GET /content/statusupdates/posts/photos/checkins/bookmarkedpages?_t=rss HTTP/1.1" 200 8043 "-" "Micro.blog/1.0" 
96.126.125.129 - - [21/May/2020:07:51:41 -0700] "GET /content/statusupdates/posts/photos/checkins/bookmarkedpages?_t=rss HTTP/1.1" 200 8043 "-" "Micro.blog/1.0" 
46.229.168.129 - - [21/May/2020:07:52:45 -0700] "GET /?offset=94&q=%23IndieWeb HTTP/1.1" 200 14296 "-" "Mozilla/5.0 (compatible; SemrushBot/6~bl; +http://www.semrush.com/bot.html)" 
66.249.64.112 - - [21/May/2020:07:53:08 -0700] "GET /view/c03b460ec4f4c2ddf15e730c7792f67e?_t=rss HTTP/1.1" 200 5489 "-" "Mozilla/5.0 (Linux; Android 6.0.1; Nexus 5X Build/MMB29P) AppleWebKit/537.36 (KHTML, like Gecko) Chrome/80.0.3987.92 Mobile Safari/537.36 (compatible; Googlebot/2.1; +http://www.google.com/bot.html)" 
71.34.70.114 - - [21/May/2020:07:53:16 -0700] "GET /?_t=rss HTTP/1.1" 200 4725 "-" "Mozilla/5.0 (Windows NT 10.0; Win64; x64; rv:76.0) Gecko/20100101 Firefox/76.0" 
46.229.168.152 - - [21/May/2020:07:53:20 -0700] "GET /content/all/?offset=116&q=%23%2B%23indieweb HTTP/1.1" 200 12265 "-" "Mozilla/5.0 (compatible; SemrushBot/6~bl; +http://www.semrush.com/bot.html)" 
96.126.125.129 - - [21/May/2020:07:54:06 -0700] "GET /content/statusupdates/posts/photos/checkins/bookmarkedpages?_t=rss HTTP/1.1" 200 8043 "-" "Micro.blog/1.0" 
46.229.168.145 - - [21/May/2020:07:54:39 -0700] "GET /2019/im-being-hit-by-a-wave-of HTTP/1.1" 200 9540 "-" "Mozilla/5.0 (compatible; SemrushBot/6~bl; +http://www.semrush.com/bot.html)" 
45.79.26.51 - - [21/May/2020:07:55:24 -0700] "GET /content/statusupdates/posts/photos/checkins/bookmarkedpages?_t=rss HTTP/1.1" 200 8038 "-" "Micro.blog/1.0" 
71.34.70.114 - - [21/May/2020:07:55:59 -0700] "GET /?_t=rss HTTP/1.1" 200 7904 "-" "Mozilla/5.0 (Windows NT 10.0; Win64; x64; rv:76.0) Gecko/20100101 Firefox/76.0" 
46.229.168.139 - - [21/May/2020:07:57:50 -0700] "GET /content/all/?offset=25&q=%23WithKnown HTTP/1.1" 200 13033 "-" "Mozilla/5.0 (compatible; SemrushBot/6~bl; +http://www.semrush.com/bot.html)" 
71.34.70.114 - - [21/May/2020:07:59:05 -0700] "GET /?_t=rss HTTP/1.1" 200 4725 "-" "Mozilla/5.0 (Windows NT 10.0; Win64; x64; rv:76.0) Gecko/20100101 Firefox/76.0" 
46.229.168.139 - - [21/May/2020:08:00:13 -0700] "GET /2019/top-of-the-world HTTP/1.1" 200 13336 "-" "Mozilla/5.0 (compatible; SemrushBot/6~bl; +http://www.semrush.com/bot.html)" 
46.229.168.152 - - [21/May/2020:08:00:39 -0700] "GET /2018/it-occurs-to-me-that-people-here-might-be-interested HTTP/1.1" 200 11273 "-" "Mozilla/5.0 (compatible; SemrushBot/6~bl; +http://www.semrush.com/bot.html)" 
100.25.16.139 - - [21/May/2020:08:00:40 -0700] "GET /?_t=rss HTTP/1.1" 200 7867 "-" "glitch-feeder/1.0 (+https://glitch.com/~lmo-feeder)" 
207.46.13.111 - - [21/May/2020:08:00:42 -0700] "GET /2018/2018-01-17/annotations/5b49130ca76e2bb050fcdaa5f560c827?_t=rss HTTP/1.1" 200 6117 "-" "Mozilla/5.0 (compatible; bingbot/2.0; +http://www.bing.com/bingbot.htm)" 
64.111.100.215 - - [21/May/2020:08:01:02 -0700] "GET /content/all?_t=rss HTTP/1.1" 200 16866 "-" "Mozilla/5.0 (X11; U; Linux i686; fr; rv:1.9.1.1) Gecko/20090715 Firefox/3.5.1" 
66.249.65.176 - - [21/May/2020:08:01:46 -0700] "GET /2018/id-say-that-was-progress-yes-of-course-for-all HTTP/1.1" 200 9678 "-" "Mozilla/5.0 (Linux; Android 6.0.1; Nexus 5X Build/MMB29P) AppleWebKit/537.36 (KHTML, like Gecko) Chrome/80.0.3987.92 Mobile Safari/537.36 (compatible; Googlebot/2.1; +http://www.google.com/bot.html)" 
71.34.70.114 - - [21/May/2020:08:01:51 -0700] "GET /?_t=rss HTTP/1.1" 200 7904 "-" "Mozilla/5.0 (Windows NT 10.0; Win64; x64; rv:76.0) Gecko/20100101 Firefox/76.0" 
46.229.168.142 - - [21/May/2020:08:02:27 -0700] "GET /tag/Indieweb?offset=50 HTTP/1.1" 200 12902 "-" "Mozilla/5.0 (compatible; SemrushBot/6~bl; +http://www.semrush.com/bot.html)" 
46.229.168.143 - - [21/May/2020:08:02:58 -0700] "GET /content/photos/?q=%23followfriday HTTP/1.1" 200 8509 "-" "Mozilla/5.0 (compatible; SemrushBot/6~bl; +http://www.semrush.com/bot.html)" 
45.79.26.51 - - [21/May/2020:08:03:59 -0700] "GET /content/statusupdates/posts/photos/checkins/bookmarkedpages?_t=rss HTTP/1.1" 200 8038 "-" "Micro.blog/1.0" 
114.119.160.143 - - [21/May/2020:08:04:36 -0700] "GET /content/all?q=%23%2B%23leaven&offset=10 HTTP/1.1" 200 8802 "-" "Mozilla/5.0 (Linux; Android 7.0;) AppleWebKit/537.36 (KHTML, like Gecko) Mobile Safari/537.36 (compatible; PetalBot;+https://aspiegel.com/petalbot)" 
71.34.70.114 - - [21/May/2020:08:04:46 -0700] "GET /?_t=rss HTTP/1.1" 200 4725 "-" "Mozilla/5.0 (Windows NT 10.0; Win64; x64; rv:76.0) Gecko/20100101 Firefox/76.0" 
40.77.167.189 - - [21/May/2020:08:04:52 -0700] "GET /tag/seeded HTTP/1.1" 200 10381 "-" "Mozilla/5.0 (compatible; bingbot/2.0; +http://www.bing.com/bingbot.htm)" 
45.79.26.51 - - [21/May/2020:08:06:56 -0700] "GET /content/statusupdates/posts/photos/checkins/bookmarkedpages?_t=rss HTTP/1.1" 200 8038 "-" "Micro.blog/1.0" 
167.172.211.255 - - [21/May/2020:08:07:05 -0700] "GET /?_t=rss HTTP/1.1" 304 3475 "-" "Feedbin feed-id:1536727 - 1 subscribers" 
92.247.181.17 - - [21/May/2020:08:07:11 -0700] "GET /?_t=rss HTTP/1.1" 304 3475 "https://stream.jeremycherfas.net/" "Mozilla/5.0 (compatible; inoreader.com; 1 subscribers)" 
71.34.70.114 - - [21/May/2020:08:08:05 -0700] "GET /?_t=rss HTTP/1.1" 200 7904 "-" "Mozilla/5.0 (Windows NT 10.0; Win64; x64; rv:76.0) Gecko/20100101 Firefox/76.0" 
46.229.168.130 - - [21/May/2020:08:08:10 -0700] "GET /2017/no-getting-away-from-it HTTP/1.1" 200 10850 "-" "Mozilla/5.0 (compatible; SemrushBot/6~bl; +http://www.semrush.com/bot.html)" 
46.229.168.129 - - [21/May/2020:08:08:25 -0700] "GET /2018/hey-salad-lovers-its-ok-to-eat/annotations/1832beebb2520dcc2c1ca1748de86035 HTTP/1.1" 200 8637 "-" "Mozilla/5.0 (compatible; SemrushBot/6~bl; +http://www.semrush.com/bot.html)" 
46.229.168.137 - - [21/May/2020:08:08:28 -0700] "GET /content/photos HTTP/1.1" 200 11748 "-" "Mozilla/5.0 (compatible; SemrushBot/6~bl; +http://www.semrush.com/bot.html)" 
71.34.70.114 - - [21/May/2020:08:11:00 -0700] "GET /?_t=rss HTTP/1.1" 200 4725 "-" "Mozilla/5.0 (Windows NT 10.0; Win64; x64; rv:76.0) Gecko/20100101 Firefox/76.0" 
45.79.26.51 - - [21/May/2020:08:11:36 -0700] "GET /content/statusupdates/posts/photos/checkins/bookmarkedpages?_t=rss HTTP/1.1" 200 8038 "-" "Micro.blog/1.0" 
114.119.165.37 - - [21/May/2020:08:11:46 -0700] "GET /2018/so-much-to-see HTTP/1.1" 200 14995 "-" "Mozilla/5.0 (Linux; Android 7.0;) AppleWebKit/537.36 (KHTML, like Gecko) Mobile Safari/537.36 (compatible; PetalBot;+https://aspiegel.com/petalbot)" 
71.34.70.114 - - [21/May/2020:08:13:47 -0700] "GET /?_t=rss HTTP/1.1" 200 7904 "-" "Mozilla/5.0 (Windows NT 10.0; Win64; x64; rv:76.0) Gecko/20100101 Firefox/76.0" 
46.229.168.132 - - [21/May/2020:08:14:25 -0700] "GET /content/statusupdates/?offset=15&q=%23IndieWeb HTTP/1.1" 200 11116 "-" "Mozilla/5.0 (compatible; SemrushBot/6~bl; +http://www.semrush.com/bot.html)" 
46.229.168.135 - - [21/May/2020:08:15:24 -0700] "GET /content/all/?offset=80&q=%23%2B%23indieweb HTTP/1.1" 200 14085 "-" "Mozilla/5.0 (compatible; SemrushBot/6~bl; +http://www.semrush.com/bot.html)" 
64.111.100.215 - - [21/May/2020:08:16:03 -0700] "GET /content/all?_t=rss HTTP/1.1" 200 16866 "-" "Mozilla/5.0 (X11; U; Linux i686; fr; rv:1.9.1.1) Gecko/20090715 Firefox/3.5.1" 
40.77.167.189 - - [21/May/2020:08:16:10 -0700] "GET /2018/ready-for-a-little-rest HTTP/1.1" 200 11235 "-" "Mozilla/5.0 (compatible; bingbot/2.0; +http://www.bing.com/bingbot.htm)" 
96.126.125.129 - - [21/May/2020:08:16:18 -0700] "GET /content/statusupdates/posts/photos/checkins/bookmarkedpages?_t=rss HTTP/1.1" 200 8043 "-" "Micro.blog/1.0" 
207.46.13.111 - - [21/May/2020:08:16:24 -0700] "GET /2018/our-daily-bread-25---traditionwcss30lxhflthe-one-thing-to-be HTTP/1.1" 200 14324 "-" "Mozilla/5.0 (compatible; bingbot/2.0; +http://www.bing.com/bingbot.htm)" 
46.229.168.154 - - [21/May/2020:08:16:29 -0700] "GET /?offset=108&q=%23%2B%23indieweb HTTP/1.1" 200 12624 "-" "Mozilla/5.0 (compatible; SemrushBot/6~bl; +http://www.semrush.com/bot.html)" 
71.34.70.114 - - [21/May/2020:08:16:56 -0700] "GET /?_t=rss HTTP/1.1" 200 4725 "-" "Mozilla/5.0 (Windows NT 10.0; Win64; x64; rv:76.0) Gecko/20100101 Firefox/76.0" 
46.229.168.147 - - [21/May/2020:08:17:47 -0700] "GET /content/photos/?offset=20&q=%23Sourdough HTTP/1.1" 200 11845 "-" "Mozilla/5.0 (compatible; SemrushBot/6~bl; +http://www.semrush.com/bot.html)" 
77.88.5.71 - - [21/May/2020:08:18:15 -0700] "GET /file/f716e08b3f5cf036157cc24909918533/thumb.jpg HTTP/1.1" 404 8200 "-" "Mozilla/5.0 (compatible; YandexImages/3.0; +http://yandex.com/bots)" 
114.119.165.37 - - [21/May/2020:08:18:58 -0700] "GET /2018/morning-constitutional HTTP/1.1" 200 12716 "-" "Mozilla/5.0 (Linux; Android 7.0;) AppleWebKit/537.36 (KHTML, like Gecko) Mobile Safari/537.36 (compatible; PetalBot;+https://aspiegel.com/petalbot)" 
45.79.26.51 - - [21/May/2020:08:19:34 -0700] "GET /content/statusupdates/posts/photos/checkins/bookmarkedpages?_t=rss HTTP/1.1" 200 8038 "-" "Micro.blog/1.0" 
71.34.70.114 - - [21/May/2020:08:19:47 -0700] "GET /?_t=rss HTTP/1.1" 200 7904 "-" "Mozilla/5.0 (Windows NT 10.0; Win64; x64; rv:76.0) Gecko/20100101 Firefox/76.0" 
46.229.168.147 - - [21/May/2020:08:21:18 -0700] "GET /robots.txt HTTP/1.1" 200 4552 "-" "Mozilla/5.0 (compatible; SemrushBot/6~bl; +http://www.semrush.com/bot.html)" 
46.229.168.130 - - [21/May/2020:08:21:18 -0700] "GET /?offset=44&q=%23%2B%23food HTTP/1.1" 200 11986 "-" "Mozilla/5.0 (compatible; SemrushBot/6~bl; +http://www.semrush.com/bot.html)" 
40.77.167.105 - - [21/May/2020:08:22:09 -0700] "GET /2019/cactus-flower-bonanza-tomorrow-morning-i-believe HTTP/1.1" 200 9726 "-" "Mozilla/5.0 (compatible; bingbot/2.0; +http://www.bing.com/bingbot.htm)" 
71.34.70.114 - - [21/May/2020:08:22:22 -0700] "GET /?_t=rss HTTP/1.1" 200 4725 "-" "Mozilla/5.0 (Windows NT 10.0; Win64; x64; rv:76.0) Gecko/20100101 Firefox/76.0" 
96.126.125.129 - - [21/May/2020:08:23:01 -0700] "GET /content/statusupdates/posts/photos/checkins/bookmarkedpages?_t=rss HTTP/1.1" 200 8043 "-" "Micro.blog/1.0" 
46.229.168.151 - - [21/May/2020:08:24:37 -0700] "GET /2020/two-minutes-is-probably-a-bit-much HTTP/1.1" 200 9962 "-" "Mozilla/5.0 (compatible; SemrushBot/6~bl; +http://www.semrush.com/bot.html)" 
71.34.70.114 - - [21/May/2020:08:25:12 -0700] "GET /?_t=rss HTTP/1.1" 200 7904 "-" "Mozilla/5.0 (Windows NT 10.0; Win64; x64; rv:76.0) Gecko/20100101 Firefox/76.0" 
66.249.64.112 - - [21/May/2020:08:25:49 -0700] "GET /view/0270bcdffc8f782dd7b4e75da5089ed7 HTTP/1.1" 200 9633 "-" "Mozilla/5.0 (Linux; Android 6.0.1; Nexus 5X Build/MMB29P) AppleWebKit/537.36 (KHTML, like Gecko) Chrome/80.0.3987.92 Mobile Safari/537.36 (compatible; Googlebot/2.1; +http://www.google.com/bot.html)" 
66.249.64.108 - - [21/May/2020:08:25:50 -0700] "GET /robots.txt HTTP/1.1" 200 4589 "-" "Mozilla/5.0 (compatible; Googlebot/2.1; +http://www.google.com/bot.html)" 
114.119.166.46 - - [21/May/2020:08:26:03 -0700] "GET /2019/latest-episode-continues-the-champagne-story-all-the-way-to HTTP/1.1" 200 11981 "-" "Mozilla/5.0 (Linux; Android 7.0;) AppleWebKit/537.36 (KHTML, like Gecko) Mobile Safari/537.36 (compatible; PetalBot;+https://aspiegel.com/petalbot)" 
71.34.70.114 - - [21/May/2020:08:28:25 -0700] "GET /?_t=rss HTTP/1.1" 200 4725 "-" "Mozilla/5.0 (Windows NT 10.0; Win64; x64; rv:76.0) Gecko/20100101 Firefox/76.0" 
45.79.26.51 - - [21/May/2020:08:28:41 -0700] "GET /content/statusupdates/posts/photos/checkins/bookmarkedpages?_t=rss HTTP/1.1" 200 8038 "-" "Micro.blog/1.0" 
46.229.168.133 - - [21/May/2020:08:28:53 -0700] "GET /?offset=127&q=%23indieweb HTTP/1.1" 200 12757 "-" "Mozilla/5.0 (compatible; SemrushBot/6~bl; +http://www.semrush.com/bot.html)" 
54.36.148.35 - - [21/May/2020:08:29:23 -0700] "GET /robots.txt HTTP/1.1" 200 4346 "-" "Mozilla/5.0 (compatible; AhrefsBot/6.1; +http://ahrefs.com/robot/)" 
18.208.176.44 - - [21/May/2020:08:30:46 -0700] "GET /?_t=rss HTTP/1.1" 200 7867 "-" "glitch-feeder/1.0 (+https://glitch.com/~lmo-feeder)" 
64.111.100.215 - - [21/May/2020:08:31:03 -0700] "GET /content/all?_t=rss HTTP/1.1" 200 16866 "-" "Mozilla/5.0 (X11; U; Linux i686; fr; rv:1.9.1.1) Gecko/20090715 Firefox/3.5.1" 
71.34.70.114 - - [21/May/2020:08:31:10 -0700] "GET /?_t=rss HTTP/1.1" 200 7904 "-" "Mozilla/5.0 (Windows NT 10.0; Win64; x64; rv:76.0) Gecko/20100101 Firefox/76.0" 
18.234.92.209 - - [21/May/2020:08:31:24 -0700] "GET /profile/jeremy?_t=rss HTTP/1.1" 304 3480 "https://www.google.com/" "Mozilla/5.0 (Macintosh; Intel Mac OS X 10.15; rv:73.0) Gecko/20100101 Firefox/73.0" 
46.229.168.144 - - [21/May/2020:08:31:44 -0700] "GET /content/all/?offset=85&q=%23IndieWeb HTTP/1.1" 200 15719 "-" "Mozilla/5.0 (compatible; SemrushBot/6~bl; +http://www.semrush.com/bot.html)" 
46.229.168.130 - - [21/May/2020:08:31:48 -0700] "GET /content/audio/?q=%23seeded HTTP/1.1" 200 8491 "-" "Mozilla/5.0 (compatible; SemrushBot/6~bl; +http://www.semrush.com/bot.html)" 
114.119.164.86 - - [21/May/2020:08:33:17 -0700] "GET /2018/geese-on-ice HTTP/1.1" 200 13241 "-" "Mozilla/5.0 (Linux; Android 7.0;) AppleWebKit/537.36 (KHTML, like Gecko) Mobile Safari/537.36 (compatible; PetalBot;+https://aspiegel.com/petalbot)" 
71.34.70.114 - - [21/May/2020:08:33:49 -0700] "GET /?_t=rss HTTP/1.1" 200 4725 "-" "Mozilla/5.0 (Windows NT 10.0; Win64; x64; rv:76.0) Gecko/20100101 Firefox/76.0" 
45.79.26.51 - - [21/May/2020:08:34:14 -0700] "GET /content/statusupdates/posts/photos/checkins/bookmarkedpages?_t=rss HTTP/1.1" 200 8038 "-" "Micro.blog/1.0" 
71.34.70.114 - - [21/May/2020:08:37:09 -0700] "GET /?_t=rss HTTP/1.1" 200 7904 "-" "Mozilla/5.0 (Windows NT 10.0; Win64; x64; rv:76.0) Gecko/20100101 Firefox/76.0" 
40.77.167.189 - - [21/May/2020:08:37:37 -0700] "GET /2017/waiting-to-hear-rachelaliceroddy-in-conversation-over-lunch-thanks-to HTTP/1.1" 200 11579 "-" "Mozilla/5.0 (compatible; bingbot/2.0; +http://www.bing.com/bingbot.htm)" 
46.229.168.136 - - [21/May/2020:08:38:25 -0700] "GET /content/photos/?offset=0&q=%23%2B%23rye HTTP/1.1" 200 11981 "-" "Mozilla/5.0 (compatible; SemrushBot/6~bl; +http://www.semrush.com/bot.html)" 
45.79.26.51 - - [21/May/2020:08:38:28 -0700] "GET /content/statusupdates/posts/photos/checkins/bookmarkedpages?_t=rss HTTP/1.1" 200 8038 "-" "Micro.blog/1.0" 
46.229.168.135 - - [21/May/2020:08:39:18 -0700] "GET /content/all/?offset=42&q=%23sourdough HTTP/1.1" 200 11691 "-" "Mozilla/5.0 (compatible; SemrushBot/6~bl; +http://www.semrush.com/bot.html)" 
71.34.70.114 - - [21/May/2020:08:40:10 -0700] "GET /?_t=rss HTTP/1.1" 200 4725 "-" "Mozilla/5.0 (Windows NT 10.0; Win64; x64; rv:76.0) Gecko/20100101 Firefox/76.0" 
114.119.160.85 - - [21/May/2020:08:40:30 -0700] "GET /content/all?offset=15 HTTP/1.1" 200 13789 "-" "Mozilla/5.0 (Linux; Android 7.0;) AppleWebKit/537.36 (KHTML, like Gecko) Mobile Safari/537.36 (compatible; PetalBot;+https://aspiegel.com/petalbot)" 
46.229.168.130 - - [21/May/2020:08:42:35 -0700] "GET /2017/bollito-misto-con-salsa-verde-perfection-on-a-plate HTTP/1.1" 200 10985 "-" "Mozilla/5.0 (compatible; SemrushBot/6~bl; +http://www.semrush.com/bot.html)" 
71.34.70.114 - - [21/May/2020:08:42:52 -0700] "GET /?_t=rss HTTP/1.1" 200 7904 "-" "Mozilla/5.0 (Windows NT 10.0; Win64; x64; rv:76.0) Gecko/20100101 Firefox/76.0" 
207.46.13.71 - - [21/May/2020:08:43:31 -0700] "GET /2017/pretty-impressive-although-why-anyone-would-have-any-tabs-open HTTP/1.1" 200 9658 "-" "Mozilla/5.0 (compatible; bingbot/2.0; +http://www.bing.com/bingbot.htm)" 
46.229.168.142 - - [21/May/2020:08:43:42 -0700] "GET /2019/just-sent-an-email-to-the-lucky-winner-of-50 HTTP/1.1" 200 9847 "-" "Mozilla/5.0 (compatible; SemrushBot/6~bl; +http://www.semrush.com/bot.html)" 
45.79.26.51 - - [21/May/2020:08:43:50 -0700] "GET /content/statusupdates/posts/photos/checkins/bookmarkedpages?_t=rss HTTP/1.1" 200 8038 "-" "Micro.blog/1.0" 
159.65.67.69 - - [21/May/2020:08:44:12 -0700] "GET /?_t=rss HTTP/1.1" 200 7637 "-" "Feedbin feed-id:1536727 - 1 subscribers" 
71.34.70.114 - - [21/May/2020:08:45:35 -0700] "GET /?_t=rss HTTP/1.1" 200 4725 "-" "Mozilla/5.0 (Windows NT 10.0; Win64; x64; rv:76.0) Gecko/20100101 Firefox/76.0" 
