46.229.168.134 - - [19/May/2020:05:38:20 -0700] "GET /robots.txt HTTP/1.1" 200 4552 "-" "Mozilla/5.0 (compatible; SemrushBot/6~bl; +http://www.semrush.com/bot.html)" 
46.229.168.152 - - [19/May/2020:05:38:20 -0700] "GET /2019/an-hour-later-and-the-dough-is-already-a-lot HTTP/1.1" 200 12433 "-" "Mozilla/5.0 (compatible; SemrushBot/6~bl; +http://www.semrush.com/bot.html)" 
207.46.13.183 - - [19/May/2020:05:38:22 -0700] "GET /file/e6bc81602bd7f2d4e97632f795a8b41b/thumb.jpg HTTP/1.1" 200 112829 "-" "Mozilla/5.0 (compatible; bingbot/2.0; +http://www.bing.com/bingbot.htm)" 
66.249.66.44 - - [19/May/2020:05:38:32 -0700] "GET /2020/checked-into-e10-ctl HTTP/1.1" 200 9755 "-" "Mozilla/5.0 (Linux; Android 6.0.1; Nexus 5X Build/MMB29P) AppleWebKit/537.36 (KHTML, like Gecko) Chrome/41.0.2272.96 Mobile Safari/537.36 (compatible; Googlebot/2.1; +http://www.google.com/bot.html)" 
54.36.150.176 - - [19/May/2020:05:38:49 -0700] "GET /content/rsvp/?q=%23London&_t=rss HTTP/1.1" 200 4835 "-" "Mozilla/5.0 (compatible; AhrefsBot/6.1; +http://ahrefs.com/robot/)" 
71.34.70.114 - - [19/May/2020:05:38:56 -0700] "GET /?_t=rss HTTP/1.1" 200 4795 "-" "Mozilla/5.0 (Windows NT 10.0; Win64; x64; rv:76.0) Gecko/20100101 Firefox/76.0" 
5.188.210.36 - - [19/May/2020:05:38:58 -0700] "GET /profile/jeremy?offset=106 HTTP/1.0" 200 136892 "https://stream.jeremycherfas.net/profile/jeremy?offset=106" "Mozilla/5.0 (Windows NT 6.1) AppleWebKit/537.36 (KHTML, like Gecko) Chrome/68.0.3440.106 Safari/537.36 Kinza/4.9.1" 
5.188.210.36 - - [19/May/2020:05:39:00 -0700] "POST /comments/post HTTP/1.0" 403 17067 "https://stream.jeremycherfas.net/profile/jeremy?offset=106" "Mozilla/5.0 (Windows NT 6.1) AppleWebKit/537.36 (KHTML, like Gecko) Chrome/68.0.3440.106 Safari/537.36 Kinza/4.9.1" 
185.213.154.232 - - [19/May/2020:05:39:07 -0700] "GET /service/security/csrftoken/?url=https%3A%2F%2Fstream.jeremycherfas.net%2Fannotation%2Fpost HTTP/1.1" 200 4670 "https://stream.jeremycherfas.net/" "Mozilla/5.0 (Macintosh; Intel Mac OS X 10.13; rv:76.0) Gecko/20100101 Firefox/76.0" 
185.213.154.232 - - [19/May/2020:05:39:07 -0700] "GET /service/security/csrftoken/?url=https%3A%2F%2Fstream.jeremycherfas.net%2Fphoto%2Fdelete%2Fdaf2152b012d66671a6753fc41886b9c HTTP/1.1" 200 4702 "https://stream.jeremycherfas.net/" "Mozilla/5.0 (Macintosh; Intel Mac OS X 10.13; rv:76.0) Gecko/20100101 Firefox/76.0" 
185.213.154.232 - - [19/May/2020:05:39:07 -0700] "GET /service/security/csrftoken/?url=https%3A%2F%2Fstream.jeremycherfas.net%2Fentry%2Fdelete%2Fb7d373675113fdf133174954587128a4 HTTP/1.1" 200 1385 "https://stream.jeremycherfas.net/" "Mozilla/5.0 (Macintosh; Intel Mac OS X 10.13; rv:76.0) Gecko/20100101 Firefox/76.0" 
185.213.154.232 - - [19/May/2020:05:39:07 -0700] "GET /service/security/csrftoken/?url=https%3A%2F%2Fstream.jeremycherfas.net%2Fannotation%2Fpost HTTP/1.1" 200 1353 "https://stream.jeremycherfas.net/" "Mozilla/5.0 (Macintosh; Intel Mac OS X 10.13; rv:76.0) Gecko/20100101 Firefox/76.0" 
185.213.154.232 - - [19/May/2020:05:39:08 -0700] "GET /service/security/csrftoken/?url=https%3A%2F%2Fstream.jeremycherfas.net%2Flike%2Fdelete%2F0270bcdffc8f782dd7b4e75da5089ed7 HTTP/1.1" 200 1384 "https://stream.jeremycherfas.net/" "Mozilla/5.0 (Macintosh; Intel Mac OS X 10.13; rv:76.0) Gecko/20100101 Firefox/76.0" 
185.213.154.232 - - [19/May/2020:05:39:08 -0700] "GET /service/security/csrftoken/?url=https%3A%2F%2Fstream.jeremycherfas.net%2Fannotation%2Fpost HTTP/1.1" 200 1353 "https://stream.jeremycherfas.net/" "Mozilla/5.0 (Macintosh; Intel Mac OS X 10.13; rv:76.0) Gecko/20100101 Firefox/76.0" 
185.213.154.232 - - [19/May/2020:05:39:08 -0700] "GET /service/security/csrftoken/?url=https%3A%2F%2Fstream.jeremycherfas.net%2Fstatus%2Fdelete%2F7b1760ae80240239bb96c313a9d4ae56 HTTP/1.1" 200 1386 "https://stream.jeremycherfas.net/" "Mozilla/5.0 (Macintosh; Intel Mac OS X 10.13; rv:76.0) Gecko/20100101 Firefox/76.0" 
185.213.154.232 - - [19/May/2020:05:39:08 -0700] "GET /service/security/csrftoken/?url=https%3A%2F%2Fstream.jeremycherfas.net%2Fannotation%2Fpost HTTP/1.1" 200 1353 "https://stream.jeremycherfas.net/" "Mozilla/5.0 (Macintosh; Intel Mac OS X 10.13; rv:76.0) Gecko/20100101 Firefox/76.0" 
185.213.154.232 - - [19/May/2020:05:39:08 -0700] "GET /service/security/csrftoken/?url=https%3A%2F%2Fstream.jeremycherfas.net%2Fstatus%2Fdelete%2F3fe4d5bc3c5215fb5c1a58b91ce41060 HTTP/1.1" 200 1386 "https://stream.jeremycherfas.net/" "Mozilla/5.0 (Macintosh; Intel Mac OS X 10.13; rv:76.0) Gecko/20100101 Firefox/76.0" 
185.213.154.232 - - [19/May/2020:05:39:08 -0700] "GET /service/security/csrftoken/?url=https%3A%2F%2Fstream.jeremycherfas.net%2Fannotation%2Fpost HTTP/1.1" 200 1353 "https://stream.jeremycherfas.net/" "Mozilla/5.0 (Macintosh; Intel Mac OS X 10.13; rv:76.0) Gecko/20100101 Firefox/76.0" 
185.213.154.232 - - [19/May/2020:05:39:08 -0700] "GET /service/security/csrftoken/?url=https%3A%2F%2Fstream.jeremycherfas.net%2Fstatus%2Fdelete%2F9c654a798210103e66d83151823873c0 HTTP/1.1" 200 1386 "https://stream.jeremycherfas.net/" "Mozilla/5.0 (Macintosh; Intel Mac OS X 10.13; rv:76.0) Gecko/20100101 Firefox/76.0" 
185.213.154.232 - - [19/May/2020:05:39:08 -0700] "GET /service/security/csrftoken/?url=https%3A%2F%2Fstream.jeremycherfas.net%2Fannotation%2Fpost HTTP/1.1" 200 1353 "https://stream.jeremycherfas.net/" "Mozilla/5.0 (Macintosh; Intel Mac OS X 10.13; rv:76.0) Gecko/20100101 Firefox/76.0" 
185.213.154.232 - - [19/May/2020:05:39:08 -0700] "GET /service/security/csrftoken/?url=https%3A%2F%2Fstream.jeremycherfas.net%2Flike%2Fdelete%2Fdd7f27b82530d976a1cd3ff45827f372 HTTP/1.1" 200 4701 "https://stream.jeremycherfas.net/" "Mozilla/5.0 (Macintosh; Intel Mac OS X 10.13; rv:76.0) Gecko/20100101 Firefox/76.0" 
185.213.154.232 - - [19/May/2020:05:39:08 -0700] "GET /service/security/csrftoken/?url=https%3A%2F%2Fstream.jeremycherfas.net%2Fevent%2Fdelete%2Fd7fd211f55881c1b0bcf28a4acec02c7 HTTP/1.1" 200 1385 "https://stream.jeremycherfas.net/" "Mozilla/5.0 (Macintosh; Intel Mac OS X 10.13; rv:76.0) Gecko/20100101 Firefox/76.0" 
185.213.154.232 - - [19/May/2020:05:39:08 -0700] "GET /service/security/csrftoken/?url=https%3A%2F%2Fstream.jeremycherfas.net%2Fannotation%2Fpost HTTP/1.1" 200 1353 "https://stream.jeremycherfas.net/" "Mozilla/5.0 (Macintosh; Intel Mac OS X 10.13; rv:76.0) Gecko/20100101 Firefox/76.0" 
185.213.154.232 - - [19/May/2020:05:39:08 -0700] "GET /service/security/csrftoken/?url=https%3A%2F%2Fstream.jeremycherfas.net%2Fstatus%2Fdelete%2Fea81541ea1c13f19fffc38e46e09d0d0 HTTP/1.1" 200 1386 "https://stream.jeremycherfas.net/" "Mozilla/5.0 (Macintosh; Intel Mac OS X 10.13; rv:76.0) Gecko/20100101 Firefox/76.0" 
185.213.154.232 - - [19/May/2020:05:39:09 -0700] "GET /service/security/csrftoken/?url=https%3A%2F%2Fstream.jeremycherfas.net%2Fannotation%2Fpost HTTP/1.1" 200 1353 "https://stream.jeremycherfas.net/" "Mozilla/5.0 (Macintosh; Intel Mac OS X 10.13; rv:76.0) Gecko/20100101 Firefox/76.0" 
185.213.154.232 - - [19/May/2020:05:39:09 -0700] "GET /service/security/csrftoken/?url=https%3A%2F%2Fstream.jeremycherfas.net%2Fsession%2Flogout HTTP/1.1" 200 1352 "https://stream.jeremycherfas.net/" "Mozilla/5.0 (Macintosh; Intel Mac OS X 10.13; rv:76.0) Gecko/20100101 Firefox/76.0" 
185.213.154.232 - - [19/May/2020:05:39:09 -0700] "GET /service/security/csrftoken/?url=https%3A%2F%2Fstream.jeremycherfas.net%2Flike%2Fdelete%2F995eb0f3a9db39e3b501fc2b56c2ff53 HTTP/1.1" 200 4701 "https://stream.jeremycherfas.net/" "Mozilla/5.0 (Macintosh; Intel Mac OS X 10.13; rv:76.0) Gecko/20100101 Firefox/76.0" 
185.213.154.232 - - [19/May/2020:05:39:09 -0700] "GET /service/security/csrftoken/?url=https%3A%2F%2Fstream.jeremycherfas.net%2Fannotation%2Fpost HTTP/1.1" 200 4670 "https://stream.jeremycherfas.net/" "Mozilla/5.0 (Macintosh; Intel Mac OS X 10.13; rv:76.0) Gecko/20100101 Firefox/76.0" 
185.213.154.232 - - [19/May/2020:05:39:10 -0700] "GET /service/security/csrftoken/?url=https%3A%2F%2Fstream.jeremycherfas.net%2Fannotation%2Fpost HTTP/1.1" 200 4670 "https://stream.jeremycherfas.net/" "Mozilla/5.0 (Macintosh; Intel Mac OS X 10.13; rv:76.0) Gecko/20100101 Firefox/76.0" 
64.111.100.215 - - [19/May/2020:05:39:44 -0700] "GET /content/all?_t=rss HTTP/1.1" 200 15209 "-" "Mozilla/5.0 (X11; U; Linux i686; fr; rv:1.9.1.1) Gecko/20090715 Firefox/3.5.1" 
54.36.149.27 - - [19/May/2020:05:40:01 -0700] "GET /content/all/?q=%23+%23indieweb&offset=30&_t=rss HTTP/1.1" 200 9145 "-" "Mozilla/5.0 (compatible; AhrefsBot/6.1; +http://ahrefs.com/robot/)" 
207.46.13.183 - - [19/May/2020:05:40:06 -0700] "GET /file/02919d15b95835f9a46359cba5f5a7ec/thumb.jpg HTTP/1.1" 200 164804 "-" "Mozilla/5.0 (compatible; bingbot/2.0; +http://www.bing.com/bingbot.htm)" 
46.229.168.154 - - [19/May/2020:05:40:15 -0700] "GET /2019/the-case-for-planting-trees-small-farm-future HTTP/1.1" 200 9604 "-" "Mozilla/5.0 (compatible; SemrushBot/6~bl; +http://www.semrush.com/bot.html)" 
114.119.167.191 - - [19/May/2020:05:40:43 -0700] "GET /content/events?q=%23borderterrier HTTP/1.1" 200 8288 "-" "Mozilla/5.0 (Linux; Android 7.0;) AppleWebKit/537.36 (KHTML, like Gecko) Mobile Safari/537.36 (compatible; AspiegelBot)" 
46.229.168.151 - - [19/May/2020:05:40:46 -0700] "GET /content/all/?offset=1&q=%23%2B%23photo HTTP/1.1" 200 12571 "-" "Mozilla/5.0 (compatible; SemrushBot/6~bl; +http://www.semrush.com/bot.html)" 
46.229.168.129 - - [19/May/2020:05:40:58 -0700] "GET /?offset=51&q=%23%2B%23podcast HTTP/1.1" 200 10976 "-" "Mozilla/5.0 (compatible; SemrushBot/6~bl; +http://www.semrush.com/bot.html)" 
5.188.210.36 - - [19/May/2020:05:41:10 -0700] "GET /profile/jeremy?offset=106 HTTP/1.1" 200 17563 "-" "Mozilla/5.0 (Windows NT 6.1; Win64; x64; rv:62.0) Gecko/20100101 Firefox/62.0" 
46.229.168.145 - - [19/May/2020:05:41:52 -0700] "GET /content/events/?q=%23food HTTP/1.1" 200 8516 "-" "Mozilla/5.0 (compatible; SemrushBot/6~bl; +http://www.semrush.com/bot.html)" 
71.34.70.114 - - [19/May/2020:05:41:55 -0700] "GET /?_t=rss HTTP/1.1" 200 7974 "-" "Mozilla/5.0 (Windows NT 10.0; Win64; x64; rv:76.0) Gecko/20100101 Firefox/76.0" 
46.229.168.132 - - [19/May/2020:05:42:16 -0700] "GET /?q=%23%2B%23IndieWeb HTTP/1.1" 200 14970 "-" "Mozilla/5.0 (compatible; SemrushBot/6~bl; +http://www.semrush.com/bot.html)" 
54.36.150.157 - - [19/May/2020:05:42:17 -0700] "GET /2019/goa-homebrew-website-club-1 HTTP/1.1" 200 9285 "-" "Mozilla/5.0 (compatible; AhrefsBot/6.1; +http://ahrefs.com/robot/)" 
54.36.148.149 - - [19/May/2020:05:43:25 -0700] "GET /content/all/?q=%23bread&offset=47&_t=rss HTTP/1.1" 200 8551 "-" "Mozilla/5.0 (compatible; AhrefsBot/6.1; +http://ahrefs.com/robot/)" 
54.36.148.125 - - [19/May/2020:05:43:28 -0700] "GET /?offset=10 HTTP/1.1" 200 13729 "-" "Mozilla/5.0 (compatible; AhrefsBot/6.1; +http://ahrefs.com/robot/)" 
54.36.148.70 - - [19/May/2020:05:43:46 -0700] "GET /?q=%23seeded&_t=rss HTTP/1.1" 200 6379 "-" "Mozilla/5.0 (compatible; AhrefsBot/6.1; +http://ahrefs.com/robot/)" 
45.79.26.51 - - [19/May/2020:05:43:47 -0700] "GET /content/statusupdates/posts/photos/checkins/bookmarkedpages?_t=rss HTTP/1.1" 200 7816 "-" "Micro.blog/1.0" 
46.229.168.135 - - [19/May/2020:05:43:57 -0700] "GET /?offset=23&q=%23%2B%23sourdough HTTP/1.1" 200 11931 "-" "Mozilla/5.0 (compatible; SemrushBot/6~bl; +http://www.semrush.com/bot.html)" 
46.229.168.137 - - [19/May/2020:05:43:58 -0700] "GET /tag/bread?offset=51 HTTP/1.1" 200 12386 "-" "Mozilla/5.0 (compatible; SemrushBot/6~bl; +http://www.semrush.com/bot.html)" 
185.213.154.232 - - [19/May/2020:05:44:07 -0700] "GET /service/security/csrftoken/?url=https%3A%2F%2Fstream.jeremycherfas.net%2Fannotation%2Fpost HTTP/1.1" 200 1491 "https://stream.jeremycherfas.net/" "Mozilla/5.0 (Macintosh; Intel Mac OS X 10.13; rv:76.0) Gecko/20100101 Firefox/76.0" 
185.213.154.232 - - [19/May/2020:05:44:07 -0700] "GET /service/security/csrftoken/?url=https%3A%2F%2Fstream.jeremycherfas.net%2Fannotation%2Fpost HTTP/1.1" 200 1491 "https://stream.jeremycherfas.net/" "Mozilla/5.0 (Macintosh; Intel Mac OS X 10.13; rv:76.0) Gecko/20100101 Firefox/76.0" 
185.213.154.232 - - [19/May/2020:05:44:07 -0700] "GET /service/security/csrftoken/?url=https%3A%2F%2Fstream.jeremycherfas.net%2Fentry%2Fdelete%2Fb7d373675113fdf133174954587128a4 HTTP/1.1" 200 1385 "https://stream.jeremycherfas.net/" "Mozilla/5.0 (Macintosh; Intel Mac OS X 10.13; rv:76.0) Gecko/20100101 Firefox/76.0" 
185.213.154.232 - - [19/May/2020:05:44:07 -0700] "GET /service/security/csrftoken/?url=https%3A%2F%2Fstream.jeremycherfas.net%2Fannotation%2Fpost HTTP/1.1" 200 1353 "https://stream.jeremycherfas.net/" "Mozilla/5.0 (Macintosh; Intel Mac OS X 10.13; rv:76.0) Gecko/20100101 Firefox/76.0" 
185.213.154.232 - - [19/May/2020:05:44:08 -0700] "GET /service/security/csrftoken/?url=https%3A%2F%2Fstream.jeremycherfas.net%2Flike%2Fdelete%2Fdd7f27b82530d976a1cd3ff45827f372 HTTP/1.1" 200 1522 "https://stream.jeremycherfas.net/" "Mozilla/5.0 (Macintosh; Intel Mac OS X 10.13; rv:76.0) Gecko/20100101 Firefox/76.0" 
185.213.154.232 - - [19/May/2020:05:44:08 -0700] "GET /service/security/csrftoken/?url=https%3A%2F%2Fstream.jeremycherfas.net%2Flike%2Fdelete%2F0270bcdffc8f782dd7b4e75da5089ed7 HTTP/1.1" 200 1384 "https://stream.jeremycherfas.net/" "Mozilla/5.0 (Macintosh; Intel Mac OS X 10.13; rv:76.0) Gecko/20100101 Firefox/76.0" 
185.213.154.232 - - [19/May/2020:05:44:08 -0700] "GET /service/security/csrftoken/?url=https%3A%2F%2Fstream.jeremycherfas.net%2Fannotation%2Fpost HTTP/1.1" 200 1353 "https://stream.jeremycherfas.net/" "Mozilla/5.0 (Macintosh; Intel Mac OS X 10.13; rv:76.0) Gecko/20100101 Firefox/76.0" 
185.213.154.232 - - [19/May/2020:05:44:08 -0700] "GET /service/security/csrftoken/?url=https%3A%2F%2Fstream.jeremycherfas.net%2Fstatus%2Fdelete%2F7b1760ae80240239bb96c313a9d4ae56 HTTP/1.1" 200 1386 "https://stream.jeremycherfas.net/" "Mozilla/5.0 (Macintosh; Intel Mac OS X 10.13; rv:76.0) Gecko/20100101 Firefox/76.0" 
185.213.154.232 - - [19/May/2020:05:44:08 -0700] "GET /service/security/csrftoken/?url=https%3A%2F%2Fstream.jeremycherfas.net%2Fannotation%2Fpost HTTP/1.1" 200 1353 "https://stream.jeremycherfas.net/" "Mozilla/5.0 (Macintosh; Intel Mac OS X 10.13; rv:76.0) Gecko/20100101 Firefox/76.0" 
185.213.154.232 - - [19/May/2020:05:44:08 -0700] "GET /service/security/csrftoken/?url=https%3A%2F%2Fstream.jeremycherfas.net%2Fstatus%2Fdelete%2F3fe4d5bc3c5215fb5c1a58b91ce41060 HTTP/1.1" 200 1386 "https://stream.jeremycherfas.net/" "Mozilla/5.0 (Macintosh; Intel Mac OS X 10.13; rv:76.0) Gecko/20100101 Firefox/76.0" 
185.213.154.232 - - [19/May/2020:05:44:08 -0700] "GET /service/security/csrftoken/?url=https%3A%2F%2Fstream.jeremycherfas.net%2Fannotation%2Fpost HTTP/1.1" 200 1353 "https://stream.jeremycherfas.net/" "Mozilla/5.0 (Macintosh; Intel Mac OS X 10.13; rv:76.0) Gecko/20100101 Firefox/76.0" 
185.213.154.232 - - [19/May/2020:05:44:08 -0700] "GET /service/security/csrftoken/?url=https%3A%2F%2Fstream.jeremycherfas.net%2Fstatus%2Fdelete%2F9c654a798210103e66d83151823873c0 HTTP/1.1" 200 1386 "https://stream.jeremycherfas.net/" "Mozilla/5.0 (Macintosh; Intel Mac OS X 10.13; rv:76.0) Gecko/20100101 Firefox/76.0" 
185.213.154.232 - - [19/May/2020:05:44:08 -0700] "GET /service/security/csrftoken/?url=https%3A%2F%2Fstream.jeremycherfas.net%2Fannotation%2Fpost HTTP/1.1" 200 1353 "https://stream.jeremycherfas.net/" "Mozilla/5.0 (Macintosh; Intel Mac OS X 10.13; rv:76.0) Gecko/20100101 Firefox/76.0" 
185.213.154.232 - - [19/May/2020:05:44:08 -0700] "GET /service/security/csrftoken/?url=https%3A%2F%2Fstream.jeremycherfas.net%2Fevent%2Fdelete%2Fd7fd211f55881c1b0bcf28a4acec02c7 HTTP/1.1" 200 1385 "https://stream.jeremycherfas.net/" "Mozilla/5.0 (Macintosh; Intel Mac OS X 10.13; rv:76.0) Gecko/20100101 Firefox/76.0" 
185.213.154.232 - - [19/May/2020:05:44:08 -0700] "GET /service/security/csrftoken/?url=https%3A%2F%2Fstream.jeremycherfas.net%2Fannotation%2Fpost HTTP/1.1" 200 1353 "https://stream.jeremycherfas.net/" "Mozilla/5.0 (Macintosh; Intel Mac OS X 10.13; rv:76.0) Gecko/20100101 Firefox/76.0" 
185.213.154.232 - - [19/May/2020:05:44:08 -0700] "GET /service/security/csrftoken/?url=https%3A%2F%2Fstream.jeremycherfas.net%2Fstatus%2Fdelete%2Fea81541ea1c13f19fffc38e46e09d0d0 HTTP/1.1" 200 1386 "https://stream.jeremycherfas.net/" "Mozilla/5.0 (Macintosh; Intel Mac OS X 10.13; rv:76.0) Gecko/20100101 Firefox/76.0" 
185.213.154.232 - - [19/May/2020:05:44:08 -0700] "GET /service/security/csrftoken/?url=https%3A%2F%2Fstream.jeremycherfas.net%2Fsession%2Flogout HTTP/1.1" 200 1352 "https://stream.jeremycherfas.net/" "Mozilla/5.0 (Macintosh; Intel Mac OS X 10.13; rv:76.0) Gecko/20100101 Firefox/76.0" 
185.213.154.232 - - [19/May/2020:05:44:09 -0700] "GET /service/security/csrftoken/?url=https%3A%2F%2Fstream.jeremycherfas.net%2Fphoto%2Fdelete%2Fdaf2152b012d66671a6753fc41886b9c HTTP/1.1" 200 1523 "https://stream.jeremycherfas.net/" "Mozilla/5.0 (Macintosh; Intel Mac OS X 10.13; rv:76.0) Gecko/20100101 Firefox/76.0" 
185.213.154.232 - - [19/May/2020:05:44:09 -0700] "GET /service/security/csrftoken/?url=https%3A%2F%2Fstream.jeremycherfas.net%2Flike%2Fdelete%2F995eb0f3a9db39e3b501fc2b56c2ff53 HTTP/1.1" 200 1522 "https://stream.jeremycherfas.net/" "Mozilla/5.0 (Macintosh; Intel Mac OS X 10.13; rv:76.0) Gecko/20100101 Firefox/76.0" 
185.213.154.232 - - [19/May/2020:05:44:08 -0700] "GET /service/security/csrftoken/?url=https%3A%2F%2Fstream.jeremycherfas.net%2Fannotation%2Fpost HTTP/1.1" 200 1353 "https://stream.jeremycherfas.net/" "Mozilla/5.0 (Macintosh; Intel Mac OS X 10.13; rv:76.0) Gecko/20100101 Firefox/76.0" 
66.249.66.46 - - [19/May/2020:05:44:09 -0700] "GET /2017/one-door-opens-another-one-shuts-cleaned-up-my-rss HTTP/1.1" 200 9806 "-" "Mozilla/5.0 (Linux; Android 6.0.1; Nexus 5X Build/MMB29P) AppleWebKit/537.36 (KHTML, like Gecko) Chrome/41.0.2272.96 Mobile Safari/537.36 (compatible; Googlebot/2.1; +http://www.google.com/bot.html)" 
185.213.154.232 - - [19/May/2020:05:44:10 -0700] "GET /service/security/csrftoken/?url=https%3A%2F%2Fstream.jeremycherfas.net%2Fannotation%2Fpost HTTP/1.1" 200 1491 "https://stream.jeremycherfas.net/" "Mozilla/5.0 (Macintosh; Intel Mac OS X 10.13; rv:76.0) Gecko/20100101 Firefox/76.0" 
46.229.168.139 - - [19/May/2020:05:44:13 -0700] "GET /content/bookmarkedpages?offset=30 HTTP/1.1" 200 11675 "-" "Mozilla/5.0 (compatible; SemrushBot/6~bl; +http://www.semrush.com/bot.html)" 
71.34.70.114 - - [19/May/2020:05:45:13 -0700] "GET /?_t=rss HTTP/1.1" 200 4795 "-" "Mozilla/5.0 (Windows NT 10.0; Win64; x64; rv:76.0) Gecko/20100101 Firefox/76.0" 
167.99.96.232 - - [19/May/2020:05:45:36 -0700] "GET /?_t=rss HTTP/1.1" 200 7707 "-" "Feedbin feed-id:1536727 - 1 subscribers" 
46.229.168.163 - - [19/May/2020:05:45:56 -0700] "GET /?q=%23leaven HTTP/1.1" 200 12670 "-" "Mozilla/5.0 (compatible; SemrushBot/6~bl; +http://www.semrush.com/bot.html)" 
46.229.168.146 - - [19/May/2020:05:46:41 -0700] "GET /2018/our-daily-bread-30---a-perennial-dream8pcy30lb5vwwheat-is-an HTTP/1.1" 200 17944 "-" "Mozilla/5.0 (compatible; SemrushBot/6~bl; +http://www.semrush.com/bot.html)" 
114.119.161.85 - - [19/May/2020:05:47:40 -0700] "GET /file/e7186e809e3686ca94dde1717045abe1/thumb.jpg HTTP/1.1" 200 122801 "-" "Mozilla/5.0 (Linux; Android 7.0;) AppleWebKit/537.36 (KHTML, like Gecko) Mobile Safari/537.36 (compatible; AspiegelBot)" 
71.34.70.114 - - [19/May/2020:05:47:53 -0700] "GET /?_t=rss HTTP/1.1" 200 7974 "-" "Mozilla/5.0 (Windows NT 10.0; Win64; x64; rv:76.0) Gecko/20100101 Firefox/76.0" 
46.229.168.140 - - [19/May/2020:05:48:18 -0700] "GET /?offset=110&q=%23indieweb HTTP/1.1" 200 12210 "-" "Mozilla/5.0 (compatible; SemrushBot/6~bl; +http://www.semrush.com/bot.html)" 
96.126.125.129 - - [19/May/2020:05:48:28 -0700] "GET /content/statusupdates/posts/photos/checkins/bookmarkedpages?_t=rss HTTP/1.1" 200 7821 "-" "Micro.blog/1.0" 
96.126.125.129 - - [19/May/2020:05:50:22 -0700] "GET /content/statusupdates/posts/photos/checkins/bookmarkedpages?_t=rss HTTP/1.1" 200 7821 "-" "Micro.blog/1.0" 
71.34.70.114 - - [19/May/2020:05:50:36 -0700] "GET /?_t=rss HTTP/1.1" 200 4795 "-" "Mozilla/5.0 (Windows NT 10.0; Win64; x64; rv:76.0) Gecko/20100101 Firefox/76.0" 
46.229.168.141 - - [19/May/2020:05:50:47 -0700] "GET /?q=%23Rye HTTP/1.1" 200 12403 "-" "Mozilla/5.0 (compatible; SemrushBot/6~bl; +http://www.semrush.com/bot.html)" 
46.229.168.147 - - [19/May/2020:05:51:22 -0700] "GET /content/all/?offset=21&q=%23bread HTTP/1.1" 200 12215 "-" "Mozilla/5.0 (compatible; SemrushBot/6~bl; +http://www.semrush.com/bot.html)" 
46.229.168.135 - - [19/May/2020:05:51:30 -0700] "GET /tag/IndieWeb?offset=133 HTTP/1.1" 200 12700 "-" "Mozilla/5.0 (compatible; SemrushBot/6~bl; +http://www.semrush.com/bot.html)" 
46.229.168.143 - - [19/May/2020:05:52:06 -0700] "GET /2018/a-fuckbonnet-for-our-time-the-audacity-of-despair HTTP/1.1" 200 9639 "-" "Mozilla/5.0 (compatible; SemrushBot/6~bl; +http://www.semrush.com/bot.html)" 
46.229.168.145 - - [19/May/2020:05:52:40 -0700] "GET /content/rsvp/?q=%23campbellsdoughknife HTTP/1.1" 200 8516 "-" "Mozilla/5.0 (compatible; SemrushBot/6~bl; +http://www.semrush.com/bot.html)" 
46.229.168.153 - - [19/May/2020:05:53:12 -0700] "GET /tag/webmention HTTP/1.1" 200 13965 "-" "Mozilla/5.0 (compatible; SemrushBot/6~bl; +http://www.semrush.com/bot.html)" 
71.34.70.114 - - [19/May/2020:05:53:12 -0700] "GET /?_t=rss HTTP/1.1" 200 7974 "-" "Mozilla/5.0 (Windows NT 10.0; Win64; x64; rv:76.0) Gecko/20100101 Firefox/76.0" 
46.229.168.154 - - [19/May/2020:05:53:26 -0700] "GET /content/posts/?q=%23%2B%23latteriastudio HTTP/1.1" 200 8548 "-" "Mozilla/5.0 (compatible; SemrushBot/6~bl; +http://www.semrush.com/bot.html)" 
66.249.66.52 - - [19/May/2020:05:53:36 -0700] "GET /content/all/?offset=120 HTTP/1.1" 200 11152 "-" "Mozilla/5.0 (Linux; Android 6.0.1; Nexus 5X Build/MMB29P) AppleWebKit/537.36 (KHTML, like Gecko) Chrome/41.0.2272.96 Mobile Safari/537.36 (compatible; Googlebot/2.1; +http://www.google.com/bot.html)" 
46.229.168.142 - - [19/May/2020:05:53:59 -0700] "GET /2017/horses-for-courses HTTP/1.1" 200 10126 "-" "Mozilla/5.0 (compatible; SemrushBot/6~bl; +http://www.semrush.com/bot.html)" 
66.249.66.48 - - [19/May/2020:05:54:54 -0700] "GET /?q=%23Indieweb&offset=37 HTTP/1.1" 304 53496 "-" "Mozilla/5.0 (Linux; Android 6.0.1; Nexus 5X Build/MMB29P) AppleWebKit/537.36 (KHTML, like Gecko) Chrome/80.0.3987.92 Mobile Safari/537.36 (compatible; Googlebot/2.1; +http://www.google.com/bot.html)" 
114.119.166.46 - - [19/May/2020:05:55:10 -0700] "GET /tag/Indieweb?offset=30 HTTP/1.1" 200 13034 "-" "Mozilla/5.0 (Linux; Android 7.0;) AppleWebKit/537.36 (KHTML, like Gecko) Mobile Safari/537.36 (compatible; AspiegelBot)" 
71.34.70.114 - - [19/May/2020:05:56:04 -0700] "GET /?_t=rss HTTP/1.1" 200 4795 "-" "Mozilla/5.0 (Windows NT 10.0; Win64; x64; rv:76.0) Gecko/20100101 Firefox/76.0" 
46.229.168.132 - - [19/May/2020:05:56:39 -0700] "GET /?offset=280 HTTP/1.1" 200 11522 "-" "Mozilla/5.0 (compatible; SemrushBot/6~bl; +http://www.semrush.com/bot.html)" 
64.111.100.215 - - [19/May/2020:05:56:42 -0700] "GET /content/all?_t=rss HTTP/1.1" 200 15209 "-" "Mozilla/5.0 (X11; U; Linux i686; fr; rv:1.9.1.1) Gecko/20090715 Firefox/3.5.1" 
46.229.168.145 - - [19/May/2020:05:56:47 -0700] "GET /2019/why-hunger-amidst-plenty-mdash-the-food-archive HTTP/1.1" 200 9584 "-" "Mozilla/5.0 (compatible; SemrushBot/6~bl; +http://www.semrush.com/bot.html)" 
46.229.168.154 - - [19/May/2020:05:56:54 -0700] "GET /2020/red-dragon-pie HTTP/1.1" 200 10434 "-" "Mozilla/5.0 (compatible; SemrushBot/6~bl; +http://www.semrush.com/bot.html)" 
46.229.168.150 - - [19/May/2020:05:58:03 -0700] "GET /2018/our-daily-bread-23---brown-v-white-fn5k30lvxlk-the HTTP/1.1" 200 13368 "-" "Mozilla/5.0 (compatible; SemrushBot/6~bl; +http://www.semrush.com/bot.html)" 
207.46.13.1 - - [19/May/2020:05:58:37 -0700] "GET /2017/christmas-wouldnt-be-christmas-without-a-bracing-walk-by-the?_t=rss HTTP/1.1" 200 5630 "-" "Mozilla/5.0 (compatible; bingbot/2.0; +http://www.bing.com/bingbot.htm)" 
71.34.70.114 - - [19/May/2020:05:58:41 -0700] "GET /?_t=rss HTTP/1.1" 200 7974 "-" "Mozilla/5.0 (Windows NT 10.0; Win64; x64; rv:76.0) Gecko/20100101 Firefox/76.0" 
66.249.66.46 - - [19/May/2020:05:58:51 -0700] "GET /2018/its-a-great-story-he-told-me HTTP/1.1" 304 3742 "-" "Mozilla/5.0 (Linux; Android 6.0.1; Nexus 5X Build/MMB29P) AppleWebKit/537.36 (KHTML, like Gecko) Chrome/41.0.2272.96 Mobile Safari/537.36 (compatible; Googlebot/2.1; +http://www.google.com/bot.html)" 
46.229.168.131 - - [19/May/2020:05:58:52 -0700] "GET /content/photos/?offset=20&q=%23%2B%23bread HTTP/1.1" 200 12739 "-" "Mozilla/5.0 (compatible; SemrushBot/6~bl; +http://www.semrush.com/bot.html)" 
46.229.168.133 - - [19/May/2020:05:59:02 -0700] "GET /content/all/?offset=21&q=%23podcast HTTP/1.1" 200 12464 "-" "Mozilla/5.0 (compatible; SemrushBot/6~bl; +http://www.semrush.com/bot.html)" 
46.229.168.147 - - [19/May/2020:06:00:23 -0700] "GET /content/all/?offset=90&q=%23IndieWeb HTTP/1.1" 200 15764 "-" "Mozilla/5.0 (compatible; SemrushBot/6~bl; +http://www.semrush.com/bot.html)" 
96.126.125.129 - - [19/May/2020:06:00:45 -0700] "GET /content/statusupdates/posts/photos/checkins/bookmarkedpages?_t=rss HTTP/1.1" 200 7821 "-" "Micro.blog/1.0" 
71.34.70.114 - - [19/May/2020:06:01:57 -0700] "GET /?_t=rss HTTP/1.1" 200 4795 "-" "Mozilla/5.0 (Windows NT 10.0; Win64; x64; rv:76.0) Gecko/20100101 Firefox/76.0" 
114.119.160.143 - - [19/May/2020:06:02:17 -0700] "GET /content/all?q=%23indieweb&offset=131 HTTP/1.1" 200 12468 "-" "Mozilla/5.0 (Linux; Android 7.0;) AppleWebKit/537.36 (KHTML, like Gecko) Mobile Safari/537.36 (compatible; AspiegelBot)" 
207.46.13.1 - - [19/May/2020:06:02:37 -0700] "GET /file/dc11f3d8edc06def0e79d875b4119e0a/iguHgdk4.jpg HTTP/1.1" 200 152057 "-" "Mozilla/5.0 (compatible; bingbot/2.0; +http://www.bing.com/bingbot.htm)" 
66.249.66.48 - - [19/May/2020:06:03:04 -0700] "GET /content/bookmarkedpages/?q=%23pestcontrol HTTP/1.1" 200 8579 "-" "Mozilla/5.0 (Linux; Android 6.0.1; Nexus 5X Build/MMB29P) AppleWebKit/537.36 (KHTML, like Gecko) Chrome/41.0.2272.96 Mobile Safari/537.36 (compatible; Googlebot/2.1; +http://www.google.com/bot.html)" 
46.229.168.142 - - [19/May/2020:06:03:44 -0700] "GET /content/all/?offset=126&q=%23IndieWeb HTTP/1.1" 200 12686 "-" "Mozilla/5.0 (compatible; SemrushBot/6~bl; +http://www.semrush.com/bot.html)" 
46.229.168.130 - - [19/May/2020:06:03:49 -0700] "GET /2018/11-april-2018 HTTP/1.1" 200 10313 "-" "Mozilla/5.0 (compatible; SemrushBot/6~bl; +http://www.semrush.com/bot.html)" 
71.34.70.114 - - [19/May/2020:06:04:55 -0700] "GET /?_t=rss HTTP/1.1" 200 7974 "-" "Mozilla/5.0 (Windows NT 10.0; Win64; x64; rv:76.0) Gecko/20100101 Firefox/76.0" 
46.229.168.138 - - [19/May/2020:06:05:49 -0700] "GET /2018/thanks-for-the-link-i-would-not HTTP/1.1" 200 9662 "-" "Mozilla/5.0 (compatible; SemrushBot/6~bl; +http://www.semrush.com/bot.html)" 
96.126.125.129 - - [19/May/2020:06:05:54 -0700] "GET /content/statusupdates/posts/photos/checkins/bookmarkedpages?_t=rss HTTP/1.1" 200 7821 "-" "Micro.blog/1.0" 
66.249.66.46 - - [19/May/2020:06:06:12 -0700] "GET /view/8d3457737a653a8c2059ac44dec0b20a HTTP/1.1" 200 9799 "-" "Mozilla/5.0 (Linux; Android 6.0.1; Nexus 5X Build/MMB29P) AppleWebKit/537.36 (KHTML, like Gecko) Chrome/80.0.3987.92 Mobile Safari/537.36 (compatible; Googlebot/2.1; +http://www.google.com/bot.html)" 
46.229.168.137 - - [19/May/2020:06:06:42 -0700] "GET /content/photos/?offset=52&q=%23%2B%23bread HTTP/1.1" 200 11879 "-" "Mozilla/5.0 (compatible; SemrushBot/6~bl; +http://www.semrush.com/bot.html)" 
46.229.168.131 - - [19/May/2020:06:07:07 -0700] "GET /content/all/?offset=8&q=%23%2B%23rye HTTP/1.1" 200 11681 "-" "Mozilla/5.0 (compatible; SemrushBot/6~bl; +http://www.semrush.com/bot.html)" 
71.34.70.114 - - [19/May/2020:06:07:29 -0700] "GET /?_t=rss HTTP/1.1" 200 4795 "-" "Mozilla/5.0 (Windows NT 10.0; Win64; x64; rv:76.0) Gecko/20100101 Firefox/76.0" 
46.229.168.130 - - [19/May/2020:06:08:09 -0700] "GET /content/photos/?offset=0&q=%23%2B%23food HTTP/1.1" 200 12948 "-" "Mozilla/5.0 (compatible; SemrushBot/6~bl; +http://www.semrush.com/bot.html)" 
46.229.168.137 - - [19/May/2020:06:08:13 -0700] "GET /content/statusupdates/?offset=6&q=%23%2B%23podcast HTTP/1.1" 200 10865 "-" "Mozilla/5.0 (compatible; SemrushBot/6~bl; +http://www.semrush.com/bot.html)" 
46.229.168.141 - - [19/May/2020:06:08:23 -0700] "GET /tag/indieweb?offset=67 HTTP/1.1" 200 11990 "-" "Mozilla/5.0 (compatible; SemrushBot/6~bl; +http://www.semrush.com/bot.html)" 
45.79.26.51 - - [19/May/2020:06:08:44 -0700] "GET /content/statusupdates/posts/photos/checkins/bookmarkedpages?_t=rss HTTP/1.1" 200 7816 "-" "Micro.blog/1.0" 
114.119.165.37 - - [19/May/2020:06:09:09 -0700] "GET /tag/WithKnown HTTP/1.1" 200 14324 "-" "Mozilla/5.0 (Linux; Android 7.0;) AppleWebKit/537.36 (KHTML, like Gecko) Mobile Safari/537.36 (compatible; AspiegelBot)" 
46.229.168.144 - - [19/May/2020:06:09:43 -0700] "GET /content/photos/?offset=12&q=%23Sourdough HTTP/1.1" 200 12289 "-" "Mozilla/5.0 (compatible; SemrushBot/6~bl; +http://www.semrush.com/bot.html)" 
71.34.70.114 - - [19/May/2020:06:10:04 -0700] "GET /?_t=rss HTTP/1.1" 200 7974 "-" "Mozilla/5.0 (Windows NT 10.0; Win64; x64; rv:76.0) Gecko/20100101 Firefox/76.0" 
96.126.125.129 - - [19/May/2020:06:10:10 -0700] "GET /content/statusupdates/posts/photos/checkins/bookmarkedpages?_t=rss HTTP/1.1" 200 7821 "-" "Micro.blog/1.0" 
46.229.168.135 - - [19/May/2020:06:10:40 -0700] "GET /?offset=142&q=%23Indieweb HTTP/1.1" 200 8724 "-" "Mozilla/5.0 (compatible; SemrushBot/6~bl; +http://www.semrush.com/bot.html)" 
46.229.168.137 - - [19/May/2020:06:10:56 -0700] "GET /content/locations/?q=%23graingathering2017 HTTP/1.1" 200 8519 "-" "Mozilla/5.0 (compatible; SemrushBot/6~bl; +http://www.semrush.com/bot.html)" 
46.229.168.133 - - [19/May/2020:06:11:05 -0700] "GET /?offset=40&q=%23%2B%23WithKnown HTTP/1.1" 200 11727 "-" "Mozilla/5.0 (compatible; SemrushBot/6~bl; +http://www.semrush.com/bot.html)" 
207.46.13.137 - - [19/May/2020:06:11:33 -0700] "GET /file/010d9bb7b55a1237b07e70ee83bc6dfa HTTP/1.1" 200 8220 "-" "Mozilla/5.0 (compatible; bingbot/2.0; +http://www.bing.com/bingbot.htm)" 
46.229.168.145 - - [19/May/2020:06:12:00 -0700] "GET /content/all/?q=%23%2B%23cooking HTTP/1.1" 200 10744 "-" "Mozilla/5.0 (compatible; SemrushBot/6~bl; +http://www.semrush.com/bot.html)" 
46.229.168.145 - - [19/May/2020:06:12:28 -0700] "GET /content/bookmarkedpages/?q=%23%2B%23non-fiction HTTP/1.1" 200 10503 "-" "Mozilla/5.0 (compatible; SemrushBot/6~bl; +http://www.semrush.com/bot.html)" 
46.229.168.148 - - [19/May/2020:06:12:30 -0700] "GET /content/audio/?q=%23%2B%23sourdoughseptember HTTP/1.1" 200 8558 "-" "Mozilla/5.0 (compatible; SemrushBot/6~bl; +http://www.semrush.com/bot.html)" 
66.249.66.48 - - [19/May/2020:06:12:32 -0700] "GET /content/posts/?offset=59 HTTP/1.1" 200 15992 "-" "Mozilla/5.0 (Linux; Android 6.0.1; Nexus 5X Build/MMB29P) AppleWebKit/537.36 (KHTML, like Gecko) Chrome/41.0.2272.96 Mobile Safari/537.36 (compatible; Googlebot/2.1; +http://www.google.com/bot.html)" 
46.229.168.149 - - [19/May/2020:06:12:39 -0700] "GET /2019/uh-oh-asking-people-to-stop-eating-meat HTTP/1.1" 200 10743 "-" "Mozilla/5.0 (compatible; SemrushBot/6~bl; +http://www.semrush.com/bot.html)" 
71.34.70.114 - - [19/May/2020:06:12:55 -0700] "GET /?_t=rss HTTP/1.1" 200 4795 "-" "Mozilla/5.0 (Windows NT 10.0; Win64; x64; rv:76.0) Gecko/20100101 Firefox/76.0" 
64.111.100.215 - - [19/May/2020:06:14:01 -0700] "GET /content/all?_t=rss HTTP/1.1" 200 15209 "-" "Mozilla/5.0 (X11; U; Linux i686; fr; rv:1.9.1.1) Gecko/20090715 Firefox/3.5.1" 
46.229.168.129 - - [19/May/2020:06:14:07 -0700] "GET /content/all/?q=%23withknown HTTP/1.1" 200 14540 "-" "Mozilla/5.0 (compatible; SemrushBot/6~bl; +http://www.semrush.com/bot.html)" 
46.229.168.131 - - [19/May/2020:06:14:11 -0700] "GET /2018/latest-episode----link-in-bio-and-for-those-not HTTP/1.1" 200 12766 "-" "Mozilla/5.0 (compatible; SemrushBot/6~bl; +http://www.semrush.com/bot.html)" 
46.229.168.138 - - [19/May/2020:06:14:39 -0700] "GET /2020/i-think-it-is-a-splendid-idea HTTP/1.1" 200 10262 "-" "Mozilla/5.0 (compatible; SemrushBot/6~bl; +http://www.semrush.com/bot.html)" 
46.229.168.152 - - [19/May/2020:06:15:21 -0700] "GET /?offset=0&q=%23quill HTTP/1.1" 200 14013 "-" "Mozilla/5.0 (compatible; SemrushBot/6~bl; +http://www.semrush.com/bot.html)" 
46.229.168.140 - - [19/May/2020:06:15:54 -0700] "GET /?offset=21&q=%23bread HTTP/1.1" 200 12243 "-" "Mozilla/5.0 (compatible; SemrushBot/6~bl; +http://www.semrush.com/bot.html)" 
114.119.162.106 - - [19/May/2020:06:16:10 -0700] "GET /tag/IndieWeb?offset=20 HTTP/1.1" 200 11283 "-" "Mozilla/5.0 (Linux; Android 7.0;) AppleWebKit/537.36 (KHTML, like Gecko) Mobile Safari/537.36 (compatible; AspiegelBot)" 
71.34.70.114 - - [19/May/2020:06:16:15 -0700] "GET /?_t=rss HTTP/1.1" 200 7974 "-" "Mozilla/5.0 (Windows NT 10.0; Win64; x64; rv:76.0) Gecko/20100101 Firefox/76.0" 
103.131.71.42 - - [19/May/2020:06:16:19 -0700] "GET /gfx/users/default-00.png HTTP/1.1" 304 3369 "-" "Mozilla/5.0 (compatible; coccocbot-image/1.0; +http://help.coccoc.com/searchengine)" 
46.229.168.137 - - [19/May/2020:06:16:52 -0700] "GET /file/6bf899280290e8185cb84d140103d439/0ec7f5e372b078e063bccbb886057557 HTTP/1.1" 200 155941 "-" "Mozilla/5.0 (compatible; SemrushBot/6~bl; +http://www.semrush.com/bot.html)" 
46.229.168.130 - - [19/May/2020:06:17:31 -0700] "GET /2017/apparently-it-is-for-me-thats-no-different-from-every HTTP/1.1" 200 11026 "-" "Mozilla/5.0 (compatible; SemrushBot/6~bl; +http://www.semrush.com/bot.html)" 
45.79.26.51 - - [19/May/2020:06:18:12 -0700] "GET /content/statusupdates/posts/photos/checkins/bookmarkedpages?_t=rss HTTP/1.1" 200 7816 "-" "Micro.blog/1.0" 
46.229.168.137 - - [19/May/2020:06:18:21 -0700] "GET /content/all/?offset=117&q=%23%2B%23IndieWeb HTTP/1.1" 200 12314 "-" "Mozilla/5.0 (compatible; SemrushBot/6~bl; +http://www.semrush.com/bot.html)" 
71.34.70.114 - - [19/May/2020:06:19:16 -0700] "GET /?_t=rss HTTP/1.1" 200 4795 "-" "Mozilla/5.0 (Windows NT 10.0; Win64; x64; rv:76.0) Gecko/20100101 Firefox/76.0" 
46.229.168.149 - - [19/May/2020:06:20:06 -0700] "GET /?offset=46&q=%23bread HTTP/1.1" 200 12627 "-" "Mozilla/5.0 (compatible; SemrushBot/6~bl; +http://www.semrush.com/bot.html)" 
46.229.168.129 - - [19/May/2020:06:20:11 -0700] "GET /2018/leaving-trieste-on-a-glorious-day-blue/annotations/9e9ae56b3d42da691ed3e5b131181114 HTTP/1.1" 200 8583 "-" "Mozilla/5.0 (compatible; SemrushBot/6~bl; +http://www.semrush.com/bot.html)" 
92.247.181.17 - - [19/May/2020:06:20:26 -0700] "GET /?_t=rss HTTP/1.1" 304 3475 "https://stream.jeremycherfas.net/" "Mozilla/5.0 (compatible; inoreader.com; 1 subscribers)" 
46.229.168.133 - - [19/May/2020:06:20:28 -0700] "GET /content/all/?offset=104&q=%23IndieWeb HTTP/1.1" 200 12745 "-" "Mozilla/5.0 (compatible; SemrushBot/6~bl; +http://www.semrush.com/bot.html)" 
46.229.168.153 - - [19/May/2020:06:21:31 -0700] "GET /?offset=39&q=%23%2B%23sourdough HTTP/1.1" 200 11629 "-" "Mozilla/5.0 (compatible; SemrushBot/6~bl; +http://www.semrush.com/bot.html)" 
46.229.168.140 - - [19/May/2020:06:21:33 -0700] "GET /2018/our-daily-bread-23---brown-v-white-fn5k30lvxlk-the HTTP/1.1" 200 13326 "-" "Mozilla/5.0 (compatible; SemrushBot/6~bl; +http://www.semrush.com/bot.html)" 
66.249.66.50 - - [19/May/2020:06:22:00 -0700] "GET /content/all/?q=%23pestcontrol HTTP/1.1" 200 9343 "-" "Mozilla/5.0 (Linux; Android 6.0.1; Nexus 5X Build/MMB29P) AppleWebKit/537.36 (KHTML, like Gecko) Chrome/41.0.2272.96 Mobile Safari/537.36 (compatible; Googlebot/2.1; +http://www.google.com/bot.html)" 
46.229.168.146 - - [19/May/2020:06:22:18 -0700] "GET /?offset=51&q=%23withknown HTTP/1.1" 200 10319 "-" "Mozilla/5.0 (compatible; SemrushBot/6~bl; +http://www.semrush.com/bot.html)" 
167.99.96.232 - - [19/May/2020:06:22:22 -0700] "GET /?_t=rss HTTP/1.1" 304 3475 "-" "Feedbin feed-id:1536727 - 1 subscribers" 
46.229.168.146 - - [19/May/2020:06:22:28 -0700] "GET /content/statusupdates/posts/?_t=rss HTTP/1.1" 200 10480 "-" "Mozilla/5.0 (compatible; SemrushBot/6~bl; +http://www.semrush.com/bot.html)" 
71.34.70.114 - - [19/May/2020:06:22:32 -0700] "GET /?_t=rss HTTP/1.1" 200 7974 "-" "Mozilla/5.0 (Windows NT 10.0; Win64; x64; rv:76.0) Gecko/20100101 Firefox/76.0" 
114.119.164.86 - - [19/May/2020:06:22:57 -0700] "GET /file/9f594b9a8f8edf08fe40625da3e8c980/thumb.jpg HTTP/1.1" 404 7951 "-" "Mozilla/5.0 (Linux; Android 7.0;) AppleWebKit/537.36 (KHTML, like Gecko) Mobile Safari/537.36 (compatible; AspiegelBot)" 
46.229.168.140 - - [19/May/2020:06:23:03 -0700] "GET /content/all/?offset=50&q=%23%2B%23indieweb HTTP/1.1" 200 13009 "-" "Mozilla/5.0 (compatible; SemrushBot/6~bl; +http://www.semrush.com/bot.html)" 
45.79.26.51 - - [19/May/2020:06:23:07 -0700] "GET /content/statusupdates/posts/photos/checkins/bookmarkedpages?_t=rss HTTP/1.1" 200 7816 "-" "Micro.blog/1.0" 
46.229.168.142 - - [19/May/2020:06:23:16 -0700] "GET /content/photos/?offset=170 HTTP/1.1" 200 11150 "-" "Mozilla/5.0 (compatible; SemrushBot/6~bl; +http://www.semrush.com/bot.html)" 
207.46.13.1 - - [19/May/2020:06:24:22 -0700] "GET /file/44fe03d98325d28141aa8bab76f51020 HTTP/1.1" 200 252112 "-" "Mozilla/5.0 (compatible; bingbot/2.0; +http://www.bing.com/bingbot.htm)" 
46.229.168.153 - - [19/May/2020:06:25:04 -0700] "GET /?offset=46&q=%23%2B%23%23bread HTTP/1.1" 200 12567 "-" "Mozilla/5.0 (compatible; SemrushBot/6~bl; +http://www.semrush.com/bot.html)" 
71.34.70.114 - - [19/May/2020:06:25:12 -0700] "GET /?_t=rss HTTP/1.1" 200 4795 "-" "Mozilla/5.0 (Windows NT 10.0; Win64; x64; rv:76.0) Gecko/20100101 Firefox/76.0" 
46.229.168.130 - - [19/May/2020:06:25:45 -0700] "GET /tag/authentic HTTP/1.1" 200 9743 "-" "Mozilla/5.0 (compatible; SemrushBot/6~bl; +http://www.semrush.com/bot.html)" 
96.126.125.129 - - [19/May/2020:06:25:56 -0700] "GET /content/statusupdates/posts/photos/checkins/bookmarkedpages?_t=rss HTTP/1.1" 200 7821 "-" "Micro.blog/1.0" 
157.55.39.78 - - [19/May/2020:06:26:14 -0700] "GET /2019/checked-into-kandinsky-tea-room?_t=rss HTTP/1.1" 200 5458 "-" "Mozilla/5.0 (compatible; bingbot/2.0; +http://www.bing.com/bingbot.htm)" 
46.229.168.130 - - [19/May/2020:06:26:42 -0700] "GET /robots.txt HTTP/1.1" 200 4552 "-" "Mozilla/5.0 (compatible; SemrushBot/6~bl; +http://www.semrush.com/bot.html)" 
46.229.168.137 - - [19/May/2020:06:26:43 -0700] "GET /2018/photos-for-mac-isnt-a-long-term-photo-library-option HTTP/1.1" 200 9777 "-" "Mozilla/5.0 (compatible; SemrushBot/6~bl; +http://www.semrush.com/bot.html)" 
46.229.168.130 - - [19/May/2020:06:27:49 -0700] "GET /content/audio/?q=%23RSS HTTP/1.1" 200 8512 "-" "Mozilla/5.0 (compatible; SemrushBot/6~bl; +http://www.semrush.com/bot.html)" 
207.46.13.183 - - [19/May/2020:06:28:06 -0700] "GET /2018/lots-of-people-learning-the-lessons-of HTTP/1.1" 200 10527 "-" "Mozilla/5.0 (compatible; bingbot/2.0; +http://www.bing.com/bingbot.htm)" 
71.34.70.114 - - [19/May/2020:06:28:11 -0700] "GET /?_t=rss HTTP/1.1" 200 7974 "-" "Mozilla/5.0 (Windows NT 10.0; Win64; x64; rv:76.0) Gecko/20100101 Firefox/76.0" 
46.229.168.163 - - [19/May/2020:06:29:21 -0700] "GET /content/events/?q=%23%2B%23veal HTTP/1.1" 200 8531 "-" "Mozilla/5.0 (compatible; SemrushBot/6~bl; +http://www.semrush.com/bot.html)" 
96.126.125.129 - - [19/May/2020:06:29:36 -0700] "GET /content/statusupdates/posts/photos/checkins/bookmarkedpages?_t=rss HTTP/1.1" 200 7821 "-" "Micro.blog/1.0" 
64.111.100.215 - - [19/May/2020:06:29:37 -0700] "GET /content/all?_t=rss HTTP/1.1" 200 15209 "-" "Mozilla/5.0 (X11; U; Linux i686; fr; rv:1.9.1.1) Gecko/20090715 Firefox/3.5.1" 
114.119.161.85 - - [19/May/2020:06:30:04 -0700] "GET /content/all?q=%23%2B%23%23bread&offset=46 HTTP/1.1" 200 12457 "-" "Mozilla/5.0 (Linux; Android 7.0;) AppleWebKit/537.36 (KHTML, like Gecko) Mobile Safari/537.36 (compatible; AspiegelBot)" 
46.229.168.132 - - [19/May/2020:06:30:15 -0700] "GET /?offset=106&q=%23%2B%23indieweb HTTP/1.1" 200 12025 "-" "Mozilla/5.0 (compatible; SemrushBot/6~bl; +http://www.semrush.com/bot.html)" 
46.229.168.147 - - [19/May/2020:06:30:44 -0700] "GET /?offset=21&q=%23photo HTTP/1.1" 200 9307 "-" "Mozilla/5.0 (compatible; SemrushBot/6~bl; +http://www.semrush.com/bot.html)" 
71.34.70.114 - - [19/May/2020:06:30:48 -0700] "GET /?_t=rss HTTP/1.1" 200 4795 "-" "Mozilla/5.0 (Windows NT 10.0; Win64; x64; rv:76.0) Gecko/20100101 Firefox/76.0" 
96.126.125.129 - - [19/May/2020:06:31:13 -0700] "GET /content/statusupdates/posts/photos/checkins/bookmarkedpages?_t=rss HTTP/1.1" 200 7821 "-" "Micro.blog/1.0" 
66.249.66.52 - - [19/May/2020:06:31:28 -0700] "GET /content/rsvp/?q=%23pestcontrol HTTP/1.1" 200 8564 "-" "Mozilla/5.0 (Linux; Android 6.0.1; Nexus 5X Build/MMB29P) AppleWebKit/537.36 (KHTML, like Gecko) Chrome/41.0.2272.96 Mobile Safari/537.36 (compatible; Googlebot/2.1; +http://www.google.com/bot.html)" 
66.249.66.48 - - [19/May/2020:06:31:28 -0700] "GET /robots.txt HTTP/1.1" 200 4613 "-" "Mozilla/5.0 (compatible; Googlebot/2.1; +http://www.google.com/bot.html)" 
46.229.168.145 - - [19/May/2020:06:32:29 -0700] "GET /file/a6fccaf356a38910b94d7312b10d62e6/18d6f2f8ad7f50b5057b5480f31bcb61 HTTP/1.1" 500 49191 "-" "Mozilla/5.0 (compatible; SemrushBot/6~bl; +http://www.semrush.com/bot.html)" 
46.229.168.148 - - [19/May/2020:06:32:32 -0700] "GET /content/all/?offset=37&q=%23%2B%23indieweb HTTP/1.1" 200 11651 "-" "Mozilla/5.0 (compatible; SemrushBot/6~bl; +http://www.semrush.com/bot.html)" 
96.126.125.129 - - [19/May/2020:06:32:35 -0700] "GET /content/statusupdates/posts/photos/checkins/bookmarkedpages?_t=rss HTTP/1.1" 200 7821 "-" "Micro.blog/1.0" 
157.55.39.78 - - [19/May/2020:06:33:18 -0700] "GET /2018/art-is-exhausting?_t=rss HTTP/1.1" 200 5391 "-" "Mozilla/5.0 (compatible; bingbot/2.0; +http://www.bing.com/bingbot.htm)" 
71.34.70.114 - - [19/May/2020:06:33:21 -0700] "GET /?_t=rss HTTP/1.1" 200 7974 "-" "Mozilla/5.0 (Windows NT 10.0; Win64; x64; rv:76.0) Gecko/20100101 Firefox/76.0" 
46.229.168.135 - - [19/May/2020:06:33:49 -0700] "GET /robots.txt HTTP/1.1" 200 4576 "-" "Mozilla/5.0 (compatible; SemrushBot/6~bl; +http://www.semrush.com/bot.html)" 
46.229.168.143 - - [19/May/2020:06:33:50 -0700] "GET /content/posts/?offset=29&q=%23IndieWeb HTTP/1.1" 200 10280 "-" "Mozilla/5.0 (compatible; SemrushBot/6~bl; +http://www.semrush.com/bot.html)" 
46.229.168.139 - - [19/May/2020:06:33:52 -0700] "GET /tag/+%23%23indieweb HTTP/1.1" 200 14889 "-" "Mozilla/5.0 (compatible; SemrushBot/6~bl; +http://www.semrush.com/bot.html)" 
96.126.125.129 - - [19/May/2020:06:35:18 -0700] "GET /content/statusupdates/posts/photos/checkins/bookmarkedpages?_t=rss HTTP/1.1" 200 7821 "-" "Micro.blog/1.0" 
71.34.70.114 - - [19/May/2020:06:36:22 -0700] "GET /?_t=rss HTTP/1.1" 200 4795 "-" "Mozilla/5.0 (Windows NT 10.0; Win64; x64; rv:76.0) Gecko/20100101 Firefox/76.0" 
198.58.102.155 - - [19/May/2020:06:36:29 -0700] "GET /content/statusupdates/posts/photos/checkins/bookmarkedpages?_t=rss HTTP/1.1" 200 7872 "-" "Superfeedr bot/2.0 http://superfeedr.com - Make your feeds realtime: get in touch - feed-id:1395929608" 
114.119.165.105 - - [19/May/2020:06:36:53 -0700] "GET /file/c7e53edbdbc2bf4f28ef1169feef2205/thumb.jpg HTTP/1.1" 404 7949 "-" "Mozilla/5.0 (Linux; Android 7.0;) AppleWebKit/537.36 (KHTML, like Gecko) Mobile Safari/537.36 (compatible; AspiegelBot)" 
46.229.168.162 - - [19/May/2020:06:37:15 -0700] "GET /tag/IndieWeb?offset=105 HTTP/1.1" 200 12294 "-" "Mozilla/5.0 (compatible; SemrushBot/6~bl; +http://www.semrush.com/bot.html)" 
207.46.13.1 - - [19/May/2020:06:37:27 -0700] "GET /file/a740ade1170563a78880c63c90548ae6/thumb.jpg HTTP/1.1" 200 94228 "-" "Mozilla/5.0 (compatible; bingbot/2.0; +http://www.bing.com/bingbot.htm)" 
207.46.13.137 - - [19/May/2020:06:37:31 -0700] "GET /content/statusupdates/ HTTP/1.1" 200 11569 "-" "Mozilla/5.0 (compatible; bingbot/2.0; +http://www.bing.com/bingbot.htm)" 
96.126.125.129 - - [19/May/2020:06:38:20 -0700] "GET /content/statusupdates/posts/photos/checkins/bookmarkedpages?_t=rss HTTP/1.1" 200 7821 "-" "Micro.blog/1.0" 
46.229.168.139 - - [19/May/2020:06:38:40 -0700] "GET /content/events/?q=%23Food_history HTTP/1.1" 200 8506 "-" "Mozilla/5.0 (compatible; SemrushBot/6~bl; +http://www.semrush.com/bot.html)" 
71.34.70.114 - - [19/May/2020:06:39:18 -0700] "GET /?_t=rss HTTP/1.1" 200 7974 "-" "Mozilla/5.0 (Windows NT 10.0; Win64; x64; rv:76.0) Gecko/20100101 Firefox/76.0" 
96.126.125.129 - - [19/May/2020:06:40:17 -0700] "GET /content/statusupdates/posts/photos/checkins/bookmarkedpages?_t=rss HTTP/1.1" 200 7821 "-" "Micro.blog/1.0" 
66.249.66.44 - - [19/May/2020:06:40:56 -0700] "GET /robots.txt HTTP/1.1" 200 4589 "-" "Mozilla/5.0 (compatible; Googlebot/2.1; +http://www.google.com/bot.html)" 
66.249.66.46 - - [19/May/2020:06:40:57 -0700] "GET /2017/also-although-my-photos-from-instagram-appear-in-the-rss HTTP/1.1" 200 10045 "-" "Mozilla/5.0 (Linux; Android 6.0.1; Nexus 5X Build/MMB29P) AppleWebKit/537.36 (KHTML, like Gecko) Chrome/41.0.2272.96 Mobile Safari/537.36 (compatible; Googlebot/2.1; +http://www.google.com/bot.html)" 
46.229.168.163 - - [19/May/2020:06:41:15 -0700] "GET /tag/bread?offset=74 HTTP/1.1" 200 11728 "-" "Mozilla/5.0 (compatible; SemrushBot/6~bl; +http://www.semrush.com/bot.html)" 
207.46.13.183 - - [19/May/2020:06:41:21 -0700] "GET /file/a88eca4095851780e3ad69c5e00483e6/igD80uwi.jpg HTTP/1.1" 200 149979 "-" "Mozilla/5.0 (compatible; bingbot/2.0; +http://www.bing.com/bingbot.htm)" 
46.229.168.152 - - [19/May/2020:06:42:04 -0700] "GET /file/7bbd8cb3bf02b234dc83efbbdcd81f9e/12c577fae01febbc43565d9c4c7b387c HTTP/1.1" 200 116127 "-" "Mozilla/5.0 (compatible; SemrushBot/6~bl; +http://www.semrush.com/bot.html)" 
71.34.70.114 - - [19/May/2020:06:42:36 -0700] "GET /?_t=rss HTTP/1.1" 200 4795 "-" "Mozilla/5.0 (Windows NT 10.0; Win64; x64; rv:76.0) Gecko/20100101 Firefox/76.0" 
46.229.168.130 - - [19/May/2020:06:42:49 -0700] "GET /tag/Sourdough?offset=35 HTTP/1.1" 200 11438 "-" "Mozilla/5.0 (compatible; SemrushBot/6~bl; +http://www.semrush.com/bot.html)" 
8.29.198.25 - - [19/May/2020:06:43:29 -0700] "GET /?_t=rss HTTP/1.1" 200 7726 "-" "Feedly/1.0 (+http://www.feedly.com/fetcher.html; 2 subscribers; like FeedFetcher-Google)" 
46.229.168.163 - - [19/May/2020:06:44:16 -0700] "GET /content/bookmarkedpages/?offset=160 HTTP/1.1" 200 10397 "-" "Mozilla/5.0 (compatible; SemrushBot/6~bl; +http://www.semrush.com/bot.html)" 
46.229.168.149 - - [19/May/2020:06:44:28 -0700] "GET /?offset=120&q=%23%2B%23indieweb HTTP/1.1" 200 12003 "-" "Mozilla/5.0 (compatible; SemrushBot/6~bl; +http://www.semrush.com/bot.html)" 
64.111.100.215 - - [19/May/2020:06:44:50 -0700] "GET /content/all?_t=rss HTTP/1.1" 200 15209 "-" "Mozilla/5.0 (X11; U; Linux i686; fr; rv:1.9.1.1) Gecko/20090715 Firefox/3.5.1" 
46.229.168.144 - - [19/May/2020:06:44:52 -0700] "GET /content/bookmarkedpages/?offset=30&q=%23IndieWeb HTTP/1.1" 200 8799 "-" "Mozilla/5.0 (compatible; SemrushBot/6~bl; +http://www.semrush.com/bot.html)" 
46.229.168.147 - - [19/May/2020:06:45:40 -0700] "GET /content/photos/?offset=21&q=%23%2B%23sourdough HTTP/1.1" 200 11971 "-" "Mozilla/5.0 (compatible; SemrushBot/6~bl; +http://www.semrush.com/bot.html)" 
71.34.70.114 - - [19/May/2020:06:45:43 -0700] "GET /?_t=rss HTTP/1.1" 200 7974 "-" "Mozilla/5.0 (Windows NT 10.0; Win64; x64; rv:76.0) Gecko/20100101 Firefox/76.0" 
96.126.125.129 - - [19/May/2020:06:45:47 -0700] "GET /content/statusupdates/posts/photos/checkins/bookmarkedpages?_t=rss HTTP/1.1" 200 7821 "-" "Micro.blog/1.0" 
46.229.168.144 - - [19/May/2020:06:46:04 -0700] "GET /2019/hearsay-festival-is-the-coachella-of-creative-audio HTTP/1.1" 200 9687 "-" "Mozilla/5.0 (compatible; SemrushBot/6~bl; +http://www.semrush.com/bot.html)" 
46.229.168.132 - - [19/May/2020:06:46:59 -0700] "GET /tag/IndieWeb HTTP/1.1" 200 14872 "-" "Mozilla/5.0 (compatible; SemrushBot/6~bl; +http://www.semrush.com/bot.html)" 
71.34.70.114 - - [19/May/2020:06:48:23 -0700] "GET /?_t=rss HTTP/1.1" 200 4795 "-" "Mozilla/5.0 (Windows NT 10.0; Win64; x64; rv:76.0) Gecko/20100101 Firefox/76.0" 
66.249.66.48 - - [19/May/2020:06:49:03 -0700] "GET /2017/martys-summary----its-hard----is-spot-on-i HTTP/1.1" 304 3742 "-" "Mozilla/5.0 (Linux; Android 6.0.1; Nexus 5X Build/MMB29P) AppleWebKit/537.36 (KHTML, like Gecko) Chrome/41.0.2272.96 Mobile Safari/537.36 (compatible; Googlebot/2.1; +http://www.google.com/bot.html)" 
96.126.125.129 - - [19/May/2020:06:49:05 -0700] "GET /content/statusupdates/posts/photos/checkins/bookmarkedpages?_t=rss HTTP/1.1" 200 7821 "-" "Micro.blog/1.0" 
54.36.148.205 - - [19/May/2020:06:49:23 -0700] "GET /2017/ooh-a-new-podcast-to-listen-to-which-also-fits HTTP/1.1" 200 9644 "-" "Mozilla/5.0 (compatible; AhrefsBot/6.1; +http://ahrefs.com/robot/)" 
46.229.168.139 - - [19/May/2020:06:49:31 -0700] "GET /content/audio/?q=%23%2B%23sourdough HTTP/1.1" 200 8512 "-" "Mozilla/5.0 (compatible; SemrushBot/6~bl; +http://www.semrush.com/bot.html)" 
66.249.66.48 - - [19/May/2020:06:50:24 -0700] "GET /content/photos/?q=%23pestcontrol HTTP/1.1" 200 9361 "-" "Mozilla/5.0 (Linux; Android 6.0.1; Nexus 5X Build/MMB29P) AppleWebKit/537.36 (KHTML, like Gecko) Chrome/41.0.2272.96 Mobile Safari/537.36 (compatible; Googlebot/2.1; +http://www.google.com/bot.html)" 
46.229.168.134 - - [19/May/2020:06:51:26 -0700] "GET /content/statusupdates/?offset=0 HTTP/1.1" 200 11549 "-" "Mozilla/5.0 (compatible; SemrushBot/6~bl; +http://www.semrush.com/bot.html)" 
71.34.70.114 - - [19/May/2020:06:51:43 -0700] "GET /?_t=rss HTTP/1.1" 200 7974 "-" "Mozilla/5.0 (Windows NT 10.0; Win64; x64; rv:76.0) Gecko/20100101 Firefox/76.0" 
46.229.168.133 - - [19/May/2020:06:52:08 -0700] "GET /content/statusupdates/?offset=31&q=%23%2B%23IndieWeb HTTP/1.1" 200 8997 "-" "Mozilla/5.0 (compatible; SemrushBot/6~bl; +http://www.semrush.com/bot.html)" 
46.229.168.145 - - [19/May/2020:06:52:10 -0700] "GET /content/locations/?q=%23%2B%23rye HTTP/1.1" 200 8534 "-" "Mozilla/5.0 (compatible; SemrushBot/6~bl; +http://www.semrush.com/bot.html)" 
