66.249.66.48 - - [14/May/2020:07:47:39 -0700] "GET /service/web/unfurl/?url=https%3A%2F%2Fsebastiangreger.net%2F2018%2F05%2Fself-hosting-maps-control-privacy-ux%2F&__bTk=92690759ac6e19185e55b27d2d3139cc4a0b6fe178e07f3632ad7d6baf8f6752&__bTs=1588639586 HTTP/1.1" 403 1486 "https://www.stream.jeremycherfas.net/content/all/?offset=1133" "Mozilla/5.0 (Linux; Android 6.0.1; Nexus 5X Build/MMB29P) AppleWebKit/537.36 (KHTML, like Gecko) Chrome/81.0.4044.108 Mobile Safari/537.36 (compatible; Googlebot/2.1; +http://www.google.com/bot.html)" 
66.249.66.48 - - [14/May/2020:07:47:40 -0700] "GET /service/web/unfurl/?url=https%3A%2F%2Fdobianchi.com%2F2018%2F05%2F23%2Fpas-dose-brut-nature-meaning-dosage%2F&__bTk=92690759ac6e19185e55b27d2d3139cc4a0b6fe178e07f3632ad7d6baf8f6752&__bTs=1588639586 HTTP/1.1" 403 1484 "https://www.stream.jeremycherfas.net/content/all/?offset=1133" "Mozilla/5.0 (Linux; Android 6.0.1; Nexus 5X Build/MMB29P) AppleWebKit/537.36 (KHTML, like Gecko) Chrome/81.0.4044.108 Mobile Safari/537.36 (compatible; Googlebot/2.1; +http://www.google.com/bot.html)" 
66.249.66.48 - - [14/May/2020:07:47:40 -0700] "GET /service/web/unfurl/?url=https%3A%2F%2Fblog.datawrapper.de%2Fcolors%2Findex.html&__bTk=92690759ac6e19185e55b27d2d3139cc4a0b6fe178e07f3632ad7d6baf8f6752&__bTs=1588639586 HTTP/1.1" 403 1454 "https://www.stream.jeremycherfas.net/content/all/?offset=1133" "Mozilla/5.0 (Linux; Android 6.0.1; Nexus 5X Build/MMB29P) AppleWebKit/537.36 (KHTML, like Gecko) Chrome/81.0.4044.108 Mobile Safari/537.36 (compatible; Googlebot/2.1; +http://www.google.com/bot.html)" 
66.249.66.48 - - [14/May/2020:07:47:41 -0700] "GET /service/web/unfurl/?url=http%3A%2F%2Fwww.thegannet.com%2Fjournal%2Fback-to-the-garden-carla-tomasi-on-life-after-restaurants-friths-soho%2F&__bTk=92690759ac6e19185e55b27d2d3139cc4a0b6fe178e07f3632ad7d6baf8f6752&__bTs=1588639586 HTTP/1.1" 403 1514 "https://www.stream.jeremycherfas.net/content/all/?offset=1133" "Mozilla/5.0 (Linux; Android 6.0.1; Nexus 5X Build/MMB29P) AppleWebKit/537.36 (KHTML, like Gecko) Chrome/81.0.4044.108 Mobile Safari/537.36 (compatible; Googlebot/2.1; +http://www.google.com/bot.html)" 
66.249.66.48 - - [14/May/2020:07:47:42 -0700] "GET /service/web/unfurl/?url=https%3A%2F%2Fsebastiangreger.net%2F2018%2F05%2Fself-hosting-maps-control-privacy-ux%2F&__bTk=92690759ac6e19185e55b27d2d3139cc4a0b6fe178e07f3632ad7d6baf8f6752&__bTs=1588639586 HTTP/1.1" 403 1486 "https://www.stream.jeremycherfas.net/content/all/?offset=1133" "Mozilla/5.0 (Linux; Android 6.0.1; Nexus 5X Build/MMB29P) AppleWebKit/537.36 (KHTML, like Gecko) Chrome/81.0.4044.108 Mobile Safari/537.36 (compatible; Googlebot/2.1; +http://www.google.com/bot.html)" 
66.249.66.48 - - [14/May/2020:07:47:42 -0700] "GET /service/web/unfurl/?url=https%3A%2F%2Fdobianchi.com%2F2018%2F05%2F23%2Fpas-dose-brut-nature-meaning-dosage%2F&__bTk=92690759ac6e19185e55b27d2d3139cc4a0b6fe178e07f3632ad7d6baf8f6752&__bTs=1588639586 HTTP/1.1" 403 1484 "https://www.stream.jeremycherfas.net/content/all/?offset=1133" "Mozilla/5.0 (Linux; Android 6.0.1; Nexus 5X Build/MMB29P) AppleWebKit/537.36 (KHTML, like Gecko) Chrome/81.0.4044.108 Mobile Safari/537.36 (compatible; Googlebot/2.1; +http://www.google.com/bot.html)" 
66.249.66.44 - - [14/May/2020:07:47:43 -0700] "GET /js/1527153539/default.min.js HTTP/1.1" 404 7850 "https://stream.jeremycherfas.net/content/events/?q=%23testtag" "Mozilla/5.0 AppleWebKit/537.36 (KHTML, like Gecko; compatible; Googlebot/2.1; +http://www.google.com/bot.html) Chrome/81.0.4044.108 Safari/537.36" 
66.249.66.46 - - [14/May/2020:07:47:43 -0700] "GET /external/fragmention/fragmention.min.js HTTP/1.1" 404 7847 "https://stream.jeremycherfas.net/content/events/?q=%23testtag" "Mozilla/5.0 AppleWebKit/537.36 (KHTML, like Gecko; compatible; Googlebot/2.1; +http://www.google.com/bot.html) Chrome/81.0.4044.108 Safari/537.36" 
66.249.66.44 - - [14/May/2020:07:47:44 -0700] "GET /css/1529070748/default.min.css HTTP/1.1" 404 7853 "https://stream.jeremycherfas.net/content/events/?q=%23testtag" "Mozilla/5.0 AppleWebKit/537.36 (KHTML, like Gecko; compatible; Googlebot/2.1; +http://www.google.com/bot.html) Chrome/81.0.4044.108 Safari/537.36" 
66.249.66.48 - - [14/May/2020:07:47:45 -0700] "GET /css/1527153538/defaultb3.min.css HTTP/1.1" 404 7856 "https://stream.jeremycherfas.net/content/events/?q=%23testtag" "Mozilla/5.0 AppleWebKit/537.36 (KHTML, like Gecko; compatible; Googlebot/2.1; +http://www.google.com/bot.html) Chrome/81.0.4044.108 Safari/537.36" 
66.249.66.48 - - [14/May/2020:07:47:45 -0700] "GET /service/web/unfurl/?url=http%3A%2F%2Fwww.thegannet.com%2Fjournal%2Fback-to-the-garden-carla-tomasi-on-life-after-restaurants-friths-soho%2F&__bTk=92690759ac6e19185e55b27d2d3139cc4a0b6fe178e07f3632ad7d6baf8f6752&__bTs=1588639586 HTTP/1.1" 403 4831 "https://www.stream.jeremycherfas.net/content/all/?offset=1133" "Mozilla/5.0 (Linux; Android 6.0.1; Nexus 5X Build/MMB29P) AppleWebKit/537.36 (KHTML, like Gecko) Chrome/81.0.4044.108 Mobile Safari/537.36 (compatible; Googlebot/2.1; +http://www.google.com/bot.html)" 
66.249.66.48 - - [14/May/2020:07:47:46 -0700] "GET /external/fragmention/fragmention.min.js HTTP/1.1" 404 7847 "https://stream.jeremycherfas.net/content/events/?q=%23testtag" "Mozilla/5.0 AppleWebKit/537.36 (KHTML, like Gecko; compatible; Googlebot/2.1; +http://www.google.com/bot.html) Chrome/81.0.4044.108 Safari/537.36" 
66.249.66.46 - - [14/May/2020:07:47:46 -0700] "GET /js/1529070748/templates/default/shell.min.js HTTP/1.1" 404 7748 "https://stream.jeremycherfas.net/content/events/?q=%23testtag" "Mozilla/5.0 AppleWebKit/537.36 (KHTML, like Gecko; compatible; Googlebot/2.1; +http://www.google.com/bot.html) Chrome/81.0.4044.108 Safari/537.36" 
66.249.66.46 - - [14/May/2020:07:47:47 -0700] "GET /js/1527153539/embeds.min.js HTTP/1.1" 404 4404 "https://stream.jeremycherfas.net/content/events/?q=%23testtag" "Mozilla/5.0 AppleWebKit/537.36 (KHTML, like Gecko; compatible; Googlebot/2.1; +http://www.google.com/bot.html) Chrome/81.0.4044.108 Safari/537.36" 
46.229.168.162 - - [14/May/2020:07:48:04 -0700] "GET /tag/indieweb?offset=106 HTTP/1.1" 200 11969 "-" "Mozilla/5.0 (compatible; SemrushBot/6~bl; +http://www.semrush.com/bot.html)" 
46.229.168.146 - - [14/May/2020:07:48:10 -0700] "GET /content/locations/?q=%23RSS HTTP/1.1" 200 8517 "-" "Mozilla/5.0 (compatible; SemrushBot/6~bl; +http://www.semrush.com/bot.html)" 
71.34.70.114 - - [14/May/2020:07:49:24 -0700] "GET /?_t=rss HTTP/1.1" 200 4501 "-" "Mozilla/5.0 (Windows NT 10.0; Win64; x64; rv:76.0) Gecko/20100101 Firefox/76.0" 
46.229.168.135 - - [14/May/2020:07:49:54 -0700] "GET /content/posts/?offset=2&q=%23WithKnown HTTP/1.1" 200 15364 "-" "Mozilla/5.0 (compatible; SemrushBot/6~bl; +http://www.semrush.com/bot.html)" 
46.229.168.140 - - [14/May/2020:07:51:07 -0700] "GET /2018/how-to-use-commercial-music-in-your-podcast HTTP/1.1" 200 9502 "-" "Mozilla/5.0 (compatible; SemrushBot/6~bl; +http://www.semrush.com/bot.html)" 
46.229.168.137 - - [14/May/2020:07:51:35 -0700] "GET /content/locations/?offset=10 HTTP/1.1" 200 11010 "-" "Mozilla/5.0 (compatible; SemrushBot/6~bl; +http://www.semrush.com/bot.html)" 
46.229.168.153 - - [14/May/2020:07:51:51 -0700] "GET /content/photos/?offset=30&q=%23%2B%23bread HTTP/1.1" 200 12483 "-" "Mozilla/5.0 (compatible; SemrushBot/6~bl; +http://www.semrush.com/bot.html)" 
46.229.168.133 - - [14/May/2020:07:52:14 -0700] "GET /content/photos/?offset=37&q=%23bread HTTP/1.1" 200 12710 "-" "Mozilla/5.0 (compatible; SemrushBot/6~bl; +http://www.semrush.com/bot.html)" 
46.229.168.152 - - [14/May/2020:07:52:19 -0700] "GET /content/statusupdates/?offset=16&q=%23%2B%23indieweb HTTP/1.1" 200 11270 "-" "Mozilla/5.0 (compatible; SemrushBot/6~bl; +http://www.semrush.com/bot.html)" 
66.249.66.46 - - [14/May/2020:07:52:25 -0700] "GET /view/ff94ac39209061c8914cdbd7ac099f64?_t=rss HTTP/1.1" 200 5442 "-" "Mozilla/5.0 (Linux; Android 6.0.1; Nexus 5X Build/MMB29P) AppleWebKit/537.36 (KHTML, like Gecko) Chrome/41.0.2272.96 Mobile Safari/537.36 (compatible; Googlebot/2.1; +http://www.google.com/bot.html)" 
71.34.70.114 - - [14/May/2020:07:52:25 -0700] "GET /?_t=rss HTTP/1.1" 200 7680 "-" "Mozilla/5.0 (Windows NT 10.0; Win64; x64; rv:76.0) Gecko/20100101 Firefox/76.0" 
96.126.125.129 - - [14/May/2020:07:52:42 -0700] "GET /content/statusupdates/posts/photos/checkins/bookmarkedpages?_t=rss HTTP/1.1" 200 10205 "-" "Micro.blog/1.0" 
46.229.168.136 - - [14/May/2020:07:52:52 -0700] "GET /content/statusupdates/?q=%23London HTTP/1.1" 200 9807 "-" "Mozilla/5.0 (compatible; SemrushBot/6~bl; +http://www.semrush.com/bot.html)" 
46.229.168.137 - - [14/May/2020:07:53:17 -0700] "GET /2018/indieweb-and-homemade-sauerkraut-i-wonder-how-many-other-people HTTP/1.1" 200 9605 "-" "Mozilla/5.0 (compatible; SemrushBot/6~bl; +http://www.semrush.com/bot.html)" 
46.229.168.144 - - [14/May/2020:07:53:25 -0700] "GET /2018/surveillance-capitalism-and-indieweb HTTP/1.1" 200 9570 "-" "Mozilla/5.0 (compatible; SemrushBot/6~bl; +http://www.semrush.com/bot.html)" 
46.229.168.162 - - [14/May/2020:07:53:36 -0700] "GET /?offset=0&q=%23rye HTTP/1.1" 200 12348 "-" "Mozilla/5.0 (compatible; SemrushBot/6~bl; +http://www.semrush.com/bot.html)" 
207.46.13.123 - - [14/May/2020:07:55:17 -0700] "GET /2019/end-of-an-era-not-one-i-personally-am-sad?_t=rss HTTP/1.1" 200 5601 "-" "Mozilla/5.0 (compatible; bingbot/2.0; +http://www.bing.com/bingbot.htm)" 
71.34.70.114 - - [14/May/2020:07:55:46 -0700] "GET /?_t=rss HTTP/1.1" 200 4501 "-" "Mozilla/5.0 (Windows NT 10.0; Win64; x64; rv:76.0) Gecko/20100101 Firefox/76.0" 
40.77.167.138 - - [14/May/2020:07:56:16 -0700] "GET /2017/scoping-the-place-out HTTP/1.1" 200 11259 "-" "Mozilla/5.0 (compatible; bingbot/2.0; +http://www.bing.com/bingbot.htm)" 
46.229.168.134 - - [14/May/2020:07:56:59 -0700] "GET /content/posts/?offset=20&q=%23IndieWeb HTTP/1.1" 200 15448 "-" "Mozilla/5.0 (compatible; SemrushBot/6~bl; +http://www.semrush.com/bot.html)" 
40.77.167.166 - - [14/May/2020:07:57:09 -0700] "GET /2019/what-is-the-woman-on-the-left?_t=rss HTTP/1.1" 200 5438 "-" "Mozilla/5.0 (compatible; bingbot/2.0; +http://www.bing.com/bingbot.htm)" 
66.249.66.48 - - [14/May/2020:07:57:19 -0700] "GET /content/all?offset=385 HTTP/1.1" 200 11714 "-" "Mozilla/5.0 (Linux; Android 6.0.1; Nexus 5X Build/MMB29P) AppleWebKit/537.36 (KHTML, like Gecko) Chrome/41.0.2272.96 Mobile Safari/537.36 (compatible; Googlebot/2.1; +http://www.google.com/bot.html)" 
66.249.66.46 - - [14/May/2020:07:57:24 -0700] "GET /service/web/unfurl/?url=https%3A%2F%2Fprtksxna.com%2F2019%2F07%2F25%2Fgoa-homebrew-website-club-1%2F&__bTk=3eec8bcd67b4b2e93a55cf66a2122cd213cc149f334395fc089c9e91fcc562e3&__bTs=1588767473 HTTP/1.1" 403 4635 "https://stream.jeremycherfas.net/content/all?offset=385" "Mozilla/5.0 (Linux; Android 6.0.1; Nexus 5X Build/MMB29P) AppleWebKit/537.36 (KHTML, like Gecko) Chrome/81.0.4044.108 Mobile Safari/537.36 (compatible; Googlebot/2.1; +http://www.google.com/bot.html)" 
66.249.66.44 - - [14/May/2020:07:57:24 -0700] "GET /service/web/unfurl/?url=https%3A%2F%2Fnewfoodeconomy.org%2Fnew-york-city-foie-gras-ban-gavage%2F&__bTk=3eec8bcd67b4b2e93a55cf66a2122cd213cc149f334395fc089c9e91fcc562e3&__bTs=1588767473 HTTP/1.1" 403 4631 "https://stream.jeremycherfas.net/content/all?offset=385" "Mozilla/5.0 (Linux; Android 6.0.1; Nexus 5X Build/MMB29P) AppleWebKit/537.36 (KHTML, like Gecko) Chrome/81.0.4044.108 Mobile Safari/537.36 (compatible; Googlebot/2.1; +http://www.google.com/bot.html)" 
66.249.66.44 - - [14/May/2020:07:57:25 -0700] "GET /service/web/unfurl/?url=https%3A%2F%2Fboffosocko.com%2F2017%2F12%2F15%2Fthreaded-replies-with-webmentions-in-wordpress%2F&__bTk=3eec8bcd67b4b2e93a55cf66a2122cd213cc149f334395fc089c9e91fcc562e3&__bTs=1588767473 HTTP/1.1" 403 1339 "https://stream.jeremycherfas.net/content/all?offset=385" "Mozilla/5.0 (Linux; Android 6.0.1; Nexus 5X Build/MMB29P) AppleWebKit/537.36 (KHTML, like Gecko) Chrome/81.0.4044.108 Mobile Safari/537.36 (compatible; Googlebot/2.1; +http://www.google.com/bot.html)" 
66.249.66.44 - - [14/May/2020:07:57:25 -0700] "GET /service/web/unfurl/?url=https%3A%2F%2Ftedium.co%2F2019%2F07%2F23%2Fmechanical-keyboard-grassroots-scene%2F&__bTk=3eec8bcd67b4b2e93a55cf66a2122cd213cc149f334395fc089c9e91fcc562e3&__bTs=1588767473 HTTP/1.1" 403 1324 "https://stream.jeremycherfas.net/content/all?offset=385" "Mozilla/5.0 (Linux; Android 6.0.1; Nexus 5X Build/MMB29P) AppleWebKit/537.36 (KHTML, like Gecko) Chrome/81.0.4044.108 Mobile Safari/537.36 (compatible; Googlebot/2.1; +http://www.google.com/bot.html)" 
66.249.66.46 - - [14/May/2020:07:57:26 -0700] "GET /service/web/unfurl/?url=https%3A%2F%2Fwww.kew.org%2Fread-and-watch%2Flettuce-season-kew-kitchen-garden&__bTk=3eec8bcd67b4b2e93a55cf66a2122cd213cc149f334395fc089c9e91fcc562e3&__bTs=1588767473 HTTP/1.1" 403 4637 "https://stream.jeremycherfas.net/content/all?offset=385" "Mozilla/5.0 (Linux; Android 6.0.1; Nexus 5X Build/MMB29P) AppleWebKit/537.36 (KHTML, like Gecko) Chrome/81.0.4044.108 Mobile Safari/537.36 (compatible; Googlebot/2.1; +http://www.google.com/bot.html)" 
66.249.92.45 - - [14/May/2020:07:57:55 -0700] "GET /2018/whats-the-problem HTTP/1.1" 200 10872 "-" "Mozilla/5.0 (compatible; GoogleDocs; apps-spreadsheets; +http://docs.google.com)" 
40.77.167.166 - - [14/May/2020:07:58:07 -0700] "GET /2017/siri-and-flatulencenllp31831-the-truth-is-that-it-cannot-tell?_t=rss HTTP/1.1" 200 5619 "-" "Mozilla/5.0 (compatible; bingbot/2.0; +http://www.bing.com/bingbot.htm)" 
40.77.167.166 - - [14/May/2020:07:58:21 -0700] "GET /2018/david-simon-fare-thee-well-scrotelicks HTTP/1.1" 200 10018 "-" "Mozilla/5.0 (compatible; bingbot/2.0; +http://www.bing.com/bingbot.htm)" 
71.34.70.114 - - [14/May/2020:07:58:34 -0700] "GET /?_t=rss HTTP/1.1" 200 7680 "-" "Mozilla/5.0 (Windows NT 10.0; Win64; x64; rv:76.0) Gecko/20100101 Firefox/76.0" 
46.229.168.142 - - [14/May/2020:07:59:06 -0700] "GET /2019/here-we-go-again-with-new-york HTTP/1.1" 200 9776 "-" "Mozilla/5.0 (compatible; SemrushBot/6~bl; +http://www.semrush.com/bot.html)" 
92.247.181.17 - - [14/May/2020:07:59:09 -0700] "GET /?_t=rss HTTP/1.1" 304 3475 "https://stream.jeremycherfas.net/" "Mozilla/5.0 (compatible; inoreader.com; 1 subscribers)" 
46.229.168.134 - - [14/May/2020:07:59:12 -0700] "GET /?offset=20&q=%23%2B%23IndieWeb HTTP/1.1" 200 11605 "-" "Mozilla/5.0 (compatible; SemrushBot/6~bl; +http://www.semrush.com/bot.html)" 
46.229.168.137 - - [14/May/2020:07:59:24 -0700] "GET /content/audio/?q=%23%2B%23cooking HTTP/1.1" 200 8505 "-" "Mozilla/5.0 (compatible; SemrushBot/6~bl; +http://www.semrush.com/bot.html)" 
18.208.251.188 - - [14/May/2020:08:00:18 -0700] "GET /?_t=rss HTTP/1.1" 200 7643 "-" "glitch-feeder/1.0 (+https://glitch.com/~lmo-feeder)" 
64.111.100.215 - - [14/May/2020:08:00:35 -0700] "GET /content/all?_t=rss HTTP/1.1" 200 14982 "-" "Mozilla/5.0 (X11; U; Linux i686; fr; rv:1.9.1.1) Gecko/20090715 Firefox/3.5.1" 
40.77.167.138 - - [14/May/2020:08:00:42 -0700] "GET /tag/Audiogram?_t=rss HTTP/1.1" 200 7620 "-" "Mozilla/5.0 (compatible; bingbot/2.0; +http://www.bing.com/bingbot.htm)" 
66.249.66.44 - - [14/May/2020:08:00:58 -0700] "GET /?offset=465 HTTP/1.1" 304 51936 "-" "Mozilla/5.0 (Linux; Android 6.0.1; Nexus 5X Build/MMB29P) AppleWebKit/537.36 (KHTML, like Gecko) Chrome/80.0.3987.92 Mobile Safari/537.36 (compatible; Googlebot/2.1; +http://www.google.com/bot.html)" 
40.77.167.138 - - [14/May/2020:08:01:36 -0700] "GET /2019/awaiting-an-organist HTTP/1.1" 200 13051 "-" "Mozilla/5.0 (compatible; bingbot/2.0; +http://www.bing.com/bingbot.htm)" 
71.34.70.114 - - [14/May/2020:08:01:50 -0700] "GET /?_t=rss HTTP/1.1" 200 4501 "-" "Mozilla/5.0 (Windows NT 10.0; Win64; x64; rv:76.0) Gecko/20100101 Firefox/76.0" 
66.249.66.46 - - [14/May/2020:08:01:53 -0700] "GET /content/all/?q=%23+%23%23bread&offset=87 HTTP/1.1" 200 9072 "-" "Mozilla/5.0 (Linux; Android 6.0.1; Nexus 5X Build/MMB29P) AppleWebKit/537.36 (KHTML, like Gecko) Chrome/41.0.2272.96 Mobile Safari/537.36 (compatible; Googlebot/2.1; +http://www.google.com/bot.html)" 
46.229.168.143 - - [14/May/2020:08:02:34 -0700] "GET /2019/ill-be-talking-to-historicalitalianfood-about-food-in-rome-from HTTP/1.1" 200 9723 "-" "Mozilla/5.0 (compatible; SemrushBot/6~bl; +http://www.semrush.com/bot.html)" 
207.46.13.93 - - [14/May/2020:08:03:02 -0700] "GET /2019/mycologists-of-instagram-is-this-chicken-of-the-woods?_t=rss HTTP/1.1" 200 5613 "-" "Mozilla/5.0 (compatible; bingbot/2.0; +http://www.bing.com/bingbot.htm)" 
46.229.168.134 - - [14/May/2020:08:03:17 -0700] "GET /?offset=16&q=%23sourdough HTTP/1.1" 200 11894 "-" "Mozilla/5.0 (compatible; SemrushBot/6~bl; +http://www.semrush.com/bot.html)" 
96.126.125.129 - - [14/May/2020:08:04:28 -0700] "GET /content/statusupdates/posts/photos/checkins/bookmarkedpages?_t=rss HTTP/1.1" 200 10205 "-" "Micro.blog/1.0" 
54.39.177.198 - - [14/May/2020:08:04:32 -0700] "GET /content/all?_t=rss HTTP/1.1" 200 7430 "-" "Mozilla/5.0 (compatible; YaK/1.0; http://linkfluence.com/; bot@linkfluence.com)" 
114.119.160.61 - - [14/May/2020:08:04:34 -0700] "GET /robots.txt HTTP/1.1" 200 4365 "-" "Mozilla/5.0 (Linux; Android 7.0;) AppleWebKit/537.36 (KHTML, like Gecko) Mobile Safari/537.36 (compatible; AspiegelBot)" 
46.229.168.142 - - [14/May/2020:08:04:45 -0700] "GET /?offset=90&q=%23%2B%23indieweb HTTP/1.1" 200 15765 "-" "Mozilla/5.0 (compatible; SemrushBot/6~bl; +http://www.semrush.com/bot.html)" 
207.46.13.93 - - [14/May/2020:08:04:45 -0700] "GET /2020/reflect-and-refract HTTP/1.1" 200 9546 "-" "Mozilla/5.0 (compatible; bingbot/2.0; +http://www.bing.com/bingbot.htm)" 
71.34.70.114 - - [14/May/2020:08:04:58 -0700] "GET /?_t=rss HTTP/1.1" 200 7680 "-" "Mozilla/5.0 (Windows NT 10.0; Win64; x64; rv:76.0) Gecko/20100101 Firefox/76.0" 
66.70.185.71 - - [14/May/2020:08:05:04 -0700] "GET / HTTP/1.1" 200 11844 "-" "Mozilla/5.0 (compatible; YaK/1.0; http://linkfluence.com/; bot@linkfluence.com)" 
167.99.96.232 - - [14/May/2020:08:06:23 -0700] "GET /?_t=rss HTTP/1.1" 200 7413 "-" "Feedbin feed-id:1536727 - 1 subscribers" 
46.229.168.138 - - [14/May/2020:08:07:06 -0700] "GET /content/posts?offset=29 HTTP/1.1" 200 13443 "-" "Mozilla/5.0 (compatible; SemrushBot/6~bl; +http://www.semrush.com/bot.html)" 
71.34.70.114 - - [14/May/2020:08:07:38 -0700] "GET /?_t=rss HTTP/1.1" 200 4501 "-" "Mozilla/5.0 (Windows NT 10.0; Win64; x64; rv:76.0) Gecko/20100101 Firefox/76.0" 
46.229.168.153 - - [14/May/2020:08:08:21 -0700] "GET /2019/latest-episode-celebrating-passover-and-easterthere-are-lots-of-ritual HTTP/1.1" 200 13528 "-" "Mozilla/5.0 (compatible; SemrushBot/6~bl; +http://www.semrush.com/bot.html)" 
207.5.160.195 - - [14/May/2020:08:09:21 -0700] "GET /robots.txt HTTP/1.0" 200 4509 "-" "WF search/Nutch-1.12" 
207.5.160.195 - - [14/May/2020:08:09:21 -0700] "GET /2020/and-what-you-learned-yesterday-i-learn HTTP/1.0" 200 9586 "-" "WF search/Nutch-1.12" 
71.34.70.114 - - [14/May/2020:08:10:48 -0700] "GET /?_t=rss HTTP/1.1" 200 7680 "-" "Mozilla/5.0 (Windows NT 10.0; Win64; x64; rv:76.0) Gecko/20100101 Firefox/76.0" 
46.229.168.140 - - [14/May/2020:08:11:04 -0700] "GET /?offset=30&q=%23%2B%23%23bread HTTP/1.1" 200 12872 "-" "Mozilla/5.0 (compatible; SemrushBot/6~bl; +http://www.semrush.com/bot.html)" 
207.46.13.123 - - [14/May/2020:08:11:09 -0700] "GET /2019/just-confirmed-that-my-little-script-for HTTP/1.1" 200 9539 "-" "Mozilla/5.0 (compatible; bingbot/2.0; +http://www.bing.com/bingbot.htm)" 
66.249.66.46 - - [14/May/2020:08:11:21 -0700] "GET /view/0c4f0a12eab109f11ee4574ac0004599?_t=rss HTTP/1.1" 200 5423 "-" "Mozilla/5.0 (Linux; Android 6.0.1; Nexus 5X Build/MMB29P) AppleWebKit/537.36 (KHTML, like Gecko) Chrome/41.0.2272.96 Mobile Safari/537.36 (compatible; Googlebot/2.1; +http://www.google.com/bot.html)" 
66.249.66.46 - - [14/May/2020:08:11:21 -0700] "GET /robots.txt HTTP/1.1" 200 4589 "-" "Mozilla/5.0 (compatible; Googlebot/2.1; +http://www.google.com/bot.html)" 
207.46.13.123 - - [14/May/2020:08:12:11 -0700] "GET /2018/quick-thank-you-to-fiona-for-posting-the HTTP/1.1" 200 10202 "-" "Mozilla/5.0 (compatible; bingbot/2.0; +http://www.bing.com/bingbot.htm)" 
71.34.70.114 - - [14/May/2020:08:14:03 -0700] "GET /?_t=rss HTTP/1.1" 200 4501 "-" "Mozilla/5.0 (Windows NT 10.0; Win64; x64; rv:76.0) Gecko/20100101 Firefox/76.0" 
46.229.168.137 - - [14/May/2020:08:14:09 -0700] "GET /content/all/?q=%23%2B%23Fiction HTTP/1.1" 200 8496 "-" "Mozilla/5.0 (compatible; SemrushBot/6~bl; +http://www.semrush.com/bot.html)" 
40.77.167.138 - - [14/May/2020:08:14:20 -0700] "GET /2019/domestic-cozy-9 HTTP/1.1" 200 9708 "-" "Mozilla/5.0 (compatible; bingbot/2.0; +http://www.bing.com/bingbot.htm)" 
46.229.168.146 - - [14/May/2020:08:15:11 -0700] "GET /2019/real-bread-week-eh-or-as-i-like-to-cal HTTP/1.1" 200 13798 "-" "Mozilla/5.0 (compatible; SemrushBot/6~bl; +http://www.semrush.com/bot.html)" 
45.77.33.222 - - [14/May/2020:08:15:19 -0700] "GET /2017/kongaloosh HTTP/1.1" 200 10427 "-" "Mozilla/5.0 (Windows NT 6.1; Win64; x64; rv:61.0) Gecko/20100101 Firefox/61.0" 
64.111.100.215 - - [14/May/2020:08:16:00 -0700] "GET /content/all?_t=rss HTTP/1.1" 200 14982 "-" "Mozilla/5.0 (X11; U; Linux i686; fr; rv:1.9.1.1) Gecko/20090715 Firefox/3.5.1" 
71.34.70.114 - - [14/May/2020:08:17:03 -0700] "GET /?_t=rss HTTP/1.1" 200 7680 "-" "Mozilla/5.0 (Windows NT 10.0; Win64; x64; rv:76.0) Gecko/20100101 Firefox/76.0" 
46.229.168.140 - - [14/May/2020:08:17:12 -0700] "GET /robots.txt HTTP/1.1" 200 4552 "-" "Mozilla/5.0 (compatible; SemrushBot/6~bl; +http://www.semrush.com/bot.html)" 
46.229.168.143 - - [14/May/2020:08:17:12 -0700] "GET /?offset=117&q=%23%2B%23%23indieweb HTTP/1.1" 200 12249 "-" "Mozilla/5.0 (compatible; SemrushBot/6~bl; +http://www.semrush.com/bot.html)" 
96.126.125.129 - - [14/May/2020:08:17:32 -0700] "GET /content/statusupdates/posts/photos/checkins/bookmarkedpages?_t=rss HTTP/1.1" 200 10205 "-" "Micro.blog/1.0" 
46.229.168.146 - - [14/May/2020:08:18:37 -0700] "GET /2019/john-naughton-seems-overly-impressed-by-the HTTP/1.1" 200 9952 "-" "Mozilla/5.0 (compatible; SemrushBot/6~bl; +http://www.semrush.com/bot.html)" 
207.46.13.93 - - [14/May/2020:08:19:12 -0700] "GET /2017/checked-into-limerick-bus-station HTTP/1.1" 200 9833 "-" "Mozilla/5.0 (compatible; bingbot/2.0; +http://www.bing.com/bingbot.htm)" 
71.34.70.114 - - [14/May/2020:08:19:38 -0700] "GET /?_t=rss HTTP/1.1" 200 4501 "-" "Mozilla/5.0 (Windows NT 10.0; Win64; x64; rv:76.0) Gecko/20100101 Firefox/76.0" 
46.229.168.144 - - [14/May/2020:08:20:32 -0700] "GET /content/photos/?offset=2&q=%23%2B%23sourdough HTTP/1.1" 200 12186 "-" "Mozilla/5.0 (compatible; SemrushBot/6~bl; +http://www.semrush.com/bot.html)" 
66.249.66.44 - - [14/May/2020:08:20:49 -0700] "GET /content/bookmarkedpages/?q=%23Indieweb&offset=30&_t=rss HTTP/1.1" 200 5482 "-" "Mozilla/5.0 (Linux; Android 6.0.1; Nexus 5X Build/MMB29P) AppleWebKit/537.36 (KHTML, like Gecko) Chrome/41.0.2272.96 Mobile Safari/537.36 (compatible; Googlebot/2.1; +http://www.google.com/bot.html)" 
40.77.167.138 - - [14/May/2020:08:20:58 -0700] "GET /2017/at-vespertine-jonathan-gold-makes-contact-with-otherworldly-cooking-is?_t=rss HTTP/1.1" 200 5816 "-" "Mozilla/5.0 (compatible; bingbot/2.0; +http://www.bing.com/bingbot.htm)" 
40.77.167.166 - - [14/May/2020:08:21:05 -0700] "GET /2019/when-google-translate-lets-you-down-because?_t=rss HTTP/1.1" 200 5507 "-" "Mozilla/5.0 (compatible; bingbot/2.0; +http://www.bing.com/bingbot.htm)" 
71.34.70.114 - - [14/May/2020:08:22:11 -0700] "GET /?_t=rss HTTP/1.1" 200 7680 "-" "Mozilla/5.0 (Windows NT 10.0; Win64; x64; rv:76.0) Gecko/20100101 Firefox/76.0" 
46.229.168.153 - - [14/May/2020:08:23:04 -0700] "GET /2019/codename-nvultra---brettterpstracom HTTP/1.1" 200 9673 "-" "Mozilla/5.0 (compatible; SemrushBot/6~bl; +http://www.semrush.com/bot.html)" 
46.229.168.146 - - [14/May/2020:08:23:49 -0700] "GET /robots.txt HTTP/1.1" 200 4576 "-" "Mozilla/5.0 (compatible; SemrushBot/6~bl; +http://www.semrush.com/bot.html)" 
46.229.168.135 - - [14/May/2020:08:23:50 -0700] "GET /2019/hashtags-html HTTP/1.1" 200 9615 "-" "Mozilla/5.0 (compatible; SemrushBot/6~bl; +http://www.semrush.com/bot.html)" 
46.229.168.135 - - [14/May/2020:08:25:01 -0700] "GET /tag/IndieWeb?offset=44 HTTP/1.1" 200 11970 "-" "Mozilla/5.0 (compatible; SemrushBot/6~bl; +http://www.semrush.com/bot.html)" 
71.34.70.114 - - [14/May/2020:08:25:12 -0700] "GET /?_t=rss HTTP/1.1" 200 4501 "-" "Mozilla/5.0 (Windows NT 10.0; Win64; x64; rv:76.0) Gecko/20100101 Firefox/76.0" 
46.229.168.134 - - [14/May/2020:08:25:25 -0700] "GET /2018/owning-your-content---blottings HTTP/1.1" 200 9857 "-" "Mozilla/5.0 (compatible; SemrushBot/6~bl; +http://www.semrush.com/bot.html)" 
40.77.167.166 - - [14/May/2020:08:25:53 -0700] "GET /content/audio/?q=%23followfriday&_t=rss HTTP/1.1" 200 5091 "-" "Mozilla/5.0 (compatible; bingbot/2.0; +http://www.bing.com/bingbot.htm)" 
46.229.168.129 - - [14/May/2020:08:25:59 -0700] "GET /content/locations/?q=%23testtag HTTP/1.1" 200 8498 "-" "Mozilla/5.0 (compatible; SemrushBot/6~bl; +http://www.semrush.com/bot.html)" 
62.210.92.16 - - [14/May/2020:08:26:16 -0700] "GET /2017/content-bloat-privacy-archives HTTP/1.1" 200 9255 "-" "BarkRowler/0.9 (+https://babbar.tech/crawler)" 
71.34.70.114 - - [14/May/2020:08:27:58 -0700] "GET /?_t=rss HTTP/1.1" 200 7680 "-" "Mozilla/5.0 (Windows NT 10.0; Win64; x64; rv:76.0) Gecko/20100101 Firefox/76.0" 
92.247.181.17 - - [14/May/2020:08:29:03 -0700] "GET /?_t=rss HTTP/1.1" 304 3475 "https://stream.jeremycherfas.net/" "Mozilla/5.0 (compatible; inoreader.com; 1 subscribers)" 
46.229.168.141 - - [14/May/2020:08:29:38 -0700] "GET /content/locations/?q=%23realbreadweek HTTP/1.1" 200 8539 "-" "Mozilla/5.0 (compatible; SemrushBot/6~bl; +http://www.semrush.com/bot.html)" 
66.249.66.48 - - [14/May/2020:08:30:17 -0700] "GET /?offset=2226&_t=rss HTTP/1.1" 200 7093 "-" "Mozilla/5.0 (Linux; Android 6.0.1; Nexus 5X Build/MMB29P) AppleWebKit/537.36 (KHTML, like Gecko) Chrome/41.0.2272.96 Mobile Safari/537.36 (compatible; Googlebot/2.1; +http://www.google.com/bot.html)" 
18.208.251.188 - - [14/May/2020:08:30:19 -0700] "GET /?_t=rss HTTP/1.1" 200 7643 "-" "glitch-feeder/1.0 (+https://glitch.com/~lmo-feeder)" 
46.229.168.133 - - [14/May/2020:08:30:21 -0700] "GET /2018/experimental-50%25-wholemeal-with-kalonji-looking-good-after-12-hours HTTP/1.1" 200 11642 "-" "Mozilla/5.0 (compatible; SemrushBot/6~bl; +http://www.semrush.com/bot.html)" 
40.77.167.166 - - [14/May/2020:08:30:29 -0700] "GET /2018/nice-post-but-alas-when-i-liked?_t=rss HTTP/1.1" 200 5669 "-" "Mozilla/5.0 (compatible; bingbot/2.0; +http://www.bing.com/bingbot.htm)" 
46.229.168.139 - - [14/May/2020:08:30:46 -0700] "GET /content/all/?offset=30&q=%23bread HTTP/1.1" 200 12865 "-" "Mozilla/5.0 (compatible; SemrushBot/6~bl; +http://www.semrush.com/bot.html)" 
71.34.70.114 - - [14/May/2020:08:30:53 -0700] "GET /?_t=rss HTTP/1.1" 200 4501 "-" "Mozilla/5.0 (Windows NT 10.0; Win64; x64; rv:76.0) Gecko/20100101 Firefox/76.0" 
46.229.168.135 - - [14/May/2020:08:31:02 -0700] "GET /tag/photo?offset=1 HTTP/1.1" 200 12501 "-" "Mozilla/5.0 (compatible; SemrushBot/6~bl; +http://www.semrush.com/bot.html)" 
46.229.168.132 - - [14/May/2020:08:31:53 -0700] "GET /2019/day-1-of-indieweb-challenge-2019-12-indieweb-challenge-fixed HTTP/1.1" 200 10418 "-" "Mozilla/5.0 (compatible; SemrushBot/6~bl; +http://www.semrush.com/bot.html)" 
66.249.66.44 - - [14/May/2020:08:32:01 -0700] "GET /2019/underestimated-the-starters-enthusiasm-for-todays-big-bake HTTP/1.1" 200 14840 "-" "Mozilla/5.0 (Linux; Android 6.0.1; Nexus 5X Build/MMB29P) AppleWebKit/537.36 (KHTML, like Gecko) Chrome/80.0.3987.92 Mobile Safari/537.36 (compatible; Googlebot/2.1; +http://www.google.com/bot.html)" 
46.229.168.135 - - [14/May/2020:08:32:09 -0700] "GET /2019/khurtwilliams-in-the-interests-of-science-ill HTTP/1.1" 200 9656 "-" "Mozilla/5.0 (compatible; SemrushBot/6~bl; +http://www.semrush.com/bot.html)" 
64.111.100.215 - - [14/May/2020:08:32:11 -0700] "GET /content/all?_t=rss HTTP/1.1" 200 14982 "-" "Mozilla/5.0 (X11; U; Linux i686; fr; rv:1.9.1.1) Gecko/20090715 Firefox/3.5.1" 
96.126.125.129 - - [14/May/2020:08:32:18 -0700] "GET /content/statusupdates/posts/photos/checkins/bookmarkedpages?_t=rss HTTP/1.1" 200 10205 "-" "Micro.blog/1.0" 
66.249.66.46 - - [14/May/2020:08:32:52 -0700] "GET /view/d1e66732631470c4eb9e00f5ca2a1db0 HTTP/1.1" 200 9525 "-" "Mozilla/5.0 (Linux; Android 6.0.1; Nexus 5X Build/MMB29P) AppleWebKit/537.36 (KHTML, like Gecko) Chrome/80.0.3987.92 Mobile Safari/537.36 (compatible; Googlebot/2.1; +http://www.google.com/bot.html)" 
71.34.70.114 - - [14/May/2020:08:34:00 -0700] "GET /?_t=rss HTTP/1.1" 200 7680 "-" "Mozilla/5.0 (Windows NT 10.0; Win64; x64; rv:76.0) Gecko/20100101 Firefox/76.0" 
46.229.168.137 - - [14/May/2020:08:34:02 -0700] "GET /?q=%23%2B%23showusyourfuckedloaves HTTP/1.1" 200 8506 "-" "Mozilla/5.0 (compatible; SemrushBot/6~bl; +http://www.semrush.com/bot.html)" 
207.46.13.123 - - [14/May/2020:08:35:25 -0700] "GET /2018/two-more-happy-graduates-of-sourdough-u-and-thanks-to HTTP/1.1" 200 16464 "-" "Mozilla/5.0 (compatible; bingbot/2.0; +http://www.bing.com/bingbot.htm)" 
46.229.168.140 - - [14/May/2020:08:35:29 -0700] "GET /?offset=55&q=%23%2B%23WithKnown HTTP/1.1" 200 8746 "-" "Mozilla/5.0 (compatible; SemrushBot/6~bl; +http://www.semrush.com/bot.html)" 
46.229.168.130 - - [14/May/2020:08:35:57 -0700] "GET /content/photos/?offset=55&q=%23bread HTTP/1.1" 200 11895 "-" "Mozilla/5.0 (compatible; SemrushBot/6~bl; +http://www.semrush.com/bot.html)" 
46.229.168.152 - - [14/May/2020:08:36:14 -0700] "GET /?offset=63&q=%23indieweb HTTP/1.1" 200 11550 "-" "Mozilla/5.0 (compatible; SemrushBot/6~bl; +http://www.semrush.com/bot.html)" 
73.95.147.185 - - [14/May/2020:08:36:29 -0700] "GET /file/c06ca0ca72923ce81ae42beb2818a2a6/e6a57e1055ad91eb55b726d5f94219c7 HTTP/1.1" 200 359815 "https://www.google.com/" "Mozilla/5.0 (Macintosh; Intel Mac OS X 10_14_6) AppleWebKit/537.36 (KHTML, like Gecko) Chrome/81.0.4044.138 Safari/537.36" 
71.34.70.114 - - [14/May/2020:08:36:52 -0700] "GET /?_t=rss HTTP/1.1" 200 4501 "-" "Mozilla/5.0 (Windows NT 10.0; Win64; x64; rv:76.0) Gecko/20100101 Firefox/76.0" 
46.229.168.130 - - [14/May/2020:08:37:02 -0700] "GET /2019/but-im-not-a-lawyer-im-an-agent HTTP/1.1" 200 9629 "-" "Mozilla/5.0 (compatible; SemrushBot/6~bl; +http://www.semrush.com/bot.html)" 
46.229.168.138 - - [14/May/2020:08:37:58 -0700] "GET /2017/do-you-know-anything-as-indieweb-capable-as-withknown-out HTTP/1.1" 200 10459 "-" "Mozilla/5.0 (compatible; SemrushBot/6~bl; +http://www.semrush.com/bot.html)" 
46.229.168.131 - - [14/May/2020:08:38:55 -0700] "GET /?offset=118&q=%23IndieWeb HTTP/1.1" 200 11686 "-" "Mozilla/5.0 (compatible; SemrushBot/6~bl; +http://www.semrush.com/bot.html)" 
46.229.168.138 - - [14/May/2020:08:39:33 -0700] "GET /file/cae80de4f3d209fa73a28272bfa4e2aa/c774bfad5bf157c1b86208eaf67d61e0 HTTP/1.1" 200 97259 "-" "Mozilla/5.0 (compatible; SemrushBot/6~bl; +http://www.semrush.com/bot.html)" 
71.34.70.114 - - [14/May/2020:08:39:34 -0700] "GET /?_t=rss HTTP/1.1" 200 7680 "-" "Mozilla/5.0 (Windows NT 10.0; Win64; x64; rv:76.0) Gecko/20100101 Firefox/76.0" 
66.249.66.44 - - [14/May/2020:08:39:45 -0700] "GET /view/c3a728640c482ba207c6a92881e391e2?_t=rss HTTP/1.1" 200 5431 "-" "Mozilla/5.0 (Linux; Android 6.0.1; Nexus 5X Build/MMB29P) AppleWebKit/537.36 (KHTML, like Gecko) Chrome/41.0.2272.96 Mobile Safari/537.36 (compatible; Googlebot/2.1; +http://www.google.com/bot.html)" 
167.99.96.232 - - [14/May/2020:08:39:56 -0700] "GET /?_t=rss HTTP/1.1" 304 3475 "-" "Feedbin feed-id:1536727 - 1 subscribers" 
207.46.13.123 - - [14/May/2020:08:40:19 -0700] "GET /2019/just-upgraded-my-withknown-site-to-the?_t=rss HTTP/1.1" 200 5451 "-" "Mozilla/5.0 (compatible; bingbot/2.0; +http://www.bing.com/bingbot.htm)" 
40.77.167.166 - - [14/May/2020:08:41:51 -0700] "GET /2017/i-havent-used-itbut-i-think-jared-sinclairs-stormcrow-app HTTP/1.1" 200 9812 "-" "Mozilla/5.0 (compatible; bingbot/2.0; +http://www.bing.com/bingbot.htm)" 
46.229.168.131 - - [14/May/2020:08:42:02 -0700] "GET /content/photos/?offset=21&q=%23sourdough HTTP/1.1" 200 11954 "-" "Mozilla/5.0 (compatible; SemrushBot/6~bl; +http://www.semrush.com/bot.html)" 
71.34.70.114 - - [14/May/2020:08:42:54 -0700] "GET /?_t=rss HTTP/1.1" 200 4501 "-" "Mozilla/5.0 (Windows NT 10.0; Win64; x64; rv:76.0) Gecko/20100101 Firefox/76.0" 
46.229.168.150 - - [14/May/2020:08:44:05 -0700] "GET /content/locations/?q=%23campbellsdoughknife HTTP/1.1" 200 8522 "-" "Mozilla/5.0 (compatible; SemrushBot/6~bl; +http://www.semrush.com/bot.html)" 
96.126.125.129 - - [14/May/2020:08:44:23 -0700] "GET /content/statusupdates/posts/photos/checkins/bookmarkedpages?_t=rss HTTP/1.1" 200 10205 "-" "Micro.blog/1.0" 
46.229.168.151 - - [14/May/2020:08:44:35 -0700] "GET /tag/webmention?offset=9 HTTP/1.1" 200 9184 "-" "Mozilla/5.0 (compatible; SemrushBot/6~bl; +http://www.semrush.com/bot.html)" 
46.229.168.136 - - [14/May/2020:08:45:20 -0700] "GET /content/locations/?q=%23%2B%23WithKnown HTTP/1.1" 200 8518 "-" "Mozilla/5.0 (compatible; SemrushBot/6~bl; +http://www.semrush.com/bot.html)" 
71.34.70.114 - - [14/May/2020:08:45:53 -0700] "GET /?_t=rss HTTP/1.1" 200 7680 "-" "Mozilla/5.0 (Windows NT 10.0; Win64; x64; rv:76.0) Gecko/20100101 Firefox/76.0" 
46.229.168.130 - - [14/May/2020:08:46:53 -0700] "GET /2019/a-big-black-bee HTTP/1.1" 200 13526 "-" "Mozilla/5.0 (compatible; SemrushBot/6~bl; +http://www.semrush.com/bot.html)" 
46.229.168.140 - - [14/May/2020:08:47:12 -0700] "GET /2020/tavolamed-at-last-thanks-for-saying-it HTTP/1.1" 200 10426 "-" "Mozilla/5.0 (compatible; SemrushBot/6~bl; +http://www.semrush.com/bot.html)" 
46.229.168.151 - - [14/May/2020:08:47:22 -0700] "GET /content/posts/?offset=19&q=%23%2B%23indieweb HTTP/1.1" 200 16080 "-" "Mozilla/5.0 (compatible; SemrushBot/6~bl; +http://www.semrush.com/bot.html)" 
114.119.161.85 - - [14/May/2020:08:48:07 -0700] "GET /file/f3802d2ec5920216f7d563aa8288c1b7 HTTP/1.1" 200 211333 "-" "Mozilla/5.0 (Linux; Android 7.0;) AppleWebKit/537.36 (KHTML, like Gecko) Mobile Safari/537.36 (compatible; AspiegelBot)" 
46.229.168.161 - - [14/May/2020:08:48:10 -0700] "GET /2019/the-workforce-is-good-and-ready-and-raring-to-go HTTP/1.1" 200 13879 "-" "Mozilla/5.0 (compatible; SemrushBot/6~bl; +http://www.semrush.com/bot.html)" 
64.111.100.215 - - [14/May/2020:08:48:33 -0700] "GET /content/all?_t=rss HTTP/1.1" 200 14982 "-" "Mozilla/5.0 (X11; U; Linux i686; fr; rv:1.9.1.1) Gecko/20090715 Firefox/3.5.1" 
71.34.70.114 - - [14/May/2020:08:49:10 -0700] "GET /?_t=rss HTTP/1.1" 200 4501 "-" "Mozilla/5.0 (Windows NT 10.0; Win64; x64; rv:76.0) Gecko/20100101 Firefox/76.0" 
66.249.66.48 - - [14/May/2020:08:49:10 -0700] "GET /?offset=1687&_t=amp HTTP/1.1" 200 12815 "-" "Mozilla/5.0 (Linux; Android 6.0.1; Nexus 5X Build/MMB29P) AppleWebKit/537.36 (KHTML, like Gecko) Chrome/80.0.3987.92 Mobile Safari/537.36 (compatible; Googlebot/2.1; +http://www.google.com/bot.html)" 
46.229.168.147 - - [14/May/2020:08:49:12 -0700] "GET /?offset=49&q=%23%2B%23sourdough HTTP/1.1" 200 11057 "-" "Mozilla/5.0 (compatible; SemrushBot/6~bl; +http://www.semrush.com/bot.html)" 
66.249.66.46 - - [14/May/2020:08:49:13 -0700] "GET /view/41aedb1c857c04f68853dd2c06ff1c34?_t=rss HTTP/1.1" 200 5674 "-" "Mozilla/5.0 (Linux; Android 6.0.1; Nexus 5X Build/MMB29P) AppleWebKit/537.36 (KHTML, like Gecko) Chrome/41.0.2272.96 Mobile Safari/537.36 (compatible; Googlebot/2.1; +http://www.google.com/bot.html)" 
46.229.168.147 - - [14/May/2020:08:49:37 -0700] "GET /tag/bread?offset=64 HTTP/1.1" 200 12208 "-" "Mozilla/5.0 (compatible; SemrushBot/6~bl; +http://www.semrush.com/bot.html)" 
46.229.168.140 - - [14/May/2020:08:49:54 -0700] "GET /content/posts/?offset=42 HTTP/1.1" 200 13382 "-" "Mozilla/5.0 (compatible; SemrushBot/6~bl; +http://www.semrush.com/bot.html)" 
46.229.168.161 - - [14/May/2020:08:50:03 -0700] "GET /content/all/?offset=131&q=%23indieweb HTTP/1.1" 200 12688 "-" "Mozilla/5.0 (compatible; SemrushBot/6~bl; +http://www.semrush.com/bot.html)" 
46.229.168.134 - - [14/May/2020:08:50:51 -0700] "GET /2019/the-plain-text-life-note-taking-writing-and-life-organization HTTP/1.1" 200 9577 "-" "Mozilla/5.0 (compatible; SemrushBot/6~bl; +http://www.semrush.com/bot.html)" 
46.229.168.148 - - [14/May/2020:08:50:53 -0700] "GET /content/locations/?q=%23%2B%23food HTTP/1.1" 200 8539 "-" "Mozilla/5.0 (compatible; SemrushBot/6~bl; +http://www.semrush.com/bot.html)" 
46.229.168.161 - - [14/May/2020:08:51:24 -0700] "GET /content/rsvp/?q=%23%2B%23norovirus HTTP/1.1" 200 8513 "-" "Mozilla/5.0 (compatible; SemrushBot/6~bl; +http://www.semrush.com/bot.html)" 
46.229.168.146 - - [14/May/2020:08:51:27 -0700] "GET /content/locations?offset=0 HTTP/1.1" 200 11635 "-" "Mozilla/5.0 (compatible; SemrushBot/6~bl; +http://www.semrush.com/bot.html)" 
71.34.70.114 - - [14/May/2020:08:52:12 -0700] "GET /?_t=rss HTTP/1.1" 200 7680 "-" "Mozilla/5.0 (Windows NT 10.0; Win64; x64; rv:76.0) Gecko/20100101 Firefox/76.0" 
77.75.78.160 - - [14/May/2020:08:53:14 -0700] "GET /robots.txt HTTP/1.1" 200 4594 "-" "Mozilla/5.0 (compatible; SeznamBot/3.2; +http://napoveda.seznam.cz/en/seznambot-intro/)" 
77.75.78.160 - - [14/May/2020:08:53:17 -0700] "GET /file/2f20de17c5743f97ad4aa0671377af94 HTTP/1.1" 200 22029 "-" "Mozilla/5.0 (compatible; SeznamBot/3.2; +http://napoveda.seznam.cz/en/seznambot-intro/)" 
46.229.168.143 - - [14/May/2020:08:53:18 -0700] "GET /2019/festivus-for-the-rest-of-us-hot-pod-news HTTP/1.1" 200 9526 "-" "Mozilla/5.0 (compatible; SemrushBot/6~bl; +http://www.semrush.com/bot.html)" 
77.75.78.160 - - [14/May/2020:08:53:18 -0700] "GET /2020/pizza-night HTTP/1.1" 304 425 "-" "Mozilla/5.0 (compatible; SeznamBot/3.2; +http://napoveda.seznam.cz/en/seznambot-intro/)" 
66.249.66.44 - - [14/May/2020:08:53:34 -0700] "GET /2019/wild-asparagus-risotto-for-supper-last-night-thanks-to-our HTTP/1.1" 304 14511 "-" "Mozilla/5.0 (Linux; Android 6.0.1; Nexus 5X Build/MMB29P) AppleWebKit/537.36 (KHTML, like Gecko) Chrome/41.0.2272.96 Mobile Safari/537.36 (compatible; Googlebot/2.1; +http://www.google.com/bot.html)" 
66.249.66.46 - - [14/May/2020:08:53:34 -0700] "GET /2019/wild-asparagus-risotto-for-supper-last-night-thanks-to-our HTTP/1.1" 304 78067 "-" "Mozilla/5.0 (Linux; Android 6.0.1; Nexus 5X Build/MMB29P) AppleWebKit/537.36 (KHTML, like Gecko) Chrome/41.0.2272.96 Mobile Safari/537.36 (compatible; Googlebot/2.1; +http://www.google.com/bot.html)" 
77.88.5.71 - - [14/May/2020:08:54:07 -0700] "GET /robots.txt HTTP/1.1" 200 4593 "-" "Mozilla/5.0 (compatible; YandexBot/3.0; +http://yandex.com/bots)" 
77.88.5.71 - - [14/May/2020:08:54:11 -0700] "GET /2018/our-hidden-wound-the-contrary-farmer HTTP/1.1" 200 9757 "-" "Mozilla/5.0 (compatible; YandexBot/3.0; +http://yandex.com/bots)" 
71.34.70.114 - - [14/May/2020:08:55:16 -0700] "GET /?_t=rss HTTP/1.1" 200 4501 "-" "Mozilla/5.0 (Windows NT 10.0; Win64; x64; rv:76.0) Gecko/20100101 Firefox/76.0" 
46.229.168.141 - - [14/May/2020:08:56:59 -0700] "GET /content/all/?offset=20&q=%23%2B%23sourdough HTTP/1.1" 200 12010 "-" "Mozilla/5.0 (compatible; SemrushBot/6~bl; +http://www.semrush.com/bot.html)" 
46.229.168.150 - - [14/May/2020:08:57:08 -0700] "GET /content/audio/?q=%23cooking HTTP/1.1" 200 8489 "-" "Mozilla/5.0 (compatible; SemrushBot/6~bl; +http://www.semrush.com/bot.html)" 
71.34.70.114 - - [14/May/2020:08:58:26 -0700] "GET /?_t=rss HTTP/1.1" 200 7680 "-" "Mozilla/5.0 (Windows NT 10.0; Win64; x64; rv:76.0) Gecko/20100101 Firefox/76.0" 
92.247.181.17 - - [14/May/2020:08:58:35 -0700] "GET /?_t=rss HTTP/1.1" 304 3475 "https://stream.jeremycherfas.net/" "Mozilla/5.0 (compatible; inoreader.com; 1 subscribers)" 
66.249.66.48 - - [14/May/2020:08:58:41 -0700] "GET /content/all?offset=1706 HTTP/1.1" 200 11915 "-" "Mozilla/5.0 (Linux; Android 6.0.1; Nexus 5X Build/MMB29P) AppleWebKit/537.36 (KHTML, like Gecko) Chrome/41.0.2272.96 Mobile Safari/537.36 (compatible; Googlebot/2.1; +http://www.google.com/bot.html)" 
66.249.66.46 - - [14/May/2020:08:58:59 -0700] "GET /service/web/unfurl/?url=https%3A%2F%2Fwww.recallact.com%2Fpresentation%2Fdecentralized-social-web&__bTk=910528643d34fe7ea5f417dffe76dc19f653c6a4d3fc32402c20343d9a787e1d&__bTs=1588868946 HTTP/1.1" 403 4632 "https://stream.jeremycherfas.net/content/all?offset=1706" "Mozilla/5.0 (Linux; Android 6.0.1; Nexus 5X Build/MMB29P) AppleWebKit/537.36 (KHTML, like Gecko) Chrome/81.0.4044.108 Mobile Safari/537.36 (compatible; Googlebot/2.1; +http://www.google.com/bot.html)" 
66.249.66.44 - - [14/May/2020:08:58:59 -0700] "GET /service/web/unfurl/?url=https%3A%2F%2Fwww.foodpolitics.com%2F2017%2F10%2Ffda-says-love-is-not-a-food-ingredient%2F&__bTk=910528643d34fe7ea5f417dffe76dc19f653c6a4d3fc32402c20343d9a787e1d&__bTs=1588868946 HTTP/1.1" 403 4649 "https://stream.jeremycherfas.net/content/all?offset=1706" "Mozilla/5.0 (Linux; Android 6.0.1; Nexus 5X Build/MMB29P) AppleWebKit/537.36 (KHTML, like Gecko) Chrome/81.0.4044.108 Mobile Safari/537.36 (compatible; Googlebot/2.1; +http://www.google.com/bot.html)" 
66.249.66.46 - - [14/May/2020:08:58:59 -0700] "GET /service/web/unfurl/?url=https%3A%2F%2Fsource.opennews.org%2Farticles%2Fwhat-do-you-do-3&__bTk=910528643d34fe7ea5f417dffe76dc19f653c6a4d3fc32402c20343d9a787e1d&__bTs=1588868946 HTTP/1.1" 403 1305 "https://stream.jeremycherfas.net/content/all?offset=1706" "Mozilla/5.0 (Linux; Android 6.0.1; Nexus 5X Build/MMB29P) AppleWebKit/537.36 (KHTML, like Gecko) Chrome/81.0.4044.108 Mobile Safari/537.36 (compatible; Googlebot/2.1; +http://www.google.com/bot.html)" 
46.229.168.129 - - [14/May/2020:08:59:35 -0700] "GET /2017/ok-i-will-boycott-twitter-today-as-i-post-less HTTP/1.1" 200 10313 "-" "Mozilla/5.0 (compatible; SemrushBot/6~bl; +http://www.semrush.com/bot.html)" 
46.229.168.136 - - [14/May/2020:08:59:37 -0700] "GET /content/all/?offset=2&q=%23%2B%23Rome HTTP/1.1" 200 12965 "-" "Mozilla/5.0 (compatible; SemrushBot/6~bl; +http://www.semrush.com/bot.html)" 
40.77.167.138 - - [14/May/2020:09:00:04 -0700] "GET /2019/time-pieces?_t=rss HTTP/1.1" 200 5515 "-" "Mozilla/5.0 (compatible; bingbot/2.0; +http://www.bing.com/bingbot.htm)" 
71.34.70.114 - - [14/May/2020:09:00:59 -0700] "GET /?_t=rss HTTP/1.1" 200 4501 "-" "Mozilla/5.0 (Windows NT 10.0; Win64; x64; rv:76.0) Gecko/20100101 Firefox/76.0" 
46.229.168.137 - - [14/May/2020:09:02:41 -0700] "GET /content/all/?offset=116&q=%23IndieWeb HTTP/1.1" 200 12298 "-" "Mozilla/5.0 (compatible; SemrushBot/6~bl; +http://www.semrush.com/bot.html)" 
46.229.168.154 - - [14/May/2020:09:03:12 -0700] "GET /tag/indieweb?offset=95 HTTP/1.1" 200 14785 "-" "Mozilla/5.0 (compatible; SemrushBot/6~bl; +http://www.semrush.com/bot.html)" 
71.34.70.114 - - [14/May/2020:09:03:52 -0700] "GET /?_t=rss HTTP/1.1" 200 7680 "-" "Mozilla/5.0 (Windows NT 10.0; Win64; x64; rv:76.0) Gecko/20100101 Firefox/76.0" 
66.249.66.46 - - [14/May/2020:09:03:55 -0700] "GET /service/web/unfurl/?url=http%3A%2F%2Fschaechter.asmblog.org%2Fschaechter%2F2018%2F10%2Fvaccines-and-the-fight-against-antibiotic-resistance.html&__bTk=3eec8bcd67b4b2e93a55cf66a2122cd213cc149f334395fc089c9e91fcc562e3&__bTs=1588767473 HTTP/1.1" 403 4679 "https://stream.jeremycherfas.net/?offset=887&_t=amp" "Mozilla/5.0 (Linux; Android 6.0.1; Nexus 5X Build/MMB29P) AppleWebKit/537.36 (KHTML, like Gecko) Chrome/81.0.4044.108 Mobile Safari/537.36 (compatible; Googlebot/2.1; +http://www.google.com/bot.html)" 
66.249.66.46 - - [14/May/2020:09:03:55 -0700] "GET /service/web/unfurl/?url=https%3A%2F%2Fboffosocko.com%2F2018%2F10%2F10%2Fleaving-google-for-yet-another-silo%2F&__bTk=3eec8bcd67b4b2e93a55cf66a2122cd213cc149f334395fc089c9e91fcc562e3&__bTs=1588767473 HTTP/1.1" 403 1328 "https://stream.jeremycherfas.net/?offset=887&_t=amp" "Mozilla/5.0 (Linux; Android 6.0.1; Nexus 5X Build/MMB29P) AppleWebKit/537.36 (KHTML, like Gecko) Chrome/81.0.4044.108 Mobile Safari/537.36 (compatible; Googlebot/2.1; +http://www.google.com/bot.html)" 
66.249.66.46 - - [14/May/2020:09:03:55 -0700] "GET /service/web/unfurl/?url=http%3A%2F%2Fschaechter.asmblog.org%2Fschaechter%2F2018%2F10%2Fvaccines-and-the-fight-against-antibiotic-resistance.html&__bTk=3eec8bcd67b4b2e93a55cf66a2122cd213cc149f334395fc089c9e91fcc562e3&__bTs=1588767473 HTTP/1.1" 403 1362 "https://stream.jeremycherfas.net/?offset=887&_t=amp" "Mozilla/5.0 (Linux; Android 6.0.1; Nexus 5X Build/MMB29P) AppleWebKit/537.36 (KHTML, like Gecko) Chrome/81.0.4044.108 Mobile Safari/537.36 (compatible; Googlebot/2.1; +http://www.google.com/bot.html)" 
64.111.100.215 - - [14/May/2020:09:04:07 -0700] "GET /content/all?_t=rss HTTP/1.1" 200 14982 "-" "Mozilla/5.0 (X11; U; Linux i686; fr; rv:1.9.1.1) Gecko/20090715 Firefox/3.5.1" 
114.119.164.86 - - [14/May/2020:09:04:48 -0700] "GET /2018/user-research-myth-busting-cxpartners HTTP/1.1" 200 9327 "-" "Mozilla/5.0 (Linux; Android 7.0;) AppleWebKit/537.36 (KHTML, like Gecko) Mobile Safari/537.36 (compatible; AspiegelBot)" 
46.229.168.129 - - [14/May/2020:09:05:21 -0700] "GET /tag/indieweb?offset=106 HTTP/1.1" 200 12015 "-" "Mozilla/5.0 (compatible; SemrushBot/6~bl; +http://www.semrush.com/bot.html)" 
66.249.66.52 - - [14/May/2020:09:05:45 -0700] "GET /robots.txt HTTP/1.1" 200 4613 "-" "Mozilla/5.0 (compatible; Googlebot/2.1; +http://www.google.com/bot.html)" 
66.249.66.48 - - [14/May/2020:09:05:45 -0700] "GET /service/web/unfurl/?url=http%3A%2F%2Fschaechter.asmblog.org%2Fschaechter%2F2018%2F10%2Fvaccines-and-the-fight-against-antibiotic-resistance.html&__bTk=07c4e1db903d5bfe641359a99e4529480b57642698e45f1e12668c9aee3c9dc8&__bTs=1588896000 HTTP/1.1" 403 4836 "https://www.stream.jeremycherfas.net/content/all/?offset=893&_t=amp" "Mozilla/5.0 (Linux; Android 6.0.1; Nexus 5X Build/MMB29P) AppleWebKit/537.36 (KHTML, like Gecko) Chrome/81.0.4044.108 Mobile Safari/537.36 (compatible; Googlebot/2.1; +http://www.google.com/bot.html)" 
66.249.66.50 - - [14/May/2020:09:05:46 -0700] "GET /service/web/unfurl/?url=https%3A%2F%2Fboffosocko.com%2F2018%2F10%2F10%2Fleaving-google-for-yet-another-silo%2F&__bTk=07c4e1db903d5bfe641359a99e4529480b57642698e45f1e12668c9aee3c9dc8&__bTs=1588896000 HTTP/1.1" 403 4802 "https://www.stream.jeremycherfas.net/content/all/?offset=893&_t=amp" "Mozilla/5.0 (Linux; Android 6.0.1; Nexus 5X Build/MMB29P) AppleWebKit/537.36 (KHTML, like Gecko) Chrome/81.0.4044.108 Mobile Safari/537.36 (compatible; Googlebot/2.1; +http://www.google.com/bot.html)" 
66.249.66.50 - - [14/May/2020:09:05:46 -0700] "GET /service/web/unfurl/?url=https%3A%2F%2Fboffosocko.com%2F2018%2F10%2F10%2Fleaving-google-for-yet-another-silo%2F&__bTk=07c4e1db903d5bfe641359a99e4529480b57642698e45f1e12668c9aee3c9dc8&__bTs=1589020153 HTTP/1.1" 403 1485 "https://www.stream.jeremycherfas.net/content/all/?offset=893&_t=amp" "Mozilla/5.0 (Linux; Android 6.0.1; Nexus 5X Build/MMB29P) AppleWebKit/537.36 (KHTML, like Gecko) Chrome/81.0.4044.108 Mobile Safari/537.36 (compatible; Googlebot/2.1; +http://www.google.com/bot.html)" 
66.249.66.48 - - [14/May/2020:09:06:19 -0700] "GET /?offset=1835 HTTP/1.1" 200 12105 "-" "Mozilla/5.0 (Linux; Android 6.0.1; Nexus 5X Build/MMB29P) AppleWebKit/537.36 (KHTML, like Gecko) Chrome/80.0.3987.92 Mobile Safari/537.36 (compatible; Googlebot/2.1; +http://www.google.com/bot.html)" 
96.126.125.129 - - [14/May/2020:09:06:24 -0700] "GET /content/statusupdates/posts/photos/checkins/bookmarkedpages?_t=rss HTTP/1.1" 200 10205 "-" "Micro.blog/1.0" 
71.34.70.114 - - [14/May/2020:09:06:28 -0700] "GET /?_t=rss HTTP/1.1" 200 4501 "-" "Mozilla/5.0 (Windows NT 10.0; Win64; x64; rv:76.0) Gecko/20100101 Firefox/76.0" 
46.229.168.143 - - [14/May/2020:09:06:55 -0700] "GET /file/f2692445aed1abb9ba9a3b3c1a1ca7e6/0ad342b720b2d30bbdc676d099dea30e HTTP/1.1" 200 155477 "-" "Mozilla/5.0 (compatible; SemrushBot/6~bl; +http://www.semrush.com/bot.html)" 
66.249.66.46 - - [14/May/2020:09:08:09 -0700] "GET /view/bdae4f6d8be3b6d70ba7e21d629d04be?_t=rss HTTP/1.1" 200 5431 "-" "Mozilla/5.0 (Linux; Android 6.0.1; Nexus 5X Build/MMB29P) AppleWebKit/537.36 (KHTML, like Gecko) Chrome/41.0.2272.96 Mobile Safari/537.36 (compatible; Googlebot/2.1; +http://www.google.com/bot.html)" 
66.249.66.44 - - [14/May/2020:09:08:15 -0700] "GET /file/a740ade1170563a78880c63c90548ae6/thumb.jpg HTTP/1.1" 200 94286 "-" "Googlebot-Image/1.0" 
71.34.70.114 - - [14/May/2020:09:09:17 -0700] "GET /?_t=rss HTTP/1.1" 200 7680 "-" "Mozilla/5.0 (Windows NT 10.0; Win64; x64; rv:76.0) Gecko/20100101 Firefox/76.0" 
82.115.213.127 - - [14/May/2020:09:09:18 -0700] "GET /profile/jeremy HTTP/1.1" 200 30466 "https://stream.jeremycherfas.net" "Mozilla/5.0 (Windows NT 10.0; Win64; x64) AppleWebKit/537.36 (KHTML, like Gecko) Chrome/62.0.3202.94 Safari/537.36" 
40.77.167.166 - - [14/May/2020:09:11:04 -0700] "GET /2018/10-questions-for-world-builder-gerry-flahive HTTP/1.1" 200 9615 "-" "Mozilla/5.0 (compatible; bingbot/2.0; +http://www.bing.com/bingbot.htm)" 
46.229.168.134 - - [14/May/2020:09:11:40 -0700] "GET /?offset=130&q=%23IndieWeb HTTP/1.1" 200 12874 "-" "Mozilla/5.0 (compatible; SemrushBot/6~bl; +http://www.semrush.com/bot.html)" 
167.172.219.142 - - [14/May/2020:09:11:42 -0700] "GET /?_t=rss HTTP/1.1" 304 3475 "-" "Feedbin feed-id:1536727 - 1 subscribers" 
46.229.168.136 - - [14/May/2020:09:11:45 -0700] "GET /content/all/?offset=24&q=%23%2B%23sourdough HTTP/1.1" 200 11955 "-" "Mozilla/5.0 (compatible; SemrushBot/6~bl; +http://www.semrush.com/bot.html)" 
46.229.168.134 - - [14/May/2020:09:12:26 -0700] "GET /2019/uk-podcast-listeners-willing-to-pay-4 HTTP/1.1" 200 9687 "-" "Mozilla/5.0 (compatible; SemrushBot/6~bl; +http://www.semrush.com/bot.html)" 
71.34.70.114 - - [14/May/2020:09:12:30 -0700] "GET /?_t=rss HTTP/1.1" 200 4501 "-" "Mozilla/5.0 (Windows NT 10.0; Win64; x64; rv:76.0) Gecko/20100101 Firefox/76.0" 
203.133.169.112 - - [14/May/2020:09:15:13 -0700] "GET /file/b538d4eff9ea3f036f7d5647d669c5ba/888b14c8513209fb8948dc6808074417 HTTP/1.1" 200 53431 "-" "Mozilla/5.0 (Unknown; Linux x86_64) AppleWebKit/538.1 (KHTML, like Gecko) Safari/538.1 Daum/4.1" 
