66.249.66.46 - - [14/May/2020:01:57:19 -0700] "GET /?offset=690 HTTP/1.1" 200 11835 "-" "Mozilla/5.0 (Linux; Android 6.0.1; Nexus 5X Build/MMB29P) AppleWebKit/537.36 (KHTML, like Gecko) Chrome/41.0.2272.96 Mobile Safari/537.36 (compatible; Googlebot/2.1; +http://www.google.com/bot.html)" 
46.229.168.161 - - [14/May/2020:01:58:01 -0700] "GET /content/all/?offset=55&q=%23WithKnown HTTP/1.1" 200 8714 "-" "Mozilla/5.0 (compatible; SemrushBot/6~bl; +http://www.semrush.com/bot.html)" 
46.229.168.153 - - [14/May/2020:01:58:21 -0700] "GET /tag/indieweb?offset=135 HTTP/1.1" 200 11487 "-" "Mozilla/5.0 (compatible; SemrushBot/6~bl; +http://www.semrush.com/bot.html)" 
198.58.103.36 - - [14/May/2020:01:58:22 -0700] "GET /?offset=10&_t=rss HTTP/1.1" 200 10024 "-" "Superfeedr bot/2.0 http://superfeedr.com - Make your feeds realtime: get in touch - feed-id:1214543370" 
198.58.102.158 - - [14/May/2020:01:58:22 -0700] "GET /?offset=10&_t=rss HTTP/1.1" 200 10024 "-" "Superfeedr bot/2.0 http://superfeedr.com - Make your feeds realtime: get in touch - feed-id:1214543370" 
198.58.103.92 - - [14/May/2020:01:58:22 -0700] "GET /?offset=10&_t=rss HTTP/1.1" 200 10024 "-" "Superfeedr bot/2.0 http://superfeedr.com - Make your feeds realtime: get in touch - feed-id:1214543370" 
46.229.168.133 - - [14/May/2020:01:58:38 -0700] "GET /2018/is-there-any-way-to-get-more HTTP/1.1" 200 9506 "-" "Mozilla/5.0 (compatible; SemrushBot/6~bl; +http://www.semrush.com/bot.html)" 
64.111.100.215 - - [14/May/2020:01:59:31 -0700] "GET /content/all?_t=rss HTTP/1.1" 200 14982 "-" "Mozilla/5.0 (X11; U; Linux i686; fr; rv:1.9.1.1) Gecko/20090715 Firefox/3.5.1" 
46.229.168.162 - - [14/May/2020:01:59:58 -0700] "GET /content/statusupdates/?offset=31&q=%23indieweb HTTP/1.1" 200 8952 "-" "Mozilla/5.0 (compatible; SemrushBot/6~bl; +http://www.semrush.com/bot.html)" 
71.34.70.114 - - [14/May/2020:01:59:59 -0700] "GET /?_t=rss HTTP/1.1" 200 4501 "-" "Mozilla/5.0 (Windows NT 10.0; Win64; x64; rv:76.0) Gecko/20100101 Firefox/76.0" 
18.208.251.188 - - [14/May/2020:02:00:16 -0700] "GET /?_t=rss HTTP/1.1" 200 7643 "-" "glitch-feeder/1.0 (+https://glitch.com/~lmo-feeder)" 
207.46.13.92 - - [14/May/2020:02:00:25 -0700] "GET /service/web/imageproxy/aHR0cHM6Ly9zZWN1cmUuZ3JhdmF0YXIuY29tL2F2YXRhci81MjVkZGYxYWUwZjg3YTNiYzZkZGY4YmU2Y2M0YjUwYz9zPTI0MCZkPXJldHJvJnI9Zw,,/300/square HTTP/1.1" 200 79681 "-" "Mozilla/5.0 (compatible; bingbot/2.0; +http://www.bing.com/bingbot.htm)" 
54.152.213.245 - - [14/May/2020:02:00:38 -0700] "GET /content/all?_t=rss HTTP/1.1" 304 3480 "https://www.google.com/" "Mozilla/5.0 (Macintosh; Intel Mac OS X 10_15_3) AppleWebKit/537.36 (KHTML, like Gecko) Chrome/80.0.3987.132 Safari/537.36" 
66.249.66.46 - - [14/May/2020:02:01:03 -0700] "GET /2018/for-nicolakidsbooks-xxx HTTP/1.1" 200 11322 "-" "Mozilla/5.0 (Linux; Android 6.0.1; Nexus 5X Build/MMB29P) AppleWebKit/537.36 (KHTML, like Gecko) Chrome/41.0.2272.96 Mobile Safari/537.36 (compatible; Googlebot/2.1; +http://www.google.com/bot.html)" 
96.126.125.129 - - [14/May/2020:02:02:00 -0700] "GET /content/statusupdates/posts/photos/checkins/bookmarkedpages?_t=rss HTTP/1.1" 200 10205 "-" "Micro.blog/1.0" 
46.229.168.143 - - [14/May/2020:02:02:05 -0700] "GET /tag/micromonday HTTP/1.1" 200 9122 "-" "Mozilla/5.0 (compatible; SemrushBot/6~bl; +http://www.semrush.com/bot.html)" 
66.249.66.48 - - [14/May/2020:02:02:09 -0700] "GET /robots.txt HTTP/1.1" 200 4613 "-" "Mozilla/5.0 (compatible; Googlebot/2.1; +http://www.google.com/bot.html)" 
66.249.66.52 - - [14/May/2020:02:02:09 -0700] "GET /content/statusupdates/?offset=233&_t=amp HTTP/1.1" 200 11080 "-" "Mozilla/5.0 (Linux; Android 6.0.1; Nexus 5X Build/MMB29P) AppleWebKit/537.36 (KHTML, like Gecko) Chrome/41.0.2272.96 Mobile Safari/537.36 (compatible; Googlebot/2.1; +http://www.google.com/bot.html)" 
66.249.66.50 - - [14/May/2020:02:02:12 -0700] "GET /service/web/unfurl/?url=https%3A%2F%2Fwww.eatthispodcast.com%2Four-daily-bread-01%2F&__bTk=07c4e1db903d5bfe641359a99e4529480b57642698e45f1e12668c9aee3c9dc8&__bTs=1588896000 HTTP/1.1" 403 4643 "https://www.stream.jeremycherfas.net/content/statusupdates/?offset=233&_t=amp" "Mozilla/5.0 (Linux; Android 6.0.1; Nexus 5X Build/MMB29P) AppleWebKit/537.36 (KHTML, like Gecko) Chrome/81.0.4044.108 Mobile Safari/537.36 (compatible; Googlebot/2.1; +http://www.google.com/bot.html)" 
66.249.66.52 - - [14/May/2020:02:02:12 -0700] "GET /service/web/unfurl/?url=https%3A%2F%2Findieweb.org&__bTk=07c4e1db903d5bfe641359a99e4529480b57642698e45f1e12668c9aee3c9dc8&__bTs=1588896000 HTTP/1.1" 403 4609 "https://www.stream.jeremycherfas.net/content/statusupdates/?offset=233&_t=amp" "Mozilla/5.0 (Linux; Android 6.0.1; Nexus 5X Build/MMB29P) AppleWebKit/537.36 (KHTML, like Gecko) Chrome/81.0.4044.108 Mobile Safari/537.36 (compatible; Googlebot/2.1; +http://www.google.com/bot.html)" 
66.249.66.50 - - [14/May/2020:02:02:13 -0700] "GET /service/web/unfurl/?url=https%3A%2F%2Fwww.eatthispodcast.com%2Four-daily-bread-01%2F&__bTk=07c4e1db903d5bfe641359a99e4529480b57642698e45f1e12668c9aee3c9dc8&__bTs=1589020153 HTTP/1.1" 403 1326 "https://www.stream.jeremycherfas.net/content/statusupdates/?offset=233&_t=amp" "Mozilla/5.0 (Linux; Android 6.0.1; Nexus 5X Build/MMB29P) AppleWebKit/537.36 (KHTML, like Gecko) Chrome/81.0.4044.108 Mobile Safari/537.36 (compatible; Googlebot/2.1; +http://www.google.com/bot.html)" 
66.249.66.50 - - [14/May/2020:02:02:13 -0700] "GET /service/web/unfurl/?url=https%3A%2F%2Findieweb.org&__bTk=07c4e1db903d5bfe641359a99e4529480b57642698e45f1e12668c9aee3c9dc8&__bTs=1589020153 HTTP/1.1" 403 1292 "https://www.stream.jeremycherfas.net/content/statusupdates/?offset=233&_t=amp" "Mozilla/5.0 (Linux; Android 6.0.1; Nexus 5X Build/MMB29P) AppleWebKit/537.36 (KHTML, like Gecko) Chrome/81.0.4044.108 Mobile Safari/537.36 (compatible; Googlebot/2.1; +http://www.google.com/bot.html)" 
46.229.168.141 - - [14/May/2020:02:02:19 -0700] "GET /content/photos?offset=170 HTTP/1.1" 200 11069 "-" "Mozilla/5.0 (compatible; SemrushBot/6~bl; +http://www.semrush.com/bot.html)" 
71.34.70.114 - - [14/May/2020:02:02:42 -0700] "GET /?_t=rss HTTP/1.1" 200 7680 "-" "Mozilla/5.0 (Windows NT 10.0; Win64; x64; rv:76.0) Gecko/20100101 Firefox/76.0" 
207.46.13.92 - - [14/May/2020:02:03:23 -0700] "GET /2019/art-1?_t=rss HTTP/1.1" 200 5500 "-" "Mozilla/5.0 (compatible; bingbot/2.0; +http://www.bing.com/bingbot.htm)" 
207.46.13.92 - - [14/May/2020:02:03:54 -0700] "GET /2019/i-do-find-myself-wondering-whether-well-designed?_t=rss HTTP/1.1" 200 5496 "-" "Mozilla/5.0 (compatible; bingbot/2.0; +http://www.bing.com/bingbot.htm)" 
46.229.168.153 - - [14/May/2020:02:04:12 -0700] "GET /2020/sight HTTP/1.1" 200 9497 "-" "Mozilla/5.0 (compatible; SemrushBot/6~bl; +http://www.semrush.com/bot.html)" 
46.229.168.135 - - [14/May/2020:02:04:35 -0700] "GET /?offset=53&q=%23%2B%23food HTTP/1.1" 200 9322 "-" "Mozilla/5.0 (compatible; SemrushBot/6~bl; +http://www.semrush.com/bot.html)" 
71.34.70.114 - - [14/May/2020:02:05:27 -0700] "GET /?_t=rss HTTP/1.1" 200 4501 "-" "Mozilla/5.0 (Windows NT 10.0; Win64; x64; rv:76.0) Gecko/20100101 Firefox/76.0" 
46.229.168.142 - - [14/May/2020:02:07:27 -0700] "GET /content/all/?offset=10&q=%23%2B%23%23bread HTTP/1.1" 200 12949 "-" "Mozilla/5.0 (compatible; SemrushBot/6~bl; +http://www.semrush.com/bot.html)" 
71.34.70.114 - - [14/May/2020:02:08:46 -0700] "GET /?_t=rss HTTP/1.1" 200 7680 "-" "Mozilla/5.0 (Windows NT 10.0; Win64; x64; rv:76.0) Gecko/20100101 Firefox/76.0" 
46.229.168.139 - - [14/May/2020:02:10:08 -0700] "GET /?offset=140 HTTP/1.1" 200 11854 "-" "Mozilla/5.0 (compatible; SemrushBot/6~bl; +http://www.semrush.com/bot.html)" 
46.229.168.162 - - [14/May/2020:02:10:46 -0700] "GET /tag/courses HTTP/1.1" 200 10722 "-" "Mozilla/5.0 (compatible; SemrushBot/6~bl; +http://www.semrush.com/bot.html)" 
46.229.168.154 - - [14/May/2020:02:11:19 -0700] "GET /tag/indieweb?offset=46 HTTP/1.1" 200 12428 "-" "Mozilla/5.0 (compatible; SemrushBot/6~bl; +http://www.semrush.com/bot.html)" 
71.34.70.114 - - [14/May/2020:02:11:20 -0700] "GET /?_t=rss HTTP/1.1" 200 4501 "-" "Mozilla/5.0 (Windows NT 10.0; Win64; x64; rv:76.0) Gecko/20100101 Firefox/76.0" 
66.249.66.46 - - [14/May/2020:02:11:37 -0700] "GET /tag/leaven?_t=rss HTTP/1.1" 200 8436 "-" "Mozilla/5.0 (Linux; Android 6.0.1; Nexus 5X Build/MMB29P) AppleWebKit/537.36 (KHTML, like Gecko) Chrome/41.0.2272.96 Mobile Safari/537.36 (compatible; Googlebot/2.1; +http://www.google.com/bot.html)" 
46.229.168.144 - - [14/May/2020:02:12:37 -0700] "GET /content/posts/?q=%23micromonday HTTP/1.1" 200 9199 "-" "Mozilla/5.0 (compatible; SemrushBot/6~bl; +http://www.semrush.com/bot.html)" 
71.34.70.114 - - [14/May/2020:02:14:21 -0700] "GET /?_t=rss HTTP/1.1" 200 7680 "-" "Mozilla/5.0 (Windows NT 10.0; Win64; x64; rv:76.0) Gecko/20100101 Firefox/76.0" 
46.229.168.146 - - [14/May/2020:02:14:23 -0700] "GET /2017/great-work-from-the-latest-graduates-of-sourdough-u HTTP/1.1" 200 10912 "-" "Mozilla/5.0 (compatible; SemrushBot/6~bl; +http://www.semrush.com/bot.html)" 
46.229.168.139 - - [14/May/2020:02:14:36 -0700] "GET /?offset=40&q=%23%2B%23IndieWeb HTTP/1.1" 200 11290 "-" "Mozilla/5.0 (compatible; SemrushBot/6~bl; +http://www.semrush.com/bot.html)" 
159.65.67.230 - - [14/May/2020:02:14:46 -0700] "GET /?_t=rss HTTP/1.1" 304 3475 "-" "Feedbin feed-id:1536727 - 1 subscribers" 
64.111.100.215 - - [14/May/2020:02:15:02 -0700] "GET /content/all?_t=rss HTTP/1.1" 200 14982 "-" "Mozilla/5.0 (X11; U; Linux i686; fr; rv:1.9.1.1) Gecko/20090715 Firefox/3.5.1" 
207.46.13.93 - - [14/May/2020:02:15:03 -0700] "GET /2019/checked-into-stazione-fs-maccarese-fregene?_t=rss HTTP/1.1" 200 5486 "-" "Mozilla/5.0 (compatible; bingbot/2.0; +http://www.bing.com/bingbot.htm)" 
96.126.125.129 - - [14/May/2020:02:15:14 -0700] "GET /content/statusupdates/posts/photos/checkins/bookmarkedpages?_t=rss HTTP/1.1" 200 10205 "-" "Micro.blog/1.0" 
66.249.66.44 - - [14/May/2020:02:15:26 -0700] "GET /2018/adactio-journalgdpr-and-google-analytics?_t=rss HTTP/1.1" 200 5570 "-" "Mozilla/5.0 (Linux; Android 6.0.1; Nexus 5X Build/MMB29P) AppleWebKit/537.36 (KHTML, like Gecko) Chrome/80.0.3987.92 Mobile Safari/537.36 (compatible; Googlebot/2.1; +http://www.google.com/bot.html)" 
46.229.168.134 - - [14/May/2020:02:16:19 -0700] "GET /?offset=109&q=%23IndieWeb HTTP/1.1" 200 12285 "-" "Mozilla/5.0 (compatible; SemrushBot/6~bl; +http://www.semrush.com/bot.html)" 
46.229.168.148 - - [14/May/2020:02:16:36 -0700] "GET /content/all/?offset=42&q=%23sourdough HTTP/1.1" 200 11691 "-" "Mozilla/5.0 (compatible; SemrushBot/6~bl; +http://www.semrush.com/bot.html)" 
198.58.103.115 - - [14/May/2020:02:16:38 -0700] "GET /content/all/?_t=rss HTTP/1.1" 200 7698 "-" "Superfeedr bot/2.0 http://superfeedr.com - Make your feeds realtime: get in touch - feed-id:1122325712" 
109.230.220.104 - - [14/May/2020:02:16:52 -0700] "GET /profile/jeremy HTTP/1.1" 200 30464 "https://stream.jeremycherfas.net" "Mozilla/5.0 (Windows NT 10.0; Win64; x64) AppleWebKit/537.36 (KHTML, like Gecko) Chrome/62.0.3202.94 Safari/537.36" 
46.229.168.144 - - [14/May/2020:02:16:58 -0700] "GET /content/all/?offset=27&q=%23%2B%23food HTTP/1.1" 200 13018 "-" "Mozilla/5.0 (compatible; SemrushBot/6~bl; +http://www.semrush.com/bot.html)" 
71.34.70.114 - - [14/May/2020:02:17:28 -0700] "GET /?_t=rss HTTP/1.1" 200 4501 "-" "Mozilla/5.0 (Windows NT 10.0; Win64; x64; rv:76.0) Gecko/20100101 Firefox/76.0" 
207.46.13.83 - - [14/May/2020:02:17:35 -0700] "GET /file/3105468d888d7b5bb6186c50bff19197/thumb.jpg HTTP/1.1" 404 8200 "-" "Mozilla/5.0 (compatible; bingbot/2.0; +http://www.bing.com/bingbot.htm)" 
207.46.13.83 - - [14/May/2020:02:17:35 -0700] "GET /file/70254b60ee316c719f1b7590c4e2abb3 HTTP/1.1" 200 7399 "-" "Mozilla/5.0 (compatible; bingbot/2.0; +http://www.bing.com/bingbot.htm)" 
46.229.168.133 - - [14/May/2020:02:17:39 -0700] "GET /2020/if-it-werent-for-the-fact-that HTTP/1.1" 200 9929 "-" "Mozilla/5.0 (compatible; SemrushBot/6~bl; +http://www.semrush.com/bot.html)" 
46.229.168.139 - - [14/May/2020:02:19:50 -0700] "GET /?offset=72&q=%23bread HTTP/1.1" 200 11859 "-" "Mozilla/5.0 (compatible; SemrushBot/6~bl; +http://www.semrush.com/bot.html)" 
46.229.168.138 - - [14/May/2020:02:19:58 -0700] "GET /tag/IndieWeb?offset=128 HTTP/1.1" 200 12926 "-" "Mozilla/5.0 (compatible; SemrushBot/6~bl; +http://www.semrush.com/bot.html)" 
71.34.70.114 - - [14/May/2020:02:20:07 -0700] "GET /?_t=rss HTTP/1.1" 200 7680 "-" "Mozilla/5.0 (Windows NT 10.0; Win64; x64; rv:76.0) Gecko/20100101 Firefox/76.0" 
66.249.66.50 - - [14/May/2020:02:21:05 -0700] "GET /?q=%23Indieweb&offset=50 HTTP/1.1" 200 13002 "-" "Mozilla/5.0 (Linux; Android 6.0.1; Nexus 5X Build/MMB29P) AppleWebKit/537.36 (KHTML, like Gecko) Chrome/41.0.2272.96 Mobile Safari/537.36 (compatible; Googlebot/2.1; +http://www.google.com/bot.html)" 
92.247.181.17 - - [14/May/2020:02:21:09 -0700] "GET /?_t=rss HTTP/1.1" 304 3475 "https://stream.jeremycherfas.net/" "Mozilla/5.0 (compatible; inoreader.com; 1 subscribers)" 
40.77.167.166 - - [14/May/2020:02:21:11 -0700] "GET /service/web/imageproxy/aHR0cHM6Ly9taWNyby5ibG9nL21vZGVybmxpdHRsZW1lL2F2YXRhci5qcGc,/300/square HTTP/1.1" 200 13566 "-" "Mozilla/5.0 (compatible; bingbot/2.0; +http://www.bing.com/bingbot.htm)" 
66.249.66.48 - - [14/May/2020:02:21:11 -0700] "GET /service/web/unfurl/?url=https%3A%2F%2Fdiscoverpods.com%2Fpodto-podcast-subscribe-standardize%2F&__bTk=d466b089f937d6500c10ed235d41a351b22e2aa77b3179f9814617fa170837c3&__bTs=1587611910 HTTP/1.1" 403 4654 "https://www.stream.jeremycherfas.net/?q=%23Indieweb&offset=50" "Mozilla/5.0 (Linux; Android 6.0.1; Nexus 5X Build/MMB29P) AppleWebKit/537.36 (KHTML, like Gecko) Chrome/81.0.4044.108 Mobile Safari/537.36 (compatible; Googlebot/2.1; +http://www.google.com/bot.html)" 
46.229.168.148 - - [14/May/2020:02:22:00 -0700] "GET /session/login?fwd=L2FjY291bnQvaW5kaWVwdWIv HTTP/1.1" 200 8312 "-" "Mozilla/5.0 (compatible; SemrushBot/6~bl; +http://www.semrush.com/bot.html)" 
46.229.168.145 - - [14/May/2020:02:22:39 -0700] "GET /content/statusupdates/?offset=27&q=%23%2B%23%23indieweb HTTP/1.1" 200 9865 "-" "Mozilla/5.0 (compatible; SemrushBot/6~bl; +http://www.semrush.com/bot.html)" 
207.46.13.92 - - [14/May/2020:02:22:50 -0700] "GET /file/e05ebbae11ad34c6f0d25376adc7f321/thumb.jpg HTTP/1.1" 200 144609 "-" "Mozilla/5.0 (compatible; bingbot/2.0; +http://www.bing.com/bingbot.htm)" 
46.229.168.134 - - [14/May/2020:02:23:08 -0700] "GET /content/events/?q=%23photo HTTP/1.1" 200 8486 "-" "Mozilla/5.0 (compatible; SemrushBot/6~bl; +http://www.semrush.com/bot.html)" 
71.34.70.114 - - [14/May/2020:02:23:20 -0700] "GET /?_t=rss HTTP/1.1" 200 4501 "-" "Mozilla/5.0 (Windows NT 10.0; Win64; x64; rv:76.0) Gecko/20100101 Firefox/76.0" 
114.119.167.191 - - [14/May/2020:02:25:01 -0700] "GET /tag/indieweb?offset=81 HTTP/1.1" 200 14323 "-" "Mozilla/5.0 (Linux; Android 7.0;) AppleWebKit/537.36 (KHTML, like Gecko) Mobile Safari/537.36 (compatible; AspiegelBot)" 
96.126.125.129 - - [14/May/2020:02:25:47 -0700] "GET /content/statusupdates/posts/photos/checkins/bookmarkedpages?_t=rss HTTP/1.1" 200 10205 "-" "Micro.blog/1.0" 
46.229.168.132 - - [14/May/2020:02:25:48 -0700] "GET /content/audio/?q=%23failedbread HTTP/1.1" 200 8529 "-" "Mozilla/5.0 (compatible; SemrushBot/6~bl; +http://www.semrush.com/bot.html)" 
46.229.168.136 - - [14/May/2020:02:25:51 -0700] "GET /content/posts/?q=%23%2B%23WithKnown HTTP/1.1" 200 18147 "-" "Mozilla/5.0 (compatible; SemrushBot/6~bl; +http://www.semrush.com/bot.html)" 
207.46.13.93 - - [14/May/2020:02:26:00 -0700] "GET /2020/what-we-link-to-when-we-link-to-books-dan?_t=rss HTTP/1.1" 200 5544 "-" "Mozilla/5.0 (compatible; bingbot/2.0; +http://www.bing.com/bingbot.htm)" 
71.34.70.114 - - [14/May/2020:02:26:09 -0700] "GET /?_t=rss HTTP/1.1" 200 7680 "-" "Mozilla/5.0 (Windows NT 10.0; Win64; x64; rv:76.0) Gecko/20100101 Firefox/76.0" 
46.229.168.146 - - [14/May/2020:02:26:12 -0700] "GET /content/all/?offset=0&q=%23indieweb HTTP/1.1" 200 14947 "-" "Mozilla/5.0 (compatible; SemrushBot/6~bl; +http://www.semrush.com/bot.html)" 
46.229.168.149 - - [14/May/2020:02:27:21 -0700] "GET /tag/IndieWeb?offset=84 HTTP/1.1" 200 15748 "-" "Mozilla/5.0 (compatible; SemrushBot/6~bl; +http://www.semrush.com/bot.html)" 
46.229.168.135 - - [14/May/2020:02:27:45 -0700] "GET /content/events/?q=%23seeded HTTP/1.1" 200 8493 "-" "Mozilla/5.0 (compatible; SemrushBot/6~bl; +http://www.semrush.com/bot.html)" 
46.229.168.143 - - [14/May/2020:02:28:34 -0700] "GET /content/posts/?offset=29&q=%23%2B%23indieweb HTTP/1.1" 200 10287 "-" "Mozilla/5.0 (compatible; SemrushBot/6~bl; +http://www.semrush.com/bot.html)" 
198.58.103.114 - - [14/May/2020:02:28:55 -0700] "GET /content/statusupdates/posts/photos/checkins/bookmarkedpages?_t=rss HTTP/1.1" 200 10256 "-" "Superfeedr bot/2.0 http://superfeedr.com - Make your feeds realtime: get in touch - feed-id:1395929608" 
198.58.103.114 - - [14/May/2020:02:28:56 -0700] "GET /content/all?_t=rss HTTP/1.1" 200 7697 "-" "Superfeedr bot/2.0 http://superfeedr.com - Make your feeds realtime: get in touch - feed-id:1319424208" 
198.58.103.114 - - [14/May/2020:02:28:56 -0700] "GET /content/photos?_t=rss HTTP/1.1" 200 7567 "-" "Superfeedr bot/2.0 http://superfeedr.com - Make your feeds realtime: get in touch - feed-id:1324303946" 
198.58.103.114 - - [14/May/2020:02:28:57 -0700] "GET /?offset=10&_t=rss HTTP/1.1" 200 10024 "-" "Superfeedr bot/2.0 http://superfeedr.com - Make your feeds realtime: get in touch - feed-id:1214543370" 
198.58.103.114 - - [14/May/2020:02:28:57 -0700] "GET /content/all/?_t=rss HTTP/1.1" 200 7698 "-" "Superfeedr bot/2.0 http://superfeedr.com - Make your feeds realtime: get in touch - feed-id:1122325712" 
198.58.103.114 - - [14/May/2020:02:28:56 -0700] "GET /content/statusupdates/posts/bookmarkedpages?_t=rss HTTP/1.1" 200 10146 "-" "Superfeedr bot/2.0 http://superfeedr.com - Make your feeds realtime: get in touch - feed-id:1247440030" 
71.34.70.114 - - [14/May/2020:02:28:56 -0700] "GET /?_t=rss HTTP/1.1" 200 4501 "-" "Mozilla/5.0 (Windows NT 10.0; Win64; x64; rv:76.0) Gecko/20100101 Firefox/76.0" 
198.58.103.114 - - [14/May/2020:02:28:57 -0700] "GET /?_t=rss HTTP/1.1" 200 7680 "-" "Superfeedr bot/2.0 http://superfeedr.com - Make your feeds realtime: get in touch - feed-id:1112274260" 
46.229.168.134 - - [14/May/2020:02:29:14 -0700] "GET /content/posts/?q=%23%2B%23Non-fiction HTTP/1.1" 200 8517 "-" "Mozilla/5.0 (compatible; SemrushBot/6~bl; +http://www.semrush.com/bot.html)" 
46.229.168.147 - - [14/May/2020:02:30:18 -0700] "GET /2019/unlikely-and-impressive HTTP/1.1" 200 10174 "-" "Mozilla/5.0 (compatible; SemrushBot/6~bl; +http://www.semrush.com/bot.html)" 
66.249.66.46 - - [14/May/2020:02:30:33 -0700] "GET /content/all?offset=2051&_t=rss HTTP/1.1" 200 7296 "-" "Mozilla/5.0 (Linux; Android 6.0.1; Nexus 5X Build/MMB29P) AppleWebKit/537.36 (KHTML, like Gecko) Chrome/41.0.2272.96 Mobile Safari/537.36 (compatible; Googlebot/2.1; +http://www.google.com/bot.html)" 
64.111.100.215 - - [14/May/2020:02:30:33 -0700] "GET /content/all?_t=rss HTTP/1.1" 200 14982 "-" "Mozilla/5.0 (X11; U; Linux i686; fr; rv:1.9.1.1) Gecko/20090715 Firefox/3.5.1" 
66.249.66.48 - - [14/May/2020:02:31:21 -0700] "GET /2020/just-wondering-whats-so-bad-the-way HTTP/1.1" 200 9673 "-" "Mozilla/5.0 (Linux; Android 6.0.1; Nexus 5X Build/MMB29P) AppleWebKit/537.36 (KHTML, like Gecko) Chrome/80.0.3987.92 Mobile Safari/537.36 (compatible; Googlebot/2.1; +http://www.google.com/bot.html)" 
46.229.168.151 - - [14/May/2020:02:31:21 -0700] "GET /tag/leaven HTTP/1.1" 200 12714 "-" "Mozilla/5.0 (compatible; SemrushBot/6~bl; +http://www.semrush.com/bot.html)" 
66.249.66.48 - - [14/May/2020:02:31:23 -0700] "GET /2020/just-wondering-whats-so-bad-the-way HTTP/1.1" 200 9667 "-" "Mozilla/5.0 (Linux; Android 6.0.1; Nexus 5X Build/MMB29P) AppleWebKit/537.36 (KHTML, like Gecko) Chrome/41.0.2272.96 Mobile Safari/537.36 (compatible; Googlebot/2.1; +http://www.google.com/bot.html)" 
71.34.70.114 - - [14/May/2020:02:32:17 -0700] "GET /?_t=rss HTTP/1.1" 200 7680 "-" "Mozilla/5.0 (Windows NT 10.0; Win64; x64; rv:76.0) Gecko/20100101 Firefox/76.0" 
46.229.168.148 - - [14/May/2020:02:33:05 -0700] "GET /robots.txt HTTP/1.1" 200 4552 "-" "Mozilla/5.0 (compatible; SemrushBot/6~bl; +http://www.semrush.com/bot.html)" 
46.229.168.142 - - [14/May/2020:02:33:06 -0700] "GET /file/fdd0f61364804711621a9fec536a0d10/8abe675f4dce291871e97c296614569a HTTP/1.1" 200 268725 "-" "Mozilla/5.0 (compatible; SemrushBot/6~bl; +http://www.semrush.com/bot.html)" 
96.126.125.129 - - [14/May/2020:02:33:45 -0700] "GET /content/statusupdates/posts/photos/checkins/bookmarkedpages?_t=rss HTTP/1.1" 200 10205 "-" "Micro.blog/1.0" 
207.46.13.92 - - [14/May/2020:02:34:04 -0700] "GET /service/web/imageproxy/aHR0cHM6Ly9wYnMudHdpbWcuY29tL3Byb2ZpbGVfaW1hZ2VzLzgwNTQyMzU2MzM1MjI3Mjg5OC83eDNLM255MC5qcGc,/300/square HTTP/1.1" 200 11642 "-" "Mozilla/5.0 (compatible; bingbot/2.0; +http://www.bing.com/bingbot.htm)" 
46.229.168.142 - - [14/May/2020:02:34:31 -0700] "GET /2019/uses-this-paul-ford HTTP/1.1" 200 9550 "-" "Mozilla/5.0 (compatible; SemrushBot/6~bl; +http://www.semrush.com/bot.html)" 
46.229.168.133 - - [14/May/2020:02:35:04 -0700] "GET /content/photos/?offset=28&q=%23bread HTTP/1.1" 200 12433 "-" "Mozilla/5.0 (compatible; SemrushBot/6~bl; +http://www.semrush.com/bot.html)" 
71.34.70.114 - - [14/May/2020:02:35:12 -0700] "GET /?_t=rss HTTP/1.1" 200 4501 "-" "Mozilla/5.0 (Windows NT 10.0; Win64; x64; rv:76.0) Gecko/20100101 Firefox/76.0" 
46.229.168.136 - - [14/May/2020:02:37:19 -0700] "GET /2017/the-cost-of-poor-food-safety-practices-36-million-in HTTP/1.1" 200 9906 "-" "Mozilla/5.0 (compatible; SemrushBot/6~bl; +http://www.semrush.com/bot.html)" 
71.34.70.114 - - [14/May/2020:02:37:48 -0700] "GET /?_t=rss HTTP/1.1" 200 7680 "-" "Mozilla/5.0 (Windows NT 10.0; Win64; x64; rv:76.0) Gecko/20100101 Firefox/76.0" 
46.229.168.143 - - [14/May/2020:02:39:01 -0700] "GET /content/events/?q=%23%2B%23sourdoughseptember HTTP/1.1" 200 8531 "-" "Mozilla/5.0 (compatible; SemrushBot/6~bl; +http://www.semrush.com/bot.html)" 
46.229.168.145 - - [14/May/2020:02:39:16 -0700] "GET /content/all/?q=%23%2B%23realbread HTTP/1.1" 200 9306 "-" "Mozilla/5.0 (compatible; SemrushBot/6~bl; +http://www.semrush.com/bot.html)" 
66.249.66.46 - - [14/May/2020:02:40:01 -0700] "GET /content/all?offset=1206&_t=rss HTTP/1.1" 200 7580 "-" "Mozilla/5.0 (Linux; Android 6.0.1; Nexus 5X Build/MMB29P) AppleWebKit/537.36 (KHTML, like Gecko) Chrome/41.0.2272.96 Mobile Safari/537.36 (compatible; Googlebot/2.1; +http://www.google.com/bot.html)" 
46.229.168.141 - - [14/May/2020:02:40:21 -0700] "GET /?offset=126&q=%23IndieWeb HTTP/1.1" 200 12663 "-" "Mozilla/5.0 (compatible; SemrushBot/6~bl; +http://www.semrush.com/bot.html)" 
71.34.70.114 - - [14/May/2020:02:40:40 -0700] "GET /?_t=rss HTTP/1.1" 200 4501 "-" "Mozilla/5.0 (Windows NT 10.0; Win64; x64; rv:76.0) Gecko/20100101 Firefox/76.0" 
46.229.168.130 - - [14/May/2020:02:41:07 -0700] "GET /content/photos/?offset=36&q=%23%2B%23sourdough HTTP/1.1" 200 11668 "-" "Mozilla/5.0 (compatible; SemrushBot/6~bl; +http://www.semrush.com/bot.html)" 
46.229.168.148 - - [14/May/2020:02:41:10 -0700] "GET /2018/and-out-they-come-rustic-bread HTTP/1.1" 200 11781 "-" "Mozilla/5.0 (compatible; SemrushBot/6~bl; +http://www.semrush.com/bot.html)" 
66.249.66.46 - - [14/May/2020:02:41:31 -0700] "GET /2018/agrobiodiverse-such-a-fine-idea-and-so HTTP/1.1" 200 10899 "-" "Mozilla/5.0 (Linux; Android 6.0.1; Nexus 5X Build/MMB29P) AppleWebKit/537.36 (KHTML, like Gecko) Chrome/41.0.2272.96 Mobile Safari/537.36 (compatible; Googlebot/2.1; +http://www.google.com/bot.html)" 
46.229.168.153 - - [14/May/2020:02:41:42 -0700] "GET /?q=%23Non HTTP/1.1" 200 8457 "-" "Mozilla/5.0 (compatible; SemrushBot/6~bl; +http://www.semrush.com/bot.html)" 
114.119.167.191 - - [14/May/2020:02:41:47 -0700] "GET /2018/the-romaine-lettuce-outbreak-source-still-unknown-victim-count-rising HTTP/1.1" 200 9492 "-" "Mozilla/5.0 (Linux; Android 7.0;) AppleWebKit/537.36 (KHTML, like Gecko) Mobile Safari/537.36 (compatible; AspiegelBot)" 
46.229.168.137 - - [14/May/2020:02:41:51 -0700] "GET /content/bookmarkedpages/?offset=90 HTTP/1.1" 200 11418 "-" "Mozilla/5.0 (compatible; SemrushBot/6~bl; +http://www.semrush.com/bot.html)" 
46.229.168.145 - - [14/May/2020:02:41:52 -0700] "GET /2019/quite-by-coincidence-im-sure-i-just HTTP/1.1" 200 10599 "-" "Mozilla/5.0 (compatible; SemrushBot/6~bl; +http://www.semrush.com/bot.html)" 
71.34.70.114 - - [14/May/2020:02:43:29 -0700] "GET /?_t=rss HTTP/1.1" 200 7680 "-" "Mozilla/5.0 (Windows NT 10.0; Win64; x64; rv:76.0) Gecko/20100101 Firefox/76.0" 
207.46.13.93 - - [14/May/2020:02:43:34 -0700] "GET /file/98182e5d9a11409d9b49077d61dd2761/thumb.jpg HTTP/1.1" 404 8198 "-" "Mozilla/5.0 (compatible; bingbot/2.0; +http://www.bing.com/bingbot.htm)" 
207.46.13.93 - - [14/May/2020:02:43:43 -0700] "GET /file/18823bf6ab492dfde13b2f4578a190af/igi5E0RE.jpg HTTP/1.1" 404 8207 "-" "Mozilla/5.0 (compatible; bingbot/2.0; +http://www.bing.com/bingbot.htm)" 
46.229.168.136 - - [14/May/2020:02:44:08 -0700] "GET /2020/gardens-and-streams HTTP/1.1" 200 9707 "-" "Mozilla/5.0 (compatible; SemrushBot/6~bl; +http://www.semrush.com/bot.html)" 
46.229.168.141 - - [14/May/2020:02:44:12 -0700] "GET /content/all/?q=%23%2B%23food HTTP/1.1" 200 12662 "-" "Mozilla/5.0 (compatible; SemrushBot/6~bl; +http://www.semrush.com/bot.html)" 
64.111.100.215 - - [14/May/2020:02:45:37 -0700] "GET /content/all?_t=rss HTTP/1.1" 200 14982 "-" "Mozilla/5.0 (X11; U; Linux i686; fr; rv:1.9.1.1) Gecko/20090715 Firefox/3.5.1" 
71.34.70.114 - - [14/May/2020:02:46:30 -0700] "GET /?_t=rss HTTP/1.1" 200 4501 "-" "Mozilla/5.0 (Windows NT 10.0; Win64; x64; rv:76.0) Gecko/20100101 Firefox/76.0" 
96.126.125.129 - - [14/May/2020:02:47:15 -0700] "GET /content/statusupdates/posts/photos/checkins/bookmarkedpages?_t=rss HTTP/1.1" 200 10205 "-" "Micro.blog/1.0" 
114.119.160.143 - - [14/May/2020:02:47:38 -0700] "GET /content/all?q=%23tentaclelove HTTP/1.1" 200 9191 "-" "Mozilla/5.0 (Linux; Android 7.0;) AppleWebKit/537.36 (KHTML, like Gecko) Mobile Safari/537.36 (compatible; AspiegelBot)" 
46.229.168.151 - - [14/May/2020:02:47:42 -0700] "GET /content/posts/?offset=29&q=%23%2B%23indieweb HTTP/1.1" 200 10254 "-" "Mozilla/5.0 (compatible; SemrushBot/6~bl; +http://www.semrush.com/bot.html)" 
46.229.168.148 - - [14/May/2020:02:47:53 -0700] "GET /?offset=34&q=%23bread HTTP/1.1" 200 12505 "-" "Mozilla/5.0 (compatible; SemrushBot/6~bl; +http://www.semrush.com/bot.html)" 
46.229.168.132 - - [14/May/2020:02:48:58 -0700] "GET /?offset=90&q=%23%2B%23%23indieweb HTTP/1.1" 200 15704 "-" "Mozilla/5.0 (compatible; SemrushBot/6~bl; +http://www.semrush.com/bot.html)" 
71.34.70.114 - - [14/May/2020:02:49:07 -0700] "GET /?_t=rss HTTP/1.1" 200 7680 "-" "Mozilla/5.0 (Windows NT 10.0; Win64; x64; rv:76.0) Gecko/20100101 Firefox/76.0" 
66.249.66.48 - - [14/May/2020:02:49:29 -0700] "GET /robots.txt HTTP/1.1" 200 4589 "-" "Mozilla/5.0 (compatible; Googlebot/2.1; +http://www.google.com/bot.html)" 
66.249.66.44 - - [14/May/2020:02:49:29 -0700] "GET /profile/jeremy?offset=145&_t=rss HTTP/1.1" 200 7255 "-" "Mozilla/5.0 (Linux; Android 6.0.1; Nexus 5X Build/MMB29P) AppleWebKit/537.36 (KHTML, like Gecko) Chrome/41.0.2272.96 Mobile Safari/537.36 (compatible; Googlebot/2.1; +http://www.google.com/bot.html)" 
40.77.167.166 - - [14/May/2020:02:49:42 -0700] "GET /2017/promising-1?_t=rss HTTP/1.1" 200 5571 "-" "Mozilla/5.0 (compatible; bingbot/2.0; +http://www.bing.com/bingbot.htm)" 
207.46.13.93 - - [14/May/2020:02:50:16 -0700] "GET /file/e40b3a28edd1d157a6bec105d0454cfd/igHXKyOV.jpg HTTP/1.1" 200 192606 "-" "Mozilla/5.0 (compatible; bingbot/2.0; +http://www.bing.com/bingbot.htm)" 
46.229.168.151 - - [14/May/2020:02:50:32 -0700] "GET /2020/below-me-delaware HTTP/1.1" 200 9507 "-" "Mozilla/5.0 (compatible; SemrushBot/6~bl; +http://www.semrush.com/bot.html)" 
92.247.181.17 - - [14/May/2020:02:51:16 -0700] "GET /?_t=rss HTTP/1.1" 304 3475 "https://stream.jeremycherfas.net/" "Mozilla/5.0 (compatible; inoreader.com; 1 subscribers)" 
71.34.70.114 - - [14/May/2020:02:51:53 -0700] "GET /?_t=rss HTTP/1.1" 200 4501 "-" "Mozilla/5.0 (Windows NT 10.0; Win64; x64; rv:76.0) Gecko/20100101 Firefox/76.0" 
54.36.148.121 - - [14/May/2020:02:53:07 -0700] "GET /2019/im-a-late-adopter-on-indieweb-readers HTTP/1.1" 200 9422 "-" "Mozilla/5.0 (compatible; AhrefsBot/6.1; +http://ahrefs.com/robot/)" 
159.65.96.54 - - [14/May/2020:02:53:51 -0700] "GET /?_t=rss HTTP/1.1" 200 7413 "-" "Feedbin feed-id:1536727 - 1 subscribers" 
54.210.230.61 - - [14/May/2020:02:54:30 -0700] "GET /content/statusupdates/?_t=rss HTTP/1.1" 200 6879 "https://www.google.com/" "Mozilla/5.0 (X11; Linux x86_64) AppleWebKit/537.36 (KHTML, like Gecko) Chrome/79.0.3945.130 Safari/537.36" 
71.34.70.114 - - [14/May/2020:02:54:45 -0700] "GET /?_t=rss HTTP/1.1" 200 7680 "-" "Mozilla/5.0 (Windows NT 10.0; Win64; x64; rv:76.0) Gecko/20100101 Firefox/76.0" 
46.229.168.154 - - [14/May/2020:02:54:57 -0700] "GET /content/bookmarkedpages/?q=%23Quinoa HTTP/1.1" 200 8533 "-" "Mozilla/5.0 (compatible; SemrushBot/6~bl; +http://www.semrush.com/bot.html)" 
96.126.125.129 - - [14/May/2020:02:55:11 -0700] "GET /content/statusupdates/posts/photos/checkins/bookmarkedpages?_t=rss HTTP/1.1" 200 10205 "-" "Micro.blog/1.0" 
46.229.168.130 - - [14/May/2020:02:55:41 -0700] "GET /2019/airbnb-promises-to-verify-all-7-million HTTP/1.1" 200 9831 "-" "Mozilla/5.0 (compatible; SemrushBot/6~bl; +http://www.semrush.com/bot.html)" 
207.46.13.83 - - [14/May/2020:02:56:22 -0700] "GET /2017/working-my-way-through-chris-aldrichs-guide-to-bringing-twitter?_t=rss HTTP/1.1" 200 5527 "-" "Mozilla/5.0 (compatible; bingbot/2.0; +http://www.bing.com/bingbot.htm)" 
66.249.66.44 - - [14/May/2020:02:57:19 -0700] "GET /?offset=389&_t=amp HTTP/1.1" 200 11631 "-" "Mozilla/5.0 (Linux; Android 6.0.1; Nexus 5X Build/MMB29P) AppleWebKit/537.36 (KHTML, like Gecko) Chrome/41.0.2272.96 Mobile Safari/537.36 (compatible; Googlebot/2.1; +http://www.google.com/bot.html)" 
184.105.108.2 - - [14/May/2020:02:57:20 -0700] "GET /robots.txt HTTP/1.1" 200 4598 "-" "Mozilla/5.0 (Windows NT 10.0; Win64; x64) AppleWebKit/537.36 (KHTML, like Gecko) Chrome/79.0.3945.88 Safari/537.36" 
184.105.108.2 - - [14/May/2020:02:57:20 -0700] "GET /2019/seen-in-the-palazzo-esposizione-nicolakidsbooks-in-the-wild HTTP/1.1" 200 45527 "-" "Mozilla/5.0 (Windows NT 10.0; Win64; x64) AppleWebKit/537.36 (KHTML, like Gecko) Chrome/79.0.3945.88 Safari/537.36" 
216.218.191.226 - - [14/May/2020:02:57:21 -0700] "GET /2019/seen-in-the-palazzo-esposizione-nicolakidsbooks-in-the-wild HTTP/1.1" 200 11919 "-" "Mozilla/5.0 (Windows NT 6.1; WOW64; Trident/7.0; rv:11.0) like Gecko" 
216.218.191.226 - - [14/May/2020:02:57:21 -0700] "GET /vendor/npm-asset/jquery/dist/jquery.min.js HTTP/1.1" 200 32009 "https://stream.jeremycherfas.net/2019/seen-in-the-palazzo-esposizione-nicolakidsbooks-in-the-wild" "Mozilla/5.0 (Windows NT 6.1; WOW64; Trident/7.0; rv:11.0) like Gecko" 
216.218.191.226 - - [14/May/2020:02:57:21 -0700] "GET /vendor/twbs/bootstrap/dist/css/bootstrap.min.css HTTP/1.1" 200 20777 "https://stream.jeremycherfas.net/2019/seen-in-the-palazzo-esposizione-nicolakidsbooks-in-the-wild" "Mozilla/5.0 (Windows NT 6.1; WOW64; Trident/7.0; rv:11.0) like Gecko" 
216.218.191.226 - - [14/May/2020:02:57:21 -0700] "GET /vendor/npm-asset/bootstrap-accessibility-plugin/plugins/css/bootstrap-accessibility.css HTTP/1.1" 200 1021 "https://stream.jeremycherfas.net/2019/seen-in-the-palazzo-esposizione-nicolakidsbooks-in-the-wild" "Mozilla/5.0 (Windows NT 6.1; WOW64; Trident/7.0; rv:11.0) like Gecko" 
216.218.191.226 - - [14/May/2020:02:57:21 -0700] "GET /vendor/forkawesome/fork-awesome/css/fork-awesome.min.css HTTP/1.1" 200 8923 "https://stream.jeremycherfas.net/2019/seen-in-the-palazzo-esposizione-nicolakidsbooks-in-the-wild" "Mozilla/5.0 (Windows NT 6.1; WOW64; Trident/7.0; rv:11.0) like Gecko" 
216.218.191.226 - - [14/May/2020:02:57:21 -0700] "GET /vendor/forkawesome/fork-awesome/css/v5-compat.min.css HTTP/1.1" 200 2616 "https://stream.jeremycherfas.net/2019/seen-in-the-palazzo-esposizione-nicolakidsbooks-in-the-wild" "Mozilla/5.0 (Windows NT 6.1; WOW64; Trident/7.0; rv:11.0) like Gecko" 
216.218.191.226 - - [14/May/2020:02:57:21 -0700] "GET /css/1579440965/known.min.css HTTP/1.1" 200 7758 "https://stream.jeremycherfas.net/2019/seen-in-the-palazzo-esposizione-nicolakidsbooks-in-the-wild" "Mozilla/5.0 (Windows NT 6.1; WOW64; Trident/7.0; rv:11.0) like Gecko" 
216.218.191.226 - - [14/May/2020:02:57:21 -0700] "GET /vendor/npm-asset/bootstrap-toggle/css/bootstrap-toggle.min.css HTTP/1.1" 200 1199 "https://stream.jeremycherfas.net/2019/seen-in-the-palazzo-esposizione-nicolakidsbooks-in-the-wild" "Mozilla/5.0 (Windows NT 6.1; WOW64; Trident/7.0; rv:11.0) like Gecko" 
216.218.191.226 - - [14/May/2020:02:57:21 -0700] "GET /vendor/idno/mentionjs/recommended-styles.css HTTP/1.1" 200 682 "https://stream.jeremycherfas.net/2019/seen-in-the-palazzo-esposizione-nicolakidsbooks-in-the-wild" "Mozilla/5.0 (Windows NT 6.1; WOW64; Trident/7.0; rv:11.0) like Gecko" 
216.218.191.226 - - [14/May/2020:02:57:21 -0700] "GET /IdnoPlugins/Checkin/external/leaflet/leaflet.min.css HTTP/1.1" 200 2556 "https://stream.jeremycherfas.net/2019/seen-in-the-palazzo-esposizione-nicolakidsbooks-in-the-wild" "Mozilla/5.0 (Windows NT 6.1; WOW64; Trident/7.0; rv:11.0) like Gecko" 
216.218.191.226 - - [14/May/2020:02:57:21 -0700] "GET /Themes/Solo/css/default.min.css HTTP/1.1" 200 1045 "https://stream.jeremycherfas.net/2019/seen-in-the-palazzo-esposizione-nicolakidsbooks-in-the-wild" "Mozilla/5.0 (Windows NT 6.1; WOW64; Trident/7.0; rv:11.0) like Gecko" 
216.218.191.226 - - [14/May/2020:02:57:21 -0700] "GET /vendor/twbs/bootstrap/dist/js/bootstrap.min.js HTTP/1.1" 200 11635 "https://stream.jeremycherfas.net/2019/seen-in-the-palazzo-esposizione-nicolakidsbooks-in-the-wild" "Mozilla/5.0 (Windows NT 6.1; WOW64; Trident/7.0; rv:11.0) like Gecko" 
216.218.191.226 - - [14/May/2020:02:57:21 -0700] "GET /vendor/npm-asset/bootstrap-accessibility-plugin/plugins/js/bootstrap-accessibility.min.js HTTP/1.1" 200 4813 "https://stream.jeremycherfas.net/2019/seen-in-the-palazzo-esposizione-nicolakidsbooks-in-the-wild" "Mozilla/5.0 (Windows NT 6.1; WOW64; Trident/7.0; rv:11.0) like Gecko" 
216.218.191.226 - - [14/May/2020:02:57:21 -0700] "GET /js/1579440966/known.min.js HTTP/1.1" 200 5062 "https://stream.jeremycherfas.net/2019/seen-in-the-palazzo-esposizione-nicolakidsbooks-in-the-wild" "Mozilla/5.0 (Windows NT 6.1; WOW64; Trident/7.0; rv:11.0) like Gecko" 
216.218.191.226 - - [14/May/2020:02:57:21 -0700] "GET /vendor/npm-asset/bootstrap-toggle/js/bootstrap-toggle.js HTTP/1.1" 200 2106 "https://stream.jeremycherfas.net/2019/seen-in-the-palazzo-esposizione-nicolakidsbooks-in-the-wild" "Mozilla/5.0 (Windows NT 6.1; WOW64; Trident/7.0; rv:11.0) like Gecko" 
216.218.191.226 - - [14/May/2020:02:57:21 -0700] "GET /IdnoPlugins/Checkin/external/leaflet/leaflet.js HTTP/1.1" 200 34144 "https://stream.jeremycherfas.net/2019/seen-in-the-palazzo-esposizione-nicolakidsbooks-in-the-wild" "Mozilla/5.0 (Windows NT 6.1; WOW64; Trident/7.0; rv:11.0) like Gecko" 
216.218.191.226 - - [14/May/2020:02:57:22 -0700] "GET /IdnoPlugins/Checkin/external/stamen-maps/tile.stamen.min.js HTTP/1.1" 200 2065 "https://stream.jeremycherfas.net/2019/seen-in-the-palazzo-esposizione-nicolakidsbooks-in-the-wild" "Mozilla/5.0 (Windows NT 6.1; WOW64; Trident/7.0; rv:11.0) like Gecko" 
216.218.191.226 - - [14/May/2020:02:57:22 -0700] "GET /IdnoPlugins/Media/external/wavesurfer/dist/wavesurfer.min.js HTTP/1.1" 200 6858 "https://stream.jeremycherfas.net/2019/seen-in-the-palazzo-esposizione-nicolakidsbooks-in-the-wild" "Mozilla/5.0 (Windows NT 6.1; WOW64; Trident/7.0; rv:11.0) like Gecko" 
216.218.191.226 - - [14/May/2020:02:57:22 -0700] "GET /file/ef801e05730eba56004c5b712ad84731/thumb.jpg HTTP/1.1" 200 22619 "https://stream.jeremycherfas.net/2019/seen-in-the-palazzo-esposizione-nicolakidsbooks-in-the-wild" "Mozilla/5.0 (Windows NT 6.1; WOW64; Trident/7.0; rv:11.0) like Gecko" 
216.218.191.226 - - [14/May/2020:02:57:22 -0700] "GET /vendor/npm-asset/mediaelement/build/mediaelement-and-player.min.js HTTP/1.1" 200 41590 "https://stream.jeremycherfas.net/2019/seen-in-the-palazzo-esposizione-nicolakidsbooks-in-the-wild" "Mozilla/5.0 (Windows NT 6.1; WOW64; Trident/7.0; rv:11.0) like Gecko" 
216.218.191.226 - - [14/May/2020:02:57:22 -0700] "GET /vendor/npm-asset/mediaelement/build/mediaelementplayer.min.css HTTP/1.1" 200 3120 "https://stream.jeremycherfas.net/2019/seen-in-the-palazzo-esposizione-nicolakidsbooks-in-the-wild" "Mozilla/5.0 (Windows NT 6.1; WOW64; Trident/7.0; rv:11.0) like Gecko" 
216.218.191.226 - - [14/May/2020:02:57:22 -0700] "GET /file/db84dae24e196ed209fc20dfbf0cb574/thumb.jpg HTTP/1.1" 200 97390 "https://stream.jeremycherfas.net/2019/seen-in-the-palazzo-esposizione-nicolakidsbooks-in-the-wild" "Mozilla/5.0 (Windows NT 6.1; WOW64; Trident/7.0; rv:11.0) like Gecko" 
216.218.191.226 - - [14/May/2020:02:57:22 -0700] "GET /vendor/npm-asset/vanilla-fitvids/jquery.fitvids.js HTTP/1.1" 200 1873 "https://stream.jeremycherfas.net/2019/seen-in-the-palazzo-esposizione-nicolakidsbooks-in-the-wild" "Mozilla/5.0 (Windows NT 6.1; WOW64; Trident/7.0; rv:11.0) like Gecko" 
216.218.191.226 - - [14/May/2020:02:57:22 -0700] "GET /vendor/rmm5t/jquery-timeago/jquery.timeago.js HTTP/1.1" 200 3015 "https://stream.jeremycherfas.net/2019/seen-in-the-palazzo-esposizione-nicolakidsbooks-in-the-wild" "Mozilla/5.0 (Windows NT 6.1; WOW64; Trident/7.0; rv:11.0) like Gecko" 
216.218.191.226 - - [14/May/2020:02:57:22 -0700] "GET /vendor/rmm5t/jquery-timeago/locales/jquery.timeago.en.js HTTP/1.1" 200 886 "https://stream.jeremycherfas.net/2019/seen-in-the-palazzo-esposizione-nicolakidsbooks-in-the-wild" "Mozilla/5.0 (Windows NT 6.1; WOW64; Trident/7.0; rv:11.0) like Gecko" 
216.218.191.226 - - [14/May/2020:02:57:22 -0700] "GET /vendor/forkawesome/fork-awesome/fonts/forkawesome-webfont.woff2?v=1.1.7 HTTP/1.1" 200 92205 "https://stream.jeremycherfas.net/vendor/forkawesome/fork-awesome/css/fork-awesome.min.css" "Mozilla/5.0 (Windows NT 6.1; WOW64; Trident/7.0; rv:11.0) like Gecko" 
216.218.191.226 - - [14/May/2020:02:57:22 -0700] "GET /vendor/npm-asset/underscore/underscore-min.js HTTP/1.1" 200 7059 "https://stream.jeremycherfas.net/2019/seen-in-the-palazzo-esposizione-nicolakidsbooks-in-the-wild" "Mozilla/5.0 (Windows NT 6.1; WOW64; Trident/7.0; rv:11.0) like Gecko" 
216.218.191.226 - - [14/May/2020:02:57:22 -0700] "GET /vendor/npm-asset/exif-js/exif.js HTTP/1.1" 200 9962 "https://stream.jeremycherfas.net/2019/seen-in-the-palazzo-esposizione-nicolakidsbooks-in-the-wild" "Mozilla/5.0 (Windows NT 6.1; WOW64; Trident/7.0; rv:11.0) like Gecko" 
216.218.191.226 - - [14/May/2020:02:57:22 -0700] "GET /gfx/users/default-00.png HTTP/1.1" 200 5798 "https://stream.jeremycherfas.net/2019/seen-in-the-palazzo-esposizione-nicolakidsbooks-in-the-wild" "Mozilla/5.0 (Windows NT 6.1; WOW64; Trident/7.0; rv:11.0) like Gecko" 
71.34.70.114 - - [14/May/2020:02:57:27 -0700] "GET /?_t=rss HTTP/1.1" 200 4501 "-" "Mozilla/5.0 (Windows NT 10.0; Win64; x64; rv:76.0) Gecko/20100101 Firefox/76.0" 
66.249.66.44 - - [14/May/2020:02:57:29 -0700] "GET /service/web/unfurl/?url=http%3A%2F%2Ftimharford.com%2F2019%2F07%2Fhow-the-brexit-debate-was-flushed-down-the-drain%2F&__bTk=9589125b0b635ea8ecadbc9dd50b5f9dd07da9556f1bb1175ea55912d813b26c&__bTs=1588896000 HTTP/1.1" 403 4652 "https://stream.jeremycherfas.net/?offset=389&_t=amp" "Mozilla/5.0 (Linux; Android 6.0.1; Nexus 5X Build/MMB29P) AppleWebKit/537.36 (KHTML, like Gecko) Chrome/81.0.4044.108 Mobile Safari/537.36 (compatible; Googlebot/2.1; +http://www.google.com/bot.html)" 
66.249.66.44 - - [14/May/2020:02:57:30 -0700] "GET /service/web/unfurl/?url=https%3A%2F%2Fwww.kew.org%2Fread-and-watch%2Flettuce-season-kew-kitchen-garden&__bTk=9589125b0b635ea8ecadbc9dd50b5f9dd07da9556f1bb1175ea55912d813b26c&__bTs=1588896000 HTTP/1.1" 403 1320 "https://stream.jeremycherfas.net/?offset=389&_t=amp" "Mozilla/5.0 (Linux; Android 6.0.1; Nexus 5X Build/MMB29P) AppleWebKit/537.36 (KHTML, like Gecko) Chrome/81.0.4044.108 Mobile Safari/537.36 (compatible; Googlebot/2.1; +http://www.google.com/bot.html)" 
66.249.66.44 - - [14/May/2020:02:57:30 -0700] "GET /service/web/unfurl/?url=http%3A%2F%2Ftimharford.com%2F2019%2F07%2Fhow-the-brexit-debate-was-flushed-down-the-drain%2F&__bTk=9589125b0b635ea8ecadbc9dd50b5f9dd07da9556f1bb1175ea55912d813b26c&__bTs=1589291460 HTTP/1.1" 403 1335 "https://stream.jeremycherfas.net/?offset=389&_t=amp" "Mozilla/5.0 (Linux; Android 6.0.1; Nexus 5X Build/MMB29P) AppleWebKit/537.36 (KHTML, like Gecko) Chrome/81.0.4044.108 Mobile Safari/537.36 (compatible; Googlebot/2.1; +http://www.google.com/bot.html)" 
66.249.66.44 - - [14/May/2020:02:57:31 -0700] "GET /service/web/unfurl/?url=https%3A%2F%2Fwww.kew.org%2Fread-and-watch%2Flettuce-season-kew-kitchen-garden&__bTk=9589125b0b635ea8ecadbc9dd50b5f9dd07da9556f1bb1175ea55912d813b26c&__bTs=1589291460 HTTP/1.1" 403 1320 "https://stream.jeremycherfas.net/?offset=389&_t=amp" "Mozilla/5.0 (Linux; Android 6.0.1; Nexus 5X Build/MMB29P) AppleWebKit/537.36 (KHTML, like Gecko) Chrome/81.0.4044.108 Mobile Safari/537.36 (compatible; Googlebot/2.1; +http://www.google.com/bot.html)" 
66.249.66.48 - - [14/May/2020:02:58:57 -0700] "GET /?offset=1530&_t=amp HTTP/1.1" 200 11586 "-" "Mozilla/5.0 (Linux; Android 6.0.1; Nexus 5X Build/MMB29P) AppleWebKit/537.36 (KHTML, like Gecko) Chrome/41.0.2272.96 Mobile Safari/537.36 (compatible; Googlebot/2.1; +http://www.google.com/bot.html)" 
46.229.168.152 - - [14/May/2020:02:58:57 -0700] "GET /?offset=40&q=%23%2B%23%23indieweb HTTP/1.1" 200 11300 "-" "Mozilla/5.0 (compatible; SemrushBot/6~bl; +http://www.semrush.com/bot.html)" 
66.249.66.48 - - [14/May/2020:02:59:01 -0700] "GET /service/web/unfurl/?url=https%3A%2F%2Fdaringfireball.net%2F2018%2F01%2Fdean_allen&__bTk=9589125b0b635ea8ecadbc9dd50b5f9dd07da9556f1bb1175ea55912d813b26c&__bTs=1588896000 HTTP/1.1" 403 4616 "https://stream.jeremycherfas.net/?offset=1530&_t=amp" "Mozilla/5.0 (Linux; Android 6.0.1; Nexus 5X Build/MMB29P) AppleWebKit/537.36 (KHTML, like Gecko) Chrome/81.0.4044.108 Mobile Safari/537.36 (compatible; Googlebot/2.1; +http://www.google.com/bot.html)" 
66.249.66.48 - - [14/May/2020:02:59:02 -0700] "GET /service/web/unfurl/?url=https%3A%2F%2Fdaringfireball.net%2F2018%2F01%2Fdean_allen&__bTk=9589125b0b635ea8ecadbc9dd50b5f9dd07da9556f1bb1175ea55912d813b26c&__bTs=1589291460 HTTP/1.1" 403 1299 "https://stream.jeremycherfas.net/?offset=1530&_t=amp" "Mozilla/5.0 (Linux; Android 6.0.1; Nexus 5X Build/MMB29P) AppleWebKit/537.36 (KHTML, like Gecko) Chrome/81.0.4044.108 Mobile Safari/537.36 (compatible; Googlebot/2.1; +http://www.google.com/bot.html)" 
46.229.168.150 - - [14/May/2020:02:59:35 -0700] "GET /?offset=10&q=%23%2B%23food HTTP/1.1" 200 12167 "-" "Mozilla/5.0 (compatible; SemrushBot/6~bl; +http://www.semrush.com/bot.html)" 
46.229.168.134 - - [14/May/2020:02:59:52 -0700] "GET /content/all/?offset=40&q=%23%2B%23sourdough HTTP/1.1" 200 11633 "-" "Mozilla/5.0 (compatible; SemrushBot/6~bl; +http://www.semrush.com/bot.html)" 
71.34.70.114 - - [14/May/2020:03:00:01 -0700] "GET /?_t=rss HTTP/1.1" 200 7680 "-" "Mozilla/5.0 (Windows NT 10.0; Win64; x64; rv:76.0) Gecko/20100101 Firefox/76.0" 
18.208.251.188 - - [14/May/2020:03:00:16 -0700] "GET /?_t=rss HTTP/1.1" 200 7643 "-" "glitch-feeder/1.0 (+https://glitch.com/~lmo-feeder)" 
96.126.125.129 - - [14/May/2020:03:00:20 -0700] "GET /content/statusupdates/posts/photos/checkins/bookmarkedpages?_t=rss HTTP/1.1" 200 10205 "-" "Micro.blog/1.0" 
46.229.168.130 - - [14/May/2020:03:00:43 -0700] "GET /2018/-why-isnt-anyone-marketing-podcasts-correctly HTTP/1.1" 200 9653 "-" "Mozilla/5.0 (compatible; SemrushBot/6~bl; +http://www.semrush.com/bot.html)" 
64.111.100.215 - - [14/May/2020:03:00:55 -0700] "GET /content/all?_t=rss HTTP/1.1" 200 14982 "-" "Mozilla/5.0 (X11; U; Linux i686; fr; rv:1.9.1.1) Gecko/20090715 Firefox/3.5.1" 
64.111.100.215 - - [14/May/2020:03:00:57 -0700] "GET /content/all?_t=rss HTTP/1.1" 200 14982 "-" "Mozilla/5.0 (X11; U; Linux i686; fr; rv:1.9.1.1) Gecko/20090715 Firefox/3.5.1" 
77.88.5.71 - - [14/May/2020:03:01:27 -0700] "GET /robots.txt HTTP/1.1" 200 4593 "-" "Mozilla/5.0 (compatible; YandexBot/3.0; +http://yandex.com/bots)" 
77.88.5.71 - - [14/May/2020:03:01:31 -0700] "GET /2018/bankers-and-businessmen-building-romes-new-colosseum-wwwitalianinsiderit HTTP/1.1" 200 9640 "-" "Mozilla/5.0 (compatible; YandexBot/3.0; +http://yandex.com/bots)" 
207.46.13.92 - - [14/May/2020:03:02:45 -0700] "GET /file/ba76af5b8d334e125ba3955d52612443 HTTP/1.1" 200 11675 "-" "Mozilla/5.0 (compatible; bingbot/2.0; +http://www.bing.com/bingbot.htm)" 
71.34.70.114 - - [14/May/2020:03:02:50 -0700] "GET /?_t=rss HTTP/1.1" 200 4501 "-" "Mozilla/5.0 (Windows NT 10.0; Win64; x64; rv:76.0) Gecko/20100101 Firefox/76.0" 
54.36.148.228 - - [14/May/2020:03:02:57 -0700] "GET /2020/2020-02-26 HTTP/1.1" 200 10447 "-" "Mozilla/5.0 (compatible; AhrefsBot/6.1; +http://ahrefs.com/robot/)" 
46.229.168.149 - - [14/May/2020:03:04:47 -0700] "GET /content/all/?q=%23Fiction HTTP/1.1" 200 8509 "-" "Mozilla/5.0 (compatible; SemrushBot/6~bl; +http://www.semrush.com/bot.html)" 
198.58.102.95 - - [14/May/2020:03:04:54 -0700] "GET / HTTP/1.1" 200 12111 "-" "Superfeedr bot/2.0 http://superfeedr.com - Make your feeds realtime: get in touch - feed-id:1396476126" 
96.126.125.129 - - [14/May/2020:03:05:05 -0700] "GET /content/statusupdates/posts/photos/checkins/bookmarkedpages?_t=rss HTTP/1.1" 200 10205 "-" "Micro.blog/1.0" 
46.229.168.141 - - [14/May/2020:03:05:26 -0700] "GET /tag/photo?offset=13 HTTP/1.1" 200 12187 "-" "Mozilla/5.0 (compatible; SemrushBot/6~bl; +http://www.semrush.com/bot.html)" 
46.229.168.146 - - [14/May/2020:03:05:43 -0700] "GET /content/bookmarkedpages/?q=%23%2B%23Rome HTTP/1.1" 200 8547 "-" "Mozilla/5.0 (compatible; SemrushBot/6~bl; +http://www.semrush.com/bot.html)" 
46.229.168.139 - - [14/May/2020:03:05:43 -0700] "GET /?offset=77&q=%23bread HTTP/1.1" 200 12167 "-" "Mozilla/5.0 (compatible; SemrushBot/6~bl; +http://www.semrush.com/bot.html)" 
71.34.70.114 - - [14/May/2020:03:05:57 -0700] "GET /?_t=rss HTTP/1.1" 200 7680 "-" "Mozilla/5.0 (Windows NT 10.0; Win64; x64; rv:76.0) Gecko/20100101 Firefox/76.0" 
46.229.168.138 - - [14/May/2020:03:06:09 -0700] "GET /content/all/?q=%23changingglobaldiets HTTP/1.1" 200 9115 "-" "Mozilla/5.0 (compatible; SemrushBot/6~bl; +http://www.semrush.com/bot.html)" 
207.46.13.92 - - [14/May/2020:03:06:15 -0700] "GET /2019/not-to-deny-your-personal-experience-but HTTP/1.1" 200 9692 "-" "Mozilla/5.0 (compatible; bingbot/2.0; +http://www.bing.com/bingbot.htm)" 
114.119.162.106 - - [14/May/2020:03:07:31 -0700] "GET /content/all?q=%23IndieWeb&offset=31 HTTP/1.1" 200 12981 "-" "Mozilla/5.0 (Linux; Android 7.0;) AppleWebKit/537.36 (KHTML, like Gecko) Mobile Safari/537.36 (compatible; AspiegelBot)" 
207.46.13.93 - - [14/May/2020:03:07:35 -0700] "GET /2017/by-what-insane-twisted-logic-of-airport-security-theatre-is?_t=rss HTTP/1.1" 200 5426 "-" "Mozilla/5.0 (compatible; bingbot/2.0; +http://www.bing.com/bingbot.htm)" 
96.126.125.129 - - [14/May/2020:03:08:24 -0700] "GET /content/statusupdates/posts/photos/checkins/bookmarkedpages?_t=rss HTTP/1.1" 200 10205 "-" "Micro.blog/1.0" 
66.249.66.50 - - [14/May/2020:03:08:25 -0700] "GET /content/all/?offset=2265 HTTP/1.1" 200 12172 "-" "Mozilla/5.0 (Linux; Android 6.0.1; Nexus 5X Build/MMB29P) AppleWebKit/537.36 (KHTML, like Gecko) Chrome/41.0.2272.96 Mobile Safari/537.36 (compatible; Googlebot/2.1; +http://www.google.com/bot.html)" 
66.249.66.50 - - [14/May/2020:03:08:25 -0700] "GET /robots.txt HTTP/1.1" 200 4613 "-" "Mozilla/5.0 (compatible; Googlebot/2.1; +http://www.google.com/bot.html)" 
66.249.66.48 - - [14/May/2020:03:08:29 -0700] "GET /service/web/unfurl/?url=https%3A%2F%2Ftwitter.com%2Fnfabieno%2Fstatus%2F830144615818883072&__bTk=c56ee4488f9199cea1130bbdbd2ba1a1493b53f136173524b04fceab000152f8&__bTs=1588044155 HTTP/1.1" 403 4649 "https://www.stream.jeremycherfas.net/content/all/?offset=2265" "Mozilla/5.0 (Linux; Android 6.0.1; Nexus 5X Build/MMB29P) AppleWebKit/537.36 (KHTML, like Gecko) Chrome/81.0.4044.108 Mobile Safari/537.36 (compatible; Googlebot/2.1; +http://www.google.com/bot.html)" 
66.249.66.48 - - [14/May/2020:03:08:30 -0700] "GET /service/web/unfurl/?url=http%3A%2F%2Fboffosocko.com%2F2017%2F02%2F14%2Fneanderthal-diets-eat-this-podcast%2F&__bTk=c56ee4488f9199cea1130bbdbd2ba1a1493b53f136173524b04fceab000152f8&__bTs=1588044155 HTTP/1.1" 403 1350 "https://www.stream.jeremycherfas.net/content/all/?offset=2265" "Mozilla/5.0 (Linux; Android 6.0.1; Nexus 5X Build/MMB29P) AppleWebKit/537.36 (KHTML, like Gecko) Chrome/81.0.4044.108 Mobile Safari/537.36 (compatible; Googlebot/2.1; +http://www.google.com/bot.html)" 
71.34.70.114 - - [14/May/2020:03:09:04 -0700] "GET /?_t=rss HTTP/1.1" 200 4501 "-" "Mozilla/5.0 (Windows NT 10.0; Win64; x64; rv:76.0) Gecko/20100101 Firefox/76.0" 
207.46.13.93 - - [14/May/2020:03:09:10 -0700] "GET /file/e66959fd8ae92d907ce132166770e3a5 HTTP/1.1" 200 10953 "-" "Mozilla/5.0 (compatible; bingbot/2.0; +http://www.bing.com/bingbot.htm)" 
62.210.92.16 - - [14/May/2020:03:09:58 -0700] "GET /robots.txt HTTP/1.1" 200 4378 "-" "BarkRowler/0.9 (+https://babbar.tech/crawler)" 
46.229.168.142 - - [14/May/2020:03:10:25 -0700] "GET /?offset=0&q=%23%2B%23podcast HTTP/1.1" 200 12623 "-" "Mozilla/5.0 (compatible; SemrushBot/6~bl; +http://www.semrush.com/bot.html)" 
46.229.168.145 - - [14/May/2020:03:10:27 -0700] "GET /file/2cba160f064cf0e637f9d30457281a9c/f2a2edabb2ebf6ca8e64db31b5fab73f HTTP/1.1" 500 52111 "-" "Mozilla/5.0 (compatible; SemrushBot/6~bl; +http://www.semrush.com/bot.html)" 
71.34.70.114 - - [14/May/2020:03:11:40 -0700] "GET /?_t=rss HTTP/1.1" 200 7680 "-" "Mozilla/5.0 (Windows NT 10.0; Win64; x64; rv:76.0) Gecko/20100101 Firefox/76.0" 
