46.229.168.150 - - [14/May/2020:03:12:00 -0700] "GET /2017/nofomo-i HTTP/1.1" 200 10294 "-" "Mozilla/5.0 (compatible; SemrushBot/6~bl; +http://www.semrush.com/bot.html)" 
96.126.125.129 - - [14/May/2020:03:12:37 -0700] "GET /content/statusupdates/posts/photos/checkins/bookmarkedpages?_t=rss HTTP/1.1" 200 10205 "-" "Micro.blog/1.0" 
62.210.92.16 - - [14/May/2020:03:12:52 -0700] "GET /2019/ive-always-fond-rss-indispensable-as-for HTTP/1.1" 200 9497 "-" "BarkRowler/0.9 (+https://babbar.tech/crawler)" 
46.229.168.133 - - [14/May/2020:03:13:09 -0700] "GET /?offset=54&q=%23%2B%23podcast HTTP/1.1" 200 9273 "-" "Mozilla/5.0 (compatible; SemrushBot/6~bl; +http://www.semrush.com/bot.html)" 
77.75.77.101 - - [14/May/2020:03:14:01 -0700] "GET /robots.txt HTTP/1.1" 200 4594 "-" "Mozilla/5.0 (compatible; SeznamBot/3.2; +http://napoveda.seznam.cz/en/seznambot-intro/)" 
77.75.77.101 - - [14/May/2020:03:14:03 -0700] "GET /file/e17c3370a8017b4d9ff23acc748c3327 HTTP/1.1" 200 11680 "-" "Mozilla/5.0 (compatible; SeznamBot/3.2; +http://napoveda.seznam.cz/en/seznambot-intro/)" 
71.34.70.114 - - [14/May/2020:03:14:26 -0700] "GET /?_t=rss HTTP/1.1" 200 4501 "-" "Mozilla/5.0 (Windows NT 10.0; Win64; x64; rv:76.0) Gecko/20100101 Firefox/76.0" 
46.229.168.135 - - [14/May/2020:03:14:38 -0700] "GET /robots.txt HTTP/1.1" 200 4552 "-" "Mozilla/5.0 (compatible; SemrushBot/6~bl; +http://www.semrush.com/bot.html)" 
46.229.168.136 - - [14/May/2020:03:14:38 -0700] "GET /content/locations/?q=%23%2B%23Http%3A%2F%2Fwww.marigoldroma.com%2F HTTP/1.1" 200 8575 "-" "Mozilla/5.0 (compatible; SemrushBot/6~bl; +http://www.semrush.com/bot.html)" 
46.229.168.131 - - [14/May/2020:03:15:11 -0700] "GET /content/rsvp/?q=%23%2B%23photo HTTP/1.1" 200 8530 "-" "Mozilla/5.0 (compatible; SemrushBot/6~bl; +http://www.semrush.com/bot.html)" 
46.229.168.162 - - [14/May/2020:03:15:49 -0700] "GET /tag/+%23veal HTTP/1.1" 200 9681 "-" "Mozilla/5.0 (compatible; SemrushBot/6~bl; +http://www.semrush.com/bot.html)" 
62.210.92.16 - - [14/May/2020:03:15:56 -0700] "GET /2017/not-exactly-sure-what-colin-devroe-means-when-he-says HTTP/1.1" 200 10022 "-" "BarkRowler/0.9 (+https://babbar.tech/crawler)" 
64.111.100.215 - - [14/May/2020:03:16:34 -0700] "GET /content/all?_t=rss HTTP/1.1" 200 14982 "-" "Mozilla/5.0 (X11; U; Linux i686; fr; rv:1.9.1.1) Gecko/20090715 Firefox/3.5.1" 
64.111.100.215 - - [14/May/2020:03:16:35 -0700] "GET /content/all?_t=rss HTTP/1.1" 200 14982 "-" "Mozilla/5.0 (X11; U; Linux i686; fr; rv:1.9.1.1) Gecko/20090715 Firefox/3.5.1" 
64.111.100.215 - - [14/May/2020:03:16:34 -0700] "GET /content/all?_t=rss HTTP/1.1" 200 14982 "-" "Mozilla/5.0 (X11; U; Linux i686; fr; rv:1.9.1.1) Gecko/20090715 Firefox/3.5.1" 
64.111.100.215 - - [14/May/2020:03:16:34 -0700] "GET /content/all?_t=rss HTTP/1.1" 200 14982 "-" "Mozilla/5.0 (X11; U; Linux i686; fr; rv:1.9.1.1) Gecko/20090715 Firefox/3.5.1" 
64.111.100.215 - - [14/May/2020:03:16:34 -0700] "GET /content/all?_t=rss HTTP/1.1" 200 14982 "-" "Mozilla/5.0 (X11; U; Linux i686; fr; rv:1.9.1.1) Gecko/20090715 Firefox/3.5.1" 
71.34.70.114 - - [14/May/2020:03:17:14 -0700] "GET /?_t=rss HTTP/1.1" 200 7680 "-" "Mozilla/5.0 (Windows NT 10.0; Win64; x64; rv:76.0) Gecko/20100101 Firefox/76.0" 
46.229.168.145 - - [14/May/2020:03:18:02 -0700] "GET /content/posts/?q=%23%2B%23sourdough HTTP/1.1" 200 8511 "-" "Mozilla/5.0 (compatible; SemrushBot/6~bl; +http://www.semrush.com/bot.html)" 
144.76.38.40 - - [14/May/2020:03:18:14 -0700] "GET /robots.txt HTTP/1.1" 200 4593 "-" "Mozilla/5.0 (compatible; MJ12bot/v1.4.8; http://mj12bot.com/)" 
144.76.38.40 - - [14/May/2020:03:18:16 -0700] "GET / HTTP/1.1" 200 8739 "-" "Mozilla/5.0 (compatible; MJ12bot/v1.4.8; http://mj12bot.com/)" 
144.76.38.40 - - [14/May/2020:03:18:18 -0700] "GET /profile/jeremy HTTP/1.1" 200 27098 "-" "Mozilla/5.0 (compatible; MJ12bot/v1.4.8; http://mj12bot.com/)" 
96.126.125.129 - - [14/May/2020:03:18:31 -0700] "GET /content/statusupdates/posts/photos/checkins/bookmarkedpages?_t=rss HTTP/1.1" 200 10205 "-" "Micro.blog/1.0" 
207.46.13.92 - - [14/May/2020:03:18:48 -0700] "GET /service/web/imageproxy/aHR0cHM6Ly9wYnMudHdpbWcuY29tL3Byb2ZpbGVfaW1hZ2VzLzUxNTA4MTMxL3RpbS5qcGc,/300/square HTTP/1.1" 200 16913 "-" "Mozilla/5.0 (compatible; bingbot/2.0; +http://www.bing.com/bingbot.htm)" 
62.210.92.16 - - [14/May/2020:03:19:13 -0700] "GET /2017/bookmarks-favs-likes---backfilling-years-of-gaps HTTP/1.1" 200 9452 "-" "BarkRowler/0.9 (+https://babbar.tech/crawler)" 
138.246.253.15 - - [14/May/2020:03:19:25 -0700] "HEAD / HTTP/1.1" 200 4448 "-" "Mozilla/5.0 (Windows NT 6.1; Win64; x64) AppleWebKit/537.36 (KHTML, like Gecko) Chrome/40.0.2214.85 Safari/537.36" 
71.34.70.114 - - [14/May/2020:03:19:55 -0700] "GET /?_t=rss HTTP/1.1" 200 4501 "-" "Mozilla/5.0 (Windows NT 10.0; Win64; x64; rv:76.0) Gecko/20100101 Firefox/76.0" 
46.229.168.133 - - [14/May/2020:03:20:35 -0700] "GET /content/posts/?q=%23foodcommunicationconf HTTP/1.1" 200 8515 "-" "Mozilla/5.0 (compatible; SemrushBot/6~bl; +http://www.semrush.com/bot.html)" 
46.229.168.129 - - [14/May/2020:03:21:03 -0700] "GET /2018/heres-a-quick-mention-to-welcome-you HTTP/1.1" 200 9574 "-" "Mozilla/5.0 (compatible; SemrushBot/6~bl; +http://www.semrush.com/bot.html)" 
92.247.181.17 - - [14/May/2020:03:21:11 -0700] "GET /?_t=rss HTTP/1.1" 304 3475 "https://stream.jeremycherfas.net/" "Mozilla/5.0 (compatible; inoreader.com; 1 subscribers)" 
66.249.66.44 - - [14/May/2020:03:21:22 -0700] "GET /2019/a-corn-maize-flour-new-to-me-yellower-and-perhaps HTTP/1.1" 304 3742 "-" "Mozilla/5.0 (compatible; Googlebot/2.1; +http://www.google.com/bot.html)" 
62.210.92.16 - - [14/May/2020:03:22:19 -0700] "GET /2020/2020-05-09 HTTP/1.1" 200 9515 "-" "BarkRowler/0.9 (+https://babbar.tech/crawler)" 
71.34.70.114 - - [14/May/2020:03:22:44 -0700] "GET /?_t=rss HTTP/1.1" 200 7680 "-" "Mozilla/5.0 (Windows NT 10.0; Win64; x64; rv:76.0) Gecko/20100101 Firefox/76.0" 
66.249.66.44 - - [14/May/2020:03:23:24 -0700] "GET /2018/photos-for-mac-isnt-a-long-term-photo-library-option?_t=rss HTTP/1.1" 200 5619 "-" "Mozilla/5.0 (Linux; Android 6.0.1; Nexus 5X Build/MMB29P) AppleWebKit/537.36 (KHTML, like Gecko) Chrome/80.0.3987.92 Mobile Safari/537.36 (compatible; Googlebot/2.1; +http://www.google.com/bot.html)" 
46.229.168.130 - - [14/May/2020:03:24:21 -0700] "GET /content/locations/?q=%23%2B%23rye HTTP/1.1" 200 8505 "-" "Mozilla/5.0 (compatible; SemrushBot/6~bl; +http://www.semrush.com/bot.html)" 
123.183.224.26 - - [14/May/2020:03:24:38 -0700] "GET / HTTP/1.1" 200 12079 "-" "Sogou web spider/4.0(+http://www.sogou.com/docs/help/webmasters.htm#07)" 
54.87.129.78 - - [14/May/2020:03:24:58 -0700] "GET /2018/about-webmentions HTTP/1.1" 200 10968 "-" "Mozilla/5.0 (Windows NT 6.1; rv:15.0) Gecko/20120716 Firefox/15.0a2" 
46.229.168.141 - - [14/May/2020:03:25:17 -0700] "GET /tag/IndieWeb?offset=84 HTTP/1.1" 200 15599 "-" "Mozilla/5.0 (compatible; SemrushBot/6~bl; +http://www.semrush.com/bot.html)" 
62.210.92.16 - - [14/May/2020:03:25:19 -0700] "GET /2020/meeting-of-the-withknown-open-collective HTTP/1.1" 200 9346 "-" "BarkRowler/0.9 (+https://babbar.tech/crawler)" 
96.126.125.129 - - [14/May/2020:03:25:42 -0700] "GET /content/statusupdates/posts/photos/checkins/bookmarkedpages?_t=rss HTTP/1.1" 200 10205 "-" "Micro.blog/1.0" 
71.34.70.114 - - [14/May/2020:03:25:55 -0700] "GET /?_t=rss HTTP/1.1" 200 4501 "-" "Mozilla/5.0 (Windows NT 10.0; Win64; x64; rv:76.0) Gecko/20100101 Firefox/76.0" 
46.229.168.135 - - [14/May/2020:03:26:30 -0700] "GET /content/statusupdates/?offset=10 HTTP/1.1" 200 11586 "-" "Mozilla/5.0 (compatible; SemrushBot/6~bl; +http://www.semrush.com/bot.html)" 
46.229.168.142 - - [14/May/2020:03:26:33 -0700] "GET /2018/and-out-they-come-rustic-bread HTTP/1.1" 200 11817 "-" "Mozilla/5.0 (compatible; SemrushBot/6~bl; +http://www.semrush.com/bot.html)" 
46.229.168.145 - - [14/May/2020:03:26:41 -0700] "GET /2019/interdependent-thoughts-1 HTTP/1.1" 200 9461 "-" "Mozilla/5.0 (compatible; SemrushBot/6~bl; +http://www.semrush.com/bot.html)" 
66.249.66.44 - - [14/May/2020:03:27:21 -0700] "GET /tag/IndieWeb?offset=142&_t=amp HTTP/1.1" 200 8723 "-" "Mozilla/5.0 (Linux; Android 6.0.1; Nexus 5X Build/MMB29P) AppleWebKit/537.36 (KHTML, like Gecko) Chrome/41.0.2272.96 Mobile Safari/537.36 (compatible; Googlebot/2.1; +http://www.google.com/bot.html)" 
114.119.167.191 - - [14/May/2020:03:28:19 -0700] "GET /content/all?q=%23%2B%23indieweb&offset=112 HTTP/1.1" 200 12183 "-" "Mozilla/5.0 (Linux; Android 7.0;) AppleWebKit/537.36 (KHTML, like Gecko) Mobile Safari/537.36 (compatible; AspiegelBot)" 
46.229.168.132 - - [14/May/2020:03:28:24 -0700] "GET /2018/anyone-using-microblog-through-launch-center-pro HTTP/1.1" 200 9473 "-" "Mozilla/5.0 (compatible; SemrushBot/6~bl; +http://www.semrush.com/bot.html)" 
62.210.92.16 - - [14/May/2020:03:28:28 -0700] "GET /2020/i-am-amazed-and-saddened-by-the HTTP/1.1" 200 17043 "-" "BarkRowler/0.9 (+https://babbar.tech/crawler)" 
207.46.13.83 - - [14/May/2020:03:28:38 -0700] "GET /file/d9dec367248160a6d35d7dae157cdf8a HTTP/1.1" 200 10239 "-" "Mozilla/5.0 (compatible; bingbot/2.0; +http://www.bing.com/bingbot.htm)" 
77.88.5.71 - - [14/May/2020:03:28:59 -0700] "GET /file/b42debe17d2d8129bc593f9213cbd542 HTTP/1.1" 304 3726 "-" "Mozilla/5.0 (compatible; YandexImages/3.0; +http://yandex.com/bots)" 
71.34.70.114 - - [14/May/2020:03:29:11 -0700] "GET /?_t=rss HTTP/1.1" 200 7680 "-" "Mozilla/5.0 (Windows NT 10.0; Win64; x64; rv:76.0) Gecko/20100101 Firefox/76.0" 
167.172.219.252 - - [14/May/2020:03:29:16 -0700] "GET /?_t=rss HTTP/1.1" 304 3475 "-" "Feedbin feed-id:1536727 - 1 subscribers" 
46.229.168.132 - - [14/May/2020:03:30:05 -0700] "GET /?q=%23Rye HTTP/1.1" 200 12332 "-" "Mozilla/5.0 (compatible; SemrushBot/6~bl; +http://www.semrush.com/bot.html)" 
46.229.168.144 - - [14/May/2020:03:30:29 -0700] "GET /2018/the-cold-pre-dawn HTTP/1.1" 200 9500 "-" "Mozilla/5.0 (compatible; SemrushBot/6~bl; +http://www.semrush.com/bot.html)" 
203.133.169.112 - - [14/May/2020:03:30:34 -0700] "GET /2019/checked-into-la-tinaia HTTP/1.1" 200 28005 "-" "Mozilla/5.0 (compatible; Daum/4.1; +http://cs.daum.net/faq/15/4118.html?faqId=28966)" 
54.36.148.96 - - [14/May/2020:03:30:37 -0700] "GET /2019/-5 HTTP/1.1" 200 9453 "-" "Mozilla/5.0 (compatible; AhrefsBot/6.1; +http://ahrefs.com/robot/)" 
203.133.169.112 - - [14/May/2020:03:30:40 -0700] "GET /file/42dcc78a87623c45b7778913ef063b39 HTTP/1.1" 200 10706 "-" "Mozilla/5.0 (compatible; Daum/4.1; +http://cs.daum.net/faq/15/4118.html?faqId=28966)" 
46.229.168.138 - - [14/May/2020:03:30:51 -0700] "GET /content/all/?offset=26&q=%23bread HTTP/1.1" 200 13182 "-" "Mozilla/5.0 (compatible; SemrushBot/6~bl; +http://www.semrush.com/bot.html)" 
203.133.169.112 - - [14/May/2020:03:30:57 -0700] "GET /2018/latest-episode-looks-at-food-borne-illness-are-industrial-food-chains?_t=rss HTTP/1.1" 200 5760 "-" "Mozilla/5.0 (Unknown; Linux x86_64) AppleWebKit/538.1 (KHTML, like Gecko) Safari/538.1 Daum/4.1" 
203.133.169.112 - - [14/May/2020:03:31:05 -0700] "GET /robots.txt HTTP/1.1" 200 4369 "-" "Mozilla/5.0 (compatible; Daum/4.1; +http://cs.daum.net/faq/15/4118.html?faqId=28966)" 
203.133.169.112 - - [14/May/2020:03:31:06 -0700] "GET /content/all/?q=%23+%23kalonji HTTP/1.1" 200 49433 "-" "Mozilla/5.0 (compatible; Daum/4.1; +http://cs.daum.net/faq/15/4118.html?faqId=28966)" 
203.133.169.112 - - [14/May/2020:03:31:33 -0700] "GET /2019/checked-into-la-tinaia HTTP/1.1" 200 28005 "-" "Mozilla/5.0 (compatible; Daum/4.1; +http://cs.daum.net/faq/15/4118.html?faqId=28966)" 
62.210.92.16 - - [14/May/2020:03:31:38 -0700] "GET /2020/did-a-bit-of-domestic-baking-today HTTP/1.1" 200 9238 "-" "BarkRowler/0.9 (+https://babbar.tech/crawler)" 
203.133.169.112 - - [14/May/2020:03:31:40 -0700] "GET /file/42dcc78a87623c45b7778913ef063b39 HTTP/1.1" 200 10706 "-" "Mozilla/5.0 (compatible; Daum/4.1; +http://cs.daum.net/faq/15/4118.html?faqId=28966)" 
46.229.168.135 - - [14/May/2020:03:31:40 -0700] "GET /content/all/?offset=52&q=%23bread HTTP/1.1" 200 12347 "-" "Mozilla/5.0 (compatible; SemrushBot/6~bl; +http://www.semrush.com/bot.html)" 
46.229.168.140 - - [14/May/2020:03:31:42 -0700] "GET /tag/sourdough?offset=30 HTTP/1.1" 200 11525 "-" "Mozilla/5.0 (compatible; SemrushBot/6~bl; +http://www.semrush.com/bot.html)" 
203.133.169.112 - - [14/May/2020:03:31:45 -0700] "GET /2018/latest-episode-looks-at-food-borne-illness-are-industrial-food-chains?_t=rss HTTP/1.1" 200 8345 "-" "Mozilla/5.0 (compatible; Daum/4.1; +http://cs.daum.net/faq/15/4118.html?faqId=28966)" 
203.133.169.112 - - [14/May/2020:03:31:51 -0700] "GET /content/all/?q=%23+%23kalonji HTTP/1.1" 200 49433 "-" "Mozilla/5.0 (compatible; Daum/4.1; +http://cs.daum.net/faq/15/4118.html?faqId=28966)" 
64.111.100.215 - - [14/May/2020:03:31:58 -0700] "GET /content/all?_t=rss HTTP/1.1" 200 14982 "-" "Mozilla/5.0 (X11; U; Linux i686; fr; rv:1.9.1.1) Gecko/20090715 Firefox/3.5.1" 
71.34.70.114 - - [14/May/2020:03:32:12 -0700] "GET /?_t=rss HTTP/1.1" 200 4501 "-" "Mozilla/5.0 (Windows NT 10.0; Win64; x64; rv:76.0) Gecko/20100101 Firefox/76.0" 
203.133.169.112 - - [14/May/2020:03:32:15 -0700] "GET /2019/checked-into-la-tinaia HTTP/1.1" 200 28005 "-" "Mozilla/5.0 (compatible; Daum/4.1; +http://cs.daum.net/faq/15/4118.html?faqId=28966)" 
203.133.169.112 - - [14/May/2020:03:32:21 -0700] "GET /file/42dcc78a87623c45b7778913ef063b39 HTTP/1.1" 200 10706 "-" "Mozilla/5.0 (compatible; Daum/4.1; +http://cs.daum.net/faq/15/4118.html?faqId=28966)" 
203.133.169.112 - - [14/May/2020:03:32:27 -0700] "GET /2018/latest-episode-looks-at-food-borne-illness-are-industrial-food-chains?_t=rss HTTP/1.1" 200 8345 "-" "Mozilla/5.0 (compatible; Daum/4.1; +http://cs.daum.net/faq/15/4118.html?faqId=28966)" 
203.133.169.112 - - [14/May/2020:03:32:33 -0700] "GET /content/all/?q=%23+%23kalonji HTTP/1.1" 200 49433 "-" "Mozilla/5.0 (compatible; Daum/4.1; +http://cs.daum.net/faq/15/4118.html?faqId=28966)" 
46.229.168.152 - - [14/May/2020:03:32:44 -0700] "GET /2018/finished-reading-trieste-and-the-meaning-of HTTP/1.1" 200 9435 "-" "Mozilla/5.0 (compatible; SemrushBot/6~bl; +http://www.semrush.com/bot.html)" 
46.229.168.136 - - [14/May/2020:03:32:46 -0700] "GET /content/all/?offset=3&q=%23WithKnown HTTP/1.1" 200 11363 "-" "Mozilla/5.0 (compatible; SemrushBot/6~bl; +http://www.semrush.com/bot.html)" 
96.126.125.129 - - [14/May/2020:03:32:59 -0700] "GET /content/statusupdates/posts/photos/checkins/bookmarkedpages?_t=rss HTTP/1.1" 200 10205 "-" "Micro.blog/1.0" 
46.229.168.153 - - [14/May/2020:03:34:24 -0700] "GET /file/b8ac1021ccb68cbd8bac00c93e0cb273/46fbb64ec1f65a8f4e4a8ac244006754 HTTP/1.1" 200 109586 "-" "Mozilla/5.0 (compatible; SemrushBot/6~bl; +http://www.semrush.com/bot.html)" 
62.210.92.16 - - [14/May/2020:03:34:35 -0700] "GET /2020/and-what-you-learned-yesterday-i-learn HTTP/1.1" 200 9277 "-" "BarkRowler/0.9 (+https://babbar.tech/crawler)" 
207.46.13.93 - - [14/May/2020:03:34:59 -0700] "GET / HTTP/1.1" 200 12111 "-" "Mozilla/5.0 (compatible; bingbot/2.0; +http://www.bing.com/bingbot.htm)" 
46.229.168.136 - - [14/May/2020:03:35:03 -0700] "GET /content/all/?offset=10 HTTP/1.1" 200 14001 "-" "Mozilla/5.0 (compatible; SemrushBot/6~bl; +http://www.semrush.com/bot.html)" 
71.34.70.114 - - [14/May/2020:03:35:10 -0700] "GET /?_t=rss HTTP/1.1" 200 7680 "-" "Mozilla/5.0 (Windows NT 10.0; Win64; x64; rv:76.0) Gecko/20100101 Firefox/76.0" 
96.126.125.129 - - [14/May/2020:03:36:24 -0700] "GET /content/statusupdates/posts/photos/checkins/bookmarkedpages?_t=rss HTTP/1.1" 200 10205 "-" "Micro.blog/1.0" 
207.46.13.93 - - [14/May/2020:03:36:35 -0700] "GET /file/65ec2f6f018d005fb84d222490ed8553 HTTP/1.1" 200 9468 "-" "Mozilla/5.0 (compatible; bingbot/2.0; +http://www.bing.com/bingbot.htm)" 
66.249.66.48 - - [14/May/2020:03:36:49 -0700] "GET /content/statusupdates/?offset=350 HTTP/1.1" 200 11292 "-" "Mozilla/5.0 (Linux; Android 6.0.1; Nexus 5X Build/MMB29P) AppleWebKit/537.36 (KHTML, like Gecko) Chrome/41.0.2272.96 Mobile Safari/537.36 (compatible; Googlebot/2.1; +http://www.google.com/bot.html)" 
66.249.66.50 - - [14/May/2020:03:36:51 -0700] "GET /service/web/unfurl/?url=http%3A%2F%2Fwww.eatthispodcast.com%2Fback-to-the-future-for-the-wheat-of-tomorrow%2F&__bTk=92690759ac6e19185e55b27d2d3139cc4a0b6fe178e07f3632ad7d6baf8f6752&__bTs=1588639586 HTTP/1.1" 403 4668 "https://www.stream.jeremycherfas.net/content/statusupdates/?offset=350" "Mozilla/5.0 (Linux; Android 6.0.1; Nexus 5X Build/MMB29P) AppleWebKit/537.36 (KHTML, like Gecko) Chrome/81.0.4044.108 Mobile Safari/537.36 (compatible; Googlebot/2.1; +http://www.google.com/bot.html)" 
66.249.66.48 - - [14/May/2020:03:36:51 -0700] "GET /service/web/unfurl/?url=http%3A%2F%2Fwww.cookerybythebook.com%2Fhome%2F2016%2F10%2F7%2Fcbtb-37&__bTk=92690759ac6e19185e55b27d2d3139cc4a0b6fe178e07f3632ad7d6baf8f6752&__bTs=1588639586 HTTP/1.1" 403 4653 "https://www.stream.jeremycherfas.net/content/statusupdates/?offset=350" "Mozilla/5.0 (Linux; Android 6.0.1; Nexus 5X Build/MMB29P) AppleWebKit/537.36 (KHTML, like Gecko) Chrome/81.0.4044.108 Mobile Safari/537.36 (compatible; Googlebot/2.1; +http://www.google.com/bot.html)" 
66.249.66.48 - - [14/May/2020:03:36:52 -0700] "GET /service/web/unfurl/?url=http%3A%2F%2Fgf.me%2Fu%2Fbiicca&__bTk=92690759ac6e19185e55b27d2d3139cc4a0b6fe178e07f3632ad7d6baf8f6752&__bTs=1588639586 HTTP/1.1" 403 1297 "https://www.stream.jeremycherfas.net/content/statusupdates/?offset=350" "Mozilla/5.0 (Linux; Android 6.0.1; Nexus 5X Build/MMB29P) AppleWebKit/537.36 (KHTML, like Gecko) Chrome/81.0.4044.108 Mobile Safari/537.36 (compatible; Googlebot/2.1; +http://www.google.com/bot.html)" 
66.249.66.48 - - [14/May/2020:03:36:52 -0700] "GET /service/web/unfurl/?url=https%3A%2F%2Fopencollective.com%2Findieweb&__bTk=92690759ac6e19185e55b27d2d3139cc4a0b6fe178e07f3632ad7d6baf8f6752&__bTs=1588639586 HTTP/1.1" 403 1309 "https://www.stream.jeremycherfas.net/content/statusupdates/?offset=350" "Mozilla/5.0 (Linux; Android 6.0.1; Nexus 5X Build/MMB29P) AppleWebKit/537.36 (KHTML, like Gecko) Chrome/81.0.4044.108 Mobile Safari/537.36 (compatible; Googlebot/2.1; +http://www.google.com/bot.html)" 
66.249.66.52 - - [14/May/2020:03:36:53 -0700] "GET /service/web/unfurl/?url=http%3A%2F%2Fwww.hearsayfestival.ie%2Fnew-2017-prize-shortlists%2F4593973316&__bTk=92690759ac6e19185e55b27d2d3139cc4a0b6fe178e07f3632ad7d6baf8f6752&__bTs=1588639586 HTTP/1.1" 403 4659 "https://www.stream.jeremycherfas.net/content/statusupdates/?offset=350" "Mozilla/5.0 (Linux; Android 6.0.1; Nexus 5X Build/MMB29P) AppleWebKit/537.36 (KHTML, like Gecko) Chrome/81.0.4044.108 Mobile Safari/537.36 (compatible; Googlebot/2.1; +http://www.google.com/bot.html)" 
66.249.66.50 - - [14/May/2020:03:36:53 -0700] "GET /service/web/unfurl/?url=http%3A%2F%2Fquillp3k.io&__bTk=92690759ac6e19185e55b27d2d3139cc4a0b6fe178e07f3632ad7d6baf8f6752&__bTs=1588639586 HTTP/1.1" 403 4607 "https://www.stream.jeremycherfas.net/content/statusupdates/?offset=350" "Mozilla/5.0 (Linux; Android 6.0.1; Nexus 5X Build/MMB29P) AppleWebKit/537.36 (KHTML, like Gecko) Chrome/81.0.4044.108 Mobile Safari/537.36 (compatible; Googlebot/2.1; +http://www.google.com/bot.html)" 
66.249.66.48 - - [14/May/2020:03:36:54 -0700] "GET /service/web/unfurl/?url=http%3A%2F%2Fwww.eatthispodcast.com%2Fback-to-the-future-for-the-wheat-of-tomorrow%2F&__bTk=92690759ac6e19185e55b27d2d3139cc4a0b6fe178e07f3632ad7d6baf8f6752&__bTs=1588639586 HTTP/1.1" 403 4668 "https://www.stream.jeremycherfas.net/content/statusupdates/?offset=350" "Mozilla/5.0 (Linux; Android 6.0.1; Nexus 5X Build/MMB29P) AppleWebKit/537.36 (KHTML, like Gecko) Chrome/81.0.4044.108 Mobile Safari/537.36 (compatible; Googlebot/2.1; +http://www.google.com/bot.html)" 
62.210.92.16 - - [14/May/2020:03:37:38 -0700] "GET /2020/blaming-the-internet-for-your-gullibility-is HTTP/1.1" 200 10029 "-" "BarkRowler/0.9 (+https://babbar.tech/crawler)" 
46.229.168.154 - - [14/May/2020:03:37:48 -0700] "GET /content/all/?offset=30&q=%23WithKnown HTTP/1.1" 200 13620 "-" "Mozilla/5.0 (compatible; SemrushBot/6~bl; +http://www.semrush.com/bot.html)" 
71.34.70.114 - - [14/May/2020:03:38:29 -0700] "GET /?_t=rss HTTP/1.1" 200 4501 "-" "Mozilla/5.0 (Windows NT 10.0; Win64; x64; rv:76.0) Gecko/20100101 Firefox/76.0" 
207.46.13.93 - - [14/May/2020:03:39:45 -0700] "GET /file/41571c844ef27e07c939ff54bbfb1368/igKRvNfZ.jpg HTTP/1.1" 200 148239 "-" "Mozilla/5.0 (compatible; bingbot/2.0; +http://www.bing.com/bingbot.htm)" 
96.126.125.129 - - [14/May/2020:03:40:12 -0700] "GET /content/statusupdates/posts/photos/checkins/bookmarkedpages?_t=rss HTTP/1.1" 200 10205 "-" "Micro.blog/1.0" 
46.229.168.161 - - [14/May/2020:03:40:34 -0700] "GET /2019/checked-into-bar-alex HTTP/1.1" 200 9737 "-" "Mozilla/5.0 (compatible; SemrushBot/6~bl; +http://www.semrush.com/bot.html)" 
62.210.92.16 - - [14/May/2020:03:40:49 -0700] "GET /2020/a-transcript-of-my-conversation-with-smargot_finn HTTP/1.1" 200 9346 "-" "BarkRowler/0.9 (+https://babbar.tech/crawler)" 
71.34.70.114 - - [14/May/2020:03:41:26 -0700] "GET /?_t=rss HTTP/1.1" 200 7680 "-" "Mozilla/5.0 (Windows NT 10.0; Win64; x64; rv:76.0) Gecko/20100101 Firefox/76.0" 
46.229.168.139 - - [14/May/2020:03:42:11 -0700] "GET /2020/as-foreseen-and-very-tasty-too-though-i-say-so HTTP/1.1" 200 10411 "-" "Mozilla/5.0 (compatible; SemrushBot/6~bl; +http://www.semrush.com/bot.html)" 
46.229.168.133 - - [14/May/2020:03:42:22 -0700] "GET /content/photos/?offset=3&q=%23%2B%23sourdough HTTP/1.1" 200 12552 "-" "Mozilla/5.0 (compatible; SemrushBot/6~bl; +http://www.semrush.com/bot.html)" 
46.229.168.139 - - [14/May/2020:03:42:26 -0700] "GET /?offset=49&q=%23Sourdough HTTP/1.1" 200 11097 "-" "Mozilla/5.0 (compatible; SemrushBot/6~bl; +http://www.semrush.com/bot.html)" 
207.46.13.83 - - [14/May/2020:03:42:31 -0700] "GET /file/55bf46a2d3b2e884fc88f9c2c8421ea2 HTTP/1.1" 200 11013 "-" "Mozilla/5.0 (compatible; bingbot/2.0; +http://www.bing.com/bingbot.htm)" 
46.229.168.146 - - [14/May/2020:03:43:33 -0700] "GET /tag/courses HTTP/1.1" 200 10749 "-" "Mozilla/5.0 (compatible; SemrushBot/6~bl; +http://www.semrush.com/bot.html)" 
62.210.92.16 - - [14/May/2020:03:43:52 -0700] "GET /2020/it-is-extremely-regrettable-and-demoralising-that HTTP/1.1" 200 9240 "-" "BarkRowler/0.9 (+https://babbar.tech/crawler)" 
71.34.70.114 - - [14/May/2020:03:44:06 -0700] "GET /?_t=rss HTTP/1.1" 200 4501 "-" "Mozilla/5.0 (Windows NT 10.0; Win64; x64; rv:76.0) Gecko/20100101 Firefox/76.0" 
96.126.125.129 - - [14/May/2020:03:44:18 -0700] "GET /content/statusupdates/posts/photos/checkins/bookmarkedpages?_t=rss HTTP/1.1" 200 10205 "-" "Micro.blog/1.0" 
46.229.168.144 - - [14/May/2020:03:44:22 -0700] "GET /content/statusupdates/?q=%23%2B%23IndieWeb HTTP/1.1" 200 11981 "-" "Mozilla/5.0 (compatible; SemrushBot/6~bl; +http://www.semrush.com/bot.html)" 
207.46.13.93 - - [14/May/2020:03:44:37 -0700] "GET /2018/the-one-thing-worse-than-no-hotel HTTP/1.1" 200 10586 "-" "Mozilla/5.0 (compatible; bingbot/2.0; +http://www.bing.com/bingbot.htm)" 
46.229.168.161 - - [14/May/2020:03:45:08 -0700] "GET /2017/the-future-of-withknown HTTP/1.1" 200 10105 "-" "Mozilla/5.0 (compatible; SemrushBot/6~bl; +http://www.semrush.com/bot.html)" 
46.229.168.136 - - [14/May/2020:03:45:58 -0700] "GET /content/photos/?offset=65&q=%23%2B%23bread HTTP/1.1" 200 9868 "-" "Mozilla/5.0 (compatible; SemrushBot/6~bl; +http://www.semrush.com/bot.html)" 
66.249.66.46 - - [14/May/2020:03:46:17 -0700] "GET /?q=%23indiewebcamp HTTP/1.1" 200 10329 "-" "Mozilla/5.0 (Linux; Android 6.0.1; Nexus 5X Build/MMB29P) AppleWebKit/537.36 (KHTML, like Gecko) Chrome/41.0.2272.96 Mobile Safari/537.36 (compatible; Googlebot/2.1; +http://www.google.com/bot.html)" 
66.249.66.46 - - [14/May/2020:03:46:21 -0700] "GET /service/web/unfurl/?url=https%3A%2F%2Fcalumryan.com%2Fblog%2Findiewebcamp-brighton-2019%2F&__bTk=3eec8bcd67b4b2e93a55cf66a2122cd213cc149f334395fc089c9e91fcc562e3&__bTs=1588767473 HTTP/1.1" 403 4625 "https://stream.jeremycherfas.net/?q=%23indiewebcamp" "Mozilla/5.0 (Linux; Android 6.0.1; Nexus 5X Build/MMB29P) AppleWebKit/537.36 (KHTML, like Gecko) Chrome/81.0.4044.108 Mobile Safari/537.36 (compatible; Googlebot/2.1; +http://www.google.com/bot.html)" 
66.249.66.46 - - [14/May/2020:03:46:21 -0700] "GET /service/web/unfurl/?url=https%3A%2F%2Fwww.zylstra.org%2Fblog%2F2019%2F09%2Findiewebcamp-amsterdam-after-event-notes%2F&__bTk=3eec8bcd67b4b2e93a55cf66a2122cd213cc149f334395fc089c9e91fcc562e3&__bTs=1588767473 HTTP/1.1" 403 1336 "https://stream.jeremycherfas.net/?q=%23indiewebcamp" "Mozilla/5.0 (Linux; Android 6.0.1; Nexus 5X Build/MMB29P) AppleWebKit/537.36 (KHTML, like Gecko) Chrome/81.0.4044.108 Mobile Safari/537.36 (compatible; Googlebot/2.1; +http://www.google.com/bot.html)" 
66.249.66.44 - - [14/May/2020:03:46:22 -0700] "GET /service/web/unfurl/?url=https%3A%2F%2Fwww.zylstra.org%2Fblog%2F2019%2F09%2Findiewebcamp-amsterdam-after-event-notes%2F&__bTk=3eec8bcd67b4b2e93a55cf66a2122cd213cc149f334395fc089c9e91fcc562e3&__bTs=1588767473 HTTP/1.1" 403 4653 "https://stream.jeremycherfas.net/?q=%23indiewebcamp" "Mozilla/5.0 (Linux; Android 6.0.1; Nexus 5X Build/MMB29P) AppleWebKit/537.36 (KHTML, like Gecko) Chrome/81.0.4044.108 Mobile Safari/537.36 (compatible; Googlebot/2.1; +http://www.google.com/bot.html)" 
114.119.160.143 - - [14/May/2020:03:46:40 -0700] "GET /content/audio?q=%23tentaclelove HTTP/1.1" 200 8282 "-" "Mozilla/5.0 (Linux; Android 7.0;) AppleWebKit/537.36 (KHTML, like Gecko) Mobile Safari/537.36 (compatible; AspiegelBot)" 
46.229.168.141 - - [14/May/2020:03:46:41 -0700] "GET /?offset=60&q=%23%2B%23bread HTTP/1.1" 200 11910 "-" "Mozilla/5.0 (compatible; SemrushBot/6~bl; +http://www.semrush.com/bot.html)" 
71.34.70.114 - - [14/May/2020:03:46:43 -0700] "GET /?_t=rss HTTP/1.1" 200 7680 "-" "Mozilla/5.0 (Windows NT 10.0; Win64; x64; rv:76.0) Gecko/20100101 Firefox/76.0" 
64.111.100.215 - - [14/May/2020:03:46:58 -0700] "GET /content/all?_t=rss HTTP/1.1" 200 14982 "-" "Mozilla/5.0 (X11; U; Linux i686; fr; rv:1.9.1.1) Gecko/20090715 Firefox/3.5.1" 
62.210.92.16 - - [14/May/2020:03:47:01 -0700] "GET /profile/jeremy HTTP/1.1" 200 30129 "-" "BarkRowler/0.9 (+https://babbar.tech/crawler)" 
96.126.125.129 - - [14/May/2020:03:47:44 -0700] "GET /content/statusupdates/posts/photos/checkins/bookmarkedpages?_t=rss HTTP/1.1" 200 10205 "-" "Micro.blog/1.0" 
207.46.13.92 - - [14/May/2020:03:47:52 -0700] "GET /2019/welcome-back-to-my-plate-agretti HTTP/1.1" 200 15786 "-" "Mozilla/5.0 (compatible; bingbot/2.0; +http://www.bing.com/bingbot.htm)" 
46.229.168.145 - - [14/May/2020:03:47:58 -0700] "GET /content/photos/?offset=31&q=%23sourdough HTTP/1.1" 200 11528 "-" "Mozilla/5.0 (compatible; SemrushBot/6~bl; +http://www.semrush.com/bot.html)" 
46.229.168.134 - - [14/May/2020:03:48:40 -0700] "GET /profile/jeremy?offset=160 HTTP/1.1" 200 17345 "-" "Mozilla/5.0 (compatible; SemrushBot/6~bl; +http://www.semrush.com/bot.html)" 
54.39.177.198 - - [14/May/2020:03:48:53 -0700] "GET /content/all?_t=rss HTTP/1.1" 200 7430 "-" "Mozilla/5.0 (compatible; YaK/1.0; http://linkfluence.com/; bot@linkfluence.com)" 
46.229.168.141 - - [14/May/2020:03:49:23 -0700] "GET /content/bookmarkedpages/?q=%23%2B%23blossomsoflight HTTP/1.1" 200 8535 "-" "Mozilla/5.0 (compatible; SemrushBot/6~bl; +http://www.semrush.com/bot.html)" 
46.229.168.150 - - [14/May/2020:03:49:24 -0700] "GET /content/photos/?q=%23Rye HTTP/1.1" 200 12447 "-" "Mozilla/5.0 (compatible; SemrushBot/6~bl; +http://www.semrush.com/bot.html)" 
40.77.167.166 - - [14/May/2020:03:49:46 -0700] "GET /file/27a51d2542a6c0e7256cf9a85c165326 HTTP/1.1" 200 16876 "-" "Mozilla/5.0 (compatible; bingbot/2.0; +http://www.bing.com/bingbot.htm)" 
71.34.70.114 - - [14/May/2020:03:49:56 -0700] "GET /?_t=rss HTTP/1.1" 200 4501 "-" "Mozilla/5.0 (Windows NT 10.0; Win64; x64; rv:76.0) Gecko/20100101 Firefox/76.0" 
62.210.92.16 - - [14/May/2020:03:50:01 -0700] "GET /2018/2018-01-12 HTTP/1.1" 200 9574 "-" "BarkRowler/0.9 (+https://babbar.tech/crawler)" 
92.247.181.17 - - [14/May/2020:03:50:27 -0700] "GET /?_t=rss HTTP/1.1" 304 3475 "https://stream.jeremycherfas.net/" "Mozilla/5.0 (compatible; inoreader.com; 1 subscribers)" 
96.126.125.129 - - [14/May/2020:03:51:26 -0700] "GET /content/statusupdates/posts/photos/checkins/bookmarkedpages?_t=rss HTTP/1.1" 200 10205 "-" "Micro.blog/1.0" 
207.46.13.93 - - [14/May/2020:03:51:30 -0700] "GET /2017/black-pepper-adapted-from-danlepard-perfect-with-peanut-butter-recipe HTTP/1.1" 200 11190 "-" "Mozilla/5.0 (compatible; bingbot/2.0; +http://www.bing.com/bingbot.htm)" 
71.34.70.114 - - [14/May/2020:03:52:35 -0700] "GET /?_t=rss HTTP/1.1" 200 7680 "-" "Mozilla/5.0 (Windows NT 10.0; Win64; x64; rv:76.0) Gecko/20100101 Firefox/76.0" 
40.77.167.166 - - [14/May/2020:03:52:42 -0700] "GET /2020/jpnudell-apparently-long-threads-can-get-lost?_t=rss HTTP/1.1" 200 5523 "-" "Mozilla/5.0 (compatible; bingbot/2.0; +http://www.bing.com/bingbot.htm)" 
46.229.168.134 - - [14/May/2020:03:52:43 -0700] "GET /2020/webby2001-of-course-it-could-easily-evaporate HTTP/1.1" 200 9715 "-" "Mozilla/5.0 (compatible; SemrushBot/6~bl; +http://www.semrush.com/bot.html)" 
62.210.92.16 - - [14/May/2020:03:53:29 -0700] "GET /2017/kongaloosh HTTP/1.1" 200 9639 "-" "BarkRowler/0.9 (+https://babbar.tech/crawler)" 
46.229.168.133 - - [14/May/2020:03:53:50 -0700] "GET /2018/our-daily-bread-29---its-a-hard-grain-3zvt30lb5re HTTP/1.1" 200 15648 "-" "Mozilla/5.0 (compatible; SemrushBot/6~bl; +http://www.semrush.com/bot.html)" 
96.126.125.129 - - [14/May/2020:03:55:17 -0700] "GET /content/statusupdates/posts/photos/checkins/bookmarkedpages?_t=rss HTTP/1.1" 200 10205 "-" "Micro.blog/1.0" 
71.34.70.114 - - [14/May/2020:03:55:18 -0700] "GET /?_t=rss HTTP/1.1" 200 4501 "-" "Mozilla/5.0 (Windows NT 10.0; Win64; x64; rv:76.0) Gecko/20100101 Firefox/76.0" 
66.249.66.48 - - [14/May/2020:03:55:45 -0700] "GET /robots.txt HTTP/1.1" 200 4589 "-" "Mozilla/5.0 (compatible; Googlebot/2.1; +http://www.google.com/bot.html)" 
66.249.66.44 - - [14/May/2020:03:55:45 -0700] "GET /view/1a83c9ad26ea6e1f92100a1eaf09354e HTTP/1.1" 200 9701 "-" "Mozilla/5.0 (Linux; Android 6.0.1; Nexus 5X Build/MMB29P) AppleWebKit/537.36 (KHTML, like Gecko) Chrome/41.0.2272.96 Mobile Safari/537.36 (compatible; Googlebot/2.1; +http://www.google.com/bot.html)" 
46.229.168.143 - - [14/May/2020:03:55:51 -0700] "GET /?offset=35&q=%23Sourdough HTTP/1.1" 200 11401 "-" "Mozilla/5.0 (compatible; SemrushBot/6~bl; +http://www.semrush.com/bot.html)" 
62.210.92.16 - - [14/May/2020:03:56:34 -0700] "GET / HTTP/1.1" 200 11767 "-" "BarkRowler/0.9 (+https://babbar.tech/crawler)" 
46.229.168.150 - - [14/May/2020:03:56:59 -0700] "GET /content/photos/?q=%23trypod HTTP/1.1" 200 8521 "-" "Mozilla/5.0 (compatible; SemrushBot/6~bl; +http://www.semrush.com/bot.html)" 
46.229.168.143 - - [14/May/2020:03:57:14 -0700] "GET /robots.txt HTTP/1.1" 200 4552 "-" "Mozilla/5.0 (compatible; SemrushBot/6~bl; +http://www.semrush.com/bot.html)" 
46.229.168.143 - - [14/May/2020:03:57:15 -0700] "GET /2018/2018-06-11 HTTP/1.1" 200 9726 "-" "Mozilla/5.0 (compatible; SemrushBot/6~bl; +http://www.semrush.com/bot.html)" 
66.249.66.44 - - [14/May/2020:03:57:19 -0700] "GET /content/all?offset=1063 HTTP/1.1" 200 12113 "-" "Mozilla/5.0 (Linux; Android 6.0.1; Nexus 5X Build/MMB29P) AppleWebKit/537.36 (KHTML, like Gecko) Chrome/41.0.2272.96 Mobile Safari/537.36 (compatible; Googlebot/2.1; +http://www.google.com/bot.html)" 
46.229.168.133 - - [14/May/2020:03:57:22 -0700] "GET /content/posts/?q=%23trypod HTTP/1.1" 200 8491 "-" "Mozilla/5.0 (compatible; SemrushBot/6~bl; +http://www.semrush.com/bot.html)" 
71.34.70.114 - - [14/May/2020:03:58:00 -0700] "GET /?_t=rss HTTP/1.1" 200 7680 "-" "Mozilla/5.0 (Windows NT 10.0; Win64; x64; rv:76.0) Gecko/20100101 Firefox/76.0" 
207.46.13.92 - - [14/May/2020:03:58:23 -0700] "GET /file/aa9f9044d1f3f54374bc2bd1dedd6914/igKv0YZj.jpg HTTP/1.1" 404 8208 "-" "Mozilla/5.0 (compatible; bingbot/2.0; +http://www.bing.com/bingbot.htm)" 
46.229.168.161 - - [14/May/2020:03:59:02 -0700] "GET /content/photos?offset=110 HTTP/1.1" 200 10915 "-" "Mozilla/5.0 (compatible; SemrushBot/6~bl; +http://www.semrush.com/bot.html)" 
207.46.13.83 - - [14/May/2020:03:59:07 -0700] "GET /file/88d51a6085403555e548502a45ef52e5 HTTP/1.1" 200 11013 "-" "Mozilla/5.0 (compatible; bingbot/2.0; +http://www.bing.com/bingbot.htm)" 
62.210.92.16 - - [14/May/2020:03:59:22 -0700] "GET /2018/thanks-aaron-for-your-mention-of-my HTTP/1.1" 200 9563 "-" "BarkRowler/0.9 (+https://babbar.tech/crawler)" 
18.208.251.188 - - [14/May/2020:04:00:16 -0700] "GET /?_t=rss HTTP/1.1" 200 7643 "-" "glitch-feeder/1.0 (+https://glitch.com/~lmo-feeder)" 
71.34.70.114 - - [14/May/2020:04:01:16 -0700] "GET /?_t=rss HTTP/1.1" 200 4501 "-" "Mozilla/5.0 (Windows NT 10.0; Win64; x64; rv:76.0) Gecko/20100101 Firefox/76.0" 
66.249.66.46 - - [14/May/2020:04:01:53 -0700] "GET /2020/2020-03-17 HTTP/1.1" 304 3742 "-" "Mozilla/5.0 (Linux; Android 6.0.1; Nexus 5X Build/MMB29P) AppleWebKit/537.36 (KHTML, like Gecko) Chrome/41.0.2272.96 Mobile Safari/537.36 (compatible; Googlebot/2.1; +http://www.google.com/bot.html)" 
46.229.168.151 - - [14/May/2020:04:02:04 -0700] "GET /content/rsvp/?q=%2310DoT HTTP/1.1" 200 8518 "-" "Mozilla/5.0 (compatible; SemrushBot/6~bl; +http://www.semrush.com/bot.html)" 
64.111.100.215 - - [14/May/2020:04:02:17 -0700] "GET /content/all?_t=rss HTTP/1.1" 200 14982 "-" "Mozilla/5.0 (X11; U; Linux i686; fr; rv:1.9.1.1) Gecko/20090715 Firefox/3.5.1" 
114.119.165.37 - - [14/May/2020:04:02:19 -0700] "GET /content/statusupdates?offset=170 HTTP/1.1" 200 11102 "-" "Mozilla/5.0 (Linux; Android 7.0;) AppleWebKit/537.36 (KHTML, like Gecko) Mobile Safari/537.36 (compatible; AspiegelBot)" 
66.249.92.47 - - [14/May/2020:04:02:36 -0700] "GET /2018/whats-the-problem HTTP/1.1" 200 10876 "-" "Mozilla/5.0 (compatible; GoogleDocs; apps-spreadsheets; +http://docs.google.com)" 
62.210.92.16 - - [14/May/2020:04:02:36 -0700] "GET /2019/here-we-go-again-with-new-york HTTP/1.1" 200 9431 "-" "BarkRowler/0.9 (+https://babbar.tech/crawler)" 
46.229.168.145 - - [14/May/2020:04:02:37 -0700] "GET /?offset=77&q=%23%2B%23IndieWeb HTTP/1.1" 200 13879 "-" "Mozilla/5.0 (compatible; SemrushBot/6~bl; +http://www.semrush.com/bot.html)" 
54.36.148.10 - - [14/May/2020:04:03:00 -0700] "GET /2018/chris-aldrich HTTP/1.1" 200 9235 "-" "Mozilla/5.0 (compatible; AhrefsBot/6.1; +http://ahrefs.com/robot/)" 
167.172.219.252 - - [14/May/2020:04:03:56 -0700] "GET /?_t=rss HTTP/1.1" 304 3475 "-" "Feedbin feed-id:1536727 - 1 subscribers" 
71.34.70.114 - - [14/May/2020:04:04:32 -0700] "GET /?_t=rss HTTP/1.1" 200 7680 "-" "Mozilla/5.0 (Windows NT 10.0; Win64; x64; rv:76.0) Gecko/20100101 Firefox/76.0" 
46.229.168.135 - - [14/May/2020:04:04:39 -0700] "GET /?offset=40&q=%23%2B%23podcast HTTP/1.1" 200 12314 "-" "Mozilla/5.0 (compatible; SemrushBot/6~bl; +http://www.semrush.com/bot.html)" 
46.229.168.161 - - [14/May/2020:04:04:41 -0700] "GET /?offset=29&q=%23sourdough HTTP/1.1" 200 11513 "-" "Mozilla/5.0 (compatible; SemrushBot/6~bl; +http://www.semrush.com/bot.html)" 
66.249.66.44 - - [14/May/2020:04:05:13 -0700] "GET /content/all?_t=amp&offset=1716 HTTP/1.1" 200 12429 "-" "Mozilla/5.0 (Linux; Android 6.0.1; Nexus 5X Build/MMB29P) AppleWebKit/537.36 (KHTML, like Gecko) Chrome/41.0.2272.96 Mobile Safari/537.36 (compatible; Googlebot/2.1; +http://www.google.com/bot.html)" 
66.249.66.46 - - [14/May/2020:04:05:16 -0700] "GET /service/web/unfurl/?url=https%3A%2F%2Fwww.newyorker.com%2Fculture%2Fculture-desk%2Fwhy-are-so-many-fascist-monuments-still-standing-in-italy&__bTk=3eec8bcd67b4b2e93a55cf66a2122cd213cc149f334395fc089c9e91fcc562e3&__bTs=1588767473 HTTP/1.1" 403 4675 "https://stream.jeremycherfas.net/content/all?_t=amp&offset=1716" "Mozilla/5.0 (Linux; Android 6.0.1; Nexus 5X Build/MMB29P) AppleWebKit/537.36 (KHTML, like Gecko) Chrome/81.0.4044.108 Mobile Safari/537.36 (compatible; Googlebot/2.1; +http://www.google.com/bot.html)" 
66.249.66.48 - - [14/May/2020:04:05:16 -0700] "GET /service/web/unfurl/?url=https%3A%2F%2Fwww.theguardian.com%2Fcommentisfree%2F2017%2Foct%2F08%2Ffacebook-zuckerberg-in-a-hole-data-mining-business-model&__bTk=3eec8bcd67b4b2e93a55cf66a2122cd213cc149f334395fc089c9e91fcc562e3&__bTs=1588767473 HTTP/1.1" 403 4685 "https://stream.jeremycherfas.net/content/all?_t=amp&offset=1716" "Mozilla/5.0 (Linux; Android 6.0.1; Nexus 5X Build/MMB29P) AppleWebKit/537.36 (KHTML, like Gecko) Chrome/81.0.4044.108 Mobile Safari/537.36 (compatible; Googlebot/2.1; +http://www.google.com/bot.html)" 
66.249.66.46 - - [14/May/2020:04:05:17 -0700] "GET /service/web/unfurl/?url=http%3A%2F%2Fmemex.naughtons.org%2Farchives%2F2017%2F10%2F01%2F24926&__bTk=3eec8bcd67b4b2e93a55cf66a2122cd213cc149f334395fc089c9e91fcc562e3&__bTs=1588767473 HTTP/1.1" 403 4627 "https://stream.jeremycherfas.net/content/all?_t=amp&offset=1716" "Mozilla/5.0 (Linux; Android 6.0.1; Nexus 5X Build/MMB29P) AppleWebKit/537.36 (KHTML, like Gecko) Chrome/81.0.4044.108 Mobile Safari/537.36 (compatible; Googlebot/2.1; +http://www.google.com/bot.html)" 
66.249.66.44 - - [14/May/2020:04:05:17 -0700] "GET /service/web/unfurl/?url=http%3A%2F%2Fwww.sfexaminer.com%2Fsf-mandate-large-grocers-disclose-antibiotics-used-meat%2F&__bTk=3eec8bcd67b4b2e93a55cf66a2122cd213cc149f334395fc089c9e91fcc562e3&__bTs=1588767473 HTTP/1.1" 403 4651 "https://stream.jeremycherfas.net/content/all?_t=amp&offset=1716" "Mozilla/5.0 (Linux; Android 6.0.1; Nexus 5X Build/MMB29P) AppleWebKit/537.36 (KHTML, like Gecko) Chrome/81.0.4044.108 Mobile Safari/537.36 (compatible; Googlebot/2.1; +http://www.google.com/bot.html)" 
66.249.66.46 - - [14/May/2020:04:05:18 -0700] "GET /service/web/unfurl/?url=https%3A%2F%2Ftedium.co%2F2017%2F09%2F06%2Fyoutube-demonetization-problem%2F&__bTk=3eec8bcd67b4b2e93a55cf66a2122cd213cc149f334395fc089c9e91fcc562e3&__bTs=1588767473 HTTP/1.1" 403 1318 "https://stream.jeremycherfas.net/content/all?_t=amp&offset=1716" "Mozilla/5.0 (Linux; Android 6.0.1; Nexus 5X Build/MMB29P) AppleWebKit/537.36 (KHTML, like Gecko) Chrome/81.0.4044.108 Mobile Safari/537.36 (compatible; Googlebot/2.1; +http://www.google.com/bot.html)" 
66.249.66.46 - - [14/May/2020:04:05:19 -0700] "GET /service/web/unfurl/?url=http%3A%2F%2Fwww.sfexaminer.com%2Fsf-mandate-large-grocers-disclose-antibiotics-used-meat%2F&__bTk=3eec8bcd67b4b2e93a55cf66a2122cd213cc149f334395fc089c9e91fcc562e3&__bTs=1588767473 HTTP/1.1" 403 1334 "https://stream.jeremycherfas.net/content/all?_t=amp&offset=1716" "Mozilla/5.0 (Linux; Android 6.0.1; Nexus 5X Build/MMB29P) AppleWebKit/537.36 (KHTML, like Gecko) Chrome/81.0.4044.108 Mobile Safari/537.36 (compatible; Googlebot/2.1; +http://www.google.com/bot.html)" 
46.229.168.141 - - [14/May/2020:04:05:35 -0700] "GET /2020/view-from-a-hide HTTP/1.1" 200 9534 "-" "Mozilla/5.0 (compatible; SemrushBot/6~bl; +http://www.semrush.com/bot.html)" 
62.210.92.16 - - [14/May/2020:04:05:47 -0700] "GET /2019/forewarned-is-forearmed-thanks HTTP/1.1" 200 9240 "-" "BarkRowler/0.9 (+https://babbar.tech/crawler)" 
207.46.13.83 - - [14/May/2020:04:07:20 -0700] "GET /2018/words-to-live-by----and-not-just-for-web HTTP/1.1" 200 9602 "-" "Mozilla/5.0 (compatible; bingbot/2.0; +http://www.bing.com/bingbot.htm)" 
71.34.70.114 - - [14/May/2020:04:07:40 -0700] "GET /?_t=rss HTTP/1.1" 200 4501 "-" "Mozilla/5.0 (Windows NT 10.0; Win64; x64; rv:76.0) Gecko/20100101 Firefox/76.0" 
62.210.92.16 - - [14/May/2020:04:08:50 -0700] "GET /2018/-indieauth-for-wordpress HTTP/1.1" 200 9335 "-" "BarkRowler/0.9 (+https://babbar.tech/crawler)" 
96.126.125.129 - - [14/May/2020:04:09:14 -0700] "GET /content/statusupdates/posts/photos/checkins/bookmarkedpages?_t=rss HTTP/1.1" 200 10205 "-" "Micro.blog/1.0" 
46.229.168.146 - - [14/May/2020:04:09:39 -0700] "GET /content/all/?offset=30&q=%23%2B%23%23bread HTTP/1.1" 200 12974 "-" "Mozilla/5.0 (compatible; SemrushBot/6~bl; +http://www.semrush.com/bot.html)" 
71.34.70.114 - - [14/May/2020:04:10:20 -0700] "GET /?_t=rss HTTP/1.1" 200 7680 "-" "Mozilla/5.0 (Windows NT 10.0; Win64; x64; rv:76.0) Gecko/20100101 Firefox/76.0" 
40.77.167.166 - - [14/May/2020:04:10:43 -0700] "GET /2019/ive-mostly-given-up-on-aperol?_t=rss HTTP/1.1" 200 5571 "-" "Mozilla/5.0 (compatible; bingbot/2.0; +http://www.bing.com/bingbot.htm)" 
46.229.168.146 - - [14/May/2020:04:10:46 -0700] "GET /2018/two-very-different-kinds-of-illustration-because-of-nicole-fenton HTTP/1.1" 200 9627 "-" "Mozilla/5.0 (compatible; SemrushBot/6~bl; +http://www.semrush.com/bot.html)" 
46.229.168.146 - - [14/May/2020:04:11:19 -0700] "GET /content/all/?q=%23Rye HTTP/1.1" 200 12429 "-" "Mozilla/5.0 (compatible; SemrushBot/6~bl; +http://www.semrush.com/bot.html)" 
62.210.92.16 - - [14/May/2020:04:11:52 -0700] "GET /2018/how-long-should-a-podcast-be HTTP/1.1" 200 10423 "-" "BarkRowler/0.9 (+https://babbar.tech/crawler)" 
66.249.66.44 - - [14/May/2020:04:12:02 -0700] "GET /2020/i-fully-endorse-this-proposal HTTP/1.1" 304 3742 "-" "Mozilla/5.0 (Linux; Android 6.0.1; Nexus 5X Build/MMB29P) AppleWebKit/537.36 (KHTML, like Gecko) Chrome/41.0.2272.96 Mobile Safari/537.36 (compatible; Googlebot/2.1; +http://www.google.com/bot.html)" 
106.207.14.132 - - [14/May/2020:04:12:08 -0700] "GET /2018/artificial-intelligence HTTP/1.1" 200 10980 "-" "Mozilla/5.0 (Windows NT 6.1; Win64; x64; rv:75.0) Gecko/20100101 Firefox/75.0" 
106.207.14.132 - - [14/May/2020:04:12:09 -0700] "GET /vendor/twbs/bootstrap/dist/css/bootstrap.min.css HTTP/1.1" 200 20777 "https://stream.jeremycherfas.net/2018/artificial-intelligence" "Mozilla/5.0 (Windows NT 6.1; Win64; x64; rv:75.0) Gecko/20100101 Firefox/75.0" 
106.207.14.132 - - [14/May/2020:04:12:09 -0700] "GET /vendor/npm-asset/bootstrap-accessibility-plugin/plugins/css/bootstrap-accessibility.css HTTP/1.1" 200 4338 "https://stream.jeremycherfas.net/2018/artificial-intelligence" "Mozilla/5.0 (Windows NT 6.1; Win64; x64; rv:75.0) Gecko/20100101 Firefox/75.0" 
106.207.14.132 - - [14/May/2020:04:12:09 -0700] "GET /vendor/idno/mentionjs/recommended-styles.css HTTP/1.1" 200 682 "https://stream.jeremycherfas.net/2018/artificial-intelligence" "Mozilla/5.0 (Windows NT 6.1; Win64; x64; rv:75.0) Gecko/20100101 Firefox/75.0" 
106.207.14.132 - - [14/May/2020:04:12:10 -0700] "GET /vendor/forkawesome/fork-awesome/css/fork-awesome.min.css HTTP/1.1" 200 9061 "https://stream.jeremycherfas.net/2018/artificial-intelligence" "Mozilla/5.0 (Windows NT 6.1; Win64; x64; rv:75.0) Gecko/20100101 Firefox/75.0" 
106.207.14.132 - - [14/May/2020:04:12:10 -0700] "GET /vendor/forkawesome/fork-awesome/css/v5-compat.min.css HTTP/1.1" 200 2754 "https://stream.jeremycherfas.net/2018/artificial-intelligence" "Mozilla/5.0 (Windows NT 6.1; Win64; x64; rv:75.0) Gecko/20100101 Firefox/75.0" 
106.207.14.132 - - [14/May/2020:04:12:10 -0700] "GET /css/1579440965/known.min.css HTTP/1.1" 200 7896 "https://stream.jeremycherfas.net/2018/artificial-intelligence" "Mozilla/5.0 (Windows NT 6.1; Win64; x64; rv:75.0) Gecko/20100101 Firefox/75.0" 
106.207.14.132 - - [14/May/2020:04:12:10 -0700] "GET /IdnoPlugins/Checkin/external/leaflet/leaflet.min.css HTTP/1.1" 200 2556 "https://stream.jeremycherfas.net/2018/artificial-intelligence" "Mozilla/5.0 (Windows NT 6.1; Win64; x64; rv:75.0) Gecko/20100101 Firefox/75.0" 
106.207.14.132 - - [14/May/2020:04:12:10 -0700] "GET /vendor/npm-asset/jquery/dist/jquery.min.js HTTP/1.1" 200 32009 "https://stream.jeremycherfas.net/2018/artificial-intelligence" "Mozilla/5.0 (Windows NT 6.1; Win64; x64; rv:75.0) Gecko/20100101 Firefox/75.0" 
106.207.14.132 - - [14/May/2020:04:12:11 -0700] "GET /vendor/npm-asset/bootstrap-accessibility-plugin/plugins/js/bootstrap-accessibility.min.js HTTP/1.1" 200 4813 "https://stream.jeremycherfas.net/2018/artificial-intelligence" "Mozilla/5.0 (Windows NT 6.1; Win64; x64; rv:75.0) Gecko/20100101 Firefox/75.0" 
106.207.14.132 - - [14/May/2020:04:12:11 -0700] "GET /js/1579440966/known.min.js HTTP/1.1" 200 4924 "https://stream.jeremycherfas.net/2018/artificial-intelligence" "Mozilla/5.0 (Windows NT 6.1; Win64; x64; rv:75.0) Gecko/20100101 Firefox/75.0" 
106.207.14.132 - - [14/May/2020:04:12:11 -0700] "GET /vendor/npm-asset/bootstrap-toggle/css/bootstrap-toggle.min.css HTTP/1.1" 200 1199 "https://stream.jeremycherfas.net/2018/artificial-intelligence" "Mozilla/5.0 (Windows NT 6.1; Win64; x64; rv:75.0) Gecko/20100101 Firefox/75.0" 
106.207.14.132 - - [14/May/2020:04:12:11 -0700] "GET /vendor/twbs/bootstrap/dist/js/bootstrap.min.js HTTP/1.1" 200 11635 "https://stream.jeremycherfas.net/2018/artificial-intelligence" "Mozilla/5.0 (Windows NT 6.1; Win64; x64; rv:75.0) Gecko/20100101 Firefox/75.0" 
106.207.14.132 - - [14/May/2020:04:12:11 -0700] "GET /Themes/Solo/css/default.min.css HTTP/1.1" 200 1045 "https://stream.jeremycherfas.net/2018/artificial-intelligence" "Mozilla/5.0 (Windows NT 6.1; Win64; x64; rv:75.0) Gecko/20100101 Firefox/75.0" 
106.207.14.132 - - [14/May/2020:04:12:11 -0700] "GET /vendor/npm-asset/bootstrap-toggle/js/bootstrap-toggle.js HTTP/1.1" 200 2106 "https://stream.jeremycherfas.net/2018/artificial-intelligence" "Mozilla/5.0 (Windows NT 6.1; Win64; x64; rv:75.0) Gecko/20100101 Firefox/75.0" 
106.207.14.132 - - [14/May/2020:04:12:11 -0700] "GET /IdnoPlugins/Checkin/external/stamen-maps/tile.stamen.min.js HTTP/1.1" 200 2065 "https://stream.jeremycherfas.net/2018/artificial-intelligence" "Mozilla/5.0 (Windows NT 6.1; Win64; x64; rv:75.0) Gecko/20100101 Firefox/75.0" 
106.207.14.132 - - [14/May/2020:04:12:11 -0700] "GET /IdnoPlugins/Checkin/external/leaflet/leaflet.js HTTP/1.1" 200 34144 "https://stream.jeremycherfas.net/2018/artificial-intelligence" "Mozilla/5.0 (Windows NT 6.1; Win64; x64; rv:75.0) Gecko/20100101 Firefox/75.0" 
106.207.14.132 - - [14/May/2020:04:12:11 -0700] "GET /IdnoPlugins/Media/external/wavesurfer/dist/wavesurfer.min.js HTTP/1.1" 200 6858 "https://stream.jeremycherfas.net/2018/artificial-intelligence" "Mozilla/5.0 (Windows NT 6.1; Win64; x64; rv:75.0) Gecko/20100101 Firefox/75.0" 
106.207.14.132 - - [14/May/2020:04:12:11 -0700] "GET /vendor/npm-asset/mediaelement/build/mediaelementplayer.min.css HTTP/1.1" 200 3120 "https://stream.jeremycherfas.net/2018/artificial-intelligence" "Mozilla/5.0 (Windows NT 6.1; Win64; x64; rv:75.0) Gecko/20100101 Firefox/75.0" 
106.207.14.132 - - [14/May/2020:04:12:11 -0700] "GET /vendor/npm-asset/vanilla-fitvids/jquery.fitvids.js HTTP/1.1" 200 1873 "https://stream.jeremycherfas.net/2018/artificial-intelligence" "Mozilla/5.0 (Windows NT 6.1; Win64; x64; rv:75.0) Gecko/20100101 Firefox/75.0" 
106.207.14.132 - - [14/May/2020:04:12:12 -0700] "GET /vendor/rmm5t/jquery-timeago/jquery.timeago.js HTTP/1.1" 200 3015 "https://stream.jeremycherfas.net/2018/artificial-intelligence" "Mozilla/5.0 (Windows NT 6.1; Win64; x64; rv:75.0) Gecko/20100101 Firefox/75.0" 
106.207.14.132 - - [14/May/2020:04:12:12 -0700] "GET /vendor/rmm5t/jquery-timeago/locales/jquery.timeago.en.js HTTP/1.1" 200 1024 "https://stream.jeremycherfas.net/2018/artificial-intelligence" "Mozilla/5.0 (Windows NT 6.1; Win64; x64; rv:75.0) Gecko/20100101 Firefox/75.0" 
106.207.14.132 - - [14/May/2020:04:12:11 -0700] "GET /vendor/npm-asset/mediaelement/build/mediaelement-and-player.min.js HTTP/1.1" 200 41590 "https://stream.jeremycherfas.net/2018/artificial-intelligence" "Mozilla/5.0 (Windows NT 6.1; Win64; x64; rv:75.0) Gecko/20100101 Firefox/75.0" 
106.207.14.132 - - [14/May/2020:04:12:12 -0700] "GET /vendor/npm-asset/underscore/underscore-min.js HTTP/1.1" 200 7059 "https://stream.jeremycherfas.net/2018/artificial-intelligence" "Mozilla/5.0 (Windows NT 6.1; Win64; x64; rv:75.0) Gecko/20100101 Firefox/75.0" 
106.207.14.132 - - [14/May/2020:04:12:12 -0700] "GET /vendor/npm-asset/exif-js/exif.js HTTP/1.1" 200 9962 "https://stream.jeremycherfas.net/2018/artificial-intelligence" "Mozilla/5.0 (Windows NT 6.1; Win64; x64; rv:75.0) Gecko/20100101 Firefox/75.0" 
106.207.14.132 - - [14/May/2020:04:12:12 -0700] "GET /file/8eb8bff94cc87e84ab2f0abc93768204 HTTP/1.1" 200 5010 "https://stream.jeremycherfas.net/2018/artificial-intelligence" "Mozilla/5.0 (Windows NT 6.1; Win64; x64; rv:75.0) Gecko/20100101 Firefox/75.0" 
106.207.14.132 - - [14/May/2020:04:12:12 -0700] "GET /file/ef801e05730eba56004c5b712ad84731/thumb.jpg HTTP/1.1" 200 22619 "https://stream.jeremycherfas.net/2018/artificial-intelligence" "Mozilla/5.0 (Windows NT 6.1; Win64; x64; rv:75.0) Gecko/20100101 Firefox/75.0" 
106.207.14.132 - - [14/May/2020:04:12:12 -0700] "GET /file/84f015b02d02a46e632cdd79aa017f45 HTTP/1.1" 200 6655 "https://stream.jeremycherfas.net/2018/artificial-intelligence" "Mozilla/5.0 (Windows NT 6.1; Win64; x64; rv:75.0) Gecko/20100101 Firefox/75.0" 
106.207.14.132 - - [14/May/2020:04:12:12 -0700] "GET /file/9234f14a6fcebbd935702262da8d9a0f HTTP/1.1" 200 4770 "https://stream.jeremycherfas.net/2018/artificial-intelligence" "Mozilla/5.0 (Windows NT 6.1; Win64; x64; rv:75.0) Gecko/20100101 Firefox/75.0" 
106.207.14.132 - - [14/May/2020:04:12:13 -0700] "GET /gfx/users/default-04.png HTTP/1.1" 200 6442 "https://stream.jeremycherfas.net/2018/artificial-intelligence" "Mozilla/5.0 (Windows NT 6.1; Win64; x64; rv:75.0) Gecko/20100101 Firefox/75.0" 
106.207.14.132 - - [14/May/2020:04:12:13 -0700] "GET /file/79915b007b3f93b301ab61a622226025 HTTP/1.1" 200 6655 "https://stream.jeremycherfas.net/2018/artificial-intelligence" "Mozilla/5.0 (Windows NT 6.1; Win64; x64; rv:75.0) Gecko/20100101 Firefox/75.0" 
106.207.14.132 - - [14/May/2020:04:12:13 -0700] "GET /file/bdddcbc791def5aa51b16c37beea2c06 HTTP/1.1" 200 5010 "https://stream.jeremycherfas.net/2018/artificial-intelligence" "Mozilla/5.0 (Windows NT 6.1; Win64; x64; rv:75.0) Gecko/20100101 Firefox/75.0" 
106.207.14.132 - - [14/May/2020:04:12:13 -0700] "GET /gfx/users/default-01.png HTTP/1.1" 200 5798 "https://stream.jeremycherfas.net/2018/artificial-intelligence" "Mozilla/5.0 (Windows NT 6.1; Win64; x64; rv:75.0) Gecko/20100101 Firefox/75.0" 
106.207.14.132 - - [14/May/2020:04:12:13 -0700] "GET /gfx/users/default-00.png HTTP/1.1" 200 5798 "https://stream.jeremycherfas.net/2018/artificial-intelligence" "Mozilla/5.0 (Windows NT 6.1; Win64; x64; rv:75.0) Gecko/20100101 Firefox/75.0" 
