71.34.70.114 - - [21/May/2020:00:48:41 -0700] "GET /?_t=rss HTTP/1.1" 200 7856 "-" "Mozilla/5.0 (Windows NT 10.0; Win64; x64; rv:76.0) Gecko/20100101 Firefox/76.0" 
114.119.166.46 - - [21/May/2020:00:48:45 -0700] "GET /tag/+%23leaven?offset=0 HTTP/1.1" 200 12450 "-" "Mozilla/5.0 (Linux; Android 7.0;) AppleWebKit/537.36 (KHTML, like Gecko) Mobile Safari/537.36 (compatible; PetalBot;+https://aspiegel.com/petalbot)" 
46.229.168.163 - - [21/May/2020:00:48:54 -0700] "GET /content/all/?offset=43&q=%23Sourdough HTTP/1.1" 200 11734 "-" "Mozilla/5.0 (compatible; SemrushBot/6~bl; +http://www.semrush.com/bot.html)" 
157.55.39.163 - - [21/May/2020:00:49:21 -0700] "GET /2019/so-sorry-that-all-the-great-content?_t=rss HTTP/1.1" 200 5417 "-" "Mozilla/5.0 (compatible; bingbot/2.0; +http://www.bing.com/bingbot.htm)" 
45.79.26.51 - - [21/May/2020:00:49:54 -0700] "GET /content/statusupdates/posts/photos/checkins/bookmarkedpages?_t=rss HTTP/1.1" 200 7831 "-" "Micro.blog/1.0" 
46.229.168.136 - - [21/May/2020:00:50:20 -0700] "GET /content/all/?offset=14&q=%23sourdough HTTP/1.1" 200 12067 "-" "Mozilla/5.0 (compatible; SemrushBot/6~bl; +http://www.semrush.com/bot.html)" 
46.229.168.151 - - [21/May/2020:00:51:07 -0700] "GET /content/locations/?q=%23RSS HTTP/1.1" 200 8492 "-" "Mozilla/5.0 (compatible; SemrushBot/6~bl; +http://www.semrush.com/bot.html)" 
71.34.70.114 - - [21/May/2020:00:52:02 -0700] "GET /?_t=rss HTTP/1.1" 200 4677 "-" "Mozilla/5.0 (Windows NT 10.0; Win64; x64; rv:76.0) Gecko/20100101 Firefox/76.0" 
66.249.64.108 - - [21/May/2020:00:52:54 -0700] "GET /view/3505e6709f2d7d40ebf7c40cc776c858?_t=rss HTTP/1.1" 200 5410 "-" "Mozilla/5.0 (Linux; Android 6.0.1; Nexus 5X Build/MMB29P) AppleWebKit/537.36 (KHTML, like Gecko) Chrome/80.0.3987.92 Mobile Safari/537.36 (compatible; Googlebot/2.1; +http://www.google.com/bot.html)" 
46.229.168.154 - - [21/May/2020:00:52:56 -0700] "GET /profile/jeremy?offset=80 HTTP/1.1" 200 15386 "-" "Mozilla/5.0 (compatible; SemrushBot/6~bl; +http://www.semrush.com/bot.html)" 
71.34.70.114 - - [21/May/2020:00:54:36 -0700] "GET /?_t=rss HTTP/1.1" 200 7856 "-" "Mozilla/5.0 (Windows NT 10.0; Win64; x64; rv:76.0) Gecko/20100101 Firefox/76.0" 
46.229.168.146 - - [21/May/2020:00:54:51 -0700] "GET /2017/chris-aldrich-is-way-too-kind-but-it-is-the HTTP/1.1" 200 10174 "-" "Mozilla/5.0 (compatible; SemrushBot/6~bl; +http://www.semrush.com/bot.html)" 
46.229.168.137 - - [21/May/2020:00:54:56 -0700] "GET /?offset=5&q=%23sourdough HTTP/1.1" 200 12587 "-" "Mozilla/5.0 (compatible; SemrushBot/6~bl; +http://www.semrush.com/bot.html)" 
159.65.67.69 - - [21/May/2020:00:55:21 -0700] "GET /?_t=rss HTTP/1.1" 304 3475 "-" "Feedbin feed-id:1536727 - 1 subscribers" 
35.203.245.147 - - [21/May/2020:00:55:32 -0700] "HEAD / HTTP/1.1" 200 4525 "-" "Bridgy (https://brid.gy/about)" 
35.203.245.147 - - [21/May/2020:00:55:33 -0700] "GET / HTTP/1.1" 200 12286 "-" "Bridgy (https://brid.gy/about)" 
35.203.245.147 - - [21/May/2020:00:55:34 -0700] "HEAD /?_t=rss HTTP/1.1" 200 4496 "-" "Bridgy (https://brid.gy/about)" 
35.203.245.147 - - [21/May/2020:00:55:34 -0700] "HEAD /content/all?_t=rss HTTP/1.1" 200 4507 "-" "Bridgy (https://brid.gy/about)" 
35.203.245.147 - - [21/May/2020:00:55:35 -0700] "HEAD /content/all HTTP/1.1" 200 4536 "-" "Bridgy (https://brid.gy/about)" 
35.203.245.147 - - [21/May/2020:00:55:36 -0700] "GET /content/all HTTP/1.1" 200 12306 "-" "Bridgy (https://brid.gy/about)" 
35.203.245.147 - - [21/May/2020:00:55:39 -0700] "HEAD /2020/doordash-and-pizza-arbitrage HTTP/1.1" 200 4558 "-" "Bridgy (https://brid.gy/about)" 
35.203.245.147 - - [21/May/2020:00:55:40 -0700] "GET /2020/doordash-and-pizza-arbitrage HTTP/1.1" 200 9633 "-" "Bridgy (https://brid.gy/about)" 
207.241.232.121 - - [21/May/2020:00:55:43 -0700] "GET /2020/doordash-and-pizza-arbitrage HTTP/1.1" 200 9739 "-" "Known https://withknown.com" 
207.241.226.219 - - [21/May/2020:00:55:47 -0700] "GET /2020/doordash-and-pizza-arbitrage HTTP/1.1" 200 9742 "-" "Known https://withknown.com" 
35.203.245.147 - - [21/May/2020:00:55:40 -0700] "POST /webmention/ HTTP/1.1" 202 4320 "-" "Bridgy (https://brid.gy/about)" 
207.241.232.120 - - [21/May/2020:00:55:52 -0700] "GET /2020/doordash-and-pizza-arbitrage HTTP/1.1" 200 9840 "-" "Known https://withknown.com" 
207.241.232.121 - - [21/May/2020:00:55:55 -0700] "GET /2020/doordash-and-pizza-arbitrage HTTP/1.1" 200 6739 "-" "Known https://withknown.com" 
35.203.245.147 - - [21/May/2020:00:55:50 -0700] "POST /webmention/ HTTP/1.1" 202 4320 "-" "Bridgy (https://brid.gy/about)" 
114.119.161.85 - - [21/May/2020:00:56:01 -0700] "GET /tag/bread?offset=87 HTTP/1.1" 200 8796 "-" "Mozilla/5.0 (Linux; Android 7.0;) AppleWebKit/537.36 (KHTML, like Gecko) Mobile Safari/537.36 (compatible; PetalBot;+https://aspiegel.com/petalbot)" 
71.34.70.114 - - [21/May/2020:00:57:12 -0700] "GET /?_t=rss HTTP/1.1" 200 4677 "-" "Mozilla/5.0 (Windows NT 10.0; Win64; x64; rv:76.0) Gecko/20100101 Firefox/76.0" 
77.88.5.55 - - [21/May/2020:00:57:21 -0700] "GET /tag/Rye HTTP/1.1" 200 12341 "-" "Mozilla/5.0 (compatible; YandexBot/3.0; +http://yandex.com/bots)" 
46.229.168.143 - - [21/May/2020:00:58:59 -0700] "GET /content/all/?offset=38&q=%23%2B%23WithKnown HTTP/1.1" 200 11571 "-" "Mozilla/5.0 (compatible; SemrushBot/6~bl; +http://www.semrush.com/bot.html)" 
46.229.168.133 - - [21/May/2020:00:59:29 -0700] "GET /content/posts/?q=%23%2B%23%23indieweb HTTP/1.1" 200 17622 "-" "Mozilla/5.0 (compatible; SemrushBot/6~bl; +http://www.semrush.com/bot.html)" 
3.85.106.89 - - [21/May/2020:00:59:54 -0700] "GET /rss.xml HTTP/1.1" 304 3480 "https://www.google.com/" "Mozilla/5.0 (Macintosh; Intel Mac OS X 10_15_3) AppleWebKit/537.36 (KHTML, like Gecko) Chrome/80.0.3987.87 Safari/537.36" 
71.34.70.114 - - [21/May/2020:00:59:57 -0700] "GET /?_t=rss HTTP/1.1" 200 7856 "-" "Mozilla/5.0 (Windows NT 10.0; Win64; x64; rv:76.0) Gecko/20100101 Firefox/76.0" 
64.111.100.215 - - [21/May/2020:01:00:07 -0700] "GET /content/all?_t=rss HTTP/1.1" 200 15232 "-" "Mozilla/5.0 (X11; U; Linux i686; fr; rv:1.9.1.1) Gecko/20090715 Firefox/3.5.1" 
46.229.168.134 - - [21/May/2020:01:01:56 -0700] "GET /tag/Sourdough?offset=39 HTTP/1.1" 200 11589 "-" "Mozilla/5.0 (compatible; SemrushBot/6~bl; +http://www.semrush.com/bot.html)" 
66.249.64.110 - - [21/May/2020:01:02:22 -0700] "GET /2018/two-very-different-kinds-of-illustration-because-of-nicole-fenton?_t=rss HTTP/1.1" 200 5531 "-" "Mozilla/5.0 (Linux; Android 6.0.1; Nexus 5X Build/MMB29P) AppleWebKit/537.36 (KHTML, like Gecko) Chrome/80.0.3987.92 Mobile Safari/537.36 (compatible; Googlebot/2.1; +http://www.google.com/bot.html)" 
107.22.154.52 - - [21/May/2020:01:02:22 -0700] "GET /?_t=rss HTTP/1.1" 200 7819 "-" "glitch-feeder/1.0 (+https://glitch.com/~lmo-feeder)" 
71.34.70.114 - - [21/May/2020:01:02:40 -0700] "GET /?_t=rss HTTP/1.1" 200 4677 "-" "Mozilla/5.0 (Windows NT 10.0; Win64; x64; rv:76.0) Gecko/20100101 Firefox/76.0" 
114.119.160.61 - - [21/May/2020:01:03:20 -0700] "GET /content/rsvp?q=%23%2B%23leaven HTTP/1.1" 200 8316 "-" "Mozilla/5.0 (Linux; Android 7.0;) AppleWebKit/537.36 (KHTML, like Gecko) Mobile Safari/537.36 (compatible; PetalBot;+https://aspiegel.com/petalbot)" 
207.46.13.17 - - [21/May/2020:01:04:28 -0700] "GET /file/dc9d3b017f14129dd80fbb9ce35a5fee HTTP/1.1" 200 9213 "-" "Mozilla/5.0 (compatible; bingbot/2.0; +http://www.bing.com/bingbot.htm)" 
46.229.168.142 - - [21/May/2020:01:04:59 -0700] "GET /?q=%23non HTTP/1.1" 200 8456 "-" "Mozilla/5.0 (compatible; SemrushBot/6~bl; +http://www.semrush.com/bot.html)" 
71.34.70.114 - - [21/May/2020:01:05:28 -0700] "GET /?_t=rss HTTP/1.1" 200 7856 "-" "Mozilla/5.0 (Windows NT 10.0; Win64; x64; rv:76.0) Gecko/20100101 Firefox/76.0" 
66.249.64.178 - - [21/May/2020:01:05:30 -0700] "GET /2020/nhs-doctor-forget-medals-and-flypasts-what-we-want-is?_t=rss HTTP/1.1" 200 5540 "-" "Mozilla/5.0 (Linux; Android 6.0.1; Nexus 5X Build/MMB29P) AppleWebKit/537.36 (KHTML, like Gecko) Chrome/80.0.3987.92 Mobile Safari/537.36 (compatible; Googlebot/2.1; +http://www.google.com/bot.html)" 
157.55.39.251 - - [21/May/2020:01:08:21 -0700] "GET /file/f828791e3f5fdbb9b75c98dd4a3e9c8a/thumb.jpg HTTP/1.1" 200 149056 "-" "Mozilla/5.0 (compatible; bingbot/2.0; +http://www.bing.com/bingbot.htm)" 
71.34.70.114 - - [21/May/2020:01:08:28 -0700] "GET /?_t=rss HTTP/1.1" 200 4677 "-" "Mozilla/5.0 (Windows NT 10.0; Win64; x64; rv:76.0) Gecko/20100101 Firefox/76.0" 
157.55.39.251 - - [21/May/2020:01:08:36 -0700] "GET /file/b97b6809f1d6cd92cfecf9af5166ef76 HTTP/1.1" 404 8172 "-" "Mozilla/5.0 (compatible; bingbot/2.0; +http://www.bing.com/bingbot.htm)" 
40.77.167.33 - - [21/May/2020:01:10:13 -0700] "GET /2018/i-feel-there-ought-to-be-a-sorrel-harvesting-song-but HTTP/1.1" 200 12388 "-" "Mozilla/5.0 (compatible; bingbot/2.0; +http://www.bing.com/bingbot.htm)" 
114.119.162.106 - - [21/May/2020:01:10:38 -0700] "GET /content/all?q=%23indieweb&offset=142 HTTP/1.1" 200 8520 "-" "Mozilla/5.0 (Linux; Android 7.0;) AppleWebKit/537.36 (KHTML, like Gecko) Mobile Safari/537.36 (compatible; PetalBot;+https://aspiegel.com/petalbot)" 
46.229.168.151 - - [21/May/2020:01:10:48 -0700] "GET /content/rsvp/?q=%23%2B%23rye HTTP/1.1" 200 8498 "-" "Mozilla/5.0 (compatible; SemrushBot/6~bl; +http://www.semrush.com/bot.html)" 
71.34.70.114 - - [21/May/2020:01:11:35 -0700] "GET /?_t=rss HTTP/1.1" 200 7856 "-" "Mozilla/5.0 (Windows NT 10.0; Win64; x64; rv:76.0) Gecko/20100101 Firefox/76.0" 
66.249.64.110 - - [21/May/2020:01:11:50 -0700] "GET /content/rsvp/?q=%2523withknown&_t=rss HTTP/1.1" 200 5081 "-" "Mozilla/5.0 (Linux; Android 6.0.1; Nexus 5X Build/MMB29P) AppleWebKit/537.36 (KHTML, like Gecko) Chrome/80.0.3987.92 Mobile Safari/537.36 (compatible; Googlebot/2.1; +http://www.google.com/bot.html)" 
66.249.64.112 - - [21/May/2020:01:11:50 -0700] "GET /robots.txt HTTP/1.1" 200 4589 "-" "Mozilla/5.0 (compatible; Googlebot/2.1; +http://www.google.com/bot.html)" 
207.46.13.111 - - [21/May/2020:01:14:07 -0700] "GET /file/20bf920bf3c032e7d6ebc2549a5b9e22/thumb.jpg HTTP/1.1" 200 46389 "-" "Mozilla/5.0 (compatible; bingbot/2.0; +http://www.bing.com/bingbot.htm)" 
71.34.70.114 - - [21/May/2020:01:14:20 -0700] "GET /?_t=rss HTTP/1.1" 200 4677 "-" "Mozilla/5.0 (Windows NT 10.0; Win64; x64; rv:76.0) Gecko/20100101 Firefox/76.0" 
64.111.100.215 - - [21/May/2020:01:15:28 -0700] "GET /content/all?_t=rss HTTP/1.1" 200 15232 "-" "Mozilla/5.0 (X11; U; Linux i686; fr; rv:1.9.1.1) Gecko/20090715 Firefox/3.5.1" 
46.229.168.153 - - [21/May/2020:01:15:40 -0700] "GET /file/55a8a2af889c7ab9a7030c4abe70bf82/4d945af5d82c91fbdb756890d22dee05 HTTP/1.1" 500 78451 "-" "Mozilla/5.0 (compatible; SemrushBot/6~bl; +http://www.semrush.com/bot.html)" 
207.46.13.111 - - [21/May/2020:01:16:01 -0700] "GET /2018/the-value-of-charts----podcast-or?_t=rss HTTP/1.1" 200 5707 "-" "Mozilla/5.0 (compatible; bingbot/2.0; +http://www.bing.com/bingbot.htm)" 
46.229.168.141 - - [21/May/2020:01:16:37 -0700] "GET /2019/ive-been-subscribing-to-craig-mod-for HTTP/1.1" 200 9741 "-" "Mozilla/5.0 (compatible; SemrushBot/6~bl; +http://www.semrush.com/bot.html)" 
71.34.70.114 - - [21/May/2020:01:17:14 -0700] "GET /?_t=rss HTTP/1.1" 200 7856 "-" "Mozilla/5.0 (Windows NT 10.0; Win64; x64; rv:76.0) Gecko/20100101 Firefox/76.0" 
66.249.64.108 - - [21/May/2020:01:17:37 -0700] "GET /2020/meeting-of-the-withknown-open-collective HTTP/1.1" 200 9689 "-" "Mozilla/5.0 (Linux; Android 6.0.1; Nexus 5X Build/MMB29P) AppleWebKit/537.36 (KHTML, like Gecko) Chrome/80.0.3987.92 Mobile Safari/537.36 (compatible; Googlebot/2.1; +http://www.google.com/bot.html)" 
77.88.5.154 - - [21/May/2020:01:17:49 -0700] "GET /content/events/ HTTP/1.1" 200 9849 "-" "Mozilla/5.0 (compatible; YandexBot/3.0; +http://yandex.com/bots)" 
114.119.162.106 - - [21/May/2020:01:17:59 -0700] "GET /file/7c430d1b691bfd0775aa0ea1c358cf94/thumb.jpg HTTP/1.1" 200 82205 "-" "Mozilla/5.0 (Linux; Android 7.0;) AppleWebKit/537.36 (KHTML, like Gecko) Mobile Safari/537.36 (compatible; PetalBot;+https://aspiegel.com/petalbot)" 
46.229.168.147 - - [21/May/2020:01:18:01 -0700] "GET /content/rsvp/?q=%23lemons HTTP/1.1" 200 8489 "-" "Mozilla/5.0 (compatible; SemrushBot/6~bl; +http://www.semrush.com/bot.html)" 
45.79.26.51 - - [21/May/2020:01:18:45 -0700] "GET /content/statusupdates/posts/photos/checkins/bookmarkedpages?_t=rss HTTP/1.1" 200 7831 "-" "Micro.blog/1.0" 
46.229.168.134 - - [21/May/2020:01:19:12 -0700] "GET /?offset=110&q=%23Indieweb HTTP/1.1" 200 12159 "-" "Mozilla/5.0 (compatible; SemrushBot/6~bl; +http://www.semrush.com/bot.html)" 
66.249.64.112 - - [21/May/2020:01:19:19 -0700] "GET /2018/mixed-and-kneaded-and-ready-for-bulk-fermentation HTTP/1.1" 304 3742 "-" "Mozilla/5.0 (Linux; Android 6.0.1; Nexus 5X Build/MMB29P) AppleWebKit/537.36 (KHTML, like Gecko) Chrome/80.0.3987.92 Mobile Safari/537.36 (compatible; Googlebot/2.1; +http://www.google.com/bot.html)" 
40.77.167.33 - - [21/May/2020:01:19:48 -0700] "GET /file/2cb111f6b607aeae8135d7bbf00ed263 HTTP/1.1" 200 10334 "-" "Mozilla/5.0 (compatible; bingbot/2.0; +http://www.bing.com/bingbot.htm)" 
173.230.155.197 - - [21/May/2020:01:20:19 -0700] "GET / HTTP/1.1" 200 55380 "-" "Mozilla/5.0 (Macintosh; Intel Mac OS X 10_12_1) AppleWebKit/537.36 (KHTML, like Gecko) Chrome/57.0.2987.133 Safari/537.36 p3k-http/0.1.5 p3k-watchtower/0.1" 
71.34.70.114 - - [21/May/2020:01:20:24 -0700] "GET /?_t=rss HTTP/1.1" 200 4677 "-" "Mozilla/5.0 (Windows NT 10.0; Win64; x64; rv:76.0) Gecko/20100101 Firefox/76.0" 
66.249.64.110 - - [21/May/2020:01:21:18 -0700] "GET /content/audio/?q=%2523Indieweb HTTP/1.1" 200 8532 "-" "Mozilla/5.0 (Linux; Android 6.0.1; Nexus 5X Build/MMB29P) AppleWebKit/537.36 (KHTML, like Gecko) Chrome/80.0.3987.92 Mobile Safari/537.36 (compatible; Googlebot/2.1; +http://www.google.com/bot.html)" 
157.55.39.251 - - [21/May/2020:01:21:43 -0700] "GET /service/web/imageproxy/aHR0cHM6Ly9wYnMudHdpbWcuY29tL3Byb2ZpbGVfaW1hZ2VzLzk2MDg5NTM2NzA1ODUxODAxNi9CUjR2Z2NPQS5qcGc,/300/square HTTP/1.1" 500 4663 "-" "Mozilla/5.0 (compatible; bingbot/2.0; +http://www.bing.com/bingbot.htm)" 
46.229.168.153 - - [21/May/2020:01:21:49 -0700] "GET /content/all/?q=%23multigrain HTTP/1.1" 200 11346 "-" "Mozilla/5.0 (compatible; SemrushBot/6~bl; +http://www.semrush.com/bot.html)" 
207.46.13.111 - - [21/May/2020:01:21:53 -0700] "GET /2019/chris-aldrich-1?_t=rss HTTP/1.1" 200 5394 "-" "Mozilla/5.0 (compatible; bingbot/2.0; +http://www.bing.com/bingbot.htm)" 
46.229.168.142 - - [21/May/2020:01:22:18 -0700] "GET /content/bookmarkedpages/?q=%23%2B%23Fiction HTTP/1.1" 200 8526 "-" "Mozilla/5.0 (compatible; SemrushBot/6~bl; +http://www.semrush.com/bot.html)" 
46.229.168.145 - - [21/May/2020:01:22:20 -0700] "GET /2018/our-daily-bread-24---slow-but-exceedingly-fine-w4ix30lvxpuwithout HTTP/1.1" 200 15605 "-" "Mozilla/5.0 (compatible; SemrushBot/6~bl; +http://www.semrush.com/bot.html)" 
71.34.70.114 - - [21/May/2020:01:23:00 -0700] "GET /?_t=rss HTTP/1.1" 200 7856 "-" "Mozilla/5.0 (Windows NT 10.0; Win64; x64; rv:76.0) Gecko/20100101 Firefox/76.0" 
46.229.168.136 - - [21/May/2020:01:23:24 -0700] "GET /?offset=84&q=%23%2B%23bread HTTP/1.1" 200 10469 "-" "Mozilla/5.0 (compatible; SemrushBot/6~bl; +http://www.semrush.com/bot.html)" 
46.229.168.145 - - [21/May/2020:01:23:40 -0700] "GET /2018/has-zuckerberg-like-frankenstein-lostcontrol-of-the-monster-he-created HTTP/1.1" 200 9637 "-" "Mozilla/5.0 (compatible; SemrushBot/6~bl; +http://www.semrush.com/bot.html)" 
69.30.221.250 - - [21/May/2020:01:24:01 -0700] "GET /robots.txt HTTP/1.1" 200 4593 "-" "Mozilla/5.0 (compatible; MJ12bot/v1.4.8; http://mj12bot.com/)" 
69.30.221.250 - - [21/May/2020:01:24:11 -0700] "GET /2017/checked-into-caff%C3%A8-ausonia HTTP/1.1" 200 9683 "-" "Mozilla/5.0 (compatible; MJ12bot/v1.4.8; http://mj12bot.com/)" 
69.30.221.250 - - [21/May/2020:01:24:29 -0700] "GET /2017/checked-into-hippest-caff%C3%A8-in-town HTTP/1.1" 200 9753 "-" "Mozilla/5.0 (compatible; MJ12bot/v1.4.8; http://mj12bot.com/)" 
69.30.221.250 - - [21/May/2020:01:24:45 -0700] "GET /2017/checked-into-hofbr%C3%A4u-bistro HTTP/1.1" 200 9738 "-" "Mozilla/5.0 (compatible; MJ12bot/v1.4.8; http://mj12bot.com/)" 
69.30.221.250 - - [21/May/2020:01:25:01 -0700] "GET /2017/flight-booked-for-indiewebcamp-n%C3%BCrnberg-this-is-getting-real-indieweb HTTP/1.1" 200 9804 "-" "Mozilla/5.0 (compatible; MJ12bot/v1.4.8; http://mj12bot.com/)" 
69.30.221.250 - - [21/May/2020:01:25:12 -0700] "GET /2017/paying-to-podcast-is-so-pass%C3%A9 HTTP/1.1" 200 10299 "-" "Mozilla/5.0 (compatible; MJ12bot/v1.4.8; http://mj12bot.com/)" 
46.229.168.143 - - [21/May/2020:01:25:12 -0700] "GET /content/rsvp/?q=%23%2B%23Http%3A%2F%2Fagro.biodiver.se%2F HTTP/1.1" 200 8563 "-" "Mozilla/5.0 (compatible; SemrushBot/6~bl; +http://www.semrush.com/bot.html)" 
114.119.165.2 - - [21/May/2020:01:25:13 -0700] "GET /tag/+%23Http:/agro.biodiver.se/ HTTP/1.1" 200 12382 "-" "Mozilla/5.0 (Linux; Android 7.0;) AppleWebKit/537.36 (KHTML, like Gecko) Mobile Safari/537.36 (compatible; PetalBot;+https://aspiegel.com/petalbot)" 
69.30.221.250 - - [21/May/2020:01:25:28 -0700] "GET /2018/and-tom-jaine-with-the-hard-working-ma%C3%ADrt%C3%ADn-mac-con-iomaire HTTP/1.1" 410 8110 "-" "Mozilla/5.0 (compatible; MJ12bot/v1.4.8; http://mj12bot.com/)" 
71.34.70.114 - - [21/May/2020:01:25:32 -0700] "GET /?_t=rss HTTP/1.1" 200 4677 "-" "Mozilla/5.0 (Windows NT 10.0; Win64; x64; rv:76.0) Gecko/20100101 Firefox/76.0" 
69.30.221.250 - - [21/May/2020:01:25:56 -0700] "GET /2018/and-tom-jaine-with-the-hard-working-ma%C3%ADrt%C3%ADn-mac-con-iomaire-1 HTTP/1.1" 200 9769 "-" "Mozilla/5.0 (compatible; MJ12bot/v1.4.8; http://mj12bot.com/)" 
69.30.221.250 - - [21/May/2020:01:26:06 -0700] "GET /2018/and-tom-jaine-with-the-hard-working-ma%C3%ADrt%C3%ADn-mac-con-iomaire-1/annotations/037f67e2efe0ba78e104dae5355a185b HTTP/1.1" 200 8297 "-" "Mozilla/5.0 (compatible; MJ12bot/v1.4.8; http://mj12bot.com/)" 
69.30.221.250 - - [21/May/2020:01:26:19 -0700] "GET /2018/and-tom-jaine-with-the-hard-working-ma%C3%ADrt%C3%ADn-mac-con-iomaire-1/annotations/04e28a861f13d2bdf77190f6ad13a2ea HTTP/1.1" 200 8298 "-" "Mozilla/5.0 (compatible; MJ12bot/v1.4.8; http://mj12bot.com/)" 
69.30.221.250 - - [21/May/2020:01:26:32 -0700] "GET /2018/and-tom-jaine-with-the-hard-working-ma%C3%ADrt%C3%ADn-mac-con-iomaire-1/annotations/4352a594066ff07fcd4b480aa0278d2c HTTP/1.1" 200 8299 "-" "Mozilla/5.0 (compatible; MJ12bot/v1.4.8; http://mj12bot.com/)" 
69.30.221.250 - - [21/May/2020:01:26:44 -0700] "GET /2018/and-tom-jaine-with-the-hard-working-ma%C3%ADrt%C3%ADn-mac-con-iomaire-1/annotations/46a6eace7c3145e5b8781e7ff34cab8e HTTP/1.1" 200 8297 "-" "Mozilla/5.0 (compatible; MJ12bot/v1.4.8; http://mj12bot.com/)" 
69.30.221.250 - - [21/May/2020:01:26:56 -0700] "GET /2018/and-tom-jaine-with-the-hard-working-ma%C3%ADrt%C3%ADn-mac-con-iomaire-1/annotations/64bbd08d8c02f634f90b4f987f051ea2 HTTP/1.1" 200 8298 "-" "Mozilla/5.0 (compatible; MJ12bot/v1.4.8; http://mj12bot.com/)" 
69.30.221.250 - - [21/May/2020:01:27:06 -0700] "GET /2018/and-tom-jaine-with-the-hard-working-ma%C3%ADrt%C3%ADn-mac-con-iomaire-1/annotations/6b231fa4862754d2c792ec2008a2504b HTTP/1.1" 200 8299 "-" "Mozilla/5.0 (compatible; MJ12bot/v1.4.8; http://mj12bot.com/)" 
69.30.221.250 - - [21/May/2020:01:27:15 -0700] "GET /2018/and-tom-jaine-with-the-hard-working-ma%C3%ADrt%C3%ADn-mac-con-iomaire-1/annotations/6f92e2ad4dd73b2672d33a4de1e19eb7 HTTP/1.1" 200 8296 "-" "Mozilla/5.0 (compatible; MJ12bot/v1.4.8; http://mj12bot.com/)" 
69.30.221.250 - - [21/May/2020:01:27:27 -0700] "GET /2018/and-tom-jaine-with-the-hard-working-ma%C3%ADrt%C3%ADn-mac-con-iomaire-1/annotations/713d188d04b71e29f3ea85b508743edd HTTP/1.1" 200 8298 "-" "Mozilla/5.0 (compatible; MJ12bot/v1.4.8; http://mj12bot.com/)" 
167.172.118.185 - - [21/May/2020:01:27:35 -0700] "GET /?_t=rss HTTP/1.1" 304 3475 "-" "Feedbin feed-id:1536727 - 1 subscribers" 
69.30.221.250 - - [21/May/2020:01:27:37 -0700] "GET /2018/and-tom-jaine-with-the-hard-working-ma%C3%ADrt%C3%ADn-mac-con-iomaire-1/annotations/720cf045f8b3b874f5865f9fb6f7c067 HTTP/1.1" 200 8299 "-" "Mozilla/5.0 (compatible; MJ12bot/v1.4.8; http://mj12bot.com/)" 
69.30.221.250 - - [21/May/2020:01:27:47 -0700] "GET /2018/and-tom-jaine-with-the-hard-working-ma%C3%ADrt%C3%ADn-mac-con-iomaire-1/annotations/750c0bbf469c0f9899a0d4aad23ea7a4 HTTP/1.1" 200 8298 "-" "Mozilla/5.0 (compatible; MJ12bot/v1.4.8; http://mj12bot.com/)" 
178.63.34.189 - - [21/May/2020:01:27:53 -0700] "GET /robots.txt HTTP/1.1" 200 4593 "-" "Mozilla/5.0 (compatible; MJ12bot/v1.4.8; http://mj12bot.com/)" 
69.30.221.250 - - [21/May/2020:01:28:00 -0700] "GET /2018/and-tom-jaine-with-the-hard-working-ma%C3%ADrt%C3%ADn-mac-con-iomaire-1/annotations/8f60b05d2512be3349fcd02ecd609afc HTTP/1.1" 200 8298 "-" "Mozilla/5.0 (compatible; MJ12bot/v1.4.8; http://mj12bot.com/)" 
178.63.34.189 - - [21/May/2020:01:28:05 -0700] "GET /2020/one-of-the-few-things-i-dislike HTTP/1.1" 200 9650 "-" "Mozilla/5.0 (compatible; MJ12bot/v1.4.8; http://mj12bot.com/)" 
85.208.96.66 - - [21/May/2020:01:28:08 -0700] "GET /content/all?_t=rss HTTP/1.1" 200 7815 "-" "Mozilla/5.0 (compatible; SemrushBot/1.0~bm; +http://www.semrush.com/bot.html)" 
69.30.221.250 - - [21/May/2020:01:28:09 -0700] "GET /2018/and-tom-jaine-with-the-hard-working-ma%C3%ADrt%C3%ADn-mac-con-iomaire-1/annotations/ad8d3711d245848fd6aa97ed54e091d8 HTTP/1.1" 200 8298 "-" "Mozilla/5.0 (compatible; MJ12bot/v1.4.8; http://mj12bot.com/)" 
46.229.168.129 - - [21/May/2020:01:28:11 -0700] "GET /content/statusupdates/?q=%23%2B%23kalonji HTTP/1.1" 200 8519 "-" "Mozilla/5.0 (compatible; SemrushBot/6~bl; +http://www.semrush.com/bot.html)" 
46.229.168.133 - - [21/May/2020:01:28:17 -0700] "GET /?offset=9&q=%23%2B%23leaven HTTP/1.1" 200 9201 "-" "Mozilla/5.0 (compatible; SemrushBot/6~bl; +http://www.semrush.com/bot.html)" 
69.30.221.250 - - [21/May/2020:01:28:24 -0700] "GET /2018/and-tom-jaine-with-the-hard-working-ma%C3%ADrt%C3%ADn-mac-con-iomaire-1/annotations/b1447b073441a2a23d532d6904813245 HTTP/1.1" 200 8300 "-" "Mozilla/5.0 (compatible; MJ12bot/v1.4.8; http://mj12bot.com/)" 
178.63.34.189 - - [21/May/2020:01:28:25 -0700] "GET /2020/refreshing-my-memory HTTP/1.1" 200 9496 "-" "Mozilla/5.0 (compatible; MJ12bot/v1.4.8; http://mj12bot.com/)" 
71.34.70.114 - - [21/May/2020:01:28:30 -0700] "GET /?_t=rss HTTP/1.1" 200 7856 "-" "Mozilla/5.0 (Windows NT 10.0; Win64; x64; rv:76.0) Gecko/20100101 Firefox/76.0" 
69.30.221.250 - - [21/May/2020:01:28:31 -0700] "GET /2018/and-tom-jaine-with-the-hard-working-ma%C3%ADrt%C3%ADn-mac-con-iomaire-1/annotations/b8518a57db3050e0ae0d259bd02adcf3 HTTP/1.1" 200 8297 "-" "Mozilla/5.0 (compatible; MJ12bot/v1.4.8; http://mj12bot.com/)" 
69.30.221.250 - - [21/May/2020:01:28:46 -0700] "GET /2018/and-tom-jaine-with-the-hard-working-ma%C3%ADrt%C3%ADn-mac-con-iomaire-1/annotations/b9903cb1724d536a52df44debbcd78a2 HTTP/1.1" 200 8298 "-" "Mozilla/5.0 (compatible; MJ12bot/v1.4.8; http://mj12bot.com/)" 
69.30.221.250 - - [21/May/2020:01:28:54 -0700] "GET /2018/and-tom-jaine-with-the-hard-working-ma%C3%ADrt%C3%ADn-mac-con-iomaire-1/annotations/c0139f2dc27aadf4d0d7ff4e18174767 HTTP/1.1" 200 8298 "-" "Mozilla/5.0 (compatible; MJ12bot/v1.4.8; http://mj12bot.com/)" 
69.30.221.250 - - [21/May/2020:01:29:08 -0700] "GET /2018/and-tom-jaine-with-the-hard-working-ma%C3%ADrt%C3%ADn-mac-con-iomaire-1/annotations/d58b99f2ade543458bdb607633fe2ba8 HTTP/1.1" 200 8297 "-" "Mozilla/5.0 (compatible; MJ12bot/v1.4.8; http://mj12bot.com/)" 
46.229.168.162 - - [21/May/2020:01:29:09 -0700] "GET /2019/golden-hour-1 HTTP/1.1" 200 15088 "-" "Mozilla/5.0 (compatible; SemrushBot/6~bl; +http://www.semrush.com/bot.html)" 
69.30.221.250 - - [21/May/2020:01:29:16 -0700] "GET /2018/and-tom-jaine-with-the-hard-working-ma%C3%ADrt%C3%ADn-mac-con-iomaire-1/annotations/d9efcc3080c099b78b91e146df8f5454 HTTP/1.1" 200 8298 "-" "Mozilla/5.0 (compatible; MJ12bot/v1.4.8; http://mj12bot.com/)" 
46.229.168.134 - - [21/May/2020:01:29:20 -0700] "GET /content/photos/?offset=60&q=%23%2B%23%23bread HTTP/1.1" 200 11315 "-" "Mozilla/5.0 (compatible; SemrushBot/6~bl; +http://www.semrush.com/bot.html)" 
207.46.13.17 - - [21/May/2020:01:29:27 -0700] "GET /file/7ed193081e3ffd5fc59441e574ce5848/igQ8Y5Gg.jpg HTTP/1.1" 200 128583 "-" "Mozilla/5.0 (compatible; bingbot/2.0; +http://www.bing.com/bingbot.htm)" 
66.249.64.108 - - [21/May/2020:01:29:27 -0700] "GET /2017/the-real-deal-but-those-are-not-mushy-peas-those HTTP/1.1" 200 11218 "-" "Mozilla/5.0 (Linux; Android 6.0.1; Nexus 5X Build/MMB29P) AppleWebKit/537.36 (KHTML, like Gecko) Chrome/80.0.3987.92 Mobile Safari/537.36 (compatible; Googlebot/2.1; +http://www.google.com/bot.html)" 
69.30.221.250 - - [21/May/2020:01:29:28 -0700] "GET /2018/and-tom-jaine-with-the-hard-working-ma%C3%ADrt%C3%ADn-mac-con-iomaire-1/annotations/dbcbf8325142204f2c34e112c541aeb1 HTTP/1.1" 200 8299 "-" "Mozilla/5.0 (compatible; MJ12bot/v1.4.8; http://mj12bot.com/)" 
69.30.221.250 - - [21/May/2020:01:29:41 -0700] "GET /2018/and-tom-jaine-with-the-hard-working-ma%C3%ADrt%C3%ADn-mac-con-iomaire-1/annotations/e507326a220ba23ff3ca4916ab07952f HTTP/1.1" 200 8298 "-" "Mozilla/5.0 (compatible; MJ12bot/v1.4.8; http://mj12bot.com/)" 
69.30.221.250 - - [21/May/2020:01:29:54 -0700] "GET /2018/and-tom-jaine-with-the-hard-working-ma%C3%ADrt%C3%ADn-mac-con-iomaire-1/annotations/f08c66eb6377f21108aae5472064d19c HTTP/1.1" 200 8299 "-" "Mozilla/5.0 (compatible; MJ12bot/v1.4.8; http://mj12bot.com/)" 
46.229.168.152 - - [21/May/2020:01:29:59 -0700] "GET /content/all/?offset=30&q=%23podcast HTTP/1.1" 200 13725 "-" "Mozilla/5.0 (compatible; SemrushBot/6~bl; +http://www.semrush.com/bot.html)" 
69.30.221.250 - - [21/May/2020:01:30:04 -0700] "GET /2018/and-tom-jaine-with-the-hard-working-ma%C3%ADrt%C3%ADn-mac-con-iomaire-1/annotations/f3cc4458f67981cc241aea090220446e HTTP/1.1" 200 8299 "-" "Mozilla/5.0 (compatible; MJ12bot/v1.4.8; http://mj12bot.com/)" 
69.30.221.250 - - [21/May/2020:01:30:10 -0700] "GET /2018/and-tom-jaine-with-the-hard-working-ma%C3%ADrt%C3%ADn-mac-con-iomaire-1/annotations/f9bd50a0ae47e92d0f0349fce97ca44f HTTP/1.1" 200 8297 "-" "Mozilla/5.0 (compatible; MJ12bot/v1.4.8; http://mj12bot.com/)" 
69.30.221.250 - - [21/May/2020:01:30:35 -0700] "GET /2018/bj%C3%B6rn-stierand HTTP/1.1" 200 9437 "-" "Mozilla/5.0 (compatible; MJ12bot/v1.4.8; http://mj12bot.com/)" 
66.249.64.110 - - [21/May/2020:01:30:46 -0700] "GET /view/451de79f71773ed313bbf8bae6f4efa8?_t=rss HTTP/1.1" 200 5445 "-" "Mozilla/5.0 (Linux; Android 6.0.1; Nexus 5X Build/MMB29P) AppleWebKit/537.36 (KHTML, like Gecko) Chrome/80.0.3987.92 Mobile Safari/537.36 (compatible; Googlebot/2.1; +http://www.google.com/bot.html)" 
69.30.221.250 - - [21/May/2020:01:30:53 -0700] "GET /2018/checked-into-burg-sch%C3%A4nke HTTP/1.1" 200 9808 "-" "Mozilla/5.0 (compatible; MJ12bot/v1.4.8; http://mj12bot.com/)" 
64.111.100.215 - - [21/May/2020:01:31:01 -0700] "GET /content/all?_t=rss HTTP/1.1" 200 15232 "-" "Mozilla/5.0 (X11; U; Linux i686; fr; rv:1.9.1.1) Gecko/20090715 Firefox/3.5.1" 
207.46.13.111 - - [21/May/2020:01:31:19 -0700] "GET /file/37ce3f655592e5cf691b186313fe91c4 HTTP/1.1" 200 11588 "-" "Mozilla/5.0 (compatible; bingbot/2.0; +http://www.bing.com/bingbot.htm)" 
71.34.70.114 - - [21/May/2020:01:31:25 -0700] "GET /?_t=rss HTTP/1.1" 200 4677 "-" "Mozilla/5.0 (Windows NT 10.0; Win64; x64; rv:76.0) Gecko/20100101 Firefox/76.0" 
69.30.221.250 - - [21/May/2020:01:31:31 -0700] "GET /2018/checked-into-h%C3%BCttn HTTP/1.1" 200 9731 "-" "Mozilla/5.0 (compatible; MJ12bot/v1.4.8; http://mj12bot.com/)" 
46.229.168.130 - - [21/May/2020:01:31:34 -0700] "GET /file/2b0f05aa7df41435537275071a5ad24e/ad391d09d480390713b815bb0b97896a HTTP/1.1" 200 179219 "-" "Mozilla/5.0 (compatible; SemrushBot/6~bl; +http://www.semrush.com/bot.html)" 
69.30.221.250 - - [21/May/2020:01:31:51 -0700] "GET /2018/checked-into-supermercato-dec%C3%B2 HTTP/1.1" 200 9714 "-" "Mozilla/5.0 (compatible; MJ12bot/v1.4.8; http://mj12bot.com/)" 
69.30.221.250 - - [21/May/2020:01:31:59 -0700] "GET /2018/checked-into-via-dellelettricit%C3%A0 HTTP/1.1" 200 9762 "-" "Mozilla/5.0 (compatible; MJ12bot/v1.4.8; http://mj12bot.com/)" 
69.30.221.250 - - [21/May/2020:01:32:21 -0700] "GET /2018/g%C3%A9rard-rubaud-has-died-a-great-pioneer HTTP/1.1" 200 9621 "-" "Mozilla/5.0 (compatible; MJ12bot/v1.4.8; http://mj12bot.com/)" 
114.119.162.106 - - [21/May/2020:01:32:27 -0700] "GET /2020/i-am-amazed-and-saddened-by-the HTTP/1.1" 200 17178 "-" "Mozilla/5.0 (Linux; Android 7.0;) AppleWebKit/537.36 (KHTML, like Gecko) Mobile Safari/537.36 (compatible; PetalBot;+https://aspiegel.com/petalbot)" 
69.30.221.250 - - [21/May/2020:01:32:28 -0700] "GET /2018/lue-autorise-les-agriculteurs-bio-%C3%A0-vendre-leurs-propres-semences HTTP/1.1" 200 10078 "-" "Mozilla/5.0 (compatible; MJ12bot/v1.4.8; http://mj12bot.com/)" 
69.30.221.250 - - [21/May/2020:01:32:35 -0700] "GET /2018/more-than-one-way-to-wrangle-a-posse-%C3%BEoht-hord-because HTTP/1.1" 200 9592 "-" "Mozilla/5.0 (compatible; MJ12bot/v1.4.8; http://mj12bot.com/)" 
69.30.221.250 - - [21/May/2020:01:32:53 -0700] "GET /2018/n%C3%BCrnberger-lebkuchen HTTP/1.1" 200 10390 "-" "Mozilla/5.0 (compatible; MJ12bot/v1.4.8; http://mj12bot.com/)" 
69.30.221.250 - - [21/May/2020:01:33:19 -0700] "GET /2018/while-i-continue-to-avoid-foodie-clich%C3%A9s-heres-an-amuse-gueule HTTP/1.1" 200 11230 "-" "Mozilla/5.0 (compatible; MJ12bot/v1.4.8; http://mj12bot.com/)" 
69.30.221.250 - - [21/May/2020:01:33:32 -0700] "GET /2018/you-can-get-good-help%7C%E8%AF%B4%E7%9A%84 HTTP/1.1" 410 8076 "-" "Mozilla/5.0 (compatible; MJ12bot/v1.4.8; http://mj12bot.com/)" 
69.30.221.250 - - [21/May/2020:01:33:40 -0700] "GET /2019/and-then-theres-the-question-of-saut%C3%A9ed HTTP/1.1" 200 9760 "-" "Mozilla/5.0 (compatible; MJ12bot/v1.4.8; http://mj12bot.com/)" 
46.229.168.136 - - [21/May/2020:01:33:47 -0700] "GET /?q=%23%2B%23Rome HTTP/1.1" 200 13238 "-" "Mozilla/5.0 (compatible; SemrushBot/6~bl; +http://www.semrush.com/bot.html)" 
69.30.221.250 - - [21/May/2020:01:33:57 -0700] "GET /2019/checked-into-caff%C3%A8-parisi HTTP/1.1" 200 9735 "-" "Mozilla/5.0 (compatible; MJ12bot/v1.4.8; http://mj12bot.com/)" 
69.30.221.250 - - [21/May/2020:01:34:17 -0700] "GET /2019/checked-into-caf%C3%A9-forio HTTP/1.1" 200 9686 "-" "Mozilla/5.0 (compatible; MJ12bot/v1.4.8; http://mj12bot.com/)" 
69.30.221.250 - - [21/May/2020:01:34:34 -0700] "GET /2019/checked-into-filettibdi-baccal%C3%A0 HTTP/1.1" 200 9738 "-" "Mozilla/5.0 (compatible; MJ12bot/v1.4.8; http://mj12bot.com/)" 
71.34.70.114 - - [21/May/2020:01:34:41 -0700] "GET /?_t=rss HTTP/1.1" 200 7856 "-" "Mozilla/5.0 (Windows NT 10.0; Win64; x64; rv:76.0) Gecko/20100101 Firefox/76.0" 
69.30.221.250 - - [21/May/2020:01:34:50 -0700] "GET /2019/checked-into-fl%C3%A1vio-velovevodetto HTTP/1.1" 200 9745 "-" "Mozilla/5.0 (compatible; MJ12bot/v1.4.8; http://mj12bot.com/)" 
46.229.168.144 - - [21/May/2020:01:34:55 -0700] "GET /content/photos?offset=100 HTTP/1.1" 200 11089 "-" "Mozilla/5.0 (compatible; SemrushBot/6~bl; +http://www.semrush.com/bot.html)" 
69.30.221.250 - - [21/May/2020:01:35:09 -0700] "GET /2019/checked-into-%C3%A3n%C3%A3n HTTP/1.1" 200 9699 "-" "Mozilla/5.0 (compatible; MJ12bot/v1.4.8; http://mj12bot.com/)" 
40.77.167.33 - - [21/May/2020:01:35:18 -0700] "GET /file/5dee103ebf2c10010280d958557b602b HTTP/1.1" 200 22024 "-" "Mozilla/5.0 (compatible; bingbot/2.0; +http://www.bing.com/bingbot.htm)" 
69.30.221.250 - - [21/May/2020:01:35:38 -0700] "GET /robots.txt HTTP/1.1" 200 4617 "-" "Mozilla/5.0 (compatible; MJ12bot/v1.4.8; http://mj12bot.com/)" 
69.30.221.250 - - [21/May/2020:01:35:49 -0700] "GET /2017/checked-into-caff%C3%A8-ausonia HTTP/1.1" 200 9720 "-" "Mozilla/5.0 (compatible; MJ12bot/v1.4.8; http://mj12bot.com/)" 
69.30.221.250 - - [21/May/2020:01:36:12 -0700] "GET /2017/checked-into-hippest-caff%C3%A8-in-town HTTP/1.1" 200 9784 "-" "Mozilla/5.0 (compatible; MJ12bot/v1.4.8; http://mj12bot.com/)" 
69.30.221.250 - - [21/May/2020:01:36:32 -0700] "GET /2017/checked-into-hofbr%C3%A4u-bistro HTTP/1.1" 200 9771 "-" "Mozilla/5.0 (compatible; MJ12bot/v1.4.8; http://mj12bot.com/)" 
46.229.168.147 - - [21/May/2020:01:36:37 -0700] "GET /content/all/?offset=4&q=%23%2B%23sourdough HTTP/1.1" 200 12313 "-" "Mozilla/5.0 (compatible; SemrushBot/6~bl; +http://www.semrush.com/bot.html)" 
69.30.221.250 - - [21/May/2020:01:36:57 -0700] "GET /2017/paying-to-podcast-is-so-pass%C3%A9 HTTP/1.1" 200 10342 "-" "Mozilla/5.0 (compatible; MJ12bot/v1.4.8; http://mj12bot.com/)" 
157.55.39.251 - - [21/May/2020:01:37:03 -0700] "GET /file/8e505d02e88dec73521a0d91ac2fe652 HTTP/1.1" 200 16876 "-" "Mozilla/5.0 (compatible; bingbot/2.0; +http://www.bing.com/bingbot.htm)" 
46.229.168.150 - - [21/May/2020:01:37:20 -0700] "GET /content/statusupdates/?offset=14&q=%23%2B%23podcast HTTP/1.1" 200 9461 "-" "Mozilla/5.0 (compatible; SemrushBot/6~bl; +http://www.semrush.com/bot.html)" 
69.30.221.250 - - [21/May/2020:01:37:22 -0700] "GET /2018/bj%C3%B6rn-stierand HTTP/1.1" 200 9476 "-" "Mozilla/5.0 (compatible; MJ12bot/v1.4.8; http://mj12bot.com/)" 
69.30.221.250 - - [21/May/2020:01:37:42 -0700] "GET /2018/checked-into-burg-sch%C3%A4nke HTTP/1.1" 200 9843 "-" "Mozilla/5.0 (compatible; MJ12bot/v1.4.8; http://mj12bot.com/)" 
71.34.70.114 - - [21/May/2020:01:37:53 -0700] "GET /?_t=rss HTTP/1.1" 200 4677 "-" "Mozilla/5.0 (Windows NT 10.0; Win64; x64; rv:76.0) Gecko/20100101 Firefox/76.0" 
69.30.221.250 - - [21/May/2020:01:37:57 -0700] "GET /2018/checked-into-cafe-lad%C3%B3 HTTP/1.1" 200 9771 "-" "Mozilla/5.0 (compatible; MJ12bot/v1.4.8; http://mj12bot.com/)" 
69.30.221.250 - - [21/May/2020:01:38:17 -0700] "GET /2018/checked-into-die-alte-k%C3%BCchn HTTP/1.1" 200 9835 "-" "Mozilla/5.0 (compatible; MJ12bot/v1.4.8; http://mj12bot.com/)" 
54.196.77.217 - - [21/May/2020:01:38:18 -0700] "GET /?_t=rss HTTP/1.1" 304 3480 "https://www.google.com/" "Mozilla/5.0 (Windows NT 10.0; rv:68.0) Gecko/20100101 Firefox/68.0" 
69.30.221.250 - - [21/May/2020:01:38:34 -0700] "GET /2018/checked-into-h%C3%BCttn HTTP/1.1" 200 9764 "-" "Mozilla/5.0 (compatible; MJ12bot/v1.4.8; http://mj12bot.com/)" 
69.30.221.250 - - [21/May/2020:01:38:46 -0700] "GET /2018/checked-into-supermercato-dec%C3%B2 HTTP/1.1" 200 9749 "-" "Mozilla/5.0 (compatible; MJ12bot/v1.4.8; http://mj12bot.com/)" 
5.188.210.79 - - [21/May/2020:01:38:46 -0700] "GET /profile/jeremy?offset=106 HTTP/1.0" 200 136892 "https://stream.jeremycherfas.net/profile/jeremy?offset=106" "Mozilla/5.0 (Windows NT 6.3; Win64; x64) AppleWebKit/537.36 (KHTML, like Gecko) Chrome/67.0.3396.99 Safari/537.36" 
46.229.168.132 - - [21/May/2020:01:38:50 -0700] "GET /2019/cool-as-a-cucumber-soup-just-add-yoghurt HTTP/1.1" 200 12092 "-" "Mozilla/5.0 (compatible; SemrushBot/6~bl; +http://www.semrush.com/bot.html)" 
92.247.181.17 - - [21/May/2020:01:38:54 -0700] "GET /?_t=rss HTTP/1.1" 304 3475 "https://stream.jeremycherfas.net/" "Mozilla/5.0 (compatible; inoreader.com; 1 subscribers)" 
5.188.210.79 - - [21/May/2020:01:38:55 -0700] "POST /comments/post HTTP/1.0" 403 17067 "https://stream.jeremycherfas.net/profile/jeremy?offset=106" "Mozilla/5.0 (Windows NT 6.3; Win64; x64) AppleWebKit/537.36 (KHTML, like Gecko) Chrome/67.0.3396.99 Safari/537.36" 
69.30.221.250 - - [21/May/2020:01:39:02 -0700] "GET /2018/checked-into-via-dellelettricit%C3%A0 HTTP/1.1" 200 9796 "-" "Mozilla/5.0 (compatible; MJ12bot/v1.4.8; http://mj12bot.com/)" 
46.229.168.132 - - [21/May/2020:01:39:41 -0700] "GET /content/photos/?offset=10&q=%23bread HTTP/1.1" 200 12294 "-" "Mozilla/5.0 (compatible; SemrushBot/6~bl; +http://www.semrush.com/bot.html)" 
71.34.70.114 - - [21/May/2020:01:41:00 -0700] "GET /?_t=rss HTTP/1.1" 200 7856 "-" "Mozilla/5.0 (Windows NT 10.0; Win64; x64; rv:76.0) Gecko/20100101 Firefox/76.0" 
46.229.168.138 - - [21/May/2020:01:43:10 -0700] "GET /2019/worth-waiting-for HTTP/1.1" 200 15416 "-" "Mozilla/5.0 (compatible; SemrushBot/6~bl; +http://www.semrush.com/bot.html)" 
71.34.70.114 - - [21/May/2020:01:44:04 -0700] "GET /?_t=rss HTTP/1.1" 200 4677 "-" "Mozilla/5.0 (Windows NT 10.0; Win64; x64; rv:76.0) Gecko/20100101 Firefox/76.0" 
66.249.64.112 - - [21/May/2020:01:46:39 -0700] "GET /external/bootstrap/assets/js/bootstrap.min.js HTTP/1.1" 404 7869 "https://stream.jeremycherfas.net/content/posts/?q=%23indiewebcitizen" "Mozilla/5.0 AppleWebKit/537.36 (KHTML, like Gecko; compatible; Googlebot/2.1; +http://www.google.com/bot.html) Chrome/81.0.4044.108 Safari/537.36" 
66.249.64.110 - - [21/May/2020:01:46:40 -0700] "GET /css/1521648697/defaultb3.min.css HTTP/1.1" 404 7856 "https://stream.jeremycherfas.net/content/posts/?q=%23indiewebcitizen" "Mozilla/5.0 AppleWebKit/537.36 (KHTML, like Gecko; compatible; Googlebot/2.1; +http://www.google.com/bot.html) Chrome/81.0.4044.108 Safari/537.36" 
66.249.64.108 - - [21/May/2020:01:46:41 -0700] "GET /external/font-awesome/css/font-awesome.min.css HTTP/1.1" 404 7860 "https://stream.jeremycherfas.net/content/posts/?q=%23indiewebcitizen" "Mozilla/5.0 AppleWebKit/537.36 (KHTML, like Gecko; compatible; Googlebot/2.1; +http://www.google.com/bot.html) Chrome/81.0.4044.108 Safari/537.36" 
66.249.64.108 - - [21/May/2020:01:46:41 -0700] "GET /external/fragmention/fragmention.min.js HTTP/1.1" 404 4530 "https://stream.jeremycherfas.net/content/posts/?q=%23indiewebcitizen" "Mozilla/5.0 AppleWebKit/537.36 (KHTML, like Gecko; compatible; Googlebot/2.1; +http://www.google.com/bot.html) Chrome/81.0.4044.108 Safari/537.36" 
66.249.64.110 - - [21/May/2020:01:46:42 -0700] "GET /external/mention/recommended-styles.css HTTP/1.1" 404 7844 "https://stream.jeremycherfas.net/content/posts/?q=%23indiewebcitizen" "Mozilla/5.0 AppleWebKit/537.36 (KHTML, like Gecko; compatible; Googlebot/2.1; +http://www.google.com/bot.html) Chrome/81.0.4044.108 Safari/537.36" 
66.249.64.108 - - [21/May/2020:01:46:43 -0700] "GET /js/1521648707/default.min.js HTTP/1.1" 404 7850 "https://stream.jeremycherfas.net/content/posts/?q=%23indiewebcitizen" "Mozilla/5.0 AppleWebKit/537.36 (KHTML, like Gecko; compatible; Googlebot/2.1; +http://www.google.com/bot.html) Chrome/81.0.4044.108 Safari/537.36" 
66.249.64.110 - - [21/May/2020:01:46:43 -0700] "GET /external/bootstrap-toggle/css/bootstrap-toggle.min.css HTTP/1.1" 404 4545 "https://stream.jeremycherfas.net/content/posts/?q=%23indiewebcitizen" "Mozilla/5.0 AppleWebKit/537.36 (KHTML, like Gecko; compatible; Googlebot/2.1; +http://www.google.com/bot.html) Chrome/81.0.4044.108 Safari/537.36" 
66.249.64.108 - - [21/May/2020:01:46:44 -0700] "GET /external/paypal-bootstrap-accessibility-plugin/plugins/js/bootstrap-accessibility_1.0.3.min.js HTTP/1.1" 404 4571 "https://stream.jeremycherfas.net/content/posts/?q=%23indiewebcitizen" "Mozilla/5.0 AppleWebKit/537.36 (KHTML, like Gecko; compatible; Googlebot/2.1; +http://www.google.com/bot.html) Chrome/81.0.4044.108 Safari/537.36" 
66.249.64.108 - - [21/May/2020:01:46:44 -0700] "GET /external/bootstrap-toggle/js/bootstrap-toggle.js HTTP/1.1" 404 4541 "https://stream.jeremycherfas.net/content/posts/?q=%23indiewebcitizen" "Mozilla/5.0 AppleWebKit/537.36 (KHTML, like Gecko; compatible; Googlebot/2.1; +http://www.google.com/bot.html) Chrome/81.0.4044.108 Safari/537.36" 
66.249.64.110 - - [21/May/2020:01:46:45 -0700] "GET /external/bootstrap/assets/css/bootstrap.min.css HTTP/1.1" 404 7872 "https://stream.jeremycherfas.net/content/posts/?q=%23indiewebcitizen" "Mozilla/5.0 AppleWebKit/537.36 (KHTML, like Gecko; compatible; Googlebot/2.1; +http://www.google.com/bot.html) Chrome/81.0.4044.108 Safari/537.36" 
66.249.64.108 - - [21/May/2020:01:46:45 -0700] "GET /external/mediaelement/build/mediaelement-and-player.min.js HTTP/1.1" 404 4407 "https://stream.jeremycherfas.net/content/posts/?q=%23indiewebcitizen" "Mozilla/5.0 AppleWebKit/537.36 (KHTML, like Gecko; compatible; Googlebot/2.1; +http://www.google.com/bot.html) Chrome/81.0.4044.108 Safari/537.36" 
66.249.64.108 - - [21/May/2020:01:46:46 -0700] "GET /external/mediaelement/build/mediaelementplayer.min.css HTTP/1.1" 404 4412 "https://stream.jeremycherfas.net/content/posts/?q=%23indiewebcitizen" "Mozilla/5.0 AppleWebKit/537.36 (KHTML, like Gecko; compatible; Googlebot/2.1; +http://www.google.com/bot.html) Chrome/81.0.4044.108 Safari/537.36" 
66.249.64.110 - - [21/May/2020:01:46:46 -0700] "GET /external/fitvids/jquery.fitvids.min.js HTTP/1.1" 404 7713 "https://stream.jeremycherfas.net/content/posts/?q=%23indiewebcitizen" "Mozilla/5.0 AppleWebKit/537.36 (KHTML, like Gecko; compatible; Googlebot/2.1; +http://www.google.com/bot.html) Chrome/81.0.4044.108 Safari/537.36" 
114.119.164.86 - - [21/May/2020:01:46:46 -0700] "GET /2018/moneyland-reviewed-in-the-economist HTTP/1.1" 200 9573 "-" "Mozilla/5.0 (Linux; Android 7.0;) AppleWebKit/537.36 (KHTML, like Gecko) Mobile Safari/537.36 (compatible; PetalBot;+https://aspiegel.com/petalbot)" 
66.249.64.108 - - [21/May/2020:01:46:47 -0700] "GET /external/jquery-timeago/jquery.timeago.min.js HTTP/1.1" 404 4396 "https://stream.jeremycherfas.net/content/posts/?q=%23indiewebcitizen" "Mozilla/5.0 AppleWebKit/537.36 (KHTML, like Gecko; compatible; Googlebot/2.1; +http://www.google.com/bot.html) Chrome/81.0.4044.108 Safari/537.36" 
66.249.64.108 - - [21/May/2020:01:46:47 -0700] "GET /external/underscore/underscore-min.js HTTP/1.1" 404 4394 "https://stream.jeremycherfas.net/content/posts/?q=%23indiewebcitizen" "Mozilla/5.0 AppleWebKit/537.36 (KHTML, like Gecko; compatible; Googlebot/2.1; +http://www.google.com/bot.html) Chrome/81.0.4044.108 Safari/537.36" 
207.46.13.111 - - [21/May/2020:01:46:48 -0700] "GET /2018/in-a-word-yes-or-no-if?_t=rss HTTP/1.1" 200 5385 "-" "Mozilla/5.0 (compatible; bingbot/2.0; +http://www.bing.com/bingbot.htm)" 
66.249.64.108 - - [21/May/2020:01:46:48 -0700] "GET /external/exif-js/exif.min.js HTTP/1.1" 404 4397 "https://stream.jeremycherfas.net/content/posts/?q=%23indiewebcitizen" "Mozilla/5.0 AppleWebKit/537.36 (KHTML, like Gecko; compatible; Googlebot/2.1; +http://www.google.com/bot.html) Chrome/81.0.4044.108 Safari/537.36" 
66.249.64.108 - - [21/May/2020:01:46:48 -0700] "GET /js/image.min.js HTTP/1.1" 404 4383 "https://stream.jeremycherfas.net/content/posts/?q=%23indiewebcitizen" "Mozilla/5.0 AppleWebKit/537.36 (KHTML, like Gecko; compatible; Googlebot/2.1; +http://www.google.com/bot.html) Chrome/81.0.4044.108 Safari/537.36" 
66.249.64.108 - - [21/May/2020:01:46:49 -0700] "GET /external/exif-js/exif.min.js HTTP/1.1" 404 4397 "https://stream.jeremycherfas.net/content/posts/?q=%23indiewebcitizen" "Mozilla/5.0 AppleWebKit/537.36 (KHTML, like Gecko; compatible; Googlebot/2.1; +http://www.google.com/bot.html) Chrome/81.0.4044.108 Safari/537.36" 
66.249.64.108 - - [21/May/2020:01:46:49 -0700] "GET /external/h5f/h5f.min.js HTTP/1.1" 404 4394 "https://stream.jeremycherfas.net/content/posts/?q=%23indiewebcitizen" "Mozilla/5.0 AppleWebKit/537.36 (KHTML, like Gecko; compatible; Googlebot/2.1; +http://www.google.com/bot.html) Chrome/81.0.4044.108 Safari/537.36" 
66.249.64.108 - - [21/May/2020:01:46:50 -0700] "GET /js/1521648708/embeds.min.js HTTP/1.1" 404 4403 "https://stream.jeremycherfas.net/content/posts/?q=%23indiewebcitizen" "Mozilla/5.0 AppleWebKit/537.36 (KHTML, like Gecko; compatible; Googlebot/2.1; +http://www.google.com/bot.html) Chrome/81.0.4044.108 Safari/537.36" 
66.249.64.108 - - [21/May/2020:01:46:51 -0700] "GET /js/1521649053/templates/default/shell.min.js HTTP/1.1" 404 4432 "https://stream.jeremycherfas.net/content/posts/?q=%23indiewebcitizen" "Mozilla/5.0 AppleWebKit/537.36 (KHTML, like Gecko; compatible; Googlebot/2.1; +http://www.google.com/bot.html) Chrome/81.0.4044.108 Safari/537.36" 
66.249.64.108 - - [21/May/2020:01:46:51 -0700] "GET /js/1521648708/embeds.min.js HTTP/1.1" 404 4403 "https://stream.jeremycherfas.net/content/posts/?q=%23indiewebcitizen" "Mozilla/5.0 AppleWebKit/537.36 (KHTML, like Gecko; compatible; Googlebot/2.1; +http://www.google.com/bot.html) Chrome/81.0.4044.108 Safari/537.36" 
71.34.70.114 - - [21/May/2020:01:46:52 -0700] "GET /?_t=rss HTTP/1.1" 200 7856 "-" "Mozilla/5.0 (Windows NT 10.0; Win64; x64; rv:76.0) Gecko/20100101 Firefox/76.0" 
103.131.71.47 - - [21/May/2020:01:47:14 -0700] "GET /file/ef801e05730eba56004c5b712ad84731/thumb.jpg?is-pending-load=1 HTTP/1.1" 304 3478 "-" "Mozilla/5.0 (compatible; coccocbot-image/1.0; +http://help.coccoc.com/searchengine)" 
64.111.100.215 - - [21/May/2020:01:48:03 -0700] "GET /content/all?_t=rss HTTP/1.1" 200 15232 "-" "Mozilla/5.0 (X11; U; Linux i686; fr; rv:1.9.1.1) Gecko/20090715 Firefox/3.5.1" 
46.229.168.150 - - [21/May/2020:01:48:17 -0700] "GET /2019/podcasts-are-not-radio-shows-or-at HTTP/1.1" 200 10631 "-" "Mozilla/5.0 (compatible; SemrushBot/6~bl; +http://www.semrush.com/bot.html)" 
207.46.13.17 - - [21/May/2020:01:48:22 -0700] "GET /2017/not-exactly-sure-what-colin-devroe-means-when-he-says?_t=rss HTTP/1.1" 200 5554 "-" "Mozilla/5.0 (compatible; bingbot/2.0; +http://www.bing.com/bingbot.htm)" 
66.249.64.108 - - [21/May/2020:01:49:04 -0700] "GET /2018/morning-constitutional HTTP/1.1" 304 3742 "-" "Mozilla/5.0 (Linux; Android 6.0.1; Nexus 5X Build/MMB29P) AppleWebKit/537.36 (KHTML, like Gecko) Chrome/80.0.3987.92 Mobile Safari/537.36 (compatible; Googlebot/2.1; +http://www.google.com/bot.html)" 
71.34.70.114 - - [21/May/2020:01:49:36 -0700] "GET /?_t=rss HTTP/1.1" 200 4677 "-" "Mozilla/5.0 (Windows NT 10.0; Win64; x64; rv:76.0) Gecko/20100101 Firefox/76.0" 
66.249.64.108 - - [21/May/2020:01:49:42 -0700] "GET /content/all/?q=%23+%23rye&offset=0&_t=rss HTTP/1.1" 200 7991 "-" "Mozilla/5.0 (Linux; Android 6.0.1; Nexus 5X Build/MMB29P) AppleWebKit/537.36 (KHTML, like Gecko) Chrome/80.0.3987.92 Mobile Safari/537.36 (compatible; Googlebot/2.1; +http://www.google.com/bot.html)" 
46.229.168.133 - - [21/May/2020:01:50:15 -0700] "GET /2018/golden-raisin-bread-natural-leaven-25%25-wholemeal-about-70%25-hydration HTTP/1.1" 200 16253 "-" "Mozilla/5.0 (compatible; SemrushBot/6~bl; +http://www.semrush.com/bot.html)" 
157.55.39.251 - - [21/May/2020:01:50:45 -0700] "GET /service/web/imageproxy/aHR0cHM6Ly9wYnMudHdpbWcuY29tL3Byb2ZpbGVfaW1hZ2VzLzY4MDQ5MDgyMzc3NjEyNDkyOC9UUnVGeHZZVC5qcGc,/300/square HTTP/1.1" 500 4663 "-" "Mozilla/5.0 (compatible; bingbot/2.0; +http://www.bing.com/bingbot.htm)" 
71.34.70.114 - - [21/May/2020:01:52:18 -0700] "GET /?_t=rss HTTP/1.1" 200 7856 "-" "Mozilla/5.0 (Windows NT 10.0; Win64; x64; rv:76.0) Gecko/20100101 Firefox/76.0" 
46.229.168.129 - - [21/May/2020:01:52:24 -0700] "GET /2017/vatican-says-bread-for-eucharist-cannot-be-gluten-free HTTP/1.1" 200 9969 "-" "Mozilla/5.0 (compatible; SemrushBot/6~bl; +http://www.semrush.com/bot.html)" 
46.229.168.139 - - [21/May/2020:01:53:44 -0700] "GET /2019/checked-into-terminal-2 HTTP/1.1" 200 9723 "-" "Mozilla/5.0 (compatible; SemrushBot/6~bl; +http://www.semrush.com/bot.html)" 
46.229.168.132 - - [21/May/2020:01:53:58 -0700] "GET /2019/and-then-there-were-two HTTP/1.1" 200 13742 "-" "Mozilla/5.0 (compatible; SemrushBot/6~bl; +http://www.semrush.com/bot.html)" 
46.229.168.143 - - [21/May/2020:01:54:34 -0700] "GET /content/audio/?q=%23%2B%23sourdoughseptember HTTP/1.1" 200 8530 "-" "Mozilla/5.0 (compatible; SemrushBot/6~bl; +http://www.semrush.com/bot.html)" 
71.34.70.114 - - [21/May/2020:01:55:09 -0700] "GET /?_t=rss HTTP/1.1" 200 4677 "-" "Mozilla/5.0 (Windows NT 10.0; Win64; x64; rv:76.0) Gecko/20100101 Firefox/76.0" 
46.229.168.136 - - [21/May/2020:01:56:50 -0700] "GET /content/photos/?q=%23%2B%23cooking HTTP/1.1" 200 9278 "-" "Mozilla/5.0 (compatible; SemrushBot/6~bl; +http://www.semrush.com/bot.html)" 
157.55.39.25 - - [21/May/2020:01:56:54 -0700] "GET /robots.txt HTTP/1.1" 200 2806 "-" "Mozilla/5.0 (compatible; bingbot/2.0; +http://www.bing.com/bingbot.htm)" 
157.55.39.25 - - [21/May/2020:01:56:54 -0700] "GET /robots.txt HTTP/1.1" 200 4613 "-" "Mozilla/5.0 (compatible; bingbot/2.0; +http://www.bing.com/bingbot.htm)" 
40.77.167.33 - - [21/May/2020:01:57:02 -0700] "GET /2018/-2?_t=rss HTTP/1.1" 200 5326 "-" "Mozilla/5.0 (compatible; bingbot/2.0; +http://www.bing.com/bingbot.htm)" 
157.55.39.251 - - [21/May/2020:01:57:21 -0700] "GET /file/65a99226016a19b8692a2db8e86a14b2/igxSTgQM.jpg HTTP/1.1" 200 41360 "-" "Mozilla/5.0 (compatible; bingbot/2.0; +http://www.bing.com/bingbot.htm)" 
71.34.70.114 - - [21/May/2020:01:58:04 -0700] "GET /?_t=rss HTTP/1.1" 200 7856 "-" "Mozilla/5.0 (Windows NT 10.0; Win64; x64; rv:76.0) Gecko/20100101 Firefox/76.0" 
66.249.64.180 - - [21/May/2020:01:59:10 -0700] "GET /robots.txt HTTP/1.1" 200 4613 "-" "Mozilla/5.0 (compatible; Googlebot/2.1; +http://www.google.com/bot.html)" 
66.249.64.180 - - [21/May/2020:01:59:10 -0700] "GET /content/statusupdates/?offset=173&_t=amp HTTP/1.1" 200 8083 "-" "Mozilla/5.0 (Linux; Android 6.0.1; Nexus 5X Build/MMB29P) AppleWebKit/537.36 (KHTML, like Gecko) Chrome/80.0.3987.92 Mobile Safari/537.36 (compatible; Googlebot/2.1; +http://www.google.com/bot.html)" 
66.249.64.178 - - [21/May/2020:01:59:13 -0700] "GET /service/web/unfurl/?url=http%3A%2F%2Fretractionwatch.com%2F2018%2F11%2F15%2Fin-a-first-u-s-cdc-retracts-replaces-study-about-suicide-risk-in-farmers%2F&__bTk=07c4e1db903d5bfe641359a99e4529480b57642698e45f1e12668c9aee3c9dc8&__bTs=1588896000 HTTP/1.1" 403 4710 "https://www.stream.jeremycherfas.net/content/statusupdates/?offset=173&_t=amp" "Mozilla/5.0 (Linux; Android 6.0.1; Nexus 5X Build/MMB29P) AppleWebKit/537.36 (KHTML, like Gecko) Chrome/81.0.4044.108 Mobile Safari/537.36 (compatible; Googlebot/2.1; +http://www.google.com/bot.html)" 
66.249.64.178 - - [21/May/2020:01:59:13 -0700] "GET /service/web/unfurl/?url=http%3A%2F%2Fretractionwatch.com%2F2018%2F11%2F15%2Fin-a-first-u-s-cdc-retracts-replaces-study-about-suicide-risk-in-farmers%2F&__bTk=07c4e1db903d5bfe641359a99e4529480b57642698e45f1e12668c9aee3c9dc8&__bTs=1589020153 HTTP/1.1" 403 1393 "https://www.stream.jeremycherfas.net/content/statusupdates/?offset=173&_t=amp" "Mozilla/5.0 (Linux; Android 6.0.1; Nexus 5X Build/MMB29P) AppleWebKit/537.36 (KHTML, like Gecko) Chrome/81.0.4044.108 Mobile Safari/537.36 (compatible; Googlebot/2.1; +http://www.google.com/bot.html)" 
