114.119.165.86 - - [10/Mar/2020:08:23:45 -0700] "GET /category/recipes/page/2/ HTTP/1.1" 200 11932 "-" "Mozilla/5.0 (Linux; Android 7.0;) AppleWebKit/537.36 (KHTML, like Gecko) Mobile Safari/537.36 (compatible; AspiegelBot)" 
5.188.84.233 - - [10/Mar/2020:08:24:02 -0700] "GET /2013/pasta-madre-day-2013/ HTTP/1.0" 200 32926 "https://www.fornacalia.com/2013/pasta-madre-day-2013/#comment-1801/" "Mozilla/5.0 (Macintosh; Intel Mac OS X 10_13_5) AppleWebKit/537.36 (KHTML, like Gecko) Chrome/67.0.3396.99 Safari/537.36" 
5.188.84.233 - - [10/Mar/2020:08:24:06 -0700] "POST /wp-comments-post.php HTTP/1.0" 302 4061 "https://www.fornacalia.com/2013/pasta-madre-day-2013/#comment-1801/" "Mozilla/5.0 (Macintosh; Intel Mac OS X 10_13_5) AppleWebKit/537.36 (KHTML, like Gecko) Chrome/67.0.3396.99 Safari/537.36" 
158.69.249.21 - - [10/Mar/2020:08:29:31 -0700] "GET /wp-login.php HTTP/1.1" 200 4809 "-" "Mozilla/5.0 (Windows NT 6.1) AppleWebKit/537.36 (KHTML, like Gecko) Chrome/63.0.3239.84 Safari/537.36" 
158.69.249.21 - - [10/Mar/2020:08:29:32 -0700] "POST /wp-login.php HTTP/1.1" 200 2128 "-" "Mozilla/5.0 (Windows NT 6.1) AppleWebKit/537.36 (KHTML, like Gecko) Chrome/63.0.3239.84 Safari/537.36" 
207.46.13.128 - - [10/Mar/2020:08:35:48 -0700] "GET /i-can-teach-you-to-make-good-bread/ HTTP/1.1" 200 10301 "-" "Mozilla/5.0 (compatible; bingbot/2.0; +http://www.bing.com/bingbot.htm)" 
5.188.84.220 - - [10/Mar/2020:08:51:32 -0700] "GET /2013/pasta-madre-day-2013/ HTTP/1.0" 200 32926 "https://www.fornacalia.com/2013/pasta-madre-day-2013/#comment-1801/" "Mozilla/5.0 (Windows NT 6.1; Win64; x64) AppleWebKit/537.36 (KHTML, like Gecko) Chrome/67.0.3396.87 Safari/537.36" 
5.188.84.220 - - [10/Mar/2020:08:51:34 -0700] "POST /wp-comments-post.php HTTP/1.0" 302 4061 "https://www.fornacalia.com/2013/pasta-madre-day-2013/#comment-1801/" "Mozilla/5.0 (Windows NT 6.1; Win64; x64) AppleWebKit/537.36 (KHTML, like Gecko) Chrome/67.0.3396.87 Safari/537.36" 
66.249.73.173 - - [10/Mar/2020:08:54:12 -0700] "GET /wp-content/themes/zenpress/style.css?ver=4.9.4 HTTP/1.1" 404 9981 "https://www.fornacalia.com/2016/resurrection/hooch-png/" "Mozilla/5.0 AppleWebKit/537.36 (KHTML, like Gecko; compatible; Googlebot/2.1; +http://www.google.com/bot.html) Chrome/80.0.3987.92 Safari/537.36" 
66.249.73.173 - - [10/Mar/2020:08:54:13 -0700] "GET /wp-content/themes/zenpress/js/webfontloader.js?ver=1.6.6 HTTP/1.1" 404 6711 "https://www.fornacalia.com/2016/resurrection/hooch-png/" "Mozilla/5.0 AppleWebKit/537.36 (KHTML, like Gecko; compatible; Googlebot/2.1; +http://www.google.com/bot.html) Chrome/80.0.3987.92 Safari/537.36" 
66.249.73.171 - - [10/Mar/2020:08:54:14 -0700] "GET /wp-content/themes/ZenPress-child/style.css?ver=1.1.2 HTTP/1.1" 404 9981 "https://www.fornacalia.com/2016/resurrection/hooch-png/" "Mozilla/5.0 AppleWebKit/537.36 (KHTML, like Gecko; compatible; Googlebot/2.1; +http://www.google.com/bot.html) Chrome/80.0.3987.92 Safari/537.36" 
66.249.73.175 - - [10/Mar/2020:08:54:14 -0700] "GET /wp-includes/js/comment-reply.min.js?ver=4.9.4 HTTP/1.1" 200 4891 "https://www.fornacalia.com/2016/resurrection/hooch-png/" "Mozilla/5.0 AppleWebKit/537.36 (KHTML, like Gecko; compatible; Googlebot/2.1; +http://www.google.com/bot.html) Chrome/80.0.3987.92 Safari/537.36" 
66.249.73.171 - - [10/Mar/2020:08:54:15 -0700] "GET /wp-content/plugins/indieweb/static/css/indieweb.css?ver=4.9.4 HTTP/1.1" 200 6856 "https://www.fornacalia.com/2016/resurrection/hooch-png/" "Mozilla/5.0 AppleWebKit/537.36 (KHTML, like Gecko; compatible; Googlebot/2.1; +http://www.google.com/bot.html) Chrome/80.0.3987.92 Safari/537.36" 
66.249.73.175 - - [10/Mar/2020:08:54:15 -0700] "GET /wp-includes/js/wp-embed.min.js?ver=4.9.4 HTTP/1.1" 200 1280 "https://www.fornacalia.com/2016/resurrection/hooch-png/" "Mozilla/5.0 AppleWebKit/537.36 (KHTML, like Gecko; compatible; Googlebot/2.1; +http://www.google.com/bot.html) Chrome/80.0.3987.92 Safari/537.36" 
66.249.73.171 - - [10/Mar/2020:08:54:16 -0700] "GET /wp-content/plugins/akismet/_inc/form.js?ver=4.0.2 HTTP/1.1" 200 845 "https://www.fornacalia.com/2016/resurrection/hooch-png/" "Mozilla/5.0 AppleWebKit/537.36 (KHTML, like Gecko; compatible; Googlebot/2.1; +http://www.google.com/bot.html) Chrome/80.0.3987.92 Safari/537.36" 
86.156.157.99 - - [10/Mar/2020:08:54:18 -0700] "GET /2013/dan-lepards-walnut-bread/ HTTP/1.1" 200 12519 "https://www.google.co.uk/" "Mozilla/5.0 (Macintosh; Intel Mac OS X 10_15) AppleWebKit/605.1.15 (KHTML, like Gecko) Version/13.0.5 Safari/605.1.15" 
86.156.157.99 - - [10/Mar/2020:08:54:18 -0700] "GET /wp-includes/css/dist/block-library/style.min.css?ver=5.2.5 HTTP/1.1" 200 5391 "https://www.fornacalia.com/2013/dan-lepards-walnut-bread/" "Mozilla/5.0 (Macintosh; Intel Mac OS X 10_15) AppleWebKit/605.1.15 (KHTML, like Gecko) Version/13.0.5 Safari/605.1.15" 
86.156.157.99 - - [10/Mar/2020:08:54:18 -0700] "GET /wp-content/themes/Autonomie-child/style.css?ver=1.0.0 HTTP/1.1" 200 1492 "https://www.fornacalia.com/2013/dan-lepards-walnut-bread/" "Mozilla/5.0 (Macintosh; Intel Mac OS X 10_15) AppleWebKit/605.1.15 (KHTML, like Gecko) Version/13.0.5 Safari/605.1.15" 
86.156.157.99 - - [10/Mar/2020:08:54:18 -0700] "GET /wp-content/themes/Autonomie-child/css/default-width.css?ver=1.0.0 HTTP/1.1" 200 950 "https://www.fornacalia.com/2013/dan-lepards-walnut-bread/" "Mozilla/5.0 (Macintosh; Intel Mac OS X 10_15) AppleWebKit/605.1.15 (KHTML, like Gecko) Version/13.0.5 Safari/605.1.15" 
86.156.157.99 - - [10/Mar/2020:08:54:18 -0700] "GET /wp-content/plugins/indieweb/static/css/indieweb.css?ver=3.4.1 HTTP/1.1" 200 6994 "https://www.fornacalia.com/2013/dan-lepards-walnut-bread/" "Mozilla/5.0 (Macintosh; Intel Mac OS X 10_15) AppleWebKit/605.1.15 (KHTML, like Gecko) Version/13.0.5 Safari/605.1.15" 
86.156.157.99 - - [10/Mar/2020:08:54:18 -0700] "GET /wp-content/plugins/semantic-linkbacks/css/semantic-linkbacks.css?ver=3.8.1 HTTP/1.1" 200 3895 "https://www.fornacalia.com/2013/dan-lepards-walnut-bread/" "Mozilla/5.0 (Macintosh; Intel Mac OS X 10_15) AppleWebKit/605.1.15 (KHTML, like Gecko) Version/13.0.5 Safari/605.1.15" 
86.156.157.99 - - [10/Mar/2020:08:54:18 -0700] "GET /wp-includes/js/jquery/jquery.js?ver=1.12.4-wp HTTP/1.1" 200 35203 "https://www.fornacalia.com/2013/dan-lepards-walnut-bread/" "Mozilla/5.0 (Macintosh; Intel Mac OS X 10_15) AppleWebKit/605.1.15 (KHTML, like Gecko) Version/13.0.5 Safari/605.1.15" 
86.156.157.99 - - [10/Mar/2020:08:54:18 -0700] "GET /wp-content/themes/Autonomie-child/css/wide-width.css?ver=1.0.0 HTTP/1.1" 404 6711 "https://www.fornacalia.com/2013/dan-lepards-walnut-bread/" "Mozilla/5.0 (Macintosh; Intel Mac OS X 10_15) AppleWebKit/605.1.15 (KHTML, like Gecko) Version/13.0.5 Safari/605.1.15" 
86.156.157.99 - - [10/Mar/2020:08:54:18 -0700] "GET /wp-content/themes/autonomie/style.css?ver=5.2.5 HTTP/1.1" 200 12653 "https://www.fornacalia.com/2013/dan-lepards-walnut-bread/" "Mozilla/5.0 (Macintosh; Intel Mac OS X 10_15) AppleWebKit/605.1.15 (KHTML, like Gecko) Version/13.0.5 Safari/605.1.15" 
86.156.157.99 - - [10/Mar/2020:08:54:18 -0700] "GET /wp-includes/js/jquery/jquery-migrate.min.js?ver=1.4.1 HTTP/1.1" 200 4603 "https://www.fornacalia.com/2013/dan-lepards-walnut-bread/" "Mozilla/5.0 (Macintosh; Intel Mac OS X 10_15) AppleWebKit/605.1.15 (KHTML, like Gecko) Version/13.0.5 Safari/605.1.15" 
86.156.157.99 - - [10/Mar/2020:08:54:18 -0700] "GET /wp-content/plugins/semantic-linkbacks/js/semantic-linkbacks.js?ver=3.8.1 HTTP/1.1" 200 675 "https://www.fornacalia.com/2013/dan-lepards-walnut-bread/" "Mozilla/5.0 (Macintosh; Intel Mac OS X 10_15) AppleWebKit/605.1.15 (KHTML, like Gecko) Version/13.0.5 Safari/605.1.15" 
86.156.157.99 - - [10/Mar/2020:08:54:18 -0700] "GET /wp-includes/js/comment-reply.min.js?ver=5.2.5 HTTP/1.1" 200 1621 "https://www.fornacalia.com/2013/dan-lepards-walnut-bread/" "Mozilla/5.0 (Macintosh; Intel Mac OS X 10_15) AppleWebKit/605.1.15 (KHTML, like Gecko) Version/13.0.5 Safari/605.1.15" 
86.156.157.99 - - [10/Mar/2020:08:54:18 -0700] "GET /wp-content/themes/autonomie/js/navigation.js?ver=1.0.0 HTTP/1.1" 200 1408 "https://www.fornacalia.com/2013/dan-lepards-walnut-bread/" "Mozilla/5.0 (Macintosh; Intel Mac OS X 10_15) AppleWebKit/605.1.15 (KHTML, like Gecko) Version/13.0.5 Safari/605.1.15" 
86.156.157.99 - - [10/Mar/2020:08:54:19 -0700] "GET /wp-content/themes/autonomie/js/skip-link-focus-fix.js?ver=1.0.0 HTTP/1.1" 200 1010 "https://www.fornacalia.com/2013/dan-lepards-walnut-bread/" "Mozilla/5.0 (Macintosh; Intel Mac OS X 10_15) AppleWebKit/605.1.15 (KHTML, like Gecko) Version/13.0.5 Safari/605.1.15" 
86.156.157.99 - - [10/Mar/2020:08:54:19 -0700] "GET /wp-includes/js/wp-embed.min.js?ver=5.2.5 HTTP/1.1" 200 1280 "https://www.fornacalia.com/2013/dan-lepards-walnut-bread/" "Mozilla/5.0 (Macintosh; Intel Mac OS X 10_15) AppleWebKit/605.1.15 (KHTML, like Gecko) Version/13.0.5 Safari/605.1.15" 
86.156.157.99 - - [10/Mar/2020:08:54:19 -0700] "GET /wp-content/uploads/2013/01/13-400x3001.jpg HTTP/1.1" 200 43151 "https://www.fornacalia.com/2013/dan-lepards-walnut-bread/" "Mozilla/5.0 (Macintosh; Intel Mac OS X 10_15) AppleWebKit/605.1.15 (KHTML, like Gecko) Version/13.0.5 Safari/605.1.15" 
86.156.157.99 - - [10/Mar/2020:08:54:19 -0700] "GET /wp-content/themes/autonomie/font/merriweather/merriweather-v15-latin-300.woff2 HTTP/1.1" 200 18992 "https://www.fornacalia.com/2013/dan-lepards-walnut-bread/" "Mozilla/5.0 (Macintosh; Intel Mac OS X 10_15) AppleWebKit/605.1.15 (KHTML, like Gecko) Version/13.0.5 Safari/605.1.15" 
86.156.157.99 - - [10/Mar/2020:08:54:19 -0700] "GET /wp-content/themes/autonomie/font/lato/lato-v13-latin-700.woff2 HTTP/1.1" 200 23120 "https://www.fornacalia.com/2013/dan-lepards-walnut-bread/" "Mozilla/5.0 (Macintosh; Intel Mac OS X 10_15) AppleWebKit/605.1.15 (KHTML, like Gecko) Version/13.0.5 Safari/605.1.15" 
86.156.157.99 - - [10/Mar/2020:08:54:19 -0700] "GET /wp-content/themes/autonomie/font/lato/lato-v13-latin-300.woff2 HTTP/1.1" 200 23476 "https://www.fornacalia.com/2013/dan-lepards-walnut-bread/" "Mozilla/5.0 (Macintosh; Intel Mac OS X 10_15) AppleWebKit/605.1.15 (KHTML, like Gecko) Version/13.0.5 Safari/605.1.15" 
86.156.157.99 - - [10/Mar/2020:08:54:19 -0700] "GET /wp-content/themes/Autonomie-child/css/print.css?ver=1.0.0 HTTP/1.1" 200 836 "https://www.fornacalia.com/2013/dan-lepards-walnut-bread/" "Mozilla/5.0 (Macintosh; Intel Mac OS X 10_15) AppleWebKit/605.1.15 (KHTML, like Gecko) Version/13.0.5 Safari/605.1.15" 
86.156.157.99 - - [10/Mar/2020:08:54:19 -0700] "GET /wp-content/themes/autonomie/font/merriweather/merriweather-v15-latin-700.woff2 HTTP/1.1" 200 19204 "https://www.fornacalia.com/2013/dan-lepards-walnut-bread/" "Mozilla/5.0 (Macintosh; Intel Mac OS X 10_15) AppleWebKit/605.1.15 (KHTML, like Gecko) Version/13.0.5 Safari/605.1.15" 
86.156.157.99 - - [10/Mar/2020:08:54:19 -0700] "GET /wp-content/themes/Autonomie-child/css/narrow-width.css?ver=1.0.0 HTTP/1.1" 200 1064 "https://www.fornacalia.com/2013/dan-lepards-walnut-bread/" "Mozilla/5.0 (Macintosh; Intel Mac OS X 10_15) AppleWebKit/605.1.15 (KHTML, like Gecko) Version/13.0.5 Safari/605.1.15" 
86.156.157.99 - - [10/Mar/2020:08:54:19 -0700] "GET /wp-content/uploads/2017/12/cropped-forno-favicon-32x32.png HTTP/1.1" 200 4511 "https://www.fornacalia.com/2013/dan-lepards-walnut-bread/" "Mozilla/5.0 (Macintosh; Intel Mac OS X 10_15) AppleWebKit/605.1.15 (KHTML, like Gecko) Version/13.0.5 Safari/605.1.15" 
86.156.157.99 - - [10/Mar/2020:08:54:20 -0700] "GET /wp-content/uploads/2017/12/cropped-forno-favicon-192x192.png HTTP/1.1" 200 21782 "https://www.fornacalia.com/2013/dan-lepards-walnut-bread/" "Mozilla/5.0 (Macintosh; Intel Mac OS X 10_15) AppleWebKit/605.1.15 (KHTML, like Gecko) Version/13.0.5 Safari/605.1.15" 
40.77.167.209 - - [10/Mar/2020:08:55:33 -0700] "GET /2009/sesame-oatmeal-bread/ HTTP/1.1" 200 12071 "-" "Mozilla/5.0 (compatible; bingbot/2.0; +http://www.bing.com/bingbot.htm)" 
40.77.190.2 - - [10/Mar/2020:08:55:38 -0700] "GET /wp-includes/js/jquery/jquery-migrate.min.js?ver=1.4.1 HTTP/1.1" 200 13774 "-" "Mozilla/5.0 (Windows NT 6.1; WOW64) AppleWebKit/534+ (KHTML, like Gecko) BingPreview/1.0b" 
5.188.84.45 - - [10/Mar/2020:08:56:13 -0700] "GET /2013/pasta-madre-day-2013/ HTTP/1.0" 200 32926 "https://www.fornacalia.com/2013/pasta-madre-day-2013/#comment-1801/" "Mozilla/5.0 (Windows NT 6.1; Win64; x64) AppleWebKit/537.36 (KHTML, like Gecko) Chrome/66.0.3359.170 Safari/537.36 OPR/53.0.2907.68" 
5.188.84.45 - - [10/Mar/2020:08:56:14 -0700] "POST /wp-comments-post.php HTTP/1.0" 302 4061 "https://www.fornacalia.com/2013/pasta-madre-day-2013/#comment-1801/" "Mozilla/5.0 (Windows NT 6.1; Win64; x64) AppleWebKit/537.36 (KHTML, like Gecko) Chrome/66.0.3359.170 Safari/537.36 OPR/53.0.2907.68" 
158.69.249.21 - - [10/Mar/2020:09:00:16 -0700] "GET /wp-login.php HTTP/1.1" 200 4809 "-" "Mozilla/5.0 (Windows NT 6.1) AppleWebKit/537.36 (KHTML, like Gecko) Chrome/63.0.3239.84 Safari/537.36" 
158.69.249.21 - - [10/Mar/2020:09:00:17 -0700] "POST /wp-login.php HTTP/1.1" 200 2128 "-" "Mozilla/5.0 (Windows NT 6.1) AppleWebKit/537.36 (KHTML, like Gecko) Chrome/63.0.3239.84 Safari/537.36" 
5.188.84.35 - - [10/Mar/2020:09:01:14 -0700] "GET /2013/pasta-madre-day-2013/ HTTP/1.0" 200 32926 "https://www.fornacalia.com/2013/pasta-madre-day-2013/#comment-1801/" "Mozilla/5.0 (Windows NT 6.1; Win64; x64) AppleWebKit/537.36 (KHTML, like Gecko) Chrome/68.0.3440.84 Safari/537.36" 
5.188.84.35 - - [10/Mar/2020:09:01:14 -0700] "POST /wp-comments-post.php HTTP/1.0" 302 4061 "https://www.fornacalia.com/2013/pasta-madre-day-2013/#comment-1801/" "Mozilla/5.0 (Windows NT 6.1; Win64; x64) AppleWebKit/537.36 (KHTML, like Gecko) Chrome/68.0.3440.84 Safari/537.36" 
77.75.78.172 - - [10/Mar/2020:09:05:15 -0700] "GET /robots.txt HTTP/1.1" 200 4295 "-" "Mozilla/5.0 (compatible; SeznamBot/3.2; +http://napoveda.seznam.cz/en/seznambot-intro/)" 
77.75.78.172 - - [10/Mar/2020:09:05:17 -0700] "GET /page/3/ HTTP/1.1" 200 20061 "-" "Mozilla/5.0 (compatible; SeznamBot/3.2; +http://napoveda.seznam.cz/en/seznambot-intro/)" 
5.188.84.15 - - [10/Mar/2020:09:08:33 -0700] "GET /2013/pasta-madre-day-2013/ HTTP/1.0" 200 32926 "https://www.fornacalia.com/2013/pasta-madre-day-2013/#comment-1801/" "Mozilla/5.0 (Windows NT 5.1) AppleWebKit/537.36 (KHTML, like Gecko) Chrome/49.0.2623.112 Safari/537.36" 
5.188.84.15 - - [10/Mar/2020:09:08:34 -0700] "POST /wp-comments-post.php HTTP/1.0" 302 4061 "https://www.fornacalia.com/2013/pasta-madre-day-2013/#comment-1801/" "Mozilla/5.0 (Windows NT 5.1) AppleWebKit/537.36 (KHTML, like Gecko) Chrome/49.0.2623.112 Safari/537.36" 
5.188.84.220 - - [10/Mar/2020:09:13:24 -0700] "GET /2013/pasta-madre-day-2013/ HTTP/1.0" 200 32926 "https://www.fornacalia.com/2013/pasta-madre-day-2013/#comment-1801/" "Mozilla/5.0 (Windows NT 6.1; Win64; x64) AppleWebKit/537.36 (KHTML, like Gecko) Chrome/67.0.3396.99 Safari/537.36" 
5.188.84.220 - - [10/Mar/2020:09:13:25 -0700] "POST /wp-comments-post.php HTTP/1.0" 302 4061 "https://www.fornacalia.com/2013/pasta-madre-day-2013/#comment-1801/" "Mozilla/5.0 (Windows NT 6.1; Win64; x64) AppleWebKit/537.36 (KHTML, like Gecko) Chrome/67.0.3396.99 Safari/537.36" 
5.188.84.80 - - [10/Mar/2020:09:16:06 -0700] "GET /2013/pasta-madre-day-2013/ HTTP/1.0" 200 32926 "https://www.fornacalia.com/2013/pasta-madre-day-2013/#comment-1801/" "Mozilla/5.0 (Windows NT 6.1; WOW64) AppleWebKit/537.36 (KHTML, like Gecko) Chrome/67.0.3396.87 Safari/537.36 OPR/54.0.2952.64 (Edition Yx)" 
5.188.84.80 - - [10/Mar/2020:09:16:07 -0700] "POST /wp-comments-post.php HTTP/1.0" 302 4061 "https://www.fornacalia.com/2013/pasta-madre-day-2013/#comment-1801/" "Mozilla/5.0 (Windows NT 6.1; WOW64) AppleWebKit/537.36 (KHTML, like Gecko) Chrome/67.0.3396.87 Safari/537.36 OPR/54.0.2952.64 (Edition Yx)" 
5.188.84.80 - - [10/Mar/2020:09:18:58 -0700] "GET /2013/pasta-madre-day-2013/ HTTP/1.0" 200 32926 "https://www.fornacalia.com/2013/pasta-madre-day-2013/#comment-1801/" "Mozilla/5.0 (Windows NT 5.1) AppleWebKit/537.36 (KHTML, like Gecko) Chrome/49.0.2623.112 Safari/537.36" 
5.188.84.80 - - [10/Mar/2020:09:18:59 -0700] "POST /wp-comments-post.php HTTP/1.0" 302 4061 "https://www.fornacalia.com/2013/pasta-madre-day-2013/#comment-1801/" "Mozilla/5.0 (Windows NT 5.1) AppleWebKit/537.36 (KHTML, like Gecko) Chrome/49.0.2623.112 Safari/537.36" 
5.188.84.25 - - [10/Mar/2020:09:22:06 -0700] "GET /2013/pasta-madre-day-2013/ HTTP/1.0" 200 32926 "https://www.fornacalia.com/2013/pasta-madre-day-2013/#comment-1801/" "Mozilla/5.0 (Windows NT 6.1; Win64; x64) AppleWebKit/537.36 (KHTML, like Gecko) Chrome/66.0.3359.181 Safari/537.36" 
5.188.84.25 - - [10/Mar/2020:09:22:09 -0700] "POST /wp-comments-post.php HTTP/1.0" 302 4061 "https://www.fornacalia.com/2013/pasta-madre-day-2013/#comment-1801/" "Mozilla/5.0 (Windows NT 6.1; Win64; x64) AppleWebKit/537.36 (KHTML, like Gecko) Chrome/66.0.3359.181 Safari/537.36" 
54.36.148.84 - - [10/Mar/2020:09:22:28 -0700] "GET /wp-content/uploads/2015/07/Grano-arso-3.png HTTP/1.1" 301 3706 "-" "Mozilla/5.0 (compatible; AhrefsBot/6.1; +http://ahrefs.com/robot/)" 
5.188.84.65 - - [10/Mar/2020:09:33:18 -0700] "GET /2013/pasta-madre-day-2013/ HTTP/1.0" 200 32926 "https://www.fornacalia.com/2013/pasta-madre-day-2013/#comment-1801/" "Mozilla/5.0 (Windows NT 6.1) AppleWebKit/537.36 (KHTML, like Gecko) Chrome/66.0.3359.181 Safari/537.36" 
5.188.84.65 - - [10/Mar/2020:09:33:21 -0700] "POST /wp-comments-post.php HTTP/1.0" 302 4061 "https://www.fornacalia.com/2013/pasta-madre-day-2013/#comment-1801/" "Mozilla/5.0 (Windows NT 6.1) AppleWebKit/537.36 (KHTML, like Gecko) Chrome/66.0.3359.181 Safari/537.36" 
134.209.184.77 - - [10/Mar/2020:09:33:50 -0700] "GET /wp-login.php HTTP/1.1" 200 4809 "-" "Mozilla/5.0 (Windows NT 6.1) AppleWebKit/537.36 (KHTML, like Gecko) Chrome/63.0.3239.84 Safari/537.36" 
134.209.184.77 - - [10/Mar/2020:09:33:50 -0700] "POST /wp-login.php HTTP/1.1" 200 2128 "-" "Mozilla/5.0 (Windows NT 6.1) AppleWebKit/537.36 (KHTML, like Gecko) Chrome/63.0.3239.84 Safari/537.36" 
5.188.84.233 - - [10/Mar/2020:09:35:03 -0700] "GET /2013/pasta-madre-day-2013/ HTTP/1.0" 200 32926 "https://www.fornacalia.com/2013/pasta-madre-day-2013/#comment-1801/" "Mozilla/5.0 (Windows NT 10.0; Win64; x64) AppleWebKit/537.36 (KHTML, like Gecko) Chrome/67.0.3396.87 Safari/537.36" 
5.188.84.233 - - [10/Mar/2020:09:35:06 -0700] "POST /wp-comments-post.php HTTP/1.0" 302 4061 "https://www.fornacalia.com/2013/pasta-madre-day-2013/#comment-1801/" "Mozilla/5.0 (Windows NT 10.0; Win64; x64) AppleWebKit/537.36 (KHTML, like Gecko) Chrome/67.0.3396.87 Safari/537.36" 
66.249.73.173 - - [10/Mar/2020:09:37:01 -0700] "GET /2018/bonnies-friendship-bake/ HTTP/1.1" 200 11108 "-" "Mozilla/5.0 (Linux; Android 6.0.1; Nexus 5X Build/MMB29P) AppleWebKit/537.36 (KHTML, like Gecko) Chrome/41.0.2272.96 Mobile Safari/537.36 (compatible; Googlebot/2.1; +http://www.google.com/bot.html)" 
157.55.39.34 - - [10/Mar/2020:09:37:14 -0700] "GET /robots.txt HTTP/1.1" 200 2530 "-" "Mozilla/5.0 (compatible; bingbot/2.0; +http://www.bing.com/bingbot.htm)" 
157.55.39.34 - - [10/Mar/2020:09:37:14 -0700] "GET /robots.txt HTTP/1.1" 200 4290 "-" "Mozilla/5.0 (compatible; bingbot/2.0; +http://www.bing.com/bingbot.htm)" 
40.77.167.209 - - [10/Mar/2020:09:37:28 -0700] "GET /page/13/ HTTP/1.1" 200 14926 "-" "Mozilla/5.0 (compatible; bingbot/2.0; +http://www.bing.com/bingbot.htm)" 
40.77.188.252 - - [10/Mar/2020:09:37:47 -0700] "GET /wp-content/themes/autonomie/font/genericons/Genericons.woff HTTP/1.1" 200 18062 "-" "Mozilla/5.0 (Windows NT 6.1; WOW64) AppleWebKit/534+ (KHTML, like Gecko) BingPreview/1.0b" 
207.46.13.128 - - [10/Mar/2020:09:38:40 -0700] "GET /page/13/ HTTP/1.1" 200 14926 "-" "msnbot/2.0b (+http://search.msn.com/msnbot.htm)" 
66.249.73.175 - - [10/Mar/2020:09:41:55 -0700] "GET /wp-content/themes/Autonomie-child/css/wide-width.css?ver=1.0.0 HTTP/1.1" 404 9981 "https://www.fornacalia.com/2018/bonnies-friendship-bake/" "Mozilla/5.0 (Linux; Android 6.0.1; Nexus 5X Build/MMB29P) AppleWebKit/537.36 (KHTML, like Gecko) Chrome/80.0.3987.92 Mobile Safari/537.36 (compatible; Googlebot/2.1; +http://www.google.com/bot.html)" 
64.111.100.215 - - [10/Mar/2020:09:41:55 -0700] "POST /wp-cron.php?doing_wp_cron=1583858515.5675070285797119140625 HTTP/1.1" 200 3492 "https://www.fornacalia.com/wp-cron.php?doing_wp_cron=1583858515.5675070285797119140625" "WordPress/5.2.5; https://www.fornacalia.com" 
38.77.16.173 - - [10/Mar/2020:09:43:45 -0700] "GET /wp-content/uploads/2017/12/Grano-arso-1.png HTTP/1.1" 200 658563 "https://www.bing.com/" "Mozilla/5.0 (iPhone; CPU iPhone OS 13_3 like Mac OS X) AppleWebKit/605.1.15 (KHTML, like Gecko) Version/13.0.4 Mobile/15E148 Safari/604.1" 
5.188.84.45 - - [10/Mar/2020:09:44:40 -0700] "GET /2013/pasta-madre-day-2013/ HTTP/1.0" 200 32926 "https://www.fornacalia.com/2013/pasta-madre-day-2013/#comment-1801/" "Mozilla/5.0 (Windows NT 10.0; Win64; x64) AppleWebKit/537.36 (KHTML, like Gecko) Chrome/58.0.3029.110 Safari/537.36 Edge/16.16299" 
5.188.84.45 - - [10/Mar/2020:09:44:41 -0700] "POST /wp-comments-post.php HTTP/1.0" 302 4061 "https://www.fornacalia.com/2013/pasta-madre-day-2013/#comment-1801/" "Mozilla/5.0 (Windows NT 10.0; Win64; x64) AppleWebKit/537.36 (KHTML, like Gecko) Chrome/58.0.3029.110 Safari/537.36 Edge/16.16299" 
66.249.73.173 - - [10/Mar/2020:09:49:26 -0700] "GET /2018/when-life-gives-you-hummus/ HTTP/1.1" 200 13592 "-" "Mozilla/5.0 (Linux; Android 6.0.1; Nexus 5X Build/MMB29P) AppleWebKit/537.36 (KHTML, like Gecko) Chrome/41.0.2272.96 Mobile Safari/537.36 (compatible; Googlebot/2.1; +http://www.google.com/bot.html)" 
54.36.150.69 - - [10/Mar/2020:09:53:06 -0700] "GET /category/recipes/ HTTP/1.1" 200 22617 "-" "Mozilla/5.0 (compatible; AhrefsBot/6.1; +http://ahrefs.com/robot/)" 
114.119.164.131 - - [10/Mar/2020:09:58:49 -0700] "GET /2018/palanga-rye HTTP/1.1" 301 4037 "-" "Mozilla/5.0 (Linux; Android 7.0;) AppleWebKit/537.36 (KHTML, like Gecko) Mobile Safari/537.36 (compatible; AspiegelBot)" 
114.119.164.131 - - [10/Mar/2020:09:58:50 -0700] "GET /2018/palanga-rye/ HTTP/1.1" 200 11469 "-" "Mozilla/5.0 (Linux; Android 7.0;) AppleWebKit/537.36 (KHTML, like Gecko) Mobile Safari/537.36 (compatible; AspiegelBot)" 
5.188.84.35 - - [10/Mar/2020:10:00:39 -0700] "GET /2013/pasta-madre-day-2013/ HTTP/1.0" 200 32926 "https://www.fornacalia.com/2013/pasta-madre-day-2013/#comment-1801/" "Mozilla/5.0 (Windows NT 6.1; Win64; x64) AppleWebKit/537.36 (KHTML, like Gecko) Chrome/67.0.3396.87 Safari/537.36 OPR/54.0.2952.54" 
5.188.84.35 - - [10/Mar/2020:10:00:40 -0700] "POST /wp-comments-post.php HTTP/1.0" 302 4061 "https://www.fornacalia.com/2013/pasta-madre-day-2013/#comment-1801/" "Mozilla/5.0 (Windows NT 6.1; Win64; x64) AppleWebKit/537.36 (KHTML, like Gecko) Chrome/67.0.3396.87 Safari/537.36 OPR/54.0.2952.54" 
94.139.231.195 - - [10/Mar/2020:10:04:07 -0700] "GET /2013/pasta-madre-day-2013/ HTTP/1.0" 200 32926 "https://www.fornacalia.com/2013/pasta-madre-day-2013/#comment-27236/" "Mozilla/5.0 (Windows NT 6.3; Win64; x64) AppleWebKit/537.36 (KHTML, like Gecko) Chrome/65.0.3325.146 Safari/537.36" 
94.139.231.195 - - [10/Mar/2020:10:04:08 -0700] "POST /wp-comments-post.php HTTP/1.0" 302 4061 "https://www.fornacalia.com/2013/pasta-madre-day-2013/#comment-27236/" "Mozilla/5.0 (Windows NT 6.3; Win64; x64) AppleWebKit/537.36 (KHTML, like Gecko) Chrome/65.0.3325.146 Safari/537.36" 
94.139.231.195 - - [10/Mar/2020:10:04:09 -0700] "GET /2013/pasta-madre-day-2013/ HTTP/1.0" 200 32926 "https://www.fornacalia.com/2013/pasta-madre-day-2013/#comment-28987" "Mozilla/5.0 (Windows NT 6.3; Win64; x64) AppleWebKit/537.36 (KHTML, like Gecko) Chrome/65.0.3325.146 Safari/537.36" 
5.188.84.25 - - [10/Mar/2020:10:05:17 -0700] "GET /2013/pasta-madre-day-2013/ HTTP/1.0" 200 32926 "https://www.fornacalia.com/2013/pasta-madre-day-2013/#comment-1801/" "Mozilla/5.0 (Windows NT 6.1; Win64; x64) AppleWebKit/537.36 (KHTML, like Gecko) Chrome/66.0.3359.170 Safari/537.36 OPR/53.0.2907.99" 
5.188.84.25 - - [10/Mar/2020:10:05:18 -0700] "POST /wp-comments-post.php HTTP/1.0" 302 4061 "https://www.fornacalia.com/2013/pasta-madre-day-2013/#comment-1801/" "Mozilla/5.0 (Windows NT 6.1; Win64; x64) AppleWebKit/537.36 (KHTML, like Gecko) Chrome/66.0.3359.170 Safari/537.36 OPR/53.0.2907.99" 
5.188.84.15 - - [10/Mar/2020:10:10:14 -0700] "GET /2013/pasta-madre-day-2013/ HTTP/1.0" 200 32926 "https://www.fornacalia.com/2013/pasta-madre-day-2013/#comment-1801/" "Mozilla/5.0 (Windows NT 10.0; Win64; x64) AppleWebKit/537.36 (KHTML, like Gecko) Chrome/65.0.3325.181 Safari/537.36" 
5.188.84.15 - - [10/Mar/2020:10:10:16 -0700] "POST /wp-comments-post.php HTTP/1.0" 302 4061 "https://www.fornacalia.com/2013/pasta-madre-day-2013/#comment-1801/" "Mozilla/5.0 (Windows NT 10.0; Win64; x64) AppleWebKit/537.36 (KHTML, like Gecko) Chrome/65.0.3325.181 Safari/537.36" 
5.188.84.65 - - [10/Mar/2020:10:11:35 -0700] "GET /2013/pasta-madre-day-2013/ HTTP/1.0" 200 32926 "https://www.fornacalia.com/2013/pasta-madre-day-2013/#comment-1801/" "Mozilla/5.0 (Windows NT 6.1) AppleWebKit/537.36 (KHTML, like Gecko) Chrome/67.0.3396.87 Safari/537.36" 
5.188.84.65 - - [10/Mar/2020:10:11:37 -0700] "POST /wp-comments-post.php HTTP/1.0" 302 4061 "https://www.fornacalia.com/2013/pasta-madre-day-2013/#comment-1801/" "Mozilla/5.0 (Windows NT 6.1) AppleWebKit/537.36 (KHTML, like Gecko) Chrome/67.0.3396.87 Safari/537.36" 
5.188.84.233 - - [10/Mar/2020:10:12:45 -0700] "GET /2013/pasta-madre-day-2013/ HTTP/1.0" 200 32926 "https://www.fornacalia.com/2013/pasta-madre-day-2013/#comment-1801/" "Mozilla/5.0 (Windows NT 10.0; Win64; x64) AppleWebKit/537.36 (KHTML, like Gecko) Chrome/68.0.3440.84 Safari/537.36" 
5.188.84.233 - - [10/Mar/2020:10:12:48 -0700] "POST /wp-comments-post.php HTTP/1.0" 302 4061 "https://www.fornacalia.com/2013/pasta-madre-day-2013/#comment-1801/" "Mozilla/5.0 (Windows NT 10.0; Win64; x64) AppleWebKit/537.36 (KHTML, like Gecko) Chrome/68.0.3440.84 Safari/537.36" 
82.11.244.130 - - [10/Mar/2020:10:33:02 -0700] "GET /2013/sourdough-ciabatta/ HTTP/1.1" 200 14452 "https://www.google.co.uk/" "Mozilla/5.0 (iPhone; CPU iPhone OS 13_3_1 like Mac OS X) AppleWebKit/605.1.15 (KHTML, like Gecko) Version/13.0.5 Mobile/15E148 Safari/604.1" 
82.11.244.130 - - [10/Mar/2020:10:33:04 -0700] "GET /wp-includes/css/dist/block-library/style.min.css?ver=5.2.5 HTTP/1.1" 200 5391 "https://www.fornacalia.com/2013/sourdough-ciabatta/" "Mozilla/5.0 (iPhone; CPU iPhone OS 13_3_1 like Mac OS X) AppleWebKit/605.1.15 (KHTML, like Gecko) Version/13.0.5 Mobile/15E148 Safari/604.1" 
82.11.244.130 - - [10/Mar/2020:10:33:04 -0700] "GET /wp-content/themes/Autonomie-child/style.css?ver=1.0.0 HTTP/1.1" 200 1492 "https://www.fornacalia.com/2013/sourdough-ciabatta/" "Mozilla/5.0 (iPhone; CPU iPhone OS 13_3_1 like Mac OS X) AppleWebKit/605.1.15 (KHTML, like Gecko) Version/13.0.5 Mobile/15E148 Safari/604.1" 
82.11.244.130 - - [10/Mar/2020:10:33:04 -0700] "GET /wp-content/plugins/indieweb/static/css/indieweb.css?ver=3.4.1 HTTP/1.1" 200 6994 "https://www.fornacalia.com/2013/sourdough-ciabatta/" "Mozilla/5.0 (iPhone; CPU iPhone OS 13_3_1 like Mac OS X) AppleWebKit/605.1.15 (KHTML, like Gecko) Version/13.0.5 Mobile/15E148 Safari/604.1" 
82.11.244.130 - - [10/Mar/2020:10:33:04 -0700] "GET /wp-content/themes/Autonomie-child/css/narrow-width.css?ver=1.0.0 HTTP/1.1" 200 1064 "https://www.fornacalia.com/2013/sourdough-ciabatta/" "Mozilla/5.0 (iPhone; CPU iPhone OS 13_3_1 like Mac OS X) AppleWebKit/605.1.15 (KHTML, like Gecko) Version/13.0.5 Mobile/15E148 Safari/604.1" 
82.11.244.130 - - [10/Mar/2020:10:33:04 -0700] "GET /wp-includes/js/jquery/jquery.js?ver=1.12.4-wp HTTP/1.1" 200 35203 "https://www.fornacalia.com/2013/sourdough-ciabatta/" "Mozilla/5.0 (iPhone; CPU iPhone OS 13_3_1 like Mac OS X) AppleWebKit/605.1.15 (KHTML, like Gecko) Version/13.0.5 Mobile/15E148 Safari/604.1" 
82.11.244.130 - - [10/Mar/2020:10:33:04 -0700] "GET /wp-content/themes/autonomie/style.css?ver=5.2.5 HTTP/1.1" 200 12653 "https://www.fornacalia.com/2013/sourdough-ciabatta/" "Mozilla/5.0 (iPhone; CPU iPhone OS 13_3_1 like Mac OS X) AppleWebKit/605.1.15 (KHTML, like Gecko) Version/13.0.5 Mobile/15E148 Safari/604.1" 
82.11.244.130 - - [10/Mar/2020:10:33:04 -0700] "GET /wp-content/plugins/semantic-linkbacks/css/semantic-linkbacks.css?ver=3.8.1 HTTP/1.1" 200 3895 "https://www.fornacalia.com/2013/sourdough-ciabatta/" "Mozilla/5.0 (iPhone; CPU iPhone OS 13_3_1 like Mac OS X) AppleWebKit/605.1.15 (KHTML, like Gecko) Version/13.0.5 Mobile/15E148 Safari/604.1" 
82.11.244.130 - - [10/Mar/2020:10:33:04 -0700] "GET /wp-includes/js/jquery/jquery-migrate.min.js?ver=1.4.1 HTTP/1.1" 200 4603 "https://www.fornacalia.com/2013/sourdough-ciabatta/" "Mozilla/5.0 (iPhone; CPU iPhone OS 13_3_1 like Mac OS X) AppleWebKit/605.1.15 (KHTML, like Gecko) Version/13.0.5 Mobile/15E148 Safari/604.1" 
82.11.244.130 - - [10/Mar/2020:10:33:04 -0700] "GET /wp-content/plugins/semantic-linkbacks/js/semantic-linkbacks.js?ver=3.8.1 HTTP/1.1" 200 675 "https://www.fornacalia.com/2013/sourdough-ciabatta/" "Mozilla/5.0 (iPhone; CPU iPhone OS 13_3_1 like Mac OS X) AppleWebKit/605.1.15 (KHTML, like Gecko) Version/13.0.5 Mobile/15E148 Safari/604.1" 
82.11.244.130 - - [10/Mar/2020:10:33:04 -0700] "GET /wp-includes/js/comment-reply.min.js?ver=5.2.5 HTTP/1.1" 200 1621 "https://www.fornacalia.com/2013/sourdough-ciabatta/" "Mozilla/5.0 (iPhone; CPU iPhone OS 13_3_1 like Mac OS X) AppleWebKit/605.1.15 (KHTML, like Gecko) Version/13.0.5 Mobile/15E148 Safari/604.1" 
82.11.244.130 - - [10/Mar/2020:10:33:04 -0700] "GET /wp-content/themes/autonomie/js/navigation.js?ver=1.0.0 HTTP/1.1" 200 1408 "https://www.fornacalia.com/2013/sourdough-ciabatta/" "Mozilla/5.0 (iPhone; CPU iPhone OS 13_3_1 like Mac OS X) AppleWebKit/605.1.15 (KHTML, like Gecko) Version/13.0.5 Mobile/15E148 Safari/604.1" 
82.11.244.130 - - [10/Mar/2020:10:33:04 -0700] "GET /wp-content/themes/autonomie/js/skip-link-focus-fix.js?ver=1.0.0 HTTP/1.1" 200 1010 "https://www.fornacalia.com/2013/sourdough-ciabatta/" "Mozilla/5.0 (iPhone; CPU iPhone OS 13_3_1 like Mac OS X) AppleWebKit/605.1.15 (KHTML, like Gecko) Version/13.0.5 Mobile/15E148 Safari/604.1" 
82.11.244.130 - - [10/Mar/2020:10:33:04 -0700] "GET /wp-includes/js/wp-embed.min.js?ver=5.2.5 HTTP/1.1" 200 1280 "https://www.fornacalia.com/2013/sourdough-ciabatta/" "Mozilla/5.0 (iPhone; CPU iPhone OS 13_3_1 like Mac OS X) AppleWebKit/605.1.15 (KHTML, like Gecko) Version/13.0.5 Mobile/15E148 Safari/604.1" 
82.11.244.130 - - [10/Mar/2020:10:33:04 -0700] "GET /wp-content/themes/autonomie/font/merriweather/merriweather-v15-latin-300.woff2 HTTP/1.1" 200 18992 "https://www.fornacalia.com/2013/sourdough-ciabatta/" "Mozilla/5.0 (iPhone; CPU iPhone OS 13_3_1 like Mac OS X) AppleWebKit/605.1.15 (KHTML, like Gecko) Version/13.0.5 Mobile/15E148 Safari/604.1" 
82.11.244.130 - - [10/Mar/2020:10:33:04 -0700] "GET /wp-content/themes/autonomie/font/lato/lato-v13-latin-700.woff2 HTTP/1.1" 200 23120 "https://www.fornacalia.com/2013/sourdough-ciabatta/" "Mozilla/5.0 (iPhone; CPU iPhone OS 13_3_1 like Mac OS X) AppleWebKit/605.1.15 (KHTML, like Gecko) Version/13.0.5 Mobile/15E148 Safari/604.1" 
82.11.244.130 - - [10/Mar/2020:10:33:04 -0700] "GET /wp-content/themes/autonomie/font/lato/lato-v13-latin-300.woff2 HTTP/1.1" 200 23476 "https://www.fornacalia.com/2013/sourdough-ciabatta/" "Mozilla/5.0 (iPhone; CPU iPhone OS 13_3_1 like Mac OS X) AppleWebKit/605.1.15 (KHTML, like Gecko) Version/13.0.5 Mobile/15E148 Safari/604.1" 
82.11.244.130 - - [10/Mar/2020:10:33:04 -0700] "GET /wp-content/themes/autonomie/font/lato/lato-v13-latin-300italic.woff2 HTTP/1.1" 200 17948 "https://www.fornacalia.com/2013/sourdough-ciabatta/" "Mozilla/5.0 (iPhone; CPU iPhone OS 13_3_1 like Mac OS X) AppleWebKit/605.1.15 (KHTML, like Gecko) Version/13.0.5 Mobile/15E148 Safari/604.1" 
82.11.244.130 - - [10/Mar/2020:10:33:04 -0700] "GET /wp-content/themes/autonomie/font/merriweather/merriweather-v15-latin-300italic.woff2 HTTP/1.1" 200 20144 "https://www.fornacalia.com/2013/sourdough-ciabatta/" "Mozilla/5.0 (iPhone; CPU iPhone OS 13_3_1 like Mac OS X) AppleWebKit/605.1.15 (KHTML, like Gecko) Version/13.0.5 Mobile/15E148 Safari/604.1" 
82.11.244.130 - - [10/Mar/2020:10:33:04 -0700] "GET /wp-content/uploads/2013/09/DSC00106.jpg HTTP/1.1" 200 57887 "https://www.fornacalia.com/2013/sourdough-ciabatta/" "Mozilla/5.0 (iPhone; CPU iPhone OS 13_3_1 like Mac OS X) AppleWebKit/605.1.15 (KHTML, like Gecko) Version/13.0.5 Mobile/15E148 Safari/604.1" 
82.11.244.130 - - [10/Mar/2020:10:33:04 -0700] "GET /wp-content/plugins/semantic-linkbacks/img/mm.jpg HTTP/1.1" 200 1741 "https://www.fornacalia.com/2013/sourdough-ciabatta/" "Mozilla/5.0 (iPhone; CPU iPhone OS 13_3_1 like Mac OS X) AppleWebKit/605.1.15 (KHTML, like Gecko) Version/13.0.5 Mobile/15E148 Safari/604.1" 
82.11.244.130 - - [10/Mar/2020:10:33:04 -0700] "GET /wp-content/uploads/2013/09/IMG_0745.jpg HTTP/1.1" 200 194097 "https://www.fornacalia.com/2013/sourdough-ciabatta/" "Mozilla/5.0 (iPhone; CPU iPhone OS 13_3_1 like Mac OS X) AppleWebKit/605.1.15 (KHTML, like Gecko) Version/13.0.5 Mobile/15E148 Safari/604.1" 
82.11.244.130 - - [10/Mar/2020:10:33:04 -0700] "GET /wp-content/uploads/2013/09/IMG_0739-1024x768.jpg HTTP/1.1" 200 146348 "https://www.fornacalia.com/2013/sourdough-ciabatta/" "Mozilla/5.0 (iPhone; CPU iPhone OS 13_3_1 like Mac OS X) AppleWebKit/605.1.15 (KHTML, like Gecko) Version/13.0.5 Mobile/15E148 Safari/604.1" 
82.11.244.130 - - [10/Mar/2020:10:33:05 -0700] "GET /wp-content/themes/Autonomie-child/css/print.css?ver=1.0.0 HTTP/1.1" 200 836 "https://www.fornacalia.com/2013/sourdough-ciabatta/" "Mozilla/5.0 (iPhone; CPU iPhone OS 13_3_1 like Mac OS X) AppleWebKit/605.1.15 (KHTML, like Gecko) Version/13.0.5 Mobile/15E148 Safari/604.1" 
82.11.244.130 - - [10/Mar/2020:10:33:05 -0700] "GET /wp-content/themes/Autonomie-child/css/default-width.css?ver=1.0.0 HTTP/1.1" 200 950 "https://www.fornacalia.com/2013/sourdough-ciabatta/" "Mozilla/5.0 (iPhone; CPU iPhone OS 13_3_1 like Mac OS X) AppleWebKit/605.1.15 (KHTML, like Gecko) Version/13.0.5 Mobile/15E148 Safari/604.1" 
82.11.244.130 - - [10/Mar/2020:10:33:05 -0700] "GET /wp-content/themes/Autonomie-child/css/wide-width.css?ver=1.0.0 HTTP/1.1" 404 6711 "https://www.fornacalia.com/2013/sourdough-ciabatta/" "Mozilla/5.0 (iPhone; CPU iPhone OS 13_3_1 like Mac OS X) AppleWebKit/605.1.15 (KHTML, like Gecko) Version/13.0.5 Mobile/15E148 Safari/604.1" 
82.11.244.130 - - [10/Mar/2020:10:33:05 -0700] "GET /wp-content/uploads/2017/12/cropped-forno-favicon-192x192.png HTTP/1.1" 200 24719 "https://www.fornacalia.com/2013/sourdough-ciabatta/" "Mozilla/5.0 (iPhone; CPU iPhone OS 13_3_1 like Mac OS X) AppleWebKit/605.1.15 (KHTML, like Gecko) Version/13.0.5 Mobile/15E148 Safari/604.1" 
82.11.244.130 - - [10/Mar/2020:10:33:06 -0700] "GET /wp-content/uploads/2017/12/cropped-forno-favicon-32x32.png HTTP/1.1" 200 1574 "https://www.fornacalia.com/2013/sourdough-ciabatta/" "Mozilla/5.0 (iPhone; CPU iPhone OS 13_3_1 like Mac OS X) AppleWebKit/605.1.15 (KHTML, like Gecko) Version/13.0.5 Mobile/15E148 Safari/604.1" 
138.197.141.124 - - [10/Mar/2020:10:35:44 -0700] "GET /wp-login.php HTTP/1.1" 200 4809 "-" "Mozilla/5.0 (Windows NT 6.1) AppleWebKit/537.36 (KHTML, like Gecko) Chrome/63.0.3239.84 Safari/537.36" 
138.197.141.124 - - [10/Mar/2020:10:35:44 -0700] "POST /wp-login.php HTTP/1.1" 200 2128 "-" "Mozilla/5.0 (Windows NT 6.1) AppleWebKit/537.36 (KHTML, like Gecko) Chrome/63.0.3239.84 Safari/537.36" 
66.249.73.171 - - [10/Mar/2020:10:39:05 -0700] "GET /2019/learn-to-bake-sourdough-bread-in-rome/ HTTP/1.1" 200 14236 "-" "Mozilla/5.0 (compatible; Googlebot/2.1; +http://www.google.com/bot.html)" 
17.58.97.64 - - [10/Mar/2020:10:40:04 -0700] "GET /robots.txt HTTP/1.1" 200 4039 "-" "Mozilla/5.0 (Macintosh; Intel Mac OS X 10_10_1) AppleWebKit/600.2.5 (KHTML, like Gecko) Version/8.0.2 Safari/600.2.5 (Applebot/0.1; +http://www.apple.com/go/applebot)" 
17.58.96.249 - - [10/Mar/2020:10:40:05 -0700] "GET /2018/bonnies-friendship-bake/ HTTP/1.1" 200 10856 "-" "Mozilla/5.0 (Macintosh; Intel Mac OS X 10_10_1) AppleWebKit/600.2.5 (KHTML, like Gecko) Version/8.0.2 Safari/600.2.5 (Applebot/0.1; +http://www.apple.com/go/applebot)" 
17.58.96.249 - - [10/Mar/2020:10:40:25 -0700] "GET /tag/wholemeal/ HTTP/1.1" 200 9286 "-" "Mozilla/5.0 (Macintosh; Intel Mac OS X 10_10_1) AppleWebKit/600.2.5 (KHTML, like Gecko) Version/8.0.2 Safari/600.2.5 (Applebot/0.1; +http://www.apple.com/go/applebot)" 
5.188.84.220 - - [10/Mar/2020:10:42:56 -0700] "GET /2013/pasta-madre-day-2013/ HTTP/1.0" 200 32926 "https://www.fornacalia.com/2013/pasta-madre-day-2013/#comment-1801/" "Mozilla/5.0 (Windows NT 6.1; Win64; x64) AppleWebKit/537.36 (KHTML, like Gecko) Chrome/67.0.3396.87 Safari/537.36 OPR/54.0.2952.54" 
64.111.100.215 - - [10/Mar/2020:10:42:56 -0700] "POST /wp-cron.php?doing_wp_cron=1583862176.3440449237823486328125 HTTP/1.1" 200 3492 "https://www.fornacalia.com/wp-cron.php?doing_wp_cron=1583862176.3440449237823486328125" "WordPress/5.2.5; https://www.fornacalia.com" 
5.188.84.220 - - [10/Mar/2020:10:42:58 -0700] "POST /wp-comments-post.php HTTP/1.0" 302 4061 "https://www.fornacalia.com/2013/pasta-madre-day-2013/#comment-1801/" "Mozilla/5.0 (Windows NT 6.1; Win64; x64) AppleWebKit/537.36 (KHTML, like Gecko) Chrome/67.0.3396.87 Safari/537.36 OPR/54.0.2952.54" 
5.188.84.45 - - [10/Mar/2020:10:47:46 -0700] "GET /2013/pasta-madre-day-2013/ HTTP/1.0" 200 32926 "https://www.fornacalia.com/2013/pasta-madre-day-2013/#comment-1801/" "Mozilla/5.0 (Windows NT 6.1; Win64; x64) AppleWebKit/537.36 (KHTML, like Gecko) Chrome/68.0.3440.84 Safari/537.36" 
5.188.84.45 - - [10/Mar/2020:10:47:47 -0700] "POST /wp-comments-post.php HTTP/1.0" 302 4061 "https://www.fornacalia.com/2013/pasta-madre-day-2013/#comment-1801/" "Mozilla/5.0 (Windows NT 6.1; Win64; x64) AppleWebKit/537.36 (KHTML, like Gecko) Chrome/68.0.3440.84 Safari/537.36" 
54.36.150.153 - - [10/Mar/2020:10:49:36 -0700] "GET /2018/long-soak-brown-bread/ HTTP/1.1" 301 3675 "-" "Mozilla/5.0 (compatible; AhrefsBot/6.1; +http://ahrefs.com/robot/)" 
5.188.84.35 - - [10/Mar/2020:10:49:55 -0700] "GET /2013/pasta-madre-day-2013/ HTTP/1.0" 200 32926 "https://www.fornacalia.com/2013/pasta-madre-day-2013/#comment-1801/" "Mozilla/5.0 (Windows NT 6.3; Win64; x64) AppleWebKit/537.36 (KHTML, like Gecko) Chrome/67.0.3396.87 Safari/537.36" 
5.188.84.35 - - [10/Mar/2020:10:49:56 -0700] "POST /wp-comments-post.php HTTP/1.0" 302 4061 "https://www.fornacalia.com/2013/pasta-madre-day-2013/#comment-1801/" "Mozilla/5.0 (Windows NT 6.3; Win64; x64) AppleWebKit/537.36 (KHTML, like Gecko) Chrome/67.0.3396.87 Safari/537.36" 
5.188.84.15 - - [10/Mar/2020:10:58:24 -0700] "GET /2013/pasta-madre-day-2013/ HTTP/1.0" 200 32926 "https://www.fornacalia.com/2013/pasta-madre-day-2013/#comment-1801/" "Mozilla/5.0 (Windows NT 10.0; Win64; x64) AppleWebKit/537.36 (KHTML, like Gecko) Chrome/67.0.3396.87 Safari/537.36 OPR/54.0.2952.64" 
5.188.84.15 - - [10/Mar/2020:10:58:26 -0700] "POST /wp-comments-post.php HTTP/1.0" 302 4061 "https://www.fornacalia.com/2013/pasta-madre-day-2013/#comment-1801/" "Mozilla/5.0 (Windows NT 10.0; Win64; x64) AppleWebKit/537.36 (KHTML, like Gecko) Chrome/67.0.3396.87 Safari/537.36 OPR/54.0.2952.64" 
5.188.84.220 - - [10/Mar/2020:11:04:42 -0700] "GET /2013/pasta-madre-day-2013/ HTTP/1.0" 200 32926 "https://www.fornacalia.com/2013/pasta-madre-day-2013/#comment-1801/" "Mozilla/5.0 (Windows NT 10.0; Win64; x64) AppleWebKit/537.36 (KHTML, like Gecko) Chrome/68.0.3440.84 Safari/537.36" 
5.188.84.220 - - [10/Mar/2020:11:04:43 -0700] "POST /wp-comments-post.php HTTP/1.0" 302 4061 "https://www.fornacalia.com/2013/pasta-madre-day-2013/#comment-1801/" "Mozilla/5.0 (Windows NT 10.0; Win64; x64) AppleWebKit/537.36 (KHTML, like Gecko) Chrome/68.0.3440.84 Safari/537.36" 
5.188.84.80 - - [10/Mar/2020:11:07:34 -0700] "GET /2013/pasta-madre-day-2013/ HTTP/1.0" 200 32926 "https://www.fornacalia.com/2013/pasta-madre-day-2013/#comment-1801/" "Mozilla/5.0 (Windows NT 6.3; Win64; x64) AppleWebKit/537.36 (KHTML, like Gecko) Chrome/67.0.3396.87 Safari/537.36" 
5.188.84.80 - - [10/Mar/2020:11:07:35 -0700] "POST /wp-comments-post.php HTTP/1.0" 302 4061 "https://www.fornacalia.com/2013/pasta-madre-day-2013/#comment-1801/" "Mozilla/5.0 (Windows NT 6.3; Win64; x64) AppleWebKit/537.36 (KHTML, like Gecko) Chrome/67.0.3396.87 Safari/537.36" 
5.188.84.80 - - [10/Mar/2020:11:10:16 -0700] "GET /2013/pasta-madre-day-2013/ HTTP/1.0" 200 32926 "https://www.fornacalia.com/2013/pasta-madre-day-2013/#comment-1801/" "Mozilla/5.0 (Windows NT 6.1; Win64; x64) AppleWebKit/537.36 (KHTML, like Gecko) Chrome/66.0.3359.181 Safari/537.36" 
5.188.84.80 - - [10/Mar/2020:11:10:17 -0700] "POST /wp-comments-post.php HTTP/1.0" 302 4061 "https://www.fornacalia.com/2013/pasta-madre-day-2013/#comment-1801/" "Mozilla/5.0 (Windows NT 6.1; Win64; x64) AppleWebKit/537.36 (KHTML, like Gecko) Chrome/66.0.3359.181 Safari/537.36" 
207.46.13.128 - - [10/Mar/2020:11:11:31 -0700] "GET /2009/sesame-oatmeal-bread/ HTTP/1.1" 200 12070 "-" "msnbot/2.0b (+http://search.msn.com/msnbot.htm)" 
5.188.84.25 - - [10/Mar/2020:11:12:07 -0700] "GET /2013/pasta-madre-day-2013/ HTTP/1.0" 200 32926 "https://www.fornacalia.com/2013/pasta-madre-day-2013/#comment-1801/" "Mozilla/5.0 (Windows NT 6.3; Win64; x64) AppleWebKit/537.36 (KHTML, like Gecko) Chrome/68.0.3440.106 Safari/537.36" 
5.188.84.25 - - [10/Mar/2020:11:12:09 -0700] "POST /wp-comments-post.php HTTP/1.0" 302 4061 "https://www.fornacalia.com/2013/pasta-madre-day-2013/#comment-1801/" "Mozilla/5.0 (Windows NT 6.3; Win64; x64) AppleWebKit/537.36 (KHTML, like Gecko) Chrome/68.0.3440.106 Safari/537.36" 
66.249.73.171 - - [10/Mar/2020:11:16:19 -0700] "GET /2013/sourdough-ciabatta/ HTTP/1.1" 200 14646 "-" "Mozilla/5.0 (compatible; Googlebot/2.1; +http://www.google.com/bot.html)" 
66.249.73.175 - - [10/Mar/2020:11:16:22 -0700] "GET /wp-content/themes/Autonomie-child/css/wide-width.css?ver=1.0.0 HTTP/1.1" 404 9981 "https://www.fornacalia.com/2013/sourdough-ciabatta/" "Mozilla/5.0 AppleWebKit/537.36 (KHTML, like Gecko; compatible; Googlebot/2.1; +http://www.google.com/bot.html) Chrome/80.0.3987.92 Safari/537.36" 
185.220.100.242 - - [10/Mar/2020:11:20:41 -0700] "GET /2013/pasta-madre-day-2013/ HTTP/1.0" 200 32926 "https://www.fornacalia.com/2013/pasta-madre-day-2013/#comment-29000" "Mozilla/5.0 (Windows NT 6.1) AppleWebKit/537.36 (KHTML, like Gecko) Chrome/67.0.3396.87 Safari/537.36" 
5.188.84.233 - - [10/Mar/2020:11:23:09 -0700] "GET /2013/pasta-madre-day-2013/ HTTP/1.0" 200 32926 "https://www.fornacalia.com/2013/pasta-madre-day-2013/#comment-1801/" "Mozilla/5.0 (Windows NT 10.0; Win64; x64) AppleWebKit/537.36 (KHTML, like Gecko) Chrome/66.0.3359.170 Safari/537.36 OPR/53.0.2907.68" 
5.188.84.233 - - [10/Mar/2020:11:23:10 -0700] "POST /wp-comments-post.php HTTP/1.0" 302 4061 "https://www.fornacalia.com/2013/pasta-madre-day-2013/#comment-1801/" "Mozilla/5.0 (Windows NT 10.0; Win64; x64) AppleWebKit/537.36 (KHTML, like Gecko) Chrome/66.0.3359.170 Safari/537.36 OPR/53.0.2907.68" 
5.188.84.65 - - [10/Mar/2020:11:23:16 -0700] "GET /2013/pasta-madre-day-2013/ HTTP/1.0" 200 32926 "https://www.fornacalia.com/2013/pasta-madre-day-2013/#comment-1801/" "Mozilla/5.0 (Windows NT 6.1; Win64; x64) AppleWebKit/537.36 (KHTML, like Gecko) Chrome/68.0.3440.106 Safari/537.36 OPR/55.0.2994.44" 
5.188.84.65 - - [10/Mar/2020:11:23:18 -0700] "POST /wp-comments-post.php HTTP/1.0" 302 4061 "https://www.fornacalia.com/2013/pasta-madre-day-2013/#comment-1801/" "Mozilla/5.0 (Windows NT 6.1; Win64; x64) AppleWebKit/537.36 (KHTML, like Gecko) Chrome/68.0.3440.106 Safari/537.36 OPR/55.0.2994.44" 
66.249.73.175 - - [10/Mar/2020:11:28:01 -0700] "GET /2012/bbc-radio-four-discovers-sourdough/ HTTP/1.1" 200 12212 "-" "Mozilla/5.0 (Linux; Android 6.0.1; Nexus 5X Build/MMB29P) AppleWebKit/537.36 (KHTML, like Gecko) Chrome/41.0.2272.96 Mobile Safari/537.36 (compatible; Googlebot/2.1; +http://www.google.com/bot.html)" 
54.36.150.137 - - [10/Mar/2020:11:34:08 -0700] "GET /wp-content/uploads/2013/12/forno1.png HTTP/1.1" 404 9730 "-" "Mozilla/5.0 (compatible; AhrefsBot/6.1; +http://ahrefs.com/robot/)" 
5.188.84.45 - - [10/Mar/2020:11:35:49 -0700] "GET /2013/pasta-madre-day-2013/ HTTP/1.0" 200 32926 "https://www.fornacalia.com/2013/pasta-madre-day-2013/#comment-1801/" "Mozilla/5.0 (Windows NT 6.1) AppleWebKit/537.36 (KHTML, like Gecko) Chrome/66.0.3359.181 Safari/537.36" 
5.188.84.45 - - [10/Mar/2020:11:35:50 -0700] "POST /wp-comments-post.php HTTP/1.0" 302 4061 "https://www.fornacalia.com/2013/pasta-madre-day-2013/#comment-1801/" "Mozilla/5.0 (Windows NT 6.1) AppleWebKit/537.36 (KHTML, like Gecko) Chrome/66.0.3359.181 Safari/537.36" 
114.119.167.160 - - [10/Mar/2020:11:39:44 -0700] "GET /page/3/ HTTP/1.1" 200 19824 "-" "Mozilla/5.0 (Linux; Android 7.0;) AppleWebKit/537.36 (KHTML, like Gecko) Mobile Safari/537.36 (compatible; AspiegelBot)" 
158.69.249.21 - - [10/Mar/2020:11:39:51 -0700] "GET /wp-login.php HTTP/1.1" 200 4809 "-" "Mozilla/5.0 (Windows NT 6.1) AppleWebKit/537.36 (KHTML, like Gecko) Chrome/63.0.3239.84 Safari/537.36" 
158.69.249.21 - - [10/Mar/2020:11:39:51 -0700] "POST /wp-login.php HTTP/1.1" 200 2128 "-" "Mozilla/5.0 (Windows NT 6.1) AppleWebKit/537.36 (KHTML, like Gecko) Chrome/63.0.3239.84 Safari/537.36" 
114.119.167.112 - - [10/Mar/2020:11:47:15 -0700] "GET /2019/learn-to-bake-sourdough-bread-in-rome/%23comments HTTP/1.1" 404 10102 "-" "Mozilla/5.0 (Windows NT 6.1) AppleWebKit/537.36 (KHTML, like Gecko) Chrome/31.0.1650.16 Safari/537.36" 
64.111.100.215 - - [10/Mar/2020:11:47:16 -0700] "POST /wp-cron.php?doing_wp_cron=1583866035.9994530677795410156250 HTTP/1.1" 200 3492 "https://www.fornacalia.com/wp-cron.php?doing_wp_cron=1583866035.9994530677795410156250" "WordPress/5.2.5; https://www.fornacalia.com" 
114.119.167.112 - - [10/Mar/2020:11:47:17 -0700] "GET /wp-includes/js/wp-emoji-release.min.js?ver=5.2.5 HTTP/1.1" 200 5321 "https://www.fornacalia.com/2019/learn-to-bake-sourdough-bread-in-rome/%23comments" "Mozilla/5.0 (Windows NT 6.1) AppleWebKit/537.36 (KHTML, like Gecko) Chrome/31.0.1650.16 Safari/537.36" 
114.119.167.112 - - [10/Mar/2020:11:47:17 -0700] "GET /wp-includes/css/dist/block-library/style.min.css?ver=5.2.5 HTTP/1.1" 200 5481 "https://www.fornacalia.com/2019/learn-to-bake-sourdough-bread-in-rome/%23comments" "Mozilla/5.0 (Windows NT 6.1) AppleWebKit/537.36 (KHTML, like Gecko) Chrome/31.0.1650.16 Safari/537.36" 
114.119.167.112 - - [10/Mar/2020:11:47:17 -0700] "GET /wp-content/plugins/indieweb/static/css/indieweb.css?ver=3.4.1 HTTP/1.1" 200 7114 "https://www.fornacalia.com/2019/learn-to-bake-sourdough-bread-in-rome/%23comments" "Mozilla/5.0 (Windows NT 6.1) AppleWebKit/537.36 (KHTML, like Gecko) Chrome/31.0.1650.16 Safari/537.36" 
114.119.167.112 - - [10/Mar/2020:11:47:17 -0700] "GET /wp-content/plugins/semantic-linkbacks/css/semantic-linkbacks.css?ver=3.8.1 HTTP/1.1" 200 1061 "https://www.fornacalia.com/2019/learn-to-bake-sourdough-bread-in-rome/%23comments" "Mozilla/5.0 (Windows NT 6.1) AppleWebKit/537.36 (KHTML, like Gecko) Chrome/31.0.1650.16 Safari/537.36" 
114.119.167.112 - - [10/Mar/2020:11:47:17 -0700] "GET /wp-content/themes/autonomie/style.css?ver=5.2.5 HTTP/1.1" 200 9834 "https://www.fornacalia.com/2019/learn-to-bake-sourdough-bread-in-rome/%23comments" "Mozilla/5.0 (Windows NT 6.1) AppleWebKit/537.36 (KHTML, like Gecko) Chrome/31.0.1650.16 Safari/537.36" 
114.119.167.112 - - [10/Mar/2020:11:47:17 -0700] "GET /wp-content/themes/Autonomie-child/style.css?ver=1.0.0 HTTP/1.1" 200 1733 "https://www.fornacalia.com/2019/learn-to-bake-sourdough-bread-in-rome/%23comments" "Mozilla/5.0 (Windows NT 6.1) AppleWebKit/537.36 (KHTML, like Gecko) Chrome/31.0.1650.16 Safari/537.36" 
114.119.167.112 - - [10/Mar/2020:11:47:17 -0700] "GET /wp-content/themes/Autonomie-child/css/narrow-width.css?ver=1.0.0 HTTP/1.1" 200 1140 "https://www.fornacalia.com/2019/learn-to-bake-sourdough-bread-in-rome/%23comments" "Mozilla/5.0 (Windows NT 6.1) AppleWebKit/537.36 (KHTML, like Gecko) Chrome/31.0.1650.16 Safari/537.36" 
114.119.167.112 - - [10/Mar/2020:11:47:17 -0700] "GET /wp-content/themes/autonomie/js/navigation.js?ver=1.0.0 HTTP/1.1" 200 1653 "https://www.fornacalia.com/2019/learn-to-bake-sourdough-bread-in-rome/%23comments" "Mozilla/5.0 (Windows NT 6.1) AppleWebKit/537.36 (KHTML, like Gecko) Chrome/31.0.1650.16 Safari/537.36" 
114.119.167.112 - - [10/Mar/2020:11:47:18 -0700] "GET /wp-content/themes/autonomie/js/skip-link-focus-fix.js?ver=1.0.0 HTTP/1.1" 200 1076 "https://www.fornacalia.com/2019/learn-to-bake-sourdough-bread-in-rome/%23comments" "Mozilla/5.0 (Windows NT 6.1) AppleWebKit/537.36 (KHTML, like Gecko) Chrome/31.0.1650.16 Safari/537.36" 
114.119.167.112 - - [10/Mar/2020:11:47:18 -0700] "GET /wp-includes/js/wp-embed.min.js?ver=5.2.5 HTTP/1.1" 200 1348 "https://www.fornacalia.com/2019/learn-to-bake-sourdough-bread-in-rome/%23comments" "Mozilla/5.0 (Windows NT 6.1) AppleWebKit/537.36 (KHTML, like Gecko) Chrome/31.0.1650.16 Safari/537.36" 
114.119.167.112 - - [10/Mar/2020:11:47:18 -0700] "GET /wp-content/themes/Autonomie-child/css/print.css?ver=1.0.0 HTTP/1.1" 200 916 "https://www.fornacalia.com/2019/learn-to-bake-sourdough-bread-in-rome/%23comments" "Mozilla/5.0 (Windows NT 6.1) AppleWebKit/537.36 (KHTML, like Gecko) Chrome/31.0.1650.16 Safari/537.36" 
114.119.167.112 - - [10/Mar/2020:11:47:18 -0700] "GET /wp-content/themes/Autonomie-child/css/default-width.css?ver=1.0.0 HTTP/1.1" 200 1028 "https://www.fornacalia.com/2019/learn-to-bake-sourdough-bread-in-rome/%23comments" "Mozilla/5.0 (Windows NT 6.1) AppleWebKit/537.36 (KHTML, like Gecko) Chrome/31.0.1650.16 Safari/537.36" 
114.119.167.112 - - [10/Mar/2020:11:47:18 -0700] "GET /wp-content/themes/Autonomie-child/css/wide-width.css?ver=1.0.0 HTTP/1.1" 404 6809 "https://www.fornacalia.com/2019/learn-to-bake-sourdough-bread-in-rome/%23comments" "Mozilla/5.0 (Windows NT 6.1) AppleWebKit/537.36 (KHTML, like Gecko) Chrome/31.0.1650.16 Safari/537.36" 
