3.16.42.17 - - [01/Mar/2020:15:43:03 -0800] "POST /wp-login.php HTTP/1.1" 200 5221 "-" "Mozilla/5.0 (X11; Ubuntu; Linux x86_64; rv:62.0) Gecko/20100101 Firefox/62.0" 
3.16.42.17 - - [01/Mar/2020:15:43:03 -0800] "GET /wp-login.php HTTP/1.1" 200 4828 "-" "Mozilla/5.0 (X11; Ubuntu; Linux x86_64; rv:62.0) Gecko/20100101 Firefox/62.0" 
3.16.42.17 - - [01/Mar/2020:15:43:03 -0800] "POST /wp-login.php HTTP/1.1" 200 5203 "-" "Mozilla/5.0 (X11; Ubuntu; Linux x86_64; rv:62.0) Gecko/20100101 Firefox/62.0" 
3.16.42.17 - - [01/Mar/2020:15:43:03 -0800] "GET /wp-login.php HTTP/1.1" 200 4828 "-" "Mozilla/5.0 (X11; Ubuntu; Linux x86_64; rv:62.0) Gecko/20100101 Firefox/62.0" 
3.16.42.17 - - [01/Mar/2020:15:43:04 -0800] "POST /wp-login.php HTTP/1.1" 200 5203 "-" "Mozilla/5.0 (X11; Ubuntu; Linux x86_64; rv:62.0) Gecko/20100101 Firefox/62.0" 
17.58.96.249 - - [01/Mar/2020:15:44:56 -0800] "GET /2017/black-pepper-rye/ HTTP/1.1" 200 14035 "-" "Mozilla/5.0 (Macintosh; Intel Mac OS X 10_10_1) AppleWebKit/600.2.5 (KHTML, like Gecko) Version/8.0.2 Safari/600.2.5 (Applebot/0.1; +http://www.apple.com/go/applebot)" 
5.188.84.45 - - [01/Mar/2020:15:48:58 -0800] "GET /2013/pasta-madre-day-2013/ HTTP/1.0" 200 32926 "https://www.fornacalia.com/2013/pasta-madre-day-2013/#comment-1801/" "Mozilla/5.0 (Windows NT 10.0; Win64; x64) AppleWebKit/537.36 (KHTML, like Gecko) Chrome/67.0.3396.87 Safari/537.36" 
5.188.84.45 - - [01/Mar/2020:15:48:59 -0800] "POST /wp-comments-post.php HTTP/1.0" 302 4061 "https://www.fornacalia.com/2013/pasta-madre-day-2013/#comment-1801/" "Mozilla/5.0 (Windows NT 10.0; Win64; x64) AppleWebKit/537.36 (KHTML, like Gecko) Chrome/67.0.3396.87 Safari/537.36" 
35.177.197.206 - - [01/Mar/2020:15:49:21 -0800] "GET /wp-login.php HTTP/1.1" 200 4828 "-" "Mozilla/5.0 (X11; Ubuntu; Linux x86_64; rv:62.0) Gecko/20100101 Firefox/62.0" 
35.177.197.206 - - [01/Mar/2020:15:49:36 -0800] "POST /wp-login.php HTTP/1.1" 200 5203 "-" "Mozilla/5.0 (X11; Ubuntu; Linux x86_64; rv:62.0) Gecko/20100101 Firefox/62.0" 
35.177.197.206 - - [01/Mar/2020:15:49:50 -0800] "POST /xmlrpc.php HTTP/1.1" 200 3695 "-" "Mozilla/5.0 (X11; Ubuntu; Linux x86_64; rv:62.0) Gecko/20100101 Firefox/62.0" 
5.255.250.33 - - [01/Mar/2020:15:50:28 -0800] "GET /wp-includes/wlwmanifest.xml HTTP/1.1" 200 4254 "-" "Mozilla/5.0 (compatible; YandexBot/3.0; +http://yandex.com/bots)" 
165.227.50.73 - - [01/Mar/2020:15:50:40 -0800] "GET /wp-login.php HTTP/1.1" 200 4828 "-" "Mozilla/5.0 (X11; Ubuntu; Linux x86_64; rv:62.0) Gecko/20100101 Firefox/62.0" 
165.227.50.73 - - [01/Mar/2020:15:50:40 -0800] "POST /wp-login.php HTTP/1.1" 200 5203 "-" "Mozilla/5.0 (X11; Ubuntu; Linux x86_64; rv:62.0) Gecko/20100101 Firefox/62.0" 
165.227.50.73 - - [01/Mar/2020:15:50:41 -0800] "POST /xmlrpc.php HTTP/1.1" 200 3695 "-" "Mozilla/5.0 (X11; Ubuntu; Linux x86_64; rv:62.0) Gecko/20100101 Firefox/62.0" 
64.225.115.197 - - [01/Mar/2020:15:57:23 -0800] "GET /wp-login.php HTTP/1.1" 200 4828 "-" "Mozilla/5.0 (X11; Ubuntu; Linux x86_64; rv:62.0) Gecko/20100101 Firefox/62.0" 
64.225.115.197 - - [01/Mar/2020:15:57:24 -0800] "POST /wp-login.php HTTP/1.1" 200 5221 "-" "Mozilla/5.0 (X11; Ubuntu; Linux x86_64; rv:62.0) Gecko/20100101 Firefox/62.0" 
64.225.115.197 - - [01/Mar/2020:15:57:24 -0800] "GET /wp-login.php HTTP/1.1" 200 4828 "-" "Mozilla/5.0 (X11; Ubuntu; Linux x86_64; rv:62.0) Gecko/20100101 Firefox/62.0" 
64.225.115.197 - - [01/Mar/2020:15:57:24 -0800] "POST /wp-login.php HTTP/1.1" 200 5199 "-" "Mozilla/5.0 (X11; Ubuntu; Linux x86_64; rv:62.0) Gecko/20100101 Firefox/62.0" 
64.225.115.197 - - [01/Mar/2020:15:57:25 -0800] "GET /wp-login.php HTTP/1.1" 200 4828 "-" "Mozilla/5.0 (X11; Ubuntu; Linux x86_64; rv:62.0) Gecko/20100101 Firefox/62.0" 
64.225.115.197 - - [01/Mar/2020:15:57:25 -0800] "POST /wp-login.php HTTP/1.1" 200 5200 "-" "Mozilla/5.0 (X11; Ubuntu; Linux x86_64; rv:62.0) Gecko/20100101 Firefox/62.0" 
75.149.219.169 - - [01/Mar/2020:16:01:41 -0800] "GET /wp-login.php HTTP/1.1" 200 4828 "-" "Mozilla/5.0 (X11; Ubuntu; Linux x86_64; rv:62.0) Gecko/20100101 Firefox/62.0" 
75.149.219.169 - - [01/Mar/2020:16:01:42 -0800] "POST /wp-login.php HTTP/1.1" 200 5203 "-" "Mozilla/5.0 (X11; Ubuntu; Linux x86_64; rv:62.0) Gecko/20100101 Firefox/62.0" 
75.149.219.169 - - [01/Mar/2020:16:01:42 -0800] "POST /xmlrpc.php HTTP/1.1" 200 3695 "-" "Mozilla/5.0 (X11; Ubuntu; Linux x86_64; rv:62.0) Gecko/20100101 Firefox/62.0" 
159.138.132.25 - - [01/Mar/2020:16:02:10 -0800] "GET /wp-login.php HTTP/1.1" 200 4809 "-" "Mozilla/5.0 (Windows NT 6.1) AppleWebKit/537.36 (KHTML, like Gecko) Chrome/63.0.3239.84 Safari/537.36" 
159.138.132.25 - - [01/Mar/2020:16:02:10 -0800] "POST /wp-login.php HTTP/1.1" 200 2128 "-" "Mozilla/5.0 (Windows NT 6.1) AppleWebKit/537.36 (KHTML, like Gecko) Chrome/63.0.3239.84 Safari/537.36" 
139.59.76.99 - - [01/Mar/2020:16:07:16 -0800] "GET /wp-login.php HTTP/1.1" 200 4828 "-" "Mozilla/5.0 (X11; Ubuntu; Linux x86_64; rv:62.0) Gecko/20100101 Firefox/62.0" 
139.59.76.99 - - [01/Mar/2020:16:07:18 -0800] "POST /wp-login.php HTTP/1.1" 200 5203 "-" "Mozilla/5.0 (X11; Ubuntu; Linux x86_64; rv:62.0) Gecko/20100101 Firefox/62.0" 
139.59.76.99 - - [01/Mar/2020:16:07:19 -0800] "POST /xmlrpc.php HTTP/1.1" 200 3695 "-" "Mozilla/5.0 (X11; Ubuntu; Linux x86_64; rv:62.0) Gecko/20100101 Firefox/62.0" 
54.36.148.65 - - [01/Mar/2020:16:08:56 -0800] "GET /2015/me-and-burnt-flour/grano-arso-4-2/feed/ HTTP/1.1" 200 4599 "-" "Mozilla/5.0 (compatible; AhrefsBot/6.1; +http://ahrefs.com/robot/)" 
77.75.78.168 - - [01/Mar/2020:16:09:22 -0800] "GET /robots.txt HTTP/1.1" 200 4295 "-" "Mozilla/5.0 (compatible; SeznamBot/3.2; +http://napoveda.seznam.cz/en/seznambot-intro/)" 
77.75.78.168 - - [01/Mar/2020:16:09:24 -0800] "GET /2017/olive-levain/ HTTP/1.1" 200 12061 "-" "Mozilla/5.0 (compatible; SeznamBot/3.2; +http://napoveda.seznam.cz/en/seznambot-intro/)" 
192.126.164.98 - - [01/Mar/2020:16:11:17 -0800] "GET /wp-login.php?action=register HTTP/1.1" 302 3947 "-" "Mozilla/5.0 (Windows NT 6.1; Win64; x64) AppleWebKit/537.36 (KHTML, like Gecko) Chrome/65.0.3325.181 Safari/537.36 OPR/52.0.2871.99" 
192.126.164.98 - - [01/Mar/2020:16:11:18 -0800] "GET /wp-login.php?registration=disabled HTTP/1.1" 200 5125 "https://www.fornacalia.com/wp-login.php?action=register" "Mozilla/5.0 (Windows NT 6.1; Win64; x64) AppleWebKit/537.36 (KHTML, like Gecko) Chrome/65.0.3325.181 Safari/537.36 OPR/52.0.2871.99" 
207.46.13.143 - - [01/Mar/2020:16:12:24 -0800] "GET /page/14/ HTTP/1.1" 200 17759 "-" "Mozilla/5.0 (compatible; bingbot/2.0; +http://www.bing.com/bingbot.htm)" 
203.245.41.90 - - [01/Mar/2020:16:13:10 -0800] "GET /wp-login.php HTTP/1.1" 200 4828 "-" "Mozilla/5.0 (X11; Ubuntu; Linux x86_64; rv:62.0) Gecko/20100101 Firefox/62.0" 
203.245.41.90 - - [01/Mar/2020:16:13:11 -0800] "POST /wp-login.php HTTP/1.1" 200 5203 "-" "Mozilla/5.0 (X11; Ubuntu; Linux x86_64; rv:62.0) Gecko/20100101 Firefox/62.0" 
203.245.41.90 - - [01/Mar/2020:16:13:12 -0800] "POST /xmlrpc.php HTTP/1.1" 200 3695 "-" "Mozilla/5.0 (X11; Ubuntu; Linux x86_64; rv:62.0) Gecko/20100101 Firefox/62.0" 
5.188.84.66 - - [01/Mar/2020:16:13:33 -0800] "GET /2019/first-course-in-rome/ HTTP/1.0" 200 29581 "https://www.fornacalia.com/2019/first-course-in-rome/" "Mozilla/5.0 (Windows NT 10.0; Win64; x64) AppleWebKit/537.36 (KHTML, like Gecko) Chrome/67.0.3396.62 Safari/537.36" 
5.188.84.66 - - [01/Mar/2020:16:13:34 -0800] "POST /wp-comments-post.php HTTP/1.0" 302 4061 "https://www.fornacalia.com/2019/first-course-in-rome/" "Mozilla/5.0 (Windows NT 10.0; Win64; x64) AppleWebKit/537.36 (KHTML, like Gecko) Chrome/67.0.3396.62 Safari/537.36" 
5.188.84.66 - - [01/Mar/2020:16:13:35 -0800] "GET /2019/first-course-in-rome/ HTTP/1.0" 200 29581 "https://www.fornacalia.com/2019/first-course-in-rome/#comment-27323" "Mozilla/5.0 (Windows NT 10.0; Win64; x64) AppleWebKit/537.36 (KHTML, like Gecko) Chrome/67.0.3396.62 Safari/537.36" 
5.188.84.66 - - [01/Mar/2020:16:13:36 -0800] "GET /2019/first-course-in-rome/ HTTP/1.0" 200 29581 "https://www.fornacalia.com/2019/first-course-in-rome/#comment-27323" "Mozilla/5.0 (Windows NT 10.0; Win64; x64) AppleWebKit/537.36 (KHTML, like Gecko) Chrome/67.0.3396.62 Safari/537.36" 
5.188.84.66 - - [01/Mar/2020:16:13:37 -0800] "GET /author/jeremy/ HTTP/1.0" 200 53635 "https://www.fornacalia.com/author/jeremy/" "Mozilla/5.0 (Windows NT 10.0; Win64; x64) AppleWebKit/537.36 (KHTML, like Gecko) Chrome/67.0.3396.62 Safari/537.36" 
5.188.84.15 - - [01/Mar/2020:16:15:02 -0800] "GET /2013/pasta-madre-day-2013/ HTTP/1.0" 200 32926 "https://www.fornacalia.com/2013/pasta-madre-day-2013/#comment-1801/" "Mozilla/5.0 (Windows NT 6.1; Win64; x64) AppleWebKit/537.36 (KHTML, like Gecko) Chrome/68.0.3440.84 Safari/537.36" 
5.188.84.15 - - [01/Mar/2020:16:15:03 -0800] "POST /wp-comments-post.php HTTP/1.0" 302 4061 "https://www.fornacalia.com/2013/pasta-madre-day-2013/#comment-1801/" "Mozilla/5.0 (Windows NT 6.1; Win64; x64) AppleWebKit/537.36 (KHTML, like Gecko) Chrome/68.0.3440.84 Safari/537.36" 
66.249.79.183 - - [01/Mar/2020:16:16:42 -0800] "GET /2018/gearing-up-for-fornacalia/ HTTP/1.1" 200 11941 "-" "Mozilla/5.0 (compatible; Googlebot/2.1; +http://www.google.com/bot.html)" 
78.142.209.250 - - [01/Mar/2020:16:17:44 -0800] "GET /wp-login.php HTTP/1.1" 200 4828 "-" "Mozilla/5.0 (X11; Ubuntu; Linux x86_64; rv:62.0) Gecko/20100101 Firefox/62.0" 
78.142.209.250 - - [01/Mar/2020:16:17:44 -0800] "POST /wp-login.php HTTP/1.1" 200 5221 "-" "Mozilla/5.0 (X11; Ubuntu; Linux x86_64; rv:62.0) Gecko/20100101 Firefox/62.0" 
78.142.209.250 - - [01/Mar/2020:16:17:45 -0800] "GET /wp-login.php HTTP/1.1" 200 4828 "-" "Mozilla/5.0 (X11; Ubuntu; Linux x86_64; rv:62.0) Gecko/20100101 Firefox/62.0" 
78.142.209.250 - - [01/Mar/2020:16:17:46 -0800] "POST /wp-login.php HTTP/1.1" 200 5199 "-" "Mozilla/5.0 (X11; Ubuntu; Linux x86_64; rv:62.0) Gecko/20100101 Firefox/62.0" 
78.142.209.250 - - [01/Mar/2020:16:17:47 -0800] "GET /wp-login.php HTTP/1.1" 200 4828 "-" "Mozilla/5.0 (X11; Ubuntu; Linux x86_64; rv:62.0) Gecko/20100101 Firefox/62.0" 
78.142.209.250 - - [01/Mar/2020:16:17:47 -0800] "POST /wp-login.php HTTP/1.1" 200 5200 "-" "Mozilla/5.0 (X11; Ubuntu; Linux x86_64; rv:62.0) Gecko/20100101 Firefox/62.0" 
106.54.166.87 - - [01/Mar/2020:16:18:17 -0800] "GET /wp-login.php HTTP/1.1" 200 4828 "-" "Mozilla/5.0 (X11; Ubuntu; Linux x86_64; rv:62.0) Gecko/20100101 Firefox/62.0" 
106.54.166.87 - - [01/Mar/2020:16:18:17 -0800] "POST /wp-login.php HTTP/1.1" 200 5203 "-" "Mozilla/5.0 (X11; Ubuntu; Linux x86_64; rv:62.0) Gecko/20100101 Firefox/62.0" 
106.54.166.87 - - [01/Mar/2020:16:18:18 -0800] "POST /xmlrpc.php HTTP/1.1" 200 3695 "-" "Mozilla/5.0 (X11; Ubuntu; Linux x86_64; rv:62.0) Gecko/20100101 Firefox/62.0" 
198.57.167.49 - - [01/Mar/2020:16:20:38 -0800] "GET /wp-login.php HTTP/1.1" 200 4809 "-" "Mozilla/5.0 (Windows NT 6.1) AppleWebKit/537.36 (KHTML, like Gecko) Chrome/63.0.3239.84 Safari/537.36" 
198.57.167.49 - - [01/Mar/2020:16:20:39 -0800] "POST /wp-login.php HTTP/1.1" 200 2128 "-" "Mozilla/5.0 (Windows NT 6.1) AppleWebKit/537.36 (KHTML, like Gecko) Chrome/63.0.3239.84 Safari/537.36" 
5.188.84.233 - - [01/Mar/2020:16:22:11 -0800] "GET /2013/pasta-madre-day-2013/ HTTP/1.0" 200 32926 "https://www.fornacalia.com/2013/pasta-madre-day-2013/#comment-1801/" "Mozilla/5.0 (Windows NT 6.1) AppleWebKit/537.36 (KHTML, like Gecko) Chrome/66.0.3359.181 Safari/537.36 Kinza/4.7.2" 
5.188.84.233 - - [01/Mar/2020:16:22:12 -0800] "POST /wp-comments-post.php HTTP/1.0" 302 4061 "https://www.fornacalia.com/2013/pasta-madre-day-2013/#comment-1801/" "Mozilla/5.0 (Windows NT 6.1) AppleWebKit/537.36 (KHTML, like Gecko) Chrome/66.0.3359.181 Safari/537.36 Kinza/4.7.2" 
157.230.23.229 - - [01/Mar/2020:16:23:33 -0800] "GET /wp-login.php HTTP/1.1" 200 4828 "-" "Mozilla/5.0 (X11; Ubuntu; Linux x86_64; rv:62.0) Gecko/20100101 Firefox/62.0" 
157.230.23.229 - - [01/Mar/2020:16:23:34 -0800] "POST /wp-login.php HTTP/1.1" 200 5203 "-" "Mozilla/5.0 (X11; Ubuntu; Linux x86_64; rv:62.0) Gecko/20100101 Firefox/62.0" 
157.230.23.229 - - [01/Mar/2020:16:23:34 -0800] "POST /xmlrpc.php HTTP/1.1" 200 3695 "-" "Mozilla/5.0 (X11; Ubuntu; Linux x86_64; rv:62.0) Gecko/20100101 Firefox/62.0" 
94.237.41.111 - - [01/Mar/2020:16:26:31 -0800] "GET /wp-login.php HTTP/1.1" 200 4828 "-" "Mozilla/5.0 (X11; Ubuntu; Linux x86_64; rv:62.0) Gecko/20100101 Firefox/62.0" 
94.237.41.111 - - [01/Mar/2020:16:26:31 -0800] "POST /wp-login.php HTTP/1.1" 200 5221 "-" "Mozilla/5.0 (X11; Ubuntu; Linux x86_64; rv:62.0) Gecko/20100101 Firefox/62.0" 
94.237.41.111 - - [01/Mar/2020:16:26:31 -0800] "GET /wp-login.php HTTP/1.1" 200 4828 "-" "Mozilla/5.0 (X11; Ubuntu; Linux x86_64; rv:62.0) Gecko/20100101 Firefox/62.0" 
94.237.41.111 - - [01/Mar/2020:16:26:32 -0800] "POST /wp-login.php HTTP/1.1" 200 5199 "-" "Mozilla/5.0 (X11; Ubuntu; Linux x86_64; rv:62.0) Gecko/20100101 Firefox/62.0" 
94.237.41.111 - - [01/Mar/2020:16:26:32 -0800] "GET /wp-login.php HTTP/1.1" 200 4828 "-" "Mozilla/5.0 (X11; Ubuntu; Linux x86_64; rv:62.0) Gecko/20100101 Firefox/62.0" 
94.237.41.111 - - [01/Mar/2020:16:26:33 -0800] "POST /wp-login.php HTTP/1.1" 200 5200 "-" "Mozilla/5.0 (X11; Ubuntu; Linux x86_64; rv:62.0) Gecko/20100101 Firefox/62.0" 
5.188.84.15 - - [01/Mar/2020:16:30:32 -0800] "GET /2013/pasta-madre-day-2013/ HTTP/1.0" 200 32926 "https://www.fornacalia.com/2013/pasta-madre-day-2013/#comment-1801/" "Mozilla/5.0 (Windows NT 6.1; Win64; x64) AppleWebKit/537.36 (KHTML, like Gecko) Chrome/67.0.3396.87 Safari/537.36 OPR/54.0.2952.71" 
5.188.84.15 - - [01/Mar/2020:16:30:34 -0800] "POST /wp-comments-post.php HTTP/1.0" 302 4061 "https://www.fornacalia.com/2013/pasta-madre-day-2013/#comment-1801/" "Mozilla/5.0 (Windows NT 6.1; Win64; x64) AppleWebKit/537.36 (KHTML, like Gecko) Chrome/67.0.3396.87 Safari/537.36 OPR/54.0.2952.71" 
5.188.84.65 - - [01/Mar/2020:16:31:47 -0800] "GET /2013/pasta-madre-day-2013/ HTTP/1.0" 200 32926 "https://www.fornacalia.com/2013/pasta-madre-day-2013/#comment-1801/" "Mozilla/5.0 (Windows NT 10.0; Win64; x64) AppleWebKit/537.36 (KHTML, like Gecko) Chrome/67.0.3396.87 Safari/537.36 OPR/54.0.2952.64" 
5.188.84.65 - - [01/Mar/2020:16:31:48 -0800] "POST /wp-comments-post.php HTTP/1.0" 302 4061 "https://www.fornacalia.com/2013/pasta-madre-day-2013/#comment-1801/" "Mozilla/5.0 (Windows NT 10.0; Win64; x64) AppleWebKit/537.36 (KHTML, like Gecko) Chrome/67.0.3396.87 Safari/537.36 OPR/54.0.2952.64" 
104.248.135.31 - - [01/Mar/2020:16:34:30 -0800] "GET /wp-login.php HTTP/1.1" 200 4828 "-" "Mozilla/5.0 (X11; Ubuntu; Linux x86_64; rv:62.0) Gecko/20100101 Firefox/62.0" 
104.248.135.31 - - [01/Mar/2020:16:34:30 -0800] "POST /wp-login.php HTTP/1.1" 200 5203 "-" "Mozilla/5.0 (X11; Ubuntu; Linux x86_64; rv:62.0) Gecko/20100101 Firefox/62.0" 
104.248.135.31 - - [01/Mar/2020:16:34:31 -0800] "POST /xmlrpc.php HTTP/1.1" 200 3695 "-" "Mozilla/5.0 (X11; Ubuntu; Linux x86_64; rv:62.0) Gecko/20100101 Firefox/62.0" 
94.127.135.210 - - [01/Mar/2020:16:40:16 -0800] "GET /wp-login.php HTTP/1.1" 200 4828 "-" "Mozilla/5.0 (X11; Ubuntu; Linux x86_64; rv:62.0) Gecko/20100101 Firefox/62.0" 
94.127.135.210 - - [01/Mar/2020:16:40:18 -0800] "POST /wp-login.php HTTP/1.1" 200 5203 "-" "Mozilla/5.0 (X11; Ubuntu; Linux x86_64; rv:62.0) Gecko/20100101 Firefox/62.0" 
64.111.100.215 - - [01/Mar/2020:16:40:17 -0800] "POST /wp-cron.php?doing_wp_cron=1583109617.0184450149536132812500 HTTP/1.1" 200 3492 "https://www.fornacalia.com/wp-cron.php?doing_wp_cron=1583109617.0184450149536132812500" "WordPress/5.2.5; https://www.fornacalia.com" 
94.127.135.210 - - [01/Mar/2020:16:40:18 -0800] "POST /xmlrpc.php HTTP/1.1" 200 3695 "-" "Mozilla/5.0 (X11; Ubuntu; Linux x86_64; rv:62.0) Gecko/20100101 Firefox/62.0" 
85.206.162.218 - - [01/Mar/2020:16:40:50 -0800] "GET /2013/pasta-madre-day-2013/ HTTP/1.0" 200 32926 "https://www.fornacalia.com/2013/pasta-madre-day-2013/#comment-27328" "Mozilla/5.0 (Windows NT 6.1; Win64; x64) AppleWebKit/537.36 (KHTML, like Gecko) Chrome/68.0.3440.84 Safari/537.36" 
47.104.68.177 - - [01/Mar/2020:16:44:48 -0800] "GET /wp-login.php HTTP/1.1" 200 4828 "-" "Mozilla/5.0 (X11; Ubuntu; Linux x86_64; rv:62.0) Gecko/20100101 Firefox/62.0" 
47.104.68.177 - - [01/Mar/2020:16:44:49 -0800] "POST /wp-login.php HTTP/1.1" 200 5221 "-" "Mozilla/5.0 (X11; Ubuntu; Linux x86_64; rv:62.0) Gecko/20100101 Firefox/62.0" 
47.104.68.177 - - [01/Mar/2020:16:44:50 -0800] "GET /wp-login.php HTTP/1.1" 200 4828 "-" "Mozilla/5.0 (X11; Ubuntu; Linux x86_64; rv:62.0) Gecko/20100101 Firefox/62.0" 
47.104.68.177 - - [01/Mar/2020:16:44:51 -0800] "POST /wp-login.php HTTP/1.1" 200 5199 "-" "Mozilla/5.0 (X11; Ubuntu; Linux x86_64; rv:62.0) Gecko/20100101 Firefox/62.0" 
47.104.68.177 - - [01/Mar/2020:16:44:53 -0800] "GET /wp-login.php HTTP/1.1" 200 4828 "-" "Mozilla/5.0 (X11; Ubuntu; Linux x86_64; rv:62.0) Gecko/20100101 Firefox/62.0" 
47.104.68.177 - - [01/Mar/2020:16:44:54 -0800] "POST /wp-login.php HTTP/1.1" 200 5200 "-" "Mozilla/5.0 (X11; Ubuntu; Linux x86_64; rv:62.0) Gecko/20100101 Firefox/62.0" 
5.188.84.45 - - [01/Mar/2020:16:45:11 -0800] "GET /2013/pasta-madre-day-2013/ HTTP/1.0" 200 32926 "https://www.fornacalia.com/2013/pasta-madre-day-2013/#comment-1801/" "Mozilla/5.0 (Windows NT 10.0; Win64; x64) AppleWebKit/537.36 (KHTML, like Gecko) Chrome/67.0.3396.87 Safari/537.36 OPR/54.0.2952.51" 
5.188.84.45 - - [01/Mar/2020:16:45:12 -0800] "POST /wp-comments-post.php HTTP/1.0" 302 4061 "https://www.fornacalia.com/2013/pasta-madre-day-2013/#comment-1801/" "Mozilla/5.0 (Windows NT 10.0; Win64; x64) AppleWebKit/537.36 (KHTML, like Gecko) Chrome/67.0.3396.87 Safari/537.36 OPR/54.0.2952.51" 
104.248.135.31 - - [01/Mar/2020:16:45:28 -0800] "GET /wp-login.php HTTP/1.1" 200 4828 "-" "Mozilla/5.0 (X11; Ubuntu; Linux x86_64; rv:62.0) Gecko/20100101 Firefox/62.0" 
104.248.135.31 - - [01/Mar/2020:16:45:29 -0800] "POST /wp-login.php HTTP/1.1" 200 5203 "-" "Mozilla/5.0 (X11; Ubuntu; Linux x86_64; rv:62.0) Gecko/20100101 Firefox/62.0" 
104.248.135.31 - - [01/Mar/2020:16:45:30 -0800] "POST /xmlrpc.php HTTP/1.1" 200 3695 "-" "Mozilla/5.0 (X11; Ubuntu; Linux x86_64; rv:62.0) Gecko/20100101 Firefox/62.0" 
5.188.84.220 - - [01/Mar/2020:16:48:15 -0800] "GET /2013/pasta-madre-day-2013/ HTTP/1.0" 200 32926 "https://www.fornacalia.com/2013/pasta-madre-day-2013/#comment-1801/" "Mozilla/5.0 (Windows NT 10.0; Win64; x64) AppleWebKit/537.36 (KHTML, like Gecko) Chrome/67.0.3396.87 Safari/537.36 OPR/54.0.2952.54" 
5.188.84.220 - - [01/Mar/2020:16:48:16 -0800] "POST /wp-comments-post.php HTTP/1.0" 302 4061 "https://www.fornacalia.com/2013/pasta-madre-day-2013/#comment-1801/" "Mozilla/5.0 (Windows NT 10.0; Win64; x64) AppleWebKit/537.36 (KHTML, like Gecko) Chrome/67.0.3396.87 Safari/537.36 OPR/54.0.2952.54" 
111.206.221.50 - - [01/Mar/2020:16:48:23 -0800] "GET /wp-content/uploads/2020/01/loaves.jpg HTTP/1.1" 200 398274 "http://www.fornacalia.com/" "Mozilla/5.0 (compatible; Baiduspider-render/2.0; +http://www.baidu.com/search/spider.html)" 
159.89.170.86 - - [01/Mar/2020:16:51:45 -0800] "GET /wp-login.php HTTP/1.1" 200 4828 "-" "Mozilla/5.0 (X11; Ubuntu; Linux x86_64; rv:62.0) Gecko/20100101 Firefox/62.0" 
159.89.170.86 - - [01/Mar/2020:16:51:46 -0800] "POST /wp-login.php HTTP/1.1" 200 5203 "-" "Mozilla/5.0 (X11; Ubuntu; Linux x86_64; rv:62.0) Gecko/20100101 Firefox/62.0" 
159.89.170.86 - - [01/Mar/2020:16:51:47 -0800] "POST /xmlrpc.php HTTP/1.1" 200 3695 "-" "Mozilla/5.0 (X11; Ubuntu; Linux x86_64; rv:62.0) Gecko/20100101 Firefox/62.0" 
159.65.10.148 - - [01/Mar/2020:16:57:10 -0800] "GET /wp-login.php HTTP/1.1" 200 4828 "-" "Mozilla/5.0 (X11; Ubuntu; Linux x86_64; rv:62.0) Gecko/20100101 Firefox/62.0" 
159.65.10.148 - - [01/Mar/2020:16:57:12 -0800] "POST /wp-login.php HTTP/1.1" 200 5203 "-" "Mozilla/5.0 (X11; Ubuntu; Linux x86_64; rv:62.0) Gecko/20100101 Firefox/62.0" 
159.65.10.148 - - [01/Mar/2020:16:57:13 -0800] "POST /xmlrpc.php HTTP/1.1" 200 3695 "-" "Mozilla/5.0 (X11; Ubuntu; Linux x86_64; rv:62.0) Gecko/20100101 Firefox/62.0" 
5.188.84.25 - - [01/Mar/2020:16:58:01 -0800] "GET /2013/pasta-madre-day-2013/ HTTP/1.0" 200 32926 "https://www.fornacalia.com/2013/pasta-madre-day-2013/#comment-1801/" "Mozilla/5.0 (Windows NT 10.0; Win64; x64) AppleWebKit/537.36 (KHTML, like Gecko) Chrome/68.0.3440.106 Safari/537.36" 
5.188.84.25 - - [01/Mar/2020:16:58:02 -0800] "POST /wp-comments-post.php HTTP/1.0" 302 4061 "https://www.fornacalia.com/2013/pasta-madre-day-2013/#comment-1801/" "Mozilla/5.0 (Windows NT 10.0; Win64; x64) AppleWebKit/537.36 (KHTML, like Gecko) Chrome/68.0.3440.106 Safari/537.36" 
5.188.84.35 - - [01/Mar/2020:17:00:33 -0800] "GET /2013/pasta-madre-day-2013/ HTTP/1.0" 200 32926 "https://www.fornacalia.com/2013/pasta-madre-day-2013/#comment-1801/" "Mozilla/5.0 (Windows NT 6.1) AppleWebKit/537.36 (KHTML, like Gecko) Chrome/67.0.3396.99 Safari/537.36" 
5.188.84.35 - - [01/Mar/2020:17:00:34 -0800] "POST /wp-comments-post.php HTTP/1.0" 302 4061 "https://www.fornacalia.com/2013/pasta-madre-day-2013/#comment-1801/" "Mozilla/5.0 (Windows NT 6.1) AppleWebKit/537.36 (KHTML, like Gecko) Chrome/67.0.3396.99 Safari/537.36" 
47.91.229.187 - - [01/Mar/2020:17:00:48 -0800] "GET /wp-login.php HTTP/1.1" 200 4809 "-" "Mozilla/5.0 (Windows NT 6.1) AppleWebKit/537.36 (KHTML, like Gecko) Chrome/63.0.3239.84 Safari/537.36" 
47.91.229.187 - - [01/Mar/2020:17:00:49 -0800] "POST /wp-login.php HTTP/1.1" 200 2128 "-" "Mozilla/5.0 (Windows NT 6.1) AppleWebKit/537.36 (KHTML, like Gecko) Chrome/63.0.3239.84 Safari/537.36" 
68.183.182.101 - - [01/Mar/2020:17:02:33 -0800] "GET /wp-login.php HTTP/1.1" 200 4828 "-" "Mozilla/5.0 (X11; Ubuntu; Linux x86_64; rv:62.0) Gecko/20100101 Firefox/62.0" 
68.183.182.101 - - [01/Mar/2020:17:02:34 -0800] "POST /wp-login.php HTTP/1.1" 200 5203 "-" "Mozilla/5.0 (X11; Ubuntu; Linux x86_64; rv:62.0) Gecko/20100101 Firefox/62.0" 
68.183.182.101 - - [01/Mar/2020:17:02:35 -0800] "POST /xmlrpc.php HTTP/1.1" 200 3695 "-" "Mozilla/5.0 (X11; Ubuntu; Linux x86_64; rv:62.0) Gecko/20100101 Firefox/62.0" 
95.216.96.242 - - [01/Mar/2020:17:03:16 -0800] "GET /robots.txt HTTP/1.1" 200 4058 "-" "Mozilla/5.0 (compatible; SEOkicks; +https://www.seokicks.de/robot.html)" 
95.216.96.242 - - [01/Mar/2020:17:03:17 -0800] "GET /robots.txt HTTP/1.1" 301 3730 "-" "Mozilla/5.0 (compatible; SEOkicks; +https://www.seokicks.de/robot.html)" 
95.216.96.242 - - [01/Mar/2020:17:03:18 -0800] "GET /page/2/ HTTP/1.1" 200 17023 "http://www.fornacalia.com/" "Mozilla/5.0 (compatible; SEOkicks; +https://www.seokicks.de/robot.html)" 
95.216.96.242 - - [01/Mar/2020:17:03:20 -0800] "GET / HTTP/1.1" 301 3710 "http://www.fornacalia.com/" "Mozilla/5.0 (compatible; SEOkicks; +https://www.seokicks.de/robot.html)" 
95.216.96.242 - - [01/Mar/2020:17:03:21 -0800] "GET / HTTP/1.1" 200 17213 "http://www.fornacalia.com/" "Mozilla/5.0 (compatible; SEOkicks; +https://www.seokicks.de/robot.html)" 
95.216.96.242 - - [01/Mar/2020:17:03:24 -0800] "GET /category/recipes/ HTTP/1.1" 200 22636 "http://www.fornacalia.com/" "Mozilla/5.0 (compatible; SEOkicks; +https://www.seokicks.de/robot.html)" 
95.216.96.242 - - [01/Mar/2020:17:03:30 -0800] "GET /category/recipes/page/2/ HTTP/1.1" 200 11932 "https://www.fornacalia.com/category/recipes/" "Mozilla/5.0 (compatible; SEOkicks; +https://www.seokicks.de/robot.html)" 
95.216.96.242 - - [01/Mar/2020:17:03:40 -0800] "GET /category/recipes/feed/ HTTP/1.1" 200 25192 "https://www.fornacalia.com/category/recipes/" "Mozilla/5.0 (compatible; SEOkicks; +https://www.seokicks.de/robot.html)" 
95.216.96.242 - - [01/Mar/2020:17:03:41 -0800] "GET /wp-content/uploads/2018/02/2018-02-09-11.02.37.mp4?_=1 HTTP/1.1" 200 49794 "https://www.fornacalia.com/category/recipes/" "Mozilla/5.0 (compatible; SEOkicks; +https://www.seokicks.de/robot.html)" 
95.216.96.242 - - [01/Mar/2020:17:03:43 -0800] "GET /category/crumbs/ HTTP/1.1" 200 16176 "http://www.fornacalia.com/" "Mozilla/5.0 (compatible; SEOkicks; +https://www.seokicks.de/robot.html)" 
95.216.96.242 - - [01/Mar/2020:17:03:45 -0800] "GET /category/crumbs/page/2/ HTTP/1.1" 200 13967 "https://www.fornacalia.com/category/crumbs/" "Mozilla/5.0 (compatible; SEOkicks; +https://www.seokicks.de/robot.html)" 
95.216.96.242 - - [01/Mar/2020:17:03:48 -0800] "GET /category/crumbs/feed/ HTTP/1.1" 200 16269 "https://www.fornacalia.com/category/crumbs/" "Mozilla/5.0 (compatible; SEOkicks; +https://www.seokicks.de/robot.html)" 
5.188.84.220 - - [01/Mar/2020:17:05:50 -0800] "GET /2013/pasta-madre-day-2013/ HTTP/1.0" 200 32926 "https://www.fornacalia.com/2013/pasta-madre-day-2013/#comment-1801/" "Mozilla/5.0 (Windows NT 6.1; Win64; x64) AppleWebKit/537.36 (KHTML, like Gecko) Chrome/67.0.3396.87 Safari/537.36" 
5.188.84.220 - - [01/Mar/2020:17:05:52 -0800] "POST /wp-comments-post.php HTTP/1.0" 302 4061 "https://www.fornacalia.com/2013/pasta-madre-day-2013/#comment-1801/" "Mozilla/5.0 (Windows NT 6.1; Win64; x64) AppleWebKit/537.36 (KHTML, like Gecko) Chrome/67.0.3396.87 Safari/537.36" 
5.188.84.65 - - [01/Mar/2020:17:06:46 -0800] "GET /2013/pasta-madre-day-2013/ HTTP/1.0" 200 32926 "https://www.fornacalia.com/2013/pasta-madre-day-2013/#comment-1801/" "Mozilla/5.0 (Windows NT 10.0; Win64; x64) AppleWebKit/537.36 (KHTML, like Gecko) Chrome/66.0.3359.170 Safari/537.36 OPR/53.0.2907.68" 
5.188.84.65 - - [01/Mar/2020:17:06:47 -0800] "POST /wp-comments-post.php HTTP/1.0" 302 4061 "https://www.fornacalia.com/2013/pasta-madre-day-2013/#comment-1801/" "Mozilla/5.0 (Windows NT 10.0; Win64; x64) AppleWebKit/537.36 (KHTML, like Gecko) Chrome/66.0.3359.170 Safari/537.36 OPR/53.0.2907.68" 
216.10.245.150 - - [01/Mar/2020:17:08:00 -0800] "GET /wp-login.php HTTP/1.1" 200 4828 "-" "Mozilla/5.0 (X11; Ubuntu; Linux x86_64; rv:62.0) Gecko/20100101 Firefox/62.0" 
216.10.245.150 - - [01/Mar/2020:17:08:01 -0800] "POST /wp-login.php HTTP/1.1" 200 5203 "-" "Mozilla/5.0 (X11; Ubuntu; Linux x86_64; rv:62.0) Gecko/20100101 Firefox/62.0" 
216.10.245.150 - - [01/Mar/2020:17:08:03 -0800] "POST /xmlrpc.php HTTP/1.1" 200 3695 "-" "Mozilla/5.0 (X11; Ubuntu; Linux x86_64; rv:62.0) Gecko/20100101 Firefox/62.0" 
5.188.84.80 - - [01/Mar/2020:17:10:09 -0800] "GET /2013/pasta-madre-day-2013/ HTTP/1.0" 200 32926 "https://www.fornacalia.com/2013/pasta-madre-day-2013/#comment-1801/" "Mozilla/5.0 (Windows NT 5.1) AppleWebKit/537.36 (KHTML, like Gecko) Chrome/49.0.2623.112 Safari/537.36" 
5.188.84.80 - - [01/Mar/2020:17:10:11 -0800] "POST /wp-comments-post.php HTTP/1.0" 302 4061 "https://www.fornacalia.com/2013/pasta-madre-day-2013/#comment-1801/" "Mozilla/5.0 (Windows NT 5.1) AppleWebKit/537.36 (KHTML, like Gecko) Chrome/49.0.2623.112 Safari/537.36" 
162.243.184.249 - - [01/Mar/2020:17:13:30 -0800] "GET /wp-login.php HTTP/1.1" 200 4828 "-" "Mozilla/5.0 (X11; Ubuntu; Linux x86_64; rv:62.0) Gecko/20100101 Firefox/62.0" 
162.243.184.249 - - [01/Mar/2020:17:13:30 -0800] "POST /wp-login.php HTTP/1.1" 200 5203 "-" "Mozilla/5.0 (X11; Ubuntu; Linux x86_64; rv:62.0) Gecko/20100101 Firefox/62.0" 
162.243.184.249 - - [01/Mar/2020:17:13:30 -0800] "POST /xmlrpc.php HTTP/1.1" 200 3695 "-" "Mozilla/5.0 (X11; Ubuntu; Linux x86_64; rv:62.0) Gecko/20100101 Firefox/62.0" 
54.36.148.141 - - [01/Mar/2020:17:17:46 -0800] "GET /2004/it-is-risen-again/feed/ HTTP/1.1" 200 4646 "-" "Mozilla/5.0 (compatible; AhrefsBot/6.1; +http://ahrefs.com/robot/)" 
188.166.212.166 - - [01/Mar/2020:17:19:06 -0800] "GET /wp-login.php HTTP/1.1" 200 4828 "-" "Mozilla/5.0 (X11; Ubuntu; Linux x86_64; rv:62.0) Gecko/20100101 Firefox/62.0" 
188.166.212.166 - - [01/Mar/2020:17:19:07 -0800] "POST /wp-login.php HTTP/1.1" 200 5203 "-" "Mozilla/5.0 (X11; Ubuntu; Linux x86_64; rv:62.0) Gecko/20100101 Firefox/62.0" 
188.166.212.166 - - [01/Mar/2020:17:19:08 -0800] "POST /xmlrpc.php HTTP/1.1" 200 3695 "-" "Mozilla/5.0 (X11; Ubuntu; Linux x86_64; rv:62.0) Gecko/20100101 Firefox/62.0" 
5.188.84.25 - - [01/Mar/2020:17:19:29 -0800] "GET /2013/pasta-madre-day-2013/ HTTP/1.0" 200 32926 "https://www.fornacalia.com/2013/pasta-madre-day-2013/#comment-1801/" "Mozilla/5.0 (Windows NT 6.3; Win64; x64) AppleWebKit/537.36 (KHTML, like Gecko) Chrome/66.0.3359.181 Safari/537.36" 
5.188.84.25 - - [01/Mar/2020:17:19:30 -0800] "POST /wp-comments-post.php HTTP/1.0" 302 4061 "https://www.fornacalia.com/2013/pasta-madre-day-2013/#comment-1801/" "Mozilla/5.0 (Windows NT 6.3; Win64; x64) AppleWebKit/537.36 (KHTML, like Gecko) Chrome/66.0.3359.181 Safari/537.36" 
5.188.84.233 - - [01/Mar/2020:17:21:29 -0800] "GET /2013/pasta-madre-day-2013/ HTTP/1.0" 200 32926 "https://www.fornacalia.com/2013/pasta-madre-day-2013/#comment-1801/" "Mozilla/5.0 (Windows NT 6.1; WOW64) AppleWebKit/537.36 (KHTML, like Gecko) Chrome/66.0.3359.170 Safari/537.36 OPR/53.0.2907.99" 
5.188.84.233 - - [01/Mar/2020:17:21:30 -0800] "POST /wp-comments-post.php HTTP/1.0" 302 4061 "https://www.fornacalia.com/2013/pasta-madre-day-2013/#comment-1801/" "Mozilla/5.0 (Windows NT 6.1; WOW64) AppleWebKit/537.36 (KHTML, like Gecko) Chrome/66.0.3359.170 Safari/537.36 OPR/53.0.2907.99" 
149.129.104.140 - - [01/Mar/2020:17:22:00 -0800] "GET /wp-login.php HTTP/1.1" 200 4809 "-" "Mozilla/5.0 (Windows NT 6.1) AppleWebKit/537.36 (KHTML, like Gecko) Chrome/63.0.3239.84 Safari/537.36" 
149.129.104.140 - - [01/Mar/2020:17:22:00 -0800] "POST /wp-login.php HTTP/1.1" 200 2128 "-" "Mozilla/5.0 (Windows NT 6.1) AppleWebKit/537.36 (KHTML, like Gecko) Chrome/63.0.3239.84 Safari/537.36" 
157.55.39.10 - - [01/Mar/2020:17:24:32 -0800] "GET /wp-content/uploads/2016/08/iced.png HTTP/1.1" 200 601676 "-" "Mozilla/5.0 (compatible; bingbot/2.0; +http://www.bing.com/bingbot.htm)" 
13.236.216.19 - - [01/Mar/2020:17:25:06 -0800] "GET /wp-login.php HTTP/1.1" 200 4828 "-" "Mozilla/5.0 (X11; Ubuntu; Linux x86_64; rv:62.0) Gecko/20100101 Firefox/62.0" 
13.236.216.19 - - [01/Mar/2020:17:25:08 -0800] "POST /wp-login.php HTTP/1.1" 200 5203 "-" "Mozilla/5.0 (X11; Ubuntu; Linux x86_64; rv:62.0) Gecko/20100101 Firefox/62.0" 
13.236.216.19 - - [01/Mar/2020:17:25:09 -0800] "POST /xmlrpc.php HTTP/1.1" 200 3695 "-" "Mozilla/5.0 (X11; Ubuntu; Linux x86_64; rv:62.0) Gecko/20100101 Firefox/62.0" 
157.245.122.166 - - [01/Mar/2020:17:29:25 -0800] "GET /wp-login.php HTTP/1.1" 200 4828 "-" "Mozilla/5.0 (X11; Ubuntu; Linux x86_64; rv:62.0) Gecko/20100101 Firefox/62.0" 
157.245.122.166 - - [01/Mar/2020:17:29:25 -0800] "POST /wp-login.php HTTP/1.1" 200 5221 "-" "Mozilla/5.0 (X11; Ubuntu; Linux x86_64; rv:62.0) Gecko/20100101 Firefox/62.0" 
157.245.122.166 - - [01/Mar/2020:17:29:25 -0800] "GET /wp-login.php HTTP/1.1" 200 4828 "-" "Mozilla/5.0 (X11; Ubuntu; Linux x86_64; rv:62.0) Gecko/20100101 Firefox/62.0" 
157.245.122.166 - - [01/Mar/2020:17:29:25 -0800] "POST /wp-login.php HTTP/1.1" 200 5199 "-" "Mozilla/5.0 (X11; Ubuntu; Linux x86_64; rv:62.0) Gecko/20100101 Firefox/62.0" 
157.245.122.166 - - [01/Mar/2020:17:29:25 -0800] "GET /wp-login.php HTTP/1.1" 200 4828 "-" "Mozilla/5.0 (X11; Ubuntu; Linux x86_64; rv:62.0) Gecko/20100101 Firefox/62.0" 
157.245.122.166 - - [01/Mar/2020:17:29:25 -0800] "POST /wp-login.php HTTP/1.1" 200 5199 "-" "Mozilla/5.0 (X11; Ubuntu; Linux x86_64; rv:62.0) Gecko/20100101 Firefox/62.0" 
40.77.167.87 - - [01/Mar/2020:17:30:11 -0800] "GET /9-300x140/ HTTP/1.1" 200 10358 "-" "Mozilla/5.0 (compatible; bingbot/2.0; +http://www.bing.com/bingbot.htm)" 
49.235.164.123 - - [01/Mar/2020:17:31:40 -0800] "GET /wp-login.php HTTP/1.1" 200 4828 "-" "Mozilla/5.0 (X11; Ubuntu; Linux x86_64; rv:62.0) Gecko/20100101 Firefox/62.0" 
49.235.164.123 - - [01/Mar/2020:17:31:43 -0800] "POST /wp-login.php HTTP/1.1" 200 5203 "-" "Mozilla/5.0 (X11; Ubuntu; Linux x86_64; rv:62.0) Gecko/20100101 Firefox/62.0" 
49.235.164.123 - - [01/Mar/2020:17:31:44 -0800] "POST /xmlrpc.php HTTP/1.1" 200 3695 "-" "Mozilla/5.0 (X11; Ubuntu; Linux x86_64; rv:62.0) Gecko/20100101 Firefox/62.0" 
66.249.79.187 - - [01/Mar/2020:17:37:11 -0800] "GET /2019/respect-to-respectus-panis/ HTTP/1.1" 200 13316 "-" "Mozilla/5.0 (Linux; Android 6.0.1; Nexus 5X Build/MMB29P) AppleWebKit/537.36 (KHTML, like Gecko) Chrome/41.0.2272.96 Mobile Safari/537.36 (compatible; Googlebot/2.1; +http://www.google.com/bot.html)" 
66.249.79.187 - - [01/Mar/2020:17:40:01 -0800] "GET /2019/learn-to-bake-sourdough-bread-in-rome/ HTTP/1.1" 200 14237 "-" "Mozilla/5.0 (Linux; Android 6.0.1; Nexus 5X Build/MMB29P) AppleWebKit/537.36 (KHTML, like Gecko) Chrome/41.0.2272.96 Mobile Safari/537.36 (compatible; Googlebot/2.1; +http://www.google.com/bot.html)" 
157.230.25.61 - - [01/Mar/2020:17:41:12 -0800] "GET /wp-login.php HTTP/1.1" 200 4828 "-" "Mozilla/5.0 (X11; Ubuntu; Linux x86_64; rv:62.0) Gecko/20100101 Firefox/62.0" 
157.230.25.61 - - [01/Mar/2020:17:41:13 -0800] "POST /wp-login.php HTTP/1.1" 200 5203 "-" "Mozilla/5.0 (X11; Ubuntu; Linux x86_64; rv:62.0) Gecko/20100101 Firefox/62.0" 
157.230.25.61 - - [01/Mar/2020:17:41:13 -0800] "POST /xmlrpc.php HTTP/1.1" 200 3695 "-" "Mozilla/5.0 (X11; Ubuntu; Linux x86_64; rv:62.0) Gecko/20100101 Firefox/62.0" 
5.188.84.80 - - [01/Mar/2020:17:42:08 -0800] "GET /2013/pasta-madre-day-2013/ HTTP/1.0" 200 32926 "https://www.fornacalia.com/2013/pasta-madre-day-2013/#comment-1801/" "Mozilla/5.0 (Windows NT 10.0; Win64; x64) AppleWebKit/537.36 (KHTML, like Gecko) Chrome/67.0.3396.79 Safari/537.36" 
64.111.100.215 - - [01/Mar/2020:17:42:09 -0800] "POST /wp-cron.php?doing_wp_cron=1583113328.9168639183044433593750 HTTP/1.1" 200 3492 "https://www.fornacalia.com/wp-cron.php?doing_wp_cron=1583113328.9168639183044433593750" "WordPress/5.2.5; https://www.fornacalia.com" 
5.188.84.80 - - [01/Mar/2020:17:42:10 -0800] "POST /wp-comments-post.php HTTP/1.0" 302 4061 "https://www.fornacalia.com/2013/pasta-madre-day-2013/#comment-1801/" "Mozilla/5.0 (Windows NT 10.0; Win64; x64) AppleWebKit/537.36 (KHTML, like Gecko) Chrome/67.0.3396.79 Safari/537.36" 
54.36.150.65 - - [01/Mar/2020:17:43:28 -0800] "GET /?m=201309 HTTP/1.1" 301 4009 "-" "Mozilla/5.0 (compatible; AhrefsBot/6.1; +http://ahrefs.com/robot/)" 
5.102.173.71 - - [01/Mar/2020:17:43:47 -0800] "GET /robots.txt HTTP/1.1" 200 4234 "-" "Mozilla/5.0 (compatible; MojeekBot/0.7; +https://www.mojeek.com/bot.html)" 
5.102.173.71 - - [01/Mar/2020:17:43:47 -0800] "GET /2019/hot-cross-buns/ HTTP/1.1" 200 10256 "-" "Mozilla/5.0 (compatible; MojeekBot/0.7; +https://www.mojeek.com/bot.html)" 
51.77.103.249 - - [01/Mar/2020:17:45:07 -0800] "POST /xmlrpc.php HTTP/1.1" 200 3695 "-" "Mozilla/5.0 (X11; Ubuntu; Linux x86_64; rv:62.0) Gecko/20100101 Firefox/62.0" 
5.188.84.35 - - [01/Mar/2020:17:46:33 -0800] "GET /2013/pasta-madre-day-2013/ HTTP/1.0" 200 32926 "https://www.fornacalia.com/2013/pasta-madre-day-2013/#comment-1801/" "Mozilla/5.0 (Windows NT 10.0; Win64; x64) AppleWebKit/537.36 (KHTML, like Gecko) Chrome/68.0.3440.106 Safari/537.36 OPR/55.0.2994.44" 
5.188.84.35 - - [01/Mar/2020:17:46:34 -0800] "POST /wp-comments-post.php HTTP/1.0" 302 4061 "https://www.fornacalia.com/2013/pasta-madre-day-2013/#comment-1801/" "Mozilla/5.0 (Windows NT 10.0; Win64; x64) AppleWebKit/537.36 (KHTML, like Gecko) Chrome/68.0.3440.106 Safari/537.36 OPR/55.0.2994.44" 
66.249.79.183 - - [01/Mar/2020:17:47:19 -0800] "GET /2019/respect-to-respectus-panis/ HTTP/1.1" 200 13315 "-" "Mozilla/5.0 (compatible; Googlebot/2.1; +http://www.google.com/bot.html)" 
66.249.79.187 - - [01/Mar/2020:17:47:20 -0800] "GET /2017/black-pepper-rye/ HTTP/1.1" 200 14285 "-" "Mozilla/5.0 (Linux; Android 6.0.1; Nexus 5X Build/MMB29P) AppleWebKit/537.36 (KHTML, like Gecko) Chrome/41.0.2272.96 Mobile Safari/537.36 (compatible; Googlebot/2.1; +http://www.google.com/bot.html)" 
104.236.86.160 - - [01/Mar/2020:17:52:40 -0800] "GET /wp-login.php HTTP/1.1" 200 4828 "-" "Mozilla/5.0 (X11; Ubuntu; Linux x86_64; rv:62.0) Gecko/20100101 Firefox/62.0" 
104.236.86.160 - - [01/Mar/2020:17:52:40 -0800] "POST /wp-login.php HTTP/1.1" 200 5203 "-" "Mozilla/5.0 (X11; Ubuntu; Linux x86_64; rv:62.0) Gecko/20100101 Firefox/62.0" 
104.236.86.160 - - [01/Mar/2020:17:52:45 -0800] "POST /xmlrpc.php HTTP/1.1" 200 3695 "-" "Mozilla/5.0 (X11; Ubuntu; Linux x86_64; rv:62.0) Gecko/20100101 Firefox/62.0" 
194.60.254.243 - - [01/Mar/2020:17:53:49 -0800] "GET /wp-admin/admin.php?page=miwoftp&option=com_miwoftp&action=download&dir=/&item=wp-config.php&order=name&srt=yes HTTP/1.1" 418 3779 "-" "Mozilla/4.0 (compatible; MSIE 6.0; Windows NT 5.1; SV1)" 
194.60.254.243 - - [01/Mar/2020:17:53:50 -0800] "GET /wp-admin/admin.php?page=miwoftp&option=com_miwoftp&action=download&dir=/&item=wp-config.php&order=name&srt=yes HTTP/1.1" 418 3779 "-" "Mozilla/4.0 (compatible; MSIE 6.0; Windows NT 5.1; SV1)" 
5.188.84.45 - - [01/Mar/2020:17:55:17 -0800] "GET /2013/pasta-madre-day-2013/ HTTP/1.0" 200 32926 "https://www.fornacalia.com/2013/pasta-madre-day-2013/#comment-1801/" "Mozilla/5.0 (Windows NT 10.0; Win64; x64) AppleWebKit/537.36 (KHTML, like Gecko) Chrome/66.0.3359.170 Safari/537.36 OPR/53.0.2907.68" 
5.188.84.45 - - [01/Mar/2020:17:55:18 -0800] "POST /wp-comments-post.php HTTP/1.0" 302 4061 "https://www.fornacalia.com/2013/pasta-madre-day-2013/#comment-1801/" "Mozilla/5.0 (Windows NT 10.0; Win64; x64) AppleWebKit/537.36 (KHTML, like Gecko) Chrome/66.0.3359.170 Safari/537.36 OPR/53.0.2907.68" 
66.249.79.185 - - [01/Mar/2020:17:57:28 -0800] "GET /2015/me-and-burnt-flour/ HTTP/1.1" 200 12491 "-" "Mozilla/5.0 (Linux; Android 6.0.1; Nexus 5X Build/MMB29P) AppleWebKit/537.36 (KHTML, like Gecko) Chrome/41.0.2272.96 Mobile Safari/537.36 (compatible; Googlebot/2.1; +http://www.google.com/bot.html)" 
192.81.210.176 - - [01/Mar/2020:17:57:48 -0800] "GET /wp-login.php HTTP/1.1" 200 4828 "-" "Mozilla/5.0 (X11; Ubuntu; Linux x86_64; rv:62.0) Gecko/20100101 Firefox/62.0" 
192.81.210.176 - - [01/Mar/2020:17:57:48 -0800] "POST /wp-login.php HTTP/1.1" 200 5203 "-" "Mozilla/5.0 (X11; Ubuntu; Linux x86_64; rv:62.0) Gecko/20100101 Firefox/62.0" 
192.81.210.176 - - [01/Mar/2020:17:57:48 -0800] "POST /xmlrpc.php HTTP/1.1" 200 3695 "-" "Mozilla/5.0 (X11; Ubuntu; Linux x86_64; rv:62.0) Gecko/20100101 Firefox/62.0" 
66.249.79.185 - - [01/Mar/2020:18:01:28 -0800] "GET /favicon.ico HTTP/1.1" 200 3804 "-" "Googlebot-Image/1.0" 
77.75.77.119 - - [01/Mar/2020:18:01:33 -0800] "GET /robots.txt HTTP/1.1" 200 4295 "-" "Mozilla/5.0 (compatible; SeznamBot/3.2; +http://napoveda.seznam.cz/en/seznambot-intro/)" 
77.75.77.119 - - [01/Mar/2020:18:01:35 -0800] "GET /category/courses/ HTTP/1.1" 200 15933 "-" "Mozilla/5.0 (compatible; SeznamBot/3.2; +http://napoveda.seznam.cz/en/seznambot-intro/)" 
167.172.127.89 - - [01/Mar/2020:18:03:31 -0800] "GET /wp-login.php HTTP/1.1" 200 4828 "-" "Mozilla/5.0 (X11; Ubuntu; Linux x86_64; rv:62.0) Gecko/20100101 Firefox/62.0" 
167.172.127.89 - - [01/Mar/2020:18:03:32 -0800] "POST /wp-login.php HTTP/1.1" 200 5203 "-" "Mozilla/5.0 (X11; Ubuntu; Linux x86_64; rv:62.0) Gecko/20100101 Firefox/62.0" 
167.172.127.89 - - [01/Mar/2020:18:03:32 -0800] "POST /xmlrpc.php HTTP/1.1" 200 3695 "-" "Mozilla/5.0 (X11; Ubuntu; Linux x86_64; rv:62.0) Gecko/20100101 Firefox/62.0" 
66.249.79.187 - - [01/Mar/2020:18:07:21 -0800] "GET /page/9/ HTTP/1.1" 200 17704 "-" "Mozilla/5.0 (Linux; Android 6.0.1; Nexus 5X Build/MMB29P) AppleWebKit/537.36 (KHTML, like Gecko) Chrome/41.0.2272.96 Mobile Safari/537.36 (compatible; Googlebot/2.1; +http://www.google.com/bot.html)" 
51.83.15.238 - - [01/Mar/2020:18:08:46 -0800] "GET /wp-login.php HTTP/1.1" 200 4828 "-" "Mozilla/5.0 (X11; Ubuntu; Linux x86_64; rv:62.0) Gecko/20100101 Firefox/62.0" 
51.83.15.238 - - [01/Mar/2020:18:08:46 -0800] "POST /wp-login.php HTTP/1.1" 200 5203 "-" "Mozilla/5.0 (X11; Ubuntu; Linux x86_64; rv:62.0) Gecko/20100101 Firefox/62.0" 
51.83.15.238 - - [01/Mar/2020:18:08:46 -0800] "POST /xmlrpc.php HTTP/1.1" 200 3695 "-" "Mozilla/5.0 (X11; Ubuntu; Linux x86_64; rv:62.0) Gecko/20100101 Firefox/62.0" 
34.209.128.248 - - [01/Mar/2020:18:10:29 -0800] "GET / HTTP/1.1" 301 3691 "-" "Go-http-client/1.1" 
66.249.79.11 - - [01/Mar/2020:18:10:30 -0800] "GET /robots.txt HTTP/1.1" 301 3962 "-" "Mozilla/5.0 (compatible; Googlebot/2.1; +http://www.google.com/bot.html)" 
66.249.79.183 - - [01/Mar/2020:18:10:32 -0800] "GET /robots.txt HTTP/1.1" 200 4290 "-" "Mozilla/5.0 (compatible; Googlebot/2.1; +http://www.google.com/bot.html)" 
66.249.79.185 - - [01/Mar/2020:18:10:32 -0800] "GET /ads.txt HTTP/1.1" 404 9992 "-" "Mozilla/5.0 (compatible; Googlebot/2.1; +http://www.google.com/bot.html)" 
66.249.79.9 - - [01/Mar/2020:18:10:32 -0800] "GET /ads.txt HTTP/1.1" 301 3956 "-" "Mozilla/5.0 (compatible; Googlebot/2.1; +http://www.google.com/bot.html)" 
34.209.128.248 - - [01/Mar/2020:18:10:32 -0800] "GET / HTTP/1.1" 200 17194 "-" "Go-http-client/1.1" 
216.10.245.150 - - [01/Mar/2020:18:14:42 -0800] "GET /wp-login.php HTTP/1.1" 200 4828 "-" "Mozilla/5.0 (X11; Ubuntu; Linux x86_64; rv:62.0) Gecko/20100101 Firefox/62.0" 
216.10.245.150 - - [01/Mar/2020:18:14:44 -0800] "POST /wp-login.php HTTP/1.1" 200 5203 "-" "Mozilla/5.0 (X11; Ubuntu; Linux x86_64; rv:62.0) Gecko/20100101 Firefox/62.0" 
216.10.245.150 - - [01/Mar/2020:18:14:45 -0800] "POST /xmlrpc.php HTTP/1.1" 200 3695 "-" "Mozilla/5.0 (X11; Ubuntu; Linux x86_64; rv:62.0) Gecko/20100101 Firefox/62.0" 
37.115.204.215 - - [01/Mar/2020:18:16:21 -0800] "GET /2015/me-and-burnt-flour/ HTTP/1.0" 200 32014 "https://www.fornacalia.com/2015/me-and-burnt-flour/" "Mozilla/5.0 (Windows NT 10.0; Win64; x64) AppleWebKit/537.36 (KHTML, like Gecko) Chrome/65.0.3325.181 Safari/537.36" 
37.115.204.215 - - [01/Mar/2020:18:16:22 -0800] "POST /wp-comments-post.php HTTP/1.0" 302 4059 "https://www.fornacalia.com/2015/me-and-burnt-flour/" "Mozilla/5.0 (Windows NT 10.0; Win64; x64) AppleWebKit/537.36 (KHTML, like Gecko) Chrome/65.0.3325.181 Safari/537.36" 
37.115.204.215 - - [01/Mar/2020:18:16:23 -0800] "GET /2015/me-and-burnt-flour/ HTTP/1.0" 200 32014 "https://www.fornacalia.com/2015/me-and-burnt-flour/#comment-27341" "Mozilla/5.0 (Windows NT 10.0; Win64; x64) AppleWebKit/537.36 (KHTML, like Gecko) Chrome/65.0.3325.181 Safari/537.36" 
37.115.204.215 - - [01/Mar/2020:18:17:43 -0800] "GET /2015/me-and-burnt-flour/ HTTP/1.1" 200 12662 "-" "Mozilla/5.0 (Windows NT 10.0; Win64; x64) AppleWebKit/537.36 (KHTML, like Gecko) Chrome/78.0.3904.108 Safari/537.36" 
134.209.147.54 - - [01/Mar/2020:18:20:15 -0800] "GET /wp-login.php HTTP/1.1" 200 4828 "-" "Mozilla/5.0 (X11; Ubuntu; Linux x86_64; rv:62.0) Gecko/20100101 Firefox/62.0" 
134.209.147.54 - - [01/Mar/2020:18:20:17 -0800] "POST /wp-login.php HTTP/1.1" 200 5203 "-" "Mozilla/5.0 (X11; Ubuntu; Linux x86_64; rv:62.0) Gecko/20100101 Firefox/62.0" 
134.209.147.54 - - [01/Mar/2020:18:20:18 -0800] "POST /xmlrpc.php HTTP/1.1" 200 3695 "-" "Mozilla/5.0 (X11; Ubuntu; Linux x86_64; rv:62.0) Gecko/20100101 Firefox/62.0" 
5.188.84.15 - - [01/Mar/2020:18:20:32 -0800] "GET /2013/pasta-madre-day-2013/ HTTP/1.0" 200 32926 "https://www.fornacalia.com/2013/pasta-madre-day-2013/#comment-1801/" "Mozilla/5.0 (Windows NT 6.1; Win64; x64) AppleWebKit/537.36 (KHTML, like Gecko) Chrome/67.0.3396.87 Safari/537.36 OPR/54.0.2952.71" 
5.188.84.15 - - [01/Mar/2020:18:20:33 -0800] "POST /wp-comments-post.php HTTP/1.0" 302 4061 "https://www.fornacalia.com/2013/pasta-madre-day-2013/#comment-1801/" "Mozilla/5.0 (Windows NT 6.1; Win64; x64) AppleWebKit/537.36 (KHTML, like Gecko) Chrome/67.0.3396.87 Safari/537.36 OPR/54.0.2952.71" 
138.68.41.74 - - [01/Mar/2020:18:25:13 -0800] "GET /wp-login.php HTTP/1.1" 200 4828 "-" "Mozilla/5.0 (X11; Ubuntu; Linux x86_64; rv:62.0) Gecko/20100101 Firefox/62.0" 
138.68.41.74 - - [01/Mar/2020:18:25:14 -0800] "POST /wp-login.php HTTP/1.1" 200 5203 "-" "Mozilla/5.0 (X11; Ubuntu; Linux x86_64; rv:62.0) Gecko/20100101 Firefox/62.0" 
138.68.41.74 - - [01/Mar/2020:18:25:14 -0800] "POST /xmlrpc.php HTTP/1.1" 200 3695 "-" "Mozilla/5.0 (X11; Ubuntu; Linux x86_64; rv:62.0) Gecko/20100101 Firefox/62.0" 
5.188.84.233 - - [01/Mar/2020:18:25:28 -0800] "GET /2013/pasta-madre-day-2013/ HTTP/1.0" 200 32926 "https://www.fornacalia.com/2013/pasta-madre-day-2013/#comment-1801/" "Mozilla/5.0 (Windows NT 6.1; Win64; x64) AppleWebKit/537.36 (KHTML, like Gecko) Chrome/66.0.3359.181 Safari/537.36" 
5.188.84.233 - - [01/Mar/2020:18:25:29 -0800] "POST /wp-comments-post.php HTTP/1.0" 302 4061 "https://www.fornacalia.com/2013/pasta-madre-day-2013/#comment-1801/" "Mozilla/5.0 (Windows NT 6.1; Win64; x64) AppleWebKit/537.36 (KHTML, like Gecko) Chrome/66.0.3359.181 Safari/537.36" 
66.249.79.183 - - [01/Mar/2020:18:27:53 -0800] "GET /2014/no-knead-revisited/ HTTP/1.1" 200 13980 "-" "Mozilla/5.0 (Linux; Android 6.0.1; Nexus 5X Build/MMB29P) AppleWebKit/537.36 (KHTML, like Gecko) Chrome/41.0.2272.96 Mobile Safari/537.36 (compatible; Googlebot/2.1; +http://www.google.com/bot.html)" 
157.230.25.61 - - [01/Mar/2020:18:31:09 -0800] "GET /wp-login.php HTTP/1.1" 200 4828 "-" "Mozilla/5.0 (X11; Ubuntu; Linux x86_64; rv:62.0) Gecko/20100101 Firefox/62.0" 
157.230.25.61 - - [01/Mar/2020:18:31:10 -0800] "POST /wp-login.php HTTP/1.1" 200 5203 "-" "Mozilla/5.0 (X11; Ubuntu; Linux x86_64; rv:62.0) Gecko/20100101 Firefox/62.0" 
157.230.25.61 - - [01/Mar/2020:18:31:10 -0800] "POST /xmlrpc.php HTTP/1.1" 200 3695 "-" "Mozilla/5.0 (X11; Ubuntu; Linux x86_64; rv:62.0) Gecko/20100101 Firefox/62.0" 
5.188.84.15 - - [01/Mar/2020:18:35:57 -0800] "GET /2013/pasta-madre-day-2013/ HTTP/1.0" 200 32926 "https://www.fornacalia.com/2013/pasta-madre-day-2013/#comment-1801/" "Mozilla/5.0 (Windows NT 10.0; Win64; x64) AppleWebKit/537.36 (KHTML, like Gecko) Chrome/68.0.3440.106 Safari/537.36" 
5.188.84.15 - - [01/Mar/2020:18:35:58 -0800] "POST /wp-comments-post.php HTTP/1.0" 302 4061 "https://www.fornacalia.com/2013/pasta-madre-day-2013/#comment-1801/" "Mozilla/5.0 (Windows NT 10.0; Win64; x64) AppleWebKit/537.36 (KHTML, like Gecko) Chrome/68.0.3440.106 Safari/537.36" 
45.76.158.109 - - [01/Mar/2020:18:36:39 -0800] "GET /wp-login.php HTTP/1.1" 200 4828 "-" "Mozilla/5.0 (X11; Ubuntu; Linux x86_64; rv:62.0) Gecko/20100101 Firefox/62.0" 
45.76.158.109 - - [01/Mar/2020:18:36:40 -0800] "POST /wp-login.php HTTP/1.1" 200 5203 "-" "Mozilla/5.0 (X11; Ubuntu; Linux x86_64; rv:62.0) Gecko/20100101 Firefox/62.0" 
45.76.158.109 - - [01/Mar/2020:18:36:41 -0800] "POST /xmlrpc.php HTTP/1.1" 200 3695 "-" "Mozilla/5.0 (X11; Ubuntu; Linux x86_64; rv:62.0) Gecko/20100101 Firefox/62.0" 
5.188.84.65 - - [01/Mar/2020:18:39:23 -0800] "GET /2013/pasta-madre-day-2013/ HTTP/1.0" 200 32926 "https://www.fornacalia.com/2013/pasta-madre-day-2013/#comment-1801/" "Mozilla/5.0 (Windows NT 6.1) AppleWebKit/537.36 (KHTML, like Gecko) Chrome/68.0.3440.106 Safari/537.36" 
5.188.84.65 - - [01/Mar/2020:18:39:24 -0800] "POST /wp-comments-post.php HTTP/1.0" 302 4061 "https://www.fornacalia.com/2013/pasta-madre-day-2013/#comment-1801/" "Mozilla/5.0 (Windows NT 6.1) AppleWebKit/537.36 (KHTML, like Gecko) Chrome/68.0.3440.106 Safari/537.36" 
157.245.251.22 - - [01/Mar/2020:18:47:35 -0800] "GET /wp-login.php HTTP/1.1" 200 4828 "-" "Mozilla/5.0 (X11; Ubuntu; Linux x86_64; rv:62.0) Gecko/20100101 Firefox/62.0" 
157.245.251.22 - - [01/Mar/2020:18:47:36 -0800] "POST /wp-login.php HTTP/1.1" 200 5203 "-" "Mozilla/5.0 (X11; Ubuntu; Linux x86_64; rv:62.0) Gecko/20100101 Firefox/62.0" 
157.245.251.22 - - [01/Mar/2020:18:47:37 -0800] "POST /xmlrpc.php HTTP/1.1" 200 3695 "-" "Mozilla/5.0 (X11; Ubuntu; Linux x86_64; rv:62.0) Gecko/20100101 Firefox/62.0" 
54.36.150.52 - - [01/Mar/2020:18:48:37 -0800] "GET /feed/?attachment_id=5289 HTTP/1.1" 200 4593 "-" "Mozilla/5.0 (compatible; AhrefsBot/6.1; +http://ahrefs.com/robot/)" 
5.188.84.45 - - [01/Mar/2020:18:50:29 -0800] "GET /2013/pasta-madre-day-2013/ HTTP/1.0" 200 32926 "https://www.fornacalia.com/2013/pasta-madre-day-2013/#comment-1801/" "Mozilla/5.0 (Windows NT 6.1; Win64; x64) AppleWebKit/537.36 (KHTML, like Gecko) Chrome/67.0.3396.87 Safari/537.36" 
5.188.84.45 - - [01/Mar/2020:18:50:30 -0800] "POST /wp-comments-post.php HTTP/1.0" 302 4061 "https://www.fornacalia.com/2013/pasta-madre-day-2013/#comment-1801/" "Mozilla/5.0 (Windows NT 6.1; Win64; x64) AppleWebKit/537.36 (KHTML, like Gecko) Chrome/67.0.3396.87 Safari/537.36" 
5.188.84.220 - - [01/Mar/2020:18:54:36 -0800] "GET /2013/pasta-madre-day-2013/ HTTP/1.0" 200 32926 "https://www.fornacalia.com/2013/pasta-madre-day-2013/#comment-1801/" "Mozilla/5.0 (Windows NT 6.1; Win64; x64) AppleWebKit/537.36 (KHTML, like Gecko) Chrome/67.0.3396.87 Safari/537.36 OPR/54.0.2952.51" 
5.188.84.220 - - [01/Mar/2020:18:54:37 -0800] "POST /wp-comments-post.php HTTP/1.0" 302 4061 "https://www.fornacalia.com/2013/pasta-madre-day-2013/#comment-1801/" "Mozilla/5.0 (Windows NT 6.1; Win64; x64) AppleWebKit/537.36 (KHTML, like Gecko) Chrome/67.0.3396.87 Safari/537.36 OPR/54.0.2952.51" 
37.115.204.215 - - [01/Mar/2020:18:54:40 -0800] "GET /2015/me-and-burnt-flour/ HTTP/1.0" 200 32014 "https://www.fornacalia.com/2015/me-and-burnt-flour/" "Mozilla/5.0 (Windows NT 10.0; Win64; x64) AppleWebKit/537.36 (KHTML, like Gecko) Chrome/67.0.3396.99 Safari/537.36" 
37.115.204.215 - - [01/Mar/2020:18:54:41 -0800] "POST /wp-comments-post.php HTTP/1.0" 302 4059 "https://www.fornacalia.com/2015/me-and-burnt-flour/" "Mozilla/5.0 (Windows NT 10.0; Win64; x64) AppleWebKit/537.36 (KHTML, like Gecko) Chrome/67.0.3396.99 Safari/537.36" 
37.115.204.215 - - [01/Mar/2020:18:54:42 -0800] "GET /2015/me-and-burnt-flour/ HTTP/1.0" 200 32014 "https://www.fornacalia.com/2015/me-and-burnt-flour/#comment-27348" "Mozilla/5.0 (Windows NT 10.0; Win64; x64) AppleWebKit/537.36 (KHTML, like Gecko) Chrome/67.0.3396.99 Safari/537.36" 
77.75.79.72 - - [01/Mar/2020:18:55:23 -0800] "GET /robots.txt HTTP/1.1" 200 4295 "-" "Mozilla/5.0 (compatible; SeznamBot/3.2; +http://napoveda.seznam.cz/en/seznambot-intro/)" 
77.75.79.72 - - [01/Mar/2020:18:55:24 -0800] "GET /page/7/ HTTP/1.1" 200 12765 "-" "Mozilla/5.0 (compatible; SeznamBot/3.2; +http://napoveda.seznam.cz/en/seznambot-intro/)" 
157.245.160.74 - - [01/Mar/2020:18:57:47 -0800] "GET /wp-login.php HTTP/1.1" 200 4809 "-" "Mozilla/5.0 (Windows NT 6.1) AppleWebKit/537.36 (KHTML, like Gecko) Chrome/63.0.3239.84 Safari/537.36" 
