54.36.148.225 - - [21/Jun/2020:01:41:03 -0700] "GET /content/photos/?q=%23+%23bread&offset=40 HTTP/1.1" 200 12435 "-" "Mozilla/5.0 (compatible; AhrefsBot/6.1; +http://ahrefs.com/robot/)" 
54.36.148.81 - - [21/Jun/2020:01:41:33 -0700] "GET /content/all/?q=%23indieweb&offset=132 HTTP/1.1" 200 12615 "-" "Mozilla/5.0 (compatible; AhrefsBot/6.1; +http://ahrefs.com/robot/)" 
54.36.148.201 - - [21/Jun/2020:01:41:58 -0700] "GET /profile/jeremy?offset=130 HTTP/1.1" 200 16261 "-" "Mozilla/5.0 (compatible; AhrefsBot/6.1; +http://ahrefs.com/robot/)" 
46.229.168.129 - - [21/Jun/2020:01:42:39 -0700] "GET /?offset=22&q=%23podcast HTTP/1.1" 200 12224 "-" "Mozilla/5.0 (compatible; SemrushBot/6~bl; +http://www.semrush.com/bot.html)" 
54.36.149.17 - - [21/Jun/2020:01:42:51 -0700] "GET /content/photos/?q=%23+%23sourdough&offset=20 HTTP/1.1" 200 11716 "-" "Mozilla/5.0 (compatible; AhrefsBot/6.1; +http://ahrefs.com/robot/)" 
46.229.168.142 - - [21/Jun/2020:01:42:56 -0700] "GET /2017/5050-with-five-grain-soaker HTTP/1.1" 200 10803 "-" "Mozilla/5.0 (compatible; SemrushBot/6~bl; +http://www.semrush.com/bot.html)" 
46.229.168.145 - - [21/Jun/2020:01:43:03 -0700] "GET /content/bookmarkedpages/?q=%23Rye HTTP/1.1" 200 8278 "-" "Mozilla/5.0 (compatible; SemrushBot/6~bl; +http://www.semrush.com/bot.html)" 
45.79.26.51 - - [21/Jun/2020:01:43:14 -0700] "GET /content/statusupdates/posts/photos/checkins/bookmarkedpages?_t=rss HTTP/1.1" 200 7422 "-" "Micro.blog/1.0" 
46.229.168.137 - - [21/Jun/2020:01:43:19 -0700] "GET /?offset=2&q=%23%2B%23food HTTP/1.1" 200 11976 "-" "Mozilla/5.0 (compatible; SemrushBot/6~bl; +http://www.semrush.com/bot.html)" 
46.229.168.148 - - [21/Jun/2020:01:43:37 -0700] "GET /2018/thats-a-bit-of-a-disappointment-daily-kos-wont-play HTTP/1.1" 200 9681 "-" "Mozilla/5.0 (compatible; SemrushBot/6~bl; +http://www.semrush.com/bot.html)" 
46.229.168.142 - - [21/Jun/2020:01:43:40 -0700] "GET /?offset=7&q=%23WithKnown HTTP/1.1" 200 10854 "-" "Mozilla/5.0 (compatible; SemrushBot/6~bl; +http://www.semrush.com/bot.html)" 
54.36.148.81 - - [21/Jun/2020:01:43:55 -0700] "GET /content/posts/?offset=50 HTTP/1.1" 200 14516 "-" "Mozilla/5.0 (compatible; AhrefsBot/6.1; +http://ahrefs.com/robot/)" 
54.36.148.94 - - [21/Jun/2020:01:44:20 -0700] "GET /tag/bread?offset=47 HTTP/1.1" 200 12339 "-" "Mozilla/5.0 (compatible; AhrefsBot/6.1; +http://ahrefs.com/robot/)" 
46.229.168.149 - - [21/Jun/2020:01:44:38 -0700] "GET /content/photos?offset=50 HTTP/1.1" 200 10789 "-" "Mozilla/5.0 (compatible; SemrushBot/6~bl; +http://www.semrush.com/bot.html)" 
54.36.149.98 - - [21/Jun/2020:01:44:52 -0700] "GET /content/photos/?q=%23+%23%23bread&offset=60 HTTP/1.1" 200 11097 "-" "Mozilla/5.0 (compatible; AhrefsBot/6.1; +http://ahrefs.com/robot/)" 
46.229.168.137 - - [21/Jun/2020:01:45:10 -0700] "GET /2019/how-the-media-let-malicious-idiots-take-over-george-monbiot HTTP/1.1" 200 9427 "-" "Mozilla/5.0 (compatible; SemrushBot/6~bl; +http://www.semrush.com/bot.html)" 
54.36.148.158 - - [21/Jun/2020:01:45:22 -0700] "GET /2018/read-it-and-weep-tears-of-joy-bonnie-ohara-of HTTP/1.1" 200 10289 "-" "Mozilla/5.0 (compatible; AhrefsBot/6.1; +http://ahrefs.com/robot/)" 
46.229.168.133 - - [21/Jun/2020:01:45:28 -0700] "GET /tag/+%23hearsay19 HTTP/1.1" 200 8228 "-" "Mozilla/5.0 (compatible; SemrushBot/6~bl; +http://www.semrush.com/bot.html)" 
46.229.168.148 - - [21/Jun/2020:01:45:31 -0700] "GET /?offset=60&q=%23%2B%23indieweb HTTP/1.1" 200 12079 "-" "Mozilla/5.0 (compatible; SemrushBot/6~bl; +http://www.semrush.com/bot.html)" 
54.36.148.77 - - [21/Jun/2020:01:45:51 -0700] "GET /content/locations/?offset=80 HTTP/1.1" 200 11118 "-" "Mozilla/5.0 (compatible; AhrefsBot/6.1; +http://ahrefs.com/robot/)" 
77.88.5.71 - - [21/Jun/2020:01:46:54 -0700] "GET /2020/interesting-tip-if-your-aeropress-is-slipping HTTP/1.1" 200 10062 "-" "Mozilla/5.0 (compatible; YandexBot/3.0; +http://yandex.com/bots)" 
46.229.168.133 - - [21/Jun/2020:01:46:54 -0700] "GET /content/bookmarkedpages/?offset=30&q=%23indieweb HTTP/1.1" 200 9430 "-" "Mozilla/5.0 (compatible; SemrushBot/6~bl; +http://www.semrush.com/bot.html)" 
46.229.168.150 - - [21/Jun/2020:01:47:42 -0700] "GET /content/all/?q=%23%2B%23multigrain HTTP/1.1" 200 11205 "-" "Mozilla/5.0 (compatible; SemrushBot/6~bl; +http://www.semrush.com/bot.html)" 
54.36.149.100 - - [21/Jun/2020:01:47:48 -0700] "GET /?q=%23WithKnown&offset=5 HTTP/1.1" 200 10862 "-" "Mozilla/5.0 (compatible; AhrefsBot/6.1; +http://ahrefs.com/robot/)" 
46.229.168.136 - - [21/Jun/2020:01:48:00 -0700] "GET /tag/+%23indieweb?offset=10 HTTP/1.1" 200 14751 "-" "Mozilla/5.0 (compatible; SemrushBot/6~bl; +http://www.semrush.com/bot.html)" 
40.77.167.169 - - [21/Jun/2020:01:48:10 -0700] "GET /content/photos/?q=%23cactus HTTP/1.1" 304 4068 "-" "Mozilla/5.0 (compatible; bingbot/2.0; +http://www.bing.com/bingbot.htm)" 
46.229.168.144 - - [21/Jun/2020:01:48:20 -0700] "GET /content/all/?offset=31&q=%23%2B%23food HTTP/1.1" 200 13498 "-" "Mozilla/5.0 (compatible; SemrushBot/6~bl; +http://www.semrush.com/bot.html)" 
159.65.77.58 - - [21/Jun/2020:01:48:29 -0700] "GET /?_t=rss HTTP/1.1" 304 3495 "-" "Feedbin feed-id:1536727 - 1 subscribers" 
46.229.168.135 - - [21/Jun/2020:01:48:48 -0700] "GET /2019/checked-into-santino HTTP/1.1" 200 9484 "-" "Mozilla/5.0 (compatible; SemrushBot/6~bl; +http://www.semrush.com/bot.html)" 
96.126.125.129 - - [21/Jun/2020:01:48:51 -0700] "GET /content/statusupdates/posts/photos/checkins/bookmarkedpages?_t=rss HTTP/1.1" 200 7427 "-" "Micro.blog/1.0" 
46.229.168.131 - - [21/Jun/2020:01:48:52 -0700] "GET /content/bookmarkedpages/?q=%23rye HTTP/1.1" 200 8304 "-" "Mozilla/5.0 (compatible; SemrushBot/6~bl; +http://www.semrush.com/bot.html)" 
46.229.168.138 - - [21/Jun/2020:01:49:04 -0700] "GET /tag/Fornacalia HTTP/1.1" 200 12879 "-" "Mozilla/5.0 (compatible; SemrushBot/6~bl; +http://www.semrush.com/bot.html)" 
46.229.168.143 - - [21/Jun/2020:01:49:14 -0700] "GET /tag/indieweb?offset=112 HTTP/1.1" 200 11894 "-" "Mozilla/5.0 (compatible; SemrushBot/6~bl; +http://www.semrush.com/bot.html)" 
66.249.66.44 - - [21/Jun/2020:01:49:20 -0700] "GET /content/statusupdates/?q=%23+%23rustic&_t=rss HTTP/1.1" 200 5368 "-" "Mozilla/5.0 (Linux; Android 6.0.1; Nexus 5X Build/MMB29P) AppleWebKit/537.36 (KHTML, like Gecko) Chrome/80.0.3987.92 Mobile Safari/537.36 (compatible; Googlebot/2.1; +http://www.google.com/bot.html)" 
46.229.168.143 - - [21/Jun/2020:01:49:22 -0700] "GET /tag/+%23food?offset=10 HTTP/1.1" 200 12349 "-" "Mozilla/5.0 (compatible; SemrushBot/6~bl; +http://www.semrush.com/bot.html)" 
54.36.148.164 - - [21/Jun/2020:01:49:43 -0700] "GET /content/statusupdates/?q=%23+%23IndieWeb&offset=32 HTTP/1.1" 200 8557 "-" "Mozilla/5.0 (compatible; AhrefsBot/6.1; +http://ahrefs.com/robot/)" 
54.36.148.249 - - [21/Jun/2020:01:50:13 -0700] "GET /content/statusupdates/?q=%23indieweb&offset=32 HTTP/1.1" 200 8545 "-" "Mozilla/5.0 (compatible; AhrefsBot/6.1; +http://ahrefs.com/robot/)" 
46.229.168.153 - - [21/Jun/2020:01:50:33 -0700] "GET /tag/podcast?offset=44 HTTP/1.1" 200 12683 "-" "Mozilla/5.0 (compatible; SemrushBot/6~bl; +http://www.semrush.com/bot.html)" 
64.111.100.215 - - [21/Jun/2020:01:50:55 -0700] "GET /content/all?_t=rss HTTP/1.1" 200 13896 "-" "Mozilla/5.0 (X11; U; Linux i686; fr; rv:1.9.1.1) Gecko/20090715 Firefox/3.5.1" 
54.36.149.5 - - [21/Jun/2020:01:51:43 -0700] "GET /content/statusupdates/?offset=150 HTTP/1.1" 200 11000 "-" "Mozilla/5.0 (compatible; AhrefsBot/6.1; +http://ahrefs.com/robot/)" 
96.126.125.129 - - [21/Jun/2020:01:52:01 -0700] "GET /content/statusupdates/posts/photos/checkins/bookmarkedpages?_t=rss HTTP/1.1" 200 7427 "-" "Micro.blog/1.0" 
107.178.200.212 - - [21/Jun/2020:01:52:19 -0700] "HEAD /2020/very-happy-with-the-service-from-widefitshoes HTTP/1.1" 200 4349 "-" "Bridgy (https://brid.gy/about)" 
46.229.168.140 - - [21/Jun/2020:01:52:46 -0700] "GET /2017/working-my-way-through-chris-aldrichs-guide-to-bringing-twitter HTTP/1.1" 200 9746 "-" "Mozilla/5.0 (compatible; SemrushBot/6~bl; +http://www.semrush.com/bot.html)" 
54.36.148.48 - - [21/Jun/2020:01:53:09 -0700] "GET /content/photos/?q=%23+%23%23bread&offset=47 HTTP/1.1" 200 11579 "-" "Mozilla/5.0 (compatible; AhrefsBot/6.1; +http://ahrefs.com/robot/)" 
54.36.148.201 - - [21/Jun/2020:01:54:10 -0700] "GET /tag/withknown?offset=20 HTTP/1.1" 200 12431 "-" "Mozilla/5.0 (compatible; AhrefsBot/6.1; +http://ahrefs.com/robot/)" 
46.229.168.132 - - [21/Jun/2020:01:54:12 -0700] "GET /2019/did-you-see-the-photo-of-my-starter-from-this HTTP/1.1" 200 14776 "-" "Mozilla/5.0 (compatible; SemrushBot/6~bl; +http://www.semrush.com/bot.html)" 
46.229.168.146 - - [21/Jun/2020:01:54:37 -0700] "GET /content/events/?q=%23podcast HTTP/1.1" 200 8273 "-" "Mozilla/5.0 (compatible; SemrushBot/6~bl; +http://www.semrush.com/bot.html)" 
46.229.168.132 - - [21/Jun/2020:01:54:54 -0700] "GET /content/all/?offset=13&q=%23%2B%23WithKnown HTTP/1.1" 200 12151 "-" "Mozilla/5.0 (compatible; SemrushBot/6~bl; +http://www.semrush.com/bot.html)" 
77.88.5.71 - - [21/Jun/2020:01:54:58 -0700] "GET /2017/lush HTTP/1.1" 200 10645 "-" "Mozilla/5.0 (compatible; YandexBot/3.0; +http://yandex.com/bots)" 
46.229.168.149 - - [21/Jun/2020:01:55:05 -0700] "GET /file/21b1ac04c98ce3231d8d10a98d567d4c/3ff5ff5b0482b6ed9eb734da2f913f69 HTTP/1.1" 200 178935 "-" "Mozilla/5.0 (compatible; SemrushBot/6~bl; +http://www.semrush.com/bot.html)" 
54.36.148.81 - - [21/Jun/2020:01:56:31 -0700] "GET /?q=%23+%23IndieWeb&offset=30 HTTP/1.1" 200 12903 "-" "Mozilla/5.0 (compatible; AhrefsBot/6.1; +http://ahrefs.com/robot/)" 
46.229.168.151 - - [21/Jun/2020:01:56:34 -0700] "GET /content/all/?offset=23&q=%23sourdough HTTP/1.1" 200 11716 "-" "Mozilla/5.0 (compatible; SemrushBot/6~bl; +http://www.semrush.com/bot.html)" 
54.36.148.109 - - [21/Jun/2020:01:56:56 -0700] "GET /?q=%23indieweb&offset=30 HTTP/1.1" 200 12887 "-" "Mozilla/5.0 (compatible; AhrefsBot/6.1; +http://ahrefs.com/robot/)" 
96.126.125.129 - - [21/Jun/2020:01:57:08 -0700] "GET /content/statusupdates/posts/photos/checkins/bookmarkedpages?_t=rss HTTP/1.1" 200 7427 "-" "Micro.blog/1.0" 
54.36.148.201 - - [21/Jun/2020:01:57:29 -0700] "GET /content/photos/?q=%23+%23bread&offset=50 HTTP/1.1" 200 11492 "-" "Mozilla/5.0 (compatible; AhrefsBot/6.1; +http://ahrefs.com/robot/)" 
66.249.92.45 - - [21/Jun/2020:01:57:39 -0700] "GET /2018/whats-the-problem HTTP/1.1" 200 11201 "-" "Mozilla/5.0 (compatible; GoogleDocs; apps-spreadsheets; +http://docs.google.com)" 
54.36.148.201 - - [21/Jun/2020:01:58:49 -0700] "GET /?q=%23+%23sourdough&offset=16 HTTP/1.1" 200 11690 "-" "Mozilla/5.0 (compatible; AhrefsBot/6.1; +http://ahrefs.com/robot/)" 
54.36.148.28 - - [21/Jun/2020:01:59:14 -0700] "GET /content/all/?q=%23+%23sourdough&offset=16 HTTP/1.1" 200 11713 "-" "Mozilla/5.0 (compatible; AhrefsBot/6.1; +http://ahrefs.com/robot/)" 
46.229.168.137 - - [21/Jun/2020:01:59:17 -0700] "GET /content/photos/?q=%23%23testtag HTTP/1.1" 200 8287 "-" "Mozilla/5.0 (compatible; SemrushBot/6~bl; +http://www.semrush.com/bot.html)" 
54.36.148.75 - - [21/Jun/2020:01:59:42 -0700] "GET /content/all/?q=%23+%23IndieWeb&offset=30 HTTP/1.1" 200 12921 "-" "Mozilla/5.0 (compatible; AhrefsBot/6.1; +http://ahrefs.com/robot/)" 
46.229.168.129 - - [21/Jun/2020:02:00:06 -0700] "GET /content/rsvp/?q=%23Quinoa HTTP/1.1" 200 8301 "-" "Mozilla/5.0 (compatible; SemrushBot/6~bl; +http://www.semrush.com/bot.html)" 
54.36.148.201 - - [21/Jun/2020:02:00:15 -0700] "GET /content/all/?q=%23indieweb&offset=30 HTTP/1.1" 200 12908 "-" "Mozilla/5.0 (compatible; AhrefsBot/6.1; +http://ahrefs.com/robot/)" 
46.229.168.139 - - [21/Jun/2020:02:00:36 -0700] "GET /?q=%23%2B%23non-fiction HTTP/1.1" 200 10838 "-" "Mozilla/5.0 (compatible; SemrushBot/6~bl; +http://www.semrush.com/bot.html)" 
96.126.125.129 - - [21/Jun/2020:02:00:43 -0700] "GET /content/statusupdates/posts/photos/checkins/bookmarkedpages?_t=rss HTTP/1.1" 200 7427 "-" "Micro.blog/1.0" 
54.36.148.201 - - [21/Jun/2020:02:00:46 -0700] "GET /tag/indieweb?offset=142 HTTP/1.1" 200 9407 "-" "Mozilla/5.0 (compatible; AhrefsBot/6.1; +http://ahrefs.com/robot/)" 
46.229.168.143 - - [21/Jun/2020:02:00:49 -0700] "GET /2019/three-successive-days-of-sunshine-and-the-crocuses-are-out HTTP/1.1" 200 12888 "-" "Mozilla/5.0 (compatible; SemrushBot/6~bl; +http://www.semrush.com/bot.html)" 
46.229.168.141 - - [21/Jun/2020:02:00:51 -0700] "GET /content/posts/?q=%23multigrain HTTP/1.1" 200 8305 "-" "Mozilla/5.0 (compatible; SemrushBot/6~bl; +http://www.semrush.com/bot.html)" 
46.229.168.132 - - [21/Jun/2020:02:01:09 -0700] "GET /content/statusupdates?offset=160 HTTP/1.1" 200 11412 "-" "Mozilla/5.0 (compatible; SemrushBot/6~bl; +http://www.semrush.com/bot.html)" 
54.36.148.51 - - [21/Jun/2020:02:01:16 -0700] "GET /?q=%23+%23sourdough&offset=20 HTTP/1.1" 200 11768 "-" "Mozilla/5.0 (compatible; AhrefsBot/6.1; +http://ahrefs.com/robot/)" 
46.229.168.147 - - [21/Jun/2020:02:01:29 -0700] "GET /content/posts/?offset=85 HTTP/1.1" 200 9504 "-" "Mozilla/5.0 (compatible; SemrushBot/6~bl; +http://www.semrush.com/bot.html)" 
46.229.168.136 - - [21/Jun/2020:02:01:34 -0700] "GET /content/all/?q=%23WithKnown HTTP/1.1" 200 14375 "-" "Mozilla/5.0 (compatible; SemrushBot/6~bl; +http://www.semrush.com/bot.html)" 
46.229.168.136 - - [21/Jun/2020:02:01:42 -0700] "GET /content/all/?offset=6&q=%23%2B%23sourdough HTTP/1.1" 200 12505 "-" "Mozilla/5.0 (compatible; SemrushBot/6~bl; +http://www.semrush.com/bot.html)" 
54.36.149.90 - - [21/Jun/2020:02:01:43 -0700] "GET /content/all/?q=%23+%23sourdough&offset=20 HTTP/1.1" 200 11785 "-" "Mozilla/5.0 (compatible; AhrefsBot/6.1; +http://ahrefs.com/robot/)" 
46.229.168.138 - - [21/Jun/2020:02:02:19 -0700] "GET /content/all/?q=%23IndieWeb HTTP/1.1" 200 14782 "-" "Mozilla/5.0 (compatible; SemrushBot/6~bl; +http://www.semrush.com/bot.html)" 
54.36.148.81 - - [21/Jun/2020:02:02:45 -0700] "GET /content/locations/?offset=160 HTTP/1.1" 200 10906 "-" "Mozilla/5.0 (compatible; AhrefsBot/6.1; +http://ahrefs.com/robot/)" 
54.36.149.70 - - [21/Jun/2020:02:03:10 -0700] "GET /?offset=80 HTTP/1.1" 200 11704 "-" "Mozilla/5.0 (compatible; AhrefsBot/6.1; +http://ahrefs.com/robot/)" 
54.36.149.80 - - [21/Jun/2020:02:03:39 -0700] "GET /tag/Indieweb?offset=20 HTTP/1.1" 200 11219 "-" "Mozilla/5.0 (compatible; AhrefsBot/6.1; +http://ahrefs.com/robot/)" 
46.229.168.141 - - [21/Jun/2020:02:04:06 -0700] "GET /2018/our-daily-bread-18---allied-forever2vii30lqicwsize-brings-benefits-to HTTP/1.1" 200 14047 "-" "Mozilla/5.0 (compatible; SemrushBot/6~bl; +http://www.semrush.com/bot.html)" 
54.36.149.2 - - [21/Jun/2020:02:04:08 -0700] "GET /tag/Sourdough?offset=36 HTTP/1.1" 200 11145 "-" "Mozilla/5.0 (compatible; AhrefsBot/6.1; +http://ahrefs.com/robot/)" 
96.126.125.129 - - [21/Jun/2020:02:04:22 -0700] "GET /content/statusupdates/posts/photos/checkins/bookmarkedpages?_t=rss HTTP/1.1" 200 7427 "-" "Micro.blog/1.0" 
54.36.148.201 - - [21/Jun/2020:02:04:41 -0700] "GET /2018/a-great-intro-to-microblog-and-how-it-fits-more HTTP/1.1" 200 10518 "-" "Mozilla/5.0 (compatible; AhrefsBot/6.1; +http://ahrefs.com/robot/)" 
54.36.149.90 - - [21/Jun/2020:02:05:30 -0700] "GET /2018/delicious---but-a-little-small-surely/annotations/09c6a76ce7572b02d83028866b85808c HTTP/1.1" 200 8014 "-" "Mozilla/5.0 (compatible; AhrefsBot/6.1; +http://ahrefs.com/robot/)" 
54.36.148.85 - - [21/Jun/2020:02:05:32 -0700] "GET /?q=%23Sourdough&offset=56 HTTP/1.1" 200 8821 "-" "Mozilla/5.0 (compatible; AhrefsBot/6.1; +http://ahrefs.com/robot/)" 
54.36.148.201 - - [21/Jun/2020:02:06:06 -0700] "GET /?q=%23Rye&offset=0 HTTP/1.1" 200 12209 "-" "Mozilla/5.0 (compatible; AhrefsBot/6.1; +http://ahrefs.com/robot/)" 
54.36.148.113 - - [21/Jun/2020:02:06:33 -0700] "GET /content/all/?q=%23Sourdough&offset=56 HTTP/1.1" 200 8840 "-" "Mozilla/5.0 (compatible; AhrefsBot/6.1; +http://ahrefs.com/robot/)" 
46.229.168.141 - - [21/Jun/2020:02:06:36 -0700] "GET /content/statusupdates/?offset=21&q=%23%2B%23IndieWeb HTTP/1.1" 200 11155 "-" "Mozilla/5.0 (compatible; SemrushBot/6~bl; +http://www.semrush.com/bot.html)" 
64.111.100.215 - - [21/Jun/2020:02:06:47 -0700] "GET /content/all?_t=rss HTTP/1.1" 200 13896 "-" "Mozilla/5.0 (X11; U; Linux i686; fr; rv:1.9.1.1) Gecko/20090715 Firefox/3.5.1" 
54.36.148.81 - - [21/Jun/2020:02:07:05 -0700] "GET /content/all/?q=%23Rye&offset=0 HTTP/1.1" 200 12233 "-" "Mozilla/5.0 (compatible; AhrefsBot/6.1; +http://ahrefs.com/robot/)" 
46.229.168.129 - - [21/Jun/2020:02:07:14 -0700] "GET /2019/puntarelle-the-season-has-changed HTTP/1.1" 200 9454 "-" "Mozilla/5.0 (compatible; SemrushBot/6~bl; +http://www.semrush.com/bot.html)" 
46.229.168.129 - - [21/Jun/2020:02:07:20 -0700] "GET /content/statusupdates?offset=90 HTTP/1.1" 200 10309 "-" "Mozilla/5.0 (compatible; SemrushBot/6~bl; +http://www.semrush.com/bot.html)" 
46.229.168.163 - - [21/Jun/2020:02:07:51 -0700] "GET /2017/interesting-conversation-with-_amanda_j_lee-about-food-prices-and-nutrition-in HTTP/1.1" 200 10367 "-" "Mozilla/5.0 (compatible; SemrushBot/6~bl; +http://www.semrush.com/bot.html)" 
54.36.148.201 - - [21/Jun/2020:02:08:09 -0700] "GET /?q=%23Indieweb&offset=30 HTTP/1.1" 200 12842 "-" "Mozilla/5.0 (compatible; AhrefsBot/6.1; +http://ahrefs.com/robot/)" 
46.229.168.145 - - [21/Jun/2020:02:08:17 -0700] "GET /?offset=141&q=%23indieweb HTTP/1.1" 200 9531 "-" "Mozilla/5.0 (compatible; SemrushBot/6~bl; +http://www.semrush.com/bot.html)" 
54.36.148.201 - - [21/Jun/2020:02:08:35 -0700] "GET /content/all/?q=%23Indieweb&offset=30 HTTP/1.1" 200 12865 "-" "Mozilla/5.0 (compatible; AhrefsBot/6.1; +http://ahrefs.com/robot/)" 
46.229.168.162 - - [21/Jun/2020:02:08:57 -0700] "GET /2018/stepping-back-from-posse HTTP/1.1" 200 9227 "-" "Mozilla/5.0 (compatible; SemrushBot/6~bl; +http://www.semrush.com/bot.html)" 
54.36.148.30 - - [21/Jun/2020:02:08:58 -0700] "GET /content/posts/?offset=27 HTTP/1.1" 200 13195 "-" "Mozilla/5.0 (compatible; AhrefsBot/6.1; +http://ahrefs.com/robot/)" 
46.229.168.146 - - [21/Jun/2020:02:09:10 -0700] "GET /content/photos/?offset=2&q=%23%2B%23food HTTP/1.1" 200 12212 "-" "Mozilla/5.0 (compatible; SemrushBot/6~bl; +http://www.semrush.com/bot.html)" 
54.36.148.81 - - [21/Jun/2020:02:09:38 -0700] "GET /content/photos/?q=%23Rye&offset=0 HTTP/1.1" 200 12253 "-" "Mozilla/5.0 (compatible; AhrefsBot/6.1; +http://ahrefs.com/robot/)" 
54.36.148.254 - - [21/Jun/2020:02:09:59 -0700] "GET /content/statusupdates/?q=%23Indieweb&offset=22 HTTP/1.1" 200 10804 "-" "Mozilla/5.0 (compatible; AhrefsBot/6.1; +http://ahrefs.com/robot/)" 
96.126.125.129 - - [21/Jun/2020:02:10:19 -0700] "GET /content/statusupdates/posts/photos/checkins/bookmarkedpages?_t=rss HTTP/1.1" 200 7427 "-" "Micro.blog/1.0" 
54.36.148.127 - - [21/Jun/2020:02:10:29 -0700] "GET /?offset=130 HTTP/1.1" 200 11072 "-" "Mozilla/5.0 (compatible; AhrefsBot/6.1; +http://ahrefs.com/robot/)" 
54.36.148.201 - - [21/Jun/2020:02:11:04 -0700] "GET /content/posts/?q=%23withknown&offset=12 HTTP/1.1" 200 9010 "-" "Mozilla/5.0 (compatible; AhrefsBot/6.1; +http://ahrefs.com/robot/)" 
46.229.168.149 - - [21/Jun/2020:02:11:30 -0700] "GET /?offset=14&q=%23Sourdough HTTP/1.1" 200 11826 "-" "Mozilla/5.0 (compatible; SemrushBot/6~bl; +http://www.semrush.com/bot.html)" 
54.36.148.201 - - [21/Jun/2020:02:11:35 -0700] "GET /?q=%23+%23bread&offset=50 HTTP/1.1" 200 12394 "-" "Mozilla/5.0 (compatible; AhrefsBot/6.1; +http://ahrefs.com/robot/)" 
54.36.148.57 - - [21/Jun/2020:02:12:01 -0700] "GET /content/all/?q=%23+%23bread&offset=50 HTTP/1.1" 200 12415 "-" "Mozilla/5.0 (compatible; AhrefsBot/6.1; +http://ahrefs.com/robot/)" 
77.88.5.71 - - [21/Jun/2020:02:12:12 -0700] "GET /view/a059b6df5d93f23c916bc74d55cbf902 HTTP/1.1" 200 9288 "-" "Mozilla/5.0 (compatible; YandexBot/3.0; +http://yandex.com/bots)" 
46.229.168.142 - - [21/Jun/2020:02:12:19 -0700] "GET /content/statusupdates/?offset=16&q=%23podcast HTTP/1.1" 200 9023 "-" "Mozilla/5.0 (compatible; SemrushBot/6~bl; +http://www.semrush.com/bot.html)" 
46.229.168.140 - - [21/Jun/2020:02:12:19 -0700] "GET /2018/our-daily-bread-18---allied-forever2vii30lqicwsize-brings-benefits-to HTTP/1.1" 200 14090 "-" "Mozilla/5.0 (compatible; SemrushBot/6~bl; +http://www.semrush.com/bot.html)" 
46.229.168.132 - - [21/Jun/2020:02:12:21 -0700] "GET /tag/London HTTP/1.1" 200 10540 "-" "Mozilla/5.0 (compatible; SemrushBot/6~bl; +http://www.semrush.com/bot.html)" 
17.58.102.79 - - [21/Jun/2020:02:13:02 -0700] "GET /2018/after-enjoying-a-lovely-day-off-yesterday HTTP/1.1" 200 11098 "-" "Mozilla/5.0 (Macintosh; Intel Mac OS X 10_15_5) AppleWebKit/605.1.15 (KHTML, like Gecko) Version/13.1.1 Safari/605.1.15 (Applebot/0.1; +http://www.apple.com/go/applebot)" 
46.229.168.152 - - [21/Jun/2020:02:13:03 -0700] "GET /content/photos/?offset=13&q=%23%2B%23rye HTTP/1.1" 200 11612 "-" "Mozilla/5.0 (compatible; SemrushBot/6~bl; +http://www.semrush.com/bot.html)" 
46.229.168.139 - - [21/Jun/2020:02:13:22 -0700] "GET /content/locations/?q=%23cooking HTTP/1.1" 200 8280 "-" "Mozilla/5.0 (compatible; SemrushBot/6~bl; +http://www.semrush.com/bot.html)" 
5.188.210.79 - - [21/Jun/2020:02:13:36 -0700] "GET /profile/jeremy?offset=106 HTTP/1.1" 200 15693 "-" "Mozilla/5.0 (Windows NT 6.1; Win64; x64; rv:62.0) Gecko/20100101 Firefox/62.0" 
46.229.168.135 - - [21/Jun/2020:02:13:38 -0700] "GET /profile/jeremy?offset=60 HTTP/1.1" 200 16811 "-" "Mozilla/5.0 (compatible; SemrushBot/6~bl; +http://www.semrush.com/bot.html)" 
46.229.168.150 - - [21/Jun/2020:02:13:48 -0700] "GET /content/events/?q=%23rye HTTP/1.1" 200 8268 "-" "Mozilla/5.0 (compatible; SemrushBot/6~bl; +http://www.semrush.com/bot.html)" 
54.36.148.201 - - [21/Jun/2020:02:14:00 -0700] "GET /?offset=170 HTTP/1.1" 200 11599 "-" "Mozilla/5.0 (compatible; AhrefsBot/6.1; +http://ahrefs.com/robot/)" 
46.229.168.142 - - [21/Jun/2020:02:14:04 -0700] "GET /?q=%23%2B%23rye HTTP/1.1" 200 11985 "-" "Mozilla/5.0 (compatible; SemrushBot/6~bl; +http://www.semrush.com/bot.html)" 
46.229.168.142 - - [21/Jun/2020:02:14:06 -0700] "GET /content/all/?q=%23igbreadclub HTTP/1.1" 200 9948 "-" "Mozilla/5.0 (compatible; SemrushBot/6~bl; +http://www.semrush.com/bot.html)" 
45.79.26.51 - - [21/Jun/2020:02:14:12 -0700] "GET /content/statusupdates/posts/photos/checkins/bookmarkedpages?_t=rss HTTP/1.1" 200 7422 "-" "Micro.blog/1.0" 
17.58.102.79 - - [21/Jun/2020:02:14:31 -0700] "GET /2020/webby2001-of-course-it-could-easily-evaporate HTTP/1.1" 200 6521 "-" "Mozilla/5.0 (Macintosh; Intel Mac OS X 10_15_5) AppleWebKit/605.1.15 (KHTML, like Gecko) Version/13.1.1 Safari/605.1.15 (Applebot/0.1; +http://www.apple.com/go/applebot)" 
46.229.168.161 - - [21/Jun/2020:02:14:47 -0700] "GET /content/all/?offset=7&q=%23quill HTTP/1.1" 200 11777 "-" "Mozilla/5.0 (compatible; SemrushBot/6~bl; +http://www.semrush.com/bot.html)" 
54.36.149.13 - - [21/Jun/2020:02:14:53 -0700] "GET /?q=%23bread&offset=57 HTTP/1.1" 200 11434 "-" "Mozilla/5.0 (compatible; AhrefsBot/6.1; +http://ahrefs.com/robot/)" 
5.189.152.91 - - [21/Jun/2020:02:14:54 -0700] "GET /robots.txt HTTP/1.1" 200 4288 "-" "Mozilla/5.0 (compatible; MJ12bot/v1.4.8; http://mj12bot.com/)" 
5.189.152.91 - - [21/Jun/2020:02:14:56 -0700] "GET /content/all/?q=%23%20%23Http://agro.biodiver.se/&offset=149 HTTP/1.1" 200 12037 "-" "Mozilla/5.0 (compatible; MJ12bot/v1.4.8; http://mj12bot.com/)" 
5.189.152.91 - - [21/Jun/2020:02:15:10 -0700] "GET /content/all/?q=%23%20%23Http://agro.biodiver.se/&offset=150 HTTP/1.1" 200 11898 "-" "Mozilla/5.0 (compatible; MJ12bot/v1.4.8; http://mj12bot.com/)" 
5.189.152.91 - - [21/Jun/2020:02:15:16 -0700] "GET /content/all/?q=%23%20%23Http://agro.biodiver.se/&offset=154 HTTP/1.1" 200 12283 "-" "Mozilla/5.0 (compatible; MJ12bot/v1.4.8; http://mj12bot.com/)" 
5.189.152.91 - - [21/Jun/2020:02:15:30 -0700] "GET /content/all/?q=%23%20%23Http://agro.biodiver.se/&offset=159 HTTP/1.1" 200 12247 "-" "Mozilla/5.0 (compatible; MJ12bot/v1.4.8; http://mj12bot.com/)" 
66.249.92.47 - - [21/Jun/2020:02:15:38 -0700] "GET /2018/whats-the-problem HTTP/1.1" 200 11197 "-" "Mozilla/5.0 (compatible; GoogleDocs; apps-spreadsheets; +http://docs.google.com)" 
5.189.152.91 - - [21/Jun/2020:02:15:39 -0700] "GET /content/all/?q=%23%20%23Http://agro.biodiver.se/&offset=160 HTTP/1.1" 200 12833 "-" "Mozilla/5.0 (compatible; MJ12bot/v1.4.8; http://mj12bot.com/)" 
46.229.168.161 - - [21/Jun/2020:02:15:41 -0700] "GET /robots.txt HTTP/1.1" 200 4276 "-" "Mozilla/5.0 (compatible; SemrushBot/6~bl; +http://www.semrush.com/bot.html)" 
46.229.168.129 - - [21/Jun/2020:02:15:42 -0700] "GET /content/statusupdates/?offset=20&q=%23%2B%23%23indieweb HTTP/1.1" 200 11236 "-" "Mozilla/5.0 (compatible; SemrushBot/6~bl; +http://www.semrush.com/bot.html)" 
54.36.149.67 - - [21/Jun/2020:02:15:48 -0700] "GET /content/posts/?offset=37 HTTP/1.1" 200 12279 "-" "Mozilla/5.0 (compatible; AhrefsBot/6.1; +http://ahrefs.com/robot/)" 
5.189.152.91 - - [21/Jun/2020:02:15:51 -0700] "GET /content/all/?q=%23%20%23Http://agro.biodiver.se/&offset=164 HTTP/1.1" 200 12382 "-" "Mozilla/5.0 (compatible; MJ12bot/v1.4.8; http://mj12bot.com/)" 
192.99.5.228 - - [21/Jun/2020:02:16:05 -0700] "GET /robots.txt HTTP/1.1" 200 4312 "-" "Mozilla/5.0 (compatible; MJ12bot/v1.4.8; http://mj12bot.com/)" 
46.229.168.153 - - [21/Jun/2020:02:16:08 -0700] "GET /2019/worth-waiting-for HTTP/1.1" 200 15078 "-" "Mozilla/5.0 (compatible; SemrushBot/6~bl; +http://www.semrush.com/bot.html)" 
5.9.155.226 - - [21/Jun/2020:02:16:12 -0700] "GET /robots.txt HTTP/1.1" 200 4288 "-" "Mozilla/5.0 (compatible; MJ12bot/v1.4.8; http://mj12bot.com/)" 
54.36.149.19 - - [21/Jun/2020:02:16:16 -0700] "GET /content/all/?q=%23bread&offset=57 HTTP/1.1" 200 11456 "-" "Mozilla/5.0 (compatible; AhrefsBot/6.1; +http://ahrefs.com/robot/)" 
5.189.152.91 - - [21/Jun/2020:02:16:20 -0700] "GET /content/all/?q=%23%20%23Http://agro.biodiver.se/&offset=169 HTTP/1.1" 200 12378 "-" "Mozilla/5.0 (compatible; MJ12bot/v1.4.8; http://mj12bot.com/)" 
5.9.155.226 - - [21/Jun/2020:02:16:28 -0700] "GET /2017/a-podcast-about-the-indieweb?_t=rss HTTP/1.1" 200 5976 "-" "Mozilla/5.0 (compatible; MJ12bot/v1.4.8; http://mj12bot.com/)" 
5.189.152.91 - - [21/Jun/2020:02:16:33 -0700] "GET /content/all/?q=%23%20%23Http://agro.biodiver.se/&offset=170 HTTP/1.1" 200 11798 "-" "Mozilla/5.0 (compatible; MJ12bot/v1.4.8; http://mj12bot.com/)" 
192.99.5.228 - - [21/Jun/2020:02:16:43 -0700] "GET /content/all/?q=%23indieweb&offset=70 HTTP/1.1" 200 11934 "-" "Mozilla/5.0 (compatible; MJ12bot/v1.4.8; http://mj12bot.com/)" 
5.189.152.91 - - [21/Jun/2020:02:16:48 -0700] "GET /content/all/?q=%23%20%23Http://agro.biodiver.se/&offset=174 HTTP/1.1" 200 12313 "-" "Mozilla/5.0 (compatible; MJ12bot/v1.4.8; http://mj12bot.com/)" 
46.229.168.134 - - [21/Jun/2020:02:16:51 -0700] "GET /content/statusupdates/?offset=31&q=%23%2B%23%23indieweb HTTP/1.1" 200 8782 "-" "Mozilla/5.0 (compatible; SemrushBot/6~bl; +http://www.semrush.com/bot.html)" 
192.99.5.228 - - [21/Jun/2020:02:17:08 -0700] "GET /content/all/?q=%23indieweb&offset=72 HTTP/1.1" 200 12559 "-" "Mozilla/5.0 (compatible; MJ12bot/v1.4.8; http://mj12bot.com/)" 
5.188.210.79 - - [21/Jun/2020:02:17:13 -0700] "GET /profile/jeremy?offset=106 HTTP/1.0" 200 124453 "https://stream.jeremycherfas.net/profile/jeremy?offset=106" "Mozilla/5.0 (Windows NT 6.1; WOW64) AppleWebKit/537.36 (KHTML, like Gecko) Chrome/67.0.3396.87 Safari/537.36 OPR/54.0.2952.64 (Edition Yx)" 
5.188.210.79 - - [21/Jun/2020:02:17:14 -0700] "POST /comments/post HTTP/1.0" 403 16862 "https://stream.jeremycherfas.net/profile/jeremy?offset=106" "Mozilla/5.0 (Windows NT 6.1; WOW64) AppleWebKit/537.36 (KHTML, like Gecko) Chrome/67.0.3396.87 Safari/537.36 OPR/54.0.2952.64 (Edition Yx)" 
5.189.152.91 - - [21/Jun/2020:02:17:17 -0700] "GET /content/all/?q=%23%20%23Http://agro.biodiver.se/&offset=179 HTTP/1.1" 200 12662 "-" "Mozilla/5.0 (compatible; MJ12bot/v1.4.8; http://mj12bot.com/)" 
45.79.26.51 - - [21/Jun/2020:02:17:28 -0700] "GET /content/statusupdates/posts/photos/checkins/bookmarkedpages?_t=rss HTTP/1.1" 200 7422 "-" "Micro.blog/1.0" 
54.36.148.90 - - [21/Jun/2020:02:17:38 -0700] "GET /content/all/ HTTP/1.1" 200 11791 "-" "Mozilla/5.0 (compatible; AhrefsBot/6.1; +http://ahrefs.com/robot/)" 
5.189.152.91 - - [21/Jun/2020:02:17:39 -0700] "GET /content/all/?q=%23%20%23Http://agro.biodiver.se/&offset=180 HTTP/1.1" 200 12734 "-" "Mozilla/5.0 (compatible; MJ12bot/v1.4.8; http://mj12bot.com/)" 
192.99.5.228 - - [21/Jun/2020:02:17:42 -0700] "GET /content/all/?q=%23indieweb&offset=77 HTTP/1.1" 200 13422 "-" "Mozilla/5.0 (compatible; MJ12bot/v1.4.8; http://mj12bot.com/)" 
5.9.155.226 - - [21/Jun/2020:02:17:43 -0700] "GET /2017/curbing-my-own-disappointment-with-congrats-to-fuchsiadunlop-and-evankleiman HTTP/1.1" 200 9823 "-" "Mozilla/5.0 (compatible; MJ12bot/v1.4.8; http://mj12bot.com/)" 
5.189.152.91 - - [21/Jun/2020:02:17:51 -0700] "GET /content/all/?q=%23%20%23Http://agro.biodiver.se/&offset=184 HTTP/1.1" 200 12325 "-" "Mozilla/5.0 (compatible; MJ12bot/v1.4.8; http://mj12bot.com/)" 
5.9.155.226 - - [21/Jun/2020:02:17:58 -0700] "GET /2017/current-status-under-surveillance HTTP/1.1" 200 10303 "-" "Mozilla/5.0 (compatible; MJ12bot/v1.4.8; http://mj12bot.com/)" 
192.99.5.228 - - [21/Jun/2020:02:18:00 -0700] "GET /content/all/?q=%23indieweb&offset=80 HTTP/1.1" 200 13778 "-" "Mozilla/5.0 (compatible; MJ12bot/v1.4.8; http://mj12bot.com/)" 
46.229.168.143 - - [21/Jun/2020:02:18:10 -0700] "GET /2019/goa-homebrew-website-club-1 HTTP/1.1" 200 9259 "-" "Mozilla/5.0 (compatible; SemrushBot/6~bl; +http://www.semrush.com/bot.html)" 
46.229.168.130 - - [21/Jun/2020:02:18:12 -0700] "GET /content/audio/?q=%23realbreadweek HTTP/1.1" 200 8314 "-" "Mozilla/5.0 (compatible; SemrushBot/6~bl; +http://www.semrush.com/bot.html)" 
5.189.152.91 - - [21/Jun/2020:02:18:13 -0700] "GET /content/all/?q=%23%20%23Http://agro.biodiver.se/&offset=188 HTTP/1.1" 200 12688 "-" "Mozilla/5.0 (compatible; MJ12bot/v1.4.8; http://mj12bot.com/)" 
5.189.152.91 - - [21/Jun/2020:02:18:25 -0700] "GET /content/all/?q=%23%20%23Http://agro.biodiver.se/&offset=189 HTTP/1.1" 200 12631 "-" "Mozilla/5.0 (compatible; MJ12bot/v1.4.8; http://mj12bot.com/)" 
5.9.155.226 - - [21/Jun/2020:02:18:28 -0700] "GET /2017/indieweb-quote-of-the-day-bukovsky-on-samizdat?_t=rss HTTP/1.1" 200 5131 "-" "Mozilla/5.0 (compatible; MJ12bot/v1.4.8; http://mj12bot.com/)" 
192.99.5.228 - - [21/Jun/2020:02:18:36 -0700] "GET /content/all/?q=%23indieweb&offset=82 HTTP/1.1" 200 13885 "-" "Mozilla/5.0 (compatible; MJ12bot/v1.4.8; http://mj12bot.com/)" 
5.9.155.226 - - [21/Jun/2020:02:18:39 -0700] "GET /2017/interesting-conversation-with-_amanda_j_lee-about-food-prices-and-nutrition-in?_t=rss HTTP/1.1" 200 5299 "-" "Mozilla/5.0 (compatible; MJ12bot/v1.4.8; http://mj12bot.com/)" 
5.189.152.91 - - [21/Jun/2020:02:18:40 -0700] "GET /content/all/?q=%23%20%23Http://agro.biodiver.se/&offset=190 HTTP/1.1" 200 12573 "-" "Mozilla/5.0 (compatible; MJ12bot/v1.4.8; http://mj12bot.com/)" 
5.189.152.91 - - [21/Jun/2020:02:18:54 -0700] "GET /content/all/?q=%23%20%23Http://agro.biodiver.se/&offset=194 HTTP/1.1" 200 12403 "-" "Mozilla/5.0 (compatible; MJ12bot/v1.4.8; http://mj12bot.com/)" 
5.9.155.226 - - [21/Jun/2020:02:18:54 -0700] "GET /2017/site-updates-tags-and-media-fragments HTTP/1.1" 200 9259 "-" "Mozilla/5.0 (compatible; MJ12bot/v1.4.8; http://mj12bot.com/)" 
46.229.168.137 - - [21/Jun/2020:02:18:56 -0700] "GET /?offset=53&q=%23sourdough HTTP/1.1" 200 9609 "-" "Mozilla/5.0 (compatible; SemrushBot/6~bl; +http://www.semrush.com/bot.html)" 
5.189.152.91 - - [21/Jun/2020:02:19:10 -0700] "GET /content/all/?q=%23%20%23Http://agro.biodiver.se/&offset=198 HTTP/1.1" 200 11922 "-" "Mozilla/5.0 (compatible; MJ12bot/v1.4.8; http://mj12bot.com/)" 
5.9.155.226 - - [21/Jun/2020:02:19:14 -0700] "GET /2017/sitting-pretty-until-the-replacement-seat-pan-arrives-for-the HTTP/1.1" 200 10416 "-" "Mozilla/5.0 (compatible; MJ12bot/v1.4.8; http://mj12bot.com/)" 
5.189.152.91 - - [21/Jun/2020:02:19:26 -0700] "GET /content/all/?q=%23%20%23Http://agro.biodiver.se/&offset=199 HTTP/1.1" 200 12245 "-" "Mozilla/5.0 (compatible; MJ12bot/v1.4.8; http://mj12bot.com/)" 
54.36.148.22 - - [21/Jun/2020:02:19:34 -0700] "GET /tag/known?offset=42 HTTP/1.1" 200 8536 "-" "Mozilla/5.0 (compatible; AhrefsBot/6.1; +http://ahrefs.com/robot/)" 
5.9.155.226 - - [21/Jun/2020:02:19:35 -0700] "GET /2017/sitting-pretty-until-the-replacement-seat-pan-arrives-for-the-big-boy-at-the-back-at-a-price-double-that-1 HTTP/1.1" 200 9651 "-" "Mozilla/5.0 (compatible; MJ12bot/v1.4.8; http://mj12bot.com/)" 
192.99.5.228 - - [21/Jun/2020:02:19:43 -0700] "GET /content/all/?q=%23indieweb&offset=87 HTTP/1.1" 200 15531 "-" "Mozilla/5.0 (compatible; MJ12bot/v1.4.8; http://mj12bot.com/)" 
5.189.152.91 - - [21/Jun/2020:02:19:44 -0700] "GET /content/all/?q=%23%20%23Http://agro.biodiver.se/&offset=20 HTTP/1.1" 200 10820 "-" "Mozilla/5.0 (compatible; MJ12bot/v1.4.8; http://mj12bot.com/)" 
5.188.210.79 - - [21/Jun/2020:02:19:47 -0700] "GET /profile/jeremy?offset=106 HTTP/1.1" 200 15700 "-" "Mozilla/5.0 (Windows NT 6.1; Win64; x64; rv:62.0) Gecko/20100101 Firefox/62.0" 
5.9.155.226 - - [21/Jun/2020:02:19:49 -0700] "GET /2017/snackbattlespod-thanks-for-the-mention-hope-youre-enjoying-it HTTP/1.1" 200 9459 "-" "Mozilla/5.0 (compatible; MJ12bot/v1.4.8; http://mj12bot.com/)" 
46.229.168.147 - - [21/Jun/2020:02:19:50 -0700] "GET /2018/the-commons-the-past-is-100%25-part-of-our-future HTTP/1.1" 200 9334 "-" "Mozilla/5.0 (compatible; SemrushBot/6~bl; +http://www.semrush.com/bot.html)" 
5.189.152.91 - - [21/Jun/2020:02:20:01 -0700] "GET /content/all/?q=%23%20%23Http://agro.biodiver.se/&offset=200 HTTP/1.1" 200 12232 "-" "Mozilla/5.0 (compatible; MJ12bot/v1.4.8; http://mj12bot.com/)" 
46.229.168.139 - - [21/Jun/2020:02:20:08 -0700] "GET /content/posts/?q=%23Lithuania HTTP/1.1" 200 8304 "-" "Mozilla/5.0 (compatible; SemrushBot/6~bl; +http://www.semrush.com/bot.html)" 
192.99.5.228 - - [21/Jun/2020:02:20:11 -0700] "GET /content/all/?q=%23indieweb&offset=90 HTTP/1.1" 200 15706 "-" "Mozilla/5.0 (compatible; MJ12bot/v1.4.8; http://mj12bot.com/)" 
5.189.152.91 - - [21/Jun/2020:02:20:16 -0700] "GET /content/all/?q=%23%20%23Http://agro.biodiver.se/&offset=204 HTTP/1.1" 200 12274 "-" "Mozilla/5.0 (compatible; MJ12bot/v1.4.8; http://mj12bot.com/)" 
5.9.155.226 - - [21/Jun/2020:02:20:18 -0700] "GET /2017/so-farewell-then-clammr-and-soundcloud HTTP/1.1" 200 11373 "-" "Mozilla/5.0 (compatible; MJ12bot/v1.4.8; http://mj12bot.com/)" 
5.9.155.226 - - [21/Jun/2020:02:20:34 -0700] "GET /2017/southern-dairy-factories-polluting-milk-and-cheese----because-they HTTP/1.1" 200 9496 "-" "Mozilla/5.0 (compatible; MJ12bot/v1.4.8; http://mj12bot.com/)" 
5.189.152.91 - - [21/Jun/2020:02:20:39 -0700] "GET /content/all/?q=%23%20%23Http://agro.biodiver.se/&offset=208 HTTP/1.1" 200 10835 "-" "Mozilla/5.0 (compatible; MJ12bot/v1.4.8; http://mj12bot.com/)" 
192.99.5.228 - - [21/Jun/2020:02:20:40 -0700] "GET /content/all/?q=%23indieweb&offset=92 HTTP/1.1" 200 15476 "-" "Mozilla/5.0 (compatible; MJ12bot/v1.4.8; http://mj12bot.com/)" 
5.9.155.226 - - [21/Jun/2020:02:20:49 -0700] "GET /2017/spent-a-little-while-looking-into-embeds-as-recommended-and HTTP/1.1" 200 9859 "-" "Mozilla/5.0 (compatible; MJ12bot/v1.4.8; http://mj12bot.com/)" 
192.99.5.228 - - [21/Jun/2020:02:20:57 -0700] "GET /content/all/?q=%23indieweb&offset=97 HTTP/1.1" 200 14610 "-" "Mozilla/5.0 (compatible; MJ12bot/v1.4.8; http://mj12bot.com/)" 
5.189.152.91 - - [21/Jun/2020:02:21:04 -0700] "GET /content/all/?q=%23%20%23Http://agro.biodiver.se/&offset=30 HTTP/1.1" 200 11014 "-" "Mozilla/5.0 (compatible; MJ12bot/v1.4.8; http://mj12bot.com/)" 
46.229.168.144 - - [21/Jun/2020:02:21:06 -0700] "GET /?q=%23food HTTP/1.1" 200 10045 "-" "Mozilla/5.0 (compatible; SemrushBot/6~bl; +http://www.semrush.com/bot.html)" 
5.9.155.226 - - [21/Jun/2020:02:21:11 -0700] "GET /2017/sunday-night-supper-maddhur-jeffrey-lentils-and-gujarati-carrot-salad HTTP/1.1" 200 10659 "-" "Mozilla/5.0 (compatible; MJ12bot/v1.4.8; http://mj12bot.com/)" 
192.99.5.228 - - [21/Jun/2020:02:21:16 -0700] "GET /content/all/?q=%23multigrain HTTP/1.1" 200 11184 "-" "Mozilla/5.0 (compatible; MJ12bot/v1.4.8; http://mj12bot.com/)" 
54.36.148.123 - - [21/Jun/2020:02:21:33 -0700] "GET /content/photos/?q=%23+%23sourdough&offset=12 HTTP/1.1" 200 12007 "-" "Mozilla/5.0 (compatible; AhrefsBot/6.1; +http://ahrefs.com/robot/)" 
96.126.125.129 - - [21/Jun/2020:02:21:40 -0700] "GET /content/statusupdates/posts/photos/checkins/bookmarkedpages?_t=rss HTTP/1.1" 200 7427 "-" "Micro.blog/1.0" 
5.189.152.91 - - [21/Jun/2020:02:21:42 -0700] "GET /content/all/?q=%23%20%23Http://agro.biodiver.se/&offset=40 HTTP/1.1" 200 10680 "-" "Mozilla/5.0 (compatible; MJ12bot/v1.4.8; http://mj12bot.com/)" 
192.99.5.228 - - [21/Jun/2020:02:21:43 -0700] "GET /content/audio/?q=%23%20%23blossomsoflight HTTP/1.1" 200 8325 "-" "Mozilla/5.0 (compatible; MJ12bot/v1.4.8; http://mj12bot.com/)" 
46.229.168.152 - - [21/Jun/2020:02:21:57 -0700] "GET /?offset=16&q=%23%2B%23bread HTTP/1.1" 200 11865 "-" "Mozilla/5.0 (compatible; SemrushBot/6~bl; +http://www.semrush.com/bot.html)" 
5.9.155.226 - - [21/Jun/2020:02:21:57 -0700] "GET /2017/waiting-at-the-car-wash-yeah HTTP/1.1" 200 9360 "-" "Mozilla/5.0 (compatible; MJ12bot/v1.4.8; http://mj12bot.com/)" 
64.111.100.215 - - [21/Jun/2020:02:21:59 -0700] "GET /content/all?_t=rss HTTP/1.1" 200 13896 "-" "Mozilla/5.0 (X11; U; Linux i686; fr; rv:1.9.1.1) Gecko/20090715 Firefox/3.5.1" 
46.229.168.145 - - [21/Jun/2020:02:22:05 -0700] "GET /?offset=26&q=%23%2B%23bread HTTP/1.1" 200 12963 "-" "Mozilla/5.0 (compatible; SemrushBot/6~bl; +http://www.semrush.com/bot.html)" 
5.189.152.91 - - [21/Jun/2020:02:22:10 -0700] "GET /content/all/?q=%23%20%23Http://agro.biodiver.se/&offset=50 HTTP/1.1" 200 12172 "-" "Mozilla/5.0 (compatible; MJ12bot/v1.4.8; http://mj12bot.com/)" 
5.9.155.226 - - [21/Jun/2020:02:22:11 -0700] "GET /2017/waiting-at-the-car-wash-yeah?_t=rss HTTP/1.1" 200 5253 "-" "Mozilla/5.0 (compatible; MJ12bot/v1.4.8; http://mj12bot.com/)" 
5.189.152.91 - - [21/Jun/2020:02:22:34 -0700] "GET /content/all/?q=%23%20%23Http://agro.biodiver.se/&offset=60 HTTP/1.1" 200 12570 "-" "Mozilla/5.0 (compatible; MJ12bot/v1.4.8; http://mj12bot.com/)" 
192.99.5.228 - - [21/Jun/2020:02:22:34 -0700] "GET /content/audio/?q=%23%20%23indieweb HTTP/1.1" 200 8310 "-" "Mozilla/5.0 (compatible; MJ12bot/v1.4.8; http://mj12bot.com/)" 
5.9.155.226 - - [21/Jun/2020:02:22:44 -0700] "GET /2017/we-are-still-a-long-way-from-home/annotations/493b280b6fa3aba1e09cadf0c190c571 HTTP/1.1" 200 8246 "-" "Mozilla/5.0 (compatible; MJ12bot/v1.4.8; http://mj12bot.com/)" 
5.9.155.226 - - [21/Jun/2020:02:22:54 -0700] "GET /2017/we-are-still-a-long-way-from-home/annotations/493b280b6fa3aba1e09cadf0c190c571?_t=rss HTTP/1.1" 200 5469 "-" "Mozilla/5.0 (compatible; MJ12bot/v1.4.8; http://mj12bot.com/)" 
46.229.168.144 - - [21/Jun/2020:02:22:55 -0700] "GET /content/photos/?offset=600 HTTP/1.1" 200 10934 "-" "Mozilla/5.0 (compatible; SemrushBot/6~bl; +http://www.semrush.com/bot.html)" 
192.99.5.228 - - [21/Jun/2020:02:23:01 -0700] "GET /content/audio/?q=%23Corfu HTTP/1.1" 200 8290 "-" "Mozilla/5.0 (compatible; MJ12bot/v1.4.8; http://mj12bot.com/)" 
5.189.152.91 - - [21/Jun/2020:02:23:02 -0700] "GET /content/all/?q=%23%20%23Http://agro.biodiver.se/&offset=74 HTTP/1.1" 200 12499 "-" "Mozilla/5.0 (compatible; MJ12bot/v1.4.8; http://mj12bot.com/)" 
5.9.155.226 - - [21/Jun/2020:02:23:10 -0700] "GET /2017/we-are-still-a-long-way-from-home?_t=rss HTTP/1.1" 200 5434 "-" "Mozilla/5.0 (compatible; MJ12bot/v1.4.8; http://mj12bot.com/)" 
46.229.168.142 - - [21/Jun/2020:02:23:13 -0700] "GET /content/all/?offset=134&q=%23indieweb HTTP/1.1" 200 12750 "-" "Mozilla/5.0 (compatible; SemrushBot/6~bl; +http://www.semrush.com/bot.html)" 
46.229.168.161 - - [21/Jun/2020:02:23:15 -0700] "GET /?offset=82&q=%23%2B%23IndieWeb HTTP/1.1" 200 13843 "-" "Mozilla/5.0 (compatible; SemrushBot/6~bl; +http://www.semrush.com/bot.html)" 
192.99.5.228 - - [21/Jun/2020:02:23:29 -0700] "GET /content/audio/?q=%23Greece HTTP/1.1" 200 8292 "-" "Mozilla/5.0 (compatible; MJ12bot/v1.4.8; http://mj12bot.com/)" 
5.9.155.226 - - [21/Jun/2020:02:23:35 -0700] "GET /2017/we-still-need-to-ask-whether-poor-people-may-be?_t=rss HTTP/1.1" 200 5044 "-" "Mozilla/5.0 (compatible; MJ12bot/v1.4.8; http://mj12bot.com/)" 
5.189.152.91 - - [21/Jun/2020:02:23:38 -0700] "GET /content/all/?q=%23%20%23Http://agro.biodiver.se/&offset=80 HTTP/1.1" 200 12027 "-" "Mozilla/5.0 (compatible; MJ12bot/v1.4.8; http://mj12bot.com/)" 
5.189.152.91 - - [21/Jun/2020:02:23:49 -0700] "GET /content/all/?q=%23%20%23Http://agro.biodiver.se/&offset=84 HTTP/1.1" 200 11336 "-" "Mozilla/5.0 (compatible; MJ12bot/v1.4.8; http://mj12bot.com/)" 
159.65.96.54 - - [21/Jun/2020:02:23:49 -0700] "GET /?_t=rss HTTP/1.1" 200 7190 "-" "Feedbin feed-id:1536727 - 1 subscribers" 
192.99.5.228 - - [21/Jun/2020:02:23:52 -0700] "GET /content/audio/?q=%23multigrain HTTP/1.1" 200 8299 "-" "Mozilla/5.0 (compatible; MJ12bot/v1.4.8; http://mj12bot.com/)" 
46.229.168.152 - - [21/Jun/2020:02:23:56 -0700] "GET /tag/sourdough?offset=23 HTTP/1.1" 200 11739 "-" "Mozilla/5.0 (compatible; SemrushBot/6~bl; +http://www.semrush.com/bot.html)" 
54.36.148.81 - - [21/Jun/2020:02:24:03 -0700] "GET /content/photos/?q=%23Sourdough&offset=50 HTTP/1.1" 200 9375 "-" "Mozilla/5.0 (compatible; AhrefsBot/6.1; +http://ahrefs.com/robot/)" 
46.229.168.142 - - [21/Jun/2020:02:24:05 -0700] "GET /file/338f11f57824d5940a839fae59a8e5ab/644946ba657cef0b2e32092740054497 HTTP/1.1" 200 306171 "-" "Mozilla/5.0 (compatible; SemrushBot/6~bl; +http://www.semrush.com/bot.html)" 
192.99.5.228 - - [21/Jun/2020:02:24:12 -0700] "GET /content/bookmarkedpages/?offset=180 HTTP/1.1" 200 10623 "-" "Mozilla/5.0 (compatible; MJ12bot/v1.4.8; http://mj12bot.com/)" 
5.9.155.226 - - [21/Jun/2020:02:24:16 -0700] "GET /2017/welcome-back-little-frangipani-after-your-long-winter-sleep?_t=rss HTTP/1.1" 200 5363 "-" "Mozilla/5.0 (compatible; MJ12bot/v1.4.8; http://mj12bot.com/)" 
46.229.168.136 - - [21/Jun/2020:02:24:19 -0700] "GET /content/all/?offset=110&q=%23%2B%23IndieWeb HTTP/1.1" 200 12488 "-" "Mozilla/5.0 (compatible; SemrushBot/6~bl; +http://www.semrush.com/bot.html)" 
5.189.152.91 - - [21/Jun/2020:02:24:24 -0700] "GET /content/all/?q=%23%20%23Http://agro.biodiver.se/&offset=90 HTTP/1.1" 200 10190 "-" "Mozilla/5.0 (compatible; MJ12bot/v1.4.8; http://mj12bot.com/)" 
192.99.5.228 - - [21/Jun/2020:02:24:32 -0700] "GET /content/bookmarkedpages/?offset=190 HTTP/1.1" 200 10666 "-" "Mozilla/5.0 (compatible; MJ12bot/v1.4.8; http://mj12bot.com/)" 
5.9.155.226 - - [21/Jun/2020:02:24:33 -0700] "GET /2017/well-it-has-been-a-long-couple-of-days-but?_t=rss HTTP/1.1" 200 5278 "-" "Mozilla/5.0 (compatible; MJ12bot/v1.4.8; http://mj12bot.com/)" 
5.189.152.91 - - [21/Jun/2020:02:24:36 -0700] "GET /content/all/?q=%23%20%23Http://agro.biodiver.se/&offset=94 HTTP/1.1" 200 10276 "-" "Mozilla/5.0 (compatible; MJ12bot/v1.4.8; http://mj12bot.com/)" 
5.189.152.91 - - [21/Jun/2020:02:24:50 -0700] "GET /content/all/?q=%23%20%23Http://agro.biodiver.se/&offset=99 HTTP/1.1" 200 10544 "-" "Mozilla/5.0 (compatible; MJ12bot/v1.4.8; http://mj12bot.com/)" 
54.36.148.11 - - [21/Jun/2020:02:25:03 -0700] "GET /?q=%23bread&offset=47 HTTP/1.1" 200 12367 "-" "Mozilla/5.0 (compatible; AhrefsBot/6.1; +http://ahrefs.com/robot/)" 
5.189.152.91 - - [21/Jun/2020:02:25:03 -0700] "GET /content/all/?q=%23%20%23Http://www.marigoldroma.com/&offset=0 HTTP/1.1" 200 12608 "-" "Mozilla/5.0 (compatible; MJ12bot/v1.4.8; http://mj12bot.com/)" 
5.9.155.226 - - [21/Jun/2020:02:25:04 -0700] "GET /2017/well-lets-start-with-a-retail-fact-that-2016-was?_t=rss HTTP/1.1" 200 5171 "-" "Mozilla/5.0 (compatible; MJ12bot/v1.4.8; http://mj12bot.com/)" 
96.126.125.129 - - [21/Jun/2020:02:25:07 -0700] "GET /content/statusupdates/posts/photos/checkins/bookmarkedpages?_t=rss HTTP/1.1" 200 7427 "-" "Micro.blog/1.0" 
192.99.5.228 - - [21/Jun/2020:02:25:11 -0700] "GET /content/bookmarkedpages/?offset=210 HTTP/1.1" 200 10290 "-" "Mozilla/5.0 (compatible; MJ12bot/v1.4.8; http://mj12bot.com/)" 
5.189.152.91 - - [21/Jun/2020:02:25:16 -0700] "GET /content/all/?q=%23%20%23Http://www.marigoldroma.com/&offset=10 HTTP/1.1" 200 11620 "-" "Mozilla/5.0 (compatible; MJ12bot/v1.4.8; http://mj12bot.com/)" 
46.229.168.143 - - [21/Jun/2020:02:25:19 -0700] "GET /?offset=93&q=%23indieweb HTTP/1.1" 200 15102 "-" "Mozilla/5.0 (compatible; SemrushBot/6~bl; +http://www.semrush.com/bot.html)" 
46.229.168.142 - - [21/Jun/2020:02:25:22 -0700] "GET /?offset=141&q=%23%2B%23indieweb HTTP/1.1" 200 9575 "-" "Mozilla/5.0 (compatible; SemrushBot/6~bl; +http://www.semrush.com/bot.html)" 
5.189.152.91 - - [21/Jun/2020:02:25:29 -0700] "GET /content/all/?q=%23%20%23Http://www.marigoldroma.com/&offset=100 HTTP/1.1" 200 10588 "-" "Mozilla/5.0 (compatible; MJ12bot/v1.4.8; http://mj12bot.com/)" 
192.99.5.228 - - [21/Jun/2020:02:25:37 -0700] "GET /content/bookmarkedpages/?offset=220 HTTP/1.1" 200 10599 "-" "Mozilla/5.0 (compatible; MJ12bot/v1.4.8; http://mj12bot.com/)" 
46.229.168.150 - - [21/Jun/2020:02:25:37 -0700] "GET /?offset=9&q=%23rye HTTP/1.1" 200 8786 "-" "Mozilla/5.0 (compatible; SemrushBot/6~bl; +http://www.semrush.com/bot.html)" 
5.9.155.226 - - [21/Jun/2020:02:25:40 -0700] "GET /2017/well-that-was-dumb-put-bread-onto-cold-casserole-lid?_t=rss HTTP/1.1" 200 5446 "-" "Mozilla/5.0 (compatible; MJ12bot/v1.4.8; http://mj12bot.com/)" 
46.229.168.131 - - [21/Jun/2020:02:25:41 -0700] "GET /content/all/?offset=50&q=%23bread HTTP/1.1" 200 12488 "-" "Mozilla/5.0 (compatible; SemrushBot/6~bl; +http://www.semrush.com/bot.html)" 
5.189.152.91 - - [21/Jun/2020:02:25:42 -0700] "GET /content/all/?q=%23%20%23Http://www.marigoldroma.com/&offset=110 HTTP/1.1" 200 11050 "-" "Mozilla/5.0 (compatible; MJ12bot/v1.4.8; http://mj12bot.com/)" 
46.229.168.149 - - [21/Jun/2020:02:25:57 -0700] "GET /?offset=129&q=%23%2B%23indieweb HTTP/1.1" 200 12621 "-" "Mozilla/5.0 (compatible; SemrushBot/6~bl; +http://www.semrush.com/bot.html)" 
5.189.152.91 - - [21/Jun/2020:02:26:01 -0700] "GET /content/all/?q=%23%20%23Http://www.marigoldroma.com/&offset=130 HTTP/1.1" 200 12254 "-" "Mozilla/5.0 (compatible; MJ12bot/v1.4.8; http://mj12bot.com/)" 
54.36.148.214 - - [21/Jun/2020:02:26:04 -0700] "GET /profile/jeremy?offset=140 HTTP/1.1" 200 16860 "-" "Mozilla/5.0 (compatible; AhrefsBot/6.1; +http://ahrefs.com/robot/)" 
5.9.155.226 - - [21/Jun/2020:02:26:08 -0700] "GET /2017/what-is-dropbox-actually-doing-when-it-is-indexing-why?_t=rss HTTP/1.1" 200 5091 "-" "Mozilla/5.0 (compatible; MJ12bot/v1.4.8; http://mj12bot.com/)" 
192.99.5.228 - - [21/Jun/2020:02:26:10 -0700] "GET /content/bookmarkedpages/?offset=230 HTTP/1.1" 200 10290 "-" "Mozilla/5.0 (compatible; MJ12bot/v1.4.8; http://mj12bot.com/)" 
5.189.152.91 - - [21/Jun/2020:02:26:10 -0700] "GET /content/all/?q=%23%20%23Http://www.marigoldroma.com/&offset=140 HTTP/1.1" 200 11335 "-" "Mozilla/5.0 (compatible; MJ12bot/v1.4.8; http://mj12bot.com/)" 
5.189.152.91 - - [21/Jun/2020:02:26:29 -0700] "GET /content/all/?q=%23%20%23Http://www.marigoldroma.com/&offset=150 HTTP/1.1" 200 11858 "-" "Mozilla/5.0 (compatible; MJ12bot/v1.4.8; http://mj12bot.com/)" 
54.36.148.81 - - [21/Jun/2020:02:26:36 -0700] "GET /content/all/?q=%23bread&offset=47 HTTP/1.1" 200 12388 "-" "Mozilla/5.0 (compatible; AhrefsBot/6.1; +http://ahrefs.com/robot/)" 
5.9.155.226 - - [21/Jun/2020:02:26:40 -0700] "GET /2017/what-web-page-structure-reveals-on-news-quality-monday-note?_t=rss HTTP/1.1" 200 5408 "-" "Mozilla/5.0 (compatible; MJ12bot/v1.4.8; http://mj12bot.com/)" 
192.99.5.228 - - [21/Jun/2020:02:26:41 -0700] "GET /content/bookmarkedpages/?offset=240 HTTP/1.1" 200 10282 "-" "Mozilla/5.0 (compatible; MJ12bot/v1.4.8; http://mj12bot.com/)" 
5.189.152.91 - - [21/Jun/2020:02:26:47 -0700] "GET /content/all/?q=%23%20%23Http://www.marigoldroma.com/&offset=160 HTTP/1.1" 200 12887 "-" "Mozilla/5.0 (compatible; MJ12bot/v1.4.8; http://mj12bot.com/)" 
5.9.155.226 - - [21/Jun/2020:02:26:52 -0700] "GET /2017/what-with-the-london-and-dublin-podcast-festivals-i-reckon?_t=rss HTTP/1.1" 200 5136 "-" "Mozilla/5.0 (compatible; MJ12bot/v1.4.8; http://mj12bot.com/)" 
5.189.152.91 - - [21/Jun/2020:02:27:00 -0700] "GET /content/all/?q=%23%20%23Http://www.marigoldroma.com/&offset=170 HTTP/1.1" 200 12053 "-" "Mozilla/5.0 (compatible; MJ12bot/v1.4.8; http://mj12bot.com/)" 
192.99.5.228 - - [21/Jun/2020:02:27:04 -0700] "GET /content/bookmarkedpages/?offset=250 HTTP/1.1" 200 10735 "-" "Mozilla/5.0 (compatible; MJ12bot/v1.4.8; http://mj12bot.com/)" 
5.9.155.226 - - [21/Jun/2020:02:27:11 -0700] "GET /2017/when-alls-said-and-done-there-is-something-deeply-satisfying?_t=rss HTTP/1.1" 200 5481 "-" "Mozilla/5.0 (compatible; MJ12bot/v1.4.8; http://mj12bot.com/)" 
5.189.152.91 - - [21/Jun/2020:02:27:18 -0700] "GET /content/all/?q=%23%20%23Http://www.marigoldroma.com/&offset=180 HTTP/1.1" 200 12627 "-" "Mozilla/5.0 (compatible; MJ12bot/v1.4.8; http://mj12bot.com/)" 
192.99.5.228 - - [21/Jun/2020:02:27:28 -0700] "GET /content/bookmarkedpages/?offset=260 HTTP/1.1" 200 10215 "-" "Mozilla/5.0 (compatible; MJ12bot/v1.4.8; http://mj12bot.com/)" 
5.189.152.91 - - [21/Jun/2020:02:27:33 -0700] "GET /content/all/?q=%23%20%23Http://www.marigoldroma.com/&offset=190 HTTP/1.1" 200 12444 "-" "Mozilla/5.0 (compatible; MJ12bot/v1.4.8; http://mj12bot.com/)" 
54.36.148.182 - - [21/Jun/2020:02:27:36 -0700] "GET /content/photos/?q=%23+%23%23bread&offset=37 HTTP/1.1" 200 12433 "-" "Mozilla/5.0 (compatible; AhrefsBot/6.1; +http://ahrefs.com/robot/)" 
5.9.155.226 - - [21/Jun/2020:02:27:37 -0700] "GET /2017/when-it-comes-to-a-decibel-meter-on-my-iphone?_t=rss HTTP/1.1" 200 5058 "-" "Mozilla/5.0 (compatible; MJ12bot/v1.4.8; http://mj12bot.com/)" 
192.99.5.228 - - [21/Jun/2020:02:27:46 -0700] "GET /content/bookmarkedpages/?offset=280 HTTP/1.1" 200 10200 "-" "Mozilla/5.0 (compatible; MJ12bot/v1.4.8; http://mj12bot.com/)" 
5.189.152.91 - - [21/Jun/2020:02:27:46 -0700] "GET /content/all/?q=%23%20%23Http://www.marigoldroma.com/&offset=20 HTTP/1.1" 200 10959 "-" "Mozilla/5.0 (compatible; MJ12bot/v1.4.8; http://mj12bot.com/)" 
