192.99.13.88 - - [23/Jun/2020:00:59:15 -0700] "GET /?q=%23podcast%26quot&offset=1 HTTP/1.1" 200 11857 "-" "Mozilla/5.0 (compatible; MJ12bot/v1.4.8; http://mj12bot.com/)" 
46.229.168.142 - - [23/Jun/2020:00:59:34 -0700] "GET /tag/sourdough?offset=23 HTTP/1.1" 200 11666 "-" "Mozilla/5.0 (compatible; SemrushBot/6~bl; +http://www.semrush.com/bot.html)" 
192.99.13.88 - - [23/Jun/2020:00:59:35 -0700] "GET /?q=%23podcast%26quot&offset=10 HTTP/1.1" 200 12056 "-" "Mozilla/5.0 (compatible; MJ12bot/v1.4.8; http://mj12bot.com/)" 
35.202.2.1 - - [23/Jun/2020:00:59:39 -0700] "GET /robots.txt HTTP/1.1" 200 4276 "-" "ltx71 - (http://ltx71.com/)" 
192.99.13.88 - - [23/Jun/2020:00:59:54 -0700] "GET /?q=%23podcast%26quot&offset=13 HTTP/1.1" 200 11836 "-" "Mozilla/5.0 (compatible; MJ12bot/v1.4.8; http://mj12bot.com/)" 
46.229.168.132 - - [23/Jun/2020:00:59:57 -0700] "GET /tag/podcast?offset=10 HTTP/1.1" 200 12015 "-" "Mozilla/5.0 (compatible; SemrushBot/6~bl; +http://www.semrush.com/bot.html)" 
142.44.167.89 - - [23/Jun/2020:01:00:12 -0700] "GET /2020/interesting-tip-if-your-aeropress-is-slipping HTTP/1.1" 200 10125 "-" "Mozilla/5.0 (compatible; YaK/1.0; http://linkfluence.com/; bot@linkfluence.com)" 
192.99.13.88 - - [23/Jun/2020:01:00:14 -0700] "GET /?q=%23podcast%26quot&offset=18 HTTP/1.1" 200 11891 "-" "Mozilla/5.0 (compatible; MJ12bot/v1.4.8; http://mj12bot.com/)" 
35.153.194.94 - - [23/Jun/2020:01:00:18 -0700] "GET /?_t=rss HTTP/1.1" 200 7182 "-" "glitch-feeder/1.0 (+https://glitch.com/~lmo-feeder)" 
192.99.13.88 - - [23/Jun/2020:01:00:37 -0700] "GET /?q=%23podcast%26quot&offset=21 HTTP/1.1" 200 12123 "-" "Mozilla/5.0 (compatible; MJ12bot/v1.4.8; http://mj12bot.com/)" 
46.229.168.133 - - [23/Jun/2020:01:00:43 -0700] "GET /tag/+%23Rome HTTP/1.1" 200 13115 "-" "Mozilla/5.0 (compatible; SemrushBot/6~bl; +http://www.semrush.com/bot.html)" 
192.99.13.88 - - [23/Jun/2020:01:01:03 -0700] "GET /?q=%23podcast%26quot&offset=27 HTTP/1.1" 200 11837 "-" "Mozilla/5.0 (compatible; MJ12bot/v1.4.8; http://mj12bot.com/)" 
46.229.168.147 - - [23/Jun/2020:01:01:07 -0700] "GET /?offset=30&q=%23%2B%23%23indieweb HTTP/1.1" 200 12863 "-" "Mozilla/5.0 (compatible; SemrushBot/6~bl; +http://www.semrush.com/bot.html)" 
192.99.13.88 - - [23/Jun/2020:01:01:30 -0700] "GET /?q=%23podcast%26quot&offset=33 HTTP/1.1" 200 13628 "-" "Mozilla/5.0 (compatible; MJ12bot/v1.4.8; http://mj12bot.com/)" 
192.99.13.88 - - [23/Jun/2020:01:01:52 -0700] "GET /?q=%23podcast%26quot&offset=37 HTTP/1.1" 200 14004 "-" "Mozilla/5.0 (compatible; MJ12bot/v1.4.8; http://mj12bot.com/)" 
192.99.13.88 - - [23/Jun/2020:01:02:16 -0700] "GET /?q=%23podcast%26quot&offset=38 HTTP/1.1" 200 13309 "-" "Mozilla/5.0 (compatible; MJ12bot/v1.4.8; http://mj12bot.com/)" 
46.229.168.141 - - [23/Jun/2020:01:02:21 -0700] "GET /2019/chris-aldrichs-clever-solution-for-not-drawing HTTP/1.1" 200 9456 "-" "Mozilla/5.0 (compatible; SemrushBot/6~bl; +http://www.semrush.com/bot.html)" 
46.229.168.133 - - [23/Jun/2020:01:02:27 -0700] "GET /2019/double-take HTTP/1.1" 200 14474 "-" "Mozilla/5.0 (compatible; SemrushBot/6~bl; +http://www.semrush.com/bot.html)" 
192.99.13.88 - - [23/Jun/2020:01:02:48 -0700] "GET /?q=%23podcast%26quot&offset=43 HTTP/1.1" 200 12932 "-" "Mozilla/5.0 (compatible; MJ12bot/v1.4.8; http://mj12bot.com/)" 
46.229.168.137 - - [23/Jun/2020:01:03:01 -0700] "GET /file/fdd0f61364804711621a9fec536a0d10/8abe675f4dce291871e97c296614569a HTTP/1.1" 200 268420 "-" "Mozilla/5.0 (compatible; SemrushBot/6~bl; +http://www.semrush.com/bot.html)" 
54.36.148.81 - - [23/Jun/2020:01:03:03 -0700] "GET /content/posts/?q=%23+%23WithKnown&offset=2 HTTP/1.1" 200 15097 "-" "Mozilla/5.0 (compatible; AhrefsBot/6.1; +http://ahrefs.com/robot/)" 
192.99.13.88 - - [23/Jun/2020:01:03:09 -0700] "GET /?q=%23podcast%26quot&offset=47 HTTP/1.1" 200 13393 "-" "Mozilla/5.0 (compatible; MJ12bot/v1.4.8; http://mj12bot.com/)" 
192.99.13.88 - - [23/Jun/2020:01:03:28 -0700] "GET /?q=%23podcast%26quot&offset=7 HTTP/1.1" 200 12110 "-" "Mozilla/5.0 (compatible; MJ12bot/v1.4.8; http://mj12bot.com/)" 
192.99.13.88 - - [23/Jun/2020:01:03:41 -0700] "GET /?q=%23podcast%26quot&offset=8 HTTP/1.1" 200 12163 "-" "Mozilla/5.0 (compatible; MJ12bot/v1.4.8; http://mj12bot.com/)" 
192.99.13.88 - - [23/Jun/2020:01:04:07 -0700] "GET /?q=%23podcast&offset=0 HTTP/1.1" 200 12330 "-" "Mozilla/5.0 (compatible; MJ12bot/v1.4.8; http://mj12bot.com/)" 
46.229.168.134 - - [23/Jun/2020:01:04:09 -0700] "GET /content/all/?offset=55&q=%23WithKnown HTTP/1.1" 200 8496 "-" "Mozilla/5.0 (compatible; SemrushBot/6~bl; +http://www.semrush.com/bot.html)" 
54.39.177.198 - - [23/Jun/2020:01:04:24 -0700] "GET /content/all?_t=rss HTTP/1.1" 200 7309 "-" "Mozilla/5.0 (compatible; YaK/1.0; http://linkfluence.com/; bot@linkfluence.com)" 
54.36.148.201 - - [23/Jun/2020:01:04:25 -0700] "GET /2017/well-it-has-been-a-long-couple-of-days-but HTTP/1.1" 200 10043 "-" "Mozilla/5.0 (compatible; AhrefsBot/6.1; +http://ahrefs.com/robot/)" 
192.99.13.88 - - [23/Jun/2020:01:04:32 -0700] "GET /?q=%23podcast&offset=1 HTTP/1.1" 200 11831 "-" "Mozilla/5.0 (compatible; MJ12bot/v1.4.8; http://mj12bot.com/)" 
192.99.13.88 - - [23/Jun/2020:01:04:54 -0700] "GET /?q=%23podcast&offset=10 HTTP/1.1" 200 12031 "-" "Mozilla/5.0 (compatible; MJ12bot/v1.4.8; http://mj12bot.com/)" 
192.99.13.88 - - [23/Jun/2020:01:05:13 -0700] "GET /?q=%23podcast&offset=11 HTTP/1.1" 200 11915 "-" "Mozilla/5.0 (compatible; MJ12bot/v1.4.8; http://mj12bot.com/)" 
54.36.148.141 - - [23/Jun/2020:01:05:21 -0700] "GET /content/statusupdates/?q=%23fornacalia HTTP/1.1" 200 9196 "-" "Mozilla/5.0 (compatible; AhrefsBot/6.1; +http://ahrefs.com/robot/)" 
192.99.13.88 - - [23/Jun/2020:01:05:35 -0700] "GET /?q=%23podcast&offset=12 HTTP/1.1" 200 11749 "-" "Mozilla/5.0 (compatible; MJ12bot/v1.4.8; http://mj12bot.com/)" 
46.229.168.131 - - [23/Jun/2020:01:05:38 -0700] "GET /2017/the-cost-of-poor-food-safety-practices-36-million-in HTTP/1.1" 200 9686 "-" "Mozilla/5.0 (compatible; SemrushBot/6~bl; +http://www.semrush.com/bot.html)" 
46.229.168.145 - - [23/Jun/2020:01:05:44 -0700] "GET /content/all/?offset=26&q=%23sourdough HTTP/1.1" 200 11291 "-" "Mozilla/5.0 (compatible; SemrushBot/6~bl; +http://www.semrush.com/bot.html)" 
45.79.26.51 - - [23/Jun/2020:01:06:02 -0700] "GET /content/statusupdates/posts/photos/checkins/bookmarkedpages?_t=rss HTTP/1.1" 200 7422 "-" "Micro.blog/1.0" 
46.229.168.147 - - [23/Jun/2020:01:06:25 -0700] "GET /2018/great-explanation-and-interesting-change-though-i HTTP/1.1" 200 9410 "-" "Mozilla/5.0 (compatible; SemrushBot/6~bl; +http://www.semrush.com/bot.html)" 
54.36.148.215 - - [23/Jun/2020:01:06:31 -0700] "GET /tag/IndieWeb?offset=92 HTTP/1.1" 200 15383 "-" "Mozilla/5.0 (compatible; AhrefsBot/6.1; +http://ahrefs.com/robot/)" 
192.99.13.88 - - [23/Jun/2020:01:06:32 -0700] "GET /?q=%23podcast&offset=15 HTTP/1.1" 200 11841 "-" "Mozilla/5.0 (compatible; MJ12bot/v1.4.8; http://mj12bot.com/)" 
46.229.168.154 - - [23/Jun/2020:01:06:57 -0700] "GET /content/statusupdates/?offset=16&q=%23%2B%23%23indieweb HTTP/1.1" 200 11060 "-" "Mozilla/5.0 (compatible; SemrushBot/6~bl; +http://www.semrush.com/bot.html)" 
192.99.13.88 - - [23/Jun/2020:01:07:00 -0700] "GET /?q=%23podcast&offset=17 HTTP/1.1" 200 11838 "-" "Mozilla/5.0 (compatible; MJ12bot/v1.4.8; http://mj12bot.com/)" 
192.99.13.88 - - [23/Jun/2020:01:07:26 -0700] "GET /?q=%23podcast&offset=22 HTTP/1.1" 200 12165 "-" "Mozilla/5.0 (compatible; MJ12bot/v1.4.8; http://mj12bot.com/)" 
192.99.13.88 - - [23/Jun/2020:01:07:41 -0700] "GET /?q=%23podcast&offset=27 HTTP/1.1" 200 11809 "-" "Mozilla/5.0 (compatible; MJ12bot/v1.4.8; http://mj12bot.com/)" 
54.36.148.99 - - [23/Jun/2020:01:07:41 -0700] "GET /content/audio/?q=%23webmention HTTP/1.1" 200 8283 "-" "Mozilla/5.0 (compatible; AhrefsBot/6.1; +http://ahrefs.com/robot/)" 
192.99.13.88 - - [23/Jun/2020:01:07:58 -0700] "GET /?q=%23podcast&offset=31 HTTP/1.1" 200 13473 "-" "Mozilla/5.0 (compatible; MJ12bot/v1.4.8; http://mj12bot.com/)" 
46.229.168.144 - - [23/Jun/2020:01:08:12 -0700] "GET /content/all/?offset=82&q=%23indieweb HTTP/1.1" 200 13837 "-" "Mozilla/5.0 (compatible; SemrushBot/6~bl; +http://www.semrush.com/bot.html)" 
192.99.13.88 - - [23/Jun/2020:01:08:16 -0700] "GET /?q=%23podcast&offset=32 HTTP/1.1" 200 13623 "-" "Mozilla/5.0 (compatible; MJ12bot/v1.4.8; http://mj12bot.com/)" 
192.99.13.88 - - [23/Jun/2020:01:08:38 -0700] "GET /?q=%23podcast&offset=33 HTTP/1.1" 200 13601 "-" "Mozilla/5.0 (compatible; MJ12bot/v1.4.8; http://mj12bot.com/)" 
46.229.168.143 - - [23/Jun/2020:01:08:42 -0700] "GET /?offset=70&q=%23%2B%23%23bread HTTP/1.1" 200 11914 "-" "Mozilla/5.0 (compatible; SemrushBot/6~bl; +http://www.semrush.com/bot.html)" 
54.36.148.81 - - [23/Jun/2020:01:08:58 -0700] "GET /content/events/?q=%23webmention HTTP/1.1" 200 8286 "-" "Mozilla/5.0 (compatible; AhrefsBot/6.1; +http://ahrefs.com/robot/)" 
192.99.13.88 - - [23/Jun/2020:01:09:01 -0700] "GET /?q=%23podcast&offset=40 HTTP/1.1" 200 12225 "-" "Mozilla/5.0 (compatible; MJ12bot/v1.4.8; http://mj12bot.com/)" 
192.99.13.88 - - [23/Jun/2020:01:09:25 -0700] "GET /?q=%23podcast&offset=42 HTTP/1.1" 200 12932 "-" "Mozilla/5.0 (compatible; MJ12bot/v1.4.8; http://mj12bot.com/)" 
96.126.125.129 - - [23/Jun/2020:01:09:33 -0700] "GET /content/statusupdates/posts/photos/checkins/bookmarkedpages?_t=rss HTTP/1.1" 200 7427 "-" "Micro.blog/1.0" 
192.99.13.88 - - [23/Jun/2020:01:09:40 -0700] "GET /?q=%23podcast&offset=5 HTTP/1.1" 200 12179 "-" "Mozilla/5.0 (compatible; MJ12bot/v1.4.8; http://mj12bot.com/)" 
54.36.148.143 - - [23/Jun/2020:01:09:59 -0700] "GET /content/locations/?q=%23webmention HTTP/1.1" 200 8290 "-" "Mozilla/5.0 (compatible; AhrefsBot/6.1; +http://ahrefs.com/robot/)" 
192.99.13.88 - - [23/Jun/2020:01:10:13 -0700] "GET /?q=%23podcast&offset=50 HTTP/1.1" 200 12224 "-" "Mozilla/5.0 (compatible; MJ12bot/v1.4.8; http://mj12bot.com/)" 
46.229.168.153 - - [23/Jun/2020:01:10:17 -0700] "GET /?offset=127&q=%23IndieWeb HTTP/1.1" 200 12414 "-" "Mozilla/5.0 (compatible; SemrushBot/6~bl; +http://www.semrush.com/bot.html)" 
54.36.149.100 - - [23/Jun/2020:01:11:05 -0700] "GET /content/photos/?q=%23webmention HTTP/1.1" 200 8288 "-" "Mozilla/5.0 (compatible; AhrefsBot/6.1; +http://ahrefs.com/robot/)" 
46.229.168.147 - - [23/Jun/2020:01:11:31 -0700] "GET /tag/+%23indieweb HTTP/1.1" 200 14731 "-" "Mozilla/5.0 (compatible; SemrushBot/6~bl; +http://www.semrush.com/bot.html)" 
46.229.168.162 - - [23/Jun/2020:01:11:42 -0700] "GET /2019/thanks-for-your-thoughts-aaron-you-raise HTTP/1.1" 200 9562 "-" "Mozilla/5.0 (compatible; SemrushBot/6~bl; +http://www.semrush.com/bot.html)" 
46.229.168.149 - - [23/Jun/2020:01:11:58 -0700] "GET /tag/IndieWeb?offset=95 HTTP/1.1" 200 15166 "-" "Mozilla/5.0 (compatible; SemrushBot/6~bl; +http://www.semrush.com/bot.html)" 
46.229.168.149 - - [23/Jun/2020:01:12:09 -0700] "GET /content/statusupdates/?offset=8&q=%23IndieWeb HTTP/1.1" 200 11186 "-" "Mozilla/5.0 (compatible; SemrushBot/6~bl; +http://www.semrush.com/bot.html)" 
54.36.148.33 - - [23/Jun/2020:01:12:10 -0700] "GET /content/rsvp/?q=%23webmention HTTP/1.1" 200 8282 "-" "Mozilla/5.0 (compatible; AhrefsBot/6.1; +http://ahrefs.com/robot/)" 
66.249.66.48 - - [23/Jun/2020:01:12:21 -0700] "GET /robots.txt HTTP/1.1" 200 4857 "-" "Mozilla/5.0 (compatible; Googlebot/2.1; +http://www.google.com/bot.html)" 
66.249.66.48 - - [23/Jun/2020:01:12:21 -0700] "GET /file/65b2afd5e62c323b8391f998c3929a5d/thumb.jpg HTTP/1.1" 304 4068 "-" "Googlebot-Image/1.0" 
46.229.168.146 - - [23/Jun/2020:01:12:22 -0700] "GET /content/posts/?q=%23earbudsfood HTTP/1.1" 200 8283 "-" "Mozilla/5.0 (compatible; SemrushBot/6~bl; +http://www.semrush.com/bot.html)" 
54.36.148.81 - - [23/Jun/2020:01:13:24 -0700] "GET /tag/withknown HTTP/1.1" 200 14325 "-" "Mozilla/5.0 (compatible; AhrefsBot/6.1; +http://ahrefs.com/robot/)" 
45.79.26.51 - - [23/Jun/2020:01:13:25 -0700] "GET /content/statusupdates/posts/photos/checkins/bookmarkedpages?_t=rss HTTP/1.1" 200 7422 "-" "Micro.blog/1.0" 
46.229.168.136 - - [23/Jun/2020:01:13:43 -0700] "GET /content/bookmarkedpages/?q=%23%23testtag HTTP/1.1" 200 9341 "-" "Mozilla/5.0 (compatible; SemrushBot/6~bl; +http://www.semrush.com/bot.html)" 
64.111.100.215 - - [23/Jun/2020:01:14:12 -0700] "GET /content/all?_t=rss HTTP/1.1" 200 13896 "-" "Mozilla/5.0 (X11; U; Linux i686; fr; rv:1.9.1.1) Gecko/20090715 Firefox/3.5.1" 
46.229.168.146 - - [23/Jun/2020:01:14:35 -0700] "GET /content/bookmarkedpages/?q=%23%2B%23indieweb HTTP/1.1" 200 10880 "-" "Mozilla/5.0 (compatible; SemrushBot/6~bl; +http://www.semrush.com/bot.html)" 
46.229.168.131 - - [23/Jun/2020:01:14:36 -0700] "GET /content/all/?offset=101&q=%23IndieWeb HTTP/1.1" 200 14360 "-" "Mozilla/5.0 (compatible; SemrushBot/6~bl; +http://www.semrush.com/bot.html)" 
54.36.149.28 - - [23/Jun/2020:01:15:36 -0700] "GET /2019/reddits-best-mindblowing-facts-of-all-time HTTP/1.1" 200 9452 "-" "Mozilla/5.0 (compatible; AhrefsBot/6.1; +http://ahrefs.com/robot/)" 
114.119.165.105 - - [23/Jun/2020:01:16:09 -0700] "GET /2017/creating-a-post-to-test-bridgy HTTP/1.1" 200 9685 "-" "Mozilla/5.0 (Linux; Android 7.0;) AppleWebKit/537.36 (KHTML, like Gecko) Mobile Safari/537.36 (compatible; PetalBot;+https://aspiegel.com/petalbot)" 
46.229.168.153 - - [23/Jun/2020:01:16:30 -0700] "GET /tag/indieweb?offset=0 HTTP/1.1" 200 14751 "-" "Mozilla/5.0 (compatible; SemrushBot/6~bl; +http://www.semrush.com/bot.html)" 
45.79.26.51 - - [23/Jun/2020:01:16:40 -0700] "GET /content/statusupdates/posts/photos/checkins/bookmarkedpages?_t=rss HTTP/1.1" 200 7422 "-" "Micro.blog/1.0" 
54.36.148.115 - - [23/Jun/2020:01:16:41 -0700] "GET /2019/what-gets-me-about-jason-shaving-in HTTP/1.1" 200 9471 "-" "Mozilla/5.0 (compatible; AhrefsBot/6.1; +http://ahrefs.com/robot/)" 
46.229.168.133 - - [23/Jun/2020:01:16:53 -0700] "GET /content/all/?offset=9&q=%23sourdough HTTP/1.1" 200 12300 "-" "Mozilla/5.0 (compatible; SemrushBot/6~bl; +http://www.semrush.com/bot.html)" 
46.229.168.147 - - [23/Jun/2020:01:17:17 -0700] "GET /content/statusupdates/?offset=18&q=%23WithKnown HTTP/1.1" 200 9047 "-" "Mozilla/5.0 (compatible; SemrushBot/6~bl; +http://www.semrush.com/bot.html)" 
167.172.219.252 - - [23/Jun/2020:01:17:37 -0700] "GET /?_t=rss HTTP/1.1" 304 3495 "-" "Feedbin feed-id:1536727 - 1 subscribers" 
46.229.168.145 - - [23/Jun/2020:01:17:52 -0700] "GET /content/all/?offset=36&q=%23%2B%23bread HTTP/1.1" 200 12112 "-" "Mozilla/5.0 (compatible; SemrushBot/6~bl; +http://www.semrush.com/bot.html)" 
54.36.149.95 - - [23/Jun/2020:01:17:57 -0700] "GET /tag/+%23Rome HTTP/1.1" 200 13062 "-" "Mozilla/5.0 (compatible; AhrefsBot/6.1; +http://ahrefs.com/robot/)" 
46.229.168.136 - - [23/Jun/2020:01:17:58 -0700] "GET /?offset=13&q=%23IndieWeb HTTP/1.1" 200 11716 "-" "Mozilla/5.0 (compatible; SemrushBot/6~bl; +http://www.semrush.com/bot.html)" 
46.229.168.145 - - [23/Jun/2020:01:18:06 -0700] "GET /content/all/?q=%23RSS HTTP/1.1" 200 9144 "-" "Mozilla/5.0 (compatible; SemrushBot/6~bl; +http://www.semrush.com/bot.html)" 
54.36.148.211 - - [23/Jun/2020:01:19:10 -0700] "GET /2019/that-takes-me-back HTTP/1.1" 200 9285 "-" "Mozilla/5.0 (compatible; AhrefsBot/6.1; +http://ahrefs.com/robot/)" 
40.77.167.169 - - [23/Jun/2020:01:20:20 -0700] "GET /file/41e811bcc03c7da35c479618bfcdc38f/thumb.jpg HTTP/1.1" 200 15664 "-" "Mozilla/5.0 (compatible; bingbot/2.0; +http://www.bing.com/bingbot.htm)" 
45.79.26.51 - - [23/Jun/2020:01:20:21 -0700] "GET /content/statusupdates/posts/photos/checkins/bookmarkedpages?_t=rss HTTP/1.1" 200 7422 "-" "Micro.blog/1.0" 
54.36.148.201 - - [23/Jun/2020:01:20:37 -0700] "GET /content/all/?q=%23+%23bread&offset=77 HTTP/1.1" 200 11984 "-" "Mozilla/5.0 (compatible; AhrefsBot/6.1; +http://ahrefs.com/robot/)" 
54.36.148.81 - - [23/Jun/2020:01:21:44 -0700] "GET /2018/brutti-ma-buoni HTTP/1.1" 200 10199 "-" "Mozilla/5.0 (compatible; AhrefsBot/6.1; +http://ahrefs.com/robot/)" 
46.229.168.154 - - [23/Jun/2020:01:22:04 -0700] "GET /content/all/?offset=40&q=%23%2B%23indieweb HTTP/1.1" 200 11405 "-" "Mozilla/5.0 (compatible; SemrushBot/6~bl; +http://www.semrush.com/bot.html)" 
46.229.168.151 - - [23/Jun/2020:01:22:27 -0700] "GET /content/all/?q=%23webmention HTTP/1.1" 200 13534 "-" "Mozilla/5.0 (compatible; SemrushBot/6~bl; +http://www.semrush.com/bot.html)" 
46.229.168.142 - - [23/Jun/2020:01:22:29 -0700] "GET /2020/strange-ambiences-for-strange-times-music-of-sound HTTP/1.1" 200 9260 "-" "Mozilla/5.0 (compatible; SemrushBot/6~bl; +http://www.semrush.com/bot.html)" 
46.229.168.148 - - [23/Jun/2020:01:22:36 -0700] "GET /2017/the-future-of-withknown HTTP/1.1" 200 9889 "-" "Mozilla/5.0 (compatible; SemrushBot/6~bl; +http://www.semrush.com/bot.html)" 
46.229.168.148 - - [23/Jun/2020:01:22:52 -0700] "GET /content/posts/?q=%23bread HTTP/1.1" 200 9692 "-" "Mozilla/5.0 (compatible; SemrushBot/6~bl; +http://www.semrush.com/bot.html)" 
142.44.167.89 - - [23/Jun/2020:01:22:57 -0700] "GET /2020/on-second-thoughts-maybe-the-reason-my HTTP/1.1" 200 9805 "-" "Mozilla/5.0 (compatible; YaK/1.0; http://linkfluence.com/; bot@linkfluence.com)" 
46.229.168.140 - - [23/Jun/2020:01:23:46 -0700] "GET /content/all/?offset=90&q=%23%2B%23indieweb HTTP/1.1" 200 15686 "-" "Mozilla/5.0 (compatible; SemrushBot/6~bl; +http://www.semrush.com/bot.html)" 
46.229.168.136 - - [23/Jun/2020:01:23:48 -0700] "GET /file/0fdaea21ee26796e22d7244f21efc5ce/dc27f67da0cad294ad8b5e32b51068c6 HTTP/1.1" 500 86483 "-" "Mozilla/5.0 (compatible; SemrushBot/6~bl; +http://www.semrush.com/bot.html)" 
46.229.168.145 - - [23/Jun/2020:01:24:03 -0700] "GET /content/all/?offset=15&q=%23IndieWeb HTTP/1.1" 200 11489 "-" "Mozilla/5.0 (compatible; SemrushBot/6~bl; +http://www.semrush.com/bot.html)" 
46.229.168.141 - - [23/Jun/2020:01:24:26 -0700] "GET /content/events/?q=%23photo HTTP/1.1" 200 8268 "-" "Mozilla/5.0 (compatible; SemrushBot/6~bl; +http://www.semrush.com/bot.html)" 
96.126.125.129 - - [23/Jun/2020:01:24:37 -0700] "GET /content/statusupdates/posts/photos/checkins/bookmarkedpages?_t=rss HTTP/1.1" 200 7427 "-" "Micro.blog/1.0" 
46.229.168.146 - - [23/Jun/2020:01:24:57 -0700] "GET /content/photos/?q=%23Food_history HTTP/1.1" 200 9347 "-" "Mozilla/5.0 (compatible; SemrushBot/6~bl; +http://www.semrush.com/bot.html)" 
54.36.148.135 - - [23/Jun/2020:01:25:23 -0700] "GET /content/statusupdates/?offset=190 HTTP/1.1" 200 10640 "-" "Mozilla/5.0 (compatible; AhrefsBot/6.1; +http://ahrefs.com/robot/)" 
40.77.167.169 - - [23/Jun/2020:01:25:53 -0700] "GET /content/bookmarkedpages/?q=%23IndieWeb HTTP/1.1" 200 11441 "-" "Mozilla/5.0 (compatible; bingbot/2.0; +http://www.bing.com/bingbot.htm)" 
107.178.239.198 - - [23/Jun/2020:01:26:13 -0700] "HEAD /2020/very-happy-with-the-service-from-widefitshoes HTTP/1.1" 200 4349 "-" "Bridgy (https://brid.gy/about)" 
66.249.66.46 - - [23/Jun/2020:01:27:43 -0700] "GET /css/1563728748/known.min.css HTTP/1.1" 200 11406 "https://stream.jeremycherfas.net/view/b4b90a14c817d0eae9c530484c0706dd" "Mozilla/5.0 (Linux; Android 6.0.1; Nexus 5X Build/MMB29P) AppleWebKit/537.36 (KHTML, like Gecko) Chrome/83.0.4103.108 Mobile Safari/537.36 (compatible; Googlebot/2.1; +http://www.google.com/bot.html)" 
66.249.66.48 - - [23/Jun/2020:01:27:44 -0700] "GET /vendor/bower-asset/mention/recommended-styles.css HTTP/1.1" 404 18319 "https://stream.jeremycherfas.net/view/b4b90a14c817d0eae9c530484c0706dd" "Mozilla/5.0 (Linux; Android 6.0.1; Nexus 5X Build/MMB29P) AppleWebKit/537.36 (KHTML, like Gecko) Chrome/83.0.4103.108 Mobile Safari/537.36 (compatible; Googlebot/2.1; +http://www.google.com/bot.html)" 
96.126.125.129 - - [23/Jun/2020:01:28:00 -0700] "GET /content/statusupdates/posts/photos/checkins/bookmarkedpages?_t=rss HTTP/1.1" 200 7427 "-" "Micro.blog/1.0" 
46.229.168.138 - - [23/Jun/2020:01:28:08 -0700] "GET /2019/untitled-27 HTTP/1.1" 200 13595 "-" "Mozilla/5.0 (compatible; SemrushBot/6~bl; +http://www.semrush.com/bot.html)" 
46.229.168.151 - - [23/Jun/2020:01:28:12 -0700] "GET /tag/IndieWeb?offset=84 HTTP/1.1" 200 13550 "-" "Mozilla/5.0 (compatible; SemrushBot/6~bl; +http://www.semrush.com/bot.html)" 
46.229.168.142 - - [23/Jun/2020:01:28:35 -0700] "GET /2020/podcastings-biggest-mistake HTTP/1.1" 200 9629 "-" "Mozilla/5.0 (compatible; SemrushBot/6~bl; +http://www.semrush.com/bot.html)" 
66.249.66.50 - - [23/Jun/2020:01:28:48 -0700] "GET /robots.txt HTTP/1.1" 200 4881 "-" "Mozilla/5.0 (compatible; Googlebot/2.1; +http://www.google.com/bot.html)" 
66.249.66.48 - - [23/Jun/2020:01:28:48 -0700] "GET /2018/great-shame-im-not-flying-today HTTP/1.1" 200 10146 "-" "Mozilla/5.0 (Linux; Android 6.0.1; Nexus 5X Build/MMB29P) AppleWebKit/537.36 (KHTML, like Gecko) Chrome/80.0.3987.92 Mobile Safari/537.36 (compatible; Googlebot/2.1; +http://www.google.com/bot.html)" 
64.111.100.215 - - [23/Jun/2020:01:29:24 -0700] "GET /content/all?_t=rss HTTP/1.1" 200 13896 "-" "Mozilla/5.0 (X11; U; Linux i686; fr; rv:1.9.1.1) Gecko/20090715 Firefox/3.5.1" 
40.77.167.169 - - [23/Jun/2020:01:31:25 -0700] "GET /vendor/idno/mentionjs/bootstrap-typeahead.js HTTP/1.1" 200 6670 "-" "Mozilla/5.0 (compatible; MSIE 9.0; Windows NT 6.1; Trident/5.0)" 
46.229.168.142 - - [23/Jun/2020:01:31:47 -0700] "GET /?offset=30&q=%23Sourdough HTTP/1.1" 200 11339 "-" "Mozilla/5.0 (compatible; SemrushBot/6~bl; +http://www.semrush.com/bot.html)" 
46.229.168.141 - - [23/Jun/2020:01:32:03 -0700] "GET /content/posts/?offset=5&q=%23known HTTP/1.1" 200 16227 "-" "Mozilla/5.0 (compatible; SemrushBot/6~bl; +http://www.semrush.com/bot.html)" 
5.188.210.79 - - [23/Jun/2020:01:32:50 -0700] "GET /profile/jeremy?offset=106 HTTP/1.0" 200 124453 "https://stream.jeremycherfas.net/profile/jeremy?offset=106" "Mozilla/5.0 (Windows NT 6.3; Win64; x64) AppleWebKit/537.36 (KHTML, like Gecko) Chrome/67.0.3396.79 Safari/537.36" 
5.188.210.79 - - [23/Jun/2020:01:32:53 -0700] "POST /comments/post HTTP/1.0" 403 16862 "https://stream.jeremycherfas.net/profile/jeremy?offset=106" "Mozilla/5.0 (Windows NT 6.3; Win64; x64) AppleWebKit/537.36 (KHTML, like Gecko) Chrome/67.0.3396.79 Safari/537.36" 
96.126.125.129 - - [23/Jun/2020:01:33:22 -0700] "GET /content/statusupdates/posts/photos/checkins/bookmarkedpages?_t=rss HTTP/1.1" 200 7427 "-" "Micro.blog/1.0" 
54.36.148.81 - - [23/Jun/2020:01:34:51 -0700] "GET /content/photos/?q=%23+%23food&offset=10 HTTP/1.1" 200 9883 "-" "Mozilla/5.0 (compatible; AhrefsBot/6.1; +http://ahrefs.com/robot/)" 
5.188.210.79 - - [23/Jun/2020:01:34:56 -0700] "GET /profile/jeremy?offset=106 HTTP/1.1" 200 15700 "-" "Mozilla/5.0 (Windows NT 6.1; Win64; x64; rv:62.0) Gecko/20100101 Firefox/62.0" 
46.229.168.154 - - [23/Jun/2020:01:35:31 -0700] "GET /content/rsvp/?q=%23igbreadclub HTTP/1.1" 200 8282 "-" "Mozilla/5.0 (compatible; SemrushBot/6~bl; +http://www.semrush.com/bot.html)" 
66.249.66.48 - - [23/Jun/2020:01:35:53 -0700] "GET /content/bookmarkedpages/?q=%23Washington&_t=rss HTTP/1.1" 200 5371 "-" "Mozilla/5.0 (Linux; Android 6.0.1; Nexus 5X Build/MMB29P) AppleWebKit/537.36 (KHTML, like Gecko) Chrome/80.0.3987.92 Mobile Safari/537.36 (compatible; Googlebot/2.1; +http://www.google.com/bot.html)" 
52.91.110.175 - - [23/Jun/2020:01:36:08 -0700] "GET /content/locations/?_t=rss HTTP/1.1" 304 3485 "https://www.google.com/" "Mozilla/5.0 (Windows NT 6.1; Win64; x64) AppleWebKit/537.36 (KHTML, like Gecko) Chrome/79.0.3945.130 Safari/537.36" 
46.229.168.136 - - [23/Jun/2020:01:36:22 -0700] "GET /content/statusupdates/?q=%23%2B%23norovirus HTTP/1.1" 200 8333 "-" "Mozilla/5.0 (compatible; SemrushBot/6~bl; +http://www.semrush.com/bot.html)" 
96.126.125.129 - - [23/Jun/2020:01:37:27 -0700] "GET /content/statusupdates/posts/photos/checkins/bookmarkedpages?_t=rss HTTP/1.1" 200 7427 "-" "Micro.blog/1.0" 
46.229.168.141 - - [23/Jun/2020:01:38:20 -0700] "GET /content/statusupdates/?q=%23%2B%23nigella HTTP/1.1" 200 8329 "-" "Mozilla/5.0 (compatible; SemrushBot/6~bl; +http://www.semrush.com/bot.html)" 
46.229.168.163 - - [23/Jun/2020:01:38:24 -0700] "GET /tag/+%23Rome HTTP/1.1" 200 13054 "-" "Mozilla/5.0 (compatible; SemrushBot/6~bl; +http://www.semrush.com/bot.html)" 
46.229.168.141 - - [23/Jun/2020:01:38:59 -0700] "GET /?offset=13&q=%23sourdough HTTP/1.1" 200 12089 "-" "Mozilla/5.0 (compatible; SemrushBot/6~bl; +http://www.semrush.com/bot.html)" 
46.229.168.151 - - [23/Jun/2020:01:40:40 -0700] "GET /2019/some-observations-re-craig-newmark-craigslist-journalism-and-our-information HTTP/1.1" 200 9454 "-" "Mozilla/5.0 (compatible; SemrushBot/6~bl; +http://www.semrush.com/bot.html)" 
96.126.125.129 - - [23/Jun/2020:01:41:09 -0700] "GET /content/statusupdates/posts/photos/checkins/bookmarkedpages?_t=rss HTTP/1.1" 200 7427 "-" "Micro.blog/1.0" 
54.36.149.77 - - [23/Jun/2020:01:41:41 -0700] "GET /?q=%23+%23indieweb&offset=143 HTTP/1.1" 200 9274 "-" "Mozilla/5.0 (compatible; AhrefsBot/6.1; +http://ahrefs.com/robot/)" 
46.229.168.137 - - [23/Jun/2020:01:42:10 -0700] "GET /content/all/?offset=3&q=%23WithKnown HTTP/1.1" 200 11095 "-" "Mozilla/5.0 (compatible; SemrushBot/6~bl; +http://www.semrush.com/bot.html)" 
46.229.168.137 - - [23/Jun/2020:01:42:21 -0700] "GET /2018/truth-in-an-age-of-truthiness-when-bot-fueled-psyops-meet HTTP/1.1" 200 9811 "-" "Mozilla/5.0 (compatible; SemrushBot/6~bl; +http://www.semrush.com/bot.html)" 
46.229.168.140 - - [23/Jun/2020:01:42:24 -0700] "GET /2018/best-suggestion-i-can-offer-is-to HTTP/1.1" 200 9860 "-" "Mozilla/5.0 (compatible; SemrushBot/6~bl; +http://www.semrush.com/bot.html)" 
46.229.168.133 - - [23/Jun/2020:01:44:14 -0700] "GET /?offset=141&q=%23%2B%23IndieWeb HTTP/1.1" 200 9579 "-" "Mozilla/5.0 (compatible; SemrushBot/6~bl; +http://www.semrush.com/bot.html)" 
46.229.168.142 - - [23/Jun/2020:01:44:31 -0700] "GET /content/all/?offset=140&q=%23%2B%23%23indieweb HTTP/1.1" 200 10226 "-" "Mozilla/5.0 (compatible; SemrushBot/6~bl; +http://www.semrush.com/bot.html)" 
46.229.168.130 - - [23/Jun/2020:01:44:57 -0700] "GET /content/all/?offset=5&q=%23WithKnown HTTP/1.1" 200 10879 "-" "Mozilla/5.0 (compatible; SemrushBot/6~bl; +http://www.semrush.com/bot.html)" 
64.111.100.215 - - [23/Jun/2020:01:45:05 -0700] "GET /content/all?_t=rss HTTP/1.1" 200 13896 "-" "Mozilla/5.0 (X11; U; Linux i686; fr; rv:1.9.1.1) Gecko/20090715 Firefox/3.5.1" 
142.44.167.89 - - [23/Jun/2020:01:45:28 -0700] "GET /2020/what-was-it-like HTTP/1.1" 200 9661 "-" "Mozilla/5.0 (compatible; YaK/1.0; http://linkfluence.com/; bot@linkfluence.com)" 
96.126.125.129 - - [23/Jun/2020:01:45:34 -0700] "GET /content/statusupdates/posts/photos/checkins/bookmarkedpages?_t=rss HTTP/1.1" 200 7427 "-" "Micro.blog/1.0" 
46.229.168.145 - - [23/Jun/2020:01:45:46 -0700] "GET /content/all/?offset=20&q=%23%2B%23%23indieweb HTTP/1.1" 200 11340 "-" "Mozilla/5.0 (compatible; SemrushBot/6~bl; +http://www.semrush.com/bot.html)" 
46.229.168.136 - - [23/Jun/2020:01:45:56 -0700] "GET /?offset=33&q=%23WithKnown HTTP/1.1" 200 12385 "-" "Mozilla/5.0 (compatible; SemrushBot/6~bl; +http://www.semrush.com/bot.html)" 
46.229.168.135 - - [23/Jun/2020:01:46:14 -0700] "GET /content/events/?q=%23photo HTTP/1.1" 200 8297 "-" "Mozilla/5.0 (compatible; SemrushBot/6~bl; +http://www.semrush.com/bot.html)" 
54.36.148.162 - - [23/Jun/2020:01:46:21 -0700] "GET /content/audio/?q=%23fornacalia HTTP/1.1" 200 9110 "-" "Mozilla/5.0 (compatible; AhrefsBot/6.1; +http://ahrefs.com/robot/)" 
46.229.168.131 - - [23/Jun/2020:01:47:02 -0700] "GET /2019/first-of-the-year HTTP/1.1" 200 13126 "-" "Mozilla/5.0 (compatible; SemrushBot/6~bl; +http://www.semrush.com/bot.html)" 
46.229.168.146 - - [23/Jun/2020:01:48:23 -0700] "GET /2017/is-this-going-to-work-i-certainly-hope-so HTTP/1.1" 200 9317 "-" "Mozilla/5.0 (compatible; SemrushBot/6~bl; +http://www.semrush.com/bot.html)" 
46.229.168.147 - - [23/Jun/2020:01:48:24 -0700] "GET /content/statusupdates?offset=270 HTTP/1.1" 200 10951 "-" "Mozilla/5.0 (compatible; SemrushBot/6~bl; +http://www.semrush.com/bot.html)" 
46.229.168.149 - - [23/Jun/2020:01:48:55 -0700] "GET /2017/would-any-pnut-devs-who-speak-python-be-interested-in HTTP/1.1" 200 9501 "-" "Mozilla/5.0 (compatible; SemrushBot/6~bl; +http://www.semrush.com/bot.html)" 
46.229.168.148 - - [23/Jun/2020:01:49:26 -0700] "GET /2019/out-and-about HTTP/1.1" 200 9403 "-" "Mozilla/5.0 (compatible; SemrushBot/6~bl; +http://www.semrush.com/bot.html)" 
46.229.168.129 - - [23/Jun/2020:01:49:50 -0700] "GET /content/all/?offset=100&q=%23%2B%23indieweb HTTP/1.1" 200 14045 "-" "Mozilla/5.0 (compatible; SemrushBot/6~bl; +http://www.semrush.com/bot.html)" 
46.229.168.142 - - [23/Jun/2020:01:49:55 -0700] "GET /2020/above-us-only-sky HTTP/1.1" 200 9273 "-" "Mozilla/5.0 (compatible; SemrushBot/6~bl; +http://www.semrush.com/bot.html)" 
114.119.164.86 - - [23/Jun/2020:01:50:35 -0700] "GET /tag/Rye HTTP/1.1" 200 12156 "-" "Mozilla/5.0 (Linux; Android 7.0;) AppleWebKit/537.36 (KHTML, like Gecko) Mobile Safari/537.36 (compatible; PetalBot;+https://aspiegel.com/petalbot)" 
54.36.148.201 - - [23/Jun/2020:01:51:12 -0700] "GET /content/all/?q=%23+%23indieweb&offset=143 HTTP/1.1" 200 9294 "-" "Mozilla/5.0 (compatible; AhrefsBot/6.1; +http://ahrefs.com/robot/)" 
46.229.168.144 - - [23/Jun/2020:01:51:14 -0700] "GET /content/posts/?q=%23micromonday HTTP/1.1" 200 8981 "-" "Mozilla/5.0 (compatible; SemrushBot/6~bl; +http://www.semrush.com/bot.html)" 
96.126.125.129 - - [23/Jun/2020:01:51:18 -0700] "GET /content/statusupdates/posts/photos/checkins/bookmarkedpages?_t=rss HTTP/1.1" 200 7427 "-" "Micro.blog/1.0" 
159.65.77.58 - - [23/Jun/2020:01:53:01 -0700] "GET /?_t=rss HTTP/1.1" 200 7190 "-" "Feedbin feed-id:1536727 - 1 subscribers" 
52.91.31.146 - - [23/Jun/2020:01:53:35 -0700] "GET /content/posts/?_t=rss HTTP/1.1" 304 3485 "https://www.google.com/" "Mozilla/5.0 (Windows NT 10.0; Win64; x64) AppleWebKit/537.36 (KHTML, like Gecko) Chrome/79.0.3945.130 Safari/537.36 OPR/66.0.3515.103" 
46.229.168.162 - - [23/Jun/2020:01:53:48 -0700] "GET /?offset=5&q=%23%2B%23WithKnown HTTP/1.1" 200 10921 "-" "Mozilla/5.0 (compatible; SemrushBot/6~bl; +http://www.semrush.com/bot.html)" 
54.36.149.82 - - [23/Jun/2020:01:54:32 -0700] "GET /tag/bread?offset=47 HTTP/1.1" 200 12428 "-" "Mozilla/5.0 (compatible; AhrefsBot/6.1; +http://ahrefs.com/robot/)" 
46.229.168.133 - - [23/Jun/2020:01:54:45 -0700] "GET /2019/heading-into-the-domus-aurea-a-truly-wondrous-excursion-i HTTP/1.1" 200 13340 "-" "Mozilla/5.0 (compatible; SemrushBot/6~bl; +http://www.semrush.com/bot.html)" 
46.229.168.144 - - [23/Jun/2020:01:55:05 -0700] "GET /2019/having-a-fun-time-thinking-about-hot HTTP/1.1" 200 9885 "-" "Mozilla/5.0 (compatible; SemrushBot/6~bl; +http://www.semrush.com/bot.html)" 
46.229.168.152 - - [23/Jun/2020:01:55:45 -0700] "GET /2017/ive-been-thinking-about-robs-post-and-your-notes-on HTTP/1.1" 200 11343 "-" "Mozilla/5.0 (compatible; SemrushBot/6~bl; +http://www.semrush.com/bot.html)" 
46.229.168.140 - - [23/Jun/2020:01:55:54 -0700] "GET /2017/a-second-go-at-olive-levain-for-this-time-with-fabulous-taggiasca-olives-and-a-cold-retard-the-result-was HTTP/1.1" 200 9716 "-" "Mozilla/5.0 (compatible; SemrushBot/6~bl; +http://www.semrush.com/bot.html)" 
46.229.168.139 - - [23/Jun/2020:01:56:27 -0700] "GET /content/photos?offset=170 HTTP/1.1" 200 11163 "-" "Mozilla/5.0 (compatible; SemrushBot/6~bl; +http://www.semrush.com/bot.html)" 
96.126.125.129 - - [23/Jun/2020:01:56:28 -0700] "GET /content/statusupdates/posts/photos/checkins/bookmarkedpages?_t=rss HTTP/1.1" 200 7427 "-" "Micro.blog/1.0" 
46.229.168.154 - - [23/Jun/2020:01:57:43 -0700] "GET /2019/and-if-you-were-hoping-to-go-in-and-find HTTP/1.1" 200 12414 "-" "Mozilla/5.0 (compatible; SemrushBot/6~bl; +http://www.semrush.com/bot.html)" 
54.36.148.81 - - [23/Jun/2020:01:57:48 -0700] "GET /2018/checked-into-antica-panada HTTP/1.1" 200 9548 "-" "Mozilla/5.0 (compatible; AhrefsBot/6.1; +http://ahrefs.com/robot/)" 
54.36.148.81 - - [23/Jun/2020:01:58:54 -0700] "GET /2018/checked-into-birreria-forst HTTP/1.1" 200 9543 "-" "Mozilla/5.0 (compatible; AhrefsBot/6.1; +http://ahrefs.com/robot/)" 
46.229.168.141 - - [23/Jun/2020:01:59:13 -0700] "GET /content/bookmarkedpages/?q=%23withknown HTTP/1.1" 200 10680 "-" "Mozilla/5.0 (compatible; SemrushBot/6~bl; +http://www.semrush.com/bot.html)" 
40.77.167.169 - - [23/Jun/2020:01:59:57 -0700] "GET /2018/i-havent-done-the-micro-monday-thing-before-now-mondays HTTP/1.1" 200 10159 "-" "Mozilla/5.0 (compatible; bingbot/2.0; +http://www.bing.com/bingbot.htm)" 
40.77.167.169 - - [23/Jun/2020:02:00:07 -0700] "GET /file/7194213557269f1714764f971598ba10 HTTP/1.1" 200 8829 "-" "Mozilla/5.0 (compatible; bingbot/2.0; +http://www.bing.com/bingbot.htm)" 
40.77.167.169 - - [23/Jun/2020:02:00:07 -0700] "GET /vendor/idno/mentionjs/recommended-styles.css HTTP/1.1" 200 600 "-" "Mozilla/5.0 (compatible; bingbot/2.0; +http://www.bing.com/bingbot.htm)" 
207.46.13.166 - - [23/Jun/2020:02:00:12 -0700] "GET /service/security/csrftoken/?url=https%3A%2F%2Fstream.jeremycherfas.net%2Fservice%2Fsystem%2Flog%2F HTTP/1.1" 403 18411 "-" "Mozilla/5.0 (compatible; bingbot/2.0; +http://www.bing.com/bingbot.htm)" 
207.46.13.166 - - [23/Jun/2020:02:00:12 -0700] "GET /vendor/rmm5t/jquery-timeago/jquery.timeago.js HTTP/1.1" 200 2991 "-" "Mozilla/5.0 (compatible; bingbot/2.0; +http://www.bing.com/bingbot.htm)" 
157.55.39.4 - - [23/Jun/2020:02:00:17 -0700] "GET /gfx/users/default-00.png HTTP/1.1" 200 9470 "-" "Mozilla/5.0 (compatible; bingbot/2.0; +http://www.bing.com/bingbot.htm)" 
35.153.194.94 - - [23/Jun/2020:02:00:22 -0700] "GET /?_t=rss HTTP/1.1" 200 7182 "-" "glitch-feeder/1.0 (+https://glitch.com/~lmo-feeder)" 
54.36.148.79 - - [23/Jun/2020:02:01:02 -0700] "GET /2018/checked-into-ristobar-le-delizie HTTP/1.1" 200 9560 "-" "Mozilla/5.0 (compatible; AhrefsBot/6.1; +http://ahrefs.com/robot/)" 
64.111.100.215 - - [23/Jun/2020:02:01:05 -0700] "GET /content/all?_t=rss HTTP/1.1" 200 13896 "-" "Mozilla/5.0 (X11; U; Linux i686; fr; rv:1.9.1.1) Gecko/20090715 Firefox/3.5.1" 
46.229.168.141 - - [23/Jun/2020:02:01:24 -0700] "GET /profile/jeremy?offset=30 HTTP/1.1" 200 15609 "-" "Mozilla/5.0 (compatible; SemrushBot/6~bl; +http://www.semrush.com/bot.html)" 
46.229.168.144 - - [23/Jun/2020:02:01:45 -0700] "GET /content/photos/?offset=490 HTTP/1.1" 200 11031 "-" "Mozilla/5.0 (compatible; SemrushBot/6~bl; +http://www.semrush.com/bot.html)" 
96.126.125.129 - - [23/Jun/2020:02:01:49 -0700] "GET /content/statusupdates/posts/photos/checkins/bookmarkedpages?_t=rss HTTP/1.1" 200 7427 "-" "Micro.blog/1.0" 
46.229.168.143 - - [23/Jun/2020:02:01:52 -0700] "GET /2020/so-happy-to-see-helen-rosner-hels HTTP/1.1" 200 9450 "-" "Mozilla/5.0 (compatible; SemrushBot/6~bl; +http://www.semrush.com/bot.html)" 
54.36.148.253 - - [23/Jun/2020:02:02:07 -0700] "GET /2018/checked-into-via-dellelettricit%C3%A0 HTTP/1.1" 200 9568 "-" "Mozilla/5.0 (compatible; AhrefsBot/6.1; +http://ahrefs.com/robot/)" 
46.229.168.150 - - [23/Jun/2020:02:02:07 -0700] "GET /content/bookmarkedpages/?offset=10&q=%23%2B%23IndieWeb HTTP/1.1" 200 10860 "-" "Mozilla/5.0 (compatible; SemrushBot/6~bl; +http://www.semrush.com/bot.html)" 
46.229.168.135 - - [23/Jun/2020:02:02:31 -0700] "GET /?offset=10&q=%23%2B%23IndieWeb HTTP/1.1" 200 11669 "-" "Mozilla/5.0 (compatible; SemrushBot/6~bl; +http://www.semrush.com/bot.html)" 
54.36.148.164 - - [23/Jun/2020:02:03:12 -0700] "GET /2019/checked-into-bar-alex HTTP/1.1" 200 9530 "-" "Mozilla/5.0 (compatible; AhrefsBot/6.1; +http://ahrefs.com/robot/)" 
46.229.168.140 - - [23/Jun/2020:02:03:13 -0700] "GET /content/photos/?offset=41&q=%23%2B%23sourdough HTTP/1.1" 200 11442 "-" "Mozilla/5.0 (compatible; SemrushBot/6~bl; +http://www.semrush.com/bot.html)" 
54.36.148.125 - - [23/Jun/2020:02:04:18 -0700] "GET /2019/checked-into-bacino-rottacapozza-sud HTTP/1.1" 200 9571 "-" "Mozilla/5.0 (compatible; AhrefsBot/6.1; +http://ahrefs.com/robot/)" 
46.229.168.137 - - [23/Jun/2020:02:04:40 -0700] "GET /2018/stopping-on-this-mornings-walk-to-notice-things HTTP/1.1" 200 10628 "-" "Mozilla/5.0 (compatible; SemrushBot/6~bl; +http://www.semrush.com/bot.html)" 
66.249.66.48 - - [23/Jun/2020:02:04:49 -0700] "GET /?offset=1687&_t=amp HTTP/1.1" 200 12043 "-" "Mozilla/5.0 (Linux; Android 6.0.1; Nexus 5X Build/MMB29P) AppleWebKit/537.36 (KHTML, like Gecko) Chrome/80.0.3987.92 Mobile Safari/537.36 (compatible; Googlebot/2.1; +http://www.google.com/bot.html)" 
96.126.125.129 - - [23/Jun/2020:02:05:13 -0700] "GET /content/statusupdates/posts/photos/checkins/bookmarkedpages?_t=rss HTTP/1.1" 200 7427 "-" "Micro.blog/1.0" 
46.229.168.149 - - [23/Jun/2020:02:05:31 -0700] "GET /tag/Fornacalia?offset=9 HTTP/1.1" 200 8809 "-" "Mozilla/5.0 (compatible; SemrushBot/6~bl; +http://www.semrush.com/bot.html)" 
46.229.168.147 - - [23/Jun/2020:02:05:47 -0700] "GET /?offset=99&q=%23%2B%23%23indieweb HTTP/1.1" 200 14704 "-" "Mozilla/5.0 (compatible; SemrushBot/6~bl; +http://www.semrush.com/bot.html)" 
207.46.13.166 - - [23/Jun/2020:02:05:49 -0700] "GET /file/e9bc63cbf7ad5a32e0ec2b3a59b0b29f HTTP/1.1" 200 200244 "-" "Mozilla/5.0 (compatible; bingbot/2.0; +http://www.bing.com/bingbot.htm)" 
46.229.168.162 - - [23/Jun/2020:02:06:42 -0700] "GET /content/all/?offset=54&q=%23%2B%23%23indieweb HTTP/1.1" 200 13250 "-" "Mozilla/5.0 (compatible; SemrushBot/6~bl; +http://www.semrush.com/bot.html)" 
142.44.167.89 - - [23/Jun/2020:02:07:34 -0700] "GET /2020/bsag-raquo-re-mapping-my-keyboard-and-re-wiring-my-brain HTTP/1.1" 200 9469 "-" "Mozilla/5.0 (compatible; YaK/1.0; http://linkfluence.com/; bot@linkfluence.com)" 
46.229.168.149 - - [23/Jun/2020:02:07:43 -0700] "GET /content/audio/?q=%23IndieWeb_challenge HTTP/1.1" 200 8295 "-" "Mozilla/5.0 (compatible; SemrushBot/6~bl; +http://www.semrush.com/bot.html)" 
46.229.168.146 - - [23/Jun/2020:02:07:46 -0700] "GET /2018/the-cold-pre-dawn HTTP/1.1" 200 9280 "-" "Mozilla/5.0 (compatible; SemrushBot/6~bl; +http://www.semrush.com/bot.html)" 
46.229.168.152 - - [23/Jun/2020:02:07:47 -0700] "GET /2017/blast-i-cant-seem-to-upload-images-to-microblog-or HTTP/1.1" 200 9256 "-" "Mozilla/5.0 (compatible; SemrushBot/6~bl; +http://www.semrush.com/bot.html)" 
45.79.26.51 - - [23/Jun/2020:02:09:36 -0700] "GET /content/statusupdates/posts/photos/checkins/bookmarkedpages?_t=rss HTTP/1.1" 200 7422 "-" "Micro.blog/1.0" 
54.36.148.90 - - [23/Jun/2020:02:09:41 -0700] "GET /2019/checked-into-caff%C3%A8-parisi HTTP/1.1" 200 9583 "-" "Mozilla/5.0 (compatible; AhrefsBot/6.1; +http://ahrefs.com/robot/)" 
46.229.168.143 - - [23/Jun/2020:02:10:19 -0700] "GET /robots.txt HTTP/1.1" 200 4300 "-" "Mozilla/5.0 (compatible; SemrushBot/6~bl; +http://www.semrush.com/bot.html)" 
46.229.168.153 - - [23/Jun/2020:02:10:19 -0700] "GET /?offset=56&q=%23%2B%23sourdough HTTP/1.1" 200 8862 "-" "Mozilla/5.0 (compatible; SemrushBot/6~bl; +http://www.semrush.com/bot.html)" 
46.229.168.135 - - [23/Jun/2020:02:10:38 -0700] "GET /content/all/?offset=10&q=%23%2B%23%23bread HTTP/1.1" 200 12731 "-" "Mozilla/5.0 (compatible; SemrushBot/6~bl; +http://www.semrush.com/bot.html)" 
46.229.168.142 - - [23/Jun/2020:02:10:57 -0700] "GET /tag/+%23rye?offset=0 HTTP/1.1" 200 12028 "-" "Mozilla/5.0 (compatible; SemrushBot/6~bl; +http://www.semrush.com/bot.html)" 
207.5.160.195 - - [23/Jun/2020:02:11:21 -0700] "GET /robots.txt HTTP/1.0" 200 4382 "-" "WF search/Nutch-1.12" 
207.5.160.195 - - [23/Jun/2020:02:11:22 -0700] "GET /service/web/imageproxy/aHR0cHM6Ly9wYnMudHdpbWcuY29tL3Byb2ZpbGVfaW1hZ2VzLzEyMzU2MTEwOTY4NzE4ODI3NTIvSGFOX0ZmbGIuanBn/300/square HTTP/1.0" 500 4430 "-" "WF search/Nutch-1.12" 
54.36.149.105 - - [23/Jun/2020:02:11:56 -0700] "GET /2019/checked-into-cul-de-sac HTTP/1.1" 200 9539 "-" "Mozilla/5.0 (compatible; AhrefsBot/6.1; +http://ahrefs.com/robot/)" 
46.229.168.142 - - [23/Jun/2020:02:12:12 -0700] "GET /content/all/?offset=125&q=%23IndieWeb HTTP/1.1" 200 11601 "-" "Mozilla/5.0 (compatible; SemrushBot/6~bl; +http://www.semrush.com/bot.html)" 
46.229.168.131 - - [23/Jun/2020:02:12:40 -0700] "GET /content/all/?offset=6&q=%23%2B%23%23bread HTTP/1.1" 200 12521 "-" "Mozilla/5.0 (compatible; SemrushBot/6~bl; +http://www.semrush.com/bot.html)" 
114.119.161.85 - - [23/Jun/2020:02:12:40 -0700] "GET /tag/bread?offset=76 HTTP/1.1" 200 11819 "-" "Mozilla/5.0 (Linux; Android 7.0;) AppleWebKit/537.36 (KHTML, like Gecko) Mobile Safari/537.36 (compatible; PetalBot;+https://aspiegel.com/petalbot)" 
54.36.148.113 - - [23/Jun/2020:02:13:05 -0700] "GET /2018/checked-into-city-o-city HTTP/1.1" 200 9500 "-" "Mozilla/5.0 (compatible; AhrefsBot/6.1; +http://ahrefs.com/robot/)" 
46.229.168.146 - - [23/Jun/2020:02:13:28 -0700] "GET /content/all/?offset=27&q=%23withknown HTTP/1.1" 200 12912 "-" "Mozilla/5.0 (compatible; SemrushBot/6~bl; +http://www.semrush.com/bot.html)" 
96.126.125.129 - - [23/Jun/2020:02:13:34 -0700] "GET /content/statusupdates/posts/photos/checkins/bookmarkedpages?_t=rss HTTP/1.1" 200 7427 "-" "Micro.blog/1.0" 
46.229.168.137 - - [23/Jun/2020:02:13:50 -0700] "GET /?offset=160 HTTP/1.1" 200 11286 "-" "Mozilla/5.0 (compatible; SemrushBot/6~bl; +http://www.semrush.com/bot.html)" 
54.36.148.126 - - [23/Jun/2020:02:14:12 -0700] "GET /2019/checked-into-holburne-museum HTTP/1.1" 200 9564 "-" "Mozilla/5.0 (compatible; AhrefsBot/6.1; +http://ahrefs.com/robot/)" 
46.229.168.151 - - [23/Jun/2020:02:14:24 -0700] "GET /content/all/?offset=42&q=%23bread HTTP/1.1" 200 12341 "-" "Mozilla/5.0 (compatible; SemrushBot/6~bl; +http://www.semrush.com/bot.html)" 
66.249.66.52 - - [23/Jun/2020:02:15:37 -0700] "GET /2018/toy-soldiers-on-parade?_t=rss HTTP/1.1" 200 5701 "-" "Mozilla/5.0 (Linux; Android 6.0.1; Nexus 5X Build/MMB29P) AppleWebKit/537.36 (KHTML, like Gecko) Chrome/80.0.3987.92 Mobile Safari/537.36 (compatible; Googlebot/2.1; +http://www.google.com/bot.html)" 
207.5.160.195 - - [23/Jun/2020:02:15:38 -0700] "GET /2020/refreshing-my-memory HTTP/1.0" 200 9549 "-" "WF search/Nutch-1.12" 
66.249.66.50 - - [23/Jun/2020:02:15:46 -0700] "GET /content/rsvp/?q=%23lemons HTTP/1.1" 200 8880 "-" "Mozilla/5.0 (Linux; Android 6.0.1; Nexus 5X Build/MMB29P) AppleWebKit/537.36 (KHTML, like Gecko) Chrome/80.0.3987.92 Mobile Safari/537.36 (compatible; Googlebot/2.1; +http://www.google.com/bot.html)" 
66.249.66.48 - - [23/Jun/2020:02:15:58 -0700] "GET /robots.txt HTTP/1.1" 200 4857 "-" "Mozilla/5.0 (compatible; Googlebot/2.1; +http://www.google.com/bot.html)" 
66.249.66.44 - - [23/Jun/2020:02:15:58 -0700] "GET /2019/chris-aldrich-1 HTTP/1.1" 200 9833 "-" "Mozilla/5.0 (Linux; Android 6.0.1; Nexus 5X Build/MMB29P) AppleWebKit/537.36 (KHTML, like Gecko) Chrome/80.0.3987.92 Mobile Safari/537.36 (compatible; Googlebot/2.1; +http://www.google.com/bot.html)" 
66.249.66.52 - - [23/Jun/2020:02:16:03 -0700] "GET /content/audio/?q=%23sauerkraut HTTP/1.1" 200 8888 "-" "Mozilla/5.0 (Linux; Android 6.0.1; Nexus 5X Build/MMB29P) AppleWebKit/537.36 (KHTML, like Gecko) Chrome/80.0.3987.92 Mobile Safari/537.36 (compatible; Googlebot/2.1; +http://www.google.com/bot.html)" 
66.249.66.46 - - [23/Jun/2020:02:16:06 -0700] "GET /service/web/unfurl/?url=https%3A%2F%2Fboffosocko.com%2F2019%2F12%2F04%2Fwhat-happened-to-tagging-jstor-daily%2F&__bTk=cb369512a6d126cf9478a5ebe39626f531a1682706f8f2b94ed0821a7fcd2929&__bTs=1591488000 HTTP/1.1" 403 4972 "https://stream.jeremycherfas.net/2019/chris-aldrich-1" "Mozilla/5.0 (Linux; Android 6.0.1; Nexus 5X Build/MMB29P) AppleWebKit/537.36 (KHTML, like Gecko) Chrome/83.0.4103.108 Mobile Safari/537.36 (compatible; Googlebot/2.1; +http://www.google.com/bot.html)" 
66.249.66.46 - - [23/Jun/2020:02:16:06 -0700] "GET /service/web/unfurl/?url=https%3A%2F%2Fboffosocko.com%2F2019%2F12%2F04%2Fwhat-happened-to-tagging-jstor-daily%2F&__bTk=cb369512a6d126cf9478a5ebe39626f531a1682706f8f2b94ed0821a7fcd2929&__bTs=1592862816 HTTP/1.1" 403 1300 "https://stream.jeremycherfas.net/2019/chris-aldrich-1" "Mozilla/5.0 (Linux; Android 6.0.1; Nexus 5X Build/MMB29P) AppleWebKit/537.36 (KHTML, like Gecko) Chrome/83.0.4103.108 Mobile Safari/537.36 (compatible; Googlebot/2.1; +http://www.google.com/bot.html)" 
66.249.66.46 - - [23/Jun/2020:02:16:10 -0700] "GET /view/f333a682bb01a81c0667e8f31e3ba643 HTTP/1.1" 200 10223 "-" "Mozilla/5.0 (Linux; Android 6.0.1; Nexus 5X Build/MMB29P) AppleWebKit/537.36 (KHTML, like Gecko) Chrome/80.0.3987.92 Mobile Safari/537.36 (compatible; Googlebot/2.1; +http://www.google.com/bot.html)" 
66.249.66.48 - - [23/Jun/2020:02:16:20 -0700] "GET /content/posts/?q=%23sauerkraut HTTP/1.1" 200 8888 "-" "Mozilla/5.0 (Linux; Android 6.0.1; Nexus 5X Build/MMB29P) AppleWebKit/537.36 (KHTML, like Gecko) Chrome/80.0.3987.92 Mobile Safari/537.36 (compatible; Googlebot/2.1; +http://www.google.com/bot.html)" 
54.36.148.49 - - [23/Jun/2020:02:16:24 -0700] "GET /2019/checked-into-la-tinaia HTTP/1.1" 200 9519 "-" "Mozilla/5.0 (compatible; AhrefsBot/6.1; +http://ahrefs.com/robot/)" 
64.111.100.215 - - [23/Jun/2020:02:16:25 -0700] "GET /content/all?_t=rss HTTP/1.1" 200 13896 "-" "Mozilla/5.0 (X11; U; Linux i686; fr; rv:1.9.1.1) Gecko/20090715 Firefox/3.5.1" 
66.249.66.48 - - [23/Jun/2020:02:16:30 -0700] "GET /content/statusupdates/?offset=88 HTTP/1.1" 200 11087 "-" "Mozilla/5.0 (Linux; Android 6.0.1; Nexus 5X Build/MMB29P) AppleWebKit/537.36 (KHTML, like Gecko) Chrome/80.0.3987.92 Mobile Safari/537.36 (compatible; Googlebot/2.1; +http://www.google.com/bot.html)" 
66.249.66.48 - - [23/Jun/2020:02:16:35 -0700] "GET /content/locations/?q=%23sauerkraut HTTP/1.1" 200 8896 "-" "Mozilla/5.0 (Linux; Android 6.0.1; Nexus 5X Build/MMB29P) AppleWebKit/537.36 (KHTML, like Gecko) Chrome/80.0.3987.92 Mobile Safari/537.36 (compatible; Googlebot/2.1; +http://www.google.com/bot.html)" 
66.249.66.44 - - [23/Jun/2020:02:16:43 -0700] "GET /?offset=1122&_t=rss HTTP/1.1" 200 9060 "-" "Mozilla/5.0 (Linux; Android 6.0.1; Nexus 5X Build/MMB29P) AppleWebKit/537.36 (KHTML, like Gecko) Chrome/80.0.3987.92 Mobile Safari/537.36 (compatible; Googlebot/2.1; +http://www.google.com/bot.html)" 
66.249.66.48 - - [23/Jun/2020:02:16:55 -0700] "GET /content/statusupdates/?offset=359&_t=rss HTTP/1.1" 200 7433 "-" "Mozilla/5.0 (Linux; Android 6.0.1; Nexus 5X Build/MMB29P) AppleWebKit/537.36 (KHTML, like Gecko) Chrome/80.0.3987.92 Mobile Safari/537.36 (compatible; Googlebot/2.1; +http://www.google.com/bot.html)" 
46.229.168.145 - - [23/Jun/2020:02:17:02 -0700] "GET /2019/ill-be-talking-to-historicalitalianfood-about-food-in-rome-from HTTP/1.1" 200 9538 "-" "Mozilla/5.0 (compatible; SemrushBot/6~bl; +http://www.semrush.com/bot.html)" 
66.249.66.52 - - [23/Jun/2020:02:17:05 -0700] "GET /content/posts/?q=%23afternoontreat&_t=rss HTTP/1.1" 200 5385 "-" "Mozilla/5.0 (Linux; Android 6.0.1; Nexus 5X Build/MMB29P) AppleWebKit/537.36 (KHTML, like Gecko) Chrome/80.0.3987.92 Mobile Safari/537.36 (compatible; Googlebot/2.1; +http://www.google.com/bot.html)" 
46.229.168.147 - - [23/Jun/2020:02:17:07 -0700] "GET /?offset=117&q=%23IndieWeb HTTP/1.1" 200 12241 "-" "Mozilla/5.0 (compatible; SemrushBot/6~bl; +http://www.semrush.com/bot.html)" 
66.249.66.48 - - [23/Jun/2020:02:17:13 -0700] "GET /content/statusupdates/?q=%23WithKnown&offset=20&_t=rss HTTP/1.1" 200 5816 "-" "Mozilla/5.0 (Linux; Android 6.0.1; Nexus 5X Build/MMB29P) AppleWebKit/537.36 (KHTML, like Gecko) Chrome/80.0.3987.92 Mobile Safari/537.36 (compatible; Googlebot/2.1; +http://www.google.com/bot.html)" 
66.249.66.48 - - [23/Jun/2020:02:17:18 -0700] "GET /content/statusupdates/?q=%23+%23IndieWeb&_t=rss HTTP/1.1" 200 7878 "-" "Mozilla/5.0 (Linux; Android 6.0.1; Nexus 5X Build/MMB29P) AppleWebKit/537.36 (KHTML, like Gecko) Chrome/80.0.3987.92 Mobile Safari/537.36 (compatible; Googlebot/2.1; +http://www.google.com/bot.html)" 
66.249.66.48 - - [23/Jun/2020:02:17:24 -0700] "GET /content/events/?q=%23sauerkraut HTTP/1.1" 200 8890 "-" "Mozilla/5.0 (Linux; Android 6.0.1; Nexus 5X Build/MMB29P) AppleWebKit/537.36 (KHTML, like Gecko) Chrome/80.0.3987.92 Mobile Safari/537.36 (compatible; Googlebot/2.1; +http://www.google.com/bot.html)" 
66.249.66.48 - - [23/Jun/2020:02:17:31 -0700] "GET /content/all/?offset=1257&_t=amp HTTP/1.1" 200 10935 "-" "Mozilla/5.0 (Linux; Android 6.0.1; Nexus 5X Build/MMB29P) AppleWebKit/537.36 (KHTML, like Gecko) Chrome/80.0.3987.92 Mobile Safari/537.36 (compatible; Googlebot/2.1; +http://www.google.com/bot.html)" 
54.36.148.81 - - [23/Jun/2020:02:17:35 -0700] "GET /2019/checked-into-ristorante-scarpone-1 HTTP/1.1" 200 9564 "-" "Mozilla/5.0 (compatible; AhrefsBot/6.1; +http://ahrefs.com/robot/)" 
204.122.16.6 - - [23/Jun/2020:02:17:37 -0700] "GET /robots.txt HTTP/1.1" 200 4276 "-" "yacybot (/global; amd64 Linux 5.7.4; java 1.8.0_201; America/en) http://yacy.net/bot.html" 
204.122.16.6 - - [23/Jun/2020:02:17:38 -0700] "GET /service/web/imageproxy/aHR0cHM6Ly9taWNyby5ibG9nL2tpbWJlcmx5aGlyc2gvYXZhdGFyLmpwZw,,/300/square HTTP/1.1" 200 10703 "-" "yacybot (/global; amd64 Linux 5.7.4; java 1.8.0_201; America/en) http://yacy.net/bot.html" 
66.249.66.48 - - [23/Jun/2020:02:17:42 -0700] "GET /content/statusupdates/?offset=349 HTTP/1.1" 200 11167 "-" "Mozilla/5.0 (Linux; Android 6.0.1; Nexus 5X Build/MMB29P) AppleWebKit/537.36 (KHTML, like Gecko) Chrome/80.0.3987.92 Mobile Safari/537.36 (compatible; Googlebot/2.1; +http://www.google.com/bot.html)" 
66.249.66.48 - - [23/Jun/2020:02:17:46 -0700] "GET /service/web/unfurl/?url=http%3A%2F%2Fwww.cookerybythebook.com%2Fhome%2F2016%2F10%2F7%2Fcbtb-37&__bTk=87025754331591b042a0666de03dd478bbb2d3a5ff9904e3877283a04f87432d&__bTs=1591488000 HTTP/1.1" 403 4979 "https://www.stream.jeremycherfas.net/content/statusupdates/?offset=349" "Mozilla/5.0 (Linux; Android 6.0.1; Nexus 5X Build/MMB29P) AppleWebKit/537.36 (KHTML, like Gecko) Chrome/83.0.4103.108 Mobile Safari/537.36 (compatible; Googlebot/2.1; +http://www.google.com/bot.html)" 
66.249.66.48 - - [23/Jun/2020:02:17:46 -0700] "GET /service/web/unfurl/?url=http%3A%2F%2Fwww.hearsayfestival.ie%2Fnew-2017-prize-shortlists%2F4593973316&__bTk=87025754331591b042a0666de03dd478bbb2d3a5ff9904e3877283a04f87432d&__bTs=1591488000 HTTP/1.1" 403 1313 "https://www.stream.jeremycherfas.net/content/statusupdates/?offset=349" "Mozilla/5.0 (Linux; Android 6.0.1; Nexus 5X Build/MMB29P) AppleWebKit/537.36 (KHTML, like Gecko) Chrome/83.0.4103.108 Mobile Safari/537.36 (compatible; Googlebot/2.1; +http://www.google.com/bot.html)" 
