107.178.237.24 - - [20/Jun/2020:05:33:02 -0700] "HEAD /2020/very-happy-with-the-service-from-widefitshoes HTTP/1.1" 200 4349 "-" "Bridgy (https://brid.gy/about)" 
167.86.79.150 - - [20/Jun/2020:05:33:04 -0700] "GET /file/82469351eff4f5736195bbd052882056 HTTP/1.1" 200 7987 "-" "Mozilla/5.0 (compatible; MJ12bot/v1.4.8; http://mj12bot.com/)" 
167.86.79.150 - - [20/Jun/2020:05:33:19 -0700] "GET /file/84f9861a2a5aadef41791806aeac5081/c5f74b7e59a2873c2ec341187dda0db1 HTTP/1.1" 500 128665 "-" "Mozilla/5.0 (compatible; MJ12bot/v1.4.8; http://mj12bot.com/)" 
167.86.79.150 - - [20/Jun/2020:05:33:24 -0700] "GET /file/857ac2f8920a04b8680cc70b9e435dd5 HTTP/1.1" 200 7987 "-" "Mozilla/5.0 (compatible; MJ12bot/v1.4.8; http://mj12bot.com/)" 
167.86.79.150 - - [20/Jun/2020:05:33:34 -0700] "GET /file/8b15d52030440a00324740f046f706dc/16440e384586c437c9a3a94cdcb01ec2 HTTP/1.1" 200 39850 "-" "Mozilla/5.0 (compatible; MJ12bot/v1.4.8; http://mj12bot.com/)" 
167.86.79.150 - - [20/Jun/2020:05:33:42 -0700] "GET /file/8ef5cbd71e175f9ad8a70c60859988a4/fb8aabb35fcaa84c1a1dea02dc610c32 HTTP/1.1" 200 133264 "-" "Mozilla/5.0 (compatible; MJ12bot/v1.4.8; http://mj12bot.com/)" 
167.86.79.150 - - [20/Jun/2020:05:33:53 -0700] "GET /file/953118dcd90c6158c7144f307ff79347 HTTP/1.1" 200 7987 "-" "Mozilla/5.0 (compatible; MJ12bot/v1.4.8; http://mj12bot.com/)" 
167.86.79.150 - - [20/Jun/2020:05:33:59 -0700] "GET /file/958161ddff5c0998750b69c9dc080452/4634f11b6b28deb9f9fefe9daa7df84a HTTP/1.1" 500 125745 "-" "Mozilla/5.0 (compatible; MJ12bot/v1.4.8; http://mj12bot.com/)" 
96.126.125.129 - - [20/Jun/2020:05:34:01 -0700] "GET /content/statusupdates/posts/photos/checkins/bookmarkedpages?_t=rss HTTP/1.1" 200 7427 "-" "Micro.blog/1.0" 
46.229.168.141 - - [20/Jun/2020:05:34:07 -0700] "GET /2018/piqd----podcast-discovery HTTP/1.1" 200 9362 "-" "Mozilla/5.0 (compatible; SemrushBot/6~bl; +http://www.semrush.com/bot.html)" 
167.86.79.150 - - [20/Jun/2020:05:34:18 -0700] "GET /file/95b9d2d714072251160b6e08be90e654/82e8adbb4f9fb59138d031b0452316af HTTP/1.1" 200 167280 "-" "Mozilla/5.0 (compatible; MJ12bot/v1.4.8; http://mj12bot.com/)" 
167.86.79.150 - - [20/Jun/2020:05:34:31 -0700] "GET /file/98d0e293d05c44c19f08e83a3c505dc2 HTTP/1.1" 200 21664 "-" "Mozilla/5.0 (compatible; MJ12bot/v1.4.8; http://mj12bot.com/)" 
167.86.79.150 - - [20/Jun/2020:05:34:36 -0700] "GET /file/997b1643542a3edda4cc10ebf119a7cb HTTP/1.1" 200 9872 "-" "Mozilla/5.0 (compatible; MJ12bot/v1.4.8; http://mj12bot.com/)" 
167.86.79.150 - - [20/Jun/2020:05:34:54 -0700] "GET /file/9adc0de57c61c587bf0b43eec0817d5f/af588bc5b726e88a19d24623ae10a370 HTTP/1.1" 500 102275 "-" "Mozilla/5.0 (compatible; MJ12bot/v1.4.8; http://mj12bot.com/)" 
46.229.168.146 - - [20/Jun/2020:05:34:57 -0700] "GET /content/events/?q=%23matin HTTP/1.1" 200 8270 "-" "Mozilla/5.0 (compatible; SemrushBot/6~bl; +http://www.semrush.com/bot.html)" 
167.86.79.150 - - [20/Jun/2020:05:35:07 -0700] "GET /file/9babc071c240da414a3a2c29d2d14a52 HTTP/1.1" 200 9872 "-" "Mozilla/5.0 (compatible; MJ12bot/v1.4.8; http://mj12bot.com/)" 
167.86.79.150 - - [20/Jun/2020:05:35:19 -0700] "GET /file/9c806b28aa2ef3eb9fdbadcb8fb142e0 HTTP/1.1" 200 7987 "-" "Mozilla/5.0 (compatible; MJ12bot/v1.4.8; http://mj12bot.com/)" 
167.86.79.150 - - [20/Jun/2020:05:35:36 -0700] "GET /file/9c8168ae4882d31b633c16e639e1d43b/1faa4e3d9c63f306e0c179adb1858e0f HTTP/1.1" 200 136152 "-" "Mozilla/5.0 (compatible; MJ12bot/v1.4.8; http://mj12bot.com/)" 
46.229.168.134 - - [20/Jun/2020:05:35:37 -0700] "GET /2017/i-looked-briefly-at-60db-when-it-was-announced-and HTTP/1.1" 200 9493 "-" "Mozilla/5.0 (compatible; SemrushBot/6~bl; +http://www.semrush.com/bot.html)" 
167.86.79.150 - - [20/Jun/2020:05:35:46 -0700] "GET /file/9ca7a64c73fc36b6017f77e7b55374aa HTTP/1.1" 200 8021 "-" "Mozilla/5.0 (compatible; MJ12bot/v1.4.8; http://mj12bot.com/)" 
207.46.13.166 - - [20/Jun/2020:05:35:46 -0700] "GET /2018/so-flattr-is-now-offering-a-way HTTP/1.1" 200 10681 "-" "Mozilla/5.0 (compatible; bingbot/2.0; +http://www.bing.com/bingbot.htm)" 
167.86.79.150 - - [20/Jun/2020:05:35:55 -0700] "GET /file/9ddff0ee779f7fd2097b435da8843f46/6405f12ebf35e0855d6e9a99b918936c HTTP/1.1" 200 103845 "-" "Mozilla/5.0 (compatible; MJ12bot/v1.4.8; http://mj12bot.com/)" 
40.77.167.148 - - [20/Jun/2020:05:35:58 -0700] "GET /IdnoPlugins/Checkin/external/stamen-maps/tile.stamen.min.js HTTP/1.1" 200 5655 "-" "Mozilla/5.0 (compatible; bingbot/2.0; +http://www.bing.com/bingbot.htm)" 
207.46.13.166 - - [20/Jun/2020:05:36:03 -0700] "GET /service/security/csrftoken/?url=https%3A%2F%2Fstream.jeremycherfas.net%2Fservice%2Fsystem%2Flog%2F HTTP/1.1" 403 18411 "-" "Mozilla/5.0 (compatible; bingbot/2.0; +http://www.bing.com/bingbot.htm)" 
207.46.13.166 - - [20/Jun/2020:05:36:03 -0700] "GET /vendor/rmm5t/jquery-timeago/jquery.timeago.js HTTP/1.1" 200 2991 "-" "Mozilla/5.0 (compatible; bingbot/2.0; +http://www.bing.com/bingbot.htm)" 
167.86.79.150 - - [20/Jun/2020:05:36:12 -0700] "GET /file/a440dcf33def27274e6a557268963423 HTTP/1.1" 200 9872 "-" "Mozilla/5.0 (compatible; MJ12bot/v1.4.8; http://mj12bot.com/)" 
167.86.79.150 - - [20/Jun/2020:05:36:20 -0700] "GET /file/a6fccaf356a38910b94d7312b10d62e6/18d6f2f8ad7f50b5057b5480f31bcb61 HTTP/1.1" 200 139432 "-" "Mozilla/5.0 (compatible; MJ12bot/v1.4.8; http://mj12bot.com/)" 
167.86.79.150 - - [20/Jun/2020:05:36:28 -0700] "GET /file/a8a4c3c68fce30e67320fcd9e7f8ffc6/thumb.jpg HTTP/1.1" 404 18135 "-" "Mozilla/5.0 (compatible; MJ12bot/v1.4.8; http://mj12bot.com/)" 
167.86.79.150 - - [20/Jun/2020:05:36:36 -0700] "GET /file/b0781ed8a8edea1b657a5ca7b5223948/a8107e7949b72c0e60738f23568d4ed0 HTTP/1.1" 200 132974 "-" "Mozilla/5.0 (compatible; MJ12bot/v1.4.8; http://mj12bot.com/)" 
167.86.79.150 - - [20/Jun/2020:05:36:50 -0700] "GET /file/b1ae18694be5dc3c1fb00f6f2c76fd00 HTTP/1.1" 404 18020 "-" "Mozilla/5.0 (compatible; MJ12bot/v1.4.8; http://mj12bot.com/)" 
46.229.168.136 - - [20/Jun/2020:05:36:55 -0700] "GET /content/events/?q=%23%2B%23leaven HTTP/1.1" 200 8316 "-" "Mozilla/5.0 (compatible; SemrushBot/6~bl; +http://www.semrush.com/bot.html)" 
167.86.79.150 - - [20/Jun/2020:05:36:57 -0700] "GET /file/b4ebe95d3c4bd261cc4f77f976f15e33/igbKm0td.jpg HTTP/1.1" 500 102385 "-" "Mozilla/5.0 (compatible; MJ12bot/v1.4.8; http://mj12bot.com/)" 
167.86.79.150 - - [20/Jun/2020:05:37:05 -0700] "GET /file/b6806e2ac81dc80ccc74f7072b70c5fa/bec515d0e7eefdf4d047b49e7fff467d HTTP/1.1" 200 323224 "-" "Mozilla/5.0 (compatible; MJ12bot/v1.4.8; http://mj12bot.com/)" 
167.86.79.150 - - [20/Jun/2020:05:37:14 -0700] "GET /file/b7cd7eb99918530064038eb99afe96a2 HTTP/1.1" 200 7987 "-" "Mozilla/5.0 (compatible; MJ12bot/v1.4.8; http://mj12bot.com/)" 
167.86.79.150 - - [20/Jun/2020:05:37:22 -0700] "GET /file/b82304ab3d5f9577c7eff4b1a05f76ae/igb2g2RH.jpg HTTP/1.1" 200 168740 "-" "Mozilla/5.0 (compatible; MJ12bot/v1.4.8; http://mj12bot.com/)" 
46.229.168.163 - - [20/Jun/2020:05:37:27 -0700] "GET /?offset=84&q=%23%2B%23indieweb HTTP/1.1" 200 13660 "-" "Mozilla/5.0 (compatible; SemrushBot/6~bl; +http://www.semrush.com/bot.html)" 
167.86.79.150 - - [20/Jun/2020:05:37:35 -0700] "GET /file/b8a653d563aab9a70b584a3634cfbc9f/gef-social-media.jpeg HTTP/1.1" 200 207253 "-" "Mozilla/5.0 (compatible; MJ12bot/v1.4.8; http://mj12bot.com/)" 
46.229.168.129 - - [20/Jun/2020:05:37:37 -0700] "GET /content/all/?offset=44&q=%23%2B%23%23bread HTTP/1.1" 200 12193 "-" "Mozilla/5.0 (compatible; SemrushBot/6~bl; +http://www.semrush.com/bot.html)" 
46.229.168.153 - - [20/Jun/2020:05:37:42 -0700] "GET /?offset=26&q=%23bread HTTP/1.1" 200 12942 "-" "Mozilla/5.0 (compatible; SemrushBot/6~bl; +http://www.semrush.com/bot.html)" 
167.86.79.150 - - [20/Jun/2020:05:37:49 -0700] "GET /file/ba413620da6636190e8e02e61ad17c8d/thumb.jpg HTTP/1.1" 404 18135 "-" "Mozilla/5.0 (compatible; MJ12bot/v1.4.8; http://mj12bot.com/)" 
167.86.79.150 - - [20/Jun/2020:05:37:55 -0700] "GET /file/bab6666c6c57776dc7b519ee40bca473 HTTP/1.1" 404 18020 "-" "Mozilla/5.0 (compatible; MJ12bot/v1.4.8; http://mj12bot.com/)" 
167.86.79.150 - - [20/Jun/2020:05:38:06 -0700] "GET /file/bb28ce8f03755de12dcbdefaf0c4207c HTTP/1.1" 200 9872 "-" "Mozilla/5.0 (compatible; MJ12bot/v1.4.8; http://mj12bot.com/)" 
167.86.79.150 - - [20/Jun/2020:05:38:18 -0700] "GET /file/bc32912947b008f1468739b3a1181513/ac660790d698ed4530770a2cde0a6266 HTTP/1.1" 500 189985 "-" "Mozilla/5.0 (compatible; MJ12bot/v1.4.8; http://mj12bot.com/)" 
167.86.79.150 - - [20/Jun/2020:05:38:27 -0700] "GET /file/bf39f17899550f500235d7e80a799dcf/7f6910b1222e17bc8612d5b0b096bf86 HTTP/1.1" 200 122825 "-" "Mozilla/5.0 (compatible; MJ12bot/v1.4.8; http://mj12bot.com/)" 
167.86.79.150 - - [20/Jun/2020:05:38:36 -0700] "GET /file/bf4360d1c59f76352bfa7a39814d2f61/bdbb613591d7846fcc6112bd7468c361 HTTP/1.1" 500 99465 "-" "Mozilla/5.0 (compatible; MJ12bot/v1.4.8; http://mj12bot.com/)" 
46.229.168.161 - - [20/Jun/2020:05:38:45 -0700] "GET /2018/consider-flour-as-flavour-bakers-turn-to-whole-grains-to HTTP/1.1" 200 9735 "-" "Mozilla/5.0 (compatible; SemrushBot/6~bl; +http://www.semrush.com/bot.html)" 
54.37.22.47 - - [20/Jun/2020:05:38:49 -0700] "GET /gfx/users/default-00.png HTTP/1.1" 200 8882 "-" "-" 
46.229.168.131 - - [20/Jun/2020:05:38:55 -0700] "GET /?offset=7&q=%23withknown HTTP/1.1" 200 10913 "-" "Mozilla/5.0 (compatible; SemrushBot/6~bl; +http://www.semrush.com/bot.html)" 
167.86.79.150 - - [20/Jun/2020:05:38:55 -0700] "GET /file/c1ce60d2c06d7a408893e5160cb30aaa/thumb.jpg HTTP/1.1" 200 25081 "-" "Mozilla/5.0 (compatible; MJ12bot/v1.4.8; http://mj12bot.com/)" 
167.86.79.150 - - [20/Jun/2020:05:39:09 -0700] "GET /file/c62f3328efa54a53a0d5a1680f74ea72 HTTP/1.1" 404 18020 "-" "Mozilla/5.0 (compatible; MJ12bot/v1.4.8; http://mj12bot.com/)" 
167.86.79.150 - - [20/Jun/2020:05:39:17 -0700] "GET /file/c9fd9260560abf81cf438026647b4bbd/igVI9NQg.jpg HTTP/1.1" 200 146322 "-" "Mozilla/5.0 (compatible; MJ12bot/v1.4.8; http://mj12bot.com/)" 
167.86.79.150 - - [20/Jun/2020:05:39:27 -0700] "GET /file/cae80de4f3d209fa73a28272bfa4e2aa/c774bfad5bf157c1b86208eaf67d61e0 HTTP/1.1" 200 97063 "-" "Mozilla/5.0 (compatible; MJ12bot/v1.4.8; http://mj12bot.com/)" 
167.86.79.150 - - [20/Jun/2020:05:39:40 -0700] "GET /file/cccf832a8797ef059d2db495549eda9f HTTP/1.1" 200 7987 "-" "Mozilla/5.0 (compatible; MJ12bot/v1.4.8; http://mj12bot.com/)" 
167.86.79.150 - - [20/Jun/2020:05:39:56 -0700] "GET /file/d0430f92f33b8b0fac29673c972c147d/ba5893b689294bdd4eef620f9bed9234 HTTP/1.1" 200 131475 "-" "Mozilla/5.0 (compatible; MJ12bot/v1.4.8; http://mj12bot.com/)" 
77.88.5.71 - - [20/Jun/2020:05:40:06 -0700] "GET /robots.txt HTTP/1.1" 200 4288 "-" "Mozilla/5.0 (compatible; YandexBot/3.0; +http://yandex.com/bots)" 
167.86.79.150 - - [20/Jun/2020:05:40:07 -0700] "GET /file/d46970441703b9f8c123ccb029ec569f HTTP/1.1" 200 9872 "-" "Mozilla/5.0 (compatible; MJ12bot/v1.4.8; http://mj12bot.com/)" 
77.88.5.71 - - [20/Jun/2020:05:40:09 -0700] "GET /view/a059b6df5d93f23c916bc74d55cbf902 HTTP/1.1" 200 9287 "-" "Mozilla/5.0 (compatible; YandexBot/3.0; +http://yandex.com/bots)" 
46.229.168.134 - - [20/Jun/2020:05:40:28 -0700] "GET /?offset=47&q=%23WithKnown HTTP/1.1" 200 11347 "-" "Mozilla/5.0 (compatible; SemrushBot/6~bl; +http://www.semrush.com/bot.html)" 
167.86.79.150 - - [20/Jun/2020:05:40:29 -0700] "GET /file/d53a2d1995b5fb8beb0d3d24edfb0bcd/9f568a47be56f3c20bc17bc5c12d1af0 HTTP/1.1" 200 69399 "-" "Mozilla/5.0 (compatible; MJ12bot/v1.4.8; http://mj12bot.com/)" 
167.86.79.150 - - [20/Jun/2020:05:40:39 -0700] "GET /file/dda18aa150b3750945db52db2f4d37a7/84d23e402075c8dd2b3c76573ea6edc5 HTTP/1.1" 200 169545 "-" "Mozilla/5.0 (compatible; MJ12bot/v1.4.8; http://mj12bot.com/)" 
46.229.168.141 - - [20/Jun/2020:05:40:40 -0700] "GET /content/all/?offset=19&q=%23sourdough HTTP/1.1" 200 11612 "-" "Mozilla/5.0 (compatible; SemrushBot/6~bl; +http://www.semrush.com/bot.html)" 
46.229.168.148 - - [20/Jun/2020:05:40:46 -0700] "GET /content/all/?offset=124&q=%23IndieWeb HTTP/1.1" 200 11289 "-" "Mozilla/5.0 (compatible; SemrushBot/6~bl; +http://www.semrush.com/bot.html)" 
167.86.79.150 - - [20/Jun/2020:05:40:50 -0700] "GET /file/dfe93b0cadacc698047a575d95356cdb/AAF0DEC1-1D40-4DCD-AC57-F56052027754.jpeg HTTP/1.1" 200 338196 "-" "Mozilla/5.0 (compatible; MJ12bot/v1.4.8; http://mj12bot.com/)" 
167.86.79.150 - - [20/Jun/2020:05:40:58 -0700] "GET /file/e24ae4a247c9efc2213012085680e04a HTTP/1.1" 200 8227 "-" "Mozilla/5.0 (compatible; MJ12bot/v1.4.8; http://mj12bot.com/)" 
167.86.79.150 - - [20/Jun/2020:05:41:27 -0700] "GET /file/e28bb6f90849f872482260f08a2092ef/b7e10ed00274340ee2e049b4f83525f4 HTTP/1.1" 200 137649 "-" "Mozilla/5.0 (compatible; MJ12bot/v1.4.8; http://mj12bot.com/)" 
167.86.79.150 - - [20/Jun/2020:05:41:38 -0700] "GET /file/e44f4741fac54729d2d9e10ce151bf56 HTTP/1.1" 404 18020 "-" "Mozilla/5.0 (compatible; MJ12bot/v1.4.8; http://mj12bot.com/)" 
46.229.168.130 - - [20/Jun/2020:05:41:42 -0700] "GET /content/posts/?offset=19&q=%23indieweb HTTP/1.1" 200 15725 "-" "Mozilla/5.0 (compatible; SemrushBot/6~bl; +http://www.semrush.com/bot.html)" 
167.86.79.150 - - [20/Jun/2020:05:41:50 -0700] "GET /file/eaa3702eeae300d8b0329606209364b4 HTTP/1.1" 404 18020 "-" "Mozilla/5.0 (compatible; MJ12bot/v1.4.8; http://mj12bot.com/)" 
167.86.79.150 - - [20/Jun/2020:05:42:02 -0700] "GET /file/ed49af5218ef570348096a4ce790357f/28bc88f9d0274b5ec4b60865417a1d07 HTTP/1.1" 200 119877 "-" "Mozilla/5.0 (compatible; MJ12bot/v1.4.8; http://mj12bot.com/)" 
46.229.168.133 - - [20/Jun/2020:05:42:03 -0700] "GET /2019/hippeastrum-seed-capsule HTTP/1.1" 200 14472 "-" "Mozilla/5.0 (compatible; SemrushBot/6~bl; +http://www.semrush.com/bot.html)" 
167.86.79.150 - - [20/Jun/2020:05:42:13 -0700] "GET /file/f05079f4fa4fd97e479219f28e4ded02 HTTP/1.1" 200 7987 "-" "Mozilla/5.0 (compatible; MJ12bot/v1.4.8; http://mj12bot.com/)" 
167.86.79.150 - - [20/Jun/2020:05:42:21 -0700] "GET /file/f14d3502f7e0b59d57a12ff41c1ccfa6/igV0N8D6.jpg HTTP/1.1" 500 134505 "-" "Mozilla/5.0 (compatible; MJ12bot/v1.4.8; http://mj12bot.com/)" 
96.126.125.129 - - [20/Jun/2020:05:42:30 -0700] "GET /content/statusupdates/posts/photos/checkins/bookmarkedpages?_t=rss HTTP/1.1" 200 7427 "-" "Micro.blog/1.0" 
167.86.79.150 - - [20/Jun/2020:05:42:31 -0700] "GET /file/f1732e7737e4fe634d0521095cbe160f HTTP/1.1" 200 7990 "-" "Mozilla/5.0 (compatible; MJ12bot/v1.4.8; http://mj12bot.com/)" 
167.86.79.150 - - [20/Jun/2020:05:42:43 -0700] "GET /file/f2692445aed1abb9ba9a3b3c1a1ca7e6/0ad342b720b2d30bbdc676d099dea30e HTTP/1.1" 500 96545 "-" "Mozilla/5.0 (compatible; MJ12bot/v1.4.8; http://mj12bot.com/)" 
167.86.79.150 - - [20/Jun/2020:05:42:50 -0700] "GET /file/f48afbd6112ddbe7ef017552678d51bf/4ec388410f7f0239a6afe0e0d98fa07a HTTP/1.1" 200 160785 "-" "Mozilla/5.0 (compatible; MJ12bot/v1.4.8; http://mj12bot.com/)" 
167.86.79.150 - - [20/Jun/2020:05:43:05 -0700] "GET /file/f7149741b354aac692a19f9edcb395d2 HTTP/1.1" 200 9872 "-" "Mozilla/5.0 (compatible; MJ12bot/v1.4.8; http://mj12bot.com/)" 
46.229.168.162 - - [20/Jun/2020:05:43:11 -0700] "GET /tag/Indieweb?offset=120 HTTP/1.1" 200 11437 "-" "Mozilla/5.0 (compatible; SemrushBot/6~bl; +http://www.semrush.com/bot.html)" 
167.86.79.150 - - [20/Jun/2020:05:43:12 -0700] "GET /file/f9cc2c8631e2401198d6c3830ffd7d39/0104e427ba9eb6e6466abc0f8b3a6ced HTTP/1.1" 200 78176 "-" "Mozilla/5.0 (compatible; MJ12bot/v1.4.8; http://mj12bot.com/)" 
167.86.79.150 - - [20/Jun/2020:05:43:40 -0700] "GET /file/fae5d63913da556212dee6c6776d73e0 HTTP/1.1" 200 9872 "-" "Mozilla/5.0 (compatible; MJ12bot/v1.4.8; http://mj12bot.com/)" 
46.229.168.146 - - [20/Jun/2020:05:43:41 -0700] "GET /?offset=50&q=%23indieweb HTTP/1.1" 200 12463 "-" "Mozilla/5.0 (compatible; SemrushBot/6~bl; +http://www.semrush.com/bot.html)" 
167.86.79.150 - - [20/Jun/2020:05:43:48 -0700] "GET /file/fb9e95b0a07565ec2bf6448f2f277f03/89c47a010e639dc3fa84125713eeb75f HTTP/1.1" 200 139763 "-" "Mozilla/5.0 (compatible; MJ12bot/v1.4.8; http://mj12bot.com/)" 
167.86.79.150 - - [20/Jun/2020:05:43:58 -0700] "GET /file/fc4cd6f64f4b2812a2eba4fe8136eba6/8eea3f8bb2211a0776bc7cab2a18315a HTTP/1.1" 200 142901 "-" "Mozilla/5.0 (compatible; MJ12bot/v1.4.8; http://mj12bot.com/)" 
167.86.79.150 - - [20/Jun/2020:05:44:10 -0700] "GET /file/ff3200e38f8e86f69a2e5f1690cbd69d/fcc8fd35b1409e063eb80d1f994355e9 HTTP/1.1" 200 277208 "-" "Mozilla/5.0 (compatible; MJ12bot/v1.4.8; http://mj12bot.com/)" 
167.86.79.150 - - [20/Jun/2020:05:44:19 -0700] "GET /service/web/imageproxy/aHR0cHM6Ly93d3cuZ3JhdmF0YXIuY29tL2F2YXRhci83NTVjMmI0NTlkYmZkNDJjOTZhMzA2NmM5NGU5NGEzMT9zPTk2/300/square HTTP/1.1" 200 8209 "-" "Mozilla/5.0 (compatible; MJ12bot/v1.4.8; http://mj12bot.com/)" 
167.86.79.150 - - [20/Jun/2020:05:44:34 -0700] "GET /service/web/imageproxy/aHR0cHM6Ly93d3cuZ3JhdmF0YXIuY29tL2F2YXRhci85OTY0MzgxY2RjY2ZmNWZlZDI4YTJmODViZDZmZGMzNj9zPTk2JmQ9aHR0cHMlM0ElMkYlMkZtaWNyby5ibG9nJTJGaW1hZ2VzJTJGYmxhbmtfYXZhdGFyLnBuZw,,/300/square HTTP/1.1" 200 7866 "-" "Mozilla/5.0 (compatible; MJ12bot/v1.4.8; http://mj12bot.com/)" 
167.86.79.150 - - [20/Jun/2020:05:44:40 -0700] "GET /service/web/imageproxy/aHR0cHM6Ly93d3cuZ3JhdmF0YXIuY29tL2F2YXRhci8zNGEzN2IzMWE0NzI2YmM1YTI5ZDZlNTYwMzQ1ODZmZj9zPTk2JmQ9aHR0cHMlM0ElMkYlMkZtaWNyby5ibG9nJTJGaW1hZ2VzJTJGYmxhbmtfYXZhdGFyLnBuZw,,/300/square HTTP/1.1" 200 8184 "-" "Mozilla/5.0 (compatible; MJ12bot/v1.4.8; http://mj12bot.com/)" 
46.229.168.130 - - [20/Jun/2020:05:44:44 -0700] "GET /tag/IndieWeb?offset=141 HTTP/1.1" 200 9538 "-" "Mozilla/5.0 (compatible; SemrushBot/6~bl; +http://www.semrush.com/bot.html)" 
167.86.79.150 - - [20/Jun/2020:05:44:47 -0700] "GET /service/web/imageproxy/aHR0cHM6Ly93d3cuZ3JhdmF0YXIuY29tL2F2YXRhci9jYjdiMzQ4NTNhNDVhMTI1ODUyZjU2NjZiYWE1OTU1Yz9zPTk2JmQ9aHR0cHMlM0ElMkYlMkZtaWNyby5ibG9nJTJGaW1hZ2VzJTJGYmxhbmtfYXZhdGFyLnBuZw,,/300/square HTTP/1.1" 200 7482 "-" "Mozilla/5.0 (compatible; MJ12bot/v1.4.8; http://mj12bot.com/)" 
46.229.168.153 - - [20/Jun/2020:05:44:48 -0700] "GET /?offset=56&q=%23%2B%23podcast HTTP/1.1" 200 8674 "-" "Mozilla/5.0 (compatible; SemrushBot/6~bl; +http://www.semrush.com/bot.html)" 
167.86.79.150 - - [20/Jun/2020:05:44:57 -0700] "GET /service/web/imageproxy/aHR0cHM6Ly93d3cuZ3JhdmF0YXIuY29tL2F2YXRhci9mMDkwZjQzZmY3MWVkOGM5OTM1YjYxMDI5M2E1YTIyZD9zPTk2JmQ9aHR0cHMlM0ElMkYlMkZtaWNyby5ibG9nJTJGaW1hZ2VzJTJGYmxhbmtfYXZhdGFyLnBuZw,,/300/square HTTP/1.1" 200 8430 "-" "Mozilla/5.0 (compatible; MJ12bot/v1.4.8; http://mj12bot.com/)" 
46.229.168.137 - - [20/Jun/2020:05:45:04 -0700] "GET /tag/Sourdough?offset=16 HTTP/1.1" 200 11651 "-" "Mozilla/5.0 (compatible; SemrushBot/6~bl; +http://www.semrush.com/bot.html)" 
64.111.100.215 - - [20/Jun/2020:05:45:06 -0700] "GET /content/all?_t=rss HTTP/1.1" 200 13896 "-" "Mozilla/5.0 (X11; U; Linux i686; fr; rv:1.9.1.1) Gecko/20090715 Firefox/3.5.1" 
167.86.79.150 - - [20/Jun/2020:05:45:09 -0700] "GET /service/web/imageproxy/aHR0cHM6Ly93d3cuZ3JhdmF0YXIuY29tL2F2YXRhci9mYmYzMDViYjI5Zjk1NjY0YjI3NzE5NmVmYWU1NmE3Zj9zPTk2JmQ9aHR0cHMlM0ElMkYlMkZtaWNyby5ibG9nJTJGaW1hZ2VzJTJGYmxhbmtfYXZhdGFyLnBuZw,,/300/square HTTP/1.1" 200 12086 "-" "Mozilla/5.0 (compatible; MJ12bot/v1.4.8; http://mj12bot.com/)" 
46.229.168.140 - - [20/Jun/2020:05:45:14 -0700] "GET /tag/photo?offset=13 HTTP/1.1" 200 12025 "-" "Mozilla/5.0 (compatible; SemrushBot/6~bl; +http://www.semrush.com/bot.html)" 
66.249.92.47 - - [20/Jun/2020:05:45:17 -0700] "GET /2018/whats-the-problem HTTP/1.1" 200 11199 "-" "Mozilla/5.0 (compatible; GoogleDocs; apps-spreadsheets; +http://docs.google.com)" 
46.229.168.152 - - [20/Jun/2020:05:45:19 -0700] "GET /?offset=24&q=%23IndieWeb HTTP/1.1" 200 11540 "-" "Mozilla/5.0 (compatible; SemrushBot/6~bl; +http://www.semrush.com/bot.html)" 
167.86.79.150 - - [20/Jun/2020:05:45:21 -0700] "GET /service/web/imageproxy/aHR0cHM6Ly9taWNyby5ibG9nL0luZmluaXRlUGxheWVyL2F2YXRhci5qcGc,/300/square HTTP/1.1" 500 4294 "-" "Mozilla/5.0 (compatible; MJ12bot/v1.4.8; http://mj12bot.com/)" 
167.86.79.150 - - [20/Jun/2020:05:45:27 -0700] "GET /service/web/imageproxy/aHR0cHM6Ly9taWNyby5ibG9nL1N5bGFyaS9hdmF0YXIuanBn/300/square HTTP/1.1" 200 22415 "-" "Mozilla/5.0 (compatible; MJ12bot/v1.4.8; http://mj12bot.com/)" 
167.86.79.150 - - [20/Jun/2020:05:45:35 -0700] "GET /service/web/imageproxy/aHR0cHM6Ly9taWNyby5ibG9nL21hcnRpbmZlbGQvYXZhdGFyLmpwZw,,/300/square HTTP/1.1" 200 13063 "-" "Mozilla/5.0 (compatible; MJ12bot/v1.4.8; http://mj12bot.com/)" 
167.86.79.150 - - [20/Jun/2020:05:45:44 -0700] "GET /service/web/imageproxy/aHR0cHM6Ly9taWNyby5ibG9nL2RlanVzL2F2YXRhci5qcGc,/300/square HTTP/1.1" 200 27952 "-" "Mozilla/5.0 (compatible; MJ12bot/v1.4.8; http://mj12bot.com/)" 
167.86.79.150 - - [20/Jun/2020:05:45:51 -0700] "GET /service/web/imageproxy/aHR0cHM6Ly9taWNyby5ibG9nL2Rvbm92YW53YXR0cy9hdmF0YXIuanBn/300/square HTTP/1.1" 200 23773 "-" "Mozilla/5.0 (compatible; MJ12bot/v1.4.8; http://mj12bot.com/)" 
167.86.79.150 - - [20/Jun/2020:05:45:58 -0700] "GET /service/web/imageproxy/aHR0cHM6Ly9taWNyby5ibG9nL2dyYXlhcmVhcy9hdmF0YXIuanBn/300/square HTTP/1.1" 200 21470 "-" "Mozilla/5.0 (compatible; MJ12bot/v1.4.8; http://mj12bot.com/)" 
46.229.168.136 - - [20/Jun/2020:05:46:06 -0700] "GET /2017/i-get-an-error-when-trying-to-compute-the-signature HTTP/1.1" 200 9525 "-" "Mozilla/5.0 (compatible; SemrushBot/6~bl; +http://www.semrush.com/bot.html)" 
167.86.79.150 - - [20/Jun/2020:05:46:08 -0700] "GET /service/web/imageproxy/aHR0cHM6Ly9taWNyby5ibG9nL2t1bHR1cm5hdGlvbi9hdmF0YXIuanBn/300/square HTTP/1.1" 200 13499 "-" "Mozilla/5.0 (compatible; MJ12bot/v1.4.8; http://mj12bot.com/)" 
207.46.13.166 - - [20/Jun/2020:05:46:13 -0700] "GET /2019/the-farmers-who-benefit-from-fair-trade HTTP/1.1" 200 10704 "-" "Mozilla/5.0 (compatible; bingbot/2.0; +http://www.bing.com/bingbot.htm)" 
167.86.79.150 - - [20/Jun/2020:05:46:15 -0700] "GET /service/web/imageproxy/aHR0cHM6Ly9taWNyby5ibG9nL2tsYW5kd2Voci9hdmF0YXIuanBn/300/square HTTP/1.1" 200 23819 "-" "Mozilla/5.0 (compatible; MJ12bot/v1.4.8; http://mj12bot.com/)" 
46.229.168.149 - - [20/Jun/2020:05:46:19 -0700] "GET /2019/if-you-want-people-do-to-something-make-it-easy HTTP/1.1" 200 9570 "-" "Mozilla/5.0 (compatible; SemrushBot/6~bl; +http://www.semrush.com/bot.html)" 
167.86.79.150 - - [20/Jun/2020:05:46:23 -0700] "GET /service/web/imageproxy/aHR0cHM6Ly9taWNyby5ibG9nL2xpei9hdmF0YXIuanBn/300/square HTTP/1.1" 200 59343 "-" "Mozilla/5.0 (compatible; MJ12bot/v1.4.8; http://mj12bot.com/)" 
167.86.79.150 - - [20/Jun/2020:05:46:32 -0700] "GET /service/web/imageproxy/aHR0cHM6Ly9wYnMudHdpbWcuY29tL3Byb2ZpbGVfaW1hZ2VzLzEwMzk5ODMxMjcxNDQzNTc4ODkvOHZHcGNNUTcuanBn/300/square HTTP/1.1" 200 16700 "-" "Mozilla/5.0 (compatible; MJ12bot/v1.4.8; http://mj12bot.com/)" 
167.86.79.150 - - [20/Jun/2020:05:46:39 -0700] "GET /service/web/imageproxy/aHR0cHM6Ly9wYnMudHdpbWcuY29tL3Byb2ZpbGVfaW1hZ2VzLzEwOTY4NDA0OTcwMzE1NjUzMTIvVEQyOEctRy0ucG5n/300/square HTTP/1.1" 500 4326 "-" "Mozilla/5.0 (compatible; MJ12bot/v1.4.8; http://mj12bot.com/)" 
167.86.79.150 - - [20/Jun/2020:05:46:52 -0700] "GET /service/web/imageproxy/aHR0cHM6Ly9wYnMudHdpbWcuY29tL3Byb2ZpbGVfaW1hZ2VzLzQ2MzM5NDg3MDQ2NDI0MTY2NC93LXNqLV9MeC5qcGVn/300/square HTTP/1.1" 200 16700 "-" "Mozilla/5.0 (compatible; MJ12bot/v1.4.8; http://mj12bot.com/)" 
167.86.79.150 - - [20/Jun/2020:05:47:01 -0700] "GET /service/web/imageproxy/aHR0cHM6Ly9wYnMudHdpbWcuY29tL3Byb2ZpbGVfaW1hZ2VzLzczNDg5MDQyMDYwMjIwODI1Ni93RUNab2J0TS5qcGc,/300/square HTTP/1.1" 500 4326 "-" "Mozilla/5.0 (compatible; MJ12bot/v1.4.8; http://mj12bot.com/)" 
167.86.79.150 - - [20/Jun/2020:05:47:12 -0700] "GET /service/web/imageproxy/aHR0cHM6Ly9wYnMudHdpbWcuY29tL3Byb2ZpbGVfaW1hZ2VzLzkwNjA5MTAxMTEzNDMwODM1NC9VVGo2bGhGVC5qcGc,/300/square HTTP/1.1" 200 20700 "-" "Mozilla/5.0 (compatible; MJ12bot/v1.4.8; http://mj12bot.com/)" 
167.86.79.150 - - [20/Jun/2020:05:47:25 -0700] "GET /tag/+%23%23indieweb?offset=0 HTTP/1.1" 200 14752 "-" "Mozilla/5.0 (compatible; MJ12bot/v1.4.8; http://mj12bot.com/)" 
46.229.168.151 - - [20/Jun/2020:05:47:27 -0700] "GET /2018/there-is-no-justification-for-what-mark-zuckerberg-did-to HTTP/1.1" 200 9413 "-" "Mozilla/5.0 (compatible; SemrushBot/6~bl; +http://www.semrush.com/bot.html)" 
167.86.79.150 - - [20/Jun/2020:05:47:32 -0700] "GET /tag/+%23Http://agro.biodiver.se/?offset=0 HTTP/1.1" 200 12530 "-" "Mozilla/5.0 (compatible; MJ12bot/v1.4.8; http://mj12bot.com/)" 
167.86.79.150 - - [20/Jun/2020:05:47:44 -0700] "GET /tag/+%23Http://agro.biodiver.se/?offset=10&_t=rss HTTP/1.1" 200 12545 "-" "Mozilla/5.0 (compatible; MJ12bot/v1.4.8; http://mj12bot.com/)" 
167.86.79.150 - - [20/Jun/2020:05:47:55 -0700] "GET /tag/+%23Http://www.marigoldroma.com/?_t=rss&offset=10 HTTP/1.1" 200 12548 "-" "Mozilla/5.0 (compatible; MJ12bot/v1.4.8; http://mj12bot.com/)" 
45.79.26.51 - - [20/Jun/2020:05:48:17 -0700] "GET /content/statusupdates/posts/photos/checkins/bookmarkedpages?_t=rss HTTP/1.1" 200 7422 "-" "Micro.blog/1.0" 
46.229.168.139 - - [20/Jun/2020:05:48:56 -0700] "GET /content/statusupdates/?q=%23changingglobaldiets HTTP/1.1" 200 8920 "-" "Mozilla/5.0 (compatible; SemrushBot/6~bl; +http://www.semrush.com/bot.html)" 
46.229.168.138 - - [20/Jun/2020:05:49:25 -0700] "GET /2018/do-websites-want-to-force-us-to-use-reader-mode HTTP/1.1" 200 9252 "-" "Mozilla/5.0 (compatible; SemrushBot/6~bl; +http://www.semrush.com/bot.html)" 
46.229.168.137 - - [20/Jun/2020:05:50:37 -0700] "GET /content/bookmarkedpages/?offset=10&q=%23IndieWeb HTTP/1.1" 200 10839 "-" "Mozilla/5.0 (compatible; SemrushBot/6~bl; +http://www.semrush.com/bot.html)" 
46.229.168.143 - - [20/Jun/2020:05:50:58 -0700] "GET /2018/20181108wordpress-meetup-presentation-decentralized-social-networking-with-wordpress-because-of-chris-aldrich HTTP/1.1" 200 9488 "-" "Mozilla/5.0 (compatible; SemrushBot/6~bl; +http://www.semrush.com/bot.html)" 
54.36.149.59 - - [20/Jun/2020:05:52:43 -0700] "GET /content/posts/?q=%23+%23cooking HTTP/1.1" 200 9054 "-" "Mozilla/5.0 (compatible; AhrefsBot/6.1; +http://ahrefs.com/robot/)" 
46.229.168.130 - - [20/Jun/2020:05:52:57 -0700] "GET /content/all/?offset=116&q=%23indieweb HTTP/1.1" 200 12124 "-" "Mozilla/5.0 (compatible; SemrushBot/6~bl; +http://www.semrush.com/bot.html)" 
66.249.66.48 - - [20/Jun/2020:05:55:03 -0700] "GET /robots.txt HTTP/1.1" 200 4857 "-" "Mozilla/5.0 (compatible; Googlebot/2.1; +http://www.google.com/bot.html)" 
66.249.66.48 - - [20/Jun/2020:05:55:03 -0700] "GET /file/ef801e05730eba56004c5b712ad84731/thumb.jpg HTTP/1.1" 200 22752 "-" "Googlebot-Image/1.0" 
66.249.66.44 - - [20/Jun/2020:05:55:10 -0700] "GET /file/ef801e05730eba56004c5b712ad84731/thumb.jpg HTTP/1.1" 200 26424 "-" "Googlebot-Image/1.0" 
46.229.168.138 - - [20/Jun/2020:05:55:59 -0700] "GET /content/posts/?offset=12&q=%23withknown HTTP/1.1" 200 9012 "-" "Mozilla/5.0 (compatible; SemrushBot/6~bl; +http://www.semrush.com/bot.html)" 
5.9.138.189 - - [20/Jun/2020:05:56:56 -0700] "GET /robots.txt HTTP/1.1" 200 4312 "-" "Mozilla/5.0 (compatible; MJ12bot/v1.4.8; http://mj12bot.com/)" 
46.229.168.152 - - [20/Jun/2020:05:56:59 -0700] "GET /?offset=2&q=%23%2B%23Rome HTTP/1.1" 200 12838 "-" "Mozilla/5.0 (compatible; SemrushBot/6~bl; +http://www.semrush.com/bot.html)" 
5.9.138.189 - - [20/Jun/2020:05:57:01 -0700] "GET /2020/whats-so-very-strange-about-reading-this HTTP/1.1" 200 9443 "-" "Mozilla/5.0 (compatible; MJ12bot/v1.4.8; http://mj12bot.com/)" 
5.9.138.189 - - [20/Jun/2020:05:57:04 -0700] "GET /2020/why-cant-food-scientists-and-nutritionists-be-friends HTTP/1.1" 200 10777 "-" "Mozilla/5.0 (compatible; MJ12bot/v1.4.8; http://mj12bot.com/)" 
5.9.138.189 - - [20/Jun/2020:05:57:06 -0700] "GET /2020/youre-right-apologies-for-that-apparently-those HTTP/1.1" 200 9462 "-" "Mozilla/5.0 (compatible; MJ12bot/v1.4.8; http://mj12bot.com/)" 
5.9.138.189 - - [20/Jun/2020:05:57:12 -0700] "GET /?offset=50&_t=rss HTTP/1.1" 200 7634 "-" "Mozilla/5.0 (compatible; MJ12bot/v1.4.8; http://mj12bot.com/)" 
5.9.138.189 - - [20/Jun/2020:05:57:14 -0700] "GET /?offset=70 HTTP/1.1" 200 11765 "-" "Mozilla/5.0 (compatible; MJ12bot/v1.4.8; http://mj12bot.com/)" 
5.9.138.189 - - [20/Jun/2020:05:57:22 -0700] "GET /?q=%23%20%23%23indieweb&offset=110 HTTP/1.1" 200 12461 "-" "Mozilla/5.0 (compatible; MJ12bot/v1.4.8; http://mj12bot.com/)" 
5.9.138.189 - - [20/Jun/2020:05:57:25 -0700] "GET /?q=%23%20%23IndieWeb&offset=30&_t=rss HTTP/1.1" 200 8853 "-" "Mozilla/5.0 (compatible; MJ12bot/v1.4.8; http://mj12bot.com/)" 
5.9.138.189 - - [20/Jun/2020:05:57:27 -0700] "GET /?q=%23%20%23Rome&offset=13 HTTP/1.1" 200 8910 "-" "Mozilla/5.0 (compatible; MJ12bot/v1.4.8; http://mj12bot.com/)" 
54.36.148.222 - - [20/Jun/2020:05:57:29 -0700] "GET /content/posts/?q=%23+%23indieweb&offset=0 HTTP/1.1" 200 17352 "-" "Mozilla/5.0 (compatible; AhrefsBot/6.1; +http://ahrefs.com/robot/)" 
5.9.138.189 - - [20/Jun/2020:05:57:30 -0700] "GET /?q=%23%20%23WithKnown&offset=55 HTTP/1.1" 200 8515 "-" "Mozilla/5.0 (compatible; MJ12bot/v1.4.8; http://mj12bot.com/)" 
5.9.138.189 - - [20/Jun/2020:05:57:33 -0700] "GET /?q=%23%20%23photo&offset=23 HTTP/1.1" 200 8604 "-" "Mozilla/5.0 (compatible; MJ12bot/v1.4.8; http://mj12bot.com/)" 
5.9.138.189 - - [20/Jun/2020:05:57:36 -0700] "GET /?q=%23%20%23podcasting&_t=rss HTTP/1.1" 200 8920 "-" "Mozilla/5.0 (compatible; MJ12bot/v1.4.8; http://mj12bot.com/)" 
5.9.138.189 - - [20/Jun/2020:05:57:38 -0700] "GET /?q=%23IndieWeb&offset=16&_t=rss HTTP/1.1" 200 7598 "-" "Mozilla/5.0 (compatible; MJ12bot/v1.4.8; http://mj12bot.com/)" 
45.79.26.51 - - [20/Jun/2020:05:57:40 -0700] "GET /content/statusupdates/posts/photos/checkins/bookmarkedpages?_t=rss HTTP/1.1" 200 7422 "-" "Micro.blog/1.0" 
46.229.168.163 - - [20/Jun/2020:05:57:41 -0700] "GET /content/posts/?offset=27 HTTP/1.1" 200 13187 "-" "Mozilla/5.0 (compatible; SemrushBot/6~bl; +http://www.semrush.com/bot.html)" 
5.9.138.189 - - [20/Jun/2020:05:57:41 -0700] "GET /?q=%23IndieWeb&offset=34 HTTP/1.1" 200 13016 "-" "Mozilla/5.0 (compatible; MJ12bot/v1.4.8; http://mj12bot.com/)" 
5.9.138.189 - - [20/Jun/2020:05:57:45 -0700] "GET /?q=%23Indieweb&offset=12&_t=rss HTTP/1.1" 200 7439 "-" "Mozilla/5.0 (compatible; MJ12bot/v1.4.8; http://mj12bot.com/)" 
5.9.138.189 - - [20/Jun/2020:05:57:47 -0700] "GET /?q=%23Indieweb&offset=42&_t=rss HTTP/1.1" 200 7142 "-" "Mozilla/5.0 (compatible; MJ12bot/v1.4.8; http://mj12bot.com/)" 
5.9.138.189 - - [20/Jun/2020:05:57:50 -0700] "GET /?q=%23Indieweb&offset=74 HTTP/1.1" 200 13509 "-" "Mozilla/5.0 (compatible; MJ12bot/v1.4.8; http://mj12bot.com/)" 
46.229.168.152 - - [20/Jun/2020:05:57:51 -0700] "GET /content/audio/?q=%23Sourdough HTTP/1.1" 200 8306 "-" "Mozilla/5.0 (compatible; SemrushBot/6~bl; +http://www.semrush.com/bot.html)" 
5.9.138.189 - - [20/Jun/2020:05:57:53 -0700] "GET /?q=%23Indieweb&offset=85&_t=rss HTTP/1.1" 200 9932 "-" "Mozilla/5.0 (compatible; MJ12bot/v1.4.8; http://mj12bot.com/)" 
5.9.138.189 - - [20/Jun/2020:05:57:55 -0700] "GET /?q=%23bread&offset=0&_t=rss HTTP/1.1" 200 7920 "-" "Mozilla/5.0 (compatible; MJ12bot/v1.4.8; http://mj12bot.com/)" 
5.9.138.189 - - [20/Jun/2020:05:57:58 -0700] "GET /?q=%23bread&offset=10&_t=rss HTTP/1.1" 200 8697 "-" "Mozilla/5.0 (compatible; MJ12bot/v1.4.8; http://mj12bot.com/)" 
5.9.138.189 - - [20/Jun/2020:05:58:01 -0700] "GET /?q=%23diet&_t=rss HTTP/1.1" 200 5258 "-" "Mozilla/5.0 (compatible; MJ12bot/v1.4.8; http://mj12bot.com/)" 
46.229.168.137 - - [20/Jun/2020:05:58:01 -0700] "GET /tag/Indieweb HTTP/1.1" 200 14738 "-" "Mozilla/5.0 (compatible; SemrushBot/6~bl; +http://www.semrush.com/bot.html)" 
5.9.138.189 - - [20/Jun/2020:05:58:03 -0700] "GET /?q=%23photo&offset=0 HTTP/1.1" 200 12622 "-" "Mozilla/5.0 (compatible; MJ12bot/v1.4.8; http://mj12bot.com/)" 
5.9.138.189 - - [20/Jun/2020:05:58:06 -0700] "GET /?q=%23photo&offset=23 HTTP/1.1" 200 8583 "-" "Mozilla/5.0 (compatible; MJ12bot/v1.4.8; http://mj12bot.com/)" 
46.229.168.140 - - [20/Jun/2020:05:58:07 -0700] "GET /2018/great-headlines-of-our-time-a-study-by-the-public HTTP/1.1" 200 9356 "-" "Mozilla/5.0 (compatible; SemrushBot/6~bl; +http://www.semrush.com/bot.html)" 
5.9.138.189 - - [20/Jun/2020:05:58:08 -0700] "GET /?q=%23podcast&offset=39 HTTP/1.1" 200 12500 "-" "Mozilla/5.0 (compatible; MJ12bot/v1.4.8; http://mj12bot.com/)" 
5.9.138.189 - - [20/Jun/2020:05:58:11 -0700] "GET /?q=%23podcast&offset=53 HTTP/1.1" 200 10388 "-" "Mozilla/5.0 (compatible; MJ12bot/v1.4.8; http://mj12bot.com/)" 
5.9.138.189 - - [20/Jun/2020:05:58:13 -0700] "GET /?q=%23podcast&offset=55 HTTP/1.1" 200 9055 "-" "Mozilla/5.0 (compatible; MJ12bot/v1.4.8; http://mj12bot.com/)" 
5.9.138.189 - - [20/Jun/2020:05:58:16 -0700] "GET /?q=%23podcast&offset=56 HTTP/1.1" 200 8640 "-" "Mozilla/5.0 (compatible; MJ12bot/v1.4.8; http://mj12bot.com/)" 
5.9.138.189 - - [20/Jun/2020:05:58:18 -0700] "GET /?q=%23withknown&_t=rss HTTP/1.1" 200 9770 "-" "Mozilla/5.0 (compatible; MJ12bot/v1.4.8; http://mj12bot.com/)" 
5.9.138.189 - - [20/Jun/2020:05:58:21 -0700] "GET /?q=%23withknown&offset=13 HTTP/1.1" 200 12099 "-" "Mozilla/5.0 (compatible; MJ12bot/v1.4.8; http://mj12bot.com/)" 
5.9.138.189 - - [20/Jun/2020:05:58:24 -0700] "GET /?q=%23withknown&offset=15&_t=rss HTTP/1.1" 200 9298 "-" "Mozilla/5.0 (compatible; MJ12bot/v1.4.8; http://mj12bot.com/)" 
5.9.138.189 - - [20/Jun/2020:05:58:26 -0700] "GET /?q=%23withknown&offset=51 HTTP/1.1" 200 10088 "-" "Mozilla/5.0 (compatible; MJ12bot/v1.4.8; http://mj12bot.com/)" 
5.9.138.189 - - [20/Jun/2020:05:58:29 -0700] "GET /?q=%23withknown&offset=53 HTTP/1.1" 200 9386 "-" "Mozilla/5.0 (compatible; MJ12bot/v1.4.8; http://mj12bot.com/)" 
5.9.138.189 - - [20/Jun/2020:05:58:32 -0700] "GET /?q=%23withknown&offset=55 HTTP/1.1" 200 8492 "-" "Mozilla/5.0 (compatible; MJ12bot/v1.4.8; http://mj12bot.com/)" 
5.9.138.189 - - [20/Jun/2020:05:58:34 -0700] "GET /account/export/ HTTP/1.1" 403 10987 "-" "Mozilla/5.0 (compatible; MJ12bot/v1.4.8; http://mj12bot.com/)" 
46.229.168.149 - - [20/Jun/2020:05:58:36 -0700] "GET /?offset=2&q=%23podcast HTTP/1.1" 200 12059 "-" "Mozilla/5.0 (compatible; SemrushBot/6~bl; +http://www.semrush.com/bot.html)" 
5.9.138.189 - - [20/Jun/2020:05:58:36 -0700] "GET /account/indiepub/ HTTP/1.1" 403 10979 "-" "Mozilla/5.0 (compatible; MJ12bot/v1.4.8; http://mj12bot.com/)" 
5.9.138.189 - - [20/Jun/2020:05:58:39 -0700] "GET /account/oauth2/ HTTP/1.1" 403 10987 "-" "Mozilla/5.0 (compatible; MJ12bot/v1.4.8; http://mj12bot.com/)" 
5.9.138.189 - - [20/Jun/2020:05:58:41 -0700] "GET /account/settings/ HTTP/1.1" 403 10993 "-" "Mozilla/5.0 (compatible; MJ12bot/v1.4.8; http://mj12bot.com/)" 
5.9.138.189 - - [20/Jun/2020:05:58:43 -0700] "GET /account/settings/notifications/ HTTP/1.1" 403 11057 "-" "Mozilla/5.0 (compatible; MJ12bot/v1.4.8; http://mj12bot.com/)" 
5.9.138.189 - - [20/Jun/2020:05:58:45 -0700] "GET /account/settings/tools/ HTTP/1.1" 403 11021 "-" "Mozilla/5.0 (compatible; MJ12bot/v1.4.8; http://mj12bot.com/)" 
5.9.138.189 - - [20/Jun/2020:05:58:48 -0700] "GET /account/twitter/ HTTP/1.1" 403 10990 "-" "Mozilla/5.0 (compatible; MJ12bot/v1.4.8; http://mj12bot.com/)" 
5.9.138.189 - - [20/Jun/2020:05:58:50 -0700] "GET /content/all/?offset=40&_t=rss HTTP/1.1" 200 9807 "-" "Mozilla/5.0 (compatible; MJ12bot/v1.4.8; http://mj12bot.com/)" 
40.77.167.148 - - [20/Jun/2020:05:58:51 -0700] "GET /2019/my-other-love-k-for-kalonji HTTP/1.1" 304 4068 "-" "Mozilla/5.0 (compatible; bingbot/2.0; +http://www.bing.com/bingbot.htm)" 
5.9.138.189 - - [20/Jun/2020:05:58:53 -0700] "GET /content/all/?offset=70 HTTP/1.1" 200 11785 "-" "Mozilla/5.0 (compatible; MJ12bot/v1.4.8; http://mj12bot.com/)" 
5.9.138.189 - - [20/Jun/2020:05:58:55 -0700] "GET /content/all/?q=%23%20%23%23indieweb&offset=100 HTTP/1.1" 200 14043 "-" "Mozilla/5.0 (compatible; MJ12bot/v1.4.8; http://mj12bot.com/)" 
5.9.138.189 - - [20/Jun/2020:05:58:58 -0700] "GET /content/all/?q=%23%20%23%23indieweb&offset=40 HTTP/1.1" 200 11402 "-" "Mozilla/5.0 (compatible; MJ12bot/v1.4.8; http://mj12bot.com/)" 
5.9.138.189 - - [20/Jun/2020:05:59:01 -0700] "GET /content/all/?q=%23%20%23%23indieweb&offset=90&_t=rss HTTP/1.1" 200 11580 "-" "Mozilla/5.0 (compatible; MJ12bot/v1.4.8; http://mj12bot.com/)" 
46.229.168.142 - - [20/Jun/2020:05:59:03 -0700] "GET /content/statusupdates?offset=20 HTTP/1.1" 200 10559 "-" "Mozilla/5.0 (compatible; SemrushBot/6~bl; +http://www.semrush.com/bot.html)" 
5.9.138.189 - - [20/Jun/2020:05:59:05 -0700] "GET /content/all/?q=%23%20%23Http://www.marigoldroma.com/&offset=110&_t=rss HTTP/1.1" 200 7149 "-" "Mozilla/5.0 (compatible; MJ12bot/v1.4.8; http://mj12bot.com/)" 
5.9.138.189 - - [20/Jun/2020:05:59:08 -0700] "GET /content/all/?q=%23%20%23Http://www.marigoldroma.com/&offset=80 HTTP/1.1" 200 11977 "-" "Mozilla/5.0 (compatible; MJ12bot/v1.4.8; http://mj12bot.com/)" 
5.9.138.189 - - [20/Jun/2020:05:59:12 -0700] "GET /content/all/?q=%23%20%23Rome&offset=13 HTTP/1.1" 200 8926 "-" "Mozilla/5.0 (compatible; MJ12bot/v1.4.8; http://mj12bot.com/)" 
5.9.138.189 - - [20/Jun/2020:05:59:16 -0700] "GET /content/all/?q=%23%20%23norovirus HTTP/1.1" 200 8304 "-" "Mozilla/5.0 (compatible; MJ12bot/v1.4.8; http://mj12bot.com/)" 
159.65.96.54 - - [20/Jun/2020:05:59:18 -0700] "GET /?_t=rss HTTP/1.1" 304 3495 "-" "Feedbin feed-id:1536727 - 1 subscribers" 
5.9.138.189 - - [20/Jun/2020:05:59:18 -0700] "GET /content/all/?q=%23%20%23photo HTTP/1.1" 200 12650 "-" "Mozilla/5.0 (compatible; MJ12bot/v1.4.8; http://mj12bot.com/)" 
5.9.138.189 - - [20/Jun/2020:05:59:21 -0700] "GET /content/all/?q=%23IndieWeb&offset=25&_t=rss HTTP/1.1" 200 8853 "-" "Mozilla/5.0 (compatible; MJ12bot/v1.4.8; http://mj12bot.com/)" 
5.9.138.189 - - [20/Jun/2020:05:59:24 -0700] "GET /content/all/?q=%23IndieWeb&offset=6 HTTP/1.1" 200 11353 "-" "Mozilla/5.0 (compatible; MJ12bot/v1.4.8; http://mj12bot.com/)" 
5.9.138.189 - - [20/Jun/2020:05:59:26 -0700] "GET /content/all/?q=%23Indieweb&offset=24&_t=rss HTTP/1.1" 200 7448 "-" "Mozilla/5.0 (compatible; MJ12bot/v1.4.8; http://mj12bot.com/)" 
5.9.138.189 - - [20/Jun/2020:05:59:29 -0700] "GET /content/all/?q=%23Indieweb&offset=42&_t=rss HTTP/1.1" 200 7161 "-" "Mozilla/5.0 (compatible; MJ12bot/v1.4.8; http://mj12bot.com/)" 
5.9.138.189 - - [20/Jun/2020:05:59:32 -0700] "GET /content/all/?q=%23Indieweb&offset=44&_t=rss HTTP/1.1" 200 7478 "-" "Mozilla/5.0 (compatible; MJ12bot/v1.4.8; http://mj12bot.com/)" 
5.9.138.189 - - [20/Jun/2020:05:59:35 -0700] "GET /content/all/?q=%23Indieweb&offset=54&_t=rss HTTP/1.1" 200 9137 "-" "Mozilla/5.0 (compatible; MJ12bot/v1.4.8; http://mj12bot.com/)" 
5.9.138.189 - - [20/Jun/2020:05:59:37 -0700] "GET /content/all/?q=%23Indieweb&offset=62 HTTP/1.1" 200 11837 "-" "Mozilla/5.0 (compatible; MJ12bot/v1.4.8; http://mj12bot.com/)" 
5.9.138.189 - - [20/Jun/2020:05:59:40 -0700] "GET /content/all/?q=%23Indieweb&offset=72&_t=rss HTTP/1.1" 200 8655 "-" "Mozilla/5.0 (compatible; MJ12bot/v1.4.8; http://mj12bot.com/)" 
5.9.138.189 - - [20/Jun/2020:05:59:42 -0700] "GET /content/all/?q=%23Indieweb&offset=82 HTTP/1.1" 200 13887 "-" "Mozilla/5.0 (compatible; MJ12bot/v1.4.8; http://mj12bot.com/)" 
5.9.138.189 - - [20/Jun/2020:05:59:45 -0700] "GET /content/all/?q=%23WithKnown&offset=30&_t=rss HTTP/1.1" 200 9517 "-" "Mozilla/5.0 (compatible; MJ12bot/v1.4.8; http://mj12bot.com/)" 
5.9.138.189 - - [20/Jun/2020:05:59:48 -0700] "GET /content/all/?q=%23WithKnown&offset=40 HTTP/1.1" 200 11546 "-" "Mozilla/5.0 (compatible; MJ12bot/v1.4.8; http://mj12bot.com/)" 
5.9.138.189 - - [20/Jun/2020:05:59:51 -0700] "GET /content/all/?q=%23bread&_t=rss HTTP/1.1" 200 7923 "-" "Mozilla/5.0 (compatible; MJ12bot/v1.4.8; http://mj12bot.com/)" 
5.9.138.189 - - [20/Jun/2020:05:59:53 -0700] "GET /content/all/?q=%23bread&offset=66 HTTP/1.1" 200 12170 "-" "Mozilla/5.0 (compatible; MJ12bot/v1.4.8; http://mj12bot.com/)" 
5.9.138.189 - - [20/Jun/2020:05:59:56 -0700] "GET /content/all/?q=%23bread&offset=76&_t=rss HTTP/1.1" 200 7720 "-" "Mozilla/5.0 (compatible; MJ12bot/v1.4.8; http://mj12bot.com/)" 
5.9.138.189 - - [20/Jun/2020:05:59:58 -0700] "GET /content/all/?q=%23bread&offset=87 HTTP/1.1" 200 8820 "-" "Mozilla/5.0 (compatible; MJ12bot/v1.4.8; http://mj12bot.com/)" 
5.9.138.189 - - [20/Jun/2020:06:00:01 -0700] "GET /content/all/?q=%23indieweb&_t=rss HTTP/1.1" 200 9987 "-" "Mozilla/5.0 (compatible; MJ12bot/v1.4.8; http://mj12bot.com/)" 
5.9.138.189 - - [20/Jun/2020:06:00:04 -0700] "GET /content/all/?q=%23photo&offset=20&_t=rss HTTP/1.1" 200 5898 "-" "Mozilla/5.0 (compatible; MJ12bot/v1.4.8; http://mj12bot.com/)" 
5.9.138.189 - - [20/Jun/2020:06:00:06 -0700] "GET /content/all/?q=%23photo&offset=23 HTTP/1.1" 200 8601 "-" "Mozilla/5.0 (compatible; MJ12bot/v1.4.8; http://mj12bot.com/)" 
64.111.100.215 - - [20/Jun/2020:06:00:07 -0700] "GET /content/all?_t=rss HTTP/1.1" 200 13896 "-" "Mozilla/5.0 (X11; U; Linux i686; fr; rv:1.9.1.1) Gecko/20090715 Firefox/3.5.1" 
5.9.138.189 - - [20/Jun/2020:06:00:08 -0700] "GET /content/all/?q=%23podcast&offset=0 HTTP/1.1" 200 12406 "-" "Mozilla/5.0 (compatible; MJ12bot/v1.4.8; http://mj12bot.com/)" 
54.36.148.81 - - [20/Jun/2020:06:00:23 -0700] "GET /content/posts/?q=%23+%23indieweb&offset=20 HTTP/1.1" 200 15188 "-" "Mozilla/5.0 (compatible; AhrefsBot/6.1; +http://ahrefs.com/robot/)" 
46.229.168.148 - - [20/Jun/2020:06:00:28 -0700] "GET /robots.txt HTTP/1.1" 200 4276 "-" "Mozilla/5.0 (compatible; SemrushBot/6~bl; +http://www.semrush.com/bot.html)" 
46.229.168.137 - - [20/Jun/2020:06:00:29 -0700] "GET /?offset=88&q=%23IndieWeb HTTP/1.1" 200 15453 "-" "Mozilla/5.0 (compatible; SemrushBot/6~bl; +http://www.semrush.com/bot.html)" 
46.229.168.137 - - [20/Jun/2020:06:01:55 -0700] "GET /tag/+%23realbread HTTP/1.1" 200 9004 "-" "Mozilla/5.0 (compatible; SemrushBot/6~bl; +http://www.semrush.com/bot.html)" 
46.229.168.162 - - [20/Jun/2020:06:02:10 -0700] "GET /2018/moving-along-another-hour-or-so-i-reckon HTTP/1.1" 200 10334 "-" "Mozilla/5.0 (compatible; SemrushBot/6~bl; +http://www.semrush.com/bot.html)" 
54.36.148.18 - - [20/Jun/2020:06:03:12 -0700] "GET /tag/quill?offset=17 HTTP/1.1" 200 8460 "-" "Mozilla/5.0 (compatible; AhrefsBot/6.1; +http://ahrefs.com/robot/)" 
5.9.138.189 - - [20/Jun/2020:06:03:14 -0700] "GET /content/all/?q=%23podcast&offset=1 HTTP/1.1" 200 11950 "-" "Mozilla/5.0 (compatible; MJ12bot/v1.4.8; http://mj12bot.com/)" 
5.9.138.189 - - [20/Jun/2020:06:03:16 -0700] "GET /content/all/?q=%23podcast&offset=11&_t=rss HTTP/1.1" 200 4692 "-" "Mozilla/5.0 (compatible; MJ12bot/v1.4.8; http://mj12bot.com/)" 
5.9.138.189 - - [20/Jun/2020:06:03:18 -0700] "GET /content/all/?q=%23podcast&offset=35 HTTP/1.1" 200 10960 "-" "Mozilla/5.0 (compatible; MJ12bot/v1.4.8; http://mj12bot.com/)" 
5.9.138.189 - - [20/Jun/2020:06:03:21 -0700] "GET /content/all/?q=%23podcast&offset=53 HTTP/1.1" 200 7271 "-" "Mozilla/5.0 (compatible; MJ12bot/v1.4.8; http://mj12bot.com/)" 
5.9.138.189 - - [20/Jun/2020:06:03:23 -0700] "GET /content/all/?q=%23podcast&offset=55 HTTP/1.1" 200 5935 "-" "Mozilla/5.0 (compatible; MJ12bot/v1.4.8; http://mj12bot.com/)" 
5.9.138.189 - - [20/Jun/2020:06:03:25 -0700] "GET /content/all/?q=%23podcast&offset=56 HTTP/1.1" 200 5522 "-" "Mozilla/5.0 (compatible; MJ12bot/v1.4.8; http://mj12bot.com/)" 
5.9.138.189 - - [20/Jun/2020:06:03:27 -0700] "GET /content/all/?q=%23seeded HTTP/1.1" 200 7070 "-" "Mozilla/5.0 (compatible; MJ12bot/v1.4.8; http://mj12bot.com/)" 
5.9.138.189 - - [20/Jun/2020:06:03:29 -0700] "GET /content/all/?q=%23withknown&offset=35&_t=rss HTTP/1.1" 200 4435 "-" "Mozilla/5.0 (compatible; MJ12bot/v1.4.8; http://mj12bot.com/)" 
46.229.168.135 - - [20/Jun/2020:06:03:30 -0700] "GET /2017/mid-morning-pit-stop-on-the-way-to HTTP/1.1" 200 10677 "-" "Mozilla/5.0 (compatible; SemrushBot/6~bl; +http://www.semrush.com/bot.html)" 
5.9.138.189 - - [20/Jun/2020:06:03:31 -0700] "GET /content/all/?q=%23withknown&offset=40 HTTP/1.1" 200 8407 "-" "Mozilla/5.0 (compatible; MJ12bot/v1.4.8; http://mj12bot.com/)" 
5.9.138.189 - - [20/Jun/2020:06:03:33 -0700] "GET /content/all/?q=%23withknown&offset=43 HTTP/1.1" 200 8759 "-" "Mozilla/5.0 (compatible; MJ12bot/v1.4.8; http://mj12bot.com/)" 
5.9.138.189 - - [20/Jun/2020:06:03:35 -0700] "GET /content/all/?q=%23withknown&offset=55 HTTP/1.1" 200 5371 "-" "Mozilla/5.0 (compatible; MJ12bot/v1.4.8; http://mj12bot.com/)" 
5.9.138.189 - - [20/Jun/2020:06:03:37 -0700] "GET /content/audio/?q=%23%20%23WithKnown HTTP/1.1" 200 5176 "-" "Mozilla/5.0 (compatible; MJ12bot/v1.4.8; http://mj12bot.com/)" 
5.9.138.189 - - [20/Jun/2020:06:03:39 -0700] "GET /content/audio/?q=%23%20%23e HTTP/1.1" 200 5158 "-" "Mozilla/5.0 (compatible; MJ12bot/v1.4.8; http://mj12bot.com/)" 
5.9.138.189 - - [20/Jun/2020:06:03:41 -0700] "GET /content/audio/?q=%23bread&_t=rss HTTP/1.1" 200 2337 "-" "Mozilla/5.0 (compatible; MJ12bot/v1.4.8; http://mj12bot.com/)" 
5.9.138.189 - - [20/Jun/2020:06:03:42 -0700] "GET /content/bookmarkedpages/?q=%23%20%23%23indieweb HTTP/1.1" 200 7790 "-" "Mozilla/5.0 (compatible; MJ12bot/v1.4.8; http://mj12bot.com/)" 
46.229.168.148 - - [20/Jun/2020:06:03:44 -0700] "GET /2018/vincentlistens-i-may-be-missing-something-subtle HTTP/1.1" 200 10267 "-" "Mozilla/5.0 (compatible; SemrushBot/6~bl; +http://www.semrush.com/bot.html)" 
5.9.138.189 - - [20/Jun/2020:06:03:44 -0700] "GET /content/locations/?q=%23WithKnown HTTP/1.1" 200 5166 "-" "Mozilla/5.0 (compatible; MJ12bot/v1.4.8; http://mj12bot.com/)" 
5.9.138.189 - - [20/Jun/2020:06:03:45 -0700] "GET /content/locations/?q=%23campbellsdoughknife HTTP/1.1" 200 5186 "-" "Mozilla/5.0 (compatible; MJ12bot/v1.4.8; http://mj12bot.com/)" 
5.9.138.189 - - [20/Jun/2020:06:03:47 -0700] "GET /content/photos/?q=%23WithKnown HTTP/1.1" 200 6571 "-" "Mozilla/5.0 (compatible; MJ12bot/v1.4.8; http://mj12bot.com/)" 
5.9.138.189 - - [20/Jun/2020:06:03:51 -0700] "GET /content/photos/?q=%23podcast&offset=10 HTTP/1.1" 200 8726 "-" "Mozilla/5.0 (compatible; MJ12bot/v1.4.8; http://mj12bot.com/)" 
46.229.168.154 - - [20/Jun/2020:06:03:53 -0700] "GET /content/bookmarkedpages/?q=%23latergram HTTP/1.1" 200 8293 "-" "Mozilla/5.0 (compatible; SemrushBot/6~bl; +http://www.semrush.com/bot.html)" 
5.9.138.189 - - [20/Jun/2020:06:03:53 -0700] "GET /content/photos/?q=%23podcasting&_t=rss HTTP/1.1" 200 5389 "-" "Mozilla/5.0 (compatible; MJ12bot/v1.4.8; http://mj12bot.com/)" 
5.9.138.189 - - [20/Jun/2020:06:03:55 -0700] "GET /content/photos/?q=%23seeded HTTP/1.1" 200 10226 "-" "Mozilla/5.0 (compatible; MJ12bot/v1.4.8; http://mj12bot.com/)" 
5.9.138.189 - - [20/Jun/2020:06:03:57 -0700] "GET /content/posts/?offset=20&_t=rss HTTP/1.1" 200 9346 "-" "Mozilla/5.0 (compatible; MJ12bot/v1.4.8; http://mj12bot.com/)" 
5.9.138.189 - - [20/Jun/2020:06:03:59 -0700] "GET /content/posts/?offset=80 HTTP/1.1" 200 11837 "-" "Mozilla/5.0 (compatible; MJ12bot/v1.4.8; http://mj12bot.com/)" 
5.9.138.189 - - [20/Jun/2020:06:04:01 -0700] "GET /content/posts/?offset=87 HTTP/1.1" 200 8546 "-" "Mozilla/5.0 (compatible; MJ12bot/v1.4.8; http://mj12bot.com/)" 
5.9.138.189 - - [20/Jun/2020:06:04:04 -0700] "GET /content/posts/?q=%23%20%23%23indieweb&offset=30 HTTP/1.1" 200 9018 "-" "Mozilla/5.0 (compatible; MJ12bot/v1.4.8; http://mj12bot.com/)" 
5.9.138.189 - - [20/Jun/2020:06:04:07 -0700] "GET /content/posts/?q=%23%20%23IndieWeb&offset=30 HTTP/1.1" 200 9018 "-" "Mozilla/5.0 (compatible; MJ12bot/v1.4.8; http://mj12bot.com/)" 
5.9.138.189 - - [20/Jun/2020:06:04:09 -0700] "GET /content/posts/?q=%23%20%23WithKnown&offset=12 HTTP/1.1" 200 9014 "-" "Mozilla/5.0 (compatible; MJ12bot/v1.4.8; http://mj12bot.com/)" 
5.9.138.189 - - [20/Jun/2020:06:04:10 -0700] "GET /content/posts/?q=%23Quinoa HTTP/1.1" 200 8292 "-" "Mozilla/5.0 (compatible; MJ12bot/v1.4.8; http://mj12bot.com/)" 
5.9.138.189 - - [20/Jun/2020:06:04:12 -0700] "GET /content/posts/?q=%23campbellsdoughknife HTTP/1.1" 200 8320 "-" "Mozilla/5.0 (compatible; MJ12bot/v1.4.8; http://mj12bot.com/)" 
5.9.138.189 - - [20/Jun/2020:06:04:14 -0700] "GET /content/posts/?q=%23indieweb&offset=30 HTTP/1.1" 200 9000 "-" "Mozilla/5.0 (compatible; MJ12bot/v1.4.8; http://mj12bot.com/)" 
5.9.138.189 - - [20/Jun/2020:06:04:16 -0700] "GET /content/posts/?q=%23indieweb&offset=8&_t=rss HTTP/1.1" 200 11667 "-" "Mozilla/5.0 (compatible; MJ12bot/v1.4.8; http://mj12bot.com/)" 
5.9.138.189 - - [20/Jun/2020:06:04:18 -0700] "GET /content/posts/?q=%23seeded HTTP/1.1" 200 8294 "-" "Mozilla/5.0 (compatible; MJ12bot/v1.4.8; http://mj12bot.com/)" 
46.229.168.136 - - [20/Jun/2020:06:04:21 -0700] "GET /content/all/?q=%23webmention HTTP/1.1" 200 13594 "-" "Mozilla/5.0 (compatible; SemrushBot/6~bl; +http://www.semrush.com/bot.html)" 
5.9.138.189 - - [20/Jun/2020:06:04:21 -0700] "GET /content/posts/?q=%23withknown&offset=10&_t=rss HTTP/1.1" 200 6158 "-" "Mozilla/5.0 (compatible; MJ12bot/v1.4.8; http://mj12bot.com/)" 
5.9.138.189 - - [20/Jun/2020:06:04:24 -0700] "GET /content/posts/?q=%23withknown&offset=12 HTTP/1.1" 200 8995 "-" "Mozilla/5.0 (compatible; MJ12bot/v1.4.8; http://mj12bot.com/)" 
5.9.138.189 - - [20/Jun/2020:06:04:26 -0700] "GET /content/posts/https?offset=80 HTTP/1.1" 200 11852 "-" "Mozilla/5.0 (compatible; MJ12bot/v1.4.8; http://mj12bot.com/)" 
5.9.138.189 - - [20/Jun/2020:06:04:28 -0700] "GET /content/posts/https?offset=87 HTTP/1.1" 200 8560 "-" "Mozilla/5.0 (compatible; MJ12bot/v1.4.8; http://mj12bot.com/)" 
5.9.138.189 - - [20/Jun/2020:06:04:30 -0700] "GET /content/rsvp/?q=%23%20%23photo HTTP/1.1" 200 8306 "-" "Mozilla/5.0 (compatible; MJ12bot/v1.4.8; http://mj12bot.com/)" 
5.9.138.189 - - [20/Jun/2020:06:04:32 -0700] "GET /content/statusupdates/?q=%23%20%23%23indieweb&offset=0 HTTP/1.1" 200 11834 "-" "Mozilla/5.0 (compatible; MJ12bot/v1.4.8; http://mj12bot.com/)" 
5.9.138.189 - - [20/Jun/2020:06:04:34 -0700] "GET /content/statusupdates/?q=%23%20%23%23indieweb&offset=28&_t=rss HTTP/1.1" 200 5921 "-" "Mozilla/5.0 (compatible; MJ12bot/v1.4.8; http://mj12bot.com/)" 
5.9.138.189 - - [20/Jun/2020:06:04:36 -0700] "GET /content/statusupdates/?q=%23%20%23%23indieweb&offset=32 HTTP/1.1" 200 8553 "-" "Mozilla/5.0 (compatible; MJ12bot/v1.4.8; http://mj12bot.com/)" 
54.36.148.242 - - [20/Jun/2020:06:04:37 -0700] "GET /content/posts/?offset=30 HTTP/1.1" 200 13619 "-" "Mozilla/5.0 (compatible; AhrefsBot/6.1; +http://ahrefs.com/robot/)" 
5.9.138.189 - - [20/Jun/2020:06:04:38 -0700] "GET /content/statusupdates/?q=%23%20%23IndieWeb&offset=13&_t=rss HTTP/1.1" 200 7306 "-" "Mozilla/5.0 (compatible; MJ12bot/v1.4.8; http://mj12bot.com/)" 
