40.112.53.189 - - [21/Jun/2020:05:31:23 -0700] "GET /file/bdf1c66edcff28a01dac0c8a9c9abce5 HTTP/1.1" 200 13550 "https://stream.jeremycherfas.net/2017/how-they-serve-an-espresso" "Mozilla/5.0 (Macintosh; Intel Mac OS X 10_10_1) AppleWebKit/537.36 (KHTML, like Gecko) Chrome/41.0.2227.1 Safari/537.36" 
40.112.53.189 - - [21/Jun/2020:05:31:23 -0700] "GET /file/b42debe17d2d8129bc593f9213cbd542 HTTP/1.1" 200 6755 "https://stream.jeremycherfas.net/2017/how-they-serve-an-espresso" "Mozilla/5.0 (Macintosh; Intel Mac OS X 10_10_1) AppleWebKit/537.36 (KHTML, like Gecko) Chrome/41.0.2227.1 Safari/537.36" 
40.112.53.189 - - [21/Jun/2020:05:31:23 -0700] "GET /file/01bdccd349edb7084d7b4ac54e3fc9f3 HTTP/1.1" 200 6755 "https://stream.jeremycherfas.net/2017/how-they-serve-an-espresso" "Mozilla/5.0 (Macintosh; Intel Mac OS X 10_10_1) AppleWebKit/537.36 (KHTML, like Gecko) Chrome/41.0.2227.1 Safari/537.36" 
40.112.53.189 - - [21/Jun/2020:05:31:23 -0700] "GET /file/0c90e77fc222430f8a724c6995936dae HTTP/1.1" 200 8526 "https://stream.jeremycherfas.net/2017/how-they-serve-an-espresso" "Mozilla/5.0 (Macintosh; Intel Mac OS X 10_10_1) AppleWebKit/537.36 (KHTML, like Gecko) Chrome/41.0.2227.1 Safari/537.36" 
40.112.53.189 - - [21/Jun/2020:05:31:23 -0700] "GET /file/6cf89ee06ece2ea13b67d2858ba431dd HTTP/1.1" 200 8899 "https://stream.jeremycherfas.net/2017/how-they-serve-an-espresso" "Mozilla/5.0 (Macintosh; Intel Mac OS X 10_10_1) AppleWebKit/537.36 (KHTML, like Gecko) Chrome/41.0.2227.1 Safari/537.36" 
40.112.53.189 - - [21/Jun/2020:05:31:23 -0700] "GET /gfx/users/default-00.png HTTP/1.1" 200 5798 "https://stream.jeremycherfas.net/2017/how-they-serve-an-espresso" "Mozilla/5.0 (Macintosh; Intel Mac OS X 10_10_1) AppleWebKit/537.36 (KHTML, like Gecko) Chrome/41.0.2227.1 Safari/537.36" 
40.112.53.189 - - [21/Jun/2020:05:31:23 -0700] "GET /file/3bebb3c4a31ad796422fcc09dda0bc27 HTTP/1.1" 200 8724 "https://stream.jeremycherfas.net/2017/how-they-serve-an-espresso" "Mozilla/5.0 (Macintosh; Intel Mac OS X 10_10_1) AppleWebKit/537.36 (KHTML, like Gecko) Chrome/41.0.2227.1 Safari/537.36" 
40.112.53.189 - - [21/Jun/2020:05:31:22 -0700] "GET /file/7dc65f8f3da062cb53f07be82a4d1b3b/thumb.jpg HTTP/1.1" 200 119013 "https://stream.jeremycherfas.net/2017/how-they-serve-an-espresso" "Mozilla/5.0 (Macintosh; Intel Mac OS X 10_10_1) AppleWebKit/537.36 (KHTML, like Gecko) Chrome/41.0.2227.1 Safari/537.36" 
40.112.53.189 - - [21/Jun/2020:05:31:22 -0700] "GET /file/13dca36ee899014b629bd34cfee50947 HTTP/1.1" 200 8616 "https://stream.jeremycherfas.net/2017/how-they-serve-an-espresso" "Mozilla/5.0 (Macintosh; Intel Mac OS X 10_10_1) AppleWebKit/537.36 (KHTML, like Gecko) Chrome/41.0.2227.1 Safari/537.36" 
40.112.53.189 - - [21/Jun/2020:05:31:22 -0700] "GET /file/3e774112dcf99da5761f31a619fb8cb2 HTTP/1.1" 200 13521 "https://stream.jeremycherfas.net/2017/how-they-serve-an-espresso" "Mozilla/5.0 (Macintosh; Intel Mac OS X 10_10_1) AppleWebKit/537.36 (KHTML, like Gecko) Chrome/41.0.2227.1 Safari/537.36" 
40.112.53.189 - - [21/Jun/2020:05:31:23 -0700] "GET /file/a6a9071c9c2849c81326f0b45b87b5a6 HTTP/1.1" 200 6930 "https://stream.jeremycherfas.net/2017/how-they-serve-an-espresso" "Mozilla/5.0 (Macintosh; Intel Mac OS X 10_10_1) AppleWebKit/537.36 (KHTML, like Gecko) Chrome/41.0.2227.1 Safari/537.36" 
40.112.53.189 - - [21/Jun/2020:05:31:24 -0700] "GET /chrome/manifest.json HTTP/1.1" 200 6134 "https://stream.jeremycherfas.net/2017/how-they-serve-an-espresso" "Mozilla/5.0 (Macintosh; Intel Mac OS X 10_10_1) AppleWebKit/537.36 (KHTML, like Gecko) Chrome/41.0.2227.1 Safari/537.36" 
40.112.53.189 - - [21/Jun/2020:05:31:24 -0700] "GET /gfx/logos/apple-icon-144x144.png HTTP/1.1" 200 10316 "https://stream.jeremycherfas.net/2017/how-they-serve-an-espresso" "Mozilla/5.0 (Macintosh; Intel Mac OS X 10_10_1) AppleWebKit/537.36 (KHTML, like Gecko) Chrome/41.0.2227.1 Safari/537.36" 
144.76.118.82 - - [21/Jun/2020:05:31:23 -0700] "GET /?q=%23%20%23%23indieweb&offset=9 HTTP/1.1" 200 8330 "-" "Mozilla/5.0 (compatible; MJ12bot/v1.4.8; http://mj12bot.com/)" 
148.251.49.107 - - [21/Jun/2020:05:31:25 -0700] "GET /2017/some-people-have-good-examples-of-flat-file-with-dynamic?_t=rss HTTP/1.1" 200 5074 "-" "Mozilla/5.0 (compatible; MJ12bot/v1.4.8; http://mj12bot.com/)" 
144.76.118.82 - - [21/Jun/2020:05:31:26 -0700] "GET /?q=%23%20%23%23indieweb&offset=92 HTTP/1.1" 200 12235 "-" "Mozilla/5.0 (compatible; MJ12bot/v1.4.8; http://mj12bot.com/)" 
144.76.118.82 - - [21/Jun/2020:05:31:28 -0700] "GET /?q=%23%20%23%23indieweb&offset=95 HTTP/1.1" 200 12029 "-" "Mozilla/5.0 (compatible; MJ12bot/v1.4.8; http://mj12bot.com/)" 
144.76.118.82 - - [21/Jun/2020:05:31:30 -0700] "GET /?q=%23%20%23%23indieweb&offset=97 HTTP/1.1" 200 11482 "-" "Mozilla/5.0 (compatible; MJ12bot/v1.4.8; http://mj12bot.com/)" 
148.251.49.107 - - [21/Jun/2020:05:31:32 -0700] "GET /2017/someone-else-finding-wisdom-in-the-marie-kondo-thing-im?_t=rss HTTP/1.1" 200 5368 "-" "Mozilla/5.0 (compatible; MJ12bot/v1.4.8; http://mj12bot.com/)" 
144.76.118.82 - - [21/Jun/2020:05:31:32 -0700] "GET /?q=%23%20%23IndieWeb&offset=0 HTTP/1.1" 200 11587 "-" "Mozilla/5.0 (compatible; MJ12bot/v1.4.8; http://mj12bot.com/)" 
144.76.118.82 - - [21/Jun/2020:05:31:34 -0700] "GET /?q=%23%20%23IndieWeb&offset=100 HTTP/1.1" 200 10883 "-" "Mozilla/5.0 (compatible; MJ12bot/v1.4.8; http://mj12bot.com/)" 
13.68.229.82 - - [21/Jun/2020:05:31:36 -0700] "GET /2017/the-heatwave-has-broken-and-life-is-good HTTP/1.1" 200 11621 "-" "Mozilla/5.0 (Windows NT 6.1) AppleWebKit/537.36 (KHTML, like Gecko) Chrome/41.0.2228.0 Safari/537.36" 
13.68.229.82 - - [21/Jun/2020:05:31:37 -0700] "GET /vendor/npm-asset/jquery/dist/jquery.min.js HTTP/1.1" 200 31956 "https://stream.jeremycherfas.net/2017/the-heatwave-has-broken-and-life-is-good" "Mozilla/5.0 (Windows NT 6.1) AppleWebKit/537.36 (KHTML, like Gecko) Chrome/41.0.2228.0 Safari/537.36" 
13.68.229.82 - - [21/Jun/2020:05:31:37 -0700] "GET /vendor/twbs/bootstrap/dist/css/bootstrap.min.css HTTP/1.1" 200 20899 "https://stream.jeremycherfas.net/2017/the-heatwave-has-broken-and-life-is-good" "Mozilla/5.0 (Windows NT 6.1) AppleWebKit/537.36 (KHTML, like Gecko) Chrome/41.0.2228.0 Safari/537.36" 
13.68.229.82 - - [21/Jun/2020:05:31:37 -0700] "GET /vendor/npm-asset/bootstrap-accessibility-plugin/plugins/css/bootstrap-accessibility.css HTTP/1.1" 200 939 "https://stream.jeremycherfas.net/2017/the-heatwave-has-broken-and-life-is-good" "Mozilla/5.0 (Windows NT 6.1) AppleWebKit/537.36 (KHTML, like Gecko) Chrome/41.0.2228.0 Safari/537.36" 
144.76.118.82 - - [21/Jun/2020:05:31:36 -0700] "GET /?q=%23%20%23IndieWeb&offset=102 HTTP/1.1" 200 10972 "-" "Mozilla/5.0 (compatible; MJ12bot/v1.4.8; http://mj12bot.com/)" 
13.68.229.82 - - [21/Jun/2020:05:31:37 -0700] "GET /vendor/forkawesome/fork-awesome/css/fork-awesome.min.css HTTP/1.1" 200 8899 "https://stream.jeremycherfas.net/2017/the-heatwave-has-broken-and-life-is-good" "Mozilla/5.0 (Windows NT 6.1) AppleWebKit/537.36 (KHTML, like Gecko) Chrome/41.0.2228.0 Safari/537.36" 
13.68.229.82 - - [21/Jun/2020:05:31:37 -0700] "GET /vendor/forkawesome/fork-awesome/css/v5-compat.min.css HTTP/1.1" 200 2592 "https://stream.jeremycherfas.net/2017/the-heatwave-has-broken-and-life-is-good" "Mozilla/5.0 (Windows NT 6.1) AppleWebKit/537.36 (KHTML, like Gecko) Chrome/41.0.2228.0 Safari/537.36" 
13.68.229.82 - - [21/Jun/2020:05:31:37 -0700] "GET /vendor/npm-asset/bootstrap-toggle/css/bootstrap-toggle.min.css HTTP/1.1" 200 979 "https://stream.jeremycherfas.net/2017/the-heatwave-has-broken-and-life-is-good" "Mozilla/5.0 (Windows NT 6.1) AppleWebKit/537.36 (KHTML, like Gecko) Chrome/41.0.2228.0 Safari/537.36" 
13.68.229.82 - - [21/Jun/2020:05:31:37 -0700] "GET /css/1579440965/known.min.css HTTP/1.1" 200 7734 "https://stream.jeremycherfas.net/2017/the-heatwave-has-broken-and-life-is-good" "Mozilla/5.0 (Windows NT 6.1) AppleWebKit/537.36 (KHTML, like Gecko) Chrome/41.0.2228.0 Safari/537.36" 
13.68.229.82 - - [21/Jun/2020:05:31:37 -0700] "GET /vendor/idno/mentionjs/recommended-styles.css HTTP/1.1" 200 600 "https://stream.jeremycherfas.net/2017/the-heatwave-has-broken-and-life-is-good" "Mozilla/5.0 (Windows NT 6.1) AppleWebKit/537.36 (KHTML, like Gecko) Chrome/41.0.2228.0 Safari/537.36" 
13.68.229.82 - - [21/Jun/2020:05:31:37 -0700] "GET /IdnoPlugins/Checkin/external/leaflet/leaflet.min.css HTTP/1.1" 200 2532 "https://stream.jeremycherfas.net/2017/the-heatwave-has-broken-and-life-is-good" "Mozilla/5.0 (Windows NT 6.1) AppleWebKit/537.36 (KHTML, like Gecko) Chrome/41.0.2228.0 Safari/537.36" 
13.68.229.82 - - [21/Jun/2020:05:31:37 -0700] "GET /Themes/Solo/css/default.min.css HTTP/1.1" 200 963 "https://stream.jeremycherfas.net/2017/the-heatwave-has-broken-and-life-is-good" "Mozilla/5.0 (Windows NT 6.1) AppleWebKit/537.36 (KHTML, like Gecko) Chrome/41.0.2228.0 Safari/537.36" 
13.68.229.82 - - [21/Jun/2020:05:31:37 -0700] "GET /vendor/npm-asset/mediaelement/build/mediaelementplayer.min.css HTTP/1.1" 200 3096 "https://stream.jeremycherfas.net/2017/the-heatwave-has-broken-and-life-is-good" "Mozilla/5.0 (Windows NT 6.1) AppleWebKit/537.36 (KHTML, like Gecko) Chrome/41.0.2228.0 Safari/537.36" 
13.68.229.82 - - [21/Jun/2020:05:31:37 -0700] "GET /vendor/npm-asset/bootstrap-accessibility-plugin/plugins/js/bootstrap-accessibility.min.js HTTP/1.1" 200 4789 "https://stream.jeremycherfas.net/2017/the-heatwave-has-broken-and-life-is-good" "Mozilla/5.0 (Windows NT 6.1) AppleWebKit/537.36 (KHTML, like Gecko) Chrome/41.0.2228.0 Safari/537.36" 
13.68.229.82 - - [21/Jun/2020:05:31:37 -0700] "GET /vendor/twbs/bootstrap/dist/js/bootstrap.min.js HTTP/1.1" 200 11611 "https://stream.jeremycherfas.net/2017/the-heatwave-has-broken-and-life-is-good" "Mozilla/5.0 (Windows NT 6.1) AppleWebKit/537.36 (KHTML, like Gecko) Chrome/41.0.2228.0 Safari/537.36" 
13.68.229.82 - - [21/Jun/2020:05:31:37 -0700] "GET /js/1579440966/known.min.js HTTP/1.1" 200 4900 "https://stream.jeremycherfas.net/2017/the-heatwave-has-broken-and-life-is-good" "Mozilla/5.0 (Windows NT 6.1) AppleWebKit/537.36 (KHTML, like Gecko) Chrome/41.0.2228.0 Safari/537.36" 
13.68.229.82 - - [21/Jun/2020:05:31:37 -0700] "GET /vendor/npm-asset/bootstrap-toggle/js/bootstrap-toggle.js HTTP/1.1" 200 2024 "https://stream.jeremycherfas.net/2017/the-heatwave-has-broken-and-life-is-good" "Mozilla/5.0 (Windows NT 6.1) AppleWebKit/537.36 (KHTML, like Gecko) Chrome/41.0.2228.0 Safari/537.36" 
13.68.229.82 - - [21/Jun/2020:05:31:37 -0700] "GET /IdnoPlugins/Checkin/external/stamen-maps/tile.stamen.min.js HTTP/1.1" 200 1983 "https://stream.jeremycherfas.net/2017/the-heatwave-has-broken-and-life-is-good" "Mozilla/5.0 (Windows NT 6.1) AppleWebKit/537.36 (KHTML, like Gecko) Chrome/41.0.2228.0 Safari/537.36" 
13.68.229.82 - - [21/Jun/2020:05:31:37 -0700] "GET /IdnoPlugins/Checkin/external/leaflet/leaflet.js HTTP/1.1" 200 34091 "https://stream.jeremycherfas.net/2017/the-heatwave-has-broken-and-life-is-good" "Mozilla/5.0 (Windows NT 6.1) AppleWebKit/537.36 (KHTML, like Gecko) Chrome/41.0.2228.0 Safari/537.36" 
13.68.229.82 - - [21/Jun/2020:05:31:37 -0700] "GET /IdnoPlugins/Media/external/wavesurfer/dist/wavesurfer.min.js HTTP/1.1" 200 6834 "https://stream.jeremycherfas.net/2017/the-heatwave-has-broken-and-life-is-good" "Mozilla/5.0 (Windows NT 6.1) AppleWebKit/537.36 (KHTML, like Gecko) Chrome/41.0.2228.0 Safari/537.36" 
13.68.229.82 - - [21/Jun/2020:05:31:37 -0700] "GET /vendor/npm-asset/mediaelement/build/mediaelement-and-player.min.js HTTP/1.1" 200 41537 "https://stream.jeremycherfas.net/2017/the-heatwave-has-broken-and-life-is-good" "Mozilla/5.0 (Windows NT 6.1) AppleWebKit/537.36 (KHTML, like Gecko) Chrome/41.0.2228.0 Safari/537.36" 
13.68.229.82 - - [21/Jun/2020:05:31:37 -0700] "GET /vendor/npm-asset/vanilla-fitvids/jquery.fitvids.js HTTP/1.1" 200 1791 "https://stream.jeremycherfas.net/2017/the-heatwave-has-broken-and-life-is-good" "Mozilla/5.0 (Windows NT 6.1) AppleWebKit/537.36 (KHTML, like Gecko) Chrome/41.0.2228.0 Safari/537.36" 
13.68.229.82 - - [21/Jun/2020:05:31:37 -0700] "GET /vendor/rmm5t/jquery-timeago/jquery.timeago.js HTTP/1.1" 200 2991 "https://stream.jeremycherfas.net/2017/the-heatwave-has-broken-and-life-is-good" "Mozilla/5.0 (Windows NT 6.1) AppleWebKit/537.36 (KHTML, like Gecko) Chrome/41.0.2228.0 Safari/537.36" 
13.68.229.82 - - [21/Jun/2020:05:31:37 -0700] "GET /vendor/rmm5t/jquery-timeago/locales/jquery.timeago.en.js HTTP/1.1" 200 804 "https://stream.jeremycherfas.net/2017/the-heatwave-has-broken-and-life-is-good" "Mozilla/5.0 (Windows NT 6.1) AppleWebKit/537.36 (KHTML, like Gecko) Chrome/41.0.2228.0 Safari/537.36" 
13.68.229.82 - - [21/Jun/2020:05:31:37 -0700] "GET /vendor/forkawesome/fork-awesome/fonts/forkawesome-webfont.woff2?v=1.1.7 HTTP/1.1" 200 92179 "https://stream.jeremycherfas.net/vendor/forkawesome/fork-awesome/css/fork-awesome.min.css" "Mozilla/5.0 (Windows NT 6.1) AppleWebKit/537.36 (KHTML, like Gecko) Chrome/41.0.2228.0 Safari/537.36" 
13.68.229.82 - - [21/Jun/2020:05:31:37 -0700] "GET /vendor/npm-asset/underscore/underscore-min.js HTTP/1.1" 200 7035 "https://stream.jeremycherfas.net/2017/the-heatwave-has-broken-and-life-is-good" "Mozilla/5.0 (Windows NT 6.1) AppleWebKit/537.36 (KHTML, like Gecko) Chrome/41.0.2228.0 Safari/537.36" 
13.68.229.82 - - [21/Jun/2020:05:31:37 -0700] "GET /vendor/npm-asset/exif-js/exif.js HTTP/1.1" 200 9938 "https://stream.jeremycherfas.net/2017/the-heatwave-has-broken-and-life-is-good" "Mozilla/5.0 (Windows NT 6.1) AppleWebKit/537.36 (KHTML, like Gecko) Chrome/41.0.2228.0 Safari/537.36" 
148.251.49.107 - - [21/Jun/2020:05:31:37 -0700] "GET /2017/sometimes-a-chap-just-needs-to-make-an-almost-plain?_t=rss HTTP/1.1" 200 5396 "-" "Mozilla/5.0 (compatible; MJ12bot/v1.4.8; http://mj12bot.com/)" 
13.68.229.82 - - [21/Jun/2020:05:31:37 -0700] "GET /file/ef801e05730eba56004c5b712ad84731/thumb.jpg HTTP/1.1" 200 22619 "https://stream.jeremycherfas.net/2017/the-heatwave-has-broken-and-life-is-good" "Mozilla/5.0 (Windows NT 6.1) AppleWebKit/537.36 (KHTML, like Gecko) Chrome/41.0.2228.0 Safari/537.36" 
13.68.229.82 - - [21/Jun/2020:05:31:37 -0700] "GET /file/c8a89be3127def4817595b0448671faa/thumb.jpg HTTP/1.1" 404 14918 "https://stream.jeremycherfas.net/2017/the-heatwave-has-broken-and-life-is-good" "Mozilla/5.0 (Windows NT 6.1) AppleWebKit/537.36 (KHTML, like Gecko) Chrome/41.0.2228.0 Safari/537.36" 
13.68.229.82 - - [21/Jun/2020:05:31:38 -0700] "GET /gfx/users/default-00.png HTTP/1.1" 200 5798 "https://stream.jeremycherfas.net/2017/the-heatwave-has-broken-and-life-is-good" "Mozilla/5.0 (Windows NT 6.1) AppleWebKit/537.36 (KHTML, like Gecko) Chrome/41.0.2228.0 Safari/537.36" 
13.68.229.82 - - [21/Jun/2020:05:31:38 -0700] "GET /gfx/users/default.png HTTP/1.1" 200 2770 "https://stream.jeremycherfas.net/2017/the-heatwave-has-broken-and-life-is-good" "Mozilla/5.0 (Windows NT 6.1) AppleWebKit/537.36 (KHTML, like Gecko) Chrome/41.0.2228.0 Safari/537.36" 
144.76.118.82 - - [21/Jun/2020:05:31:38 -0700] "GET /?q=%23%20%23IndieWeb&offset=107 HTTP/1.1" 200 8979 "-" "Mozilla/5.0 (compatible; MJ12bot/v1.4.8; http://mj12bot.com/)" 
144.76.118.82 - - [21/Jun/2020:05:31:40 -0700] "GET /?q=%23%20%23IndieWeb&offset=110 HTTP/1.1" 200 9320 "-" "Mozilla/5.0 (compatible; MJ12bot/v1.4.8; http://mj12bot.com/)" 
46.229.168.147 - - [21/Jun/2020:05:31:42 -0700] "GET /2019/friends-of-the-fountain-pen-how-do HTTP/1.1" 200 10060 "-" "Mozilla/5.0 (compatible; SemrushBot/6~bl; +http://www.semrush.com/bot.html)" 
148.251.49.107 - - [21/Jun/2020:05:31:42 -0700] "GET /2017/southern-dairy-factories-polluting-milk-and-cheese----because-they?_t=rss HTTP/1.1" 200 5278 "-" "Mozilla/5.0 (compatible; MJ12bot/v1.4.8; http://mj12bot.com/)" 
54.36.148.81 - - [21/Jun/2020:05:31:42 -0700] "GET /content/all/?q=%23indieweb&offset=60 HTTP/1.1" 200 12080 "-" "Mozilla/5.0 (compatible; AhrefsBot/6.1; +http://ahrefs.com/robot/)" 
144.76.118.82 - - [21/Jun/2020:05:31:42 -0700] "GET /?q=%23%20%23IndieWeb&offset=112 HTTP/1.1" 200 8865 "-" "Mozilla/5.0 (compatible; MJ12bot/v1.4.8; http://mj12bot.com/)" 
144.76.118.82 - - [21/Jun/2020:05:31:44 -0700] "GET /?q=%23%20%23IndieWeb&offset=114 HTTP/1.1" 200 9066 "-" "Mozilla/5.0 (compatible; MJ12bot/v1.4.8; http://mj12bot.com/)" 
144.76.118.82 - - [21/Jun/2020:05:31:47 -0700] "GET /?q=%23%20%23IndieWeb&offset=117 HTTP/1.1" 200 9113 "-" "Mozilla/5.0 (compatible; MJ12bot/v1.4.8; http://mj12bot.com/)" 
148.251.49.107 - - [21/Jun/2020:05:31:47 -0700] "GET /2017/spent-a-little-while-looking-into-embeds-as-recommended-and?_t=rss HTTP/1.1" 200 5586 "-" "Mozilla/5.0 (compatible; MJ12bot/v1.4.8; http://mj12bot.com/)" 
144.76.118.82 - - [21/Jun/2020:05:31:49 -0700] "GET /?q=%23%20%23IndieWeb&offset=12 HTTP/1.1" 200 8635 "-" "Mozilla/5.0 (compatible; MJ12bot/v1.4.8; http://mj12bot.com/)" 
144.76.118.82 - - [21/Jun/2020:05:31:51 -0700] "GET /?q=%23%20%23IndieWeb&offset=120 HTTP/1.1" 200 8384 "-" "Mozilla/5.0 (compatible; MJ12bot/v1.4.8; http://mj12bot.com/)" 
66.249.66.44 - - [21/Jun/2020:05:31:51 -0700] "GET /2020/brunch-in-the-time-of-quarantine HTTP/1.1" 304 4068 "-" "Mozilla/5.0 (Linux; Android 6.0.1; Nexus 5X Build/MMB29P) AppleWebKit/537.36 (KHTML, like Gecko) Chrome/80.0.3987.92 Mobile Safari/537.36 (compatible; Googlebot/2.1; +http://www.google.com/bot.html)" 
148.251.49.107 - - [21/Jun/2020:05:31:52 -0700] "GET /2017/stu-on-twitter-stock-photo-hte4lwrtnd?_t=rss HTTP/1.1" 200 5116 "-" "Mozilla/5.0 (compatible; MJ12bot/v1.4.8; http://mj12bot.com/)" 
144.76.118.82 - - [21/Jun/2020:05:31:53 -0700] "GET /?q=%23%20%23IndieWeb&offset=122 HTTP/1.1" 200 8641 "-" "Mozilla/5.0 (compatible; MJ12bot/v1.4.8; http://mj12bot.com/)" 
144.76.118.82 - - [21/Jun/2020:05:31:55 -0700] "GET /?q=%23%20%23IndieWeb&offset=124 HTTP/1.1" 200 8198 "-" "Mozilla/5.0 (compatible; MJ12bot/v1.4.8; http://mj12bot.com/)" 
148.251.49.107 - - [21/Jun/2020:05:31:56 -0700] "GET /2017/sunday-night-supper-maddhur-jeffrey-lentils-and-gujarati-carrot-salad/annotations/26fa4961e7c164858d9be9f10b140c04 HTTP/1.1" 200 8048 "-" "Mozilla/5.0 (compatible; MJ12bot/v1.4.8; http://mj12bot.com/)" 
144.76.118.82 - - [21/Jun/2020:05:31:57 -0700] "GET /?q=%23%20%23IndieWeb&offset=127 HTTP/1.1" 200 9351 "-" "Mozilla/5.0 (compatible; MJ12bot/v1.4.8; http://mj12bot.com/)" 
148.251.49.107 - - [21/Jun/2020:05:31:58 -0700] "GET /2017/sunday-night-supper-maddhur-jeffrey-lentils-and-gujarati-carrot-salad/annotations/26fa4961e7c164858d9be9f10b140c04?_t=rss HTTP/1.1" 200 5420 "-" "Mozilla/5.0 (compatible; MJ12bot/v1.4.8; http://mj12bot.com/)" 
144.76.118.82 - - [21/Jun/2020:05:31:59 -0700] "GET /?q=%23%20%23IndieWeb&offset=130 HTTP/1.1" 200 9610 "-" "Mozilla/5.0 (compatible; MJ12bot/v1.4.8; http://mj12bot.com/)" 
148.251.49.107 - - [21/Jun/2020:05:32:01 -0700] "GET /2017/sunday-night-supper-maddhur-jeffrey-lentils-and-gujarati-carrot-salad/annotations/28448f2bedf65909eac3b1bc615d9996?_t=rss HTTP/1.1" 200 5421 "-" "Mozilla/5.0 (compatible; MJ12bot/v1.4.8; http://mj12bot.com/)" 
144.76.118.82 - - [21/Jun/2020:05:32:01 -0700] "GET /?q=%23%20%23IndieWeb&offset=132 HTTP/1.1" 200 9533 "-" "Mozilla/5.0 (compatible; MJ12bot/v1.4.8; http://mj12bot.com/)" 
148.251.49.107 - - [21/Jun/2020:05:32:03 -0700] "GET /2017/sunday-night-supper-maddhur-jeffrey-lentils-and-gujarati-carrot-salad/annotations/314f58336cb1d82b15197dd91d40e565 HTTP/1.1" 200 8049 "-" "Mozilla/5.0 (compatible; MJ12bot/v1.4.8; http://mj12bot.com/)" 
144.76.118.82 - - [21/Jun/2020:05:32:03 -0700] "GET /?q=%23%20%23IndieWeb&offset=134 HTTP/1.1" 200 9664 "-" "Mozilla/5.0 (compatible; MJ12bot/v1.4.8; http://mj12bot.com/)" 
148.251.49.107 - - [21/Jun/2020:05:32:05 -0700] "GET /2017/sunday-night-supper-maddhur-jeffrey-lentils-and-gujarati-carrot-salad/annotations/314f58336cb1d82b15197dd91d40e565?_t=rss HTTP/1.1" 200 5421 "-" "Mozilla/5.0 (compatible; MJ12bot/v1.4.8; http://mj12bot.com/)" 
144.76.118.82 - - [21/Jun/2020:05:32:05 -0700] "GET /?q=%23%20%23IndieWeb&offset=137 HTTP/1.1" 200 8169 "-" "Mozilla/5.0 (compatible; MJ12bot/v1.4.8; http://mj12bot.com/)" 
148.251.49.107 - - [21/Jun/2020:05:32:07 -0700] "GET /2017/sunday-night-supper-maddhur-jeffrey-lentils-and-gujarati-carrot-salad/annotations/3ed492aee38785a977717e376b101bd1 HTTP/1.1" 200 8048 "-" "Mozilla/5.0 (compatible; MJ12bot/v1.4.8; http://mj12bot.com/)" 
144.76.118.82 - - [21/Jun/2020:05:32:07 -0700] "GET /?q=%23%20%23IndieWeb&offset=17 HTTP/1.1" 200 8548 "-" "Mozilla/5.0 (compatible; MJ12bot/v1.4.8; http://mj12bot.com/)" 
144.76.118.82 - - [21/Jun/2020:05:32:09 -0700] "GET /?q=%23%20%23IndieWeb&offset=2 HTTP/1.1" 200 10891 "-" "Mozilla/5.0 (compatible; MJ12bot/v1.4.8; http://mj12bot.com/)" 
148.251.49.107 - - [21/Jun/2020:05:32:10 -0700] "GET /2017/sunday-night-supper-maddhur-jeffrey-lentils-and-gujarati-carrot-salad/annotations/4093c9338703da117ed71df71db2e3cf HTTP/1.1" 200 8046 "-" "Mozilla/5.0 (compatible; MJ12bot/v1.4.8; http://mj12bot.com/)" 
144.76.118.82 - - [21/Jun/2020:05:32:11 -0700] "GET /?q=%23%20%23IndieWeb&offset=22 HTTP/1.1" 200 8237 "-" "Mozilla/5.0 (compatible; MJ12bot/v1.4.8; http://mj12bot.com/)" 
148.251.49.107 - - [21/Jun/2020:05:32:13 -0700] "GET /2017/sunday-night-supper-maddhur-jeffrey-lentils-and-gujarati-carrot-salad/annotations/4b668ae9ef728433c7e1cc0b09960277 HTTP/1.1" 200 8048 "-" "Mozilla/5.0 (compatible; MJ12bot/v1.4.8; http://mj12bot.com/)" 
144.76.118.82 - - [21/Jun/2020:05:32:13 -0700] "GET /?q=%23%20%23IndieWeb&offset=27 HTTP/1.1" 200 9897 "-" "Mozilla/5.0 (compatible; MJ12bot/v1.4.8; http://mj12bot.com/)" 
148.251.49.107 - - [21/Jun/2020:05:32:16 -0700] "GET /2017/sunday-night-supper-maddhur-jeffrey-lentils-and-gujarati-carrot-salad/annotations/4b668ae9ef728433c7e1cc0b09960277?_t=rss HTTP/1.1" 200 5421 "-" "Mozilla/5.0 (compatible; MJ12bot/v1.4.8; http://mj12bot.com/)" 
144.76.118.82 - - [21/Jun/2020:05:32:16 -0700] "GET /?q=%23%20%23IndieWeb&offset=37 HTTP/1.1" 200 8105 "-" "Mozilla/5.0 (compatible; MJ12bot/v1.4.8; http://mj12bot.com/)" 
144.76.118.82 - - [21/Jun/2020:05:32:17 -0700] "GET /?q=%23%20%23IndieWeb&offset=42 HTTP/1.1" 200 7923 "-" "Mozilla/5.0 (compatible; MJ12bot/v1.4.8; http://mj12bot.com/)" 
148.251.49.107 - - [21/Jun/2020:05:32:18 -0700] "GET /2017/sunday-night-supper-maddhur-jeffrey-lentils-and-gujarati-carrot-salad/annotations/7875ff2de690df722ac9b0a551fa0e2d HTTP/1.1" 200 8048 "-" "Mozilla/5.0 (compatible; MJ12bot/v1.4.8; http://mj12bot.com/)" 
144.76.118.82 - - [21/Jun/2020:05:32:20 -0700] "GET /?q=%23%20%23IndieWeb&offset=52 HTTP/1.1" 200 9618 "-" "Mozilla/5.0 (compatible; MJ12bot/v1.4.8; http://mj12bot.com/)" 
46.229.168.154 - - [21/Jun/2020:05:32:20 -0700] "GET /content/all/?q=%2310DoT HTTP/1.1" 200 9089 "-" "Mozilla/5.0 (compatible; SemrushBot/6~bl; +http://www.semrush.com/bot.html)" 
148.251.49.107 - - [21/Jun/2020:05:32:20 -0700] "GET /2017/sunday-night-supper-maddhur-jeffrey-lentils-and-gujarati-carrot-salad/annotations/7875ff2de690df722ac9b0a551fa0e2d?_t=rss HTTP/1.1" 200 5421 "-" "Mozilla/5.0 (compatible; MJ12bot/v1.4.8; http://mj12bot.com/)" 
144.76.118.82 - - [21/Jun/2020:05:32:22 -0700] "GET /?q=%23%20%23IndieWeb&offset=57 HTTP/1.1" 200 9406 "-" "Mozilla/5.0 (compatible; MJ12bot/v1.4.8; http://mj12bot.com/)" 
148.251.49.107 - - [21/Jun/2020:05:32:23 -0700] "GET /2017/sunday-night-supper-maddhur-jeffrey-lentils-and-gujarati-carrot-salad/annotations/80df4918060ad829395de46268d2abb6 HTTP/1.1" 200 8049 "-" "Mozilla/5.0 (compatible; MJ12bot/v1.4.8; http://mj12bot.com/)" 
144.76.118.82 - - [21/Jun/2020:05:32:24 -0700] "GET /?q=%23%20%23IndieWeb&offset=60 HTTP/1.1" 200 8928 "-" "Mozilla/5.0 (compatible; MJ12bot/v1.4.8; http://mj12bot.com/)" 
148.251.49.107 - - [21/Jun/2020:05:32:25 -0700] "GET /2017/sunday-night-supper-maddhur-jeffrey-lentils-and-gujarati-carrot-salad/annotations/80df4918060ad829395de46268d2abb6?_t=rss HTTP/1.1" 200 5420 "-" "Mozilla/5.0 (compatible; MJ12bot/v1.4.8; http://mj12bot.com/)" 
144.76.118.82 - - [21/Jun/2020:05:32:26 -0700] "GET /?q=%23%20%23IndieWeb&offset=67 HTTP/1.1" 200 8662 "-" "Mozilla/5.0 (compatible; MJ12bot/v1.4.8; http://mj12bot.com/)" 
148.251.49.107 - - [21/Jun/2020:05:32:27 -0700] "GET /2017/sunday-night-supper-maddhur-jeffrey-lentils-and-gujarati-carrot-salad/annotations/98a0f4ec2a60876ddec9a0a2057fb25d HTTP/1.1" 200 8047 "-" "Mozilla/5.0 (compatible; MJ12bot/v1.4.8; http://mj12bot.com/)" 
46.229.168.154 - - [21/Jun/2020:05:32:27 -0700] "GET /2017/as-i-dont-feed-my-sourdough-daily-or-take-it HTTP/1.1" 200 9795 "-" "Mozilla/5.0 (compatible; SemrushBot/6~bl; +http://www.semrush.com/bot.html)" 
144.76.118.82 - - [21/Jun/2020:05:32:28 -0700] "GET /?q=%23%20%23IndieWeb&offset=7 HTTP/1.1" 200 8223 "-" "Mozilla/5.0 (compatible; MJ12bot/v1.4.8; http://mj12bot.com/)" 
66.249.66.44 - - [21/Jun/2020:05:32:30 -0700] "GET /content/photos/?offset=570&_t=rss HTTP/1.1" 200 7986 "-" "Mozilla/5.0 (Linux; Android 6.0.1; Nexus 5X Build/MMB29P) AppleWebKit/537.36 (KHTML, like Gecko) Chrome/80.0.3987.92 Mobile Safari/537.36 (compatible; Googlebot/2.1; +http://www.google.com/bot.html)" 
144.76.118.82 - - [21/Jun/2020:05:32:30 -0700] "GET /?q=%23%20%23IndieWeb&offset=70 HTTP/1.1" 200 8798 "-" "Mozilla/5.0 (compatible; MJ12bot/v1.4.8; http://mj12bot.com/)" 
148.251.49.107 - - [21/Jun/2020:05:32:31 -0700] "GET /2017/sunday-night-supper-maddhur-jeffrey-lentils-and-gujarati-carrot-salad/annotations/98a0f4ec2a60876ddec9a0a2057fb25d?_t=rss HTTP/1.1" 200 5420 "-" "Mozilla/5.0 (compatible; MJ12bot/v1.4.8; http://mj12bot.com/)" 
144.76.118.82 - - [21/Jun/2020:05:32:32 -0700] "GET /?q=%23%20%23IndieWeb&offset=72 HTTP/1.1" 200 9422 "-" "Mozilla/5.0 (compatible; MJ12bot/v1.4.8; http://mj12bot.com/)" 
148.251.49.107 - - [21/Jun/2020:05:32:33 -0700] "GET /2017/sunday-night-supper-maddhur-jeffrey-lentils-and-gujarati-carrot-salad/annotations/9a5f38b917422addcbf4fdc6223b4f3e HTTP/1.1" 200 8048 "-" "Mozilla/5.0 (compatible; MJ12bot/v1.4.8; http://mj12bot.com/)" 
144.76.118.82 - - [21/Jun/2020:05:32:34 -0700] "GET /?q=%23%20%23IndieWeb&offset=77 HTTP/1.1" 200 10285 "-" "Mozilla/5.0 (compatible; MJ12bot/v1.4.8; http://mj12bot.com/)" 
148.251.49.107 - - [21/Jun/2020:05:32:35 -0700] "GET /2017/sunday-night-supper-maddhur-jeffrey-lentils-and-gujarati-carrot-salad/annotations/9a5f38b917422addcbf4fdc6223b4f3e?_t=rss HTTP/1.1" 200 5420 "-" "Mozilla/5.0 (compatible; MJ12bot/v1.4.8; http://mj12bot.com/)" 
144.76.118.82 - - [21/Jun/2020:05:32:36 -0700] "GET /?q=%23%20%23IndieWeb&offset=80 HTTP/1.1" 200 10646 "-" "Mozilla/5.0 (compatible; MJ12bot/v1.4.8; http://mj12bot.com/)" 
148.251.49.107 - - [21/Jun/2020:05:32:38 -0700] "GET /2017/sunday-night-supper-maddhur-jeffrey-lentils-and-gujarati-carrot-salad/annotations/b94321737cf6f7106e6bd341ab91bf98 HTTP/1.1" 200 8049 "-" "Mozilla/5.0 (compatible; MJ12bot/v1.4.8; http://mj12bot.com/)" 
144.76.118.82 - - [21/Jun/2020:05:32:38 -0700] "GET /?q=%23%20%23IndieWeb&offset=82 HTTP/1.1" 200 10748 "-" "Mozilla/5.0 (compatible; MJ12bot/v1.4.8; http://mj12bot.com/)" 
144.76.118.82 - - [21/Jun/2020:05:32:40 -0700] "GET /?q=%23%20%23IndieWeb&offset=87 HTTP/1.1" 200 12284 "-" "Mozilla/5.0 (compatible; MJ12bot/v1.4.8; http://mj12bot.com/)" 
148.251.49.107 - - [21/Jun/2020:05:32:41 -0700] "GET /2017/sunday-night-supper-maddhur-jeffrey-lentils-and-gujarati-carrot-salad/annotations/b94321737cf6f7106e6bd341ab91bf98?_t=rss HTTP/1.1" 200 5422 "-" "Mozilla/5.0 (compatible; MJ12bot/v1.4.8; http://mj12bot.com/)" 
144.76.118.82 - - [21/Jun/2020:05:32:42 -0700] "GET /?q=%23%20%23IndieWeb&offset=90 HTTP/1.1" 200 12456 "-" "Mozilla/5.0 (compatible; MJ12bot/v1.4.8; http://mj12bot.com/)" 
148.251.49.107 - - [21/Jun/2020:05:32:43 -0700] "GET /2017/sunday-night-supper-maddhur-jeffrey-lentils-and-gujarati-carrot-salad/annotations/c7cc75086b0639ee3ae2b184b4668e70 HTTP/1.1" 200 8048 "-" "Mozilla/5.0 (compatible; MJ12bot/v1.4.8; http://mj12bot.com/)" 
144.76.118.82 - - [21/Jun/2020:05:32:44 -0700] "GET /?q=%23%20%23IndieWeb&offset=92 HTTP/1.1" 200 12228 "-" "Mozilla/5.0 (compatible; MJ12bot/v1.4.8; http://mj12bot.com/)" 
148.251.49.107 - - [21/Jun/2020:05:32:45 -0700] "GET /2017/sunday-night-supper-maddhur-jeffrey-lentils-and-gujarati-carrot-salad/annotations/c7cc75086b0639ee3ae2b184b4668e70?_t=rss HTTP/1.1" 200 5420 "-" "Mozilla/5.0 (compatible; MJ12bot/v1.4.8; http://mj12bot.com/)" 
144.76.118.82 - - [21/Jun/2020:05:32:46 -0700] "GET /?q=%23%20%23IndieWeb&offset=97 HTTP/1.1" 200 11474 "-" "Mozilla/5.0 (compatible; MJ12bot/v1.4.8; http://mj12bot.com/)" 
54.36.148.201 - - [21/Jun/2020:05:32:47 -0700] "GET /2017/happens-to-the-best-of-us HTTP/1.1" 200 9586 "-" "Mozilla/5.0 (compatible; AhrefsBot/6.1; +http://ahrefs.com/robot/)" 
148.251.49.107 - - [21/Jun/2020:05:32:48 -0700] "GET /2017/sunday-night-supper-maddhur-jeffrey-lentils-and-gujarati-carrot-salad/annotations/dbb7751dd971aecd17b0e1ecd1c7ee02 HTTP/1.1" 200 8312 "-" "Mozilla/5.0 (compatible; MJ12bot/v1.4.8; http://mj12bot.com/)" 
45.79.26.51 - - [21/Jun/2020:05:32:48 -0700] "GET /content/statusupdates/posts/photos/checkins/bookmarkedpages?_t=rss HTTP/1.1" 200 7422 "-" "Micro.blog/1.0" 
144.76.118.82 - - [21/Jun/2020:05:32:48 -0700] "GET /?q=%23%20%23WithKnown&offset=15 HTTP/1.1" 200 10165 "-" "Mozilla/5.0 (compatible; MJ12bot/v1.4.8; http://mj12bot.com/)" 
148.251.49.107 - - [21/Jun/2020:05:32:50 -0700] "GET /2017/sunday-night-supper-maddhur-jeffrey-lentils-and-gujarati-carrot-salad/annotations/debae75dbac9599ff891fd2482394aac HTTP/1.1" 200 8047 "-" "Mozilla/5.0 (compatible; MJ12bot/v1.4.8; http://mj12bot.com/)" 
144.76.118.82 - - [21/Jun/2020:05:32:50 -0700] "GET /?q=%23%20%23WithKnown&offset=25 HTTP/1.1" 200 9712 "-" "Mozilla/5.0 (compatible; MJ12bot/v1.4.8; http://mj12bot.com/)" 
148.251.49.107 - - [21/Jun/2020:05:32:52 -0700] "GET /2017/sunday-night-supper-maddhur-jeffrey-lentils-and-gujarati-carrot-salad/annotations/debae75dbac9599ff891fd2482394aac?_t=rss HTTP/1.1" 200 5418 "-" "Mozilla/5.0 (compatible; MJ12bot/v1.4.8; http://mj12bot.com/)" 
144.76.118.82 - - [21/Jun/2020:05:32:52 -0700] "GET /?q=%23%20%23blossomsoflight HTTP/1.1" 200 5156 "-" "Mozilla/5.0 (compatible; MJ12bot/v1.4.8; http://mj12bot.com/)" 
148.251.49.107 - - [21/Jun/2020:05:32:55 -0700] "GET /2017/sunday-night-supper-maddhur-jeffrey-lentils-and-gujarati-carrot-salad?_t=rss HTTP/1.1" 200 5384 "-" "Mozilla/5.0 (compatible; MJ12bot/v1.4.8; http://mj12bot.com/)" 
144.76.118.82 - - [21/Jun/2020:05:32:56 -0700] "GET /?q=%23%20%23indieweb HTTP/1.1" 200 14713 "-" "Mozilla/5.0 (compatible; MJ12bot/v1.4.8; http://mj12bot.com/)" 
144.76.118.82 - - [21/Jun/2020:05:32:58 -0700] "GET /?q=%23%20%23indieweb&offset=0 HTTP/1.1" 200 14728 "-" "Mozilla/5.0 (compatible; MJ12bot/v1.4.8; http://mj12bot.com/)" 
148.251.49.107 - - [21/Jun/2020:05:33:00 -0700] "GET /2017/sundowner HTTP/1.1" 200 10453 "-" "Mozilla/5.0 (compatible; MJ12bot/v1.4.8; http://mj12bot.com/)" 
144.76.118.82 - - [21/Jun/2020:05:33:01 -0700] "GET /?q=%23%20%23indieweb&offset=10 HTTP/1.1" 200 11659 "-" "Mozilla/5.0 (compatible; MJ12bot/v1.4.8; http://mj12bot.com/)" 
148.251.49.107 - - [21/Jun/2020:05:33:02 -0700] "GET /2017/sundowner?_t=rss HTTP/1.1" 200 5170 "-" "Mozilla/5.0 (compatible; MJ12bot/v1.4.8; http://mj12bot.com/)" 
46.229.168.152 - - [21/Jun/2020:05:33:02 -0700] "GET /content/photos/?q=%23%2B%23sourdoughseptember HTTP/1.1" 200 8317 "-" "Mozilla/5.0 (compatible; SemrushBot/6~bl; +http://www.semrush.com/bot.html)" 
144.76.118.82 - - [21/Jun/2020:05:33:03 -0700] "GET /?q=%23%20%23indieweb&offset=100 HTTP/1.1" 200 14015 "-" "Mozilla/5.0 (compatible; MJ12bot/v1.4.8; http://mj12bot.com/)" 
148.251.49.107 - - [21/Jun/2020:05:33:05 -0700] "GET /2017/sunny-sunday-lunch HTTP/1.1" 200 9347 "-" "Mozilla/5.0 (compatible; MJ12bot/v1.4.8; http://mj12bot.com/)" 
144.76.118.82 - - [21/Jun/2020:05:33:06 -0700] "GET /?q=%23%20%23indieweb&offset=102 HTTP/1.1" 200 14108 "-" "Mozilla/5.0 (compatible; MJ12bot/v1.4.8; http://mj12bot.com/)" 
144.76.118.82 - - [21/Jun/2020:05:33:08 -0700] "GET /?q=%23%20%23indieweb&offset=106 HTTP/1.1" 200 12563 "-" "Mozilla/5.0 (compatible; MJ12bot/v1.4.8; http://mj12bot.com/)" 
46.229.168.150 - - [21/Jun/2020:05:33:10 -0700] "GET /2017/bubbleicious-hamelman-mixed-levain HTTP/1.1" 200 10602 "-" "Mozilla/5.0 (compatible; SemrushBot/6~bl; +http://www.semrush.com/bot.html)" 
148.251.49.107 - - [21/Jun/2020:05:33:11 -0700] "GET /2017/suppertime?_t=rss HTTP/1.1" 200 5144 "-" "Mozilla/5.0 (compatible; MJ12bot/v1.4.8; http://mj12bot.com/)" 
144.76.118.82 - - [21/Jun/2020:05:33:11 -0700] "GET /?q=%23%20%23indieweb&offset=107 HTTP/1.1" 200 12115 "-" "Mozilla/5.0 (compatible; MJ12bot/v1.4.8; http://mj12bot.com/)" 
144.76.118.82 - - [21/Jun/2020:05:33:13 -0700] "GET /?q=%23%20%23indieweb&offset=109 HTTP/1.1" 200 11972 "-" "Mozilla/5.0 (compatible; MJ12bot/v1.4.8; http://mj12bot.com/)" 
148.251.49.107 - - [21/Jun/2020:05:33:16 -0700] "GET /2017/tagliolini-con-gamberi-e-lime-and-a-delicious-red-at?_t=rss HTTP/1.1" 200 5310 "-" "Mozilla/5.0 (compatible; MJ12bot/v1.4.8; http://mj12bot.com/)" 
144.76.118.82 - - [21/Jun/2020:05:33:15 -0700] "GET /?q=%23%20%23indieweb&offset=110 HTTP/1.1" 200 12452 "-" "Mozilla/5.0 (compatible; MJ12bot/v1.4.8; http://mj12bot.com/)" 
144.76.118.82 - - [21/Jun/2020:05:33:18 -0700] "GET /?q=%23%20%23indieweb&offset=117 HTTP/1.1" 200 12246 "-" "Mozilla/5.0 (compatible; MJ12bot/v1.4.8; http://mj12bot.com/)" 
54.36.149.1 - - [21/Jun/2020:05:33:20 -0700] "GET /?q=%23IndieWeb&offset=70 HTTP/1.1" 200 11931 "-" "Mozilla/5.0 (compatible; AhrefsBot/6.1; +http://ahrefs.com/robot/)" 
148.251.49.107 - - [21/Jun/2020:05:33:20 -0700] "GET /2017/tamarhaspel-true-just-as-bread-beer-and-wine-arent-biotechnology?_t=rss HTTP/1.1" 200 5121 "-" "Mozilla/5.0 (compatible; MJ12bot/v1.4.8; http://mj12bot.com/)" 
144.76.118.82 - - [21/Jun/2020:05:33:20 -0700] "GET /?q=%23%20%23indieweb&offset=120 HTTP/1.1" 200 11518 "-" "Mozilla/5.0 (compatible; MJ12bot/v1.4.8; http://mj12bot.com/)" 
148.251.49.107 - - [21/Jun/2020:05:33:22 -0700] "GET /2017/tasty HTTP/1.1" 200 9266 "-" "Mozilla/5.0 (compatible; MJ12bot/v1.4.8; http://mj12bot.com/)" 
144.76.118.82 - - [21/Jun/2020:05:33:23 -0700] "GET /?q=%23%20%23indieweb&offset=122 HTTP/1.1" 200 11775 "-" "Mozilla/5.0 (compatible; MJ12bot/v1.4.8; http://mj12bot.com/)" 
144.76.118.82 - - [21/Jun/2020:05:33:25 -0700] "GET /?q=%23%20%23indieweb&offset=124 HTTP/1.1" 200 11336 "-" "Mozilla/5.0 (compatible; MJ12bot/v1.4.8; http://mj12bot.com/)" 
148.251.49.107 - - [21/Jun/2020:05:33:27 -0700] "GET /2017/tasty?_t=rss HTTP/1.1" 200 5248 "-" "Mozilla/5.0 (compatible; MJ12bot/v1.4.8; http://mj12bot.com/)" 
144.76.118.82 - - [21/Jun/2020:05:33:28 -0700] "GET /?q=%23%20%23indieweb&offset=126 HTTP/1.1" 200 11805 "-" "Mozilla/5.0 (compatible; MJ12bot/v1.4.8; http://mj12bot.com/)" 
144.76.118.82 - - [21/Jun/2020:05:33:30 -0700] "GET /?q=%23%20%23indieweb&offset=127 HTTP/1.1" 200 12487 "-" "Mozilla/5.0 (compatible; MJ12bot/v1.4.8; http://mj12bot.com/)" 
144.76.118.82 - - [21/Jun/2020:05:33:33 -0700] "GET /?q=%23%20%23indieweb&offset=129 HTTP/1.1" 200 12611 "-" "Mozilla/5.0 (compatible; MJ12bot/v1.4.8; http://mj12bot.com/)" 
148.251.49.107 - - [21/Jun/2020:05:33:34 -0700] "GET /2017/teehee-updating-old-blog-posts-found-this-gem-so-resonant?_t=rss HTTP/1.1" 200 5296 "-" "Mozilla/5.0 (compatible; MJ12bot/v1.4.8; http://mj12bot.com/)" 
144.76.118.82 - - [21/Jun/2020:05:33:35 -0700] "GET /?q=%23%20%23indieweb&offset=130 HTTP/1.1" 200 12740 "-" "Mozilla/5.0 (compatible; MJ12bot/v1.4.8; http://mj12bot.com/)" 
144.76.118.82 - - [21/Jun/2020:05:33:38 -0700] "GET /?q=%23%20%23indieweb&offset=134 HTTP/1.1" 200 12796 "-" "Mozilla/5.0 (compatible; MJ12bot/v1.4.8; http://mj12bot.com/)" 
144.76.118.82 - - [21/Jun/2020:05:33:40 -0700] "GET /?q=%23%20%23indieweb&offset=136 HTTP/1.1" 200 12225 "-" "Mozilla/5.0 (compatible; MJ12bot/v1.4.8; http://mj12bot.com/)" 
66.249.66.46 - - [21/Jun/2020:05:33:40 -0700] "GET /service/web/imageproxy/aHR0cHM6Ly9zZWN1cmUuZ3JhdmF0YXIuY29tL2F2YXRhci9kNWZiNGU0OThmZTYwOWNjMjliMDRlNWI3YWQ2ODhjND9zPTQ5JmQ9aHR0cHM6Ly9ib2Zmb3NvY2tvLmNvbS93cC1jb250ZW50L3BsdWdpbnMvc2VtYW50aWMtbGlua2JhY2tzL2ltZy9tbS5qcGcmcj1wZw,,/300/square HTTP/1.1" 200 7215 "-" "Googlebot-Image/1.0" 
148.251.49.107 - - [21/Jun/2020:05:33:41 -0700] "GET /2017/yesterday-mornings-treat HTTP/1.1" 200 9376 "-" "Mozilla/5.0 (compatible; MJ12bot/v1.4.8; http://mj12bot.com/)" 
144.76.118.82 - - [21/Jun/2020:05:33:42 -0700] "GET /?q=%23%20%23indieweb&offset=137 HTTP/1.1" 200 11304 "-" "Mozilla/5.0 (compatible; MJ12bot/v1.4.8; http://mj12bot.com/)" 
144.76.118.82 - - [21/Jun/2020:05:33:45 -0700] "GET /?q=%23%20%23indieweb&offset=30 HTTP/1.1" 200 12895 "-" "Mozilla/5.0 (compatible; MJ12bot/v1.4.8; http://mj12bot.com/)" 
148.251.49.107 - - [21/Jun/2020:05:33:46 -0700] "GET /2017/yesterday-mornings-treat?_t=rss HTTP/1.1" 200 5249 "-" "Mozilla/5.0 (compatible; MJ12bot/v1.4.8; http://mj12bot.com/)" 
144.76.118.82 - - [21/Jun/2020:05:33:47 -0700] "GET /?q=%23%20%23indieweb&offset=40 HTTP/1.1" 200 11377 "-" "Mozilla/5.0 (compatible; MJ12bot/v1.4.8; http://mj12bot.com/)" 
148.251.49.107 - - [21/Jun/2020:05:33:50 -0700] "GET /2018/-2 HTTP/1.1" 200 9193 "-" "Mozilla/5.0 (compatible; MJ12bot/v1.4.8; http://mj12bot.com/)" 
144.76.118.82 - - [21/Jun/2020:05:33:50 -0700] "GET /?q=%23%20%23indieweb&offset=60 HTTP/1.1" 200 12068 "-" "Mozilla/5.0 (compatible; MJ12bot/v1.4.8; http://mj12bot.com/)" 
144.76.118.82 - - [21/Jun/2020:05:33:52 -0700] "GET /?q=%23%20%23indieweb&offset=70 HTTP/1.1" 200 11936 "-" "Mozilla/5.0 (compatible; MJ12bot/v1.4.8; http://mj12bot.com/)" 
148.251.49.107 - - [21/Jun/2020:05:33:54 -0700] "GET /2018/maybe-definitely-hoping-to-attend HTTP/1.1" 200 9285 "-" "Mozilla/5.0 (compatible; MJ12bot/v1.4.8; http://mj12bot.com/)" 
144.76.118.82 - - [21/Jun/2020:05:33:55 -0700] "GET /?q=%23%20%23indieweb&offset=76 HTTP/1.1" 200 13574 "-" "Mozilla/5.0 (compatible; MJ12bot/v1.4.8; http://mj12bot.com/)" 
148.251.49.107 - - [21/Jun/2020:05:33:57 -0700] "GET /2019/culture-day HTTP/1.1" 200 13066 "-" "Mozilla/5.0 (compatible; MJ12bot/v1.4.8; http://mj12bot.com/)" 
54.36.148.201 - - [21/Jun/2020:05:33:57 -0700] "GET /content/all/?q=%23IndieWeb&offset=70 HTTP/1.1" 200 11951 "-" "Mozilla/5.0 (compatible; AhrefsBot/6.1; +http://ahrefs.com/robot/)" 
46.229.168.163 - - [21/Jun/2020:05:33:57 -0700] "GET /?q=%23%2B%23Http%3A%2F%2Fwww.marigoldroma.com%2F HTTP/1.1" 200 8321 "-" "Mozilla/5.0 (compatible; SemrushBot/6~bl; +http://www.semrush.com/bot.html)" 
144.76.118.82 - - [21/Jun/2020:05:33:58 -0700] "GET /?q=%23%20%23indieweb&offset=79 HTTP/1.1" 200 13650 "-" "Mozilla/5.0 (compatible; MJ12bot/v1.4.8; http://mj12bot.com/)" 
148.251.49.107 - - [21/Jun/2020:05:34:00 -0700] "GET /2019/cupani-sweetpeas-doing-ok-with-a-hope-of-more-seeds HTTP/1.1" 200 12589 "-" "Mozilla/5.0 (compatible; MJ12bot/v1.4.8; http://mj12bot.com/)" 
144.76.118.82 - - [21/Jun/2020:05:34:00 -0700] "GET /?q=%23%20%23indieweb&offset=80 HTTP/1.1" 200 13784 "-" "Mozilla/5.0 (compatible; MJ12bot/v1.4.8; http://mj12bot.com/)" 
148.251.49.107 - - [21/Jun/2020:05:34:02 -0700] "GET /2019/definite-kudos-to-flourambassador-for-her-forthcoming-series-on-women HTTP/1.1" 200 15032 "-" "Mozilla/5.0 (compatible; MJ12bot/v1.4.8; http://mj12bot.com/)" 
144.76.118.82 - - [21/Jun/2020:05:34:03 -0700] "GET /?q=%23%20%23indieweb&offset=90 HTTP/1.1" 200 15596 "-" "Mozilla/5.0 (compatible; MJ12bot/v1.4.8; http://mj12bot.com/)" 
66.249.66.48 - - [21/Jun/2020:05:34:04 -0700] "GET /file/d3b9220806cbc04c1300c33aa74ac731/8478af71b77824d2e559b7f4232058ca HTTP/1.1" 200 67904 "-" "Googlebot-Image/1.0" 
144.76.118.82 - - [21/Jun/2020:05:34:05 -0700] "GET /?q=%23%20%23indieweb&offset=92 HTTP/1.1" 200 15365 "-" "Mozilla/5.0 (compatible; MJ12bot/v1.4.8; http://mj12bot.com/)" 
148.251.49.107 - - [21/Jun/2020:05:34:08 -0700] "GET /2019/domestic-cozy-9 HTTP/1.1" 200 9448 "-" "Mozilla/5.0 (compatible; MJ12bot/v1.4.8; http://mj12bot.com/)" 
144.76.118.82 - - [21/Jun/2020:05:34:07 -0700] "GET /?q=%23%20%23indieweb&offset=96 HTTP/1.1" 200 14148 "-" "Mozilla/5.0 (compatible; MJ12bot/v1.4.8; http://mj12bot.com/)" 
144.76.118.82 - - [21/Jun/2020:05:34:10 -0700] "GET /?q=%23%20%23indieweb&offset=97 HTTP/1.1" 200 14613 "-" "Mozilla/5.0 (compatible; MJ12bot/v1.4.8; http://mj12bot.com/)" 
144.76.118.82 - - [21/Jun/2020:05:34:12 -0700] "GET /?q=%23%20%23indieweb&offset=99 HTTP/1.1" 200 14684 "-" "Mozilla/5.0 (compatible; MJ12bot/v1.4.8; http://mj12bot.com/)" 
148.251.49.107 - - [21/Jun/2020:05:34:15 -0700] "GET /2019/surely-the-very-best-reason-to-pay?_t=rss HTTP/1.1" 200 5165 "-" "Mozilla/5.0 (compatible; MJ12bot/v1.4.8; http://mj12bot.com/)" 
144.76.118.82 - - [21/Jun/2020:05:34:15 -0700] "GET /?q=%23Corfu HTTP/1.1" 200 9026 "-" "Mozilla/5.0 (compatible; MJ12bot/v1.4.8; http://mj12bot.com/)" 
144.76.118.82 - - [21/Jun/2020:05:34:17 -0700] "GET /?q=%23Greece HTTP/1.1" 200 9532 "-" "Mozilla/5.0 (compatible; MJ12bot/v1.4.8; http://mj12bot.com/)" 
144.76.118.82 - - [21/Jun/2020:05:34:20 -0700] "GET /?q=%23bread&offset=16 HTTP/1.1" 200 11832 "-" "Mozilla/5.0 (compatible; MJ12bot/v1.4.8; http://mj12bot.com/)" 
148.251.49.107 - - [21/Jun/2020:05:34:22 -0700] "GET /2019/table-for-one-from-dearlovelucy-still-open-for-business-at HTTP/1.1" 200 12841 "-" "Mozilla/5.0 (compatible; MJ12bot/v1.4.8; http://mj12bot.com/)" 
144.76.118.82 - - [21/Jun/2020:05:34:22 -0700] "GET /?q=%23bread&offset=26 HTTP/1.1" 200 12931 "-" "Mozilla/5.0 (compatible; MJ12bot/v1.4.8; http://mj12bot.com/)" 
144.76.118.82 - - [21/Jun/2020:05:34:24 -0700] "GET /?q=%23bread&offset=36 HTTP/1.1" 200 12119 "-" "Mozilla/5.0 (compatible; MJ12bot/v1.4.8; http://mj12bot.com/)" 
148.251.49.107 - - [21/Jun/2020:05:34:26 -0700] "GET /2019/take-my-wife-please HTTP/1.1" 200 9284 "-" "Mozilla/5.0 (compatible; MJ12bot/v1.4.8; http://mj12bot.com/)" 
144.76.118.82 - - [21/Jun/2020:05:34:27 -0700] "GET /?q=%23bread&offset=46 HTTP/1.1" 200 12398 "-" "Mozilla/5.0 (compatible; MJ12bot/v1.4.8; http://mj12bot.com/)" 
148.251.49.107 - - [21/Jun/2020:05:34:29 -0700] "GET /content/all/?offset=0 HTTP/1.1" 200 11748 "-" "Mozilla/5.0 (compatible; MJ12bot/v1.4.8; http://mj12bot.com/)" 
144.76.118.82 - - [21/Jun/2020:05:34:29 -0700] "GET /?q=%23bread&offset=56 HTTP/1.1" 200 11702 "-" "Mozilla/5.0 (compatible; MJ12bot/v1.4.8; http://mj12bot.com/)" 
144.76.118.82 - - [21/Jun/2020:05:34:31 -0700] "GET /?q=%23bread&offset=6 HTTP/1.1" 200 12461 "-" "Mozilla/5.0 (compatible; MJ12bot/v1.4.8; http://mj12bot.com/)" 
148.251.49.107 - - [21/Jun/2020:05:34:32 -0700] "GET /content/all/?offset=10 HTTP/1.1" 200 11120 "-" "Mozilla/5.0 (compatible; MJ12bot/v1.4.8; http://mj12bot.com/)" 
54.36.148.168 - - [21/Jun/2020:05:34:32 -0700] "GET /tag/podcast?offset=46 HTTP/1.1" 200 13300 "-" "Mozilla/5.0 (compatible; AhrefsBot/6.1; +http://ahrefs.com/robot/)" 
144.76.118.82 - - [21/Jun/2020:05:34:34 -0700] "GET /?q=%23bread&offset=66 HTTP/1.1" 200 12147 "-" "Mozilla/5.0 (compatible; MJ12bot/v1.4.8; http://mj12bot.com/)" 
144.76.118.82 - - [21/Jun/2020:05:34:37 -0700] "GET /?q=%23bread&offset=70 HTTP/1.1" 200 11870 "-" "Mozilla/5.0 (compatible; MJ12bot/v1.4.8; http://mj12bot.com/)" 
148.251.49.107 - - [21/Jun/2020:05:34:39 -0700] "GET /content/all/?offset=39 HTTP/1.1" 200 13896 "-" "Mozilla/5.0 (compatible; MJ12bot/v1.4.8; http://mj12bot.com/)" 
144.76.118.82 - - [21/Jun/2020:05:34:39 -0700] "GET /?q=%23bread&offset=76 HTTP/1.1" 200 11892 "-" "Mozilla/5.0 (compatible; MJ12bot/v1.4.8; http://mj12bot.com/)" 
46.229.168.135 - - [21/Jun/2020:05:34:40 -0700] "GET /content/statusupdates/?offset=0&q=%23%2B%23food HTTP/1.1" 200 12108 "-" "Mozilla/5.0 (compatible; SemrushBot/6~bl; +http://www.semrush.com/bot.html)" 
144.76.118.82 - - [21/Jun/2020:05:34:42 -0700] "GET /?q=%23bread&offset=80 HTTP/1.1" 200 11491 "-" "Mozilla/5.0 (compatible; MJ12bot/v1.4.8; http://mj12bot.com/)" 
144.76.118.82 - - [21/Jun/2020:05:34:44 -0700] "GET /?q=%23bread&offset=86 HTTP/1.1" 200 9358 "-" "Mozilla/5.0 (compatible; MJ12bot/v1.4.8; http://mj12bot.com/)" 
144.76.118.82 - - [21/Jun/2020:05:34:47 -0700] "GET /?q=%23indieweb&offset=100 HTTP/1.1" 200 13990 "-" "Mozilla/5.0 (compatible; MJ12bot/v1.4.8; http://mj12bot.com/)" 
144.76.118.82 - - [21/Jun/2020:05:34:49 -0700] "GET /?q=%23indieweb&offset=107 HTTP/1.1" 200 12092 "-" "Mozilla/5.0 (compatible; MJ12bot/v1.4.8; http://mj12bot.com/)" 
144.76.118.82 - - [21/Jun/2020:05:34:52 -0700] "GET /?q=%23indieweb&offset=110 HTTP/1.1" 200 12428 "-" "Mozilla/5.0 (compatible; MJ12bot/v1.4.8; http://mj12bot.com/)" 
144.76.118.82 - - [21/Jun/2020:05:34:54 -0700] "GET /?q=%23indieweb&offset=117 HTTP/1.1" 200 12223 "-" "Mozilla/5.0 (compatible; MJ12bot/v1.4.8; http://mj12bot.com/)" 
148.251.49.107 - - [21/Jun/2020:05:34:54 -0700] "GET /content/all/?offset=79 HTTP/1.1" 200 11764 "-" "Mozilla/5.0 (compatible; MJ12bot/v1.4.8; http://mj12bot.com/)" 
144.76.118.82 - - [21/Jun/2020:05:34:57 -0700] "GET /?q=%23indieweb&offset=120 HTTP/1.1" 200 11497 "-" "Mozilla/5.0 (compatible; MJ12bot/v1.4.8; http://mj12bot.com/)" 
144.76.118.82 - - [21/Jun/2020:05:34:59 -0700] "GET /?q=%23indieweb&offset=130 HTTP/1.1" 200 12716 "-" "Mozilla/5.0 (compatible; MJ12bot/v1.4.8; http://mj12bot.com/)" 
40.77.167.169 - - [21/Jun/2020:05:35:00 -0700] "GET /2019/golden-hour-1 HTTP/1.1" 200 15309 "-" "Mozilla/5.0 (compatible; bingbot/2.0; +http://www.bing.com/bingbot.htm)" 
46.229.168.154 - - [21/Jun/2020:05:35:00 -0700] "GET /?offset=70&q=%23%2B%23%23indieweb HTTP/1.1" 200 11955 "-" "Mozilla/5.0 (compatible; SemrushBot/6~bl; +http://www.semrush.com/bot.html)" 
148.251.49.107 - - [21/Jun/2020:05:35:01 -0700] "GET /content/all/?offset=80 HTTP/1.1" 200 11654 "-" "Mozilla/5.0 (compatible; MJ12bot/v1.4.8; http://mj12bot.com/)" 
144.76.118.82 - - [21/Jun/2020:05:35:02 -0700] "GET /?q=%23indieweb&offset=137 HTTP/1.1" 200 11286 "-" "Mozilla/5.0 (compatible; MJ12bot/v1.4.8; http://mj12bot.com/)" 
144.76.118.82 - - [21/Jun/2020:05:35:04 -0700] "GET /?q=%23indieweb&offset=17 HTTP/1.1" 200 11671 "-" "Mozilla/5.0 (compatible; MJ12bot/v1.4.8; http://mj12bot.com/)" 
148.251.49.107 - - [21/Jun/2020:05:35:06 -0700] "GET /content/all/?q=%23%20%23%23bread&offset=4 HTTP/1.1" 200 12175 "-" "Mozilla/5.0 (compatible; MJ12bot/v1.4.8; http://mj12bot.com/)" 
144.76.118.82 - - [21/Jun/2020:05:35:07 -0700] "GET /?q=%23indieweb&offset=27 HTTP/1.1" 200 13013 "-" "Mozilla/5.0 (compatible; MJ12bot/v1.4.8; http://mj12bot.com/)" 
144.76.118.82 - - [21/Jun/2020:05:35:10 -0700] "GET /?q=%23indieweb&offset=37 HTTP/1.1" 200 11215 "-" "Mozilla/5.0 (compatible; MJ12bot/v1.4.8; http://mj12bot.com/)" 
148.251.49.107 - - [21/Jun/2020:05:35:11 -0700] "GET /content/all/?q=%23%20%23%23bread&offset=40 HTTP/1.1" 200 12128 "-" "Mozilla/5.0 (compatible; MJ12bot/v1.4.8; http://mj12bot.com/)" 
144.76.118.82 - - [21/Jun/2020:05:35:12 -0700] "GET /?q=%23indieweb&offset=47 HTTP/1.1" 200 12154 "-" "Mozilla/5.0 (compatible; MJ12bot/v1.4.8; http://mj12bot.com/)" 
144.76.118.82 - - [21/Jun/2020:05:35:15 -0700] "GET /?q=%23indieweb&offset=57 HTTP/1.1" 200 12521 "-" "Mozilla/5.0 (compatible; MJ12bot/v1.4.8; http://mj12bot.com/)" 
148.251.49.107 - - [21/Jun/2020:05:35:16 -0700] "GET /content/all/?q=%23%20%23%23indieweb&offset=40&_t=rss HTTP/1.1" 200 7600 "-" "Mozilla/5.0 (compatible; MJ12bot/v1.4.8; http://mj12bot.com/)" 
144.76.118.82 - - [21/Jun/2020:05:35:18 -0700] "GET /?q=%23indieweb&offset=67 HTTP/1.1" 200 11777 "-" "Mozilla/5.0 (compatible; MJ12bot/v1.4.8; http://mj12bot.com/)" 
148.251.49.107 - - [21/Jun/2020:05:35:19 -0700] "GET /content/all/?q=%23%20%23%23indieweb&offset=47&_t=rss HTTP/1.1" 200 8176 "-" "Mozilla/5.0 (compatible; MJ12bot/v1.4.8; http://mj12bot.com/)" 
144.76.118.82 - - [21/Jun/2020:05:35:20 -0700] "GET /?q=%23indieweb&offset=7 HTTP/1.1" 200 11340 "-" "Mozilla/5.0 (compatible; MJ12bot/v1.4.8; http://mj12bot.com/)" 
46.229.168.148 - - [21/Jun/2020:05:35:21 -0700] "GET /?offset=27&q=%23%2B%23WithKnown HTTP/1.1" 200 12965 "-" "Mozilla/5.0 (compatible; SemrushBot/6~bl; +http://www.semrush.com/bot.html)" 
144.76.118.82 - - [21/Jun/2020:05:35:23 -0700] "GET /?q=%23indieweb&offset=70 HTTP/1.1" 200 11912 "-" "Mozilla/5.0 (compatible; MJ12bot/v1.4.8; http://mj12bot.com/)" 
148.251.49.107 - - [21/Jun/2020:05:35:24 -0700] "GET /content/all/?q=%23%20%23%23indieweb&offset=50&_t=rss HTTP/1.1" 200 8455 "-" "Mozilla/5.0 (compatible; MJ12bot/v1.4.8; http://mj12bot.com/)" 
144.76.118.82 - - [21/Jun/2020:05:35:25 -0700] "GET /?q=%23indieweb&offset=77 HTTP/1.1" 200 13401 "-" "Mozilla/5.0 (compatible; MJ12bot/v1.4.8; http://mj12bot.com/)" 
148.251.49.107 - - [21/Jun/2020:05:35:26 -0700] "GET /content/all/?q=%23%20%23%23indieweb&offset=54&_t=rss HTTP/1.1" 200 9128 "-" "Mozilla/5.0 (compatible; MJ12bot/v1.4.8; http://mj12bot.com/)" 
144.76.118.82 - - [21/Jun/2020:05:35:28 -0700] "GET /?q=%23indieweb&offset=80 HTTP/1.1" 200 13759 "-" "Mozilla/5.0 (compatible; MJ12bot/v1.4.8; http://mj12bot.com/)" 
148.251.49.107 - - [21/Jun/2020:05:35:30 -0700] "GET /content/all/?q=%23%20%23%23indieweb&offset=57&_t=rss HTTP/1.1" 200 8448 "-" "Mozilla/5.0 (compatible; MJ12bot/v1.4.8; http://mj12bot.com/)" 
144.76.118.82 - - [21/Jun/2020:05:35:31 -0700] "GET /?q=%23indieweb&offset=87 HTTP/1.1" 200 15397 "-" "Mozilla/5.0 (compatible; MJ12bot/v1.4.8; http://mj12bot.com/)" 
144.76.118.82 - - [21/Jun/2020:05:35:33 -0700] "GET /?q=%23indieweb&offset=90 HTTP/1.1" 200 15574 "-" "Mozilla/5.0 (compatible; MJ12bot/v1.4.8; http://mj12bot.com/)" 
148.251.49.107 - - [21/Jun/2020:05:35:35 -0700] "GET /content/all/?q=%23%20%23%23indieweb&offset=60&_t=rss HTTP/1.1" 200 8049 "-" "Mozilla/5.0 (compatible; MJ12bot/v1.4.8; http://mj12bot.com/)" 
144.76.118.82 - - [21/Jun/2020:05:35:36 -0700] "GET /?q=%23indieweb&offset=97 HTTP/1.1" 200 14589 "-" "Mozilla/5.0 (compatible; MJ12bot/v1.4.8; http://mj12bot.com/)" 
144.76.118.82 - - [21/Jun/2020:05:35:38 -0700] "GET /?q=%23multigrain HTTP/1.1" 200 11166 "-" "Mozilla/5.0 (compatible; MJ12bot/v1.4.8; http://mj12bot.com/)" 
148.251.49.107 - - [21/Jun/2020:05:35:39 -0700] "GET /content/all/?q=%23%20%23%23indieweb&offset=64&_t=rss HTTP/1.1" 200 7632 "-" "Mozilla/5.0 (compatible; MJ12bot/v1.4.8; http://mj12bot.com/)" 
