203.133.169.112 - - [16/Jun/2020:12:30:59 -0700] "GET /vendor/npm-asset/underscore/underscore-min.js HTTP/1.1" 200 7124 "https://www.stream.jeremycherfas.net/2019/very-peeved-time-machine-can-no-longer" "Mozilla/5.0 (Unknown; Linux x86_64) AppleWebKit/538.1 (KHTML, like Gecko) Safari/538.1 Daum/4.1" 
203.133.169.112 - - [16/Jun/2020:12:30:59 -0700] "GET /vendor/npm-asset/exif-js/exif.js HTTP/1.1" 200 10020 "https://www.stream.jeremycherfas.net/2019/very-peeved-time-machine-can-no-longer" "Mozilla/5.0 (Unknown; Linux x86_64) AppleWebKit/538.1 (KHTML, like Gecko) Safari/538.1 Daum/4.1" 
40.77.167.174 - - [16/Jun/2020:12:31:02 -0700] "GET /2018/i-thought-i-read-that-mb-re-polls-feeds-from-time HTTP/1.1" 304 4068 "-" "Mozilla/5.0 (compatible; bingbot/2.0; +http://www.bing.com/bingbot.htm)" 
46.229.168.150 - - [16/Jun/2020:12:31:09 -0700] "GET /content/all/?offset=18&q=%23%2B%23WithKnown HTTP/1.1" 200 13127 "-" "Mozilla/5.0 (compatible; SemrushBot/6~bl; +http://www.semrush.com/bot.html)" 
203.133.169.112 - - [16/Jun/2020:12:31:15 -0700] "GET /content/posts/?q=%23IndieWeb&offset=20&_t=rss HTTP/1.1" 200 24045 "-" "Mozilla/5.0 (compatible; Daum/4.1; +http://cs.daum.net/faq/15/4118.html?faqId=28966)" 
207.46.13.63 - - [16/Jun/2020:12:32:39 -0700] "GET /2018/a-new-leaf HTTP/1.1" 304 4068 "-" "Mozilla/5.0 (compatible; bingbot/2.0; +http://www.bing.com/bingbot.htm)" 
46.229.168.151 - - [16/Jun/2020:12:32:40 -0700] "GET /?offset=20&q=%23%2B%23IndieWeb HTTP/1.1" 200 11257 "-" "Mozilla/5.0 (compatible; SemrushBot/6~bl; +http://www.semrush.com/bot.html)" 
114.119.165.105 - - [16/Jun/2020:12:32:48 -0700] "GET /tag/IndieWeb?offset=71 HTTP/1.1" 200 12338 "-" "Mozilla/5.0 (Linux; Android 7.0;) AppleWebKit/537.36 (KHTML, like Gecko) Mobile Safari/537.36 (compatible; PetalBot;+https://aspiegel.com/petalbot)" 
66.249.64.110 - - [16/Jun/2020:12:32:54 -0700] "GET /service/web/unfurl/?url=http%3A%2F%2Fweb.archive.org%2Fweb%2F20190514114829%2Fhttps%3A%2F%2Fmedium.com%2F%40grant27%2Fmartha-stewart-the-old-guard-departs-6fa93780ab6b&__bTk=d87e04dab4fdfc962ede8b0b58de731acf971afb76eec2a72562b0166c5cf83b&__bTs=1590692933 HTTP/1.1" 403 5028 "https://stream.jeremycherfas.net/?offset=465&_t=amp" "Mozilla/5.0 (Linux; Android 6.0.1; Nexus 5X Build/MMB29P) AppleWebKit/537.36 (KHTML, like Gecko) Chrome/83.0.4103.100 Mobile Safari/537.36 (compatible; Googlebot/2.1; +http://www.google.com/bot.html)" 
18.206.95.200 - - [16/Jun/2020:12:33:53 -0700] "GET /content/audio/?_t=rss HTTP/1.1" 304 3485 "https://www.google.com/" "Mozilla/5.0 (Windows NT 10.0; Win64; x64) AppleWebKit/537.36 (KHTML, like Gecko) Chrome/79.0.3945.130 Safari/537.36" 
46.229.168.145 - - [16/Jun/2020:12:34:06 -0700] "GET /?q=%23matin HTTP/1.1" 200 9022 "-" "Mozilla/5.0 (compatible; SemrushBot/6~bl; +http://www.semrush.com/bot.html)" 
46.229.168.147 - - [16/Jun/2020:12:34:15 -0700] "GET /?offset=121&q=%23%2B%23IndieWeb HTTP/1.1" 200 11514 "-" "Mozilla/5.0 (compatible; SemrushBot/6~bl; +http://www.semrush.com/bot.html)" 
46.229.168.151 - - [16/Jun/2020:12:34:26 -0700] "GET /?offset=0&q=%23IndieWeb HTTP/1.1" 200 14663 "-" "Mozilla/5.0 (compatible; SemrushBot/6~bl; +http://www.semrush.com/bot.html)" 
66.249.64.176 - - [16/Jun/2020:12:34:35 -0700] "GET /2019/frank-does-building-blocks?_t=rss HTTP/1.1" 200 5908 "-" "Mozilla/5.0 (Linux; Android 6.0.1; Nexus 5X Build/MMB29P) AppleWebKit/537.36 (KHTML, like Gecko) Chrome/80.0.3987.92 Mobile Safari/537.36 (compatible; Googlebot/2.1; +http://www.google.com/bot.html)" 
96.126.125.129 - - [16/Jun/2020:12:34:38 -0700] "GET /content/statusupdates/posts/photos/checkins/bookmarkedpages?_t=rss HTTP/1.1" 200 7442 "-" "Micro.blog/1.0" 
46.229.168.134 - - [16/Jun/2020:12:35:19 -0700] "GET /content/all/?offset=27&q=%23%2B%23WithKnown HTTP/1.1" 200 12936 "-" "Mozilla/5.0 (compatible; SemrushBot/6~bl; +http://www.semrush.com/bot.html)" 
46.229.168.163 - - [16/Jun/2020:12:35:29 -0700] "GET /2019/i-like-the-idea-of-a-quottryoutquot HTTP/1.1" 200 9421 "-" "Mozilla/5.0 (compatible; SemrushBot/6~bl; +http://www.semrush.com/bot.html)" 
46.229.168.136 - - [16/Jun/2020:12:35:43 -0700] "GET /?q=%23%2B%23norovirus HTTP/1.1" 200 8266 "-" "Mozilla/5.0 (compatible; SemrushBot/6~bl; +http://www.semrush.com/bot.html)" 
46.229.168.163 - - [16/Jun/2020:12:35:58 -0700] "GET /tag/bread?offset=74 HTTP/1.1" 200 11584 "-" "Mozilla/5.0 (compatible; SemrushBot/6~bl; +http://www.semrush.com/bot.html)" 
46.229.168.139 - - [16/Jun/2020:12:36:04 -0700] "GET /content/all/?offset=25&q=%23WithKnown HTTP/1.1" 200 12815 "-" "Mozilla/5.0 (compatible; SemrushBot/6~bl; +http://www.semrush.com/bot.html)" 
46.229.168.129 - - [16/Jun/2020:12:36:22 -0700] "GET /content/locations/?q=%23%2B%23%23indieweb HTTP/1.1" 200 8326 "-" "Mozilla/5.0 (compatible; SemrushBot/6~bl; +http://www.semrush.com/bot.html)" 
46.229.168.145 - - [16/Jun/2020:12:36:36 -0700] "GET /content/statusupdates/?q=%23fornacalia HTTP/1.1" 200 9218 "-" "Mozilla/5.0 (compatible; SemrushBot/6~bl; +http://www.semrush.com/bot.html)" 
46.229.168.147 - - [16/Jun/2020:12:36:40 -0700] "GET /content/statusupdates/?offset=15&q=%23IndieWeb HTTP/1.1" 200 10898 "-" "Mozilla/5.0 (compatible; SemrushBot/6~bl; +http://www.semrush.com/bot.html)" 
46.229.168.136 - - [16/Jun/2020:12:36:45 -0700] "GET /content/all/?offset=20&q=%23%2B%23WithKnown HTTP/1.1" 200 12447 "-" "Mozilla/5.0 (compatible; SemrushBot/6~bl; +http://www.semrush.com/bot.html)" 
46.229.168.150 - - [16/Jun/2020:12:38:03 -0700] "GET /2020/mgraybosch-fine-sentiments-and-for-a-one-page HTTP/1.1" 200 9585 "-" "Mozilla/5.0 (compatible; SemrushBot/6~bl; +http://www.semrush.com/bot.html)" 
46.229.168.133 - - [16/Jun/2020:12:38:23 -0700] "GET /content/statusupdates/?offset=12&q=%23%2B%23IndieWeb HTTP/1.1" 200 11052 "-" "Mozilla/5.0 (compatible; SemrushBot/6~bl; +http://www.semrush.com/bot.html)" 
46.229.168.138 - - [16/Jun/2020:12:38:27 -0700] "GET /content/all/?offset=108&q=%23IndieWeb HTTP/1.1" 200 11863 "-" "Mozilla/5.0 (compatible; SemrushBot/6~bl; +http://www.semrush.com/bot.html)" 
114.119.166.46 - - [16/Jun/2020:12:38:54 -0700] "GET /tag/sauerkraut HTTP/1.1" 200 9348 "-" "Mozilla/5.0 (Linux; Android 7.0;) AppleWebKit/537.36 (KHTML, like Gecko) Mobile Safari/537.36 (compatible; PetalBot;+https://aspiegel.com/petalbot)" 
46.229.168.135 - - [16/Jun/2020:12:39:21 -0700] "GET /content/photos/?offset=47&q=%23bread HTTP/1.1" 200 11632 "-" "Mozilla/5.0 (compatible; SemrushBot/6~bl; +http://www.semrush.com/bot.html)" 
64.111.100.215 - - [16/Jun/2020:12:39:40 -0700] "GET /content/all?_t=rss HTTP/1.1" 200 14885 "-" "Mozilla/5.0 (X11; U; Linux i686; fr; rv:1.9.1.1) Gecko/20090715 Firefox/3.5.1" 
46.229.168.132 - - [16/Jun/2020:12:39:53 -0700] "GET /2019/im-instantly-adding-the--day-of-week-code-outlined HTTP/1.1" 200 9425 "-" "Mozilla/5.0 (compatible; SemrushBot/6~bl; +http://www.semrush.com/bot.html)" 
46.229.168.154 - - [16/Jun/2020:12:40:05 -0700] "GET /2018/tried-to-like-this-post-but-neither HTTP/1.1" 200 9444 "-" "Mozilla/5.0 (compatible; SemrushBot/6~bl; +http://www.semrush.com/bot.html)" 
46.229.168.139 - - [16/Jun/2020:12:40:07 -0700] "GET /content/statusupdates/?offset=9&q=%23IndieWeb HTTP/1.1" 200 11160 "-" "Mozilla/5.0 (compatible; SemrushBot/6~bl; +http://www.semrush.com/bot.html)" 
40.77.167.174 - - [16/Jun/2020:12:40:23 -0700] "GET /2018/very-sad-to-read-daring-fireball-on-dean-allens-death HTTP/1.1" 200 10717 "-" "Mozilla/5.0 (compatible; bingbot/2.0; +http://www.bing.com/bingbot.htm)" 
46.229.168.139 - - [16/Jun/2020:12:41:15 -0700] "GET /2017/this-is-not-an-historical-artefact-or-is-it HTTP/1.1" 200 10900 "-" "Mozilla/5.0 (compatible; SemrushBot/6~bl; +http://www.semrush.com/bot.html)" 
46.229.168.154 - - [16/Jun/2020:12:42:31 -0700] "GET /tag/podcast?offset=52 HTTP/1.1" 200 10674 "-" "Mozilla/5.0 (compatible; SemrushBot/6~bl; +http://www.semrush.com/bot.html)" 
96.126.125.129 - - [16/Jun/2020:12:43:03 -0700] "GET /content/statusupdates/posts/photos/checkins/bookmarkedpages?_t=rss HTTP/1.1" 200 7442 "-" "Micro.blog/1.0" 
46.229.168.135 - - [16/Jun/2020:12:43:42 -0700] "GET /?offset=33&q=%23%2B%23food HTTP/1.1" 200 13046 "-" "Mozilla/5.0 (compatible; SemrushBot/6~bl; +http://www.semrush.com/bot.html)" 
66.249.64.176 - - [16/Jun/2020:12:44:01 -0700] "GET /content/events/?q=%23+%23photo&_t=rss HTTP/1.1" 200 5379 "-" "Mozilla/5.0 (Linux; Android 6.0.1; Nexus 5X Build/MMB29P) AppleWebKit/537.36 (KHTML, like Gecko) Chrome/80.0.3987.92 Mobile Safari/537.36 (compatible; Googlebot/2.1; +http://www.google.com/bot.html)" 
40.77.167.174 - - [16/Jun/2020:12:44:44 -0700] "GET /content/all/?_t=rss HTTP/1.1" 200 8034 "-" "Mozilla/5.0 (compatible; bingbot/2.0; +http://www.bing.com/bingbot.htm)" 
114.119.161.85 - - [16/Jun/2020:12:44:59 -0700] "GET /content/photos?q=%23%2B%23%23bread&offset=27 HTTP/1.1" 200 12372 "-" "Mozilla/5.0 (Linux; Android 7.0;) AppleWebKit/537.36 (KHTML, like Gecko) Mobile Safari/537.36 (compatible; PetalBot;+https://aspiegel.com/petalbot)" 
46.229.168.138 - - [16/Jun/2020:12:45:07 -0700] "GET /tag/IndieWeb?offset=17 HTTP/1.1" 200 11598 "-" "Mozilla/5.0 (compatible; SemrushBot/6~bl; +http://www.semrush.com/bot.html)" 
96.126.125.129 - - [16/Jun/2020:12:46:43 -0700] "GET /content/statusupdates/posts/photos/checkins/bookmarkedpages?_t=rss HTTP/1.1" 200 7442 "-" "Micro.blog/1.0" 
46.229.168.137 - - [16/Jun/2020:12:47:13 -0700] "GET /content/all/?offset=21&q=%23%2B%23WithKnown HTTP/1.1" 200 12266 "-" "Mozilla/5.0 (compatible; SemrushBot/6~bl; +http://www.semrush.com/bot.html)" 
46.229.168.147 - - [16/Jun/2020:12:48:26 -0700] "GET /2019/im-being-hit-by-a-wave-of HTTP/1.1" 200 9326 "-" "Mozilla/5.0 (compatible; SemrushBot/6~bl; +http://www.semrush.com/bot.html)" 
77.75.77.17 - - [16/Jun/2020:12:48:57 -0700] "GET /robots.txt HTTP/1.1" 200 4318 "-" "Mozilla/5.0 (compatible; SeznamBot/3.2; +http://napoveda.seznam.cz/en/seznambot-intro/)" 
77.75.77.17 - - [16/Jun/2020:12:48:59 -0700] "GET /file/158d283249079170d4db9d51b7024d13/thumb.jpg HTTP/1.1" 304 3529 "-" "Mozilla/5.0 (compatible; SeznamBot/3.2; +http://napoveda.seznam.cz/en/seznambot-intro/)" 
46.229.168.148 - - [16/Jun/2020:12:49:13 -0700] "GET /tag/Sourdough?offset=30 HTTP/1.1" 200 11241 "-" "Mozilla/5.0 (compatible; SemrushBot/6~bl; +http://www.semrush.com/bot.html)" 
46.229.168.132 - - [16/Jun/2020:12:49:51 -0700] "GET /content/photos/?offset=30&q=%23%2B%23%23bread HTTP/1.1" 200 12184 "-" "Mozilla/5.0 (compatible; SemrushBot/6~bl; +http://www.semrush.com/bot.html)" 
96.126.125.129 - - [16/Jun/2020:12:50:07 -0700] "GET /content/statusupdates/posts/photos/checkins/bookmarkedpages?_t=rss HTTP/1.1" 200 7442 "-" "Micro.blog/1.0" 
114.119.160.143 - - [16/Jun/2020:12:51:08 -0700] "GET /tag/+%23IndieWeb?offset=0 HTTP/1.1" 200 14747 "-" "Mozilla/5.0 (Linux; Android 7.0;) AppleWebKit/537.36 (KHTML, like Gecko) Mobile Safari/537.36 (compatible; PetalBot;+https://aspiegel.com/petalbot)" 
46.229.168.143 - - [16/Jun/2020:12:51:34 -0700] "GET /tag/sourdough?offset=5 HTTP/1.1" 200 12407 "-" "Mozilla/5.0 (compatible; SemrushBot/6~bl; +http://www.semrush.com/bot.html)" 
46.229.168.152 - - [16/Jun/2020:12:52:29 -0700] "GET /robots.txt HTTP/1.1" 200 4276 "-" "Mozilla/5.0 (compatible; SemrushBot/6~bl; +http://www.semrush.com/bot.html)" 
46.229.168.141 - - [16/Jun/2020:12:52:29 -0700] "GET /content/photos?offset=90 HTTP/1.1" 200 10852 "-" "Mozilla/5.0 (compatible; SemrushBot/6~bl; +http://www.semrush.com/bot.html)" 
66.249.64.178 - - [16/Jun/2020:12:53:29 -0700] "GET /content/all/?offset=891 HTTP/1.1" 200 11986 "-" "Mozilla/5.0 (Linux; Android 6.0.1; Nexus 5X Build/MMB29P) AppleWebKit/537.36 (KHTML, like Gecko) Chrome/80.0.3987.92 Mobile Safari/537.36 (compatible; Googlebot/2.1; +http://www.google.com/bot.html)" 
45.79.26.51 - - [16/Jun/2020:12:53:44 -0700] "GET /content/statusupdates/posts/photos/checkins/bookmarkedpages?_t=rss HTTP/1.1" 200 7437 "-" "Micro.blog/1.0" 
46.229.168.151 - - [16/Jun/2020:12:53:47 -0700] "GET /?offset=24&q=%23%2B%23rye HTTP/1.1" 200 8832 "-" "Mozilla/5.0 (compatible; SemrushBot/6~bl; +http://www.semrush.com/bot.html)" 
46.229.168.144 - - [16/Jun/2020:12:53:59 -0700] "GET /2018/phoneboy-as-you-cross-posted-here-i HTTP/1.1" 200 9525 "-" "Mozilla/5.0 (compatible; SemrushBot/6~bl; +http://www.semrush.com/bot.html)" 
66.249.64.180 - - [16/Jun/2020:12:54:50 -0700] "GET /service/web/unfurl/?url=http%3A%2F%2Fblog.flickr.net%2Fen%2F2018%2F11%2F07%2Fthe-commons-the-past-is-100-part-of-our-future%2F&__bTk=eaac90559b759ea7ae377bf516368bbfcdb0ae6c84f19a55d89e917d304eae91&__bTs=1590233296 HTTP/1.1" 403 5011 "https://www.stream.jeremycherfas.net/content/all/?offset=891" "Mozilla/5.0 (Linux; Android 6.0.1; Nexus 5X Build/MMB29P) AppleWebKit/537.36 (KHTML, like Gecko) Chrome/83.0.4103.100 Mobile Safari/537.36 (compatible; Googlebot/2.1; +http://www.google.com/bot.html)" 
46.229.168.142 - - [16/Jun/2020:12:54:52 -0700] "GET /2018/roll-on-winter HTTP/1.1" 200 16432 "-" "Mozilla/5.0 (compatible; SemrushBot/6~bl; +http://www.semrush.com/bot.html)" 
46.229.168.143 - - [16/Jun/2020:12:54:58 -0700] "GET /content/statusupdates/?offset=25&q=%23IndieWeb HTTP/1.1" 200 10236 "-" "Mozilla/5.0 (compatible; SemrushBot/6~bl; +http://www.semrush.com/bot.html)" 
64.111.100.215 - - [16/Jun/2020:12:55:06 -0700] "GET /content/all?_t=rss HTTP/1.1" 200 14885 "-" "Mozilla/5.0 (X11; U; Linux i686; fr; rv:1.9.1.1) Gecko/20090715 Firefox/3.5.1" 
157.55.39.110 - - [16/Jun/2020:12:55:39 -0700] "GET /2019/the-smartphone-tracking-industry-has-been-rumbled-when-will-we?_t=rss HTTP/1.1" 200 5963 "-" "Mozilla/5.0 (compatible; bingbot/2.0; +http://www.bing.com/bingbot.htm)" 
45.79.26.51 - - [16/Jun/2020:12:56:50 -0700] "GET /content/statusupdates/posts/photos/checkins/bookmarkedpages?_t=rss HTTP/1.1" 200 7437 "-" "Micro.blog/1.0" 
46.229.168.137 - - [16/Jun/2020:12:57:13 -0700] "GET /2018/2018-05-17-02 HTTP/1.1" 200 9464 "-" "Mozilla/5.0 (compatible; SemrushBot/6~bl; +http://www.semrush.com/bot.html)" 
114.119.165.105 - - [16/Jun/2020:12:57:15 -0700] "GET /2018/baked-up-lovely-tastes-good-too-1/annotations/730c9ee5628a64ffedd5192b2f912cb8 HTTP/1.1" 200 8375 "-" "Mozilla/5.0 (Linux; Android 7.0;) AppleWebKit/537.36 (KHTML, like Gecko) Mobile Safari/537.36 (compatible; PetalBot;+https://aspiegel.com/petalbot)" 
46.229.168.131 - - [16/Jun/2020:12:57:22 -0700] "GET /content/all/?offset=15&q=%23Sourdough HTTP/1.1" 200 11821 "-" "Mozilla/5.0 (compatible; SemrushBot/6~bl; +http://www.semrush.com/bot.html)" 
46.229.168.139 - - [16/Jun/2020:12:57:46 -0700] "GET /?offset=260 HTTP/1.1" 200 11242 "-" "Mozilla/5.0 (compatible; SemrushBot/6~bl; +http://www.semrush.com/bot.html)" 
167.172.219.252 - - [16/Jun/2020:12:59:03 -0700] "GET /?_t=rss HTTP/1.1" 304 3495 "-" "Feedbin feed-id:1536727 - 1 subscribers" 
46.229.168.148 - - [16/Jun/2020:12:59:29 -0700] "GET /2018/blog-engines-and-indieweb-controlling-upstream-brad-enslen HTTP/1.1" 200 9367 "-" "Mozilla/5.0 (compatible; SemrushBot/6~bl; +http://www.semrush.com/bot.html)" 
46.229.168.140 - - [16/Jun/2020:13:00:05 -0700] "GET /tag/Indieweb?offset=107 HTTP/1.1" 200 12075 "-" "Mozilla/5.0 (compatible; SemrushBot/6~bl; +http://www.semrush.com/bot.html)" 
207.46.13.63 - - [16/Jun/2020:13:00:06 -0700] "GET /2017/untitled-7 HTTP/1.1" 200 10868 "-" "Mozilla/5.0 (compatible; bingbot/2.0; +http://www.bing.com/bingbot.htm)" 
96.126.125.129 - - [16/Jun/2020:13:00:49 -0700] "GET /content/statusupdates/posts/photos/checkins/bookmarkedpages?_t=rss HTTP/1.1" 200 7442 "-" "Micro.blog/1.0" 
3.94.107.241 - - [16/Jun/2020:13:00:59 -0700] "GET /?_t=rss HTTP/1.1" 200 7435 "-" "glitch-feeder/1.0 (+https://glitch.com/~lmo-feeder)" 
46.229.168.143 - - [16/Jun/2020:13:01:11 -0700] "GET /content/all/?offset=80&q=%23%2B%23indieweb HTTP/1.1" 200 13752 "-" "Mozilla/5.0 (compatible; SemrushBot/6~bl; +http://www.semrush.com/bot.html)" 
46.229.168.135 - - [16/Jun/2020:13:02:55 -0700] "GET /content/photos/?offset=42&q=%23bread HTTP/1.1" 200 12056 "-" "Mozilla/5.0 (compatible; SemrushBot/6~bl; +http://www.semrush.com/bot.html)" 
66.249.64.176 - - [16/Jun/2020:13:02:57 -0700] "GET /content/all/?offset=514&_t=rss HTTP/1.1" 200 8121 "-" "Mozilla/5.0 (Linux; Android 6.0.1; Nexus 5X Build/MMB29P) AppleWebKit/537.36 (KHTML, like Gecko) Chrome/80.0.3987.92 Mobile Safari/537.36 (compatible; Googlebot/2.1; +http://www.google.com/bot.html)" 
46.229.168.161 - - [16/Jun/2020:13:03:01 -0700] "GET /content/all/?offset=29&q=%23WithKnown HTTP/1.1" 200 13447 "-" "Mozilla/5.0 (compatible; SemrushBot/6~bl; +http://www.semrush.com/bot.html)" 
46.229.168.132 - - [16/Jun/2020:13:04:56 -0700] "GET /content/photos HTTP/1.1" 200 11530 "-" "Mozilla/5.0 (compatible; SemrushBot/6~bl; +http://www.semrush.com/bot.html)" 
46.229.168.138 - - [16/Jun/2020:13:05:33 -0700] "GET /?offset=116&q=%23IndieWeb HTTP/1.1" 200 12152 "-" "Mozilla/5.0 (compatible; SemrushBot/6~bl; +http://www.semrush.com/bot.html)" 
96.126.125.129 - - [16/Jun/2020:13:05:36 -0700] "GET /content/statusupdates/posts/photos/checkins/bookmarkedpages?_t=rss HTTP/1.1" 200 7442 "-" "Micro.blog/1.0" 
46.229.168.130 - - [16/Jun/2020:13:05:40 -0700] "GET /?offset=110&q=%23IndieWeb HTTP/1.1" 200 12446 "-" "Mozilla/5.0 (compatible; SemrushBot/6~bl; +http://www.semrush.com/bot.html)" 
157.55.39.110 - - [16/Jun/2020:13:06:07 -0700] "GET /2018/data-peddling-scum-is-the-name-of?_t=rss HTTP/1.1" 200 5618 "-" "Mozilla/5.0 (compatible; bingbot/2.0; +http://www.bing.com/bingbot.htm)" 
157.55.39.110 - - [16/Jun/2020:13:06:08 -0700] "GET /2019/id-be-the-one-up-the-tree-too HTTP/1.1" 200 15614 "-" "Mozilla/5.0 (compatible; bingbot/2.0; +http://www.bing.com/bingbot.htm)" 
46.229.168.135 - - [16/Jun/2020:13:06:56 -0700] "GET /content/all/?offset=0&q=%23%2B%23IndieWeb HTTP/1.1" 200 14874 "-" "Mozilla/5.0 (compatible; SemrushBot/6~bl; +http://www.semrush.com/bot.html)" 
46.229.168.161 - - [16/Jun/2020:13:08:32 -0700] "GET /2020/maybe-id-like-to-find-some-time-but-it-just HTTP/1.1" 200 9359 "-" "Mozilla/5.0 (compatible; SemrushBot/6~bl; +http://www.semrush.com/bot.html)" 
96.126.125.129 - - [16/Jun/2020:13:08:43 -0700] "GET /content/statusupdates/posts/photos/checkins/bookmarkedpages?_t=rss HTTP/1.1" 200 7442 "-" "Micro.blog/1.0" 
46.229.168.144 - - [16/Jun/2020:13:08:43 -0700] "GET /tag/withknown?offset=39 HTTP/1.1" 200 11508 "-" "Mozilla/5.0 (compatible; SemrushBot/6~bl; +http://www.semrush.com/bot.html)" 
114.119.164.86 - - [16/Jun/2020:13:09:28 -0700] "GET /2017/mysterious-typography HTTP/1.1" 200 9311 "-" "Mozilla/5.0 (Linux; Android 7.0;) AppleWebKit/537.36 (KHTML, like Gecko) Mobile Safari/537.36 (compatible; PetalBot;+https://aspiegel.com/petalbot)" 
17.58.102.79 - - [16/Jun/2020:13:09:35 -0700] "GET /2019/really-tonz-you-shouldnt-be-meddling-in HTTP/1.1" 200 9970 "-" "Mozilla/5.0 (Macintosh; Intel Mac OS X 10_15_5) AppleWebKit/605.1.15 (KHTML, like Gecko) Version/13.1.1 Safari/605.1.15 (Applebot/0.1; +http://www.apple.com/go/applebot)" 
207.46.13.63 - - [16/Jun/2020:13:09:41 -0700] "GET /2018/untitled-8 HTTP/1.1" 200 10873 "-" "Mozilla/5.0 (compatible; bingbot/2.0; +http://www.bing.com/bingbot.htm)" 
64.111.100.215 - - [16/Jun/2020:13:10:21 -0700] "GET /content/all?_t=rss HTTP/1.1" 200 14885 "-" "Mozilla/5.0 (X11; U; Linux i686; fr; rv:1.9.1.1) Gecko/20090715 Firefox/3.5.1" 
46.229.168.131 - - [16/Jun/2020:13:10:29 -0700] "GET /content/bookmarkedpages/?q=%23%2B%23Hearsay19 HTTP/1.1" 200 8311 "-" "Mozilla/5.0 (compatible; SemrushBot/6~bl; +http://www.semrush.com/bot.html)" 
46.229.168.141 - - [16/Jun/2020:13:10:54 -0700] "GET /2019/just-sent-an-email-to-the-lucky-winner-of-50 HTTP/1.1" 200 9630 "-" "Mozilla/5.0 (compatible; SemrushBot/6~bl; +http://www.semrush.com/bot.html)" 
217.182.175.162 - - [16/Jun/2020:13:11:00 -0700] "HEAD / HTTP/1.1" 200 4814 "-" "Mozilla/5.0 (Macintosh; Intel Mac OS X 10_14_0) AppleWebKit/537.36 (KHTML, like Gecko) Chrome/70.0.3538.67 Safari/537.36" 
217.182.175.162 - - [16/Jun/2020:13:11:01 -0700] "HEAD / HTTP/1.1" 200 4814 "-" "Mozilla/5.0 (Macintosh; Intel Mac OS X 10_14_0) AppleWebKit/537.36 (KHTML, like Gecko) Chrome/70.0.3538.67 Safari/537.36" 
157.55.39.98 - - [16/Jun/2020:13:11:02 -0700] "GET /tag/+%23freersackler?_t=rss HTTP/1.1" 200 8822 "-" "Mozilla/5.0 (compatible; bingbot/2.0; +http://www.bing.com/bingbot.htm)" 
157.55.39.98 - - [16/Jun/2020:13:11:04 -0700] "GET /2018/not-that-he-needs-it-but-let HTTP/1.1" 200 10380 "-" "Mozilla/5.0 (compatible; bingbot/2.0; +http://www.bing.com/bingbot.htm)" 
157.55.39.98 - - [16/Jun/2020:13:11:05 -0700] "GET /content/photos/ HTTP/1.1" 200 12115 "-" "Mozilla/5.0 (compatible; bingbot/2.0; +http://www.bing.com/bingbot.htm)" 
46.229.168.143 - - [16/Jun/2020:13:11:22 -0700] "GET /content/all/?offset=0 HTTP/1.1" 200 12076 "-" "Mozilla/5.0 (compatible; SemrushBot/6~bl; +http://www.semrush.com/bot.html)" 
46.229.168.131 - - [16/Jun/2020:13:11:29 -0700] "GET /content/statusupdates/?offset=230 HTTP/1.1" 200 10643 "-" "Mozilla/5.0 (compatible; SemrushBot/6~bl; +http://www.semrush.com/bot.html)" 
46.229.168.148 - - [16/Jun/2020:13:11:32 -0700] "GET /2019/i-do-find-myself-wondering-whether-well-designed HTTP/1.1" 200 9485 "-" "Mozilla/5.0 (compatible; SemrushBot/6~bl; +http://www.semrush.com/bot.html)" 
45.79.26.51 - - [16/Jun/2020:13:11:54 -0700] "GET /content/statusupdates/posts/photos/checkins/bookmarkedpages?_t=rss HTTP/1.1" 200 7437 "-" "Micro.blog/1.0" 
46.229.168.138 - - [16/Jun/2020:13:11:56 -0700] "GET /2017/im-late-getting-to-this-but-i-would-say-it HTTP/1.1" 200 10049 "-" "Mozilla/5.0 (compatible; SemrushBot/6~bl; +http://www.semrush.com/bot.html)" 
66.249.64.178 - - [16/Jun/2020:13:12:25 -0700] "GET /content/audio/?q=%23+%23photo&_t=rss HTTP/1.1" 200 5378 "-" "Mozilla/5.0 (Linux; Android 6.0.1; Nexus 5X Build/MMB29P) AppleWebKit/537.36 (KHTML, like Gecko) Chrome/80.0.3987.92 Mobile Safari/537.36 (compatible; Googlebot/2.1; +http://www.google.com/bot.html)" 
46.229.168.148 - - [16/Jun/2020:13:12:26 -0700] "GET /content/photos/?offset=10&q=%23Sourdough HTTP/1.1" 200 12183 "-" "Mozilla/5.0 (compatible; SemrushBot/6~bl; +http://www.semrush.com/bot.html)" 
207.46.13.63 - - [16/Jun/2020:13:12:57 -0700] "GET /2019/seems-to-me-that-your-home-page?_t=rss HTTP/1.1" 200 5832 "-" "Mozilla/5.0 (compatible; bingbot/2.0; +http://www.bing.com/bingbot.htm)" 
46.229.168.136 - - [16/Jun/2020:13:13:00 -0700] "GET /content/posts?offset=69 HTTP/1.1" 200 15645 "-" "Mozilla/5.0 (compatible; SemrushBot/6~bl; +http://www.semrush.com/bot.html)" 
46.229.168.151 - - [16/Jun/2020:13:13:26 -0700] "GET /?offset=44&q=%23%2B%23food HTTP/1.1" 200 11768 "-" "Mozilla/5.0 (compatible; SemrushBot/6~bl; +http://www.semrush.com/bot.html)" 
46.229.168.141 - - [16/Jun/2020:13:14:15 -0700] "GET /2017/olive-levain-for-good-taste-and-creamy-texture-excellent-per HTTP/1.1" 200 9637 "-" "Mozilla/5.0 (compatible; SemrushBot/6~bl; +http://www.semrush.com/bot.html)" 
114.119.165.37 - - [16/Jun/2020:13:15:40 -0700] "GET /2018/hey-amazon-lets-be-honest-about-genetically-modified-foods-opinion HTTP/1.1" 200 9530 "-" "Mozilla/5.0 (Linux; Android 7.0;) AppleWebKit/537.36 (KHTML, like Gecko) Mobile Safari/537.36 (compatible; PetalBot;+https://aspiegel.com/petalbot)" 
46.229.168.142 - - [16/Jun/2020:13:16:17 -0700] "GET /content/all/?offset=0&q=%23quill HTTP/1.1" 200 13887 "-" "Mozilla/5.0 (compatible; SemrushBot/6~bl; +http://www.semrush.com/bot.html)" 
96.126.125.129 - - [16/Jun/2020:13:16:33 -0700] "GET /content/statusupdates/posts/photos/checkins/bookmarkedpages?_t=rss HTTP/1.1" 200 7442 "-" "Micro.blog/1.0" 
46.229.168.135 - - [16/Jun/2020:13:17:25 -0700] "GET /tag/Indieweb?offset=77 HTTP/1.1" 200 13380 "-" "Mozilla/5.0 (compatible; SemrushBot/6~bl; +http://www.semrush.com/bot.html)" 
46.229.168.132 - - [16/Jun/2020:13:18:15 -0700] "GET /?offset=50&q=%23%2B%23%23bread HTTP/1.1" 200 12402 "-" "Mozilla/5.0 (compatible; SemrushBot/6~bl; +http://www.semrush.com/bot.html)" 
46.229.168.132 - - [16/Jun/2020:13:18:27 -0700] "GET /2018/self-hosting-maps-taking-control-over-ux-and-users-privacy-sebastian HTTP/1.1" 200 9475 "-" "Mozilla/5.0 (compatible; SemrushBot/6~bl; +http://www.semrush.com/bot.html)" 
46.229.168.154 - - [16/Jun/2020:13:20:08 -0700] "GET /content/all/?offset=84&q=%23bread HTTP/1.1" 200 10249 "-" "Mozilla/5.0 (compatible; SemrushBot/6~bl; +http://www.semrush.com/bot.html)" 
96.126.125.129 - - [16/Jun/2020:13:21:21 -0700] "GET /content/statusupdates/posts/photos/checkins/bookmarkedpages?_t=rss HTTP/1.1" 200 7442 "-" "Micro.blog/1.0" 
114.119.164.86 - - [16/Jun/2020:13:21:43 -0700] "GET /content/all?q=%23%2B%23%23bread&offset=50 HTTP/1.1" 200 12418 "-" "Mozilla/5.0 (Linux; Android 7.0;) AppleWebKit/537.36 (KHTML, like Gecko) Mobile Safari/537.36 (compatible; PetalBot;+https://aspiegel.com/petalbot)" 
66.249.64.176 - - [16/Jun/2020:13:21:53 -0700] "GET /content/all/?q=%23+%23photo&offset=0 HTTP/1.1" 200 13246 "-" "Mozilla/5.0 (Linux; Android 6.0.1; Nexus 5X Build/MMB29P) AppleWebKit/537.36 (KHTML, like Gecko) Chrome/80.0.3987.92 Mobile Safari/537.36 (compatible; Googlebot/2.1; +http://www.google.com/bot.html)" 
46.229.168.135 - - [16/Jun/2020:13:22:32 -0700] "GET /tag/podcast?offset=42 HTTP/1.1" 200 12914 "-" "Mozilla/5.0 (compatible; SemrushBot/6~bl; +http://www.semrush.com/bot.html)" 
46.229.168.163 - - [16/Jun/2020:13:22:46 -0700] "GET /2019/how-big-beers-fight-over-corn-syrup-explains-american-brewing HTTP/1.1" 200 10059 "-" "Mozilla/5.0 (compatible; SemrushBot/6~bl; +http://www.semrush.com/bot.html)" 
46.229.168.138 - - [16/Jun/2020:13:22:47 -0700] "GET /content/all/?offset=97&q=%23IndieWeb HTTP/1.1" 200 14622 "-" "Mozilla/5.0 (compatible; SemrushBot/6~bl; +http://www.semrush.com/bot.html)" 
46.229.168.144 - - [16/Jun/2020:13:22:56 -0700] "GET /content/audio/?q=%23leaven HTTP/1.1" 200 8298 "-" "Mozilla/5.0 (compatible; SemrushBot/6~bl; +http://www.semrush.com/bot.html)" 
46.229.168.130 - - [16/Jun/2020:13:25:00 -0700] "GET /2019/seven-hours-later HTTP/1.1" 200 11712 "-" "Mozilla/5.0 (compatible; SemrushBot/6~bl; +http://www.semrush.com/bot.html)" 
45.79.26.51 - - [16/Jun/2020:13:25:28 -0700] "GET /content/statusupdates/posts/photos/checkins/bookmarkedpages?_t=rss HTTP/1.1" 200 7437 "-" "Micro.blog/1.0" 
64.111.100.215 - - [16/Jun/2020:13:25:31 -0700] "GET /content/all?_t=rss HTTP/1.1" 200 14885 "-" "Mozilla/5.0 (X11; U; Linux i686; fr; rv:1.9.1.1) Gecko/20090715 Firefox/3.5.1" 
46.229.168.152 - - [16/Jun/2020:13:25:50 -0700] "GET /content/audio/?q=%23%2B%23e HTTP/1.1" 200 8273 "-" "Mozilla/5.0 (compatible; SemrushBot/6~bl; +http://www.semrush.com/bot.html)" 
46.229.168.146 - - [16/Jun/2020:13:26:01 -0700] "GET /2019/illuminating HTTP/1.1" 200 9719 "-" "Mozilla/5.0 (compatible; SemrushBot/6~bl; +http://www.semrush.com/bot.html)" 
46.229.168.133 - - [16/Jun/2020:13:26:11 -0700] "GET /tag/bread?offset=67 HTTP/1.1" 200 12060 "-" "Mozilla/5.0 (compatible; SemrushBot/6~bl; +http://www.semrush.com/bot.html)" 
46.229.168.154 - - [16/Jun/2020:13:26:14 -0700] "GET /content/all/?q=%23%2B%23leaven HTTP/1.1" 200 12494 "-" "Mozilla/5.0 (compatible; SemrushBot/6~bl; +http://www.semrush.com/bot.html)" 
114.119.162.106 - - [16/Jun/2020:13:27:43 -0700] "GET /content/all?q=%23%2B%23food HTTP/1.1" 200 12393 "-" "Mozilla/5.0 (Linux; Android 7.0;) AppleWebKit/537.36 (KHTML, like Gecko) Mobile Safari/537.36 (compatible; PetalBot;+https://aspiegel.com/petalbot)" 
46.229.168.142 - - [16/Jun/2020:13:28:11 -0700] "GET /?offset=44&q=%23bread HTTP/1.1" 200 12222 "-" "Mozilla/5.0 (compatible; SemrushBot/6~bl; +http://www.semrush.com/bot.html)" 
46.229.168.135 - - [16/Jun/2020:13:28:16 -0700] "GET /tag/Indieweb?offset=50 HTTP/1.1" 200 12438 "-" "Mozilla/5.0 (compatible; SemrushBot/6~bl; +http://www.semrush.com/bot.html)" 
46.229.168.129 - - [16/Jun/2020:13:28:43 -0700] "GET /2019/a-big-black-bee HTTP/1.1" 200 13330 "-" "Mozilla/5.0 (compatible; SemrushBot/6~bl; +http://www.semrush.com/bot.html)" 
54.36.149.31 - - [16/Jun/2020:13:28:47 -0700] "GET /2018/more-than-tripled-in-six-hours-it-really-is-hot/annotations/cb5c275015d71fcc63a2d0b621d67fc8 HTTP/1.1" 200 8451 "-" "Mozilla/5.0 (compatible; AhrefsBot/6.1; +http://ahrefs.com/robot/)" 
100.24.65.222 - - [16/Jun/2020:13:29:09 -0700] "GET /content/rsvp/?_t=rss HTTP/1.1" 304 3485 "https://www.google.com/" "Mozilla/5.0 (Macintosh; Intel Mac OS X 10_14_6) AppleWebKit/537.36 (KHTML, like Gecko) Chrome/80.0.3987.116 Safari/537.36" 
46.229.168.136 - - [16/Jun/2020:13:29:15 -0700] "GET /?offset=43&q=%23%2B%23WithKnown HTTP/1.1" 200 11911 "-" "Mozilla/5.0 (compatible; SemrushBot/6~bl; +http://www.semrush.com/bot.html)" 
46.229.168.145 - - [16/Jun/2020:13:30:01 -0700] "GET /?offset=77&q=%23%2B%23indieweb HTTP/1.1" 200 13433 "-" "Mozilla/5.0 (compatible; SemrushBot/6~bl; +http://www.semrush.com/bot.html)" 
96.126.125.129 - - [16/Jun/2020:13:30:32 -0700] "GET /content/statusupdates/posts/photos/checkins/bookmarkedpages?_t=rss HTTP/1.1" 200 7442 "-" "Micro.blog/1.0" 
54.92.186.100 - - [16/Jun/2020:13:31:11 -0700] "GET /?_t=rss HTTP/1.1" 200 7435 "-" "glitch-feeder/1.0 (+https://glitch.com/~lmo-feeder)" 
66.249.64.176 - - [16/Jun/2020:13:31:21 -0700] "GET /content/photos/?q=%23+%23photo&_t=rss HTTP/1.1" 200 8517 "-" "Mozilla/5.0 (Linux; Android 6.0.1; Nexus 5X Build/MMB29P) AppleWebKit/537.36 (KHTML, like Gecko) Chrome/80.0.3987.92 Mobile Safari/537.36 (compatible; Googlebot/2.1; +http://www.google.com/bot.html)" 
66.249.64.176 - - [16/Jun/2020:13:31:21 -0700] "GET /robots.txt HTTP/1.1" 200 4881 "-" "Mozilla/5.0 (compatible; Googlebot/2.1; +http://www.google.com/bot.html)" 
46.229.168.147 - - [16/Jun/2020:13:32:04 -0700] "GET /2018/the-worst-possible-feedback-it-works-for-me/annotations/d311458695d6aa1e1a5c6adc6e9df904 HTTP/1.1" 200 8728 "-" "Mozilla/5.0 (compatible; SemrushBot/6~bl; +http://www.semrush.com/bot.html)" 
46.229.168.131 - - [16/Jun/2020:13:32:38 -0700] "GET /?offset=86&q=%23%2B%23indieweb HTTP/1.1" 200 15442 "-" "Mozilla/5.0 (compatible; SemrushBot/6~bl; +http://www.semrush.com/bot.html)" 
46.229.168.136 - - [16/Jun/2020:13:33:42 -0700] "GET /content/all/?q=%23%2B%23podcast HTTP/1.1" 200 12420 "-" "Mozilla/5.0 (compatible; SemrushBot/6~bl; +http://www.semrush.com/bot.html)" 
114.119.162.106 - - [16/Jun/2020:13:33:50 -0700] "GET /tag/heritageapples HTTP/1.1" 200 8968 "-" "Mozilla/5.0 (Linux; Android 7.0;) AppleWebKit/537.36 (KHTML, like Gecko) Mobile Safari/537.36 (compatible; PetalBot;+https://aspiegel.com/petalbot)" 
96.126.125.129 - - [16/Jun/2020:13:33:58 -0700] "GET /content/statusupdates/posts/photos/checkins/bookmarkedpages?_t=rss HTTP/1.1" 200 7442 "-" "Micro.blog/1.0" 
46.229.168.137 - - [16/Jun/2020:13:34:10 -0700] "GET /content/all/?offset=85&q=%23IndieWeb HTTP/1.1" 200 14089 "-" "Mozilla/5.0 (compatible; SemrushBot/6~bl; +http://www.semrush.com/bot.html)" 
46.229.168.138 - - [16/Jun/2020:13:34:31 -0700] "GET /content/statusupdates/?offset=6&q=%23%2B%23indieweb HTTP/1.1" 200 11556 "-" "Mozilla/5.0 (compatible; SemrushBot/6~bl; +http://www.semrush.com/bot.html)" 
46.229.168.142 - - [16/Jun/2020:13:34:44 -0700] "GET /2019/followed-by-sagna-ritorta-com-pomodori-schiattarisciatti-the-sagna-is HTTP/1.1" 200 9628 "-" "Mozilla/5.0 (compatible; SemrushBot/6~bl; +http://www.semrush.com/bot.html)" 
46.229.168.140 - - [16/Jun/2020:13:35:12 -0700] "GET /?offset=13&q=%23%2B%23food HTTP/1.1" 200 12138 "-" "Mozilla/5.0 (compatible; SemrushBot/6~bl; +http://www.semrush.com/bot.html)" 
167.99.96.232 - - [16/Jun/2020:13:35:40 -0700] "GET /?_t=rss HTTP/1.1" 200 7443 "-" "Feedbin feed-id:1536727 - 1 subscribers" 
46.229.168.136 - - [16/Jun/2020:13:36:38 -0700] "GET /2019/how-big-beers-fight-over-corn-syrup-explains-american-brewing HTTP/1.1" 200 10095 "-" "Mozilla/5.0 (compatible; SemrushBot/6~bl; +http://www.semrush.com/bot.html)" 
46.229.168.162 - - [16/Jun/2020:13:37:27 -0700] "GET /tag/Sourdough?offset=49 HTTP/1.1" 200 10855 "-" "Mozilla/5.0 (compatible; SemrushBot/6~bl; +http://www.semrush.com/bot.html)" 
46.229.168.143 - - [16/Jun/2020:13:37:37 -0700] "GET /?offset=32&q=%23sourdough HTTP/1.1" 200 11245 "-" "Mozilla/5.0 (compatible; SemrushBot/6~bl; +http://www.semrush.com/bot.html)" 
46.229.168.142 - - [16/Jun/2020:13:37:37 -0700] "GET /content/all/?offset=56&q=%23%2B%23%23bread HTTP/1.1" 200 11763 "-" "Mozilla/5.0 (compatible; SemrushBot/6~bl; +http://www.semrush.com/bot.html)" 
45.79.26.51 - - [16/Jun/2020:13:37:54 -0700] "GET /content/statusupdates/posts/photos/checkins/bookmarkedpages?_t=rss HTTP/1.1" 200 7437 "-" "Micro.blog/1.0" 
114.119.167.191 - - [16/Jun/2020:13:39:57 -0700] "GET /tag/Fornacalia?offset=0 HTTP/1.1" 200 12952 "-" "Mozilla/5.0 (Linux; Android 7.0;) AppleWebKit/537.36 (KHTML, like Gecko) Mobile Safari/537.36 (compatible; PetalBot;+https://aspiegel.com/petalbot)" 
46.229.168.135 - - [16/Jun/2020:13:40:18 -0700] "GET /2017/seems-to-have-gone-dormant-so-heres-my-wholewheat-with HTTP/1.1" 200 10578 "-" "Mozilla/5.0 (compatible; SemrushBot/6~bl; +http://www.semrush.com/bot.html)" 
66.249.64.178 - - [16/Jun/2020:13:40:49 -0700] "GET /content/all/?offset=1126 HTTP/1.1" 200 11618 "-" "Mozilla/5.0 (Linux; Android 6.0.1; Nexus 5X Build/MMB29P) AppleWebKit/537.36 (KHTML, like Gecko) Chrome/80.0.3987.92 Mobile Safari/537.36 (compatible; Googlebot/2.1; +http://www.google.com/bot.html)" 
66.249.64.178 - - [16/Jun/2020:13:40:53 -0700] "GET /service/web/unfurl/?url=https%3A%2F%2Fonefoottsunami.com%2F2018%2F07%2F30%2Fan-idiotic-idea-doesnt-deserve-branding-this-good%2F&__bTk=7de3e6cc077227cdf84c983bd5691025adee59b55098d4ecb98311bc27c3b5a0&__bTs=1591488000 HTTP/1.1" 403 5013 "https://www.stream.jeremycherfas.net/content/all/?offset=1126" "Mozilla/5.0 (Linux; Android 6.0.1; Nexus 5X Build/MMB29P) AppleWebKit/537.36 (KHTML, like Gecko) Chrome/83.0.4103.100 Mobile Safari/537.36 (compatible; Googlebot/2.1; +http://www.google.com/bot.html)" 
66.249.64.176 - - [16/Jun/2020:13:40:53 -0700] "GET /service/web/unfurl/?url=https%3A%2F%2Fonefoottsunami.com%2F2018%2F07%2F30%2Fan-idiotic-idea-doesnt-deserve-branding-this-good%2F&__bTk=7de3e6cc077227cdf84c983bd5691025adee59b55098d4ecb98311bc27c3b5a0&__bTs=1591620708 HTTP/1.1" 403 5013 "https://www.stream.jeremycherfas.net/content/all/?offset=1126" "Mozilla/5.0 (Linux; Android 6.0.1; Nexus 5X Build/MMB29P) AppleWebKit/537.36 (KHTML, like Gecko) Chrome/83.0.4103.100 Mobile Safari/537.36 (compatible; Googlebot/2.1; +http://www.google.com/bot.html)" 
46.229.168.149 - - [16/Jun/2020:13:41:26 -0700] "GET /?offset=94&q=%23IndieWeb HTTP/1.1" 200 14708 "-" "Mozilla/5.0 (compatible; SemrushBot/6~bl; +http://www.semrush.com/bot.html)" 
45.79.26.51 - - [16/Jun/2020:13:41:27 -0700] "GET /content/statusupdates/posts/photos/checkins/bookmarkedpages?_t=rss HTTP/1.1" 200 7437 "-" "Micro.blog/1.0" 
64.111.100.215 - - [16/Jun/2020:13:41:28 -0700] "GET /content/all?_t=rss HTTP/1.1" 200 14885 "-" "Mozilla/5.0 (X11; U; Linux i686; fr; rv:1.9.1.1) Gecko/20090715 Firefox/3.5.1" 
46.229.168.130 - - [16/Jun/2020:13:42:29 -0700] "GET /2018/2018-01-17 HTTP/1.1" 200 10610 "-" "Mozilla/5.0 (compatible; SemrushBot/6~bl; +http://www.semrush.com/bot.html)" 
46.229.168.145 - - [16/Jun/2020:13:43:39 -0700] "GET /content/bookmarkedpages?offset=150 HTTP/1.1" 200 10868 "-" "Mozilla/5.0 (compatible; SemrushBot/6~bl; +http://www.semrush.com/bot.html)" 
96.126.125.129 - - [16/Jun/2020:13:44:54 -0700] "GET /content/statusupdates/posts/photos/checkins/bookmarkedpages?_t=rss HTTP/1.1" 200 7442 "-" "Micro.blog/1.0" 
46.229.168.143 - - [16/Jun/2020:13:45:06 -0700] "GET /profile/jeremy?offset=100 HTTP/1.1" 200 15743 "-" "Mozilla/5.0 (compatible; SemrushBot/6~bl; +http://www.semrush.com/bot.html)" 
66.249.64.108 - - [16/Jun/2020:13:45:27 -0700] "GET /robots.txt HTTP/1.1" 200 4857 "-" "Mozilla/5.0 (compatible; Googlebot/2.1; +http://www.google.com/bot.html)" 
66.249.64.110 - - [16/Jun/2020:13:45:27 -0700] "GET /2020/brunch-in-the-time-of-quarantine HTTP/1.1" 200 9897 "-" "Mozilla/5.0 (Linux; Android 6.0.1; Nexus 5X Build/MMB29P) AppleWebKit/537.36 (KHTML, like Gecko) Chrome/80.0.3987.92 Mobile Safari/537.36 (compatible; Googlebot/2.1; +http://www.google.com/bot.html)" 
46.229.168.153 - - [16/Jun/2020:13:45:29 -0700] "GET /2017/indieweb-quote-of-the-day-bukovsky-on-samizdat HTTP/1.1" 200 9321 "-" "Mozilla/5.0 (compatible; SemrushBot/6~bl; +http://www.semrush.com/bot.html)" 
114.119.160.143 - - [16/Jun/2020:13:46:00 -0700] "GET /tag/indieweb?offset=130 HTTP/1.1" 200 12639 "-" "Mozilla/5.0 (Linux; Android 7.0;) AppleWebKit/537.36 (KHTML, like Gecko) Mobile Safari/537.36 (compatible; PetalBot;+https://aspiegel.com/petalbot)" 
46.229.168.130 - - [16/Jun/2020:13:47:14 -0700] "GET /content/all/?offset=30&q=%23indieweb HTTP/1.1" 200 12904 "-" "Mozilla/5.0 (compatible; SemrushBot/6~bl; +http://www.semrush.com/bot.html)" 
46.229.168.163 - - [16/Jun/2020:13:47:19 -0700] "GET /content/photos/?offset=8&q=%23%2B%23rye HTTP/1.1" 200 11613 "-" "Mozilla/5.0 (compatible; SemrushBot/6~bl; +http://www.semrush.com/bot.html)" 
46.229.168.141 - - [16/Jun/2020:13:47:31 -0700] "GET /?offset=20&q=%23WithKnown HTTP/1.1" 200 12401 "-" "Mozilla/5.0 (compatible; SemrushBot/6~bl; +http://www.semrush.com/bot.html)" 
46.229.168.161 - - [16/Jun/2020:13:47:55 -0700] "GET /tag/sourdough HTTP/1.1" 200 12016 "-" "Mozilla/5.0 (compatible; SemrushBot/6~bl; +http://www.semrush.com/bot.html)" 
46.229.168.153 - - [16/Jun/2020:13:47:58 -0700] "GET /content/posts/?offset=10 HTTP/1.1" 200 11744 "-" "Mozilla/5.0 (compatible; SemrushBot/6~bl; +http://www.semrush.com/bot.html)" 
46.229.168.154 - - [16/Jun/2020:13:48:36 -0700] "GET /2017/patreons-change-of-heart-is-indeed-welcome-although-i-am HTTP/1.1" 200 10869 "-" "Mozilla/5.0 (compatible; SemrushBot/6~bl; +http://www.semrush.com/bot.html)" 
45.79.26.51 - - [16/Jun/2020:13:48:48 -0700] "GET /content/statusupdates/posts/photos/checkins/bookmarkedpages?_t=rss HTTP/1.1" 200 7437 "-" "Micro.blog/1.0" 
46.229.168.163 - - [16/Jun/2020:13:50:59 -0700] "GET /robots.txt HTTP/1.1" 200 4276 "-" "Mozilla/5.0 (compatible; SemrushBot/6~bl; +http://www.semrush.com/bot.html)" 
46.229.168.161 - - [16/Jun/2020:13:51:02 -0700] "GET /2017/no-getting-away-from-it HTTP/1.1" 200 10633 "-" "Mozilla/5.0 (compatible; SemrushBot/6~bl; +http://www.semrush.com/bot.html)" 
157.55.39.110 - - [16/Jun/2020:13:51:03 -0700] "GET /2018/very-interesting-read-i-too-didnt-realise HTTP/1.1" 200 10660 "-" "Mozilla/5.0 (compatible; bingbot/2.0; +http://www.bing.com/bingbot.htm)" 
46.229.168.151 - - [16/Jun/2020:13:51:12 -0700] "GET /2020/reflect-and-refract HTTP/1.1" 200 9287 "-" "Mozilla/5.0 (compatible; SemrushBot/6~bl; +http://www.semrush.com/bot.html)" 
114.119.167.191 - - [16/Jun/2020:13:52:06 -0700] "GET /tag/+%23%23indieweb?offset=10 HTTP/1.1" 200 14812 "-" "Mozilla/5.0 (Linux; Android 7.0;) AppleWebKit/537.36 (KHTML, like Gecko) Mobile Safari/537.36 (compatible; PetalBot;+https://aspiegel.com/petalbot)" 
46.229.168.129 - - [16/Jun/2020:13:52:16 -0700] "GET /?offset=0&q=%23%2B%23food HTTP/1.1" 200 12441 "-" "Mozilla/5.0 (compatible; SemrushBot/6~bl; +http://www.semrush.com/bot.html)" 
46.229.168.130 - - [16/Jun/2020:13:52:40 -0700] "GET /?offset=33&q=%23WithKnown HTTP/1.1" 200 12385 "-" "Mozilla/5.0 (compatible; SemrushBot/6~bl; +http://www.semrush.com/bot.html)" 
45.79.26.51 - - [16/Jun/2020:13:52:54 -0700] "GET /content/statusupdates/posts/photos/checkins/bookmarkedpages?_t=rss HTTP/1.1" 200 7437 "-" "Micro.blog/1.0" 
46.229.168.145 - - [16/Jun/2020:13:53:07 -0700] "GET /2019/i-love-how-this-wisteria-has-coopted-a-nearby-tree HTTP/1.1" 200 15375 "-" "Mozilla/5.0 (compatible; SemrushBot/6~bl; +http://www.semrush.com/bot.html)" 
157.55.39.30 - - [16/Jun/2020:13:53:31 -0700] "GET /robots.txt HTTP/1.1" 200 2562 "-" "Mozilla/5.0 (compatible; bingbot/2.0; +http://www.bing.com/bingbot.htm)" 
157.55.39.30 - - [16/Jun/2020:13:53:32 -0700] "GET /robots.txt HTTP/1.1" 200 4881 "-" "Mozilla/5.0 (compatible; bingbot/2.0; +http://www.bing.com/bingbot.htm)" 
66.249.64.178 - - [16/Jun/2020:13:53:58 -0700] "GET /content/all/?offset=1116&_t=rss HTTP/1.1" 200 9107 "-" "Mozilla/5.0 (Linux; Android 6.0.1; Nexus 5X Build/MMB29P) AppleWebKit/537.36 (KHTML, like Gecko) Chrome/80.0.3987.92 Mobile Safari/537.36 (compatible; Googlebot/2.1; +http://www.google.com/bot.html)" 
17.58.102.79 - - [16/Jun/2020:13:54:44 -0700] "GET /2020/mosses-attachment-to-stone HTTP/1.1" 200 9869 "-" "Mozilla/5.0 (Macintosh; Intel Mac OS X 10_15_5) AppleWebKit/605.1.15 (KHTML, like Gecko) Version/13.1.1 Safari/605.1.15 (Applebot/0.1; +http://www.apple.com/go/applebot)" 
66.249.64.110 - - [16/Jun/2020:13:55:26 -0700] "GET /?offset=429&_t=amp HTTP/1.1" 200 11887 "-" "Mozilla/5.0 (Linux; Android 6.0.1; Nexus 5X Build/MMB29P) AppleWebKit/537.36 (KHTML, like Gecko) Chrome/80.0.3987.92 Mobile Safari/537.36 (compatible; Googlebot/2.1; +http://www.google.com/bot.html)" 
46.229.168.129 - - [16/Jun/2020:13:55:42 -0700] "GET /content/photos/?offset=0&q=%23%2B%23rye HTTP/1.1" 200 11763 "-" "Mozilla/5.0 (compatible; SemrushBot/6~bl; +http://www.semrush.com/bot.html)" 
46.229.168.143 - - [16/Jun/2020:13:56:10 -0700] "GET /tag/indieweb?offset=121 HTTP/1.1" 200 11402 "-" "Mozilla/5.0 (compatible; SemrushBot/6~bl; +http://www.semrush.com/bot.html)" 
64.111.100.215 - - [16/Jun/2020:13:56:52 -0700] "GET /content/all?_t=rss HTTP/1.1" 200 14885 "-" "Mozilla/5.0 (X11; U; Linux i686; fr; rv:1.9.1.1) Gecko/20090715 Firefox/3.5.1" 
46.229.168.146 - - [16/Jun/2020:13:57:01 -0700] "GET /content/audio/?q=%23%2B%238482 HTTP/1.1" 200 8285 "-" "Mozilla/5.0 (compatible; SemrushBot/6~bl; +http://www.semrush.com/bot.html)" 
96.126.125.129 - - [16/Jun/2020:13:57:38 -0700] "GET /content/statusupdates/posts/photos/checkins/bookmarkedpages?_t=rss HTTP/1.1" 200 7442 "-" "Micro.blog/1.0" 
40.77.167.174 - - [16/Jun/2020:13:57:48 -0700] "GET /2019/checked-into-laltro-luca-ed-andrea HTTP/1.1" 200 10217 "-" "Mozilla/5.0 (compatible; bingbot/2.0; +http://www.bing.com/bingbot.htm)" 
46.229.168.141 - - [16/Jun/2020:13:57:58 -0700] "GET /?offset=8&q=%23%2B%23rye HTTP/1.1" 200 11508 "-" "Mozilla/5.0 (compatible; SemrushBot/6~bl; +http://www.semrush.com/bot.html)" 
114.119.167.191 - - [16/Jun/2020:13:58:12 -0700] "GET /tag/Sourdough?offset=55 HTTP/1.1" 200 8961 "-" "Mozilla/5.0 (Linux; Android 7.0;) AppleWebKit/537.36 (KHTML, like Gecko) Mobile Safari/537.36 (compatible; PetalBot;+https://aspiegel.com/petalbot)" 
46.229.168.142 - - [16/Jun/2020:13:58:29 -0700] "GET /2018/it-occurs-to-me-that-people-here-might-be-interested HTTP/1.1" 200 11054 "-" "Mozilla/5.0 (compatible; SemrushBot/6~bl; +http://www.semrush.com/bot.html)" 
46.229.168.145 - - [16/Jun/2020:14:00:12 -0700] "GET /content/events/?q=%23lemons HTTP/1.1" 200 8273 "-" "Mozilla/5.0 (compatible; SemrushBot/6~bl; +http://www.semrush.com/bot.html)" 
96.126.125.129 - - [16/Jun/2020:14:00:52 -0700] "GET /content/statusupdates/posts/photos/checkins/bookmarkedpages?_t=rss HTTP/1.1" 200 7442 "-" "Micro.blog/1.0" 
40.77.167.174 - - [16/Jun/2020:14:01:01 -0700] "GET /file/6c7e763ad2b5e8e78f1c2d3c115d09e8/thumb.jpg HTTP/1.1" 200 104855 "-" "Mozilla/5.0 (compatible; bingbot/2.0; +http://www.bing.com/bingbot.htm)" 
40.77.167.174 - - [16/Jun/2020:14:01:04 -0700] "GET /2018/my-contribution-to-the-dog-days-of-podcasting-every-day HTTP/1.1" 200 12691 "-" "Mozilla/5.0 (compatible; bingbot/2.0; +http://www.bing.com/bingbot.htm)" 
54.81.36.175 - - [16/Jun/2020:14:01:19 -0700] "GET /?_t=rss HTTP/1.1" 200 7435 "-" "glitch-feeder/1.0 (+https://glitch.com/~lmo-feeder)" 
157.55.39.110 - - [16/Jun/2020:14:04:29 -0700] "GET /file/c82848ae1a5ef3074733b925fbcfe375 HTTP/1.1" 200 11071 "-" "Mozilla/5.0 (compatible; bingbot/2.0; +http://www.bing.com/bingbot.htm)" 
46.229.168.143 - - [16/Jun/2020:14:04:37 -0700] "GET /content/all/?offset=32&q=%23%2B%23food HTTP/1.1" 200 13144 "-" "Mozilla/5.0 (compatible; SemrushBot/6~bl; +http://www.semrush.com/bot.html)" 
96.126.125.129 - - [16/Jun/2020:14:05:39 -0700] "GET /content/statusupdates/posts/photos/checkins/bookmarkedpages?_t=rss HTTP/1.1" 200 7442 "-" "Micro.blog/1.0" 
46.229.168.148 - - [16/Jun/2020:14:06:41 -0700] "GET /content/all/?offset=11&q=%23bread HTTP/1.1" 200 12488 "-" "Mozilla/5.0 (compatible; SemrushBot/6~bl; +http://www.semrush.com/bot.html)" 
46.229.168.135 - - [16/Jun/2020:14:06:48 -0700] "GET /tag/bread?offset=80 HTTP/1.1" 200 11423 "-" "Mozilla/5.0 (compatible; SemrushBot/6~bl; +http://www.semrush.com/bot.html)" 
66.249.64.180 - - [16/Jun/2020:14:06:58 -0700] "GET /content/all/?offset=504 HTTP/1.1" 200 12431 "-" "Mozilla/5.0 (Linux; Android 6.0.1; Nexus 5X Build/MMB29P) AppleWebKit/537.36 (KHTML, like Gecko) Chrome/80.0.3987.92 Mobile Safari/537.36 (compatible; Googlebot/2.1; +http://www.google.com/bot.html)" 
77.75.78.161 - - [16/Jun/2020:14:07:00 -0700] "GET /robots.txt HTTP/1.1" 200 4318 "-" "Mozilla/5.0 (compatible; SeznamBot/3.2; +http://napoveda.seznam.cz/en/seznambot-intro/)" 
77.75.78.161 - - [16/Jun/2020:14:07:02 -0700] "GET /file/aab690b2124d5ac8d25f56836afc7bc6/884F9D30-5E57-4DF2-ADC9-ADE034D0AFBF.jpeg HTTP/1.1" 304 3529 "-" "Mozilla/5.0 (compatible; SeznamBot/3.2; +http://napoveda.seznam.cz/en/seznambot-intro/)" 
66.249.64.176 - - [16/Jun/2020:14:07:15 -0700] "GET /service/web/unfurl/?url=https%3A%2F%2Fboffosocko.com%2F2019%2F06%2F02%2Flurking-twitter-the-commons-and-private-posts%2F&__bTk=f33091aa37b5a26a21a6e2f0ff127b8fade124cff31edf11df3ba76a61149115&__bTs=1591235031 HTTP/1.1" 403 5005 "https://www.stream.jeremycherfas.net/content/all/?offset=504" "Mozilla/5.0 (Linux; Android 6.0.1; Nexus 5X Build/MMB29P) AppleWebKit/537.36 (KHTML, like Gecko) Chrome/83.0.4103.100 Mobile Safari/537.36 (compatible; Googlebot/2.1; +http://www.google.com/bot.html)" 
46.229.168.134 - - [16/Jun/2020:14:07:19 -0700] "GET /2018/that-helsinki-summit-memex-11 HTTP/1.1" 200 9362 "-" "Mozilla/5.0 (compatible; SemrushBot/6~bl; +http://www.semrush.com/bot.html)" 
157.55.39.110 - - [16/Jun/2020:14:07:23 -0700] "GET /2017/crossed-the-wide-pecos HTTP/1.1" 200 11309 "-" "Mozilla/5.0 (compatible; bingbot/2.0; +http://www.bing.com/bingbot.htm)" 
66.249.64.176 - - [16/Jun/2020:14:07:47 -0700] "GET /service/web/unfurl/?url=https%3A%2F%2Fmicro.blog%2Fcn&__bTk=eaac90559b759ea7ae377bf516368bbfcdb0ae6c84f19a55d89e917d304eae91&__bTs=1590233296 HTTP/1.1" 403 4938 "https://www.stream.jeremycherfas.net/content/all/?offset=453&_t=amp" "Mozilla/5.0 (Linux; Android 6.0.1; Nexus 5X Build/MMB29P) AppleWebKit/537.36 (KHTML, like Gecko) Chrome/83.0.4103.100 Mobile Safari/537.36 (compatible; Googlebot/2.1; +http://www.google.com/bot.html)" 
66.249.64.178 - - [16/Jun/2020:14:07:48 -0700] "GET /service/web/unfurl/?url=https%3A%2F%2Fboffosocko.com%2F2019%2F06%2F02%2Flurking-twitter-the-commons-and-private-posts%2F&__bTk=eaac90559b759ea7ae377bf516368bbfcdb0ae6c84f19a55d89e917d304eae91&__bTs=1590233296 HTTP/1.1" 403 5005 "https://www.stream.jeremycherfas.net/content/all/?offset=453&_t=amp" "Mozilla/5.0 (Linux; Android 6.0.1; Nexus 5X Build/MMB29P) AppleWebKit/537.36 (KHTML, like Gecko) Chrome/83.0.4103.100 Mobile Safari/537.36 (compatible; Googlebot/2.1; +http://www.google.com/bot.html)" 
66.249.64.178 - - [16/Jun/2020:14:07:48 -0700] "GET /service/web/unfurl/?url=https%3A%2F%2Fboffosocko.com%2F2019%2F06%2F02%2Flurking-twitter-the-commons-and-private-posts%2F&__bTk=eaac90559b759ea7ae377bf516368bbfcdb0ae6c84f19a55d89e917d304eae91&__bTs=1590233296 HTTP/1.1" 403 1333 "https://www.stream.jeremycherfas.net/content/all/?offset=453&_t=amp" "Mozilla/5.0 (Linux; Android 6.0.1; Nexus 5X Build/MMB29P) AppleWebKit/537.36 (KHTML, like Gecko) Chrome/83.0.4103.100 Mobile Safari/537.36 (compatible; Googlebot/2.1; +http://www.google.com/bot.html)" 
40.77.167.174 - - [16/Jun/2020:14:07:53 -0700] "GET /2017/great-work-from-the-latest-graduates-of-sourdough-u HTTP/1.1" 200 11232 "-" "Mozilla/5.0 (compatible; bingbot/2.0; +http://www.bing.com/bingbot.htm)" 
40.77.167.174 - - [16/Jun/2020:14:07:54 -0700] "GET / HTTP/1.1" 200 12558 "-" "Mozilla/5.0 (compatible; bingbot/2.0; +http://www.bing.com/bingbot.htm)" 
167.172.219.142 - - [16/Jun/2020:14:07:59 -0700] "GET /?_t=rss HTTP/1.1" 304 3495 "-" "Feedbin feed-id:1536727 - 1 subscribers" 
66.249.64.108 - - [16/Jun/2020:14:09:13 -0700] "GET /2019/checked-into-ibis-utrecht HTTP/1.1" 200 10069 "-" "Mozilla/5.0 (Linux; Android 6.0.1; Nexus 5X Build/MMB29P) AppleWebKit/537.36 (KHTML, like Gecko) Chrome/80.0.3987.92 Mobile Safari/537.36 (compatible; Googlebot/2.1; +http://www.google.com/bot.html)" 
114.119.165.105 - - [16/Jun/2020:14:10:19 -0700] "GET /2020/i-am-amazed-and-saddened-by-the HTTP/1.1" 200 17143 "-" "Mozilla/5.0 (Linux; Android 7.0;) AppleWebKit/537.36 (KHTML, like Gecko) Mobile Safari/537.36 (compatible; PetalBot;+https://aspiegel.com/petalbot)" 
46.229.168.137 - - [16/Jun/2020:14:10:28 -0700] "GET /2017/why-the-price-of-food-has-nothing-to-do-with HTTP/1.1" 200 10817 "-" "Mozilla/5.0 (compatible; SemrushBot/6~bl; +http://www.semrush.com/bot.html)" 
46.229.168.134 - - [16/Jun/2020:14:10:31 -0700] "GET /content/all/?offset=22&q=%23bread HTTP/1.1" 200 12316 "-" "Mozilla/5.0 (compatible; SemrushBot/6~bl; +http://www.semrush.com/bot.html)" 
45.79.26.51 - - [16/Jun/2020:14:10:58 -0700] "GET /content/statusupdates/posts/photos/checkins/bookmarkedpages?_t=rss HTTP/1.1" 200 7437 "-" "Micro.blog/1.0" 
46.229.168.134 - - [16/Jun/2020:14:11:09 -0700] "GET /content/bookmarkedpages/?offset=0&q=%23%2B%23IndieWeb HTTP/1.1" 200 10893 "-" "Mozilla/5.0 (compatible; SemrushBot/6~bl; +http://www.semrush.com/bot.html)" 
17.58.102.79 - - [16/Jun/2020:14:12:07 -0700] "GET /2019/notes-weve-got-blog-2002 HTTP/1.1" 200 9969 "-" "Mozilla/5.0 (Macintosh; Intel Mac OS X 10_15_5) AppleWebKit/605.1.15 (KHTML, like Gecko) Version/13.1.1 Safari/605.1.15 (Applebot/0.1; +http://www.apple.com/go/applebot)" 
46.229.168.137 - - [16/Jun/2020:14:12:39 -0700] "GET /content/photos/?offset=0&q=%23sourdough HTTP/1.1" 200 12143 "-" "Mozilla/5.0 (compatible; SemrushBot/6~bl; +http://www.semrush.com/bot.html)" 
46.229.168.162 - - [16/Jun/2020:14:14:06 -0700] "GET /tag/indieweb?offset=122 HTTP/1.1" 200 11681 "-" "Mozilla/5.0 (compatible; SemrushBot/6~bl; +http://www.semrush.com/bot.html)" 
