46.229.168.150 - - [23/Jun/2020:03:42:13 -0700] "GET /tag/indieweb?offset=135 HTTP/1.1" 200 12474 "-" "Mozilla/5.0 (compatible; SemrushBot/6~bl; +http://www.semrush.com/bot.html)" 
46.229.168.163 - - [23/Jun/2020:03:43:26 -0700] "GET /2020/rachel-cooke-on-criticism-what-is-the-point-of-a HTTP/1.1" 200 9751 "-" "Mozilla/5.0 (compatible; SemrushBot/6~bl; +http://www.semrush.com/bot.html)" 
46.229.168.131 - - [23/Jun/2020:03:43:37 -0700] "GET /2018/two-very-different-kinds-of-illustration-because-of-nicole-fenton HTTP/1.1" 200 9406 "-" "Mozilla/5.0 (compatible; SemrushBot/6~bl; +http://www.semrush.com/bot.html)" 
207.46.13.166 - - [23/Jun/2020:03:43:41 -0700] "GET /2017/score-thanks-atmelissasbnb HTTP/1.1" 200 11230 "-" "Mozilla/5.0 (compatible; bingbot/2.0; +http://www.bing.com/bingbot.htm)" 
46.229.168.137 - - [23/Jun/2020:03:43:42 -0700] "GET /content/all/?q=%23%2B%23food HTTP/1.1" 200 12444 "-" "Mozilla/5.0 (compatible; SemrushBot/6~bl; +http://www.semrush.com/bot.html)" 
167.191.240.1 - - [23/Jun/2020:03:44:44 -0700] "GET /gfx/users/default-00.png HTTP/1.0" 200 8903 "-" "Mozilla/4.0 (compatible; MSIE 4.01; Windows NT; MS Search 6.0 Robot)" 
167.191.240.1 - - [23/Jun/2020:03:44:45 -0700] "GET /file/d29358b5f5f86cebb2e22d48d501d37a HTTP/1.0" 200 16564 "-" "Mozilla/4.0 (compatible; MSIE 4.01; Windows NT; MS Search 6.0 Robot)" 
46.229.168.141 - - [23/Jun/2020:03:44:55 -0700] "GET /content/all/?offset=57&q=%23%2B%23%23bread HTTP/1.1" 200 11485 "-" "Mozilla/5.0 (compatible; SemrushBot/6~bl; +http://www.semrush.com/bot.html)" 
54.36.148.81 - - [23/Jun/2020:03:45:30 -0700] "GET /content/photos/?q=%23+%23bread&offset=37 HTTP/1.1" 200 12424 "-" "Mozilla/5.0 (compatible; AhrefsBot/6.1; +http://ahrefs.com/robot/)" 
66.249.66.48 - - [23/Jun/2020:03:45:44 -0700] "GET /?offset=1250 HTTP/1.1" 200 11177 "-" "Mozilla/5.0 (Linux; Android 6.0.1; Nexus 5X Build/MMB29P) AppleWebKit/537.36 (KHTML, like Gecko) Chrome/80.0.3987.92 Mobile Safari/537.36 (compatible; Googlebot/2.1; +http://www.google.com/bot.html)" 
66.249.66.44 - - [23/Jun/2020:03:45:49 -0700] "GET /service/web/unfurl/?url=https%3A%2F%2Fwww.foodpolitics.com%2F2018%2F06%2Fthe-romaine-lettuce-outbreak-source-still-unknown-victim-count-rising%2F&__bTk=cb369512a6d126cf9478a5ebe39626f531a1682706f8f2b94ed0821a7fcd2929&__bTs=1591488000 HTTP/1.1" 403 5006 "https://stream.jeremycherfas.net/?offset=1250" "Mozilla/5.0 (Linux; Android 6.0.1; Nexus 5X Build/MMB29P) AppleWebKit/537.36 (KHTML, like Gecko) Chrome/83.0.4103.108 Mobile Safari/537.36 (compatible; Googlebot/2.1; +http://www.google.com/bot.html)" 
66.249.66.46 - - [23/Jun/2020:03:45:49 -0700] "GET /service/web/unfurl/?url=https%3A%2F%2Fwww.foodpolitics.com%2F2018%2F06%2Fthe-romaine-lettuce-outbreak-source-still-unknown-victim-count-rising%2F&__bTk=cb369512a6d126cf9478a5ebe39626f531a1682706f8f2b94ed0821a7fcd2929&__bTs=1592862816 HTTP/1.1" 403 5006 "https://stream.jeremycherfas.net/?offset=1250" "Mozilla/5.0 (Linux; Android 6.0.1; Nexus 5X Build/MMB29P) AppleWebKit/537.36 (KHTML, like Gecko) Chrome/83.0.4103.108 Mobile Safari/537.36 (compatible; Googlebot/2.1; +http://www.google.com/bot.html)" 
46.229.168.154 - - [23/Jun/2020:03:46:44 -0700] "GET /2018/if-i-were-any-kind-of-entrepreneur-which-im-not HTTP/1.1" 200 11049 "-" "Mozilla/5.0 (compatible; SemrushBot/6~bl; +http://www.semrush.com/bot.html)" 
54.39.177.198 - - [23/Jun/2020:03:46:50 -0700] "GET /?_t=rss HTTP/1.1" 200 7277 "-" "Mozilla/5.0 (compatible; YaK/1.0; http://linkfluence.com/; bot@linkfluence.com)" 
46.229.168.131 - - [23/Jun/2020:03:47:03 -0700] "GET /tag/+%23%23bread?offset=0 HTTP/1.1" 200 12117 "-" "Mozilla/5.0 (compatible; SemrushBot/6~bl; +http://www.semrush.com/bot.html)" 
192.99.10.39 - - [23/Jun/2020:03:47:22 -0700] "GET /?q=%23IndieWeb&offset=8 HTTP/1.1" 200 11483 "-" "Mozilla/5.0 (compatible; MJ12bot/v1.4.8; http://mj12bot.com/)" 
167.191.240.1 - - [23/Jun/2020:03:47:53 -0700] "GET /2020/an-ad-hoc-meeting-of-the-withknown-open-collective HTTP/1.0" 200 45646 "-" "Mozilla/4.0 (compatible; MSIE 4.01; Windows NT; MS Search 6.0 Robot)" 
167.191.240.1 - - [23/Jun/2020:03:47:54 -0700] "GET /2020/theres-a-light-over-in-the-indieweb-space HTTP/1.0" 200 27596 "-" "Mozilla/4.0 (compatible; MSIE 4.01; Windows NT; MS Search 6.0 Robot)" 
167.191.240.1 - - [23/Jun/2020:03:47:53 -0700] "GET /tag/known HTTP/1.0" 200 66573 "-" "Mozilla/4.0 (compatible; MSIE 4.01; Windows NT; MS Search 6.0 Robot)" 
167.191.240.1 - - [23/Jun/2020:03:47:54 -0700] "GET /2020/isellsoap-i-know-that-chrisaldrich-was-involved HTTP/1.0" 200 33384 "-" "Mozilla/4.0 (compatible; MSIE 4.01; Windows NT; MS Search 6.0 Robot)" 
167.191.240.1 - - [23/Jun/2020:03:47:54 -0700] "GET /2020/i-very-much-share-and-understand-amani HTTP/1.0" 200 29085 "-" "Mozilla/4.0 (compatible; MSIE 4.01; Windows NT; MS Search 6.0 Robot)" 
167.191.240.1 - - [23/Jun/2020:03:47:55 -0700] "GET /2020/stpaultim-lots-of-ways-to-do-that HTTP/1.0" 200 31894 "-" "Mozilla/4.0 (compatible; MSIE 4.01; Windows NT; MS Search 6.0 Robot)" 
167.191.240.1 - - [23/Jun/2020:03:47:55 -0700] "GET /2020/mgraybosch-fine-sentiments-and-for-a-one-page HTTP/1.0" 200 29285 "-" "Mozilla/4.0 (compatible; MSIE 4.01; Windows NT; MS Search 6.0 Robot)" 
167.191.240.1 - - [23/Jun/2020:03:47:55 -0700] "GET /2019/day-1-of-indieweb-challenge-2019-12-indieweb-challenge-fixed HTTP/1.0" 200 34613 "-" "Mozilla/4.0 (compatible; MSIE 4.01; Windows NT; MS Search 6.0 Robot)" 
167.191.240.1 - - [23/Jun/2020:03:47:55 -0700] "GET /tag/IndieWeb_challenge HTTP/1.0" 200 24522 "-" "Mozilla/4.0 (compatible; MSIE 4.01; Windows NT; MS Search 6.0 Robot)" 
167.191.240.1 - - [23/Jun/2020:03:47:55 -0700] "GET /tag/IndieWeb HTTP/1.0" 200 65124 "-" "Mozilla/4.0 (compatible; MSIE 4.01; Windows NT; MS Search 6.0 Robot)" 
167.191.240.1 - - [23/Jun/2020:03:47:55 -0700] "GET /2019/what-magic-is-this-app3ef086df04musical-chord-progression-arpeggiator-found-thanks HTTP/1.0" 200 29328 "-" "Mozilla/4.0 (compatible; MSIE 4.01; Windows NT; MS Search 6.0 Robot)" 
167.191.240.1 - - [23/Jun/2020:03:47:56 -0700] "GET /2019/good-work-so-far-as-you-note HTTP/1.0" 200 28986 "-" "Mozilla/4.0 (compatible; MSIE 4.01; Windows NT; MS Search 6.0 Robot)" 
167.191.240.1 - - [23/Jun/2020:03:47:57 -0700] "GET /tag/+%23IndieWeb HTTP/1.0" 200 65130 "-" "Mozilla/4.0 (compatible; MSIE 4.01; Windows NT; MS Search 6.0 Robot)" 
66.249.92.49 - - [23/Jun/2020:03:47:59 -0700] "GET /2018/whats-the-problem HTTP/1.1" 200 11201 "-" "Mozilla/5.0 (compatible; GoogleDocs; apps-spreadsheets; +http://docs.google.com)" 
40.77.167.169 - - [23/Jun/2020:03:48:13 -0700] "GET /file/258ffb6f857b9efb04dac9bbda70a908 HTTP/1.1" 200 8575 "-" "Mozilla/5.0 (compatible; bingbot/2.0; +http://www.bing.com/bingbot.htm)" 
167.191.240.1 - - [23/Jun/2020:03:49:20 -0700] "GET /service/web/imageproxy/aHR0cHM6Ly9wYnMudHdpbWcuY29tL3Byb2ZpbGVfaW1hZ2VzLzEwMzk5ODMxMjcxNDQzNTc4ODkvOHZHcGNNUTcuanBn/300/square HTTP/1.0" 200 16721 "-" "Mozilla/4.0 (compatible; MSIE 4.01; Windows NT; MS Search 6.0 Robot)" 
167.191.240.1 - - [23/Jun/2020:03:49:20 -0700] "GET /2020/2020-05-09 HTTP/1.0" 200 28533 "-" "Mozilla/4.0 (compatible; MSIE 4.01; Windows NT; MS Search 6.0 Robot)" 
167.191.240.1 - - [23/Jun/2020:03:49:20 -0700] "GET /service/web/imageproxy/aHR0cHM6Ly9wYnMudHdpbWcuY29tL3Byb2ZpbGVfaW1hZ2VzLzExMzczODQ3OTYxMjI5NjM5Njgvc1h4ZW9OMHcuanBn/300/square HTTP/1.0" 200 16611 "-" "Mozilla/4.0 (compatible; MSIE 4.01; Windows NT; MS Search 6.0 Robot)" 
167.191.240.1 - - [23/Jun/2020:03:49:21 -0700] "GET /2020/ok-pure-confirmation-bias-but-i-finally HTTP/1.0" 200 28437 "-" "Mozilla/4.0 (compatible; MSIE 4.01; Windows NT; MS Search 6.0 Robot)" 
167.191.240.1 - - [23/Jun/2020:03:49:21 -0700] "GET /2020/hey-uber_support-when-are-you-going-to HTTP/1.0" 200 31578 "-" "Mozilla/4.0 (compatible; MSIE 4.01; Windows NT; MS Search 6.0 Robot)" 
192.99.10.39 - - [23/Jun/2020:03:49:21 -0700] "GET /?q=%23Indieweb&offset=102 HTTP/1.1" 200 14029 "-" "Mozilla/5.0 (compatible; MJ12bot/v1.4.8; http://mj12bot.com/)" 
46.229.168.154 - - [23/Jun/2020:03:49:30 -0700] "GET /tag/photo?offset=13 HTTP/1.1" 200 11969 "-" "Mozilla/5.0 (compatible; SemrushBot/6~bl; +http://www.semrush.com/bot.html)" 
192.99.10.39 - - [23/Jun/2020:03:49:45 -0700] "GET /?q=%23Indieweb&offset=105 HTTP/1.1" 200 12720 "-" "Mozilla/5.0 (compatible; MJ12bot/v1.4.8; http://mj12bot.com/)" 
167.191.240.1 - - [23/Jun/2020:03:49:56 -0700] "GET /2020/blaming-the-internet-for-your-gullibility-is HTTP/1.0" 200 37721 "-" "Mozilla/4.0 (compatible; MSIE 4.01; Windows NT; MS Search 6.0 Robot)" 
167.191.240.1 - - [23/Jun/2020:03:49:57 -0700] "GET /service/web/imageproxy/aHR0cHM6Ly9taWNyby5ibG9nL2NuL2F2YXRhci5qcGc,/300/square HTTP/1.0" 200 29116 "-" "Mozilla/4.0 (compatible; MSIE 4.01; Windows NT; MS Search 6.0 Robot)" 
64.111.100.215 - - [23/Jun/2020:03:49:59 -0700] "GET /content/all?_t=rss HTTP/1.1" 200 13896 "-" "Mozilla/5.0 (X11; U; Linux i686; fr; rv:1.9.1.1) Gecko/20090715 Firefox/3.5.1" 
192.99.10.39 - - [23/Jun/2020:03:50:29 -0700] "GET /?q=%23Indieweb&offset=112 HTTP/1.1" 200 11929 "-" "Mozilla/5.0 (compatible; MJ12bot/v1.4.8; http://mj12bot.com/)" 
46.229.168.149 - - [23/Jun/2020:03:50:51 -0700] "GET /content/events/?q=%23%2B%23sourdoughseptember HTTP/1.1" 200 8313 "-" "Mozilla/5.0 (compatible; SemrushBot/6~bl; +http://www.semrush.com/bot.html)" 
96.126.125.129 - - [23/Jun/2020:03:50:56 -0700] "GET /content/statusupdates/posts/photos/checkins/bookmarkedpages?_t=rss HTTP/1.1" 200 7427 "-" "Micro.blog/1.0" 
54.36.148.164 - - [23/Jun/2020:03:50:57 -0700] "GET /2019/who-is-the-real-dice-man-the-elusive-writer-behind HTTP/1.1" 200 9529 "-" "Mozilla/5.0 (compatible; AhrefsBot/6.1; +http://ahrefs.com/robot/)" 
192.99.10.39 - - [23/Jun/2020:03:51:04 -0700] "GET /?q=%23Indieweb&offset=114&_t=rss HTTP/1.1" 200 7834 "-" "Mozilla/5.0 (compatible; MJ12bot/v1.4.8; http://mj12bot.com/)" 
167.191.240.1 - - [23/Jun/2020:03:51:35 -0700] "GET /service/web/imageproxy/aHR0cHM6Ly9wYnMudHdpbWcuY29tL3Byb2ZpbGVfaW1hZ2VzLzEwNjUzMzQyMjQ2NjI1ODEyNDgvb05RRnRHQl8uanBn/300/square HTTP/1.0" 200 34130 "-" "Mozilla/4.0 (compatible; MSIE 4.01; Windows NT; MS Search 6.0 Robot)" 
167.191.240.1 - - [23/Jun/2020:03:51:35 -0700] "GET /service/web/imageproxy/aHR0cHM6Ly9wYnMudHdpbWcuY29tL3Byb2ZpbGVfaW1hZ2VzLzEyNTA2MjAwMDc4NDQ2Nzk2ODAvY1dGdEZ1SWUuanBn/300/square HTTP/1.0" 200 31569 "-" "Mozilla/4.0 (compatible; MSIE 4.01; Windows NT; MS Search 6.0 Robot)" 
167.191.240.1 - - [23/Jun/2020:03:51:36 -0700] "GET /service/web/imageproxy/aHR0cHM6Ly9wYnMudHdpbWcuY29tL3Byb2ZpbGVfaW1hZ2VzLzI2MjQxOTYxNzYvQ2FiYmFnZV9saW5lX2RyYXdpbmcucG5n/300/square HTTP/1.0" 200 63356 "-" "Mozilla/4.0 (compatible; MSIE 4.01; Windows NT; MS Search 6.0 Robot)" 
192.99.10.39 - - [23/Jun/2020:03:51:35 -0700] "GET /?q=%23Indieweb&offset=115&_t=rss HTTP/1.1" 200 7790 "-" "Mozilla/5.0 (compatible; MJ12bot/v1.4.8; http://mj12bot.com/)" 
167.191.240.1 - - [23/Jun/2020:03:51:36 -0700] "GET /service/web/imageproxy/aHR0cHM6Ly93d3cuZ3JhdmF0YXIuY29tL2F2YXRhci8wNjQ5Y2RkNTNkZGYxMTQ2MzA4ZjMxNmIzNDA2Zjk3Zj9zPTk2JmQ9aHR0cHMlM0ElMkYlMkZtaWNyby5ibG9nJTJGaW1hZ2VzJTJGYmxhbmtfYXZhdGFyLnBuZw,,/300/square HTTP/1.0" 200 8110 "-" "Mozilla/4.0 (compatible; MSIE 4.01; Windows NT; MS Search 6.0 Robot)" 
167.191.240.1 - - [23/Jun/2020:03:51:36 -0700] "GET /service/web/imageproxy/aHR0cHM6Ly9wYnMudHdpbWcuY29tL3Byb2ZpbGVfaW1hZ2VzLzEyMTUwNTgxNTI1NzM2MTIwMzMvUVhrSkoyS2YuanBn/300/square HTTP/1.0" 200 13072 "-" "Mozilla/4.0 (compatible; MSIE 4.01; Windows NT; MS Search 6.0 Robot)" 
167.191.240.1 - - [23/Jun/2020:03:51:36 -0700] "GET /2020/i-am-amazed-and-saddened-by-the HTTP/1.0" 200 127066 "-" "Mozilla/4.0 (compatible; MSIE 4.01; Windows NT; MS Search 6.0 Robot)" 
167.191.240.1 - - [23/Jun/2020:03:51:37 -0700] "GET /service/web/imageproxy/aHR0cHM6Ly9wYnMudHdpbWcuY29tL3Byb2ZpbGVfaW1hZ2VzLzEyNDA3MDk3ODkzNTQ4MDcyOTgvbGdnaDJ3OVouanBn/300/square HTTP/1.0" 200 21587 "-" "Mozilla/4.0 (compatible; MSIE 4.01; Windows NT; MS Search 6.0 Robot)" 
167.191.240.1 - - [23/Jun/2020:03:51:37 -0700] "GET /service/web/imageproxy/aHR0cHM6Ly9wYnMudHdpbWcuY29tL3Byb2ZpbGVfaW1hZ2VzLzg4MDE5MTkwNzU3MzI4NDg2NS80cVBueDY3Yy5qcGc,/300/square HTTP/1.0" 200 23852 "-" "Mozilla/4.0 (compatible; MSIE 4.01; Windows NT; MS Search 6.0 Robot)" 
167.191.240.1 - - [23/Jun/2020:03:51:37 -0700] "GET /service/web/imageproxy/aHR0cHM6Ly9wYnMudHdpbWcuY29tL3Byb2ZpbGVfaW1hZ2VzLzExNzUyNzczMjAxNDk2NDMyNjQvSmxVTFZmUC0uanBn/300/square HTTP/1.0" 200 24451 "-" "Mozilla/4.0 (compatible; MSIE 4.01; Windows NT; MS Search 6.0 Robot)" 
167.191.240.1 - - [23/Jun/2020:03:51:37 -0700] "GET /service/web/imageproxy/aHR0cHM6Ly9hYnMudHdpbWcuY29tL3N0aWNreS9kZWZhdWx0X3Byb2ZpbGVfaW1hZ2VzL2RlZmF1bHRfcHJvZmlsZS5wbmc,/300/square HTTP/1.0" 200 15544 "-" "Mozilla/4.0 (compatible; MSIE 4.01; Windows NT; MS Search 6.0 Robot)" 
167.191.240.1 - - [23/Jun/2020:03:51:37 -0700] "GET /service/web/imageproxy/aHR0cHM6Ly9wYnMudHdpbWcuY29tL3Byb2ZpbGVfaW1hZ2VzLzgxNzEwNDIxODY0MTE3NDUzMC96UThPcnBFbS5qcGc,/300/square HTTP/1.0" 200 22555 "-" "Mozilla/4.0 (compatible; MSIE 4.01; Windows NT; MS Search 6.0 Robot)" 
167.191.240.1 - - [23/Jun/2020:03:51:37 -0700] "GET /service/web/imageproxy/aHR0cHM6Ly9wYnMudHdpbWcuY29tL3Byb2ZpbGVfaW1hZ2VzLzEyMzgyMzE3MTgyNDQzOTcwNTYvSmZzdUItZnQuanBn/300/square HTTP/1.0" 200 24237 "-" "Mozilla/4.0 (compatible; MSIE 4.01; Windows NT; MS Search 6.0 Robot)" 
167.191.240.1 - - [23/Jun/2020:03:51:38 -0700] "GET /service/web/imageproxy/aHR0cHM6Ly9wYnMudHdpbWcuY29tL3Byb2ZpbGVfaW1hZ2VzLzEyNTA0MDY1NTcxMzg4MzM0MDkvZThGaU9uYmUuanBn/300/square HTTP/1.0" 200 22897 "-" "Mozilla/4.0 (compatible; MSIE 4.01; Windows NT; MS Search 6.0 Robot)" 
40.77.167.169 - - [23/Jun/2020:03:51:39 -0700] "GET /?offset=0 HTTP/1.1" 200 12312 "-" "Mozilla/5.0 (compatible; bingbot/2.0; +http://www.bing.com/bingbot.htm)" 
167.191.240.1 - - [23/Jun/2020:03:51:53 -0700] "GET /service/web/imageproxy/aHR0cHM6Ly9wYnMudHdpbWcuY29tL3Byb2ZpbGVfaW1hZ2VzLzMwNDM3MDM5NjkvMjY2Yzg4MGRlNmQwNDkyY2IwMDM2ODUxMzFjN2Q4M2IuanBlZw,,/300/square HTTP/1.0" 200 16745 "-" "Mozilla/4.0 (compatible; MSIE 4.01; Windows NT; MS Search 6.0 Robot)" 
167.191.240.1 - - [23/Jun/2020:03:51:53 -0700] "GET /service/web/imageproxy/aHR0cHM6Ly9wYnMudHdpbWcuY29tL3Byb2ZpbGVfaW1hZ2VzLzQ3NTAzMjUxODExNTQ4MzY0OS9MdDVoZXNNVS5qcGVn/300/square HTTP/1.0" 500 4340 "-" "Mozilla/4.0 (compatible; MSIE 4.01; Windows NT; MS Search 6.0 Robot)" 
167.191.240.1 - - [23/Jun/2020:03:51:54 -0700] "GET /service/web/imageproxy/aHR0cHM6Ly9wYnMudHdpbWcuY29tL3Byb2ZpbGVfaW1hZ2VzLzQwOTM4MDEwNi9tYWRtZW5faWNvbi5qcGc,/300/square HTTP/1.0" 200 11919 "-" "Mozilla/4.0 (compatible; MSIE 4.01; Windows NT; MS Search 6.0 Robot)" 
46.229.168.133 - - [23/Jun/2020:03:51:55 -0700] "GET /content/audio/?q=%23failedbread HTTP/1.1" 200 8311 "-" "Mozilla/5.0 (compatible; SemrushBot/6~bl; +http://www.semrush.com/bot.html)" 
167.191.240.1 - - [23/Jun/2020:03:51:56 -0700] "GET /service/web/imageproxy/aHR0cHM6Ly9wYnMudHdpbWcuY29tL3Byb2ZpbGVfaW1hZ2VzLzg1MjcwOTY3MzA1NjgzNzYzMi9EakJOeGkxeS5qcGc,/300/square HTTP/1.0" 200 24591 "-" "Mozilla/4.0 (compatible; MSIE 4.01; Windows NT; MS Search 6.0 Robot)" 
167.191.240.1 - - [23/Jun/2020:03:51:57 -0700] "GET /service/web/imageproxy/aHR0cHM6Ly9wYnMudHdpbWcuY29tL3Byb2ZpbGVfaW1hZ2VzLzgxOTkyMjUxMTE2OTIyNDcwNC82OUhabGJjUy5qcGc,/300/square HTTP/1.0" 200 15800 "-" "Mozilla/4.0 (compatible; MSIE 4.01; Windows NT; MS Search 6.0 Robot)" 
192.99.10.39 - - [23/Jun/2020:03:52:02 -0700] "GET /?q=%23Indieweb&offset=120&_t=rss HTTP/1.1" 200 7131 "-" "Mozilla/5.0 (compatible; MJ12bot/v1.4.8; http://mj12bot.com/)" 
167.191.240.1 - - [23/Jun/2020:03:52:11 -0700] "GET /service/web/imageproxy/aHR0cHM6Ly9wYnMudHdpbWcuY29tL3Byb2ZpbGVfaW1hZ2VzLzExOTQ0NDE3MjMyMDU4Mjg2MTAvcjRBdm5SRVEuanBn/300/square HTTP/1.0" 200 23940 "-" "Mozilla/4.0 (compatible; MSIE 4.01; Windows NT; MS Search 6.0 Robot)" 
167.191.240.1 - - [23/Jun/2020:03:52:13 -0700] "GET /service/web/imageproxy/aHR0cHM6Ly9wYnMudHdpbWcuY29tL3Byb2ZpbGVfaW1hZ2VzLzEyNTExNzQzMjc2OTg5MTUzMjkveU5yc3dJejEuanBn/300/square HTTP/1.0" 200 22555 "-" "Mozilla/4.0 (compatible; MSIE 4.01; Windows NT; MS Search 6.0 Robot)" 
192.99.10.39 - - [23/Jun/2020:03:52:21 -0700] "GET /?q=%23Indieweb&offset=122&_t=rss HTTP/1.1" 200 7306 "-" "Mozilla/5.0 (compatible; MJ12bot/v1.4.8; http://mj12bot.com/)" 
192.99.10.39 - - [23/Jun/2020:03:52:47 -0700] "GET /?q=%23Indieweb&offset=125&_t=rss HTTP/1.1" 200 7247 "-" "Mozilla/5.0 (compatible; MJ12bot/v1.4.8; http://mj12bot.com/)" 
167.191.240.1 - - [23/Jun/2020:03:52:57 -0700] "GET /service/web/imageproxy/aHR0cHM6Ly9wYnMudHdpbWcuY29tL3Byb2ZpbGVfaW1hZ2VzLzk3MTgxNjkxNDUzNTI4MDY0MC8wNW95b2hoYy5qcGc,/300/square HTTP/1.0" 200 25717 "-" "Mozilla/4.0 (compatible; MSIE 4.01; Windows NT; MS Search 6.0 Robot)" 
167.191.240.1 - - [23/Jun/2020:03:53:00 -0700] "GET /service/web/imageproxy/aHR0cHM6Ly9wYnMudHdpbWcuY29tL3Byb2ZpbGVfaW1hZ2VzLzExMTY5NDc4MDM4NjYxMTYwOTgvUVFrZ05MMkguanBn/300/square HTTP/1.0" 200 17991 "-" "Mozilla/4.0 (compatible; MSIE 4.01; Windows NT; MS Search 6.0 Robot)" 
167.191.240.1 - - [23/Jun/2020:03:53:00 -0700] "GET /service/web/imageproxy/aHR0cHM6Ly9wYnMudHdpbWcuY29tL3Byb2ZpbGVfaW1hZ2VzLzc5NDM5NDMzMDYzNDkxMTc0NC9xUTVtVmNEQi5qcGc,/300/square HTTP/1.0" 200 26105 "-" "Mozilla/4.0 (compatible; MSIE 4.01; Windows NT; MS Search 6.0 Robot)" 
167.191.240.1 - - [23/Jun/2020:03:53:01 -0700] "GET /service/web/imageproxy/aHR0cHM6Ly9wYnMudHdpbWcuY29tL3Byb2ZpbGVfaW1hZ2VzLzQzODM0MTg5MjM4NDY0NTEyMC9OenVVa2FaUS5wbmc,/300/square HTTP/1.0" 200 47002 "-" "Mozilla/4.0 (compatible; MSIE 4.01; Windows NT; MS Search 6.0 Robot)" 
167.191.240.1 - - [23/Jun/2020:03:53:01 -0700] "GET /service/web/imageproxy/aHR0cHM6Ly9wYnMudHdpbWcuY29tL3Byb2ZpbGVfaW1hZ2VzLzIzMDQ4MTIzOTQvcmx3NWU4djhvYTQwYXBncXA3bGQuanBlZw,,/300/square HTTP/1.0" 200 21685 "-" "Mozilla/4.0 (compatible; MSIE 4.01; Windows NT; MS Search 6.0 Robot)" 
167.191.240.1 - - [23/Jun/2020:03:53:01 -0700] "GET /service/web/imageproxy/aHR0cHM6Ly9wYnMudHdpbWcuY29tL3Byb2ZpbGVfaW1hZ2VzLzM0NjU4NDEwNDUvYjlhYTc4MjBlOWM3MzEwYmFmMjY2ODgzNjViZDkzYjguanBlZw,,/300/square HTTP/1.0" 200 16745 "-" "Mozilla/4.0 (compatible; MSIE 4.01; Windows NT; MS Search 6.0 Robot)" 
167.191.240.1 - - [23/Jun/2020:03:53:01 -0700] "GET /service/web/imageproxy/aHR0cHM6Ly9wYnMudHdpbWcuY29tL3Byb2ZpbGVfaW1hZ2VzLzg2OTUwNTM5Mjg3MDY0NTc2MC83MXp5U1E4Zy5qcGc,/300/square HTTP/1.0" 200 21151 "-" "Mozilla/4.0 (compatible; MSIE 4.01; Windows NT; MS Search 6.0 Robot)" 
167.191.240.1 - - [23/Jun/2020:03:53:01 -0700] "GET /service/web/imageproxy/aHR0cHM6Ly9wYnMudHdpbWcuY29tL3Byb2ZpbGVfaW1hZ2VzLzU3NDkxMDgzOS9QMTAxMDAwMS5KUEc,/300/square HTTP/1.0" 200 8212 "-" "Mozilla/4.0 (compatible; MSIE 4.01; Windows NT; MS Search 6.0 Robot)" 
167.191.240.1 - - [23/Jun/2020:03:53:01 -0700] "GET /service/web/imageproxy/aHR0cHM6Ly9wYnMudHdpbWcuY29tL3Byb2ZpbGVfaW1hZ2VzLzEyNTU1NTU4NjkwODcwNjQwNjQvU1NqTkp5WTUuanBn/300/square HTTP/1.0" 500 4340 "-" "Mozilla/4.0 (compatible; MSIE 4.01; Windows NT; MS Search 6.0 Robot)" 
167.191.240.1 - - [23/Jun/2020:03:53:01 -0700] "GET /service/web/imageproxy/aHR0cHM6Ly9wYnMudHdpbWcuY29tL3Byb2ZpbGVfaW1hZ2VzLzg5NzIyNDg2MDUzOTAzNTY0OC9rVXlTYjRFZi5qcGc,/300/square HTTP/1.0" 200 16721 "-" "Mozilla/4.0 (compatible; MSIE 4.01; Windows NT; MS Search 6.0 Robot)" 
167.191.240.1 - - [23/Jun/2020:03:53:01 -0700] "GET /service/web/imageproxy/aHR0cHM6Ly9wYnMudHdpbWcuY29tL3Byb2ZpbGVfaW1hZ2VzLzEyNTI2ODk4NDY1Mjg2OTYzMjIvc2NRSVhpWjYuanBn/300/square HTTP/1.0" 500 4340 "-" "Mozilla/4.0 (compatible; MSIE 4.01; Windows NT; MS Search 6.0 Robot)" 
167.191.240.1 - - [23/Jun/2020:03:53:01 -0700] "GET /service/web/imageproxy/aHR0cHM6Ly9wYnMudHdpbWcuY29tL3Byb2ZpbGVfaW1hZ2VzLzEyMzU2MTEwOTY4NzE4ODI3NTIvSGFOX0ZmbGIuanBn/300/square HTTP/1.0" 500 4340 "-" "Mozilla/4.0 (compatible; MSIE 4.01; Windows NT; MS Search 6.0 Robot)" 
46.229.168.132 - - [23/Jun/2020:03:53:07 -0700] "GET /tag/Indieweb?offset=123 HTTP/1.1" 200 11657 "-" "Mozilla/5.0 (compatible; SemrushBot/6~bl; +http://www.semrush.com/bot.html)" 
167.191.240.1 - - [23/Jun/2020:03:53:10 -0700] "GET /service/web/imageproxy/aHR0cHM6Ly9wYnMudHdpbWcuY29tL3Byb2ZpbGVfaW1hZ2VzLzIzOTI0ODg5MzQvaXJoNGFuN2M0ZmIwazdkcTZ3Z2UuanBlZw,,/300/square HTTP/1.0" 200 25651 "-" "Mozilla/4.0 (compatible; MSIE 4.01; Windows NT; MS Search 6.0 Robot)" 
167.191.240.1 - - [23/Jun/2020:03:53:17 -0700] "GET /service/web/imageproxy/aHR0cHM6Ly9wYnMudHdpbWcuY29tL3Byb2ZpbGVfaW1hZ2VzLzM3ODgwMDAwMDMyNzM3NzIyMi9jMmZkN2I1NzFmNDkxNTBlMjFhOTExMGYzY2Y4M2FjMS5wbmc,/300/square HTTP/1.0" 200 566353 "-" "Mozilla/4.0 (compatible; MSIE 4.01; Windows NT; MS Search 6.0 Robot)" 
167.191.240.1 - - [23/Jun/2020:03:53:18 -0700] "GET /service/web/imageproxy/aHR0cHM6Ly9wYnMudHdpbWcuY29tL3Byb2ZpbGVfaW1hZ2VzLzExMDI3NDA1NzQyNjY4OTYzODkvUVpVTEdyT3ouanBn/300/square HTTP/1.0" 200 24587 "-" "Mozilla/4.0 (compatible; MSIE 4.01; Windows NT; MS Search 6.0 Robot)" 
167.191.240.1 - - [23/Jun/2020:03:53:19 -0700] "GET /service/web/imageproxy/aHR0cHM6Ly9wYnMudHdpbWcuY29tL3Byb2ZpbGVfaW1hZ2VzLzEyNDEwMDI3MzAzNjc0NzE2MTkvdkhKNktvbmwuanBn/300/square HTTP/1.0" 200 28145 "-" "Mozilla/4.0 (compatible; MSIE 4.01; Windows NT; MS Search 6.0 Robot)" 
167.191.240.1 - - [23/Jun/2020:03:53:21 -0700] "GET /service/web/imageproxy/aHR0cHM6Ly9wYnMudHdpbWcuY29tL3Byb2ZpbGVfaW1hZ2VzLzEzNTU4OTEwNDAvdW5pb25fdGh1Zy1hcm1fdGhlX2hvbWVsZXNzLmpwZw,,/300/square HTTP/1.0" 200 31582 "-" "Mozilla/4.0 (compatible; MSIE 4.01; Windows NT; MS Search 6.0 Robot)" 
167.191.240.1 - - [23/Jun/2020:03:53:21 -0700] "GET /service/web/imageproxy/aHR0cHM6Ly9wYnMudHdpbWcuY29tL3Byb2ZpbGVfaW1hZ2VzLzEyMzIwNTMyNTc0NTI4MjY2MjkvZDRzb0t3UHYuanBn/300/square HTTP/1.0" 500 4340 "-" "Mozilla/4.0 (compatible; MSIE 4.01; Windows NT; MS Search 6.0 Robot)" 
192.99.10.39 - - [23/Jun/2020:03:53:22 -0700] "GET /?q=%23Indieweb&offset=129&_t=rss HTTP/1.1" 200 8283 "-" "Mozilla/5.0 (compatible; MJ12bot/v1.4.8; http://mj12bot.com/)" 
167.191.240.1 - - [23/Jun/2020:03:53:31 -0700] "GET /service/web/imageproxy/aHR0cHM6Ly9wYnMudHdpbWcuY29tL3Byb2ZpbGVfaW1hZ2VzLzY3NDc5OTUyMDg0OTM1NDc1Mi9FTWk2T3ltQS5wbmc,/300/square HTTP/1.0" 200 139745 "-" "Mozilla/4.0 (compatible; MSIE 4.01; Windows NT; MS Search 6.0 Robot)" 
167.191.240.1 - - [23/Jun/2020:03:53:32 -0700] "GET /service/web/imageproxy/aHR0cHM6Ly9wYnMudHdpbWcuY29tL3Byb2ZpbGVfaW1hZ2VzLzEyNTExNDIwMzA5NTQwNzQxMTIvUFhjaHpHakUucG5n/300/square HTTP/1.0" 200 163785 "-" "Mozilla/4.0 (compatible; MSIE 4.01; Windows NT; MS Search 6.0 Robot)" 
46.229.168.139 - - [23/Jun/2020:03:53:45 -0700] "GET /2019/quite-by-coincidence-im-sure-i-just HTTP/1.1" 200 10384 "-" "Mozilla/5.0 (compatible; SemrushBot/6~bl; +http://www.semrush.com/bot.html)" 
46.229.168.163 - - [23/Jun/2020:03:53:46 -0700] "GET /content/photos/?offset=28&q=%23bread HTTP/1.1" 200 12215 "-" "Mozilla/5.0 (compatible; SemrushBot/6~bl; +http://www.semrush.com/bot.html)" 
192.99.10.39 - - [23/Jun/2020:03:53:50 -0700] "GET /?q=%23Indieweb&offset=130&_t=rss HTTP/1.1" 200 8358 "-" "Mozilla/5.0 (compatible; MJ12bot/v1.4.8; http://mj12bot.com/)" 
54.36.148.52 - - [23/Jun/2020:03:54:13 -0700] "GET /content/photos/?offset=200 HTTP/1.1" 200 11077 "-" "Mozilla/5.0 (compatible; AhrefsBot/6.1; +http://ahrefs.com/robot/)" 
167.191.240.1 - - [23/Jun/2020:03:54:13 -0700] "GET /service/web/imageproxy/aHR0cHM6Ly9wYnMudHdpbWcuY29tL3Byb2ZpbGVfaW1hZ2VzLzY0Mjg2MTg5MjQ5MTI4MDM4NC8yNkxHZTBzQy5wbmc,/300/square HTTP/1.0" 200 97345 "-" "Mozilla/4.0 (compatible; MSIE 4.01; Windows NT; MS Search 6.0 Robot)" 
167.191.240.1 - - [23/Jun/2020:03:54:14 -0700] "GET /service/web/imageproxy/aHR0cHM6Ly9wYnMudHdpbWcuY29tL3Byb2ZpbGVfaW1hZ2VzLzc3NDcwMDEwNDc3OTMwMDg2NC9HVGhidW9IXy5qcGc,/300/square HTTP/1.0" 200 39318 "-" "Mozilla/4.0 (compatible; MSIE 4.01; Windows NT; MS Search 6.0 Robot)" 
167.191.240.1 - - [23/Jun/2020:03:54:15 -0700] "GET /service/web/imageproxy/aHR0cHM6Ly9wYnMudHdpbWcuY29tL3Byb2ZpbGVfaW1hZ2VzLzI2NDkxNTA3MzIvNzIzNjAzNjg1MzhkOThmODllNTY4MTZhZmY1YzIyYjcucG5n/300/square HTTP/1.0" 200 73692 "-" "Mozilla/4.0 (compatible; MSIE 4.01; Windows NT; MS Search 6.0 Robot)" 
167.191.240.1 - - [23/Jun/2020:03:54:15 -0700] "GET /service/web/imageproxy/aHR0cHM6Ly9wYnMudHdpbWcuY29tL3Byb2ZpbGVfaW1hZ2VzLzEyMTU3NjA3NjA2NDg5Nzg0MzIvVHRIUnFDMHIuanBn/300/square HTTP/1.0" 200 20255 "-" "Mozilla/4.0 (compatible; MSIE 4.01; Windows NT; MS Search 6.0 Robot)" 
167.191.240.1 - - [23/Jun/2020:03:54:15 -0700] "GET /service/web/imageproxy/aHR0cHM6Ly9wYnMudHdpbWcuY29tL3Byb2ZpbGVfaW1hZ2VzLzExNDM5MjUyNzM3NjAzNzA2ODgvT2V1T2Zrbk0uanBn/300/square HTTP/1.0" 200 21895 "-" "Mozilla/4.0 (compatible; MSIE 4.01; Windows NT; MS Search 6.0 Robot)" 
167.191.240.1 - - [23/Jun/2020:03:54:16 -0700] "GET /service/web/imageproxy/aHR0cHM6Ly9wYnMudHdpbWcuY29tL3Byb2ZpbGVfaW1hZ2VzLzk0OTEyMjI4MTM1OTM5Mjc2OC9pUXZKY2M0My5qcGc,/300/square HTTP/1.0" 200 24287 "-" "Mozilla/4.0 (compatible; MSIE 4.01; Windows NT; MS Search 6.0 Robot)" 
167.191.240.1 - - [23/Jun/2020:03:54:15 -0700] "GET /service/web/imageproxy/aHR0cHM6Ly9wYnMudHdpbWcuY29tL3Byb2ZpbGVfaW1hZ2VzLzExMjg0OTMyNzM2NzEwOTQyNzIvZXZLUEJub0EucG5n/300/square HTTP/1.0" 200 184497 "-" "Mozilla/4.0 (compatible; MSIE 4.01; Windows NT; MS Search 6.0 Robot)" 
167.191.240.1 - - [23/Jun/2020:03:54:16 -0700] "GET /service/web/imageproxy/aHR0cHM6Ly9wYnMudHdpbWcuY29tL3Byb2ZpbGVfaW1hZ2VzLzEyMjgyODQ4NDE5MjMyMTEyNjQvN3NwNldSRXIuanBn/300/square HTTP/1.0" 200 29417 "-" "Mozilla/4.0 (compatible; MSIE 4.01; Windows NT; MS Search 6.0 Robot)" 
167.191.240.1 - - [23/Jun/2020:03:54:16 -0700] "GET /service/web/imageproxy/aHR0cHM6Ly9wYnMudHdpbWcuY29tL3Byb2ZpbGVfaW1hZ2VzLzEyNDEzODg1Njk3MTQ3NTc2MzQvdy1UZmJKTUouanBn/300/square HTTP/1.0" 200 22466 "-" "Mozilla/4.0 (compatible; MSIE 4.01; Windows NT; MS Search 6.0 Robot)" 
167.191.240.1 - - [23/Jun/2020:03:54:18 -0700] "GET /service/web/imageproxy/aHR0cHM6Ly9wYnMudHdpbWcuY29tL3Byb2ZpbGVfaW1hZ2VzLzY1NTYyNzA1MzA3NzY4ODMyMS9jRzIxa1BDaS5wbmc,/300/square HTTP/1.0" 200 163854 "-" "Mozilla/4.0 (compatible; MSIE 4.01; Windows NT; MS Search 6.0 Robot)" 
167.191.240.1 - - [23/Jun/2020:03:54:18 -0700] "GET /service/web/imageproxy/aHR0cHM6Ly9wYnMudHdpbWcuY29tL3Byb2ZpbGVfaW1hZ2VzLzExODI1MTgwMzg3NzM1NTUyMDAvOXkzT1R4WTQuanBn/300/square HTTP/1.0" 200 11112 "-" "Mozilla/4.0 (compatible; MSIE 4.01; Windows NT; MS Search 6.0 Robot)" 
167.191.240.1 - - [23/Jun/2020:03:54:19 -0700] "GET /service/web/imageproxy/aHR0cHM6Ly9wYnMudHdpbWcuY29tL3Byb2ZpbGVfaW1hZ2VzLzU1MDAxNTE0Mjc3NjE1NjE2MS9scC14ZkFibS5wbmc,/300/square HTTP/1.0" 200 29322 "-" "Mozilla/4.0 (compatible; MSIE 4.01; Windows NT; MS Search 6.0 Robot)" 
167.191.240.1 - - [23/Jun/2020:03:54:20 -0700] "GET /service/web/imageproxy/aHR0cHM6Ly9wYnMudHdpbWcuY29tL3Byb2ZpbGVfaW1hZ2VzLzEyMDI3NTgwNjE3NzkyNzk4NzIvTFlZbmloRUwuanBn/300/square HTTP/1.0" 200 26907 "-" "Mozilla/4.0 (compatible; MSIE 4.01; Windows NT; MS Search 6.0 Robot)" 
192.99.10.39 - - [23/Jun/2020:03:54:21 -0700] "GET /?q=%23Indieweb&offset=69 HTTP/1.1" 200 11749 "-" "Mozilla/5.0 (compatible; MJ12bot/v1.4.8; http://mj12bot.com/)" 
167.191.240.1 - - [23/Jun/2020:03:54:22 -0700] "GET /service/web/imageproxy/aHR0cHM6Ly9wYnMudHdpbWcuY29tL3Byb2ZpbGVfaW1hZ2VzLzYwNzI1Nzg1NjI0NTY4MjE3Ni9pWGp5SWY4cy5qcGc,/300/square HTTP/1.0" 200 29323 "-" "Mozilla/4.0 (compatible; MSIE 4.01; Windows NT; MS Search 6.0 Robot)" 
167.191.240.1 - - [23/Jun/2020:03:54:24 -0700] "GET /service/web/imageproxy/aHR0cHM6Ly9wYnMudHdpbWcuY29tL3Byb2ZpbGVfaW1hZ2VzLzg3NDYyNjQxOTM1NTI0NjU5Mi81QmtmdFR0My5qcGc,/300/square HTTP/1.0" 200 20273 "-" "Mozilla/4.0 (compatible; MSIE 4.01; Windows NT; MS Search 6.0 Robot)" 
167.191.240.1 - - [23/Jun/2020:03:54:26 -0700] "GET /service/web/imageproxy/aHR0cHM6Ly9wYnMudHdpbWcuY29tL3Byb2ZpbGVfaW1hZ2VzLzM3ODgwMDAwMDM1Mjg5MjgxNy9mYTMxOGRiMDZiODk0MjU4MzcwNGEwMTM3MDVkMjljZC5qcGVn/300/square HTTP/1.0" 200 20224 "-" "Mozilla/4.0 (compatible; MSIE 4.01; Windows NT; MS Search 6.0 Robot)" 
167.191.240.1 - - [23/Jun/2020:03:54:27 -0700] "GET /service/web/imageproxy/aHR0cHM6Ly9wYnMudHdpbWcuY29tL3Byb2ZpbGVfaW1hZ2VzLzEwODcwODU0NjUyOTgxODIxNDkvX2xYZGtNbkYuanBn/300/square HTTP/1.0" 200 32733 "-" "Mozilla/4.0 (compatible; MSIE 4.01; Windows NT; MS Search 6.0 Robot)" 
167.191.240.1 - - [23/Jun/2020:03:54:32 -0700] "GET /service/web/imageproxy/aHR0cHM6Ly9wYnMudHdpbWcuY29tL3Byb2ZpbGVfaW1hZ2VzLzUzMDM1NDMyNDczNjQ1MDU2NC9STUd2Y1NIdC5qcGVn/300/square HTTP/1.0" 200 34544 "-" "Mozilla/4.0 (compatible; MSIE 4.01; Windows NT; MS Search 6.0 Robot)" 
46.229.168.163 - - [23/Jun/2020:03:54:32 -0700] "GET /2019/checked-into-5 HTTP/1.1" 200 9600 "-" "Mozilla/5.0 (compatible; SemrushBot/6~bl; +http://www.semrush.com/bot.html)" 
167.191.240.1 - - [23/Jun/2020:03:54:37 -0700] "GET /service/web/imageproxy/aHR0cHM6Ly9wYnMudHdpbWcuY29tL3Byb2ZpbGVfaW1hZ2VzLzEyNDIxNjM3ODg1MjQyNzc3NjAvNlU5TnJXUWEuanBn/300/square HTTP/1.0" 200 25997 "-" "Mozilla/4.0 (compatible; MSIE 4.01; Windows NT; MS Search 6.0 Robot)" 
167.191.240.1 - - [23/Jun/2020:03:54:38 -0700] "GET /service/web/imageproxy/aHR0cHM6Ly9wYnMudHdpbWcuY29tL3Byb2ZpbGVfaW1hZ2VzLzExMzI2OTU4MjQyOTM2NjI3MjIvdks5cTZVNmoucG5n/300/square HTTP/1.0" 200 121519 "-" "Mozilla/4.0 (compatible; MSIE 4.01; Windows NT; MS Search 6.0 Robot)" 
192.99.10.39 - - [23/Jun/2020:03:54:52 -0700] "GET /?q=%23Indieweb&offset=79 HTTP/1.1" 200 13579 "-" "Mozilla/5.0 (compatible; MJ12bot/v1.4.8; http://mj12bot.com/)" 
66.249.66.48 - - [23/Jun/2020:03:55:12 -0700] "GET /robots.txt HTTP/1.1" 200 4881 "-" "Mozilla/5.0 (compatible; Googlebot/2.1; +http://www.google.com/bot.html)" 
66.249.66.52 - - [23/Jun/2020:03:55:12 -0700] "GET /content/all/?offset=1237&_t=amp HTTP/1.1" 200 12152 "-" "Mozilla/5.0 (Linux; Android 6.0.1; Nexus 5X Build/MMB29P) AppleWebKit/537.36 (KHTML, like Gecko) Chrome/80.0.3987.92 Mobile Safari/537.36 (compatible; Googlebot/2.1; +http://www.google.com/bot.html)" 
46.229.168.149 - - [23/Jun/2020:03:55:16 -0700] "GET /content/bookmarkedpages/?q=%23%2B%23Rome HTTP/1.1" 200 8329 "-" "Mozilla/5.0 (compatible; SemrushBot/6~bl; +http://www.semrush.com/bot.html)" 
66.249.66.48 - - [23/Jun/2020:03:55:17 -0700] "GET /service/web/unfurl/?url=http%3A%2F%2Fwww.niemanlab.org%2F2018%2F06%2Fdid-you-even-read-the-piece-this-startup-wants-to-make-that-question-obsolete-for-commenters%2F&__bTk=c32e3a12260005c859fa96ad83f1190751eec7023b66a79511b20c2c025542ee&__bTs=1591488000 HTTP/1.1" 403 5049 "https://www.stream.jeremycherfas.net/content/all/?offset=1237&_t=amp" "Mozilla/5.0 (Linux; Android 6.0.1; Nexus 5X Build/MMB29P) AppleWebKit/537.36 (KHTML, like Gecko) Chrome/83.0.4103.108 Mobile Safari/537.36 (compatible; Googlebot/2.1; +http://www.google.com/bot.html)" 
46.229.168.161 - - [23/Jun/2020:03:55:17 -0700] "GET /content/all/?offset=37&q=%23%2B%23bread HTTP/1.1" 200 12069 "-" "Mozilla/5.0 (compatible; SemrushBot/6~bl; +http://www.semrush.com/bot.html)" 
66.249.66.48 - - [23/Jun/2020:03:55:18 -0700] "GET /service/web/unfurl/?url=http%3A%2F%2Fwww.niemanlab.org%2F2018%2F06%2Fdid-you-even-read-the-piece-this-startup-wants-to-make-that-question-obsolete-for-commenters%2F&__bTk=c32e3a12260005c859fa96ad83f1190751eec7023b66a79511b20c2c025542ee&__bTs=1592405944 HTTP/1.1" 403 1377 "https://www.stream.jeremycherfas.net/content/all/?offset=1237&_t=amp" "Mozilla/5.0 (Linux; Android 6.0.1; Nexus 5X Build/MMB29P) AppleWebKit/537.36 (KHTML, like Gecko) Chrome/83.0.4103.108 Mobile Safari/537.36 (compatible; Googlebot/2.1; +http://www.google.com/bot.html)" 
167.191.240.1 - - [23/Jun/2020:03:55:19 -0700] "GET /service/web/imageproxy/aHR0cHM6Ly9wYnMudHdpbWcuY29tL3Byb2ZpbGVfaW1hZ2VzLzExNzMzNTQ3ODg5NDUxODY4MTYvcGx6eGtWbFYucG5n/300/square HTTP/1.0" 200 8223 "-" "Mozilla/4.0 (compatible; MSIE 4.01; Windows NT; MS Search 6.0 Robot)" 
167.191.240.1 - - [23/Jun/2020:03:55:19 -0700] "GET /service/web/imageproxy/aHR0cHM6Ly9wYnMudHdpbWcuY29tL3Byb2ZpbGVfaW1hZ2VzLzEwMzQyNTUzODU0NzU5ODk1MDQvV28wWDBMRUwuanBn/300/square HTTP/1.0" 200 22555 "-" "Mozilla/4.0 (compatible; MSIE 4.01; Windows NT; MS Search 6.0 Robot)" 
167.191.240.1 - - [23/Jun/2020:03:55:19 -0700] "GET /service/web/imageproxy/aHR0cHM6Ly9wYnMudHdpbWcuY29tL3Byb2ZpbGVfaW1hZ2VzLzExOTEzNjE1MDQyNjE2NjA2NzQvX2cwVUdFQnguanBn/300/square HTTP/1.0" 200 16721 "-" "Mozilla/4.0 (compatible; MSIE 4.01; Windows NT; MS Search 6.0 Robot)" 
167.191.240.1 - - [23/Jun/2020:03:55:19 -0700] "GET /service/web/imageproxy/aHR0cHM6Ly9wYnMudHdpbWcuY29tL3Byb2ZpbGVfaW1hZ2VzLzEwMTMzNjY4NzQ0NjAwMzMwMjQvb1Z6M3FiNVcuanBn/300/square HTTP/1.0" 200 42233 "-" "Mozilla/4.0 (compatible; MSIE 4.01; Windows NT; MS Search 6.0 Robot)" 
167.191.240.1 - - [23/Jun/2020:03:55:20 -0700] "GET /service/web/imageproxy/aHR0cHM6Ly9wYnMudHdpbWcuY29tL3Byb2ZpbGVfaW1hZ2VzLzc1NzI1MzY3L1Bob3RvXzIuanBn/300/square HTTP/1.0" 200 21320 "-" "Mozilla/4.0 (compatible; MSIE 4.01; Windows NT; MS Search 6.0 Robot)" 
167.191.240.1 - - [23/Jun/2020:03:55:20 -0700] "GET /service/web/imageproxy/aHR0cHM6Ly9wYnMudHdpbWcuY29tL3Byb2ZpbGVfaW1hZ2VzLzU0OTkzOTI1L2Jha2luZy5qcGVn/300/square HTTP/1.0" 200 19875 "-" "Mozilla/4.0 (compatible; MSIE 4.01; Windows NT; MS Search 6.0 Robot)" 
167.191.240.1 - - [23/Jun/2020:03:55:21 -0700] "GET /service/web/imageproxy/aHR0cHM6Ly9wYnMudHdpbWcuY29tL3Byb2ZpbGVfaW1hZ2VzLzExMTk5OTc4NDU5ODQwMTAyNDAvaE1IelRhaXkucG5n/300/square HTTP/1.0" 200 223691 "-" "Mozilla/4.0 (compatible; MSIE 4.01; Windows NT; MS Search 6.0 Robot)" 
167.191.240.1 - - [23/Jun/2020:03:55:22 -0700] "GET /service/web/imageproxy/aHR0cHM6Ly9wYnMudHdpbWcuY29tL3Byb2ZpbGVfaW1hZ2VzLzEyMDA0MzU1NTkwMDY3MTE4MTAvejVXb1Vlb0gucG5n/300/square HTTP/1.0" 200 138492 "-" "Mozilla/4.0 (compatible; MSIE 4.01; Windows NT; MS Search 6.0 Robot)" 
167.191.240.1 - - [23/Jun/2020:03:55:22 -0700] "GET /service/web/imageproxy/aHR0cHM6Ly9wYnMudHdpbWcuY29tL3Byb2ZpbGVfaW1hZ2VzLzM3ODgwMDAwMDQzNzIzODkwMy8xM2U2MmVlZmZjY2IwNzhlOGExODY4ZjAyOTIxYThjOS5qcGVn/300/square HTTP/1.0" 200 29355 "-" "Mozilla/4.0 (compatible; MSIE 4.01; Windows NT; MS Search 6.0 Robot)" 
167.191.240.1 - - [23/Jun/2020:03:55:23 -0700] "GET /service/web/imageproxy/aHR0cHM6Ly9wYnMudHdpbWcuY29tL3Byb2ZpbGVfaW1hZ2VzLzU2NjMzOTQ0NDc3NzU1ODAxNi9xZVIyRldfeC5qcGVn/300/square HTTP/1.0" 200 40732 "-" "Mozilla/4.0 (compatible; MSIE 4.01; Windows NT; MS Search 6.0 Robot)" 
167.191.240.1 - - [23/Jun/2020:03:55:22 -0700] "GET /service/web/imageproxy/aHR0cHM6Ly9wYnMudHdpbWcuY29tL3Byb2ZpbGVfaW1hZ2VzLzQzNTI3MDcyNDM1MDQwMjU2MC9waElxMEl6dS5qcGVn/300/square HTTP/1.0" 200 22555 "-" "Mozilla/4.0 (compatible; MSIE 4.01; Windows NT; MS Search 6.0 Robot)" 
167.191.240.1 - - [23/Jun/2020:03:55:25 -0700] "GET /tag/ HTTP/1.0" 404 17409 "-" "Mozilla/4.0 (compatible; MSIE 4.01; Windows NT; MS Search 6.0 Robot)" 
167.191.240.1 - - [23/Jun/2020:03:55:25 -0700] "GET /2020/and-what-you-learned-yesterday-i-learn HTTP/1.0" 200 28304 "-" "Mozilla/4.0 (compatible; MSIE 4.01; Windows NT; MS Search 6.0 Robot)" 
167.191.240.1 - - [23/Jun/2020:03:55:20 -0700] "GET /service/web/imageproxy/aHR0cHM6Ly9wYnMudHdpbWcuY29tL3Byb2ZpbGVfaW1hZ2VzLzEyNDc3MzcwNTI4MDU5NzYwNjQvdEYtNTZLX1UuanBn/300/square HTTP/1.0" 500 4340 "-" "Mozilla/4.0 (compatible; MSIE 4.01; Windows NT; MS Search 6.0 Robot)" 
167.191.240.1 - - [23/Jun/2020:03:55:25 -0700] "GET /2020/it-is-extremely-regrettable-and-demoralising-that HTTP/1.0" 200 28248 "-" "Mozilla/4.0 (compatible; MSIE 4.01; Windows NT; MS Search 6.0 Robot)" 
167.191.240.1 - - [23/Jun/2020:03:55:25 -0700] "GET /service/web/imageproxy/aHR0cHM6Ly9hYXJvbnBhcmVja2kuY29tL2ltYWdlcy9wcm9maWxlLmpwZw,,/300/square HTTP/1.0" 200 19159 "-" "Mozilla/4.0 (compatible; MSIE 4.01; Windows NT; MS Search 6.0 Robot)" 
167.191.240.1 - - [23/Jun/2020:03:55:23 -0700] "GET /service/web/imageproxy/aHR0cHM6Ly9taWNyby5ibG9nL2FkZGVycy9hdmF0YXIuanBn/300/square HTTP/1.0" 200 53214 "-" "Mozilla/4.0 (compatible; MSIE 4.01; Windows NT; MS Search 6.0 Robot)" 
167.191.240.1 - - [23/Jun/2020:03:55:29 -0700] "GET /2020/an-ad-hoc-meeting-of-the-withknown-open-collective/annotations/7f6673198c9e84a41942ccd607c41237 HTTP/1.0" 200 28669 "-" "Mozilla/4.0 (compatible; MSIE 4.01; Windows NT; MS Search 6.0 Robot)" 
167.191.240.1 - - [23/Jun/2020:03:55:35 -0700] "GET /service/web/imageproxy/aHR0cHM6Ly9wYnMudHdpbWcuY29tL3Byb2ZpbGVfaW1hZ2VzLzU2NTIyNzcxMDEwNDg4MzIwMC9nNE1EY1RueC5qcGVn/300/square HTTP/1.0" 200 16657 "-" "Mozilla/4.0 (compatible; MSIE 4.01; Windows NT; MS Search 6.0 Robot)" 
192.99.10.39 - - [23/Jun/2020:03:55:41 -0700] "GET /?q=%23Indieweb&offset=80&_t=rss HTTP/1.1" 200 9661 "-" "Mozilla/5.0 (compatible; MJ12bot/v1.4.8; http://mj12bot.com/)" 
192.99.10.39 - - [23/Jun/2020:03:56:19 -0700] "GET /?q=%23Indieweb&offset=85 HTTP/1.1" 200 14057 "-" "Mozilla/5.0 (compatible; MJ12bot/v1.4.8; http://mj12bot.com/)" 
96.126.125.129 - - [23/Jun/2020:03:56:55 -0700] "GET /content/statusupdates/posts/photos/checkins/bookmarkedpages?_t=rss HTTP/1.1" 200 7427 "-" "Micro.blog/1.0" 
192.99.10.39 - - [23/Jun/2020:03:57:12 -0700] "GET /?q=%23Indieweb&offset=89 HTTP/1.1" 200 15252 "-" "Mozilla/5.0 (compatible; MJ12bot/v1.4.8; http://mj12bot.com/)" 
40.77.167.169 - - [23/Jun/2020:03:57:25 -0700] "GET /2019/id-be-the-one-up-the-tree-too HTTP/1.1" 304 4068 "-" "Mozilla/5.0 (compatible; bingbot/2.0; +http://www.bing.com/bingbot.htm)" 
192.99.10.39 - - [23/Jun/2020:03:57:45 -0700] "GET /?q=%23Indieweb&offset=89&_t=rss HTTP/1.1" 200 11212 "-" "Mozilla/5.0 (compatible; MJ12bot/v1.4.8; http://mj12bot.com/)" 
54.166.211.78 - - [23/Jun/2020:03:57:57 -0700] "GET /profile/jeremy?_t=rss HTTP/1.1" 304 3485 "https://www.google.com/" "Mozilla/5.0 (Macintosh; Intel Mac OS X 10_13_6) AppleWebKit/537.36 (KHTML, like Gecko) Chrome/80.0.3987.122 Safari/537.36" 
192.99.10.39 - - [23/Jun/2020:03:58:15 -0700] "GET /?q=%23Indieweb&offset=90 HTTP/1.1" 200 15528 "-" "Mozilla/5.0 (compatible; MJ12bot/v1.4.8; http://mj12bot.com/)" 
46.229.168.138 - - [23/Jun/2020:03:58:33 -0700] "GET /?offset=36&q=%23%2B%23podcast HTTP/1.1" 200 14130 "-" "Mozilla/5.0 (compatible; SemrushBot/6~bl; +http://www.semrush.com/bot.html)" 
192.99.10.39 - - [23/Jun/2020:03:58:55 -0700] "GET /?q=%23Indieweb&offset=94 HTTP/1.1" 200 14697 "-" "Mozilla/5.0 (compatible; MJ12bot/v1.4.8; http://mj12bot.com/)" 
192.99.10.39 - - [23/Jun/2020:03:59:16 -0700] "GET /?q=%23Indieweb&offset=95 HTTP/1.1" 200 15075 "-" "Mozilla/5.0 (compatible; MJ12bot/v1.4.8; http://mj12bot.com/)" 
54.36.148.201 - - [23/Jun/2020:03:59:16 -0700] "GET /tag/indieweb?offset=122 HTTP/1.1" 200 11739 "-" "Mozilla/5.0 (compatible; AhrefsBot/6.1; +http://ahrefs.com/robot/)" 
46.229.168.143 - - [23/Jun/2020:03:59:43 -0700] "GET /content/all/?offset=0&q=%23quill HTTP/1.1" 200 13817 "-" "Mozilla/5.0 (compatible; SemrushBot/6~bl; +http://www.semrush.com/bot.html)" 
192.99.10.39 - - [23/Jun/2020:03:59:53 -0700] "GET /?q=%23Indieweb&offset=99 HTTP/1.1" 200 14603 "-" "Mozilla/5.0 (compatible; MJ12bot/v1.4.8; http://mj12bot.com/)" 
192.99.10.39 - - [23/Jun/2020:04:00:13 -0700] "GET /?q=%23Sourdough&offset=0&_t=rss HTTP/1.1" 200 7915 "-" "Mozilla/5.0 (compatible; MJ12bot/v1.4.8; http://mj12bot.com/)" 
35.153.194.94 - - [23/Jun/2020:04:00:37 -0700] "GET /?_t=rss HTTP/1.1" 200 7182 "-" "glitch-feeder/1.0 (+https://glitch.com/~lmo-feeder)" 
54.36.148.201 - - [23/Jun/2020:04:01:00 -0700] "GET /content/all/?q=%23bread&offset=7 HTTP/1.1" 200 12346 "-" "Mozilla/5.0 (compatible; AhrefsBot/6.1; +http://ahrefs.com/robot/)" 
192.99.10.39 - - [23/Jun/2020:04:01:31 -0700] "GET /?q=%23WithKnown%26quot&offset=23 HTTP/1.1" 200 12931 "-" "Mozilla/5.0 (compatible; MJ12bot/v1.4.8; http://mj12bot.com/)" 
192.99.10.39 - - [23/Jun/2020:04:02:07 -0700] "GET /?q=%23WithKnown%26quot&offset=33 HTTP/1.1" 200 12340 "-" "Mozilla/5.0 (compatible; MJ12bot/v1.4.8; http://mj12bot.com/)" 
54.221.173.84 - - [23/Jun/2020:04:02:20 -0700] "GET /content/statusupdates/?_t=rss HTTP/1.1" 304 3485 "https://www.google.com/" "Mozilla/5.0 (Windows NT 10.0; Win64; x64; rv:74.0) Gecko/20100101 Firefox/74.0" 
192.99.10.39 - - [23/Jun/2020:04:02:35 -0700] "GET /?q=%23WithKnown%26quot&offset=43 HTTP/1.1" 200 11850 "-" "Mozilla/5.0 (compatible; MJ12bot/v1.4.8; http://mj12bot.com/)" 
54.36.148.81 - - [23/Jun/2020:04:02:46 -0700] "GET /?q=%23+%23Rome HTTP/1.1" 200 13103 "-" "Mozilla/5.0 (compatible; AhrefsBot/6.1; +http://ahrefs.com/robot/)" 
159.65.67.69 - - [23/Jun/2020:04:02:49 -0700] "GET /?_t=rss HTTP/1.1" 304 3495 "-" "Feedbin feed-id:1536727 - 1 subscribers" 
192.99.10.39 - - [23/Jun/2020:04:02:57 -0700] "GET /?q=%23WithKnown&_t=rss HTTP/1.1" 200 9741 "-" "Mozilla/5.0 (compatible; MJ12bot/v1.4.8; http://mj12bot.com/)" 
46.229.168.144 - - [23/Jun/2020:04:03:39 -0700] "GET /content/all/?offset=98&q=%23%2B%23%23indieweb HTTP/1.1" 200 14861 "-" "Mozilla/5.0 (compatible; SemrushBot/6~bl; +http://www.semrush.com/bot.html)" 
17.58.102.79 - - [23/Jun/2020:04:03:46 -0700] "GET /2019/checked-into-chiosco-della-baia HTTP/1.1" 200 10041 "-" "Mozilla/5.0 (Macintosh; Intel Mac OS X 10_15_5) AppleWebKit/605.1.15 (KHTML, like Gecko) Version/13.1.1 Safari/605.1.15 (Applebot/0.1; +http://www.apple.com/go/applebot)" 
85.208.96.66 - - [23/Jun/2020:04:03:50 -0700] "GET /2020/and-what-you-learned-yesterday-i-learn HTTP/1.1" 200 9356 "-" "Mozilla/5.0 (compatible; SemrushBot/1.0~bm; +http://www.semrush.com/bot.html)" 
192.99.10.39 - - [23/Jun/2020:04:04:21 -0700] "GET /?q=%23antibiotics&_t=rss HTTP/1.1" 200 5722 "-" "Mozilla/5.0 (compatible; MJ12bot/v1.4.8; http://mj12bot.com/)" 
54.36.148.201 - - [23/Jun/2020:04:04:28 -0700] "GET /content/all/?q=%23+%23photo&offset=13 HTTP/1.1" 200 12039 "-" "Mozilla/5.0 (compatible; AhrefsBot/6.1; +http://ahrefs.com/robot/)" 
66.249.66.48 - - [23/Jun/2020:04:04:40 -0700] "GET /content/all?offset=1741&_t=rss HTTP/1.1" 200 8418 "-" "Mozilla/5.0 (Linux; Android 6.0.1; Nexus 5X Build/MMB29P) AppleWebKit/537.36 (KHTML, like Gecko) Chrome/80.0.3987.92 Mobile Safari/537.36 (compatible; Googlebot/2.1; +http://www.google.com/bot.html)" 
46.229.168.138 - - [23/Jun/2020:04:04:54 -0700] "GET /content/audio/?q=%23multigrain HTTP/1.1" 200 8278 "-" "Mozilla/5.0 (compatible; SemrushBot/6~bl; +http://www.semrush.com/bot.html)" 
64.111.100.215 - - [23/Jun/2020:04:05:05 -0700] "GET /content/all?_t=rss HTTP/1.1" 200 13896 "-" "Mozilla/5.0 (X11; U; Linux i686; fr; rv:1.9.1.1) Gecko/20090715 Firefox/3.5.1" 
64.111.100.215 - - [23/Jun/2020:04:05:07 -0700] "GET /content/all?_t=rss HTTP/1.1" 200 13896 "-" "Mozilla/5.0 (X11; U; Linux i686; fr; rv:1.9.1.1) Gecko/20090715 Firefox/3.5.1" 
46.229.168.144 - - [23/Jun/2020:04:05:08 -0700] "GET /2018/is-it-springtime-yet HTTP/1.1" 200 10727 "-" "Mozilla/5.0 (compatible; SemrushBot/6~bl; +http://www.semrush.com/bot.html)" 
192.99.10.39 - - [23/Jun/2020:04:05:29 -0700] "GET /?q=%23bread&offset=16&_t=rss HTTP/1.1" 200 7806 "-" "Mozilla/5.0 (compatible; MJ12bot/v1.4.8; http://mj12bot.com/)" 
46.229.168.140 - - [23/Jun/2020:04:05:51 -0700] "GET /tag/Sourdough?offset=32 HTTP/1.1" 200 11283 "-" "Mozilla/5.0 (compatible; SemrushBot/6~bl; +http://www.semrush.com/bot.html)" 
192.99.10.39 - - [23/Jun/2020:04:06:03 -0700] "GET /?q=%23bread&offset=23&_t=rss HTTP/1.1" 200 8529 "-" "Mozilla/5.0 (compatible; MJ12bot/v1.4.8; http://mj12bot.com/)" 
54.36.148.153 - - [23/Jun/2020:04:06:12 -0700] "GET /content/all/?q=%23+%23Rome HTTP/1.1" 200 13124 "-" "Mozilla/5.0 (compatible; AhrefsBot/6.1; +http://ahrefs.com/robot/)" 
192.99.10.39 - - [23/Jun/2020:04:06:38 -0700] "GET /?q=%23bread&offset=33 HTTP/1.1" 200 12238 "-" "Mozilla/5.0 (compatible; MJ12bot/v1.4.8; http://mj12bot.com/)" 
192.99.10.39 - - [23/Jun/2020:04:07:19 -0700] "GET /?q=%23bread&offset=40 HTTP/1.1" 200 12079 "-" "Mozilla/5.0 (compatible; MJ12bot/v1.4.8; http://mj12bot.com/)" 
66.249.92.47 - - [23/Jun/2020:04:07:52 -0700] "GET /2018/whats-the-problem HTTP/1.1" 200 11199 "-" "Mozilla/5.0 (compatible; GoogleDocs; apps-spreadsheets; +http://docs.google.com)" 
192.99.10.39 - - [23/Jun/2020:04:08:01 -0700] "GET /?q=%23bread&offset=40&_t=rss HTTP/1.1" 200 8187 "-" "Mozilla/5.0 (compatible; MJ12bot/v1.4.8; http://mj12bot.com/)" 
54.36.148.81 - - [23/Jun/2020:04:08:10 -0700] "GET /content/photos/?q=%23+%23bread&offset=27 HTTP/1.1" 200 12377 "-" "Mozilla/5.0 (compatible; AhrefsBot/6.1; +http://ahrefs.com/robot/)" 
192.99.10.39 - - [23/Jun/2020:04:08:22 -0700] "GET /?q=%23bread&offset=43&_t=rss HTTP/1.1" 200 8287 "-" "Mozilla/5.0 (compatible; MJ12bot/v1.4.8; http://mj12bot.com/)" 
46.229.168.153 - - [23/Jun/2020:04:08:28 -0700] "GET /content/all/?offset=26&q=%23bread HTTP/1.1" 200 12964 "-" "Mozilla/5.0 (compatible; SemrushBot/6~bl; +http://www.semrush.com/bot.html)" 
192.99.10.39 - - [23/Jun/2020:04:08:37 -0700] "GET /?q=%23bread&offset=50&_t=rss HTTP/1.1" 200 8537 "-" "Mozilla/5.0 (compatible; MJ12bot/v1.4.8; http://mj12bot.com/)" 
192.99.10.39 - - [23/Jun/2020:04:08:57 -0700] "GET /?q=%23bread&offset=55&_t=rss HTTP/1.1" 200 7902 "-" "Mozilla/5.0 (compatible; MJ12bot/v1.4.8; http://mj12bot.com/)" 
192.99.10.39 - - [23/Jun/2020:04:09:10 -0700] "GET /?q=%23bread&offset=65&_t=rss HTTP/1.1" 200 7989 "-" "Mozilla/5.0 (compatible; MJ12bot/v1.4.8; http://mj12bot.com/)" 
192.99.10.39 - - [23/Jun/2020:04:09:25 -0700] "GET /?q=%23bread&offset=66&_t=rss HTTP/1.1" 200 7943 "-" "Mozilla/5.0 (compatible; MJ12bot/v1.4.8; http://mj12bot.com/)" 
192.99.10.39 - - [23/Jun/2020:04:09:54 -0700] "GET /?q=%23bread&offset=68&_t=rss HTTP/1.1" 200 7894 "-" "Mozilla/5.0 (compatible; MJ12bot/v1.4.8; http://mj12bot.com/)" 
167.191.240.1 - - [23/Jun/2020:04:09:58 -0700] "GET /service/web/imageproxy/aHR0cHM6Ly9wYnMudHdpbWcuY29tL3Byb2ZpbGVfaW1hZ2VzLzEyMzU2MTEwOTY4NzE4ODI3NTIvSGFOX0ZmbGIuanBn/300/square HTTP/1.0" 500 4340 "-" "Mozilla/4.0 (compatible; MSIE 4.01; Windows NT; MS Search 6.0 Robot)" 
167.191.240.1 - - [23/Jun/2020:04:09:58 -0700] "GET /service/web/imageproxy/aHR0cHM6Ly9wYnMudHdpbWcuY29tL3Byb2ZpbGVfaW1hZ2VzLzEyMzIwNTMyNTc0NTI4MjY2MjkvZDRzb0t3UHYuanBn/300/square HTTP/1.0" 500 4340 "-" "Mozilla/4.0 (compatible; MSIE 4.01; Windows NT; MS Search 6.0 Robot)" 
167.191.240.1 - - [23/Jun/2020:04:09:59 -0700] "GET /service/web/imageproxy/aHR0cHM6Ly9wYnMudHdpbWcuY29tL3Byb2ZpbGVfaW1hZ2VzLzQ3NTAzMjUxODExNTQ4MzY0OS9MdDVoZXNNVS5qcGVn/300/square HTTP/1.0" 500 4340 "-" "Mozilla/4.0 (compatible; MSIE 4.01; Windows NT; MS Search 6.0 Robot)" 
167.191.240.1 - - [23/Jun/2020:04:09:59 -0700] "GET /service/web/imageproxy/aHR0cHM6Ly9wYnMudHdpbWcuY29tL3Byb2ZpbGVfaW1hZ2VzLzEyNDc3MzcwNTI4MDU5NzYwNjQvdEYtNTZLX1UuanBn/300/square HTTP/1.0" 500 4340 "-" "Mozilla/4.0 (compatible; MSIE 4.01; Windows NT; MS Search 6.0 Robot)" 
167.191.240.1 - - [23/Jun/2020:04:09:59 -0700] "GET /service/web/imageproxy/aHR0cHM6Ly9wYnMudHdpbWcuY29tL3Byb2ZpbGVfaW1hZ2VzLzEyNTU1NTU4NjkwODcwNjQwNjQvU1NqTkp5WTUuanBn/300/square HTTP/1.0" 500 4340 "-" "Mozilla/4.0 (compatible; MSIE 4.01; Windows NT; MS Search 6.0 Robot)" 
167.191.240.1 - - [23/Jun/2020:04:10:00 -0700] "GET /service/web/imageproxy/aHR0cHM6Ly9wYnMudHdpbWcuY29tL3Byb2ZpbGVfaW1hZ2VzLzEyNTI2ODk4NDY1Mjg2OTYzMjIvc2NRSVhpWjYuanBn/300/square HTTP/1.0" 500 4340 "-" "Mozilla/4.0 (compatible; MSIE 4.01; Windows NT; MS Search 6.0 Robot)" 
114.119.160.143 - - [23/Jun/2020:04:10:10 -0700] "GET /robots.txt HTTP/1.1" 200 4276 "-" "Mozilla/5.0 (Linux; Android 7.0;) AppleWebKit/537.36 (KHTML, like Gecko) Mobile Safari/537.36 (compatible; PetalBot;+https://aspiegel.com/petalbot)" 
192.99.10.39 - - [23/Jun/2020:04:10:14 -0700] "GET /?q=%23bread&offset=76&_t=rss HTTP/1.1" 200 7682 "-" "Mozilla/5.0 (compatible; MJ12bot/v1.4.8; http://mj12bot.com/)" 
46.229.168.151 - - [23/Jun/2020:04:10:19 -0700] "GET /?offset=14&q=%23withknown HTTP/1.1" 200 12065 "-" "Mozilla/5.0 (compatible; SemrushBot/6~bl; +http://www.semrush.com/bot.html)" 
46.229.168.151 - - [23/Jun/2020:04:10:46 -0700] "GET /2018/social-software-works-in-triangles-interdependent-thoughts HTTP/1.1" 200 9389 "-" "Mozilla/5.0 (compatible; SemrushBot/6~bl; +http://www.semrush.com/bot.html)" 
192.99.10.39 - - [23/Jun/2020:04:10:48 -0700] "GET /?q=%23bread&offset=83&_t=rss HTTP/1.1" 200 6826 "-" "Mozilla/5.0 (compatible; MJ12bot/v1.4.8; http://mj12bot.com/)" 
40.77.167.169 - - [23/Jun/2020:04:10:48 -0700] "GET /2018/i-love-it-when-friends-rent-swanky-apartments-and-invite HTTP/1.1" 200 12315 "-" "Mozilla/5.0 (compatible; bingbot/2.0; +http://www.bing.com/bingbot.htm)" 
40.77.167.169 - - [23/Jun/2020:04:10:48 -0700] "GET /2018/n%C3%BCrnberger-lebkuchen HTTP/1.1" 200 7101 "-" "Mozilla/5.0 (compatible; bingbot/2.0; +http://www.bing.com/bingbot.htm)" 
207.46.13.166 - - [23/Jun/2020:04:10:58 -0700] "GET /gfx/users/default-04.png HTTP/1.1" 200 10114 "-" "Mozilla/5.0 (compatible; bingbot/2.0; +http://www.bing.com/bingbot.htm)" 
207.46.13.166 - - [23/Jun/2020:04:10:59 -0700] "GET /service/web/imageproxy/aHR0cHM6Ly9taWNyby5ibG9nL2phbWVzZGFzaGVyL2F2YXRhci5qcGc,/300/square HTTP/1.1" 200 31296 "-" "Mozilla/5.0 (compatible; bingbot/2.0; +http://www.bing.com/bingbot.htm)" 
157.55.39.4 - - [23/Jun/2020:04:11:02 -0700] "GET /file/a6f05bd40fbb2795e8af1ecb7c0609a0/thumb.jpg HTTP/1.1" 200 117248 "-" "Mozilla/5.0 (compatible; bingbot/2.0; +http://www.bing.com/bingbot.htm)" 
157.55.39.4 - - [23/Jun/2020:04:11:02 -0700] "GET /service/web/imageproxy/aHR0cHM6Ly93d3cuZ3JhdmF0YXIuY29tL2F2YXRhci8wNjQ5Y2RkNTNkZGYxMTQ2MzA4ZjMxNmIzNDA2Zjk3Zj9zPTk2JmQ9aHR0cHMlM0ElMkYlMkZtaWNyby5ibG9nJTJGaW1hZ2VzJTJGYmxhbmtfYXZhdGFyLnBuZw,,/300/square HTTP/1.1" 200 5005 "-" "Mozilla/5.0 (compatible; bingbot/2.0; +http://www.bing.com/bingbot.htm)" 
46.229.168.134 - - [23/Jun/2020:04:11:13 -0700] "GET /robots.txt HTTP/1.1" 200 4276 "-" "Mozilla/5.0 (compatible; SemrushBot/6~bl; +http://www.semrush.com/bot.html)" 
46.229.168.144 - - [23/Jun/2020:04:11:14 -0700] "GET /2018/just-like-old-times/annotations/caa7a0c66befb5dfef70eb431e7fa424 HTTP/1.1" 200 8388 "-" "Mozilla/5.0 (compatible; SemrushBot/6~bl; +http://www.semrush.com/bot.html)" 
40.77.167.169 - - [23/Jun/2020:04:11:14 -0700] "GET /IdnoPlugins/Checkin/external/leaflet/leaflet.min.css HTTP/1.1" 200 6204 "-" "Mozilla/5.0 (compatible; bingbot/2.0; +http://www.bing.com/bingbot.htm)" 
40.77.167.169 - - [23/Jun/2020:04:11:14 -0700] "GET /gfx/users/default-03.png HTTP/1.1" 200 6648 "-" "Mozilla/5.0 (compatible; bingbot/2.0; +http://www.bing.com/bingbot.htm)" 
