46.4.60.249 - - [21/Jun/2020:05:24:06 -0700] "GET /2019/untitled-30 HTTP/1.1" 200 9352 "-" "Mozilla/5.0 (compatible; MJ12bot/v1.4.8; http://mj12bot.com/)" 
46.4.60.249 - - [21/Jun/2020:05:24:11 -0700] "GET /2019/usfoodpolicy-i-have-a-different-questionwho-could HTTP/1.1" 200 10251 "-" "Mozilla/5.0 (compatible; MJ12bot/v1.4.8; http://mj12bot.com/)" 
46.4.60.249 - - [21/Jun/2020:05:24:14 -0700] "GET /2019/usfoodpolicy-i-have-a-different-questionwho-could?_t=rss HTTP/1.1" 200 5159 "-" "Mozilla/5.0 (compatible; MJ12bot/v1.4.8; http://mj12bot.com/)" 
54.36.148.4 - - [21/Jun/2020:05:24:14 -0700] "GET /content/statusupdates/?q=%23+%23IndieWeb&offset=12 HTTP/1.1" 200 11096 "-" "Mozilla/5.0 (compatible; AhrefsBot/6.1; +http://ahrefs.com/robot/)" 
46.4.60.249 - - [21/Jun/2020:05:24:17 -0700] "GET /2019/very-hard-to-believe-that-tanner-campbell?_t=rss HTTP/1.1" 200 5367 "-" "Mozilla/5.0 (compatible; MJ12bot/v1.4.8; http://mj12bot.com/)" 
46.4.60.249 - - [21/Jun/2020:05:24:21 -0700] "GET /2019/waiting-to-hear-lawrence-lessing-talk-about?_t=rss HTTP/1.1" 200 5094 "-" "Mozilla/5.0 (compatible; MJ12bot/v1.4.8; http://mj12bot.com/)" 
46.229.168.139 - - [21/Jun/2020:05:24:22 -0700] "GET /tag/bread?offset=70 HTTP/1.1" 200 11791 "-" "Mozilla/5.0 (compatible; SemrushBot/6~bl; +http://www.semrush.com/bot.html)" 
46.4.60.249 - - [21/Jun/2020:05:24:26 -0700] "GET /2019/what-counts-the-enlightened-economist?_t=rss HTTP/1.1" 200 5297 "-" "Mozilla/5.0 (compatible; MJ12bot/v1.4.8; http://mj12bot.com/)" 
46.229.168.150 - - [21/Jun/2020:05:24:27 -0700] "GET /2019/blogging-in-2018-a-trend-on-the-wane/annotations/0fcfc9c5ede2c8d715e303c9f8a1737d HTTP/1.1" 200 8315 "-" "Mozilla/5.0 (compatible; SemrushBot/6~bl; +http://www.semrush.com/bot.html)" 
46.4.60.249 - - [21/Jun/2020:05:24:28 -0700] "GET /2019/whiteboarddesk-bull-aaron-parecki HTTP/1.1" 200 9305 "-" "Mozilla/5.0 (compatible; MJ12bot/v1.4.8; http://mj12bot.com/)" 
46.4.60.249 - - [21/Jun/2020:05:24:31 -0700] "GET /2019/whiteboarddesk-bull-aaron-parecki?_t=rss HTTP/1.1" 200 5120 "-" "Mozilla/5.0 (compatible; MJ12bot/v1.4.8; http://mj12bot.com/)" 
46.4.60.249 - - [21/Jun/2020:05:24:35 -0700] "GET /2019/why-you-should-start-a-blog-in-2019?_t=rss HTTP/1.1" 200 5251 "-" "Mozilla/5.0 (compatible; MJ12bot/v1.4.8; http://mj12bot.com/)" 
96.126.125.129 - - [21/Jun/2020:05:24:37 -0700] "GET /content/statusupdates/posts/photos/checkins/bookmarkedpages?_t=rss HTTP/1.1" 200 7427 "-" "Micro.blog/1.0" 
46.4.60.249 - - [21/Jun/2020:05:24:39 -0700] "GET /2019/wild-asparagus-risotto-for-supper-last-night-thanks-to-our?_t=rss HTTP/1.1" 200 5418 "-" "Mozilla/5.0 (compatible; MJ12bot/v1.4.8; http://mj12bot.com/)" 
46.4.60.249 - - [21/Jun/2020:05:24:42 -0700] "GET /2019/winter-profiteering-interdependent-thoughts HTTP/1.1" 200 9338 "-" "Mozilla/5.0 (compatible; MJ12bot/v1.4.8; http://mj12bot.com/)" 
46.4.60.249 - - [21/Jun/2020:05:24:45 -0700] "GET /2019/winter-profiteering-interdependent-thoughts?_t=rss HTTP/1.1" 200 5138 "-" "Mozilla/5.0 (compatible; MJ12bot/v1.4.8; http://mj12bot.com/)" 
54.36.148.229 - - [21/Jun/2020:05:24:47 -0700] "GET /content/statusupdates/?q=%23indieweb&offset=12 HTTP/1.1" 200 11075 "-" "Mozilla/5.0 (compatible; AhrefsBot/6.1; +http://ahrefs.com/robot/)" 
46.4.60.249 - - [21/Jun/2020:05:24:51 -0700] "GET /2020/2019-was-pretty-good-2020-will-be?_t=rss HTTP/1.1" 200 5052 "-" "Mozilla/5.0 (compatible; MJ12bot/v1.4.8; http://mj12bot.com/)" 
46.4.60.249 - - [21/Jun/2020:05:24:56 -0700] "GET /2020/adactio-journalwords-i-wrote-in-2019?_t=rss HTTP/1.1" 200 5354 "-" "Mozilla/5.0 (compatible; MJ12bot/v1.4.8; http://mj12bot.com/)" 
46.4.60.249 - - [21/Jun/2020:05:25:04 -0700] "GET /2020/checked-into-6?_t=rss HTTP/1.1" 200 5135 "-" "Mozilla/5.0 (compatible; MJ12bot/v1.4.8; http://mj12bot.com/)" 
46.4.60.249 - - [21/Jun/2020:05:25:11 -0700] "GET /2020/checked-into-azur?_t=rss HTTP/1.1" 200 5135 "-" "Mozilla/5.0 (compatible; MJ12bot/v1.4.8; http://mj12bot.com/)" 
46.4.60.249 - - [21/Jun/2020:05:25:18 -0700] "GET /2020/checked-into-banana-cafe?_t=rss HTTP/1.1" 200 5151 "-" "Mozilla/5.0 (compatible; MJ12bot/v1.4.8; http://mj12bot.com/)" 
54.36.148.53 - - [21/Jun/2020:05:25:18 -0700] "GET /content/photos/?offset=80 HTTP/1.1" 200 10998 "-" "Mozilla/5.0 (compatible; AhrefsBot/6.1; +http://ahrefs.com/robot/)" 
46.229.168.147 - - [21/Jun/2020:05:25:25 -0700] "GET /tag/indieweb?offset=20 HTTP/1.1" 200 11264 "-" "Mozilla/5.0 (compatible; SemrushBot/6~bl; +http://www.semrush.com/bot.html)" 
46.4.60.249 - - [21/Jun/2020:05:25:28 -0700] "GET /2020/checked-into-charlotte-clt?_t=rss HTTP/1.1" 200 5157 "-" "Mozilla/5.0 (compatible; MJ12bot/v1.4.8; http://mj12bot.com/)" 
46.4.60.249 - - [21/Jun/2020:05:25:30 -0700] "GET /2020/checked-into-e10-ctl?_t=rss HTTP/1.1" 200 5146 "-" "Mozilla/5.0 (compatible; MJ12bot/v1.4.8; http://mj12bot.com/)" 
46.4.60.249 - - [21/Jun/2020:05:25:35 -0700] "GET /2020/checked-into-salute-on-the-beach?_t=rss HTTP/1.1" 200 5175 "-" "Mozilla/5.0 (compatible; MJ12bot/v1.4.8; http://mj12bot.com/)" 
46.4.60.249 - - [21/Jun/2020:05:25:38 -0700] "GET /?offset=140&_t=rss HTTP/1.1" 200 7276 "-" "Mozilla/5.0 (compatible; MJ12bot/v1.4.8; http://mj12bot.com/)" 
46.4.60.249 - - [21/Jun/2020:05:25:41 -0700] "GET /?offset=180&_t=rss HTTP/1.1" 200 6435 "-" "Mozilla/5.0 (compatible; MJ12bot/v1.4.8; http://mj12bot.com/)" 
46.4.60.249 - - [21/Jun/2020:05:25:45 -0700] "GET /?offset=190&_t=rss HTTP/1.1" 200 6961 "-" "Mozilla/5.0 (compatible; MJ12bot/v1.4.8; http://mj12bot.com/)" 
46.4.60.249 - - [21/Jun/2020:05:25:48 -0700] "GET /?offset=200&_t=rss HTTP/1.1" 200 7217 "-" "Mozilla/5.0 (compatible; MJ12bot/v1.4.8; http://mj12bot.com/)" 
46.229.168.163 - - [21/Jun/2020:05:25:51 -0700] "GET /tag/sourdough?offset=33 HTTP/1.1" 200 11132 "-" "Mozilla/5.0 (compatible; SemrushBot/6~bl; +http://www.semrush.com/bot.html)" 
46.4.60.249 - - [21/Jun/2020:05:25:52 -0700] "GET /?offset=210&_t=rss HTTP/1.1" 200 7568 "-" "Mozilla/5.0 (compatible; MJ12bot/v1.4.8; http://mj12bot.com/)" 
46.229.168.163 - - [21/Jun/2020:05:25:52 -0700] "GET /?offset=134&q=%23IndieWeb HTTP/1.1" 200 12791 "-" "Mozilla/5.0 (compatible; SemrushBot/6~bl; +http://www.semrush.com/bot.html)" 
46.4.60.249 - - [21/Jun/2020:05:25:55 -0700] "GET /?offset=220&_t=rss HTTP/1.1" 200 7620 "-" "Mozilla/5.0 (compatible; MJ12bot/v1.4.8; http://mj12bot.com/)" 
54.36.148.201 - - [21/Jun/2020:05:25:56 -0700] "GET /?q=%23podcast&offset=30 HTTP/1.1" 200 13288 "-" "Mozilla/5.0 (compatible; AhrefsBot/6.1; +http://ahrefs.com/robot/)" 
46.4.60.249 - - [21/Jun/2020:05:25:58 -0700] "GET /?offset=230&_t=rss HTTP/1.1" 200 7303 "-" "Mozilla/5.0 (compatible; MJ12bot/v1.4.8; http://mj12bot.com/)" 
46.4.60.249 - - [21/Jun/2020:05:26:02 -0700] "GET /?offset=240&_t=rss HTTP/1.1" 200 7843 "-" "Mozilla/5.0 (compatible; MJ12bot/v1.4.8; http://mj12bot.com/)" 
46.4.60.249 - - [21/Jun/2020:05:26:06 -0700] "GET /?offset=250&_t=rss HTTP/1.1" 200 7645 "-" "Mozilla/5.0 (compatible; MJ12bot/v1.4.8; http://mj12bot.com/)" 
46.4.60.249 - - [21/Jun/2020:05:26:10 -0700] "GET /?q=%23%20%23%23indieweb&offset=0 HTTP/1.1" 200 14735 "-" "Mozilla/5.0 (compatible; MJ12bot/v1.4.8; http://mj12bot.com/)" 
46.4.60.249 - - [21/Jun/2020:05:26:13 -0700] "GET /?q=%23%20%23%23indieweb&offset=102&_t=rss HTTP/1.1" 200 9871 "-" "Mozilla/5.0 (compatible; MJ12bot/v1.4.8; http://mj12bot.com/)" 
46.4.60.249 - - [21/Jun/2020:05:26:16 -0700] "GET /?q=%23%20%23%23indieweb&offset=105&_t=rss HTTP/1.1" 200 8646 "-" "Mozilla/5.0 (compatible; MJ12bot/v1.4.8; http://mj12bot.com/)" 
46.4.60.249 - - [21/Jun/2020:05:26:21 -0700] "GET /?q=%23%20%23%23indieweb&offset=107&_t=rss HTTP/1.1" 200 7859 "-" "Mozilla/5.0 (compatible; MJ12bot/v1.4.8; http://mj12bot.com/)" 
46.4.60.249 - - [21/Jun/2020:05:26:24 -0700] "GET /?q=%23%20%23%23indieweb&offset=109&_t=rss HTTP/1.1" 200 7666 "-" "Mozilla/5.0 (compatible; MJ12bot/v1.4.8; http://mj12bot.com/)" 
54.36.148.166 - - [21/Jun/2020:05:26:27 -0700] "GET /content/all/?q=%23podcast&offset=30 HTTP/1.1" 200 13309 "-" "Mozilla/5.0 (compatible; AhrefsBot/6.1; +http://ahrefs.com/robot/)" 
46.4.60.249 - - [21/Jun/2020:05:26:28 -0700] "GET /?q=%23%20%23%23indieweb&offset=117&_t=rss HTTP/1.1" 200 7818 "-" "Mozilla/5.0 (compatible; MJ12bot/v1.4.8; http://mj12bot.com/)" 
46.4.60.249 - - [21/Jun/2020:05:26:32 -0700] "GET /?q=%23%20%23%23indieweb&offset=119&_t=rss HTTP/1.1" 200 7697 "-" "Mozilla/5.0 (compatible; MJ12bot/v1.4.8; http://mj12bot.com/)" 
46.4.60.249 - - [21/Jun/2020:05:26:36 -0700] "GET /?q=%23%20%23%23indieweb&offset=12&_t=rss HTTP/1.1" 200 7454 "-" "Mozilla/5.0 (compatible; MJ12bot/v1.4.8; http://mj12bot.com/)" 
46.4.60.249 - - [21/Jun/2020:05:26:39 -0700] "GET /?q=%23%20%23%23indieweb&offset=120&_t=rss HTTP/1.1" 200 7178 "-" "Mozilla/5.0 (compatible; MJ12bot/v1.4.8; http://mj12bot.com/)" 
46.4.60.249 - - [21/Jun/2020:05:26:42 -0700] "GET /?q=%23%20%23%23indieweb&offset=122&_t=rss HTTP/1.1" 200 7349 "-" "Mozilla/5.0 (compatible; MJ12bot/v1.4.8; http://mj12bot.com/)" 
46.4.60.249 - - [21/Jun/2020:05:26:45 -0700] "GET /?q=%23%20%23%23indieweb&offset=125&_t=rss HTTP/1.1" 200 7289 "-" "Mozilla/5.0 (compatible; MJ12bot/v1.4.8; http://mj12bot.com/)" 
46.4.60.249 - - [21/Jun/2020:05:26:50 -0700] "GET /?q=%23%20%23%23indieweb&offset=127&_t=rss HTTP/1.1" 200 8169 "-" "Mozilla/5.0 (compatible; MJ12bot/v1.4.8; http://mj12bot.com/)" 
46.4.60.249 - - [21/Jun/2020:05:26:53 -0700] "GET /?q=%23%20%23%23indieweb&offset=129&_t=rss HTTP/1.1" 200 8325 "-" "Mozilla/5.0 (compatible; MJ12bot/v1.4.8; http://mj12bot.com/)" 
46.4.60.249 - - [21/Jun/2020:05:26:55 -0700] "GET /?q=%23%20%23%23indieweb&offset=130&_t=rss HTTP/1.1" 200 8399 "-" "Mozilla/5.0 (compatible; MJ12bot/v1.4.8; http://mj12bot.com/)" 
46.4.60.249 - - [21/Jun/2020:05:26:58 -0700] "GET /?q=%23%20%23%23indieweb&offset=72&_t=rss HTTP/1.1" 200 8656 "-" "Mozilla/5.0 (compatible; MJ12bot/v1.4.8; http://mj12bot.com/)" 
46.4.60.249 - - [21/Jun/2020:05:27:01 -0700] "GET /?q=%23%20%23%23indieweb&offset=75&_t=rss HTTP/1.1" 200 9642 "-" "Mozilla/5.0 (compatible; MJ12bot/v1.4.8; http://mj12bot.com/)" 
54.36.148.236 - - [21/Jun/2020:05:27:02 -0700] "GET /content/statusupdates/?q=%23withknown&offset=20 HTTP/1.1" 200 8545 "-" "Mozilla/5.0 (compatible; AhrefsBot/6.1; +http://ahrefs.com/robot/)" 
46.4.60.249 - - [21/Jun/2020:05:27:04 -0700] "GET /?q=%23%20%23%23indieweb&offset=77&_t=rss HTTP/1.1" 200 9410 "-" "Mozilla/5.0 (compatible; MJ12bot/v1.4.8; http://mj12bot.com/)" 
46.4.60.249 - - [21/Jun/2020:05:27:07 -0700] "GET /?q=%23%20%23IndieWeb&offset=37&_t=rss HTTP/1.1" 200 7549 "-" "Mozilla/5.0 (compatible; MJ12bot/v1.4.8; http://mj12bot.com/)" 
46.4.60.249 - - [21/Jun/2020:05:27:09 -0700] "GET /?q=%23%20%23WithKnown&offset=5 HTTP/1.1" 200 10910 "-" "Mozilla/5.0 (compatible; MJ12bot/v1.4.8; http://mj12bot.com/)" 
46.4.60.249 - - [21/Jun/2020:05:27:12 -0700] "GET /?q=%23bread&offset=86&_t=rss HTTP/1.1" 200 5981 "-" "Mozilla/5.0 (compatible; MJ12bot/v1.4.8; http://mj12bot.com/)" 
46.4.60.249 - - [21/Jun/2020:05:27:15 -0700] "GET /?q=%23cooking&_t=rss HTTP/1.1" 200 6342 "-" "Mozilla/5.0 (compatible; MJ12bot/v1.4.8; http://mj12bot.com/)" 
46.4.60.249 - - [21/Jun/2020:05:27:18 -0700] "GET /?q=%23indieweb&offset=100&_t=rss HTTP/1.1" 200 9803 "-" "Mozilla/5.0 (compatible; MJ12bot/v1.4.8; http://mj12bot.com/)" 
46.4.60.249 - - [21/Jun/2020:05:27:22 -0700] "GET /?q=%23indieweb&offset=107&_t=rss HTTP/1.1" 200 7840 "-" "Mozilla/5.0 (compatible; MJ12bot/v1.4.8; http://mj12bot.com/)" 
46.229.168.143 - - [21/Jun/2020:05:27:24 -0700] "GET /content/posts/?offset=67 HTTP/1.1" 200 15375 "-" "Mozilla/5.0 (compatible; SemrushBot/6~bl; +http://www.semrush.com/bot.html)" 
46.4.60.249 - - [21/Jun/2020:05:27:25 -0700] "GET /?q=%23indieweb&offset=110&_t=rss HTTP/1.1" 200 8111 "-" "Mozilla/5.0 (compatible; MJ12bot/v1.4.8; http://mj12bot.com/)" 
148.251.49.107 - - [21/Jun/2020:05:27:25 -0700] "GET /robots.txt HTTP/1.1" 200 4288 "-" "Mozilla/5.0 (compatible; MJ12bot/v1.4.8; http://mj12bot.com/)" 
46.4.60.249 - - [21/Jun/2020:05:27:28 -0700] "GET /?q=%23indieweb&offset=117&_t=rss HTTP/1.1" 200 7798 "-" "Mozilla/5.0 (compatible; MJ12bot/v1.4.8; http://mj12bot.com/)" 
46.229.168.134 - - [21/Jun/2020:05:27:28 -0700] "GET /content/bookmarkedpages/?q=%23cooking HTTP/1.1" 200 8927 "-" "Mozilla/5.0 (compatible; SemrushBot/6~bl; +http://www.semrush.com/bot.html)" 
148.251.49.107 - - [21/Jun/2020:05:27:28 -0700] "GET /2017/crossed-the-wide-pecos?_t=rss HTTP/1.1" 200 2593 "-" "Mozilla/5.0 (compatible; MJ12bot/v1.4.8; http://mj12bot.com/)" 
46.4.60.249 - - [21/Jun/2020:05:27:31 -0700] "GET /?q=%23indieweb&offset=120&_t=rss HTTP/1.1" 200 7159 "-" "Mozilla/5.0 (compatible; MJ12bot/v1.4.8; http://mj12bot.com/)" 
46.4.60.249 - - [21/Jun/2020:05:27:34 -0700] "GET /?q=%23indieweb&offset=127&_t=rss HTTP/1.1" 200 8150 "-" "Mozilla/5.0 (compatible; MJ12bot/v1.4.8; http://mj12bot.com/)" 
148.251.49.107 - - [21/Jun/2020:05:27:36 -0700] "GET /2017/cuisine-and-empire-by-rachel-laudan-reviewed-by-jonathanpkatz-at?_t=rss HTTP/1.1" 200 5365 "-" "Mozilla/5.0 (compatible; MJ12bot/v1.4.8; http://mj12bot.com/)" 
46.4.60.249 - - [21/Jun/2020:05:27:37 -0700] "GET /?q=%23indieweb&offset=130&_t=rss HTTP/1.1" 200 8381 "-" "Mozilla/5.0 (compatible; MJ12bot/v1.4.8; http://mj12bot.com/)" 
148.251.49.107 - - [21/Jun/2020:05:27:39 -0700] "GET /2017/curbing-my-own-disappointment-with-congrats-to-fuchsiadunlop-and-evankleiman?_t=rss HTTP/1.1" 200 5117 "-" "Mozilla/5.0 (compatible; MJ12bot/v1.4.8; http://mj12bot.com/)" 
46.4.60.249 - - [21/Jun/2020:05:27:40 -0700] "GET /?q=%23indieweb&offset=17&_t=rss HTTP/1.1" 200 7471 "-" "Mozilla/5.0 (compatible; MJ12bot/v1.4.8; http://mj12bot.com/)" 
54.36.148.201 - - [21/Jun/2020:05:27:41 -0700] "GET /tag/IndieWeb?offset=80 HTTP/1.1" 200 13747 "-" "Mozilla/5.0 (compatible; AhrefsBot/6.1; +http://ahrefs.com/robot/)" 
46.4.60.249 - - [21/Jun/2020:05:27:43 -0700] "GET /?q=%23indieweb&offset=27&_t=rss HTTP/1.1" 200 8904 "-" "Mozilla/5.0 (compatible; MJ12bot/v1.4.8; http://mj12bot.com/)" 
46.4.60.249 - - [21/Jun/2020:05:27:46 -0700] "GET /?q=%23indieweb&offset=37&_t=rss HTTP/1.1" 200 7532 "-" "Mozilla/5.0 (compatible; MJ12bot/v1.4.8; http://mj12bot.com/)" 
148.251.49.107 - - [21/Jun/2020:05:27:47 -0700] "GET /2017/doing-my-part-to-fix-the-internet-8211-kimberly-hirsh?_t=rss HTTP/1.1" 200 5123 "-" "Mozilla/5.0 (compatible; MJ12bot/v1.4.8; http://mj12bot.com/)" 
46.4.60.249 - - [21/Jun/2020:05:27:49 -0700] "GET /?q=%23indieweb&offset=57&_t=rss HTTP/1.1" 200 8438 "-" "Mozilla/5.0 (compatible; MJ12bot/v1.4.8; http://mj12bot.com/)" 
148.251.49.107 - - [21/Jun/2020:05:27:50 -0700] "GET /2017/dropboxsupport-ive-fixed-permissions-and-checked-for-symlinks-thanks-the?_t=rss HTTP/1.1" 200 5162 "-" "Mozilla/5.0 (compatible; MJ12bot/v1.4.8; http://mj12bot.com/)" 
46.4.60.249 - - [21/Jun/2020:05:27:52 -0700] "GET /?q=%23indieweb&offset=60&_t=rss HTTP/1.1" 200 8040 "-" "Mozilla/5.0 (compatible; MJ12bot/v1.4.8; http://mj12bot.com/)" 
148.251.49.107 - - [21/Jun/2020:05:27:53 -0700] "GET /2017/e-basta-1?_t=rss HTTP/1.1" 200 5142 "-" "Mozilla/5.0 (compatible; MJ12bot/v1.4.8; http://mj12bot.com/)" 
148.251.49.107 - - [21/Jun/2020:05:27:55 -0700] "GET /2017/e-basta?_t=rss HTTP/1.1" 200 5138 "-" "Mozilla/5.0 (compatible; MJ12bot/v1.4.8; http://mj12bot.com/)" 
46.4.60.249 - - [21/Jun/2020:05:27:56 -0700] "GET /?q=%23indieweb&offset=67&_t=rss HTTP/1.1" 200 7798 "-" "Mozilla/5.0 (compatible; MJ12bot/v1.4.8; http://mj12bot.com/)" 
46.4.60.249 - - [21/Jun/2020:05:27:59 -0700] "GET /?q=%23indieweb&offset=70&_t=rss HTTP/1.1" 200 8037 "-" "Mozilla/5.0 (compatible; MJ12bot/v1.4.8; http://mj12bot.com/)" 
46.4.60.249 - - [21/Jun/2020:05:28:02 -0700] "GET /content/all/?offset=220 HTTP/1.1" 200 11618 "-" "Mozilla/5.0 (compatible; MJ12bot/v1.4.8; http://mj12bot.com/)" 
46.4.60.249 - - [21/Jun/2020:05:28:05 -0700] "GET /content/all/?q=%23%20%23IndieWeb&offset=90&_t=rss HTTP/1.1" 200 11576 "-" "Mozilla/5.0 (compatible; MJ12bot/v1.4.8; http://mj12bot.com/)" 
46.229.168.129 - - [21/Jun/2020:05:28:05 -0700] "GET /?offset=0&q=%23webmention HTTP/1.1" 200 13532 "-" "Mozilla/5.0 (compatible; SemrushBot/6~bl; +http://www.semrush.com/bot.html)" 
46.4.60.249 - - [21/Jun/2020:05:28:08 -0700] "GET /content/all/?q=%23%20%23WithKnown&offset=0&_t=rss HTTP/1.1" 200 9817 "-" "Mozilla/5.0 (compatible; MJ12bot/v1.4.8; http://mj12bot.com/)" 
148.251.49.107 - - [21/Jun/2020:05:28:10 -0700] "GET /2017/fascinating-conversation-with-jess-phillips-on-tppolitics_-especially-the-bit?_t=rss HTTP/1.1" 200 5275 "-" "Mozilla/5.0 (compatible; MJ12bot/v1.4.8; http://mj12bot.com/)" 
46.4.60.249 - - [21/Jun/2020:05:28:11 -0700] "GET /content/all/?q=%23%20%23WithKnown&offset=10&_t=rss HTTP/1.1" 200 7783 "-" "Mozilla/5.0 (compatible; MJ12bot/v1.4.8; http://mj12bot.com/)" 
66.249.92.47 - - [21/Jun/2020:05:28:12 -0700] "GET /2018/whats-the-problem HTTP/1.1" 200 11198 "-" "Mozilla/5.0 (compatible; GoogleDocs; apps-spreadsheets; +http://docs.google.com)" 
148.251.49.107 - - [21/Jun/2020:05:28:13 -0700] "GET /2017/flippin-useless-withknown-import-i-winnowed-the-stopping-place-down?_t=rss HTTP/1.1" 200 5329 "-" "Mozilla/5.0 (compatible; MJ12bot/v1.4.8; http://mj12bot.com/)" 
46.4.60.249 - - [21/Jun/2020:05:28:14 -0700] "GET /content/all/?q=%23%20%23WithKnown&offset=20&_t=rss HTTP/1.1" 200 8500 "-" "Mozilla/5.0 (compatible; MJ12bot/v1.4.8; http://mj12bot.com/)" 
148.251.49.107 - - [21/Jun/2020:05:28:16 -0700] "GET /2017/foodingreenwich-wish-i-could-read-the-price-on-those?_t=rss HTTP/1.1" 200 5081 "-" "Mozilla/5.0 (compatible; MJ12bot/v1.4.8; http://mj12bot.com/)" 
46.4.60.249 - - [21/Jun/2020:05:28:16 -0700] "GET /content/all/?q=%23%20%23WithKnown&offset=40&_t=rss HTTP/1.1" 200 7348 "-" "Mozilla/5.0 (compatible; MJ12bot/v1.4.8; http://mj12bot.com/)" 
54.36.148.81 - - [21/Jun/2020:05:28:18 -0700] "GET /tag/sourdough?offset=50 HTTP/1.1" 200 10647 "-" "Mozilla/5.0 (compatible; AhrefsBot/6.1; +http://ahrefs.com/robot/)" 
46.4.60.249 - - [21/Jun/2020:05:28:19 -0700] "GET /content/all/?q=%23%20%23WithKnown&offset=50&_t=rss HTTP/1.1" 200 6697 "-" "Mozilla/5.0 (compatible; MJ12bot/v1.4.8; http://mj12bot.com/)" 
148.251.49.107 - - [21/Jun/2020:05:28:19 -0700] "GET /2017/for-the-sake-of-completeness-and-as-a-necessary-stage?_t=rss HTTP/1.1" 200 5267 "-" "Mozilla/5.0 (compatible; MJ12bot/v1.4.8; http://mj12bot.com/)" 
148.251.49.107 - - [21/Jun/2020:05:28:21 -0700] "GET /2017/from-little-horse-chestnuts?_t=rss HTTP/1.1" 200 5213 "-" "Mozilla/5.0 (compatible; MJ12bot/v1.4.8; http://mj12bot.com/)" 
46.4.60.249 - - [21/Jun/2020:05:28:21 -0700] "GET /content/all/?q=%23%20%23blossomsoflight&_t=rss HTTP/1.1" 200 4809 "-" "Mozilla/5.0 (compatible; MJ12bot/v1.4.8; http://mj12bot.com/)" 
148.251.49.107 - - [21/Jun/2020:05:28:23 -0700] "GET /2017/from-the-annals-of-bokeh-comes-this-as-a-native?_t=rss HTTP/1.1" 200 5212 "-" "Mozilla/5.0 (compatible; MJ12bot/v1.4.8; http://mj12bot.com/)" 
96.126.125.129 - - [21/Jun/2020:05:28:24 -0700] "GET /content/statusupdates/posts/photos/checkins/bookmarkedpages?_t=rss HTTP/1.1" 200 7427 "-" "Micro.blog/1.0" 
46.4.60.249 - - [21/Jun/2020:05:28:25 -0700] "GET /content/all/?q=%23%20%23cooking&_t=rss HTTP/1.1" 200 6373 "-" "Mozilla/5.0 (compatible; MJ12bot/v1.4.8; http://mj12bot.com/)" 
46.4.60.249 - - [21/Jun/2020:05:28:28 -0700] "GET /content/all/?q=%23%20%23food&_t=rss HTTP/1.1" 200 7803 "-" "Mozilla/5.0 (compatible; MJ12bot/v1.4.8; http://mj12bot.com/)" 
64.111.100.215 - - [21/Jun/2020:05:28:30 -0700] "GET /content/all?_t=rss HTTP/1.1" 200 13896 "-" "Mozilla/5.0 (X11; U; Linux i686; fr; rv:1.9.1.1) Gecko/20090715 Firefox/3.5.1" 
148.251.49.107 - - [21/Jun/2020:05:28:31 -0700] "GET /2017/glorious-listening-nicolakidsbooks-run-dont-walk-to-hear-this?_t=rss HTTP/1.1" 200 5308 "-" "Mozilla/5.0 (compatible; MJ12bot/v1.4.8; http://mj12bot.com/)" 
46.4.60.249 - - [21/Jun/2020:05:28:32 -0700] "GET /content/all/?q=%23%20%23food&offset=10&_t=rss HTTP/1.1" 200 7911 "-" "Mozilla/5.0 (compatible; MJ12bot/v1.4.8; http://mj12bot.com/)" 
148.251.49.107 - - [21/Jun/2020:05:28:33 -0700] "GET /2017/good-news-everyone-bed-bugs-show-early-signs-of-insecticide?_t=rss HTTP/1.1" 200 5251 "-" "Mozilla/5.0 (compatible; MJ12bot/v1.4.8; http://mj12bot.com/)" 
46.4.60.249 - - [21/Jun/2020:05:28:35 -0700] "GET /content/all/?q=%23%20%23food&offset=20&_t=rss HTTP/1.1" 200 8832 "-" "Mozilla/5.0 (compatible; MJ12bot/v1.4.8; http://mj12bot.com/)" 
46.4.60.249 - - [21/Jun/2020:05:28:38 -0700] "GET /content/all/?q=%23%20%23food&offset=30&_t=rss HTTP/1.1" 200 8747 "-" "Mozilla/5.0 (compatible; MJ12bot/v1.4.8; http://mj12bot.com/)" 
46.4.60.249 - - [21/Jun/2020:05:28:41 -0700] "GET /content/all/?q=%23%20%23food&offset=40&_t=rss HTTP/1.1" 200 8270 "-" "Mozilla/5.0 (compatible; MJ12bot/v1.4.8; http://mj12bot.com/)" 
46.4.60.249 - - [21/Jun/2020:05:28:44 -0700] "GET /content/all/?q=%23%20%23food&offset=50&_t=rss HTTP/1.1" 200 6122 "-" "Mozilla/5.0 (compatible; MJ12bot/v1.4.8; http://mj12bot.com/)" 
148.251.49.107 - - [21/Jun/2020:05:28:45 -0700] "GET /2017/had-to-abandon-the-latest-gravy-podcast-because-the-levels HTTP/1.1" 200 9252 "-" "Mozilla/5.0 (compatible; MJ12bot/v1.4.8; http://mj12bot.com/)" 
54.36.148.146 - - [21/Jun/2020:05:28:47 -0700] "GET /?q=%23+%23IndieWeb&offset=60 HTTP/1.1" 200 12074 "-" "Mozilla/5.0 (compatible; AhrefsBot/6.1; +http://ahrefs.com/robot/)" 
46.4.60.249 - - [21/Jun/2020:05:28:47 -0700] "GET /content/all/?q=%23%20%23indieweb&offset=10&_t=rss HTTP/1.1" 200 7456 "-" "Mozilla/5.0 (compatible; MJ12bot/v1.4.8; http://mj12bot.com/)" 
46.4.60.249 - - [21/Jun/2020:05:28:51 -0700] "GET /content/all/?q=%23%20%23indieweb&offset=100&_t=rss HTTP/1.1" 200 9838 "-" "Mozilla/5.0 (compatible; MJ12bot/v1.4.8; http://mj12bot.com/)" 
148.251.49.107 - - [21/Jun/2020:05:28:51 -0700] "GET /2017/half-done-and-all-done-in?_t=rss HTTP/1.1" 200 5180 "-" "Mozilla/5.0 (compatible; MJ12bot/v1.4.8; http://mj12bot.com/)" 
46.4.60.249 - - [21/Jun/2020:05:28:54 -0700] "GET /content/all/?q=%23%20%23indieweb&offset=102&_t=rss HTTP/1.1" 200 9883 "-" "Mozilla/5.0 (compatible; MJ12bot/v1.4.8; http://mj12bot.com/)" 
148.251.49.107 - - [21/Jun/2020:05:28:57 -0700] "GET /2017/havent-made-this-much-in-a-while-but-all-all?_t=rss HTTP/1.1" 200 5435 "-" "Mozilla/5.0 (compatible; MJ12bot/v1.4.8; http://mj12bot.com/)" 
46.4.60.249 - - [21/Jun/2020:05:28:57 -0700] "GET /content/all/?q=%23%20%23indieweb&offset=109&_t=rss HTTP/1.1" 200 7679 "-" "Mozilla/5.0 (compatible; MJ12bot/v1.4.8; http://mj12bot.com/)" 
46.4.60.249 - - [21/Jun/2020:05:29:01 -0700] "GET /content/all/?q=%23%20%23indieweb&offset=127&_t=rss HTTP/1.1" 200 8181 "-" "Mozilla/5.0 (compatible; MJ12bot/v1.4.8; http://mj12bot.com/)" 
148.251.49.107 - - [21/Jun/2020:05:29:01 -0700] "GET /2017/hey-grassbased-checking-old-links-found-your-site-either-hacked?_t=rss HTTP/1.1" 200 5345 "-" "Mozilla/5.0 (compatible; MJ12bot/v1.4.8; http://mj12bot.com/)" 
46.4.60.249 - - [21/Jun/2020:05:29:03 -0700] "GET /content/all/?q=%23%20%23indieweb&offset=129&_t=rss HTTP/1.1" 200 8339 "-" "Mozilla/5.0 (compatible; MJ12bot/v1.4.8; http://mj12bot.com/)" 
148.251.49.107 - - [21/Jun/2020:05:29:03 -0700] "GET /2017/horses-for-courses/annotations/31eeb07f7e4032e1a9514ea26ca83e4b?_t=rss HTTP/1.1" 200 5416 "-" "Mozilla/5.0 (compatible; MJ12bot/v1.4.8; http://mj12bot.com/)" 
46.4.60.249 - - [21/Jun/2020:05:29:06 -0700] "GET /content/all/?q=%23%20%23indieweb&offset=130&_t=rss HTTP/1.1" 200 8412 "-" "Mozilla/5.0 (compatible; MJ12bot/v1.4.8; http://mj12bot.com/)" 
148.251.49.107 - - [21/Jun/2020:05:29:07 -0700] "GET /2017/horses-for-courses/annotations/b653c4db5fe65e9ea5ec6750a8626323?_t=rss HTTP/1.1" 200 5417 "-" "Mozilla/5.0 (compatible; MJ12bot/v1.4.8; http://mj12bot.com/)" 
46.4.60.249 - - [21/Jun/2020:05:29:09 -0700] "GET /content/all/?q=%23%20%23indieweb&offset=132&_t=rss HTTP/1.1" 200 8576 "-" "Mozilla/5.0 (compatible; MJ12bot/v1.4.8; http://mj12bot.com/)" 
46.4.60.249 - - [21/Jun/2020:05:29:12 -0700] "GET /content/all/?q=%23%20%23indieweb&offset=134&_t=rss HTTP/1.1" 200 8779 "-" "Mozilla/5.0 (compatible; MJ12bot/v1.4.8; http://mj12bot.com/)" 
148.251.49.107 - - [21/Jun/2020:05:29:14 -0700] "GET /2017/how-is-a-cinematographer-like-a-megachiropteran-genius-word-mangling?_t=rss HTTP/1.1" 200 5363 "-" "Mozilla/5.0 (compatible; MJ12bot/v1.4.8; http://mj12bot.com/)" 
46.4.60.249 - - [21/Jun/2020:05:29:15 -0700] "GET /content/all/?q=%23%20%23indieweb&offset=136&_t=rss HTTP/1.1" 200 8282 "-" "Mozilla/5.0 (compatible; MJ12bot/v1.4.8; http://mj12bot.com/)" 
46.4.60.249 - - [21/Jun/2020:05:29:17 -0700] "GET /content/all/?q=%23%20%23indieweb&offset=137&_t=rss HTTP/1.1" 200 7400 "-" "Mozilla/5.0 (compatible; MJ12bot/v1.4.8; http://mj12bot.com/)" 
148.251.49.107 - - [21/Jun/2020:05:29:19 -0700] "GET /2017/shosh_yossef-whatever-platform-you-choose-you-might-also-want-to?_t=rss HTTP/1.1" 200 5313 "-" "Mozilla/5.0 (compatible; MJ12bot/v1.4.8; http://mj12bot.com/)" 
46.4.60.249 - - [21/Jun/2020:05:29:19 -0700] "GET /content/all/?q=%23%20%23indieweb&offset=20&_t=rss HTTP/1.1" 200 7187 "-" "Mozilla/5.0 (compatible; MJ12bot/v1.4.8; http://mj12bot.com/)" 
148.251.49.107 - - [21/Jun/2020:05:29:22 -0700] "GET /2017/simple-is-good-too HTTP/1.1" 200 10298 "-" "Mozilla/5.0 (compatible; MJ12bot/v1.4.8; http://mj12bot.com/)" 
46.4.60.249 - - [21/Jun/2020:05:29:23 -0700] "GET /content/all/?q=%23%20%23indieweb&offset=60&_t=rss HTTP/1.1" 200 8070 "-" "Mozilla/5.0 (compatible; MJ12bot/v1.4.8; http://mj12bot.com/)" 
46.4.60.249 - - [21/Jun/2020:05:29:26 -0700] "GET /content/all/?q=%23%20%23indieweb&offset=70&_t=rss HTTP/1.1" 200 8067 "-" "Mozilla/5.0 (compatible; MJ12bot/v1.4.8; http://mj12bot.com/)" 
46.4.60.249 - - [21/Jun/2020:05:29:29 -0700] "GET /content/all/?q=%23%20%23indieweb&offset=79&_t=rss HTTP/1.1" 200 9566 "-" "Mozilla/5.0 (compatible; MJ12bot/v1.4.8; http://mj12bot.com/)" 
148.251.49.107 - - [21/Jun/2020:05:29:29 -0700] "GET /2017/simply-delicious HTTP/1.1" 200 9333 "-" "Mozilla/5.0 (compatible; MJ12bot/v1.4.8; http://mj12bot.com/)" 
46.4.60.249 - - [21/Jun/2020:05:29:31 -0700] "GET /content/all/?q=%23%20%23indieweb&offset=80&_t=rss HTTP/1.1" 200 9715 "-" "Mozilla/5.0 (compatible; MJ12bot/v1.4.8; http://mj12bot.com/)" 
46.4.60.249 - - [21/Jun/2020:05:29:34 -0700] "GET /content/all/?q=%23%20%23indieweb&offset=86&_t=rss HTTP/1.1" 200 11276 "-" "Mozilla/5.0 (compatible; MJ12bot/v1.4.8; http://mj12bot.com/)" 
46.4.60.249 - - [21/Jun/2020:05:29:37 -0700] "GET /content/all/?q=%23%20%23indieweb&offset=89&_t=rss HTTP/1.1" 200 11269 "-" "Mozilla/5.0 (compatible; MJ12bot/v1.4.8; http://mj12bot.com/)" 
148.251.49.107 - - [21/Jun/2020:05:29:37 -0700] "GET /2017/simply-delicious-1 HTTP/1.1" 200 9339 "-" "Mozilla/5.0 (compatible; MJ12bot/v1.4.8; http://mj12bot.com/)" 
46.4.60.249 - - [21/Jun/2020:05:29:39 -0700] "GET /content/all/?q=%23%20%23indieweb&offset=90&_t=rss HTTP/1.1" 200 11575 "-" "Mozilla/5.0 (compatible; MJ12bot/v1.4.8; http://mj12bot.com/)" 
148.251.49.107 - - [21/Jun/2020:05:29:41 -0700] "GET /2017/simply-delicious-1?_t=rss HTTP/1.1" 200 5158 "-" "Mozilla/5.0 (compatible; MJ12bot/v1.4.8; http://mj12bot.com/)" 
46.4.60.249 - - [21/Jun/2020:05:29:42 -0700] "GET /content/all/?q=%23%20%23non-fiction&_t=rss HTTP/1.1" 200 6762 "-" "Mozilla/5.0 (compatible; MJ12bot/v1.4.8; http://mj12bot.com/)" 
46.4.60.249 - - [21/Jun/2020:05:29:44 -0700] "GET /content/all/?q=%23Corfu&_t=rss HTTP/1.1" 200 5385 "-" "Mozilla/5.0 (compatible; MJ12bot/v1.4.8; http://mj12bot.com/)" 
148.251.49.107 - - [21/Jun/2020:05:29:46 -0700] "GET /2017/simply-delicious?_t=rss HTTP/1.1" 200 5159 "-" "Mozilla/5.0 (compatible; MJ12bot/v1.4.8; http://mj12bot.com/)" 
46.4.60.249 - - [21/Jun/2020:05:29:47 -0700] "GET /content/all/?q=%23Greece&_t=rss HTTP/1.1" 200 5629 "-" "Mozilla/5.0 (compatible; MJ12bot/v1.4.8; http://mj12bot.com/)" 
46.4.60.249 - - [21/Jun/2020:05:29:50 -0700] "GET /content/all/?q=%23cooking&_t=rss HTTP/1.1" 200 6359 "-" "Mozilla/5.0 (compatible; MJ12bot/v1.4.8; http://mj12bot.com/)" 
46.4.60.249 - - [21/Jun/2020:05:29:53 -0700] "GET /content/all/?q=%23indieweb&offset=100&_t=rss HTTP/1.1" 200 9824 "-" "Mozilla/5.0 (compatible; MJ12bot/v1.4.8; http://mj12bot.com/)" 
54.36.148.22 - - [21/Jun/2020:05:29:53 -0700] "GET /?offset=120 HTTP/1.1" 200 11689 "-" "Mozilla/5.0 (compatible; AhrefsBot/6.1; +http://ahrefs.com/robot/)" 
148.251.49.107 - - [21/Jun/2020:05:29:54 -0700] "GET /2017/siri-and-flatulencenllp31831-the-truth-is-that-it-cannot-tell HTTP/1.1" 200 9547 "-" "Mozilla/5.0 (compatible; MJ12bot/v1.4.8; http://mj12bot.com/)" 
46.4.60.249 - - [21/Jun/2020:05:29:56 -0700] "GET /content/all/?q=%23indieweb&offset=102&_t=rss HTTP/1.1" 200 9870 "-" "Mozilla/5.0 (compatible; MJ12bot/v1.4.8; http://mj12bot.com/)" 
46.4.60.249 - - [21/Jun/2020:05:29:59 -0700] "GET /content/all/?q=%23indieweb&offset=107&_t=rss HTTP/1.1" 200 7858 "-" "Mozilla/5.0 (compatible; MJ12bot/v1.4.8; http://mj12bot.com/)" 
148.251.49.107 - - [21/Jun/2020:05:30:00 -0700] "GET /2017/siri-and-flatulencenllp31831-the-truth-is-that-it-cannot-tell?_t=rss HTTP/1.1" 200 5357 "-" "Mozilla/5.0 (compatible; MJ12bot/v1.4.8; http://mj12bot.com/)" 
46.4.60.249 - - [21/Jun/2020:05:30:01 -0700] "GET /content/all/?q=%23indieweb&offset=110&_t=rss HTTP/1.1" 200 8131 "-" "Mozilla/5.0 (compatible; MJ12bot/v1.4.8; http://mj12bot.com/)" 
148.251.49.107 - - [21/Jun/2020:05:30:02 -0700] "GET /2017/site-deaths-where-you-least-expect-them/annotations/647aca4429b57968d8b020ea21cc3bd9?_t=rss HTTP/1.1" 200 5876 "-" "Mozilla/5.0 (compatible; MJ12bot/v1.4.8; http://mj12bot.com/)" 
46.4.60.249 - - [21/Jun/2020:05:30:04 -0700] "GET /content/all/?q=%23indieweb&offset=117&_t=rss HTTP/1.1" 200 7817 "-" "Mozilla/5.0 (compatible; MJ12bot/v1.4.8; http://mj12bot.com/)" 
46.229.168.152 - - [21/Jun/2020:05:30:05 -0700] "GET /2019/not-all-of-my-lunch-but-a-good-part-of HTTP/1.1" 200 12333 "-" "Mozilla/5.0 (compatible; SemrushBot/6~bl; +http://www.semrush.com/bot.html)" 
148.251.49.107 - - [21/Jun/2020:05:30:04 -0700] "GET /2017/site-deaths-where-you-least-expect-them/annotations/6db06d59081e00eaa8ba7a9fa2ec06ed?_t=rss HTTP/1.1" 200 5874 "-" "Mozilla/5.0 (compatible; MJ12bot/v1.4.8; http://mj12bot.com/)" 
46.4.60.249 - - [21/Jun/2020:05:30:07 -0700] "GET /content/all/?q=%23indieweb&offset=7&_t=rss HTTP/1.1" 200 7307 "-" "Mozilla/5.0 (compatible; MJ12bot/v1.4.8; http://mj12bot.com/)" 
46.4.60.249 - - [21/Jun/2020:05:30:10 -0700] "GET /content/all/?q=%23indieweb&offset=70&_t=rss HTTP/1.1" 200 8053 "-" "Mozilla/5.0 (compatible; MJ12bot/v1.4.8; http://mj12bot.com/)" 
148.251.49.107 - - [21/Jun/2020:05:30:11 -0700] "GET /2017/site-deaths-where-you-least-expect-them?_t=rss HTTP/1.1" 200 5837 "-" "Mozilla/5.0 (compatible; MJ12bot/v1.4.8; http://mj12bot.com/)" 
46.4.60.249 - - [21/Jun/2020:05:30:13 -0700] "GET /content/all/?q=%23indieweb&offset=72&_t=rss HTTP/1.1" 200 8656 "-" "Mozilla/5.0 (compatible; MJ12bot/v1.4.8; http://mj12bot.com/)" 
46.4.60.249 - - [21/Jun/2020:05:30:16 -0700] "GET /content/all/?q=%23indieweb&offset=77&_t=rss HTTP/1.1" 200 9409 "-" "Mozilla/5.0 (compatible; MJ12bot/v1.4.8; http://mj12bot.com/)" 
46.4.60.249 - - [21/Jun/2020:05:30:18 -0700] "GET /content/all/?q=%23indieweb&offset=82&_t=rss HTTP/1.1" 200 9791 "-" "Mozilla/5.0 (compatible; MJ12bot/v1.4.8; http://mj12bot.com/)" 
46.4.60.249 - - [21/Jun/2020:05:30:21 -0700] "GET /content/all/?q=%23indieweb&offset=87&_t=rss HTTP/1.1" 200 11236 "-" "Mozilla/5.0 (compatible; MJ12bot/v1.4.8; http://mj12bot.com/)" 
148.251.49.107 - - [21/Jun/2020:05:30:21 -0700] "GET /2017/site-updates-tags-and-media-fragments?_t=rss HTTP/1.1" 200 5096 "-" "Mozilla/5.0 (compatible; MJ12bot/v1.4.8; http://mj12bot.com/)" 
46.4.60.249 - - [21/Jun/2020:05:30:24 -0700] "GET /content/all/?q=%23indieweb&offset=90&_t=rss HTTP/1.1" 200 11561 "-" "Mozilla/5.0 (compatible; MJ12bot/v1.4.8; http://mj12bot.com/)" 
46.4.60.249 - - [21/Jun/2020:05:30:26 -0700] "GET /content/all/?q=%23indieweb&offset=92&_t=rss HTTP/1.1" 200 11320 "-" "Mozilla/5.0 (compatible; MJ12bot/v1.4.8; http://mj12bot.com/)" 
148.251.49.107 - - [21/Jun/2020:05:30:28 -0700] "GET /2017/sitting-pretty-until-the-replacement-seat-pan-arrives-for-the-big-boy-at-the-back-at-a-price-double-that-1?_t=rss HTTP/1.1" 200 5509 "-" "Mozilla/5.0 (compatible; MJ12bot/v1.4.8; http://mj12bot.com/)" 
46.4.60.249 - - [21/Jun/2020:05:30:29 -0700] "GET /content/all/?q=%23indieweb&offset=97&_t=rss HTTP/1.1" 200 10486 "-" "Mozilla/5.0 (compatible; MJ12bot/v1.4.8; http://mj12bot.com/)" 
148.251.49.107 - - [21/Jun/2020:05:30:31 -0700] "GET /2017/sitting-pretty-until-the-replacement-seat-pan-arrives-for-the/annotations/f29df41456728b459c0f6a10b9216eda?_t=rss HTTP/1.1" 200 5477 "-" "Mozilla/5.0 (compatible; MJ12bot/v1.4.8; http://mj12bot.com/)" 
46.229.168.151 - - [21/Jun/2020:05:30:31 -0700] "GET /content/all/?q=%23%2B%23cooking HTTP/1.1" 200 10526 "-" "Mozilla/5.0 (compatible; SemrushBot/6~bl; +http://www.semrush.com/bot.html)" 
46.4.60.249 - - [21/Jun/2020:05:30:32 -0700] "GET /content/all/?q=%23multigrain&_t=rss HTTP/1.1" 200 7152 "-" "Mozilla/5.0 (compatible; MJ12bot/v1.4.8; http://mj12bot.com/)" 
54.36.148.201 - - [21/Jun/2020:05:30:34 -0700] "GET /?q=%23indieweb&offset=60 HTTP/1.1" 200 12060 "-" "Mozilla/5.0 (compatible; AhrefsBot/6.1; +http://ahrefs.com/robot/)" 
148.251.49.107 - - [21/Jun/2020:05:30:36 -0700] "GET /2017/sitting-pretty-until-the-replacement-seat-pan-arrives-for-the?_t=rss HTTP/1.1" 200 5443 "-" "Mozilla/5.0 (compatible; MJ12bot/v1.4.8; http://mj12bot.com/)" 
144.76.118.82 - - [21/Jun/2020:05:30:42 -0700] "GET /robots.txt HTTP/1.1" 200 4312 "-" "Mozilla/5.0 (compatible; MJ12bot/v1.4.8; http://mj12bot.com/)" 
148.251.49.107 - - [21/Jun/2020:05:30:42 -0700] "GET /2017/snackbattlespod-thanks-for-the-mention-hope-youre-enjoying-it?_t=rss HTTP/1.1" 200 5120 "-" "Mozilla/5.0 (compatible; MJ12bot/v1.4.8; http://mj12bot.com/)" 
144.76.118.82 - - [21/Jun/2020:05:30:44 -0700] "GET /?q=%23%20%23%23indieweb&offset=22 HTTP/1.1" 200 8247 "-" "Mozilla/5.0 (compatible; MJ12bot/v1.4.8; http://mj12bot.com/)" 
144.76.118.82 - - [21/Jun/2020:05:30:46 -0700] "GET /?q=%23%20%23%23indieweb&offset=25 HTTP/1.1" 200 9902 "-" "Mozilla/5.0 (compatible; MJ12bot/v1.4.8; http://mj12bot.com/)" 
148.251.49.107 - - [21/Jun/2020:05:30:46 -0700] "GET /2017/so-busy-on-the-terrace-these-days HTTP/1.1" 200 10527 "-" "Mozilla/5.0 (compatible; MJ12bot/v1.4.8; http://mj12bot.com/)" 
144.76.118.82 - - [21/Jun/2020:05:30:48 -0700] "GET /?q=%23%20%23%23indieweb&offset=29 HTTP/1.1" 200 9715 "-" "Mozilla/5.0 (compatible; MJ12bot/v1.4.8; http://mj12bot.com/)" 
144.76.118.82 - - [21/Jun/2020:05:30:50 -0700] "GET /?q=%23%20%23%23indieweb&offset=39 HTTP/1.1" 200 8274 "-" "Mozilla/5.0 (compatible; MJ12bot/v1.4.8; http://mj12bot.com/)" 
148.251.49.107 - - [21/Jun/2020:05:30:51 -0700] "GET /2017/so-busy-on-the-terrace-these-days?_t=rss HTTP/1.1" 200 5284 "-" "Mozilla/5.0 (compatible; MJ12bot/v1.4.8; http://mj12bot.com/)" 
144.76.118.82 - - [21/Jun/2020:05:30:52 -0700] "GET /?q=%23%20%23%23indieweb&offset=42 HTTP/1.1" 200 7931 "-" "Mozilla/5.0 (compatible; MJ12bot/v1.4.8; http://mj12bot.com/)" 
144.76.118.82 - - [21/Jun/2020:05:30:55 -0700] "GET /?q=%23%20%23%23indieweb&offset=45 HTTP/1.1" 200 8494 "-" "Mozilla/5.0 (compatible; MJ12bot/v1.4.8; http://mj12bot.com/)" 
144.76.118.82 - - [21/Jun/2020:05:30:57 -0700] "GET /?q=%23%20%23%23indieweb&offset=49 HTTP/1.1" 200 9103 "-" "Mozilla/5.0 (compatible; MJ12bot/v1.4.8; http://mj12bot.com/)" 
144.76.118.82 - - [21/Jun/2020:05:30:59 -0700] "GET /?q=%23%20%23%23indieweb&offset=55 HTTP/1.1" 200 10120 "-" "Mozilla/5.0 (compatible; MJ12bot/v1.4.8; http://mj12bot.com/)" 
148.251.49.107 - - [21/Jun/2020:05:31:00 -0700] "GET /2017/so-farewell-then-clammr-and-soundcloud/annotations/bc752c9dacf00a5815cf772d725c9d3d?_t=rss HTTP/1.1" 200 6499 "-" "Mozilla/5.0 (compatible; MJ12bot/v1.4.8; http://mj12bot.com/)" 
144.76.118.82 - - [21/Jun/2020:05:31:01 -0700] "GET /?q=%23%20%23%23indieweb&offset=59 HTTP/1.1" 200 9387 "-" "Mozilla/5.0 (compatible; MJ12bot/v1.4.8; http://mj12bot.com/)" 
46.229.168.161 - - [21/Jun/2020:05:31:02 -0700] "GET /content/all/?offset=120&q=%23%2B%23indieweb HTTP/1.1" 200 11502 "-" "Mozilla/5.0 (compatible; SemrushBot/6~bl; +http://www.semrush.com/bot.html)" 
144.76.118.82 - - [21/Jun/2020:05:31:03 -0700] "GET /?q=%23%20%23%23indieweb&offset=69 HTTP/1.1" 200 8687 "-" "Mozilla/5.0 (compatible; MJ12bot/v1.4.8; http://mj12bot.com/)" 
148.251.49.107 - - [21/Jun/2020:05:31:04 -0700] "GET /2017/so-farewell-then-clammr-and-soundcloud?_t=rss HTTP/1.1" 200 6461 "-" "Mozilla/5.0 (compatible; MJ12bot/v1.4.8; http://mj12bot.com/)" 
54.36.148.13 - - [21/Jun/2020:05:31:04 -0700] "GET /content/all/?q=%23+%23IndieWeb&offset=60 HTTP/1.1" 200 12091 "-" "Mozilla/5.0 (compatible; AhrefsBot/6.1; +http://ahrefs.com/robot/)" 
144.76.118.82 - - [21/Jun/2020:05:31:06 -0700] "GET /?q=%23%20%23%23indieweb&offset=72 HTTP/1.1" 200 9430 "-" "Mozilla/5.0 (compatible; MJ12bot/v1.4.8; http://mj12bot.com/)" 
144.76.118.82 - - [21/Jun/2020:05:31:08 -0700] "GET /?q=%23%20%23%23indieweb&offset=75 HTTP/1.1" 200 10403 "-" "Mozilla/5.0 (compatible; MJ12bot/v1.4.8; http://mj12bot.com/)" 
148.251.49.107 - - [21/Jun/2020:05:31:08 -0700] "GET /2017/so-interesting-to-read-what-chrisaldrich-has-to-say-about?_t=rss HTTP/1.1" 200 5156 "-" "Mozilla/5.0 (compatible; MJ12bot/v1.4.8; http://mj12bot.com/)" 
144.76.118.82 - - [21/Jun/2020:05:31:10 -0700] "GET /?q=%23%20%23%23indieweb&offset=77 HTTP/1.1" 200 10293 "-" "Mozilla/5.0 (compatible; MJ12bot/v1.4.8; http://mj12bot.com/)" 
144.76.118.82 - - [21/Jun/2020:05:31:12 -0700] "GET /?q=%23%20%23%23indieweb&offset=79 HTTP/1.1" 200 10519 "-" "Mozilla/5.0 (compatible; MJ12bot/v1.4.8; http://mj12bot.com/)" 
144.76.118.82 - - [21/Jun/2020:05:31:14 -0700] "GET /?q=%23%20%23%23indieweb&offset=82 HTTP/1.1" 200 10753 "-" "Mozilla/5.0 (compatible; MJ12bot/v1.4.8; http://mj12bot.com/)" 
148.251.49.107 - - [21/Jun/2020:05:31:16 -0700] "GET /2017/so-there-i-am-on-microblog-i-suppose-i-better?_t=rss HTTP/1.1" 200 5055 "-" "Mozilla/5.0 (compatible; MJ12bot/v1.4.8; http://mj12bot.com/)" 
144.76.118.82 - - [21/Jun/2020:05:31:16 -0700] "GET /?q=%23%20%23%23indieweb&offset=85 HTTP/1.1" 200 10996 "-" "Mozilla/5.0 (compatible; MJ12bot/v1.4.8; http://mj12bot.com/)" 
144.76.118.82 - - [21/Jun/2020:05:31:19 -0700] "GET /?q=%23%20%23%23indieweb&offset=87 HTTP/1.1" 200 12292 "-" "Mozilla/5.0 (compatible; MJ12bot/v1.4.8; http://mj12bot.com/)" 
148.251.49.107 - - [21/Jun/2020:05:31:20 -0700] "GET /2017/some-people-have-good-examples-of-flat-file-with-dynamic HTTP/1.1" 200 9355 "-" "Mozilla/5.0 (compatible; MJ12bot/v1.4.8; http://mj12bot.com/)" 
144.76.118.82 - - [21/Jun/2020:05:31:21 -0700] "GET /?q=%23%20%23%23indieweb&offset=89 HTTP/1.1" 200 12257 "-" "Mozilla/5.0 (compatible; MJ12bot/v1.4.8; http://mj12bot.com/)" 
40.112.53.189 - - [21/Jun/2020:05:31:22 -0700] "GET /2017/how-they-serve-an-espresso HTTP/1.1" 200 11858 "-" "Mozilla/5.0 (Macintosh; Intel Mac OS X 10_10_1) AppleWebKit/537.36 (KHTML, like Gecko) Chrome/41.0.2227.1 Safari/537.36" 
40.112.53.189 - - [21/Jun/2020:05:31:22 -0700] "GET /vendor/npm-asset/jquery/dist/jquery.min.js HTTP/1.1" 200 31956 "https://stream.jeremycherfas.net/2017/how-they-serve-an-espresso" "Mozilla/5.0 (Macintosh; Intel Mac OS X 10_10_1) AppleWebKit/537.36 (KHTML, like Gecko) Chrome/41.0.2227.1 Safari/537.36" 
40.112.53.189 - - [21/Jun/2020:05:31:22 -0700] "GET /vendor/twbs/bootstrap/dist/css/bootstrap.min.css HTTP/1.1" 200 20899 "https://stream.jeremycherfas.net/2017/how-they-serve-an-espresso" "Mozilla/5.0 (Macintosh; Intel Mac OS X 10_10_1) AppleWebKit/537.36 (KHTML, like Gecko) Chrome/41.0.2227.1 Safari/537.36" 
40.112.53.189 - - [21/Jun/2020:05:31:22 -0700] "GET /vendor/npm-asset/bootstrap-accessibility-plugin/plugins/css/bootstrap-accessibility.css HTTP/1.1" 200 1114 "https://stream.jeremycherfas.net/2017/how-they-serve-an-espresso" "Mozilla/5.0 (Macintosh; Intel Mac OS X 10_10_1) AppleWebKit/537.36 (KHTML, like Gecko) Chrome/41.0.2227.1 Safari/537.36" 
40.112.53.189 - - [21/Jun/2020:05:31:22 -0700] "GET /vendor/forkawesome/fork-awesome/css/fork-awesome.min.css HTTP/1.1" 200 8899 "https://stream.jeremycherfas.net/2017/how-they-serve-an-espresso" "Mozilla/5.0 (Macintosh; Intel Mac OS X 10_10_1) AppleWebKit/537.36 (KHTML, like Gecko) Chrome/41.0.2227.1 Safari/537.36" 
40.112.53.189 - - [21/Jun/2020:05:31:22 -0700] "GET /vendor/forkawesome/fork-awesome/css/v5-compat.min.css HTTP/1.1" 200 2592 "https://stream.jeremycherfas.net/2017/how-they-serve-an-espresso" "Mozilla/5.0 (Macintosh; Intel Mac OS X 10_10_1) AppleWebKit/537.36 (KHTML, like Gecko) Chrome/41.0.2227.1 Safari/537.36" 
40.112.53.189 - - [21/Jun/2020:05:31:22 -0700] "GET /css/1579440965/known.min.css HTTP/1.1" 200 7734 "https://stream.jeremycherfas.net/2017/how-they-serve-an-espresso" "Mozilla/5.0 (Macintosh; Intel Mac OS X 10_10_1) AppleWebKit/537.36 (KHTML, like Gecko) Chrome/41.0.2227.1 Safari/537.36" 
40.112.53.189 - - [21/Jun/2020:05:31:22 -0700] "GET /vendor/npm-asset/bootstrap-toggle/css/bootstrap-toggle.min.css HTTP/1.1" 200 979 "https://stream.jeremycherfas.net/2017/how-they-serve-an-espresso" "Mozilla/5.0 (Macintosh; Intel Mac OS X 10_10_1) AppleWebKit/537.36 (KHTML, like Gecko) Chrome/41.0.2227.1 Safari/537.36" 
40.112.53.189 - - [21/Jun/2020:05:31:22 -0700] "GET /vendor/idno/mentionjs/recommended-styles.css HTTP/1.1" 200 600 "https://stream.jeremycherfas.net/2017/how-they-serve-an-espresso" "Mozilla/5.0 (Macintosh; Intel Mac OS X 10_10_1) AppleWebKit/537.36 (KHTML, like Gecko) Chrome/41.0.2227.1 Safari/537.36" 
40.112.53.189 - - [21/Jun/2020:05:31:22 -0700] "GET /IdnoPlugins/Checkin/external/leaflet/leaflet.min.css HTTP/1.1" 200 2532 "https://stream.jeremycherfas.net/2017/how-they-serve-an-espresso" "Mozilla/5.0 (Macintosh; Intel Mac OS X 10_10_1) AppleWebKit/537.36 (KHTML, like Gecko) Chrome/41.0.2227.1 Safari/537.36" 
40.112.53.189 - - [21/Jun/2020:05:31:22 -0700] "GET /Themes/Solo/css/default.min.css HTTP/1.1" 200 963 "https://stream.jeremycherfas.net/2017/how-they-serve-an-espresso" "Mozilla/5.0 (Macintosh; Intel Mac OS X 10_10_1) AppleWebKit/537.36 (KHTML, like Gecko) Chrome/41.0.2227.1 Safari/537.36" 
40.112.53.189 - - [21/Jun/2020:05:31:22 -0700] "GET /vendor/npm-asset/mediaelement/build/mediaelementplayer.min.css HTTP/1.1" 200 3096 "https://stream.jeremycherfas.net/2017/how-they-serve-an-espresso" "Mozilla/5.0 (Macintosh; Intel Mac OS X 10_10_1) AppleWebKit/537.36 (KHTML, like Gecko) Chrome/41.0.2227.1 Safari/537.36" 
40.112.53.189 - - [21/Jun/2020:05:31:22 -0700] "GET /vendor/twbs/bootstrap/dist/js/bootstrap.min.js HTTP/1.1" 200 11611 "https://stream.jeremycherfas.net/2017/how-they-serve-an-espresso" "Mozilla/5.0 (Macintosh; Intel Mac OS X 10_10_1) AppleWebKit/537.36 (KHTML, like Gecko) Chrome/41.0.2227.1 Safari/537.36" 
40.112.53.189 - - [21/Jun/2020:05:31:22 -0700] "GET /vendor/npm-asset/bootstrap-toggle/js/bootstrap-toggle.js HTTP/1.1" 200 2024 "https://stream.jeremycherfas.net/2017/how-they-serve-an-espresso" "Mozilla/5.0 (Macintosh; Intel Mac OS X 10_10_1) AppleWebKit/537.36 (KHTML, like Gecko) Chrome/41.0.2227.1 Safari/537.36" 
40.112.53.189 - - [21/Jun/2020:05:31:22 -0700] "GET /js/1579440966/known.min.js HTTP/1.1" 200 4900 "https://stream.jeremycherfas.net/2017/how-they-serve-an-espresso" "Mozilla/5.0 (Macintosh; Intel Mac OS X 10_10_1) AppleWebKit/537.36 (KHTML, like Gecko) Chrome/41.0.2227.1 Safari/537.36" 
40.112.53.189 - - [21/Jun/2020:05:31:22 -0700] "GET /vendor/npm-asset/bootstrap-accessibility-plugin/plugins/js/bootstrap-accessibility.min.js HTTP/1.1" 200 4789 "https://stream.jeremycherfas.net/2017/how-they-serve-an-espresso" "Mozilla/5.0 (Macintosh; Intel Mac OS X 10_10_1) AppleWebKit/537.36 (KHTML, like Gecko) Chrome/41.0.2227.1 Safari/537.36" 
40.112.53.189 - - [21/Jun/2020:05:31:22 -0700] "GET /IdnoPlugins/Checkin/external/stamen-maps/tile.stamen.min.js HTTP/1.1" 200 1983 "https://stream.jeremycherfas.net/2017/how-they-serve-an-espresso" "Mozilla/5.0 (Macintosh; Intel Mac OS X 10_10_1) AppleWebKit/537.36 (KHTML, like Gecko) Chrome/41.0.2227.1 Safari/537.36" 
40.112.53.189 - - [21/Jun/2020:05:31:22 -0700] "GET /IdnoPlugins/Media/external/wavesurfer/dist/wavesurfer.min.js HTTP/1.1" 200 6834 "https://stream.jeremycherfas.net/2017/how-they-serve-an-espresso" "Mozilla/5.0 (Macintosh; Intel Mac OS X 10_10_1) AppleWebKit/537.36 (KHTML, like Gecko) Chrome/41.0.2227.1 Safari/537.36" 
40.112.53.189 - - [21/Jun/2020:05:31:22 -0700] "GET /IdnoPlugins/Checkin/external/leaflet/leaflet.js HTTP/1.1" 200 34091 "https://stream.jeremycherfas.net/2017/how-they-serve-an-espresso" "Mozilla/5.0 (Macintosh; Intel Mac OS X 10_10_1) AppleWebKit/537.36 (KHTML, like Gecko) Chrome/41.0.2227.1 Safari/537.36" 
40.112.53.189 - - [21/Jun/2020:05:31:22 -0700] "GET /file/ef801e05730eba56004c5b712ad84731/thumb.jpg HTTP/1.1" 200 22619 "https://stream.jeremycherfas.net/2017/how-they-serve-an-espresso" "Mozilla/5.0 (Macintosh; Intel Mac OS X 10_10_1) AppleWebKit/537.36 (KHTML, like Gecko) Chrome/41.0.2227.1 Safari/537.36" 
40.112.53.189 - - [21/Jun/2020:05:31:22 -0700] "GET /vendor/npm-asset/mediaelement/build/mediaelement-and-player.min.js HTTP/1.1" 200 41537 "https://stream.jeremycherfas.net/2017/how-they-serve-an-espresso" "Mozilla/5.0 (Macintosh; Intel Mac OS X 10_10_1) AppleWebKit/537.36 (KHTML, like Gecko) Chrome/41.0.2227.1 Safari/537.36" 
40.112.53.189 - - [21/Jun/2020:05:31:22 -0700] "GET /vendor/npm-asset/vanilla-fitvids/jquery.fitvids.js HTTP/1.1" 200 1791 "https://stream.jeremycherfas.net/2017/how-they-serve-an-espresso" "Mozilla/5.0 (Macintosh; Intel Mac OS X 10_10_1) AppleWebKit/537.36 (KHTML, like Gecko) Chrome/41.0.2227.1 Safari/537.36" 
40.112.53.189 - - [21/Jun/2020:05:31:22 -0700] "GET /vendor/rmm5t/jquery-timeago/jquery.timeago.js HTTP/1.1" 200 2991 "https://stream.jeremycherfas.net/2017/how-they-serve-an-espresso" "Mozilla/5.0 (Macintosh; Intel Mac OS X 10_10_1) AppleWebKit/537.36 (KHTML, like Gecko) Chrome/41.0.2227.1 Safari/537.36" 
40.112.53.189 - - [21/Jun/2020:05:31:22 -0700] "GET /vendor/rmm5t/jquery-timeago/locales/jquery.timeago.en.js HTTP/1.1" 200 979 "https://stream.jeremycherfas.net/2017/how-they-serve-an-espresso" "Mozilla/5.0 (Macintosh; Intel Mac OS X 10_10_1) AppleWebKit/537.36 (KHTML, like Gecko) Chrome/41.0.2227.1 Safari/537.36" 
40.112.53.189 - - [21/Jun/2020:05:31:22 -0700] "GET /vendor/forkawesome/fork-awesome/fonts/forkawesome-webfont.woff2?v=1.1.7 HTTP/1.1" 200 92179 "https://stream.jeremycherfas.net/vendor/forkawesome/fork-awesome/css/fork-awesome.min.css" "Mozilla/5.0 (Macintosh; Intel Mac OS X 10_10_1) AppleWebKit/537.36 (KHTML, like Gecko) Chrome/41.0.2227.1 Safari/537.36" 
40.112.53.189 - - [21/Jun/2020:05:31:22 -0700] "GET /vendor/npm-asset/underscore/underscore-min.js HTTP/1.1" 200 7035 "https://stream.jeremycherfas.net/2017/how-they-serve-an-espresso" "Mozilla/5.0 (Macintosh; Intel Mac OS X 10_10_1) AppleWebKit/537.36 (KHTML, like Gecko) Chrome/41.0.2227.1 Safari/537.36" 
40.112.53.189 - - [21/Jun/2020:05:31:22 -0700] "GET /vendor/npm-asset/exif-js/exif.js HTTP/1.1" 200 9938 "https://stream.jeremycherfas.net/2017/how-they-serve-an-espresso" "Mozilla/5.0 (Macintosh; Intel Mac OS X 10_10_1) AppleWebKit/537.36 (KHTML, like Gecko) Chrome/41.0.2227.1 Safari/537.36" 
40.112.53.189 - - [21/Jun/2020:05:31:22 -0700] "GET /file/b64eb38d3005e6d8f6f91f1596b20c2d HTTP/1.1" 200 7862 "https://stream.jeremycherfas.net/2017/how-they-serve-an-espresso" "Mozilla/5.0 (Macintosh; Intel Mac OS X 10_10_1) AppleWebKit/537.36 (KHTML, like Gecko) Chrome/41.0.2227.1 Safari/537.36" 
40.112.53.189 - - [21/Jun/2020:05:31:22 -0700] "GET /file/345d0c7f166fc79e2da0381a1ddb7612 HTTP/1.1" 200 18574 "https://stream.jeremycherfas.net/2017/how-they-serve-an-espresso" "Mozilla/5.0 (Macintosh; Intel Mac OS X 10_10_1) AppleWebKit/537.36 (KHTML, like Gecko) Chrome/41.0.2227.1 Safari/537.36" 
40.112.53.189 - - [21/Jun/2020:05:31:22 -0700] "GET /file/11e6b2d11a03c920b39b99e86f8c01ed HTTP/1.1" 200 6921 "https://stream.jeremycherfas.net/2017/how-they-serve-an-espresso" "Mozilla/5.0 (Macintosh; Intel Mac OS X 10_10_1) AppleWebKit/537.36 (KHTML, like Gecko) Chrome/41.0.2227.1 Safari/537.36" 
40.112.53.189 - - [21/Jun/2020:05:31:23 -0700] "GET /file/6b877667a8f6ce2d92c1d9cc6f038db9 HTTP/1.1" 200 6197 "https://stream.jeremycherfas.net/2017/how-they-serve-an-espresso" "Mozilla/5.0 (Macintosh; Intel Mac OS X 10_10_1) AppleWebKit/537.36 (KHTML, like Gecko) Chrome/41.0.2227.1 Safari/537.36" 
40.112.53.189 - - [21/Jun/2020:05:31:23 -0700] "GET /file/a23aa0ff390acdb2332fb79d87be534a HTTP/1.1" 200 6201 "https://stream.jeremycherfas.net/2017/how-they-serve-an-espresso" "Mozilla/5.0 (Macintosh; Intel Mac OS X 10_10_1) AppleWebKit/537.36 (KHTML, like Gecko) Chrome/41.0.2227.1 Safari/537.36" 
40.112.53.189 - - [21/Jun/2020:05:31:23 -0700] "GET /file/39a70b3d3d64ef675e9e5f08fbf60730 HTTP/1.1" 200 7470 "https://stream.jeremycherfas.net/2017/how-they-serve-an-espresso" "Mozilla/5.0 (Macintosh; Intel Mac OS X 10_10_1) AppleWebKit/537.36 (KHTML, like Gecko) Chrome/41.0.2227.1 Safari/537.36" 
40.112.53.189 - - [21/Jun/2020:05:31:23 -0700] "GET /file/d2e3e343941e470a64dbba717b6b50aa HTTP/1.1" 200 6906 "https://stream.jeremycherfas.net/2017/how-they-serve-an-espresso" "Mozilla/5.0 (Macintosh; Intel Mac OS X 10_10_1) AppleWebKit/537.36 (KHTML, like Gecko) Chrome/41.0.2227.1 Safari/537.36" 
40.112.53.189 - - [21/Jun/2020:05:31:23 -0700] "GET /file/b82c73b8de6f7df63d691de84ffee6cc HTTP/1.1" 200 8334 "https://stream.jeremycherfas.net/2017/how-they-serve-an-espresso" "Mozilla/5.0 (Macintosh; Intel Mac OS X 10_10_1) AppleWebKit/537.36 (KHTML, like Gecko) Chrome/41.0.2227.1 Safari/537.36" 
40.112.53.189 - - [21/Jun/2020:05:31:23 -0700] "GET /file/e8931f331944973fcced7849a701296b HTTP/1.1" 200 7539 "https://stream.jeremycherfas.net/2017/how-they-serve-an-espresso" "Mozilla/5.0 (Macintosh; Intel Mac OS X 10_10_1) AppleWebKit/537.36 (KHTML, like Gecko) Chrome/41.0.2227.1 Safari/537.36" 
