54.36.148.202 - - [20/Jun/2020:06:53:51 -0700] "GET /2020/checked-into-charlotte-clt HTTP/1.1" 200 9561 "-" "Mozilla/5.0 (compatible; AhrefsBot/6.1; +http://ahrefs.com/robot/)" 
46.229.168.142 - - [20/Jun/2020:06:54:02 -0700] "GET /content/all/?offset=0 HTTP/1.1" 200 11755 "-" "Mozilla/5.0 (compatible; SemrushBot/6~bl; +http://www.semrush.com/bot.html)" 
96.126.125.129 - - [20/Jun/2020:06:55:35 -0700] "GET /content/statusupdates/posts/photos/checkins/bookmarkedpages?_t=rss HTTP/1.1" 200 7427 "-" "Micro.blog/1.0" 
46.229.168.131 - - [20/Jun/2020:06:56:17 -0700] "GET /robots.txt HTTP/1.1" 200 4276 "-" "Mozilla/5.0 (compatible; SemrushBot/6~bl; +http://www.semrush.com/bot.html)" 
46.229.168.132 - - [20/Jun/2020:06:56:18 -0700] "GET /content/posts/?q=%23graingathering2017 HTTP/1.1" 200 8294 "-" "Mozilla/5.0 (compatible; SemrushBot/6~bl; +http://www.semrush.com/bot.html)" 
46.229.168.133 - - [20/Jun/2020:06:56:20 -0700] "GET /tag/indieweb?offset=100 HTTP/1.1" 200 13904 "-" "Mozilla/5.0 (compatible; SemrushBot/6~bl; +http://www.semrush.com/bot.html)" 
46.229.168.152 - - [20/Jun/2020:06:56:28 -0700] "GET /?q=%23marmalade HTTP/1.1" 200 10085 "-" "Mozilla/5.0 (compatible; SemrushBot/6~bl; +http://www.semrush.com/bot.html)" 
45.83.220.223 - - [20/Jun/2020:06:56:59 -0700] "GET /content/all?_t=rss HTTP/1.1" 200 13896 "-" "Mozilla/5.0 (X11; U; Linux i686; fr; rv:1.9.1.1) Gecko/20090715 Firefox/3.5.1" 
46.229.168.150 - - [20/Jun/2020:06:57:10 -0700] "GET /2019/what-is-the-woman-on-the-left HTTP/1.1" 200 9412 "-" "Mozilla/5.0 (compatible; SemrushBot/6~bl; +http://www.semrush.com/bot.html)" 
46.229.168.151 - - [20/Jun/2020:06:57:20 -0700] "GET /content/audio/?q=%23courses HTTP/1.1" 200 8273 "-" "Mozilla/5.0 (compatible; SemrushBot/6~bl; +http://www.semrush.com/bot.html)" 
54.36.148.210 - - [20/Jun/2020:06:57:32 -0700] "GET /content/posts/?q=%23quill&offset=9 HTTP/1.1" 200 8641 "-" "Mozilla/5.0 (compatible; AhrefsBot/6.1; +http://ahrefs.com/robot/)" 
46.229.168.139 - - [20/Jun/2020:06:57:54 -0700] "GET /?offset=1&q=%23%2B%23podcast HTTP/1.1" 200 11865 "-" "Mozilla/5.0 (compatible; SemrushBot/6~bl; +http://www.semrush.com/bot.html)" 
46.229.168.131 - - [20/Jun/2020:06:58:23 -0700] "GET /tag/IndieWeb?offset=85 HTTP/1.1" 200 14079 "-" "Mozilla/5.0 (compatible; SemrushBot/6~bl; +http://www.semrush.com/bot.html)" 
54.36.148.81 - - [20/Jun/2020:06:59:22 -0700] "GET /2018/our-daily-bread-18---allied-forever2vii30lqicwsize-brings-benefits-to HTTP/1.1" 200 14100 "-" "Mozilla/5.0 (compatible; AhrefsBot/6.1; +http://ahrefs.com/robot/)" 
46.229.168.133 - - [20/Jun/2020:06:59:45 -0700] "GET /2018/well-worth-waiting-for-dense-crumb-chewy-crust-great-flavour HTTP/1.1" 200 10663 "-" "Mozilla/5.0 (compatible; SemrushBot/6~bl; +http://www.semrush.com/bot.html)" 
46.229.168.147 - - [20/Jun/2020:07:00:06 -0700] "GET /2019/ive-always-fond-rss-indispensable-as-for HTTP/1.1" 200 9496 "-" "Mozilla/5.0 (compatible; SemrushBot/6~bl; +http://www.semrush.com/bot.html)" 
46.229.168.135 - - [20/Jun/2020:07:00:07 -0700] "GET /content/all/?offset=4&q=%23WithKnown HTTP/1.1" 200 10866 "-" "Mozilla/5.0 (compatible; SemrushBot/6~bl; +http://www.semrush.com/bot.html)" 
54.36.149.101 - - [20/Jun/2020:07:00:16 -0700] "GET /?q=%23+%23sourdough&offset=20 HTTP/1.1" 200 11696 "-" "Mozilla/5.0 (compatible; AhrefsBot/6.1; +http://ahrefs.com/robot/)" 
64.111.100.215 - - [20/Jun/2020:07:00:38 -0700] "GET /content/all?_t=rss HTTP/1.1" 200 13896 "-" "Mozilla/5.0 (X11; U; Linux i686; fr; rv:1.9.1.1) Gecko/20090715 Firefox/3.5.1" 
54.36.148.201 - - [20/Jun/2020:07:01:12 -0700] "GET /content/all/?q=%23+%23sourdough&offset=20 HTTP/1.1" 200 11719 "-" "Mozilla/5.0 (compatible; AhrefsBot/6.1; +http://ahrefs.com/robot/)" 
85.208.96.67 - - [20/Jun/2020:07:01:18 -0700] "GET /?_t=rss HTTP/1.1" 200 7175 "-" "Mozilla/5.0 (compatible; SemrushBot/1.0~bm; +http://www.semrush.com/bot.html)" 
46.229.168.145 - - [20/Jun/2020:07:01:47 -0700] "GET /content/statusupdates/?q=%23sourdough HTTP/1.1" 200 9548 "-" "Mozilla/5.0 (compatible; SemrushBot/6~bl; +http://www.semrush.com/bot.html)" 
46.229.168.135 - - [20/Jun/2020:07:02:05 -0700] "GET /2019/just-published-the-latest-issue-of-eat HTTP/1.1" 200 9421 "-" "Mozilla/5.0 (compatible; SemrushBot/6~bl; +http://www.semrush.com/bot.html)" 
46.229.168.137 - - [20/Jun/2020:07:02:27 -0700] "GET /file/1423885c43755777e347ba42b4c58a42/073c42a7f953ab1867c2076937c9a7e4 HTTP/1.1" 500 49002 "-" "Mozilla/5.0 (compatible; SemrushBot/6~bl; +http://www.semrush.com/bot.html)" 
54.36.148.121 - - [20/Jun/2020:07:03:04 -0700] "GET /2018/our-daily-bread-16---water-and-powerdckc30lodemthe-rotary-quern HTTP/1.1" 200 10207 "-" "Mozilla/5.0 (compatible; AhrefsBot/6.1; +http://ahrefs.com/robot/)" 
207.46.13.166 - - [20/Jun/2020:07:03:35 -0700] "GET /2020/this-morning-twitter-kissed-culture-hard-on-the-mouth-cultureby HTTP/1.1" 200 10068 "-" "Mozilla/5.0 (compatible; bingbot/2.0; +http://www.bing.com/bingbot.htm)" 
46.229.168.145 - - [20/Jun/2020:07:03:40 -0700] "GET /content/all/?q=%23withknown HTTP/1.1" 200 14371 "-" "Mozilla/5.0 (compatible; SemrushBot/6~bl; +http://www.semrush.com/bot.html)" 
46.229.168.148 - - [20/Jun/2020:07:03:49 -0700] "GET /content/all/?offset=0&q=%23IndieWeb HTTP/1.1" 200 14855 "-" "Mozilla/5.0 (compatible; SemrushBot/6~bl; +http://www.semrush.com/bot.html)" 
54.36.148.201 - - [20/Jun/2020:07:04:01 -0700] "GET /content/statusupdates/?q=%23+%23IndieWeb HTTP/1.1" 200 11762 "-" "Mozilla/5.0 (compatible; AhrefsBot/6.1; +http://ahrefs.com/robot/)" 
46.229.168.147 - - [20/Jun/2020:07:05:38 -0700] "GET /content/audio/?q=%23Corfu HTTP/1.1" 200 8297 "-" "Mozilla/5.0 (compatible; SemrushBot/6~bl; +http://www.semrush.com/bot.html)" 
46.229.168.154 - - [20/Jun/2020:07:05:44 -0700] "GET /content/posts/?offset=30&q=%23indieweb HTTP/1.1" 200 9012 "-" "Mozilla/5.0 (compatible; SemrushBot/6~bl; +http://www.semrush.com/bot.html)" 
46.229.168.154 - - [20/Jun/2020:07:05:44 -0700] "GET /2017/wouldnt-it-be-nice-if-microblog-could-talk-to-withknown HTTP/1.1" 200 11035 "-" "Mozilla/5.0 (compatible; SemrushBot/6~bl; +http://www.semrush.com/bot.html)" 
46.229.168.135 - - [20/Jun/2020:07:05:52 -0700] "GET /content/all/?offset=129&q=%23IndieWeb HTTP/1.1" 200 12629 "-" "Mozilla/5.0 (compatible; SemrushBot/6~bl; +http://www.semrush.com/bot.html)" 
46.229.168.133 - - [20/Jun/2020:07:06:15 -0700] "GET /content/all/?q=%23diet HTTP/1.1" 200 8915 "-" "Mozilla/5.0 (compatible; SemrushBot/6~bl; +http://www.semrush.com/bot.html)" 
54.36.148.81 - - [20/Jun/2020:07:06:37 -0700] "GET /2017/good-point-about-the-transaction-fees----which-is-why HTTP/1.1" 200 9543 "-" "Mozilla/5.0 (compatible; AhrefsBot/6.1; +http://ahrefs.com/robot/)" 
46.229.168.145 - - [20/Jun/2020:07:06:38 -0700] "GET /content/photos/?offset=23&q=%23bread HTTP/1.1" 200 12635 "-" "Mozilla/5.0 (compatible; SemrushBot/6~bl; +http://www.semrush.com/bot.html)" 
46.229.168.151 - - [20/Jun/2020:07:06:56 -0700] "GET /tag/Indieweb?offset=87 HTTP/1.1" 200 15491 "-" "Mozilla/5.0 (compatible; SemrushBot/6~bl; +http://www.semrush.com/bot.html)" 
46.229.168.150 - - [20/Jun/2020:07:07:36 -0700] "GET /2018/untitled-13 HTTP/1.1" 200 9872 "-" "Mozilla/5.0 (compatible; SemrushBot/6~bl; +http://www.semrush.com/bot.html)" 
85.208.96.67 - - [20/Jun/2020:07:07:55 -0700] "GET /2020/im-perfectly-happy-that-scott-nesbitt-decided HTTP/1.1" 200 9487 "-" "Mozilla/5.0 (compatible; SemrushBot/1.0~bm; +http://www.semrush.com/bot.html)" 
85.208.96.66 - - [20/Jun/2020:07:08:05 -0700] "GET /2020/interesting-tip-if-your-aeropress-is-slipping HTTP/1.1" 200 10018 "-" "Mozilla/5.0 (compatible; SemrushBot/1.0~bm; +http://www.semrush.com/bot.html)" 
85.208.96.71 - - [20/Jun/2020:07:08:11 -0700] "GET /2020/on-second-thoughts-maybe-the-reason-my HTTP/1.1" 200 9686 "-" "Mozilla/5.0 (compatible; SemrushBot/1.0~bm; +http://www.semrush.com/bot.html)" 
207.46.13.60 - - [20/Jun/2020:07:08:17 -0700] "GET /2019/where-bicycles-come-to-die HTTP/1.1" 200 12759 "-" "Mozilla/5.0 (compatible; bingbot/2.0; +http://www.bing.com/bingbot.htm)" 
85.208.96.71 - - [20/Jun/2020:07:08:21 -0700] "GET /2020/so-happy-to-see-helen-rosner-hels HTTP/1.1" 200 9443 "-" "Mozilla/5.0 (compatible; SemrushBot/1.0~bm; +http://www.semrush.com/bot.html)" 
54.36.148.234 - - [20/Jun/2020:07:08:23 -0700] "GET /content/rsvp/?q=%23+%23IndieWeb HTTP/1.1" 200 8973 "-" "Mozilla/5.0 (compatible; AhrefsBot/6.1; +http://ahrefs.com/robot/)" 
85.208.96.71 - - [20/Jun/2020:07:08:26 -0700] "GET /2020/very-happy-with-the-service-from-widefitshoes HTTP/1.1" 200 9420 "-" "Mozilla/5.0 (compatible; SemrushBot/1.0~bm; +http://www.semrush.com/bot.html)" 
159.65.67.69 - - [20/Jun/2020:07:08:27 -0700] "GET /?_t=rss HTTP/1.1" 304 3495 "-" "Feedbin feed-id:1536727 - 1 subscribers" 
85.208.96.67 - - [20/Jun/2020:07:08:34 -0700] "GET /2020/whats-so-very-strange-about-reading-this HTTP/1.1" 200 9402 "-" "Mozilla/5.0 (compatible; SemrushBot/1.0~bm; +http://www.semrush.com/bot.html)" 
46.229.168.151 - - [20/Jun/2020:07:08:42 -0700] "GET /2018/2018-05-17 HTTP/1.1" 200 11841 "-" "Mozilla/5.0 (compatible; SemrushBot/6~bl; +http://www.semrush.com/bot.html)" 
46.229.168.154 - - [20/Jun/2020:07:08:59 -0700] "GET /content/statusupdates/?offset=24&q=%23%2B%23%23indieweb HTTP/1.1" 200 10588 "-" "Mozilla/5.0 (compatible; SemrushBot/6~bl; +http://www.semrush.com/bot.html)" 
54.36.149.66 - - [20/Jun/2020:07:09:17 -0700] "GET /content/audio/?q=%23+%23IndieWeb HTTP/1.1" 200 8292 "-" "Mozilla/5.0 (compatible; AhrefsBot/6.1; +http://ahrefs.com/robot/)" 
45.79.26.51 - - [20/Jun/2020:07:09:26 -0700] "GET /content/statusupdates/posts/photos/checkins/bookmarkedpages?_t=rss HTTP/1.1" 200 7422 "-" "Micro.blog/1.0" 
46.229.168.143 - - [20/Jun/2020:07:09:41 -0700] "GET /content/all/?offset=12&q=%23%2B%23podcast HTTP/1.1" 200 11853 "-" "Mozilla/5.0 (compatible; SemrushBot/6~bl; +http://www.semrush.com/bot.html)" 
54.36.148.14 - - [20/Jun/2020:07:10:11 -0700] "GET /content/events/?q=%23+%23IndieWeb HTTP/1.1" 200 8294 "-" "Mozilla/5.0 (compatible; AhrefsBot/6.1; +http://ahrefs.com/robot/)" 
107.178.236.24 - - [20/Jun/2020:07:10:46 -0700] "HEAD /2020/very-happy-with-the-service-from-widefitshoes HTTP/1.1" 200 4349 "-" "Bridgy (https://brid.gy/about)" 
46.229.168.147 - - [20/Jun/2020:07:11:07 -0700] "GET /content/all/?offset=34&q=%23bread HTTP/1.1" 200 12233 "-" "Mozilla/5.0 (compatible; SemrushBot/6~bl; +http://www.semrush.com/bot.html)" 
54.36.149.73 - - [20/Jun/2020:07:11:12 -0700] "GET /content/locations/?q=%23+%23IndieWeb HTTP/1.1" 200 8300 "-" "Mozilla/5.0 (compatible; AhrefsBot/6.1; +http://ahrefs.com/robot/)" 
46.229.168.130 - - [20/Jun/2020:07:11:33 -0700] "GET /content/all/?offset=29&q=%23sourdough HTTP/1.1" 200 11391 "-" "Mozilla/5.0 (compatible; SemrushBot/6~bl; +http://www.semrush.com/bot.html)" 
46.229.168.147 - - [20/Jun/2020:07:11:40 -0700] "GET /?offset=130 HTTP/1.1" 200 11064 "-" "Mozilla/5.0 (compatible; SemrushBot/6~bl; +http://www.semrush.com/bot.html)" 
40.77.167.148 - - [20/Jun/2020:07:11:54 -0700] "GET /2017/am-i-now-completely-shut-out-of-microblog-and-if HTTP/1.1" 200 10337 "-" "Mozilla/5.0 (compatible; bingbot/2.0; +http://www.bing.com/bingbot.htm)" 
54.36.148.201 - - [20/Jun/2020:07:12:13 -0700] "GET /content/photos/?q=%23+%23IndieWeb HTTP/1.1" 200 9080 "-" "Mozilla/5.0 (compatible; AhrefsBot/6.1; +http://ahrefs.com/robot/)" 
96.126.125.129 - - [20/Jun/2020:07:12:41 -0700] "GET /content/statusupdates/posts/photos/checkins/bookmarkedpages?_t=rss HTTP/1.1" 200 7427 "-" "Micro.blog/1.0" 
46.229.168.150 - - [20/Jun/2020:07:12:51 -0700] "GET /content/all/?offset=23&q=%23%2B%23WithKnown HTTP/1.1" 200 13008 "-" "Mozilla/5.0 (compatible; SemrushBot/6~bl; +http://www.semrush.com/bot.html)" 
46.229.168.152 - - [20/Jun/2020:07:13:03 -0700] "GET /content/all/?offset=0&q=%23%2B%23Rome HTTP/1.1" 200 13202 "-" "Mozilla/5.0 (compatible; SemrushBot/6~bl; +http://www.semrush.com/bot.html)" 
173.230.155.197 - - [20/Jun/2020:07:13:19 -0700] "GET / HTTP/1.1" 200 56467 "-" "Mozilla/5.0 (Macintosh; Intel Mac OS X 10_12_1) AppleWebKit/537.36 (KHTML, like Gecko) Chrome/57.0.2987.133 Safari/537.36 p3k-http/0.1.5 p3k-watchtower/0.1" 
54.36.148.21 - - [20/Jun/2020:07:14:25 -0700] "GET /2020/hey-uber_support-when-are-you-going-to HTTP/1.1" 200 10110 "-" "Mozilla/5.0 (compatible; AhrefsBot/6.1; +http://ahrefs.com/robot/)" 
46.229.168.148 - - [20/Jun/2020:07:15:16 -0700] "GET /?offset=11&q=%23photo HTTP/1.1" 200 13592 "-" "Mozilla/5.0 (compatible; SemrushBot/6~bl; +http://www.semrush.com/bot.html)" 
54.36.148.111 - - [20/Jun/2020:07:15:35 -0700] "GET /2019/yes-if-you-still-need-one HTTP/1.1" 200 10018 "-" "Mozilla/5.0 (compatible; AhrefsBot/6.1; +http://ahrefs.com/robot/)" 
64.111.100.215 - - [20/Jun/2020:07:16:02 -0700] "GET /content/all?_t=rss HTTP/1.1" 200 13896 "-" "Mozilla/5.0 (X11; U; Linux i686; fr; rv:1.9.1.1) Gecko/20090715 Firefox/3.5.1" 
96.126.125.129 - - [20/Jun/2020:07:16:07 -0700] "GET /content/statusupdates/posts/photos/checkins/bookmarkedpages?_t=rss HTTP/1.1" 200 7427 "-" "Micro.blog/1.0" 
46.229.168.130 - - [20/Jun/2020:07:16:17 -0700] "GET /2018/how-to-download-all-of-your-flickr-photos-and-metadata HTTP/1.1" 200 9367 "-" "Mozilla/5.0 (compatible; SemrushBot/6~bl; +http://www.semrush.com/bot.html)" 
46.229.168.136 - - [20/Jun/2020:07:16:19 -0700] "GET /content/bookmarkedpages/?q=%23%2B%23realbread HTTP/1.1" 200 8337 "-" "Mozilla/5.0 (compatible; SemrushBot/6~bl; +http://www.semrush.com/bot.html)" 
46.229.168.154 - - [20/Jun/2020:07:16:42 -0700] "GET /content/bookmarkedpages/?offset=120 HTTP/1.1" 200 10821 "-" "Mozilla/5.0 (compatible; SemrushBot/6~bl; +http://www.semrush.com/bot.html)" 
54.36.148.81 - - [20/Jun/2020:07:16:49 -0700] "GET /content/photos/ HTTP/1.1" 200 11542 "-" "Mozilla/5.0 (compatible; AhrefsBot/6.1; +http://ahrefs.com/robot/)" 
46.229.168.133 - - [20/Jun/2020:07:17:11 -0700] "GET /content/events/?q=%23%2B%23cooking HTTP/1.1" 200 8289 "-" "Mozilla/5.0 (compatible; SemrushBot/6~bl; +http://www.semrush.com/bot.html)" 
46.229.168.153 - - [20/Jun/2020:07:17:38 -0700] "GET /2018/a-fuckbonnet-for-our-time-the-audacity-of-despair HTTP/1.1" 200 9378 "-" "Mozilla/5.0 (compatible; SemrushBot/6~bl; +http://www.semrush.com/bot.html)" 
46.229.168.139 - - [20/Jun/2020:07:17:52 -0700] "GET /content/all/?offset=220 HTTP/1.1" 200 11625 "-" "Mozilla/5.0 (compatible; SemrushBot/6~bl; +http://www.semrush.com/bot.html)" 
46.229.168.135 - - [20/Jun/2020:07:18:11 -0700] "GET /?offset=36&q=%23%2B%23bread HTTP/1.1" 200 12091 "-" "Mozilla/5.0 (compatible; SemrushBot/6~bl; +http://www.semrush.com/bot.html)" 
46.229.168.134 - - [20/Jun/2020:07:18:46 -0700] "GET /content/bookmarkedpages/?offset=190 HTTP/1.1" 200 10673 "-" "Mozilla/5.0 (compatible; SemrushBot/6~bl; +http://www.semrush.com/bot.html)" 
46.229.168.154 - - [20/Jun/2020:07:18:51 -0700] "GET /content/photos/?q=%23%2B%23sourdough HTTP/1.1" 200 12148 "-" "Mozilla/5.0 (compatible; SemrushBot/6~bl; +http://www.semrush.com/bot.html)" 
54.36.149.54 - - [20/Jun/2020:07:19:10 -0700] "GET /robots.txt HTTP/1.1" 200 4284 "-" "Mozilla/5.0 (compatible; AhrefsBot/6.1; +http://ahrefs.com/robot/)" 
54.36.148.201 - - [20/Jun/2020:07:19:14 -0700] "GET /content/bookmarkedpages/?q=%23IndieWeb&offset=21 HTTP/1.1" 200 12364 "-" "Mozilla/5.0 (compatible; AhrefsBot/6.1; +http://ahrefs.com/robot/)" 
207.46.13.166 - - [20/Jun/2020:07:20:05 -0700] "GET /2018/how-to-discourage-enterprise-in-the-english-countryside HTTP/1.1" 304 4068 "-" "Mozilla/5.0 (compatible; bingbot/2.0; +http://www.bing.com/bingbot.htm)" 
66.249.92.45 - - [20/Jun/2020:07:20:24 -0700] "GET /2018/whats-the-problem HTTP/1.1" 200 11197 "-" "Mozilla/5.0 (compatible; GoogleDocs; apps-spreadsheets; +http://docs.google.com)" 
54.36.148.81 - - [20/Jun/2020:07:20:24 -0700] "GET /content/photos/?offset=123 HTTP/1.1" 200 10745 "-" "Mozilla/5.0 (compatible; AhrefsBot/6.1; +http://ahrefs.com/robot/)" 
46.229.168.130 - - [20/Jun/2020:07:20:31 -0700] "GET /2020/coronavirus-extraordinary-decisions-for-italian-doctors---the-atlantic HTTP/1.1" 200 9384 "-" "Mozilla/5.0 (compatible; SemrushBot/6~bl; +http://www.semrush.com/bot.html)" 
54.36.149.29 - - [20/Jun/2020:07:21:37 -0700] "GET /?offset=1640 HTTP/1.1" 200 11238 "-" "Mozilla/5.0 (compatible; AhrefsBot/6.1; +http://ahrefs.com/robot/)" 
46.229.168.138 - - [20/Jun/2020:07:22:09 -0700] "GET /tag/Sourdough?offset=26 HTTP/1.1" 200 11317 "-" "Mozilla/5.0 (compatible; SemrushBot/6~bl; +http://www.semrush.com/bot.html)" 
46.229.168.154 - - [20/Jun/2020:07:22:41 -0700] "GET /content/photos/?q=%23webmention HTTP/1.1" 200 8280 "-" "Mozilla/5.0 (compatible; SemrushBot/6~bl; +http://www.semrush.com/bot.html)" 
54.36.149.67 - - [20/Jun/2020:07:22:47 -0700] "GET /2017/entirely-by-coincidence-i-am-sure-this-morning-i-once HTTP/1.1" 200 9596 "-" "Mozilla/5.0 (compatible; AhrefsBot/6.1; +http://ahrefs.com/robot/)" 
46.229.168.133 - - [20/Jun/2020:07:22:53 -0700] "GET /2018/the-release-of-gitsync-20-for-grav HTTP/1.1" 200 9423 "-" "Mozilla/5.0 (compatible; SemrushBot/6~bl; +http://www.semrush.com/bot.html)" 
96.126.125.129 - - [20/Jun/2020:07:22:53 -0700] "GET /content/statusupdates/posts/photos/checkins/bookmarkedpages?_t=rss HTTP/1.1" 200 7427 "-" "Micro.blog/1.0" 
46.229.168.153 - - [20/Jun/2020:07:23:01 -0700] "GET /tag/WithKnown?offset=5 HTTP/1.1" 200 10865 "-" "Mozilla/5.0 (compatible; SemrushBot/6~bl; +http://www.semrush.com/bot.html)" 
207.46.13.166 - - [20/Jun/2020:07:23:07 -0700] "GET /2019/the-park-may-have-been-closed-but-the-sky-was HTTP/1.1" 200 13352 "-" "Mozilla/5.0 (compatible; bingbot/2.0; +http://www.bing.com/bingbot.htm)" 
46.229.168.153 - - [20/Jun/2020:07:23:54 -0700] "GET /2019/emptiness HTTP/1.1" 200 10043 "-" "Mozilla/5.0 (compatible; SemrushBot/6~bl; +http://www.semrush.com/bot.html)" 
54.36.148.201 - - [20/Jun/2020:07:24:09 -0700] "GET /2017/patreons-change-of-heart-is-indeed-welcome-although-i-am HTTP/1.1" 200 10921 "-" "Mozilla/5.0 (compatible; AhrefsBot/6.1; +http://ahrefs.com/robot/)" 
66.249.66.46 - - [20/Jun/2020:07:24:57 -0700] "GET /robots.txt HTTP/1.1" 200 4857 "-" "Mozilla/5.0 (compatible; Googlebot/2.1; +http://www.google.com/bot.html)" 
66.249.66.48 - - [20/Jun/2020:07:24:57 -0700] "GET /2019/hard-to-do-it-justice-with-just-the-phone HTTP/1.1" 200 12822 "-" "Mozilla/5.0 (Linux; Android 6.0.1; Nexus 5X Build/MMB29P) AppleWebKit/537.36 (KHTML, like Gecko) Chrome/80.0.3987.92 Mobile Safari/537.36 (compatible; Googlebot/2.1; +http://www.google.com/bot.html)" 
207.46.13.166 - - [20/Jun/2020:07:25:23 -0700] "GET / HTTP/1.1" 200 12290 "-" "Mozilla/5.0 (compatible; bingbot/2.0; +http://www.bing.com/bingbot.htm)" 
54.36.148.1 - - [20/Jun/2020:07:25:27 -0700] "GET /content/all/?offset=1630 HTTP/1.1" 200 11462 "-" "Mozilla/5.0 (compatible; AhrefsBot/6.1; +http://ahrefs.com/robot/)" 
46.229.168.143 - - [20/Jun/2020:07:25:41 -0700] "GET /content/bookmarkedpages/?q=%23non HTTP/1.1" 200 8304 "-" "Mozilla/5.0 (compatible; SemrushBot/6~bl; +http://www.semrush.com/bot.html)" 
66.249.66.44 - - [20/Jun/2020:07:25:58 -0700] "GET /2017/all-hail-the-new-graduates-of-u-day-2-much HTTP/1.1" 200 11633 "-" "Mozilla/5.0 (Linux; Android 6.0.1; Nexus 5X Build/MMB29P) AppleWebKit/537.36 (KHTML, like Gecko) Chrome/80.0.3987.92 Mobile Safari/537.36 (compatible; Googlebot/2.1; +http://www.google.com/bot.html)" 
46.229.168.131 - - [20/Jun/2020:07:26:23 -0700] "GET /content/all/?offset=56&q=%23%2B%23sourdough HTTP/1.1" 200 8852 "-" "Mozilla/5.0 (compatible; SemrushBot/6~bl; +http://www.semrush.com/bot.html)" 
46.229.168.141 - - [20/Jun/2020:07:27:37 -0700] "GET /content/bookmarkedpages?offset=140 HTTP/1.1" 200 10502 "-" "Mozilla/5.0 (compatible; SemrushBot/6~bl; +http://www.semrush.com/bot.html)" 
46.229.168.150 - - [20/Jun/2020:07:27:51 -0700] "GET /2017/shosh_yossef-whatever-platform-you-choose-you-might-also-want-to HTTP/1.1" 200 9843 "-" "Mozilla/5.0 (compatible; SemrushBot/6~bl; +http://www.semrush.com/bot.html)" 
46.229.168.151 - - [20/Jun/2020:07:28:04 -0700] "GET /content/posts/?offset=83 HTTP/1.1" 200 10985 "-" "Mozilla/5.0 (compatible; SemrushBot/6~bl; +http://www.semrush.com/bot.html)" 
46.229.168.163 - - [20/Jun/2020:07:28:52 -0700] "GET /content/all/?offset=57&q=%23%2B%23indieweb HTTP/1.1" 200 12574 "-" "Mozilla/5.0 (compatible; SemrushBot/6~bl; +http://www.semrush.com/bot.html)" 
46.229.168.132 - - [20/Jun/2020:07:28:52 -0700] "GET /content/photos/?offset=10&q=%23Sourdough HTTP/1.1" 200 12102 "-" "Mozilla/5.0 (compatible; SemrushBot/6~bl; +http://www.semrush.com/bot.html)" 
46.229.168.147 - - [20/Jun/2020:07:29:03 -0700] "GET /?offset=35&q=%23%2B%23sourdough HTTP/1.1" 200 11204 "-" "Mozilla/5.0 (compatible; SemrushBot/6~bl; +http://www.semrush.com/bot.html)" 
46.229.168.151 - - [20/Jun/2020:07:29:53 -0700] "GET /content/photos/?offset=31&q=%23sourdough HTTP/1.1" 200 11237 "-" "Mozilla/5.0 (compatible; SemrushBot/6~bl; +http://www.semrush.com/bot.html)" 
46.229.168.130 - - [20/Jun/2020:07:30:34 -0700] "GET /content/rsvp/?q=%23multigrain HTTP/1.1" 200 8278 "-" "Mozilla/5.0 (compatible; SemrushBot/6~bl; +http://www.semrush.com/bot.html)" 
64.111.100.215 - - [20/Jun/2020:07:31:03 -0700] "GET /content/all?_t=rss HTTP/1.1" 200 13896 "-" "Mozilla/5.0 (X11; U; Linux i686; fr; rv:1.9.1.1) Gecko/20090715 Firefox/3.5.1" 
46.229.168.131 - - [20/Jun/2020:07:31:03 -0700] "GET /content/photos/?offset=50&q=%23bread HTTP/1.1" 200 11474 "-" "Mozilla/5.0 (compatible; SemrushBot/6~bl; +http://www.semrush.com/bot.html)" 
64.111.100.215 - - [20/Jun/2020:07:31:04 -0700] "GET /content/all?_t=rss HTTP/1.1" 200 13896 "-" "Mozilla/5.0 (X11; U; Linux i686; fr; rv:1.9.1.1) Gecko/20090715 Firefox/3.5.1" 
46.229.168.163 - - [20/Jun/2020:07:31:29 -0700] "GET /content/posts/?offset=75 HTTP/1.1" 200 13346 "-" "Mozilla/5.0 (compatible; SemrushBot/6~bl; +http://www.semrush.com/bot.html)" 
46.229.168.138 - - [20/Jun/2020:07:32:27 -0700] "GET /content/posts?offset=80 HTTP/1.1" 200 11839 "-" "Mozilla/5.0 (compatible; SemrushBot/6~bl; +http://www.semrush.com/bot.html)" 
47.244.228.65 - - [20/Jun/2020:07:33:04 -0700] "GET /xmlrpc.php HTTP/1.1" 404 17475 "-" "Mozilla/5.0 (Windows NT 6.1; WOW64; rv:45.0) Gecko/20100101 Firefox/45.0" 
46.229.168.130 - - [20/Jun/2020:07:34:38 -0700] "GET /2019/uses-this-jesse-kriss HTTP/1.1" 200 9530 "-" "Mozilla/5.0 (compatible; SemrushBot/6~bl; +http://www.semrush.com/bot.html)" 
46.229.168.154 - - [20/Jun/2020:07:34:44 -0700] "GET /content/photos/?offset=220 HTTP/1.1" 200 11400 "-" "Mozilla/5.0 (compatible; SemrushBot/6~bl; +http://www.semrush.com/bot.html)" 
54.36.148.29 - - [20/Jun/2020:07:35:23 -0700] "GET /2018/i-wish-i-agreed-that-a-code/annotations/801593a1fe0b3e8def59e83e5c063e19 HTTP/1.1" 200 7998 "-" "Mozilla/5.0 (compatible; AhrefsBot/6.1; +http://ahrefs.com/robot/)" 
46.229.168.139 - - [20/Jun/2020:07:35:34 -0700] "GET /content/statusupdates/?offset=14&q=%23IndieWeb HTTP/1.1" 200 11031 "-" "Mozilla/5.0 (compatible; SemrushBot/6~bl; +http://www.semrush.com/bot.html)" 
46.229.168.145 - - [20/Jun/2020:07:36:24 -0700] "GET /content/all/?q=%23%2B%23non-fiction HTTP/1.1" 200 10803 "-" "Mozilla/5.0 (compatible; SemrushBot/6~bl; +http://www.semrush.com/bot.html)" 
46.229.168.151 - - [20/Jun/2020:07:36:32 -0700] "GET /content/all/?offset=43&q=%23podcast HTTP/1.1" 200 13003 "-" "Mozilla/5.0 (compatible; SemrushBot/6~bl; +http://www.semrush.com/bot.html)" 
198.58.103.36 - - [20/Jun/2020:07:36:57 -0700] "GET /content/statusupdates/posts/bookmarkedpages?_t=rss HTTP/1.1" 200 7440 "-" "Superfeedr bot/2.0 http://superfeedr.com - Make your feeds realtime: get in touch - feed-id:1247440030" 
207.46.13.60 - - [20/Jun/2020:07:36:58 -0700] "GET /tag/+%23rustic HTTP/1.1" 200 10723 "-" "Mozilla/5.0 (compatible; bingbot/2.0; +http://www.bing.com/bingbot.htm)" 
46.229.168.151 - - [20/Jun/2020:07:37:48 -0700] "GET /?q=%23antibiotics HTTP/1.1" 200 9752 "-" "Mozilla/5.0 (compatible; SemrushBot/6~bl; +http://www.semrush.com/bot.html)" 
66.249.92.49 - - [20/Jun/2020:07:37:49 -0700] "GET /2018/whats-the-problem HTTP/1.1" 200 11201 "-" "Mozilla/5.0 (compatible; GoogleDocs; apps-spreadsheets; +http://docs.google.com)" 
54.36.149.89 - - [20/Jun/2020:07:38:14 -0700] "GET /2018/far-and-away-the-weirdest-nagware-ive/annotations/b0575f476efdac863aed14cc89812f27 HTTP/1.1" 200 8033 "-" "Mozilla/5.0 (compatible; AhrefsBot/6.1; +http://ahrefs.com/robot/)" 
40.77.167.148 - - [20/Jun/2020:07:38:15 -0700] "GET /2018/it-occurs-to-me-that-people-here-might-be-interested HTTP/1.1" 200 11634 "-" "Mozilla/5.0 (compatible; bingbot/2.0; +http://www.bing.com/bingbot.htm)" 
46.229.168.148 - - [20/Jun/2020:07:38:59 -0700] "GET /content/photos/?offset=57&q=%23%2B%23%23bread HTTP/1.1" 200 11769 "-" "Mozilla/5.0 (compatible; SemrushBot/6~bl; +http://www.semrush.com/bot.html)" 
46.229.168.162 - - [20/Jun/2020:07:39:25 -0700] "GET /content/all/?offset=142&q=%23Indieweb HTTP/1.1" 200 9482 "-" "Mozilla/5.0 (compatible; SemrushBot/6~bl; +http://www.semrush.com/bot.html)" 
46.229.168.147 - - [20/Jun/2020:07:40:24 -0700] "GET /content/rsvp/?q=%23jbfa HTTP/1.1" 200 8268 "-" "Mozilla/5.0 (compatible; SemrushBot/6~bl; +http://www.semrush.com/bot.html)" 
167.172.118.185 - - [20/Jun/2020:07:41:40 -0700] "GET /?_t=rss HTTP/1.1" 304 3495 "-" "Feedbin feed-id:1536727 - 1 subscribers" 
46.229.168.136 - - [20/Jun/2020:07:41:42 -0700] "GET /2020/maybe-there-is-something-universal-about-what HTTP/1.1" 200 9928 "-" "Mozilla/5.0 (compatible; SemrushBot/6~bl; +http://www.semrush.com/bot.html)" 
46.229.168.153 - - [20/Jun/2020:07:42:07 -0700] "GET /?offset=8&q=%23WithKnown HTTP/1.1" 200 11036 "-" "Mozilla/5.0 (compatible; SemrushBot/6~bl; +http://www.semrush.com/bot.html)" 
46.229.168.142 - - [20/Jun/2020:07:42:59 -0700] "GET /2017/another-reason-we-need-to-own-our-data----because HTTP/1.1" 200 9461 "-" "Mozilla/5.0 (compatible; SemrushBot/6~bl; +http://www.semrush.com/bot.html)" 
96.126.125.129 - - [20/Jun/2020:07:43:40 -0700] "GET /content/statusupdates/posts/photos/checkins/bookmarkedpages?_t=rss HTTP/1.1" 200 7427 "-" "Micro.blog/1.0" 
46.229.168.149 - - [20/Jun/2020:07:43:44 -0700] "GET /2019/checked-into-marigold-1 HTTP/1.1" 200 9523 "-" "Mozilla/5.0 (compatible; SemrushBot/6~bl; +http://www.semrush.com/bot.html)" 
46.229.168.138 - - [20/Jun/2020:07:44:42 -0700] "GET /2017/in-so-many-respects-marijuana-is-a-mirror-of-food HTTP/1.1" 200 9698 "-" "Mozilla/5.0 (compatible; SemrushBot/6~bl; +http://www.semrush.com/bot.html)" 
64.111.100.215 - - [20/Jun/2020:07:46:06 -0700] "GET /content/all?_t=rss HTTP/1.1" 200 13896 "-" "Mozilla/5.0 (X11; U; Linux i686; fr; rv:1.9.1.1) Gecko/20090715 Firefox/3.5.1" 
46.229.168.149 - - [20/Jun/2020:07:46:07 -0700] "GET /?offset=9&q=%23leaven HTTP/1.1" 200 8966 "-" "Mozilla/5.0 (compatible; SemrushBot/6~bl; +http://www.semrush.com/bot.html)" 
207.46.13.60 - - [20/Jun/2020:07:46:14 -0700] "GET /2019/seedy-wholemeal-sourdough-from-out-of-the-fridge-to-out HTTP/1.1" 304 4068 "-" "Mozilla/5.0 (compatible; bingbot/2.0; +http://www.bing.com/bingbot.htm)" 
46.229.168.137 - - [20/Jun/2020:07:46:39 -0700] "GET /content/all?offset=160 HTTP/1.1" 200 11366 "-" "Mozilla/5.0 (compatible; SemrushBot/6~bl; +http://www.semrush.com/bot.html)" 
46.229.168.134 - - [20/Jun/2020:07:47:24 -0700] "GET /2019/excellent-news-10centuries-now-has-a-clickable HTTP/1.1" 200 9398 "-" "Mozilla/5.0 (compatible; SemrushBot/6~bl; +http://www.semrush.com/bot.html)" 
46.229.168.141 - - [20/Jun/2020:07:47:31 -0700] "GET /content/all/?offset=46&q=%23sourdough HTTP/1.1" 200 11733 "-" "Mozilla/5.0 (compatible; SemrushBot/6~bl; +http://www.semrush.com/bot.html)" 
77.88.5.71 - - [20/Jun/2020:07:47:59 -0700] "GET /2019/i-dont-know-what-this-was-exactly-except-it-was HTTP/1.1" 200 9932 "-" "Mozilla/5.0 (compatible; YandexBot/3.0; +http://yandex.com/bots)" 
192.99.10.93 - - [20/Jun/2020:07:48:41 -0700] "GET /robots.txt HTTP/1.1" 200 4288 "-" "Mozilla/5.0 (compatible; MJ12bot/v1.4.8; http://mj12bot.com/)" 
192.99.10.93 - - [20/Jun/2020:07:48:59 -0700] "GET /file/0bf3b17eddc58cbac36b08458fdf9140/9a901d713a7b6e4c733e5aaec391d2a1 HTTP/1.1" 500 49825 "-" "Mozilla/5.0 (compatible; MJ12bot/v1.4.8; http://mj12bot.com/)" 
192.99.10.93 - - [20/Jun/2020:07:49:15 -0700] "GET /file/24036a9ff31a67484f6a142398480016/615744c38db74bc98fea9d90c50889cc HTTP/1.1" 200 55648 "-" "Mozilla/5.0 (compatible; MJ12bot/v1.4.8; http://mj12bot.com/)" 
192.99.10.93 - - [20/Jun/2020:07:49:36 -0700] "GET /file/2cfb0a09d35bec87ef0a50d56b566d51/f45fd5f14544dbb289564db566e01294 HTTP/1.1" 500 121365 "-" "Mozilla/5.0 (compatible; MJ12bot/v1.4.8; http://mj12bot.com/)" 
46.229.168.137 - - [20/Jun/2020:07:49:42 -0700] "GET /2018/excess HTTP/1.1" 200 12701 "-" "Mozilla/5.0 (compatible; SemrushBot/6~bl; +http://www.semrush.com/bot.html)" 
192.99.10.93 - - [20/Jun/2020:07:49:51 -0700] "GET /file/470ab8c252204df35d26879ec93d6a43/0e8145102ac57fb8986f66374bfaf5b2 HTTP/1.1" 500 131585 "-" "Mozilla/5.0 (compatible; MJ12bot/v1.4.8; http://mj12bot.com/)" 
46.229.168.144 - - [20/Jun/2020:07:50:05 -0700] "GET /robots.txt HTTP/1.1" 200 4276 "-" "Mozilla/5.0 (compatible; SemrushBot/6~bl; +http://www.semrush.com/bot.html)" 
46.229.168.151 - - [20/Jun/2020:07:50:10 -0700] "GET /content/posts/?offset=8&q=%23%2B%23IndieWeb HTTP/1.1" 200 15569 "-" "Mozilla/5.0 (compatible; SemrushBot/6~bl; +http://www.semrush.com/bot.html)" 
192.99.10.93 - - [20/Jun/2020:07:50:10 -0700] "GET /file/7971e536217c34ae0af1fcc6c15014f7/97c1db311862d152a3d97635813c4754 HTTP/1.1" 500 140235 "-" "Mozilla/5.0 (compatible; MJ12bot/v1.4.8; http://mj12bot.com/)" 
192.99.10.93 - - [20/Jun/2020:07:50:23 -0700] "GET /file/8bdc420c0fdc5058aa432734d1cc87c8/1ee80de7d6b2a88a8ea02c0c1b4a2e85 HTTP/1.1" 500 52634 "-" "Mozilla/5.0 (compatible; MJ12bot/v1.4.8; http://mj12bot.com/)" 
192.99.10.93 - - [20/Jun/2020:07:50:37 -0700] "GET /file/92bef997544d545a7236835049b98ac2/50231704_610781759362990_5625954628161668327_n.jpg HTTP/1.1" 500 128665 "-" "Mozilla/5.0 (compatible; MJ12bot/v1.4.8; http://mj12bot.com/)" 
46.229.168.137 - - [20/Jun/2020:07:50:37 -0700] "GET /content/all/?offset=9&q=%23sourdough HTTP/1.1" 200 12224 "-" "Mozilla/5.0 (compatible; SemrushBot/6~bl; +http://www.semrush.com/bot.html)" 
46.229.168.134 - - [20/Jun/2020:07:50:53 -0700] "GET /2019/castel-santangelo-is-a-good-place-to-be-on-a HTTP/1.1" 200 13066 "-" "Mozilla/5.0 (compatible; SemrushBot/6~bl; +http://www.semrush.com/bot.html)" 
77.75.78.171 - - [20/Jun/2020:07:51:04 -0700] "GET /robots.txt HTTP/1.1" 200 4318 "-" "Mozilla/5.0 (compatible; SeznamBot/3.2; +http://napoveda.seznam.cz/en/seznambot-intro/)" 
192.99.10.93 - - [20/Jun/2020:07:51:06 -0700] "GET /file/b22c0dcf96ad08728d1cc4791f617837/3a3905f47b3e03de6d094474ab15a678 HTTP/1.1" 500 48365 "-" "Mozilla/5.0 (compatible; MJ12bot/v1.4.8; http://mj12bot.com/)" 
77.75.78.171 - - [20/Jun/2020:07:51:08 -0700] "GET /file/14d6b0d5e04c9e78a301146ac7d80a1a/thumb.jpg HTTP/1.1" 304 3529 "-" "Mozilla/5.0 (compatible; SeznamBot/3.2; +http://napoveda.seznam.cz/en/seznambot-intro/)" 
77.75.78.171 - - [20/Jun/2020:07:51:09 -0700] "GET /file/5323e86f4819ad962c270ffe7abdb3f4 HTTP/1.1" 404 14936 "-" "Mozilla/5.0 (compatible; SeznamBot/3.2; +http://napoveda.seznam.cz/en/seznambot-intro/)" 
77.75.78.171 - - [20/Jun/2020:07:51:10 -0700] "GET /content/bookmarkedpages/ HTTP/1.1" 200 8217 "-" "Mozilla/5.0 (compatible; SeznamBot/3.2; +http://napoveda.seznam.cz/en/seznambot-intro/)" 
192.99.10.93 - - [20/Jun/2020:07:51:15 -0700] "GET /file/cad79628775fffbafb629922a1c26000/01caa935ecc132338c107267463dea18 HTTP/1.1" 500 73185 "-" "Mozilla/5.0 (compatible; MJ12bot/v1.4.8; http://mj12bot.com/)" 
46.229.168.136 - - [20/Jun/2020:07:51:17 -0700] "GET /?offset=25&q=%23WithKnown HTTP/1.1" 200 12837 "-" "Mozilla/5.0 (compatible; SemrushBot/6~bl; +http://www.semrush.com/bot.html)" 
46.229.168.147 - - [20/Jun/2020:07:51:19 -0700] "GET /2018/another-reason-to-love-rss-or-feeds HTTP/1.1" 200 10016 "-" "Mozilla/5.0 (compatible; SemrushBot/6~bl; +http://www.semrush.com/bot.html)" 
192.99.10.93 - - [20/Jun/2020:07:51:25 -0700] "GET /file/cae6e33a5052d29c9229d4bb231caf93/c068933f6b1953815c265cf53ad9cd2c HTTP/1.1" 500 49825 "-" "Mozilla/5.0 (compatible; MJ12bot/v1.4.8; http://mj12bot.com/)" 
40.77.167.148 - - [20/Jun/2020:07:51:26 -0700] "GET /2018/do-websites-want-to-force-us-to-use-reader-mode HTTP/1.1" 304 4068 "-" "Mozilla/5.0 (compatible; bingbot/2.0; +http://www.bing.com/bingbot.htm)" 
192.99.10.93 - - [20/Jun/2020:07:51:38 -0700] "GET /file/d9047b64b289a137c20c6184b7da894c/b383995b69cf8a8192b3a631304bb81c HTTP/1.1" 200 45445 "-" "Mozilla/5.0 (compatible; MJ12bot/v1.4.8; http://mj12bot.com/)" 
192.99.10.93 - - [20/Jun/2020:07:51:49 -0700] "GET /file/e026dc0bd891c56eef2f4378e0adfa44/832a06de30c5c610429369b6e2e0356b HTTP/1.1" 500 52635 "-" "Mozilla/5.0 (compatible; MJ12bot/v1.4.8; http://mj12bot.com/)" 
192.99.10.93 - - [20/Jun/2020:07:52:01 -0700] "GET /file/ef21ac36aca7b90fd01be1bb092345a9/b7b672d7bc467bdf7fc10ebef3791907 HTTP/1.1" 200 125635 "-" "Mozilla/5.0 (compatible; MJ12bot/v1.4.8; http://mj12bot.com/)" 
192.99.10.93 - - [20/Jun/2020:07:52:15 -0700] "GET /file/f64fd341d84be16ea451be943697d4b6/26a6b8a08947b2784922d197a32f368b HTTP/1.1" 500 48255 "-" "Mozilla/5.0 (compatible; MJ12bot/v1.4.8; http://mj12bot.com/)" 
46.229.168.129 - - [20/Jun/2020:07:52:20 -0700] "GET /tag/withknown?offset=0 HTTP/1.1" 200 14286 "-" "Mozilla/5.0 (compatible; SemrushBot/6~bl; +http://www.semrush.com/bot.html)" 
192.99.10.93 - - [20/Jun/2020:07:52:26 -0700] "GET /service/web/imageproxy/aHR0cHM6Ly9wYnMudHdpbWcuY29tL3Byb2ZpbGVfaW1hZ2VzLzExMzQ1NjA4Njc1MjQyMzkzNjAva2pDR0M5d2UuanBn/300/square HTTP/1.1" 500 4326 "-" "Mozilla/5.0 (compatible; MJ12bot/v1.4.8; http://mj12bot.com/)" 
46.229.168.143 - - [20/Jun/2020:07:52:38 -0700] "GET /content/posts/?offset=9&q=%23quill HTTP/1.1" 200 8666 "-" "Mozilla/5.0 (compatible; SemrushBot/6~bl; +http://www.semrush.com/bot.html)" 
192.99.10.93 - - [20/Jun/2020:07:52:38 -0700] "GET /service/web/imageproxy/aHR0cHM6Ly9wYnMudHdpbWcuY29tL3Byb2ZpbGVfaW1hZ2VzLzIyODE1NDk3NzgvdHNrNzh3eWtwOGlmYW9kaWEwNXAuanBlZw,,/300/square HTTP/1.1" 200 29310 "-" "Mozilla/5.0 (compatible; MJ12bot/v1.4.8; http://mj12bot.com/)" 
192.99.10.93 - - [20/Jun/2020:07:52:50 -0700] "GET /robots.txt HTTP/1.1" 200 4312 "-" "Mozilla/5.0 (compatible; MJ12bot/v1.4.8; http://mj12bot.com/)" 
192.99.10.93 - - [20/Jun/2020:07:53:03 -0700] "GET /2017/checked-into-palazzo-del-vescovo-di-cervia HTTP/1.1" 200 9560 "-" "Mozilla/5.0 (compatible; MJ12bot/v1.4.8; http://mj12bot.com/)" 
192.99.10.93 - - [20/Jun/2020:07:53:16 -0700] "GET /2018/checked-into-burano-motori HTTP/1.1" 200 9509 "-" "Mozilla/5.0 (compatible; MJ12bot/v1.4.8; http://mj12bot.com/)" 
46.229.168.142 - - [20/Jun/2020:07:53:21 -0700] "GET /content/all/?offset=1&q=%23bread HTTP/1.1" 200 11965 "-" "Mozilla/5.0 (compatible; SemrushBot/6~bl; +http://www.semrush.com/bot.html)" 
192.99.10.93 - - [20/Jun/2020:07:53:28 -0700] "GET /2018/checked-into-via-eliano HTTP/1.1" 200 9513 "-" "Mozilla/5.0 (compatible; MJ12bot/v1.4.8; http://mj12bot.com/)" 
46.229.168.154 - - [20/Jun/2020:07:53:34 -0700] "GET /2018/a-jew-in-america-do-bianchi/annotations/40e6bc44c33558ea715d6258df0c7ae3 HTTP/1.1" 200 8319 "-" "Mozilla/5.0 (compatible; SemrushBot/6~bl; +http://www.semrush.com/bot.html)" 
192.99.10.93 - - [20/Jun/2020:07:53:40 -0700] "GET /2019/1password-6-will-stop-working-with-safari-13 HTTP/1.1" 200 9690 "-" "Mozilla/5.0 (compatible; MJ12bot/v1.4.8; http://mj12bot.com/)" 
192.99.10.93 - - [20/Jun/2020:07:53:52 -0700] "GET /2019/checked-into-not-only-wine HTTP/1.1" 200 9507 "-" "Mozilla/5.0 (compatible; MJ12bot/v1.4.8; http://mj12bot.com/)" 
207.241.229.222 - - [20/Jun/2020:07:53:59 -0700] "GET /service/web/imageproxy/aHR0cHM6Ly9wYnMudHdpbWcuY29tL3Byb2ZpbGVfaW1hZ2VzLzEyNjgyNzY2OTUxNDE5NTM1MzYvVzhwdWtRNFEuanBn/300/square HTTP/1.0" 200 27722 "https://stream.jeremycherfas.net/2020/photojazzy-this-an-awful-story-to-read" "Mozilla/5.0 (compatible; special_archiver/3.1.1 +http://www.archive.org/details/archive.org_bot)" 
192.99.10.93 - - [20/Jun/2020:07:54:06 -0700] "GET /2019/checked-into-via-di-san-pancrazio HTTP/1.1" 200 9547 "-" "Mozilla/5.0 (compatible; MJ12bot/v1.4.8; http://mj12bot.com/)" 
192.99.10.93 - - [20/Jun/2020:07:54:20 -0700] "GET /2019/jeremy-cherfas-is-looking-at-rankin-photography-on-instagram-for HTTP/1.1" 200 9596 "-" "Mozilla/5.0 (compatible; MJ12bot/v1.4.8; http://mj12bot.com/)" 
46.229.168.130 - - [20/Jun/2020:07:54:21 -0700] "GET /content/audio/?q=%23authentic HTTP/1.1" 200 8275 "-" "Mozilla/5.0 (compatible; SemrushBot/6~bl; +http://www.semrush.com/bot.html)" 
3.90.169.21 - - [20/Jun/2020:07:54:23 -0700] "GET /content/all?_t=rss HTTP/1.1" 304 3485 "https://www.google.com/" "Mozilla/5.0 (Windows NT 10.0; Win64; x64; rv:68.0) Gecko/20100101 Firefox/68.0" 
192.99.10.93 - - [20/Jun/2020:07:54:32 -0700] "GET /2019/ongoing-by-tim-bray-pink-floyd-dad-jokes HTTP/1.1" 200 9358 "-" "Mozilla/5.0 (compatible; MJ12bot/v1.4.8; http://mj12bot.com/)" 
192.99.10.93 - - [20/Jun/2020:07:54:43 -0700] "GET /2019/something-like-a-scent-ridgeline-issue-009 HTTP/1.1" 200 9544 "-" "Mozilla/5.0 (compatible; MJ12bot/v1.4.8; http://mj12bot.com/)" 
192.99.10.93 - - [20/Jun/2020:07:54:53 -0700] "GET /2019/take-my-wife-please HTTP/1.1" 200 9329 "-" "Mozilla/5.0 (compatible; MJ12bot/v1.4.8; http://mj12bot.com/)" 
46.229.168.129 - - [20/Jun/2020:07:55:06 -0700] "GET /content/photos/?q=%23%2B%23Non-fiction HTTP/1.1" 200 8333 "-" "Mozilla/5.0 (compatible; SemrushBot/6~bl; +http://www.semrush.com/bot.html)" 
192.99.10.93 - - [20/Jun/2020:07:55:06 -0700] "GET /2019/the-new-wilderness-idle-words?_t=rss HTTP/1.1" 200 5379 "-" "Mozilla/5.0 (compatible; MJ12bot/v1.4.8; http://mj12bot.com/)" 
34.230.15.217 - - [20/Jun/2020:07:55:16 -0700] "GET /?q=&_t=rss HTTP/1.1" 304 3485 "https://www.google.com/" "Mozilla/5.0 (Windows NT 10.0; WOW64) AppleWebKit/537.36 (KHTML, like Gecko) Chrome/80.0.3987.132 Safari/537.36" 
192.99.10.93 - - [20/Jun/2020:07:55:20 -0700] "GET /2019/the-paradox-that-is-the-eu-memex-11?_t=rss HTTP/1.1" 200 5313 "-" "Mozilla/5.0 (compatible; MJ12bot/v1.4.8; http://mj12bot.com/)" 
192.99.10.93 - - [20/Jun/2020:07:55:25 -0700] "GET /2019/the-tragedy-of-brexit-not-enough-pringles HTTP/1.1" 200 9915 "-" "Mozilla/5.0 (compatible; MJ12bot/v1.4.8; http://mj12bot.com/)" 
192.99.10.93 - - [20/Jun/2020:07:55:29 -0700] "GET /2019/the-ux-design-case-of-closed-captions-for-everyone?_t=rss HTTP/1.1" 200 5320 "-" "Mozilla/5.0 (compatible; MJ12bot/v1.4.8; http://mj12bot.com/)" 
192.99.10.93 - - [20/Jun/2020:07:55:35 -0700] "GET /2019/the-very-few-occasions-on-which-someones?_t=rss HTTP/1.1" 200 5171 "-" "Mozilla/5.0 (compatible; MJ12bot/v1.4.8; http://mj12bot.com/)" 
192.99.10.93 - - [20/Jun/2020:07:55:45 -0700] "GET /2019/tidying-up-is-not-joyful-but-another-misuse-of-eastern?_t=rss HTTP/1.1" 200 5312 "-" "Mozilla/5.0 (compatible; MJ12bot/v1.4.8; http://mj12bot.com/)" 
46.229.168.145 - - [20/Jun/2020:07:55:47 -0700] "GET /content/statusupdates/?offset=10&q=%23%2B%23podcast HTTP/1.1" 200 10419 "-" "Mozilla/5.0 (compatible; SemrushBot/6~bl; +http://www.semrush.com/bot.html)" 
192.99.10.93 - - [20/Jun/2020:07:55:55 -0700] "GET /2019/tim-harford-article-how-the-brexit-debate-was-flushed-down?_t=rss HTTP/1.1" 200 5360 "-" "Mozilla/5.0 (compatible; MJ12bot/v1.4.8; http://mj12bot.com/)" 
192.99.10.93 - - [20/Jun/2020:07:56:02 -0700] "GET /2019/tiny-loops-hold-me-closer-roden-explorers-archive?_t=rss HTTP/1.1" 200 5317 "-" "Mozilla/5.0 (compatible; MJ12bot/v1.4.8; http://mj12bot.com/)" 
192.99.10.93 - - [20/Jun/2020:07:56:13 -0700] "GET /2019/too-late-rachelaliceroddy?_t=rss HTTP/1.1" 200 5310 "-" "Mozilla/5.0 (compatible; MJ12bot/v1.4.8; http://mj12bot.com/)" 
192.99.10.93 - - [20/Jun/2020:07:56:20 -0700] "GET /2019/untitled-29?_t=rss HTTP/1.1" 200 5277 "-" "Mozilla/5.0 (compatible; MJ12bot/v1.4.8; http://mj12bot.com/)" 
192.99.10.93 - - [20/Jun/2020:07:56:27 -0700] "GET /2019/uses-this-jesse-kriss?_t=rss HTTP/1.1" 200 5362 "-" "Mozilla/5.0 (compatible; MJ12bot/v1.4.8; http://mj12bot.com/)" 
192.99.10.93 - - [20/Jun/2020:07:56:36 -0700] "GET /2019/waiting-for-our-sea-bream?_t=rss HTTP/1.1" 200 5313 "-" "Mozilla/5.0 (compatible; MJ12bot/v1.4.8; http://mj12bot.com/)" 
96.126.125.129 - - [20/Jun/2020:07:56:42 -0700] "GET /content/statusupdates/posts/photos/checkins/bookmarkedpages?_t=rss HTTP/1.1" 200 7427 "-" "Micro.blog/1.0" 
192.99.10.93 - - [20/Jun/2020:07:56:43 -0700] "GET /2019/yum?_t=rss HTTP/1.1" 200 5262 "-" "Mozilla/5.0 (compatible; MJ12bot/v1.4.8; http://mj12bot.com/)" 
192.99.10.93 - - [20/Jun/2020:07:56:53 -0700] "GET /2020/internet-amnesia-clive-james-his-website---richard-macmanus HTTP/1.1" 200 9591 "-" "Mozilla/5.0 (compatible; MJ12bot/v1.4.8; http://mj12bot.com/)" 
46.229.168.136 - - [20/Jun/2020:07:57:02 -0700] "GET /content/all/?q=%23%2B%23IndieWeb HTTP/1.1" 200 14856 "-" "Mozilla/5.0 (compatible; SemrushBot/6~bl; +http://www.semrush.com/bot.html)" 
192.99.10.93 - - [20/Jun/2020:07:57:04 -0700] "GET /2020/shells---the-dan-mackinlay-family-of-variably-well-considered-enterprises HTTP/1.1" 200 9500 "-" "Mozilla/5.0 (compatible; MJ12bot/v1.4.8; http://mj12bot.com/)" 
192.99.10.93 - - [20/Jun/2020:07:57:12 -0700] "GET /content/bookmarkedpages/?offset=70 HTTP/1.1" 200 11215 "-" "Mozilla/5.0 (compatible; MJ12bot/v1.4.8; http://mj12bot.com/)" 
46.229.168.145 - - [20/Jun/2020:07:57:14 -0700] "GET /?offset=48&q=%23%2B%23IndieWeb HTTP/1.1" 200 12267 "-" "Mozilla/5.0 (compatible; SemrushBot/6~bl; +http://www.semrush.com/bot.html)" 
192.99.10.93 - - [20/Jun/2020:07:57:22 -0700] "GET /content/bookmarkedpages/?q=%23%20%23%23indieweb&offset=31 HTTP/1.1" 200 8621 "-" "Mozilla/5.0 (compatible; MJ12bot/v1.4.8; http://mj12bot.com/)" 
66.249.92.49 - - [20/Jun/2020:07:57:23 -0700] "GET /2018/whats-the-problem HTTP/1.1" 200 11201 "-" "Mozilla/5.0 (compatible; GoogleDocs; apps-spreadsheets; +http://docs.google.com)" 
192.99.10.93 - - [20/Jun/2020:07:57:28 -0700] "GET /content/bookmarkedpages/?q=%23%20%23IndieWeb&offset=31 HTTP/1.1" 200 8618 "-" "Mozilla/5.0 (compatible; MJ12bot/v1.4.8; http://mj12bot.com/)" 
192.99.10.93 - - [20/Jun/2020:07:57:36 -0700] "GET /content/bookmarkedpages/?q=%23%20%23photo&_t=rss HTTP/1.1" 200 5660 "-" "Mozilla/5.0 (compatible; MJ12bot/v1.4.8; http://mj12bot.com/)" 
192.99.10.93 - - [20/Jun/2020:07:57:42 -0700] "GET /content/bookmarkedpages/?q=%23indieweb&offset=31 HTTP/1.1" 200 8598 "-" "Mozilla/5.0 (compatible; MJ12bot/v1.4.8; http://mj12bot.com/)" 
107.178.232.165 - - [20/Jun/2020:07:57:44 -0700] "HEAD /2020/very-happy-with-the-service-from-widefitshoes HTTP/1.1" 200 4349 "-" "Bridgy (https://brid.gy/about)" 
46.229.168.133 - - [20/Jun/2020:07:57:47 -0700] "GET /2018/our-daily-bread-02-boil-in-the-bagwisu30leafewhen-did-we/annotations/703065b91c28f749a276d5f76cb7b7c3 HTTP/1.1" 200 8581 "-" "Mozilla/5.0 (compatible; SemrushBot/6~bl; +http://www.semrush.com/bot.html)" 
192.99.10.93 - - [20/Jun/2020:07:57:49 -0700] "GET /content/bookmarkedpages/?q=%23podcast&_t=rss HTTP/1.1" 200 8440 "-" "Mozilla/5.0 (compatible; MJ12bot/v1.4.8; http://mj12bot.com/)" 
192.99.10.93 - - [20/Jun/2020:07:57:55 -0700] "GET /content/locations/?offset=123&_t=rss HTTP/1.1" 200 6218 "-" "Mozilla/5.0 (compatible; MJ12bot/v1.4.8; http://mj12bot.com/)" 
46.229.168.153 - - [20/Jun/2020:07:57:57 -0700] "GET /2018/bookmark---indieweb-3 HTTP/1.1" 200 9290 "-" "Mozilla/5.0 (compatible; SemrushBot/6~bl; +http://www.semrush.com/bot.html)" 
192.99.10.93 - - [20/Jun/2020:07:58:03 -0700] "GET /content/locations/?offset=163 HTTP/1.1" 200 11099 "-" "Mozilla/5.0 (compatible; MJ12bot/v1.4.8; http://mj12bot.com/)" 
192.99.10.93 - - [20/Jun/2020:07:58:11 -0700] "GET /content/locations/?offset=168 HTTP/1.1" 200 11237 "-" "Mozilla/5.0 (compatible; MJ12bot/v1.4.8; http://mj12bot.com/)" 
192.99.10.93 - - [20/Jun/2020:07:58:17 -0700] "GET /content/locations/?offset=170 HTTP/1.1" 200 11255 "-" "Mozilla/5.0 (compatible; MJ12bot/v1.4.8; http://mj12bot.com/)" 
192.99.10.93 - - [20/Jun/2020:07:58:24 -0700] "GET /content/photos/?q=%23%20%23hearsay19&_t=rss HTTP/1.1" 200 4805 "-" "Mozilla/5.0 (compatible; MJ12bot/v1.4.8; http://mj12bot.com/)" 
192.99.10.93 - - [20/Jun/2020:07:58:31 -0700] "GET /content/photos/?q=%23bread&_t=rss HTTP/1.1" 200 8229 "-" "Mozilla/5.0 (compatible; MJ12bot/v1.4.8; http://mj12bot.com/)" 
46.229.168.143 - - [20/Jun/2020:07:59:37 -0700] "GET /account/oauth2/ HTTP/1.1" 403 10826 "-" "Mozilla/5.0 (compatible; SemrushBot/6~bl; +http://www.semrush.com/bot.html)" 
40.77.167.148 - - [20/Jun/2020:07:59:59 -0700] "GET /2019/i-have-absolutely-no-problem-shilling-for HTTP/1.1" 200 10598 "-" "Mozilla/5.0 (compatible; bingbot/2.0; +http://www.bing.com/bingbot.htm)" 
86.168.45.163 - - [20/Jun/2020:08:00:10 -0700] "GET /file/ef801e05730eba56004c5b712ad84731/thumb.jpg HTTP/1.1" 200 26439 "https://www.zylstra.org/blog/2020/06/personal-software/" "Mozilla/5.0 (Macintosh; Intel Mac OS X 10_15_5) AppleWebKit/537.36 (KHTML, like Gecko) Chrome/83.0.4103.106 Safari/537.36" 
46.229.168.139 - - [20/Jun/2020:08:00:55 -0700] "GET /content/bookmarkedpages/?q=%23%2B%23kalonji HTTP/1.1" 200 8333 "-" "Mozilla/5.0 (compatible; SemrushBot/6~bl; +http://www.semrush.com/bot.html)" 
64.111.100.215 - - [20/Jun/2020:08:01:08 -0700] "GET /content/all?_t=rss HTTP/1.1" 200 13896 "-" "Mozilla/5.0 (X11; U; Linux i686; fr; rv:1.9.1.1) Gecko/20090715 Firefox/3.5.1" 
66.249.66.48 - - [20/Jun/2020:08:01:39 -0700] "GET /robots.txt HTTP/1.1" 200 4881 "-" "Mozilla/5.0 (compatible; Googlebot/2.1; +http://www.google.com/bot.html)" 
66.249.66.52 - - [20/Jun/2020:08:01:39 -0700] "GET /2019/well-deserved-lunch-break-for-todays-class-bread-disappointed-me HTTP/1.1" 200 16625 "-" "Mozilla/5.0 (Linux; Android 6.0.1; Nexus 5X Build/MMB29P) AppleWebKit/537.36 (KHTML, like Gecko) Chrome/80.0.3987.92 Mobile Safari/537.36 (compatible; Googlebot/2.1; +http://www.google.com/bot.html)" 
54.242.2.140 - - [20/Jun/2020:08:01:53 -0700] "GET /?_t=rss HTTP/1.1" 200 7182 "-" "glitch-feeder/1.0 (+https://glitch.com/~lmo-feeder)" 
66.249.66.50 - - [20/Jun/2020:08:01:58 -0700] "GET /content/all/?q=%23+%23bread&_t=rss HTTP/1.1" 200 8515 "-" "Mozilla/5.0 (Linux; Android 6.0.1; Nexus 5X Build/MMB29P) AppleWebKit/537.36 (KHTML, like Gecko) Chrome/80.0.3987.92 Mobile Safari/537.36 (compatible; Googlebot/2.1; +http://www.google.com/bot.html)" 
46.229.168.142 - - [20/Jun/2020:08:02:04 -0700] "GET /content/locations/?q=%23%2B%23Black_pepper HTTP/1.1" 200 8334 "-" "Mozilla/5.0 (compatible; SemrushBot/6~bl; +http://www.semrush.com/bot.html)" 
96.126.125.129 - - [20/Jun/2020:08:02:07 -0700] "GET /content/statusupdates/posts/photos/checkins/bookmarkedpages?_t=rss HTTP/1.1" 200 7427 "-" "Micro.blog/1.0" 
46.229.168.152 - - [20/Jun/2020:08:02:11 -0700] "GET /content/statusupdates/?offset=11&q=%23IndieWeb HTTP/1.1" 200 10757 "-" "Mozilla/5.0 (compatible; SemrushBot/6~bl; +http://www.semrush.com/bot.html)" 
66.249.66.48 - - [20/Jun/2020:08:02:50 -0700] "GET /content/bookmarkedpages/?q=%23+%23bread HTTP/1.1" 200 10171 "-" "Mozilla/5.0 (Linux; Android 6.0.1; Nexus 5X Build/MMB29P) AppleWebKit/537.36 (KHTML, like Gecko) Chrome/80.0.3987.92 Mobile Safari/537.36 (compatible; Googlebot/2.1; +http://www.google.com/bot.html)" 
46.229.168.149 - - [20/Jun/2020:08:03:06 -0700] "GET /content/photos/?offset=12&q=%23sourdough HTTP/1.1" 200 12070 "-" "Mozilla/5.0 (compatible; SemrushBot/6~bl; +http://www.semrush.com/bot.html)" 
66.249.66.52 - - [20/Jun/2020:08:03:19 -0700] "GET /content/all/?q=%23+%23bread&offset=10 HTTP/1.1" 200 13296 "-" "Mozilla/5.0 (Linux; Android 6.0.1; Nexus 5X Build/MMB29P) AppleWebKit/537.36 (KHTML, like Gecko) Chrome/80.0.3987.92 Mobile Safari/537.36 (compatible; Googlebot/2.1; +http://www.google.com/bot.html)" 
46.229.168.134 - - [20/Jun/2020:08:03:21 -0700] "GET /2017/it-may-well-be-a-known-bug-but-as-it HTTP/1.1" 200 9652 "-" "Mozilla/5.0 (compatible; SemrushBot/6~bl; +http://www.semrush.com/bot.html)" 
66.249.66.50 - - [20/Jun/2020:08:03:55 -0700] "GET /content/all/?q=%23+%23bread&offset=0 HTTP/1.1" 200 12819 "-" "Mozilla/5.0 (Linux; Android 6.0.1; Nexus 5X Build/MMB29P) AppleWebKit/537.36 (KHTML, like Gecko) Chrome/80.0.3987.92 Mobile Safari/537.36 (compatible; Googlebot/2.1; +http://www.google.com/bot.html)" 
46.229.168.153 - - [20/Jun/2020:08:05:10 -0700] "GET /content/all/?offset=18&q=%23%2B%23food HTTP/1.1" 200 12389 "-" "Mozilla/5.0 (compatible; SemrushBot/6~bl; +http://www.semrush.com/bot.html)" 
46.229.168.162 - - [20/Jun/2020:08:05:11 -0700] "GET /content/photos/?q=%23testtag HTTP/1.1" 200 8279 "-" "Mozilla/5.0 (compatible; SemrushBot/6~bl; +http://www.semrush.com/bot.html)" 
46.229.168.137 - - [20/Jun/2020:08:05:12 -0700] "GET /tag/Sourdough?offset=15 HTTP/1.1" 200 11773 "-" "Mozilla/5.0 (compatible; SemrushBot/6~bl; +http://www.semrush.com/bot.html)" 
46.229.168.142 - - [20/Jun/2020:08:05:26 -0700] "GET /?offset=10&q=%23IndieWeb HTTP/1.1" 200 11601 "-" "Mozilla/5.0 (compatible; SemrushBot/6~bl; +http://www.semrush.com/bot.html)" 
45.79.26.51 - - [20/Jun/2020:08:06:24 -0700] "GET /content/statusupdates/posts/photos/checkins/bookmarkedpages?_t=rss HTTP/1.1" 200 7422 "-" "Micro.blog/1.0" 
46.229.168.145 - - [20/Jun/2020:08:10:57 -0700] "GET /2020/2020-02-13 HTTP/1.1" 200 9977 "-" "Mozilla/5.0 (compatible; SemrushBot/6~bl; +http://www.semrush.com/bot.html)" 
46.229.168.138 - - [20/Jun/2020:08:11:26 -0700] "GET /?offset=41&q=%23%2B%23bread HTTP/1.1" 200 12252 "-" "Mozilla/5.0 (compatible; SemrushBot/6~bl; +http://www.semrush.com/bot.html)" 
46.229.168.162 - - [20/Jun/2020:08:11:49 -0700] "GET /content/all/?q=%23%2B%23%23bread HTTP/1.1" 200 12168 "-" "Mozilla/5.0 (compatible; SemrushBot/6~bl; +http://www.semrush.com/bot.html)" 
46.229.168.150 - - [20/Jun/2020:08:11:58 -0700] "GET /tag/withknown?offset=45 HTTP/1.1" 200 11946 "-" "Mozilla/5.0 (compatible; SemrushBot/6~bl; +http://www.semrush.com/bot.html)" 
46.229.168.137 - - [20/Jun/2020:08:12:04 -0700] "GET /2019/salsa-in-central-park HTTP/1.1" 200 10383 "-" "Mozilla/5.0 (compatible; SemrushBot/6~bl; +http://www.semrush.com/bot.html)" 
