54.36.148.201 - - [14/Jun/2020:07:59:56 -0700] "GET /2019/very-hard-to-believe-that-tanner-campbell HTTP/1.1" 200 9636 "-" "Mozilla/5.0 (compatible; AhrefsBot/6.1; +http://ahrefs.com/robot/)" 
66.249.66.46 - - [14/Jun/2020:08:01:52 -0700] "GET /tag/+%23IndieWeb?offset=0&_t=rss HTTP/1.1" 200 15343 "-" "Mozilla/5.0 (Linux; Android 6.0.1; Nexus 5X Build/MMB29P) AppleWebKit/537.36 (KHTML, like Gecko) Chrome/80.0.3987.92 Mobile Safari/537.36 (compatible; Googlebot/2.1; +http://www.google.com/bot.html)" 
46.229.168.161 - - [14/Jun/2020:08:02:07 -0700] "GET /content/statusupdates?offset=200 HTTP/1.1" 200 11668 "-" "Mozilla/5.0 (compatible; SemrushBot/6~bl; +http://www.semrush.com/bot.html)" 
66.249.66.44 - - [14/Jun/2020:08:02:09 -0700] "GET /?offset=1010&_t=amp HTTP/1.1" 200 11777 "-" "Mozilla/5.0 (Linux; Android 6.0.1; Nexus 5X Build/MMB29P) AppleWebKit/537.36 (KHTML, like Gecko) Chrome/80.0.3987.92 Mobile Safari/537.36 (compatible; Googlebot/2.1; +http://www.google.com/bot.html)" 
207.46.13.63 - - [14/Jun/2020:08:02:10 -0700] "GET /2019/lurking-twitter-the-commons-and-private-posts HTTP/1.1" 200 9875 "-" "Mozilla/5.0 (compatible; bingbot/2.0; +http://www.bing.com/bingbot.htm)" 
114.119.164.86 - - [14/Jun/2020:08:02:17 -0700] "GET /tag/podcast?offset=0 HTTP/1.1" 200 12313 "-" "Mozilla/5.0 (Linux; Android 7.0;) AppleWebKit/537.36 (KHTML, like Gecko) Mobile Safari/537.36 (compatible; PetalBot;+https://aspiegel.com/petalbot)" 
66.249.66.44 - - [14/Jun/2020:08:02:50 -0700] "GET /service/web/unfurl/?url=https%3A%2F%2Fwww.cgdev.org%2Fblog%2F12-things-we-can-agree-about-global-poverty&__bTk=69943e220605fd513a07276546916b3a5e7ac0f9fd9803c54ba60d198a8dbd2b&__bTs=1591488000 HTTP/1.1" 403 4965 "https://stream.jeremycherfas.net/?offset=1010&_t=amp" "Mozilla/5.0 (Linux; Android 6.0.1; Nexus 5X Build/MMB29P) AppleWebKit/537.36 (KHTML, like Gecko) Chrome/83.0.4103.93 Mobile Safari/537.36 (compatible; Googlebot/2.1; +http://www.google.com/bot.html)" 
66.249.66.44 - - [14/Jun/2020:08:02:50 -0700] "GET /service/web/unfurl/?url=https%3A%2F%2Fquillette.com%2F2018%2F09%2F25%2Fforget-nature-versus-nurture-nature-has-won%2F&__bTk=69943e220605fd513a07276546916b3a5e7ac0f9fd9803c54ba60d198a8dbd2b&__bTs=1591488000 HTTP/1.1" 403 1306 "https://stream.jeremycherfas.net/?offset=1010&_t=amp" "Mozilla/5.0 (Linux; Android 6.0.1; Nexus 5X Build/MMB29P) AppleWebKit/537.36 (KHTML, like Gecko) Chrome/83.0.4103.93 Mobile Safari/537.36 (compatible; Googlebot/2.1; +http://www.google.com/bot.html)" 
66.249.66.44 - - [14/Jun/2020:08:02:50 -0700] "GET /service/web/unfurl/?url=https%3A%2F%2Fthreader.app%2Fthread%2F1044577825091514368.&__bTk=69943e220605fd513a07276546916b3a5e7ac0f9fd9803c54ba60d198a8dbd2b&__bTs=1591488000 HTTP/1.1" 403 1271 "https://stream.jeremycherfas.net/?offset=1010&_t=amp" "Mozilla/5.0 (Linux; Android 6.0.1; Nexus 5X Build/MMB29P) AppleWebKit/537.36 (KHTML, like Gecko) Chrome/83.0.4103.93 Mobile Safari/537.36 (compatible; Googlebot/2.1; +http://www.google.com/bot.html)" 
66.249.66.44 - - [14/Jun/2020:08:02:51 -0700] "GET /service/web/unfurl/?url=https%3A%2F%2Fwww.cgdev.org%2Fblog%2F12-things-we-can-agree-about-global-poverty&__bTk=69943e220605fd513a07276546916b3a5e7ac0f9fd9803c54ba60d198a8dbd2b&__bTs=1591887856 HTTP/1.1" 403 1293 "https://stream.jeremycherfas.net/?offset=1010&_t=amp" "Mozilla/5.0 (Linux; Android 6.0.1; Nexus 5X Build/MMB29P) AppleWebKit/537.36 (KHTML, like Gecko) Chrome/83.0.4103.93 Mobile Safari/537.36 (compatible; Googlebot/2.1; +http://www.google.com/bot.html)" 
66.249.66.44 - - [14/Jun/2020:08:02:51 -0700] "GET /service/web/unfurl/?url=https%3A%2F%2Fquillette.com%2F2018%2F09%2F25%2Fforget-nature-versus-nurture-nature-has-won%2F&__bTk=69943e220605fd513a07276546916b3a5e7ac0f9fd9803c54ba60d198a8dbd2b&__bTs=1591887856 HTTP/1.1" 403 1306 "https://stream.jeremycherfas.net/?offset=1010&_t=amp" "Mozilla/5.0 (Linux; Android 6.0.1; Nexus 5X Build/MMB29P) AppleWebKit/537.36 (KHTML, like Gecko) Chrome/83.0.4103.93 Mobile Safari/537.36 (compatible; Googlebot/2.1; +http://www.google.com/bot.html)" 
66.249.66.44 - - [14/Jun/2020:08:02:52 -0700] "GET /service/web/unfurl/?url=https%3A%2F%2Fthreader.app%2Fthread%2F1044577825091514368.&__bTk=69943e220605fd513a07276546916b3a5e7ac0f9fd9803c54ba60d198a8dbd2b&__bTs=1591887856 HTTP/1.1" 403 1271 "https://stream.jeremycherfas.net/?offset=1010&_t=amp" "Mozilla/5.0 (Linux; Android 6.0.1; Nexus 5X Build/MMB29P) AppleWebKit/537.36 (KHTML, like Gecko) Chrome/83.0.4103.93 Mobile Safari/537.36 (compatible; Googlebot/2.1; +http://www.google.com/bot.html)" 
46.229.168.162 - - [14/Jun/2020:08:02:53 -0700] "GET /?offset=127&q=%23%2B%23IndieWeb HTTP/1.1" 200 12501 "-" "Mozilla/5.0 (compatible; SemrushBot/6~bl; +http://www.semrush.com/bot.html)" 
46.229.168.131 - - [14/Jun/2020:08:04:17 -0700] "GET /content/bookmarkedpages/?q=%2310DoT HTTP/1.1" 200 8283 "-" "Mozilla/5.0 (compatible; SemrushBot/6~bl; +http://www.semrush.com/bot.html)" 
54.36.148.242 - - [14/Jun/2020:08:04:51 -0700] "GET /2017/paying-to-podcast-is-so-pass%C3%A9 HTTP/1.1" 200 10111 "-" "Mozilla/5.0 (compatible; AhrefsBot/6.1; +http://ahrefs.com/robot/)" 
52.87.197.39 - - [14/Jun/2020:08:05:17 -0700] "GET /?_t=rss HTTP/1.1" 200 7435 "-" "glitch-feeder/1.0 (+https://glitch.com/~lmo-feeder)" 
46.229.168.149 - - [14/Jun/2020:08:05:42 -0700] "GET /content/all/?offset=40&q=%23%2B%23%23indieweb HTTP/1.1" 200 11414 "-" "Mozilla/5.0 (compatible; SemrushBot/6~bl; +http://www.semrush.com/bot.html)" 
46.229.168.137 - - [14/Jun/2020:08:05:56 -0700] "GET /2020/as-a-gardener-myself-albeit-without-an HTTP/1.1" 200 9527 "-" "Mozilla/5.0 (compatible; SemrushBot/6~bl; +http://www.semrush.com/bot.html)" 
66.249.66.48 - - [14/Jun/2020:08:07:18 -0700] "GET /?q=%23sourdough&offset=10 HTTP/1.1" 304 4068 "-" "Mozilla/5.0 (Linux; Android 6.0.1; Nexus 5X Build/MMB29P) AppleWebKit/537.36 (KHTML, like Gecko) Chrome/80.0.3987.92 Mobile Safari/537.36 (compatible; Googlebot/2.1; +http://www.google.com/bot.html)" 
114.119.167.191 - - [14/Jun/2020:08:07:55 -0700] "GET /2018/last-of-the-sunshine-yesterday HTTP/1.1" 200 11950 "-" "Mozilla/5.0 (Linux; Android 7.0;) AppleWebKit/537.36 (KHTML, like Gecko) Mobile Safari/537.36 (compatible; PetalBot;+https://aspiegel.com/petalbot)" 
64.111.100.215 - - [14/Jun/2020:08:09:10 -0700] "GET /content/all?_t=rss HTTP/1.1" 200 14885 "-" "Mozilla/5.0 (X11; U; Linux i686; fr; rv:1.9.1.1) Gecko/20090715 Firefox/3.5.1" 
54.36.148.81 - - [14/Jun/2020:08:09:53 -0700] "GET /2018/gregorlovecom-indieweb-wordpress-feedback HTTP/1.1" 200 9381 "-" "Mozilla/5.0 (compatible; AhrefsBot/6.1; +http://ahrefs.com/robot/)" 
46.229.168.139 - - [14/Jun/2020:08:10:13 -0700] "GET /content/all/?q=%23%2B%23rustic HTTP/1.1" 200 10257 "-" "Mozilla/5.0 (compatible; SemrushBot/6~bl; +http://www.semrush.com/bot.html)" 
66.249.66.46 - - [14/Jun/2020:08:11:37 -0700] "GET /2017/sunny-sunday-lunch?_t=rss HTTP/1.1" 200 5812 "-" "Mozilla/5.0 (Linux; Android 6.0.1; Nexus 5X Build/MMB29P) AppleWebKit/537.36 (KHTML, like Gecko) Chrome/80.0.3987.92 Mobile Safari/537.36 (compatible; Googlebot/2.1; +http://www.google.com/bot.html)" 
167.99.111.28 - - [14/Jun/2020:08:11:45 -0700] "GET /?_t=rss HTTP/1.1" 304 3495 "-" "Feedbin feed-id:1536727 - 1 subscribers" 
114.119.162.106 - - [14/Jun/2020:08:13:30 -0700] "GET /content/photos?q=%23%2B%23rye&offset=13 HTTP/1.1" 200 11528 "-" "Mozilla/5.0 (Linux; Android 7.0;) AppleWebKit/537.36 (KHTML, like Gecko) Mobile Safari/537.36 (compatible; PetalBot;+https://aspiegel.com/petalbot)" 
54.36.148.201 - - [14/Jun/2020:08:13:51 -0700] "GET /2020/-6 HTTP/1.1" 200 9481 "-" "Mozilla/5.0 (compatible; AhrefsBot/6.1; +http://ahrefs.com/robot/)" 
54.70.40.11 - - [14/Jun/2020:08:14:07 -0700] "GET /2017/sunday-night-supper-maddhur-jeffrey-lentils-and-gujarati-carrot-salad HTTP/1.1" 200 10663 "-" "Mozilla/5.0 (compatible) SemanticScholarBot (+https://www.semanticscholar.org/crawler)" 
54.70.40.11 - - [14/Jun/2020:08:14:43 -0700] "GET /2017/sunday-night-supper-maddhur-jeffrey-lentils-and-gujarati-carrot-salad HTTP/1.1" 200 10661 "-" "Mozilla/5.0 (compatible) SemanticScholarBot (+https://www.semanticscholar.org/crawler)" 
54.70.40.11 - - [14/Jun/2020:08:14:49 -0700] "GET /2017/sunday-night-supper-maddhur-jeffrey-lentils-and-gujarati-carrot-salad/annotations/dbb7751dd971aecd17b0e1ecd1c7ee02 HTTP/1.1" 200 8312 "-" "Mozilla/5.0 (compatible) SemanticScholarBot (+https://www.semanticscholar.org/crawler)" 
46.229.168.146 - - [14/Jun/2020:08:15:22 -0700] "GET /content/audio/?q=%23micromonday HTTP/1.1" 200 8308 "-" "Mozilla/5.0 (compatible; SemrushBot/6~bl; +http://www.semrush.com/bot.html)" 
46.229.168.141 - - [14/Jun/2020:08:15:44 -0700] "GET /content/all/?offset=76&q=%23%2B%23%23indieweb HTTP/1.1" 200 13611 "-" "Mozilla/5.0 (compatible; SemrushBot/6~bl; +http://www.semrush.com/bot.html)" 
54.36.148.81 - - [14/Jun/2020:08:15:46 -0700] "GET /file/93612233c9495b9f8e9673ceef18081b/27fd6f58e1a308d606636b56caed41b9 HTTP/1.1" 200 165110 "-" "Mozilla/5.0 (compatible; AhrefsBot/6.1; +http://ahrefs.com/robot/)" 
157.55.39.98 - - [14/Jun/2020:08:16:10 -0700] "GET /2019/ive-always-fond-rss-indispensable-as-for HTTP/1.1" 200 10037 "-" "Mozilla/5.0 (compatible; bingbot/2.0; +http://www.bing.com/bingbot.htm)" 
46.229.168.148 - - [14/Jun/2020:08:16:26 -0700] "GET /content/all/?offset=13&q=%23withknown HTTP/1.1" 200 12091 "-" "Mozilla/5.0 (compatible; SemrushBot/6~bl; +http://www.semrush.com/bot.html)" 
54.36.148.81 - - [14/Jun/2020:08:19:15 -0700] "GET /2018/bookmark---indieweb-2 HTTP/1.1" 200 9993 "-" "Mozilla/5.0 (compatible; AhrefsBot/6.1; +http://ahrefs.com/robot/)" 
45.79.26.51 - - [14/Jun/2020:08:19:15 -0700] "GET /content/statusupdates/posts/photos/checkins/bookmarkedpages?_t=rss HTTP/1.1" 200 7437 "-" "Micro.blog/1.0" 
46.229.168.144 - - [14/Jun/2020:08:19:36 -0700] "GET /2020/love-loss-and-archives-internet-archive-blogs HTTP/1.1" 200 9283 "-" "Mozilla/5.0 (compatible; SemrushBot/6~bl; +http://www.semrush.com/bot.html)" 
114.119.162.106 - - [14/Jun/2020:08:19:53 -0700] "GET /tag/indieweb?offset=122 HTTP/1.1" 200 11731 "-" "Mozilla/5.0 (Linux; Android 7.0;) AppleWebKit/537.36 (KHTML, like Gecko) Mobile Safari/537.36 (compatible; PetalBot;+https://aspiegel.com/petalbot)" 
138.246.253.15 - - [14/Jun/2020:08:20:25 -0700] "HEAD / HTTP/1.1" 200 4823 "-" "Mozilla/5.0 (Windows NT 6.1; Win64; x64) AppleWebKit/537.36 (KHTML, like Gecko) Chrome/40.0.2214.85 Safari/537.36" 
54.36.148.13 - - [14/Jun/2020:08:21:01 -0700] "GET /2017/post-kinds-plugin-for-wordpress HTTP/1.1" 200 9389 "-" "Mozilla/5.0 (compatible; AhrefsBot/6.1; +http://ahrefs.com/robot/)" 
45.79.26.51 - - [14/Jun/2020:08:21:02 -0700] "GET /content/statusupdates/posts/photos/checkins/bookmarkedpages?_t=rss HTTP/1.1" 200 7437 "-" "Micro.blog/1.0" 
66.249.66.48 - - [14/Jun/2020:08:21:05 -0700] "GET /view/f64b073ea1095de237c60546264a48e3?_t=rss HTTP/1.1" 200 5642 "-" "Mozilla/5.0 (Linux; Android 6.0.1; Nexus 5X Build/MMB29P) AppleWebKit/537.36 (KHTML, like Gecko) Chrome/80.0.3987.92 Mobile Safari/537.36 (compatible; Googlebot/2.1; +http://www.google.com/bot.html)" 
66.249.66.44 - - [14/Jun/2020:08:21:05 -0700] "GET /robots.txt HTTP/1.1" 200 4857 "-" "Mozilla/5.0 (compatible; Googlebot/2.1; +http://www.google.com/bot.html)" 
157.55.39.110 - - [14/Jun/2020:08:22:11 -0700] "GET /2017/happens-to-the-best-of-us HTTP/1.1" 200 10163 "-" "Mozilla/5.0 (compatible; bingbot/2.0; +http://www.bing.com/bingbot.htm)" 
207.46.13.212 - - [14/Jun/2020:08:22:22 -0700] "GET /file/69eb5a1fcc2680e5406aed8ba3e859d9/thumb.jpg HTTP/1.1" 200 25549 "-" "Mozilla/5.0 (compatible; bingbot/2.0; +http://www.bing.com/bingbot.htm)" 
54.70.40.11 - - [14/Jun/2020:08:22:34 -0700] "GET /2017/and-i-say-podcast-discovery-is-broken HTTP/1.1" 200 10911 "-" "Mozilla/5.0 (compatible) SemanticScholarBot (+https://www.semanticscholar.org/crawler)" 
54.70.40.11 - - [14/Jun/2020:08:22:53 -0700] "GET /2017/and-i-say-podcast-discovery-is-broken/annotations/e9b4bc80e2d13822fac2351e73c912c7 HTTP/1.1" 200 9405 "-" "Mozilla/5.0 (compatible) SemanticScholarBot (+https://www.semanticscholar.org/crawler)" 
54.70.40.11 - - [14/Jun/2020:08:23:03 -0700] "GET /content/locations/ HTTP/1.1" 200 11472 "-" "Mozilla/5.0 (compatible) SemanticScholarBot (+https://www.semanticscholar.org/crawler)" 
54.70.40.11 - - [14/Jun/2020:08:23:09 -0700] "GET /2017/and-i-say-podcast-discovery-is-broken HTTP/1.1" 200 10914 "-" "Mozilla/5.0 (compatible) SemanticScholarBot (+https://www.semanticscholar.org/crawler)" 
46.229.168.146 - - [14/Jun/2020:08:23:34 -0700] "GET /content/locations/?q=%23%2B%23non-fiction HTTP/1.1" 200 8333 "-" "Mozilla/5.0 (compatible; SemrushBot/6~bl; +http://www.semrush.com/bot.html)" 
157.55.39.110 - - [14/Jun/2020:08:23:47 -0700] "GET /2017/minus-lima-beans-in-my-view-thats-a-shame-but HTTP/1.1" 200 10094 "-" "Mozilla/5.0 (compatible; bingbot/2.0; +http://www.bing.com/bingbot.htm)" 
46.229.168.139 - - [14/Jun/2020:08:24:17 -0700] "GET /2017/getting-set-for-virtual-homebrew-website-club-want-to-join HTTP/1.1" 200 9388 "-" "Mozilla/5.0 (compatible; SemrushBot/6~bl; +http://www.semrush.com/bot.html)" 
46.229.168.132 - - [14/Jun/2020:08:24:20 -0700] "GET /2018/i-knew-id-forget-some-so-theres HTTP/1.1" 200 10052 "-" "Mozilla/5.0 (compatible; SemrushBot/6~bl; +http://www.semrush.com/bot.html)" 
64.111.100.215 - - [14/Jun/2020:08:24:45 -0700] "GET /content/all?_t=rss HTTP/1.1" 200 14885 "-" "Mozilla/5.0 (X11; U; Linux i686; fr; rv:1.9.1.1) Gecko/20090715 Firefox/3.5.1" 
46.229.168.134 - - [14/Jun/2020:08:26:51 -0700] "GET /content/audio/?q=%23graingathering2017 HTTP/1.1" 200 8295 "-" "Mozilla/5.0 (compatible; SemrushBot/6~bl; +http://www.semrush.com/bot.html)" 
54.36.148.13 - - [14/Jun/2020:08:26:56 -0700] "GET /content/photos/?offset=533 HTTP/1.1" 200 11005 "-" "Mozilla/5.0 (compatible; AhrefsBot/6.1; +http://ahrefs.com/robot/)" 
66.249.66.44 - - [14/Jun/2020:08:27:18 -0700] "GET /?offset=411 HTTP/1.1" 304 4068 "-" "Mozilla/5.0 (Linux; Android 6.0.1; Nexus 5X Build/MMB29P) AppleWebKit/537.36 (KHTML, like Gecko) Chrome/80.0.3987.92 Mobile Safari/537.36 (compatible; Googlebot/2.1; +http://www.google.com/bot.html)" 
54.39.188.170 - - [14/Jun/2020:08:28:09 -0700] "GET /content/all?_t=rss HTTP/1.1" 200 7549 "-" "Mozilla/5.0 (compatible; YaK/1.0; http://linkfluence.com/; bot@linkfluence.com)" 
46.229.168.149 - - [14/Jun/2020:08:28:43 -0700] "GET /2018/yes-it-has-been-a-while HTTP/1.1" 200 9629 "-" "Mozilla/5.0 (compatible; SemrushBot/6~bl; +http://www.semrush.com/bot.html)" 
54.36.148.81 - - [14/Jun/2020:08:28:58 -0700] "GET /content/photos/?offset=363 HTTP/1.1" 200 10508 "-" "Mozilla/5.0 (compatible; AhrefsBot/6.1; +http://ahrefs.com/robot/)" 
46.229.168.132 - - [14/Jun/2020:08:29:31 -0700] "GET /content/locations/?q=%23seeded HTTP/1.1" 200 8279 "-" "Mozilla/5.0 (compatible; SemrushBot/6~bl; +http://www.semrush.com/bot.html)" 
66.249.66.44 - - [14/Jun/2020:08:30:33 -0700] "GET /view/410dd0f7e20c83b703b04fc8ee07579a?_t=rss HTTP/1.1" 200 5891 "-" "Mozilla/5.0 (Linux; Android 6.0.1; Nexus 5X Build/MMB29P) AppleWebKit/537.36 (KHTML, like Gecko) Chrome/80.0.3987.92 Mobile Safari/537.36 (compatible; Googlebot/2.1; +http://www.google.com/bot.html)" 
54.36.148.81 - - [14/Jun/2020:08:31:03 -0700] "GET /?offset=1230 HTTP/1.1" 200 11490 "-" "Mozilla/5.0 (compatible; AhrefsBot/6.1; +http://ahrefs.com/robot/)" 
46.229.168.139 - - [14/Jun/2020:08:31:56 -0700] "GET /content/photos/?offset=60&q=%23%2B%23bread HTTP/1.1" 200 11152 "-" "Mozilla/5.0 (compatible; SemrushBot/6~bl; +http://www.semrush.com/bot.html)" 
46.229.168.139 - - [14/Jun/2020:08:32:30 -0700] "GET /content/all/?offset=4&q=%23sourdough HTTP/1.1" 200 12137 "-" "Mozilla/5.0 (compatible; SemrushBot/6~bl; +http://www.semrush.com/bot.html)" 
54.36.149.32 - - [14/Jun/2020:08:33:05 -0700] "GET /content/all/?offset=1220 HTTP/1.1" 200 10140 "-" "Mozilla/5.0 (compatible; AhrefsBot/6.1; +http://ahrefs.com/robot/)" 
96.126.125.129 - - [14/Jun/2020:08:34:54 -0700] "GET /content/statusupdates/posts/photos/checkins/bookmarkedpages?_t=rss HTTP/1.1" 200 7442 "-" "Micro.blog/1.0" 
66.249.66.48 - - [14/Jun/2020:08:37:28 -0700] "GET /2017/sunday-night-supper-maddhur-jeffrey-lentils-and-gujarati-carrot-salad HTTP/1.1" 200 11248 "-" "Mozilla/5.0 (Linux; Android 6.0.1; Nexus 5X Build/MMB29P) AppleWebKit/537.36 (KHTML, like Gecko) Chrome/80.0.3987.92 Mobile Safari/537.36 (compatible; Googlebot/2.1; +http://www.google.com/bot.html)" 
46.229.168.133 - - [14/Jun/2020:08:37:41 -0700] "GET /content/bookmarkedpages/ HTTP/1.1" 200 11615 "-" "Mozilla/5.0 (compatible; SemrushBot/6~bl; +http://www.semrush.com/bot.html)" 
46.229.168.138 - - [14/Jun/2020:08:37:57 -0700] "GET /2018/keeping-track-grav HTTP/1.1" 200 9229 "-" "Mozilla/5.0 (compatible; SemrushBot/6~bl; +http://www.semrush.com/bot.html)" 
66.249.66.44 - - [14/Jun/2020:08:38:11 -0700] "GET /file/ae62ba8260cfe130cc53be20a6f182a6 HTTP/1.1" 200 13337 "-" "Googlebot-Image/1.0" 
46.229.168.141 - - [14/Jun/2020:08:38:12 -0700] "GET /content/all/?offset=32&q=%23podcast HTTP/1.1" 200 13657 "-" "Mozilla/5.0 (compatible; SemrushBot/6~bl; +http://www.semrush.com/bot.html)" 
46.229.168.137 - - [14/Jun/2020:08:38:40 -0700] "GET /content/photos/?offset=540 HTTP/1.1" 200 10972 "-" "Mozilla/5.0 (compatible; SemrushBot/6~bl; +http://www.semrush.com/bot.html)" 
17.58.102.79 - - [14/Jun/2020:08:39:08 -0700] "GET /session/login HTTP/1.1" 200 8539 "-" "Mozilla/5.0 (Macintosh; Intel Mac OS X 10_15_5) AppleWebKit/605.1.15 (KHTML, like Gecko) Version/13.1.1 Safari/605.1.15 (Applebot/0.1; +http://www.apple.com/go/applebot)" 
173.230.155.197 - - [14/Jun/2020:08:39:14 -0700] "GET / HTTP/1.1" 200 57169 "-" "Mozilla/5.0 (Macintosh; Intel Mac OS X 10_12_1) AppleWebKit/537.36 (KHTML, like Gecko) Chrome/57.0.2987.133 Safari/537.36 p3k-http/0.1.5 p3k-watchtower/0.1" 
54.36.148.81 - - [14/Jun/2020:08:39:20 -0700] "GET /profile/jeremy HTTP/1.1" 200 29061 "-" "Mozilla/5.0 (compatible; AhrefsBot/6.1; +http://ahrefs.com/robot/)" 
66.249.66.52 - - [14/Jun/2020:08:39:22 -0700] "GET /robots.txt HTTP/1.1" 200 4881 "-" "Mozilla/5.0 (compatible; Googlebot/2.1; +http://www.google.com/bot.html)" 
66.249.66.50 - - [14/Jun/2020:08:39:22 -0700] "GET /service/web/unfurl/?url=http%3A%2F%2Ftheonlinephotographer.typepad.com%2Fthe_online_photographer%2F2018%2F05%2Fwednesday-open-mike-tom-wolfe-to-read.html&__bTk=eaac90559b759ea7ae377bf516368bbfcdb0ae6c84f19a55d89e917d304eae91&__bTs=1590233296 HTTP/1.1" 403 5038 "https://www.stream.jeremycherfas.net/content/all/?offset=1198" "Mozilla/5.0 (Linux; Android 6.0.1; Nexus 5X Build/MMB29P) AppleWebKit/537.36 (KHTML, like Gecko) Chrome/83.0.4103.100 Mobile Safari/537.36 (compatible; Googlebot/2.1; +http://www.google.com/bot.html)" 
66.249.66.48 - - [14/Jun/2020:08:39:22 -0700] "GET /service/web/unfurl/?url=https%3A%2F%2Fpushpullfork.com%2Ftruth-in-an-age-of-truthiness-when-bot-fueled-psyops-meet-internet-spam%2F&__bTk=eaac90559b759ea7ae377bf516368bbfcdb0ae6c84f19a55d89e917d304eae91&__bTs=1590233296 HTTP/1.1" 403 5016 "https://www.stream.jeremycherfas.net/content/all/?offset=1198" "Mozilla/5.0 (Linux; Android 6.0.1; Nexus 5X Build/MMB29P) AppleWebKit/537.36 (KHTML, like Gecko) Chrome/83.0.4103.100 Mobile Safari/537.36 (compatible; Googlebot/2.1; +http://www.google.com/bot.html)" 
66.249.66.52 - - [14/Jun/2020:08:39:23 -0700] "GET /service/web/unfurl/?url=https%3A%2F%2Fblogs.harvard.edu%2Fdoc%2F2018%2F05%2F12%2Fgdpr%2F&__bTk=eaac90559b759ea7ae377bf516368bbfcdb0ae6c84f19a55d89e917d304eae91&__bTs=1590233296 HTTP/1.1" 403 1301 "https://www.stream.jeremycherfas.net/content/all/?offset=1198" "Mozilla/5.0 (Linux; Android 6.0.1; Nexus 5X Build/MMB29P) AppleWebKit/537.36 (KHTML, like Gecko) Chrome/83.0.4103.100 Mobile Safari/537.36 (compatible; Googlebot/2.1; +http://www.google.com/bot.html)" 
66.249.66.50 - - [14/Jun/2020:08:39:23 -0700] "GET /service/web/unfurl/?url=https%3A%2F%2Fwww.theopennotebook.com%2F2018%2F05%2F15%2Fjacqui-banaszynskis-literary-forensics-a-diagnostic-tool-to-improve-writing%2F&__bTk=eaac90559b759ea7ae377bf516368bbfcdb0ae6c84f19a55d89e917d304eae91&__bTs=1590233296 HTTP/1.1" 403 5044 "https://www.stream.jeremycherfas.net/content/all/?offset=1198" "Mozilla/5.0 (Linux; Android 6.0.1; Nexus 5X Build/MMB29P) AppleWebKit/537.36 (KHTML, like Gecko) Chrome/83.0.4103.100 Mobile Safari/537.36 (compatible; Googlebot/2.1; +http://www.google.com/bot.html)" 
66.249.66.52 - - [14/Jun/2020:08:39:24 -0700] "GET /service/web/unfurl/?url=https%3A%2F%2Fpushpullfork.com%2Ftruth-in-an-age-of-truthiness-when-bot-fueled-psyops-meet-internet-spam%2F&__bTk=eaac90559b759ea7ae377bf516368bbfcdb0ae6c84f19a55d89e917d304eae91&__bTs=1590233296 HTTP/1.1" 403 1344 "https://www.stream.jeremycherfas.net/content/all/?offset=1198" "Mozilla/5.0 (Linux; Android 6.0.1; Nexus 5X Build/MMB29P) AppleWebKit/537.36 (KHTML, like Gecko) Chrome/83.0.4103.100 Mobile Safari/537.36 (compatible; Googlebot/2.1; +http://www.google.com/bot.html)" 
66.249.66.50 - - [14/Jun/2020:08:39:24 -0700] "GET /service/web/unfurl/?url=https%3A%2F%2Fwww.theopennotebook.com%2F2018%2F05%2F15%2Fjacqui-banaszynskis-literary-forensics-a-diagnostic-tool-to-improve-writing%2F&__bTk=eaac90559b759ea7ae377bf516368bbfcdb0ae6c84f19a55d89e917d304eae91&__bTs=1590233296 HTTP/1.1" 403 1372 "https://www.stream.jeremycherfas.net/content/all/?offset=1198" "Mozilla/5.0 (Linux; Android 6.0.1; Nexus 5X Build/MMB29P) AppleWebKit/537.36 (KHTML, like Gecko) Chrome/83.0.4103.100 Mobile Safari/537.36 (compatible; Googlebot/2.1; +http://www.google.com/bot.html)" 
96.126.125.129 - - [14/Jun/2020:08:39:44 -0700] "GET /content/statusupdates/posts/photos/checkins/bookmarkedpages?_t=rss HTTP/1.1" 200 7442 "-" "Micro.blog/1.0" 
64.111.100.215 - - [14/Jun/2020:08:39:45 -0700] "GET /content/all?_t=rss HTTP/1.1" 200 14885 "-" "Mozilla/5.0 (X11; U; Linux i686; fr; rv:1.9.1.1) Gecko/20090715 Firefox/3.5.1" 
66.249.66.46 - - [14/Jun/2020:08:40:01 -0700] "GET /2019/day-1-of-indieweb-challenge-2019-12-indieweb-challenge-fixed?_t=rss HTTP/1.1" 200 5862 "-" "Mozilla/5.0 (Linux; Android 6.0.1; Nexus 5X Build/MMB29P) AppleWebKit/537.36 (KHTML, like Gecko) Chrome/80.0.3987.92 Mobile Safari/537.36 (compatible; Googlebot/2.1; +http://www.google.com/bot.html)" 
46.229.168.138 - - [14/Jun/2020:08:40:19 -0700] "GET /?offset=35&q=%23WithKnown HTTP/1.1" 200 11567 "-" "Mozilla/5.0 (compatible; SemrushBot/6~bl; +http://www.semrush.com/bot.html)" 
66.249.66.44 - - [14/Jun/2020:08:40:24 -0700] "GET /file/c1b2809506a36ae3eceddd52d4e49b8c HTTP/1.1" 200 10006 "-" "Googlebot-Image/1.0" 
46.229.168.163 - - [14/Jun/2020:08:41:23 -0700] "GET /content/all/?offset=0&q=%23WithKnown HTTP/1.1" 200 14394 "-" "Mozilla/5.0 (compatible; SemrushBot/6~bl; +http://www.semrush.com/bot.html)" 
54.70.40.11 - - [14/Jun/2020:08:41:41 -0700] "GET /2018/hey-salad-lovers-its-ok-to-eat HTTP/1.1" 200 12214 "-" "Mozilla/5.0 (compatible) SemanticScholarBot (+https://www.semanticscholar.org/crawler)" 
46.229.168.137 - - [14/Jun/2020:08:41:47 -0700] "GET /2019/decisions-decisions-do-i-accept-the-invitation HTTP/1.1" 200 9251 "-" "Mozilla/5.0 (compatible; SemrushBot/6~bl; +http://www.semrush.com/bot.html)" 
54.70.40.11 - - [14/Jun/2020:08:41:53 -0700] "GET /2018/hey-salad-lovers-its-ok-to-eat HTTP/1.1" 200 12215 "-" "Mozilla/5.0 (compatible) SemanticScholarBot (+https://www.semanticscholar.org/crawler)" 
54.70.40.11 - - [14/Jun/2020:08:42:01 -0700] "GET /2018/hey-salad-lovers-its-ok-to-eat/annotations/2da02a5b2a328433aa96bb5818ef5c0d HTTP/1.1" 200 8392 "-" "Mozilla/5.0 (compatible) SemanticScholarBot (+https://www.semanticscholar.org/crawler)" 
46.229.168.130 - - [14/Jun/2020:08:42:21 -0700] "GET /content/statusupdates/?offset=18&q=%23%2B%23%23indieweb HTTP/1.1" 200 11209 "-" "Mozilla/5.0 (compatible; SemrushBot/6~bl; +http://www.semrush.com/bot.html)" 
46.229.168.146 - - [14/Jun/2020:08:42:28 -0700] "GET /tag/+%23%23bread?offset=0 HTTP/1.1" 200 12187 "-" "Mozilla/5.0 (compatible; SemrushBot/6~bl; +http://www.semrush.com/bot.html)" 
54.70.40.11 - - [14/Jun/2020:08:42:50 -0700] "GET /2018/hey-salad-lovers-its-ok-to-eat/annotations/cfcfcba75b35bdf61dd6ea447f92ffba HTTP/1.1" 200 8371 "-" "Mozilla/5.0 (compatible) SemanticScholarBot (+https://www.semanticscholar.org/crawler)" 
114.119.162.106 - - [14/Jun/2020:08:42:56 -0700] "GET /2018/just-downloaded-the-archive-the-archive-from-zettelkastende-and-rather-hoping HTTP/1.1" 200 9446 "-" "Mozilla/5.0 (Linux; Android 7.0;) AppleWebKit/537.36 (KHTML, like Gecko) Mobile Safari/537.36 (compatible; PetalBot;+https://aspiegel.com/petalbot)" 
45.79.26.51 - - [14/Jun/2020:08:42:59 -0700] "GET /content/statusupdates/posts/photos/checkins/bookmarkedpages?_t=rss HTTP/1.1" 200 7437 "-" "Micro.blog/1.0" 
66.249.66.48 - - [14/Jun/2020:08:43:02 -0700] "GET /file/00058fe0a43dd5ba9ffefd4c880b20cc/thumb.jpg HTTP/1.1" 200 109132 "-" "Googlebot-Image/1.0" 
54.70.40.11 - - [14/Jun/2020:08:43:23 -0700] "GET /2018/hey-salad-lovers-its-ok-to-eat/annotations/77d406b589b94b02e81b4fc8e9da5bb4 HTTP/1.1" 200 8452 "-" "Mozilla/5.0 (compatible) SemanticScholarBot (+https://www.semanticscholar.org/crawler)" 
46.229.168.141 - - [14/Jun/2020:08:43:43 -0700] "GET /content/posts/?q=%23matin HTTP/1.1" 200 8269 "-" "Mozilla/5.0 (compatible; SemrushBot/6~bl; +http://www.semrush.com/bot.html)" 
54.70.40.11 - - [14/Jun/2020:08:45:14 -0700] "GET /2018/hey-salad-lovers-its-ok-to-eat/annotations/df3b430e3422d6290e3eb2a1e681e440 HTTP/1.1" 200 8395 "-" "Mozilla/5.0 (compatible) SemanticScholarBot (+https://www.semanticscholar.org/crawler)" 
54.70.40.11 - - [14/Jun/2020:08:45:56 -0700] "GET /2018/hey-salad-lovers-its-ok-to-eat/annotations/d81dd0274234dc027a7d9d2dcb84a230 HTTP/1.1" 200 8409 "-" "Mozilla/5.0 (compatible) SemanticScholarBot (+https://www.semanticscholar.org/crawler)" 
159.65.67.69 - - [14/Jun/2020:08:46:04 -0700] "GET /?_t=rss HTTP/1.1" 200 7443 "-" "Feedbin feed-id:1536727 - 1 subscribers" 
46.229.168.131 - - [14/Jun/2020:08:46:19 -0700] "GET /?offset=135&q=%23indieweb HTTP/1.1" 200 12451 "-" "Mozilla/5.0 (compatible; SemrushBot/6~bl; +http://www.semrush.com/bot.html)" 
46.229.168.133 - - [14/Jun/2020:08:47:01 -0700] "GET /2018/2018-12-11 HTTP/1.1" 200 9758 "-" "Mozilla/5.0 (compatible; SemrushBot/6~bl; +http://www.semrush.com/bot.html)" 
46.229.168.146 - - [14/Jun/2020:08:48:16 -0700] "GET /content/all/?offset=30 HTTP/1.1" 200 13790 "-" "Mozilla/5.0 (compatible; SemrushBot/6~bl; +http://www.semrush.com/bot.html)" 
46.229.168.135 - - [14/Jun/2020:08:48:21 -0700] "GET /tag/bread?offset=34 HTTP/1.1" 200 12252 "-" "Mozilla/5.0 (compatible; SemrushBot/6~bl; +http://www.semrush.com/bot.html)" 
46.229.168.143 - - [14/Jun/2020:08:49:22 -0700] "GET /2019/latest-episode-we-need-to-talk-about-meatnot-arguing-pro HTTP/1.1" 200 14453 "-" "Mozilla/5.0 (compatible; SemrushBot/6~bl; +http://www.semrush.com/bot.html)" 
54.70.40.11 - - [14/Jun/2020:08:49:22 -0700] "GET /2018/hey-salad-lovers-its-ok-to-eat/annotations/23325d6b100838d99794bc1c3f334767 HTTP/1.1" 200 8381 "-" "Mozilla/5.0 (compatible) SemanticScholarBot (+https://www.semanticscholar.org/crawler)" 
66.249.66.44 - - [14/Jun/2020:08:49:29 -0700] "GET /content/all?_t=rss&offset=430 HTTP/1.1" 200 7677 "-" "Mozilla/5.0 (Linux; Android 6.0.1; Nexus 5X Build/MMB29P) AppleWebKit/537.36 (KHTML, like Gecko) Chrome/80.0.3987.92 Mobile Safari/537.36 (compatible; Googlebot/2.1; +http://www.google.com/bot.html)" 
46.229.168.141 - - [14/Jun/2020:08:49:31 -0700] "GET /2019/i-love-how-this-wisteria-has-coopted-a-nearby-tree HTTP/1.1" 200 15357 "-" "Mozilla/5.0 (compatible; SemrushBot/6~bl; +http://www.semrush.com/bot.html)" 
54.70.40.11 - - [14/Jun/2020:08:49:33 -0700] "GET /2018/hey-salad-lovers-its-ok-to-eat/annotations/1832beebb2520dcc2c1ca1748de86035 HTTP/1.1" 200 8412 "-" "Mozilla/5.0 (compatible) SemanticScholarBot (+https://www.semanticscholar.org/crawler)" 
45.79.26.51 - - [14/Jun/2020:08:49:54 -0700] "GET /content/statusupdates/posts/photos/checkins/bookmarkedpages?_t=rss HTTP/1.1" 200 7437 "-" "Micro.blog/1.0" 
54.70.40.11 - - [14/Jun/2020:08:50:03 -0700] "GET /2018/hey-salad-lovers-its-ok-to-eat/annotations/c40e2735015fc62191e0a01a02153476 HTTP/1.1" 200 8358 "-" "Mozilla/5.0 (compatible) SemanticScholarBot (+https://www.semanticscholar.org/crawler)" 
54.70.40.11 - - [14/Jun/2020:08:51:28 -0700] "GET /2018/hey-salad-lovers-its-ok-to-eat/annotations/42c8c986a6b5bca985f4c2527e83038f HTTP/1.1" 200 8359 "-" "Mozilla/5.0 (compatible) SemanticScholarBot (+https://www.semanticscholar.org/crawler)" 
46.229.168.137 - - [14/Jun/2020:08:51:40 -0700] "GET /tag/+%23freersackler HTTP/1.1" 200 8235 "-" "Mozilla/5.0 (compatible; SemrushBot/6~bl; +http://www.semrush.com/bot.html)" 
54.70.40.11 - - [14/Jun/2020:08:51:42 -0700] "GET /2018/hey-salad-lovers-its-ok-to-eat/annotations/ceb4fb648382fd24bf20a8fc76776e73 HTTP/1.1" 200 8416 "-" "Mozilla/5.0 (compatible) SemanticScholarBot (+https://www.semanticscholar.org/crawler)" 
54.70.40.11 - - [14/Jun/2020:08:51:48 -0700] "GET /content/all/ HTTP/1.1" 200 11993 "-" "Mozilla/5.0 (compatible) SemanticScholarBot (+https://www.semanticscholar.org/crawler)" 
54.70.40.11 - - [14/Jun/2020:08:52:36 -0700] "GET /2018/hey-salad-lovers-its-ok-to-eat/annotations/e81bf0b12c591e4e035f54c8e4846247 HTTP/1.1" 200 8422 "-" "Mozilla/5.0 (compatible) SemanticScholarBot (+https://www.semanticscholar.org/crawler)" 
54.70.40.11 - - [14/Jun/2020:08:52:56 -0700] "GET /2017/doing-the-same-thing-not-at-all-pursuing-a-similar HTTP/1.1" 200 9450 "-" "Mozilla/5.0 (compatible) SemanticScholarBot (+https://www.semanticscholar.org/crawler)" 
46.229.168.131 - - [14/Jun/2020:08:52:57 -0700] "GET /content/posts/?offset=9&q=%23indieweb HTTP/1.1" 200 16182 "-" "Mozilla/5.0 (compatible; SemrushBot/6~bl; +http://www.semrush.com/bot.html)" 
54.70.40.11 - - [14/Jun/2020:08:53:40 -0700] "GET /2017/doing-the-same-thing-not-at-all-pursuing-a-similar HTTP/1.1" 200 9451 "-" "Mozilla/5.0 (compatible) SemanticScholarBot (+https://www.semanticscholar.org/crawler)" 
46.229.168.129 - - [14/Jun/2020:08:53:56 -0700] "GET /content/all/?offset=34&q=%23sourdough HTTP/1.1" 200 11292 "-" "Mozilla/5.0 (compatible; SemrushBot/6~bl; +http://www.semrush.com/bot.html)" 
96.126.125.129 - - [14/Jun/2020:08:54:11 -0700] "GET /content/statusupdates/posts/photos/checkins/bookmarkedpages?_t=rss HTTP/1.1" 200 7442 "-" "Micro.blog/1.0" 
66.249.66.48 - - [14/Jun/2020:08:55:03 -0700] "GET /service/web/unfurl/?url=https%3A%2F%2Fwww.sapiens.org%2Fculture%2Fgift-wrapping-reason%2F&__bTk=d87e04dab4fdfc962ede8b0b58de731acf971afb76eec2a72562b0166c5cf83b&__bTs=1590692933 HTTP/1.1" 403 4950 "https://stream.jeremycherfas.net/content/all?offset=1587" "Mozilla/5.0 (Linux; Android 6.0.1; Nexus 5X Build/MMB29P) AppleWebKit/537.36 (KHTML, like Gecko) Chrome/83.0.4103.93 Mobile Safari/537.36 (compatible; Googlebot/2.1; +http://www.google.com/bot.html)" 
66.249.66.48 - - [14/Jun/2020:08:55:09 -0700] "GET /service/web/unfurl/?url=https%3A%2F%2Fwww.sapiens.org%2Fculture%2Fgift-wrapping-reason%2F&__bTk=f33091aa37b5a26a21a6e2f0ff127b8fade124cff31edf11df3ba76a61149115&__bTs=1591235031 HTTP/1.1" 403 4974 "https://www.stream.jeremycherfas.net/content/all/?offset=1551" "Mozilla/5.0 (Linux; Android 6.0.1; Nexus 5X Build/MMB29P) AppleWebKit/537.36 (KHTML, like Gecko) Chrome/83.0.4103.93 Mobile Safari/537.36 (compatible; Googlebot/2.1; +http://www.google.com/bot.html)" 
64.111.100.215 - - [14/Jun/2020:08:55:16 -0700] "GET /content/all?_t=rss HTTP/1.1" 200 14885 "-" "Mozilla/5.0 (X11; U; Linux i686; fr; rv:1.9.1.1) Gecko/20090715 Firefox/3.5.1" 
46.229.168.151 - - [14/Jun/2020:08:55:31 -0700] "GET /content/rsvp/?q=%23foodcommunicationconf HTTP/1.1" 200 8327 "-" "Mozilla/5.0 (compatible; SemrushBot/6~bl; +http://www.semrush.com/bot.html)" 
46.229.168.135 - - [14/Jun/2020:08:55:33 -0700] "GET /content/all?offset=90 HTTP/1.1" 200 11511 "-" "Mozilla/5.0 (compatible; SemrushBot/6~bl; +http://www.semrush.com/bot.html)" 
46.229.168.141 - - [14/Jun/2020:08:55:43 -0700] "GET /content/all/?offset=142&q=%23%2B%23indieweb HTTP/1.1" 200 9495 "-" "Mozilla/5.0 (compatible; SemrushBot/6~bl; +http://www.semrush.com/bot.html)" 
62.210.89.213 - - [14/Jun/2020:08:56:29 -0700] "GET /robots.txt HTTP/1.1" 200 4857 "-" "BarkRowler/0.9 (+https://babbar.tech/crawler)" 
46.229.168.150 - - [14/Jun/2020:08:56:44 -0700] "GET /content/posts/?q=%23opencollective HTTP/1.1" 200 8286 "-" "Mozilla/5.0 (compatible; SemrushBot/6~bl; +http://www.semrush.com/bot.html)" 
46.229.168.150 - - [14/Jun/2020:08:57:07 -0700] "GET /content/all/?offset=12&q=%23%2B%23food HTTP/1.1" 200 12024 "-" "Mozilla/5.0 (compatible; SemrushBot/6~bl; +http://www.semrush.com/bot.html)" 
46.229.168.140 - - [14/Jun/2020:08:57:14 -0700] "GET /?offset=25&q=%23podcast HTTP/1.1" 200 11933 "-" "Mozilla/5.0 (compatible; SemrushBot/6~bl; +http://www.semrush.com/bot.html)" 
62.210.89.213 - - [14/Jun/2020:08:57:30 -0700] "GET /2018/-indieauth-for-wordpress HTTP/1.1" 200 10006 "-" "BarkRowler/0.9 (+https://babbar.tech/crawler)" 
46.229.168.131 - - [14/Jun/2020:08:57:31 -0700] "GET /content/all/?offset=6&q=%23%2B%23%23bread HTTP/1.1" 200 12459 "-" "Mozilla/5.0 (compatible; SemrushBot/6~bl; +http://www.semrush.com/bot.html)" 
114.119.165.105 - - [14/Jun/2020:08:57:45 -0700] "GET /content/photos?offset=350 HTTP/1.1" 200 10157 "-" "Mozilla/5.0 (Linux; Android 7.0;) AppleWebKit/537.36 (KHTML, like Gecko) Mobile Safari/537.36 (compatible; PetalBot;+https://aspiegel.com/petalbot)" 
207.46.13.212 - - [14/Jun/2020:08:57:54 -0700] "GET /2020/hey-faostatistics-faostatenhome-has-been-unreachable-for HTTP/1.1" 200 10557 "-" "Mozilla/5.0 (compatible; bingbot/2.0; +http://www.bing.com/bingbot.htm)" 
46.229.168.132 - - [14/Jun/2020:08:58:18 -0700] "GET /content/events/?q=%23%2B%23ciwf HTTP/1.1" 200 8285 "-" "Mozilla/5.0 (compatible; SemrushBot/6~bl; +http://www.semrush.com/bot.html)" 
62.210.89.213 - - [14/Jun/2020:08:58:30 -0700] "GET /2017/content-bloat-privacy-archives HTTP/1.1" 200 9794 "-" "BarkRowler/0.9 (+https://babbar.tech/crawler)" 
66.249.66.46 - - [14/Jun/2020:08:58:57 -0700] "GET /view/709f2ade8dba13077caa2bdfff1e7b5e?_t=rss HTTP/1.1" 200 5876 "-" "Mozilla/5.0 (Linux; Android 6.0.1; Nexus 5X Build/MMB29P) AppleWebKit/537.36 (KHTML, like Gecko) Chrome/80.0.3987.92 Mobile Safari/537.36 (compatible; Googlebot/2.1; +http://www.google.com/bot.html)" 
96.126.125.129 - - [14/Jun/2020:08:59:01 -0700] "GET /content/statusupdates/posts/photos/checkins/bookmarkedpages?_t=rss HTTP/1.1" 200 7442 "-" "Micro.blog/1.0" 
157.55.39.98 - - [14/Jun/2020:08:59:27 -0700] "GET /content/all/ HTTP/1.1" 200 12581 "-" "Mozilla/5.0 (compatible; bingbot/2.0; +http://www.bing.com/bingbot.htm)" 
62.210.89.213 - - [14/Jun/2020:08:59:31 -0700] "GET /2018/how-long-should-a-podcast-be HTTP/1.1" 200 10956 "-" "BarkRowler/0.9 (+https://babbar.tech/crawler)" 
62.210.89.213 - - [14/Jun/2020:09:00:01 -0700] "GET /2018/thanks-aaron-for-your-mention-of-my HTTP/1.1" 200 10097 "-" "BarkRowler/0.9 (+https://babbar.tech/crawler)" 
62.210.89.213 - - [14/Jun/2020:09:00:32 -0700] "GET /2018/i-have-a-feeling-i-saw-this HTTP/1.1" 200 10570 "-" "BarkRowler/0.9 (+https://babbar.tech/crawler)" 
46.229.168.152 - - [14/Jun/2020:09:01:39 -0700] "GET /?offset=0&q=%23%2B%23Http%3A%2F%2Fagro.biodiver.se%2F HTTP/1.1" 200 8335 "-" "Mozilla/5.0 (compatible; SemrushBot/6~bl; +http://www.semrush.com/bot.html)" 
45.79.26.51 - - [14/Jun/2020:09:02:30 -0700] "GET /content/statusupdates/posts/photos/checkins/bookmarkedpages?_t=rss HTTP/1.1" 200 7437 "-" "Micro.blog/1.0" 
46.229.168.162 - - [14/Jun/2020:09:02:37 -0700] "GET /content/all/?q=%23%2B%23norovirus HTTP/1.1" 200 8309 "-" "Mozilla/5.0 (compatible; SemrushBot/6~bl; +http://www.semrush.com/bot.html)" 
46.229.168.134 - - [14/Jun/2020:09:03:37 -0700] "GET /2018/tomorrow-is-apparently-international-podcast-day-naturally HTTP/1.1" 200 9825 "-" "Mozilla/5.0 (compatible; SemrushBot/6~bl; +http://www.semrush.com/bot.html)" 
46.229.168.154 - - [14/Jun/2020:09:03:42 -0700] "GET /content/posts/?offset=29&q=%23Indieweb HTTP/1.1" 200 10061 "-" "Mozilla/5.0 (compatible; SemrushBot/6~bl; +http://www.semrush.com/bot.html)" 
46.229.168.146 - - [14/Jun/2020:09:05:45 -0700] "GET /content/posts/?q=%23authentic HTTP/1.1" 200 8276 "-" "Mozilla/5.0 (compatible; SemrushBot/6~bl; +http://www.semrush.com/bot.html)" 
207.46.13.212 - - [14/Jun/2020:09:05:56 -0700] "GET / HTTP/1.1" 200 12608 "-" "Mozilla/5.0 (compatible; bingbot/2.0; +http://www.bing.com/bingbot.htm)" 
46.229.168.138 - - [14/Jun/2020:09:05:58 -0700] "GET /content/bookmarkedpages/?offset=180 HTTP/1.1" 200 10632 "-" "Mozilla/5.0 (compatible; SemrushBot/6~bl; +http://www.semrush.com/bot.html)" 
45.79.26.51 - - [14/Jun/2020:09:05:58 -0700] "GET /content/statusupdates/posts/photos/checkins/bookmarkedpages?_t=rss HTTP/1.1" 200 7437 "-" "Micro.blog/1.0" 
46.229.168.136 - - [14/Jun/2020:09:06:33 -0700] "GET /tag/indieweb?offset=104 HTTP/1.1" 200 13526 "-" "Mozilla/5.0 (compatible; SemrushBot/6~bl; +http://www.semrush.com/bot.html)" 
46.229.168.152 - - [14/Jun/2020:09:06:48 -0700] "GET /content/photos/?q=%23%2B%23ciwf HTTP/1.1" 200 8317 "-" "Mozilla/5.0 (compatible; SemrushBot/6~bl; +http://www.semrush.com/bot.html)" 
46.229.168.130 - - [14/Jun/2020:09:06:54 -0700] "GET /content/statusupdates/?q=%2310DoT HTTP/1.1" 200 8280 "-" "Mozilla/5.0 (compatible; SemrushBot/6~bl; +http://www.semrush.com/bot.html)" 
66.249.66.44 - - [14/Jun/2020:09:07:27 -0700] "GET /2017/100%25-wholemeal-for-the-discerning-multitudes HTTP/1.1" 304 4068 "-" "Mozilla/5.0 (Linux; Android 6.0.1; Nexus 5X Build/MMB29P) AppleWebKit/537.36 (KHTML, like Gecko) Chrome/80.0.3987.92 Mobile Safari/537.36 (compatible; Googlebot/2.1; +http://www.google.com/bot.html)" 
46.229.168.134 - - [14/Jun/2020:09:08:19 -0700] "GET /?offset=144&q=%23Indieweb HTTP/1.1" 200 8479 "-" "Mozilla/5.0 (compatible; SemrushBot/6~bl; +http://www.semrush.com/bot.html)" 
66.249.66.48 - - [14/Jun/2020:09:08:25 -0700] "GET /content/all?offset=1395&_t=rss HTTP/1.1" 200 7991 "-" "Mozilla/5.0 (Linux; Android 6.0.1; Nexus 5X Build/MMB29P) AppleWebKit/537.36 (KHTML, like Gecko) Chrome/80.0.3987.92 Mobile Safari/537.36 (compatible; Googlebot/2.1; +http://www.google.com/bot.html)" 
46.229.168.142 - - [14/Jun/2020:09:08:58 -0700] "GET /?offset=32&q=%23podcast HTTP/1.1" 200 13635 "-" "Mozilla/5.0 (compatible; SemrushBot/6~bl; +http://www.semrush.com/bot.html)" 
46.229.168.134 - - [14/Jun/2020:09:09:08 -0700] "GET /content/statusupdates/?offset=10&q=%23%2B%23indieweb HTTP/1.1" 200 11159 "-" "Mozilla/5.0 (compatible; SemrushBot/6~bl; +http://www.semrush.com/bot.html)" 
46.229.168.150 - - [14/Jun/2020:09:09:48 -0700] "GET /tag/bread?offset=84 HTTP/1.1" 200 10204 "-" "Mozilla/5.0 (compatible; SemrushBot/6~bl; +http://www.semrush.com/bot.html)" 
96.126.125.129 - - [14/Jun/2020:09:09:50 -0700] "GET /content/statusupdates/posts/photos/checkins/bookmarkedpages?_t=rss HTTP/1.1" 200 7442 "-" "Micro.blog/1.0" 
46.229.168.162 - - [14/Jun/2020:09:10:25 -0700] "GET /content/photos/ HTTP/1.1" 200 11534 "-" "Mozilla/5.0 (compatible; SemrushBot/6~bl; +http://www.semrush.com/bot.html)" 
46.229.168.138 - - [14/Jun/2020:09:12:55 -0700] "GET /tag/Fornacalia HTTP/1.1" 200 12935 "-" "Mozilla/5.0 (compatible; SemrushBot/6~bl; +http://www.semrush.com/bot.html)" 
46.229.168.130 - - [14/Jun/2020:09:13:22 -0700] "GET /content/all/?offset=2&q=%23bread HTTP/1.1" 200 11796 "-" "Mozilla/5.0 (compatible; SemrushBot/6~bl; +http://www.semrush.com/bot.html)" 
45.79.26.51 - - [14/Jun/2020:09:14:35 -0700] "GET /content/statusupdates/posts/photos/checkins/bookmarkedpages?_t=rss HTTP/1.1" 200 7437 "-" "Micro.blog/1.0" 
64.111.100.215 - - [14/Jun/2020:09:14:36 -0700] "GET /content/all?_t=rss HTTP/1.1" 200 14885 "-" "Mozilla/5.0 (X11; U; Linux i686; fr; rv:1.9.1.1) Gecko/20090715 Firefox/3.5.1" 
46.229.168.135 - - [14/Jun/2020:09:15:45 -0700] "GET /content/all/?q=%23%2B%23photo HTTP/1.1" 200 12659 "-" "Mozilla/5.0 (compatible; SemrushBot/6~bl; +http://www.semrush.com/bot.html)" 
157.55.39.98 - - [14/Jun/2020:09:16:37 -0700] "GET /2018/2018-11-01 HTTP/1.1" 200 10479 "-" "Mozilla/5.0 (compatible; bingbot/2.0; +http://www.bing.com/bingbot.htm)" 
46.229.168.129 - - [14/Jun/2020:09:17:24 -0700] "GET /?q=%23%2B%23bread HTTP/1.1" 200 12139 "-" "Mozilla/5.0 (compatible; SemrushBot/6~bl; +http://www.semrush.com/bot.html)" 
66.249.66.48 - - [14/Jun/2020:09:17:26 -0700] "GET /tag/bread HTTP/1.1" 304 4068 "-" "Mozilla/5.0 (Linux; Android 6.0.1; Nexus 5X Build/MMB29P) AppleWebKit/537.36 (KHTML, like Gecko) Chrome/80.0.3987.92 Mobile Safari/537.36 (compatible; Googlebot/2.1; +http://www.google.com/bot.html)" 
66.249.66.46 - - [14/Jun/2020:09:17:39 -0700] "GET /content/posts/?q=%23+%23WithKnown HTTP/1.1" 200 18388 "-" "Mozilla/5.0 (Linux; Android 6.0.1; Nexus 5X Build/MMB29P) AppleWebKit/537.36 (KHTML, like Gecko) Chrome/80.0.3987.92 Mobile Safari/537.36 (compatible; Googlebot/2.1; +http://www.google.com/bot.html)" 
66.249.66.44 - - [14/Jun/2020:09:17:53 -0700] "GET /content/all?_t=amp&offset=2087 HTTP/1.1" 200 12338 "-" "Mozilla/5.0 (Linux; Android 6.0.1; Nexus 5X Build/MMB29P) AppleWebKit/537.36 (KHTML, like Gecko) Chrome/80.0.3987.92 Mobile Safari/537.36 (compatible; Googlebot/2.1; +http://www.google.com/bot.html)" 
66.249.66.44 - - [14/Jun/2020:09:17:56 -0700] "GET /service/web/unfurl/?url=http%3A%2F%2Fpetebrown.blogspot.it%2F2017%2F04%2Fwhy-i-cant-get-too-excited-about.html&__bTk=69943e220605fd513a07276546916b3a5e7ac0f9fd9803c54ba60d198a8dbd2b&__bTs=1591488000 HTTP/1.1" 403 4971 "https://stream.jeremycherfas.net/content/all?_t=amp&offset=2087" "Mozilla/5.0 (Linux; Android 6.0.1; Nexus 5X Build/MMB29P) AppleWebKit/537.36 (KHTML, like Gecko) Chrome/83.0.4103.93 Mobile Safari/537.36 (compatible; Googlebot/2.1; +http://www.google.com/bot.html)" 
66.249.66.44 - - [14/Jun/2020:09:17:57 -0700] "GET /service/web/unfurl/?url=http%3A%2F%2Fxn--rpa.cc%2Fessays%2Finfrastructure&__bTk=69943e220605fd513a07276546916b3a5e7ac0f9fd9803c54ba60d198a8dbd2b&__bTs=1591488000 HTTP/1.1" 403 1262 "https://stream.jeremycherfas.net/content/all?_t=amp&offset=2087" "Mozilla/5.0 (Linux; Android 6.0.1; Nexus 5X Build/MMB29P) AppleWebKit/537.36 (KHTML, like Gecko) Chrome/83.0.4103.93 Mobile Safari/537.36 (compatible; Googlebot/2.1; +http://www.google.com/bot.html)" 
66.249.66.44 - - [14/Jun/2020:09:17:57 -0700] "GET /service/web/unfurl/?url=https%3A%2F%2Fblog.patreon.com%2Fpromote-podcast%2F&__bTk=69943e220605fd513a07276546916b3a5e7ac0f9fd9803c54ba60d198a8dbd2b&__bTs=1591488000 HTTP/1.1" 403 1264 "https://stream.jeremycherfas.net/content/all?_t=amp&offset=2087" "Mozilla/5.0 (Linux; Android 6.0.1; Nexus 5X Build/MMB29P) AppleWebKit/537.36 (KHTML, like Gecko) Chrome/83.0.4103.93 Mobile Safari/537.36 (compatible; Googlebot/2.1; +http://www.google.com/bot.html)" 
66.249.66.44 - - [14/Jun/2020:09:17:58 -0700] "GET /service/web/unfurl/?url=https%3A%2F%2Fwww.jeremycherfas.net%2Freviews%2Fhold-still&__bTk=69943e220605fd513a07276546916b3a5e7ac0f9fd9803c54ba60d198a8dbd2b&__bTs=1591488000 HTTP/1.1" 403 1271 "https://stream.jeremycherfas.net/content/all?_t=amp&offset=2087" "Mozilla/5.0 (Linux; Android 6.0.1; Nexus 5X Build/MMB29P) AppleWebKit/537.36 (KHTML, like Gecko) Chrome/83.0.4103.93 Mobile Safari/537.36 (compatible; Googlebot/2.1; +http://www.google.com/bot.html)" 
66.249.66.44 - - [14/Jun/2020:09:17:58 -0700] "GET /service/web/unfurl/?url=http%3A%2F%2Fpetebrown.blogspot.it%2F2017%2F04%2Fwhy-i-cant-get-too-excited-about.html&__bTk=69943e220605fd513a07276546916b3a5e7ac0f9fd9803c54ba60d198a8dbd2b&__bTs=1591887856 HTTP/1.1" 403 1299 "https://stream.jeremycherfas.net/content/all?_t=amp&offset=2087" "Mozilla/5.0 (Linux; Android 6.0.1; Nexus 5X Build/MMB29P) AppleWebKit/537.36 (KHTML, like Gecko) Chrome/83.0.4103.93 Mobile Safari/537.36 (compatible; Googlebot/2.1; +http://www.google.com/bot.html)" 
66.249.66.44 - - [14/Jun/2020:09:17:59 -0700] "GET /service/web/unfurl/?url=http%3A%2F%2Fxn--rpa.cc%2Fessays%2Finfrastructure&__bTk=69943e220605fd513a07276546916b3a5e7ac0f9fd9803c54ba60d198a8dbd2b&__bTs=1591887856 HTTP/1.1" 403 1262 "https://stream.jeremycherfas.net/content/all?_t=amp&offset=2087" "Mozilla/5.0 (Linux; Android 6.0.1; Nexus 5X Build/MMB29P) AppleWebKit/537.36 (KHTML, like Gecko) Chrome/83.0.4103.93 Mobile Safari/537.36 (compatible; Googlebot/2.1; +http://www.google.com/bot.html)" 
66.249.66.44 - - [14/Jun/2020:09:17:59 -0700] "GET /service/web/unfurl/?url=https%3A%2F%2Fblog.patreon.com%2Fpromote-podcast%2F&__bTk=69943e220605fd513a07276546916b3a5e7ac0f9fd9803c54ba60d198a8dbd2b&__bTs=1591887856 HTTP/1.1" 403 1264 "https://stream.jeremycherfas.net/content/all?_t=amp&offset=2087" "Mozilla/5.0 (Linux; Android 6.0.1; Nexus 5X Build/MMB29P) AppleWebKit/537.36 (KHTML, like Gecko) Chrome/83.0.4103.93 Mobile Safari/537.36 (compatible; Googlebot/2.1; +http://www.google.com/bot.html)" 
66.249.66.44 - - [14/Jun/2020:09:18:00 -0700] "GET /service/web/unfurl/?url=https%3A%2F%2Fwww.jeremycherfas.net%2Freviews%2Fhold-still&__bTk=69943e220605fd513a07276546916b3a5e7ac0f9fd9803c54ba60d198a8dbd2b&__bTs=1591887856 HTTP/1.1" 403 1271 "https://stream.jeremycherfas.net/content/all?_t=amp&offset=2087" "Mozilla/5.0 (Linux; Android 6.0.1; Nexus 5X Build/MMB29P) AppleWebKit/537.36 (KHTML, like Gecko) Chrome/83.0.4103.93 Mobile Safari/537.36 (compatible; Googlebot/2.1; +http://www.google.com/bot.html)" 
207.46.13.63 - - [14/Jun/2020:09:18:03 -0700] "GET /2019/and-a-very-happy-st-patricks-day-to-you-too HTTP/1.1" 200 14983 "-" "Mozilla/5.0 (compatible; bingbot/2.0; +http://www.bing.com/bingbot.htm)" 
167.99.111.28 - - [14/Jun/2020:09:18:37 -0700] "GET /?_t=rss HTTP/1.1" 304 3495 "-" "Feedbin feed-id:1536727 - 1 subscribers" 
46.229.168.154 - - [14/Jun/2020:09:18:54 -0700] "GET /tag/WithKnown?offset=50 HTTP/1.1" 200 10505 "-" "Mozilla/5.0 (compatible; SemrushBot/6~bl; +http://www.semrush.com/bot.html)" 
45.79.26.51 - - [14/Jun/2020:09:20:17 -0700] "GET /content/statusupdates/posts/photos/checkins/bookmarkedpages?_t=rss HTTP/1.1" 200 7437 "-" "Micro.blog/1.0" 
46.229.168.145 - - [14/Jun/2020:09:21:23 -0700] "GET /content/statusupdates/?offset=7&q=%23%2B%23podcast HTTP/1.1" 200 10700 "-" "Mozilla/5.0 (compatible; SemrushBot/6~bl; +http://www.semrush.com/bot.html)" 
46.229.168.143 - - [14/Jun/2020:09:21:27 -0700] "GET /2019/hearsay-festival-is-the-coachella-of-creative-audio HTTP/1.1" 200 9426 "-" "Mozilla/5.0 (compatible; SemrushBot/6~bl; +http://www.semrush.com/bot.html)" 
46.229.168.148 - - [14/Jun/2020:09:22:23 -0700] "GET /?offset=5&q=%23Sourdough HTTP/1.1" 200 12440 "-" "Mozilla/5.0 (compatible; SemrushBot/6~bl; +http://www.semrush.com/bot.html)" 
46.229.168.141 - - [14/Jun/2020:09:22:41 -0700] "GET /?offset=61&q=%23IndieWeb HTTP/1.1" 200 11926 "-" "Mozilla/5.0 (compatible; SemrushBot/6~bl; +http://www.semrush.com/bot.html)" 
46.229.168.146 - - [14/Jun/2020:09:23:23 -0700] "GET /tag/sourdough?offset=3 HTTP/1.1" 200 11712 "-" "Mozilla/5.0 (compatible; SemrushBot/6~bl; +http://www.semrush.com/bot.html)" 
157.55.39.110 - - [14/Jun/2020:09:24:17 -0700] "GET /2019/friends-of-the-fountain-pen-how-do HTTP/1.1" 200 10603 "-" "Mozilla/5.0 (compatible; bingbot/2.0; +http://www.bing.com/bingbot.htm)" 
46.229.168.143 - - [14/Jun/2020:09:25:33 -0700] "GET /content/photos/?offset=41&q=%23sourdough HTTP/1.1" 200 11354 "-" "Mozilla/5.0 (compatible; SemrushBot/6~bl; +http://www.semrush.com/bot.html)" 
207.46.13.63 - - [14/Jun/2020:09:25:50 -0700] "GET /2018/i-noticed-that-my-like-of-this/annotations/f03da5612556bee164d1af217b5ed201 HTTP/1.1" 200 8923 "-" "Mozilla/5.0 (compatible; bingbot/2.0; +http://www.bing.com/bingbot.htm)" 
45.79.26.51 - - [14/Jun/2020:09:26:55 -0700] "GET /content/statusupdates/posts/photos/checkins/bookmarkedpages?_t=rss HTTP/1.1" 200 7437 "-" "Micro.blog/1.0" 
66.249.66.46 - - [14/Jun/2020:09:27:21 -0700] "GET /robots.txt HTTP/1.1" 200 4857 "-" "Mozilla/5.0 (compatible; Googlebot/2.1; +http://www.google.com/bot.html)" 
66.249.66.46 - - [14/Jun/2020:09:27:21 -0700] "GET /content/all?offset=1415&_t=rss HTTP/1.1" 200 7794 "-" "Mozilla/5.0 (Linux; Android 6.0.1; Nexus 5X Build/MMB29P) AppleWebKit/537.36 (KHTML, like Gecko) Chrome/80.0.3987.92 Mobile Safari/537.36 (compatible; Googlebot/2.1; +http://www.google.com/bot.html)" 
46.229.168.138 - - [14/Jun/2020:09:27:54 -0700] "GET /content/rsvp/?q=%23RSS HTTP/1.1" 200 8295 "-" "Mozilla/5.0 (compatible; SemrushBot/6~bl; +http://www.semrush.com/bot.html)" 
46.229.168.134 - - [14/Jun/2020:09:28:28 -0700] "GET /2018/2018-05-21 HTTP/1.1" 200 9930 "-" "Mozilla/5.0 (compatible; SemrushBot/6~bl; +http://www.semrush.com/bot.html)" 
46.229.168.140 - - [14/Jun/2020:09:28:33 -0700] "GET /content/photos/?offset=51&q=%23sourdough HTTP/1.1" 200 9043 "-" "Mozilla/5.0 (compatible; SemrushBot/6~bl; +http://www.semrush.com/bot.html)" 
64.111.100.215 - - [14/Jun/2020:09:29:37 -0700] "GET /content/all?_t=rss HTTP/1.1" 200 14885 "-" "Mozilla/5.0 (X11; U; Linux i686; fr; rv:1.9.1.1) Gecko/20090715 Firefox/3.5.1" 
64.111.100.215 - - [14/Jun/2020:09:29:41 -0700] "GET /content/all?_t=rss HTTP/1.1" 200 14885 "-" "Mozilla/5.0 (X11; U; Linux i686; fr; rv:1.9.1.1) Gecko/20090715 Firefox/3.5.1" 
96.126.125.129 - - [14/Jun/2020:09:30:18 -0700] "GET /content/statusupdates/posts/photos/checkins/bookmarkedpages?_t=rss HTTP/1.1" 200 7442 "-" "Micro.blog/1.0" 
157.55.39.98 - - [14/Jun/2020:09:32:00 -0700] "GET /2018/our-daily-bread-22---sourdough-by-any-nameqlnm30ltlnusourdough HTTP/1.1" 200 16484 "-" "Mozilla/5.0 (compatible; bingbot/2.0; +http://www.bing.com/bingbot.htm)" 
46.229.168.140 - - [14/Jun/2020:09:33:28 -0700] "GET /content/all/?offset=120&q=%23Indieweb HTTP/1.1" 200 11486 "-" "Mozilla/5.0 (compatible; SemrushBot/6~bl; +http://www.semrush.com/bot.html)" 
46.229.168.143 - - [14/Jun/2020:09:33:33 -0700] "GET /content/statusupdates/?offset=4&q=%23%2B%23indieweb HTTP/1.1" 200 11425 "-" "Mozilla/5.0 (compatible; SemrushBot/6~bl; +http://www.semrush.com/bot.html)" 
