157.55.39.110 - - [14/Jun/2020:09:33:35 -0700] "GET /2017/out-exploring-with-barksdalep1-and-enzo-the-wonderdog HTTP/1.1" 200 10946 "-" "Mozilla/5.0 (compatible; bingbot/2.0; +http://www.bing.com/bingbot.htm)" 
46.229.168.133 - - [14/Jun/2020:09:34:05 -0700] "GET /content/all/?offset=55&q=%23%2B%23podcast HTTP/1.1" 200 9102 "-" "Mozilla/5.0 (compatible; SemrushBot/6~bl; +http://www.semrush.com/bot.html)" 
157.55.39.110 - - [14/Jun/2020:09:34:16 -0700] "GET /file/20614cfc236a90c72d3e4a4cb81fb811 HTTP/1.1" 200 11071 "-" "Mozilla/5.0 (compatible; bingbot/2.0; +http://www.bing.com/bingbot.htm)" 
157.55.39.110 - - [14/Jun/2020:09:34:16 -0700] "GET /file/88dc8a4ba1a100173f9b9be0e0ce035b HTTP/1.1" 200 8659 "-" "Mozilla/5.0 (compatible; bingbot/2.0; +http://www.bing.com/bingbot.htm)" 
157.55.39.110 - - [14/Jun/2020:09:34:16 -0700] "GET /file/a81d269afdfc8a6f9ba6d686770ad611 HTTP/1.1" 200 7672 "-" "Mozilla/5.0 (compatible; bingbot/2.0; +http://www.bing.com/bingbot.htm)" 
207.46.13.63 - - [14/Jun/2020:09:34:39 -0700] "GET /file/e4067ce0a460e8fd77bef5d16d19c878 HTTP/1.1" 200 10726 "-" "Mozilla/5.0 (compatible; bingbot/2.0; +http://www.bing.com/bingbot.htm)" 
207.46.13.63 - - [14/Jun/2020:09:34:39 -0700] "GET /vendor/npm-asset/bootstrap-toggle/css/bootstrap-toggle.min.css HTTP/1.1" 200 979 "-" "Mozilla/5.0 (compatible; bingbot/2.0; +http://www.bing.com/bingbot.htm)" 
46.229.168.131 - - [14/Jun/2020:09:34:47 -0700] "GET /content/posts/?offset=55 HTTP/1.1" 200 16005 "-" "Mozilla/5.0 (compatible; SemrushBot/6~bl; +http://www.semrush.com/bot.html)" 
157.55.39.98 - - [14/Jun/2020:09:34:52 -0700] "GET /file/239fe5b194941513797704c406c94b24/thumb.jpg HTTP/1.1" 200 151290 "-" "Mozilla/5.0 (compatible; bingbot/2.0; +http://www.bing.com/bingbot.htm)" 
157.55.39.98 - - [14/Jun/2020:09:34:53 -0700] "GET /file/7809764d73cbc6faa2639b84480d25d0 HTTP/1.1" 200 13099 "-" "Mozilla/5.0 (compatible; bingbot/2.0; +http://www.bing.com/bingbot.htm)" 
207.46.13.212 - - [14/Jun/2020:09:35:10 -0700] "GET /css/1579440965/known.min.css HTTP/1.1" 200 11406 "-" "Mozilla/5.0 (compatible; bingbot/2.0; +http://www.bing.com/bingbot.htm)" 
207.46.13.212 - - [14/Jun/2020:09:35:10 -0700] "GET /file/05ae04062d3420ec5ac49d8196d2c95a HTTP/1.1" 200 6922 "-" "Mozilla/5.0 (compatible; bingbot/2.0; +http://www.bing.com/bingbot.htm)" 
45.79.26.51 - - [14/Jun/2020:09:36:06 -0700] "GET /content/statusupdates/posts/photos/checkins/bookmarkedpages?_t=rss HTTP/1.1" 200 7437 "-" "Micro.blog/1.0" 
46.229.168.161 - - [14/Jun/2020:09:36:14 -0700] "GET /?offset=135&q=%23%2B%23indieweb HTTP/1.1" 200 12525 "-" "Mozilla/5.0 (compatible; SemrushBot/6~bl; +http://www.semrush.com/bot.html)" 
66.249.66.48 - - [14/Jun/2020:09:36:49 -0700] "GET /content/all?offset=1841&_t=rss HTTP/1.1" 200 8289 "-" "Mozilla/5.0 (Linux; Android 6.0.1; Nexus 5X Build/MMB29P) AppleWebKit/537.36 (KHTML, like Gecko) Chrome/80.0.3987.92 Mobile Safari/537.36 (compatible; Googlebot/2.1; +http://www.google.com/bot.html)" 
157.55.39.98 - - [14/Jun/2020:09:37:02 -0700] "GET /2017/just-listened-to-colinwalkers-latest-microcast-im-not-feeling-the HTTP/1.1" 304 4068 "-" "Mozilla/5.0 (compatible; bingbot/2.0; +http://www.bing.com/bingbot.htm)" 
46.229.168.161 - - [14/Jun/2020:09:37:22 -0700] "GET /content/all/?offset=52&q=%23%2B%23food HTTP/1.1" 200 9506 "-" "Mozilla/5.0 (compatible; SemrushBot/6~bl; +http://www.semrush.com/bot.html)" 
66.249.66.46 - - [14/Jun/2020:09:37:52 -0700] "GET /?offset=1639&_t=amp HTTP/1.1" 200 12835 "-" "Mozilla/5.0 (Linux; Android 6.0.1; Nexus 5X Build/MMB29P) AppleWebKit/537.36 (KHTML, like Gecko) Chrome/80.0.3987.92 Mobile Safari/537.36 (compatible; Googlebot/2.1; +http://www.google.com/bot.html)" 
66.249.66.48 - - [14/Jun/2020:09:37:54 -0700] "GET /service/web/unfurl/?url=https%3A%2F%2Fwww.bloomberg.com%2Fnews%2Farticles%2F2017-11-22%2Flittle-beans-bring-big-farm-losses-as-global-glut-mashes-exports&__bTk=d87e04dab4fdfc962ede8b0b58de731acf971afb76eec2a72562b0166c5cf83b&__bTs=1590692933 HTTP/1.1" 403 5014 "https://stream.jeremycherfas.net/?offset=1639&_t=amp" "Mozilla/5.0 (Linux; Android 6.0.1; Nexus 5X Build/MMB29P) AppleWebKit/537.36 (KHTML, like Gecko) Chrome/83.0.4103.93 Mobile Safari/537.36 (compatible; Googlebot/2.1; +http://www.google.com/bot.html)" 
66.249.66.48 - - [14/Jun/2020:09:37:55 -0700] "GET /service/web/unfurl/?url=https%3A%2F%2Findieweb.org%2Fevents%2F2017-11-29-homebrew-website-club%23Virtual_European_Time&__bTk=d87e04dab4fdfc962ede8b0b58de731acf971afb76eec2a72562b0166c5cf83b&__bTs=1590692933 HTTP/1.1" 403 1307 "https://stream.jeremycherfas.net/?offset=1639&_t=amp" "Mozilla/5.0 (Linux; Android 6.0.1; Nexus 5X Build/MMB29P) AppleWebKit/537.36 (KHTML, like Gecko) Chrome/83.0.4103.93 Mobile Safari/537.36 (compatible; Googlebot/2.1; +http://www.google.com/bot.html)" 
46.229.168.129 - - [14/Jun/2020:09:38:18 -0700] "GET /content/all/?offset=41&q=%23podcast HTTP/1.1" 200 12160 "-" "Mozilla/5.0 (compatible; SemrushBot/6~bl; +http://www.semrush.com/bot.html)" 
46.229.168.147 - - [14/Jun/2020:09:38:22 -0700] "GET /file/f5d74cd0a59de1fa36b4151f86d6be70/0203b1da3bedfa56f71d492bcba522c6 HTTP/1.1" 500 78262 "-" "Mozilla/5.0 (compatible; SemrushBot/6~bl; +http://www.semrush.com/bot.html)" 
46.229.168.129 - - [14/Jun/2020:09:40:30 -0700] "GET /tag/Food_history HTTP/1.1" 200 9264 "-" "Mozilla/5.0 (compatible; SemrushBot/6~bl; +http://www.semrush.com/bot.html)" 
45.79.26.51 - - [14/Jun/2020:09:40:51 -0700] "GET /content/statusupdates/posts/photos/checkins/bookmarkedpages?_t=rss HTTP/1.1" 200 7437 "-" "Micro.blog/1.0" 
92.41.20.186 - - [14/Jun/2020:09:42:18 -0700] "GET / HTTP/1.1" 200 12567 "https://www.google.co.uk/" "Mozilla/5.0 (Macintosh; Intel Mac OS X 10_15_4) AppleWebKit/605.1.15 (KHTML, like Gecko) Version/13.1.1 Safari/605.1.15" 
92.41.20.186 - - [14/Jun/2020:09:42:18 -0700] "GET /vendor/npm-asset/jquery/dist/jquery.min.js HTTP/1.1" 200 31956 "https://stream.jeremycherfas.net/" "Mozilla/5.0 (Macintosh; Intel Mac OS X 10_15_4) AppleWebKit/605.1.15 (KHTML, like Gecko) Version/13.1.1 Safari/605.1.15" 
92.41.20.186 - - [14/Jun/2020:09:42:19 -0700] "GET /vendor/npm-asset/bootstrap-accessibility-plugin/plugins/js/bootstrap-accessibility.min.js HTTP/1.1" 200 4789 "https://stream.jeremycherfas.net/" "Mozilla/5.0 (Macintosh; Intel Mac OS X 10_15_4) AppleWebKit/605.1.15 (KHTML, like Gecko) Version/13.1.1 Safari/605.1.15" 
92.41.20.186 - - [14/Jun/2020:09:42:19 -0700] "GET /vendor/forkawesome/fork-awesome/css/fork-awesome.min.css HTTP/1.1" 200 8899 "https://stream.jeremycherfas.net/" "Mozilla/5.0 (Macintosh; Intel Mac OS X 10_15_4) AppleWebKit/605.1.15 (KHTML, like Gecko) Version/13.1.1 Safari/605.1.15" 
92.41.20.186 - - [14/Jun/2020:09:42:19 -0700] "GET /vendor/npm-asset/bootstrap-accessibility-plugin/plugins/css/bootstrap-accessibility.css HTTP/1.1" 200 4626 "https://stream.jeremycherfas.net/" "Mozilla/5.0 (Macintosh; Intel Mac OS X 10_15_4) AppleWebKit/605.1.15 (KHTML, like Gecko) Version/13.1.1 Safari/605.1.15" 
92.41.20.186 - - [14/Jun/2020:09:42:19 -0700] "GET /vendor/twbs/bootstrap/dist/js/bootstrap.min.js HTTP/1.1" 200 15298 "https://stream.jeremycherfas.net/" "Mozilla/5.0 (Macintosh; Intel Mac OS X 10_15_4) AppleWebKit/605.1.15 (KHTML, like Gecko) Version/13.1.1 Safari/605.1.15" 
92.41.20.186 - - [14/Jun/2020:09:42:19 -0700] "GET /vendor/forkawesome/fork-awesome/css/v5-compat.min.css HTTP/1.1" 200 2592 "https://stream.jeremycherfas.net/" "Mozilla/5.0 (Macintosh; Intel Mac OS X 10_15_4) AppleWebKit/605.1.15 (KHTML, like Gecko) Version/13.1.1 Safari/605.1.15" 
92.41.20.186 - - [14/Jun/2020:09:42:19 -0700] "GET /js/1579440966/known.min.js HTTP/1.1" 200 4900 "https://stream.jeremycherfas.net/" "Mozilla/5.0 (Macintosh; Intel Mac OS X 10_15_4) AppleWebKit/605.1.15 (KHTML, like Gecko) Version/13.1.1 Safari/605.1.15" 
92.41.20.186 - - [14/Jun/2020:09:42:19 -0700] "GET /css/1579440965/known.min.css HTTP/1.1" 200 7734 "https://stream.jeremycherfas.net/" "Mozilla/5.0 (Macintosh; Intel Mac OS X 10_15_4) AppleWebKit/605.1.15 (KHTML, like Gecko) Version/13.1.1 Safari/605.1.15" 
92.41.20.186 - - [14/Jun/2020:09:42:19 -0700] "GET /vendor/npm-asset/bootstrap-toggle/js/bootstrap-toggle.js HTTP/1.1" 200 2024 "https://stream.jeremycherfas.net/" "Mozilla/5.0 (Macintosh; Intel Mac OS X 10_15_4) AppleWebKit/605.1.15 (KHTML, like Gecko) Version/13.1.1 Safari/605.1.15" 
92.41.20.186 - - [14/Jun/2020:09:42:19 -0700] "GET /vendor/idno/mentionjs/recommended-styles.css HTTP/1.1" 200 600 "https://stream.jeremycherfas.net/" "Mozilla/5.0 (Macintosh; Intel Mac OS X 10_15_4) AppleWebKit/605.1.15 (KHTML, like Gecko) Version/13.1.1 Safari/605.1.15" 
92.41.20.186 - - [14/Jun/2020:09:42:19 -0700] "GET /vendor/npm-asset/bootstrap-toggle/css/bootstrap-toggle.min.css HTTP/1.1" 200 979 "https://stream.jeremycherfas.net/" "Mozilla/5.0 (Macintosh; Intel Mac OS X 10_15_4) AppleWebKit/605.1.15 (KHTML, like Gecko) Version/13.1.1 Safari/605.1.15" 
92.41.20.186 - - [14/Jun/2020:09:42:19 -0700] "GET /IdnoPlugins/Checkin/external/leaflet/leaflet.min.css HTTP/1.1" 200 2532 "https://stream.jeremycherfas.net/" "Mozilla/5.0 (Macintosh; Intel Mac OS X 10_15_4) AppleWebKit/605.1.15 (KHTML, like Gecko) Version/13.1.1 Safari/605.1.15" 
92.41.20.186 - - [14/Jun/2020:09:42:19 -0700] "GET /IdnoPlugins/Checkin/external/leaflet/leaflet.js HTTP/1.1" 200 34091 "https://stream.jeremycherfas.net/" "Mozilla/5.0 (Macintosh; Intel Mac OS X 10_15_4) AppleWebKit/605.1.15 (KHTML, like Gecko) Version/13.1.1 Safari/605.1.15" 
92.41.20.186 - - [14/Jun/2020:09:42:19 -0700] "GET /IdnoPlugins/Checkin/external/stamen-maps/tile.stamen.min.js HTTP/1.1" 200 1983 "https://stream.jeremycherfas.net/" "Mozilla/5.0 (Macintosh; Intel Mac OS X 10_15_4) AppleWebKit/605.1.15 (KHTML, like Gecko) Version/13.1.1 Safari/605.1.15" 
92.41.20.186 - - [14/Jun/2020:09:42:19 -0700] "GET /IdnoPlugins/Media/external/wavesurfer/dist/wavesurfer.min.js HTTP/1.1" 200 6834 "https://stream.jeremycherfas.net/" "Mozilla/5.0 (Macintosh; Intel Mac OS X 10_15_4) AppleWebKit/605.1.15 (KHTML, like Gecko) Version/13.1.1 Safari/605.1.15" 
92.41.20.186 - - [14/Jun/2020:09:42:20 -0700] "GET /vendor/twbs/bootstrap/dist/css/bootstrap.min.css HTTP/1.1" 200 20899 "https://stream.jeremycherfas.net/" "Mozilla/5.0 (Macintosh; Intel Mac OS X 10_15_4) AppleWebKit/605.1.15 (KHTML, like Gecko) Version/13.1.1 Safari/605.1.15" 
92.41.20.186 - - [14/Jun/2020:09:42:20 -0700] "GET /Themes/Solo/css/default.min.css HTTP/1.1" 200 963 "https://stream.jeremycherfas.net/" "Mozilla/5.0 (Macintosh; Intel Mac OS X 10_15_4) AppleWebKit/605.1.15 (KHTML, like Gecko) Version/13.1.1 Safari/605.1.15" 
92.41.20.186 - - [14/Jun/2020:09:42:20 -0700] "GET /vendor/npm-asset/mediaelement/build/mediaelement-and-player.min.js HTTP/1.1" 200 41537 "https://stream.jeremycherfas.net/" "Mozilla/5.0 (Macintosh; Intel Mac OS X 10_15_4) AppleWebKit/605.1.15 (KHTML, like Gecko) Version/13.1.1 Safari/605.1.15" 
92.41.20.186 - - [14/Jun/2020:09:42:20 -0700] "GET /vendor/npm-asset/mediaelement/build/mediaelementplayer.min.css HTTP/1.1" 200 3096 "https://stream.jeremycherfas.net/" "Mozilla/5.0 (Macintosh; Intel Mac OS X 10_15_4) AppleWebKit/605.1.15 (KHTML, like Gecko) Version/13.1.1 Safari/605.1.15" 
92.41.20.186 - - [14/Jun/2020:09:42:20 -0700] "GET /vendor/npm-asset/vanilla-fitvids/jquery.fitvids.js HTTP/1.1" 200 1791 "https://stream.jeremycherfas.net/" "Mozilla/5.0 (Macintosh; Intel Mac OS X 10_15_4) AppleWebKit/605.1.15 (KHTML, like Gecko) Version/13.1.1 Safari/605.1.15" 
92.41.20.186 - - [14/Jun/2020:09:42:20 -0700] "GET /vendor/rmm5t/jquery-timeago/jquery.timeago.js HTTP/1.1" 200 2991 "https://stream.jeremycherfas.net/" "Mozilla/5.0 (Macintosh; Intel Mac OS X 10_15_4) AppleWebKit/605.1.15 (KHTML, like Gecko) Version/13.1.1 Safari/605.1.15" 
92.41.20.186 - - [14/Jun/2020:09:42:20 -0700] "GET /vendor/rmm5t/jquery-timeago/locales/jquery.timeago.en.js HTTP/1.1" 200 804 "https://stream.jeremycherfas.net/" "Mozilla/5.0 (Macintosh; Intel Mac OS X 10_15_4) AppleWebKit/605.1.15 (KHTML, like Gecko) Version/13.1.1 Safari/605.1.15" 
92.41.20.186 - - [14/Jun/2020:09:42:20 -0700] "GET /vendor/npm-asset/underscore/underscore-min.js HTTP/1.1" 200 7035 "https://stream.jeremycherfas.net/" "Mozilla/5.0 (Macintosh; Intel Mac OS X 10_15_4) AppleWebKit/605.1.15 (KHTML, like Gecko) Version/13.1.1 Safari/605.1.15" 
92.41.20.186 - - [14/Jun/2020:09:42:20 -0700] "GET /vendor/npm-asset/exif-js/exif.js HTTP/1.1" 200 9938 "https://stream.jeremycherfas.net/" "Mozilla/5.0 (Macintosh; Intel Mac OS X 10_15_4) AppleWebKit/605.1.15 (KHTML, like Gecko) Version/13.1.1 Safari/605.1.15" 
92.41.20.186 - - [14/Jun/2020:09:42:20 -0700] "GET /file/ef801e05730eba56004c5b712ad84731/thumb.jpg HTTP/1.1" 200 22619 "https://stream.jeremycherfas.net/" "Mozilla/5.0 (Macintosh; Intel Mac OS X 10_15_4) AppleWebKit/605.1.15 (KHTML, like Gecko) Version/13.1.1 Safari/605.1.15" 
92.41.20.186 - - [14/Jun/2020:09:42:20 -0700] "GET /vendor/forkawesome/fork-awesome/fonts/forkawesome-webfont.woff2?v=1.1.7 HTTP/1.1" 200 92179 "https://stream.jeremycherfas.net/" "Mozilla/5.0 (Macintosh; Intel Mac OS X 10_15_4) AppleWebKit/605.1.15 (KHTML, like Gecko) Version/13.1.1 Safari/605.1.15" 
92.41.20.186 - - [14/Jun/2020:09:42:20 -0700] "GET /service/security/csrftoken/?url=https%3A%2F%2Fstream.jeremycherfas.net%2Fservice%2Fweb%2Funfurl%2F HTTP/1.1" 200 1245 "https://stream.jeremycherfas.net/" "Mozilla/5.0 (Macintosh; Intel Mac OS X 10_15_4) AppleWebKit/605.1.15 (KHTML, like Gecko) Version/13.1.1 Safari/605.1.15" 
92.41.20.186 - - [14/Jun/2020:09:42:20 -0700] "GET /service/web/unfurl/?url=https%3A%2F%2Fwww.gyford.com%2Fphil%2Fwriting%2F2020%2F06%2F11%2Fweblogs-2000%2F&__bTk=b788954fd700a452e428aadfc69c8943b34ea467ccdeffd5b963b94aff48e386&__bTs=1592152940 HTTP/1.1" 200 19627 "https://stream.jeremycherfas.net/" "Mozilla/5.0 (Macintosh; Intel Mac OS X 10_15_4) AppleWebKit/605.1.15 (KHTML, like Gecko) Version/13.1.1 Safari/605.1.15" 
92.41.20.186 - - [14/Jun/2020:09:42:21 -0700] "GET /service/web/unfurl/?url=https%3A%2F%2Fsuperorganizers.substack.com%2Fp%2Fthe-man-who-reads-1000-articles-a&__bTk=b788954fd700a452e428aadfc69c8943b34ea467ccdeffd5b963b94aff48e386&__bTs=1592152940 HTTP/1.1" 200 11459 "https://stream.jeremycherfas.net/" "Mozilla/5.0 (Macintosh; Intel Mac OS X 10_15_4) AppleWebKit/605.1.15 (KHTML, like Gecko) Version/13.1.1 Safari/605.1.15" 
92.41.20.186 - - [14/Jun/2020:09:42:21 -0700] "GET /service/web/imageproxy/aHR0cHM6Ly9oaW5lcy1wcm9kdWN0aW9uLnMzLmV1LXdlc3QtMi5hbWF6b25hd3MuY29tL3BoaWwvd2VibG9ncy8yMDIwLzA2LzExL2Jsb2dzXzEucG5n HTTP/1.1" 200 137265 "https://stream.jeremycherfas.net/" "Mozilla/5.0 (Macintosh; Intel Mac OS X 10_15_4) AppleWebKit/605.1.15 (KHTML, like Gecko) Version/13.1.1 Safari/605.1.15" 
92.41.20.186 - - [14/Jun/2020:09:42:20 -0700] "GET /service/web/unfurl/?url=https%3A%2F%2Fboffosocko.com%2F2018%2F05%2F29%2Findieweb-ifying-coloradoboulevard-net%2F&__bTk=b788954fd700a452e428aadfc69c8943b34ea467ccdeffd5b963b94aff48e386&__bTs=1592152940 HTTP/1.1" 200 67034 "https://stream.jeremycherfas.net/" "Mozilla/5.0 (Macintosh; Intel Mac OS X 10_15_4) AppleWebKit/605.1.15 (KHTML, like Gecko) Version/13.1.1 Safari/605.1.15" 
92.41.20.186 - - [14/Jun/2020:09:42:20 -0700] "GET /service/web/unfurl/?url=https%3A%2F%2Fprtksxna.com%2Fnever-nothing-to-see%2F&__bTk=b788954fd700a452e428aadfc69c8943b34ea467ccdeffd5b963b94aff48e386&__bTs=1592152940 HTTP/1.1" 200 26471 "https://stream.jeremycherfas.net/" "Mozilla/5.0 (Macintosh; Intel Mac OS X 10_15_4) AppleWebKit/605.1.15 (KHTML, like Gecko) Version/13.1.1 Safari/605.1.15" 
92.41.20.186 - - [14/Jun/2020:09:42:20 -0700] "GET /service/web/unfurl/?url=https%3A%2F%2Fwww.newyorker.com%2Fculture%2Fannals-of-gastronomy%2Fhow-apples-go-bad&__bTk=b788954fd700a452e428aadfc69c8943b34ea467ccdeffd5b963b94aff48e386&__bTs=1592152940 HTTP/1.1" 200 16129 "https://stream.jeremycherfas.net/" "Mozilla/5.0 (Macintosh; Intel Mac OS X 10_15_4) AppleWebKit/605.1.15 (KHTML, like Gecko) Version/13.1.1 Safari/605.1.15" 
92.41.20.186 - - [14/Jun/2020:09:42:22 -0700] "GET /service/web/imageproxy/aHR0cHM6Ly9jZG4uc3Vic3RhY2suY29tL2ltYWdlL2ZldGNoL2hfNjAwLGNfbGltaXQsZl9hdXRvLHFfYXV0bzpnb29kLGZsX3Byb2dyZXNzaXZlOnN0ZWVwL2h0dHBzJTNBJTJGJTJGYnVja2V0ZWVyLWUwNWJiYzg0LWJhYTMtNDM3ZS05NTE4LWFkYjMyYmU3Nzk4NC5zMy5hbWF6b25hd3MuY29tJTJGcHVibGljJTJGaW1hZ2VzJTJGOWQyYWJiYzItY2YyYy00YmU1LTlmODUtNmZmZDM3NWY4NmEyXzExNDB4MTE0Mi5wbmc, HTTP/1.1" 200 57569 "https://stream.jeremycherfas.net/" "Mozilla/5.0 (Macintosh; Intel Mac OS X 10_15_4) AppleWebKit/605.1.15 (KHTML, like Gecko) Version/13.1.1 Safari/605.1.15" 
92.41.20.186 - - [14/Jun/2020:09:42:22 -0700] "GET /service/web/imageproxy/aHR0cHM6Ly9ib2Zmb3NvY2tvLmNvbS93cC1jb250ZW50L3VwbG9hZHMvMjAxNC8wMy9ub3JiZXJ0LXdlaW5lci10ZWFjaGluZy5qcGc, HTTP/1.1" 200 578441 "https://stream.jeremycherfas.net/" "Mozilla/5.0 (Macintosh; Intel Mac OS X 10_15_4) AppleWebKit/605.1.15 (KHTML, like Gecko) Version/13.1.1 Safari/605.1.15" 
92.41.20.186 - - [14/Jun/2020:09:42:22 -0700] "GET /service/web/imageproxy/aHR0cHM6Ly9pMS53cC5jb20vcHJ0a3N4bmEuY29tL3dwLWNvbnRlbnQvdXBsb2Fkcy8yMDIwLzA2L0NsaXBib2FyZF8yMDIwLTA1LTIyLTIzLTE4LTQ2LnBuZz9maXQ9NDQwJTJDNTAwJnNzbD0x HTTP/1.1" 200 39027 "https://stream.jeremycherfas.net/" "Mozilla/5.0 (Macintosh; Intel Mac OS X 10_15_4) AppleWebKit/605.1.15 (KHTML, like Gecko) Version/13.1.1 Safari/605.1.15" 
92.41.20.186 - - [14/Jun/2020:09:42:22 -0700] "GET /service/web/imageproxy/aHR0cHM6Ly9tZWRpYS5uZXd5b3JrZXIuY29tL3Bob3Rvcy81ZWRlYTY4Njc4ZjE2YzUzZjA1YjcxMDkvMTY6OS93XzEyODAsY19saW1pdC9Sb3NuZXItUm90dGVuQXBwbGVzLmpwZw,, HTTP/1.1" 200 201864 "https://stream.jeremycherfas.net/" "Mozilla/5.0 (Macintosh; Intel Mac OS X 10_15_4) AppleWebKit/605.1.15 (KHTML, like Gecko) Version/13.1.1 Safari/605.1.15" 
157.55.39.98 - - [14/Jun/2020:09:43:00 -0700] "GET /2019/salsa-in-central-park HTTP/1.1" 200 10925 "-" "Mozilla/5.0 (compatible; bingbot/2.0; +http://www.bing.com/bingbot.htm)" 
46.229.168.140 - - [14/Jun/2020:09:43:39 -0700] "GET /content/statusupdates/?q=%23%2B%238482 HTTP/1.1" 200 8297 "-" "Mozilla/5.0 (compatible; SemrushBot/6~bl; +http://www.semrush.com/bot.html)" 
207.46.13.212 - - [14/Jun/2020:09:44:24 -0700] "GET /2017/on-your-own-site-you-can-at-least-distinguish-between HTTP/1.1" 200 10015 "-" "Mozilla/5.0 (compatible; bingbot/2.0; +http://www.bing.com/bingbot.htm)" 
64.111.100.215 - - [14/Jun/2020:09:45:00 -0700] "GET /content/all?_t=rss HTTP/1.1" 200 14885 "-" "Mozilla/5.0 (X11; U; Linux i686; fr; rv:1.9.1.1) Gecko/20090715 Firefox/3.5.1" 
46.229.168.139 - - [14/Jun/2020:09:46:07 -0700] "GET /?offset=108&q=%23IndieWeb HTTP/1.1" 200 11797 "-" "Mozilla/5.0 (compatible; SemrushBot/6~bl; +http://www.semrush.com/bot.html)" 
207.46.13.63 - - [14/Jun/2020:09:46:15 -0700] "GET /2019/kevinmarks-very-much-this HTTP/1.1" 200 9932 "-" "Mozilla/5.0 (compatible; bingbot/2.0; +http://www.bing.com/bingbot.htm)" 
66.249.66.44 - - [14/Jun/2020:09:46:17 -0700] "GET /tag/WithKnown?offset=15&_t=rss HTTP/1.1" 200 9855 "-" "Mozilla/5.0 (Linux; Android 6.0.1; Nexus 5X Build/MMB29P) AppleWebKit/537.36 (KHTML, like Gecko) Chrome/80.0.3987.92 Mobile Safari/537.36 (compatible; Googlebot/2.1; +http://www.google.com/bot.html)" 
46.229.168.147 - - [14/Jun/2020:09:46:19 -0700] "GET /2019/cupani-sweetpeas-doing-ok-with-a-hope-of-more-seeds HTTP/1.1" 200 12597 "-" "Mozilla/5.0 (compatible; SemrushBot/6~bl; +http://www.semrush.com/bot.html)" 
157.55.39.110 - - [14/Jun/2020:09:48:32 -0700] "GET /2018/thanks-aaron-for-your-mention-of-my HTTP/1.1" 304 4068 "-" "Mozilla/5.0 (compatible; bingbot/2.0; +http://www.bing.com/bingbot.htm)" 
159.65.77.58 - - [14/Jun/2020:09:48:39 -0700] "GET /?_t=rss HTTP/1.1" 304 3495 "-" "Feedbin feed-id:1536727 - 1 subscribers" 
46.229.168.133 - - [14/Jun/2020:09:51:58 -0700] "GET /content/all/?offset=10&q=%23indieweb HTTP/1.1" 200 11670 "-" "Mozilla/5.0 (compatible; SemrushBot/6~bl; +http://www.semrush.com/bot.html)" 
46.229.168.137 - - [14/Jun/2020:09:52:09 -0700] "GET /content/events/?q=%23diet HTTP/1.1" 200 8269 "-" "Mozilla/5.0 (compatible; SemrushBot/6~bl; +http://www.semrush.com/bot.html)" 
46.229.168.139 - - [14/Jun/2020:09:52:31 -0700] "GET /2017/the-decentralized-social-web HTTP/1.1" 200 9379 "-" "Mozilla/5.0 (compatible; SemrushBot/6~bl; +http://www.semrush.com/bot.html)" 
46.229.168.150 - - [14/Jun/2020:09:54:14 -0700] "GET /content/statusupdates/?offset=140 HTTP/1.1" 200 10900 "-" "Mozilla/5.0 (compatible; SemrushBot/6~bl; +http://www.semrush.com/bot.html)" 
46.229.168.154 - - [14/Jun/2020:09:54:37 -0700] "GET /content/rsvp/?q=%23%2B%23podcast HTTP/1.1" 200 8287 "-" "Mozilla/5.0 (compatible; SemrushBot/6~bl; +http://www.semrush.com/bot.html)" 
62.210.89.213 - - [14/Jun/2020:09:54:50 -0700] "GET /2019/here-we-go-again-with-new-york HTTP/1.1" 200 9969 "-" "BarkRowler/0.9 (+https://babbar.tech/crawler)" 
207.46.13.212 - - [14/Jun/2020:09:55:37 -0700] "GET /2018/i-thought-i-read-that-mb-re-polls-feeds-from-time HTTP/1.1" 200 11065 "-" "Mozilla/5.0 (compatible; bingbot/2.0; +http://www.bing.com/bingbot.htm)" 
66.249.66.48 - - [14/Jun/2020:09:55:45 -0700] "GET /content/all?_t=rss&offset=2077 HTTP/1.1" 200 7668 "-" "Mozilla/5.0 (Linux; Android 6.0.1; Nexus 5X Build/MMB29P) AppleWebKit/537.36 (KHTML, like Gecko) Chrome/80.0.3987.92 Mobile Safari/537.36 (compatible; Googlebot/2.1; +http://www.google.com/bot.html)" 
46.229.168.137 - - [14/Jun/2020:09:57:05 -0700] "GET /content/statusupdates/?q=%23Fiction HTTP/1.1" 200 8315 "-" "Mozilla/5.0 (compatible; SemrushBot/6~bl; +http://www.semrush.com/bot.html)" 
46.229.168.131 - - [14/Jun/2020:09:57:23 -0700] "GET /?offset=57&q=%23%2B%23indieweb HTTP/1.1" 200 12556 "-" "Mozilla/5.0 (compatible; SemrushBot/6~bl; +http://www.semrush.com/bot.html)" 
46.229.168.150 - - [14/Jun/2020:09:58:38 -0700] "GET /content/rsvp/?q=%23Lithuania HTTP/1.1" 200 8306 "-" "Mozilla/5.0 (compatible; SemrushBot/6~bl; +http://www.semrush.com/bot.html)" 
46.229.168.143 - - [14/Jun/2020:09:59:15 -0700] "GET /content/statusupdates/?offset=170 HTTP/1.1" 200 10815 "-" "Mozilla/5.0 (compatible; SemrushBot/6~bl; +http://www.semrush.com/bot.html)" 
46.229.168.145 - - [14/Jun/2020:09:59:53 -0700] "GET /content/locations/?offset=60 HTTP/1.1" 200 10743 "-" "Mozilla/5.0 (compatible; SemrushBot/6~bl; +http://www.semrush.com/bot.html)" 
207.46.13.63 - - [14/Jun/2020:09:59:57 -0700] "GET /2018/2018-12-11 HTTP/1.1" 200 10299 "-" "Mozilla/5.0 (compatible; bingbot/2.0; +http://www.bing.com/bingbot.htm)" 
64.111.100.215 - - [14/Jun/2020:10:01:12 -0700] "GET /content/all?_t=rss HTTP/1.1" 200 14885 "-" "Mozilla/5.0 (X11; U; Linux i686; fr; rv:1.9.1.1) Gecko/20090715 Firefox/3.5.1" 
54.224.254.145 - - [14/Jun/2020:10:02:20 -0700] "GET /?_t=rss HTTP/1.1" 200 7435 "-" "glitch-feeder/1.0 (+https://glitch.com/~lmo-feeder)" 
46.229.168.153 - - [14/Jun/2020:10:03:09 -0700] "GET /content/bookmarkedpages/?q=%23IndieWeb_challenge HTTP/1.1" 200 8339 "-" "Mozilla/5.0 (compatible; SemrushBot/6~bl; +http://www.semrush.com/bot.html)" 
66.249.66.46 - - [14/Jun/2020:10:05:13 -0700] "GET /content/all?offset=2124&_t=rss HTTP/1.1" 200 7430 "-" "Mozilla/5.0 (Linux; Android 6.0.1; Nexus 5X Build/MMB29P) AppleWebKit/537.36 (KHTML, like Gecko) Chrome/80.0.3987.92 Mobile Safari/537.36 (compatible; Googlebot/2.1; +http://www.google.com/bot.html)" 
46.229.168.152 - - [14/Jun/2020:10:05:22 -0700] "GET /content/audio/?q=%23indiewebcitizen HTTP/1.1" 200 8287 "-" "Mozilla/5.0 (compatible; SemrushBot/6~bl; +http://www.semrush.com/bot.html)" 
46.229.168.132 - - [14/Jun/2020:10:05:23 -0700] "GET /content/locations/?q=%23%2B%23Non-fiction HTTP/1.1" 200 8305 "-" "Mozilla/5.0 (compatible; SemrushBot/6~bl; +http://www.semrush.com/bot.html)" 
46.229.168.133 - - [14/Jun/2020:10:05:25 -0700] "GET /content/audio/?q=%23RSS HTTP/1.1" 200 8266 "-" "Mozilla/5.0 (compatible; SemrushBot/6~bl; +http://www.semrush.com/bot.html)" 
46.229.168.138 - - [14/Jun/2020:10:06:50 -0700] "GET /content/all/?q=%23%2B%23bigbake HTTP/1.1" 200 8276 "-" "Mozilla/5.0 (compatible; SemrushBot/6~bl; +http://www.semrush.com/bot.html)" 
46.229.168.143 - - [14/Jun/2020:10:08:42 -0700] "GET /tag/bread?offset=9 HTTP/1.1" 200 12493 "-" "Mozilla/5.0 (compatible; SemrushBot/6~bl; +http://www.semrush.com/bot.html)" 
46.229.168.131 - - [14/Jun/2020:10:10:14 -0700] "GET /2018/quick-thank-you-to-fiona-for-posting-the HTTP/1.1" 200 9362 "-" "Mozilla/5.0 (compatible; SemrushBot/6~bl; +http://www.semrush.com/bot.html)" 
46.229.168.162 - - [14/Jun/2020:10:10:29 -0700] "GET /2018/checked-into-dc-tower-1/annotations/576a351597998066f7461a440826b8d5 HTTP/1.1" 200 8352 "-" "Mozilla/5.0 (compatible; SemrushBot/6~bl; +http://www.semrush.com/bot.html)" 
46.229.168.138 - - [14/Jun/2020:10:10:34 -0700] "GET /2019/a-corn-maize-flour-new-to-me-yellower-and-perhaps HTTP/1.1" 200 12189 "-" "Mozilla/5.0 (compatible; SemrushBot/6~bl; +http://www.semrush.com/bot.html)" 
46.229.168.134 - - [14/Jun/2020:10:10:57 -0700] "GET /content/statusupdates/?offset=2&q=%23%2B%23IndieWeb HTTP/1.1" 200 11562 "-" "Mozilla/5.0 (compatible; SemrushBot/6~bl; +http://www.semrush.com/bot.html)" 
46.229.168.151 - - [14/Jun/2020:10:11:04 -0700] "GET /content/statusupdates/?offset=12&q=%23%2B%23%23indieweb HTTP/1.1" 200 11099 "-" "Mozilla/5.0 (compatible; SemrushBot/6~bl; +http://www.semrush.com/bot.html)" 
46.229.168.149 - - [14/Jun/2020:10:11:27 -0700] "GET /content/all/?offset=126&q=%23indieweb HTTP/1.1" 200 11753 "-" "Mozilla/5.0 (compatible; SemrushBot/6~bl; +http://www.semrush.com/bot.html)" 
46.229.168.162 - - [14/Jun/2020:10:11:54 -0700] "GET /?offset=36&q=%23%2B%23bread HTTP/1.1" 200 12151 "-" "Mozilla/5.0 (compatible; SemrushBot/6~bl; +http://www.semrush.com/bot.html)" 
46.229.168.134 - - [14/Jun/2020:10:12:28 -0700] "GET /file/76023b79b56219278a7bbe69fd8002ee/66d0f0ddd9f4c839ad66a083f210ccda HTTP/1.1" 200 113859 "-" "Mozilla/5.0 (compatible; SemrushBot/6~bl; +http://www.semrush.com/bot.html)" 
46.229.168.149 - - [14/Jun/2020:10:14:32 -0700] "GET /?q=%23%2B%23bread HTTP/1.1" 200 12210 "-" "Mozilla/5.0 (compatible; SemrushBot/6~bl; +http://www.semrush.com/bot.html)" 
46.229.168.132 - - [14/Jun/2020:10:14:38 -0700] "GET /content/photos/?offset=20&q=%23%2B%23%23bread HTTP/1.1" 200 12611 "-" "Mozilla/5.0 (compatible; SemrushBot/6~bl; +http://www.semrush.com/bot.html)" 
66.249.66.44 - - [14/Jun/2020:10:14:41 -0700] "GET /content/all?offset=2034&_t=rss HTTP/1.1" 200 8176 "-" "Mozilla/5.0 (Linux; Android 6.0.1; Nexus 5X Build/MMB29P) AppleWebKit/537.36 (KHTML, like Gecko) Chrome/80.0.3987.92 Mobile Safari/537.36 (compatible; Googlebot/2.1; +http://www.google.com/bot.html)" 
64.111.100.215 - - [14/Jun/2020:10:16:18 -0700] "GET /content/all?_t=rss HTTP/1.1" 200 14885 "-" "Mozilla/5.0 (X11; U; Linux i686; fr; rv:1.9.1.1) Gecko/20090715 Firefox/3.5.1" 
46.229.168.162 - - [14/Jun/2020:10:16:26 -0700] "GET /2017/off-to-upgrade-to-the-new-withknown-release-i-may HTTP/1.1" 200 9607 "-" "Mozilla/5.0 (compatible; SemrushBot/6~bl; +http://www.semrush.com/bot.html)" 
46.229.168.146 - - [14/Jun/2020:10:16:47 -0700] "GET /tag/podcast?offset=43 HTTP/1.1" 200 12956 "-" "Mozilla/5.0 (compatible; SemrushBot/6~bl; +http://www.semrush.com/bot.html)" 
46.229.168.154 - - [14/Jun/2020:10:17:14 -0700] "GET /file/698eda02de58ec94ed518b3189483fd9/633d358877c7420f0af68b77cc0c2fd7 HTTP/1.1" 500 78262 "-" "Mozilla/5.0 (compatible; SemrushBot/6~bl; +http://www.semrush.com/bot.html)" 
66.249.66.48 - - [14/Jun/2020:10:17:58 -0700] "GET /robots.txt HTTP/1.1" 200 4881 "-" "Mozilla/5.0 (compatible; Googlebot/2.1; +http://www.google.com/bot.html)" 
66.249.66.50 - - [14/Jun/2020:10:17:58 -0700] "GET / HTTP/1.1" 200 12608 "-" "Mozilla/5.0 (Linux; Android 6.0.1; Nexus 5X Build/MMB29P) AppleWebKit/537.36 (KHTML, like Gecko) Chrome/80.0.3987.92 Mobile Safari/537.36 (compatible; Googlebot/2.1; +http://www.google.com/bot.html)" 
45.79.26.51 - - [14/Jun/2020:10:18:00 -0700] "GET /content/statusupdates/posts/photos/checkins/bookmarkedpages?_t=rss HTTP/1.1" 200 7437 "-" "Micro.blog/1.0" 
46.229.168.161 - - [14/Jun/2020:10:18:55 -0700] "GET /content/all/?offset=40&q=%23withknown HTTP/1.1" 200 11558 "-" "Mozilla/5.0 (compatible; SemrushBot/6~bl; +http://www.semrush.com/bot.html)" 
46.229.168.162 - - [14/Jun/2020:10:20:15 -0700] "GET /?offset=9&q=%23%2B%23sourdough HTTP/1.1" 200 12303 "-" "Mozilla/5.0 (compatible; SemrushBot/6~bl; +http://www.semrush.com/bot.html)" 
3.90.236.84 - - [14/Jun/2020:10:20:43 -0700] "GET /profile/jeremy?offset=0&_t=rss HTTP/1.1" 304 3485 "https://www.google.com/" "Mozilla/5.0 (Windows NT 10.0; Win64; x64) AppleWebKit/537.36 (KHTML, like Gecko) Chrome/80.0.3987.149 Safari/537.36" 
46.229.168.137 - - [14/Jun/2020:10:22:20 -0700] "GET /content/all/?offset=137&q=%23%2B%23IndieWeb HTTP/1.1" 200 11336 "-" "Mozilla/5.0 (compatible; SemrushBot/6~bl; +http://www.semrush.com/bot.html)" 
46.229.168.133 - - [14/Jun/2020:10:23:11 -0700] "GET /content/bookmarkedpages/?q=%23Quinoa HTTP/1.1" 200 8287 "-" "Mozilla/5.0 (compatible; SemrushBot/6~bl; +http://www.semrush.com/bot.html)" 
167.99.96.232 - - [14/Jun/2020:10:23:33 -0700] "GET /?_t=rss HTTP/1.1" 200 7443 "-" "Feedbin feed-id:1536727 - 1 subscribers" 
45.79.26.51 - - [14/Jun/2020:10:25:07 -0700] "GET /content/statusupdates/posts/photos/checkins/bookmarkedpages?_t=rss HTTP/1.1" 200 7437 "-" "Micro.blog/1.0" 
46.229.168.144 - - [14/Jun/2020:10:25:26 -0700] "GET /account/password HTTP/1.1" 200 6684 "-" "Mozilla/5.0 (compatible; SemrushBot/6~bl; +http://www.semrush.com/bot.html)" 
46.229.168.142 - - [14/Jun/2020:10:25:29 -0700] "GET /tag/withknown?offset=42 HTTP/1.1" 200 11844 "-" "Mozilla/5.0 (compatible; SemrushBot/6~bl; +http://www.semrush.com/bot.html)" 
207.46.13.63 - - [14/Jun/2020:10:26:05 -0700] "GET /2018/the-lack-of-threading-at-microblog-saves HTTP/1.1" 200 9855 "-" "Mozilla/5.0 (compatible; bingbot/2.0; +http://www.bing.com/bingbot.htm)" 
46.229.168.146 - - [14/Jun/2020:10:26:46 -0700] "GET /?offset=20&q=%23indieweb HTTP/1.1" 200 11235 "-" "Mozilla/5.0 (compatible; SemrushBot/6~bl; +http://www.semrush.com/bot.html)" 
46.229.168.131 - - [14/Jun/2020:10:26:59 -0700] "GET /?offset=25&q=%23sourdough HTTP/1.1" 200 11396 "-" "Mozilla/5.0 (compatible; SemrushBot/6~bl; +http://www.semrush.com/bot.html)" 
46.229.168.151 - - [14/Jun/2020:10:27:56 -0700] "GET /?offset=72&q=%23%2B%23bread HTTP/1.1" 200 11660 "-" "Mozilla/5.0 (compatible; SemrushBot/6~bl; +http://www.semrush.com/bot.html)" 
46.229.168.133 - - [14/Jun/2020:10:27:59 -0700] "GET /content/all/?offset=10&q=%23Indieweb HTTP/1.1" 200 11623 "-" "Mozilla/5.0 (compatible; SemrushBot/6~bl; +http://www.semrush.com/bot.html)" 
46.229.168.131 - - [14/Jun/2020:10:28:05 -0700] "GET /content/events/?q=%23%2B%23rye HTTP/1.1" 200 8282 "-" "Mozilla/5.0 (compatible; SemrushBot/6~bl; +http://www.semrush.com/bot.html)" 
66.249.66.44 - - [14/Jun/2020:10:28:11 -0700] "GET /robots.txt HTTP/1.1" 200 4857 "-" "Mozilla/5.0 (compatible; Googlebot/2.1; +http://www.google.com/bot.html)" 
66.249.66.46 - - [14/Jun/2020:10:28:12 -0700] "GET /2017/when-alls-said-and-done-there-is-something-deeply-satisfying HTTP/1.1" 304 4068 "-" "Mozilla/5.0 (Linux; Android 6.0.1; Nexus 5X Build/MMB29P) AppleWebKit/537.36 (KHTML, like Gecko) Chrome/80.0.3987.92 Mobile Safari/537.36 (compatible; Googlebot/2.1; +http://www.google.com/bot.html)" 
46.229.168.140 - - [14/Jun/2020:10:28:55 -0700] "GET /2019/jeremy-cherfas-is-looking-at-rankin-photography-on-instagram-for HTTP/1.1" 200 9564 "-" "Mozilla/5.0 (compatible; SemrushBot/6~bl; +http://www.semrush.com/bot.html)" 
96.126.125.129 - - [14/Jun/2020:10:29:03 -0700] "GET /content/statusupdates/posts/photos/checkins/bookmarkedpages?_t=rss HTTP/1.1" 200 7442 "-" "Micro.blog/1.0" 
46.229.168.137 - - [14/Jun/2020:10:30:25 -0700] "GET /content/audio/?q=%23rye HTTP/1.1" 200 8265 "-" "Mozilla/5.0 (compatible; SemrushBot/6~bl; +http://www.semrush.com/bot.html)" 
64.111.100.215 - - [14/Jun/2020:10:31:18 -0700] "GET /content/all?_t=rss HTTP/1.1" 200 14885 "-" "Mozilla/5.0 (X11; U; Linux i686; fr; rv:1.9.1.1) Gecko/20090715 Firefox/3.5.1" 
96.126.125.129 - - [14/Jun/2020:10:33:09 -0700] "GET /content/statusupdates/posts/photos/checkins/bookmarkedpages?_t=rss HTTP/1.1" 200 7442 "-" "Micro.blog/1.0" 
66.249.66.46 - - [14/Jun/2020:10:33:26 -0700] "GET /content/audio/?q=%23+%23WithKnown HTTP/1.1" 200 8867 "-" "Mozilla/5.0 (Linux; Android 6.0.1; Nexus 5X Build/MMB29P) AppleWebKit/537.36 (KHTML, like Gecko) Chrome/80.0.3987.92 Mobile Safari/537.36 (compatible; Googlebot/2.1; +http://www.google.com/bot.html)" 
66.249.66.50 - - [14/Jun/2020:10:33:37 -0700] "GET /2017/score-thanks-atmelissasbnb HTTP/1.1" 200 11268 "-" "Mozilla/5.0 (Linux; Android 6.0.1; Nexus 5X Build/MMB29P) AppleWebKit/537.36 (KHTML, like Gecko) Chrome/80.0.3987.92 Mobile Safari/537.36 (compatible; Googlebot/2.1; +http://www.google.com/bot.html)" 
46.229.168.132 - - [14/Jun/2020:10:33:38 -0700] "GET /tag/fornacalia?offset=9 HTTP/1.1" 200 8810 "-" "Mozilla/5.0 (compatible; SemrushBot/6~bl; +http://www.semrush.com/bot.html)" 
17.58.102.79 - - [14/Jun/2020:10:34:40 -0700] "GET /2017/kongaloosh HTTP/1.1" 200 10263 "-" "Mozilla/5.0 (Macintosh; Intel Mac OS X 10_15_5) AppleWebKit/605.1.15 (KHTML, like Gecko) Version/13.1.1 Safari/605.1.15 (Applebot/0.1; +http://www.apple.com/go/applebot)" 
46.229.168.138 - - [14/Jun/2020:10:35:14 -0700] "GET /2017/out-exploring-with-barksdalep1-and-enzo-the-wonderdog HTTP/1.1" 200 10367 "-" "Mozilla/5.0 (compatible; SemrushBot/6~bl; +http://www.semrush.com/bot.html)" 
96.126.125.129 - - [14/Jun/2020:10:36:46 -0700] "GET /content/statusupdates/posts/photos/checkins/bookmarkedpages?_t=rss HTTP/1.1" 200 7442 "-" "Micro.blog/1.0" 
46.229.168.153 - - [14/Jun/2020:10:36:55 -0700] "GET /2018/proofed-and-shaped-and-read-for-the-oven HTTP/1.1" 200 10363 "-" "Mozilla/5.0 (compatible; SemrushBot/6~bl; +http://www.semrush.com/bot.html)" 
46.229.168.134 - - [14/Jun/2020:10:37:04 -0700] "GET /2018/our-daily-bread-04---what-exactly-is-wheatxhge30lfeidhow-and HTTP/1.1" 200 11576 "-" "Mozilla/5.0 (compatible; SemrushBot/6~bl; +http://www.semrush.com/bot.html)" 
18.208.185.141 - - [14/Jun/2020:10:37:12 -0700] "GET /?_t=rss HTTP/1.1" 200 7435 "-" "glitch-feeder/1.0 (+https://glitch.com/~lmo-feeder)" 
46.229.168.163 - - [14/Jun/2020:10:37:21 -0700] "GET /content/photos/?q=%23rye HTTP/1.1" 200 12224 "-" "Mozilla/5.0 (compatible; SemrushBot/6~bl; +http://www.semrush.com/bot.html)" 
157.55.39.110 - - [14/Jun/2020:10:37:31 -0700] "GET /vendor/npm-asset/mediaelement/build/mediaelement-and-player.min.js HTTP/1.1" 200 45209 "-" "Mozilla/5.0 (compatible; bingbot/2.0; +http://www.bing.com/bingbot.htm)" 
207.46.13.212 - - [14/Jun/2020:10:37:36 -0700] "GET /service/security/csrftoken/?url=https%3A%2F%2Fstream.jeremycherfas.net%2Fservice%2Fsystem%2Flog%2F HTTP/1.1" 403 18411 "-" "Mozilla/5.0 (compatible; bingbot/2.0; +http://www.bing.com/bingbot.htm)" 
46.229.168.134 - - [14/Jun/2020:10:37:54 -0700] "GET /?offset=130&q=%23IndieWeb HTTP/1.1" 200 12682 "-" "Mozilla/5.0 (compatible; SemrushBot/6~bl; +http://www.semrush.com/bot.html)" 
66.249.66.48 - - [14/Jun/2020:10:38:10 -0700] "GET /2019/thats-a-lot-better-second-attempt-at-fig-not-gig HTTP/1.1" 200 16429 "-" "Mozilla/5.0 (Linux; Android 6.0.1; Nexus 5X Build/MMB29P) AppleWebKit/537.36 (KHTML, like Gecko) Chrome/80.0.3987.92 Mobile Safari/537.36 (compatible; Googlebot/2.1; +http://www.google.com/bot.html)" 
46.229.168.153 - - [14/Jun/2020:10:38:42 -0700] "GET /2019/a-brief-history-of-the-walking-simulator-gamings-most-detested HTTP/1.1" 200 9544 "-" "Mozilla/5.0 (compatible; SemrushBot/6~bl; +http://www.semrush.com/bot.html)" 
207.46.13.212 - - [14/Jun/2020:10:40:16 -0700] "GET /2019/blogging-in-2018-a-trend-on-the-wane HTTP/1.1" 200 10401 "-" "Mozilla/5.0 (compatible; bingbot/2.0; +http://www.bing.com/bingbot.htm)" 
96.126.125.129 - - [14/Jun/2020:10:40:59 -0700] "GET /content/statusupdates/posts/photos/checkins/bookmarkedpages?_t=rss HTTP/1.1" 200 7442 "-" "Micro.blog/1.0" 
66.249.66.44 - - [14/Jun/2020:10:41:58 -0700] "GET /file/0f54d9e7273581ca0b11f05ab33110e8/thumb.jpg HTTP/1.1" 200 206101 "-" "Googlebot-Image/1.0" 
46.229.168.134 - - [14/Jun/2020:10:42:22 -0700] "GET /content/posts/?offset=67 HTTP/1.1" 200 15414 "-" "Mozilla/5.0 (compatible; SemrushBot/6~bl; +http://www.semrush.com/bot.html)" 
66.249.66.50 - - [14/Jun/2020:10:43:05 -0700] "GET /2017/score-thanks-atmelissasbnb?_t=rss HTTP/1.1" 200 5883 "-" "Mozilla/5.0 (Linux; Android 6.0.1; Nexus 5X Build/MMB29P) AppleWebKit/537.36 (KHTML, like Gecko) Chrome/80.0.3987.92 Mobile Safari/537.36 (compatible; Googlebot/2.1; +http://www.google.com/bot.html)" 
46.229.168.136 - - [14/Jun/2020:10:43:24 -0700] "GET /content/statusupdates/?offset=22&q=%23%2B%23IndieWeb HTTP/1.1" 200 10822 "-" "Mozilla/5.0 (compatible; SemrushBot/6~bl; +http://www.semrush.com/bot.html)" 
46.229.168.148 - - [14/Jun/2020:10:43:49 -0700] "GET /?offset=43&q=%23withknown HTTP/1.1" 200 11887 "-" "Mozilla/5.0 (compatible; SemrushBot/6~bl; +http://www.semrush.com/bot.html)" 
46.229.168.154 - - [14/Jun/2020:10:43:50 -0700] "GET /2018/latest-episode-looks-at-food-borne-illness-are-industrial-food-chains HTTP/1.1" 200 11813 "-" "Mozilla/5.0 (compatible; SemrushBot/6~bl; +http://www.semrush.com/bot.html)" 
157.55.39.34 - - [14/Jun/2020:10:44:12 -0700] "GET /robots.txt HTTP/1.1" 200 2538 "-" "Mozilla/5.0 (compatible; bingbot/2.0; +http://www.bing.com/bingbot.htm)" 
157.55.39.34 - - [14/Jun/2020:10:44:12 -0700] "GET /robots.txt HTTP/1.1" 200 4857 "-" "Mozilla/5.0 (compatible; bingbot/2.0; +http://www.bing.com/bingbot.htm)" 
157.55.39.98 - - [14/Jun/2020:10:45:00 -0700] "GET /2020/hard-pruning-requires-vision-and-faith HTTP/1.1" 200 10535 "-" "Mozilla/5.0 (compatible; bingbot/2.0; +http://www.bing.com/bingbot.htm)" 
46.229.168.152 - - [14/Jun/2020:10:45:04 -0700] "GET /content/all/?offset=1&q=%23podcast HTTP/1.1" 200 11919 "-" "Mozilla/5.0 (compatible; SemrushBot/6~bl; +http://www.semrush.com/bot.html)" 
46.229.168.142 - - [14/Jun/2020:10:45:19 -0700] "GET /2017/brazilian-peppertree-packs-power-to-knock-out-antibiotic-resistant-bacteria HTTP/1.1" 200 9463 "-" "Mozilla/5.0 (compatible; SemrushBot/6~bl; +http://www.semrush.com/bot.html)" 
46.229.168.151 - - [14/Jun/2020:10:45:49 -0700] "GET /2019/tim-harford-should-we-take-a-few-long-holidays-or HTTP/1.1" 200 9475 "-" "Mozilla/5.0 (compatible; SemrushBot/6~bl; +http://www.semrush.com/bot.html)" 
96.126.125.129 - - [14/Jun/2020:10:45:51 -0700] "GET /content/statusupdates/posts/photos/checkins/bookmarkedpages?_t=rss HTTP/1.1" 200 7442 "-" "Micro.blog/1.0" 
64.111.100.215 - - [14/Jun/2020:10:46:21 -0700] "GET /content/all?_t=rss HTTP/1.1" 200 14885 "-" "Mozilla/5.0 (X11; U; Linux i686; fr; rv:1.9.1.1) Gecko/20090715 Firefox/3.5.1" 
46.229.168.162 - - [14/Jun/2020:10:46:42 -0700] "GET /?offset=1&q=%23%2B%23food HTTP/1.1" 200 11891 "-" "Mozilla/5.0 (compatible; SemrushBot/6~bl; +http://www.semrush.com/bot.html)" 
46.229.168.152 - - [14/Jun/2020:10:47:19 -0700] "GET /2019/checked-into-cul-de-sac HTTP/1.1" 200 9529 "-" "Mozilla/5.0 (compatible; SemrushBot/6~bl; +http://www.semrush.com/bot.html)" 
46.229.168.133 - - [14/Jun/2020:10:47:33 -0700] "GET /content/all/?q=%23seeded HTTP/1.1" 200 10216 "-" "Mozilla/5.0 (compatible; SemrushBot/6~bl; +http://www.semrush.com/bot.html)" 
157.55.39.110 - - [14/Jun/2020:10:48:32 -0700] "GET /file/258ffb6f857b9efb04dac9bbda70a908 HTTP/1.1" 304 4068 "-" "Mozilla/5.0 (compatible; bingbot/2.0; +http://www.bing.com/bingbot.htm)" 
96.126.125.129 - - [14/Jun/2020:10:49:33 -0700] "GET /content/statusupdates/posts/photos/checkins/bookmarkedpages?_t=rss HTTP/1.1" 200 7442 "-" "Micro.blog/1.0" 
46.229.168.129 - - [14/Jun/2020:10:49:42 -0700] "GET /content/all/?offset=4&q=%23%2B%23rye HTTP/1.1" 200 11505 "-" "Mozilla/5.0 (compatible; SemrushBot/6~bl; +http://www.semrush.com/bot.html)" 
46.229.168.153 - - [14/Jun/2020:10:50:24 -0700] "GET /2019/interdependent-thoughts HTTP/1.1" 200 9189 "-" "Mozilla/5.0 (compatible; SemrushBot/6~bl; +http://www.semrush.com/bot.html)" 
46.229.168.136 - - [14/Jun/2020:10:50:51 -0700] "GET /content/photos/?_t=rss&offset=550 HTTP/1.1" 200 7370 "-" "Mozilla/5.0 (compatible; SemrushBot/6~bl; +http://www.semrush.com/bot.html)" 
46.229.168.131 - - [14/Jun/2020:10:51:02 -0700] "GET /content/all/?offset=18&q=%23%2B%23food HTTP/1.1" 200 12440 "-" "Mozilla/5.0 (compatible; SemrushBot/6~bl; +http://www.semrush.com/bot.html)" 
46.229.168.136 - - [14/Jun/2020:10:51:40 -0700] "GET /?offset=26&q=%23%2B%23sourdough HTTP/1.1" 200 11369 "-" "Mozilla/5.0 (compatible; SemrushBot/6~bl; +http://www.semrush.com/bot.html)" 
46.229.168.140 - - [14/Jun/2020:10:51:51 -0700] "GET /content/posts/?q=%23%2B%23sourdoughseptember HTTP/1.1" 200 8312 "-" "Mozilla/5.0 (compatible; SemrushBot/6~bl; +http://www.semrush.com/bot.html)" 
66.249.66.52 - - [14/Jun/2020:10:52:33 -0700] "GET /content/all/?offset=811&_t=rss HTTP/1.1" 200 8084 "-" "Mozilla/5.0 (Linux; Android 6.0.1; Nexus 5X Build/MMB29P) AppleWebKit/537.36 (KHTML, like Gecko) Chrome/80.0.3987.92 Mobile Safari/537.36 (compatible; Googlebot/2.1; +http://www.google.com/bot.html)" 
198.58.102.49 - - [14/Jun/2020:10:52:57 -0700] "GET /content/photos?_t=rss HTTP/1.1" 200 7450 "-" "Superfeedr bot/2.0 http://superfeedr.com - Make your feeds realtime: get in touch - feed-id:1324303946" 
45.79.26.51 - - [14/Jun/2020:10:53:10 -0700] "GET /content/statusupdates/posts/photos/checkins/bookmarkedpages?_t=rss HTTP/1.1" 200 7437 "-" "Micro.blog/1.0" 
46.229.168.142 - - [14/Jun/2020:10:53:29 -0700] "GET /content/bookmarkedpages/?q=%23%2B%23Black_pepper HTTP/1.1" 200 8344 "-" "Mozilla/5.0 (compatible; SemrushBot/6~bl; +http://www.semrush.com/bot.html)" 
46.229.168.144 - - [14/Jun/2020:10:54:32 -0700] "GET /2017/i-got-excited-when-i-saw-chris-aldrichs-link-to HTTP/1.1" 200 10523 "-" "Mozilla/5.0 (compatible; SemrushBot/6~bl; +http://www.semrush.com/bot.html)" 
46.229.168.161 - - [14/Jun/2020:10:55:37 -0700] "GET /tag/+%23bigbake HTTP/1.1" 200 8252 "-" "Mozilla/5.0 (compatible; SemrushBot/6~bl; +http://www.semrush.com/bot.html)" 
46.229.168.130 - - [14/Jun/2020:10:56:02 -0700] "GET /2018/our-daily-bread-07---bake-like-an-egyptian-6cj430lfj7k HTTP/1.1" 200 11734 "-" "Mozilla/5.0 (compatible; SemrushBot/6~bl; +http://www.semrush.com/bot.html)" 
46.229.168.162 - - [14/Jun/2020:10:56:06 -0700] "GET /content/posts/?q=%23%2B%23latteriastudio HTTP/1.1" 200 8300 "-" "Mozilla/5.0 (compatible; SemrushBot/6~bl; +http://www.semrush.com/bot.html)" 
46.229.168.131 - - [14/Jun/2020:10:56:12 -0700] "GET /content/all/ HTTP/1.1" 200 12051 "-" "Mozilla/5.0 (compatible; SemrushBot/6~bl; +http://www.semrush.com/bot.html)" 
198.58.103.114 - - [14/Jun/2020:10:56:22 -0700] "GET /content/photos?_t=rss HTTP/1.1" 200 7450 "-" "Superfeedr bot/2.0 http://superfeedr.com - Make your feeds realtime: get in touch - feed-id:1324303946" 
159.65.67.69 - - [14/Jun/2020:10:56:27 -0700] "GET /?_t=rss HTTP/1.1" 304 3495 "-" "Feedbin feed-id:1536727 - 1 subscribers" 
46.229.168.163 - - [14/Jun/2020:10:57:01 -0700] "GET /2019/illuminating HTTP/1.1" 200 9703 "-" "Mozilla/5.0 (compatible; SemrushBot/6~bl; +http://www.semrush.com/bot.html)" 
198.58.102.158 - - [14/Jun/2020:10:57:12 -0700] "GET /content/photos?_t=rss HTTP/1.1" 200 7450 "-" "Superfeedr bot/2.0 http://superfeedr.com - Make your feeds realtime: get in touch - feed-id:1324303946" 
45.79.26.51 - - [14/Jun/2020:10:57:16 -0700] "GET /content/statusupdates/posts/photos/checkins/bookmarkedpages?_t=rss HTTP/1.1" 200 7437 "-" "Micro.blog/1.0" 
46.229.168.144 - - [14/Jun/2020:10:57:22 -0700] "GET /robots.txt HTTP/1.1" 200 4300 "-" "Mozilla/5.0 (compatible; SemrushBot/6~bl; +http://www.semrush.com/bot.html)" 
46.229.168.142 - - [14/Jun/2020:10:57:22 -0700] "GET /?offset=50&q=%23%2B%23food HTTP/1.1" 200 9957 "-" "Mozilla/5.0 (compatible; SemrushBot/6~bl; +http://www.semrush.com/bot.html)" 
46.229.168.130 - - [14/Jun/2020:10:57:37 -0700] "GET /2017/indieweb-quote-of-the-day-bukovsky-on-samizdat HTTP/1.1" 200 9360 "-" "Mozilla/5.0 (compatible; SemrushBot/6~bl; +http://www.semrush.com/bot.html)" 
46.229.168.143 - - [14/Jun/2020:10:57:42 -0700] "GET /content/bookmarkedpages/?q=%23sourdough HTTP/1.1" 200 8296 "-" "Mozilla/5.0 (compatible; SemrushBot/6~bl; +http://www.semrush.com/bot.html)" 
46.229.168.151 - - [14/Jun/2020:10:58:17 -0700] "GET /content/statusupdates/?q=%23%2B%23bigbake HTTP/1.1" 200 8328 "-" "Mozilla/5.0 (compatible; SemrushBot/6~bl; +http://www.semrush.com/bot.html)" 
66.249.66.48 - - [14/Jun/2020:10:58:18 -0700] "GET /2019/castel-santangelo-is-a-good-place-to-be-on-a HTTP/1.1" 200 13652 "-" "Mozilla/5.0 (Linux; Android 6.0.1; Nexus 5X Build/MMB29P) AppleWebKit/537.36 (KHTML, like Gecko) Chrome/80.0.3987.92 Mobile Safari/537.36 (compatible; Googlebot/2.1; +http://www.google.com/bot.html)" 
46.229.168.137 - - [14/Jun/2020:10:58:54 -0700] "GET /?offset=44&q=%23Sourdough HTTP/1.1" 200 11522 "-" "Mozilla/5.0 (compatible; SemrushBot/6~bl; +http://www.semrush.com/bot.html)" 
46.229.168.145 - - [14/Jun/2020:11:00:01 -0700] "GET /content/all/?offset=96&q=%23IndieWeb HTTP/1.1" 200 14100 "-" "Mozilla/5.0 (compatible; SemrushBot/6~bl; +http://www.semrush.com/bot.html)" 
96.126.125.129 - - [14/Jun/2020:11:01:04 -0700] "GET /content/statusupdates/posts/photos/checkins/bookmarkedpages?_t=rss HTTP/1.1" 200 7442 "-" "Micro.blog/1.0" 
64.111.100.215 - - [14/Jun/2020:11:01:25 -0700] "GET /content/all?_t=rss HTTP/1.1" 200 14885 "-" "Mozilla/5.0 (X11; U; Linux i686; fr; rv:1.9.1.1) Gecko/20090715 Firefox/3.5.1" 
66.249.66.52 - - [14/Jun/2020:11:02:01 -0700] "GET /content/all/?offset=821 HTTP/1.1" 200 11729 "-" "Mozilla/5.0 (Linux; Android 6.0.1; Nexus 5X Build/MMB29P) AppleWebKit/537.36 (KHTML, like Gecko) Chrome/80.0.3987.92 Mobile Safari/537.36 (compatible; Googlebot/2.1; +http://www.google.com/bot.html)" 
66.249.66.48 - - [14/Jun/2020:11:02:05 -0700] "GET /service/web/unfurl/?url=https%3A%2F%2Fwww.bmj.com%2Fcontent%2F363%2Fbmj.k5094&__bTk=7de3e6cc077227cdf84c983bd5691025adee59b55098d4ecb98311bc27c3b5a0&__bTs=1591488000 HTTP/1.1" 403 4962 "https://www.stream.jeremycherfas.net/content/all/?offset=821" "Mozilla/5.0 (Linux; Android 6.0.1; Nexus 5X Build/MMB29P) AppleWebKit/537.36 (KHTML, like Gecko) Chrome/83.0.4103.93 Mobile Safari/537.36 (compatible; Googlebot/2.1; +http://www.google.com/bot.html)" 
66.249.66.48 - - [14/Jun/2020:11:02:06 -0700] "GET /service/web/unfurl/?url=https%3A%2F%2Framblinggit.com%2F2018%2F12%2Fblog-engines-and-indieweb-controlling-upstream%2F&__bTk=7de3e6cc077227cdf84c983bd5691025adee59b55098d4ecb98311bc27c3b5a0&__bTs=1591488000 HTTP/1.1" 403 1330 "https://www.stream.jeremycherfas.net/content/all/?offset=821" "Mozilla/5.0 (Linux; Android 6.0.1; Nexus 5X Build/MMB29P) AppleWebKit/537.36 (KHTML, like Gecko) Chrome/83.0.4103.93 Mobile Safari/537.36 (compatible; Googlebot/2.1; +http://www.google.com/bot.html)" 
66.249.66.50 - - [14/Jun/2020:11:02:07 -0700] "GET /service/web/unfurl/?url=https%3A%2F%2Fwww.bmj.com%2Fcontent%2F363%2Fbmj.k5094&__bTk=7de3e6cc077227cdf84c983bd5691025adee59b55098d4ecb98311bc27c3b5a0&__bTs=1591620708 HTTP/1.1" 403 4962 "https://www.stream.jeremycherfas.net/content/all/?offset=821" "Mozilla/5.0 (Linux; Android 6.0.1; Nexus 5X Build/MMB29P) AppleWebKit/537.36 (KHTML, like Gecko) Chrome/83.0.4103.93 Mobile Safari/537.36 (compatible; Googlebot/2.1; +http://www.google.com/bot.html)" 
66.249.66.50 - - [14/Jun/2020:11:02:07 -0700] "GET /service/web/unfurl/?url=https%3A%2F%2Framblinggit.com%2F2018%2F12%2Fblog-engines-and-indieweb-controlling-upstream%2F&__bTk=7de3e6cc077227cdf84c983bd5691025adee59b55098d4ecb98311bc27c3b5a0&__bTs=1591620708 HTTP/1.1" 403 1330 "https://www.stream.jeremycherfas.net/content/all/?offset=821" "Mozilla/5.0 (Linux; Android 6.0.1; Nexus 5X Build/MMB29P) AppleWebKit/537.36 (KHTML, like Gecko) Chrome/83.0.4103.93 Mobile Safari/537.36 (compatible; Googlebot/2.1; +http://www.google.com/bot.html)" 
66.249.66.44 - - [14/Jun/2020:11:02:21 -0700] "GET /service/web/unfurl/?url=https%3A%2F%2Fwww.bmj.com%2Fcontent%2F363%2Fbmj.k5094&__bTk=1bd931c2e77042fcfb938c9033235bae0e4e6a735f743d1dc68a8b7dc378076f&__bTs=1591383934 HTTP/1.1" 403 5071 "https://stream.jeremycherfas.net/content/all?_t=amp&offset=694" "Mozilla/5.0 (Linux; Android 6.0.1; Nexus 5X Build/MMB29P) AppleWebKit/537.36 (KHTML, like Gecko) Chrome/83.0.4103.93 Mobile Safari/537.36 (compatible; Googlebot/2.1; +http://www.google.com/bot.html)" 
66.249.66.48 - - [14/Jun/2020:11:02:21 -0700] "GET /service/web/unfurl/?url=https%3A%2F%2Framblinggit.com%2F2018%2F12%2Fblog-engines-and-indieweb-controlling-upstream%2F&__bTk=1bd931c2e77042fcfb938c9033235bae0e4e6a735f743d1dc68a8b7dc378076f&__bTs=1591383934 HTTP/1.1" 403 5111 "https://stream.jeremycherfas.net/content/all?_t=amp&offset=694" "Mozilla/5.0 (Linux; Android 6.0.1; Nexus 5X Build/MMB29P) AppleWebKit/537.36 (KHTML, like Gecko) Chrome/83.0.4103.93 Mobile Safari/537.36 (compatible; Googlebot/2.1; +http://www.google.com/bot.html)" 
46.229.168.134 - - [14/Jun/2020:11:03:34 -0700] "GET /content/posts/?q=%23%2B%23veal HTTP/1.1" 200 8311 "-" "Mozilla/5.0 (compatible; SemrushBot/6~bl; +http://www.semrush.com/bot.html)" 
46.229.168.137 - - [14/Jun/2020:11:04:16 -0700] "GET /?offset=46&q=%23Sourdough HTTP/1.1" 200 11779 "-" "Mozilla/5.0 (compatible; SemrushBot/6~bl; +http://www.semrush.com/bot.html)" 
46.229.168.152 - - [14/Jun/2020:11:04:24 -0700] "GET /tag/IndieWeb?offset=53 HTTP/1.1" 200 13408 "-" "Mozilla/5.0 (compatible; SemrushBot/6~bl; +http://www.semrush.com/bot.html)" 
46.229.168.151 - - [14/Jun/2020:11:04:54 -0700] "GET /?offset=83&q=%23indieweb HTTP/1.1" 200 14305 "-" "Mozilla/5.0 (compatible; SemrushBot/6~bl; +http://www.semrush.com/bot.html)" 
96.126.125.129 - - [14/Jun/2020:11:05:22 -0700] "GET /content/statusupdates/posts/photos/checkins/bookmarkedpages?_t=rss HTTP/1.1" 200 7442 "-" "Micro.blog/1.0" 
46.229.168.163 - - [14/Jun/2020:11:05:49 -0700] "GET /tag/Sourdough?offset=2 HTTP/1.1" 200 11719 "-" "Mozilla/5.0 (compatible; SemrushBot/6~bl; +http://www.semrush.com/bot.html)" 
