94.154.239.69 - - [26/Jun/2020:03:30:04 -0700] "GET /content/photos/?offset=392 HTTP/1.1" 200 11643 "-" "Mozilla/5.0 (compatible; MJ12bot/v1.4.8; http://mj12bot.com/)" 
192.99.6.138 - - [26/Jun/2020:03:30:08 -0700] "GET /content/photos/?q=%23Sourdough&offset=2 HTTP/1.1" 200 11945 "-" "Mozilla/5.0 (compatible; MJ12bot/v1.4.8; http://mj12bot.com/)" 
94.154.239.69 - - [26/Jun/2020:03:30:08 -0700] "GET /content/photos/?offset=392&_t=rss HTTP/1.1" 200 7806 "-" "Mozilla/5.0 (compatible; MJ12bot/v1.4.8; http://mj12bot.com/)" 
94.154.239.69 - - [26/Jun/2020:03:30:12 -0700] "GET /content/photos/?offset=393 HTTP/1.1" 200 11625 "-" "Mozilla/5.0 (compatible; MJ12bot/v1.4.8; http://mj12bot.com/)" 
192.99.6.138 - - [26/Jun/2020:03:30:14 -0700] "GET /content/photos/?q=%23Sourdough&offset=2&_t=rss HTTP/1.1" 200 8281 "-" "Mozilla/5.0 (compatible; MJ12bot/v1.4.8; http://mj12bot.com/)" 
46.229.168.129 - - [26/Jun/2020:03:30:14 -0700] "GET /content/photos/?offset=180 HTTP/1.1" 200 11058 "-" "Mozilla/5.0 (compatible; SemrushBot/6~bl; +http://www.semrush.com/bot.html)" 
94.154.239.69 - - [26/Jun/2020:03:30:17 -0700] "GET /content/photos/?offset=399 HTTP/1.1" 200 12132 "-" "Mozilla/5.0 (compatible; MJ12bot/v1.4.8; http://mj12bot.com/)" 
94.154.239.69 - - [26/Jun/2020:03:30:21 -0700] "GET /content/photos/?offset=399&_t=rss HTTP/1.1" 200 8298 "-" "Mozilla/5.0 (compatible; MJ12bot/v1.4.8; http://mj12bot.com/)" 
94.154.239.69 - - [26/Jun/2020:03:30:26 -0700] "GET /content/photos/?offset=402 HTTP/1.1" 200 12522 "-" "Mozilla/5.0 (compatible; MJ12bot/v1.4.8; http://mj12bot.com/)" 
192.99.6.138 - - [26/Jun/2020:03:30:28 -0700] "GET /content/photos/?q=%23Sourdough&offset=21 HTTP/1.1" 200 11657 "-" "Mozilla/5.0 (compatible; MJ12bot/v1.4.8; http://mj12bot.com/)" 
94.154.239.69 - - [26/Jun/2020:03:30:31 -0700] "GET /content/photos/?offset=403&_t=rss HTTP/1.1" 200 8542 "-" "Mozilla/5.0 (compatible; MJ12bot/v1.4.8; http://mj12bot.com/)" 
192.99.6.138 - - [26/Jun/2020:03:30:34 -0700] "GET /content/photos/?q=%23Sourdough&offset=21&_t=rss HTTP/1.1" 200 7982 "-" "Mozilla/5.0 (compatible; MJ12bot/v1.4.8; http://mj12bot.com/)" 
94.154.239.69 - - [26/Jun/2020:03:30:35 -0700] "GET /content/photos/?offset=409 HTTP/1.1" 200 11459 "-" "Mozilla/5.0 (compatible; MJ12bot/v1.4.8; http://mj12bot.com/)" 
94.154.239.69 - - [26/Jun/2020:03:30:42 -0700] "GET /content/photos/?offset=412 HTTP/1.1" 200 10784 "-" "Mozilla/5.0 (compatible; MJ12bot/v1.4.8; http://mj12bot.com/)" 
192.99.6.138 - - [26/Jun/2020:03:30:42 -0700] "GET /content/photos/?q=%23Sourdough&offset=22 HTTP/1.1" 200 11350 "-" "Mozilla/5.0 (compatible; MJ12bot/v1.4.8; http://mj12bot.com/)" 
94.154.239.69 - - [26/Jun/2020:03:30:45 -0700] "GET /content/photos/?offset=412&_t=rss HTTP/1.1" 200 7006 "-" "Mozilla/5.0 (compatible; MJ12bot/v1.4.8; http://mj12bot.com/)" 
94.154.239.69 - - [26/Jun/2020:03:30:51 -0700] "GET /content/photos/?offset=413&_t=rss HTTP/1.1" 200 6951 "-" "Mozilla/5.0 (compatible; MJ12bot/v1.4.8; http://mj12bot.com/)" 
192.99.6.138 - - [26/Jun/2020:03:30:52 -0700] "GET /content/photos/?q=%23Sourdough&offset=22&_t=rss HTTP/1.1" 200 7733 "-" "Mozilla/5.0 (compatible; MJ12bot/v1.4.8; http://mj12bot.com/)" 
94.154.239.69 - - [26/Jun/2020:03:30:54 -0700] "GET /content/photos/?offset=419 HTTP/1.1" 200 10215 "-" "Mozilla/5.0 (compatible; MJ12bot/v1.4.8; http://mj12bot.com/)" 
94.154.239.69 - - [26/Jun/2020:03:30:59 -0700] "GET /content/photos/?offset=419&_t=rss HTTP/1.1" 200 6444 "-" "Mozilla/5.0 (compatible; MJ12bot/v1.4.8; http://mj12bot.com/)" 
46.229.168.143 - - [26/Jun/2020:03:31:00 -0700] "GET /content/all/?offset=25&q=%23podcast HTTP/1.1" 200 11999 "-" "Mozilla/5.0 (compatible; SemrushBot/6~bl; +http://www.semrush.com/bot.html)" 
192.99.6.138 - - [26/Jun/2020:03:31:01 -0700] "GET /content/photos/?q=%23Sourdough&offset=23&_t=rss HTTP/1.1" 200 7689 "-" "Mozilla/5.0 (compatible; MJ12bot/v1.4.8; http://mj12bot.com/)" 
94.154.239.69 - - [26/Jun/2020:03:31:03 -0700] "GET /content/photos/?offset=422&_t=rss HTTP/1.1" 200 6269 "-" "Mozilla/5.0 (compatible; MJ12bot/v1.4.8; http://mj12bot.com/)" 
94.154.239.69 - - [26/Jun/2020:03:31:08 -0700] "GET /content/photos/?offset=423 HTTP/1.1" 200 9999 "-" "Mozilla/5.0 (compatible; MJ12bot/v1.4.8; http://mj12bot.com/)" 
192.99.6.138 - - [26/Jun/2020:03:31:10 -0700] "GET /content/photos/?q=%23Sourdough&offset=27 HTTP/1.1" 200 11297 "-" "Mozilla/5.0 (compatible; MJ12bot/v1.4.8; http://mj12bot.com/)" 
94.154.239.69 - - [26/Jun/2020:03:31:12 -0700] "GET /content/photos/?offset=429&_t=rss HTTP/1.1" 200 6160 "-" "Mozilla/5.0 (compatible; MJ12bot/v1.4.8; http://mj12bot.com/)" 
46.229.168.134 - - [26/Jun/2020:03:31:16 -0700] "GET /content/all/?offset=55&q=%23podcast HTTP/1.1" 200 9060 "-" "Mozilla/5.0 (compatible; SemrushBot/6~bl; +http://www.semrush.com/bot.html)" 
96.126.125.129 - - [26/Jun/2020:03:31:17 -0700] "GET /content/statusupdates/posts/photos/checkins/bookmarkedpages?_t=rss HTTP/1.1" 200 7393 "-" "Micro.blog/1.0" 
94.154.239.69 - - [26/Jun/2020:03:31:18 -0700] "GET /content/photos/?offset=432 HTTP/1.1" 200 10113 "-" "Mozilla/5.0 (compatible; MJ12bot/v1.4.8; http://mj12bot.com/)" 
192.99.6.138 - - [26/Jun/2020:03:31:18 -0700] "GET /content/photos/?q=%23Sourdough&offset=27&_t=rss HTTP/1.1" 200 7707 "-" "Mozilla/5.0 (compatible; MJ12bot/v1.4.8; http://mj12bot.com/)" 
158.69.245.202 - - [26/Jun/2020:03:31:22 -0700] "GET /2018/social-software-works-in-triangles-interdependent-thoughts HTTP/1.1" 200 9346 "-" "Mozilla/5.0 (compatible; MJ12bot/v1.4.8; http://mj12bot.com/)" 
94.154.239.69 - - [26/Jun/2020:03:31:23 -0700] "GET /content/photos/?offset=433 HTTP/1.1" 200 10110 "-" "Mozilla/5.0 (compatible; MJ12bot/v1.4.8; http://mj12bot.com/)" 
94.154.239.69 - - [26/Jun/2020:03:31:27 -0700] "GET /content/photos/?offset=442 HTTP/1.1" 200 9799 "-" "Mozilla/5.0 (compatible; MJ12bot/v1.4.8; http://mj12bot.com/)" 
94.154.239.69 - - [26/Jun/2020:03:31:32 -0700] "GET /content/photos/?offset=442&_t=rss HTTP/1.1" 200 6056 "-" "Mozilla/5.0 (compatible; MJ12bot/v1.4.8; http://mj12bot.com/)" 
192.99.6.138 - - [26/Jun/2020:03:31:35 -0700] "GET /content/photos/?q=%23Sourdough&offset=3&_t=rss HTTP/1.1" 200 8564 "-" "Mozilla/5.0 (compatible; MJ12bot/v1.4.8; http://mj12bot.com/)" 
94.154.239.69 - - [26/Jun/2020:03:31:36 -0700] "GET /content/photos/?offset=452 HTTP/1.1" 200 10265 "-" "Mozilla/5.0 (compatible; MJ12bot/v1.4.8; http://mj12bot.com/)" 
94.154.239.69 - - [26/Jun/2020:03:31:40 -0700] "GET /content/photos/?offset=453&_t=rss HTTP/1.1" 200 6490 "-" "Mozilla/5.0 (compatible; MJ12bot/v1.4.8; http://mj12bot.com/)" 
94.154.239.69 - - [26/Jun/2020:03:31:45 -0700] "GET /content/photos/?offset=462&_t=rss HTTP/1.1" 200 6411 "-" "Mozilla/5.0 (compatible; MJ12bot/v1.4.8; http://mj12bot.com/)" 
94.154.239.69 - - [26/Jun/2020:03:31:49 -0700] "GET /content/photos/?offset=463 HTTP/1.1" 200 10240 "-" "Mozilla/5.0 (compatible; MJ12bot/v1.4.8; http://mj12bot.com/)" 
94.154.239.69 - - [26/Jun/2020:03:31:54 -0700] "GET /content/photos/?offset=472 HTTP/1.1" 200 10755 "-" "Mozilla/5.0 (compatible; MJ12bot/v1.4.8; http://mj12bot.com/)" 
94.154.239.69 - - [26/Jun/2020:03:31:59 -0700] "GET /content/photos/?offset=472&_t=rss HTTP/1.1" 200 7135 "-" "Mozilla/5.0 (compatible; MJ12bot/v1.4.8; http://mj12bot.com/)" 
94.154.239.69 - - [26/Jun/2020:03:32:03 -0700] "GET /content/photos/?offset=473 HTTP/1.1" 200 10643 "-" "Mozilla/5.0 (compatible; MJ12bot/v1.4.8; http://mj12bot.com/)" 
94.154.239.69 - - [26/Jun/2020:03:32:06 -0700] "GET /content/photos/?offset=473&_t=rss HTTP/1.1" 200 7024 "-" "Mozilla/5.0 (compatible; MJ12bot/v1.4.8; http://mj12bot.com/)" 
94.154.239.69 - - [26/Jun/2020:03:32:09 -0700] "GET /content/photos/?offset=482 HTTP/1.1" 200 10989 "-" "Mozilla/5.0 (compatible; MJ12bot/v1.4.8; http://mj12bot.com/)" 
192.99.6.138 - - [26/Jun/2020:03:32:14 -0700] "GET /content/photos/?q=%23Sourdough&offset=30&_t=rss HTTP/1.1" 200 7601 "-" "Mozilla/5.0 (compatible; MJ12bot/v1.4.8; http://mj12bot.com/)" 
158.69.245.202 - - [26/Jun/2020:03:32:16 -0700] "GET /2018/social-software-works-in-triangles-interdependent-thoughts?_t=rss HTTP/1.1" 200 5140 "-" "Mozilla/5.0 (compatible; MJ12bot/v1.4.8; http://mj12bot.com/)" 
94.154.239.69 - - [26/Jun/2020:03:32:16 -0700] "GET /content/photos/?offset=482&_t=rss HTTP/1.1" 200 7378 "-" "Mozilla/5.0 (compatible; MJ12bot/v1.4.8; http://mj12bot.com/)" 
94.154.239.69 - - [26/Jun/2020:03:32:20 -0700] "GET /content/photos/?offset=483&_t=rss HTTP/1.1" 200 7440 "-" "Mozilla/5.0 (compatible; MJ12bot/v1.4.8; http://mj12bot.com/)" 
114.119.161.85 - - [26/Jun/2020:03:32:21 -0700] "GET /content/photos?q=%23%2B%23%23bread&offset=30 HTTP/1.1" 200 12174 "-" "Mozilla/5.0 (Linux; Android 7.0;) AppleWebKit/537.36 (KHTML, like Gecko) Mobile Safari/537.36 (compatible; PetalBot;+https://aspiegel.com/petalbot)" 
94.154.239.69 - - [26/Jun/2020:03:32:24 -0700] "GET /content/photos/?offset=492&_t=rss HTTP/1.1" 200 7478 "-" "Mozilla/5.0 (compatible; MJ12bot/v1.4.8; http://mj12bot.com/)" 
46.229.168.141 - - [26/Jun/2020:03:32:27 -0700] "GET /content/posts/?offset=79 HTTP/1.1" 200 12014 "-" "Mozilla/5.0 (compatible; SemrushBot/6~bl; +http://www.semrush.com/bot.html)" 
94.154.239.69 - - [26/Jun/2020:03:32:29 -0700] "GET /content/photos/?offset=493 HTTP/1.1" 200 11123 "-" "Mozilla/5.0 (compatible; MJ12bot/v1.4.8; http://mj12bot.com/)" 
94.154.239.69 - - [26/Jun/2020:03:32:34 -0700] "GET /content/photos/?offset=493&_t=rss HTTP/1.1" 200 7518 "-" "Mozilla/5.0 (compatible; MJ12bot/v1.4.8; http://mj12bot.com/)" 
198.58.102.96 - - [26/Jun/2020:03:32:38 -0700] "GET /content/all/?_t=rss HTTP/1.1" 200 7267 "-" "Superfeedr bot/2.0 http://superfeedr.com - Make your feeds realtime: get in touch - feed-id:1122325712" 
94.154.239.69 - - [26/Jun/2020:03:32:38 -0700] "GET /content/photos/?offset=502 HTTP/1.1" 200 11128 "-" "Mozilla/5.0 (compatible; MJ12bot/v1.4.8; http://mj12bot.com/)" 
192.99.6.138 - - [26/Jun/2020:03:32:40 -0700] "GET /content/photos/?q=%23Sourdough&offset=31 HTTP/1.1" 200 11227 "-" "Mozilla/5.0 (compatible; MJ12bot/v1.4.8; http://mj12bot.com/)" 
94.154.239.69 - - [26/Jun/2020:03:32:44 -0700] "GET /content/photos/?offset=502&_t=rss HTTP/1.1" 200 7551 "-" "Mozilla/5.0 (compatible; MJ12bot/v1.4.8; http://mj12bot.com/)" 
94.154.239.69 - - [26/Jun/2020:03:32:49 -0700] "GET /content/photos/?offset=503 HTTP/1.1" 200 11025 "-" "Mozilla/5.0 (compatible; MJ12bot/v1.4.8; http://mj12bot.com/)" 
192.99.6.138 - - [26/Jun/2020:03:32:53 -0700] "GET /content/photos/?q=%23Sourdough&offset=31&_t=rss HTTP/1.1" 200 7628 "-" "Mozilla/5.0 (compatible; MJ12bot/v1.4.8; http://mj12bot.com/)" 
94.154.239.69 - - [26/Jun/2020:03:32:53 -0700] "GET /content/photos/?offset=503&_t=rss HTTP/1.1" 200 7458 "-" "Mozilla/5.0 (compatible; MJ12bot/v1.4.8; http://mj12bot.com/)" 
158.69.245.202 - - [26/Jun/2020:03:32:56 -0700] "GET /2018/supper-time/annotations/42f3dc80fa01a53ed12796f2fdfa2ff1 HTTP/1.1" 200 8017 "-" "Mozilla/5.0 (compatible; MJ12bot/v1.4.8; http://mj12bot.com/)" 
46.229.168.145 - - [26/Jun/2020:03:32:59 -0700] "GET /tag/sourdough?offset=15 HTTP/1.1" 200 11844 "-" "Mozilla/5.0 (compatible; SemrushBot/6~bl; +http://www.semrush.com/bot.html)" 
94.154.239.69 - - [26/Jun/2020:03:33:03 -0700] "GET /content/photos/?offset=512 HTTP/1.1" 200 11203 "-" "Mozilla/5.0 (compatible; MJ12bot/v1.4.8; http://mj12bot.com/)" 
94.154.239.69 - - [26/Jun/2020:03:33:06 -0700] "GET /content/photos/?offset=512&_t=rss HTTP/1.1" 200 7618 "-" "Mozilla/5.0 (compatible; MJ12bot/v1.4.8; http://mj12bot.com/)" 
192.99.6.138 - - [26/Jun/2020:03:33:11 -0700] "GET /content/photos/?q=%23Sourdough&offset=32&_t=rss HTTP/1.1" 200 7604 "-" "Mozilla/5.0 (compatible; MJ12bot/v1.4.8; http://mj12bot.com/)" 
94.154.239.69 - - [26/Jun/2020:03:33:11 -0700] "GET /content/photos/?offset=513 HTTP/1.1" 200 11363 "-" "Mozilla/5.0 (compatible; MJ12bot/v1.4.8; http://mj12bot.com/)" 
94.154.239.69 - - [26/Jun/2020:03:33:17 -0700] "GET /content/photos/?offset=513&_t=rss HTTP/1.1" 200 7769 "-" "Mozilla/5.0 (compatible; MJ12bot/v1.4.8; http://mj12bot.com/)" 
192.99.6.138 - - [26/Jun/2020:03:33:29 -0700] "GET /content/photos/?q=%23Sourdough&offset=33 HTTP/1.1" 200 11193 "-" "Mozilla/5.0 (compatible; MJ12bot/v1.4.8; http://mj12bot.com/)" 
94.154.239.69 - - [26/Jun/2020:03:33:30 -0700] "GET /content/photos/?offset=522 HTTP/1.1" 200 10783 "-" "Mozilla/5.0 (compatible; MJ12bot/v1.4.8; http://mj12bot.com/)" 
94.154.239.69 - - [26/Jun/2020:03:33:34 -0700] "GET /content/photos/?offset=523&_t=rss HTTP/1.1" 200 7028 "-" "Mozilla/5.0 (compatible; MJ12bot/v1.4.8; http://mj12bot.com/)" 
192.99.6.138 - - [26/Jun/2020:03:33:44 -0700] "GET /content/photos/?q=%23Sourdough&offset=33&_t=rss HTTP/1.1" 200 7591 "-" "Mozilla/5.0 (compatible; MJ12bot/v1.4.8; http://mj12bot.com/)" 
94.154.239.69 - - [26/Jun/2020:03:33:50 -0700] "GET /content/photos/?offset=532 HTTP/1.1" 200 11074 "-" "Mozilla/5.0 (compatible; MJ12bot/v1.4.8; http://mj12bot.com/)" 
40.77.167.169 - - [26/Jun/2020:03:33:52 -0700] "GET /2017/denials-i-absolutely-need-to-check-that-i-am-not HTTP/1.1" 200 10443 "-" "Mozilla/5.0 (compatible; bingbot/2.0; +http://www.bing.com/bingbot.htm)" 
94.154.239.69 - - [26/Jun/2020:03:33:54 -0700] "GET /content/photos/?offset=532&_t=rss HTTP/1.1" 200 7477 "-" "Mozilla/5.0 (compatible; MJ12bot/v1.4.8; http://mj12bot.com/)" 
94.154.239.69 - - [26/Jun/2020:03:33:58 -0700] "GET /content/photos/?offset=533 HTTP/1.1" 200 10990 "-" "Mozilla/5.0 (compatible; MJ12bot/v1.4.8; http://mj12bot.com/)" 
192.99.6.138 - - [26/Jun/2020:03:33:59 -0700] "GET /content/photos/?q=%23Sourdough&offset=37 HTTP/1.1" 200 11339 "-" "Mozilla/5.0 (compatible; MJ12bot/v1.4.8; http://mj12bot.com/)" 
94.154.239.69 - - [26/Jun/2020:03:34:01 -0700] "GET /content/photos/?offset=533&_t=rss HTTP/1.1" 200 7403 "-" "Mozilla/5.0 (compatible; MJ12bot/v1.4.8; http://mj12bot.com/)" 
192.99.6.138 - - [26/Jun/2020:03:34:17 -0700] "GET /content/photos/?q=%23Sourdough&offset=37&_t=rss HTTP/1.1" 200 7665 "-" "Mozilla/5.0 (compatible; MJ12bot/v1.4.8; http://mj12bot.com/)" 
66.249.64.108 - - [26/Jun/2020:03:34:23 -0700] "GET /2018/journeymanhisto-crucial-to-the-success-of-roller HTTP/1.1" 200 10068 "-" "Mozilla/5.0 (Linux; Android 6.0.1; Nexus 5X Build/MMB29P) AppleWebKit/537.36 (KHTML, like Gecko) Chrome/80.0.3987.92 Mobile Safari/537.36 (compatible; Googlebot/2.1; +http://www.google.com/bot.html)" 
94.154.239.69 - - [26/Jun/2020:03:34:23 -0700] "GET /content/photos/?offset=542&_t=rss HTTP/1.1" 200 7518 "-" "Mozilla/5.0 (compatible; MJ12bot/v1.4.8; http://mj12bot.com/)" 
66.249.64.110 - - [26/Jun/2020:03:34:23 -0700] "GET /robots.txt HTTP/1.1" 200 4857 "-" "Mozilla/5.0 (compatible; Googlebot/2.1; +http://www.google.com/bot.html)" 
94.154.239.69 - - [26/Jun/2020:03:34:27 -0700] "GET /content/photos/?offset=543&_t=rss HTTP/1.1" 200 7641 "-" "Mozilla/5.0 (compatible; MJ12bot/v1.4.8; http://mj12bot.com/)" 
192.99.6.138 - - [26/Jun/2020:03:34:37 -0700] "GET /content/photos/?q=%23Sourdough&offset=40 HTTP/1.1" 200 11283 "-" "Mozilla/5.0 (compatible; MJ12bot/v1.4.8; http://mj12bot.com/)" 
94.154.239.69 - - [26/Jun/2020:03:34:44 -0700] "GET /content/photos/?offset=553 HTTP/1.1" 200 10773 "-" "Mozilla/5.0 (compatible; MJ12bot/v1.4.8; http://mj12bot.com/)" 
94.154.239.69 - - [26/Jun/2020:03:34:48 -0700] "GET /content/photos/?offset=553&_t=rss HTTP/1.1" 200 7217 "-" "Mozilla/5.0 (compatible; MJ12bot/v1.4.8; http://mj12bot.com/)" 
192.99.6.138 - - [26/Jun/2020:03:34:49 -0700] "GET /content/photos/?q=%23Sourdough&offset=42 HTTP/1.1" 200 11408 "-" "Mozilla/5.0 (compatible; MJ12bot/v1.4.8; http://mj12bot.com/)" 
46.229.168.153 - - [26/Jun/2020:03:34:53 -0700] "GET /tag/+%23174 HTTP/1.1" 200 9235 "-" "Mozilla/5.0 (compatible; SemrushBot/6~bl; +http://www.semrush.com/bot.html)" 
46.229.168.141 - - [26/Jun/2020:03:35:04 -0700] "GET /content/statusupdates/?q=%23Automators HTTP/1.1" 200 8925 "-" "Mozilla/5.0 (compatible; SemrushBot/6~bl; +http://www.semrush.com/bot.html)" 
94.154.239.69 - - [26/Jun/2020:03:35:05 -0700] "GET /content/photos/?offset=563&_t=rss HTTP/1.1" 200 7300 "-" "Mozilla/5.0 (compatible; MJ12bot/v1.4.8; http://mj12bot.com/)" 
192.99.6.138 - - [26/Jun/2020:03:35:13 -0700] "GET /content/photos/?q=%23Sourdough&offset=43 HTTP/1.1" 200 11431 "-" "Mozilla/5.0 (compatible; MJ12bot/v1.4.8; http://mj12bot.com/)" 
158.69.245.202 - - [26/Jun/2020:03:35:27 -0700] "GET /2019/coleus-giving-great-value?_t=rss HTTP/1.1" 200 5328 "-" "Mozilla/5.0 (compatible; MJ12bot/v1.4.8; http://mj12bot.com/)" 
192.99.6.138 - - [26/Jun/2020:03:35:29 -0700] "GET /content/photos/?q=%23Sourdough&offset=47 HTTP/1.1" 200 10140 "-" "Mozilla/5.0 (compatible; MJ12bot/v1.4.8; http://mj12bot.com/)" 
94.154.239.69 - - [26/Jun/2020:03:35:36 -0700] "GET /content/photos/?offset=583&_t=rss HTTP/1.1" 200 6933 "-" "Mozilla/5.0 (compatible; MJ12bot/v1.4.8; http://mj12bot.com/)" 
192.99.6.138 - - [26/Jun/2020:03:35:49 -0700] "GET /content/photos/?q=%23Sourdough&offset=50 HTTP/1.1" 200 9360 "-" "Mozilla/5.0 (compatible; MJ12bot/v1.4.8; http://mj12bot.com/)" 
192.99.6.138 - - [26/Jun/2020:03:36:01 -0700] "GET /content/photos/?q=%23Sourdough&offset=7 HTTP/1.1" 200 12115 "-" "Mozilla/5.0 (compatible; MJ12bot/v1.4.8; http://mj12bot.com/)" 
94.154.239.69 - - [26/Jun/2020:03:36:07 -0700] "GET /content/photos/?offset=613&_t=rss HTTP/1.1" 200 7068 "-" "Mozilla/5.0 (compatible; MJ12bot/v1.4.8; http://mj12bot.com/)" 
66.249.64.112 - - [26/Jun/2020:03:36:09 -0700] "GET /favicon.ico HTTP/1.1" 200 4069 "-" "Googlebot-Image/1.0" 
96.126.125.129 - - [26/Jun/2020:03:36:12 -0700] "GET /content/statusupdates/posts/photos/checkins/bookmarkedpages?_t=rss HTTP/1.1" 200 7393 "-" "Micro.blog/1.0" 
64.111.100.215 - - [26/Jun/2020:03:36:13 -0700] "GET /content/all?_t=rss HTTP/1.1" 200 14113 "-" "Mozilla/5.0 (X11; U; Linux i686; fr; rv:1.9.1.1) Gecko/20090715 Firefox/3.5.1" 
64.111.100.215 - - [26/Jun/2020:03:36:18 -0700] "GET /content/all?_t=rss HTTP/1.1" 200 14113 "-" "Mozilla/5.0 (X11; U; Linux i686; fr; rv:1.9.1.1) Gecko/20090715 Firefox/3.5.1" 
192.99.6.138 - - [26/Jun/2020:03:36:21 -0700] "GET /content/photos/?q=%23borderterrier HTTP/1.1" 200 9007 "-" "Mozilla/5.0 (compatible; MJ12bot/v1.4.8; http://mj12bot.com/)" 
94.154.239.69 - - [26/Jun/2020:03:36:21 -0700] "GET /content/photos/?offset=624 HTTP/1.1" 200 10795 "-" "Mozilla/5.0 (compatible; MJ12bot/v1.4.8; http://mj12bot.com/)" 
94.154.239.69 - - [26/Jun/2020:03:36:25 -0700] "GET /content/photos/?offset=624&_t=rss HTTP/1.1" 200 7173 "-" "Mozilla/5.0 (compatible; MJ12bot/v1.4.8; http://mj12bot.com/)" 
192.99.6.138 - - [26/Jun/2020:03:36:27 -0700] "GET /content/photos/?q=%23bread&offset=45 HTTP/1.1" 200 11746 "-" "Mozilla/5.0 (compatible; MJ12bot/v1.4.8; http://mj12bot.com/)" 
94.154.239.69 - - [26/Jun/2020:03:36:33 -0700] "GET /content/photos/?offset=633&_t=rss HTTP/1.1" 200 6622 "-" "Mozilla/5.0 (compatible; MJ12bot/v1.4.8; http://mj12bot.com/)" 
94.154.239.69 - - [26/Jun/2020:03:36:37 -0700] "GET /content/photos/?offset=634 HTTP/1.1" 200 10189 "-" "Mozilla/5.0 (compatible; MJ12bot/v1.4.8; http://mj12bot.com/)" 
46.229.168.135 - - [26/Jun/2020:03:36:38 -0700] "GET /content/posts/?q=%23non HTTP/1.1" 200 8292 "-" "Mozilla/5.0 (compatible; SemrushBot/6~bl; +http://www.semrush.com/bot.html)" 
192.99.6.138 - - [26/Jun/2020:03:36:44 -0700] "GET /content/photos/?q=%23bread&offset=55 HTTP/1.1" 200 11585 "-" "Mozilla/5.0 (compatible; MJ12bot/v1.4.8; http://mj12bot.com/)" 
94.154.239.69 - - [26/Jun/2020:03:36:51 -0700] "GET /content/photos/?offset=643 HTTP/1.1" 200 10412 "-" "Mozilla/5.0 (compatible; MJ12bot/v1.4.8; http://mj12bot.com/)" 
192.99.6.138 - - [26/Jun/2020:03:36:54 -0700] "GET /content/photos/?q=%23bread&offset=64 HTTP/1.1" 200 9758 "-" "Mozilla/5.0 (compatible; MJ12bot/v1.4.8; http://mj12bot.com/)" 
94.154.239.69 - - [26/Jun/2020:03:36:55 -0700] "GET /content/photos/?offset=643&_t=rss HTTP/1.1" 200 6829 "-" "Mozilla/5.0 (compatible; MJ12bot/v1.4.8; http://mj12bot.com/)" 
94.154.239.69 - - [26/Jun/2020:03:36:58 -0700] "GET /content/photos/?offset=644 HTTP/1.1" 200 10333 "-" "Mozilla/5.0 (compatible; MJ12bot/v1.4.8; http://mj12bot.com/)" 
94.154.239.69 - - [26/Jun/2020:03:37:02 -0700] "GET /content/photos/?offset=644&_t=rss HTTP/1.1" 200 6747 "-" "Mozilla/5.0 (compatible; MJ12bot/v1.4.8; http://mj12bot.com/)" 
94.154.239.69 - - [26/Jun/2020:03:37:06 -0700] "GET /content/photos/?offset=645 HTTP/1.1" 200 10421 "-" "Mozilla/5.0 (compatible; MJ12bot/v1.4.8; http://mj12bot.com/)" 
94.154.239.69 - - [26/Jun/2020:03:37:10 -0700] "GET /content/photos/?offset=649 HTTP/1.1" 200 10789 "-" "Mozilla/5.0 (compatible; MJ12bot/v1.4.8; http://mj12bot.com/)" 
192.99.6.138 - - [26/Jun/2020:03:37:11 -0700] "GET /content/photos/?q=%23bread&offset=65 HTTP/1.1" 200 9625 "-" "Mozilla/5.0 (compatible; MJ12bot/v1.4.8; http://mj12bot.com/)" 
94.154.239.69 - - [26/Jun/2020:03:37:14 -0700] "GET /content/photos/?offset=649&_t=rss HTTP/1.1" 200 7183 "-" "Mozilla/5.0 (compatible; MJ12bot/v1.4.8; http://mj12bot.com/)" 
192.99.6.138 - - [26/Jun/2020:03:37:22 -0700] "GET /content/photos/?q=%23bread&offset=67&_t=rss HTTP/1.1" 200 5455 "-" "Mozilla/5.0 (compatible; MJ12bot/v1.4.8; http://mj12bot.com/)" 
94.154.239.69 - - [26/Jun/2020:03:37:23 -0700] "GET /content/photos/?offset=652&_t=rss HTTP/1.1" 200 7191 "-" "Mozilla/5.0 (compatible; MJ12bot/v1.4.8; http://mj12bot.com/)" 
94.154.239.69 - - [26/Jun/2020:03:37:26 -0700] "GET /content/photos/?offset=653&_t=rss HTTP/1.1" 200 7422 "-" "Mozilla/5.0 (compatible; MJ12bot/v1.4.8; http://mj12bot.com/)" 
192.99.6.138 - - [26/Jun/2020:03:37:30 -0700] "GET /content/photos/?q=%23changingglobaldiets HTTP/1.1" 200 8295 "-" "Mozilla/5.0 (compatible; MJ12bot/v1.4.8; http://mj12bot.com/)" 
94.154.239.69 - - [26/Jun/2020:03:37:30 -0700] "GET /content/photos/?offset=654&_t=rss HTTP/1.1" 200 7435 "-" "Mozilla/5.0 (compatible; MJ12bot/v1.4.8; http://mj12bot.com/)" 
94.154.239.69 - - [26/Jun/2020:03:37:33 -0700] "GET /content/photos/?offset=655 HTTP/1.1" 200 11115 "-" "Mozilla/5.0 (compatible; MJ12bot/v1.4.8; http://mj12bot.com/)" 
94.154.239.69 - - [26/Jun/2020:03:37:37 -0700] "GET /content/photos/?offset=659&_t=rss HTTP/1.1" 200 7346 "-" "Mozilla/5.0 (compatible; MJ12bot/v1.4.8; http://mj12bot.com/)" 
94.154.239.69 - - [26/Jun/2020:03:37:45 -0700] "GET /content/photos/?offset=660 HTTP/1.1" 200 10948 "-" "Mozilla/5.0 (compatible; MJ12bot/v1.4.8; http://mj12bot.com/)" 
46.229.168.132 - - [26/Jun/2020:03:37:47 -0700] "GET /content/all/?offset=144&q=%23indieweb HTTP/1.1" 200 8492 "-" "Mozilla/5.0 (compatible; SemrushBot/6~bl; +http://www.semrush.com/bot.html)" 
94.154.239.69 - - [26/Jun/2020:03:37:48 -0700] "GET /content/photos/?offset=660&_t=rss HTTP/1.1" 200 7320 "-" "Mozilla/5.0 (compatible; MJ12bot/v1.4.8; http://mj12bot.com/)" 
94.154.239.69 - - [26/Jun/2020:03:37:52 -0700] "GET /content/photos/?offset=662 HTTP/1.1" 200 10998 "-" "Mozilla/5.0 (compatible; MJ12bot/v1.4.8; http://mj12bot.com/)" 
94.154.239.69 - - [26/Jun/2020:03:37:55 -0700] "GET /content/photos/?offset=662&_t=rss HTTP/1.1" 200 7384 "-" "Mozilla/5.0 (compatible; MJ12bot/v1.4.8; http://mj12bot.com/)" 
192.99.6.138 - - [26/Jun/2020:03:37:59 -0700] "GET /content/photos/?q=%23foodcommunicationconf&_t=rss HTTP/1.1" 200 5383 "-" "Mozilla/5.0 (compatible; MJ12bot/v1.4.8; http://mj12bot.com/)" 
94.154.239.69 - - [26/Jun/2020:03:37:59 -0700] "GET /content/photos/?offset=663 HTTP/1.1" 200 10850 "-" "Mozilla/5.0 (compatible; MJ12bot/v1.4.8; http://mj12bot.com/)" 
94.154.239.69 - - [26/Jun/2020:03:38:04 -0700] "GET /content/photos/?offset=663&_t=rss HTTP/1.1" 200 7252 "-" "Mozilla/5.0 (compatible; MJ12bot/v1.4.8; http://mj12bot.com/)" 
94.154.239.69 - - [26/Jun/2020:03:38:08 -0700] "GET /content/photos/?offset=664 HTTP/1.1" 200 10848 "-" "Mozilla/5.0 (compatible; MJ12bot/v1.4.8; http://mj12bot.com/)" 
94.154.239.69 - - [26/Jun/2020:03:38:12 -0700] "GET /content/photos/?offset=665 HTTP/1.1" 200 10707 "-" "Mozilla/5.0 (compatible; MJ12bot/v1.4.8; http://mj12bot.com/)" 
94.154.239.69 - - [26/Jun/2020:03:38:17 -0700] "GET /content/photos/?offset=665&_t=rss HTTP/1.1" 200 7116 "-" "Mozilla/5.0 (compatible; MJ12bot/v1.4.8; http://mj12bot.com/)" 
94.154.239.69 - - [26/Jun/2020:03:38:20 -0700] "GET /content/photos/?offset=668 HTTP/1.1" 200 10599 "-" "Mozilla/5.0 (compatible; MJ12bot/v1.4.8; http://mj12bot.com/)" 
94.154.239.69 - - [26/Jun/2020:03:38:24 -0700] "GET /content/photos/?offset=668&_t=rss HTTP/1.1" 200 7013 "-" "Mozilla/5.0 (compatible; MJ12bot/v1.4.8; http://mj12bot.com/)" 
46.229.168.161 - - [26/Jun/2020:03:38:25 -0700] "GET /?offset=30&q=%23%2B%23%23bread HTTP/1.1" 200 12737 "-" "Mozilla/5.0 (compatible; SemrushBot/6~bl; +http://www.semrush.com/bot.html)" 
94.154.239.69 - - [26/Jun/2020:03:38:27 -0700] "GET /content/photos/?offset=669 HTTP/1.1" 200 10617 "-" "Mozilla/5.0 (compatible; MJ12bot/v1.4.8; http://mj12bot.com/)" 
94.154.239.69 - - [26/Jun/2020:03:38:34 -0700] "GET /content/photos/?offset=670&_t=rss HTTP/1.1" 200 7028 "-" "Mozilla/5.0 (compatible; MJ12bot/v1.4.8; http://mj12bot.com/)" 
192.99.6.138 - - [26/Jun/2020:03:38:38 -0700] "GET /content/photos/?q=%23gazpacho&_t=rss HTTP/1.1" 200 5566 "-" "Mozilla/5.0 (compatible; MJ12bot/v1.4.8; http://mj12bot.com/)" 
192.99.6.138 - - [26/Jun/2020:03:38:49 -0700] "GET /content/photos/?q=%23heritageapples HTTP/1.1" 200 9022 "-" "Mozilla/5.0 (compatible; MJ12bot/v1.4.8; http://mj12bot.com/)" 
192.99.6.138 - - [26/Jun/2020:03:38:55 -0700] "GET /content/photos/?q=%23igbreadclub&_t=rss HTTP/1.1" 200 6088 "-" "Mozilla/5.0 (compatible; MJ12bot/v1.4.8; http://mj12bot.com/)" 
192.99.6.138 - - [26/Jun/2020:03:39:27 -0700] "GET /content/photos/?q=%23micromonday HTTP/1.1" 200 8278 "-" "Mozilla/5.0 (compatible; MJ12bot/v1.4.8; http://mj12bot.com/)" 
46.229.168.162 - - [26/Jun/2020:03:39:31 -0700] "GET /2018/chris-aldrich HTTP/1.1" 200 9250 "-" "Mozilla/5.0 (compatible; SemrushBot/6~bl; +http://www.semrush.com/bot.html)" 
46.229.168.148 - - [26/Jun/2020:03:39:35 -0700] "GET /?offset=118&q=%23%2B%23indieweb HTTP/1.1" 200 12074 "-" "Mozilla/5.0 (compatible; SemrushBot/6~bl; +http://www.semrush.com/bot.html)" 
192.99.6.138 - - [26/Jun/2020:03:39:38 -0700] "GET /content/photos/?q=%23podcast&_t=rss HTTP/1.1" 200 8393 "-" "Mozilla/5.0 (compatible; MJ12bot/v1.4.8; http://mj12bot.com/)" 
46.229.168.149 - - [26/Jun/2020:03:39:50 -0700] "GET /content/bookmarkedpages/?offset=21&q=%23%2B%23indieweb HTTP/1.1" 200 12374 "-" "Mozilla/5.0 (compatible; SemrushBot/6~bl; +http://www.semrush.com/bot.html)" 
158.69.245.202 - - [26/Jun/2020:03:40:16 -0700] "GET /2019/thinking-about-the-land-a-personal-perspective-on-the-origin HTTP/1.1" 200 9680 "-" "Mozilla/5.0 (compatible; MJ12bot/v1.4.8; http://mj12bot.com/)" 
192.99.6.138 - - [26/Jun/2020:03:40:46 -0700] "GET /content/photos/?q=%23sourdough&offset=20&_t=rss HTTP/1.1" 200 7949 "-" "Mozilla/5.0 (compatible; MJ12bot/v1.4.8; http://mj12bot.com/)" 
192.99.6.138 - - [26/Jun/2020:03:40:56 -0700] "GET /content/photos/?q=%23sourdough&offset=32&_t=rss HTTP/1.1" 200 7604 "-" "Mozilla/5.0 (compatible; MJ12bot/v1.4.8; http://mj12bot.com/)" 
192.99.6.138 - - [26/Jun/2020:03:41:08 -0700] "GET /content/photos/?q=%23sourdough&offset=50&_t=rss HTTP/1.1" 200 5886 "-" "Mozilla/5.0 (compatible; MJ12bot/v1.4.8; http://mj12bot.com/)" 
192.99.6.138 - - [26/Jun/2020:03:41:20 -0700] "GET /content/photos/?q=%23tentaclelove HTTP/1.1" 200 9198 "-" "Mozilla/5.0 (compatible; MJ12bot/v1.4.8; http://mj12bot.com/)" 
192.99.6.138 - - [26/Jun/2020:03:41:30 -0700] "GET /content/photos/?q=%23tentaclelove&_t=rss HTTP/1.1" 200 5451 "-" "Mozilla/5.0 (compatible; MJ12bot/v1.4.8; http://mj12bot.com/)" 
46.229.168.135 - - [26/Jun/2020:03:41:35 -0700] "GET /content/bookmarkedpages/?offset=11&q=%23Indieweb HTTP/1.1" 200 10921 "-" "Mozilla/5.0 (compatible; SemrushBot/6~bl; +http://www.semrush.com/bot.html)" 
192.99.6.138 - - [26/Jun/2020:03:41:41 -0700] "GET /content/photos/?q=%23trypod&_t=rss HTTP/1.1" 200 4762 "-" "Mozilla/5.0 (compatible; MJ12bot/v1.4.8; http://mj12bot.com/)" 
192.99.6.138 - - [26/Jun/2020:03:41:52 -0700] "GET /content/photos/?q=%2523brocolletti&_t=rss HTTP/1.1" 200 4774 "-" "Mozilla/5.0 (compatible; MJ12bot/v1.4.8; http://mj12bot.com/)" 
192.99.6.138 - - [26/Jun/2020:03:42:02 -0700] "GET /content/photos/?q=%2523changingglobaldiets HTTP/1.1" 200 8300 "-" "Mozilla/5.0 (compatible; MJ12bot/v1.4.8; http://mj12bot.com/)" 
96.126.125.129 - - [26/Jun/2020:03:42:14 -0700] "GET /content/statusupdates/posts/photos/checkins/bookmarkedpages?_t=rss HTTP/1.1" 200 7393 "-" "Micro.blog/1.0" 
46.229.168.130 - - [26/Jun/2020:03:42:18 -0700] "GET /tag/IndieWeb?offset=63 HTTP/1.1" 200 10952 "-" "Mozilla/5.0 (compatible; SemrushBot/6~bl; +http://www.semrush.com/bot.html)" 
94.154.239.69 - - [26/Jun/2020:03:42:26 -0700] "GET /content/photos/?offset=672 HTTP/1.1" 200 10558 "-" "Mozilla/5.0 (compatible; MJ12bot/v1.4.8; http://mj12bot.com/)" 
94.154.239.69 - - [26/Jun/2020:03:42:29 -0700] "GET /content/photos/?offset=672&_t=rss HTTP/1.1" 200 6875 "-" "Mozilla/5.0 (compatible; MJ12bot/v1.4.8; http://mj12bot.com/)" 
94.154.239.69 - - [26/Jun/2020:03:42:32 -0700] "GET /content/photos/?offset=673 HTTP/1.1" 200 10666 "-" "Mozilla/5.0 (compatible; MJ12bot/v1.4.8; http://mj12bot.com/)" 
94.154.239.69 - - [26/Jun/2020:03:42:34 -0700] "GET /content/photos/?offset=674 HTTP/1.1" 200 10680 "-" "Mozilla/5.0 (compatible; MJ12bot/v1.4.8; http://mj12bot.com/)" 
46.229.168.149 - - [26/Jun/2020:03:42:36 -0700] "GET /?offset=0&q=%23quill HTTP/1.1" 200 13865 "-" "Mozilla/5.0 (compatible; SemrushBot/6~bl; +http://www.semrush.com/bot.html)" 
94.154.239.69 - - [26/Jun/2020:03:42:36 -0700] "GET /content/photos/?offset=675 HTTP/1.1" 200 10708 "-" "Mozilla/5.0 (compatible; MJ12bot/v1.4.8; http://mj12bot.com/)" 
94.154.239.69 - - [26/Jun/2020:03:42:39 -0700] "GET /content/photos/?offset=678 HTTP/1.1" 200 10730 "-" "Mozilla/5.0 (compatible; MJ12bot/v1.4.8; http://mj12bot.com/)" 
94.154.239.69 - - [26/Jun/2020:03:42:42 -0700] "GET /content/photos/?offset=679 HTTP/1.1" 200 11060 "-" "Mozilla/5.0 (compatible; MJ12bot/v1.4.8; http://mj12bot.com/)" 
94.154.239.69 - - [26/Jun/2020:03:42:44 -0700] "GET /content/photos/?offset=682 HTTP/1.1" 200 11022 "-" "Mozilla/5.0 (compatible; MJ12bot/v1.4.8; http://mj12bot.com/)" 
94.154.239.69 - - [26/Jun/2020:03:42:47 -0700] "GET /content/photos/?offset=683 HTTP/1.1" 200 10905 "-" "Mozilla/5.0 (compatible; MJ12bot/v1.4.8; http://mj12bot.com/)" 
54.36.148.201 - - [26/Jun/2020:03:42:47 -0700] "GET /content/events/?q=%23+%23Non-fiction HTTP/1.1" 200 8303 "-" "Mozilla/5.0 (compatible; AhrefsBot/6.1; +http://ahrefs.com/robot/)" 
94.154.239.69 - - [26/Jun/2020:03:42:50 -0700] "GET /content/photos/?offset=684 HTTP/1.1" 200 10880 "-" "Mozilla/5.0 (compatible; MJ12bot/v1.4.8; http://mj12bot.com/)" 
94.154.239.69 - - [26/Jun/2020:03:42:52 -0700] "GET /content/photos/?offset=685 HTTP/1.1" 200 10860 "-" "Mozilla/5.0 (compatible; MJ12bot/v1.4.8; http://mj12bot.com/)" 
94.154.239.69 - - [26/Jun/2020:03:42:54 -0700] "GET /content/photos/?offset=688 HTTP/1.1" 200 10916 "-" "Mozilla/5.0 (compatible; MJ12bot/v1.4.8; http://mj12bot.com/)" 
94.154.239.69 - - [26/Jun/2020:03:42:57 -0700] "GET /content/photos/?offset=689 HTTP/1.1" 200 10749 "-" "Mozilla/5.0 (compatible; MJ12bot/v1.4.8; http://mj12bot.com/)" 
94.154.239.69 - - [26/Jun/2020:03:43:00 -0700] "GET /content/photos/?offset=692 HTTP/1.1" 200 10822 "-" "Mozilla/5.0 (compatible; MJ12bot/v1.4.8; http://mj12bot.com/)" 
94.154.239.69 - - [26/Jun/2020:03:43:02 -0700] "GET /content/photos/?offset=694 HTTP/1.1" 200 10826 "-" "Mozilla/5.0 (compatible; MJ12bot/v1.4.8; http://mj12bot.com/)" 
94.154.239.69 - - [26/Jun/2020:03:43:05 -0700] "GET /content/photos/?offset=695 HTTP/1.1" 200 10842 "-" "Mozilla/5.0 (compatible; MJ12bot/v1.4.8; http://mj12bot.com/)" 
94.154.239.69 - - [26/Jun/2020:03:43:08 -0700] "GET /content/photos/?offset=698 HTTP/1.1" 200 10848 "-" "Mozilla/5.0 (compatible; MJ12bot/v1.4.8; http://mj12bot.com/)" 
94.154.239.69 - - [26/Jun/2020:03:43:11 -0700] "GET /content/photos/?offset=699 HTTP/1.1" 200 10665 "-" "Mozilla/5.0 (compatible; MJ12bot/v1.4.8; http://mj12bot.com/)" 
94.154.239.69 - - [26/Jun/2020:03:43:14 -0700] "GET /content/photos/?offset=703 HTTP/1.1" 200 10585 "-" "Mozilla/5.0 (compatible; MJ12bot/v1.4.8; http://mj12bot.com/)" 
94.154.239.69 - - [26/Jun/2020:03:43:16 -0700] "GET /content/photos/?offset=704 HTTP/1.1" 200 10619 "-" "Mozilla/5.0 (compatible; MJ12bot/v1.4.8; http://mj12bot.com/)" 
94.154.239.69 - - [26/Jun/2020:03:43:19 -0700] "GET /content/photos/?offset=705 HTTP/1.1" 200 10616 "-" "Mozilla/5.0 (compatible; MJ12bot/v1.4.8; http://mj12bot.com/)" 
94.154.239.69 - - [26/Jun/2020:03:43:21 -0700] "GET /content/photos/?offset=708 HTTP/1.1" 200 10595 "-" "Mozilla/5.0 (compatible; MJ12bot/v1.4.8; http://mj12bot.com/)" 
46.229.168.139 - - [26/Jun/2020:03:43:43 -0700] "GET /2019/i-do-not-believe-that-consumers-are HTTP/1.1" 200 9481 "-" "Mozilla/5.0 (compatible; SemrushBot/6~bl; +http://www.semrush.com/bot.html)" 
54.36.149.51 - - [26/Jun/2020:03:44:29 -0700] "GET /content/locations/?q=%23+%23Non-fiction HTTP/1.1" 200 8309 "-" "Mozilla/5.0 (compatible; AhrefsBot/6.1; +http://ahrefs.com/robot/)" 
46.229.168.133 - - [26/Jun/2020:03:44:45 -0700] "GET /content/statusupdates/?offset=160 HTTP/1.1" 200 11419 "-" "Mozilla/5.0 (compatible; SemrushBot/6~bl; +http://www.semrush.com/bot.html)" 
158.69.245.202 - - [26/Jun/2020:03:44:57 -0700] "GET /2020/incredible-secret-firefighting-mission-saves-famous-dinosaur-trees HTTP/1.1" 200 9428 "-" "Mozilla/5.0 (compatible; MJ12bot/v1.4.8; http://mj12bot.com/)" 
192.99.6.138 - - [26/Jun/2020:03:45:32 -0700] "GET /content/photos/?q=%2523cucumber HTTP/1.1" 200 8324 "-" "Mozilla/5.0 (compatible; MJ12bot/v1.4.8; http://mj12bot.com/)" 
192.99.6.138 - - [26/Jun/2020:03:45:41 -0700] "GET /content/photos/?q=%2523sourdough&_t=rss HTTP/1.1" 200 4771 "-" "Mozilla/5.0 (compatible; MJ12bot/v1.4.8; http://mj12bot.com/)" 
192.99.6.138 - - [26/Jun/2020:03:45:46 -0700] "GET /content/photos/?q=%2523tentaclelove&_t=rss HTTP/1.1" 200 4775 "-" "Mozilla/5.0 (compatible; MJ12bot/v1.4.8; http://mj12bot.com/)" 
192.99.6.138 - - [26/Jun/2020:03:45:48 -0700] "GET /content/posts/?offset=24&_t=rss HTTP/1.1" 200 8869 "-" "Mozilla/5.0 (compatible; MJ12bot/v1.4.8; http://mj12bot.com/)" 
192.99.6.138 - - [26/Jun/2020:03:45:54 -0700] "GET /content/posts/?offset=34&_t=rss HTTP/1.1" 200 9519 "-" "Mozilla/5.0 (compatible; MJ12bot/v1.4.8; http://mj12bot.com/)" 
192.99.6.138 - - [26/Jun/2020:03:45:58 -0700] "GET /content/posts/?offset=44&_t=rss HTTP/1.1" 200 9007 "-" "Mozilla/5.0 (compatible; MJ12bot/v1.4.8; http://mj12bot.com/)" 
192.99.6.138 - - [26/Jun/2020:03:46:02 -0700] "GET /content/posts/?q=%23%20%23latergram HTTP/1.1" 200 8287 "-" "Mozilla/5.0 (compatible; MJ12bot/v1.4.8; http://mj12bot.com/)" 
46.229.168.150 - - [26/Jun/2020:03:46:02 -0700] "GET /tag/+%23hearsay19 HTTP/1.1" 200 8256 "-" "Mozilla/5.0 (compatible; SemrushBot/6~bl; +http://www.semrush.com/bot.html)" 
192.99.6.138 - - [26/Jun/2020:03:46:04 -0700] "GET /content/posts/?q=%23%20%23ottolenghi HTTP/1.1" 200 8289 "-" "Mozilla/5.0 (compatible; MJ12bot/v1.4.8; http://mj12bot.com/)" 
54.36.148.136 - - [26/Jun/2020:03:46:16 -0700] "GET /file/2fc2a49dfa394d2372b9226797711838/35984228e04a5809114286a2a57c0d06 HTTP/1.1" 500 94712 "-" "Mozilla/5.0 (compatible; AhrefsBot/6.1; +http://ahrefs.com/robot/)" 
66.249.64.108 - - [26/Jun/2020:03:46:17 -0700] "GET /content/posts/ HTTP/1.1" 200 16067 "-" "Mozilla/5.0 (Linux; Android 6.0.1; Nexus 5X Build/MMB29P) AppleWebKit/537.36 (KHTML, like Gecko) Chrome/80.0.3987.92 Mobile Safari/537.36 (compatible; Googlebot/2.1; +http://www.google.com/bot.html)" 
192.99.6.138 - - [26/Jun/2020:03:46:40 -0700] "GET /content/posts/?q=%23changingglobaldiets HTTP/1.1" 200 8288 "-" "Mozilla/5.0 (compatible; MJ12bot/v1.4.8; http://mj12bot.com/)" 
66.249.64.108 - - [26/Jun/2020:03:46:42 -0700] "GET /tag/+%23IndieWeb?_t=rss&offset=10 HTTP/1.1" 200 15343 "-" "Mozilla/5.0 (Linux; Android 6.0.1; Nexus 5X Build/MMB29P) AppleWebKit/537.36 (KHTML, like Gecko) Chrome/80.0.3987.92 Mobile Safari/537.36 (compatible; Googlebot/2.1; +http://www.google.com/bot.html)" 
192.99.6.138 - - [26/Jun/2020:03:46:58 -0700] "GET /content/posts/?q=%23foodcommunicationconf&_t=rss HTTP/1.1" 200 4783 "-" "Mozilla/5.0 (compatible; MJ12bot/v1.4.8; http://mj12bot.com/)" 
192.99.6.138 - - [26/Jun/2020:03:47:20 -0700] "GET /content/posts/?q=%23graingathering2017&_t=rss HTTP/1.1" 200 4781 "-" "Mozilla/5.0 (compatible; MJ12bot/v1.4.8; http://mj12bot.com/)" 
158.69.245.202 - - [26/Jun/2020:03:47:26 -0700] "GET /content/posts/?offset=14 HTTP/1.1" 200 12859 "-" "Mozilla/5.0 (compatible; MJ12bot/v1.4.8; http://mj12bot.com/)" 
45.79.26.51 - - [26/Jun/2020:03:47:27 -0700] "GET /content/statusupdates/posts/photos/checkins/bookmarkedpages?_t=rss HTTP/1.1" 200 7388 "-" "Micro.blog/1.0" 
192.99.6.138 - - [26/Jun/2020:03:47:36 -0700] "GET /content/posts/?q=%23heritageapples HTTP/1.1" 200 8279 "-" "Mozilla/5.0 (compatible; MJ12bot/v1.4.8; http://mj12bot.com/)" 
157.55.39.185 - - [26/Jun/2020:03:47:55 -0700] "GET /2019/checked-into-fondamenta-rezzonico HTTP/1.1" 200 10073 "-" "Mozilla/5.0 (compatible; bingbot/2.0; +http://www.bing.com/bingbot.htm)" 
147.135.218.131 - - [26/Jun/2020:03:48:01 -0700] "GET /gfx/users/default-00.png HTTP/1.1" 200 8882 "-" "-" 
54.36.149.4 - - [26/Jun/2020:03:48:05 -0700] "GET /file/3b8f0a6efcde9abaf1eddf6d39d088e7/68174a867fec3ade599eaa9945558f01 HTTP/1.1" 500 52760 "-" "Mozilla/5.0 (compatible; AhrefsBot/6.1; +http://ahrefs.com/robot/)" 
158.69.245.202 - - [26/Jun/2020:03:48:15 -0700] "GET /content/posts/?offset=34 HTTP/1.1" 200 13277 "-" "Mozilla/5.0 (compatible; MJ12bot/v1.4.8; http://mj12bot.com/)" 
192.99.6.138 - - [26/Jun/2020:03:48:25 -0700] "GET /content/posts/?q=%23stirfridaynight&_t=rss HTTP/1.1" 200 4776 "-" "Mozilla/5.0 (compatible; MJ12bot/v1.4.8; http://mj12bot.com/)" 
114.119.160.61 - - [26/Jun/2020:03:48:27 -0700] "GET /content/rsvp?q=%23%2B%23realbread HTTP/1.1" 200 8317 "-" "Mozilla/5.0 (Linux; Android 7.0;) AppleWebKit/537.36 (KHTML, like Gecko) Mobile Safari/537.36 (compatible; PetalBot;+https://aspiegel.com/petalbot)" 
192.99.6.138 - - [26/Jun/2020:03:48:30 -0700] "GET /content/posts/?q=%23tentaclelove HTTP/1.1" 200 8274 "-" "Mozilla/5.0 (compatible; MJ12bot/v1.4.8; http://mj12bot.com/)" 
192.99.6.138 - - [26/Jun/2020:03:48:42 -0700] "GET /content/posts/?q=%23trypod&_t=rss HTTP/1.1" 200 4760 "-" "Mozilla/5.0 (compatible; MJ12bot/v1.4.8; http://mj12bot.com/)" 
46.229.168.138 - - [26/Jun/2020:03:48:49 -0700] "GET /?offset=41&q=%23%2B%23podcast HTTP/1.1" 200 12096 "-" "Mozilla/5.0 (compatible; SemrushBot/6~bl; +http://www.semrush.com/bot.html)" 
192.99.6.138 - - [26/Jun/2020:03:48:54 -0700] "GET /content/posts/?q=%2523brocolletti&_t=rss HTTP/1.1" 200 4773 "-" "Mozilla/5.0 (compatible; MJ12bot/v1.4.8; http://mj12bot.com/)" 
192.99.6.138 - - [26/Jun/2020:03:48:58 -0700] "GET /content/posts/?q=%2523changingglobaldiets HTTP/1.1" 200 8293 "-" "Mozilla/5.0 (compatible; MJ12bot/v1.4.8; http://mj12bot.com/)" 
192.99.6.138 - - [26/Jun/2020:03:49:11 -0700] "GET /content/posts/?q=%2523gazpacho&_t=rss HTTP/1.1" 200 4768 "-" "Mozilla/5.0 (compatible; MJ12bot/v1.4.8; http://mj12bot.com/)" 
192.99.6.138 - - [26/Jun/2020:03:49:18 -0700] "GET /content/posts/?q=%2523indieweb&_t=rss HTTP/1.1" 200 4764 "-" "Mozilla/5.0 (compatible; MJ12bot/v1.4.8; http://mj12bot.com/)" 
192.99.6.138 - - [26/Jun/2020:03:49:24 -0700] "GET /content/posts/?q=%2523tentaclelove&_t=rss HTTP/1.1" 200 4773 "-" "Mozilla/5.0 (compatible; MJ12bot/v1.4.8; http://mj12bot.com/)" 
158.69.245.202 - - [26/Jun/2020:03:49:27 -0700] "GET /content/posts/?offset=44 HTTP/1.1" 200 12868 "-" "Mozilla/5.0 (compatible; MJ12bot/v1.4.8; http://mj12bot.com/)" 
192.99.6.138 - - [26/Jun/2020:03:49:31 -0700] "GET /content/posts/?q=%2523viola&_t=rss HTTP/1.1" 200 4763 "-" "Mozilla/5.0 (compatible; MJ12bot/v1.4.8; http://mj12bot.com/)" 
192.99.6.138 - - [26/Jun/2020:03:49:41 -0700] "GET /content/replies/?offset=103&_t=rss HTTP/1.1" 200 6777 "-" "Mozilla/5.0 (compatible; MJ12bot/v1.4.8; http://mj12bot.com/)" 
77.88.5.71 - - [26/Jun/2020:03:49:45 -0700] "GET /content/all?_t=rss HTTP/1.1" 200 7265 "-" "Mozilla/5.0 (compatible; YandexBot/3.0; +http://yandex.com/bots)" 
192.99.6.138 - - [26/Jun/2020:03:49:56 -0700] "GET /content/replies/?offset=110&_t=rss HTTP/1.1" 200 6942 "-" "Mozilla/5.0 (compatible; MJ12bot/v1.4.8; http://mj12bot.com/)" 
54.36.148.67 - - [26/Jun/2020:03:49:59 -0700] "GET /2019/maybe-its-just-me-kewgardens-but-i HTTP/1.1" 200 10450 "-" "Mozilla/5.0 (compatible; AhrefsBot/6.1; +http://ahrefs.com/robot/)" 
158.69.245.202 - - [26/Jun/2020:03:50:06 -0700] "GET /content/posts/?offset=54 HTTP/1.1" 200 16215 "-" "Mozilla/5.0 (compatible; MJ12bot/v1.4.8; http://mj12bot.com/)" 
46.229.168.154 - - [26/Jun/2020:03:50:11 -0700] "GET /tag/podcast?offset=21 HTTP/1.1" 200 12123 "-" "Mozilla/5.0 (compatible; SemrushBot/6~bl; +http://www.semrush.com/bot.html)" 
66.249.64.108 - - [26/Jun/2020:03:50:20 -0700] "GET /service/web/unfurl/?url=https%3A%2F%2Fmailchi.mp%2Fhotpodmedia%2Fweeee52342-398289%3Fe%3D07840946c7&__bTk=69943e220605fd513a07276546916b3a5e7ac0f9fd9803c54ba60d198a8dbd2b&__bTs=1591488000 HTTP/1.1" 403 4960 "https://stream.jeremycherfas.net/content/all?offset=1479" "Mozilla/5.0 (Linux; Android 6.0.1; Nexus 5X Build/MMB29P) AppleWebKit/537.36 (KHTML, like Gecko) Chrome/83.0.4103.118 Mobile Safari/537.36 (compatible; Googlebot/2.1; +http://www.google.com/bot.html)" 
66.249.64.110 - - [26/Jun/2020:03:50:21 -0700] "GET /service/web/unfurl/?url=https%3A%2F%2Fwww.theatlantic.com%2Fmagazine%2Farchive%2F2018%2F03%2Fstealing-from-self-checkout%2F550940&__bTk=69943e220605fd513a07276546916b3a5e7ac0f9fd9803c54ba60d198a8dbd2b&__bTs=1591488000 HTTP/1.1" 403 4990 "https://stream.jeremycherfas.net/content/all?offset=1479" "Mozilla/5.0 (Linux; Android 6.0.1; Nexus 5X Build/MMB29P) AppleWebKit/537.36 (KHTML, like Gecko) Chrome/83.0.4103.118 Mobile Safari/537.36 (compatible; Googlebot/2.1; +http://www.google.com/bot.html)" 
66.249.64.110 - - [26/Jun/2020:03:50:21 -0700] "GET /service/web/unfurl/?url=http%3A%2F%2Flanguagelog.ldc.upenn.edu%2Fnll%2F%3Fp%3D37022&__bTk=69943e220605fd513a07276546916b3a5e7ac0f9fd9803c54ba60d198a8dbd2b&__bTs=1591488000 HTTP/1.1" 403 1272 "https://stream.jeremycherfas.net/content/all?offset=1479" "Mozilla/5.0 (Linux; Android 6.0.1; Nexus 5X Build/MMB29P) AppleWebKit/537.36 (KHTML, like Gecko) Chrome/83.0.4103.118 Mobile Safari/537.36 (compatible; Googlebot/2.1; +http://www.google.com/bot.html)" 
66.249.64.110 - - [26/Jun/2020:03:50:22 -0700] "GET /service/web/unfurl/?url=https%3A%2F%2Fmailchi.mp%2Fhotpodmedia%2Fweeee52342-398289%3Fe%3D07840946c7&__bTk=69943e220605fd513a07276546916b3a5e7ac0f9fd9803c54ba60d198a8dbd2b&__bTs=1591887856 HTTP/1.1" 403 1288 "https://stream.jeremycherfas.net/content/all?offset=1479" "Mozilla/5.0 (Linux; Android 6.0.1; Nexus 5X Build/MMB29P) AppleWebKit/537.36 (KHTML, like Gecko) Chrome/83.0.4103.118 Mobile Safari/537.36 (compatible; Googlebot/2.1; +http://www.google.com/bot.html)" 
66.249.64.110 - - [26/Jun/2020:03:50:22 -0700] "GET /service/web/unfurl/?url=https%3A%2F%2Fwww.theatlantic.com%2Fmagazine%2Farchive%2F2018%2F03%2Fstealing-from-self-checkout%2F550940&__bTk=69943e220605fd513a07276546916b3a5e7ac0f9fd9803c54ba60d198a8dbd2b&__bTs=1591887856 HTTP/1.1" 403 1318 "https://stream.jeremycherfas.net/content/all?offset=1479" "Mozilla/5.0 (Linux; Android 6.0.1; Nexus 5X Build/MMB29P) AppleWebKit/537.36 (KHTML, like Gecko) Chrome/83.0.4103.118 Mobile Safari/537.36 (compatible; Googlebot/2.1; +http://www.google.com/bot.html)" 
66.249.64.112 - - [26/Jun/2020:03:50:23 -0700] "GET /service/web/unfurl/?url=http%3A%2F%2Flanguagelog.ldc.upenn.edu%2Fnll%2F%3Fp%3D37022&__bTk=69943e220605fd513a07276546916b3a5e7ac0f9fd9803c54ba60d198a8dbd2b&__bTs=1591887856 HTTP/1.1" 403 4944 "https://stream.jeremycherfas.net/content/all?offset=1479" "Mozilla/5.0 (Linux; Android 6.0.1; Nexus 5X Build/MMB29P) AppleWebKit/537.36 (KHTML, like Gecko) Chrome/83.0.4103.118 Mobile Safari/537.36 (compatible; Googlebot/2.1; +http://www.google.com/bot.html)" 
192.99.6.138 - - [26/Jun/2020:03:50:45 -0700] "GET /content/replies/?offset=123&_t=rss HTTP/1.1" 200 7738 "-" "Mozilla/5.0 (compatible; MJ12bot/v1.4.8; http://mj12bot.com/)" 
46.229.168.134 - - [26/Jun/2020:03:50:56 -0700] "GET /content/all/?offset=134&q=%23indieweb HTTP/1.1" 200 12805 "-" "Mozilla/5.0 (compatible; SemrushBot/6~bl; +http://www.semrush.com/bot.html)" 
192.99.6.138 - - [26/Jun/2020:03:50:58 -0700] "GET /content/replies/?offset=13 HTTP/1.1" 200 11265 "-" "Mozilla/5.0 (compatible; MJ12bot/v1.4.8; http://mj12bot.com/)" 
158.69.245.202 - - [26/Jun/2020:03:50:58 -0700] "GET /content/posts/?offset=64 HTTP/1.1" 200 15587 "-" "Mozilla/5.0 (compatible; MJ12bot/v1.4.8; http://mj12bot.com/)" 
96.126.125.129 - - [26/Jun/2020:03:51:09 -0700] "GET /content/statusupdates/posts/photos/checkins/bookmarkedpages?_t=rss HTTP/1.1" 200 7393 "-" "Micro.blog/1.0" 
192.99.6.138 - - [26/Jun/2020:03:51:13 -0700] "GET /content/replies/?offset=130&_t=rss HTTP/1.1" 200 7263 "-" "Mozilla/5.0 (compatible; MJ12bot/v1.4.8; http://mj12bot.com/)" 
46.229.168.130 - - [26/Jun/2020:03:51:21 -0700] "GET /content/all/?offset=7&q=%23%2B%23WithKnown HTTP/1.1" 200 10899 "-" "Mozilla/5.0 (compatible; SemrushBot/6~bl; +http://www.semrush.com/bot.html)" 
192.99.6.138 - - [26/Jun/2020:03:51:42 -0700] "GET /content/replies/?offset=173 HTTP/1.1" 200 11653 "-" "Mozilla/5.0 (compatible; MJ12bot/v1.4.8; http://mj12bot.com/)" 
54.36.149.19 - - [26/Jun/2020:03:51:45 -0700] "GET /file/f5703b084ef35019a6949f28af0ca0d1/810d17cb11df3237dc52a29d7724b36f HTTP/1.1" 500 78270 "-" "Mozilla/5.0 (compatible; AhrefsBot/6.1; +http://ahrefs.com/robot/)" 
158.69.245.202 - - [26/Jun/2020:03:51:45 -0700] "GET /content/posts/?offset=74 HTTP/1.1" 200 13410 "-" "Mozilla/5.0 (compatible; MJ12bot/v1.4.8; http://mj12bot.com/)" 
192.99.6.138 - - [26/Jun/2020:03:52:08 -0700] "GET /content/replies/?offset=180 HTTP/1.1" 200 12858 "-" "Mozilla/5.0 (compatible; MJ12bot/v1.4.8; http://mj12bot.com/)" 
64.111.100.215 - - [26/Jun/2020:03:52:11 -0700] "GET /content/all?_t=rss HTTP/1.1" 200 14113 "-" "Mozilla/5.0 (X11; U; Linux i686; fr; rv:1.9.1.1) Gecko/20090715 Firefox/3.5.1" 
192.99.6.138 - - [26/Jun/2020:03:52:23 -0700] "GET /content/replies/?offset=183 HTTP/1.1" 200 12961 "-" "Mozilla/5.0 (compatible; MJ12bot/v1.4.8; http://mj12bot.com/)" 
158.69.245.202 - - [26/Jun/2020:03:52:38 -0700] "GET /content/posts/?q=%23%20%23rustic HTTP/1.1" 200 8281 "-" "Mozilla/5.0 (compatible; MJ12bot/v1.4.8; http://mj12bot.com/)" 
192.99.6.138 - - [26/Jun/2020:03:52:41 -0700] "GET /content/replies/?offset=193 HTTP/1.1" 200 10645 "-" "Mozilla/5.0 (compatible; MJ12bot/v1.4.8; http://mj12bot.com/)" 
66.249.64.108 - - [26/Jun/2020:03:53:08 -0700] "GET /view/21391a7a0a51238474b0e1567fa9b0b6?_t=rss HTTP/1.1" 200 5682 "-" "Mozilla/5.0 (Linux; Android 6.0.1; Nexus 5X Build/MMB29P) AppleWebKit/537.36 (KHTML, like Gecko) Chrome/80.0.3987.92 Mobile Safari/537.36 (compatible; Googlebot/2.1; +http://www.google.com/bot.html)" 
192.99.6.138 - - [26/Jun/2020:03:53:14 -0700] "GET /content/replies/?offset=200 HTTP/1.1" 200 10855 "-" "Mozilla/5.0 (compatible; MJ12bot/v1.4.8; http://mj12bot.com/)" 
46.229.168.147 - - [26/Jun/2020:03:53:30 -0700] "GET /content/all/?offset=4&q=%23%2B%23sourdough HTTP/1.1" 200 12160 "-" "Mozilla/5.0 (compatible; SemrushBot/6~bl; +http://www.semrush.com/bot.html)" 
192.99.6.138 - - [26/Jun/2020:03:53:38 -0700] "GET /content/replies/?offset=203 HTTP/1.1" 200 11297 "-" "Mozilla/5.0 (compatible; MJ12bot/v1.4.8; http://mj12bot.com/)" 
192.99.6.138 - - [26/Jun/2020:03:54:13 -0700] "GET /content/replies/?offset=220&_t=rss HTTP/1.1" 200 6871 "-" "Mozilla/5.0 (compatible; MJ12bot/v1.4.8; http://mj12bot.com/)" 
17.58.102.79 - - [26/Jun/2020:03:54:17 -0700] "GET /2019/in-the-beginning-was-the-website---desmond-rivet HTTP/1.1" 200 9840 "-" "Mozilla/5.0 (Macintosh; Intel Mac OS X 10_15_5) AppleWebKit/605.1.15 (KHTML, like Gecko) Version/13.1.1 Safari/605.1.15 (Applebot/0.1; +http://www.apple.com/go/applebot)" 
158.69.245.202 - - [26/Jun/2020:03:54:32 -0700] "GET /content/replies/?offset=103 HTTP/1.1" 200 11078 "-" "Mozilla/5.0 (compatible; MJ12bot/v1.4.8; http://mj12bot.com/)" 
46.229.168.150 - - [26/Jun/2020:03:54:33 -0700] "GET /content/statusupdates/?q=%23FDA HTTP/1.1" 200 9128 "-" "Mozilla/5.0 (compatible; SemrushBot/6~bl; +http://www.semrush.com/bot.html)" 
192.99.6.138 - - [26/Jun/2020:03:54:35 -0700] "GET /content/replies/?offset=223&_t=rss HTTP/1.1" 200 6501 "-" "Mozilla/5.0 (compatible; MJ12bot/v1.4.8; http://mj12bot.com/)" 
46.229.168.142 - - [26/Jun/2020:03:54:51 -0700] "GET /content/photos/?q=%23micromonday HTTP/1.1" 200 8285 "-" "Mozilla/5.0 (compatible; SemrushBot/6~bl; +http://www.semrush.com/bot.html)" 
192.99.6.138 - - [26/Jun/2020:03:54:53 -0700] "GET /content/replies/?offset=23 HTTP/1.1" 200 11153 "-" "Mozilla/5.0 (compatible; MJ12bot/v1.4.8; http://mj12bot.com/)" 
46.229.168.141 - - [26/Jun/2020:03:54:53 -0700] "GET /?offset=111&q=%23IndieWeb HTTP/1.1" 200 12015 "-" "Mozilla/5.0 (compatible; SemrushBot/6~bl; +http://www.semrush.com/bot.html)" 
192.99.6.138 - - [26/Jun/2020:03:55:05 -0700] "GET /content/replies/?offset=23&_t=rss HTTP/1.1" 200 6983 "-" "Mozilla/5.0 (compatible; MJ12bot/v1.4.8; http://mj12bot.com/)" 
46.229.168.131 - - [26/Jun/2020:03:55:06 -0700] "GET /content/all/?offset=130&q=%23indieweb HTTP/1.1" 200 12750 "-" "Mozilla/5.0 (compatible; SemrushBot/6~bl; +http://www.semrush.com/bot.html)" 
192.99.6.138 - - [26/Jun/2020:03:55:24 -0700] "GET /content/replies/?offset=230&_t=rss HTTP/1.1" 200 7122 "-" "Mozilla/5.0 (compatible; MJ12bot/v1.4.8; http://mj12bot.com/)" 
192.99.6.138 - - [26/Jun/2020:03:55:47 -0700] "GET /content/replies/?offset=233&_t=rss HTTP/1.1" 200 7159 "-" "Mozilla/5.0 (compatible; MJ12bot/v1.4.8; http://mj12bot.com/)" 
