40.85.164.164 - - [22/Jun/2020:05:32:25 -0700] "GET /vendor/rmm5t/jquery-timeago/jquery.timeago.js HTTP/1.1" 200 2991 "https://stream.jeremycherfas.net/2017/the-heatwave-has-broken-and-life-is-good" "Mozilla/5.0 (Macintosh; Intel Mac OS X 10_10_1) AppleWebKit/537.36 (KHTML, like Gecko) Chrome/41.0.2227.1 Safari/537.36" 
40.85.164.164 - - [22/Jun/2020:05:32:25 -0700] "GET /vendor/rmm5t/jquery-timeago/locales/jquery.timeago.en.js HTTP/1.1" 200 804 "https://stream.jeremycherfas.net/2017/the-heatwave-has-broken-and-life-is-good" "Mozilla/5.0 (Macintosh; Intel Mac OS X 10_10_1) AppleWebKit/537.36 (KHTML, like Gecko) Chrome/41.0.2227.1 Safari/537.36" 
40.85.164.164 - - [22/Jun/2020:05:32:25 -0700] "GET /vendor/npm-asset/underscore/underscore-min.js HTTP/1.1" 200 7035 "https://stream.jeremycherfas.net/2017/the-heatwave-has-broken-and-life-is-good" "Mozilla/5.0 (Macintosh; Intel Mac OS X 10_10_1) AppleWebKit/537.36 (KHTML, like Gecko) Chrome/41.0.2227.1 Safari/537.36" 
40.85.164.164 - - [22/Jun/2020:05:32:25 -0700] "GET /vendor/forkawesome/fork-awesome/fonts/forkawesome-webfont.woff2?v=1.1.7 HTTP/1.1" 200 92354 "https://stream.jeremycherfas.net/vendor/forkawesome/fork-awesome/css/fork-awesome.min.css" "Mozilla/5.0 (Macintosh; Intel Mac OS X 10_10_1) AppleWebKit/537.36 (KHTML, like Gecko) Chrome/41.0.2227.1 Safari/537.36" 
40.85.164.164 - - [22/Jun/2020:05:32:26 -0700] "GET /vendor/npm-asset/exif-js/exif.js HTTP/1.1" 200 9938 "https://stream.jeremycherfas.net/2017/the-heatwave-has-broken-and-life-is-good" "Mozilla/5.0 (Macintosh; Intel Mac OS X 10_10_1) AppleWebKit/537.36 (KHTML, like Gecko) Chrome/41.0.2227.1 Safari/537.36" 
40.85.164.164 - - [22/Jun/2020:05:32:26 -0700] "GET /file/ef801e05730eba56004c5b712ad84731/thumb.jpg HTTP/1.1" 200 22619 "https://stream.jeremycherfas.net/2017/the-heatwave-has-broken-and-life-is-good" "Mozilla/5.0 (Macintosh; Intel Mac OS X 10_10_1) AppleWebKit/537.36 (KHTML, like Gecko) Chrome/41.0.2227.1 Safari/537.36" 
40.85.164.164 - - [22/Jun/2020:05:32:26 -0700] "GET /gfx/users/default-00.png HTTP/1.1" 200 5798 "https://stream.jeremycherfas.net/2017/the-heatwave-has-broken-and-life-is-good" "Mozilla/5.0 (Macintosh; Intel Mac OS X 10_10_1) AppleWebKit/537.36 (KHTML, like Gecko) Chrome/41.0.2227.1 Safari/537.36" 
40.85.164.164 - - [22/Jun/2020:05:32:26 -0700] "GET /gfx/users/default.png HTTP/1.1" 200 2770 "https://stream.jeremycherfas.net/2017/the-heatwave-has-broken-and-life-is-good" "Mozilla/5.0 (Macintosh; Intel Mac OS X 10_10_1) AppleWebKit/537.36 (KHTML, like Gecko) Chrome/41.0.2227.1 Safari/537.36" 
40.85.164.164 - - [22/Jun/2020:05:32:26 -0700] "GET /file/c8a89be3127def4817595b0448671faa/thumb.jpg HTTP/1.1" 404 14918 "https://stream.jeremycherfas.net/2017/the-heatwave-has-broken-and-life-is-good" "Mozilla/5.0 (Macintosh; Intel Mac OS X 10_10_1) AppleWebKit/537.36 (KHTML, like Gecko) Chrome/41.0.2227.1 Safari/537.36" 
137.135.118.73 - - [22/Jun/2020:05:32:27 -0700] "GET /2017/how-they-serve-an-espresso HTTP/1.1" 200 11857 "-" "Mozilla/5.0 (X11; Linux x86_64) AppleWebKit/537.36 (KHTML, like Gecko) Chrome/41.0.2227.0 Safari/537.36" 
137.135.118.73 - - [22/Jun/2020:05:32:28 -0700] "GET /vendor/npm-asset/jquery/dist/jquery.min.js HTTP/1.1" 200 31956 "https://stream.jeremycherfas.net/2017/how-they-serve-an-espresso" "Mozilla/5.0 (X11; Linux x86_64) AppleWebKit/537.36 (KHTML, like Gecko) Chrome/41.0.2227.0 Safari/537.36" 
137.135.118.73 - - [22/Jun/2020:05:32:28 -0700] "GET /vendor/twbs/bootstrap/dist/css/bootstrap.min.css HTTP/1.1" 200 20899 "https://stream.jeremycherfas.net/2017/how-they-serve-an-espresso" "Mozilla/5.0 (X11; Linux x86_64) AppleWebKit/537.36 (KHTML, like Gecko) Chrome/41.0.2227.0 Safari/537.36" 
137.135.118.73 - - [22/Jun/2020:05:32:28 -0700] "GET /vendor/npm-asset/bootstrap-accessibility-plugin/plugins/css/bootstrap-accessibility.css HTTP/1.1" 200 939 "https://stream.jeremycherfas.net/2017/how-they-serve-an-espresso" "Mozilla/5.0 (X11; Linux x86_64) AppleWebKit/537.36 (KHTML, like Gecko) Chrome/41.0.2227.0 Safari/537.36" 
137.135.118.73 - - [22/Jun/2020:05:32:28 -0700] "GET /vendor/forkawesome/fork-awesome/css/fork-awesome.min.css HTTP/1.1" 200 8899 "https://stream.jeremycherfas.net/2017/how-they-serve-an-espresso" "Mozilla/5.0 (X11; Linux x86_64) AppleWebKit/537.36 (KHTML, like Gecko) Chrome/41.0.2227.0 Safari/537.36" 
137.135.118.73 - - [22/Jun/2020:05:32:28 -0700] "GET /vendor/forkawesome/fork-awesome/css/v5-compat.min.css HTTP/1.1" 200 2592 "https://stream.jeremycherfas.net/2017/how-they-serve-an-espresso" "Mozilla/5.0 (X11; Linux x86_64) AppleWebKit/537.36 (KHTML, like Gecko) Chrome/41.0.2227.0 Safari/537.36" 
137.135.118.73 - - [22/Jun/2020:05:32:28 -0700] "GET /css/1579440965/known.min.css HTTP/1.1" 200 7734 "https://stream.jeremycherfas.net/2017/how-they-serve-an-espresso" "Mozilla/5.0 (X11; Linux x86_64) AppleWebKit/537.36 (KHTML, like Gecko) Chrome/41.0.2227.0 Safari/537.36" 
137.135.118.73 - - [22/Jun/2020:05:32:28 -0700] "GET /vendor/npm-asset/bootstrap-toggle/css/bootstrap-toggle.min.css HTTP/1.1" 200 979 "https://stream.jeremycherfas.net/2017/how-they-serve-an-espresso" "Mozilla/5.0 (X11; Linux x86_64) AppleWebKit/537.36 (KHTML, like Gecko) Chrome/41.0.2227.0 Safari/537.36" 
137.135.118.73 - - [22/Jun/2020:05:32:28 -0700] "GET /vendor/idno/mentionjs/recommended-styles.css HTTP/1.1" 200 600 "https://stream.jeremycherfas.net/2017/how-they-serve-an-espresso" "Mozilla/5.0 (X11; Linux x86_64) AppleWebKit/537.36 (KHTML, like Gecko) Chrome/41.0.2227.0 Safari/537.36" 
137.135.118.73 - - [22/Jun/2020:05:32:28 -0700] "GET /IdnoPlugins/Checkin/external/leaflet/leaflet.min.css HTTP/1.1" 200 2532 "https://stream.jeremycherfas.net/2017/how-they-serve-an-espresso" "Mozilla/5.0 (X11; Linux x86_64) AppleWebKit/537.36 (KHTML, like Gecko) Chrome/41.0.2227.0 Safari/537.36" 
137.135.118.73 - - [22/Jun/2020:05:32:28 -0700] "GET /Themes/Solo/css/default.min.css HTTP/1.1" 200 963 "https://stream.jeremycherfas.net/2017/how-they-serve-an-espresso" "Mozilla/5.0 (X11; Linux x86_64) AppleWebKit/537.36 (KHTML, like Gecko) Chrome/41.0.2227.0 Safari/537.36" 
137.135.118.73 - - [22/Jun/2020:05:32:28 -0700] "GET /vendor/npm-asset/mediaelement/build/mediaelementplayer.min.css HTTP/1.1" 200 3096 "https://stream.jeremycherfas.net/2017/how-they-serve-an-espresso" "Mozilla/5.0 (X11; Linux x86_64) AppleWebKit/537.36 (KHTML, like Gecko) Chrome/41.0.2227.0 Safari/537.36" 
137.135.118.73 - - [22/Jun/2020:05:32:28 -0700] "GET /vendor/twbs/bootstrap/dist/js/bootstrap.min.js HTTP/1.1" 200 11611 "https://stream.jeremycherfas.net/2017/how-they-serve-an-espresso" "Mozilla/5.0 (X11; Linux x86_64) AppleWebKit/537.36 (KHTML, like Gecko) Chrome/41.0.2227.0 Safari/537.36" 
137.135.118.73 - - [22/Jun/2020:05:32:28 -0700] "GET /vendor/npm-asset/bootstrap-accessibility-plugin/plugins/js/bootstrap-accessibility.min.js HTTP/1.1" 200 4789 "https://stream.jeremycherfas.net/2017/how-they-serve-an-espresso" "Mozilla/5.0 (X11; Linux x86_64) AppleWebKit/537.36 (KHTML, like Gecko) Chrome/41.0.2227.0 Safari/537.36" 
137.135.118.73 - - [22/Jun/2020:05:32:28 -0700] "GET /js/1579440966/known.min.js HTTP/1.1" 200 4900 "https://stream.jeremycherfas.net/2017/how-they-serve-an-espresso" "Mozilla/5.0 (X11; Linux x86_64) AppleWebKit/537.36 (KHTML, like Gecko) Chrome/41.0.2227.0 Safari/537.36" 
137.135.118.73 - - [22/Jun/2020:05:32:28 -0700] "GET /vendor/npm-asset/bootstrap-toggle/js/bootstrap-toggle.js HTTP/1.1" 200 2024 "https://stream.jeremycherfas.net/2017/how-they-serve-an-espresso" "Mozilla/5.0 (X11; Linux x86_64) AppleWebKit/537.36 (KHTML, like Gecko) Chrome/41.0.2227.0 Safari/537.36" 
137.135.118.73 - - [22/Jun/2020:05:32:28 -0700] "GET /IdnoPlugins/Checkin/external/leaflet/leaflet.js HTTP/1.1" 200 34091 "https://stream.jeremycherfas.net/2017/how-they-serve-an-espresso" "Mozilla/5.0 (X11; Linux x86_64) AppleWebKit/537.36 (KHTML, like Gecko) Chrome/41.0.2227.0 Safari/537.36" 
137.135.118.73 - - [22/Jun/2020:05:32:28 -0700] "GET /IdnoPlugins/Checkin/external/stamen-maps/tile.stamen.min.js HTTP/1.1" 200 1983 "https://stream.jeremycherfas.net/2017/how-they-serve-an-espresso" "Mozilla/5.0 (X11; Linux x86_64) AppleWebKit/537.36 (KHTML, like Gecko) Chrome/41.0.2227.0 Safari/537.36" 
137.135.118.73 - - [22/Jun/2020:05:32:28 -0700] "GET /IdnoPlugins/Media/external/wavesurfer/dist/wavesurfer.min.js HTTP/1.1" 200 6834 "https://stream.jeremycherfas.net/2017/how-they-serve-an-espresso" "Mozilla/5.0 (X11; Linux x86_64) AppleWebKit/537.36 (KHTML, like Gecko) Chrome/41.0.2227.0 Safari/537.36" 
137.135.118.73 - - [22/Jun/2020:05:32:29 -0700] "GET /vendor/npm-asset/vanilla-fitvids/jquery.fitvids.js HTTP/1.1" 200 1791 "https://stream.jeremycherfas.net/2017/how-they-serve-an-espresso" "Mozilla/5.0 (X11; Linux x86_64) AppleWebKit/537.36 (KHTML, like Gecko) Chrome/41.0.2227.0 Safari/537.36" 
137.135.118.73 - - [22/Jun/2020:05:32:29 -0700] "GET /vendor/npm-asset/mediaelement/build/mediaelement-and-player.min.js HTTP/1.1" 200 41537 "https://stream.jeremycherfas.net/2017/how-they-serve-an-espresso" "Mozilla/5.0 (X11; Linux x86_64) AppleWebKit/537.36 (KHTML, like Gecko) Chrome/41.0.2227.0 Safari/537.36" 
137.135.118.73 - - [22/Jun/2020:05:32:29 -0700] "GET /vendor/rmm5t/jquery-timeago/jquery.timeago.js HTTP/1.1" 200 2991 "https://stream.jeremycherfas.net/2017/how-they-serve-an-espresso" "Mozilla/5.0 (X11; Linux x86_64) AppleWebKit/537.36 (KHTML, like Gecko) Chrome/41.0.2227.0 Safari/537.36" 
137.135.118.73 - - [22/Jun/2020:05:32:29 -0700] "GET /vendor/rmm5t/jquery-timeago/locales/jquery.timeago.en.js HTTP/1.1" 200 804 "https://stream.jeremycherfas.net/2017/how-they-serve-an-espresso" "Mozilla/5.0 (X11; Linux x86_64) AppleWebKit/537.36 (KHTML, like Gecko) Chrome/41.0.2227.0 Safari/537.36" 
137.135.118.73 - - [22/Jun/2020:05:32:29 -0700] "GET /vendor/npm-asset/underscore/underscore-min.js HTTP/1.1" 200 7035 "https://stream.jeremycherfas.net/2017/how-they-serve-an-espresso" "Mozilla/5.0 (X11; Linux x86_64) AppleWebKit/537.36 (KHTML, like Gecko) Chrome/41.0.2227.0 Safari/537.36" 
137.135.118.73 - - [22/Jun/2020:05:32:29 -0700] "GET /vendor/npm-asset/exif-js/exif.js HTTP/1.1" 200 9938 "https://stream.jeremycherfas.net/2017/how-they-serve-an-espresso" "Mozilla/5.0 (X11; Linux x86_64) AppleWebKit/537.36 (KHTML, like Gecko) Chrome/41.0.2227.0 Safari/537.36" 
137.135.118.73 - - [22/Jun/2020:05:32:29 -0700] "GET /vendor/forkawesome/fork-awesome/fonts/forkawesome-webfont.woff2?v=1.1.7 HTTP/1.1" 200 92179 "https://stream.jeremycherfas.net/vendor/forkawesome/fork-awesome/css/fork-awesome.min.css" "Mozilla/5.0 (X11; Linux x86_64) AppleWebKit/537.36 (KHTML, like Gecko) Chrome/41.0.2227.0 Safari/537.36" 
137.135.118.73 - - [22/Jun/2020:05:32:29 -0700] "GET /file/ef801e05730eba56004c5b712ad84731/thumb.jpg HTTP/1.1" 200 22619 "https://stream.jeremycherfas.net/2017/how-they-serve-an-espresso" "Mozilla/5.0 (X11; Linux x86_64) AppleWebKit/537.36 (KHTML, like Gecko) Chrome/41.0.2227.0 Safari/537.36" 
137.135.118.73 - - [22/Jun/2020:05:32:29 -0700] "GET /file/7dc65f8f3da062cb53f07be82a4d1b3b/thumb.jpg HTTP/1.1" 200 119013 "https://stream.jeremycherfas.net/2017/how-they-serve-an-espresso" "Mozilla/5.0 (X11; Linux x86_64) AppleWebKit/537.36 (KHTML, like Gecko) Chrome/41.0.2227.0 Safari/537.36" 
137.135.118.73 - - [22/Jun/2020:05:32:29 -0700] "GET /file/b64eb38d3005e6d8f6f91f1596b20c2d HTTP/1.1" 200 7862 "https://stream.jeremycherfas.net/2017/how-they-serve-an-espresso" "Mozilla/5.0 (X11; Linux x86_64) AppleWebKit/537.36 (KHTML, like Gecko) Chrome/41.0.2227.0 Safari/537.36" 
137.135.118.73 - - [22/Jun/2020:05:32:29 -0700] "GET /file/345d0c7f166fc79e2da0381a1ddb7612 HTTP/1.1" 200 18574 "https://stream.jeremycherfas.net/2017/how-they-serve-an-espresso" "Mozilla/5.0 (X11; Linux x86_64) AppleWebKit/537.36 (KHTML, like Gecko) Chrome/41.0.2227.0 Safari/537.36" 
137.135.118.73 - - [22/Jun/2020:05:32:29 -0700] "GET /file/11e6b2d11a03c920b39b99e86f8c01ed HTTP/1.1" 200 6921 "https://stream.jeremycherfas.net/2017/how-they-serve-an-espresso" "Mozilla/5.0 (X11; Linux x86_64) AppleWebKit/537.36 (KHTML, like Gecko) Chrome/41.0.2227.0 Safari/537.36" 
137.135.118.73 - - [22/Jun/2020:05:32:29 -0700] "GET /file/6b877667a8f6ce2d92c1d9cc6f038db9 HTTP/1.1" 200 6197 "https://stream.jeremycherfas.net/2017/how-they-serve-an-espresso" "Mozilla/5.0 (X11; Linux x86_64) AppleWebKit/537.36 (KHTML, like Gecko) Chrome/41.0.2227.0 Safari/537.36" 
137.135.118.73 - - [22/Jun/2020:05:32:29 -0700] "GET /file/a23aa0ff390acdb2332fb79d87be534a HTTP/1.1" 200 6201 "https://stream.jeremycherfas.net/2017/how-they-serve-an-espresso" "Mozilla/5.0 (X11; Linux x86_64) AppleWebKit/537.36 (KHTML, like Gecko) Chrome/41.0.2227.0 Safari/537.36" 
137.135.118.73 - - [22/Jun/2020:05:32:29 -0700] "GET /file/39a70b3d3d64ef675e9e5f08fbf60730 HTTP/1.1" 200 7470 "https://stream.jeremycherfas.net/2017/how-they-serve-an-espresso" "Mozilla/5.0 (X11; Linux x86_64) AppleWebKit/537.36 (KHTML, like Gecko) Chrome/41.0.2227.0 Safari/537.36" 
137.135.118.73 - - [22/Jun/2020:05:32:29 -0700] "GET /file/d2e3e343941e470a64dbba717b6b50aa HTTP/1.1" 200 6906 "https://stream.jeremycherfas.net/2017/how-they-serve-an-espresso" "Mozilla/5.0 (X11; Linux x86_64) AppleWebKit/537.36 (KHTML, like Gecko) Chrome/41.0.2227.0 Safari/537.36" 
137.135.118.73 - - [22/Jun/2020:05:32:29 -0700] "GET /file/b82c73b8de6f7df63d691de84ffee6cc HTTP/1.1" 200 8334 "https://stream.jeremycherfas.net/2017/how-they-serve-an-espresso" "Mozilla/5.0 (X11; Linux x86_64) AppleWebKit/537.36 (KHTML, like Gecko) Chrome/41.0.2227.0 Safari/537.36" 
137.135.118.73 - - [22/Jun/2020:05:32:29 -0700] "GET /file/e8931f331944973fcced7849a701296b HTTP/1.1" 200 7539 "https://stream.jeremycherfas.net/2017/how-they-serve-an-espresso" "Mozilla/5.0 (X11; Linux x86_64) AppleWebKit/537.36 (KHTML, like Gecko) Chrome/41.0.2227.0 Safari/537.36" 
137.135.118.73 - - [22/Jun/2020:05:32:29 -0700] "GET /file/bdf1c66edcff28a01dac0c8a9c9abce5 HTTP/1.1" 200 13550 "https://stream.jeremycherfas.net/2017/how-they-serve-an-espresso" "Mozilla/5.0 (X11; Linux x86_64) AppleWebKit/537.36 (KHTML, like Gecko) Chrome/41.0.2227.0 Safari/537.36" 
137.135.118.73 - - [22/Jun/2020:05:32:30 -0700] "GET /file/b42debe17d2d8129bc593f9213cbd542 HTTP/1.1" 200 6755 "https://stream.jeremycherfas.net/2017/how-they-serve-an-espresso" "Mozilla/5.0 (X11; Linux x86_64) AppleWebKit/537.36 (KHTML, like Gecko) Chrome/41.0.2227.0 Safari/537.36" 
137.135.118.73 - - [22/Jun/2020:05:32:29 -0700] "GET /file/13dca36ee899014b629bd34cfee50947 HTTP/1.1" 200 8791 "https://stream.jeremycherfas.net/2017/how-they-serve-an-espresso" "Mozilla/5.0 (X11; Linux x86_64) AppleWebKit/537.36 (KHTML, like Gecko) Chrome/41.0.2227.0 Safari/537.36" 
137.135.118.73 - - [22/Jun/2020:05:32:29 -0700] "GET /file/3e774112dcf99da5761f31a619fb8cb2 HTTP/1.1" 200 13521 "https://stream.jeremycherfas.net/2017/how-they-serve-an-espresso" "Mozilla/5.0 (X11; Linux x86_64) AppleWebKit/537.36 (KHTML, like Gecko) Chrome/41.0.2227.0 Safari/537.36" 
137.135.118.73 - - [22/Jun/2020:05:32:30 -0700] "GET /file/01bdccd349edb7084d7b4ac54e3fc9f3 HTTP/1.1" 200 6755 "https://stream.jeremycherfas.net/2017/how-they-serve-an-espresso" "Mozilla/5.0 (X11; Linux x86_64) AppleWebKit/537.36 (KHTML, like Gecko) Chrome/41.0.2227.0 Safari/537.36" 
137.135.118.73 - - [22/Jun/2020:05:32:30 -0700] "GET /file/0c90e77fc222430f8a724c6995936dae HTTP/1.1" 200 8526 "https://stream.jeremycherfas.net/2017/how-they-serve-an-espresso" "Mozilla/5.0 (X11; Linux x86_64) AppleWebKit/537.36 (KHTML, like Gecko) Chrome/41.0.2227.0 Safari/537.36" 
137.135.118.73 - - [22/Jun/2020:05:32:30 -0700] "GET /file/3bebb3c4a31ad796422fcc09dda0bc27 HTTP/1.1" 200 8724 "https://stream.jeremycherfas.net/2017/how-they-serve-an-espresso" "Mozilla/5.0 (X11; Linux x86_64) AppleWebKit/537.36 (KHTML, like Gecko) Chrome/41.0.2227.0 Safari/537.36" 
137.135.118.73 - - [22/Jun/2020:05:32:30 -0700] "GET /gfx/users/default-00.png HTTP/1.1" 200 5798 "https://stream.jeremycherfas.net/2017/how-they-serve-an-espresso" "Mozilla/5.0 (X11; Linux x86_64) AppleWebKit/537.36 (KHTML, like Gecko) Chrome/41.0.2227.0 Safari/537.36" 
137.135.118.73 - - [22/Jun/2020:05:32:30 -0700] "GET /file/6cf89ee06ece2ea13b67d2858ba431dd HTTP/1.1" 200 8724 "https://stream.jeremycherfas.net/2017/how-they-serve-an-espresso" "Mozilla/5.0 (X11; Linux x86_64) AppleWebKit/537.36 (KHTML, like Gecko) Chrome/41.0.2227.0 Safari/537.36" 
137.135.118.73 - - [22/Jun/2020:05:32:30 -0700] "GET /file/a6a9071c9c2849c81326f0b45b87b5a6 HTTP/1.1" 200 6755 "https://stream.jeremycherfas.net/2017/how-they-serve-an-espresso" "Mozilla/5.0 (X11; Linux x86_64) AppleWebKit/537.36 (KHTML, like Gecko) Chrome/41.0.2227.0 Safari/537.36" 
207.46.13.166 - - [22/Jun/2020:05:33:05 -0700] "GET /2019/whiteboarddesk-bull-aaron-parecki HTTP/1.1" 200 9855 "-" "Mozilla/5.0 (compatible; bingbot/2.0; +http://www.bing.com/bingbot.htm)" 
46.229.168.134 - - [22/Jun/2020:05:33:29 -0700] "GET /2019/domestic-cozy-9 HTTP/1.1" 200 9486 "-" "Mozilla/5.0 (compatible; SemrushBot/6~bl; +http://www.semrush.com/bot.html)" 
46.229.168.152 - - [22/Jun/2020:05:34:39 -0700] "GET /tag/WithKnown?offset=15 HTTP/1.1" 200 13224 "-" "Mozilla/5.0 (compatible; SemrushBot/6~bl; +http://www.semrush.com/bot.html)" 
96.126.125.129 - - [22/Jun/2020:05:34:40 -0700] "GET /content/statusupdates/posts/photos/checkins/bookmarkedpages?_t=rss HTTP/1.1" 200 7427 "-" "Micro.blog/1.0" 
167.99.111.28 - - [22/Jun/2020:05:34:41 -0700] "GET /?_t=rss HTTP/1.1" 304 3495 "-" "Feedbin feed-id:1536727 - 1 subscribers" 
54.36.148.224 - - [22/Jun/2020:05:34:50 -0700] "GET /2018/close-shave-in-the-park HTTP/1.1" 200 13860 "-" "Mozilla/5.0 (compatible; AhrefsBot/6.1; +http://ahrefs.com/robot/)" 
46.229.168.145 - - [22/Jun/2020:05:35:12 -0700] "GET /2019/checked-into-marigold-1 HTTP/1.1" 200 9489 "-" "Mozilla/5.0 (compatible; SemrushBot/6~bl; +http://www.semrush.com/bot.html)" 
46.229.168.152 - - [22/Jun/2020:05:35:14 -0700] "GET /?offset=48&q=%23WithKnown HTTP/1.1" 200 11118 "-" "Mozilla/5.0 (compatible; SemrushBot/6~bl; +http://www.semrush.com/bot.html)" 
46.229.168.136 - - [22/Jun/2020:05:35:28 -0700] "GET /?offset=50&q=%23%2B%23sourdough HTTP/1.1" 200 10630 "-" "Mozilla/5.0 (compatible; SemrushBot/6~bl; +http://www.semrush.com/bot.html)" 
46.229.168.131 - - [22/Jun/2020:05:35:32 -0700] "GET /2018/the-fun-just-never-stops-with-atmelissasbnb-and-glennamongelluzzo HTTP/1.1" 200 11816 "-" "Mozilla/5.0 (compatible; SemrushBot/6~bl; +http://www.semrush.com/bot.html)" 
46.229.168.129 - - [22/Jun/2020:05:36:46 -0700] "GET /2018/with-a-whole-two-days-still-to-run-on-the HTTP/1.1" 200 9412 "-" "Mozilla/5.0 (compatible; SemrushBot/6~bl; +http://www.semrush.com/bot.html)" 
40.77.167.169 - - [22/Jun/2020:05:37:02 -0700] "GET /2018/how-to-use-commercial-music-in-your-podcast HTTP/1.1" 200 9899 "-" "Mozilla/5.0 (compatible; bingbot/2.0; +http://www.bing.com/bingbot.htm)" 
173.212.242.224 - - [22/Jun/2020:05:37:12 -0700] "GET /2019/i-think-they-were-cod-fillets-but-in-any-case?_t=rss HTTP/1.1" 200 5415 "-" "Mozilla/5.0 (compatible; MJ12bot/v1.4.8; http://mj12bot.com/)" 
173.212.242.224 - - [22/Jun/2020:05:37:34 -0700] "GET /2019/if-you-want-people-do-to-something-make-it-easy?_t=rss HTTP/1.1" 200 5379 "-" "Mozilla/5.0 (compatible; MJ12bot/v1.4.8; http://mj12bot.com/)" 
173.212.242.224 - - [22/Jun/2020:05:37:42 -0700] "GET /2019/im-still-getting-spam-through-public-comments HTTP/1.1" 200 9535 "-" "Mozilla/5.0 (compatible; MJ12bot/v1.4.8; http://mj12bot.com/)" 
173.212.242.224 - - [22/Jun/2020:05:37:52 -0700] "GET /2019/indiewebcamp-amsterdam-after-event-notes-interdependent-thoughts?_t=rss HTTP/1.1" 200 5251 "-" "Mozilla/5.0 (compatible; MJ12bot/v1.4.8; http://mj12bot.com/)" 
173.212.242.224 - - [22/Jun/2020:05:37:59 -0700] "GET /2019/interdependent-thoughts-1?_t=rss HTTP/1.1" 200 5093 "-" "Mozilla/5.0 (compatible; MJ12bot/v1.4.8; http://mj12bot.com/)" 
173.212.242.224 - - [22/Jun/2020:05:38:11 -0700] "GET /2019/interdependent-thoughts-2?_t=rss HTTP/1.1" 200 5095 "-" "Mozilla/5.0 (compatible; MJ12bot/v1.4.8; http://mj12bot.com/)" 
54.36.148.173 - - [22/Jun/2020:05:38:19 -0700] "GET /?q=%23+%23sourdough HTTP/1.1" 200 12059 "-" "Mozilla/5.0 (compatible; AhrefsBot/6.1; +http://ahrefs.com/robot/)" 
173.212.242.224 - - [22/Jun/2020:05:38:21 -0700] "GET /2019/ive-always-fond-rss-indispensable-as-for HTTP/1.1" 200 9488 "-" "Mozilla/5.0 (compatible; MJ12bot/v1.4.8; http://mj12bot.com/)" 
173.212.242.224 - - [22/Jun/2020:05:38:30 -0700] "GET /2019/ive-been-doing-this-too-since-you?_t=rss HTTP/1.1" 200 5161 "-" "Mozilla/5.0 (compatible; MJ12bot/v1.4.8; http://mj12bot.com/)" 
96.126.125.129 - - [22/Jun/2020:05:38:38 -0700] "GET /content/statusupdates/posts/photos/checkins/bookmarkedpages?_t=rss HTTP/1.1" 200 7427 "-" "Micro.blog/1.0" 
46.229.168.153 - - [22/Jun/2020:05:38:39 -0700] "GET /content/statusupdates/?offset=0&q=%23withknown HTTP/1.1" 200 11275 "-" "Mozilla/5.0 (compatible; SemrushBot/6~bl; +http://www.semrush.com/bot.html)" 
173.212.242.224 - - [22/Jun/2020:05:38:44 -0700] "GET /2019/jkphl-likewise-and-although-i-wont-be?_t=rss HTTP/1.1" 200 5159 "-" "Mozilla/5.0 (compatible; MJ12bot/v1.4.8; http://mj12bot.com/)" 
173.212.242.224 - - [22/Jun/2020:05:39:00 -0700] "GET /2019/julia-reda-on-twitter-dark-day-for-internet-freedom-the?_t=rss HTTP/1.1" 200 5442 "-" "Mozilla/5.0 (compatible; MJ12bot/v1.4.8; http://mj12bot.com/)" 
173.212.242.224 - - [22/Jun/2020:05:39:08 -0700] "GET /2019/just-been-through-the-annual-ritual-of?_t=rss HTTP/1.1" 200 5148 "-" "Mozilla/5.0 (compatible; MJ12bot/v1.4.8; http://mj12bot.com/)" 
173.212.242.224 - - [22/Jun/2020:05:39:19 -0700] "GET /2019/just-published-the-latest-eat-this-newsletter?_t=rss HTTP/1.1" 200 5155 "-" "Mozilla/5.0 (compatible; MJ12bot/v1.4.8; http://mj12bot.com/)" 
46.229.168.140 - - [22/Jun/2020:05:39:31 -0700] "GET /content/rsvp/?q=%23%2B%23Hearsay19 HTTP/1.1" 200 8324 "-" "Mozilla/5.0 (compatible; SemrushBot/6~bl; +http://www.semrush.com/bot.html)" 
173.212.242.224 - - [22/Jun/2020:05:39:40 -0700] "GET /2019/just-published-the-latest-issue-of-eat?_t=rss HTTP/1.1" 200 5283 "-" "Mozilla/5.0 (compatible; MJ12bot/v1.4.8; http://mj12bot.com/)" 
173.212.242.224 - - [22/Jun/2020:05:39:51 -0700] "GET /2019/just-sent-an-email-to-the-lucky-winner-of-50?_t=rss HTTP/1.1" 200 5496 "-" "Mozilla/5.0 (compatible; MJ12bot/v1.4.8; http://mj12bot.com/)" 
173.212.242.224 - - [22/Jun/2020:05:40:11 -0700] "GET /2019/just-wondering-why-adactios-sparklines-contasin-only HTTP/1.1" 200 9451 "-" "Mozilla/5.0 (compatible; MJ12bot/v1.4.8; http://mj12bot.com/)" 
46.229.168.153 - - [22/Jun/2020:05:40:14 -0700] "GET /content/photos?offset=250 HTTP/1.1" 200 10866 "-" "Mozilla/5.0 (compatible; SemrushBot/6~bl; +http://www.semrush.com/bot.html)" 
173.212.242.224 - - [22/Jun/2020:05:40:25 -0700] "GET /2019/kevinmarks-very-much-this?_t=rss HTTP/1.1" 200 5045 "-" "Mozilla/5.0 (compatible; MJ12bot/v1.4.8; http://mj12bot.com/)" 
173.212.242.224 - - [22/Jun/2020:05:40:34 -0700] "GET /2019/language-log-swot-swat?_t=rss HTTP/1.1" 200 5273 "-" "Mozilla/5.0 (compatible; MJ12bot/v1.4.8; http://mj12bot.com/)" 
46.229.168.137 - - [22/Jun/2020:05:40:44 -0700] "GET /2017/hey-grassbased-checking-old-links-found-your-site-either-hacked HTTP/1.1" 200 10545 "-" "Mozilla/5.0 (compatible; SemrushBot/6~bl; +http://www.semrush.com/bot.html)" 
173.212.242.224 - - [22/Jun/2020:05:40:50 -0700] "GET /2019/latest-episode-of-eat-this-podcast-talks-about-eating-alone HTTP/1.1" 200 13961 "-" "Mozilla/5.0 (compatible; MJ12bot/v1.4.8; http://mj12bot.com/)" 
66.249.92.45 - - [22/Jun/2020:05:40:53 -0700] "GET /2018/whats-the-problem HTTP/1.1" 200 11198 "-" "Mozilla/5.0 (compatible; GoogleDocs; apps-spreadsheets; +http://docs.google.com)" 
173.212.242.224 - - [22/Jun/2020:05:41:00 -0700] "GET /2019/latest-episode-travels-to-louisville-colorado-to-meet-andy-clark?_t=rss HTTP/1.1" 200 5537 "-" "Mozilla/5.0 (compatible; MJ12bot/v1.4.8; http://mj12bot.com/)" 
173.212.242.224 - - [22/Jun/2020:05:41:20 -0700] "GET /2019/lindanewbery-the-single-best-reason-to-eat?_t=rss HTTP/1.1" 200 5271 "-" "Mozilla/5.0 (compatible; MJ12bot/v1.4.8; http://mj12bot.com/)" 
46.229.168.130 - - [22/Jun/2020:05:41:23 -0700] "GET /content/photos/?offset=43&q=%23sourdough HTTP/1.1" 200 11436 "-" "Mozilla/5.0 (compatible; SemrushBot/6~bl; +http://www.semrush.com/bot.html)" 
54.36.149.3 - - [22/Jun/2020:05:41:42 -0700] "GET /2017/you-mention-soundcloud-which-a-lot-of-people-including-podcasters HTTP/1.1" 200 11585 "-" "Mozilla/5.0 (compatible; AhrefsBot/6.1; +http://ahrefs.com/robot/)" 
46.229.168.137 - - [22/Jun/2020:05:41:45 -0700] "GET /2018/the-infallible-standby-multigrain-seedy-wholewheatsourdough HTTP/1.1" 200 10954 "-" "Mozilla/5.0 (compatible; SemrushBot/6~bl; +http://www.semrush.com/bot.html)" 
173.212.242.224 - - [22/Jun/2020:05:41:46 -0700] "GET /2019/mexican-x-plainer-balls-nuts-avocados?_t=rss HTTP/1.1" 200 5481 "-" "Mozilla/5.0 (compatible; MJ12bot/v1.4.8; http://mj12bot.com/)" 
173.212.242.224 - - [22/Jun/2020:05:41:59 -0700] "GET /2019/munchkin-on-the-bus?_t=rss HTTP/1.1" 200 5302 "-" "Mozilla/5.0 (compatible; MJ12bot/v1.4.8; http://mj12bot.com/)" 
173.212.242.224 - - [22/Jun/2020:05:42:18 -0700] "GET /2019/my-changing-world-an-elegy-for-the-window-fan?_t=rss HTTP/1.1" 200 5295 "-" "Mozilla/5.0 (compatible; MJ12bot/v1.4.8; http://mj12bot.com/)" 
46.229.168.134 - - [22/Jun/2020:05:42:26 -0700] "GET /?q=%23%23testtag HTTP/1.1" 200 9294 "-" "Mozilla/5.0 (compatible; SemrushBot/6~bl; +http://www.semrush.com/bot.html)" 
173.212.242.224 - - [22/Jun/2020:05:42:46 -0700] "GET /2019/not-to-deny-your-personal-experience-but?_t=rss HTTP/1.1" 200 5218 "-" "Mozilla/5.0 (compatible; MJ12bot/v1.4.8; http://mj12bot.com/)" 
96.126.125.129 - - [22/Jun/2020:05:42:47 -0700] "GET /content/statusupdates/posts/photos/checkins/bookmarkedpages?_t=rss HTTP/1.1" 200 7427 "-" "Micro.blog/1.0" 
173.212.242.224 - - [22/Jun/2020:05:42:58 -0700] "GET /2019/phones-as-hotel-room-key-revisited-interdependent-thoughts?_t=rss HTTP/1.1" 200 5109 "-" "Mozilla/5.0 (compatible; MJ12bot/v1.4.8; http://mj12bot.com/)" 
46.229.168.152 - - [22/Jun/2020:05:43:02 -0700] "GET /2019/at-last-i-think-i-may-have HTTP/1.1" 200 9361 "-" "Mozilla/5.0 (compatible; SemrushBot/6~bl; +http://www.semrush.com/bot.html)" 
173.212.242.224 - - [22/Jun/2020:05:43:07 -0700] "GET /2019/quite-by-coincidence-im-sure-i-just HTTP/1.1" 200 10375 "-" "Mozilla/5.0 (compatible; MJ12bot/v1.4.8; http://mj12bot.com/)" 
173.212.242.224 - - [22/Jun/2020:05:43:29 -0700] "GET /2019/quotallegedlyquot-puhleeze?_t=rss HTTP/1.1" 200 5088 "-" "Mozilla/5.0 (compatible; MJ12bot/v1.4.8; http://mj12bot.com/)" 
64.111.100.215 - - [22/Jun/2020:05:43:54 -0700] "GET /content/all?_t=rss HTTP/1.1" 200 13896 "-" "Mozilla/5.0 (X11; U; Linux i686; fr; rv:1.9.1.1) Gecko/20090715 Firefox/3.5.1" 
173.212.242.224 - - [22/Jun/2020:05:44:04 -0700] "GET /2019/quotmeat-traders-came-out-in-support-of?_t=rss HTTP/1.1" 200 5165 "-" "Mozilla/5.0 (compatible; MJ12bot/v1.4.8; http://mj12bot.com/)" 
173.212.242.224 - - [22/Jun/2020:05:44:20 -0700] "GET /2019/really-real?_t=rss HTTP/1.1" 200 5280 "-" "Mozilla/5.0 (compatible; MJ12bot/v1.4.8; http://mj12bot.com/)" 
173.212.242.224 - - [22/Jun/2020:05:44:35 -0700] "GET /2019/reliving-the-fun-flavours-and-camaraderie-of-as-i-finish?_t=rss HTTP/1.1" 200 5487 "-" "Mozilla/5.0 (compatible; MJ12bot/v1.4.8; http://mj12bot.com/)" 
173.212.242.224 - - [22/Jun/2020:05:44:46 -0700] "GET /2019/removing-google-analytics-phil-gyfords-website?_t=rss HTTP/1.1" 200 5087 "-" "Mozilla/5.0 (compatible; MJ12bot/v1.4.8; http://mj12bot.com/)" 
173.212.242.224 - - [22/Jun/2020:05:45:01 -0700] "GET /2019/salsa-in-central-park?_t=rss HTTP/1.1" 200 5533 "-" "Mozilla/5.0 (compatible; MJ12bot/v1.4.8; http://mj12bot.com/)" 
54.36.148.81 - - [22/Jun/2020:05:45:01 -0700] "GET /content/photos/?q=%23+%23sourdough HTTP/1.1" 200 12080 "-" "Mozilla/5.0 (compatible; AhrefsBot/6.1; +http://ahrefs.com/robot/)" 
173.212.242.224 - - [22/Jun/2020:05:45:27 -0700] "GET /2019/sandroantonello-racheleats-alas-the-guardian-article-doesnt?_t=rss HTTP/1.1" 200 5316 "-" "Mozilla/5.0 (compatible; MJ12bot/v1.4.8; http://mj12bot.com/)" 
173.212.242.224 - - [22/Jun/2020:05:45:49 -0700] "GET /2019/something-like-a-scent-ridgeline-issue-009?_t=rss HTTP/1.1" 200 5390 "-" "Mozilla/5.0 (compatible; MJ12bot/v1.4.8; http://mj12bot.com/)" 
173.212.242.224 - - [22/Jun/2020:05:46:12 -0700] "GET /2019/still-light-under-a-full-moon?_t=rss HTTP/1.1" 200 5326 "-" "Mozilla/5.0 (compatible; MJ12bot/v1.4.8; http://mj12bot.com/)" 
173.212.242.224 - - [22/Jun/2020:05:46:35 -0700] "GET /2019/structured-procrastination?_t=rss HTTP/1.1" 200 5119 "-" "Mozilla/5.0 (compatible; MJ12bot/v1.4.8; http://mj12bot.com/)" 
45.79.26.51 - - [22/Jun/2020:05:46:39 -0700] "GET /content/statusupdates/posts/photos/checkins/bookmarkedpages?_t=rss HTTP/1.1" 200 7422 "-" "Micro.blog/1.0" 
173.212.242.224 - - [22/Jun/2020:05:46:49 -0700] "GET /2019/textedit-goes-out-of-its-way-to-destroy-data?_t=rss HTTP/1.1" 200 5359 "-" "Mozilla/5.0 (compatible; MJ12bot/v1.4.8; http://mj12bot.com/)" 
46.229.168.148 - - [22/Jun/2020:05:47:01 -0700] "GET /content/all/?offset=16&q=%23%2B%23%23bread HTTP/1.1" 200 11840 "-" "Mozilla/5.0 (compatible; SemrushBot/6~bl; +http://www.semrush.com/bot.html)" 
173.212.242.224 - - [22/Jun/2020:05:47:05 -0700] "GET /2019/thanks-thats-a-very-small-part-of?_t=rss HTTP/1.1" 200 5359 "-" "Mozilla/5.0 (compatible; MJ12bot/v1.4.8; http://mj12bot.com/)" 
173.212.242.224 - - [22/Jun/2020:05:47:50 -0700] "GET /2019/the-economist?_t=rss HTTP/1.1" 200 5113 "-" "Mozilla/5.0 (compatible; MJ12bot/v1.4.8; http://mj12bot.com/)" 
173.212.242.224 - - [22/Jun/2020:05:47:57 -0700] "GET /2019/the-grassroots-growth-of-mechanical-keyboard-culture?_t=rss HTTP/1.1" 200 5251 "-" "Mozilla/5.0 (compatible; MJ12bot/v1.4.8; http://mj12bot.com/)" 
173.212.242.224 - - [22/Jun/2020:05:48:04 -0700] "GET /2019/the-rebirth-of-long-dormant-blogs-is?_t=rss HTTP/1.1" 200 5146 "-" "Mozilla/5.0 (compatible; MJ12bot/v1.4.8; http://mj12bot.com/)" 
173.212.242.224 - - [22/Jun/2020:05:48:17 -0700] "GET /2019/the-stranding-of-the-mv-shokalskiy-idle-words?_t=rss HTTP/1.1" 200 5162 "-" "Mozilla/5.0 (compatible; MJ12bot/v1.4.8; http://mj12bot.com/)" 
46.229.168.137 - - [22/Jun/2020:05:48:28 -0700] "GET /content/all/?offset=86&q=%23%2B%23indieweb HTTP/1.1" 200 15547 "-" "Mozilla/5.0 (compatible; SemrushBot/6~bl; +http://www.semrush.com/bot.html)" 
173.212.242.224 - - [22/Jun/2020:05:48:33 -0700] "GET /2019/the-sweet-life?_t=rss HTTP/1.1" 200 5288 "-" "Mozilla/5.0 (compatible; MJ12bot/v1.4.8; http://mj12bot.com/)" 
46.229.168.142 - - [22/Jun/2020:05:48:41 -0700] "GET /tag/known?offset=20 HTTP/1.1" 200 15304 "-" "Mozilla/5.0 (compatible; SemrushBot/6~bl; +http://www.semrush.com/bot.html)" 
173.212.242.224 - - [22/Jun/2020:05:48:46 -0700] "GET /2019/the-tragedy-of-brexit-not-enough-pringles?_t=rss HTTP/1.1" 200 5098 "-" "Mozilla/5.0 (compatible; MJ12bot/v1.4.8; http://mj12bot.com/)" 
46.229.168.146 - - [22/Jun/2020:05:48:58 -0700] "GET /content/all/?offset=14&q=%23%2B%23WithKnown HTTP/1.1" 200 12104 "-" "Mozilla/5.0 (compatible; SemrushBot/6~bl; +http://www.semrush.com/bot.html)" 
173.212.242.224 - - [22/Jun/2020:05:49:02 -0700] "GET /2019/the-workforce-achieved-its-deliverables?_t=rss HTTP/1.1" 200 5340 "-" "Mozilla/5.0 (compatible; MJ12bot/v1.4.8; http://mj12bot.com/)" 
173.212.242.224 - - [22/Jun/2020:05:49:15 -0700] "GET /2019/the-workforce-is-good-and-ready-and-raring-to-go?_t=rss HTTP/1.1" 200 5411 "-" "Mozilla/5.0 (compatible; MJ12bot/v1.4.8; http://mj12bot.com/)" 
173.212.242.224 - - [22/Jun/2020:05:49:29 -0700] "GET /2019/theres-a-hole-in-the-sky?_t=rss HTTP/1.1" 200 5333 "-" "Mozilla/5.0 (compatible; MJ12bot/v1.4.8; http://mj12bot.com/)" 
173.212.242.224 - - [22/Jun/2020:05:49:42 -0700] "GET /2019/thinking-about-the-land-a-personal-perspective-on-the-origin?_t=rss HTTP/1.1" 200 5436 "-" "Mozilla/5.0 (compatible; MJ12bot/v1.4.8; http://mj12bot.com/)" 
173.212.242.224 - - [22/Jun/2020:05:49:52 -0700] "GET /2019/this-mornings-workout-46-kg-of-seedy-dough-hand-for?_t=rss HTTP/1.1" 200 5401 "-" "Mozilla/5.0 (compatible; MJ12bot/v1.4.8; http://mj12bot.com/)" 
173.212.242.224 - - [22/Jun/2020:05:50:15 -0700] "GET /2019/this-paeony-has-never-once-flowered-in-more-than-ten?_t=rss HTTP/1.1" 200 5428 "-" "Mozilla/5.0 (compatible; MJ12bot/v1.4.8; http://mj12bot.com/)" 
173.212.242.224 - - [22/Jun/2020:05:50:24 -0700] "GET /2019/this-post-opened-a-whole-can-of HTTP/1.1" 200 10126 "-" "Mozilla/5.0 (compatible; MJ12bot/v1.4.8; http://mj12bot.com/)" 
45.79.26.51 - - [22/Jun/2020:05:50:25 -0700] "GET /content/statusupdates/posts/photos/checkins/bookmarkedpages?_t=rss HTTP/1.1" 200 7422 "-" "Micro.blog/1.0" 
40.77.167.148 - - [22/Jun/2020:05:50:42 -0700] "GET /file/545e7775f7dd3e19d3d76500f7bc8fd5 HTTP/1.1" 200 154251 "-" "Mozilla/5.0 (compatible; bingbot/2.0; +http://www.bing.com/bingbot.htm)" 
173.212.242.224 - - [22/Jun/2020:05:50:42 -0700] "GET /2019/three-successive-days-of-sunshine-and-the-crocuses-are-out?_t=rss HTTP/1.1" 200 5418 "-" "Mozilla/5.0 (compatible; MJ12bot/v1.4.8; http://mj12bot.com/)" 
173.212.242.224 - - [22/Jun/2020:05:50:58 -0700] "GET /2019/tim-harford-should-we-take-a-few-long-holidays-or?_t=rss HTTP/1.1" 200 5335 "-" "Mozilla/5.0 (compatible; MJ12bot/v1.4.8; http://mj12bot.com/)" 
173.212.242.224 - - [22/Jun/2020:05:51:12 -0700] "GET /2019/today-i-will-mostly-be-making-hot-cross-buns-leavened?_t=rss HTTP/1.1" 200 5448 "-" "Mozilla/5.0 (compatible; MJ12bot/v1.4.8; http://mj12bot.com/)" 
46.229.168.145 - - [22/Jun/2020:05:51:30 -0700] "GET /content/rsvp/?q=%23Washington HTTP/1.1" 200 8308 "-" "Mozilla/5.0 (compatible; SemrushBot/6~bl; +http://www.semrush.com/bot.html)" 
173.212.242.224 - - [22/Jun/2020:05:51:36 -0700] "GET /2019/tons-post-about-his-first-edit-of HTTP/1.1" 200 9431 "-" "Mozilla/5.0 (compatible; MJ12bot/v1.4.8; http://mj12bot.com/)" 
46.229.168.153 - - [22/Jun/2020:05:51:39 -0700] "GET /content/photos/?q=%23matin HTTP/1.1" 200 9055 "-" "Mozilla/5.0 (compatible; SemrushBot/6~bl; +http://www.semrush.com/bot.html)" 
173.212.242.224 - - [22/Jun/2020:05:51:43 -0700] "GET /2019/uh-oh-asking-people-to-stop-eating-meat?_t=rss HTTP/1.1" 200 5267 "-" "Mozilla/5.0 (compatible; MJ12bot/v1.4.8; http://mj12bot.com/)" 
173.212.242.224 - - [22/Jun/2020:05:51:56 -0700] "GET /2019/unlikely-and-impressive?_t=rss HTTP/1.1" 200 5354 "-" "Mozilla/5.0 (compatible; MJ12bot/v1.4.8; http://mj12bot.com/)" 
46.229.168.149 - - [22/Jun/2020:05:52:01 -0700] "GET /2018/twofer-adactios-ways-and-means-and-tim-brays-reviewing-ethics/annotations/8486075a9a4ad7cd3af097b4266184f6 HTTP/1.1" 200 9139 "-" "Mozilla/5.0 (compatible; SemrushBot/6~bl; +http://www.semrush.com/bot.html)" 
46.229.168.162 - - [22/Jun/2020:05:52:05 -0700] "GET /session/login?fwd=L2FjY291bnQvc2V0dGluZ3MvdG9vbHMv HTTP/1.1" 200 8087 "-" "Mozilla/5.0 (compatible; SemrushBot/6~bl; +http://www.semrush.com/bot.html)" 
173.212.242.224 - - [22/Jun/2020:05:52:08 -0700] "GET /2019/untitled-26?_t=rss HTTP/1.1" 200 5277 "-" "Mozilla/5.0 (compatible; MJ12bot/v1.4.8; http://mj12bot.com/)" 
46.229.168.148 - - [22/Jun/2020:05:52:11 -0700] "GET /content/statusupdates/?q=%23cooking HTTP/1.1" 200 9046 "-" "Mozilla/5.0 (compatible; SemrushBot/6~bl; +http://www.semrush.com/bot.html)" 
173.212.242.224 - - [22/Jun/2020:05:52:22 -0700] "GET /2019/untitled-mrkapowski?_t=rss HTTP/1.1" 200 5102 "-" "Mozilla/5.0 (compatible; MJ12bot/v1.4.8; http://mj12bot.com/)" 
173.212.242.224 - - [22/Jun/2020:05:52:30 -0700] "GET /2019/uses-this-paul-ford?_t=rss HTTP/1.1" 200 5100 "-" "Mozilla/5.0 (compatible; MJ12bot/v1.4.8; http://mj12bot.com/)" 
173.212.242.224 - - [22/Jun/2020:05:52:55 -0700] "GET /2019/waiting-to-hear-lawrence-lessing-talk-about HTTP/1.1" 200 9252 "-" "Mozilla/5.0 (compatible; MJ12bot/v1.4.8; http://mj12bot.com/)" 
66.249.92.49 - - [22/Jun/2020:05:53:02 -0700] "GET /2018/whats-the-problem HTTP/1.1" 200 11204 "-" "Mozilla/5.0 (compatible; GoogleDocs; apps-spreadsheets; +http://docs.google.com)" 
173.212.242.224 - - [22/Jun/2020:05:53:06 -0700] "GET /2019/walk-vs-hike-ridgeline-issue-030?_t=rss HTTP/1.1" 200 5312 "-" "Mozilla/5.0 (compatible; MJ12bot/v1.4.8; http://mj12bot.com/)" 
173.212.242.224 - - [22/Jun/2020:05:53:17 -0700] "GET /2019/weeknotes-30---get-me-a-red-nat-buckley?_t=rss HTTP/1.1" 200 5343 "-" "Mozilla/5.0 (compatible; MJ12bot/v1.4.8; http://mj12bot.com/)" 
173.212.242.224 - - [22/Jun/2020:05:53:33 -0700] "GET /2019/well-just-fancy-that?_t=rss HTTP/1.1" 200 5289 "-" "Mozilla/5.0 (compatible; MJ12bot/v1.4.8; http://mj12bot.com/)" 
45.79.26.51 - - [22/Jun/2020:05:53:35 -0700] "GET /content/statusupdates/posts/photos/checkins/bookmarkedpages?_t=rss HTTP/1.1" 200 7422 "-" "Micro.blog/1.0" 
173.212.242.224 - - [22/Jun/2020:05:53:44 -0700] "GET /2019/when-google-translate-lets-you-down-because?_t=rss HTTP/1.1" 200 5269 "-" "Mozilla/5.0 (compatible; MJ12bot/v1.4.8; http://mj12bot.com/)" 
173.212.242.224 - - [22/Jun/2020:05:53:57 -0700] "GET /2019/when-it-comes-to-mushrooms-always-best?_t=rss HTTP/1.1" 200 5114 "-" "Mozilla/5.0 (compatible; MJ12bot/v1.4.8; http://mj12bot.com/)" 
173.212.242.224 - - [22/Jun/2020:05:54:08 -0700] "GET /2019/why-hunger-amidst-plenty-mdash-the-food-archive?_t=rss HTTP/1.1" 200 5169 "-" "Mozilla/5.0 (compatible; MJ12bot/v1.4.8; http://mj12bot.com/)" 
173.212.242.224 - - [22/Jun/2020:05:54:28 -0700] "GET /2019/wish-i-could-decide-which-of-these-covers-to-use-for-tomorrows-episode-1?_t=rss HTTP/1.1" 200 5391 "-" "Mozilla/5.0 (compatible; MJ12bot/v1.4.8; http://mj12bot.com/)" 
46.229.168.148 - - [22/Jun/2020:05:54:33 -0700] "GET /2018/people-of-europes-timezonesthere-will-be-a HTTP/1.1" 200 9402 "-" "Mozilla/5.0 (compatible; SemrushBot/6~bl; +http://www.semrush.com/bot.html)" 
173.212.242.224 - - [22/Jun/2020:05:54:43 -0700] "GET /2019/wish-i-could-decide-which-of-these-covers-to-use?_t=rss HTTP/1.1" 200 5360 "-" "Mozilla/5.0 (compatible; MJ12bot/v1.4.8; http://mj12bot.com/)" 
173.212.242.224 - - [22/Jun/2020:05:54:53 -0700] "GET /?offset=100&_t=rss HTTP/1.1" 200 7533 "-" "Mozilla/5.0 (compatible; MJ12bot/v1.4.8; http://mj12bot.com/)" 
173.212.242.224 - - [22/Jun/2020:05:55:06 -0700] "GET /?offset=120&_t=rss HTTP/1.1" 200 7811 "-" "Mozilla/5.0 (compatible; MJ12bot/v1.4.8; http://mj12bot.com/)" 
173.212.242.224 - - [22/Jun/2020:05:55:22 -0700] "GET /?offset=150&_t=rss HTTP/1.1" 200 7295 "-" "Mozilla/5.0 (compatible; MJ12bot/v1.4.8; http://mj12bot.com/)" 
173.212.242.224 - - [22/Jun/2020:05:55:28 -0700] "GET /?q=%23%20%23%23indieweb&offset=110&_t=rss HTTP/1.1" 200 8133 "-" "Mozilla/5.0 (compatible; MJ12bot/v1.4.8; http://mj12bot.com/)" 
173.212.242.224 - - [22/Jun/2020:05:55:40 -0700] "GET /?q=%23%20%23%23indieweb&offset=20&_t=rss HTTP/1.1" 200 7173 "-" "Mozilla/5.0 (compatible; MJ12bot/v1.4.8; http://mj12bot.com/)" 
54.36.148.201 - - [22/Jun/2020:05:55:40 -0700] "GET /tag/known HTTP/1.1" 200 16414 "-" "Mozilla/5.0 (compatible; AhrefsBot/6.1; +http://ahrefs.com/robot/)" 
173.212.242.224 - - [22/Jun/2020:05:55:55 -0700] "GET /?q=%23%20%23%23indieweb&offset=40&_t=rss HTTP/1.1" 200 7604 "-" "Mozilla/5.0 (compatible; MJ12bot/v1.4.8; http://mj12bot.com/)" 
173.212.242.224 - - [22/Jun/2020:05:56:04 -0700] "GET /?q=%23%20%23%23indieweb&offset=60&_t=rss HTTP/1.1" 200 8057 "-" "Mozilla/5.0 (compatible; MJ12bot/v1.4.8; http://mj12bot.com/)" 
46.229.168.153 - - [22/Jun/2020:05:56:10 -0700] "GET /content/statusupdates/?q=%23IndieWeb HTTP/1.1" 200 11799 "-" "Mozilla/5.0 (compatible; SemrushBot/6~bl; +http://www.semrush.com/bot.html)" 
173.212.242.224 - - [22/Jun/2020:05:56:12 -0700] "GET /?q=%23%20%23%23indieweb&offset=90&_t=rss HTTP/1.1" 200 11562 "-" "Mozilla/5.0 (compatible; MJ12bot/v1.4.8; http://mj12bot.com/)" 
173.212.242.224 - - [22/Jun/2020:05:56:27 -0700] "GET /?q=%23%20%23IndieWeb&offset=20&_t=rss HTTP/1.1" 200 7168 "-" "Mozilla/5.0 (compatible; MJ12bot/v1.4.8; http://mj12bot.com/)" 
173.212.242.224 - - [22/Jun/2020:05:56:40 -0700] "GET /?q=%23%20%23IndieWeb&offset=40&_t=rss HTTP/1.1" 200 7601 "-" "Mozilla/5.0 (compatible; MJ12bot/v1.4.8; http://mj12bot.com/)" 
173.212.242.224 - - [22/Jun/2020:05:56:52 -0700] "GET /?q=%23%20%23WithKnown&offset=27&_t=rss HTTP/1.1" 200 9124 "-" "Mozilla/5.0 (compatible; MJ12bot/v1.4.8; http://mj12bot.com/)" 
173.212.242.224 - - [22/Jun/2020:05:56:58 -0700] "GET /?q=%23%20%23WithKnown&offset=30&_t=rss HTTP/1.1" 200 9512 "-" "Mozilla/5.0 (compatible; MJ12bot/v1.4.8; http://mj12bot.com/)" 
173.212.242.224 - - [22/Jun/2020:05:57:08 -0700] "GET /?q=%23%20%23WithKnown&offset=37&_t=rss HTTP/1.1" 200 7624 "-" "Mozilla/5.0 (compatible; MJ12bot/v1.4.8; http://mj12bot.com/)" 
173.212.242.224 - - [22/Jun/2020:05:57:19 -0700] "GET /?q=%23%20%23WithKnown&offset=40&_t=rss HTTP/1.1" 200 7331 "-" "Mozilla/5.0 (compatible; MJ12bot/v1.4.8; http://mj12bot.com/)" 
173.212.242.224 - - [22/Jun/2020:05:57:31 -0700] "GET /?q=%23%20%23WithKnown&offset=45&_t=rss HTTP/1.1" 200 7869 "-" "Mozilla/5.0 (compatible; MJ12bot/v1.4.8; http://mj12bot.com/)" 
45.79.26.51 - - [22/Jun/2020:05:57:32 -0700] "GET /content/statusupdates/posts/photos/checkins/bookmarkedpages?_t=rss HTTP/1.1" 200 7422 "-" "Micro.blog/1.0" 
46.229.168.146 - - [22/Jun/2020:05:57:34 -0700] "GET /content/bookmarkedpages/?offset=20&q=%23indieweb HTTP/1.1" 200 11822 "-" "Mozilla/5.0 (compatible; SemrushBot/6~bl; +http://www.semrush.com/bot.html)" 
54.36.148.201 - - [22/Jun/2020:05:57:35 -0700] "GET /2018/working-on-a-new-bread-with-kalonji-straight-out-of HTTP/1.1" 200 17497 "-" "Mozilla/5.0 (compatible; AhrefsBot/6.1; +http://ahrefs.com/robot/)" 
173.212.242.224 - - [22/Jun/2020:05:57:44 -0700] "GET /?q=%23%20%23WithKnown&offset=7&_t=rss HTTP/1.1" 200 6941 "-" "Mozilla/5.0 (compatible; MJ12bot/v1.4.8; http://mj12bot.com/)" 
173.212.242.224 - - [22/Jun/2020:05:57:58 -0700] "GET /?q=%23%20%23e&_t=rss HTTP/1.1" 200 4765 "-" "Mozilla/5.0 (compatible; MJ12bot/v1.4.8; http://mj12bot.com/)" 
46.229.168.147 - - [22/Jun/2020:05:58:02 -0700] "GET /?offset=114&q=%23IndieWeb HTTP/1.1" 200 12143 "-" "Mozilla/5.0 (compatible; SemrushBot/6~bl; +http://www.semrush.com/bot.html)" 
173.212.242.224 - - [22/Jun/2020:05:58:10 -0700] "GET /?q=%23%20%23hearsay19&_t=rss HTTP/1.1" 200 4780 "-" "Mozilla/5.0 (compatible; MJ12bot/v1.4.8; http://mj12bot.com/)" 
173.212.242.224 - - [22/Jun/2020:05:58:23 -0700] "GET /?q=%23%20%23indieweb&offset=46 HTTP/1.1" 200 11787 "-" "Mozilla/5.0 (compatible; MJ12bot/v1.4.8; http://mj12bot.com/)" 
173.212.242.224 - - [22/Jun/2020:05:58:36 -0700] "GET /?q=%23%20%23indieweb&offset=49 HTTP/1.1" 200 12232 "-" "Mozilla/5.0 (compatible; MJ12bot/v1.4.8; http://mj12bot.com/)" 
64.111.100.215 - - [22/Jun/2020:05:59:22 -0700] "GET /content/all?_t=rss HTTP/1.1" 200 13896 "-" "Mozilla/5.0 (X11; U; Linux i686; fr; rv:1.9.1.1) Gecko/20090715 Firefox/3.5.1" 
46.229.168.130 - - [22/Jun/2020:06:00:40 -0700] "GET /2019/day-1-of-indieweb-challenge-2019-12-indieweb-challenge-fixed HTTP/1.1" 200 10160 "-" "Mozilla/5.0 (compatible; SemrushBot/6~bl; +http://www.semrush.com/bot.html)" 
46.229.168.135 - - [22/Jun/2020:06:00:42 -0700] "GET /content/statusupdates/?offset=4&q=%23%2B%23%23indieweb HTTP/1.1" 200 11434 "-" "Mozilla/5.0 (compatible; SemrushBot/6~bl; +http://www.semrush.com/bot.html)" 
46.229.168.140 - - [22/Jun/2020:06:00:53 -0700] "GET /content/all/?offset=31&q=%23bread HTTP/1.1" 200 12555 "-" "Mozilla/5.0 (compatible; SemrushBot/6~bl; +http://www.semrush.com/bot.html)" 
54.36.148.81 - - [22/Jun/2020:06:01:04 -0700] "GET /2020/2020-05-09 HTTP/1.1" 200 9612 "-" "Mozilla/5.0 (compatible; AhrefsBot/6.1; +http://ahrefs.com/robot/)" 
46.229.168.163 - - [22/Jun/2020:06:01:25 -0700] "GET /content/all/?offset=114&q=%23IndieWeb HTTP/1.1" 200 12167 "-" "Mozilla/5.0 (compatible; SemrushBot/6~bl; +http://www.semrush.com/bot.html)" 
3.95.229.169 - - [22/Jun/2020:06:01:44 -0700] "GET /?_t=rss HTTP/1.1" 200 7182 "-" "glitch-feeder/1.0 (+https://glitch.com/~lmo-feeder)" 
45.79.26.51 - - [22/Jun/2020:06:02:04 -0700] "GET /content/statusupdates/posts/photos/checkins/bookmarkedpages?_t=rss HTTP/1.1" 200 7422 "-" "Micro.blog/1.0" 
46.229.168.138 - - [22/Jun/2020:06:02:24 -0700] "GET /?offset=42&q=%23Sourdough HTTP/1.1" 200 11456 "-" "Mozilla/5.0 (compatible; SemrushBot/6~bl; +http://www.semrush.com/bot.html)" 
54.36.148.131 - - [22/Jun/2020:06:02:48 -0700] "GET /2020/and-what-you-learned-yesterday-i-learn HTTP/1.1" 200 9375 "-" "Mozilla/5.0 (compatible; AhrefsBot/6.1; +http://ahrefs.com/robot/)" 
46.229.168.149 - - [22/Jun/2020:06:03:02 -0700] "GET /2019/tim-harford-article-how-the-brexit-debate-was-flushed-down HTTP/1.1" 200 9465 "-" "Mozilla/5.0 (compatible; SemrushBot/6~bl; +http://www.semrush.com/bot.html)" 
46.229.168.130 - - [22/Jun/2020:06:03:07 -0700] "GET /?offset=80&q=%23%2B%23IndieWeb HTTP/1.1" 200 13732 "-" "Mozilla/5.0 (compatible; SemrushBot/6~bl; +http://www.semrush.com/bot.html)" 
46.229.168.142 - - [22/Jun/2020:06:03:14 -0700] "GET /content/all/?q=%23%2B%23hearsay19 HTTP/1.1" 200 8309 "-" "Mozilla/5.0 (compatible; SemrushBot/6~bl; +http://www.semrush.com/bot.html)" 
46.229.168.131 - - [22/Jun/2020:06:04:35 -0700] "GET /?q=%23courses HTTP/1.1" 200 10554 "-" "Mozilla/5.0 (compatible; SemrushBot/6~bl; +http://www.semrush.com/bot.html)" 
54.36.148.49 - - [22/Jun/2020:06:04:37 -0700] "GET /2017/post-kinds-plugin-for-wordpress HTTP/1.1" 200 9393 "-" "Mozilla/5.0 (compatible; AhrefsBot/6.1; +http://ahrefs.com/robot/)" 
46.229.168.151 - - [22/Jun/2020:06:05:18 -0700] "GET /content/statusupdates?offset=110 HTTP/1.1" 200 11165 "-" "Mozilla/5.0 (compatible; SemrushBot/6~bl; +http://www.semrush.com/bot.html)" 
45.79.26.51 - - [22/Jun/2020:06:06:37 -0700] "GET /content/statusupdates/posts/photos/checkins/bookmarkedpages?_t=rss HTTP/1.1" 200 7422 "-" "Micro.blog/1.0" 
207.46.13.166 - - [22/Jun/2020:06:06:38 -0700] "GET /file/6c7e763ad2b5e8e78f1c2d3c115d09e8/thumb.jpg HTTP/1.1" 200 104855 "-" "Mozilla/5.0 (compatible; bingbot/2.0; +http://www.bing.com/bingbot.htm)" 
46.229.168.153 - - [22/Jun/2020:06:07:14 -0700] "GET /tag/IndieWeb?offset=95 HTTP/1.1" 200 15233 "-" "Mozilla/5.0 (compatible; SemrushBot/6~bl; +http://www.semrush.com/bot.html)" 
46.229.168.130 - - [22/Jun/2020:06:07:16 -0700] "GET /content/bookmarkedpages/?offset=31&q=%23indieweb HTTP/1.1" 200 8578 "-" "Mozilla/5.0 (compatible; SemrushBot/6~bl; +http://www.semrush.com/bot.html)" 
46.229.168.162 - - [22/Jun/2020:06:07:18 -0700] "GET /content/events/?q=%23%2B%23Http%3A%2F%2Fagro.biodiver.se%2F HTTP/1.1" 200 8346 "-" "Mozilla/5.0 (compatible; SemrushBot/6~bl; +http://www.semrush.com/bot.html)" 
54.221.173.84 - - [22/Jun/2020:06:07:44 -0700] "GET /content/events/?_t=rss HTTP/1.1" 304 3485 "https://www.google.com/" "Mozilla/5.0 (Macintosh; Intel Mac OS X 10_13_6) AppleWebKit/605.1.15 (KHTML, like Gecko) Version/13.0.5 Safari/605.1.15" 
46.229.168.163 - - [22/Jun/2020:06:08:20 -0700] "GET /content/rsvp/?q=%23changingglobaldiets HTTP/1.1" 200 8326 "-" "Mozilla/5.0 (compatible; SemrushBot/6~bl; +http://www.semrush.com/bot.html)" 
46.229.168.141 - - [22/Jun/2020:06:09:06 -0700] "GET /?offset=81&q=%23%2B%23bread HTTP/1.1" 200 11033 "-" "Mozilla/5.0 (compatible; SemrushBot/6~bl; +http://www.semrush.com/bot.html)" 
46.229.168.145 - - [22/Jun/2020:06:09:10 -0700] "GET /content/photos/?offset=53&q=%23bread HTTP/1.1" 200 11694 "-" "Mozilla/5.0 (compatible; SemrushBot/6~bl; +http://www.semrush.com/bot.html)" 
46.229.168.150 - - [22/Jun/2020:06:09:21 -0700] "GET /?offset=137&q=%23indieweb HTTP/1.1" 200 11299 "-" "Mozilla/5.0 (compatible; SemrushBot/6~bl; +http://www.semrush.com/bot.html)" 
46.229.168.140 - - [22/Jun/2020:06:09:40 -0700] "GET /content/all/?offset=22&q=%23bread HTTP/1.1" 200 12374 "-" "Mozilla/5.0 (compatible; SemrushBot/6~bl; +http://www.semrush.com/bot.html)" 
54.36.148.81 - - [22/Jun/2020:06:09:55 -0700] "GET /2019/sebastiaan-has-made-fantastic-progress-towards-indiewebified HTTP/1.1" 200 9423 "-" "Mozilla/5.0 (compatible; AhrefsBot/6.1; +http://ahrefs.com/robot/)" 
159.65.96.54 - - [22/Jun/2020:06:10:10 -0700] "GET /?_t=rss HTTP/1.1" 200 7190 "-" "Feedbin feed-id:1536727 - 1 subscribers" 
46.229.168.143 - - [22/Jun/2020:06:10:17 -0700] "GET /content/photos/?offset=6&q=%23bread HTTP/1.1" 200 12262 "-" "Mozilla/5.0 (compatible; SemrushBot/6~bl; +http://www.semrush.com/bot.html)" 
46.229.168.135 - - [22/Jun/2020:06:11:34 -0700] "GET /content/all/?offset=4&q=%23podcast HTTP/1.1" 200 11978 "-" "Mozilla/5.0 (compatible; SemrushBot/6~bl; +http://www.semrush.com/bot.html)" 
66.249.92.45 - - [22/Jun/2020:06:12:56 -0700] "GET /2018/whats-the-problem HTTP/1.1" 200 11202 "-" "Mozilla/5.0 (compatible; GoogleDocs; apps-spreadsheets; +http://docs.google.com)" 
46.229.168.140 - - [22/Jun/2020:06:13:28 -0700] "GET /content/all?offset=10 HTTP/1.1" 200 11122 "-" "Mozilla/5.0 (compatible; SemrushBot/6~bl; +http://www.semrush.com/bot.html)" 
46.229.168.131 - - [22/Jun/2020:06:13:38 -0700] "GET /tag/indieweb?offset=108 HTTP/1.1" 200 11798 "-" "Mozilla/5.0 (compatible; SemrushBot/6~bl; +http://www.semrush.com/bot.html)" 
40.77.167.148 - - [22/Jun/2020:06:13:50 -0700] "GET /2017/why-the-indieweb HTTP/1.1" 200 12273 "-" "Mozilla/5.0 (compatible; bingbot/2.0; +http://www.bing.com/bingbot.htm)" 
46.229.168.154 - - [22/Jun/2020:06:13:50 -0700] "GET /content/all/?offset=87&q=%23%2B%23%23indieweb HTTP/1.1" 200 15468 "-" "Mozilla/5.0 (compatible; SemrushBot/6~bl; +http://www.semrush.com/bot.html)" 
46.229.168.162 - - [22/Jun/2020:06:14:49 -0700] "GET /?offset=140 HTTP/1.1" 200 11135 "-" "Mozilla/5.0 (compatible; SemrushBot/6~bl; +http://www.semrush.com/bot.html)" 
64.111.100.215 - - [22/Jun/2020:06:14:50 -0700] "GET /content/all?_t=rss HTTP/1.1" 200 13896 "-" "Mozilla/5.0 (X11; U; Linux i686; fr; rv:1.9.1.1) Gecko/20090715 Firefox/3.5.1" 
207.241.229.223 - - [22/Jun/2020:06:15:22 -0700] "GET /robots.txt HTTP/1.0" 200 4079 "-" "Mozilla/5.0 (compatible; special_archiver/3.1.1 +http://www.archive.org/details/archive.org_bot)" 
