46.229.168.163 - - [23/Jun/2020:07:20:31 -0700] "GET /2017/it-is-odd-how-john-prizewinning-postblogwordpress-wild-and-freehe-though-that-he-knew-what-love-wa-gives-too-many HTTP/1.1" 200 10726 "-" "Mozilla/5.0 (compatible; SemrushBot/6~bl; +http://www.semrush.com/bot.html)" 
46.229.168.131 - - [23/Jun/2020:07:20:45 -0700] "GET /2017/after-a-few-blissful-cool-occasionally-wet-days-with-nicolakidsbooks HTTP/1.1" 200 10956 "-" "Mozilla/5.0 (compatible; SemrushBot/6~bl; +http://www.semrush.com/bot.html)" 
207.244.157.10 - - [23/Jun/2020:07:20:59 -0700] "GET /robots.txt HTTP/1.1" 200 4288 "-" "Mozilla/5.0 (compatible; MJ12bot/v1.4.8; http://mj12bot.com/)" 
207.244.157.10 - - [23/Jun/2020:07:21:03 -0700] "GET /content/all/?q=%23WithKnown%26quot&offset=10 HTTP/1.1" 200 11659 "-" "Mozilla/5.0 (compatible; MJ12bot/v1.4.8; http://mj12bot.com/)" 
207.244.157.10 - - [23/Jun/2020:07:21:16 -0700] "GET /content/all/?q=%23WithKnown%26quot&offset=10&_t=rss HTTP/1.1" 200 7757 "-" "Mozilla/5.0 (compatible; MJ12bot/v1.4.8; http://mj12bot.com/)" 
207.244.157.10 - - [23/Jun/2020:07:21:20 -0700] "GET /content/all/?q=%23WithKnown%26quot&offset=15 HTTP/1.1" 200 13295 "-" "Mozilla/5.0 (compatible; MJ12bot/v1.4.8; http://mj12bot.com/)" 
66.249.66.48 - - [23/Jun/2020:07:21:21 -0700] "GET /content/all/?offset=1207&_t=amp HTTP/1.1" 200 11170 "-" "Mozilla/5.0 (Linux; Android 6.0.1; Nexus 5X Build/MMB29P) AppleWebKit/537.36 (KHTML, like Gecko) Chrome/80.0.3987.92 Mobile Safari/537.36 (compatible; Googlebot/2.1; +http://www.google.com/bot.html)" 
46.229.168.142 - - [23/Jun/2020:07:21:43 -0700] "GET /tag/Corfu HTTP/1.1" 200 9010 "-" "Mozilla/5.0 (compatible; SemrushBot/6~bl; +http://www.semrush.com/bot.html)" 
46.229.168.129 - - [23/Jun/2020:07:21:45 -0700] "GET /?offset=34&q=%23indieweb HTTP/1.1" 200 13024 "-" "Mozilla/5.0 (compatible; SemrushBot/6~bl; +http://www.semrush.com/bot.html)" 
46.229.168.149 - - [23/Jun/2020:07:22:02 -0700] "GET /2019/here-we-go-again-with-a-100%25-rye-leaven-for HTTP/1.1" 200 13605 "-" "Mozilla/5.0 (compatible; SemrushBot/6~bl; +http://www.semrush.com/bot.html)" 
207.244.157.10 - - [23/Jun/2020:07:23:09 -0700] "GET /content/all/?q=%23WithKnown%26quot&offset=15&_t=rss HTTP/1.1" 200 9348 "-" "Mozilla/5.0 (compatible; MJ12bot/v1.4.8; http://mj12bot.com/)" 
46.229.168.141 - - [23/Jun/2020:07:23:11 -0700] "GET /content/statusupdates?offset=190 HTTP/1.1" 200 10625 "-" "Mozilla/5.0 (compatible; SemrushBot/6~bl; +http://www.semrush.com/bot.html)" 
207.244.157.10 - - [23/Jun/2020:07:23:30 -0700] "GET /content/all/?q=%23WithKnown%26quot&offset=17 HTTP/1.1" 200 13181 "-" "Mozilla/5.0 (compatible; MJ12bot/v1.4.8; http://mj12bot.com/)" 
66.249.66.48 - - [23/Jun/2020:07:23:34 -0700] "GET /content/all/?offset=1217&_t=rss HTTP/1.1" 200 6798 "-" "Mozilla/5.0 (Linux; Android 6.0.1; Nexus 5X Build/MMB29P) AppleWebKit/537.36 (KHTML, like Gecko) Chrome/80.0.3987.92 Mobile Safari/537.36 (compatible; Googlebot/2.1; +http://www.google.com/bot.html)" 
54.85.249.135 - - [23/Jun/2020:07:23:45 -0700] "GET /content/all?_t=rss HTTP/1.1" 304 3485 "https://www.google.com/" "Mozilla/5.0 (X11; Linux x86_64) AppleWebKit/537.36 (KHTML, like Gecko) Chrome/80.0.3987.149 Safari/537.36" 
207.244.157.10 - - [23/Jun/2020:07:23:50 -0700] "GET /content/all/?q=%23WithKnown%26quot&offset=18 HTTP/1.1" 200 13070 "-" "Mozilla/5.0 (compatible; MJ12bot/v1.4.8; http://mj12bot.com/)" 
17.58.102.79 - - [23/Jun/2020:07:23:52 -0700] "GET /2017/no-getting-away-from-it HTTP/1.1" 200 7658 "-" "Mozilla/5.0 (Macintosh; Intel Mac OS X 10_15_5) AppleWebKit/605.1.15 (KHTML, like Gecko) Version/13.1.1 Safari/605.1.15 (Applebot/0.1; +http://www.apple.com/go/applebot)" 
54.36.148.81 - - [23/Jun/2020:07:24:12 -0700] "GET /tag/bread HTTP/1.1" 200 12171 "-" "Mozilla/5.0 (compatible; AhrefsBot/6.1; +http://ahrefs.com/robot/)" 
176.9.25.107 - - [23/Jun/2020:07:24:28 -0700] "GET /content/all/?q=%23IndieWeb&offset=20 HTTP/1.1" 200 11290 "-" "Mozilla/5.0 (compatible; MJ12bot/v1.4.8; http://mj12bot.com/)" 
46.229.168.146 - - [23/Jun/2020:07:24:40 -0700] "GET /2018/where-will-the-current-state-of-blogging-and-social-media HTTP/1.1" 200 9391 "-" "Mozilla/5.0 (compatible; SemrushBot/6~bl; +http://www.semrush.com/bot.html)" 
207.244.157.10 - - [23/Jun/2020:07:24:43 -0700] "GET /content/all/?q=%23WithKnown%26quot&offset=23&_t=rss HTTP/1.1" 200 9102 "-" "Mozilla/5.0 (compatible; MJ12bot/v1.4.8; http://mj12bot.com/)" 
46.229.168.142 - - [23/Jun/2020:07:24:51 -0700] "GET /content/rsvp/?q=%23Indieweb HTTP/1.1" 200 8954 "-" "Mozilla/5.0 (compatible; SemrushBot/6~bl; +http://www.semrush.com/bot.html)" 
46.229.168.135 - - [23/Jun/2020:07:24:54 -0700] "GET /tag/webmention?offset=9 HTTP/1.1" 200 9271 "-" "Mozilla/5.0 (compatible; SemrushBot/6~bl; +http://www.semrush.com/bot.html)" 
45.79.26.51 - - [23/Jun/2020:07:25:24 -0700] "GET /content/statusupdates/posts/photos/checkins/bookmarkedpages?_t=rss HTTP/1.1" 200 7422 "-" "Micro.blog/1.0" 
54.36.148.146 - - [23/Jun/2020:07:25:37 -0700] "GET /2018/had-an-amazing-nine-course-tasting-menu-last HTTP/1.1" 200 9374 "-" "Mozilla/5.0 (compatible; AhrefsBot/6.1; +http://ahrefs.com/robot/)" 
207.244.157.10 - - [23/Jun/2020:07:25:48 -0700] "GET /content/all/?q=%23WithKnown%26quot&offset=25 HTTP/1.1" 200 12829 "-" "Mozilla/5.0 (compatible; MJ12bot/v1.4.8; http://mj12bot.com/)" 
46.229.168.152 - - [23/Jun/2020:07:25:49 -0700] "GET /content/posts/?offset=0&q=%23%2B%23indieweb HTTP/1.1" 200 17355 "-" "Mozilla/5.0 (compatible; SemrushBot/6~bl; +http://www.semrush.com/bot.html)" 
46.229.168.146 - - [23/Jun/2020:07:26:44 -0700] "GET /content/posts/?q=%23igbreadclub HTTP/1.1" 200 8310 "-" "Mozilla/5.0 (compatible; SemrushBot/6~bl; +http://www.semrush.com/bot.html)" 
64.111.100.215 - - [23/Jun/2020:07:26:59 -0700] "GET /content/all?_t=rss HTTP/1.1" 200 13896 "-" "Mozilla/5.0 (X11; U; Linux i686; fr; rv:1.9.1.1) Gecko/20090715 Firefox/3.5.1" 
46.229.168.143 - - [23/Jun/2020:07:27:04 -0700] "GET /?offset=16&q=%23sourdough HTTP/1.1" 200 11676 "-" "Mozilla/5.0 (compatible; SemrushBot/6~bl; +http://www.semrush.com/bot.html)" 
207.244.157.10 - - [23/Jun/2020:07:27:12 -0700] "GET /content/all/?q=%23WithKnown%26quot&offset=25&_t=rss HTTP/1.1" 200 8842 "-" "Mozilla/5.0 (compatible; MJ12bot/v1.4.8; http://mj12bot.com/)" 
54.36.148.94 - - [23/Jun/2020:07:27:14 -0700] "GET /robots.txt HTTP/1.1" 200 4284 "-" "Mozilla/5.0 (compatible; AhrefsBot/6.1; +http://ahrefs.com/robot/)" 
46.229.168.161 - - [23/Jun/2020:07:27:20 -0700] "GET /tag/IndieWeb?offset=75 HTTP/1.1" 200 13495 "-" "Mozilla/5.0 (compatible; SemrushBot/6~bl; +http://www.semrush.com/bot.html)" 
17.58.102.79 - - [23/Jun/2020:07:27:23 -0700] "GET /2019/bummer-but-it-was-open-on-saturday-when-there-was HTTP/1.1" 200 11780 "-" "Mozilla/5.0 (Macintosh; Intel Mac OS X 10_15_5) AppleWebKit/605.1.15 (KHTML, like Gecko) Version/13.1.1 Safari/605.1.15 (Applebot/0.1; +http://www.apple.com/go/applebot)" 
207.244.157.10 - - [23/Jun/2020:07:27:42 -0700] "GET /content/all/?q=%23WithKnown%26quot&offset=27&_t=rss HTTP/1.1" 200 9111 "-" "Mozilla/5.0 (compatible; MJ12bot/v1.4.8; http://mj12bot.com/)" 
46.229.168.141 - - [23/Jun/2020:07:27:53 -0700] "GET /?offset=8&q=%23%2B%23rye HTTP/1.1" 200 11438 "-" "Mozilla/5.0 (compatible; SemrushBot/6~bl; +http://www.semrush.com/bot.html)" 
46.229.168.151 - - [23/Jun/2020:07:28:03 -0700] "GET /content/statusupdates/?q=%23%2B%23leaven HTTP/1.1" 200 9055 "-" "Mozilla/5.0 (compatible; SemrushBot/6~bl; +http://www.semrush.com/bot.html)" 
207.244.157.10 - - [23/Jun/2020:07:28:18 -0700] "GET /content/all/?q=%23WithKnown%26quot&offset=28&_t=rss HTTP/1.1" 200 9429 "-" "Mozilla/5.0 (compatible; MJ12bot/v1.4.8; http://mj12bot.com/)" 
46.229.168.131 - - [23/Jun/2020:07:28:35 -0700] "GET /tag/podcast?offset=14 HTTP/1.1" 200 12047 "-" "Mozilla/5.0 (compatible; SemrushBot/6~bl; +http://www.semrush.com/bot.html)" 
207.244.157.10 - - [23/Jun/2020:07:28:53 -0700] "GET /content/all/?q=%23WithKnown%26quot&offset=30&_t=rss HTTP/1.1" 200 9493 "-" "Mozilla/5.0 (compatible; MJ12bot/v1.4.8; http://mj12bot.com/)" 
66.249.92.45 - - [23/Jun/2020:07:29:06 -0700] "GET /2018/whats-the-problem HTTP/1.1" 200 11196 "-" "Mozilla/5.0 (compatible; GoogleDocs; apps-spreadsheets; +http://docs.google.com)" 
207.244.157.10 - - [23/Jun/2020:07:29:06 -0700] "GET /content/all/?q=%23WithKnown%26quot&offset=33&_t=rss HTTP/1.1" 200 8483 "-" "Mozilla/5.0 (compatible; MJ12bot/v1.4.8; http://mj12bot.com/)" 
54.36.148.134 - - [23/Jun/2020:07:29:14 -0700] "GET /content/photos/?q=%23bread&offset=7 HTTP/1.1" 200 12396 "-" "Mozilla/5.0 (compatible; AhrefsBot/6.1; +http://ahrefs.com/robot/)" 
45.79.26.51 - - [23/Jun/2020:07:29:16 -0700] "GET /content/statusupdates/posts/photos/checkins/bookmarkedpages?_t=rss HTTP/1.1" 200 7422 "-" "Micro.blog/1.0" 
46.229.168.152 - - [23/Jun/2020:07:29:54 -0700] "GET /tag/indieweb?offset=95 HTTP/1.1" 200 15231 "-" "Mozilla/5.0 (compatible; SemrushBot/6~bl; +http://www.semrush.com/bot.html)" 
176.9.25.107 - - [23/Jun/2020:07:29:59 -0700] "GET /content/all/?q=%23Indieweb&offset=40 HTTP/1.1" 200 11366 "-" "Mozilla/5.0 (compatible; MJ12bot/v1.4.8; http://mj12bot.com/)" 
46.229.168.129 - - [23/Jun/2020:07:30:07 -0700] "GET /tag/+%23Rome?offset=0 HTTP/1.1" 200 13071 "-" "Mozilla/5.0 (compatible; SemrushBot/6~bl; +http://www.semrush.com/bot.html)" 
176.9.25.107 - - [23/Jun/2020:07:30:09 -0700] "GET /content/all/?q=%23Sourdough&offset=10 HTTP/1.1" 200 12137 "-" "Mozilla/5.0 (compatible; MJ12bot/v1.4.8; http://mj12bot.com/)" 
176.9.25.107 - - [23/Jun/2020:07:30:35 -0700] "GET /content/all/?q=%23Sourdough&offset=20 HTTP/1.1" 200 11698 "-" "Mozilla/5.0 (compatible; MJ12bot/v1.4.8; http://mj12bot.com/)" 
46.229.168.163 - - [23/Jun/2020:07:30:36 -0700] "GET /2018/when-youve-been-doing-high-hydration-sourdough-for-a-good HTTP/1.1" 200 10516 "-" "Mozilla/5.0 (compatible; SemrushBot/6~bl; +http://www.semrush.com/bot.html)" 
46.229.168.148 - - [23/Jun/2020:07:31:36 -0700] "GET /content/statusupdates/?q=%23Lithuania HTTP/1.1" 200 8318 "-" "Mozilla/5.0 (compatible; SemrushBot/6~bl; +http://www.semrush.com/bot.html)" 
46.229.168.136 - - [23/Jun/2020:07:32:15 -0700] "GET /2019/john-naughton-seems-overly-impressed-by-the HTTP/1.1" 200 9735 "-" "Mozilla/5.0 (compatible; SemrushBot/6~bl; +http://www.semrush.com/bot.html)" 
207.244.157.10 - - [23/Jun/2020:07:32:21 -0700] "GET /content/all/?q=%23WithKnown%26quot&offset=35&_t=rss HTTP/1.1" 200 7601 "-" "Mozilla/5.0 (compatible; MJ12bot/v1.4.8; http://mj12bot.com/)" 
5.188.210.79 - - [23/Jun/2020:07:32:55 -0700] "GET /profile/jeremy?offset=106 HTTP/1.0" 200 124453 "https://stream.jeremycherfas.net/profile/jeremy?offset=106" "Mozilla/5.0 (Windows NT 10.0; Win64; x64) AppleWebKit/537.36 (KHTML, like Gecko) Chrome/67.0.3396.62 Safari/537.36" 
5.188.210.79 - - [23/Jun/2020:07:32:57 -0700] "POST /comments/post HTTP/1.0" 403 16862 "https://stream.jeremycherfas.net/profile/jeremy?offset=106" "Mozilla/5.0 (Windows NT 10.0; Win64; x64) AppleWebKit/537.36 (KHTML, like Gecko) Chrome/67.0.3396.62 Safari/537.36" 
207.244.157.10 - - [23/Jun/2020:07:33:01 -0700] "GET /content/all/?q=%23WithKnown%26quot&offset=37 HTTP/1.1" 200 11784 "-" "Mozilla/5.0 (compatible; MJ12bot/v1.4.8; http://mj12bot.com/)" 
54.36.148.81 - - [23/Jun/2020:07:33:08 -0700] "GET /?offset=210 HTTP/1.1" 200 11566 "-" "Mozilla/5.0 (compatible; AhrefsBot/6.1; +http://ahrefs.com/robot/)" 
45.79.26.51 - - [23/Jun/2020:07:33:10 -0700] "GET /content/statusupdates/posts/photos/checkins/bookmarkedpages?_t=rss HTTP/1.1" 200 7422 "-" "Micro.blog/1.0" 
46.229.168.149 - - [23/Jun/2020:07:33:18 -0700] "GET /content/posts/?offset=2&q=%23WithKnown HTTP/1.1" 200 15088 "-" "Mozilla/5.0 (compatible; SemrushBot/6~bl; +http://www.semrush.com/bot.html)" 
207.244.157.10 - - [23/Jun/2020:07:33:27 -0700] "GET /content/all/?q=%23WithKnown%26quot&offset=37&_t=rss HTTP/1.1" 200 7618 "-" "Mozilla/5.0 (compatible; MJ12bot/v1.4.8; http://mj12bot.com/)" 
207.244.157.10 - - [23/Jun/2020:07:34:02 -0700] "GET /content/all/?q=%23WithKnown%26quot&offset=38 HTTP/1.1" 200 11347 "-" "Mozilla/5.0 (compatible; MJ12bot/v1.4.8; http://mj12bot.com/)" 
46.229.168.131 - - [23/Jun/2020:07:34:10 -0700] "GET /2019/real-bread-week-eh-or-as-i-like-to-cal HTTP/1.1" 200 13580 "-" "Mozilla/5.0 (compatible; SemrushBot/6~bl; +http://www.semrush.com/bot.html)" 
207.244.157.10 - - [23/Jun/2020:07:34:27 -0700] "GET /content/all/?q=%23WithKnown%26quot&offset=38&_t=rss HTTP/1.1" 200 7138 "-" "Mozilla/5.0 (compatible; MJ12bot/v1.4.8; http://mj12bot.com/)" 
54.36.148.135 - - [23/Jun/2020:07:34:56 -0700] "GET /2019/just-published-the-latest-eat-this-newsletter HTTP/1.1" 200 9408 "-" "Mozilla/5.0 (compatible; AhrefsBot/6.1; +http://ahrefs.com/robot/)" 
207.244.157.10 - - [23/Jun/2020:07:34:57 -0700] "GET /content/all/?q=%23WithKnown%26quot&offset=40&_t=rss HTTP/1.1" 200 7319 "-" "Mozilla/5.0 (compatible; MJ12bot/v1.4.8; http://mj12bot.com/)" 
207.244.157.10 - - [23/Jun/2020:07:35:44 -0700] "GET /content/all/?q=%23WithKnown%26quot&offset=43&_t=rss HTTP/1.1" 200 7561 "-" "Mozilla/5.0 (compatible; MJ12bot/v1.4.8; http://mj12bot.com/)" 
46.229.168.148 - - [23/Jun/2020:07:36:14 -0700] "GET /content/events/?q=%23fornacalia HTTP/1.1" 200 8282 "-" "Mozilla/5.0 (compatible; SemrushBot/6~bl; +http://www.semrush.com/bot.html)" 
207.244.157.10 - - [23/Jun/2020:07:36:34 -0700] "GET /content/all/?q=%23WithKnown%26quot&offset=47 HTTP/1.1" 200 11387 "-" "Mozilla/5.0 (compatible; MJ12bot/v1.4.8; http://mj12bot.com/)" 
54.36.148.240 - - [23/Jun/2020:07:36:42 -0700] "GET /content/all/?offset=200 HTTP/1.1" 200 11393 "-" "Mozilla/5.0 (compatible; AhrefsBot/6.1; +http://ahrefs.com/robot/)" 
207.244.157.10 - - [23/Jun/2020:07:37:08 -0700] "GET /content/all/?q=%23WithKnown%26quot&offset=47&_t=rss HTTP/1.1" 200 7319 "-" "Mozilla/5.0 (compatible; MJ12bot/v1.4.8; http://mj12bot.com/)" 
45.79.26.51 - - [23/Jun/2020:07:37:12 -0700] "GET /content/statusupdates/posts/photos/checkins/bookmarkedpages?_t=rss HTTP/1.1" 200 7422 "-" "Micro.blog/1.0" 
46.229.168.153 - - [23/Jun/2020:07:37:31 -0700] "GET /2020/webby2001-of-course-it-could-easily-evaporate HTTP/1.1" 200 9496 "-" "Mozilla/5.0 (compatible; SemrushBot/6~bl; +http://www.semrush.com/bot.html)" 
207.244.157.10 - - [23/Jun/2020:07:37:36 -0700] "GET /content/all/?q=%23WithKnown%26quot&offset=48 HTTP/1.1" 200 11149 "-" "Mozilla/5.0 (compatible; MJ12bot/v1.4.8; http://mj12bot.com/)" 
66.249.66.52 - - [23/Jun/2020:07:37:46 -0700] "GET /service/web/unfurl/?url=https%3A%2F%2Fcultureby.com%2F2018%2F05%2Famerican-culture-and-the-new-new-coke.html&__bTk=3599e9a81c228b461624e52e2970236ea82ed4cb2f6ec6e61830ca620af58afd&__bTs=1591488000 HTTP/1.1" 403 4993 "https://www.stream.jeremycherfas.net/content/all/?offset=1326" "Mozilla/5.0 (Linux; Android 6.0.1; Nexus 5X Build/MMB29P) AppleWebKit/537.36 (KHTML, like Gecko) Chrome/83.0.4103.108 Mobile Safari/537.36 (compatible; Googlebot/2.1; +http://www.google.com/bot.html)" 
66.249.66.50 - - [23/Jun/2020:07:37:47 -0700] "GET /service/web/unfurl/?url=http%3A%2F%2Fepeus.blogspot.com%2F2009%2F09%2Ftummling-sidewiki-twitter-and-tragedy.html&__bTk=3599e9a81c228b461624e52e2970236ea82ed4cb2f6ec6e61830ca620af58afd&__bTs=1591488000 HTTP/1.1" 403 4997 "https://www.stream.jeremycherfas.net/content/all/?offset=1326" "Mozilla/5.0 (Linux; Android 6.0.1; Nexus 5X Build/MMB29P) AppleWebKit/537.36 (KHTML, like Gecko) Chrome/83.0.4103.108 Mobile Safari/537.36 (compatible; Googlebot/2.1; +http://www.google.com/bot.html)" 
66.249.66.52 - - [23/Jun/2020:07:37:48 -0700] "GET /service/web/unfurl/?url=http%3A%2F%2Fepeus.blogspot.com%2F2009%2F09%2Ftummling-sidewiki-twitter-and-tragedy.html&__bTk=3599e9a81c228b461624e52e2970236ea82ed4cb2f6ec6e61830ca620af58afd&__bTs=1592921766 HTTP/1.1" 403 4997 "https://www.stream.jeremycherfas.net/content/all/?offset=1326" "Mozilla/5.0 (Linux; Android 6.0.1; Nexus 5X Build/MMB29P) AppleWebKit/537.36 (KHTML, like Gecko) Chrome/83.0.4103.108 Mobile Safari/537.36 (compatible; Googlebot/2.1; +http://www.google.com/bot.html)" 
207.244.157.10 - - [23/Jun/2020:07:38:06 -0700] "GET /content/all/?q=%23WithKnown%26quot&offset=5 HTTP/1.1" 200 10893 "-" "Mozilla/5.0 (compatible; MJ12bot/v1.4.8; http://mj12bot.com/)" 
46.229.168.143 - - [23/Jun/2020:07:38:42 -0700] "GET /content/photos/?offset=0&q=%23Sourdough HTTP/1.1" 200 12149 "-" "Mozilla/5.0 (compatible; SemrushBot/6~bl; +http://www.semrush.com/bot.html)" 
207.244.157.10 - - [23/Jun/2020:07:38:48 -0700] "GET /content/all/?q=%23WithKnown%26quot&offset=5&_t=rss HTTP/1.1" 200 6933 "-" "Mozilla/5.0 (compatible; MJ12bot/v1.4.8; http://mj12bot.com/)" 
207.244.157.10 - - [23/Jun/2020:07:39:34 -0700] "GET /content/all/?q=%23WithKnown%26quot&offset=7 HTTP/1.1" 200 10895 "-" "Mozilla/5.0 (compatible; MJ12bot/v1.4.8; http://mj12bot.com/)" 
46.229.168.150 - - [23/Jun/2020:07:39:53 -0700] "GET /content/all/?offset=10&q=%23%2B%23sourdough HTTP/1.1" 200 12170 "-" "Mozilla/5.0 (compatible; SemrushBot/6~bl; +http://www.semrush.com/bot.html)" 
207.244.157.10 - - [23/Jun/2020:07:40:07 -0700] "GET /content/all/?q=%23WithKnown%26quot&offset=7&_t=rss HTTP/1.1" 200 6932 "-" "Mozilla/5.0 (compatible; MJ12bot/v1.4.8; http://mj12bot.com/)" 
96.126.125.129 - - [23/Jun/2020:07:40:23 -0700] "GET /content/statusupdates/posts/photos/checkins/bookmarkedpages?_t=rss HTTP/1.1" 200 7427 "-" "Micro.blog/1.0" 
54.36.148.201 - - [23/Jun/2020:07:40:25 -0700] "GET /2019/i-do-find-myself-wondering-whether-well-designed HTTP/1.1" 200 9451 "-" "Mozilla/5.0 (compatible; AhrefsBot/6.1; +http://ahrefs.com/robot/)" 
207.244.157.10 - - [23/Jun/2020:07:40:42 -0700] "GET /content/all/?q=%23WithKnown&offset=0&_t=rss HTTP/1.1" 200 9773 "-" "Mozilla/5.0 (compatible; MJ12bot/v1.4.8; http://mj12bot.com/)" 
207.244.157.10 - - [23/Jun/2020:07:41:14 -0700] "GET /content/all/?q=%23WithKnown&offset=20&_t=rss HTTP/1.1" 200 8459 "-" "Mozilla/5.0 (compatible; MJ12bot/v1.4.8; http://mj12bot.com/)" 
207.244.157.10 - - [23/Jun/2020:07:41:47 -0700] "GET /content/all/?q=%23WithKnown&offset=30&_t=rss HTTP/1.1" 200 9482 "-" "Mozilla/5.0 (compatible; MJ12bot/v1.4.8; http://mj12bot.com/)" 
46.229.168.140 - - [23/Jun/2020:07:42:00 -0700] "GET /content/events/?q=%23%2B%23multigrain HTTP/1.1" 200 8295 "-" "Mozilla/5.0 (compatible; SemrushBot/6~bl; +http://www.semrush.com/bot.html)" 
46.229.168.154 - - [23/Jun/2020:07:42:05 -0700] "GET /content/statusupdates/?offset=6&q=%23podcast HTTP/1.1" 200 10616 "-" "Mozilla/5.0 (compatible; SemrushBot/6~bl; +http://www.semrush.com/bot.html)" 
207.244.157.10 - - [23/Jun/2020:07:42:17 -0700] "GET /content/all/?q=%23WithKnown&offset=43&_t=rss HTTP/1.1" 200 7550 "-" "Mozilla/5.0 (compatible; MJ12bot/v1.4.8; http://mj12bot.com/)" 
66.249.66.46 - - [23/Jun/2020:07:42:30 -0700] "GET /robots.txt HTTP/1.1" 200 4857 "-" "Mozilla/5.0 (compatible; Googlebot/2.1; +http://www.google.com/bot.html)" 
66.249.66.46 - - [23/Jun/2020:07:42:30 -0700] "GET /?offset=1220 HTTP/1.1" 200 7006 "-" "Mozilla/5.0 (Linux; Android 6.0.1; Nexus 5X Build/MMB29P) AppleWebKit/537.36 (KHTML, like Gecko) Chrome/80.0.3987.92 Mobile Safari/537.36 (compatible; Googlebot/2.1; +http://www.google.com/bot.html)" 
207.244.157.10 - - [23/Jun/2020:07:42:44 -0700] "GET /content/all/?q=%23afternoontreat&_t=rss HTTP/1.1" 200 5390 "-" "Mozilla/5.0 (compatible; MJ12bot/v1.4.8; http://mj12bot.com/)" 
46.229.168.132 - - [23/Jun/2020:07:43:46 -0700] "GET /tag/+%23Http:%2F%2Fwww.marigoldroma.com%2F?offset=10 HTTP/1.1" 404 58758 "-" "Mozilla/5.0 (compatible; SemrushBot/6~bl; +http://www.semrush.com/bot.html)" 
96.126.125.129 - - [23/Jun/2020:07:43:48 -0700] "GET /content/statusupdates/posts/photos/checkins/bookmarkedpages?_t=rss HTTP/1.1" 200 7427 "-" "Micro.blog/1.0" 
64.111.100.215 - - [23/Jun/2020:07:43:50 -0700] "GET /content/all?_t=rss HTTP/1.1" 200 13896 "-" "Mozilla/5.0 (X11; U; Linux i686; fr; rv:1.9.1.1) Gecko/20090715 Firefox/3.5.1" 
54.36.149.33 - - [23/Jun/2020:07:44:03 -0700] "GET /2019/this-news-of-a-site-for-indieweb HTTP/1.1" 200 10583 "-" "Mozilla/5.0 (compatible; AhrefsBot/6.1; +http://ahrefs.com/robot/)" 
207.244.157.10 - - [23/Jun/2020:07:44:12 -0700] "GET /content/all/?q=%23bread&_t=rss HTTP/1.1" 200 7894 "-" "Mozilla/5.0 (compatible; MJ12bot/v1.4.8; http://mj12bot.com/)" 
46.229.168.138 - - [23/Jun/2020:07:44:22 -0700] "GET /content/statusupdates/?offset=40 HTTP/1.1" 200 11203 "-" "Mozilla/5.0 (compatible; SemrushBot/6~bl; +http://www.semrush.com/bot.html)" 
207.244.157.10 - - [23/Jun/2020:07:44:42 -0700] "GET /content/all/?q=%23bread&offset=16&_t=rss HTTP/1.1" 200 7823 "-" "Mozilla/5.0 (compatible; MJ12bot/v1.4.8; http://mj12bot.com/)" 
40.77.167.148 - - [23/Jun/2020:07:44:56 -0700] "GET /2018/id-say-that-was-progress-yes-of-course-for-all HTTP/1.1" 200 10007 "-" "Mozilla/5.0 (compatible; bingbot/2.0; +http://www.bing.com/bingbot.htm)" 
207.244.157.10 - - [23/Jun/2020:07:45:12 -0700] "GET /content/all/?q=%23bread&offset=18&_t=rss HTTP/1.1" 200 7979 "-" "Mozilla/5.0 (compatible; MJ12bot/v1.4.8; http://mj12bot.com/)" 
46.229.168.152 - - [23/Jun/2020:07:45:14 -0700] "GET /content/photos/?offset=10&q=%23%2B%23food HTTP/1.1" 200 9886 "-" "Mozilla/5.0 (compatible; SemrushBot/6~bl; +http://www.semrush.com/bot.html)" 
198.58.102.96 - - [23/Jun/2020:07:45:28 -0700] "GET /content/photos?_t=rss HTTP/1.1" 200 7450 "-" "Superfeedr bot/2.0 http://superfeedr.com - Make your feeds realtime: get in touch - feed-id:1324303946" 
207.244.157.10 - - [23/Jun/2020:07:45:33 -0700] "GET /content/all/?q=%23bread&offset=3 HTTP/1.1" 200 11965 "-" "Mozilla/5.0 (compatible; MJ12bot/v1.4.8; http://mj12bot.com/)" 
54.36.148.81 - - [23/Jun/2020:07:45:55 -0700] "GET /2020/thats-interesting-chris-ive-just-checked-and HTTP/1.1" 200 9460 "-" "Mozilla/5.0 (compatible; AhrefsBot/6.1; +http://ahrefs.com/robot/)" 
207.244.157.10 - - [23/Jun/2020:07:46:07 -0700] "GET /content/all/?q=%23bread&offset=33 HTTP/1.1" 200 12255 "-" "Mozilla/5.0 (compatible; MJ12bot/v1.4.8; http://mj12bot.com/)" 
79.147.90.86 - - [23/Jun/2020:07:46:20 -0700] "GET /file/0a048bc1915ab0a606213d52737d7bc6/56EB8340-874D-484E-9646-6B5F64203990.jpeg HTTP/1.1" 200 967442 "https://www.bing.com/" "Mozilla/5.0 (Windows NT 10.0; Win64; x64) AppleWebKit/537.36 (KHTML, like Gecko) Chrome/83.0.4103.106 Safari/537.36" 
207.244.157.10 - - [23/Jun/2020:07:46:32 -0700] "GET /content/all/?q=%23bread&offset=33&_t=rss HTTP/1.1" 200 8347 "-" "Mozilla/5.0 (compatible; MJ12bot/v1.4.8; http://mj12bot.com/)" 
207.244.157.10 - - [23/Jun/2020:07:46:52 -0700] "GET /content/all/?q=%23bread&offset=43&_t=rss HTTP/1.1" 200 8306 "-" "Mozilla/5.0 (compatible; MJ12bot/v1.4.8; http://mj12bot.com/)" 
46.229.168.149 - - [23/Jun/2020:07:47:12 -0700] "GET /2018/someones-a-bit-fed-up HTTP/1.1" 200 9523 "-" "Mozilla/5.0 (compatible; SemrushBot/6~bl; +http://www.semrush.com/bot.html)" 
96.126.125.129 - - [23/Jun/2020:07:47:15 -0700] "GET /content/statusupdates/posts/photos/checkins/bookmarkedpages?_t=rss HTTP/1.1" 200 7427 "-" "Micro.blog/1.0" 
207.244.157.10 - - [23/Jun/2020:07:47:19 -0700] "GET /content/all/?q=%23bread&offset=46&_t=rss HTTP/1.1" 200 8482 "-" "Mozilla/5.0 (compatible; MJ12bot/v1.4.8; http://mj12bot.com/)" 
167.99.96.232 - - [23/Jun/2020:07:47:49 -0700] "GET /?_t=rss HTTP/1.1" 304 3495 "-" "Feedbin feed-id:1536727 - 1 subscribers" 
46.229.168.139 - - [23/Jun/2020:07:47:50 -0700] "GET /content/photos/?q=%23%2B%23Http%3A%2F%2Fwww.marigoldroma.com%2F HTTP/1.1" 200 8355 "-" "Mozilla/5.0 (compatible; SemrushBot/6~bl; +http://www.semrush.com/bot.html)" 
207.244.157.10 - - [23/Jun/2020:07:47:50 -0700] "GET /content/all/?q=%23bread&offset=48&_t=rss HTTP/1.1" 200 8572 "-" "Mozilla/5.0 (compatible; MJ12bot/v1.4.8; http://mj12bot.com/)" 
46.229.168.163 - - [23/Jun/2020:07:48:15 -0700] "GET /content/photos/?offset=18&q=%23bread HTTP/1.1" 200 12407 "-" "Mozilla/5.0 (compatible; SemrushBot/6~bl; +http://www.semrush.com/bot.html)" 
66.249.92.45 - - [23/Jun/2020:07:48:18 -0700] "GET /2018/whats-the-problem HTTP/1.1" 200 11196 "-" "Mozilla/5.0 (compatible; GoogleDocs; apps-spreadsheets; +http://docs.google.com)" 
46.229.168.149 - - [23/Jun/2020:07:48:19 -0700] "GET /robots.txt HTTP/1.1" 200 4300 "-" "Mozilla/5.0 (compatible; SemrushBot/6~bl; +http://www.semrush.com/bot.html)" 
46.229.168.145 - - [23/Jun/2020:07:48:20 -0700] "GET /content/photos/?offset=30&q=%23%2B%23bread HTTP/1.1" 200 12265 "-" "Mozilla/5.0 (compatible; SemrushBot/6~bl; +http://www.semrush.com/bot.html)" 
207.244.157.10 - - [23/Jun/2020:07:48:20 -0700] "GET /content/all/?q=%23bread&offset=6 HTTP/1.1" 200 12418 "-" "Mozilla/5.0 (compatible; MJ12bot/v1.4.8; http://mj12bot.com/)" 
46.229.168.142 - - [23/Jun/2020:07:48:26 -0700] "GET /tag/IndieWeb?offset=92 HTTP/1.1" 200 15375 "-" "Mozilla/5.0 (compatible; SemrushBot/6~bl; +http://www.semrush.com/bot.html)" 
207.244.157.10 - - [23/Jun/2020:07:48:48 -0700] "GET /content/all/?q=%23bread&offset=6&_t=rss HTTP/1.1" 200 8661 "-" "Mozilla/5.0 (compatible; MJ12bot/v1.4.8; http://mj12bot.com/)" 
46.229.168.162 - - [23/Jun/2020:07:49:11 -0700] "GET /2019/i-do-find-myself-wondering-whether-well-designed HTTP/1.1" 200 9442 "-" "Mozilla/5.0 (compatible; SemrushBot/6~bl; +http://www.semrush.com/bot.html)" 
207.244.157.10 - - [23/Jun/2020:07:49:21 -0700] "GET /content/all/?q=%23bread&offset=8 HTTP/1.1" 200 12505 "-" "Mozilla/5.0 (compatible; MJ12bot/v1.4.8; http://mj12bot.com/)" 
54.36.148.164 - - [23/Jun/2020:07:49:41 -0700] "GET /file/6542bd08212c32db45524a8edb100e07/6d021bbc39cd095bede9bd6c3b77bd30 HTTP/1.1" 200 62091 "-" "Mozilla/5.0 (compatible; AhrefsBot/6.1; +http://ahrefs.com/robot/)" 
46.229.168.141 - - [23/Jun/2020:07:49:42 -0700] "GET /content/events/?q=%23quill HTTP/1.1" 200 8272 "-" "Mozilla/5.0 (compatible; SemrushBot/6~bl; +http://www.semrush.com/bot.html)" 
207.244.157.10 - - [23/Jun/2020:07:49:46 -0700] "GET /content/all/?q=%23bread&offset=8&_t=rss HTTP/1.1" 200 8658 "-" "Mozilla/5.0 (compatible; MJ12bot/v1.4.8; http://mj12bot.com/)" 
46.229.168.140 - - [23/Jun/2020:07:49:51 -0700] "GET /content/bookmarkedpages/?q=%23quill HTTP/1.1" 200 8282 "-" "Mozilla/5.0 (compatible; SemrushBot/6~bl; +http://www.semrush.com/bot.html)" 
114.119.160.143 - - [23/Jun/2020:07:50:02 -0700] "GET /status/edit HTTP/1.1" 403 17142 "-" "Mozilla/5.0 (Linux; Android 7.0;) AppleWebKit/537.36 (KHTML, like Gecko) Mobile Safari/537.36 (compatible; PetalBot;+https://aspiegel.com/petalbot)" 
46.229.168.151 - - [23/Jun/2020:07:50:03 -0700] "GET /content/rsvp/?q=%2310DoT HTTP/1.1" 200 8300 "-" "Mozilla/5.0 (compatible; SemrushBot/6~bl; +http://www.semrush.com/bot.html)" 
46.229.168.163 - - [23/Jun/2020:07:50:33 -0700] "GET /?offset=101&q=%23IndieWeb HTTP/1.1" 200 14337 "-" "Mozilla/5.0 (compatible; SemrushBot/6~bl; +http://www.semrush.com/bot.html)" 
207.244.157.10 - - [23/Jun/2020:07:50:36 -0700] "GET /content/all/?q=%23brocolletti&_t=rss HTTP/1.1" 200 5310 "-" "Mozilla/5.0 (compatible; MJ12bot/v1.4.8; http://mj12bot.com/)" 
46.229.168.147 - - [23/Jun/2020:07:50:51 -0700] "GET /2018/tiny-bit-peeved-that-for-the-first HTTP/1.1" 200 9313 "-" "Mozilla/5.0 (compatible; SemrushBot/6~bl; +http://www.semrush.com/bot.html)" 
46.229.168.135 - - [23/Jun/2020:07:50:58 -0700] "GET /tag/podcast?offset=15 HTTP/1.1" 200 11822 "-" "Mozilla/5.0 (compatible; SemrushBot/6~bl; +http://www.semrush.com/bot.html)" 
46.229.168.133 - - [23/Jun/2020:07:51:01 -0700] "GET /tag/podcast?offset=20 HTTP/1.1" 200 12281 "-" "Mozilla/5.0 (compatible; SemrushBot/6~bl; +http://www.semrush.com/bot.html)" 
207.244.157.10 - - [23/Jun/2020:07:51:52 -0700] "GET /content/all/?q=%23diet&_t=rss HTTP/1.1" 200 5251 "-" "Mozilla/5.0 (compatible; MJ12bot/v1.4.8; http://mj12bot.com/)" 
66.249.66.48 - - [23/Jun/2020:07:51:58 -0700] "GET /view/06c46eb40f60ff839960011317e5774b HTTP/1.1" 200 10993 "-" "Mozilla/5.0 (Linux; Android 6.0.1; Nexus 5X Build/MMB29P) AppleWebKit/537.36 (KHTML, like Gecko) Chrome/80.0.3987.92 Mobile Safari/537.36 (compatible; Googlebot/2.1; +http://www.google.com/bot.html)" 
46.229.168.163 - - [23/Jun/2020:07:52:40 -0700] "GET /content/all/?offset=38&q=%23%2B%23food HTTP/1.1" 200 12982 "-" "Mozilla/5.0 (compatible; SemrushBot/6~bl; +http://www.semrush.com/bot.html)" 
207.244.157.10 - - [23/Jun/2020:07:52:44 -0700] "GET /content/all/?q=%23earbudsfood&_t=rss HTTP/1.1" 200 5332 "-" "Mozilla/5.0 (compatible; MJ12bot/v1.4.8; http://mj12bot.com/)" 
107.178.200.217 - - [23/Jun/2020:07:52:58 -0700] "HEAD /2020/very-happy-with-the-service-from-widefitshoes HTTP/1.1" 200 4349 "-" "Bridgy (https://brid.gy/about)" 
46.229.168.147 - - [23/Jun/2020:07:53:04 -0700] "GET /2020/yay-and-welcome-to-withknown-glad-to HTTP/1.1" 200 9410 "-" "Mozilla/5.0 (compatible; SemrushBot/6~bl; +http://www.semrush.com/bot.html)" 
45.79.26.51 - - [23/Jun/2020:07:53:05 -0700] "GET /content/statusupdates/posts/photos/checkins/bookmarkedpages?_t=rss HTTP/1.1" 200 7422 "-" "Micro.blog/1.0" 
66.249.66.46 - - [23/Jun/2020:07:53:14 -0700] "GET /content/statusupdates/?q=%23Washington&_t=rss HTTP/1.1" 200 6247 "-" "Mozilla/5.0 (Linux; Android 6.0.1; Nexus 5X Build/MMB29P) AppleWebKit/537.36 (KHTML, like Gecko) Chrome/80.0.3987.92 Mobile Safari/537.36 (compatible; Googlebot/2.1; +http://www.google.com/bot.html)" 
207.244.157.10 - - [23/Jun/2020:07:53:30 -0700] "GET /content/all/?q=%23followfriday&_t=rss HTTP/1.1" 200 5314 "-" "Mozilla/5.0 (compatible; MJ12bot/v1.4.8; http://mj12bot.com/)" 
46.229.168.147 - - [23/Jun/2020:07:53:37 -0700] "GET /content/locations/?q=%23rye HTTP/1.1" 200 8298 "-" "Mozilla/5.0 (compatible; SemrushBot/6~bl; +http://www.semrush.com/bot.html)" 
46.229.168.137 - - [23/Jun/2020:07:53:52 -0700] "GET /2019/yes-if-you-still-need-one HTTP/1.1" 200 10010 "-" "Mozilla/5.0 (compatible; SemrushBot/6~bl; +http://www.semrush.com/bot.html)" 
46.229.168.139 - - [23/Jun/2020:07:53:57 -0700] "GET /2019/it-will-be-interesting-to-see-how HTTP/1.1" 200 9477 "-" "Mozilla/5.0 (compatible; SemrushBot/6~bl; +http://www.semrush.com/bot.html)" 
46.229.168.147 - - [23/Jun/2020:07:54:01 -0700] "GET /tag/bread HTTP/1.1" 200 12163 "-" "Mozilla/5.0 (compatible; SemrushBot/6~bl; +http://www.semrush.com/bot.html)" 
207.244.157.10 - - [23/Jun/2020:07:54:36 -0700] "GET /content/all/?q=%23foodcommunicationconf&_t=rss HTTP/1.1" 200 5380 "-" "Mozilla/5.0 (compatible; MJ12bot/v1.4.8; http://mj12bot.com/)" 
207.244.157.10 - - [23/Jun/2020:07:55:18 -0700] "GET /content/all/?q=%23goats&_t=rss HTTP/1.1" 200 5358 "-" "Mozilla/5.0 (compatible; MJ12bot/v1.4.8; http://mj12bot.com/)" 
54.36.148.128 - - [23/Jun/2020:07:55:40 -0700] "GET /2020/today-i-happened-across-two-wiseacres-on HTTP/1.1" 200 9328 "-" "Mozilla/5.0 (compatible; AhrefsBot/6.1; +http://ahrefs.com/robot/)" 
207.244.157.10 - - [23/Jun/2020:07:55:51 -0700] "GET /content/all/?q=%23graingathering2017%26quot&_t=rss HTTP/1.1" 200 5329 "-" "Mozilla/5.0 (compatible; MJ12bot/v1.4.8; http://mj12bot.com/)" 
46.229.168.142 - - [23/Jun/2020:07:56:06 -0700] "GET /content/all/?offset=117&q=%23%2B%23%23indieweb HTTP/1.1" 200 12282 "-" "Mozilla/5.0 (compatible; SemrushBot/6~bl; +http://www.semrush.com/bot.html)" 
45.79.26.51 - - [23/Jun/2020:07:56:21 -0700] "GET /content/statusupdates/posts/photos/checkins/bookmarkedpages?_t=rss HTTP/1.1" 200 7422 "-" "Micro.blog/1.0" 
207.244.157.10 - - [23/Jun/2020:07:56:38 -0700] "GET /content/all/?q=%23graingathering2017&_t=rss HTTP/1.1" 200 5316 "-" "Mozilla/5.0 (compatible; MJ12bot/v1.4.8; http://mj12bot.com/)" 
46.229.168.162 - - [23/Jun/2020:07:56:53 -0700] "GET /tag/IndieWeb?offset=47 HTTP/1.1" 200 12141 "-" "Mozilla/5.0 (compatible; SemrushBot/6~bl; +http://www.semrush.com/bot.html)" 
46.229.168.134 - - [23/Jun/2020:07:57:21 -0700] "GET /content/locations/?q=%23Lithuania HTTP/1.1" 200 8286 "-" "Mozilla/5.0 (compatible; SemrushBot/6~bl; +http://www.semrush.com/bot.html)" 
66.249.66.46 - - [23/Jun/2020:07:57:36 -0700] "GET /2019/im-instantly-adding-the--day-of-week-code-outlined HTTP/1.1" 200 10002 "-" "Mozilla/5.0 (compatible; Googlebot/2.1; +http://www.google.com/bot.html)" 
207.244.157.10 - - [23/Jun/2020:07:57:48 -0700] "GET /content/all/?q=%23hearsay2017&_t=rss HTTP/1.1" 200 5467 "-" "Mozilla/5.0 (compatible; MJ12bot/v1.4.8; http://mj12bot.com/)" 
46.229.168.145 - - [23/Jun/2020:07:57:52 -0700] "GET /?offset=10&q=%23%2B%23sourdough HTTP/1.1" 200 12229 "-" "Mozilla/5.0 (compatible; SemrushBot/6~bl; +http://www.semrush.com/bot.html)" 
46.229.168.136 - - [23/Jun/2020:07:57:58 -0700] "GET /content/photos/?q=%23Greece HTTP/1.1" 200 9039 "-" "Mozilla/5.0 (compatible; SemrushBot/6~bl; +http://www.semrush.com/bot.html)" 
114.119.166.46 - - [23/Jun/2020:07:57:58 -0700] "GET /2019/and-if-you-were-hoping-to-go-in-and-find HTTP/1.1" 200 12417 "-" "Mozilla/5.0 (Linux; Android 7.0;) AppleWebKit/537.36 (KHTML, like Gecko) Mobile Safari/537.36 (compatible; PetalBot;+https://aspiegel.com/petalbot)" 
207.244.157.10 - - [23/Jun/2020:07:58:06 -0700] "GET /content/all/?q=%23igbreadclub&_t=rss HTTP/1.1" 200 6085 "-" "Mozilla/5.0 (compatible; MJ12bot/v1.4.8; http://mj12bot.com/)" 
46.229.168.161 - - [23/Jun/2020:07:58:07 -0700] "GET /content/all/?q=%2310DoT HTTP/1.1" 200 9060 "-" "Mozilla/5.0 (compatible; SemrushBot/6~bl; +http://www.semrush.com/bot.html)" 
46.229.168.149 - - [23/Jun/2020:07:58:35 -0700] "GET /content/locations/?offset=0 HTTP/1.1" 200 11499 "-" "Mozilla/5.0 (compatible; SemrushBot/6~bl; +http://www.semrush.com/bot.html)" 
46.229.168.129 - - [23/Jun/2020:07:58:50 -0700] "GET /?offset=45&q=%23sourdough HTTP/1.1" 200 11616 "-" "Mozilla/5.0 (compatible; SemrushBot/6~bl; +http://www.semrush.com/bot.html)" 
64.111.100.215 - - [23/Jun/2020:07:59:09 -0700] "GET /content/all?_t=rss HTTP/1.1" 200 13896 "-" "Mozilla/5.0 (X11; U; Linux i686; fr; rv:1.9.1.1) Gecko/20090715 Firefox/3.5.1" 
207.244.157.10 - - [23/Jun/2020:07:59:46 -0700] "GET /content/all/?q=%23indieweb&offset=100&_t=rss HTTP/1.1" 200 9796 "-" "Mozilla/5.0 (compatible; MJ12bot/v1.4.8; http://mj12bot.com/)" 
46.229.168.141 - - [23/Jun/2020:08:00:06 -0700] "GET /content/posts/?offset=20&q=%23Indieweb HTTP/1.1" 200 15175 "-" "Mozilla/5.0 (compatible; SemrushBot/6~bl; +http://www.semrush.com/bot.html)" 
46.229.168.134 - - [23/Jun/2020:08:00:09 -0700] "GET /2019/hashtags-html HTTP/1.1" 200 9396 "-" "Mozilla/5.0 (compatible; SemrushBot/6~bl; +http://www.semrush.com/bot.html)" 
46.229.168.142 - - [23/Jun/2020:08:00:10 -0700] "GET /content/statusupdates/?q=%23%2B%23IndieWeb HTTP/1.1" 200 11763 "-" "Mozilla/5.0 (compatible; SemrushBot/6~bl; +http://www.semrush.com/bot.html)" 
46.229.168.136 - - [23/Jun/2020:08:00:12 -0700] "GET /?offset=0&q=%23rye HTTP/1.1" 200 12130 "-" "Mozilla/5.0 (compatible; SemrushBot/6~bl; +http://www.semrush.com/bot.html)" 
45.79.26.51 - - [23/Jun/2020:08:00:22 -0700] "GET /content/statusupdates/posts/photos/checkins/bookmarkedpages?_t=rss HTTP/1.1" 200 7422 "-" "Micro.blog/1.0" 
54.36.149.41 - - [23/Jun/2020:08:00:44 -0700] "GET /tag/+%23indieweb HTTP/1.1" 200 14739 "-" "Mozilla/5.0 (compatible; AhrefsBot/6.1; +http://ahrefs.com/robot/)" 
207.244.157.10 - - [23/Jun/2020:08:01:37 -0700] "GET /content/all/?q=%23indieweb&offset=104&_t=rss HTTP/1.1" 200 9458 "-" "Mozilla/5.0 (compatible; MJ12bot/v1.4.8; http://mj12bot.com/)" 
46.229.168.152 - - [23/Jun/2020:08:02:31 -0700] "GET /?offset=4&q=%23%2B%23podcast HTTP/1.1" 200 11979 "-" "Mozilla/5.0 (compatible; SemrushBot/6~bl; +http://www.semrush.com/bot.html)" 
46.229.168.148 - - [23/Jun/2020:08:02:40 -0700] "GET /?offset=90&q=%23%2B%23indieweb HTTP/1.1" 200 15609 "-" "Mozilla/5.0 (compatible; SemrushBot/6~bl; +http://www.semrush.com/bot.html)" 
46.229.168.135 - - [23/Jun/2020:08:03:02 -0700] "GET /tag/IndieWeb?offset=86 HTTP/1.1" 200 15381 "-" "Mozilla/5.0 (compatible; SemrushBot/6~bl; +http://www.semrush.com/bot.html)" 
207.244.157.10 - - [23/Jun/2020:08:03:05 -0700] "GET /content/all/?q=%23indieweb&offset=134&_t=rss HTTP/1.1" 200 8740 "-" "Mozilla/5.0 (compatible; MJ12bot/v1.4.8; http://mj12bot.com/)" 
207.244.157.10 - - [23/Jun/2020:08:03:47 -0700] "GET /content/all/?q=%23indieweb&offset=14&_t=rss HTTP/1.1" 200 7396 "-" "Mozilla/5.0 (compatible; MJ12bot/v1.4.8; http://mj12bot.com/)" 
45.79.26.51 - - [23/Jun/2020:08:05:21 -0700] "GET /content/statusupdates/posts/photos/checkins/bookmarkedpages?_t=rss HTTP/1.1" 200 7422 "-" "Micro.blog/1.0" 
207.244.157.10 - - [23/Jun/2020:08:05:37 -0700] "GET /content/all/?q=%23indieweb&offset=18&_t=rss HTTP/1.1" 200 7384 "-" "Mozilla/5.0 (compatible; MJ12bot/v1.4.8; http://mj12bot.com/)" 
46.229.168.130 - - [23/Jun/2020:08:05:41 -0700] "GET /content/locations HTTP/1.1" 200 11473 "-" "Mozilla/5.0 (compatible; SemrushBot/6~bl; +http://www.semrush.com/bot.html)" 
46.229.168.131 - - [23/Jun/2020:08:05:50 -0700] "GET /?offset=54&q=%23%2B%23indieweb HTTP/1.1" 200 13269 "-" "Mozilla/5.0 (compatible; SemrushBot/6~bl; +http://www.semrush.com/bot.html)" 
54.36.148.81 - - [23/Jun/2020:08:05:52 -0700] "GET /2020/very-happy-with-the-service-from-widefitshoes HTTP/1.1" 200 9435 "-" "Mozilla/5.0 (compatible; AhrefsBot/6.1; +http://ahrefs.com/robot/)" 
46.229.168.131 - - [23/Jun/2020:08:05:55 -0700] "GET /?offset=37&q=%23indieweb HTTP/1.1" 200 11228 "-" "Mozilla/5.0 (compatible; SemrushBot/6~bl; +http://www.semrush.com/bot.html)" 
46.229.168.134 - - [23/Jun/2020:08:06:28 -0700] "GET /content/rsvp/?q=%23%2B%23leaven HTTP/1.1" 200 8287 "-" "Mozilla/5.0 (compatible; SemrushBot/6~bl; +http://www.semrush.com/bot.html)" 
46.229.168.153 - - [23/Jun/2020:08:06:50 -0700] "GET /2018/our-daily-bread-31---winding-downqyup30lbumtwhat-more-is-there HTTP/1.1" 200 10058 "-" "Mozilla/5.0 (compatible; SemrushBot/6~bl; +http://www.semrush.com/bot.html)" 
54.36.148.81 - - [23/Jun/2020:08:07:30 -0700] "GET /content/bookmarkedpages/?q=%23+%23IndieWeb&offset=1 HTTP/1.1" 200 10376 "-" "Mozilla/5.0 (compatible; AhrefsBot/6.1; +http://ahrefs.com/robot/)" 
207.244.157.10 - - [23/Jun/2020:08:07:37 -0700] "GET /content/all/?q=%23indieweb&offset=24&_t=rss HTTP/1.1" 200 7421 "-" "Mozilla/5.0 (compatible; MJ12bot/v1.4.8; http://mj12bot.com/)" 
17.58.102.79 - - [23/Jun/2020:08:07:40 -0700] "GET /2019/hashtags-html HTTP/1.1" 200 9896 "-" "Mozilla/5.0 (Macintosh; Intel Mac OS X 10_15_5) AppleWebKit/605.1.15 (KHTML, like Gecko) Version/13.1.1 Safari/605.1.15 (Applebot/0.1; +http://www.apple.com/go/applebot)" 
66.249.92.47 - - [23/Jun/2020:08:08:29 -0700] "GET /2018/whats-the-problem HTTP/1.1" 200 11196 "-" "Mozilla/5.0 (compatible; GoogleDocs; apps-spreadsheets; +http://docs.google.com)" 
40.77.167.148 - - [23/Jun/2020:08:08:38 -0700] "GET /2019/hearsay-festival-is-the-coachella-of-creative-audio HTTP/1.1" 200 10007 "-" "Mozilla/5.0 (compatible; bingbot/2.0; +http://www.bing.com/bingbot.htm)" 
96.126.125.129 - - [23/Jun/2020:08:08:43 -0700] "GET /content/statusupdates/posts/photos/checkins/bookmarkedpages?_t=rss HTTP/1.1" 200 7427 "-" "Micro.blog/1.0" 
46.229.168.130 - - [23/Jun/2020:08:08:50 -0700] "GET /tag/+%23e HTTP/1.1" 200 8208 "-" "Mozilla/5.0 (compatible; SemrushBot/6~bl; +http://www.semrush.com/bot.html)" 
207.244.157.10 - - [23/Jun/2020:08:08:56 -0700] "GET /content/all/?q=%23indieweb&offset=28&_t=rss HTTP/1.1" 200 8861 "-" "Mozilla/5.0 (compatible; MJ12bot/v1.4.8; http://mj12bot.com/)" 
54.36.148.82 - - [23/Jun/2020:08:09:16 -0700] "GET /content/bookmarkedpages/?q=%23indieweb&offset=1 HTTP/1.1" 200 10361 "-" "Mozilla/5.0 (compatible; AhrefsBot/6.1; +http://ahrefs.com/robot/)" 
207.244.157.10 - - [23/Jun/2020:08:09:49 -0700] "GET /content/all/?q=%23indieweb&offset=32&_t=rss HTTP/1.1" 200 9113 "-" "Mozilla/5.0 (compatible; MJ12bot/v1.4.8; http://mj12bot.com/)" 
46.229.168.147 - - [23/Jun/2020:08:10:00 -0700] "GET /content/all/?offset=2&q=%23sourdough HTTP/1.1" 200 11762 "-" "Mozilla/5.0 (compatible; SemrushBot/6~bl; +http://www.semrush.com/bot.html)" 
207.244.157.10 - - [23/Jun/2020:08:10:43 -0700] "GET /content/all/?q=%23indieweb&offset=34&_t=rss HTTP/1.1" 200 9110 "-" "Mozilla/5.0 (compatible; MJ12bot/v1.4.8; http://mj12bot.com/)" 
46.229.168.139 - - [23/Jun/2020:08:11:03 -0700] "GET /content/photos/?offset=19&q=%23sourdough HTTP/1.1" 200 11543 "-" "Mozilla/5.0 (compatible; SemrushBot/6~bl; +http://www.semrush.com/bot.html)" 
46.229.168.143 - - [23/Jun/2020:08:11:35 -0700] "GET /?offset=4&q=%23%2B%23%23bread HTTP/1.1" 200 12243 "-" "Mozilla/5.0 (compatible; SemrushBot/6~bl; +http://www.semrush.com/bot.html)" 
46.229.168.150 - - [23/Jun/2020:08:11:37 -0700] "GET /tag/indieweb?offset=88 HTTP/1.1" 200 15634 "-" "Mozilla/5.0 (compatible; SemrushBot/6~bl; +http://www.semrush.com/bot.html)" 
46.229.168.149 - - [23/Jun/2020:08:11:42 -0700] "GET /content/posts/?offset=2 HTTP/1.1" 200 12520 "-" "Mozilla/5.0 (compatible; SemrushBot/6~bl; +http://www.semrush.com/bot.html)" 
45.79.26.51 - - [23/Jun/2020:08:11:54 -0700] "GET /content/statusupdates/posts/photos/checkins/bookmarkedpages?_t=rss HTTP/1.1" 200 7422 "-" "Micro.blog/1.0" 
207.244.157.10 - - [23/Jun/2020:08:11:55 -0700] "GET /content/all/?q=%23indieweb&offset=4&_t=rss HTTP/1.1" 200 7376 "-" "Mozilla/5.0 (compatible; MJ12bot/v1.4.8; http://mj12bot.com/)" 
46.229.168.134 - - [23/Jun/2020:08:11:56 -0700] "GET /2019/day-1-of-indieweb-challenge-2019-12-indieweb-challenge-fixed HTTP/1.1" 200 10201 "-" "Mozilla/5.0 (compatible; SemrushBot/6~bl; +http://www.semrush.com/bot.html)" 
46.229.168.136 - - [23/Jun/2020:08:11:57 -0700] "GET /?q=%23%2B%23kalonji HTTP/1.1" 200 10512 "-" "Mozilla/5.0 (compatible; SemrushBot/6~bl; +http://www.semrush.com/bot.html)" 
46.229.168.140 - - [23/Jun/2020:08:12:50 -0700] "GET /content/all/?offset=24&q=%23%2B%23sourdough HTTP/1.1" 200 11737 "-" "Mozilla/5.0 (compatible; SemrushBot/6~bl; +http://www.semrush.com/bot.html)" 
66.249.66.48 - - [23/Jun/2020:08:13:08 -0700] "GET /content/photos/?offset=740 HTTP/1.1" 200 11291 "-" "Mozilla/5.0 (Linux; Android 6.0.1; Nexus 5X Build/MMB29P) AppleWebKit/537.36 (KHTML, like Gecko) Chrome/80.0.3987.92 Mobile Safari/537.36 (compatible; Googlebot/2.1; +http://www.google.com/bot.html)" 
46.229.168.140 - - [23/Jun/2020:08:14:25 -0700] "GET /content/audio/?q=%23cooking HTTP/1.1" 200 8271 "-" "Mozilla/5.0 (compatible; SemrushBot/6~bl; +http://www.semrush.com/bot.html)" 
46.229.168.163 - - [23/Jun/2020:08:14:45 -0700] "GET /?offset=13&q=%23WithKnown HTTP/1.1" 200 12109 "-" "Mozilla/5.0 (compatible; SemrushBot/6~bl; +http://www.semrush.com/bot.html)" 
54.36.148.146 - - [23/Jun/2020:08:14:51 -0700] "GET /content/bookmarkedpages/?q=%23+%23indieweb&offset=1 HTTP/1.1" 200 10376 "-" "Mozilla/5.0 (compatible; AhrefsBot/6.1; +http://ahrefs.com/robot/)" 
207.244.157.10 - - [23/Jun/2020:08:14:52 -0700] "GET /content/all/?q=%23indieweb&offset=44&_t=rss HTTP/1.1" 200 7498 "-" "Mozilla/5.0 (compatible; MJ12bot/v1.4.8; http://mj12bot.com/)" 
45.79.26.51 - - [23/Jun/2020:08:15:08 -0700] "GET /content/statusupdates/posts/photos/checkins/bookmarkedpages?_t=rss HTTP/1.1" 200 7422 "-" "Micro.blog/1.0" 
64.111.100.215 - - [23/Jun/2020:08:15:09 -0700] "GET /content/all?_t=rss HTTP/1.1" 200 13896 "-" "Mozilla/5.0 (X11; U; Linux i686; fr; rv:1.9.1.1) Gecko/20090715 Firefox/3.5.1" 
203.133.169.112 - - [23/Jun/2020:08:15:35 -0700] "GET /content/events/?q=%23+%23hearsay19&_t=rss HTTP/1.1" 200 5344 "-" "Mozilla/5.0 (compatible; Daum/4.1; +http://cs.daum.net/faq/15/4118.html?faqId=28966)" 
207.244.157.10 - - [23/Jun/2020:08:15:54 -0700] "GET /content/all/?q=%23indieweb&offset=54&_t=rss HTTP/1.1" 200 9108 "-" "Mozilla/5.0 (compatible; MJ12bot/v1.4.8; http://mj12bot.com/)" 
157.55.39.4 - - [23/Jun/2020:08:16:07 -0700] "GET /2017/time-to-start-a-new-batch-of HTTP/1.1" 200 11289 "-" "Mozilla/5.0 (compatible; bingbot/2.0; +http://www.bing.com/bingbot.htm)" 
46.229.168.129 - - [23/Jun/2020:08:16:20 -0700] "GET /2017/i-moved-everything-to-fastmail-too-a-couple-of-years HTTP/1.1" 200 10076 "-" "Mozilla/5.0 (compatible; SemrushBot/6~bl; +http://www.semrush.com/bot.html)" 
203.133.169.112 - - [23/Jun/2020:08:16:30 -0700] "GET /content/events/?q=%23+%23hearsay19&_t=rss HTTP/1.1" 200 5344 "-" "Mozilla/5.0 (compatible; Daum/4.1; +http://cs.daum.net/faq/15/4118.html?faqId=28966)" 
46.229.168.150 - - [23/Jun/2020:08:16:38 -0700] "GET /?offset=81&q=%23%2B%23indieweb HTTP/1.1" 200 13591 "-" "Mozilla/5.0 (compatible; SemrushBot/6~bl; +http://www.semrush.com/bot.html)" 
54.36.148.198 - - [23/Jun/2020:08:16:43 -0700] "GET /tag/podcast?offset=16 HTTP/1.1" 200 11670 "-" "Mozilla/5.0 (compatible; AhrefsBot/6.1; +http://ahrefs.com/robot/)" 
46.229.168.152 - - [23/Jun/2020:08:16:54 -0700] "GET /file/2b3c60e2b36f7092fcb9417273680958/10e82885912aa6f8396a01c3af9efab4 HTTP/1.1" 500 78261 "-" "Mozilla/5.0 (compatible; SemrushBot/6~bl; +http://www.semrush.com/bot.html)" 
46.229.168.153 - - [23/Jun/2020:08:17:20 -0700] "GET /2019/codename-nvultra---brettterpstracom HTTP/1.1" 200 9452 "-" "Mozilla/5.0 (compatible; SemrushBot/6~bl; +http://www.semrush.com/bot.html)" 
46.229.168.148 - - [23/Jun/2020:08:17:20 -0700] "GET /?offset=51&q=%23WithKnown HTTP/1.1" 200 10103 "-" "Mozilla/5.0 (compatible; SemrushBot/6~bl; +http://www.semrush.com/bot.html)" 
203.133.169.112 - - [23/Jun/2020:08:17:20 -0700] "GET /content/events/?q=%23+%23hearsay19&_t=rss HTTP/1.1" 200 5344 "-" "Mozilla/5.0 (compatible; Daum/4.1; +http://cs.daum.net/faq/15/4118.html?faqId=28966)" 
207.244.157.10 - - [23/Jun/2020:08:17:43 -0700] "GET /content/all/?q=%23indieweb&offset=64&_t=rss HTTP/1.1" 200 7655 "-" "Mozilla/5.0 (compatible; MJ12bot/v1.4.8; http://mj12bot.com/)" 
46.229.168.139 - - [23/Jun/2020:08:17:45 -0700] "GET /2017/all-quiet-on-the-front HTTP/1.1" 200 11180 "-" "Mozilla/5.0 (compatible; SemrushBot/6~bl; +http://www.semrush.com/bot.html)" 
46.229.168.132 - - [23/Jun/2020:08:17:50 -0700] "GET /2018/i-havent-done-the-micro-monday-thing-before-now-mondays HTTP/1.1" 200 9577 "-" "Mozilla/5.0 (compatible; SemrushBot/6~bl; +http://www.semrush.com/bot.html)" 
46.229.168.146 - - [23/Jun/2020:08:17:50 -0700] "GET /tag/antibiotics HTTP/1.1" 200 9756 "-" "Mozilla/5.0 (compatible; SemrushBot/6~bl; +http://www.semrush.com/bot.html)" 
45.79.26.51 - - [23/Jun/2020:08:18:34 -0700] "GET /content/statusupdates/posts/photos/checkins/bookmarkedpages?_t=rss HTTP/1.1" 200 7422 "-" "Micro.blog/1.0" 
54.36.148.81 - - [23/Jun/2020:08:18:34 -0700] "GET /?q=%23podcast&offset=16 HTTP/1.1" 200 11693 "-" "Mozilla/5.0 (compatible; AhrefsBot/6.1; +http://ahrefs.com/robot/)" 
207.244.157.10 - - [23/Jun/2020:08:19:03 -0700] "GET /content/all/?q=%23indieweb&offset=72&_t=rss HTTP/1.1" 200 8631 "-" "Mozilla/5.0 (compatible; MJ12bot/v1.4.8; http://mj12bot.com/)" 
54.36.148.81 - - [23/Jun/2020:08:20:15 -0700] "GET /content/all/?q=%23podcast&offset=26 HTTP/1.1" 200 11870 "-" "Mozilla/5.0 (compatible; AhrefsBot/6.1; +http://ahrefs.com/robot/)" 
54.39.177.198 - - [23/Jun/2020:08:20:48 -0700] "GET /?_t=rss HTTP/1.1" 200 7277 "-" "Mozilla/5.0 (compatible; YaK/1.0; http://linkfluence.com/; bot@linkfluence.com)" 
207.244.157.10 - - [23/Jun/2020:08:20:54 -0700] "GET /content/all/?q=%23indieweb&offset=78&_t=rss HTTP/1.1" 200 9450 "-" "Mozilla/5.0 (compatible; MJ12bot/v1.4.8; http://mj12bot.com/)" 
40.77.167.169 - - [23/Jun/2020:08:21:23 -0700] "GET /2018/i-see-that-there-is-a-service HTTP/1.1" 200 10026 "-" "Mozilla/5.0 (compatible; bingbot/2.0; +http://www.bing.com/bingbot.htm)" 
46.229.168.129 - - [23/Jun/2020:08:21:33 -0700] "GET /content/posts/?offset=42 HTTP/1.1" 200 13164 "-" "Mozilla/5.0 (compatible; SemrushBot/6~bl; +http://www.semrush.com/bot.html)" 
54.36.148.249 - - [23/Jun/2020:08:21:53 -0700] "GET /content/bookmarkedpages/?q=%23+%23indieweb&offset=1 HTTP/1.1" 200 10431 "-" "Mozilla/5.0 (compatible; AhrefsBot/6.1; +http://ahrefs.com/robot/)" 
46.229.168.134 - - [23/Jun/2020:08:21:59 -0700] "GET /?offset=20&q=%23%2B%23IndieWeb HTTP/1.1" 200 11316 "-" "Mozilla/5.0 (compatible; SemrushBot/6~bl; +http://www.semrush.com/bot.html)" 
207.244.157.10 - - [23/Jun/2020:08:22:11 -0700] "GET /content/all/?q=%23indieweb&offset=8&_t=rss HTTP/1.1" 200 7325 "-" "Mozilla/5.0 (compatible; MJ12bot/v1.4.8; http://mj12bot.com/)" 
46.229.168.154 - - [23/Jun/2020:08:22:14 -0700] "GET /content/audio/?q=%23%2B%23cooking HTTP/1.1" 200 8287 "-" "Mozilla/5.0 (compatible; SemrushBot/6~bl; +http://www.semrush.com/bot.html)" 
167.172.219.142 - - [23/Jun/2020:08:22:47 -0700] "GET /?_t=rss HTTP/1.1" 200 7190 "-" "Feedbin feed-id:1536727 - 1 subscribers" 
46.229.168.147 - - [23/Jun/2020:08:22:53 -0700] "GET /?offset=260 HTTP/1.1" 200 11805 "-" "Mozilla/5.0 (compatible; SemrushBot/6~bl; +http://www.semrush.com/bot.html)" 
45.79.26.51 - - [23/Jun/2020:08:23:13 -0700] "GET /content/statusupdates/posts/photos/checkins/bookmarkedpages?_t=rss HTTP/1.1" 200 7422 "-" "Micro.blog/1.0" 
207.244.157.10 - - [23/Jun/2020:08:23:14 -0700] "GET /content/all/?q=%23indieweb&offset=80&_t=rss HTTP/1.1" 200 9676 "-" "Mozilla/5.0 (compatible; MJ12bot/v1.4.8; http://mj12bot.com/)" 
46.229.168.151 - - [23/Jun/2020:08:23:15 -0700] "GET /2018/the-lack-of-threading-at-microblog-saves HTTP/1.1" 200 9317 "-" "Mozilla/5.0 (compatible; SemrushBot/6~bl; +http://www.semrush.com/bot.html)" 
46.229.168.145 - - [23/Jun/2020:08:23:33 -0700] "GET /content/all/?offset=0&q=%23%2B%23photo HTTP/1.1" 200 12612 "-" "Mozilla/5.0 (compatible; SemrushBot/6~bl; +http://www.semrush.com/bot.html)" 
46.229.168.136 - - [23/Jun/2020:08:23:46 -0700] "GET /content/all/?q=%23%2B%23Fiction HTTP/1.1" 200 8278 "-" "Mozilla/5.0 (compatible; SemrushBot/6~bl; +http://www.semrush.com/bot.html)" 
46.229.168.162 - - [23/Jun/2020:08:24:07 -0700] "GET /2019/a-big-black-bee HTTP/1.1" 200 13307 "-" "Mozilla/5.0 (compatible; SemrushBot/6~bl; +http://www.semrush.com/bot.html)" 
46.229.168.146 - - [23/Jun/2020:08:24:10 -0700] "GET /content/posts?offset=64 HTTP/1.1" 200 15629 "-" "Mozilla/5.0 (compatible; SemrushBot/6~bl; +http://www.semrush.com/bot.html)" 
207.244.157.10 - - [23/Jun/2020:08:24:20 -0700] "GET /content/all/?q=%23indieweb&offset=82&_t=rss HTTP/1.1" 200 9766 "-" "Mozilla/5.0 (compatible; MJ12bot/v1.4.8; http://mj12bot.com/)" 
46.229.168.142 - - [23/Jun/2020:08:25:05 -0700] "GET /?offset=49&q=%23%2B%23sourdough HTTP/1.1" 200 10839 "-" "Mozilla/5.0 (compatible; SemrushBot/6~bl; +http://www.semrush.com/bot.html)" 
