192.99.13.133 - - [27/Jun/2020:01:02:38 -0700] "GET /?q=%2523IndieWeb HTTP/1.1" 200 8244 "-" "Mozilla/5.0 (compatible; MJ12bot/v1.4.8; http://mj12bot.com/)" 
66.249.64.178 - - [27/Jun/2020:01:02:48 -0700] "GET /service/web/unfurl/?url=https%3A%2F%2Fchrisbeckstrom.com%2Fstream%2F2018%2F03%2F22%2Fabout-this-website%2F&__bTk=bc81c7a227d8873e74d3ca23bc434af7ae4da4a93a2df388e7d1c985fee17bf9&__bTs=1591488000 HTTP/1.1" 403 5125 "https://www.stream.jeremycherfas.net/content/all/?offset=1417&_t=amp" "Mozilla/5.0 (Linux; Android 6.0.1; Nexus 5X Build/MMB29P) AppleWebKit/537.36 (KHTML, like Gecko) Chrome/83.0.4103.118 Mobile Safari/537.36 (compatible; Googlebot/2.1; +http://www.google.com/bot.html)" 
66.249.64.180 - - [27/Jun/2020:01:02:48 -0700] "GET /service/web/unfurl/?url=https%3A%2F%2Fwww.jeremycherfas.net%2Fblog%2Fputting-my-house-in-order-phase-2&__bTk=bc81c7a227d8873e74d3ca23bc434af7ae4da4a93a2df388e7d1c985fee17bf9&__bTs=1591488000 HTTP/1.1" 403 5121 "https://www.stream.jeremycherfas.net/content/all/?offset=1417&_t=amp" "Mozilla/5.0 (Linux; Android 6.0.1; Nexus 5X Build/MMB29P) AppleWebKit/537.36 (KHTML, like Gecko) Chrome/83.0.4103.118 Mobile Safari/537.36 (compatible; Googlebot/2.1; +http://www.google.com/bot.html)" 
66.249.64.178 - - [27/Jun/2020:01:02:49 -0700] "GET /service/web/unfurl/?url=https%3A%2F%2Ftwitter.com%2Ftimberners_lee%2Fstatus%2F976623318941003776&__bTk=bc81c7a227d8873e74d3ca23bc434af7ae4da4a93a2df388e7d1c985fee17bf9&__bTs=1591488000 HTTP/1.1" 403 1442 "https://www.stream.jeremycherfas.net/content/all/?offset=1417&_t=amp" "Mozilla/5.0 (Linux; Android 6.0.1; Nexus 5X Build/MMB29P) AppleWebKit/537.36 (KHTML, like Gecko) Chrome/83.0.4103.118 Mobile Safari/537.36 (compatible; Googlebot/2.1; +http://www.google.com/bot.html)" 
66.249.64.180 - - [27/Jun/2020:01:02:49 -0700] "GET /service/web/unfurl/?url=https%3A%2F%2Fadactio.com%2Fjournal%2F7698&__bTk=bc81c7a227d8873e74d3ca23bc434af7ae4da4a93a2df388e7d1c985fee17bf9&__bTs=1591488000 HTTP/1.1" 403 5085 "https://www.stream.jeremycherfas.net/content/all/?offset=1417&_t=amp" "Mozilla/5.0 (Linux; Android 6.0.1; Nexus 5X Build/MMB29P) AppleWebKit/537.36 (KHTML, like Gecko) Chrome/83.0.4103.118 Mobile Safari/537.36 (compatible; Googlebot/2.1; +http://www.google.com/bot.html)" 
66.249.64.178 - - [27/Jun/2020:01:02:50 -0700] "GET /service/web/unfurl/?url=https%3A%2F%2Fchrisbeckstrom.com%2Fstream%2F2018%2F03%2F22%2Fabout-this-website%2F&__bTk=bc81c7a227d8873e74d3ca23bc434af7ae4da4a93a2df388e7d1c985fee17bf9&__bTs=1592865882 HTTP/1.1" 403 5125 "https://www.stream.jeremycherfas.net/content/all/?offset=1417&_t=amp" "Mozilla/5.0 (Linux; Android 6.0.1; Nexus 5X Build/MMB29P) AppleWebKit/537.36 (KHTML, like Gecko) Chrome/83.0.4103.118 Mobile Safari/537.36 (compatible; Googlebot/2.1; +http://www.google.com/bot.html)" 
66.249.64.176 - - [27/Jun/2020:01:02:51 -0700] "GET /service/web/unfurl/?url=https%3A%2F%2Fwww.jeremycherfas.net%2Fblog%2Fputting-my-house-in-order-phase-2&__bTk=bc81c7a227d8873e74d3ca23bc434af7ae4da4a93a2df388e7d1c985fee17bf9&__bTs=1592865882 HTTP/1.1" 403 5121 "https://www.stream.jeremycherfas.net/content/all/?offset=1417&_t=amp" "Mozilla/5.0 (Linux; Android 6.0.1; Nexus 5X Build/MMB29P) AppleWebKit/537.36 (KHTML, like Gecko) Chrome/83.0.4103.118 Mobile Safari/537.36 (compatible; Googlebot/2.1; +http://www.google.com/bot.html)" 
66.249.64.178 - - [27/Jun/2020:01:02:51 -0700] "GET /service/web/unfurl/?url=https%3A%2F%2Ftwitter.com%2Ftimberners_lee%2Fstatus%2F976623318941003776&__bTk=bc81c7a227d8873e74d3ca23bc434af7ae4da4a93a2df388e7d1c985fee17bf9&__bTs=1592865882 HTTP/1.1" 403 5115 "https://www.stream.jeremycherfas.net/content/all/?offset=1417&_t=amp" "Mozilla/5.0 (Linux; Android 6.0.1; Nexus 5X Build/MMB29P) AppleWebKit/537.36 (KHTML, like Gecko) Chrome/83.0.4103.118 Mobile Safari/537.36 (compatible; Googlebot/2.1; +http://www.google.com/bot.html)" 
66.249.64.178 - - [27/Jun/2020:01:02:52 -0700] "GET /service/web/unfurl/?url=https%3A%2F%2Fadactio.com%2Fjournal%2F7698&__bTk=bc81c7a227d8873e74d3ca23bc434af7ae4da4a93a2df388e7d1c985fee17bf9&__bTs=1592865882 HTTP/1.1" 403 1412 "https://www.stream.jeremycherfas.net/content/all/?offset=1417&_t=amp" "Mozilla/5.0 (Linux; Android 6.0.1; Nexus 5X Build/MMB29P) AppleWebKit/537.36 (KHTML, like Gecko) Chrome/83.0.4103.118 Mobile Safari/537.36 (compatible; Googlebot/2.1; +http://www.google.com/bot.html)" 
46.229.168.140 - - [27/Jun/2020:01:03:00 -0700] "GET /content/statusupdates/?offset=18&q=%23%2B%23%23indieweb HTTP/1.1" 200 11210 "-" "Mozilla/5.0 (compatible; SemrushBot/6~bl; +http://www.semrush.com/bot.html)" 
192.99.13.133 - - [27/Jun/2020:01:03:25 -0700] "GET /content/all/?q=%2523IndieWeb HTTP/1.1" 200 8260 "-" "Mozilla/5.0 (compatible; MJ12bot/v1.4.8; http://mj12bot.com/)" 
46.229.168.135 - - [27/Jun/2020:01:03:38 -0700] "GET /tag/WithKnown?offset=50 HTTP/1.1" 200 10506 "-" "Mozilla/5.0 (compatible; SemrushBot/6~bl; +http://www.semrush.com/bot.html)" 
192.99.13.133 - - [27/Jun/2020:01:03:51 -0700] "GET /content/audio/?q=%23Rye HTTP/1.1" 200 8260 "-" "Mozilla/5.0 (compatible; MJ12bot/v1.4.8; http://mj12bot.com/)" 
54.36.149.47 - - [27/Jun/2020:01:04:17 -0700] "GET /2018/the-inevitable-and-welcome-consequence-of-working-up-a-leaven HTTP/1.1" 200 11246 "-" "Mozilla/5.0 (compatible; AhrefsBot/6.1; +http://ahrefs.com/robot/)" 
192.99.13.133 - - [27/Jun/2020:01:04:42 -0700] "GET /content/bookmarkedpages/?q=%2523IndieWeb HTTP/1.1" 200 8289 "-" "Mozilla/5.0 (compatible; MJ12bot/v1.4.8; http://mj12bot.com/)" 
54.36.148.81 - - [27/Jun/2020:01:05:17 -0700] "GET /2020/meeting-of-the-withknown-open-collective HTTP/1.1" 200 9445 "-" "Mozilla/5.0 (compatible; AhrefsBot/6.1; +http://ahrefs.com/robot/)" 
192.99.13.133 - - [27/Jun/2020:01:05:23 -0700] "GET /content/bookmarkedpages/?q=%2523sourdough HTTP/1.1" 200 8294 "-" "Mozilla/5.0 (compatible; MJ12bot/v1.4.8; http://mj12bot.com/)" 
46.229.168.147 - - [27/Jun/2020:01:05:34 -0700] "GET /content/all/?offset=134&q=%23%2B%23%23indieweb HTTP/1.1" 200 12781 "-" "Mozilla/5.0 (compatible; SemrushBot/6~bl; +http://www.semrush.com/bot.html)" 
46.229.168.137 - - [27/Jun/2020:01:05:40 -0700] "GET /tag/bread?offset=44 HTTP/1.1" 200 12193 "-" "Mozilla/5.0 (compatible; SemrushBot/6~bl; +http://www.semrush.com/bot.html)" 
46.229.168.139 - - [27/Jun/2020:01:06:02 -0700] "GET /tag/bread?offset=9 HTTP/1.1" 200 12494 "-" "Mozilla/5.0 (compatible; SemrushBot/6~bl; +http://www.semrush.com/bot.html)" 
46.229.168.139 - - [27/Jun/2020:01:06:26 -0700] "GET /content/posts/?offset=55 HTTP/1.1" 200 16006 "-" "Mozilla/5.0 (compatible; SemrushBot/6~bl; +http://www.semrush.com/bot.html)" 
17.58.102.79 - - [27/Jun/2020:01:06:28 -0700] "GET /2020/so-happy-to-see-helen-rosner-hels HTTP/1.1" 200 10022 "-" "Mozilla/5.0 (Macintosh; Intel Mac OS X 10_15_5) AppleWebKit/605.1.15 (KHTML, like Gecko) Version/13.1.1 Safari/605.1.15 (Applebot/0.1; +http://www.apple.com/go/applebot)" 
192.99.13.133 - - [27/Jun/2020:01:06:30 -0700] "GET /content/events/?q=%23Rye HTTP/1.1" 200 8262 "-" "Mozilla/5.0 (compatible; MJ12bot/v1.4.8; http://mj12bot.com/)" 
192.99.13.133 - - [27/Jun/2020:01:06:46 -0700] "GET /content/events/?q=%23plumeria HTTP/1.1" 200 8271 "-" "Mozilla/5.0 (compatible; MJ12bot/v1.4.8; http://mj12bot.com/)" 
45.79.26.51 - - [27/Jun/2020:01:06:51 -0700] "GET /content/statusupdates/posts/photos/checkins/bookmarkedpages?_t=rss HTTP/1.1" 200 7389 "-" "Micro.blog/1.0" 
46.229.168.148 - - [27/Jun/2020:01:06:55 -0700] "GET /2018/philvincent-just-discovered-10dot-and-went-looking HTTP/1.1" 200 9600 "-" "Mozilla/5.0 (compatible; SemrushBot/6~bl; +http://www.semrush.com/bot.html)" 
192.99.13.133 - - [27/Jun/2020:01:07:03 -0700] "GET /content/events/?q=%2523IndieWeb HTTP/1.1" 200 8275 "-" "Mozilla/5.0 (compatible; MJ12bot/v1.4.8; http://mj12bot.com/)" 
192.99.13.133 - - [27/Jun/2020:01:07:23 -0700] "GET /content/events/?q=%2523sourdough HTTP/1.1" 200 8279 "-" "Mozilla/5.0 (compatible; MJ12bot/v1.4.8; http://mj12bot.com/)" 
192.99.13.133 - - [27/Jun/2020:01:07:59 -0700] "GET /content/locations/?q=%23FDA&_t=rss HTTP/1.1" 200 4761 "-" "Mozilla/5.0 (compatible; MJ12bot/v1.4.8; http://mj12bot.com/)" 
54.36.149.94 - - [27/Jun/2020:01:08:04 -0700] "GET /2018/2018-01-12 HTTP/1.1" 200 9672 "-" "Mozilla/5.0 (compatible; AhrefsBot/6.1; +http://ahrefs.com/robot/)" 
46.229.168.136 - - [27/Jun/2020:01:08:28 -0700] "GET /2018/yes-it-has-been-a-while HTTP/1.1" 200 9630 "-" "Mozilla/5.0 (compatible; SemrushBot/6~bl; +http://www.semrush.com/bot.html)" 
46.229.168.149 - - [27/Jun/2020:01:08:32 -0700] "GET /2019/latest-episode-we-need-to-talk-about-meatnot-arguing-pro HTTP/1.1" 200 14456 "-" "Mozilla/5.0 (compatible; SemrushBot/6~bl; +http://www.semrush.com/bot.html)" 
46.229.168.134 - - [27/Jun/2020:01:08:33 -0700] "GET /?offset=35&q=%23WithKnown HTTP/1.1" 200 11568 "-" "Mozilla/5.0 (compatible; SemrushBot/6~bl; +http://www.semrush.com/bot.html)" 
40.77.167.169 - - [27/Jun/2020:01:09:02 -0700] "GET /2018/i-havent-done-the-micro-monday-thing-before-now-mondays HTTP/1.1" 200 10161 "-" "Mozilla/5.0 (compatible; bingbot/2.0; +http://www.bing.com/bingbot.htm)" 
46.229.168.139 - - [27/Jun/2020:01:10:16 -0700] "GET /robots.txt HTTP/1.1" 200 4277 "-" "Mozilla/5.0 (compatible; SemrushBot/6~bl; +http://www.semrush.com/bot.html)" 
46.229.168.163 - - [27/Jun/2020:01:10:16 -0700] "GET /2020/checked-into-galleria-umberto-i HTTP/1.1" 200 9501 "-" "Mozilla/5.0 (compatible; SemrushBot/6~bl; +http://www.semrush.com/bot.html)" 
46.229.168.161 - - [27/Jun/2020:01:10:21 -0700] "GET /content/all/?offset=52&q=%23%2B%23food HTTP/1.1" 200 9507 "-" "Mozilla/5.0 (compatible; SemrushBot/6~bl; +http://www.semrush.com/bot.html)" 
46.229.168.146 - - [27/Jun/2020:01:10:28 -0700] "GET /content/bookmarkedpages/?offset=180 HTTP/1.1" 200 10634 "-" "Mozilla/5.0 (compatible; SemrushBot/6~bl; +http://www.semrush.com/bot.html)" 
96.126.125.129 - - [27/Jun/2020:01:10:58 -0700] "GET /content/statusupdates/posts/photos/checkins/bookmarkedpages?_t=rss HTTP/1.1" 200 7394 "-" "Micro.blog/1.0" 
46.229.168.148 - - [27/Jun/2020:01:11:44 -0700] "GET /2017/matigo-make-it-soid-say-that-this-would-make-the HTTP/1.1" 200 9842 "-" "Mozilla/5.0 (compatible; SemrushBot/6~bl; +http://www.semrush.com/bot.html)" 
167.172.118.185 - - [27/Jun/2020:01:13:09 -0700] "GET /?_t=rss HTTP/1.1" 200 7221 "-" "Feedbin feed-id:1536727 - 1 subscribers" 
46.229.168.134 - - [27/Jun/2020:01:13:10 -0700] "GET /2017/the-decentralized-social-web HTTP/1.1" 200 9379 "-" "Mozilla/5.0 (compatible; SemrushBot/6~bl; +http://www.semrush.com/bot.html)" 
46.229.168.135 - - [27/Jun/2020:01:13:52 -0700] "GET /content/statusupdates/?offset=32&q=%23%2B%23%23indieweb HTTP/1.1" 200 8563 "-" "Mozilla/5.0 (compatible; SemrushBot/6~bl; +http://www.semrush.com/bot.html)" 
96.126.125.129 - - [27/Jun/2020:01:14:20 -0700] "GET /content/statusupdates/posts/photos/checkins/bookmarkedpages?_t=rss HTTP/1.1" 200 7394 "-" "Micro.blog/1.0" 
66.249.64.112 - - [27/Jun/2020:01:14:35 -0700] "GET /2017/all-hail-the-new-graduates-of-u-day-2-much HTTP/1.1" 200 11630 "-" "Mozilla/5.0 (Linux; Android 6.0.1; Nexus 5X Build/MMB29P) AppleWebKit/537.36 (KHTML, like Gecko) Chrome/80.0.3987.92 Mobile Safari/537.36 (compatible; Googlebot/2.1; +http://www.google.com/bot.html)" 
46.229.168.152 - - [27/Jun/2020:01:15:03 -0700] "GET /content/bookmarkedpages/?q=%23sourdough HTTP/1.1" 200 8297 "-" "Mozilla/5.0 (compatible; SemrushBot/6~bl; +http://www.semrush.com/bot.html)" 
46.229.168.162 - - [27/Jun/2020:01:15:27 -0700] "GET /content/all/?q=%23%2B%23rustic HTTP/1.1" 200 10257 "-" "Mozilla/5.0 (compatible; SemrushBot/6~bl; +http://www.semrush.com/bot.html)" 
46.229.168.143 - - [27/Jun/2020:01:16:00 -0700] "GET /content/events/?q=%23%2B%23ciwf HTTP/1.1" 200 8286 "-" "Mozilla/5.0 (compatible; SemrushBot/6~bl; +http://www.semrush.com/bot.html)" 
64.111.100.215 - - [27/Jun/2020:01:16:19 -0700] "GET /content/all?_t=rss HTTP/1.1" 200 14114 "-" "Mozilla/5.0 (X11; U; Linux i686; fr; rv:1.9.1.1) Gecko/20090715 Firefox/3.5.1" 
46.229.168.141 - - [27/Jun/2020:01:16:43 -0700] "GET /?offset=46&q=%23%2B%23indieweb HTTP/1.1" 200 11751 "-" "Mozilla/5.0 (compatible; SemrushBot/6~bl; +http://www.semrush.com/bot.html)" 
54.36.148.81 - - [27/Jun/2020:01:17:05 -0700] "GET /profile/jeremy HTTP/1.1" 200 31191 "-" "Mozilla/5.0 (compatible; AhrefsBot/6.1; +http://ahrefs.com/robot/)" 
45.79.26.51 - - [27/Jun/2020:01:17:25 -0700] "GET /content/statusupdates/posts/photos/checkins/bookmarkedpages?_t=rss HTTP/1.1" 200 7389 "-" "Micro.blog/1.0" 
192.99.13.133 - - [27/Jun/2020:01:17:42 -0700] "GET /content/locations/?q=%23Rye HTTP/1.1" 200 8310 "-" "Mozilla/5.0 (compatible; MJ12bot/v1.4.8; http://mj12bot.com/)" 
46.229.168.131 - - [27/Jun/2020:01:17:45 -0700] "GET /2019/i-love-how-this-wisteria-has-coopted-a-nearby-tree HTTP/1.1" 200 15358 "-" "Mozilla/5.0 (compatible; SemrushBot/6~bl; +http://www.semrush.com/bot.html)" 
192.99.13.133 - - [27/Jun/2020:01:17:48 -0700] "GET /content/locations/?q=%23afternoontreat&_t=rss HTTP/1.1" 200 4779 "-" "Mozilla/5.0 (compatible; MJ12bot/v1.4.8; http://mj12bot.com/)" 
46.229.168.139 - - [27/Jun/2020:01:17:51 -0700] "GET /2017/getting-set-for-virtual-homebrew-website-club-want-to-join HTTP/1.1" 200 9393 "-" "Mozilla/5.0 (compatible; SemrushBot/6~bl; +http://www.semrush.com/bot.html)" 
192.99.13.133 - - [27/Jun/2020:01:17:58 -0700] "GET /content/locations/?q=%23indiewebcitizen HTTP/1.1" 200 8289 "-" "Mozilla/5.0 (compatible; MJ12bot/v1.4.8; http://mj12bot.com/)" 
54.36.149.12 - - [27/Jun/2020:01:18:00 -0700] "GET /profile/jeremy?offset=150 HTTP/1.1" 200 17606 "-" "Mozilla/5.0 (compatible; AhrefsBot/6.1; +http://ahrefs.com/robot/)" 
192.99.13.133 - - [27/Jun/2020:01:18:10 -0700] "GET /content/locations/?q=%23testtag HTTP/1.1" 200 8274 "-" "Mozilla/5.0 (compatible; MJ12bot/v1.4.8; http://mj12bot.com/)" 
192.99.13.133 - - [27/Jun/2020:01:18:38 -0700] "GET /content/locations/?q=%2523IndieWeb HTTP/1.1" 200 8281 "-" "Mozilla/5.0 (compatible; MJ12bot/v1.4.8; http://mj12bot.com/)" 
107.178.200.236 - - [27/Jun/2020:01:18:42 -0700] "HEAD /2020/very-happy-with-the-service-from-widefitshoes HTTP/1.1" 200 4350 "-" "Bridgy (https://brid.gy/about)" 
192.99.13.133 - - [27/Jun/2020:01:18:51 -0700] "GET /content/locations/?q=%2523gazpacho&_t=rss HTTP/1.1" 200 4774 "-" "Mozilla/5.0 (compatible; MJ12bot/v1.4.8; http://mj12bot.com/)" 
54.36.148.20 - - [27/Jun/2020:01:18:58 -0700] "GET /tag/Indieweb?offset=144 HTTP/1.1" 200 8462 "-" "Mozilla/5.0 (compatible; AhrefsBot/6.1; +http://ahrefs.com/robot/)" 
192.99.13.133 - - [27/Jun/2020:01:19:01 -0700] "GET /content/locations/?q=%2523sourdough HTTP/1.1" 200 8285 "-" "Mozilla/5.0 (compatible; MJ12bot/v1.4.8; http://mj12bot.com/)" 
192.99.13.133 - - [27/Jun/2020:01:19:17 -0700] "GET /content/photos/?offset=120&_t=rss HTTP/1.1" 200 7060 "-" "Mozilla/5.0 (compatible; MJ12bot/v1.4.8; http://mj12bot.com/)" 
46.229.168.138 - - [27/Jun/2020:01:19:22 -0700] "GET /2018/2018-12-11 HTTP/1.1" 200 9761 "-" "Mozilla/5.0 (compatible; SemrushBot/6~bl; +http://www.semrush.com/bot.html)" 
192.99.13.133 - - [27/Jun/2020:01:19:28 -0700] "GET /content/photos/?offset=140&_t=rss HTTP/1.1" 200 7284 "-" "Mozilla/5.0 (compatible; MJ12bot/v1.4.8; http://mj12bot.com/)" 
46.229.168.129 - - [27/Jun/2020:01:19:56 -0700] "GET /content/all/?offset=13&q=%23withknown HTTP/1.1" 200 12092 "-" "Mozilla/5.0 (compatible; SemrushBot/6~bl; +http://www.semrush.com/bot.html)" 
54.36.148.201 - - [27/Jun/2020:01:19:58 -0700] "GET /content/all/?q=%23Indieweb&offset=144 HTTP/1.1" 200 8500 "-" "Mozilla/5.0 (compatible; AhrefsBot/6.1; +http://ahrefs.com/robot/)" 
192.99.13.133 - - [27/Jun/2020:01:20:14 -0700] "GET /content/photos/?offset=160&_t=rss HTTP/1.1" 200 7510 "-" "Mozilla/5.0 (compatible; MJ12bot/v1.4.8; http://mj12bot.com/)" 
66.249.64.110 - - [27/Jun/2020:01:20:33 -0700] "GET /content/all?_t=amp&offset=1340 HTTP/1.1" 200 11590 "-" "Mozilla/5.0 (Linux; Android 6.0.1; Nexus 5X Build/MMB29P) AppleWebKit/537.36 (KHTML, like Gecko) Chrome/80.0.3987.92 Mobile Safari/537.36 (compatible; Googlebot/2.1; +http://www.google.com/bot.html)" 
192.99.13.133 - - [27/Jun/2020:01:20:46 -0700] "GET /content/photos/?offset=208&_t=rss HTTP/1.1" 200 7864 "-" "Mozilla/5.0 (compatible; MJ12bot/v1.4.8; http://mj12bot.com/)" 
192.99.13.133 - - [27/Jun/2020:01:21:02 -0700] "GET /content/photos/?offset=210 HTTP/1.1" 200 11575 "-" "Mozilla/5.0 (compatible; MJ12bot/v1.4.8; http://mj12bot.com/)" 
96.126.125.129 - - [27/Jun/2020:01:21:05 -0700] "GET /content/statusupdates/posts/photos/checkins/bookmarkedpages?_t=rss HTTP/1.1" 200 7394 "-" "Micro.blog/1.0" 
46.229.168.147 - - [27/Jun/2020:01:21:13 -0700] "GET /content/all/?offset=10&q=%23Indieweb HTTP/1.1" 200 11624 "-" "Mozilla/5.0 (compatible; SemrushBot/6~bl; +http://www.semrush.com/bot.html)" 
192.99.13.133 - - [27/Jun/2020:01:21:20 -0700] "GET /content/photos/?offset=228&_t=rss HTTP/1.1" 200 7671 "-" "Mozilla/5.0 (compatible; MJ12bot/v1.4.8; http://mj12bot.com/)" 
46.229.168.161 - - [27/Jun/2020:01:21:24 -0700] "GET /content/all/?offset=126&q=%23indieweb HTTP/1.1" 200 11754 "-" "Mozilla/5.0 (compatible; SemrushBot/6~bl; +http://www.semrush.com/bot.html)" 
46.229.168.149 - - [27/Jun/2020:01:21:28 -0700] "GET /?offset=63&q=%23indieweb HTTP/1.1" 200 10981 "-" "Mozilla/5.0 (compatible; SemrushBot/6~bl; +http://www.semrush.com/bot.html)" 
192.99.13.133 - - [27/Jun/2020:01:21:49 -0700] "GET /content/photos/?offset=238 HTTP/1.1" 200 10894 "-" "Mozilla/5.0 (compatible; MJ12bot/v1.4.8; http://mj12bot.com/)" 
192.99.13.133 - - [27/Jun/2020:01:22:10 -0700] "GET /content/photos/?offset=243 HTTP/1.1" 200 10625 "-" "Mozilla/5.0 (compatible; MJ12bot/v1.4.8; http://mj12bot.com/)" 
192.99.13.133 - - [27/Jun/2020:01:22:33 -0700] "GET /content/photos/?offset=250&_t=rss HTTP/1.1" 200 7160 "-" "Mozilla/5.0 (compatible; MJ12bot/v1.4.8; http://mj12bot.com/)" 
192.99.13.133 - - [27/Jun/2020:01:22:57 -0700] "GET /content/photos/?offset=253 HTTP/1.1" 200 11140 "-" "Mozilla/5.0 (compatible; MJ12bot/v1.4.8; http://mj12bot.com/)" 
192.99.13.133 - - [27/Jun/2020:01:23:20 -0700] "GET /content/photos/?offset=253&_t=rss HTTP/1.1" 200 7433 "-" "Mozilla/5.0 (compatible; MJ12bot/v1.4.8; http://mj12bot.com/)" 
192.99.13.133 - - [27/Jun/2020:01:23:46 -0700] "GET /content/photos/?offset=263&_t=rss HTTP/1.1" 200 7711 "-" "Mozilla/5.0 (compatible; MJ12bot/v1.4.8; http://mj12bot.com/)" 
192.99.13.133 - - [27/Jun/2020:01:24:05 -0700] "GET /content/photos/?offset=270 HTTP/1.1" 200 11235 "-" "Mozilla/5.0 (compatible; MJ12bot/v1.4.8; http://mj12bot.com/)" 
192.99.13.133 - - [27/Jun/2020:01:25:14 -0700] "GET /content/photos/?offset=308&_t=rss HTTP/1.1" 200 7583 "-" "Mozilla/5.0 (compatible; MJ12bot/v1.4.8; http://mj12bot.com/)" 
192.99.13.133 - - [27/Jun/2020:01:25:37 -0700] "GET /content/photos/?offset=310&_t=rss HTTP/1.1" 200 7555 "-" "Mozilla/5.0 (compatible; MJ12bot/v1.4.8; http://mj12bot.com/)" 
192.99.13.133 - - [27/Jun/2020:01:26:02 -0700] "GET /content/photos/?offset=320&_t=rss HTTP/1.1" 200 7343 "-" "Mozilla/5.0 (compatible; MJ12bot/v1.4.8; http://mj12bot.com/)" 
96.126.125.129 - - [27/Jun/2020:01:26:07 -0700] "GET /content/statusupdates/posts/photos/checkins/bookmarkedpages?_t=rss HTTP/1.1" 200 7394 "-" "Micro.blog/1.0" 
192.99.13.133 - - [27/Jun/2020:01:26:22 -0700] "GET /content/photos/?offset=330&_t=rss HTTP/1.1" 200 7505 "-" "Mozilla/5.0 (compatible; MJ12bot/v1.4.8; http://mj12bot.com/)" 
46.229.168.139 - - [27/Jun/2020:01:26:40 -0700] "GET /content/statusupdates/?offset=4&q=%23%2B%23indieweb HTTP/1.1" 200 11426 "-" "Mozilla/5.0 (compatible; SemrushBot/6~bl; +http://www.semrush.com/bot.html)" 
192.99.13.133 - - [27/Jun/2020:01:26:42 -0700] "GET /content/photos/?offset=348&_t=rss HTTP/1.1" 200 6501 "-" "Mozilla/5.0 (compatible; MJ12bot/v1.4.8; http://mj12bot.com/)" 
46.229.168.154 - - [27/Jun/2020:01:26:50 -0700] "GET /content/bookmarkedpages?offset=60 HTTP/1.1" 200 10724 "-" "Mozilla/5.0 (compatible; SemrushBot/6~bl; +http://www.semrush.com/bot.html)" 
46.229.168.137 - - [27/Jun/2020:01:26:51 -0700] "GET /file/698eda02de58ec94ed518b3189483fd9/633d358877c7420f0af68b77cc0c2fd7 HTTP/1.1" 200 201030 "-" "Mozilla/5.0 (compatible; SemrushBot/6~bl; +http://www.semrush.com/bot.html)" 
192.99.13.133 - - [27/Jun/2020:01:27:04 -0700] "GET /content/photos/?offset=358 HTTP/1.1" 200 9993 "-" "Mozilla/5.0 (compatible; MJ12bot/v1.4.8; http://mj12bot.com/)" 
46.229.168.147 - - [27/Jun/2020:01:28:08 -0700] "GET /tag/IndieWeb?offset=37 HTTP/1.1" 200 11153 "-" "Mozilla/5.0 (compatible; SemrushBot/6~bl; +http://www.semrush.com/bot.html)" 
192.99.13.133 - - [27/Jun/2020:01:28:37 -0700] "GET /content/photos/?offset=410 HTTP/1.1" 200 11250 "-" "Mozilla/5.0 (compatible; MJ12bot/v1.4.8; http://mj12bot.com/)" 
66.249.64.176 - - [27/Jun/2020:01:28:46 -0700] "GET /robots.txt HTTP/1.1" 200 4882 "-" "Mozilla/5.0 (compatible; Googlebot/2.1; +http://www.google.com/bot.html)" 
66.249.64.180 - - [27/Jun/2020:01:28:46 -0700] "GET /service/web/unfurl/?url=https%3A%2F%2Fwww.rousette.org.uk%2Farchives%2Fre-mapping-my-keyboard-and-re-wiring-my-brain%2F&__bTk=87025754331591b042a0666de03dd478bbb2d3a5ff9904e3877283a04f87432d&__bTs=1591488000 HTTP/1.1" 403 5005 "https://www.stream.jeremycherfas.net/" "Mozilla/5.0 (Linux; Android 6.0.1; Nexus 5X Build/MMB29P) AppleWebKit/537.36 (KHTML, like Gecko) Chrome/83.0.4103.118 Mobile Safari/537.36 (compatible; Googlebot/2.1; +http://www.google.com/bot.html)" 
66.249.64.180 - - [27/Jun/2020:01:28:47 -0700] "GET /service/web/unfurl/?url=https%3A%2F%2Fwww.nytimes.com%2F2020%2F06%2F22%2Fopinion%2Fcoronavirus-trump.html&__bTk=87025754331591b042a0666de03dd478bbb2d3a5ff9904e3877283a04f87432d&__bTs=1591488000 HTTP/1.1" 403 1318 "https://www.stream.jeremycherfas.net/" "Mozilla/5.0 (Linux; Android 6.0.1; Nexus 5X Build/MMB29P) AppleWebKit/537.36 (KHTML, like Gecko) Chrome/83.0.4103.118 Mobile Safari/537.36 (compatible; Googlebot/2.1; +http://www.google.com/bot.html)" 
66.249.64.178 - - [27/Jun/2020:01:28:47 -0700] "GET /service/web/unfurl/?url=https%3A%2F%2Fwww.gyford.com%2Fphil%2Fwriting%2F2020%2F06%2F11%2Fweblogs-2000%2F&__bTk=87025754331591b042a0666de03dd478bbb2d3a5ff9904e3877283a04f87432d&__bTs=1591488000 HTTP/1.1" 403 4990 "https://www.stream.jeremycherfas.net/" "Mozilla/5.0 (Linux; Android 6.0.1; Nexus 5X Build/MMB29P) AppleWebKit/537.36 (KHTML, like Gecko) Chrome/83.0.4103.118 Mobile Safari/537.36 (compatible; Googlebot/2.1; +http://www.google.com/bot.html)" 
66.249.64.180 - - [27/Jun/2020:01:28:48 -0700] "GET /service/web/unfurl/?url=https%3A%2F%2Fwww.newyorker.com%2Fculture%2Fannals-of-gastronomy%2Fhow-apples-go-bad&__bTk=87025754331591b042a0666de03dd478bbb2d3a5ff9904e3877283a04f87432d&__bTs=1591488000 HTTP/1.1" 403 1321 "https://www.stream.jeremycherfas.net/" "Mozilla/5.0 (Linux; Android 6.0.1; Nexus 5X Build/MMB29P) AppleWebKit/537.36 (KHTML, like Gecko) Chrome/83.0.4103.118 Mobile Safari/537.36 (compatible; Googlebot/2.1; +http://www.google.com/bot.html)" 
66.249.64.178 - - [27/Jun/2020:01:28:48 -0700] "GET /service/web/unfurl/?url=https%3A%2F%2Fprtksxna.com%2Fnever-nothing-to-see%2F&__bTk=87025754331591b042a0666de03dd478bbb2d3a5ff9904e3877283a04f87432d&__bTs=1591488000 HTTP/1.1" 403 1289 "https://www.stream.jeremycherfas.net/" "Mozilla/5.0 (Linux; Android 6.0.1; Nexus 5X Build/MMB29P) AppleWebKit/537.36 (KHTML, like Gecko) Chrome/83.0.4103.118 Mobile Safari/537.36 (compatible; Googlebot/2.1; +http://www.google.com/bot.html)" 
66.249.64.180 - - [27/Jun/2020:01:28:49 -0700] "GET /service/web/unfurl/?url=https%3A%2F%2Fwww.nytimes.com%2F2020%2F06%2F22%2Fopinion%2Fcoronavirus-trump.html&__bTk=87025754331591b042a0666de03dd478bbb2d3a5ff9904e3877283a04f87432d&__bTs=1592862735 HTTP/1.1" 403 1318 "https://www.stream.jeremycherfas.net/" "Mozilla/5.0 (Linux; Android 6.0.1; Nexus 5X Build/MMB29P) AppleWebKit/537.36 (KHTML, like Gecko) Chrome/83.0.4103.118 Mobile Safari/537.36 (compatible; Googlebot/2.1; +http://www.google.com/bot.html)" 
66.249.64.180 - - [27/Jun/2020:01:28:49 -0700] "GET /service/web/unfurl/?url=https%3A%2F%2Fwww.gyford.com%2Fphil%2Fwriting%2F2020%2F06%2F11%2Fweblogs-2000%2F&__bTk=87025754331591b042a0666de03dd478bbb2d3a5ff9904e3877283a04f87432d&__bTs=1592862735 HTTP/1.1" 403 1317 "https://www.stream.jeremycherfas.net/" "Mozilla/5.0 (Linux; Android 6.0.1; Nexus 5X Build/MMB29P) AppleWebKit/537.36 (KHTML, like Gecko) Chrome/83.0.4103.118 Mobile Safari/537.36 (compatible; Googlebot/2.1; +http://www.google.com/bot.html)" 
66.249.64.176 - - [27/Jun/2020:01:28:50 -0700] "GET /service/web/unfurl/?url=https%3A%2F%2Fwww.newyorker.com%2Fculture%2Fannals-of-gastronomy%2Fhow-apples-go-bad&__bTk=87025754331591b042a0666de03dd478bbb2d3a5ff9904e3877283a04f87432d&__bTs=1592862735 HTTP/1.1" 403 4994 "https://www.stream.jeremycherfas.net/" "Mozilla/5.0 (Linux; Android 6.0.1; Nexus 5X Build/MMB29P) AppleWebKit/537.36 (KHTML, like Gecko) Chrome/83.0.4103.118 Mobile Safari/537.36 (compatible; Googlebot/2.1; +http://www.google.com/bot.html)" 
66.249.64.178 - - [27/Jun/2020:01:28:50 -0700] "GET /service/web/unfurl/?url=https%3A%2F%2Fprtksxna.com%2Fnever-nothing-to-see%2F&__bTk=87025754331591b042a0666de03dd478bbb2d3a5ff9904e3877283a04f87432d&__bTs=1592862735 HTTP/1.1" 403 4962 "https://www.stream.jeremycherfas.net/" "Mozilla/5.0 (Linux; Android 6.0.1; Nexus 5X Build/MMB29P) AppleWebKit/537.36 (KHTML, like Gecko) Chrome/83.0.4103.118 Mobile Safari/537.36 (compatible; Googlebot/2.1; +http://www.google.com/bot.html)" 
46.229.168.140 - - [27/Jun/2020:01:29:03 -0700] "GET /2018/tomorrow-is-apparently-international-podcast-day-naturally HTTP/1.1" 200 9826 "-" "Mozilla/5.0 (compatible; SemrushBot/6~bl; +http://www.semrush.com/bot.html)" 
192.99.13.133 - - [27/Jun/2020:01:29:33 -0700] "GET /content/photos/?offset=430&_t=rss HTTP/1.1" 200 6383 "-" "Mozilla/5.0 (compatible; MJ12bot/v1.4.8; http://mj12bot.com/)" 
192.99.13.133 - - [27/Jun/2020:01:29:50 -0700] "GET /content/photos/?offset=440&_t=rss HTTP/1.1" 200 6080 "-" "Mozilla/5.0 (compatible; MJ12bot/v1.4.8; http://mj12bot.com/)" 
46.229.168.144 - - [27/Jun/2020:01:30:02 -0700] "GET /2019/pasta-puttanesca-with-homemade-capperi HTTP/1.1" 200 15724 "-" "Mozilla/5.0 (compatible; SemrushBot/6~bl; +http://www.semrush.com/bot.html)" 
192.99.13.133 - - [27/Jun/2020:01:30:18 -0700] "GET /content/photos/?offset=449&_t=rss HTTP/1.1" 200 6280 "-" "Mozilla/5.0 (compatible; MJ12bot/v1.4.8; http://mj12bot.com/)" 
192.99.13.133 - - [27/Jun/2020:01:30:39 -0700] "GET /content/photos/?offset=450 HTTP/1.1" 200 10224 "-" "Mozilla/5.0 (compatible; MJ12bot/v1.4.8; http://mj12bot.com/)" 
45.79.26.51 - - [27/Jun/2020:01:30:46 -0700] "GET /content/statusupdates/posts/photos/checkins/bookmarkedpages?_t=rss HTTP/1.1" 200 7389 "-" "Micro.blog/1.0" 
192.99.13.133 - - [27/Jun/2020:01:31:35 -0700] "GET /content/photos/?offset=48 HTTP/1.1" 200 10767 "-" "Mozilla/5.0 (compatible; MJ12bot/v1.4.8; http://mj12bot.com/)" 
192.99.13.133 - - [27/Jun/2020:01:31:52 -0700] "GET /content/photos/?offset=500 HTTP/1.1" 200 11240 "-" "Mozilla/5.0 (compatible; MJ12bot/v1.4.8; http://mj12bot.com/)" 
46.229.168.141 - - [27/Jun/2020:01:31:59 -0700] "GET /tag/+%23freersackler HTTP/1.1" 200 8236 "-" "Mozilla/5.0 (compatible; SemrushBot/6~bl; +http://www.semrush.com/bot.html)" 
64.111.100.215 - - [27/Jun/2020:01:32:09 -0700] "GET /content/all?_t=rss HTTP/1.1" 200 14114 "-" "Mozilla/5.0 (X11; U; Linux i686; fr; rv:1.9.1.1) Gecko/20090715 Firefox/3.5.1" 
192.99.13.133 - - [27/Jun/2020:01:32:16 -0700] "GET /content/photos/?offset=509 HTTP/1.1" 200 11107 "-" "Mozilla/5.0 (compatible; MJ12bot/v1.4.8; http://mj12bot.com/)" 
192.99.13.133 - - [27/Jun/2020:01:32:39 -0700] "GET /content/photos/?offset=529 HTTP/1.1" 200 11011 "-" "Mozilla/5.0 (compatible; MJ12bot/v1.4.8; http://mj12bot.com/)" 
192.99.13.133 - - [27/Jun/2020:01:33:04 -0700] "GET /content/photos/?offset=530&_t=rss HTTP/1.1" 200 7513 "-" "Mozilla/5.0 (compatible; MJ12bot/v1.4.8; http://mj12bot.com/)" 
192.99.13.133 - - [27/Jun/2020:01:33:26 -0700] "GET /content/photos/?offset=559 HTTP/1.1" 200 10717 "-" "Mozilla/5.0 (compatible; MJ12bot/v1.4.8; http://mj12bot.com/)" 
46.229.168.130 - - [27/Jun/2020:01:33:34 -0700] "GET /2017/first-gt-of-the-season-and-no-lemon-in-the HTTP/1.1" 200 10668 "-" "Mozilla/5.0 (compatible; SemrushBot/6~bl; +http://www.semrush.com/bot.html)" 
46.229.168.132 - - [27/Jun/2020:01:34:00 -0700] "GET /content/audio/?q=%23indiewebcitizen HTTP/1.1" 200 8288 "-" "Mozilla/5.0 (compatible; SemrushBot/6~bl; +http://www.semrush.com/bot.html)" 
192.99.13.133 - - [27/Jun/2020:01:34:03 -0700] "GET /content/photos/?offset=560&_t=rss HTTP/1.1" 200 7107 "-" "Mozilla/5.0 (compatible; MJ12bot/v1.4.8; http://mj12bot.com/)" 
192.99.13.133 - - [27/Jun/2020:01:34:24 -0700] "GET /content/photos/?offset=562 HTTP/1.1" 200 10890 "-" "Mozilla/5.0 (compatible; MJ12bot/v1.4.8; http://mj12bot.com/)" 
46.229.168.140 - - [27/Jun/2020:01:34:41 -0700] "GET /?offset=5&q=%23Sourdough HTTP/1.1" 200 12441 "-" "Mozilla/5.0 (compatible; SemrushBot/6~bl; +http://www.semrush.com/bot.html)" 
45.79.26.51 - - [27/Jun/2020:01:34:44 -0700] "GET /content/statusupdates/posts/photos/checkins/bookmarkedpages?_t=rss HTTP/1.1" 200 7389 "-" "Micro.blog/1.0" 
192.99.13.133 - - [27/Jun/2020:01:34:49 -0700] "GET /content/photos/?offset=582&_t=rss HTTP/1.1" 200 7031 "-" "Mozilla/5.0 (compatible; MJ12bot/v1.4.8; http://mj12bot.com/)" 
66.249.64.110 - - [27/Jun/2020:01:34:55 -0700] "GET /2017/crossed-the-wide-pecos HTTP/1.1" 200 11315 "-" "Mozilla/5.0 (Linux; Android 6.0.1; Nexus 5X Build/MMB29P) AppleWebKit/537.36 (KHTML, like Gecko) Chrome/80.0.3987.92 Mobile Safari/537.36 (compatible; Googlebot/2.1; +http://www.google.com/bot.html)" 
192.99.13.133 - - [27/Jun/2020:01:35:10 -0700] "GET /content/photos/?offset=630&_t=rss HTTP/1.1" 200 6768 "-" "Mozilla/5.0 (compatible; MJ12bot/v1.4.8; http://mj12bot.com/)" 
54.39.177.198 - - [27/Jun/2020:01:35:21 -0700] "GET /content/all?_t=rss HTTP/1.1" 200 7326 "-" "Mozilla/5.0 (compatible; YaK/1.0; http://linkfluence.com/; bot@linkfluence.com)" 
46.229.168.134 - - [27/Jun/2020:01:35:27 -0700] "GET /tag/withknown?offset=35 HTTP/1.1" 200 11571 "-" "Mozilla/5.0 (compatible; SemrushBot/6~bl; +http://www.semrush.com/bot.html)" 
192.99.13.133 - - [27/Jun/2020:01:35:35 -0700] "GET /content/photos/?offset=98&_t=rss HTTP/1.1" 200 7254 "-" "Mozilla/5.0 (compatible; MJ12bot/v1.4.8; http://mj12bot.com/)" 
17.58.102.79 - - [27/Jun/2020:01:35:38 -0700] "GET /file/9cd38bf69b33cf7145bece73a2ab2f31/thumb.jpg HTTP/1.1" 404 18680 "-" "Mozilla/5.0 (Macintosh; Intel Mac OS X 10_15_5) AppleWebKit/605.1.15 (KHTML, like Gecko) Version/13.1.1 Safari/605.1.15 (Applebot/0.1; +http://www.apple.com/go/applebot)" 
192.99.13.133 - - [27/Jun/2020:01:35:59 -0700] "GET /content/photos/?q=%23%20%23%23bread&_t=rss HTTP/1.1" 200 8219 "-" "Mozilla/5.0 (compatible; MJ12bot/v1.4.8; http://mj12bot.com/)" 
192.99.13.133 - - [27/Jun/2020:01:37:01 -0700] "GET /content/photos/?q=%23%20%23%23bread&offset=10 HTTP/1.1" 200 12097 "-" "Mozilla/5.0 (compatible; MJ12bot/v1.4.8; http://mj12bot.com/)" 
192.99.13.133 - - [27/Jun/2020:01:37:27 -0700] "GET /content/photos/?q=%23%20%23%23bread&offset=15 HTTP/1.1" 200 12159 "-" "Mozilla/5.0 (compatible; MJ12bot/v1.4.8; http://mj12bot.com/)" 
192.99.13.133 - - [27/Jun/2020:01:37:46 -0700] "GET /content/photos/?q=%23%20%23%23bread&offset=18 HTTP/1.1" 200 12427 "-" "Mozilla/5.0 (compatible; MJ12bot/v1.4.8; http://mj12bot.com/)" 
96.126.125.129 - - [27/Jun/2020:01:37:56 -0700] "GET /content/statusupdates/posts/photos/checkins/bookmarkedpages?_t=rss HTTP/1.1" 200 7394 "-" "Micro.blog/1.0" 
192.99.13.133 - - [27/Jun/2020:01:38:06 -0700] "GET /content/photos/?q=%23%20%23%23bread&offset=42 HTTP/1.1" 200 12075 "-" "Mozilla/5.0 (compatible; MJ12bot/v1.4.8; http://mj12bot.com/)" 
192.99.13.133 - - [27/Jun/2020:01:38:22 -0700] "GET /content/photos/?q=%23%20%23%23bread&offset=52&_t=rss HTTP/1.1" 200 7966 "-" "Mozilla/5.0 (compatible; MJ12bot/v1.4.8; http://mj12bot.com/)" 
46.229.168.149 - - [27/Jun/2020:01:38:48 -0700] "GET /content/events/?q=%23%2B%23rye HTTP/1.1" 200 8283 "-" "Mozilla/5.0 (compatible; SemrushBot/6~bl; +http://www.semrush.com/bot.html)" 
46.229.168.142 - - [27/Jun/2020:01:39:06 -0700] "GET /content/posts/?q=%23opencollective HTTP/1.1" 200 8287 "-" "Mozilla/5.0 (compatible; SemrushBot/6~bl; +http://www.semrush.com/bot.html)" 
46.229.168.142 - - [27/Jun/2020:01:39:13 -0700] "GET /content/posts/?offset=29&q=%23Indieweb HTTP/1.1" 200 10062 "-" "Mozilla/5.0 (compatible; SemrushBot/6~bl; +http://www.semrush.com/bot.html)" 
46.229.168.152 - - [27/Jun/2020:01:39:17 -0700] "GET /?offset=1&q=%23%2B%23food HTTP/1.1" 200 11892 "-" "Mozilla/5.0 (compatible; SemrushBot/6~bl; +http://www.semrush.com/bot.html)" 
46.229.168.153 - - [27/Jun/2020:01:39:22 -0700] "GET /content/all/?q=%23%2B%23nigella HTTP/1.1" 200 8277 "-" "Mozilla/5.0 (compatible; SemrushBot/6~bl; +http://www.semrush.com/bot.html)" 
192.99.13.133 - - [27/Jun/2020:01:40:01 -0700] "GET /content/photos/?q=%23%20%23podcast&offset=10 HTTP/1.1" 200 8717 "-" "Mozilla/5.0 (compatible; MJ12bot/v1.4.8; http://mj12bot.com/)" 
192.99.13.133 - - [27/Jun/2020:01:40:21 -0700] "GET /content/photos/?q=%23%20%23podcast&offset=9&_t=rss HTTP/1.1" 200 5784 "-" "Mozilla/5.0 (compatible; MJ12bot/v1.4.8; http://mj12bot.com/)" 
54.175.224.6 - - [27/Jun/2020:01:41:09 -0700] "GET /content/audio/?_t=rss HTTP/1.1" 304 3486 "https://www.google.com/" "Mozilla/5.0 (X11; Linux x86_64; rv:68.0) Gecko/20100101 Firefox/68.0" 
46.229.168.146 - - [27/Jun/2020:01:41:26 -0700] "GET /content/all/?offset=12&q=%23%2B%23food HTTP/1.1" 200 12025 "-" "Mozilla/5.0 (compatible; SemrushBot/6~bl; +http://www.semrush.com/bot.html)" 
96.126.125.129 - - [27/Jun/2020:01:41:45 -0700] "GET /content/statusupdates/posts/photos/checkins/bookmarkedpages?_t=rss HTTP/1.1" 200 7394 "-" "Micro.blog/1.0" 
46.229.168.139 - - [27/Jun/2020:01:41:56 -0700] "GET /tag/Fornacalia HTTP/1.1" 200 12935 "-" "Mozilla/5.0 (compatible; SemrushBot/6~bl; +http://www.semrush.com/bot.html)" 
192.99.13.133 - - [27/Jun/2020:01:42:07 -0700] "GET /content/photos/?q=%23AMRhub&_t=rss HTTP/1.1" 200 4808 "-" "Mozilla/5.0 (compatible; MJ12bot/v1.4.8; http://mj12bot.com/)" 
192.99.13.133 - - [27/Jun/2020:01:42:24 -0700] "GET /content/photos/?q=%23Corfu HTTP/1.1" 200 9031 "-" "Mozilla/5.0 (compatible; MJ12bot/v1.4.8; http://mj12bot.com/)" 
192.99.13.133 - - [27/Jun/2020:01:43:41 -0700] "GET /content/photos/?q=%23Sourdough&offset=10 HTTP/1.1" 200 12094 "-" "Mozilla/5.0 (compatible; MJ12bot/v1.4.8; http://mj12bot.com/)" 
46.229.168.141 - - [27/Jun/2020:01:44:30 -0700] "GET /content/rsvp/?q=%23%2B%23podcast HTTP/1.1" 200 8288 "-" "Mozilla/5.0 (compatible; SemrushBot/6~bl; +http://www.semrush.com/bot.html)" 
167.99.111.28 - - [27/Jun/2020:01:44:48 -0700] "GET /?_t=rss HTTP/1.1" 304 3496 "-" "Feedbin feed-id:1536727 - 1 subscribers" 
46.229.168.141 - - [27/Jun/2020:01:44:55 -0700] "GET /content/bookmarkedpages/?q=%23IndieWeb HTTP/1.1" 200 10861 "-" "Mozilla/5.0 (compatible; SemrushBot/6~bl; +http://www.semrush.com/bot.html)" 
45.79.26.51 - - [27/Jun/2020:01:45:11 -0700] "GET /content/statusupdates/posts/photos/checkins/bookmarkedpages?_t=rss HTTP/1.1" 200 7389 "-" "Micro.blog/1.0" 
207.241.229.222 - - [27/Jun/2020:01:46:10 -0700] "GET /robots.txt HTTP/1.0" 200 4213 "-" "Mozilla/5.0 (compatible; special_archiver/3.1.1 +http://www.archive.org/details/archive.org_bot)" 
207.241.229.222 - - [27/Jun/2020:01:46:12 -0700] "GET /file/015b9cedaf16d966b0bfcd176d1c25fc HTTP/1.0" 404 17895 "https://stream.jeremycherfas.net/2017/my-review-of-hold-still-by-sally-mann-reviewshold-still" "Mozilla/5.0 (compatible; special_archiver/3.1.1 +http://www.archive.org/details/archive.org_bot)" 
64.111.100.215 - - [27/Jun/2020:01:47:21 -0700] "GET /content/all?_t=rss HTTP/1.1" 200 14114 "-" "Mozilla/5.0 (X11; U; Linux i686; fr; rv:1.9.1.1) Gecko/20090715 Firefox/3.5.1" 
64.111.100.215 - - [27/Jun/2020:01:47:22 -0700] "GET /content/all?_t=rss HTTP/1.1" 200 14114 "-" "Mozilla/5.0 (X11; U; Linux i686; fr; rv:1.9.1.1) Gecko/20090715 Firefox/3.5.1" 
46.229.168.144 - - [27/Jun/2020:01:49:36 -0700] "GET /2018/the-good-news-is-that-indieweb----the-main-channel HTTP/1.1" 200 9442 "-" "Mozilla/5.0 (compatible; SemrushBot/6~bl; +http://www.semrush.com/bot.html)" 
192.99.13.133 - - [27/Jun/2020:01:49:46 -0700] "GET /content/photos/?q=%23bread&offset=1&_t=rss HTTP/1.1" 200 8102 "-" "Mozilla/5.0 (compatible; MJ12bot/v1.4.8; http://mj12bot.com/)" 
192.99.13.133 - - [27/Jun/2020:01:50:00 -0700] "GET /content/photos/?q=%23bread&offset=11 HTTP/1.1" 200 11989 "-" "Mozilla/5.0 (compatible; MJ12bot/v1.4.8; http://mj12bot.com/)" 
192.99.13.133 - - [27/Jun/2020:01:50:23 -0700] "GET /content/photos/?q=%23bread&offset=14&_t=rss HTTP/1.1" 200 8084 "-" "Mozilla/5.0 (compatible; MJ12bot/v1.4.8; http://mj12bot.com/)" 
192.99.13.133 - - [27/Jun/2020:01:50:36 -0700] "GET /content/photos/?q=%23bread&offset=17 HTTP/1.1" 200 12256 "-" "Mozilla/5.0 (compatible; MJ12bot/v1.4.8; http://mj12bot.com/)" 
46.229.168.163 - - [27/Jun/2020:01:50:53 -0700] "GET /content/audio/?q=%23graingathering2017 HTTP/1.1" 200 8296 "-" "Mozilla/5.0 (compatible; SemrushBot/6~bl; +http://www.semrush.com/bot.html)" 
192.99.13.133 - - [27/Jun/2020:01:50:55 -0700] "GET /content/photos/?q=%23bread&offset=24&_t=rss HTTP/1.1" 200 8618 "-" "Mozilla/5.0 (compatible; MJ12bot/v1.4.8; http://mj12bot.com/)" 
192.99.13.133 - - [27/Jun/2020:01:51:08 -0700] "GET /content/photos/?q=%23bread&offset=25 HTTP/1.1" 200 12293 "-" "Mozilla/5.0 (compatible; MJ12bot/v1.4.8; http://mj12bot.com/)" 
96.126.125.129 - - [27/Jun/2020:01:51:17 -0700] "GET /content/statusupdates/posts/photos/checkins/bookmarkedpages?_t=rss HTTP/1.1" 200 7394 "-" "Micro.blog/1.0" 
192.99.13.133 - - [27/Jun/2020:01:51:28 -0700] "GET /content/photos/?q=%23bread&offset=35&_t=rss HTTP/1.1" 200 8435 "-" "Mozilla/5.0 (compatible; MJ12bot/v1.4.8; http://mj12bot.com/)" 
192.99.13.133 - - [27/Jun/2020:01:51:49 -0700] "GET /content/photos/?q=%23bread&offset=36&_t=rss HTTP/1.1" 200 8486 "-" "Mozilla/5.0 (compatible; MJ12bot/v1.4.8; http://mj12bot.com/)" 
192.99.13.133 - - [27/Jun/2020:01:52:33 -0700] "GET /content/photos/?q=%23indiewebcitizen HTTP/1.1" 200 8287 "-" "Mozilla/5.0 (compatible; MJ12bot/v1.4.8; http://mj12bot.com/)" 
192.99.13.133 - - [27/Jun/2020:01:52:50 -0700] "GET /content/photos/?q=%23podcast%26quot&offset=10 HTTP/1.1" 200 8722 "-" "Mozilla/5.0 (compatible; MJ12bot/v1.4.8; http://mj12bot.com/)" 
192.99.13.133 - - [27/Jun/2020:01:53:03 -0700] "GET /content/photos/?q=%23podcast&offset=10 HTTP/1.1" 200 8698 "-" "Mozilla/5.0 (compatible; MJ12bot/v1.4.8; http://mj12bot.com/)" 
46.229.168.145 - - [27/Jun/2020:01:53:04 -0700] "GET /2020/societal-distancing HTTP/1.1" 200 9264 "-" "Mozilla/5.0 (compatible; SemrushBot/6~bl; +http://www.semrush.com/bot.html)" 
192.99.13.133 - - [27/Jun/2020:01:53:21 -0700] "GET /content/photos/?q=%23sourdough&offset=20 HTTP/1.1" 200 11613 "-" "Mozilla/5.0 (compatible; MJ12bot/v1.4.8; http://mj12bot.com/)" 
192.99.13.133 - - [27/Jun/2020:01:53:44 -0700] "GET /content/photos/?q=%23sourdough&offset=47&_t=rss HTTP/1.1" 200 6477 "-" "Mozilla/5.0 (compatible; MJ12bot/v1.4.8; http://mj12bot.com/)" 
192.99.13.133 - - [27/Jun/2020:01:54:08 -0700] "GET /content/photos/?q=%2523IndieWeb HTTP/1.1" 200 8279 "-" "Mozilla/5.0 (compatible; MJ12bot/v1.4.8; http://mj12bot.com/)" 
192.99.13.133 - - [27/Jun/2020:01:54:28 -0700] "GET /content/photos/?q=%2523sourdough HTTP/1.1" 200 8283 "-" "Mozilla/5.0 (compatible; MJ12bot/v1.4.8; http://mj12bot.com/)" 
203.133.169.112 - - [27/Jun/2020:01:54:33 -0700] "GET /robots.txt HTTP/1.1" 200 4252 "-" "Mozilla/5.0 (compatible; Daum/4.1; +http://cs.daum.net/faq/15/4118.html?faqId=28966)" 
203.133.169.112 - - [27/Jun/2020:01:54:34 -0700] "GET /content/all/?q=%23seeded HTTP/1.1" 200 37554 "-" "Mozilla/5.0 (compatible; Daum/4.1; +http://cs.daum.net/faq/15/4118.html?faqId=28966)" 
203.133.169.112 - - [27/Jun/2020:01:54:47 -0700] "GET /robots.txt HTTP/1.1" 200 4276 "-" "Mozilla/5.0 (compatible; Daum/4.1; +http://cs.daum.net/faq/15/4118.html?faqId=28966)" 
203.133.169.112 - - [27/Jun/2020:01:54:48 -0700] "GET /2019/checked-into-at-melissas HTTP/1.1" 200 28493 "-" "Mozilla/5.0 (compatible; Daum/4.1; +http://cs.daum.net/faq/15/4118.html?faqId=28966)" 
192.99.13.133 - - [27/Jun/2020:01:54:48 -0700] "GET /content/posts/?offset=59&_t=rss HTTP/1.1" 200 11539 "-" "Mozilla/5.0 (compatible; MJ12bot/v1.4.8; http://mj12bot.com/)" 
203.133.169.112 - - [27/Jun/2020:01:54:54 -0700] "GET /2019/quadrupled-in-about-four-hours-i-guess-it-is-officially?_t=rss HTTP/1.1" 200 5502 "-" "Mozilla/5.0 (Unknown; Linux x86_64) AppleWebKit/538.1 (KHTML, like Gecko) Safari/538.1 Daum/4.1" 
17.58.102.79 - - [27/Jun/2020:01:54:54 -0700] "GET /2018/updated-to-latest-head-of-withknown-and HTTP/1.1" 200 10887 "-" "Mozilla/5.0 (Macintosh; Intel Mac OS X 10_15_5) AppleWebKit/605.1.15 (KHTML, like Gecko) Version/13.1.1 Safari/605.1.15 (Applebot/0.1; +http://www.apple.com/go/applebot)" 
203.133.169.112 - - [27/Jun/2020:01:55:02 -0700] "GET /content/locations/?q=%23withknown&_t=rss HTTP/1.1" 200 5342 "-" "Mozilla/5.0 (compatible; Daum/4.1; +http://cs.daum.net/faq/15/4118.html?faqId=28966)" 
192.99.13.133 - - [27/Jun/2020:01:55:06 -0700] "GET /content/posts/?offset=83 HTTP/1.1" 200 10934 "-" "Mozilla/5.0 (compatible; MJ12bot/v1.4.8; http://mj12bot.com/)" 
203.133.169.112 - - [27/Jun/2020:01:55:08 -0700] "GET /file/199d0aa646b96b6a628d2b201e747d99/19484a229dd5c94cca00edc6faacfaa0 HTTP/1.1" 200 249907 "-" "Mozilla/5.0 (Unknown; Linux x86_64) AppleWebKit/538.1 (KHTML, like Gecko) Safari/538.1 Daum/4.1" 
46.229.168.129 - - [27/Jun/2020:01:55:15 -0700] "GET /tag/bread?offset=84 HTTP/1.1" 200 10205 "-" "Mozilla/5.0 (compatible; SemrushBot/6~bl; +http://www.semrush.com/bot.html)" 
203.133.169.112 - - [27/Jun/2020:01:55:17 -0700] "GET /content/all/?q=%23seeded HTTP/1.1" 200 37554 "-" "Mozilla/5.0 (compatible; Daum/4.1; +http://cs.daum.net/faq/15/4118.html?faqId=28966)" 
203.133.169.112 - - [27/Jun/2020:01:55:29 -0700] "GET /2019/checked-into-at-melissas HTTP/1.1" 200 28493 "-" "Mozilla/5.0 (compatible; Daum/4.1; +http://cs.daum.net/faq/15/4118.html?faqId=28966)" 
203.133.169.112 - - [27/Jun/2020:01:55:35 -0700] "GET /2019/quadrupled-in-about-four-hours-i-guess-it-is-officially?_t=rss HTTP/1.1" 200 7161 "-" "Mozilla/5.0 (compatible; Daum/4.1; +http://cs.daum.net/faq/15/4118.html?faqId=28966)" 
203.133.169.112 - - [27/Jun/2020:01:55:41 -0700] "GET /content/locations/?q=%23withknown&_t=rss HTTP/1.1" 200 5342 "-" "Mozilla/5.0 (compatible; Daum/4.1; +http://cs.daum.net/faq/15/4118.html?faqId=28966)" 
203.133.169.112 - - [27/Jun/2020:01:55:47 -0700] "GET /file/199d0aa646b96b6a628d2b201e747d99/19484a229dd5c94cca00edc6faacfaa0 HTTP/1.1" 200 248900 "-" "Mozilla/5.0 (compatible; Daum/4.1; +http://cs.daum.net/faq/15/4118.html?faqId=28966)" 
203.133.169.112 - - [27/Jun/2020:01:55:53 -0700] "GET /content/all/?q=%23seeded HTTP/1.1" 200 37554 "-" "Mozilla/5.0 (compatible; Daum/4.1; +http://cs.daum.net/faq/15/4118.html?faqId=28966)" 
46.229.168.139 - - [27/Jun/2020:01:56:04 -0700] "GET /content/statusupdates/?offset=140 HTTP/1.1" 200 10789 "-" "Mozilla/5.0 (compatible; SemrushBot/6~bl; +http://www.semrush.com/bot.html)" 
203.133.169.112 - - [27/Jun/2020:01:56:06 -0700] "GET /2019/checked-into-at-melissas HTTP/1.1" 200 28493 "-" "Mozilla/5.0 (compatible; Daum/4.1; +http://cs.daum.net/faq/15/4118.html?faqId=28966)" 
66.249.64.178 - - [27/Jun/2020:01:56:09 -0700] "GET /content/all/?offset=226 HTTP/1.1" 200 12222 "-" "Mozilla/5.0 (Linux; Android 6.0.1; Nexus 5X Build/MMB29P) AppleWebKit/537.36 (KHTML, like Gecko) Chrome/80.0.3987.92 Mobile Safari/537.36 (compatible; Googlebot/2.1; +http://www.google.com/bot.html)" 
46.229.168.130 - - [27/Jun/2020:01:56:11 -0700] "GET /?offset=135&q=%23%2B%23indieweb HTTP/1.1" 200 12526 "-" "Mozilla/5.0 (compatible; SemrushBot/6~bl; +http://www.semrush.com/bot.html)" 
203.133.169.112 - - [27/Jun/2020:01:56:12 -0700] "GET /2019/quadrupled-in-about-four-hours-i-guess-it-is-officially?_t=rss HTTP/1.1" 200 7161 "-" "Mozilla/5.0 (compatible; Daum/4.1; +http://cs.daum.net/faq/15/4118.html?faqId=28966)" 
66.249.64.178 - - [27/Jun/2020:01:56:15 -0700] "GET /service/web/unfurl/?url=https%3A%2F%2Fwww.outpan.com%2Fapp%2F3ef086df04%2Fmusical-chord-progression-arpeggiator&__bTk=c32e3a12260005c859fa96ad83f1190751eec7023b66a79511b20c2c025542ee&__bTs=1591488000 HTTP/1.1" 403 4997 "https://www.stream.jeremycherfas.net/content/all/?offset=226" "Mozilla/5.0 (Linux; Android 6.0.1; Nexus 5X Build/MMB29P) AppleWebKit/537.36 (KHTML, like Gecko) Chrome/83.0.4103.118 Mobile Safari/537.36 (compatible; Googlebot/2.1; +http://www.google.com/bot.html)" 
66.249.64.176 - - [27/Jun/2020:01:56:16 -0700] "GET /service/web/unfurl/?url=https%3A%2F%2Fwww.eurekalert.org%2Fpub_releases%2F2019-11%2Fsrc-pcm112219.php&__bTk=c32e3a12260005c859fa96ad83f1190751eec7023b66a79511b20c2c025542ee&__bTs=1591488000 HTTP/1.1" 403 4987 "https://www.stream.jeremycherfas.net/content/all/?offset=226" "Mozilla/5.0 (Linux; Android 6.0.1; Nexus 5X Build/MMB29P) AppleWebKit/537.36 (KHTML, like Gecko) Chrome/83.0.4103.118 Mobile Safari/537.36 (compatible; Googlebot/2.1; +http://www.google.com/bot.html)" 
66.249.64.176 - - [27/Jun/2020:01:56:16 -0700] "GET /service/web/unfurl/?url=https%3A%2F%2Fwww.eatthispodcast.com%2Fin-praise-of-meat-milk-and-eggs%2F&__bTk=c32e3a12260005c859fa96ad83f1190751eec7023b66a79511b20c2c025542ee&__bTs=1591488000 HTTP/1.1" 403 1310 "https://www.stream.jeremycherfas.net/content/all/?offset=226" "Mozilla/5.0 (Linux; Android 6.0.1; Nexus 5X Build/MMB29P) AppleWebKit/537.36 (KHTML, like Gecko) Chrome/83.0.4103.118 Mobile Safari/537.36 (compatible; Googlebot/2.1; +http://www.google.com/bot.html)" 
66.249.64.176 - - [27/Jun/2020:01:56:17 -0700] "GET /service/web/unfurl/?url=https%3A%2F%2Fwww.outpan.com%2Fapp%2F3ef086df04%2Fmusical-chord-progression-arpeggiator&__bTk=c32e3a12260005c859fa96ad83f1190751eec7023b66a79511b20c2c025542ee&__bTs=1592405944 HTTP/1.1" 403 1324 "https://www.stream.jeremycherfas.net/content/all/?offset=226" "Mozilla/5.0 (Linux; Android 6.0.1; Nexus 5X Build/MMB29P) AppleWebKit/537.36 (KHTML, like Gecko) Chrome/83.0.4103.118 Mobile Safari/537.36 (compatible; Googlebot/2.1; +http://www.google.com/bot.html)" 
66.249.64.178 - - [27/Jun/2020:01:56:17 -0700] "GET /service/web/unfurl/?url=https%3A%2F%2Fwww.eurekalert.org%2Fpub_releases%2F2019-11%2Fsrc-pcm112219.php&__bTk=c32e3a12260005c859fa96ad83f1190751eec7023b66a79511b20c2c025542ee&__bTs=1592405944 HTTP/1.1" 403 4987 "https://www.stream.jeremycherfas.net/content/all/?offset=226" "Mozilla/5.0 (Linux; Android 6.0.1; Nexus 5X Build/MMB29P) AppleWebKit/537.36 (KHTML, like Gecko) Chrome/83.0.4103.118 Mobile Safari/537.36 (compatible; Googlebot/2.1; +http://www.google.com/bot.html)" 
66.249.64.178 - - [27/Jun/2020:01:56:18 -0700] "GET /service/web/unfurl/?url=https%3A%2F%2Fwww.eatthispodcast.com%2Fin-praise-of-meat-milk-and-eggs%2F&__bTk=c32e3a12260005c859fa96ad83f1190751eec7023b66a79511b20c2c025542ee&__bTs=1592405944 HTTP/1.1" 403 1310 "https://www.stream.jeremycherfas.net/content/all/?offset=226" "Mozilla/5.0 (Linux; Android 6.0.1; Nexus 5X Build/MMB29P) AppleWebKit/537.36 (KHTML, like Gecko) Chrome/83.0.4103.118 Mobile Safari/537.36 (compatible; Googlebot/2.1; +http://www.google.com/bot.html)" 
203.133.169.112 - - [27/Jun/2020:01:56:19 -0700] "GET /content/locations/?q=%23withknown&_t=rss HTTP/1.1" 200 5342 "-" "Mozilla/5.0 (compatible; Daum/4.1; +http://cs.daum.net/faq/15/4118.html?faqId=28966)" 
203.133.169.112 - - [27/Jun/2020:01:56:25 -0700] "GET /file/199d0aa646b96b6a628d2b201e747d99/19484a229dd5c94cca00edc6faacfaa0 HTTP/1.1" 200 249016 "-" "Mozilla/5.0 (compatible; Daum/4.1; +http://cs.daum.net/faq/15/4118.html?faqId=28966)" 
96.126.125.129 - - [27/Jun/2020:01:56:35 -0700] "GET /content/statusupdates/posts/photos/checkins/bookmarkedpages?_t=rss HTTP/1.1" 200 7394 "-" "Micro.blog/1.0" 
192.99.13.133 - - [27/Jun/2020:01:57:39 -0700] "GET /content/posts/?q=%23multigrain&_t=rss HTTP/1.1" 200 4811 "-" "Mozilla/5.0 (compatible; MJ12bot/v1.4.8; http://mj12bot.com/)" 
192.99.13.133 - - [27/Jun/2020:01:58:28 -0700] "GET /content/posts/?q=%2523Corfu&_t=rss HTTP/1.1" 200 4764 "-" "Mozilla/5.0 (compatible; MJ12bot/v1.4.8; http://mj12bot.com/)" 
192.99.13.133 - - [27/Jun/2020:01:58:46 -0700] "GET /content/posts/?q=%2523IndieWeb HTTP/1.1" 200 8274 "-" "Mozilla/5.0 (compatible; MJ12bot/v1.4.8; http://mj12bot.com/)" 
192.99.13.133 - - [27/Jun/2020:01:58:59 -0700] "GET /content/posts/?q=%2523Quinoa&_t=rss HTTP/1.1" 200 4766 "-" "Mozilla/5.0 (compatible; MJ12bot/v1.4.8; http://mj12bot.com/)" 
192.99.13.133 - - [27/Jun/2020:01:59:09 -0700] "GET /content/posts/?q=%2523sourdough HTTP/1.1" 200 8277 "-" "Mozilla/5.0 (compatible; MJ12bot/v1.4.8; http://mj12bot.com/)" 
192.99.13.133 - - [27/Jun/2020:01:59:24 -0700] "GET /content/posts/?q=%2523sourdough&_t=rss HTTP/1.1" 200 4771 "-" "Mozilla/5.0 (compatible; MJ12bot/v1.4.8; http://mj12bot.com/)" 
17.58.99.220 - - [27/Jun/2020:01:59:29 -0700] "GET /robots.txt HTTP/1.1" 200 4838 "-" "Mozilla/5.0 (Macintosh; Intel Mac OS X 10_15_5) AppleWebKit/605.1.15 (KHTML, like Gecko) Version/13.1.1 Safari/605.1.15 (Applebot/0.1; +http://www.apple.com/go/applebot)" 
17.58.102.79 - - [27/Jun/2020:01:59:29 -0700] "GET /2020/internet-amnesia-clive-james-his-website---richard-macmanus HTTP/1.1" 200 10132 "-" "Mozilla/5.0 (Macintosh; Intel Mac OS X 10_15_5) AppleWebKit/605.1.15 (KHTML, like Gecko) Version/13.1.1 Safari/605.1.15 (Applebot/0.1; +http://www.apple.com/go/applebot)" 
192.99.13.133 - - [27/Jun/2020:02:00:01 -0700] "GET /content/rsvp/?q=%23Rye HTTP/1.1" 200 8260 "-" "Mozilla/5.0 (compatible; MJ12bot/v1.4.8; http://mj12bot.com/)" 
192.99.13.133 - - [27/Jun/2020:02:00:19 -0700] "GET /content/rsvp/?q=%23failedbread&_t=rss HTTP/1.1" 200 4768 "-" "Mozilla/5.0 (compatible; MJ12bot/v1.4.8; http://mj12bot.com/)" 
