144.76.38.10 - - [23/Jun/2020:03:09:38 -0700] "GET /content/all/?q=%23%20%23podcast&offset=10&_t=rss HTTP/1.1" 200 7991 "-" "Mozilla/5.0 (compatible; MJ12bot/v1.4.8; http://mj12bot.com/)" 
144.76.38.10 - - [23/Jun/2020:03:09:46 -0700] "GET /content/all/?q=%23%20%23podcast&offset=11 HTTP/1.1" 200 11956 "-" "Mozilla/5.0 (compatible; MJ12bot/v1.4.8; http://mj12bot.com/)" 
144.76.38.10 - - [23/Jun/2020:03:09:55 -0700] "GET /content/all/?q=%23%20%23podcast&offset=11&_t=rss HTTP/1.1" 200 7816 "-" "Mozilla/5.0 (compatible; MJ12bot/v1.4.8; http://mj12bot.com/)" 
114.119.165.2 - - [23/Jun/2020:03:10:03 -0700] "GET /robots.txt HTTP/1.1" 200 4300 "-" "Mozilla/5.0 (Linux; Android 7.0;) AppleWebKit/537.36 (KHTML, like Gecko) Mobile Safari/537.36 (compatible; PetalBot;+https://aspiegel.com/petalbot)" 
144.76.38.10 - - [23/Jun/2020:03:10:03 -0700] "GET /content/all/?q=%23%20%23podcast&offset=13&_t=rss HTTP/1.1" 200 7722 "-" "Mozilla/5.0 (compatible; MJ12bot/v1.4.8; http://mj12bot.com/)" 
144.76.38.10 - - [23/Jun/2020:03:10:06 -0700] "GET /content/all/?q=%23%20%23podcast&offset=17 HTTP/1.1" 200 11877 "-" "Mozilla/5.0 (compatible; MJ12bot/v1.4.8; http://mj12bot.com/)" 
45.79.26.51 - - [23/Jun/2020:03:10:09 -0700] "GET /content/statusupdates/posts/photos/checkins/bookmarkedpages?_t=rss HTTP/1.1" 200 7422 "-" "Micro.blog/1.0" 
144.76.38.10 - - [23/Jun/2020:03:10:10 -0700] "GET /content/all/?q=%23%20%23podcast&offset=17&_t=rss HTTP/1.1" 200 7799 "-" "Mozilla/5.0 (compatible; MJ12bot/v1.4.8; http://mj12bot.com/)" 
144.76.38.10 - - [23/Jun/2020:03:10:14 -0700] "GET /content/all/?q=%23%20%23podcast&offset=20 HTTP/1.1" 200 12282 "-" "Mozilla/5.0 (compatible; MJ12bot/v1.4.8; http://mj12bot.com/)" 
144.76.38.10 - - [23/Jun/2020:03:10:17 -0700] "GET /content/all/?q=%23%20%23podcast&offset=20&_t=rss HTTP/1.1" 200 8346 "-" "Mozilla/5.0 (compatible; MJ12bot/v1.4.8; http://mj12bot.com/)" 
144.76.38.10 - - [23/Jun/2020:03:10:20 -0700] "GET /content/all/?q=%23%20%23podcast&offset=21 HTTP/1.1" 200 12134 "-" "Mozilla/5.0 (compatible; MJ12bot/v1.4.8; http://mj12bot.com/)" 
144.76.38.10 - - [23/Jun/2020:03:10:22 -0700] "GET /content/all/?q=%23%20%23podcast&offset=21&_t=rss HTTP/1.1" 200 8187 "-" "Mozilla/5.0 (compatible; MJ12bot/v1.4.8; http://mj12bot.com/)" 
46.229.168.140 - - [23/Jun/2020:03:10:25 -0700] "GET /?offset=55&q=%23Sourdough HTTP/1.1" 200 9006 "-" "Mozilla/5.0 (compatible; SemrushBot/6~bl; +http://www.semrush.com/bot.html)" 
144.76.38.10 - - [23/Jun/2020:03:10:25 -0700] "GET /content/all/?q=%23%20%23podcast&offset=23 HTTP/1.1" 200 12192 "-" "Mozilla/5.0 (compatible; MJ12bot/v1.4.8; http://mj12bot.com/)" 
54.36.148.81 - - [23/Jun/2020:03:10:28 -0700] "GET /content/all/?q=%23testtag HTTP/1.1" 200 9281 "-" "Mozilla/5.0 (compatible; AhrefsBot/6.1; +http://ahrefs.com/robot/)" 
144.76.38.10 - - [23/Jun/2020:03:10:30 -0700] "GET /content/all/?q=%23%20%23podcast&offset=27 HTTP/1.1" 200 11851 "-" "Mozilla/5.0 (compatible; MJ12bot/v1.4.8; http://mj12bot.com/)" 
144.76.38.10 - - [23/Jun/2020:03:10:33 -0700] "GET /content/all/?q=%23%20%23podcast&offset=27&_t=rss HTTP/1.1" 200 7836 "-" "Mozilla/5.0 (compatible; MJ12bot/v1.4.8; http://mj12bot.com/)" 
192.99.10.39 - - [23/Jun/2020:03:10:34 -0700] "GET /2018/well-that-was-good-jomo23-clinklucy?_t=rss HTTP/1.1" 200 5115 "-" "Mozilla/5.0 (compatible; MJ12bot/v1.4.8; http://mj12bot.com/)" 
144.76.38.10 - - [23/Jun/2020:03:10:36 -0700] "GET /content/all/?q=%23%20%23podcast&offset=3 HTTP/1.1" 200 11969 "-" "Mozilla/5.0 (compatible; MJ12bot/v1.4.8; http://mj12bot.com/)" 
144.76.38.10 - - [23/Jun/2020:03:10:40 -0700] "GET /content/all/?q=%23%20%23podcast&offset=3&_t=rss HTTP/1.1" 200 7879 "-" "Mozilla/5.0 (compatible; MJ12bot/v1.4.8; http://mj12bot.com/)" 
144.76.38.10 - - [23/Jun/2020:03:10:43 -0700] "GET /content/all/?q=%23%20%23podcast&offset=30 HTTP/1.1" 200 13269 "-" "Mozilla/5.0 (compatible; MJ12bot/v1.4.8; http://mj12bot.com/)" 
144.76.38.10 - - [23/Jun/2020:03:10:46 -0700] "GET /content/all/?q=%23%20%23podcast&offset=30&_t=rss HTTP/1.1" 200 9207 "-" "Mozilla/5.0 (compatible; MJ12bot/v1.4.8; http://mj12bot.com/)" 
144.76.38.10 - - [23/Jun/2020:03:10:49 -0700] "GET /content/all/?q=%23%20%23podcast&offset=31 HTTP/1.1" 200 13516 "-" "Mozilla/5.0 (compatible; MJ12bot/v1.4.8; http://mj12bot.com/)" 
144.76.38.10 - - [23/Jun/2020:03:10:52 -0700] "GET /content/all/?q=%23%20%23podcast&offset=33 HTTP/1.1" 200 13643 "-" "Mozilla/5.0 (compatible; MJ12bot/v1.4.8; http://mj12bot.com/)" 
142.44.167.89 - - [23/Jun/2020:03:10:55 -0700] "GET /content/all?_t=rss HTTP/1.1" 200 7309 "-" "Mozilla/5.0 (compatible; YaK/1.0; http://linkfluence.com/; bot@linkfluence.com)" 
144.76.38.10 - - [23/Jun/2020:03:10:55 -0700] "GET /content/all/?q=%23%20%23podcast&offset=37 HTTP/1.1" 200 14020 "-" "Mozilla/5.0 (compatible; MJ12bot/v1.4.8; http://mj12bot.com/)" 
144.76.38.10 - - [23/Jun/2020:03:10:59 -0700] "GET /content/all/?q=%23%20%23podcast&offset=40 HTTP/1.1" 200 12266 "-" "Mozilla/5.0 (compatible; MJ12bot/v1.4.8; http://mj12bot.com/)" 
144.76.38.10 - - [23/Jun/2020:03:11:02 -0700] "GET /content/all/?q=%23%20%23podcast&offset=41 HTTP/1.1" 200 12105 "-" "Mozilla/5.0 (compatible; MJ12bot/v1.4.8; http://mj12bot.com/)" 
144.76.38.10 - - [23/Jun/2020:03:11:06 -0700] "GET /content/all/?q=%23%20%23podcast&offset=43 HTTP/1.1" 200 12946 "-" "Mozilla/5.0 (compatible; MJ12bot/v1.4.8; http://mj12bot.com/)" 
144.76.38.10 - - [23/Jun/2020:03:11:09 -0700] "GET /content/all/?q=%23%20%23podcast&offset=50 HTTP/1.1" 200 12260 "-" "Mozilla/5.0 (compatible; MJ12bot/v1.4.8; http://mj12bot.com/)" 
144.76.38.10 - - [23/Jun/2020:03:11:11 -0700] "GET /content/all/?q=%23%20%23podcast&offset=53 HTTP/1.1" 200 10390 "-" "Mozilla/5.0 (compatible; MJ12bot/v1.4.8; http://mj12bot.com/)" 
144.76.38.10 - - [23/Jun/2020:03:11:15 -0700] "GET /content/all/?q=%23%20%23podcast&offset=53&_t=rss HTTP/1.1" 200 6614 "-" "Mozilla/5.0 (compatible; MJ12bot/v1.4.8; http://mj12bot.com/)" 
144.76.38.10 - - [23/Jun/2020:03:11:18 -0700] "GET /content/all/?q=%23%20%23podcast&offset=7 HTTP/1.1" 200 12125 "-" "Mozilla/5.0 (compatible; MJ12bot/v1.4.8; http://mj12bot.com/)" 
144.76.38.10 - - [23/Jun/2020:03:11:26 -0700] "GET /content/all/?q=%23WithKnown&_t=rss HTTP/1.1" 200 9760 "-" "Mozilla/5.0 (compatible; MJ12bot/v1.4.8; http://mj12bot.com/)" 
54.36.148.70 - - [23/Jun/2020:03:11:26 -0700] "GET /content/bookmarkedpages/?q=%23testtag HTTP/1.1" 200 9311 "-" "Mozilla/5.0 (compatible; AhrefsBot/6.1; +http://ahrefs.com/robot/)" 
144.76.38.10 - - [23/Jun/2020:03:11:44 -0700] "GET /content/bookmarkedpages/?q=%23WithKnown&_t=rss HTTP/1.1" 200 6674 "-" "Mozilla/5.0 (compatible; MJ12bot/v1.4.8; http://mj12bot.com/)" 
144.76.38.10 - - [23/Jun/2020:03:11:48 -0700] "GET /content/bookmarkedpages/?q=%23campbellsdoughknife&_t=rss HTTP/1.1" 200 4797 "-" "Mozilla/5.0 (compatible; MJ12bot/v1.4.8; http://mj12bot.com/)" 
46.229.168.152 - - [23/Jun/2020:03:11:48 -0700] "GET /tag/podcasting HTTP/1.1" 200 13329 "-" "Mozilla/5.0 (compatible; SemrushBot/6~bl; +http://www.semrush.com/bot.html)" 
192.99.10.39 - - [23/Jun/2020:03:11:49 -0700] "GET /2018/yes-that-was-an-excellent-rack-of-lamb HTTP/1.1" 200 11468 "-" "Mozilla/5.0 (compatible; MJ12bot/v1.4.8; http://mj12bot.com/)" 
144.76.38.10 - - [23/Jun/2020:03:11:54 -0700] "GET /content/bookmarkedpages/?q=%23changingglobaldiets&_t=rss HTTP/1.1" 200 4796 "-" "Mozilla/5.0 (compatible; MJ12bot/v1.4.8; http://mj12bot.com/)" 
144.76.38.10 - - [23/Jun/2020:03:11:57 -0700] "GET /content/bookmarkedpages/?q=%23cooking&_t=rss HTTP/1.1" 200 5141 "-" "Mozilla/5.0 (compatible; MJ12bot/v1.4.8; http://mj12bot.com/)" 
144.76.38.10 - - [23/Jun/2020:03:11:59 -0700] "GET /content/bookmarkedpages/?q=%23courses&_t=rss HTTP/1.1" 200 5513 "-" "Mozilla/5.0 (compatible; MJ12bot/v1.4.8; http://mj12bot.com/)" 
144.76.38.10 - - [23/Jun/2020:03:12:11 -0700] "GET /content/bookmarkedpages/?q=%23cucumber&_t=rss HTTP/1.1" 200 4779 "-" "Mozilla/5.0 (compatible; MJ12bot/v1.4.8; http://mj12bot.com/)" 
192.99.10.39 - - [23/Jun/2020:03:12:31 -0700] "GET /2019/a-hugely-pleasant-surprise-more-details-later-when-ive-had?_t=rss HTTP/1.1" 200 5390 "-" "Mozilla/5.0 (compatible; MJ12bot/v1.4.8; http://mj12bot.com/)" 
144.76.38.10 - - [23/Jun/2020:03:13:01 -0700] "GET /content/bookmarkedpages/?q=%23followfriday%26quot&_t=rss HTTP/1.1" 200 4800 "-" "Mozilla/5.0 (compatible; MJ12bot/v1.4.8; http://mj12bot.com/)" 
144.76.38.10 - - [23/Jun/2020:03:13:09 -0700] "GET /content/bookmarkedpages/?q=%23heritageapples&_t=rss HTTP/1.1" 200 4788 "-" "Mozilla/5.0 (compatible; MJ12bot/v1.4.8; http://mj12bot.com/)" 
144.76.38.10 - - [23/Jun/2020:03:13:12 -0700] "GET /content/bookmarkedpages/?q=%23indieweb%26quot&_t=rss HTTP/1.1" 200 6500 "-" "Mozilla/5.0 (compatible; MJ12bot/v1.4.8; http://mj12bot.com/)" 
144.76.38.10 - - [23/Jun/2020:03:13:16 -0700] "GET /content/bookmarkedpages/?q=%23leaven&_t=rss HTTP/1.1" 200 4775 "-" "Mozilla/5.0 (compatible; MJ12bot/v1.4.8; http://mj12bot.com/)" 
144.76.38.10 - - [23/Jun/2020:03:13:18 -0700] "GET /content/bookmarkedpages/?q=%23non&_t=rss HTTP/1.1" 200 4770 "-" "Mozilla/5.0 (compatible; MJ12bot/v1.4.8; http://mj12bot.com/)" 
144.76.38.10 - - [23/Jun/2020:03:13:23 -0700] "GET /content/bookmarkedpages/?q=%23opencollective&_t=rss HTTP/1.1" 200 4790 "-" "Mozilla/5.0 (compatible; MJ12bot/v1.4.8; http://mj12bot.com/)" 
144.76.38.10 - - [23/Jun/2020:03:13:25 -0700] "GET /content/bookmarkedpages/?q=%23pestcontrol&_t=rss HTTP/1.1" 200 4783 "-" "Mozilla/5.0 (compatible; MJ12bot/v1.4.8; http://mj12bot.com/)" 
144.76.38.10 - - [23/Jun/2020:03:13:28 -0700] "GET /content/bookmarkedpages/?q=%23photo&_t=rss HTTP/1.1" 200 5622 "-" "Mozilla/5.0 (compatible; MJ12bot/v1.4.8; http://mj12bot.com/)" 
192.99.10.39 - - [23/Jun/2020:03:13:29 -0700] "GET /2019/a-joint-production?_t=rss HTTP/1.1" 200 5265 "-" "Mozilla/5.0 (compatible; MJ12bot/v1.4.8; http://mj12bot.com/)" 
144.76.38.10 - - [23/Jun/2020:03:13:30 -0700] "GET /content/bookmarkedpages/?q=%23plumeria&_t=rss HTTP/1.1" 200 4779 "-" "Mozilla/5.0 (compatible; MJ12bot/v1.4.8; http://mj12bot.com/)" 
144.76.38.10 - - [23/Jun/2020:03:13:36 -0700] "GET /content/bookmarkedpages/?q=%23quill&_t=rss HTTP/1.1" 200 4775 "-" "Mozilla/5.0 (compatible; MJ12bot/v1.4.8; http://mj12bot.com/)" 
45.79.26.51 - - [23/Jun/2020:03:13:37 -0700] "GET /content/statusupdates/posts/photos/checkins/bookmarkedpages?_t=rss HTTP/1.1" 200 7422 "-" "Micro.blog/1.0" 
144.76.38.10 - - [23/Jun/2020:03:13:43 -0700] "GET /content/bookmarkedpages/?q=%23seeded&_t=rss HTTP/1.1" 200 4776 "-" "Mozilla/5.0 (compatible; MJ12bot/v1.4.8; http://mj12bot.com/)" 
144.76.38.10 - - [23/Jun/2020:03:13:45 -0700] "GET /content/bookmarkedpages/?q=%2523Indieweb&_t=rss HTTP/1.1" 200 4782 "-" "Mozilla/5.0 (compatible; MJ12bot/v1.4.8; http://mj12bot.com/)" 
144.76.38.10 - - [23/Jun/2020:03:13:47 -0700] "GET /content/bookmarkedpages/?q=%2523changingglobaldiets&_t=rss HTTP/1.1" 200 4800 "-" "Mozilla/5.0 (compatible; MJ12bot/v1.4.8; http://mj12bot.com/)" 
144.76.38.10 - - [23/Jun/2020:03:13:49 -0700] "GET /content/bookmarkedpages/?q=%2523cucumber&_t=rss HTTP/1.1" 200 4784 "-" "Mozilla/5.0 (compatible; MJ12bot/v1.4.8; http://mj12bot.com/)" 
144.76.38.10 - - [23/Jun/2020:03:13:52 -0700] "GET /content/bookmarkedpages/?q=%2523fermentation&_t=rss HTTP/1.1" 200 4788 "-" "Mozilla/5.0 (compatible; MJ12bot/v1.4.8; http://mj12bot.com/)" 
144.76.38.10 - - [23/Jun/2020:03:13:54 -0700] "GET /content/bookmarkedpages/?q=%2523opencollective&_t=rss HTTP/1.1" 200 4794 "-" "Mozilla/5.0 (compatible; MJ12bot/v1.4.8; http://mj12bot.com/)" 
144.76.38.10 - - [23/Jun/2020:03:13:56 -0700] "GET /content/bookmarkedpages/?q=%2523podcast&_t=rss HTTP/1.1" 200 4780 "-" "Mozilla/5.0 (compatible; MJ12bot/v1.4.8; http://mj12bot.com/)" 
144.76.38.10 - - [23/Jun/2020:03:13:58 -0700] "GET /content/bookmarkedpages/?q=%2523quill&_t=rss HTTP/1.1" 200 4779 "-" "Mozilla/5.0 (compatible; MJ12bot/v1.4.8; http://mj12bot.com/)" 
144.76.38.10 - - [23/Jun/2020:03:14:01 -0700] "GET /content/bookmarkedpages/?q=%2523sauerkraut&_t=rss HTTP/1.1" 200 4787 "-" "Mozilla/5.0 (compatible; MJ12bot/v1.4.8; http://mj12bot.com/)" 
144.76.38.10 - - [23/Jun/2020:03:14:03 -0700] "GET /content/events/?q=%23%20%23%23indieweb&_t=rss HTTP/1.1" 200 4780 "-" "Mozilla/5.0 (compatible; MJ12bot/v1.4.8; http://mj12bot.com/)" 
144.76.38.10 - - [23/Jun/2020:03:14:10 -0700] "GET /content/events/?q=%23%20%23Http://www.marigoldroma.com/&_t=rss HTTP/1.1" 200 4822 "-" "Mozilla/5.0 (compatible; MJ12bot/v1.4.8; http://mj12bot.com/)" 
144.76.38.10 - - [23/Jun/2020:03:14:18 -0700] "GET /content/locations/?q=%23WithKnown&_t=rss HTTP/1.1" 200 4766 "-" "Mozilla/5.0 (compatible; MJ12bot/v1.4.8; http://mj12bot.com/)" 
144.76.38.10 - - [23/Jun/2020:03:14:20 -0700] "GET /content/locations/?q=%23campbellsdoughknife&_t=rss HTTP/1.1" 200 4786 "-" "Mozilla/5.0 (compatible; MJ12bot/v1.4.8; http://mj12bot.com/)" 
144.76.38.10 - - [23/Jun/2020:03:14:25 -0700] "GET /content/locations/?q=%23changingglobaldiets&_t=rss HTTP/1.1" 200 4785 "-" "Mozilla/5.0 (compatible; MJ12bot/v1.4.8; http://mj12bot.com/)" 
144.76.38.10 - - [23/Jun/2020:03:14:29 -0700] "GET /content/locations/?q=%23cooking&_t=rss HTTP/1.1" 200 4766 "-" "Mozilla/5.0 (compatible; MJ12bot/v1.4.8; http://mj12bot.com/)" 
54.36.148.26 - - [23/Jun/2020:03:14:30 -0700] "GET /2018/jacqui-banaszynskis-literary-forensics-a-diagnostic-tool-to-improve-writing HTTP/1.1" 200 9556 "-" "Mozilla/5.0 (compatible; AhrefsBot/6.1; +http://ahrefs.com/robot/)" 
144.76.38.10 - - [23/Jun/2020:03:14:31 -0700] "GET /content/locations/?q=%23courses&_t=rss HTTP/1.1" 200 4766 "-" "Mozilla/5.0 (compatible; MJ12bot/v1.4.8; http://mj12bot.com/)" 
144.76.38.10 - - [23/Jun/2020:03:14:35 -0700] "GET /content/locations/?q=%23cucumber&_t=rss HTTP/1.1" 200 4768 "-" "Mozilla/5.0 (compatible; MJ12bot/v1.4.8; http://mj12bot.com/)" 
192.99.10.39 - - [23/Jun/2020:03:14:36 -0700] "GET /2019/a-perfect-day-for-playing-hookey?_t=rss HTTP/1.1" 200 5300 "-" "Mozilla/5.0 (compatible; MJ12bot/v1.4.8; http://mj12bot.com/)" 
46.229.168.146 - - [23/Jun/2020:03:14:39 -0700] "GET /robots.txt HTTP/1.1" 200 4276 "-" "Mozilla/5.0 (compatible; SemrushBot/6~bl; +http://www.semrush.com/bot.html)" 
144.76.38.10 - - [23/Jun/2020:03:14:41 -0700] "GET /content/locations/?q=%23followfriday%26quot&_t=rss HTTP/1.1" 200 4789 "-" "Mozilla/5.0 (compatible; MJ12bot/v1.4.8; http://mj12bot.com/)" 
46.229.168.141 - - [23/Jun/2020:03:14:42 -0700] "GET /content/rsvp/?q=%23%2B%23Black_pepper HTTP/1.1" 200 8301 "-" "Mozilla/5.0 (compatible; SemrushBot/6~bl; +http://www.semrush.com/bot.html)" 
144.76.38.10 - - [23/Jun/2020:03:14:46 -0700] "GET /content/locations/?q=%23hearsay17&_t=rss HTTP/1.1" 200 4770 "-" "Mozilla/5.0 (compatible; MJ12bot/v1.4.8; http://mj12bot.com/)" 
144.76.38.10 - - [23/Jun/2020:03:14:49 -0700] "GET /content/locations/?q=%23heritageapples&_t=rss HTTP/1.1" 200 4776 "-" "Mozilla/5.0 (compatible; MJ12bot/v1.4.8; http://mj12bot.com/)" 
144.76.38.10 - - [23/Jun/2020:03:14:52 -0700] "GET /content/locations/?q=%23indieweb%26quot&_t=rss HTTP/1.1" 200 4778 "-" "Mozilla/5.0 (compatible; MJ12bot/v1.4.8; http://mj12bot.com/)" 
144.76.38.10 - - [23/Jun/2020:03:14:58 -0700] "GET /content/locations/?q=%23leaven&_t=rss HTTP/1.1" 200 4764 "-" "Mozilla/5.0 (compatible; MJ12bot/v1.4.8; http://mj12bot.com/)" 
46.229.168.154 - - [23/Jun/2020:03:15:00 -0700] "GET /content/all/?offset=88&q=%23IndieWeb HTTP/1.1" 200 15693 "-" "Mozilla/5.0 (compatible; SemrushBot/6~bl; +http://www.semrush.com/bot.html)" 
144.76.38.10 - - [23/Jun/2020:03:15:01 -0700] "GET /content/locations/?q=%23non&_t=rss HTTP/1.1" 200 4759 "-" "Mozilla/5.0 (compatible; MJ12bot/v1.4.8; http://mj12bot.com/)" 
46.229.168.163 - - [23/Jun/2020:03:15:02 -0700] "GET /content/audio/?q=%23podcast HTTP/1.1" 200 8298 "-" "Mozilla/5.0 (compatible; SemrushBot/6~bl; +http://www.semrush.com/bot.html)" 
144.76.38.10 - - [23/Jun/2020:03:15:06 -0700] "GET /content/locations/?q=%23opencollective&_t=rss HTTP/1.1" 200 4778 "-" "Mozilla/5.0 (compatible; MJ12bot/v1.4.8; http://mj12bot.com/)" 
144.76.38.10 - - [23/Jun/2020:03:15:09 -0700] "GET /content/locations/?q=%23pestcontrol&_t=rss HTTP/1.1" 200 4772 "-" "Mozilla/5.0 (compatible; MJ12bot/v1.4.8; http://mj12bot.com/)" 
144.76.38.10 - - [23/Jun/2020:03:15:12 -0700] "GET /content/locations/?q=%23photo&_t=rss HTTP/1.1" 200 4763 "-" "Mozilla/5.0 (compatible; MJ12bot/v1.4.8; http://mj12bot.com/)" 
144.76.38.10 - - [23/Jun/2020:03:15:14 -0700] "GET /content/locations/?q=%23plumeria&_t=rss HTTP/1.1" 200 4767 "-" "Mozilla/5.0 (compatible; MJ12bot/v1.4.8; http://mj12bot.com/)" 
144.76.38.10 - - [23/Jun/2020:03:15:21 -0700] "GET /content/locations/?q=%23quill&_t=rss HTTP/1.1" 200 4763 "-" "Mozilla/5.0 (compatible; MJ12bot/v1.4.8; http://mj12bot.com/)" 
144.76.38.10 - - [23/Jun/2020:03:15:30 -0700] "GET /content/locations/?q=%23seeded&_t=rss HTTP/1.1" 200 4762 "-" "Mozilla/5.0 (compatible; MJ12bot/v1.4.8; http://mj12bot.com/)" 
46.229.168.137 - - [23/Jun/2020:03:15:31 -0700] "GET /content/audio/?q=%23%2B%23%23bread HTTP/1.1" 200 9403 "-" "Mozilla/5.0 (compatible; SemrushBot/6~bl; +http://www.semrush.com/bot.html)" 
144.76.38.10 - - [23/Jun/2020:03:15:33 -0700] "GET /content/photos/?q=%23%20%23%23indieweb&_t=rss HTTP/1.1" 200 5485 "-" "Mozilla/5.0 (compatible; MJ12bot/v1.4.8; http://mj12bot.com/)" 
144.76.38.10 - - [23/Jun/2020:03:15:40 -0700] "GET /content/photos/?q=%23%20%23bigbake&_t=rss HTTP/1.1" 200 4778 "-" "Mozilla/5.0 (compatible; MJ12bot/v1.4.8; http://mj12bot.com/)" 
144.76.38.10 - - [23/Jun/2020:03:15:43 -0700] "GET /content/photos/?q=%23%20%23bread&offset=32&_t=rss HTTP/1.1" 200 8479 "-" "Mozilla/5.0 (compatible; MJ12bot/v1.4.8; http://mj12bot.com/)" 
144.76.38.10 - - [23/Jun/2020:03:15:45 -0700] "GET /file/1772381f649cb3a685da3840b31d3371/e32ffeb5f9503f913f1a42f4a8675f23 HTTP/1.1" 200 93940 "-" "Mozilla/5.0 (compatible; MJ12bot/v1.4.8; http://mj12bot.com/)" 
144.76.38.10 - - [23/Jun/2020:03:15:47 -0700] "GET /robots.txt HTTP/1.1" 200 4312 "-" "Mozilla/5.0 (compatible; MJ12bot/v1.4.8; http://mj12bot.com/)" 
103.131.71.96 - - [23/Jun/2020:03:15:48 -0700] "GET /2019/latest-episode-we-need-to-talk-about-meatnot-arguing-pro HTTP/1.1" 200 14418 "-" "Mozilla/5.0 (compatible; coccocbot-web/1.0; +http://help.coccoc.com/searchengine)" 
144.76.38.10 - - [23/Jun/2020:03:15:50 -0700] "GET /2019/and-then-theres-the-question-of-saut%C3%A9ed?_t=rss HTTP/1.1" 200 5272 "-" "Mozilla/5.0 (compatible; MJ12bot/v1.4.8; http://mj12bot.com/)" 
144.76.38.10 - - [23/Jun/2020:03:15:53 -0700] "GET /2019/checked-into-at-melissas HTTP/1.1" 200 9546 "-" "Mozilla/5.0 (compatible; MJ12bot/v1.4.8; http://mj12bot.com/)" 
144.76.38.10 - - [23/Jun/2020:03:15:56 -0700] "GET /2019/checked-into-bacino-rottacapozza-sud HTTP/1.1" 200 9556 "-" "Mozilla/5.0 (compatible; MJ12bot/v1.4.8; http://mj12bot.com/)" 
46.229.168.142 - - [23/Jun/2020:03:15:57 -0700] "GET /2018/its-happening HTTP/1.1" 200 11730 "-" "Mozilla/5.0 (compatible; SemrushBot/6~bl; +http://www.semrush.com/bot.html)" 
46.229.168.138 - - [23/Jun/2020:03:15:59 -0700] "GET /2018/latest-podcast-episode-looks-at-the-way-wheat-moved-through HTTP/1.1" 200 11149 "-" "Mozilla/5.0 (compatible; SemrushBot/6~bl; +http://www.semrush.com/bot.html)" 
144.76.38.10 - - [23/Jun/2020:03:15:59 -0700] "GET /2019/checked-into-ballyoughtera HTTP/1.1" 200 9527 "-" "Mozilla/5.0 (compatible; MJ12bot/v1.4.8; http://mj12bot.com/)" 
192.99.10.39 - - [23/Jun/2020:03:16:02 -0700] "GET /2019/a-year-complete?_t=rss HTTP/1.1" 200 5045 "-" "Mozilla/5.0 (compatible; MJ12bot/v1.4.8; http://mj12bot.com/)" 
144.76.38.10 - - [23/Jun/2020:03:16:03 -0700] "GET /2019/checked-into-casets-union-hall HTTP/1.1" 200 9579 "-" "Mozilla/5.0 (compatible; MJ12bot/v1.4.8; http://mj12bot.com/)" 
144.76.38.10 - - [23/Jun/2020:03:16:05 -0700] "GET /2019/checked-into-copperwood-tavern HTTP/1.1" 200 9558 "-" "Mozilla/5.0 (compatible; MJ12bot/v1.4.8; http://mj12bot.com/)" 
144.76.38.10 - - [23/Jun/2020:03:16:08 -0700] "GET /2019/checked-into-cresci HTTP/1.1" 200 9508 "-" "Mozilla/5.0 (compatible; MJ12bot/v1.4.8; http://mj12bot.com/)" 
144.76.38.10 - - [23/Jun/2020:03:16:14 -0700] "GET /2019/checked-into-fl%C3%A1vio-velovevodetto?_t=rss HTTP/1.1" 200 5257 "-" "Mozilla/5.0 (compatible; MJ12bot/v1.4.8; http://mj12bot.com/)" 
144.76.38.10 - - [23/Jun/2020:03:16:16 -0700] "GET /2019/checked-into-mai-fitzs HTTP/1.1" 200 9544 "-" "Mozilla/5.0 (compatible; MJ12bot/v1.4.8; http://mj12bot.com/)" 
144.76.38.10 - - [23/Jun/2020:03:16:18 -0700] "GET /2019/checked-into-marigold-1 HTTP/1.1" 200 9516 "-" "Mozilla/5.0 (compatible; MJ12bot/v1.4.8; http://mj12bot.com/)" 
144.76.38.10 - - [23/Jun/2020:03:16:21 -0700] "GET /2019/checked-into-rei HTTP/1.1" 200 9519 "-" "Mozilla/5.0 (compatible; MJ12bot/v1.4.8; http://mj12bot.com/)" 
144.76.38.10 - - [23/Jun/2020:03:16:24 -0700] "GET /2019/checked-into-rione-iii-colonna HTTP/1.1" 200 9536 "-" "Mozilla/5.0 (compatible; MJ12bot/v1.4.8; http://mj12bot.com/)" 
192.99.10.39 - - [23/Jun/2020:03:16:25 -0700] "GET /2019/about-this-website---gwernnet?_t=rss HTTP/1.1" 200 5120 "-" "Mozilla/5.0 (compatible; MJ12bot/v1.4.8; http://mj12bot.com/)" 
144.76.38.10 - - [23/Jun/2020:03:16:27 -0700] "GET /2019/checked-into-united-states-botanic-garden HTTP/1.1" 200 9581 "-" "Mozilla/5.0 (compatible; MJ12bot/v1.4.8; http://mj12bot.com/)" 
144.76.38.10 - - [23/Jun/2020:03:16:29 -0700] "GET /2019/checked-into-via-e-arditi HTTP/1.1" 200 9506 "-" "Mozilla/5.0 (compatible; MJ12bot/v1.4.8; http://mj12bot.com/)" 
144.76.38.10 - - [23/Jun/2020:03:16:32 -0700] "GET /2019/checked-into-zi-titta HTTP/1.1" 200 9501 "-" "Mozilla/5.0 (compatible; MJ12bot/v1.4.8; http://mj12bot.com/)" 
17.58.102.79 - - [23/Jun/2020:03:16:35 -0700] "GET /2018/gregorlovecom-indieweb-wordpress-feedback HTTP/1.1" 200 9915 "-" "Mozilla/5.0 (Macintosh; Intel Mac OS X 10_15_5) AppleWebKit/605.1.15 (KHTML, like Gecko) Version/13.1.1 Safari/605.1.15 (Applebot/0.1; +http://www.apple.com/go/applebot)" 
144.76.38.10 - - [23/Jun/2020:03:16:37 -0700] "GET /2019/ovolini-and?_t=rss HTTP/1.1" 200 5282 "-" "Mozilla/5.0 (compatible; MJ12bot/v1.4.8; http://mj12bot.com/)" 
144.76.38.10 - - [23/Jun/2020:03:16:39 -0700] "GET /2019/puntarelle-the-season-has-changed?_t=rss HTTP/1.1" 200 5331 "-" "Mozilla/5.0 (compatible; MJ12bot/v1.4.8; http://mj12bot.com/)" 
144.76.38.10 - - [23/Jun/2020:03:16:42 -0700] "GET /2019/room-for-change-the-problem-with-extinction-rebellion HTTP/1.1" 200 9367 "-" "Mozilla/5.0 (compatible; MJ12bot/v1.4.8; http://mj12bot.com/)" 
144.76.38.10 - - [23/Jun/2020:03:16:46 -0700] "GET /2019/so-gratifying-when-people-get-stuck-right-in-this-time?_t=rss HTTP/1.1" 200 5396 "-" "Mozilla/5.0 (compatible; MJ12bot/v1.4.8; http://mj12bot.com/)" 
144.76.38.10 - - [23/Jun/2020:03:16:48 -0700] "GET /2019/so-pleased-to-be-able-to-announce-that-sourdough-u HTTP/1.1" 200 15874 "-" "Mozilla/5.0 (compatible; MJ12bot/v1.4.8; http://mj12bot.com/)" 
192.99.10.39 - - [23/Jun/2020:03:16:50 -0700] "GET /?q=%23IndieWeb&_t=rss HTTP/1.1" 200 9948 "-" "Mozilla/5.0 (compatible; MJ12bot/v1.4.8; http://mj12bot.com/)" 
144.76.38.10 - - [23/Jun/2020:03:16:53 -0700] "GET /2019/the-case-for-planting-trees-small-farm-future HTTP/1.1" 200 9420 "-" "Mozilla/5.0 (compatible; MJ12bot/v1.4.8; http://mj12bot.com/)" 
144.76.38.10 - - [23/Jun/2020:03:16:58 -0700] "GET /2019/the-smartphone-tracking-industry-has-been-rumbled-when-will-we HTTP/1.1" 200 9547 "-" "Mozilla/5.0 (compatible; MJ12bot/v1.4.8; http://mj12bot.com/)" 
96.126.125.129 - - [23/Jun/2020:03:17:05 -0700] "GET /content/statusupdates/posts/photos/checkins/bookmarkedpages?_t=rss HTTP/1.1" 200 7427 "-" "Micro.blog/1.0" 
144.76.38.10 - - [23/Jun/2020:03:17:07 -0700] "GET /?offset=130&_t=rss HTTP/1.1" 200 7041 "-" "Mozilla/5.0 (compatible; MJ12bot/v1.4.8; http://mj12bot.com/)" 
66.249.66.46 - - [23/Jun/2020:03:17:20 -0700] "GET /robots.txt HTTP/1.1" 200 4857 "-" "Mozilla/5.0 (compatible; Googlebot/2.1; +http://www.google.com/bot.html)" 
66.249.66.44 - - [23/Jun/2020:03:17:20 -0700] "GET /content/all?offset=2184 HTTP/1.1" 200 13618 "-" "Mozilla/5.0 (Linux; Android 6.0.1; Nexus 5X Build/MMB29P) AppleWebKit/537.36 (KHTML, like Gecko) Chrome/80.0.3987.92 Mobile Safari/537.36 (compatible; Googlebot/2.1; +http://www.google.com/bot.html)" 
46.229.168.132 - - [23/Jun/2020:03:17:25 -0700] "GET /content/statusupdates/?offset=4&q=%23IndieWeb HTTP/1.1" 200 11400 "-" "Mozilla/5.0 (compatible; SemrushBot/6~bl; +http://www.semrush.com/bot.html)" 
66.249.66.44 - - [23/Jun/2020:03:17:25 -0700] "GET /service/web/unfurl/?url=https%3A%2F%2Fwww.lrb.co.uk%2Fv39%2Fn04%2Frory-stewart%2Fhow-to-serve-coffee&__bTk=88ccc0ff9b63e9a9fa18a47b33a9a4aa669e212b2ce6802298159e6c95554b31&__bTs=1591488000 HTTP/1.1" 403 4961 "https://stream.jeremycherfas.net/content/all?offset=2184" "Mozilla/5.0 (Linux; Android 6.0.1; Nexus 5X Build/MMB29P) AppleWebKit/537.36 (KHTML, like Gecko) Chrome/83.0.4103.108 Mobile Safari/537.36 (compatible; Googlebot/2.1; +http://www.google.com/bot.html)" 
66.249.66.46 - - [23/Jun/2020:03:17:27 -0700] "GET /service/web/unfurl/?url=https%3A%2F%2Fwww.jeremycherfas.net%2Fblog%2Fgorging-on-the-social-internet&__bTk=88ccc0ff9b63e9a9fa18a47b33a9a4aa669e212b2ce6802298159e6c95554b31&__bTs=1591488000 HTTP/1.1" 403 4960 "https://stream.jeremycherfas.net/content/all?offset=2184" "Mozilla/5.0 (Linux; Android 6.0.1; Nexus 5X Build/MMB29P) AppleWebKit/537.36 (KHTML, like Gecko) Chrome/83.0.4103.108 Mobile Safari/537.36 (compatible; Googlebot/2.1; +http://www.google.com/bot.html)" 
66.249.66.46 - - [23/Jun/2020:03:17:28 -0700] "GET /service/web/unfurl/?url=https%3A%2F%2Fnews.ilri.org%2F2017%2F03%2F15%2Fa-deep-dive-inside-vietnams-pork-foodshed-to-determine-food-safety-issues-and-their-practical-resolutions%2F&__bTk=88ccc0ff9b63e9a9fa18a47b33a9a4aa669e212b2ce6802298159e6c95554b31&__bTs=1591488000 HTTP/1.1" 403 5040 "https://stream.jeremycherfas.net/content/all?offset=2184" "Mozilla/5.0 (Linux; Android 6.0.1; Nexus 5X Build/MMB29P) AppleWebKit/537.36 (KHTML, like Gecko) Chrome/83.0.4103.108 Mobile Safari/537.36 (compatible; Googlebot/2.1; +http://www.google.com/bot.html)" 
66.249.66.44 - - [23/Jun/2020:03:17:29 -0700] "GET /service/web/unfurl/?url=http%3A%2F%2Fwww.eatthispodcast.com%2Fneanderthaldiets%2F&__bTk=88ccc0ff9b63e9a9fa18a47b33a9a4aa669e212b2ce6802298159e6c95554b31&__bTs=1591488000 HTTP/1.1" 403 4942 "https://stream.jeremycherfas.net/content/all?offset=2184" "Mozilla/5.0 (Linux; Android 6.0.1; Nexus 5X Build/MMB29P) AppleWebKit/537.36 (KHTML, like Gecko) Chrome/83.0.4103.108 Mobile Safari/537.36 (compatible; Googlebot/2.1; +http://www.google.com/bot.html)" 
66.249.66.44 - - [23/Jun/2020:03:17:30 -0700] "GET /service/web/unfurl/?url=https%3A%2F%2Fwww.lrb.co.uk%2Fv39%2Fn04%2Frory-stewart%2Fhow-to-serve-coffee&__bTk=88ccc0ff9b63e9a9fa18a47b33a9a4aa669e212b2ce6802298159e6c95554b31&__bTs=1592864440 HTTP/1.1" 403 4961 "https://stream.jeremycherfas.net/content/all?offset=2184" "Mozilla/5.0 (Linux; Android 6.0.1; Nexus 5X Build/MMB29P) AppleWebKit/537.36 (KHTML, like Gecko) Chrome/83.0.4103.108 Mobile Safari/537.36 (compatible; Googlebot/2.1; +http://www.google.com/bot.html)" 
66.249.66.44 - - [23/Jun/2020:03:17:32 -0700] "GET /service/web/unfurl/?url=https%3A%2F%2Fwww.jeremycherfas.net%2Fblog%2Fgorging-on-the-social-internet&__bTk=88ccc0ff9b63e9a9fa18a47b33a9a4aa669e212b2ce6802298159e6c95554b31&__bTs=1592864440 HTTP/1.1" 403 4960 "https://stream.jeremycherfas.net/content/all?offset=2184" "Mozilla/5.0 (Linux; Android 6.0.1; Nexus 5X Build/MMB29P) AppleWebKit/537.36 (KHTML, like Gecko) Chrome/83.0.4103.108 Mobile Safari/537.36 (compatible; Googlebot/2.1; +http://www.google.com/bot.html)" 
66.249.66.44 - - [23/Jun/2020:03:17:34 -0700] "GET /service/web/unfurl/?url=https%3A%2F%2Fnews.ilri.org%2F2017%2F03%2F15%2Fa-deep-dive-inside-vietnams-pork-foodshed-to-determine-food-safety-issues-and-their-practical-resolutions%2F&__bTk=88ccc0ff9b63e9a9fa18a47b33a9a4aa669e212b2ce6802298159e6c95554b31&__bTs=1592864440 HTTP/1.1" 403 5040 "https://stream.jeremycherfas.net/content/all?offset=2184" "Mozilla/5.0 (Linux; Android 6.0.1; Nexus 5X Build/MMB29P) AppleWebKit/537.36 (KHTML, like Gecko) Chrome/83.0.4103.108 Mobile Safari/537.36 (compatible; Googlebot/2.1; +http://www.google.com/bot.html)" 
66.249.66.44 - - [23/Jun/2020:03:17:35 -0700] "GET /service/web/unfurl/?url=http%3A%2F%2Fwww.eatthispodcast.com%2Fneanderthaldiets%2F&__bTk=88ccc0ff9b63e9a9fa18a47b33a9a4aa669e212b2ce6802298159e6c95554b31&__bTs=1592864440 HTTP/1.1" 403 4942 "https://stream.jeremycherfas.net/content/all?offset=2184" "Mozilla/5.0 (Linux; Android 6.0.1; Nexus 5X Build/MMB29P) AppleWebKit/537.36 (KHTML, like Gecko) Chrome/83.0.4103.108 Mobile Safari/537.36 (compatible; Googlebot/2.1; +http://www.google.com/bot.html)" 
66.249.66.50 - - [23/Jun/2020:03:18:01 -0700] "GET /service/web/unfurl/?url=http%3A%2F%2Fwww.eatthispodcast.com%2Fneanderthaldiets%2F&__bTk=87025754331591b042a0666de03dd478bbb2d3a5ff9904e3877283a04f87432d&__bTs=1591488000 HTTP/1.1" 403 5099 "https://www.stream.jeremycherfas.net/content/all/?offset=2058" "Mozilla/5.0 (Linux; Android 6.0.1; Nexus 5X Build/MMB29P) AppleWebKit/537.36 (KHTML, like Gecko) Chrome/83.0.4103.108 Mobile Safari/537.36 (compatible; Googlebot/2.1; +http://www.google.com/bot.html)" 
66.249.66.48 - - [23/Jun/2020:03:18:01 -0700] "GET /service/web/unfurl/?url=https%3A%2F%2Fnews.ilri.org%2F2017%2F03%2F15%2Fa-deep-dive-inside-vietnams-pork-foodshed-to-determine-food-safety-issues-and-their-practical-resolutions%2F&__bTk=87025754331591b042a0666de03dd478bbb2d3a5ff9904e3877283a04f87432d&__bTs=1591488000 HTTP/1.1" 403 5197 "https://www.stream.jeremycherfas.net/content/all/?offset=2058" "Mozilla/5.0 (Linux; Android 6.0.1; Nexus 5X Build/MMB29P) AppleWebKit/537.36 (KHTML, like Gecko) Chrome/83.0.4103.108 Mobile Safari/537.36 (compatible; Googlebot/2.1; +http://www.google.com/bot.html)" 
66.249.66.50 - - [23/Jun/2020:03:18:03 -0700] "GET /service/web/unfurl/?url=https%3A%2F%2Fwww.lrb.co.uk%2Fv39%2Fn04%2Frory-stewart%2Fhow-to-serve-coffee&__bTk=87025754331591b042a0666de03dd478bbb2d3a5ff9904e3877283a04f87432d&__bTs=1591488000 HTTP/1.1" 403 5118 "https://www.stream.jeremycherfas.net/content/all/?offset=2058" "Mozilla/5.0 (Linux; Android 6.0.1; Nexus 5X Build/MMB29P) AppleWebKit/537.36 (KHTML, like Gecko) Chrome/83.0.4103.108 Mobile Safari/537.36 (compatible; Googlebot/2.1; +http://www.google.com/bot.html)" 
66.249.66.48 - - [23/Jun/2020:03:18:04 -0700] "GET /service/web/unfurl/?url=https%3A%2F%2Fwww.jeremycherfas.net%2Fblog%2Fgorging-on-the-social-internet&__bTk=87025754331591b042a0666de03dd478bbb2d3a5ff9904e3877283a04f87432d&__bTs=1591488000 HTTP/1.1" 403 5117 "https://www.stream.jeremycherfas.net/content/all/?offset=2058" "Mozilla/5.0 (Linux; Android 6.0.1; Nexus 5X Build/MMB29P) AppleWebKit/537.36 (KHTML, like Gecko) Chrome/83.0.4103.108 Mobile Safari/537.36 (compatible; Googlebot/2.1; +http://www.google.com/bot.html)" 
66.249.66.50 - - [23/Jun/2020:03:18:06 -0700] "GET /service/web/unfurl/?url=http%3A%2F%2Fwww.eatthispodcast.com%2Fneanderthaldiets%2F&__bTk=87025754331591b042a0666de03dd478bbb2d3a5ff9904e3877283a04f87432d&__bTs=1592862735 HTTP/1.1" 403 5099 "https://www.stream.jeremycherfas.net/content/all/?offset=2058" "Mozilla/5.0 (Linux; Android 6.0.1; Nexus 5X Build/MMB29P) AppleWebKit/537.36 (KHTML, like Gecko) Chrome/83.0.4103.108 Mobile Safari/537.36 (compatible; Googlebot/2.1; +http://www.google.com/bot.html)" 
66.249.66.48 - - [23/Jun/2020:03:18:07 -0700] "GET /service/web/unfurl/?url=https%3A%2F%2Fnews.ilri.org%2F2017%2F03%2F15%2Fa-deep-dive-inside-vietnams-pork-foodshed-to-determine-food-safety-issues-and-their-practical-resolutions%2F&__bTk=87025754331591b042a0666de03dd478bbb2d3a5ff9904e3877283a04f87432d&__bTs=1592862735 HTTP/1.1" 403 5197 "https://www.stream.jeremycherfas.net/content/all/?offset=2058" "Mozilla/5.0 (Linux; Android 6.0.1; Nexus 5X Build/MMB29P) AppleWebKit/537.36 (KHTML, like Gecko) Chrome/83.0.4103.108 Mobile Safari/537.36 (compatible; Googlebot/2.1; +http://www.google.com/bot.html)" 
66.249.66.48 - - [23/Jun/2020:03:18:09 -0700] "GET /service/web/unfurl/?url=https%3A%2F%2Fwww.lrb.co.uk%2Fv39%2Fn04%2Frory-stewart%2Fhow-to-serve-coffee&__bTk=87025754331591b042a0666de03dd478bbb2d3a5ff9904e3877283a04f87432d&__bTs=1592862735 HTTP/1.1" 403 5118 "https://www.stream.jeremycherfas.net/content/all/?offset=2058" "Mozilla/5.0 (Linux; Android 6.0.1; Nexus 5X Build/MMB29P) AppleWebKit/537.36 (KHTML, like Gecko) Chrome/83.0.4103.108 Mobile Safari/537.36 (compatible; Googlebot/2.1; +http://www.google.com/bot.html)" 
66.249.66.48 - - [23/Jun/2020:03:18:10 -0700] "GET /service/web/unfurl/?url=https%3A%2F%2Fwww.jeremycherfas.net%2Fblog%2Fgorging-on-the-social-internet&__bTk=87025754331591b042a0666de03dd478bbb2d3a5ff9904e3877283a04f87432d&__bTs=1592862735 HTTP/1.1" 403 5117 "https://www.stream.jeremycherfas.net/content/all/?offset=2058" "Mozilla/5.0 (Linux; Android 6.0.1; Nexus 5X Build/MMB29P) AppleWebKit/537.36 (KHTML, like Gecko) Chrome/83.0.4103.108 Mobile Safari/537.36 (compatible; Googlebot/2.1; +http://www.google.com/bot.html)" 
46.229.168.135 - - [23/Jun/2020:03:18:58 -0700] "GET /?offset=46&q=%23%2B%23podcast HTTP/1.1" 200 13350 "-" "Mozilla/5.0 (compatible; SemrushBot/6~bl; +http://www.semrush.com/bot.html)" 
46.229.168.154 - - [23/Jun/2020:03:19:04 -0700] "GET /content/bookmarkedpages/?offset=90 HTTP/1.1" 200 10605 "-" "Mozilla/5.0 (compatible; SemrushBot/6~bl; +http://www.semrush.com/bot.html)" 
64.111.100.215 - - [23/Jun/2020:03:19:07 -0700] "GET /content/all?_t=rss HTTP/1.1" 200 13896 "-" "Mozilla/5.0 (X11; U; Linux i686; fr; rv:1.9.1.1) Gecko/20090715 Firefox/3.5.1" 
192.99.10.39 - - [23/Jun/2020:03:19:26 -0700] "GET /?q=%23IndieWeb&offset=110&_t=rss HTTP/1.1" 200 8135 "-" "Mozilla/5.0 (compatible; MJ12bot/v1.4.8; http://mj12bot.com/)" 
46.229.168.133 - - [23/Jun/2020:03:19:35 -0700] "GET /2020/sight HTTP/1.1" 200 9279 "-" "Mozilla/5.0 (compatible; SemrushBot/6~bl; +http://www.semrush.com/bot.html)" 
192.99.10.39 - - [23/Jun/2020:03:19:49 -0700] "GET /?q=%23IndieWeb&offset=115 HTTP/1.1" 200 12113 "-" "Mozilla/5.0 (compatible; MJ12bot/v1.4.8; http://mj12bot.com/)" 
46.229.168.141 - - [23/Jun/2020:03:20:02 -0700] "GET /2019/khaosanlao-taxation-is-unlikely-to-be-part HTTP/1.1" 200 9663 "-" "Mozilla/5.0 (compatible; SemrushBot/6~bl; +http://www.semrush.com/bot.html)" 
192.99.10.39 - - [23/Jun/2020:03:20:28 -0700] "GET /?q=%23IndieWeb&offset=119 HTTP/1.1" 200 12002 "-" "Mozilla/5.0 (compatible; MJ12bot/v1.4.8; http://mj12bot.com/)" 
54.36.148.81 - - [23/Jun/2020:03:20:37 -0700] "GET /content/all/?q=%23+%23Rome&offset=3 HTTP/1.1" 200 12743 "-" "Mozilla/5.0 (compatible; AhrefsBot/6.1; +http://ahrefs.com/robot/)" 
46.229.168.131 - - [23/Jun/2020:03:20:56 -0700] "GET /content/all/?offset=36&q=%23%2B%23sourdough HTTP/1.1" 200 11277 "-" "Mozilla/5.0 (compatible; SemrushBot/6~bl; +http://www.semrush.com/bot.html)" 
46.229.168.135 - - [23/Jun/2020:03:21:25 -0700] "GET /tag/indieweb?offset=40 HTTP/1.1" 200 11278 "-" "Mozilla/5.0 (compatible; SemrushBot/6~bl; +http://www.semrush.com/bot.html)" 
192.99.10.39 - - [23/Jun/2020:03:21:32 -0700] "GET /?q=%23IndieWeb&offset=125 HTTP/1.1" 200 11568 "-" "Mozilla/5.0 (compatible; MJ12bot/v1.4.8; http://mj12bot.com/)" 
54.36.148.247 - - [23/Jun/2020:03:21:33 -0700] "GET /content/bookmarkedpages/?q=%23+%23IndieWeb&offset=11 HTTP/1.1" 200 10940 "-" "Mozilla/5.0 (compatible; AhrefsBot/6.1; +http://ahrefs.com/robot/)" 
192.99.10.39 - - [23/Jun/2020:03:22:32 -0700] "GET /?q=%23IndieWeb&offset=127&_t=rss HTTP/1.1" 200 8122 "-" "Mozilla/5.0 (compatible; MJ12bot/v1.4.8; http://mj12bot.com/)" 
54.36.149.75 - - [23/Jun/2020:03:22:35 -0700] "GET /content/bookmarkedpages/?q=%23indieweb&offset=11 HTTP/1.1" 200 10928 "-" "Mozilla/5.0 (compatible; AhrefsBot/6.1; +http://ahrefs.com/robot/)" 
96.126.125.129 - - [23/Jun/2020:03:22:48 -0700] "GET /content/statusupdates/posts/photos/checkins/bookmarkedpages?_t=rss HTTP/1.1" 200 7427 "-" "Micro.blog/1.0" 
46.229.168.134 - - [23/Jun/2020:03:22:54 -0700] "GET /file/737b0f9e6f43aa8e2e6fb4d1e5174ab9/7f90775e0aea47b05e270781b49bd586 HTTP/1.1" 200 266418 "-" "Mozilla/5.0 (compatible; SemrushBot/6~bl; +http://www.semrush.com/bot.html)" 
192.99.10.39 - - [23/Jun/2020:03:23:05 -0700] "GET /?q=%23IndieWeb&offset=129 HTTP/1.1" 200 12535 "-" "Mozilla/5.0 (compatible; MJ12bot/v1.4.8; http://mj12bot.com/)" 
192.99.10.39 - - [23/Jun/2020:03:23:55 -0700] "GET /?q=%23IndieWeb&offset=135 HTTP/1.1" 200 12449 "-" "Mozilla/5.0 (compatible; MJ12bot/v1.4.8; http://mj12bot.com/)" 
192.99.10.39 - - [23/Jun/2020:03:24:20 -0700] "GET /?q=%23IndieWeb&offset=135&_t=rss HTTP/1.1" 200 8481 "-" "Mozilla/5.0 (compatible; MJ12bot/v1.4.8; http://mj12bot.com/)" 
46.229.168.146 - - [23/Jun/2020:03:24:38 -0700] "GET /profile/jeremy?offset=160 HTTP/1.1" 200 15658 "-" "Mozilla/5.0 (compatible; SemrushBot/6~bl; +http://www.semrush.com/bot.html)" 
192.99.10.39 - - [23/Jun/2020:03:24:42 -0700] "GET /?q=%23IndieWeb&offset=137 HTTP/1.1" 200 11255 "-" "Mozilla/5.0 (compatible; MJ12bot/v1.4.8; http://mj12bot.com/)" 
46.229.168.134 - - [23/Jun/2020:03:24:47 -0700] "GET /tag/indieweb?offset=25 HTTP/1.1" 200 12934 "-" "Mozilla/5.0 (compatible; SemrushBot/6~bl; +http://www.semrush.com/bot.html)" 
46.229.168.137 - - [23/Jun/2020:03:25:05 -0700] "GET /content/bookmarkedpages?offset=270 HTTP/1.1" 200 10024 "-" "Mozilla/5.0 (compatible; SemrushBot/6~bl; +http://www.semrush.com/bot.html)" 
54.36.149.26 - - [23/Jun/2020:03:25:23 -0700] "GET /content/bookmarkedpages/?q=%23+%23indieweb&offset=11 HTTP/1.1" 200 10940 "-" "Mozilla/5.0 (compatible; AhrefsBot/6.1; +http://ahrefs.com/robot/)" 
207.46.13.166 - - [23/Jun/2020:03:25:29 -0700] "GET /?q=%23non HTTP/1.1" 200 8819 "-" "Mozilla/5.0 (compatible; bingbot/2.0; +http://www.bing.com/bingbot.htm)" 
192.99.10.39 - - [23/Jun/2020:03:25:33 -0700] "GET /?q=%23IndieWeb&offset=137&_t=rss HTTP/1.1" 200 7344 "-" "Mozilla/5.0 (compatible; MJ12bot/v1.4.8; http://mj12bot.com/)" 
46.229.168.154 - - [23/Jun/2020:03:25:34 -0700] "GET /2019/airbnb-promises-to-verify-all-7-million HTTP/1.1" 200 9612 "-" "Mozilla/5.0 (compatible; SemrushBot/6~bl; +http://www.semrush.com/bot.html)" 
66.249.92.49 - - [23/Jun/2020:03:25:36 -0700] "GET /2018/whats-the-problem HTTP/1.1" 200 11199 "-" "Mozilla/5.0 (compatible; GoogleDocs; apps-spreadsheets; +http://docs.google.com)" 
45.79.26.51 - - [23/Jun/2020:03:26:05 -0700] "GET /content/statusupdates/posts/photos/checkins/bookmarkedpages?_t=rss HTTP/1.1" 200 7422 "-" "Micro.blog/1.0" 
45.148.10.181 - - [23/Jun/2020:03:26:32 -0700] "GET / HTTP/1.1" 200 12349 "-" "Mozilla/5.0 (X11; Linux x86_64) AppleWebKit/537.36 (KHTML, like Gecko) Chrome/74.0.3729.169 Safari/537.36" 
45.148.10.181 - - [23/Jun/2020:03:26:32 -0700] "GET / HTTP/1.1" 200 12381 "-" "Mozilla/5.0 (X11; Linux x86_64) AppleWebKit/537.36 (KHTML, like Gecko) Chrome/74.0.3729.169 Safari/537.36" 
66.249.66.48 - - [23/Jun/2020:03:26:48 -0700] "GET /content/statusupdates/?q=%23Indieweb&offset=30 HTTP/1.1" 200 9419 "-" "Mozilla/5.0 (Linux; Android 6.0.1; Nexus 5X Build/MMB29P) AppleWebKit/537.36 (KHTML, like Gecko) Chrome/80.0.3987.92 Mobile Safari/537.36 (compatible; Googlebot/2.1; +http://www.google.com/bot.html)" 
46.229.168.151 - - [23/Jun/2020:03:27:37 -0700] "GET /2017/in-eager-anticipation---and-celebration---of-tomorrows-return HTTP/1.1" 200 9848 "-" "Mozilla/5.0 (compatible; SemrushBot/6~bl; +http://www.semrush.com/bot.html)" 
192.99.10.39 - - [23/Jun/2020:03:27:37 -0700] "GET /?q=%23IndieWeb&offset=18 HTTP/1.1" 200 11576 "-" "Mozilla/5.0 (compatible; MJ12bot/v1.4.8; http://mj12bot.com/)" 
46.229.168.142 - - [23/Jun/2020:03:28:14 -0700] "GET /?offset=140 HTTP/1.1" 200 11195 "-" "Mozilla/5.0 (compatible; SemrushBot/6~bl; +http://www.semrush.com/bot.html)" 
192.99.10.39 - - [23/Jun/2020:03:28:16 -0700] "GET /?q=%23IndieWeb&offset=18&_t=rss HTTP/1.1" 200 7321 "-" "Mozilla/5.0 (compatible; MJ12bot/v1.4.8; http://mj12bot.com/)" 
54.36.148.91 - - [23/Jun/2020:03:28:27 -0700] "GET /?q=%23webmention HTTP/1.1" 200 13521 "-" "Mozilla/5.0 (compatible; AhrefsBot/6.1; +http://ahrefs.com/robot/)" 
46.229.168.147 - - [23/Jun/2020:03:28:27 -0700] "GET /content/all/?offset=97&q=%23%2B%23indieweb HTTP/1.1" 200 14692 "-" "Mozilla/5.0 (compatible; SemrushBot/6~bl; +http://www.semrush.com/bot.html)" 
46.229.168.147 - - [23/Jun/2020:03:28:39 -0700] "GET /?offset=11&q=%23%2B%23food HTTP/1.1" 200 12039 "-" "Mozilla/5.0 (compatible; SemrushBot/6~bl; +http://www.semrush.com/bot.html)" 
192.99.10.39 - - [23/Jun/2020:03:29:16 -0700] "GET /?q=%23IndieWeb&offset=2 HTTP/1.1" 200 13958 "-" "Mozilla/5.0 (compatible; MJ12bot/v1.4.8; http://mj12bot.com/)" 
192.99.10.39 - - [23/Jun/2020:03:29:57 -0700] "GET /?q=%23IndieWeb&offset=2&_t=rss HTTP/1.1" 200 9932 "-" "Mozilla/5.0 (compatible; MJ12bot/v1.4.8; http://mj12bot.com/)" 
46.229.168.135 - - [23/Jun/2020:03:30:14 -0700] "GET /2018/the-web-i-want HTTP/1.1" 200 9253 "-" "Mozilla/5.0 (compatible; SemrushBot/6~bl; +http://www.semrush.com/bot.html)" 
54.36.148.59 - - [23/Jun/2020:03:30:26 -0700] "GET /content/all/?q=%23webmention HTTP/1.1" 200 13542 "-" "Mozilla/5.0 (compatible; AhrefsBot/6.1; +http://ahrefs.com/robot/)" 
46.229.168.148 - - [23/Jun/2020:03:30:28 -0700] "GET /tag/matin HTTP/1.1" 200 9001 "-" "Mozilla/5.0 (compatible; SemrushBot/6~bl; +http://www.semrush.com/bot.html)" 
46.229.168.149 - - [23/Jun/2020:03:30:37 -0700] "GET /content/bookmarkedpages/?q=%23fornacalia HTTP/1.1" 200 8324 "-" "Mozilla/5.0 (compatible; SemrushBot/6~bl; +http://www.semrush.com/bot.html)" 
159.65.96.54 - - [23/Jun/2020:03:30:39 -0700] "GET /?_t=rss HTTP/1.1" 200 7190 "-" "Feedbin feed-id:1536727 - 1 subscribers" 
46.229.168.129 - - [23/Jun/2020:03:31:00 -0700] "GET /2017/test-post-of-photo-from-os-x HTTP/1.1" 200 9335 "-" "Mozilla/5.0 (compatible; SemrushBot/6~bl; +http://www.semrush.com/bot.html)" 
207.46.13.166 - - [23/Jun/2020:03:31:26 -0700] "GET /2017/ive-followed-tim-bray-via-rss-for-what-seems-like HTTP/1.1" 200 10382 "-" "Mozilla/5.0 (compatible; bingbot/2.0; +http://www.bing.com/bingbot.htm)" 
46.229.168.140 - - [23/Jun/2020:03:32:53 -0700] "GET /2019/more-lisascenic HTTP/1.1" 200 14889 "-" "Mozilla/5.0 (compatible; SemrushBot/6~bl; +http://www.semrush.com/bot.html)" 
192.99.10.39 - - [23/Jun/2020:03:32:56 -0700] "GET /?q=%23IndieWeb&offset=28 HTTP/1.1" 200 12924 "-" "Mozilla/5.0 (compatible; MJ12bot/v1.4.8; http://mj12bot.com/)" 
46.229.168.139 - - [23/Jun/2020:03:32:59 -0700] "GET /?offset=90&q=%23%2B%23%23indieweb HTTP/1.1" 200 15562 "-" "Mozilla/5.0 (compatible; SemrushBot/6~bl; +http://www.semrush.com/bot.html)" 
45.79.26.51 - - [23/Jun/2020:03:33:10 -0700] "GET /content/statusupdates/posts/photos/checkins/bookmarkedpages?_t=rss HTTP/1.1" 200 7422 "-" "Micro.blog/1.0" 
192.99.10.39 - - [23/Jun/2020:03:33:33 -0700] "GET /?q=%23IndieWeb&offset=28&_t=rss HTTP/1.1" 200 8844 "-" "Mozilla/5.0 (compatible; MJ12bot/v1.4.8; http://mj12bot.com/)" 
46.229.168.138 - - [23/Jun/2020:03:33:41 -0700] "GET /2019/interdependent-thoughts-1 HTTP/1.1" 200 9246 "-" "Mozilla/5.0 (compatible; SemrushBot/6~bl; +http://www.semrush.com/bot.html)" 
46.229.168.147 - - [23/Jun/2020:03:34:13 -0700] "GET /content/all/?q=%23changingglobaldiets HTTP/1.1" 200 8897 "-" "Mozilla/5.0 (compatible; SemrushBot/6~bl; +http://www.semrush.com/bot.html)" 
64.111.100.215 - - [23/Jun/2020:03:34:22 -0700] "GET /content/all?_t=rss HTTP/1.1" 200 13896 "-" "Mozilla/5.0 (X11; U; Linux i686; fr; rv:1.9.1.1) Gecko/20090715 Firefox/3.5.1" 
54.36.148.81 - - [23/Jun/2020:03:34:29 -0700] "GET /content/all/?q=%23+%23bread&offset=87 HTTP/1.1" 200 8815 "-" "Mozilla/5.0 (compatible; AhrefsBot/6.1; +http://ahrefs.com/robot/)" 
46.229.168.151 - - [23/Jun/2020:03:34:38 -0700] "GET /tag/withknown?offset=20 HTTP/1.1" 200 12423 "-" "Mozilla/5.0 (compatible; SemrushBot/6~bl; +http://www.semrush.com/bot.html)" 
66.249.66.44 - - [23/Jun/2020:03:36:17 -0700] "GET /content/all?offset=1569&_t=rss HTTP/1.1" 200 8779 "-" "Mozilla/5.0 (Linux; Android 6.0.1; Nexus 5X Build/MMB29P) AppleWebKit/537.36 (KHTML, like Gecko) Chrome/80.0.3987.92 Mobile Safari/537.36 (compatible; Googlebot/2.1; +http://www.google.com/bot.html)" 
54.36.148.81 - - [23/Jun/2020:03:36:28 -0700] "GET /2017/making-use-of-food-quotwastequot-is-a-good-but-it HTTP/1.1" 200 9847 "-" "Mozilla/5.0 (compatible; AhrefsBot/6.1; +http://ahrefs.com/robot/)" 
77.75.77.54 - - [23/Jun/2020:03:36:41 -0700] "GET /robots.txt HTTP/1.1" 200 4318 "-" "Mozilla/5.0 (compatible; SeznamBot/3.2; +http://napoveda.seznam.cz/en/seznambot-intro/)" 
77.75.77.54 - - [23/Jun/2020:03:36:43 -0700] "GET /service/web/imageproxy/aHR0cHM6Ly9wYnMudHdpbWcuY29tL3Byb2ZpbGVfaW1hZ2VzLzQ3NTAzMjUxODExNTQ4MzY0OS9MdDVoZXNNVS5qcGVn/300/square HTTP/1.1" 500 4331 "-" "Mozilla/5.0 (compatible; SeznamBot/3.2; +http://napoveda.seznam.cz/en/seznambot-intro/)" 
77.75.77.54 - - [23/Jun/2020:03:36:58 -0700] "GET /content/photos/ HTTP/1.1" 304 3529 "-" "Mozilla/5.0 (compatible; SeznamBot/3.2; +http://napoveda.seznam.cz/en/seznambot-intro/)" 
192.99.10.39 - - [23/Jun/2020:03:37:41 -0700] "GET /?q=%23IndieWeb&offset=38&_t=rss HTTP/1.1" 200 7583 "-" "Mozilla/5.0 (compatible; MJ12bot/v1.4.8; http://mj12bot.com/)" 
46.229.168.152 - - [23/Jun/2020:03:37:43 -0700] "GET /tag/IndieWeb?offset=30 HTTP/1.1" 200 12851 "-" "Mozilla/5.0 (compatible; SemrushBot/6~bl; +http://www.semrush.com/bot.html)" 
46.229.168.150 - - [23/Jun/2020:03:37:47 -0700] "GET /tag/micromonday HTTP/1.1" 200 8904 "-" "Mozilla/5.0 (compatible; SemrushBot/6~bl; +http://www.semrush.com/bot.html)" 
54.36.148.92 - - [23/Jun/2020:03:38:02 -0700] "GET /?q=%23+%23Rome&offset=2 HTTP/1.1" 200 12838 "-" "Mozilla/5.0 (compatible; AhrefsBot/6.1; +http://ahrefs.com/robot/)" 
46.229.168.130 - - [23/Jun/2020:03:39:15 -0700] "GET /content/all/?offset=0&q=%23indieweb HTTP/1.1" 200 14801 "-" "Mozilla/5.0 (compatible; SemrushBot/6~bl; +http://www.semrush.com/bot.html)" 
46.229.168.133 - - [23/Jun/2020:03:39:28 -0700] "GET /?offset=53&q=%23%2B%23food HTTP/1.1" 200 9104 "-" "Mozilla/5.0 (compatible; SemrushBot/6~bl; +http://www.semrush.com/bot.html)" 
46.229.168.131 - - [23/Jun/2020:03:40:07 -0700] "GET /tag/IndieWeb?offset=128 HTTP/1.1" 200 12413 "-" "Mozilla/5.0 (compatible; SemrushBot/6~bl; +http://www.semrush.com/bot.html)" 
96.126.125.129 - - [23/Jun/2020:03:40:13 -0700] "GET /content/statusupdates/posts/photos/checkins/bookmarkedpages?_t=rss HTTP/1.1" 200 7427 "-" "Micro.blog/1.0" 
46.229.168.148 - - [23/Jun/2020:03:40:40 -0700] "GET /?offset=34&q=%23bread HTTP/1.1" 200 12287 "-" "Mozilla/5.0 (compatible; SemrushBot/6~bl; +http://www.semrush.com/bot.html)" 
40.77.167.148 - - [23/Jun/2020:03:40:51 -0700] "GET /2017/setting-some-of-my-marginalia-free-indieweb-blogsetting-my-marginalia-free HTTP/1.1" 200 10816 "-" "Mozilla/5.0 (compatible; bingbot/2.0; +http://www.bing.com/bingbot.htm)" 
167.191.240.1 - - [23/Jun/2020:03:41:16 -0700] "GET /robots.txt HTTP/1.0" 200 4210 "-" "Mozilla/4.0 (compatible; MSIE 4.01; Windows NT; MS Search 6.0 Robot)" 
167.191.240.1 - - [23/Jun/2020:03:41:19 -0700] "GET /2018/2018-01-12 HTTP/1.0" 200 29960 "-" "Mozilla/4.0 (compatible; MSIE 4.01; Windows NT; MS Search 6.0 Robot)" 
46.229.168.130 - - [23/Jun/2020:03:41:32 -0700] "GET /?offset=49&q=%23Sourdough HTTP/1.1" 200 10879 "-" "Mozilla/5.0 (compatible; SemrushBot/6~bl; +http://www.semrush.com/bot.html)" 
107.178.200.217 - - [23/Jun/2020:03:41:47 -0700] "HEAD /2020/very-happy-with-the-service-from-widefitshoes HTTP/1.1" 200 4349 "-" "Bridgy (https://brid.gy/about)" 
107.178.200.217 - - [23/Jun/2020:03:41:53 -0700] "HEAD / HTTP/1.1" 200 4299 "-" "Bridgy (https://brid.gy/about)" 
107.178.200.217 - - [23/Jun/2020:03:41:54 -0700] "GET / HTTP/1.1" 200 11746 "-" "Bridgy (https://brid.gy/about)" 
107.178.200.217 - - [23/Jun/2020:03:41:55 -0700] "HEAD /?_t=rss HTTP/1.1" 200 4269 "-" "Bridgy (https://brid.gy/about)" 
107.178.200.217 - - [23/Jun/2020:03:41:56 -0700] "HEAD /content/all?_t=rss HTTP/1.1" 200 4280 "-" "Bridgy (https://brid.gy/about)" 
46.229.168.144 - - [23/Jun/2020:03:41:56 -0700] "GET /content/bookmarkedpages/?offset=1&q=%23%2B%23food HTTP/1.1" 200 13168 "-" "Mozilla/5.0 (compatible; SemrushBot/6~bl; +http://www.semrush.com/bot.html)" 
107.178.200.217 - - [23/Jun/2020:03:41:57 -0700] "HEAD /content/all HTTP/1.1" 200 4310 "-" "Bridgy (https://brid.gy/about)" 
107.178.200.217 - - [23/Jun/2020:03:41:59 -0700] "GET /content/all HTTP/1.1" 200 11766 "-" "Bridgy (https://brid.gy/about)" 
107.178.200.217 - - [23/Jun/2020:03:42:00 -0700] "HEAD /2020/bsag-raquo-re-mapping-my-keyboard-and-re-wiring-my-brain HTTP/1.1" 200 4360 "-" "Bridgy (https://brid.gy/about)" 
107.178.200.217 - - [23/Jun/2020:03:42:00 -0700] "HEAD /2020/on-second-thoughts-maybe-the-reason-my HTTP/1.1" 200 4342 "-" "Bridgy (https://brid.gy/about)" 
107.178.200.217 - - [23/Jun/2020:03:42:01 -0700] "HEAD /2020/personal-software-interdependent-thoughts HTTP/1.1" 200 4345 "-" "Bridgy (https://brid.gy/about)" 
107.178.200.217 - - [23/Jun/2020:03:42:01 -0700] "HEAD /2020/im-perfectly-happy-that-scott-nesbitt-decided HTTP/1.1" 200 4349 "-" "Bridgy (https://brid.gy/about)" 
107.178.200.217 - - [23/Jun/2020:03:42:02 -0700] "HEAD /2020/interesting-tip-if-your-aeropress-is-slipping HTTP/1.1" 200 4349 "-" "Bridgy (https://brid.gy/about)" 
107.178.200.217 - - [23/Jun/2020:03:42:02 -0700] "HEAD /2020/what-was-it-like HTTP/1.1" 200 4320 "-" "Bridgy (https://brid.gy/about)" 
107.178.200.217 - - [23/Jun/2020:03:42:03 -0700] "HEAD /2020/never-nothing-to-see-algorithmic-feeds-or-an-inbox HTTP/1.1" 200 4354 "-" "Bridgy (https://brid.gy/about)" 
107.178.200.217 - - [23/Jun/2020:03:42:03 -0700] "HEAD /2020/so-happy-to-see-helen-rosner-hels HTTP/1.1" 200 4337 "-" "Bridgy (https://brid.gy/about)" 
107.178.200.217 - - [23/Jun/2020:03:42:04 -0700] "HEAD /2020/whats-so-very-strange-about-reading-this HTTP/1.1" 200 4344 "-" "Bridgy (https://brid.gy/about)" 
