46.229.168.146 - - [22/Jun/2020:03:55:01 -0700] "GET /2020/the-message-matters-a-bone-to-pick-with-jonah-goldberg HTTP/1.1" 200 9377 "-" "Mozilla/5.0 (compatible; SemrushBot/6~bl; +http://www.semrush.com/bot.html)" 
46.229.168.162 - - [22/Jun/2020:03:55:11 -0700] "GET /content/all/?offset=51&q=%23%2B%23podcast HTTP/1.1" 200 12006 "-" "Mozilla/5.0 (compatible; SemrushBot/6~bl; +http://www.semrush.com/bot.html)" 
46.229.168.134 - - [22/Jun/2020:03:55:15 -0700] "GET /?offset=70&q=%23%2B%23indieweb HTTP/1.1" 200 11947 "-" "Mozilla/5.0 (compatible; SemrushBot/6~bl; +http://www.semrush.com/bot.html)" 
46.229.168.142 - - [22/Jun/2020:03:55:39 -0700] "GET /content/all/?offset=10&q=%23%2B%23Rome HTTP/1.1" 200 10129 "-" "Mozilla/5.0 (compatible; SemrushBot/6~bl; +http://www.semrush.com/bot.html)" 
207.46.13.166 - - [22/Jun/2020:03:55:55 -0700] "GET / HTTP/1.1" 200 12337 "-" "Mozilla/5.0 (compatible; bingbot/2.0; +http://www.bing.com/bingbot.htm)" 
64.111.100.215 - - [22/Jun/2020:03:56:13 -0700] "GET /content/all?_t=rss HTTP/1.1" 200 13896 "-" "Mozilla/5.0 (X11; U; Linux i686; fr; rv:1.9.1.1) Gecko/20090715 Firefox/3.5.1" 
46.229.168.149 - - [22/Jun/2020:03:56:18 -0700] "GET /?q=%23%2B%23Fiction HTTP/1.1" 200 8289 "-" "Mozilla/5.0 (compatible; SemrushBot/6~bl; +http://www.semrush.com/bot.html)" 
96.126.125.129 - - [22/Jun/2020:03:56:21 -0700] "GET /content/statusupdates/posts/photos/checkins/bookmarkedpages?_t=rss HTTP/1.1" 200 7427 "-" "Micro.blog/1.0" 
167.172.211.255 - - [22/Jun/2020:03:56:21 -0700] "GET /?_t=rss HTTP/1.1" 304 3495 "-" "Feedbin feed-id:1536727 - 1 subscribers" 
46.229.168.144 - - [22/Jun/2020:03:57:18 -0700] "GET /?offset=136&q=%23%2B%23indieweb HTTP/1.1" 200 12234 "-" "Mozilla/5.0 (compatible; SemrushBot/6~bl; +http://www.semrush.com/bot.html)" 
46.229.168.137 - - [22/Jun/2020:03:57:46 -0700] "GET /2019/checked-into-vechtkclubxl HTTP/1.1" 200 9513 "-" "Mozilla/5.0 (compatible; SemrushBot/6~bl; +http://www.semrush.com/bot.html)" 
46.229.168.148 - - [22/Jun/2020:03:57:50 -0700] "GET /2019/adactio-journalwhat-a-day-that-was HTTP/1.1" 200 9334 "-" "Mozilla/5.0 (compatible; SemrushBot/6~bl; +http://www.semrush.com/bot.html)" 
46.229.168.139 - - [22/Jun/2020:03:58:14 -0700] "GET /content/photos/?offset=3&q=%23sourdough HTTP/1.1" 200 12243 "-" "Mozilla/5.0 (compatible; SemrushBot/6~bl; +http://www.semrush.com/bot.html)" 
46.229.168.153 - - [22/Jun/2020:03:58:17 -0700] "GET /content/photos/?offset=510 HTTP/1.1" 200 11114 "-" "Mozilla/5.0 (compatible; SemrushBot/6~bl; +http://www.semrush.com/bot.html)" 
17.58.102.79 - - [22/Jun/2020:03:58:51 -0700] "GET /2017/right-i-had-seen-jeffperrys-profile-elsewhere-and-typed-it HTTP/1.1" 200 9994 "-" "Mozilla/5.0 (Macintosh; Intel Mac OS X 10_15_5) AppleWebKit/605.1.15 (KHTML, like Gecko) Version/13.1.1 Safari/605.1.15 (Applebot/0.1; +http://www.apple.com/go/applebot)" 
54.36.148.103 - - [22/Jun/2020:04:00:21 -0700] "GET /2018/more-than-one-way-to-wrangle-a-posse-%C3%BEoht-hord-because HTTP/1.1" 200 9400 "-" "Mozilla/5.0 (compatible; AhrefsBot/6.1; +http://ahrefs.com/robot/)" 
45.79.26.51 - - [22/Jun/2020:04:00:46 -0700] "GET /content/statusupdates/posts/photos/checkins/bookmarkedpages?_t=rss HTTP/1.1" 200 7422 "-" "Micro.blog/1.0" 
3.90.2.197 - - [22/Jun/2020:04:00:55 -0700] "GET /?_t=rss HTTP/1.1" 200 7182 "-" "glitch-feeder/1.0 (+https://glitch.com/~lmo-feeder)" 
46.229.168.153 - - [22/Jun/2020:04:01:36 -0700] "GET /content/rsvp/?q=%23foodcommunicationconf HTTP/1.1" 200 8298 "-" "Mozilla/5.0 (compatible; SemrushBot/6~bl; +http://www.semrush.com/bot.html)" 
54.36.148.201 - - [22/Jun/2020:04:02:17 -0700] "GET /content/locations/ HTTP/1.1" 200 11409 "-" "Mozilla/5.0 (compatible; AhrefsBot/6.1; +http://ahrefs.com/robot/)" 
46.229.168.151 - - [22/Jun/2020:04:02:22 -0700] "GET /?offset=59&q=%23%2B%23%23indieweb HTTP/1.1" 200 12536 "-" "Mozilla/5.0 (compatible; SemrushBot/6~bl; +http://www.semrush.com/bot.html)" 
46.229.168.129 - - [22/Jun/2020:04:03:30 -0700] "GET /content/all/?offset=44&q=%23%2B%23bread HTTP/1.1" 200 12264 "-" "Mozilla/5.0 (compatible; SemrushBot/6~bl; +http://www.semrush.com/bot.html)" 
46.229.168.151 - - [22/Jun/2020:04:03:48 -0700] "GET /?offset=139&q=%23IndieWeb HTTP/1.1" 200 10488 "-" "Mozilla/5.0 (compatible; SemrushBot/6~bl; +http://www.semrush.com/bot.html)" 
54.36.148.55 - - [22/Jun/2020:04:04:00 -0700] "GET /2020/that-would-be-a-newsletter-right HTTP/1.1" 200 9316 "-" "Mozilla/5.0 (compatible; AhrefsBot/6.1; +http://ahrefs.com/robot/)" 
46.229.168.152 - - [22/Jun/2020:04:04:14 -0700] "GET /2017/im-not-using-reactions-so-i-cannot-comment-on-that HTTP/1.1" 200 9941 "-" "Mozilla/5.0 (compatible; SemrushBot/6~bl; +http://www.semrush.com/bot.html)" 
46.229.168.136 - - [22/Jun/2020:04:04:46 -0700] "GET /tag/Indieweb?offset=110 HTTP/1.1" 200 12357 "-" "Mozilla/5.0 (compatible; SemrushBot/6~bl; +http://www.semrush.com/bot.html)" 
46.229.168.139 - - [22/Jun/2020:04:05:04 -0700] "GET /2018/podto-aims-to-standardize-podcast-subscriptions HTTP/1.1" 200 9579 "-" "Mozilla/5.0 (compatible; SemrushBot/6~bl; +http://www.semrush.com/bot.html)" 
46.229.168.161 - - [22/Jun/2020:04:05:33 -0700] "GET /content/statusupdates?offset=230 HTTP/1.1" 200 10693 "-" "Mozilla/5.0 (compatible; SemrushBot/6~bl; +http://www.semrush.com/bot.html)" 
96.126.125.129 - - [22/Jun/2020:04:05:42 -0700] "GET /content/statusupdates/posts/photos/checkins/bookmarkedpages?_t=rss HTTP/1.1" 200 7427 "-" "Micro.blog/1.0" 
46.229.168.143 - - [22/Jun/2020:04:05:54 -0700] "GET /content/photos/?offset=27&q=%23Sourdough HTTP/1.1" 200 11307 "-" "Mozilla/5.0 (compatible; SemrushBot/6~bl; +http://www.semrush.com/bot.html)" 
46.229.168.131 - - [22/Jun/2020:04:06:33 -0700] "GET /content/rsvp/?q=%23hearsay2017 HTTP/1.1" 200 8312 "-" "Mozilla/5.0 (compatible; SemrushBot/6~bl; +http://www.semrush.com/bot.html)" 
46.229.168.143 - - [22/Jun/2020:04:07:08 -0700] "GET /2018/whatsapp-founder-sends-facebook-users-a-coded-message-by-quitting HTTP/1.1" 200 9455 "-" "Mozilla/5.0 (compatible; SemrushBot/6~bl; +http://www.semrush.com/bot.html)" 
46.229.168.142 - - [22/Jun/2020:04:07:43 -0700] "GET /?offset=96&q=%23%2B%23%23indieweb HTTP/1.1" 200 14105 "-" "Mozilla/5.0 (compatible; SemrushBot/6~bl; +http://www.semrush.com/bot.html)" 
46.229.168.147 - - [22/Jun/2020:04:07:55 -0700] "GET /content/statusupdates/?q=%23%2B%23rye HTTP/1.1" 200 8321 "-" "Mozilla/5.0 (compatible; SemrushBot/6~bl; +http://www.semrush.com/bot.html)" 
66.249.92.47 - - [22/Jun/2020:04:08:15 -0700] "GET /2018/whats-the-problem HTTP/1.1" 200 11196 "-" "Mozilla/5.0 (compatible; GoogleDocs; apps-spreadsheets; +http://docs.google.com)" 
46.229.168.139 - - [22/Jun/2020:04:09:06 -0700] "GET /?offset=20&q=%23sourdough HTTP/1.1" 200 11750 "-" "Mozilla/5.0 (compatible; SemrushBot/6~bl; +http://www.semrush.com/bot.html)" 
46.229.168.154 - - [22/Jun/2020:04:09:15 -0700] "GET /2018/where-will-the-current-state-of-blogging-and-social-media HTTP/1.1" 200 9434 "-" "Mozilla/5.0 (compatible; SemrushBot/6~bl; +http://www.semrush.com/bot.html)" 
46.229.168.143 - - [22/Jun/2020:04:09:19 -0700] "GET /2018/latest-episode-of-the-podcast-now-up-talking-about-food HTTP/1.1" 200 13616 "-" "Mozilla/5.0 (compatible; SemrushBot/6~bl; +http://www.semrush.com/bot.html)" 
46.229.168.134 - - [22/Jun/2020:04:09:21 -0700] "GET /tag/sourdough?offset=53 HTTP/1.1" 200 9583 "-" "Mozilla/5.0 (compatible; SemrushBot/6~bl; +http://www.semrush.com/bot.html)" 
203.133.169.112 - - [22/Jun/2020:04:09:34 -0700] "GET /content/statusupdates/?q=%23+%23IndieWeb&offset=10&_t=rss HTTP/1.1" 200 15870 "-" "Mozilla/5.0 (compatible; Daum/4.1; +http://cs.daum.net/faq/15/4118.html?faqId=28966)" 
203.133.169.112 - - [22/Jun/2020:04:09:40 -0700] "GET /2019/a-week-with-no-tear-gas-idle-words?_t=rss HTTP/1.1" 200 5437 "-" "Mozilla/5.0 (Unknown; Linux x86_64) AppleWebKit/538.1 (KHTML, like Gecko) Safari/538.1 Daum/4.1" 
54.36.148.201 - - [22/Jun/2020:04:09:47 -0700] "GET /content/posts/?q=%23indieweb HTTP/1.1" 200 17402 "-" "Mozilla/5.0 (compatible; AhrefsBot/6.1; +http://ahrefs.com/robot/)" 
203.133.169.112 - - [22/Jun/2020:04:09:48 -0700] "GET /2017/good-point-about-the-transaction-fees----which-is-why HTTP/1.1" 200 29708 "-" "Mozilla/5.0 (compatible; Daum/4.1; +http://cs.daum.net/faq/15/4118.html?faqId=28966)" 
46.229.168.133 - - [22/Jun/2020:04:09:52 -0700] "GET /tag/podcast?offset=23 HTTP/1.1" 200 12136 "-" "Mozilla/5.0 (compatible; SemrushBot/6~bl; +http://www.semrush.com/bot.html)" 
203.133.169.112 - - [22/Jun/2020:04:10:10 -0700] "GET /content/all/?q=%23+%23photo&offset=0&_t=rss HTTP/1.1" 200 17422 "-" "Mozilla/5.0 (compatible; Daum/4.1; +http://cs.daum.net/faq/15/4118.html?faqId=28966)" 
203.133.169.112 - - [22/Jun/2020:04:10:27 -0700] "GET /content/statusupdates/?q=%23+%23IndieWeb&offset=10&_t=rss HTTP/1.1" 200 15870 "-" "Mozilla/5.0 (compatible; Daum/4.1; +http://cs.daum.net/faq/15/4118.html?faqId=28966)" 
203.133.169.112 - - [22/Jun/2020:04:10:33 -0700] "GET /2019/a-week-with-no-tear-gas-idle-words?_t=rss HTTP/1.1" 200 6461 "-" "Mozilla/5.0 (compatible; Daum/4.1; +http://cs.daum.net/faq/15/4118.html?faqId=28966)" 
203.133.169.112 - - [22/Jun/2020:04:10:39 -0700] "GET /2017/good-point-about-the-transaction-fees----which-is-why HTTP/1.1" 200 29708 "-" "Mozilla/5.0 (compatible; Daum/4.1; +http://cs.daum.net/faq/15/4118.html?faqId=28966)" 
46.229.168.132 - - [22/Jun/2020:04:10:47 -0700] "GET /content/all/?offset=14&q=%23bread HTTP/1.1" 200 12083 "-" "Mozilla/5.0 (compatible; SemrushBot/6~bl; +http://www.semrush.com/bot.html)" 
203.133.169.112 - - [22/Jun/2020:04:10:58 -0700] "GET /content/all/?q=%23+%23photo&offset=0&_t=rss HTTP/1.1" 200 17422 "-" "Mozilla/5.0 (compatible; Daum/4.1; +http://cs.daum.net/faq/15/4118.html?faqId=28966)" 
96.126.125.129 - - [22/Jun/2020:04:10:59 -0700] "GET /content/statusupdates/posts/photos/checkins/bookmarkedpages?_t=rss HTTP/1.1" 200 7427 "-" "Micro.blog/1.0" 
46.229.168.145 - - [22/Jun/2020:04:11:13 -0700] "GET /content/photos/?offset=10&q=%23%2B%23podcast HTTP/1.1" 200 8726 "-" "Mozilla/5.0 (compatible; SemrushBot/6~bl; +http://www.semrush.com/bot.html)" 
203.133.169.112 - - [22/Jun/2020:04:11:17 -0700] "GET /content/statusupdates/?q=%23+%23IndieWeb&offset=10&_t=rss HTTP/1.1" 200 15870 "-" "Mozilla/5.0 (compatible; Daum/4.1; +http://cs.daum.net/faq/15/4118.html?faqId=28966)" 
203.133.169.112 - - [22/Jun/2020:04:11:23 -0700] "GET /2019/a-week-with-no-tear-gas-idle-words?_t=rss HTTP/1.1" 200 6461 "-" "Mozilla/5.0 (compatible; Daum/4.1; +http://cs.daum.net/faq/15/4118.html?faqId=28966)" 
46.229.168.144 - - [22/Jun/2020:04:11:25 -0700] "GET /content/bookmarkedpages/?q=%23followfriday HTTP/1.1" 200 8302 "-" "Mozilla/5.0 (compatible; SemrushBot/6~bl; +http://www.semrush.com/bot.html)" 
203.133.169.112 - - [22/Jun/2020:04:11:28 -0700] "GET /2017/good-point-about-the-transaction-fees----which-is-why HTTP/1.1" 200 29708 "-" "Mozilla/5.0 (compatible; Daum/4.1; +http://cs.daum.net/faq/15/4118.html?faqId=28966)" 
64.111.100.215 - - [22/Jun/2020:04:11:34 -0700] "GET /content/all?_t=rss HTTP/1.1" 200 13896 "-" "Mozilla/5.0 (X11; U; Linux i686; fr; rv:1.9.1.1) Gecko/20090715 Firefox/3.5.1" 
64.111.100.215 - - [22/Jun/2020:04:11:35 -0700] "GET /content/all?_t=rss HTTP/1.1" 200 13896 "-" "Mozilla/5.0 (X11; U; Linux i686; fr; rv:1.9.1.1) Gecko/20090715 Firefox/3.5.1" 
162.210.196.97 - - [22/Jun/2020:04:11:37 -0700] "GET /robots.txt HTTP/1.1" 200 4288 "-" "Mozilla/5.0 (compatible; MJ12bot/v1.4.8; http://mj12bot.com/)" 
162.210.196.97 - - [22/Jun/2020:04:11:40 -0700] "GET / HTTP/1.1" 200 11702 "-" "Mozilla/5.0 (compatible; MJ12bot/v1.4.8; http://mj12bot.com/)" 
46.229.168.140 - - [22/Jun/2020:04:11:41 -0700] "GET /2017/sunday-night-supper-maddhur-jeffrey-lentils-and-gujarati-carrot-salad HTTP/1.1" 200 10667 "-" "Mozilla/5.0 (compatible; SemrushBot/6~bl; +http://www.semrush.com/bot.html)" 
203.133.169.112 - - [22/Jun/2020:04:11:48 -0700] "GET /content/all/?q=%23+%23photo&offset=0&_t=rss HTTP/1.1" 200 17422 "-" "Mozilla/5.0 (compatible; Daum/4.1; +http://cs.daum.net/faq/15/4118.html?faqId=28966)" 
203.133.169.112 - - [22/Jun/2020:04:12:07 -0700] "GET /content/statusupdates/?q=%23+%23IndieWeb&offset=10&_t=rss HTTP/1.1" 200 15870 "-" "Mozilla/5.0 (compatible; Daum/4.1; +http://cs.daum.net/faq/15/4118.html?faqId=28966)" 
203.133.169.112 - - [22/Jun/2020:04:12:12 -0700] "GET /2019/a-week-with-no-tear-gas-idle-words?_t=rss HTTP/1.1" 200 6461 "-" "Mozilla/5.0 (compatible; Daum/4.1; +http://cs.daum.net/faq/15/4118.html?faqId=28966)" 
46.229.168.147 - - [22/Jun/2020:04:12:17 -0700] "GET /content/photos/?offset=50&q=%23Sourdough HTTP/1.1" 200 9369 "-" "Mozilla/5.0 (compatible; SemrushBot/6~bl; +http://www.semrush.com/bot.html)" 
203.133.169.112 - - [22/Jun/2020:04:12:18 -0700] "GET /2017/good-point-about-the-transaction-fees----which-is-why HTTP/1.1" 200 29708 "-" "Mozilla/5.0 (compatible; Daum/4.1; +http://cs.daum.net/faq/15/4118.html?faqId=28966)" 
203.133.169.112 - - [22/Jun/2020:04:12:37 -0700] "GET /content/all/?q=%23+%23photo&offset=0&_t=rss HTTP/1.1" 200 17422 "-" "Mozilla/5.0 (compatible; Daum/4.1; +http://cs.daum.net/faq/15/4118.html?faqId=28966)" 
46.229.168.143 - - [22/Jun/2020:04:12:46 -0700] "GET /?q=%23Sourdough HTTP/1.1" 200 12049 "-" "Mozilla/5.0 (compatible; SemrushBot/6~bl; +http://www.semrush.com/bot.html)" 
46.229.168.134 - - [22/Jun/2020:04:12:52 -0700] "GET /content/all?offset=220 HTTP/1.1" 200 11618 "-" "Mozilla/5.0 (compatible; SemrushBot/6~bl; +http://www.semrush.com/bot.html)" 
46.229.168.146 - - [22/Jun/2020:04:13:30 -0700] "GET /content/audio/?q=%23Indieweb HTTP/1.1" 200 8273 "-" "Mozilla/5.0 (compatible; SemrushBot/6~bl; +http://www.semrush.com/bot.html)" 
46.229.168.144 - - [22/Jun/2020:04:14:57 -0700] "GET /?offset=121&q=%23%2B%23%23indieweb HTTP/1.1" 200 11518 "-" "Mozilla/5.0 (compatible; SemrushBot/6~bl; +http://www.semrush.com/bot.html)" 
54.36.148.81 - - [22/Jun/2020:04:15:00 -0700] "GET /2020/stpaultim-lots-of-ways-to-do-that HTTP/1.1" 200 9890 "-" "Mozilla/5.0 (compatible; AhrefsBot/6.1; +http://ahrefs.com/robot/)" 
46.229.168.147 - - [22/Jun/2020:04:16:21 -0700] "GET /?offset=106&q=%23%2B%23indieweb HTTP/1.1" 200 12576 "-" "Mozilla/5.0 (compatible; SemrushBot/6~bl; +http://www.semrush.com/bot.html)" 
54.36.149.18 - - [22/Jun/2020:04:16:41 -0700] "GET /2018/its-a-great-story-he-told-me HTTP/1.1" 200 10025 "-" "Mozilla/5.0 (compatible; AhrefsBot/6.1; +http://ahrefs.com/robot/)" 
204.122.16.6 - - [22/Jun/2020:04:16:47 -0700] "GET /2018/stepping-back-from-posse HTTP/1.1" 200 9188 "-" "yacybot (/global; amd64 Linux 5.7.4; java 1.8.0_201; America/en) http://yacy.net/bot.html" 
46.229.168.150 - - [22/Jun/2020:04:16:54 -0700] "GET /content/all/?offset=46&q=%23%2B%23%23bread HTTP/1.1" 200 12458 "-" "Mozilla/5.0 (compatible; SemrushBot/6~bl; +http://www.semrush.com/bot.html)" 
46.229.168.161 - - [22/Jun/2020:04:17:08 -0700] "GET /2017/ready-for-our-close-up HTTP/1.1" 200 11023 "-" "Mozilla/5.0 (compatible; SemrushBot/6~bl; +http://www.semrush.com/bot.html)" 
107.178.237.20 - - [22/Jun/2020:04:17:49 -0700] "HEAD /2020/very-happy-with-the-service-from-widefitshoes HTTP/1.1" 200 4349 "-" "Bridgy (https://brid.gy/about)" 
46.229.168.135 - - [22/Jun/2020:04:18:05 -0700] "GET /content/all/?offset=86&q=%23%2B%23bread HTTP/1.1" 200 9376 "-" "Mozilla/5.0 (compatible; SemrushBot/6~bl; +http://www.semrush.com/bot.html)" 
54.36.149.16 - - [22/Jun/2020:04:18:22 -0700] "GET /2020/mgraybosch-fine-sentiments-and-for-a-one-page HTTP/1.1" 200 9555 "-" "Mozilla/5.0 (compatible; AhrefsBot/6.1; +http://ahrefs.com/robot/)" 
46.229.168.134 - - [22/Jun/2020:04:19:19 -0700] "GET /content/bookmarkedpages/?q=%23%2B%23e HTTP/1.1" 200 8320 "-" "Mozilla/5.0 (compatible; SemrushBot/6~bl; +http://www.semrush.com/bot.html)" 
46.229.168.131 - - [22/Jun/2020:04:19:26 -0700] "GET /content/all/?offset=0&q=%23%2B%23photo HTTP/1.1" 200 12678 "-" "Mozilla/5.0 (compatible; SemrushBot/6~bl; +http://www.semrush.com/bot.html)" 
46.229.168.145 - - [22/Jun/2020:04:19:48 -0700] "GET /2017/virtual-hwc-europe HTTP/1.1" 200 9580 "-" "Mozilla/5.0 (compatible; SemrushBot/6~bl; +http://www.semrush.com/bot.html)" 
46.229.168.141 - - [22/Jun/2020:04:20:15 -0700] "GET /2018/language-log-has-set-out-its-stall-and-its-intentions HTTP/1.1" 200 9412 "-" "Mozilla/5.0 (compatible; SemrushBot/6~bl; +http://www.semrush.com/bot.html)" 
54.36.148.81 - - [22/Jun/2020:04:20:16 -0700] "GET /2019/intersecting-milk-cartons-is-indeed-cool-as HTTP/1.1" 200 9585 "-" "Mozilla/5.0 (compatible; AhrefsBot/6.1; +http://ahrefs.com/robot/)" 
46.229.168.133 - - [22/Jun/2020:04:20:21 -0700] "GET /content/photos/?q=%23leaven HTTP/1.1" 200 12374 "-" "Mozilla/5.0 (compatible; SemrushBot/6~bl; +http://www.semrush.com/bot.html)" 
45.79.26.51 - - [22/Jun/2020:04:20:55 -0700] "GET /content/statusupdates/posts/photos/checkins/bookmarkedpages?_t=rss HTTP/1.1" 200 7422 "-" "Micro.blog/1.0" 
46.229.168.152 - - [22/Jun/2020:04:21:00 -0700] "GET /content/statusupdates/?offset=90 HTTP/1.1" 200 10375 "-" "Mozilla/5.0 (compatible; SemrushBot/6~bl; +http://www.semrush.com/bot.html)" 
46.229.168.139 - - [22/Jun/2020:04:21:56 -0700] "GET /content/posts/?q=%23%2B%23multigrain HTTP/1.1" 200 8321 "-" "Mozilla/5.0 (compatible; SemrushBot/6~bl; +http://www.semrush.com/bot.html)" 
66.249.66.50 - - [22/Jun/2020:04:22:08 -0700] "GET /content/all/?offset=1765&_t=rss HTTP/1.1" 200 7896 "-" "Mozilla/5.0 (Linux; Android 6.0.1; Nexus 5X Build/MMB29P) AppleWebKit/537.36 (KHTML, like Gecko) Chrome/80.0.3987.92 Mobile Safari/537.36 (compatible; Googlebot/2.1; +http://www.google.com/bot.html)" 
54.36.148.117 - - [22/Jun/2020:04:22:11 -0700] "GET /2020/paul-fords-new-outlet HTTP/1.1" 200 9327 "-" "Mozilla/5.0 (compatible; AhrefsBot/6.1; +http://ahrefs.com/robot/)" 
40.77.167.169 - - [22/Jun/2020:04:22:25 -0700] "GET /2020/as-foreseen-and-very-tasty-too-though-i-say-so HTTP/1.1" 200 10737 "-" "Mozilla/5.0 (compatible; bingbot/2.0; +http://www.bing.com/bingbot.htm)" 
46.229.168.137 - - [22/Jun/2020:04:23:34 -0700] "GET /content/all/?offset=140&q=%23indieweb HTTP/1.1" 200 10202 "-" "Mozilla/5.0 (compatible; SemrushBot/6~bl; +http://www.semrush.com/bot.html)" 
46.229.168.132 - - [22/Jun/2020:04:24:05 -0700] "GET /?offset=66&q=%23%2B%23%23bread HTTP/1.1" 200 12129 "-" "Mozilla/5.0 (compatible; SemrushBot/6~bl; +http://www.semrush.com/bot.html)" 
46.229.168.139 - - [22/Jun/2020:04:24:57 -0700] "GET /tag/IndieWeb?offset=45 HTTP/1.1" 200 11582 "-" "Mozilla/5.0 (compatible; SemrushBot/6~bl; +http://www.semrush.com/bot.html)" 
46.229.168.137 - - [22/Jun/2020:04:25:00 -0700] "GET /content/statusupdates/?q=%23failedbread HTTP/1.1" 200 8323 "-" "Mozilla/5.0 (compatible; SemrushBot/6~bl; +http://www.semrush.com/bot.html)" 
46.229.168.141 - - [22/Jun/2020:04:25:35 -0700] "GET /content/statusupdates/?q=%23Greece HTTP/1.1" 200 8282 "-" "Mozilla/5.0 (compatible; SemrushBot/6~bl; +http://www.semrush.com/bot.html)" 
54.36.149.106 - - [22/Jun/2020:04:25:52 -0700] "GET /tag/+%23IndieWeb HTTP/1.1" 200 14740 "-" "Mozilla/5.0 (compatible; AhrefsBot/6.1; +http://ahrefs.com/robot/)" 
96.126.125.129 - - [22/Jun/2020:04:26:27 -0700] "GET /content/statusupdates/posts/photos/checkins/bookmarkedpages?_t=rss HTTP/1.1" 200 7427 "-" "Micro.blog/1.0" 
64.111.100.215 - - [22/Jun/2020:04:26:45 -0700] "GET /content/all?_t=rss HTTP/1.1" 200 13896 "-" "Mozilla/5.0 (X11; U; Linux i686; fr; rv:1.9.1.1) Gecko/20090715 Firefox/3.5.1" 
46.229.168.142 - - [22/Jun/2020:04:26:50 -0700] "GET /2018/latest-episode-is-a-chat-with-thesugarchef-about-her-life HTTP/1.1" 200 12025 "-" "Mozilla/5.0 (compatible; SemrushBot/6~bl; +http://www.semrush.com/bot.html)" 
46.229.168.139 - - [22/Jun/2020:04:26:54 -0700] "GET /2018/interviewing-my-domain-grav-because-of-chris-aldrich HTTP/1.1" 200 9312 "-" "Mozilla/5.0 (compatible; SemrushBot/6~bl; +http://www.semrush.com/bot.html)" 
46.229.168.146 - - [22/Jun/2020:04:27:38 -0700] "GET /?offset=45&q=%23WithKnown HTTP/1.1" 200 11981 "-" "Mozilla/5.0 (compatible; SemrushBot/6~bl; +http://www.semrush.com/bot.html)" 
54.36.148.81 - - [22/Jun/2020:04:27:45 -0700] "GET /2018/you-can-get-good-help HTTP/1.1" 200 10714 "-" "Mozilla/5.0 (compatible; AhrefsBot/6.1; +http://ahrefs.com/robot/)" 
46.229.168.144 - - [22/Jun/2020:04:28:08 -0700] "GET /content/all/?offset=15&q=%23IndieWeb HTTP/1.1" 200 11541 "-" "Mozilla/5.0 (compatible; SemrushBot/6~bl; +http://www.semrush.com/bot.html)" 
46.229.168.148 - - [22/Jun/2020:04:28:26 -0700] "GET /content/statusupdates/?offset=10&q=%23%2B%23WithKnown HTTP/1.1" 200 10413 "-" "Mozilla/5.0 (compatible; SemrushBot/6~bl; +http://www.semrush.com/bot.html)" 
5.188.210.79 - - [22/Jun/2020:04:28:43 -0700] "GET /profile/jeremy?offset=106 HTTP/1.0" 200 124453 "https://stream.jeremycherfas.net/profile/jeremy?offset=106" "Mozilla/5.0 (Windows NT 6.3; Win64; x64) AppleWebKit/537.36 (KHTML, like Gecko) Chrome/66.0.3359.181 Safari/537.36" 
5.188.210.79 - - [22/Jun/2020:04:28:47 -0700] "POST /comments/post HTTP/1.0" 403 16862 "https://stream.jeremycherfas.net/profile/jeremy?offset=106" "Mozilla/5.0 (Windows NT 6.3; Win64; x64) AppleWebKit/537.36 (KHTML, like Gecko) Chrome/66.0.3359.181 Safari/537.36" 
66.249.92.49 - - [22/Jun/2020:04:29:15 -0700] "GET /2018/whats-the-problem HTTP/1.1" 200 11198 "-" "Mozilla/5.0 (compatible; GoogleDocs; apps-spreadsheets; +http://docs.google.com)" 
54.36.148.81 - - [22/Jun/2020:04:29:28 -0700] "GET /2020/chicken-skin-music-is-truly-balm-for HTTP/1.1" 200 9725 "-" "Mozilla/5.0 (compatible; AhrefsBot/6.1; +http://ahrefs.com/robot/)" 
46.229.168.139 - - [22/Jun/2020:04:29:32 -0700] "GET /?offset=15&q=%23%2B%23WithKnown HTTP/1.1" 200 13277 "-" "Mozilla/5.0 (compatible; SemrushBot/6~bl; +http://www.semrush.com/bot.html)" 
46.229.168.144 - - [22/Jun/2020:04:29:51 -0700] "GET /content/all/?offset=141&q=%23indieweb HTTP/1.1" 200 9575 "-" "Mozilla/5.0 (compatible; SemrushBot/6~bl; +http://www.semrush.com/bot.html)" 
5.9.77.102 - - [22/Jun/2020:04:29:58 -0700] "GET /robots.txt HTTP/1.1" 200 4312 "-" "Mozilla/5.0 (compatible; MJ12bot/v1.4.8; http://mj12bot.com/)" 
46.229.168.140 - - [22/Jun/2020:04:30:02 -0700] "GET /content/posts/?q=%23Fiction HTTP/1.1" 200 8276 "-" "Mozilla/5.0 (compatible; SemrushBot/6~bl; +http://www.semrush.com/bot.html)" 
5.188.210.79 - - [22/Jun/2020:04:30:15 -0700] "GET /profile/jeremy?offset=106 HTTP/1.1" 200 15697 "-" "Mozilla/5.0 (Windows NT 6.1; Win64; x64; rv:62.0) Gecko/20100101 Firefox/62.0" 
5.9.77.102 - - [22/Jun/2020:04:30:18 -0700] "GET /?q=%23%20%23indieweb&offset=56 HTTP/1.1" 200 12976 "-" "Mozilla/5.0 (compatible; MJ12bot/v1.4.8; http://mj12bot.com/)" 
5.9.77.102 - - [22/Jun/2020:04:30:31 -0700] "GET /?q=%23%20%23indieweb&offset=59 HTTP/1.1" 200 12518 "-" "Mozilla/5.0 (compatible; MJ12bot/v1.4.8; http://mj12bot.com/)" 
96.126.125.129 - - [22/Jun/2020:04:30:36 -0700] "GET /content/statusupdates/posts/photos/checkins/bookmarkedpages?_t=rss HTTP/1.1" 200 7427 "-" "Micro.blog/1.0" 
5.9.77.102 - - [22/Jun/2020:04:30:45 -0700] "GET /?q=%23%20%23indieweb&offset=67 HTTP/1.1" 200 11802 "-" "Mozilla/5.0 (compatible; MJ12bot/v1.4.8; http://mj12bot.com/)" 
46.229.168.133 - - [22/Jun/2020:04:30:51 -0700] "GET /tag/indieweb?offset=69 HTTP/1.1" 200 11773 "-" "Mozilla/5.0 (compatible; SemrushBot/6~bl; +http://www.semrush.com/bot.html)" 
40.77.167.148 - - [22/Jun/2020:04:30:52 -0700] "GET /service/web/imageproxy/aHR0cHM6Ly9wYnMudHdpbWcuY29tL3Byb2ZpbGVfaW1hZ2VzLzgyNjMwMDI5NDEzNjg2ODg2NC9iQjIyczRwYy5qcGc,/300/square HTTP/1.1" 200 20984 "-" "Mozilla/5.0 (compatible; bingbot/2.0; +http://www.bing.com/bingbot.htm)" 
46.229.168.137 - - [22/Jun/2020:04:30:54 -0700] "GET /content/audio/?q=%23antibiotics HTTP/1.1" 200 8310 "-" "Mozilla/5.0 (compatible; SemrushBot/6~bl; +http://www.semrush.com/bot.html)" 
5.9.77.102 - - [22/Jun/2020:04:30:57 -0700] "GET /?q=%23%20%23indieweb&offset=77 HTTP/1.1" 200 13423 "-" "Mozilla/5.0 (compatible; MJ12bot/v1.4.8; http://mj12bot.com/)" 
5.9.77.102 - - [22/Jun/2020:04:31:06 -0700] "GET /?q=%23%20%23norovirus&_t=rss HTTP/1.1" 200 4780 "-" "Mozilla/5.0 (compatible; MJ12bot/v1.4.8; http://mj12bot.com/)" 
54.36.148.9 - - [22/Jun/2020:04:31:14 -0700] "GET /?q=%23indieweb HTTP/1.1" 200 14709 "-" "Mozilla/5.0 (compatible; AhrefsBot/6.1; +http://ahrefs.com/robot/)" 
5.9.77.102 - - [22/Jun/2020:04:31:18 -0700] "GET /?q=%23RSS&_t=rss HTTP/1.1" 200 5463 "-" "Mozilla/5.0 (compatible; MJ12bot/v1.4.8; http://mj12bot.com/)" 
46.229.168.152 - - [22/Jun/2020:04:31:24 -0700] "GET /content/all/?offset=1&q=%23%2B%23podcast HTTP/1.1" 200 11885 "-" "Mozilla/5.0 (compatible; SemrushBot/6~bl; +http://www.semrush.com/bot.html)" 
5.9.77.102 - - [22/Jun/2020:04:31:31 -0700] "GET /?q=%23bread&offset=50&_t=rss HTTP/1.1" 200 8566 "-" "Mozilla/5.0 (compatible; MJ12bot/v1.4.8; http://mj12bot.com/)" 
5.9.77.102 - - [22/Jun/2020:04:31:42 -0700] "GET /?q=%23campbellsdoughknife&_t=rss HTTP/1.1" 200 5655 "-" "Mozilla/5.0 (compatible; MJ12bot/v1.4.8; http://mj12bot.com/)" 
5.9.77.102 - - [22/Jun/2020:04:31:52 -0700] "GET /?q=%23indieweb&_t=rss HTTP/1.1" 200 9969 "-" "Mozilla/5.0 (compatible; MJ12bot/v1.4.8; http://mj12bot.com/)" 
167.172.219.142 - - [22/Jun/2020:04:31:54 -0700] "GET /?_t=rss HTTP/1.1" 200 7190 "-" "Feedbin feed-id:1536727 - 1 subscribers" 
91.63.23.138 - - [22/Jun/2020:04:31:59 -0700] "GET /robots.txt HTTP/1.1" 200 4288 "-" "Mozilla/5.0 (compatible; MJ12bot/v1.4.8; http://mj12bot.com/)" 
91.63.23.138 - - [22/Jun/2020:04:32:01 -0700] "GET /?q=%23podcast&offset=51 HTTP/1.1" 200 8824 "-" "Mozilla/5.0 (compatible; MJ12bot/v1.4.8; http://mj12bot.com/)" 
91.63.23.138 - - [22/Jun/2020:04:32:06 -0700] "GET /?q=%23podcast&offset=51&_t=rss HTTP/1.1" 200 8011 "-" "Mozilla/5.0 (compatible; MJ12bot/v1.4.8; http://mj12bot.com/)" 
5.9.77.102 - - [22/Jun/2020:04:32:07 -0700] "GET /?q=%23indieweb&offset=20&_t=rss HTTP/1.1" 200 7154 "-" "Mozilla/5.0 (compatible; MJ12bot/v1.4.8; http://mj12bot.com/)" 
91.63.23.138 - - [22/Jun/2020:04:32:13 -0700] "GET /?q=%23podcast&offset=53 HTTP/1.1" 200 10351 "-" "Mozilla/5.0 (compatible; MJ12bot/v1.4.8; http://mj12bot.com/)" 
91.63.23.138 - - [22/Jun/2020:04:32:15 -0700] "GET /?q=%23podcast&offset=53&_t=rss HTTP/1.1" 200 3444 "-" "Mozilla/5.0 (compatible; MJ12bot/v1.4.8; http://mj12bot.com/)" 
5.9.77.102 - - [22/Jun/2020:04:32:18 -0700] "GET /?q=%23indieweb&offset=30&_t=rss HTTP/1.1" 200 8839 "-" "Mozilla/5.0 (compatible; MJ12bot/v1.4.8; http://mj12bot.com/)" 
91.63.23.138 - - [22/Jun/2020:04:32:28 -0700] "GET /?q=%23podcasting&_t=rss HTTP/1.1" 200 8880 "-" "Mozilla/5.0 (compatible; MJ12bot/v1.4.8; http://mj12bot.com/)" 
5.9.77.102 - - [22/Jun/2020:04:32:31 -0700] "GET /?q=%23indieweb&offset=40&_t=rss HTTP/1.1" 200 7586 "-" "Mozilla/5.0 (compatible; MJ12bot/v1.4.8; http://mj12bot.com/)" 
91.63.23.138 - - [22/Jun/2020:04:32:41 -0700] "GET /?q=%23quill&offset=11&_t=rss HTTP/1.1" 200 6743 "-" "Mozilla/5.0 (compatible; MJ12bot/v1.4.8; http://mj12bot.com/)" 
5.9.77.102 - - [22/Jun/2020:04:32:44 -0700] "GET /?q=%23podcasting&_t=rss HTTP/1.1" 200 8907 "-" "Mozilla/5.0 (compatible; MJ12bot/v1.4.8; http://mj12bot.com/)" 
91.63.23.138 - - [22/Jun/2020:04:32:53 -0700] "GET /?q=%23realbreadweek HTTP/1.1" 200 9307 "-" "Mozilla/5.0 (compatible; MJ12bot/v1.4.8; http://mj12bot.com/)" 
54.36.148.20 - - [22/Jun/2020:04:32:55 -0700] "GET /content/audio/?q=%23Fornacalia HTTP/1.1" 200 9108 "-" "Mozilla/5.0 (compatible; AhrefsBot/6.1; +http://ahrefs.com/robot/)" 
5.9.77.102 - - [22/Jun/2020:04:32:57 -0700] "GET /content/all/?offset=70&_t=rss HTTP/1.1" 200 7846 "-" "Mozilla/5.0 (compatible; MJ12bot/v1.4.8; http://mj12bot.com/)" 
91.63.23.138 - - [22/Jun/2020:04:32:58 -0700] "GET /?q=%23realbreadweek&_t=rss HTTP/1.1" 200 5640 "-" "Mozilla/5.0 (compatible; MJ12bot/v1.4.8; http://mj12bot.com/)" 
91.63.23.138 - - [22/Jun/2020:04:33:03 -0700] "GET /?q=%23rovingrecorder&_t=rss HTTP/1.1" 200 5323 "-" "Mozilla/5.0 (compatible; MJ12bot/v1.4.8; http://mj12bot.com/)" 
91.63.23.138 - - [22/Jun/2020:04:33:05 -0700] "GET /?q=%23rye&_t=rss HTTP/1.1" 200 4794 "-" "Mozilla/5.0 (compatible; MJ12bot/v1.4.8; http://mj12bot.com/)" 
91.63.23.138 - - [22/Jun/2020:04:33:09 -0700] "GET /?q=%23sauerkraut HTTP/1.1" 200 9362 "-" "Mozilla/5.0 (compatible; MJ12bot/v1.4.8; http://mj12bot.com/)" 
5.9.77.102 - - [22/Jun/2020:04:33:11 -0700] "GET /content/all/?q=%23%20%23%23indieweb&offset=100&_t=rss HTTP/1.1" 200 9841 "-" "Mozilla/5.0 (compatible; MJ12bot/v1.4.8; http://mj12bot.com/)" 
91.63.23.138 - - [22/Jun/2020:04:33:17 -0700] "GET /?q=%23seeded&_t=rss HTTP/1.1" 200 6356 "-" "Mozilla/5.0 (compatible; MJ12bot/v1.4.8; http://mj12bot.com/)" 
91.63.23.138 - - [22/Jun/2020:04:33:20 -0700] "GET /?q=%23sourdough&_t=rss HTTP/1.1" 200 4754 "-" "Mozilla/5.0 (compatible; MJ12bot/v1.4.8; http://mj12bot.com/)" 
5.9.77.102 - - [22/Jun/2020:04:33:21 -0700] "GET /content/all/?q=%23%20%23%23indieweb&offset=40&_t=rss HTTP/1.1" 200 7622 "-" "Mozilla/5.0 (compatible; MJ12bot/v1.4.8; http://mj12bot.com/)" 
91.63.23.138 - - [22/Jun/2020:04:33:22 -0700] "GET /?q=%23sourdough&offset=0 HTTP/1.1" 200 8910 "-" "Mozilla/5.0 (compatible; MJ12bot/v1.4.8; http://mj12bot.com/)" 
91.63.23.138 - - [22/Jun/2020:04:33:24 -0700] "GET /?q=%23sourdough&offset=0&_t=rss HTTP/1.1" 200 4774 "-" "Mozilla/5.0 (compatible; MJ12bot/v1.4.8; http://mj12bot.com/)" 
91.63.23.138 - - [22/Jun/2020:04:33:26 -0700] "GET /?q=%23sourdough&offset=10 HTTP/1.1" 200 8978 "-" "Mozilla/5.0 (compatible; MJ12bot/v1.4.8; http://mj12bot.com/)" 
91.63.23.138 - - [22/Jun/2020:04:33:28 -0700] "GET /?q=%23sourdough&offset=20 HTTP/1.1" 200 8531 "-" "Mozilla/5.0 (compatible; MJ12bot/v1.4.8; http://mj12bot.com/)" 
5.9.77.102 - - [22/Jun/2020:04:33:29 -0700] "GET /content/all/?q=%23%20%23indieweb&offset=16 HTTP/1.1" 200 11839 "-" "Mozilla/5.0 (compatible; MJ12bot/v1.4.8; http://mj12bot.com/)" 
46.229.168.138 - - [22/Jun/2020:04:33:33 -0700] "GET /content/all/?offset=42&q=%23%2B%23bread HTTP/1.1" 200 12364 "-" "Mozilla/5.0 (compatible; SemrushBot/6~bl; +http://www.semrush.com/bot.html)" 
91.63.23.138 - - [22/Jun/2020:04:33:36 -0700] "GET /?q=%23withknown&offset=47 HTTP/1.1" 200 11333 "-" "Mozilla/5.0 (compatible; MJ12bot/v1.4.8; http://mj12bot.com/)" 
91.63.23.138 - - [22/Jun/2020:04:33:38 -0700] "GET /?q=%2523Corfu HTTP/1.1" 200 5101 "-" "Mozilla/5.0 (compatible; MJ12bot/v1.4.8; http://mj12bot.com/)" 
91.63.23.138 - - [22/Jun/2020:04:33:40 -0700] "GET /?q=%2523IndieWeb&offset=30 HTTP/1.1" 200 4594 "-" "Mozilla/5.0 (compatible; MJ12bot/v1.4.8; http://mj12bot.com/)" 
91.63.23.138 - - [22/Jun/2020:04:33:42 -0700] "GET /?q=%2523IndieWeb&offset=30&_t=rss HTTP/1.1" 200 1623 "-" "Mozilla/5.0 (compatible; MJ12bot/v1.4.8; http://mj12bot.com/)" 
5.9.77.102 - - [22/Jun/2020:04:33:44 -0700] "GET /content/all/?q=%23%20%23indieweb&offset=26 HTTP/1.1" 200 12987 "-" "Mozilla/5.0 (compatible; MJ12bot/v1.4.8; http://mj12bot.com/)" 
91.63.23.138 - - [22/Jun/2020:04:33:44 -0700] "GET /?q=%2523Indieweb&_t=rss HTTP/1.1" 200 1600 "-" "Mozilla/5.0 (compatible; MJ12bot/v1.4.8; http://mj12bot.com/)" 
91.63.23.138 - - [22/Jun/2020:04:33:46 -0700] "GET /?q=%2523Indieweb&offset=0&_t=rss HTTP/1.1" 200 1619 "-" "Mozilla/5.0 (compatible; MJ12bot/v1.4.8; http://mj12bot.com/)" 
91.63.23.138 - - [22/Jun/2020:04:33:48 -0700] "GET /?q=%2523Indieweb&offset=10 HTTP/1.1" 200 4592 "-" "Mozilla/5.0 (compatible; MJ12bot/v1.4.8; http://mj12bot.com/)" 
173.212.242.224 - - [22/Jun/2020:04:33:49 -0700] "GET /robots.txt HTTP/1.1" 200 4288 "-" "Mozilla/5.0 (compatible; MJ12bot/v1.4.8; http://mj12bot.com/)" 
91.63.23.138 - - [22/Jun/2020:04:33:50 -0700] "GET /?q=%2523Indieweb&offset=10&_t=rss HTTP/1.1" 200 1621 "-" "Mozilla/5.0 (compatible; MJ12bot/v1.4.8; http://mj12bot.com/)" 
91.63.23.138 - - [22/Jun/2020:04:33:52 -0700] "GET /?q=%2523Indieweb&offset=14 HTTP/1.1" 200 4592 "-" "Mozilla/5.0 (compatible; MJ12bot/v1.4.8; http://mj12bot.com/)" 
5.9.77.102 - - [22/Jun/2020:04:33:53 -0700] "GET /content/all/?q=%23%20%23indieweb&offset=26&_t=rss HTTP/1.1" 200 8874 "-" "Mozilla/5.0 (compatible; MJ12bot/v1.4.8; http://mj12bot.com/)" 
91.63.23.138 - - [22/Jun/2020:04:33:54 -0700] "GET /?q=%2523Indieweb&offset=14&_t=rss HTTP/1.1" 200 1621 "-" "Mozilla/5.0 (compatible; MJ12bot/v1.4.8; http://mj12bot.com/)" 
91.63.23.138 - - [22/Jun/2020:04:33:56 -0700] "GET /?q=%2523Indieweb&offset=20 HTTP/1.1" 200 4592 "-" "Mozilla/5.0 (compatible; MJ12bot/v1.4.8; http://mj12bot.com/)" 
91.63.23.138 - - [22/Jun/2020:04:33:59 -0700] "GET /?q=%2523Indieweb&offset=20&_t=rss HTTP/1.1" 200 1621 "-" "Mozilla/5.0 (compatible; MJ12bot/v1.4.8; http://mj12bot.com/)" 
91.63.23.138 - - [22/Jun/2020:04:34:01 -0700] "GET /?q=%2523Indieweb&offset=24 HTTP/1.1" 200 4592 "-" "Mozilla/5.0 (compatible; MJ12bot/v1.4.8; http://mj12bot.com/)" 
91.63.23.138 - - [22/Jun/2020:04:34:03 -0700] "GET /?q=%2523Indieweb&offset=24&_t=rss HTTP/1.1" 200 1621 "-" "Mozilla/5.0 (compatible; MJ12bot/v1.4.8; http://mj12bot.com/)" 
5.9.77.102 - - [22/Jun/2020:04:34:04 -0700] "GET /content/all/?q=%23%20%23indieweb&offset=36 HTTP/1.1" 200 11477 "-" "Mozilla/5.0 (compatible; MJ12bot/v1.4.8; http://mj12bot.com/)" 
91.63.23.138 - - [22/Jun/2020:04:34:05 -0700] "GET /?q=%2523Indieweb&offset=30 HTTP/1.1" 200 4592 "-" "Mozilla/5.0 (compatible; MJ12bot/v1.4.8; http://mj12bot.com/)" 
91.63.23.138 - - [22/Jun/2020:04:34:07 -0700] "GET /?q=%2523Indieweb&offset=30&_t=rss HTTP/1.1" 200 1621 "-" "Mozilla/5.0 (compatible; MJ12bot/v1.4.8; http://mj12bot.com/)" 
91.63.23.138 - - [22/Jun/2020:04:34:09 -0700] "GET /?q=%2523Indieweb&offset=34 HTTP/1.1" 200 4592 "-" "Mozilla/5.0 (compatible; MJ12bot/v1.4.8; http://mj12bot.com/)" 
91.63.23.138 - - [22/Jun/2020:04:34:11 -0700] "GET /?q=%2523Indieweb&offset=44&_t=rss HTTP/1.1" 200 1621 "-" "Mozilla/5.0 (compatible; MJ12bot/v1.4.8; http://mj12bot.com/)" 
5.9.77.102 - - [22/Jun/2020:04:34:12 -0700] "GET /content/all/?q=%23%20%23indieweb&offset=39 HTTP/1.1" 200 11425 "-" "Mozilla/5.0 (compatible; MJ12bot/v1.4.8; http://mj12bot.com/)" 
91.63.23.138 - - [22/Jun/2020:04:34:13 -0700] "GET /?q=%2523Indieweb&offset=50 HTTP/1.1" 200 4592 "-" "Mozilla/5.0 (compatible; MJ12bot/v1.4.8; http://mj12bot.com/)" 
91.63.23.138 - - [22/Jun/2020:04:34:15 -0700] "GET /?q=%2523Indieweb&offset=50&_t=rss HTTP/1.1" 200 1621 "-" "Mozilla/5.0 (compatible; MJ12bot/v1.4.8; http://mj12bot.com/)" 
91.63.23.138 - - [22/Jun/2020:04:34:17 -0700] "GET /?q=%2523Indieweb&offset=54 HTTP/1.1" 200 4592 "-" "Mozilla/5.0 (compatible; MJ12bot/v1.4.8; http://mj12bot.com/)" 
5.9.77.102 - - [22/Jun/2020:04:34:20 -0700] "GET /content/all/?q=%23%20%23indieweb&offset=46 HTTP/1.1" 200 11805 "-" "Mozilla/5.0 (compatible; MJ12bot/v1.4.8; http://mj12bot.com/)" 
91.63.23.138 - - [22/Jun/2020:04:34:21 -0700] "GET /?q=%2523Indieweb&offset=54&_t=rss HTTP/1.1" 200 4760 "-" "Mozilla/5.0 (compatible; MJ12bot/v1.4.8; http://mj12bot.com/)" 
91.63.23.138 - - [22/Jun/2020:04:34:23 -0700] "GET /?q=%2523WithKnown HTTP/1.1" 200 5107 "-" "Mozilla/5.0 (compatible; MJ12bot/v1.4.8; http://mj12bot.com/)" 
91.63.23.138 - - [22/Jun/2020:04:34:25 -0700] "GET /?q=%2523WithKnown&_t=rss HTTP/1.1" 200 1602 "-" "Mozilla/5.0 (compatible; MJ12bot/v1.4.8; http://mj12bot.com/)" 
173.212.242.224 - - [22/Jun/2020:04:34:26 -0700] "GET /content/all/?q=%23podcast&offset=20&_t=rss HTTP/1.1" 200 8335 "-" "Mozilla/5.0 (compatible; MJ12bot/v1.4.8; http://mj12bot.com/)" 
91.63.23.138 - - [22/Jun/2020:04:34:27 -0700] "GET /?q=%2523WithKnown&offset=0 HTTP/1.1" 200 5122 "-" "Mozilla/5.0 (compatible; MJ12bot/v1.4.8; http://mj12bot.com/)" 
91.63.23.138 - - [22/Jun/2020:04:34:30 -0700] "GET /?q=%2523WithKnown&offset=0&_t=rss HTTP/1.1" 200 1622 "-" "Mozilla/5.0 (compatible; MJ12bot/v1.4.8; http://mj12bot.com/)" 
91.63.23.138 - - [22/Jun/2020:04:34:32 -0700] "GET /?q=%2523WithKnown&offset=10 HTTP/1.1" 200 4596 "-" "Mozilla/5.0 (compatible; MJ12bot/v1.4.8; http://mj12bot.com/)" 
91.63.23.138 - - [22/Jun/2020:04:34:34 -0700] "GET /?q=%2523WithKnown&offset=10&_t=rss HTTP/1.1" 200 1624 "-" "Mozilla/5.0 (compatible; MJ12bot/v1.4.8; http://mj12bot.com/)" 
91.63.23.138 - - [22/Jun/2020:04:34:36 -0700] "GET /?q=%2523WithKnown&offset=20 HTTP/1.1" 200 4596 "-" "Mozilla/5.0 (compatible; MJ12bot/v1.4.8; http://mj12bot.com/)" 
91.63.23.138 - - [22/Jun/2020:04:34:38 -0700] "GET /?q=%2523antibiotics HTTP/1.1" 200 5112 "-" "Mozilla/5.0 (compatible; MJ12bot/v1.4.8; http://mj12bot.com/)" 
5.9.77.102 - - [22/Jun/2020:04:34:38 -0700] "GET /content/all/?q=%23%20%23indieweb&offset=49 HTTP/1.1" 200 12250 "-" "Mozilla/5.0 (compatible; MJ12bot/v1.4.8; http://mj12bot.com/)" 
91.63.23.138 - - [22/Jun/2020:04:34:40 -0700] "GET /?q=%2523antibiotics&_t=rss HTTP/1.1" 200 1609 "-" "Mozilla/5.0 (compatible; MJ12bot/v1.4.8; http://mj12bot.com/)" 
91.63.23.138 - - [22/Jun/2020:04:34:42 -0700] "GET /?q=%2523borderterrier&_t=rss HTTP/1.1" 200 1612 "-" "Mozilla/5.0 (compatible; MJ12bot/v1.4.8; http://mj12bot.com/)" 
91.63.23.138 - - [22/Jun/2020:04:34:44 -0700] "GET /?q=%2523failedbread HTTP/1.1" 200 5113 "-" "Mozilla/5.0 (compatible; MJ12bot/v1.4.8; http://mj12bot.com/)" 
54.36.148.81 - - [22/Jun/2020:04:34:45 -0700] "GET /content/all/?q=%23indieweb HTTP/1.1" 200 14845 "-" "Mozilla/5.0 (compatible; AhrefsBot/6.1; +http://ahrefs.com/robot/)" 
91.63.23.138 - - [22/Jun/2020:04:34:46 -0700] "GET /?q=%2523indieweb HTTP/1.1" 200 5102 "-" "Mozilla/5.0 (compatible; MJ12bot/v1.4.8; http://mj12bot.com/)" 
5.9.77.102 - - [22/Jun/2020:04:34:47 -0700] "GET /content/all/?q=%23%20%23indieweb&offset=49&_t=rss HTTP/1.1" 200 8163 "-" "Mozilla/5.0 (compatible; MJ12bot/v1.4.8; http://mj12bot.com/)" 
91.63.23.138 - - [22/Jun/2020:04:34:48 -0700] "GET /?q=%2523indieweb&offset=0 HTTP/1.1" 200 5117 "-" "Mozilla/5.0 (compatible; MJ12bot/v1.4.8; http://mj12bot.com/)" 
91.63.23.138 - - [22/Jun/2020:04:34:50 -0700] "GET /?q=%2523opencollective&_t=rss HTTP/1.1" 200 1614 "-" "Mozilla/5.0 (compatible; MJ12bot/v1.4.8; http://mj12bot.com/)" 
91.63.23.138 - - [22/Jun/2020:04:34:52 -0700] "GET /?q=%2523pestcontrol&_t=rss HTTP/1.1" 200 1609 "-" "Mozilla/5.0 (compatible; MJ12bot/v1.4.8; http://mj12bot.com/)" 
91.63.23.138 - - [22/Jun/2020:04:34:54 -0700] "GET /?q=%2523plumeria&_t=rss HTTP/1.1" 200 1602 "-" "Mozilla/5.0 (compatible; MJ12bot/v1.4.8; http://mj12bot.com/)" 
91.63.23.138 - - [22/Jun/2020:04:34:56 -0700] "GET /?q=%2523podcast&_t=rss HTTP/1.1" 200 1599 "-" "Mozilla/5.0 (compatible; MJ12bot/v1.4.8; http://mj12bot.com/)" 
91.63.23.138 - - [22/Jun/2020:04:34:58 -0700] "GET /?q=%2523podcast&offset=10 HTTP/1.1" 200 4592 "-" "Mozilla/5.0 (compatible; MJ12bot/v1.4.8; http://mj12bot.com/)" 
91.63.23.138 - - [22/Jun/2020:04:35:00 -0700] "GET /?q=%2523podcast&offset=10&_t=rss HTTP/1.1" 200 1619 "-" "Mozilla/5.0 (compatible; MJ12bot/v1.4.8; http://mj12bot.com/)" 
5.9.77.102 - - [22/Jun/2020:04:35:01 -0700] "GET /content/all/?q=%23%20%23indieweb&offset=56 HTTP/1.1" 200 12992 "-" "Mozilla/5.0 (compatible; MJ12bot/v1.4.8; http://mj12bot.com/)" 
91.63.23.138 - - [22/Jun/2020:04:35:02 -0700] "GET /?q=%2523podcast&offset=20 HTTP/1.1" 200 4592 "-" "Mozilla/5.0 (compatible; MJ12bot/v1.4.8; http://mj12bot.com/)" 
91.63.23.138 - - [22/Jun/2020:04:35:04 -0700] "GET /?q=%2523podcast&offset=20&_t=rss HTTP/1.1" 200 1619 "-" "Mozilla/5.0 (compatible; MJ12bot/v1.4.8; http://mj12bot.com/)" 
91.63.23.138 - - [22/Jun/2020:04:35:06 -0700] "GET /?q=%2523quill&_t=rss HTTP/1.1" 200 1600 "-" "Mozilla/5.0 (compatible; MJ12bot/v1.4.8; http://mj12bot.com/)" 
91.63.23.138 - - [22/Jun/2020:04:35:08 -0700] "GET /?q=%2523quill&offset=1 HTTP/1.1" 200 4586 "-" "Mozilla/5.0 (compatible; MJ12bot/v1.4.8; http://mj12bot.com/)" 
91.63.23.138 - - [22/Jun/2020:04:35:10 -0700] "GET /?q=%2523quill&offset=1&_t=rss HTTP/1.1" 200 1617 "-" "Mozilla/5.0 (compatible; MJ12bot/v1.4.8; http://mj12bot.com/)" 
91.63.23.138 - - [22/Jun/2020:04:35:12 -0700] "GET /?q=%2523quill&offset=10 HTTP/1.1" 200 4588 "-" "Mozilla/5.0 (compatible; MJ12bot/v1.4.8; http://mj12bot.com/)" 
91.63.23.138 - - [22/Jun/2020:04:35:14 -0700] "GET /?q=%2523quill&offset=10&_t=rss HTTP/1.1" 200 1619 "-" "Mozilla/5.0 (compatible; MJ12bot/v1.4.8; http://mj12bot.com/)" 
5.9.77.102 - - [22/Jun/2020:04:35:15 -0700] "GET /content/all/?q=%23%20%23indieweb&offset=56&_t=rss HTTP/1.1" 200 8848 "-" "Mozilla/5.0 (compatible; MJ12bot/v1.4.8; http://mj12bot.com/)" 
91.63.23.138 - - [22/Jun/2020:04:35:16 -0700] "GET /?q=%2523quill&offset=11 HTTP/1.1" 200 4588 "-" "Mozilla/5.0 (compatible; MJ12bot/v1.4.8; http://mj12bot.com/)" 
91.63.23.138 - - [22/Jun/2020:04:35:18 -0700] "GET /?q=%2523quill&offset=11&_t=rss HTTP/1.1" 200 1618 "-" "Mozilla/5.0 (compatible; MJ12bot/v1.4.8; http://mj12bot.com/)" 
91.63.23.138 - - [22/Jun/2020:04:35:21 -0700] "GET /?q=%2523quill&offset=9&_t=rss HTTP/1.1" 200 1617 "-" "Mozilla/5.0 (compatible; MJ12bot/v1.4.8; http://mj12bot.com/)" 
91.63.23.138 - - [22/Jun/2020:04:35:23 -0700] "GET /?q=%2523realbreadweek&_t=rss HTTP/1.1" 200 1613 "-" "Mozilla/5.0 (compatible; MJ12bot/v1.4.8; http://mj12bot.com/)" 
91.63.23.138 - - [22/Jun/2020:04:35:25 -0700] "GET /?q=%2523sauerkraut&_t=rss HTTP/1.1" 200 1608 "-" "Mozilla/5.0 (compatible; MJ12bot/v1.4.8; http://mj12bot.com/)" 
91.63.23.138 - - [22/Jun/2020:04:35:27 -0700] "GET /?q=%2523withknown HTTP/1.1" 200 5103 "-" "Mozilla/5.0 (compatible; MJ12bot/v1.4.8; http://mj12bot.com/)" 
91.63.23.138 - - [22/Jun/2020:04:35:29 -0700] "GET /?q=%2523withknown&_t=rss HTTP/1.1" 200 1599 "-" "Mozilla/5.0 (compatible; MJ12bot/v1.4.8; http://mj12bot.com/)" 
91.63.23.138 - - [22/Jun/2020:04:35:31 -0700] "GET /?q=%2523withknown&offset=0 HTTP/1.1" 200 5118 "-" "Mozilla/5.0 (compatible; MJ12bot/v1.4.8; http://mj12bot.com/)" 
91.63.23.138 - - [22/Jun/2020:04:35:33 -0700] "GET /?q=%2523withknown&offset=0&_t=rss HTTP/1.1" 200 1619 "-" "Mozilla/5.0 (compatible; MJ12bot/v1.4.8; http://mj12bot.com/)" 
5.9.77.102 - - [22/Jun/2020:04:35:33 -0700] "GET /content/all/?q=%23%20%23indieweb&offset=59&_t=rss HTTP/1.1" 200 8545 "-" "Mozilla/5.0 (compatible; MJ12bot/v1.4.8; http://mj12bot.com/)" 
91.63.23.138 - - [22/Jun/2020:04:35:35 -0700] "GET /?q=%2523withknown&offset=20&_t=rss HTTP/1.1" 200 1621 "-" "Mozilla/5.0 (compatible; MJ12bot/v1.4.8; http://mj12bot.com/)" 
91.63.23.138 - - [22/Jun/2020:04:35:43 -0700] "GET /content/all/?q=%23WithKnown&offset=13 HTTP/1.1" 200 12078 "-" "Mozilla/5.0 (compatible; MJ12bot/v1.4.8; http://mj12bot.com/)" 
91.63.23.138 - - [22/Jun/2020:04:35:45 -0700] "GET /content/all/?q=%23WithKnown&offset=17 HTTP/1.1" 200 10016 "-" "Mozilla/5.0 (compatible; MJ12bot/v1.4.8; http://mj12bot.com/)" 
91.63.23.138 - - [22/Jun/2020:04:35:48 -0700] "GET /content/all/?q=%23WithKnown&offset=23 HTTP/1.1" 200 9787 "-" "Mozilla/5.0 (compatible; MJ12bot/v1.4.8; http://mj12bot.com/)" 
91.63.23.138 - - [22/Jun/2020:04:35:50 -0700] "GET /content/all/?q=%23WithKnown&offset=25 HTTP/1.1" 200 9665 "-" "Mozilla/5.0 (compatible; MJ12bot/v1.4.8; http://mj12bot.com/)" 
91.63.23.138 - - [22/Jun/2020:04:35:52 -0700] "GET /content/all/?q=%23WithKnown&offset=27 HTTP/1.1" 200 9761 "-" "Mozilla/5.0 (compatible; MJ12bot/v1.4.8; http://mj12bot.com/)" 
5.9.77.102 - - [22/Jun/2020:04:35:53 -0700] "GET /content/all/?q=%23%20%23indieweb&offset=67 HTTP/1.1" 200 11821 "-" "Mozilla/5.0 (compatible; MJ12bot/v1.4.8; http://mj12bot.com/)" 
91.63.23.138 - - [22/Jun/2020:04:35:54 -0700] "GET /content/all/?q=%23WithKnown&offset=3 HTTP/1.1" 200 7945 "-" "Mozilla/5.0 (compatible; MJ12bot/v1.4.8; http://mj12bot.com/)" 
173.212.242.224 - - [22/Jun/2020:04:35:54 -0700] "GET /content/all/?q=%23podcast&offset=25 HTTP/1.1" 200 11936 "-" "Mozilla/5.0 (compatible; MJ12bot/v1.4.8; http://mj12bot.com/)" 
91.63.23.138 - - [22/Jun/2020:04:35:59 -0700] "GET /content/all/?q=%23WithKnown&offset=33 HTTP/1.1" 200 12332 "-" "Mozilla/5.0 (compatible; MJ12bot/v1.4.8; http://mj12bot.com/)" 
46.229.168.161 - - [22/Jun/2020:04:36:00 -0700] "GET /tag/+%23podcast?offset=10 HTTP/1.1" 200 12371 "-" "Mozilla/5.0 (compatible; SemrushBot/6~bl; +http://www.semrush.com/bot.html)" 
91.63.23.138 - - [22/Jun/2020:04:36:01 -0700] "GET /content/all/?q=%23WithKnown&offset=35 HTTP/1.1" 200 8438 "-" "Mozilla/5.0 (compatible; MJ12bot/v1.4.8; http://mj12bot.com/)" 
91.63.23.138 - - [22/Jun/2020:04:36:04 -0700] "GET /content/all/?q=%23WithKnown&offset=37 HTTP/1.1" 200 8617 "-" "Mozilla/5.0 (compatible; MJ12bot/v1.4.8; http://mj12bot.com/)" 
5.9.77.102 - - [22/Jun/2020:04:36:08 -0700] "GET /content/all/?q=%23%20%23indieweb&offset=77 HTTP/1.1" 200 13442 "-" "Mozilla/5.0 (compatible; MJ12bot/v1.4.8; http://mj12bot.com/)" 
91.63.23.138 - - [22/Jun/2020:04:36:09 -0700] "GET /content/all/?q=%23WithKnown&offset=40 HTTP/1.1" 200 11496 "-" "Mozilla/5.0 (compatible; MJ12bot/v1.4.8; http://mj12bot.com/)" 
91.63.23.138 - - [22/Jun/2020:04:36:11 -0700] "GET /content/all/?q=%23WithKnown&offset=45 HTTP/1.1" 200 8853 "-" "Mozilla/5.0 (compatible; MJ12bot/v1.4.8; http://mj12bot.com/)" 
173.212.242.224 - - [22/Jun/2020:04:36:12 -0700] "GET /content/all/?q=%23podcast&offset=25&_t=rss HTTP/1.1" 200 7909 "-" "Mozilla/5.0 (compatible; MJ12bot/v1.4.8; http://mj12bot.com/)" 
91.63.23.138 - - [22/Jun/2020:04:36:13 -0700] "GET /content/all/?q=%23WithKnown&offset=47 HTTP/1.1" 200 8219 "-" "Mozilla/5.0 (compatible; MJ12bot/v1.4.8; http://mj12bot.com/)" 
157.55.39.4 - - [22/Jun/2020:04:36:15 -0700] "GET /2020/a-transcript-of-my-conversation-with-smargot_finn HTTP/1.1" 200 10020 "-" "Mozilla/5.0 (compatible; bingbot/2.0; +http://www.bing.com/bingbot.htm)" 
46.229.168.137 - - [22/Jun/2020:04:36:15 -0700] "GET /2017/so-interesting-to-read-what-chrisaldrich-has-to-say-about HTTP/1.1" 200 9499 "-" "Mozilla/5.0 (compatible; SemrushBot/6~bl; +http://www.semrush.com/bot.html)" 
91.63.23.138 - - [22/Jun/2020:04:36:16 -0700] "GET /content/all/?q=%23WithKnown&offset=5 HTTP/1.1" 200 7729 "-" "Mozilla/5.0 (compatible; MJ12bot/v1.4.8; http://mj12bot.com/)" 
46.229.168.139 - - [22/Jun/2020:04:36:17 -0700] "GET /content/posts/?q=%23Rye HTTP/1.1" 200 8293 "-" "Mozilla/5.0 (compatible; SemrushBot/6~bl; +http://www.semrush.com/bot.html)" 
54.36.148.14 - - [22/Jun/2020:04:36:18 -0700] "GET /2019/lurking-twitter-the-commons-and-private-posts HTTP/1.1" 200 9302 "-" "Mozilla/5.0 (compatible; AhrefsBot/6.1; +http://ahrefs.com/robot/)" 
96.126.125.129 - - [22/Jun/2020:04:36:19 -0700] "GET /content/statusupdates/posts/photos/checkins/bookmarkedpages?_t=rss HTTP/1.1" 200 7427 "-" "Micro.blog/1.0" 
5.9.77.102 - - [22/Jun/2020:04:36:20 -0700] "GET /content/all/?q=%23%20%23norovirus&_t=rss HTTP/1.1" 200 4799 "-" "Mozilla/5.0 (compatible; MJ12bot/v1.4.8; http://mj12bot.com/)" 
91.63.23.138 - - [22/Jun/2020:04:36:21 -0700] "GET /content/all/?q=%23WithKnown&offset=50 HTTP/1.1" 200 10489 "-" "Mozilla/5.0 (compatible; MJ12bot/v1.4.8; http://mj12bot.com/)" 
91.63.23.138 - - [22/Jun/2020:04:36:24 -0700] "GET /content/all/?q=%23WithKnown&offset=7 HTTP/1.1" 200 7726 "-" "Mozilla/5.0 (compatible; MJ12bot/v1.4.8; http://mj12bot.com/)" 
46.229.168.146 - - [22/Jun/2020:04:36:28 -0700] "GET /content/statusupdates/?offset=22&q=%23Indieweb HTTP/1.1" 200 10838 "-" "Mozilla/5.0 (compatible; SemrushBot/6~bl; +http://www.semrush.com/bot.html)" 
91.63.23.138 - - [22/Jun/2020:04:36:31 -0700] "GET /content/all/?q=%23bread&offset=0 HTTP/1.1" 200 12150 "-" "Mozilla/5.0 (compatible; MJ12bot/v1.4.8; http://mj12bot.com/)" 
5.9.77.102 - - [22/Jun/2020:04:36:32 -0700] "GET /content/audio/?q=%23%20%23WithKnown&_t=rss HTTP/1.1" 200 4799 "-" "Mozilla/5.0 (compatible; MJ12bot/v1.4.8; http://mj12bot.com/)" 
91.63.23.138 - - [22/Jun/2020:04:36:33 -0700] "GET /content/all/?q=%23bread&offset=10 HTTP/1.1" 200 9500 "-" "Mozilla/5.0 (compatible; MJ12bot/v1.4.8; http://mj12bot.com/)" 
46.229.168.147 - - [22/Jun/2020:04:36:33 -0700] "GET /?q=%2310DoT HTTP/1.1" 200 9073 "-" "Mozilla/5.0 (compatible; SemrushBot/6~bl; +http://www.semrush.com/bot.html)" 
91.63.23.138 - - [22/Jun/2020:04:36:35 -0700] "GET /content/all/?q=%23bread&offset=15 HTTP/1.1" 200 8677 "-" "Mozilla/5.0 (compatible; MJ12bot/v1.4.8; http://mj12bot.com/)" 
91.63.23.138 - - [22/Jun/2020:04:36:37 -0700] "GET /content/all/?q=%23bread&offset=20 HTTP/1.1" 200 8763 "-" "Mozilla/5.0 (compatible; MJ12bot/v1.4.8; http://mj12bot.com/)" 
91.63.23.138 - - [22/Jun/2020:04:36:39 -0700] "GET /content/all/?q=%23bread&offset=25 HTTP/1.1" 200 9580 "-" "Mozilla/5.0 (compatible; MJ12bot/v1.4.8; http://mj12bot.com/)" 
5.9.77.102 - - [22/Jun/2020:04:36:41 -0700] "GET /content/bookmarkedpages/?offset=100&_t=rss HTTP/1.1" 200 7321 "-" "Mozilla/5.0 (compatible; MJ12bot/v1.4.8; http://mj12bot.com/)" 
91.63.23.138 - - [22/Jun/2020:04:36:41 -0700] "GET /content/all/?q=%23bread&offset=26 HTTP/1.1" 200 9747 "-" "Mozilla/5.0 (compatible; MJ12bot/v1.4.8; http://mj12bot.com/)" 
91.63.23.138 - - [22/Jun/2020:04:36:44 -0700] "GET /content/all/?q=%23bread&offset=35&_t=rss HTTP/1.1" 200 5106 "-" "Mozilla/5.0 (compatible; MJ12bot/v1.4.8; http://mj12bot.com/)" 
91.63.23.138 - - [22/Jun/2020:04:36:46 -0700] "GET /content/all/?q=%23bread&offset=36 HTTP/1.1" 200 8938 "-" "Mozilla/5.0 (compatible; MJ12bot/v1.4.8; http://mj12bot.com/)" 
91.63.23.138 - - [22/Jun/2020:04:36:49 -0700] "GET /content/all/?q=%23bread&offset=38 HTTP/1.1" 200 8868 "-" "Mozilla/5.0 (compatible; MJ12bot/v1.4.8; http://mj12bot.com/)" 
91.63.23.138 - - [22/Jun/2020:04:36:51 -0700] "GET /content/all/?q=%23bread&offset=38&_t=rss HTTP/1.1" 200 4980 "-" "Mozilla/5.0 (compatible; MJ12bot/v1.4.8; http://mj12bot.com/)" 
5.9.77.102 - - [22/Jun/2020:04:36:52 -0700] "GET /content/bookmarkedpages/?q=%23%20%23%23indieweb&offset=19&_t=rss HTTP/1.1" 200 8060 "-" "Mozilla/5.0 (compatible; MJ12bot/v1.4.8; http://mj12bot.com/)" 
91.63.23.138 - - [22/Jun/2020:04:36:53 -0700] "GET /content/all/?q=%23bread&offset=40 HTTP/1.1" 200 8959 "-" "Mozilla/5.0 (compatible; MJ12bot/v1.4.8; http://mj12bot.com/)" 
91.63.23.138 - - [22/Jun/2020:04:36:55 -0700] "GET /content/all/?q=%23bread&offset=40&_t=rss HTTP/1.1" 200 5067 "-" "Mozilla/5.0 (compatible; MJ12bot/v1.4.8; http://mj12bot.com/)" 
91.63.23.138 - - [22/Jun/2020:04:36:57 -0700] "GET /content/all/?q=%23bread&offset=5 HTTP/1.1" 200 9175 "-" "Mozilla/5.0 (compatible; MJ12bot/v1.4.8; http://mj12bot.com/)" 
