144.76.29.149 - - [22/Jun/2020:02:57:07 -0700] "GET /?q=%23%20%23Http://agro.biodiver.se/&offset=124&_t=rss HTTP/1.1" 200 8823 "-" "Mozilla/5.0 (compatible; MJ12bot/v1.4.8; http://mj12bot.com/)" 
144.76.29.149 - - [22/Jun/2020:02:57:10 -0700] "GET /?q=%23%20%23Http://agro.biodiver.se/&offset=126&_t=rss HTTP/1.1" 200 8664 "-" "Mozilla/5.0 (compatible; MJ12bot/v1.4.8; http://mj12bot.com/)" 
144.76.29.149 - - [22/Jun/2020:02:57:14 -0700] "GET /?q=%23%20%23Http://agro.biodiver.se/&offset=129&_t=rss HTTP/1.1" 200 7998 "-" "Mozilla/5.0 (compatible; MJ12bot/v1.4.8; http://mj12bot.com/)" 
144.76.29.149 - - [22/Jun/2020:02:57:19 -0700] "GET /?q=%23%20%23Http://agro.biodiver.se/&offset=130&_t=rss HTTP/1.1" 200 8187 "-" "Mozilla/5.0 (compatible; MJ12bot/v1.4.8; http://mj12bot.com/)" 
144.76.29.149 - - [22/Jun/2020:02:57:22 -0700] "GET /?q=%23%20%23Http://agro.biodiver.se/&offset=134&_t=rss HTTP/1.1" 200 7227 "-" "Mozilla/5.0 (compatible; MJ12bot/v1.4.8; http://mj12bot.com/)" 
144.76.29.149 - - [22/Jun/2020:02:57:24 -0700] "GET /?q=%23%20%23Http://agro.biodiver.se/&offset=136&_t=rss HTTP/1.1" 200 6865 "-" "Mozilla/5.0 (compatible; MJ12bot/v1.4.8; http://mj12bot.com/)" 
192.99.13.186 - - [22/Jun/2020:02:57:24 -0700] "GET /?offset=579&_t=rss HTTP/1.1" 200 7591 "-" "Mozilla/5.0 (compatible; MJ12bot/v1.4.8; http://mj12bot.com/)" 
144.76.29.149 - - [22/Jun/2020:02:57:28 -0700] "GET /?q=%23%20%23Http://agro.biodiver.se/&offset=139&_t=rss HTTP/1.1" 200 7366 "-" "Mozilla/5.0 (compatible; MJ12bot/v1.4.8; http://mj12bot.com/)" 
46.229.168.144 - - [22/Jun/2020:02:57:31 -0700] "GET /content/statusupdates/?offset=10&q=%23WithKnown HTTP/1.1" 200 10356 "-" "Mozilla/5.0 (compatible; SemrushBot/6~bl; +http://www.semrush.com/bot.html)" 
144.76.29.149 - - [22/Jun/2020:02:57:31 -0700] "GET /?q=%23%20%23Http://agro.biodiver.se/&offset=14&_t=rss HTTP/1.1" 200 7276 "-" "Mozilla/5.0 (compatible; MJ12bot/v1.4.8; http://mj12bot.com/)" 
192.99.10.170 - - [22/Jun/2020:02:57:31 -0700] "GET /?offset=539&_t=rss HTTP/1.1" 200 6980 "-" "Mozilla/5.0 (compatible; MJ12bot/v1.4.8; http://mj12bot.com/)" 
144.76.29.149 - - [22/Jun/2020:02:57:36 -0700] "GET /?q=%23%20%23Http://agro.biodiver.se/&offset=140&_t=rss HTTP/1.1" 200 7255 "-" "Mozilla/5.0 (compatible; MJ12bot/v1.4.8; http://mj12bot.com/)" 
144.76.29.149 - - [22/Jun/2020:02:57:38 -0700] "GET /?q=%23%20%23Http://agro.biodiver.se/&offset=144&_t=rss HTTP/1.1" 200 7892 "-" "Mozilla/5.0 (compatible; MJ12bot/v1.4.8; http://mj12bot.com/)" 
144.76.29.149 - - [22/Jun/2020:02:57:41 -0700] "GET /?q=%23%20%23Http://agro.biodiver.se/&offset=146&_t=rss HTTP/1.1" 200 8032 "-" "Mozilla/5.0 (compatible; MJ12bot/v1.4.8; http://mj12bot.com/)" 
192.99.13.186 - - [22/Jun/2020:02:57:41 -0700] "GET /?offset=580&_t=rss HTTP/1.1" 200 7881 "-" "Mozilla/5.0 (compatible; MJ12bot/v1.4.8; http://mj12bot.com/)" 
144.76.29.149 - - [22/Jun/2020:02:57:46 -0700] "GET /?q=%23%20%23Http://agro.biodiver.se/&offset=149&_t=rss HTTP/1.1" 200 7795 "-" "Mozilla/5.0 (compatible; MJ12bot/v1.4.8; http://mj12bot.com/)" 
144.76.29.149 - - [22/Jun/2020:02:57:50 -0700] "GET /?q=%23%20%23Http://agro.biodiver.se/&offset=150&_t=rss HTTP/1.1" 200 7624 "-" "Mozilla/5.0 (compatible; MJ12bot/v1.4.8; http://mj12bot.com/)" 
144.76.29.149 - - [22/Jun/2020:02:57:53 -0700] "GET /?q=%23%20%23Http://agro.biodiver.se/&offset=154&_t=rss HTTP/1.1" 200 7979 "-" "Mozilla/5.0 (compatible; MJ12bot/v1.4.8; http://mj12bot.com/)" 
144.76.29.149 - - [22/Jun/2020:02:57:55 -0700] "GET /?q=%23%20%23Http://agro.biodiver.se/&offset=156&_t=rss HTTP/1.1" 200 7902 "-" "Mozilla/5.0 (compatible; MJ12bot/v1.4.8; http://mj12bot.com/)" 
192.99.10.170 - - [22/Jun/2020:02:57:59 -0700] "GET /?offset=540&_t=rss HTTP/1.1" 200 6957 "-" "Mozilla/5.0 (compatible; MJ12bot/v1.4.8; http://mj12bot.com/)" 
144.76.29.149 - - [22/Jun/2020:02:58:00 -0700] "GET /?q=%23%20%23Http://agro.biodiver.se/&offset=159&_t=rss HTTP/1.1" 200 8014 "-" "Mozilla/5.0 (compatible; MJ12bot/v1.4.8; http://mj12bot.com/)" 
192.99.13.186 - - [22/Jun/2020:02:58:04 -0700] "GET /?offset=589&_t=rss HTTP/1.1" 200 8129 "-" "Mozilla/5.0 (compatible; MJ12bot/v1.4.8; http://mj12bot.com/)" 
144.76.29.149 - - [22/Jun/2020:02:58:05 -0700] "GET /?q=%23%20%23Http://agro.biodiver.se/&offset=160&_t=rss HTTP/1.1" 200 8554 "-" "Mozilla/5.0 (compatible; MJ12bot/v1.4.8; http://mj12bot.com/)" 
144.76.29.149 - - [22/Jun/2020:02:58:07 -0700] "GET /?q=%23%20%23Http://agro.biodiver.se/&offset=164&_t=rss HTTP/1.1" 200 8127 "-" "Mozilla/5.0 (compatible; MJ12bot/v1.4.8; http://mj12bot.com/)" 
144.76.29.149 - - [22/Jun/2020:02:58:10 -0700] "GET /?q=%23%20%23Http://agro.biodiver.se/&offset=166&_t=rss HTTP/1.1" 200 8475 "-" "Mozilla/5.0 (compatible; MJ12bot/v1.4.8; http://mj12bot.com/)" 
46.229.168.145 - - [22/Jun/2020:02:58:14 -0700] "GET /tag/indieweb?offset=96 HTTP/1.1" 200 14100 "-" "Mozilla/5.0 (compatible; SemrushBot/6~bl; +http://www.semrush.com/bot.html)" 
144.76.29.149 - - [22/Jun/2020:02:58:15 -0700] "GET /?q=%23%20%23Http://agro.biodiver.se/&offset=169&_t=rss HTTP/1.1" 200 8118 "-" "Mozilla/5.0 (compatible; MJ12bot/v1.4.8; http://mj12bot.com/)" 
144.76.29.149 - - [22/Jun/2020:02:58:20 -0700] "GET /?q=%23%20%23Http://agro.biodiver.se/&offset=174&_t=rss HTTP/1.1" 200 8086 "-" "Mozilla/5.0 (compatible; MJ12bot/v1.4.8; http://mj12bot.com/)" 
144.76.29.149 - - [22/Jun/2020:02:58:22 -0700] "GET /?q=%23%20%23Http://agro.biodiver.se/&offset=176&_t=rss HTTP/1.1" 200 8303 "-" "Mozilla/5.0 (compatible; MJ12bot/v1.4.8; http://mj12bot.com/)" 
192.99.10.170 - - [22/Jun/2020:02:58:25 -0700] "GET /?offset=549&_t=rss HTTP/1.1" 200 7216 "-" "Mozilla/5.0 (compatible; MJ12bot/v1.4.8; http://mj12bot.com/)" 
144.76.29.149 - - [22/Jun/2020:02:58:27 -0700] "GET /?q=%23%20%23Http://agro.biodiver.se/&offset=179&_t=rss HTTP/1.1" 200 8356 "-" "Mozilla/5.0 (compatible; MJ12bot/v1.4.8; http://mj12bot.com/)" 
46.229.168.148 - - [22/Jun/2020:02:58:31 -0700] "GET /tag/Indieweb?offset=122 HTTP/1.1" 200 11739 "-" "Mozilla/5.0 (compatible; SemrushBot/6~bl; +http://www.semrush.com/bot.html)" 
144.76.29.149 - - [22/Jun/2020:02:58:34 -0700] "GET /?q=%23%20%23Http://agro.biodiver.se/&offset=184&_t=rss HTTP/1.1" 200 7987 "-" "Mozilla/5.0 (compatible; MJ12bot/v1.4.8; http://mj12bot.com/)" 
144.76.29.149 - - [22/Jun/2020:02:58:37 -0700] "GET /?q=%23%20%23Http://agro.biodiver.se/&offset=186&_t=rss HTTP/1.1" 200 7289 "-" "Mozilla/5.0 (compatible; MJ12bot/v1.4.8; http://mj12bot.com/)" 
144.76.29.149 - - [22/Jun/2020:02:58:42 -0700] "GET /?q=%23%20%23Http://agro.biodiver.se/&offset=189&_t=rss HTTP/1.1" 200 8301 "-" "Mozilla/5.0 (compatible; MJ12bot/v1.4.8; http://mj12bot.com/)" 
144.76.29.149 - - [22/Jun/2020:02:58:44 -0700] "GET /?q=%23%20%23Http://agro.biodiver.se/&offset=19&_t=rss HTTP/1.1" 200 7066 "-" "Mozilla/5.0 (compatible; MJ12bot/v1.4.8; http://mj12bot.com/)" 
144.76.29.149 - - [22/Jun/2020:02:58:49 -0700] "GET /?q=%23%20%23Http://agro.biodiver.se/&offset=194&_t=rss HTTP/1.1" 200 8101 "-" "Mozilla/5.0 (compatible; MJ12bot/v1.4.8; http://mj12bot.com/)" 
192.99.13.186 - - [22/Jun/2020:02:58:50 -0700] "GET /?offset=590&_t=rss HTTP/1.1" 200 7907 "-" "Mozilla/5.0 (compatible; MJ12bot/v1.4.8; http://mj12bot.com/)" 
192.99.10.170 - - [22/Jun/2020:02:58:50 -0700] "GET /?offset=550&_t=rss HTTP/1.1" 200 7269 "-" "Mozilla/5.0 (compatible; MJ12bot/v1.4.8; http://mj12bot.com/)" 
144.76.29.149 - - [22/Jun/2020:02:58:52 -0700] "GET /?q=%23%20%23Http://agro.biodiver.se/&offset=196&_t=rss HTTP/1.1" 200 8516 "-" "Mozilla/5.0 (compatible; MJ12bot/v1.4.8; http://mj12bot.com/)" 
144.76.29.149 - - [22/Jun/2020:02:58:55 -0700] "GET /?q=%23%20%23Http://agro.biodiver.se/&offset=198&_t=rss HTTP/1.1" 200 7565 "-" "Mozilla/5.0 (compatible; MJ12bot/v1.4.8; http://mj12bot.com/)" 
144.76.29.149 - - [22/Jun/2020:02:58:58 -0700] "GET /?q=%23%20%23Http://agro.biodiver.se/&offset=199&_t=rss HTTP/1.1" 200 7877 "-" "Mozilla/5.0 (compatible; MJ12bot/v1.4.8; http://mj12bot.com/)" 
144.76.29.149 - - [22/Jun/2020:02:59:03 -0700] "GET /?q=%23%20%23Http://agro.biodiver.se/&offset=20&_t=rss HTTP/1.1" 200 6850 "-" "Mozilla/5.0 (compatible; MJ12bot/v1.4.8; http://mj12bot.com/)" 
144.76.29.149 - - [22/Jun/2020:02:59:05 -0700] "GET /?q=%23%20%23Http://agro.biodiver.se/&offset=200&_t=rss HTTP/1.1" 200 7907 "-" "Mozilla/5.0 (compatible; MJ12bot/v1.4.8; http://mj12bot.com/)" 
192.99.13.186 - - [22/Jun/2020:02:59:07 -0700] "GET /?offset=599&_t=rss HTTP/1.1" 200 7366 "-" "Mozilla/5.0 (compatible; MJ12bot/v1.4.8; http://mj12bot.com/)" 
144.76.29.149 - - [22/Jun/2020:02:59:07 -0700] "GET /?q=%23%20%23Http://agro.biodiver.se/&offset=204&_t=rss HTTP/1.1" 200 8015 "-" "Mozilla/5.0 (compatible; MJ12bot/v1.4.8; http://mj12bot.com/)" 
144.76.29.149 - - [22/Jun/2020:02:59:11 -0700] "GET /?q=%23%20%23Http://agro.biodiver.se/&offset=206&_t=rss HTTP/1.1" 200 7508 "-" "Mozilla/5.0 (compatible; MJ12bot/v1.4.8; http://mj12bot.com/)" 
192.99.10.170 - - [22/Jun/2020:02:59:14 -0700] "GET /?offset=559&_t=rss HTTP/1.1" 200 7512 "-" "Mozilla/5.0 (compatible; MJ12bot/v1.4.8; http://mj12bot.com/)" 
144.76.29.149 - - [22/Jun/2020:02:59:16 -0700] "GET /?q=%23%20%23Http://agro.biodiver.se/&offset=208&_t=rss HTTP/1.1" 200 7101 "-" "Mozilla/5.0 (compatible; MJ12bot/v1.4.8; http://mj12bot.com/)" 
144.76.29.149 - - [22/Jun/2020:02:59:18 -0700] "GET /?q=%23%20%23Http://agro.biodiver.se/&offset=24&_t=rss HTTP/1.1" 200 6780 "-" "Mozilla/5.0 (compatible; MJ12bot/v1.4.8; http://mj12bot.com/)" 
144.76.29.149 - - [22/Jun/2020:02:59:23 -0700] "GET /?q=%23%20%23Http://agro.biodiver.se/&offset=29&_t=rss HTTP/1.1" 200 6926 "-" "Mozilla/5.0 (compatible; MJ12bot/v1.4.8; http://mj12bot.com/)" 
144.76.29.149 - - [22/Jun/2020:02:59:25 -0700] "GET /?q=%23%20%23Http://agro.biodiver.se/&offset=30&_t=rss HTTP/1.1" 200 6921 "-" "Mozilla/5.0 (compatible; MJ12bot/v1.4.8; http://mj12bot.com/)" 
144.76.29.149 - - [22/Jun/2020:02:59:28 -0700] "GET /?q=%23%20%23Http://agro.biodiver.se/&offset=34&_t=rss HTTP/1.1" 200 6666 "-" "Mozilla/5.0 (compatible; MJ12bot/v1.4.8; http://mj12bot.com/)" 
192.99.10.170 - - [22/Jun/2020:02:59:29 -0700] "GET /?offset=560&_t=rss HTTP/1.1" 200 7507 "-" "Mozilla/5.0 (compatible; MJ12bot/v1.4.8; http://mj12bot.com/)" 
144.76.29.149 - - [22/Jun/2020:02:59:32 -0700] "GET /?q=%23%20%23Http://agro.biodiver.se/&offset=39&_t=rss HTTP/1.1" 200 6876 "-" "Mozilla/5.0 (compatible; MJ12bot/v1.4.8; http://mj12bot.com/)" 
144.76.29.149 - - [22/Jun/2020:02:59:35 -0700] "GET /?q=%23%20%23Http://agro.biodiver.se/&offset=4&_t=rss HTTP/1.1" 200 8118 "-" "Mozilla/5.0 (compatible; MJ12bot/v1.4.8; http://mj12bot.com/)" 
45.79.26.51 - - [22/Jun/2020:02:59:39 -0700] "GET /content/statusupdates/posts/photos/checkins/bookmarkedpages?_t=rss HTTP/1.1" 200 7422 "-" "Micro.blog/1.0" 
144.76.29.149 - - [22/Jun/2020:02:59:39 -0700] "GET /?q=%23%20%23Http://agro.biodiver.se/&offset=40&_t=rss HTTP/1.1" 200 6852 "-" "Mozilla/5.0 (compatible; MJ12bot/v1.4.8; http://mj12bot.com/)" 
144.76.29.149 - - [22/Jun/2020:02:59:42 -0700] "GET /?q=%23%20%23Http://agro.biodiver.se/&offset=44&_t=rss HTTP/1.1" 200 7177 "-" "Mozilla/5.0 (compatible; MJ12bot/v1.4.8; http://mj12bot.com/)" 
144.76.29.149 - - [22/Jun/2020:02:59:47 -0700] "GET /?q=%23%20%23Http://agro.biodiver.se/&offset=49&_t=rss HTTP/1.1" 200 7952 "-" "Mozilla/5.0 (compatible; MJ12bot/v1.4.8; http://mj12bot.com/)" 
192.99.13.186 - - [22/Jun/2020:02:59:50 -0700] "GET /?offset=609&_t=rss HTTP/1.1" 200 7367 "-" "Mozilla/5.0 (compatible; MJ12bot/v1.4.8; http://mj12bot.com/)" 
144.76.29.149 - - [22/Jun/2020:02:59:52 -0700] "GET /?q=%23%20%23Http://agro.biodiver.se/&offset=50&_t=rss HTTP/1.1" 200 8098 "-" "Mozilla/5.0 (compatible; MJ12bot/v1.4.8; http://mj12bot.com/)" 
144.76.29.149 - - [22/Jun/2020:02:59:57 -0700] "GET /?q=%23%20%23Http://agro.biodiver.se/&offset=59&_t=rss HTTP/1.1" 200 8611 "-" "Mozilla/5.0 (compatible; MJ12bot/v1.4.8; http://mj12bot.com/)" 
144.76.29.149 - - [22/Jun/2020:03:00:01 -0700] "GET /?q=%23%20%23Http://agro.biodiver.se/&offset=60&_t=rss HTTP/1.1" 200 8616 "-" "Mozilla/5.0 (compatible; MJ12bot/v1.4.8; http://mj12bot.com/)" 
192.99.10.170 - - [22/Jun/2020:03:00:02 -0700] "GET /?offset=569&_t=rss HTTP/1.1" 200 7241 "-" "Mozilla/5.0 (compatible; MJ12bot/v1.4.8; http://mj12bot.com/)" 
144.76.29.149 - - [22/Jun/2020:03:00:06 -0700] "GET /?q=%23%20%23Http://agro.biodiver.se/&offset=69&_t=rss HTTP/1.1" 200 8369 "-" "Mozilla/5.0 (compatible; MJ12bot/v1.4.8; http://mj12bot.com/)" 
107.178.238.37 - - [22/Jun/2020:03:00:11 -0700] "HEAD /2020/very-happy-with-the-service-from-widefitshoes HTTP/1.1" 200 4349 "-" "Bridgy (https://brid.gy/about)" 
192.99.13.186 - - [22/Jun/2020:03:00:16 -0700] "GET /?offset=610&_t=rss HTTP/1.1" 200 7441 "-" "Mozilla/5.0 (compatible; MJ12bot/v1.4.8; http://mj12bot.com/)" 
46.229.168.152 - - [22/Jun/2020:03:00:21 -0700] "GET /content/all/?offset=40&q=%23bread HTTP/1.1" 200 12108 "-" "Mozilla/5.0 (compatible; SemrushBot/6~bl; +http://www.semrush.com/bot.html)" 
192.99.10.170 - - [22/Jun/2020:03:00:40 -0700] "GET /?offset=570&_t=rss HTTP/1.1" 200 7201 "-" "Mozilla/5.0 (compatible; MJ12bot/v1.4.8; http://mj12bot.com/)" 
192.99.13.186 - - [22/Jun/2020:03:00:50 -0700] "GET /?offset=620&_t=rss HTTP/1.1" 200 7178 "-" "Mozilla/5.0 (compatible; MJ12bot/v1.4.8; http://mj12bot.com/)" 
46.229.168.162 - - [22/Jun/2020:03:01:01 -0700] "GET /content/posts/?q=%23Greece HTTP/1.1" 200 8299 "-" "Mozilla/5.0 (compatible; SemrushBot/6~bl; +http://www.semrush.com/bot.html)" 
192.99.10.170 - - [22/Jun/2020:03:01:29 -0700] "GET /?offset=579&_t=rss HTTP/1.1" 200 7591 "-" "Mozilla/5.0 (compatible; MJ12bot/v1.4.8; http://mj12bot.com/)" 
192.99.13.186 - - [22/Jun/2020:03:01:31 -0700] "GET /?offset=630&_t=rss HTTP/1.1" 200 7470 "-" "Mozilla/5.0 (compatible; MJ12bot/v1.4.8; http://mj12bot.com/)" 
192.99.10.170 - - [22/Jun/2020:03:01:49 -0700] "GET /?offset=580&_t=rss HTTP/1.1" 200 7881 "-" "Mozilla/5.0 (compatible; MJ12bot/v1.4.8; http://mj12bot.com/)" 
192.99.10.170 - - [22/Jun/2020:03:02:18 -0700] "GET /?offset=589&_t=rss HTTP/1.1" 200 8129 "-" "Mozilla/5.0 (compatible; MJ12bot/v1.4.8; http://mj12bot.com/)" 
54.36.148.201 - - [22/Jun/2020:03:02:31 -0700] "GET /content/all/?q=%23+%23%23indieweb HTTP/1.1" 200 14866 "-" "Mozilla/5.0 (compatible; AhrefsBot/6.1; +http://ahrefs.com/robot/)" 
192.99.10.170 - - [22/Jun/2020:03:02:51 -0700] "GET /?offset=590&_t=rss HTTP/1.1" 200 7907 "-" "Mozilla/5.0 (compatible; MJ12bot/v1.4.8; http://mj12bot.com/)" 
144.76.29.149 - - [22/Jun/2020:03:02:51 -0700] "GET /?q=%23%20%23Http://agro.biodiver.se/&offset=70&_t=rss HTTP/1.1" 200 8457 "-" "Mozilla/5.0 (compatible; MJ12bot/v1.4.8; http://mj12bot.com/)" 
46.229.168.162 - - [22/Jun/2020:03:02:53 -0700] "GET /2018/the-mixed-scald-and-starter-ready-for-overnight-ferment-last HTTP/1.1" 200 10783 "-" "Mozilla/5.0 (compatible; SemrushBot/6~bl; +http://www.semrush.com/bot.html)" 
144.76.29.149 - - [22/Jun/2020:03:02:56 -0700] "GET /?q=%23%20%23Http://agro.biodiver.se/&offset=79&_t=rss HTTP/1.1" 200 7966 "-" "Mozilla/5.0 (compatible; MJ12bot/v1.4.8; http://mj12bot.com/)" 
144.76.29.149 - - [22/Jun/2020:03:03:03 -0700] "GET /?q=%23%20%23Http://agro.biodiver.se/&offset=80&_t=rss HTTP/1.1" 200 8065 "-" "Mozilla/5.0 (compatible; MJ12bot/v1.4.8; http://mj12bot.com/)" 
144.76.29.149 - - [22/Jun/2020:03:03:06 -0700] "GET /?q=%23%20%23Http://agro.biodiver.se/&offset=84&_t=rss HTTP/1.1" 200 7384 "-" "Mozilla/5.0 (compatible; MJ12bot/v1.4.8; http://mj12bot.com/)" 
192.99.10.170 - - [22/Jun/2020:03:03:09 -0700] "GET /?offset=599&_t=rss HTTP/1.1" 200 7366 "-" "Mozilla/5.0 (compatible; MJ12bot/v1.4.8; http://mj12bot.com/)" 
144.76.29.149 - - [22/Jun/2020:03:03:10 -0700] "GET /?q=%23%20%23Http://agro.biodiver.se/&offset=89&_t=rss HTTP/1.1" 200 6625 "-" "Mozilla/5.0 (compatible; MJ12bot/v1.4.8; http://mj12bot.com/)" 
144.76.29.149 - - [22/Jun/2020:03:03:13 -0700] "GET /?q=%23%20%23Http://agro.biodiver.se/&offset=9&_t=rss HTTP/1.1" 200 7555 "-" "Mozilla/5.0 (compatible; MJ12bot/v1.4.8; http://mj12bot.com/)" 
144.76.29.149 - - [22/Jun/2020:03:03:18 -0700] "GET /?q=%23%20%23Http://agro.biodiver.se/&offset=90&_t=rss HTTP/1.1" 200 6352 "-" "Mozilla/5.0 (compatible; MJ12bot/v1.4.8; http://mj12bot.com/)" 
46.229.168.145 - - [22/Jun/2020:03:03:18 -0700] "GET /robots.txt HTTP/1.1" 200 4276 "-" "Mozilla/5.0 (compatible; SemrushBot/6~bl; +http://www.semrush.com/bot.html)" 
46.229.168.161 - - [22/Jun/2020:03:03:19 -0700] "GET /content/all/?offset=34&q=%23WithKnown HTTP/1.1" 200 11522 "-" "Mozilla/5.0 (compatible; SemrushBot/6~bl; +http://www.semrush.com/bot.html)" 
144.76.29.149 - - [22/Jun/2020:03:03:21 -0700] "GET /?q=%23%20%23Http://agro.biodiver.se/&offset=94&_t=rss HTTP/1.1" 200 6435 "-" "Mozilla/5.0 (compatible; MJ12bot/v1.4.8; http://mj12bot.com/)" 
144.76.29.149 - - [22/Jun/2020:03:03:27 -0700] "GET /?q=%23%20%23Http://agro.biodiver.se/&offset=99&_t=rss HTTP/1.1" 200 6728 "-" "Mozilla/5.0 (compatible; MJ12bot/v1.4.8; http://mj12bot.com/)" 
144.76.29.149 - - [22/Jun/2020:03:03:34 -0700] "GET /?q=%23%20%23Http://www.marigoldroma.com/&offset=100&_t=rss HTTP/1.1" 200 6754 "-" "Mozilla/5.0 (compatible; MJ12bot/v1.4.8; http://mj12bot.com/)" 
144.76.29.149 - - [22/Jun/2020:03:03:36 -0700] "GET /?q=%23%20%23Http://www.marigoldroma.com/&offset=110&_t=rss HTTP/1.1" 200 7106 "-" "Mozilla/5.0 (compatible; MJ12bot/v1.4.8; http://mj12bot.com/)" 
144.76.29.149 - - [22/Jun/2020:03:03:39 -0700] "GET /?q=%23%20%23Http://www.marigoldroma.com/&offset=120&_t=rss HTTP/1.1" 200 8441 "-" "Mozilla/5.0 (compatible; MJ12bot/v1.4.8; http://mj12bot.com/)" 
144.76.29.149 - - [22/Jun/2020:03:03:44 -0700] "GET /?q=%23%20%23Http://www.marigoldroma.com/&offset=240 HTTP/1.1" 200 7808 "-" "Mozilla/5.0 (compatible; MJ12bot/v1.4.8; http://mj12bot.com/)" 
144.76.29.149 - - [22/Jun/2020:03:03:46 -0700] "GET /?q=%23%20%23Http://www.marigoldroma.com/&offset=240&_t=rss HTTP/1.1" 200 4820 "-" "Mozilla/5.0 (compatible; MJ12bot/v1.4.8; http://mj12bot.com/)" 
144.76.29.149 - - [22/Jun/2020:03:03:49 -0700] "GET /?q=%23%20%23Http://www.marigoldroma.com/&offset=250 HTTP/1.1" 200 7808 "-" "Mozilla/5.0 (compatible; MJ12bot/v1.4.8; http://mj12bot.com/)" 
144.76.29.149 - - [22/Jun/2020:03:03:51 -0700] "GET /?q=%23%20%23Http://www.marigoldroma.com/&offset=250&_t=rss HTTP/1.1" 200 4820 "-" "Mozilla/5.0 (compatible; MJ12bot/v1.4.8; http://mj12bot.com/)" 
144.76.29.149 - - [22/Jun/2020:03:03:54 -0700] "GET /?q=%23%20%23Http://www.marigoldroma.com/&offset=260 HTTP/1.1" 200 7808 "-" "Mozilla/5.0 (compatible; MJ12bot/v1.4.8; http://mj12bot.com/)" 
144.76.29.149 - - [22/Jun/2020:03:03:56 -0700] "GET /?q=%23%20%23Http://www.marigoldroma.com/&offset=260&_t=rss HTTP/1.1" 200 4820 "-" "Mozilla/5.0 (compatible; MJ12bot/v1.4.8; http://mj12bot.com/)" 
144.76.29.149 - - [22/Jun/2020:03:03:58 -0700] "GET /?q=%23%20%23Http://www.marigoldroma.com/&offset=270 HTTP/1.1" 200 7808 "-" "Mozilla/5.0 (compatible; MJ12bot/v1.4.8; http://mj12bot.com/)" 
192.99.10.170 - - [22/Jun/2020:03:04:00 -0700] "GET /?offset=609&_t=rss HTTP/1.1" 200 7367 "-" "Mozilla/5.0 (compatible; MJ12bot/v1.4.8; http://mj12bot.com/)" 
144.76.29.149 - - [22/Jun/2020:03:04:01 -0700] "GET /?q=%23%20%23Http://www.marigoldroma.com/&offset=270&_t=rss HTTP/1.1" 200 4820 "-" "Mozilla/5.0 (compatible; MJ12bot/v1.4.8; http://mj12bot.com/)" 
46.229.168.154 - - [22/Jun/2020:03:04:00 -0700] "GET /content/statusupdates/?q=%23Fornacalia HTTP/1.1" 200 9218 "-" "Mozilla/5.0 (compatible; SemrushBot/6~bl; +http://www.semrush.com/bot.html)" 
144.76.29.149 - - [22/Jun/2020:03:04:03 -0700] "GET /?q=%23%20%23Http://www.marigoldroma.com/&offset=280 HTTP/1.1" 200 7808 "-" "Mozilla/5.0 (compatible; MJ12bot/v1.4.8; http://mj12bot.com/)" 
144.76.29.149 - - [22/Jun/2020:03:04:06 -0700] "GET /?q=%23%20%23Http://www.marigoldroma.com/&offset=290 HTTP/1.1" 200 7808 "-" "Mozilla/5.0 (compatible; MJ12bot/v1.4.8; http://mj12bot.com/)" 
144.76.29.149 - - [22/Jun/2020:03:04:10 -0700] "GET /?q=%23%20%23Http://www.marigoldroma.com/&offset=300 HTTP/1.1" 200 7808 "-" "Mozilla/5.0 (compatible; MJ12bot/v1.4.8; http://mj12bot.com/)" 
144.76.29.149 - - [22/Jun/2020:03:04:13 -0700] "GET /?q=%23%20%23Http://www.marigoldroma.com/&offset=300&_t=rss HTTP/1.1" 200 4820 "-" "Mozilla/5.0 (compatible; MJ12bot/v1.4.8; http://mj12bot.com/)" 
192.99.13.186 - - [22/Jun/2020:03:04:19 -0700] "GET /?offset=70&_t=rss HTTP/1.1" 200 7845 "-" "Mozilla/5.0 (compatible; MJ12bot/v1.4.8; http://mj12bot.com/)" 
46.229.168.142 - - [22/Jun/2020:03:04:26 -0700] "GET /content/rsvp/?q=%23%2B%23latteriastudio HTTP/1.1" 200 8302 "-" "Mozilla/5.0 (compatible; SemrushBot/6~bl; +http://www.semrush.com/bot.html)" 
144.76.29.149 - - [22/Jun/2020:03:04:25 -0700] "GET /?q=%23%20%23WithKnown&_t=rss HTTP/1.1" 200 9756 "-" "Mozilla/5.0 (compatible; MJ12bot/v1.4.8; http://mj12bot.com/)" 
144.76.29.149 - - [22/Jun/2020:03:04:30 -0700] "GET /?q=%23%20%23WithKnown&offset=0&_t=rss HTTP/1.1" 200 9771 "-" "Mozilla/5.0 (compatible; MJ12bot/v1.4.8; http://mj12bot.com/)" 
144.76.29.149 - - [22/Jun/2020:03:04:35 -0700] "GET /?q=%23%20%23WithKnown&offset=15&_t=rss HTTP/1.1" 200 9285 "-" "Mozilla/5.0 (compatible; MJ12bot/v1.4.8; http://mj12bot.com/)" 
192.99.10.170 - - [22/Jun/2020:03:04:38 -0700] "GET /?offset=610&_t=rss HTTP/1.1" 200 7441 "-" "Mozilla/5.0 (compatible; MJ12bot/v1.4.8; http://mj12bot.com/)" 
144.76.29.149 - - [22/Jun/2020:03:04:42 -0700] "GET /?q=%23%20%23WithKnown&offset=20&_t=rss HTTP/1.1" 200 8455 "-" "Mozilla/5.0 (compatible; MJ12bot/v1.4.8; http://mj12bot.com/)" 
144.76.29.149 - - [22/Jun/2020:03:04:45 -0700] "GET /?q=%23%20%23WithKnown&offset=25&_t=rss HTTP/1.1" 200 8823 "-" "Mozilla/5.0 (compatible; MJ12bot/v1.4.8; http://mj12bot.com/)" 
144.76.29.149 - - [22/Jun/2020:03:04:50 -0700] "GET /?q=%23%20%23WithKnown&offset=30&_t=rss HTTP/1.1" 200 9479 "-" "Mozilla/5.0 (compatible; MJ12bot/v1.4.8; http://mj12bot.com/)" 
96.126.125.129 - - [22/Jun/2020:03:04:50 -0700] "GET /content/statusupdates/posts/photos/checkins/bookmarkedpages?_t=rss HTTP/1.1" 200 7427 "-" "Micro.blog/1.0" 
144.76.29.149 - - [22/Jun/2020:03:04:52 -0700] "GET /?q=%23%20%23WithKnown&offset=35&_t=rss HTTP/1.1" 200 7540 "-" "Mozilla/5.0 (compatible; MJ12bot/v1.4.8; http://mj12bot.com/)" 
144.76.29.149 - - [22/Jun/2020:03:04:59 -0700] "GET /?q=%23%20%23WithKnown&offset=40&_t=rss HTTP/1.1" 200 7302 "-" "Mozilla/5.0 (compatible; MJ12bot/v1.4.8; http://mj12bot.com/)" 
144.76.29.149 - - [22/Jun/2020:03:05:04 -0700] "GET /?q=%23%20%23WithKnown&offset=5&_t=rss HTTP/1.1" 200 6914 "-" "Mozilla/5.0 (compatible; MJ12bot/v1.4.8; http://mj12bot.com/)" 
40.77.167.148 - - [22/Jun/2020:03:05:06 -0700] "GET /file/9979db44db91266b9cc8067605f65749 HTTP/1.1" 304 4068 "-" "Mozilla/5.0 (compatible; bingbot/2.0; +http://www.bing.com/bingbot.htm)" 
144.76.29.149 - - [22/Jun/2020:03:05:10 -0700] "GET /?q=%23%20%23WithKnown&offset=50&_t=rss HTTP/1.1" 200 6650 "-" "Mozilla/5.0 (compatible; MJ12bot/v1.4.8; http://mj12bot.com/)" 
144.76.29.149 - - [22/Jun/2020:03:05:15 -0700] "GET /?q=%23%20%23bagels&_t=rss HTTP/1.1" 200 5862 "-" "Mozilla/5.0 (compatible; MJ12bot/v1.4.8; http://mj12bot.com/)" 
144.76.29.149 - - [22/Jun/2020:03:05:19 -0700] "GET /?q=%23%20%23bigbake&_t=rss HTTP/1.1" 200 4753 "-" "Mozilla/5.0 (compatible; MJ12bot/v1.4.8; http://mj12bot.com/)" 
144.76.29.149 - - [22/Jun/2020:03:05:26 -0700] "GET /?q=%23%20%23bread&offset=1&_t=rss HTTP/1.1" 200 8208 "-" "Mozilla/5.0 (compatible; MJ12bot/v1.4.8; http://mj12bot.com/)" 
144.76.29.149 - - [22/Jun/2020:03:05:29 -0700] "GET /?q=%23%20%23bread&offset=12&_t=rss HTTP/1.1" 200 8396 "-" "Mozilla/5.0 (compatible; MJ12bot/v1.4.8; http://mj12bot.com/)" 
144.76.29.149 - - [22/Jun/2020:03:05:33 -0700] "GET /?q=%23%20%23bread&offset=14&_t=rss HTTP/1.1" 200 8060 "-" "Mozilla/5.0 (compatible; MJ12bot/v1.4.8; http://mj12bot.com/)" 
192.99.10.170 - - [22/Jun/2020:03:05:34 -0700] "GET /?offset=620&_t=rss HTTP/1.1" 200 7178 "-" "Mozilla/5.0 (compatible; MJ12bot/v1.4.8; http://mj12bot.com/)" 
144.76.29.149 - - [22/Jun/2020:03:05:41 -0700] "GET /?q=%23%20%23bread&offset=16&_t=rss HTTP/1.1" 200 7819 "-" "Mozilla/5.0 (compatible; MJ12bot/v1.4.8; http://mj12bot.com/)" 
144.76.29.149 - - [22/Jun/2020:03:05:44 -0700] "GET /?q=%23%20%23bread&offset=17&_t=rss HTTP/1.1" 200 8011 "-" "Mozilla/5.0 (compatible; MJ12bot/v1.4.8; http://mj12bot.com/)" 
144.76.29.149 - - [22/Jun/2020:03:05:49 -0700] "GET /?q=%23%20%23bread&offset=2&_t=rss HTTP/1.1" 200 8051 "-" "Mozilla/5.0 (compatible; MJ12bot/v1.4.8; http://mj12bot.com/)" 
144.76.29.149 - - [22/Jun/2020:03:05:52 -0700] "GET /?q=%23%20%23bread&offset=22&_t=rss HTTP/1.1" 200 8324 "-" "Mozilla/5.0 (compatible; MJ12bot/v1.4.8; http://mj12bot.com/)" 
46.229.168.153 - - [22/Jun/2020:03:05:53 -0700] "GET /2017/pure-voodoo-what-did-not-work-a-couple-of-days HTTP/1.1" 200 9373 "-" "Mozilla/5.0 (compatible; SemrushBot/6~bl; +http://www.semrush.com/bot.html)" 
54.36.148.81 - - [22/Jun/2020:03:05:56 -0700] "GET /session/login HTTP/1.1" 200 8011 "-" "Mozilla/5.0 (compatible; AhrefsBot/6.1; +http://ahrefs.com/robot/)" 
144.76.29.149 - - [22/Jun/2020:03:05:56 -0700] "GET /?q=%23%20%23bread&offset=24&_t=rss HTTP/1.1" 200 8518 "-" "Mozilla/5.0 (compatible; MJ12bot/v1.4.8; http://mj12bot.com/)" 
46.229.168.153 - - [22/Jun/2020:03:06:03 -0700] "GET /content/statusupdates/?offset=16&q=%23%2B%23food HTTP/1.1" 200 8706 "-" "Mozilla/5.0 (compatible; SemrushBot/6~bl; +http://www.semrush.com/bot.html)" 
192.99.13.186 - - [22/Jun/2020:03:06:05 -0700] "GET /?offset=79&_t=rss HTTP/1.1" 200 7652 "-" "Mozilla/5.0 (compatible; MJ12bot/v1.4.8; http://mj12bot.com/)" 
46.229.168.146 - - [22/Jun/2020:03:06:15 -0700] "GET /2018/tummling-sidewiki-twitter-and-the-tragedy-of-the-comments-revisited HTTP/1.1" 200 10109 "-" "Mozilla/5.0 (compatible; SemrushBot/6~bl; +http://www.semrush.com/bot.html)" 
192.99.10.170 - - [22/Jun/2020:03:06:18 -0700] "GET /?offset=630&_t=rss HTTP/1.1" 200 7470 "-" "Mozilla/5.0 (compatible; MJ12bot/v1.4.8; http://mj12bot.com/)" 
46.229.168.145 - - [22/Jun/2020:03:06:20 -0700] "GET /tag/WithKnown?offset=35 HTTP/1.1" 200 11531 "-" "Mozilla/5.0 (compatible; SemrushBot/6~bl; +http://www.semrush.com/bot.html)" 
66.249.66.48 - - [22/Jun/2020:03:06:21 -0700] "GET /robots.txt HTTP/1.1" 200 4857 "-" "Mozilla/5.0 (compatible; Googlebot/2.1; +http://www.google.com/bot.html)" 
66.249.66.48 - - [22/Jun/2020:03:06:21 -0700] "GET /content/rsvp/?q=%23hearsay17&_t=rss HTTP/1.1" 200 1680 "-" "Mozilla/5.0 (Linux; Android 6.0.1; Nexus 5X Build/MMB29P) AppleWebKit/537.36 (KHTML, like Gecko) Chrome/80.0.3987.92 Mobile Safari/537.36 (compatible; Googlebot/2.1; +http://www.google.com/bot.html)" 
192.99.13.186 - - [22/Jun/2020:03:06:45 -0700] "GET /?offset=80&_t=rss HTTP/1.1" 200 7541 "-" "Mozilla/5.0 (compatible; MJ12bot/v1.4.8; http://mj12bot.com/)" 
66.249.92.45 - - [22/Jun/2020:03:07:38 -0700] "GET /2018/whats-the-problem HTTP/1.1" 200 11198 "-" "Mozilla/5.0 (compatible; GoogleDocs; apps-spreadsheets; +http://docs.google.com)" 
46.229.168.129 - - [22/Jun/2020:03:08:02 -0700] "GET /tag/podcast?offset=50 HTTP/1.1" 200 12204 "-" "Mozilla/5.0 (compatible; SemrushBot/6~bl; +http://www.semrush.com/bot.html)" 
46.229.168.136 - - [22/Jun/2020:03:08:05 -0700] "GET /file/bc50ada3789be71ffd3711d31a012bb9/ea6f57fb27f559341c95b2d046ea4c17 HTTP/1.1" 200 224356 "-" "Mozilla/5.0 (compatible; SemrushBot/6~bl; +http://www.semrush.com/bot.html)" 
46.229.168.129 - - [22/Jun/2020:03:08:36 -0700] "GET /2018/brrr HTTP/1.1" 200 12511 "-" "Mozilla/5.0 (compatible; SemrushBot/6~bl; +http://www.semrush.com/bot.html)" 
192.99.13.186 - - [22/Jun/2020:03:08:55 -0700] "GET /?offset=89&_t=rss HTTP/1.1" 200 7539 "-" "Mozilla/5.0 (compatible; MJ12bot/v1.4.8; http://mj12bot.com/)" 
46.229.168.136 - - [22/Jun/2020:03:09:08 -0700] "GET /tag/indieweb?offset=86 HTTP/1.1" 200 15471 "-" "Mozilla/5.0 (compatible; SemrushBot/6~bl; +http://www.semrush.com/bot.html)" 
192.99.13.186 - - [22/Jun/2020:03:09:23 -0700] "GET /?offset=9&_t=rss HTTP/1.1" 200 7235 "-" "Mozilla/5.0 (compatible; MJ12bot/v1.4.8; http://mj12bot.com/)" 
192.99.10.170 - - [22/Jun/2020:03:09:27 -0700] "GET /?offset=70&_t=rss HTTP/1.1" 200 7845 "-" "Mozilla/5.0 (compatible; MJ12bot/v1.4.8; http://mj12bot.com/)" 
46.229.168.147 - - [22/Jun/2020:03:09:39 -0700] "GET /content/locations/?q=%23%2B%23latteriastudio HTTP/1.1" 200 8336 "-" "Mozilla/5.0 (compatible; SemrushBot/6~bl; +http://www.semrush.com/bot.html)" 
192.99.13.186 - - [22/Jun/2020:03:09:50 -0700] "GET /?offset=90&_t=rss HTTP/1.1" 200 7464 "-" "Mozilla/5.0 (compatible; MJ12bot/v1.4.8; http://mj12bot.com/)" 
64.111.100.215 - - [22/Jun/2020:03:10:30 -0700] "GET /content/all?_t=rss HTTP/1.1" 200 13896 "-" "Mozilla/5.0 (X11; U; Linux i686; fr; rv:1.9.1.1) Gecko/20090715 Firefox/3.5.1" 
54.175.223.82 - - [22/Jun/2020:03:10:33 -0700] "GET /?_t=rss HTTP/1.1" 200 7182 "-" "glitch-feeder/1.0 (+https://glitch.com/~lmo-feeder)" 
192.99.13.186 - - [22/Jun/2020:03:10:55 -0700] "GET /?q=%23%20%23%23bread&offset=0&_t=rss HTTP/1.1" 200 7907 "-" "Mozilla/5.0 (compatible; MJ12bot/v1.4.8; http://mj12bot.com/)" 
54.36.148.201 - - [22/Jun/2020:03:11:18 -0700] "GET /?q=%23leaven&offset=10 HTTP/1.1" 200 8745 "-" "Mozilla/5.0 (compatible; AhrefsBot/6.1; +http://ahrefs.com/robot/)" 
192.99.13.186 - - [22/Jun/2020:03:11:36 -0700] "GET /?q=%23%20%23%23bread&offset=10&_t=rss HTTP/1.1" 200 8690 "-" "Mozilla/5.0 (compatible; MJ12bot/v1.4.8; http://mj12bot.com/)" 
45.79.26.51 - - [22/Jun/2020:03:11:50 -0700] "GET /content/statusupdates/posts/photos/checkins/bookmarkedpages?_t=rss HTTP/1.1" 200 7422 "-" "Micro.blog/1.0" 
46.229.168.136 - - [22/Jun/2020:03:11:56 -0700] "GET /?offset=49&q=%23podcast HTTP/1.1" 200 12488 "-" "Mozilla/5.0 (compatible; SemrushBot/6~bl; +http://www.semrush.com/bot.html)" 
46.229.168.150 - - [22/Jun/2020:03:12:13 -0700] "GET /2018/checked-into-citta-di-pisino/annotations/3c7e4aa1f0c88e00e677bc9901380000 HTTP/1.1" 200 8286 "-" "Mozilla/5.0 (compatible; SemrushBot/6~bl; +http://www.semrush.com/bot.html)" 
192.99.10.170 - - [22/Jun/2020:03:12:18 -0700] "GET /?offset=79&_t=rss HTTP/1.1" 200 7652 "-" "Mozilla/5.0 (compatible; MJ12bot/v1.4.8; http://mj12bot.com/)" 
192.99.13.186 - - [22/Jun/2020:03:12:40 -0700] "GET /?q=%23%20%23%23bread&offset=16&_t=rss HTTP/1.1" 200 7824 "-" "Mozilla/5.0 (compatible; MJ12bot/v1.4.8; http://mj12bot.com/)" 
46.229.168.141 - - [22/Jun/2020:03:12:50 -0700] "GET /2018/our-daily-bread-10---dwarf-wheat-on-the-shoulders HTTP/1.1" 200 9799 "-" "Mozilla/5.0 (compatible; SemrushBot/6~bl; +http://www.semrush.com/bot.html)" 
54.36.149.36 - - [22/Jun/2020:03:12:53 -0700] "GET /file/e978b8984b8f6456042b7d892b4e05f1/0ab021d692e10f21b7ddce15d89b5886 HTTP/1.1" 500 131600 "-" "Mozilla/5.0 (compatible; AhrefsBot/6.1; +http://ahrefs.com/robot/)" 
192.99.10.170 - - [22/Jun/2020:03:13:02 -0700] "GET /?offset=80&_t=rss HTTP/1.1" 200 7541 "-" "Mozilla/5.0 (compatible; MJ12bot/v1.4.8; http://mj12bot.com/)" 
192.99.13.186 - - [22/Jun/2020:03:13:29 -0700] "GET /?q=%23%20%23%23bread&offset=20&_t=rss HTTP/1.1" 200 7951 "-" "Mozilla/5.0 (compatible; MJ12bot/v1.4.8; http://mj12bot.com/)" 
192.99.13.186 - - [22/Jun/2020:03:14:21 -0700] "GET /?q=%23%20%23%23bread&offset=26&_t=rss HTTP/1.1" 200 8829 "-" "Mozilla/5.0 (compatible; MJ12bot/v1.4.8; http://mj12bot.com/)" 
46.229.168.140 - - [22/Jun/2020:03:14:26 -0700] "GET /content/statusupdates/?q=%23%2B%23e HTTP/1.1" 200 8286 "-" "Mozilla/5.0 (compatible; SemrushBot/6~bl; +http://www.semrush.com/bot.html)" 
192.99.13.186 - - [22/Jun/2020:03:14:28 -0700] "GET /?q=%23%20%23%23bread&offset=30&_t=rss HTTP/1.1" 200 8756 "-" "Mozilla/5.0 (compatible; MJ12bot/v1.4.8; http://mj12bot.com/)" 
96.126.125.129 - - [22/Jun/2020:03:15:13 -0700] "GET /content/statusupdates/posts/photos/checkins/bookmarkedpages?_t=rss HTTP/1.1" 200 7427 "-" "Micro.blog/1.0" 
46.229.168.141 - - [22/Jun/2020:03:15:29 -0700] "GET /content/photos?offset=120 HTTP/1.1" 200 10676 "-" "Mozilla/5.0 (compatible; SemrushBot/6~bl; +http://www.semrush.com/bot.html)" 
54.36.148.201 - - [22/Jun/2020:03:16:18 -0700] "GET /content/photos/?q=%23+%23%23bread&offset=17 HTTP/1.1" 200 12365 "-" "Mozilla/5.0 (compatible; AhrefsBot/6.1; +http://ahrefs.com/robot/)" 
192.99.10.170 - - [22/Jun/2020:03:16:18 -0700] "GET /?offset=89&_t=rss HTTP/1.1" 200 7539 "-" "Mozilla/5.0 (compatible; MJ12bot/v1.4.8; http://mj12bot.com/)" 
82.34.95.106 - - [22/Jun/2020:03:16:29 -0700] "GET /file/ef801e05730eba56004c5b712ad84731/thumb.jpg HTTP/1.1" 200 26439 "https://blog.vanessahamshere.uk/" "Mozilla/5.0 (iPhone; CPU iPhone OS 13_5_1 like Mac OS X) AppleWebKit/605.1.15 (KHTML, like Gecko) Version/13.1.1 Mobile/15E148 Safari/604.1" 
192.99.10.170 - - [22/Jun/2020:03:16:52 -0700] "GET /?offset=9&_t=rss HTTP/1.1" 200 7235 "-" "Mozilla/5.0 (compatible; MJ12bot/v1.4.8; http://mj12bot.com/)" 
192.99.10.170 - - [22/Jun/2020:03:17:16 -0700] "GET /?offset=90&_t=rss HTTP/1.1" 200 7464 "-" "Mozilla/5.0 (compatible; MJ12bot/v1.4.8; http://mj12bot.com/)" 
46.229.168.134 - - [22/Jun/2020:03:17:25 -0700] "GET /2019/sebastiaan-has-made-fantastic-progress-towards-indiewebified HTTP/1.1" 200 9419 "-" "Mozilla/5.0 (compatible; SemrushBot/6~bl; +http://www.semrush.com/bot.html)" 
54.36.148.129 - - [22/Jun/2020:03:18:02 -0700] "GET /content/photos/?q=%23bread&offset=17 HTTP/1.1" 200 12347 "-" "Mozilla/5.0 (compatible; AhrefsBot/6.1; +http://ahrefs.com/robot/)" 
192.99.10.170 - - [22/Jun/2020:03:18:31 -0700] "GET /?q=%23%20%23%23bread&offset=0&_t=rss HTTP/1.1" 200 7907 "-" "Mozilla/5.0 (compatible; MJ12bot/v1.4.8; http://mj12bot.com/)" 
96.126.125.129 - - [22/Jun/2020:03:18:34 -0700] "GET /content/statusupdates/posts/photos/checkins/bookmarkedpages?_t=rss HTTP/1.1" 200 7427 "-" "Micro.blog/1.0" 
192.99.10.170 - - [22/Jun/2020:03:19:07 -0700] "GET /?q=%23%20%23%23bread&offset=10&_t=rss HTTP/1.1" 200 8690 "-" "Mozilla/5.0 (compatible; MJ12bot/v1.4.8; http://mj12bot.com/)" 
54.36.148.81 - - [22/Jun/2020:03:19:59 -0700] "GET /2020/this-morning-twitter-kissed-culture-hard-on-the-mouth-cultureby HTTP/1.1" 200 9536 "-" "Mozilla/5.0 (compatible; AhrefsBot/6.1; +http://ahrefs.com/robot/)" 
192.99.10.170 - - [22/Jun/2020:03:20:07 -0700] "GET /?q=%23%20%23%23bread&offset=16&_t=rss HTTP/1.1" 200 7824 "-" "Mozilla/5.0 (compatible; MJ12bot/v1.4.8; http://mj12bot.com/)" 
192.99.10.170 - - [22/Jun/2020:03:20:49 -0700] "GET /?q=%23%20%23%23bread&offset=20&_t=rss HTTP/1.1" 200 7951 "-" "Mozilla/5.0 (compatible; MJ12bot/v1.4.8; http://mj12bot.com/)" 
85.208.96.71 - - [22/Jun/2020:03:20:54 -0700] "GET /2020/and-what-you-learned-yesterday-i-learn HTTP/1.1" 200 9360 "-" "Mozilla/5.0 (compatible; SemrushBot/1.0~bm; +http://www.semrush.com/bot.html)" 
54.36.148.81 - - [22/Jun/2020:03:21:50 -0700] "GET /2020/tim-harford-article-ten-years-of-social-media-have-left HTTP/1.1" 200 9597 "-" "Mozilla/5.0 (compatible; AhrefsBot/6.1; +http://ahrefs.com/robot/)" 
192.99.10.170 - - [22/Jun/2020:03:22:08 -0700] "GET /?q=%23%20%23%23bread&offset=26&_t=rss HTTP/1.1" 200 8829 "-" "Mozilla/5.0 (compatible; MJ12bot/v1.4.8; http://mj12bot.com/)" 
192.99.10.170 - - [22/Jun/2020:03:22:23 -0700] "GET /?q=%23%20%23%23bread&offset=30&_t=rss HTTP/1.1" 200 8756 "-" "Mozilla/5.0 (compatible; MJ12bot/v1.4.8; http://mj12bot.com/)" 
46.229.168.148 - - [22/Jun/2020:03:23:15 -0700] "GET /?offset=133&q=%23indieweb HTTP/1.1" 200 12449 "-" "Mozilla/5.0 (compatible; SemrushBot/6~bl; +http://www.semrush.com/bot.html)" 
54.36.148.82 - - [22/Jun/2020:03:23:33 -0700] "GET /2017/this-is-all-a-bit-tense-but-with-any-luck HTTP/1.1" 200 9775 "-" "Mozilla/5.0 (compatible; AhrefsBot/6.1; +http://ahrefs.com/robot/)" 
46.229.168.145 - - [22/Jun/2020:03:23:49 -0700] "GET /tag/+%23food HTTP/1.1" 200 12330 "-" "Mozilla/5.0 (compatible; SemrushBot/6~bl; +http://www.semrush.com/bot.html)" 
46.229.168.143 - - [22/Jun/2020:03:24:19 -0700] "GET /tag/leaven?offset=10 HTTP/1.1" 200 8719 "-" "Mozilla/5.0 (compatible; SemrushBot/6~bl; +http://www.semrush.com/bot.html)" 
46.229.168.131 - - [22/Jun/2020:03:24:19 -0700] "GET /?offset=0&q=%23%2B%23WithKnown HTTP/1.1" 200 14390 "-" "Mozilla/5.0 (compatible; SemrushBot/6~bl; +http://www.semrush.com/bot.html)" 
45.79.26.51 - - [22/Jun/2020:03:25:27 -0700] "GET /content/statusupdates/posts/photos/checkins/bookmarkedpages?_t=rss HTTP/1.1" 200 7422 "-" "Micro.blog/1.0" 
167.99.111.28 - - [22/Jun/2020:03:25:43 -0700] "GET /?_t=rss HTTP/1.1" 304 3495 "-" "Feedbin feed-id:1536727 - 1 subscribers" 
64.111.100.215 - - [22/Jun/2020:03:25:49 -0700] "GET /content/all?_t=rss HTTP/1.1" 200 13896 "-" "Mozilla/5.0 (X11; U; Linux i686; fr; rv:1.9.1.1) Gecko/20090715 Firefox/3.5.1" 
46.229.168.132 - - [22/Jun/2020:03:27:06 -0700] "GET /content/all/?offset=92&q=%23%2B%23IndieWeb HTTP/1.1" 200 15445 "-" "Mozilla/5.0 (compatible; SemrushBot/6~bl; +http://www.semrush.com/bot.html)" 
54.36.148.81 - - [22/Jun/2020:03:27:17 -0700] "GET /content/statusupdates/?q=%23+%23%23indieweb HTTP/1.1" 200 11771 "-" "Mozilla/5.0 (compatible; AhrefsBot/6.1; +http://ahrefs.com/robot/)" 
66.249.92.45 - - [22/Jun/2020:03:27:39 -0700] "GET /2018/whats-the-problem HTTP/1.1" 200 11198 "-" "Mozilla/5.0 (compatible; GoogleDocs; apps-spreadsheets; +http://docs.google.com)" 
45.79.26.51 - - [22/Jun/2020:03:28:33 -0700] "GET /content/statusupdates/posts/photos/checkins/bookmarkedpages?_t=rss HTTP/1.1" 200 7422 "-" "Micro.blog/1.0" 
46.229.168.151 - - [22/Jun/2020:03:28:34 -0700] "GET /2019/-5 HTTP/1.1" 200 9501 "-" "Mozilla/5.0 (compatible; SemrushBot/6~bl; +http://www.semrush.com/bot.html)" 
46.229.168.146 - - [22/Jun/2020:03:28:37 -0700] "GET /?offset=0&q=%23%2B%23photo HTTP/1.1" 200 12655 "-" "Mozilla/5.0 (compatible; SemrushBot/6~bl; +http://www.semrush.com/bot.html)" 
46.229.168.137 - - [22/Jun/2020:03:28:39 -0700] "GET /?offset=24&q=%23%2B%23food HTTP/1.1" 200 12969 "-" "Mozilla/5.0 (compatible; SemrushBot/6~bl; +http://www.semrush.com/bot.html)" 
46.229.168.150 - - [22/Jun/2020:03:29:22 -0700] "GET /2019/yum HTTP/1.1" 200 14175 "-" "Mozilla/5.0 (compatible; SemrushBot/6~bl; +http://www.semrush.com/bot.html)" 
46.229.168.154 - - [22/Jun/2020:03:29:26 -0700] "GET /2017/i-cannot-believe-this-actually-worked-thanks-kenalbala-all-will HTTP/1.1" 200 9863 "-" "Mozilla/5.0 (compatible; SemrushBot/6~bl; +http://www.semrush.com/bot.html)" 
46.229.168.134 - - [22/Jun/2020:03:31:03 -0700] "GET /2019/this-is-exciting-the-first-ever-print-issue-from-bread-magazinecom HTTP/1.1" 200 14595 "-" "Mozilla/5.0 (compatible; SemrushBot/6~bl; +http://www.semrush.com/bot.html)" 
207.46.13.166 - - [22/Jun/2020:03:31:20 -0700] "GET /?q=%23non HTTP/1.1" 200 8819 "-" "Mozilla/5.0 (compatible; bingbot/2.0; +http://www.bing.com/bingbot.htm)" 
207.46.13.166 - - [22/Jun/2020:03:31:45 -0700] "GET /file/8da41c944354f525cb39772e2e8eab6f/514ca5959901eab9705d282440b6b832 HTTP/1.1" 200 173271 "-" "Mozilla/5.0 (compatible; bingbot/2.0; +http://www.bing.com/bingbot.htm)" 
46.229.168.142 - - [22/Jun/2020:03:31:55 -0700] "GET /content/photos/?q=%23%2B%238482 HTTP/1.1" 200 9398 "-" "Mozilla/5.0 (compatible; SemrushBot/6~bl; +http://www.semrush.com/bot.html)" 
46.229.168.151 - - [22/Jun/2020:03:32:12 -0700] "GET /tag/IndieWeb?offset=117 HTTP/1.1" 200 12177 "-" "Mozilla/5.0 (compatible; SemrushBot/6~bl; +http://www.semrush.com/bot.html)" 
46.229.168.151 - - [22/Jun/2020:03:32:40 -0700] "GET /content/all/?q=%23changingglobaldiets HTTP/1.1" 200 8926 "-" "Mozilla/5.0 (compatible; SemrushBot/6~bl; +http://www.semrush.com/bot.html)" 
96.126.125.129 - - [22/Jun/2020:03:33:28 -0700] "GET /content/statusupdates/posts/photos/checkins/bookmarkedpages?_t=rss HTTP/1.1" 200 7427 "-" "Micro.blog/1.0" 
46.229.168.144 - - [22/Jun/2020:03:33:32 -0700] "GET /content/events/?q=%23%2B%23podcast HTTP/1.1" 200 8316 "-" "Mozilla/5.0 (compatible; SemrushBot/6~bl; +http://www.semrush.com/bot.html)" 
46.229.168.148 - - [22/Jun/2020:03:34:34 -0700] "GET /?offset=45&q=%23%2B%23podcast HTTP/1.1" 200 13358 "-" "Mozilla/5.0 (compatible; SemrushBot/6~bl; +http://www.semrush.com/bot.html)" 
46.229.168.142 - - [22/Jun/2020:03:34:51 -0700] "GET /content/all/?q=%23bread HTTP/1.1" 200 12142 "-" "Mozilla/5.0 (compatible; SemrushBot/6~bl; +http://www.semrush.com/bot.html)" 
3.88.242.229 - - [22/Jun/2020:03:34:54 -0700] "GET /profile/jeremy?offset=10&_t=rss HTTP/1.1" 304 3485 "https://www.google.com/" "Mozilla/5.0 (X11; Linux x86_64) AppleWebKit/537.36 (KHTML, like Gecko) Chrome/80.0.3987.149 Safari/537.36" 
46.229.168.143 - - [22/Jun/2020:03:35:07 -0700] "GET /content/posts/?q=%23igbreadclub HTTP/1.1" 200 8282 "-" "Mozilla/5.0 (compatible; SemrushBot/6~bl; +http://www.semrush.com/bot.html)" 
54.36.148.47 - - [22/Jun/2020:03:35:45 -0700] "GET /2018/vincentlistens-i-may-be-missing-something-subtle/annotations/98df447fbfa70e0b718eeaa567d3402a HTTP/1.1" 200 8045 "-" "Mozilla/5.0 (compatible; AhrefsBot/6.1; +http://ahrefs.com/robot/)" 
46.229.168.138 - - [22/Jun/2020:03:37:51 -0700] "GET /content/photos/?offset=10&q=%23%2B%23sourdough HTTP/1.1" 200 12201 "-" "Mozilla/5.0 (compatible; SemrushBot/6~bl; +http://www.semrush.com/bot.html)" 
46.229.168.145 - - [22/Jun/2020:03:37:58 -0700] "GET /file/204ae52c0682674ff4e62c9bbfe5c8b8/ffb9b20148291c39eaf619f47ee43697 HTTP/1.1" 200 113884 "-" "Mozilla/5.0 (compatible; SemrushBot/6~bl; +http://www.semrush.com/bot.html)" 
54.36.148.25 - - [22/Jun/2020:03:38:19 -0700] "GET /content/posts/?q=%23known&offset=10 HTTP/1.1" 200 12697 "-" "Mozilla/5.0 (compatible; AhrefsBot/6.1; +http://ahrefs.com/robot/)" 
96.126.125.129 - - [22/Jun/2020:03:38:31 -0700] "GET /content/statusupdates/posts/photos/checkins/bookmarkedpages?_t=rss HTTP/1.1" 200 7427 "-" "Micro.blog/1.0" 
46.229.168.129 - - [22/Jun/2020:03:38:42 -0700] "GET /content/all/?offset=132&q=%23indieweb HTTP/1.1" 200 12673 "-" "Mozilla/5.0 (compatible; SemrushBot/6~bl; +http://www.semrush.com/bot.html)" 
46.229.168.133 - - [22/Jun/2020:03:39:23 -0700] "GET /content/bookmarkedpages/?q=%23%2B%23indieweb HTTP/1.1" 200 10929 "-" "Mozilla/5.0 (compatible; SemrushBot/6~bl; +http://www.semrush.com/bot.html)" 
46.229.168.140 - - [22/Jun/2020:03:39:42 -0700] "GET /content/photos/?offset=65&q=%23%2B%23%23bread HTTP/1.1" 200 9656 "-" "Mozilla/5.0 (compatible; SemrushBot/6~bl; +http://www.semrush.com/bot.html)" 
46.229.168.132 - - [22/Jun/2020:03:40:28 -0700] "GET /2019/just-looking-i-promise HTTP/1.1" 200 13168 "-" "Mozilla/5.0 (compatible; SemrushBot/6~bl; +http://www.semrush.com/bot.html)" 
64.111.100.215 - - [22/Jun/2020:03:41:07 -0700] "GET /content/all?_t=rss HTTP/1.1" 200 13896 "-" "Mozilla/5.0 (X11; U; Linux i686; fr; rv:1.9.1.1) Gecko/20090715 Firefox/3.5.1" 
46.229.168.132 - - [22/Jun/2020:03:41:48 -0700] "GET /2019/last-nights-tripe-rather-good HTTP/1.1" 200 12141 "-" "Mozilla/5.0 (compatible; SemrushBot/6~bl; +http://www.semrush.com/bot.html)" 
54.36.148.167 - - [22/Jun/2020:03:42:03 -0700] "GET /2019/eat-this-newsletter-115-is-up-full HTTP/1.1" 200 10225 "-" "Mozilla/5.0 (compatible; AhrefsBot/6.1; +http://ahrefs.com/robot/)" 
46.229.168.135 - - [22/Jun/2020:03:42:03 -0700] "GET /tag/+%23Hearsay19 HTTP/1.1" 200 8257 "-" "Mozilla/5.0 (compatible; SemrushBot/6~bl; +http://www.semrush.com/bot.html)" 
45.79.26.51 - - [22/Jun/2020:03:42:38 -0700] "GET /content/statusupdates/posts/photos/checkins/bookmarkedpages?_t=rss HTTP/1.1" 200 7422 "-" "Micro.blog/1.0" 
46.229.168.162 - - [22/Jun/2020:03:43:12 -0700] "GET /tag/IndieWeb?offset=10 HTTP/1.1" 200 11570 "-" "Mozilla/5.0 (compatible; SemrushBot/6~bl; +http://www.semrush.com/bot.html)" 
46.229.168.147 - - [22/Jun/2020:03:43:29 -0700] "GET /?offset=66&q=%23%2B%23bread HTTP/1.1" 200 12123 "-" "Mozilla/5.0 (compatible; SemrushBot/6~bl; +http://www.semrush.com/bot.html)" 
204.122.16.6 - - [22/Jun/2020:03:43:51 -0700] "GET /robots.txt HTTP/1.1" 200 4276 "-" "yacybot (/global; amd64 Linux 5.7.4; java 1.8.0_201; America/en) http://yacy.net/bot.html" 
54.36.148.105 - - [22/Jun/2020:03:43:56 -0700] "GET /content/bookmarkedpages/?q=%23+%23%23indieweb HTTP/1.1" 200 10888 "-" "Mozilla/5.0 (compatible; AhrefsBot/6.1; +http://ahrefs.com/robot/)" 
66.249.66.48 - - [22/Jun/2020:03:44:05 -0700] "GET /robots.txt HTTP/1.1" 200 4881 "-" "Mozilla/5.0 (compatible; Googlebot/2.1; +http://www.google.com/bot.html)" 
66.249.66.48 - - [22/Jun/2020:03:44:05 -0700] "GET /2019/sebastiaan-has-made-fantastic-progress-towards-indiewebified HTTP/1.1" 200 6371 "-" "Mozilla/5.0 (Linux; Android 6.0.1; Nexus 5X Build/MMB29P) AppleWebKit/537.36 (KHTML, like Gecko) Chrome/80.0.3987.92 Mobile Safari/537.36 (compatible; Googlebot/2.1; +http://www.google.com/bot.html)" 
46.229.168.147 - - [22/Jun/2020:03:44:21 -0700] "GET /tag/indieweb?offset=56 HTTP/1.1" 200 12929 "-" "Mozilla/5.0 (compatible; SemrushBot/6~bl; +http://www.semrush.com/bot.html)" 
46.229.168.143 - - [22/Jun/2020:03:44:27 -0700] "GET /?offset=71&q=%23%2B%23bread HTTP/1.1" 200 11774 "-" "Mozilla/5.0 (compatible; SemrushBot/6~bl; +http://www.semrush.com/bot.html)" 
46.229.168.146 - - [22/Jun/2020:03:44:49 -0700] "GET /2019/festivus-for-the-rest-of-us-hot-pod-news HTTP/1.1" 200 9345 "-" "Mozilla/5.0 (compatible; SemrushBot/6~bl; +http://www.semrush.com/bot.html)" 
54.36.148.239 - - [22/Jun/2020:03:45:41 -0700] "GET /2018/201805cooking-in-a-bedsitterhtml HTTP/1.1" 200 9405 "-" "Mozilla/5.0 (compatible; AhrefsBot/6.1; +http://ahrefs.com/robot/)" 
46.229.168.147 - - [22/Jun/2020:03:45:44 -0700] "GET /content/bookmarkedpages?offset=200 HTTP/1.1" 200 10846 "-" "Mozilla/5.0 (compatible; SemrushBot/6~bl; +http://www.semrush.com/bot.html)" 
46.229.168.153 - - [22/Jun/2020:03:45:58 -0700] "GET /2019/why-you-should-start-a-blog-in-2019 HTTP/1.1" 200 9363 "-" "Mozilla/5.0 (compatible; SemrushBot/6~bl; +http://www.semrush.com/bot.html)" 
46.229.168.135 - - [22/Jun/2020:03:46:42 -0700] "GET /?offset=110&q=%23IndieWeb HTTP/1.1" 200 12393 "-" "Mozilla/5.0 (compatible; SemrushBot/6~bl; +http://www.semrush.com/bot.html)" 
46.229.168.161 - - [22/Jun/2020:03:46:59 -0700] "GET /content/all/?offset=61&q=%23bread HTTP/1.1" 200 11961 "-" "Mozilla/5.0 (compatible; SemrushBot/6~bl; +http://www.semrush.com/bot.html)" 
54.36.148.81 - - [22/Jun/2020:03:47:31 -0700] "GET /content/statusupdates/?q=%23indieweb HTTP/1.1" 200 11808 "-" "Mozilla/5.0 (compatible; AhrefsBot/6.1; +http://ahrefs.com/robot/)" 
66.249.92.47 - - [22/Jun/2020:03:47:39 -0700] "GET /2018/whats-the-problem HTTP/1.1" 200 11196 "-" "Mozilla/5.0 (compatible; GoogleDocs; apps-spreadsheets; +http://docs.google.com)" 
45.79.26.51 - - [22/Jun/2020:03:47:50 -0700] "GET /content/statusupdates/posts/photos/checkins/bookmarkedpages?_t=rss HTTP/1.1" 200 7422 "-" "Micro.blog/1.0" 
207.5.160.195 - - [22/Jun/2020:03:48:09 -0700] "GET /robots.txt HTTP/1.0" 200 4382 "-" "WF search/Nutch-1.12" 
207.5.160.195 - - [22/Jun/2020:03:48:09 -0700] "GET /service/web/imageproxy/aHR0cHM6Ly9wYnMudHdpbWcuY29tL3Byb2ZpbGVfaW1hZ2VzLzExMDI3NDA1NzQyNjY4OTYzODkvUVpVTEdyT3ouanBn/300/square HTTP/1.0" 200 24866 "-" "WF search/Nutch-1.12" 
46.229.168.148 - - [22/Jun/2020:03:48:11 -0700] "GET /content/all/?offset=25&q=%23%2B%23WithKnown HTTP/1.1" 200 12839 "-" "Mozilla/5.0 (compatible; SemrushBot/6~bl; +http://www.semrush.com/bot.html)" 
46.229.168.133 - - [22/Jun/2020:03:48:23 -0700] "GET /2020/as-a-gardener-myself-albeit-without-an HTTP/1.1" 200 9482 "-" "Mozilla/5.0 (compatible; SemrushBot/6~bl; +http://www.semrush.com/bot.html)" 
46.229.168.154 - - [22/Jun/2020:03:49:09 -0700] "GET /content/events/?q=%23%2B%23realbread HTTP/1.1" 200 8295 "-" "Mozilla/5.0 (compatible; SemrushBot/6~bl; +http://www.semrush.com/bot.html)" 
54.36.148.201 - - [22/Jun/2020:03:49:09 -0700] "GET /content/bookmarkedpages/?q=%23indieweb HTTP/1.1" 200 10918 "-" "Mozilla/5.0 (compatible; AhrefsBot/6.1; +http://ahrefs.com/robot/)" 
46.229.168.134 - - [22/Jun/2020:03:49:13 -0700] "GET /?offset=31&q=%23%2B%23bread HTTP/1.1" 200 12555 "-" "Mozilla/5.0 (compatible; SemrushBot/6~bl; +http://www.semrush.com/bot.html)" 
46.229.168.146 - - [22/Jun/2020:03:49:17 -0700] "GET /content/statusupdates/?offset=0&q=%23WithKnown HTTP/1.1" 200 11331 "-" "Mozilla/5.0 (compatible; SemrushBot/6~bl; +http://www.semrush.com/bot.html)" 
46.229.168.134 - - [22/Jun/2020:03:50:10 -0700] "GET /content/posts/?offset=2&q=%23%2B%23WithKnown HTTP/1.1" 200 15108 "-" "Mozilla/5.0 (compatible; SemrushBot/6~bl; +http://www.semrush.com/bot.html)" 
46.229.168.129 - - [22/Jun/2020:03:51:57 -0700] "GET /content/rsvp/?q=%23Fiction HTTP/1.1" 200 8304 "-" "Mozilla/5.0 (compatible; SemrushBot/6~bl; +http://www.semrush.com/bot.html)" 
46.229.168.137 - - [22/Jun/2020:03:52:00 -0700] "GET /content/all/?offset=25&q=%23%2B%23sourdough HTTP/1.1" 200 11436 "-" "Mozilla/5.0 (compatible; SemrushBot/6~bl; +http://www.semrush.com/bot.html)" 
96.126.125.129 - - [22/Jun/2020:03:52:15 -0700] "GET /content/statusupdates/posts/photos/checkins/bookmarkedpages?_t=rss HTTP/1.1" 200 7427 "-" "Micro.blog/1.0" 
46.229.168.141 - - [22/Jun/2020:03:52:16 -0700] "GET /2017/on-your-own-site-you-can-at-least-distinguish-between HTTP/1.1" 200 9435 "-" "Mozilla/5.0 (compatible; SemrushBot/6~bl; +http://www.semrush.com/bot.html)" 
54.36.148.201 - - [22/Jun/2020:03:52:41 -0700] "GET /2018/a-little-problem-with-knowns-micropub-endpoint HTTP/1.1" 200 11933 "-" "Mozilla/5.0 (compatible; AhrefsBot/6.1; +http://ahrefs.com/robot/)" 
17.58.102.79 - - [22/Jun/2020:03:53:46 -0700] "GET /content/audio/ HTTP/1.1" 200 10399 "-" "Mozilla/5.0 (Macintosh; Intel Mac OS X 10_15_5) AppleWebKit/605.1.15 (KHTML, like Gecko) Version/13.1.1 Safari/605.1.15 (Applebot/0.1; +http://www.apple.com/go/applebot)" 
46.229.168.148 - - [22/Jun/2020:03:54:17 -0700] "GET /2018/i-feed-withknown-into-microblog-and-posse HTTP/1.1" 200 10173 "-" "Mozilla/5.0 (compatible; SemrushBot/6~bl; +http://www.semrush.com/bot.html)" 
54.36.148.81 - - [22/Jun/2020:03:54:37 -0700] "GET /content/bookmarkedpages/?q=%23+%23%23indieweb HTTP/1.1" 200 10936 "-" "Mozilla/5.0 (compatible; AhrefsBot/6.1; +http://ahrefs.com/robot/)" 
157.55.39.4 - - [22/Jun/2020:03:54:39 -0700] "GET /tag/+%23Non-fiction HTTP/1.1" 200 11333 "-" "Mozilla/5.0 (compatible; bingbot/2.0; +http://www.bing.com/bingbot.htm)" 
