46.229.168.146 - - [14/Jun/2020:06:46:00 -0700] "GET /2018/a-little-problem-with-knowns-micropub-endpoint HTTP/1.1" 200 11923 "-" "Mozilla/5.0 (compatible; SemrushBot/6~bl; +http://www.semrush.com/bot.html)" 
66.249.66.46 - - [14/Jun/2020:06:46:05 -0700] "GET /content/rsvp/?q=%23+%23WithKnown HTTP/1.1" 200 8868 "-" "Mozilla/5.0 (Linux; Android 6.0.1; Nexus 5X Build/MMB29P) AppleWebKit/537.36 (KHTML, like Gecko) Chrome/80.0.3987.92 Mobile Safari/537.36 (compatible; Googlebot/2.1; +http://www.google.com/bot.html)" 
66.249.66.44 - - [14/Jun/2020:06:46:25 -0700] "GET /view/2875e218be146a3f5362a98899d966c9?_t=rss HTTP/1.1" 200 5670 "-" "Mozilla/5.0 (Linux; Android 6.0.1; Nexus 5X Build/MMB29P) AppleWebKit/537.36 (KHTML, like Gecko) Chrome/80.0.3987.92 Mobile Safari/537.36 (compatible; Googlebot/2.1; +http://www.google.com/bot.html)" 
66.249.66.52 - - [14/Jun/2020:06:46:47 -0700] "GET /2018/a-whale-of-a-hedge-for-nicolakidsbooks HTTP/1.1" 304 4068 "-" "Mozilla/5.0 (Linux; Android 6.0.1; Nexus 5X Build/MMB29P) AppleWebKit/537.36 (KHTML, like Gecko) Chrome/80.0.3987.92 Mobile Safari/537.36 (compatible; Googlebot/2.1; +http://www.google.com/bot.html)" 
46.229.168.139 - - [14/Jun/2020:06:46:49 -0700] "GET /tag/changingglobaldiets HTTP/1.1" 200 8859 "-" "Mozilla/5.0 (compatible; SemrushBot/6~bl; +http://www.semrush.com/bot.html)" 
66.249.66.44 - - [14/Jun/2020:06:46:50 -0700] "GET /2018/alas-all-the-little-bunches-that-held-so-much-promise HTTP/1.1" 200 11944 "-" "Mozilla/5.0 (Linux; Android 6.0.1; Nexus 5X Build/MMB29P) AppleWebKit/537.36 (KHTML, like Gecko) Chrome/80.0.3987.92 Mobile Safari/537.36 (compatible; Googlebot/2.1; +http://www.google.com/bot.html)" 
46.229.168.150 - - [14/Jun/2020:06:46:59 -0700] "GET /2018/well-this-is-exciting-and-a-little HTTP/1.1" 200 11909 "-" "Mozilla/5.0 (compatible; SemrushBot/6~bl; +http://www.semrush.com/bot.html)" 
157.55.39.98 - - [14/Jun/2020:06:47:40 -0700] "GET /2017/many-thanks-grassbased-ill-add-the-graph-to-my-original HTTP/1.1" 304 4068 "-" "Mozilla/5.0 (compatible; bingbot/2.0; +http://www.bing.com/bingbot.htm)" 
46.229.168.138 - - [14/Jun/2020:06:48:35 -0700] "GET /content/all/?offset=0&q=%23%2B%23bread HTTP/1.1" 200 12250 "-" "Mozilla/5.0 (compatible; SemrushBot/6~bl; +http://www.semrush.com/bot.html)" 
45.79.26.51 - - [14/Jun/2020:06:49:08 -0700] "GET /content/statusupdates/posts/photos/checkins/bookmarkedpages?_t=rss HTTP/1.1" 200 7437 "-" "Micro.blog/1.0" 
114.119.164.86 - - [14/Jun/2020:06:49:46 -0700] "GET /tag/bread?offset=87 HTTP/1.1" 200 8789 "-" "Mozilla/5.0 (Linux; Android 7.0;) AppleWebKit/537.36 (KHTML, like Gecko) Mobile Safari/537.36 (compatible; PetalBot;+https://aspiegel.com/petalbot)" 
46.229.168.134 - - [14/Jun/2020:06:50:30 -0700] "GET /2020/small-luxuries-make-a-big-difference-never-had-a-mnemosyne HTTP/1.1" 200 10165 "-" "Mozilla/5.0 (compatible; SemrushBot/6~bl; +http://www.semrush.com/bot.html)" 
94.66.222.97 - - [14/Jun/2020:06:50:58 -0700] "GET /file/80c082f19723a1d4258892df5906809d/e8a09a93d8612cb58dce12be3dc6cd94 HTTP/1.1" 200 267801 "https://www.google.co.uk/blank.html" "Mozilla/5.0 (Windows NT 10.0; Trident/7.0; rv:11.0) like Gecko" 
46.229.168.136 - - [14/Jun/2020:06:51:00 -0700] "GET /content/all/?offset=24&q=%23%2B%23sourdough HTTP/1.1" 200 11667 "-" "Mozilla/5.0 (compatible; SemrushBot/6~bl; +http://www.semrush.com/bot.html)" 
8.29.198.25 - - [14/Jun/2020:06:51:12 -0700] "GET /?_t=rss HTTP/1.1" 200 7435 "-" "Feedly/1.0 (+http://www.feedly.com/fetcher.html; 2 subscribers; like FeedFetcher-Google)" 
46.229.168.137 - - [14/Jun/2020:06:51:39 -0700] "GET /content/photos/?offset=0&q=%23%2B%23Http%3A%2F%2Fwww.marigoldroma.com%2F HTTP/1.1" 200 8370 "-" "Mozilla/5.0 (compatible; SemrushBot/6~bl; +http://www.semrush.com/bot.html)" 
46.229.168.153 - - [14/Jun/2020:06:52:44 -0700] "GET /content/events/?q=%23Fornacalia HTTP/1.1" 200 8282 "-" "Mozilla/5.0 (compatible; SemrushBot/6~bl; +http://www.semrush.com/bot.html)" 
46.229.168.137 - - [14/Jun/2020:06:53:01 -0700] "GET /2018/i-see-that-there-is-a-service HTTP/1.1" 200 9482 "-" "Mozilla/5.0 (compatible; SemrushBot/6~bl; +http://www.semrush.com/bot.html)" 
64.111.100.215 - - [14/Jun/2020:06:53:23 -0700] "GET /content/all?_t=rss HTTP/1.1" 200 14885 "-" "Mozilla/5.0 (X11; U; Linux i686; fr; rv:1.9.1.1) Gecko/20090715 Firefox/3.5.1" 
64.111.100.215 - - [14/Jun/2020:06:53:24 -0700] "GET /content/all?_t=rss HTTP/1.1" 200 14885 "-" "Mozilla/5.0 (X11; U; Linux i686; fr; rv:1.9.1.1) Gecko/20090715 Firefox/3.5.1" 
46.229.168.134 - - [14/Jun/2020:06:55:01 -0700] "GET /content/all/?offset=87&q=%23%2B%23bread HTTP/1.1" 200 8849 "-" "Mozilla/5.0 (compatible; SemrushBot/6~bl; +http://www.semrush.com/bot.html)" 
66.249.66.46 - - [14/Jun/2020:06:55:14 -0700] "GET /service/web/unfurl/?url=https%3A%2F%2Fwww.jeremycherfas.net%2Fblog%2Fsetting-my-marginalia-free&__bTk=d87e04dab4fdfc962ede8b0b58de731acf971afb76eec2a72562b0166c5cf83b&__bTs=1590692933 HTTP/1.1" 403 4956 "https://stream.jeremycherfas.net/content/all/?q=%23+%23%23indieweb&offset=122" "Mozilla/5.0 (Linux; Android 6.0.1; Nexus 5X Build/MMB29P) AppleWebKit/537.36 (KHTML, like Gecko) Chrome/83.0.4103.93 Mobile Safari/537.36 (compatible; Googlebot/2.1; +http://www.google.com/bot.html)" 
114.119.161.85 - - [14/Jun/2020:06:55:20 -0700] "GET /2018/-why-are-so-many-of-the-uks-homes-under-occupied/annotations/1cb5f102ec0bc7a320f5310df850d86a HTTP/1.1" 200 8777 "-" "Mozilla/5.0 (Linux; Android 7.0;) AppleWebKit/537.36 (KHTML, like Gecko) Mobile Safari/537.36 (compatible; PetalBot;+https://aspiegel.com/petalbot)" 
3.81.234.237 - - [14/Jun/2020:06:55:29 -0700] "GET /feed/ HTTP/1.1" 304 3485 "https://www.google.com/" "Mozilla/5.0 (Macintosh; Intel Mac OS X 10_15_2) AppleWebKit/605.1.15 (KHTML, like Gecko) Version/13.0.4 Safari/605.1.15" 
46.229.168.139 - - [14/Jun/2020:06:55:47 -0700] "GET /?offset=14&q=%23Sourdough HTTP/1.1" 200 11901 "-" "Mozilla/5.0 (compatible; SemrushBot/6~bl; +http://www.semrush.com/bot.html)" 
66.249.66.46 - - [14/Jun/2020:06:55:53 -0700] "GET /view/d0c6f6e6c7c65f478850b53f4dccb26e HTTP/1.1" 200 10784 "-" "Mozilla/5.0 (Linux; Android 6.0.1; Nexus 5X Build/MMB29P) AppleWebKit/537.36 (KHTML, like Gecko) Chrome/80.0.3987.92 Mobile Safari/537.36 (compatible; Googlebot/2.1; +http://www.google.com/bot.html)" 
157.55.39.98 - - [14/Jun/2020:06:57:03 -0700] "GET /content/all/ HTTP/1.1" 200 12581 "-" "Mozilla/5.0 (compatible; bingbot/2.0; +http://www.bing.com/bingbot.htm)" 
46.229.168.143 - - [14/Jun/2020:06:58:25 -0700] "GET /content/statusupdates/?q=%23%2B%23latergram HTTP/1.1" 200 8303 "-" "Mozilla/5.0 (compatible; SemrushBot/6~bl; +http://www.semrush.com/bot.html)" 
103.131.71.52 - - [14/Jun/2020:06:59:04 -0700] "GET /gfx/users/default-00.png HTTP/1.1" 304 3378 "-" "Mozilla/5.0 (compatible; coccocbot-image/1.0; +http://help.coccoc.com/searchengine)" 
207.46.13.212 - - [14/Jun/2020:06:59:05 -0700] "GET /2020/new-decade-new-theme-lea-verou HTTP/1.1" 200 10065 "-" "Mozilla/5.0 (compatible; bingbot/2.0; +http://www.bing.com/bingbot.htm)" 
46.229.168.151 - - [14/Jun/2020:06:59:31 -0700] "GET /content/all/?offset=45&q=%23%2B%23WithKnown HTTP/1.1" 200 12087 "-" "Mozilla/5.0 (compatible; SemrushBot/6~bl; +http://www.semrush.com/bot.html)" 
46.229.168.134 - - [14/Jun/2020:06:59:43 -0700] "GET /content/rsvp/?q=%23%2B%23Non-fiction HTTP/1.1" 200 8300 "-" "Mozilla/5.0 (compatible; SemrushBot/6~bl; +http://www.semrush.com/bot.html)" 
46.229.168.131 - - [14/Jun/2020:06:59:52 -0700] "GET /2017/lukasrosenstock-absolutely-make-it-easy-to-host-an-indieweb-capable HTTP/1.1" 200 9702 "-" "Mozilla/5.0 (compatible; SemrushBot/6~bl; +http://www.semrush.com/bot.html)" 
46.229.168.163 - - [14/Jun/2020:07:01:46 -0700] "GET /content/all/?offset=0&q=%23sourdough HTTP/1.1" 200 12083 "-" "Mozilla/5.0 (compatible; SemrushBot/6~bl; +http://www.semrush.com/bot.html)" 
114.119.161.85 - - [14/Jun/2020:07:03:38 -0700] "GET /content/all?q=%23indieweb&offset=22 HTTP/1.1" 200 11315 "-" "Mozilla/5.0 (Linux; Android 7.0;) AppleWebKit/537.36 (KHTML, like Gecko) Mobile Safari/537.36 (compatible; PetalBot;+https://aspiegel.com/petalbot)" 
46.229.168.130 - - [14/Jun/2020:07:03:56 -0700] "GET /2017/more-power-to-chrisaldrich-a-nanowrimo-book-on-indieweb-will HTTP/1.1" 200 9386 "-" "Mozilla/5.0 (compatible; SemrushBot/6~bl; +http://www.semrush.com/bot.html)" 
207.46.13.212 - - [14/Jun/2020:07:04:02 -0700] "GET /2020/an-ad-hoc-meeting-of-the-withknown-open-collective HTTP/1.1" 200 13935 "-" "Mozilla/5.0 (compatible; bingbot/2.0; +http://www.bing.com/bingbot.htm)" 
54.39.188.170 - - [14/Jun/2020:07:04:03 -0700] "GET /?_t=rss HTTP/1.1" 200 7533 "-" "Mozilla/5.0 (compatible; YaK/1.0; http://linkfluence.com/; bot@linkfluence.com)" 
207.46.13.63 - - [14/Jun/2020:07:05:19 -0700] "GET /content/bookmarkedpages/ HTTP/1.1" 200 12161 "-" "Mozilla/5.0 (compatible; bingbot/2.0; +http://www.bing.com/bingbot.htm)" 
85.208.96.65 - - [14/Jun/2020:07:05:20 -0700] "GET /content/all?_t=rss HTTP/1.1" 200 7444 "-" "Mozilla/5.0 (compatible; SemrushBot/1.0~bm; +http://www.semrush.com/bot.html)" 
66.249.66.44 - - [14/Jun/2020:07:05:21 -0700] "GET /view/556e71ded2b0039e20bca1b66c468498?_t=rss HTTP/1.1" 200 5819 "-" "Mozilla/5.0 (Linux; Android 6.0.1; Nexus 5X Build/MMB29P) AppleWebKit/537.36 (KHTML, like Gecko) Chrome/80.0.3987.92 Mobile Safari/537.36 (compatible; Googlebot/2.1; +http://www.google.com/bot.html)" 
46.229.168.135 - - [14/Jun/2020:07:05:45 -0700] "GET /?q=%23%2B%23rye HTTP/1.1" 200 12057 "-" "Mozilla/5.0 (compatible; SemrushBot/6~bl; +http://www.semrush.com/bot.html)" 
66.249.66.46 - - [14/Jun/2020:07:06:49 -0700] "GET /2019/straight-outta-the-oven-this-is-the-basic-sourdough-loaf HTTP/1.1" 304 4068 "-" "Mozilla/5.0 (Linux; Android 6.0.1; Nexus 5X Build/MMB29P) AppleWebKit/537.36 (KHTML, like Gecko) Chrome/80.0.3987.92 Mobile Safari/537.36 (compatible; Googlebot/2.1; +http://www.google.com/bot.html)" 
46.229.168.151 - - [14/Jun/2020:07:06:51 -0700] "GET /content/audio/?q=%23Lithuania HTTP/1.1" 200 8305 "-" "Mozilla/5.0 (compatible; SemrushBot/6~bl; +http://www.semrush.com/bot.html)" 
35.153.139.81 - - [14/Jun/2020:07:07:09 -0700] "GET /?_t=rss HTTP/1.1" 200 7435 "-" "glitch-feeder/1.0 (+https://glitch.com/~lmo-feeder)" 
46.229.168.137 - - [14/Jun/2020:07:07:30 -0700] "GET /tag/bread?offset=44 HTTP/1.1" 200 12192 "-" "Mozilla/5.0 (compatible; SemrushBot/6~bl; +http://www.semrush.com/bot.html)" 
46.229.168.162 - - [14/Jun/2020:07:08:05 -0700] "GET /robots.txt HTTP/1.1" 200 4276 "-" "Mozilla/5.0 (compatible; SemrushBot/6~bl; +http://www.semrush.com/bot.html)" 
46.229.168.134 - - [14/Jun/2020:07:08:05 -0700] "GET /content/events/?q=%23Washington HTTP/1.1" 200 8281 "-" "Mozilla/5.0 (compatible; SemrushBot/6~bl; +http://www.semrush.com/bot.html)" 
64.111.100.215 - - [14/Jun/2020:07:08:24 -0700] "GET /content/all?_t=rss HTTP/1.1" 200 14885 "-" "Mozilla/5.0 (X11; U; Linux i686; fr; rv:1.9.1.1) Gecko/20090715 Firefox/3.5.1" 
46.229.168.153 - - [14/Jun/2020:07:08:59 -0700] "GET /2020/societal-distancing HTTP/1.1" 200 9262 "-" "Mozilla/5.0 (compatible; SemrushBot/6~bl; +http://www.semrush.com/bot.html)" 
207.46.13.63 - - [14/Jun/2020:07:09:37 -0700] "GET /2019/lunch-at-le-garibaldine-in-gallipoli-this-is-marinated-mackerel HTTP/1.1" 200 10564 "-" "Mozilla/5.0 (compatible; bingbot/2.0; +http://www.bing.com/bingbot.htm)" 
167.99.111.28 - - [14/Jun/2020:07:09:54 -0700] "GET /?_t=rss HTTP/1.1" 200 7443 "-" "Feedbin feed-id:1536727 - 1 subscribers" 
46.229.168.131 - - [14/Jun/2020:07:09:56 -0700] "GET /content/photos/?q=%23realbreadweek HTTP/1.1" 200 9349 "-" "Mozilla/5.0 (compatible; SemrushBot/6~bl; +http://www.semrush.com/bot.html)" 
46.229.168.129 - - [14/Jun/2020:07:10:13 -0700] "GET /2019/almost-done-with-first-mix-of-almost-4kg-of-dough HTTP/1.1" 200 13566 "-" "Mozilla/5.0 (compatible; SemrushBot/6~bl; +http://www.semrush.com/bot.html)" 
45.79.26.51 - - [14/Jun/2020:07:10:45 -0700] "GET /content/statusupdates/posts/photos/checkins/bookmarkedpages?_t=rss HTTP/1.1" 200 7437 "-" "Micro.blog/1.0" 
46.229.168.151 - - [14/Jun/2020:07:10:54 -0700] "GET /content/statusupdates/?q=%23%2B%23latteriastudio HTTP/1.1" 200 8313 "-" "Mozilla/5.0 (compatible; SemrushBot/6~bl; +http://www.semrush.com/bot.html)" 
46.229.168.154 - - [14/Jun/2020:07:11:26 -0700] "GET /content/events/?q=%23%2B%23cooking HTTP/1.1" 200 8318 "-" "Mozilla/5.0 (compatible; SemrushBot/6~bl; +http://www.semrush.com/bot.html)" 
46.229.168.142 - - [14/Jun/2020:07:11:52 -0700] "GET /?offset=21&q=%23WithKnown HTTP/1.1" 200 12222 "-" "Mozilla/5.0 (compatible; SemrushBot/6~bl; +http://www.semrush.com/bot.html)" 
54.39.190.168 - - [14/Jun/2020:07:12:54 -0700] "GET /2020/whats-so-very-strange-about-reading-this HTTP/1.1" 200 9517 "-" "Mozilla/5.0 (compatible; YaK/1.0; http://linkfluence.com/; bot@linkfluence.com)" 
46.229.168.161 - - [14/Jun/2020:07:13:35 -0700] "GET /?offset=81&q=%23bread HTTP/1.1" 200 11018 "-" "Mozilla/5.0 (compatible; SemrushBot/6~bl; +http://www.semrush.com/bot.html)" 
46.229.168.136 - - [14/Jun/2020:07:13:47 -0700] "GET /tag/IndieWeb?offset=142 HTTP/1.1" 200 9447 "-" "Mozilla/5.0 (compatible; SemrushBot/6~bl; +http://www.semrush.com/bot.html)" 
157.55.39.98 - - [14/Jun/2020:07:14:14 -0700] "GET /2018/2018-08-31 HTTP/1.1" 200 10153 "-" "Mozilla/5.0 (compatible; bingbot/2.0; +http://www.bing.com/bingbot.htm)" 
46.229.168.135 - - [14/Jun/2020:07:14:34 -0700] "GET /tag/Sourdough?offset=34 HTTP/1.1" 200 11238 "-" "Mozilla/5.0 (compatible; SemrushBot/6~bl; +http://www.semrush.com/bot.html)" 
66.249.66.44 - - [14/Jun/2020:07:14:49 -0700] "GET /view/00dc5b4751a3fd530ca572ea4bd91a08?_t=rss HTTP/1.1" 200 5865 "-" "Mozilla/5.0 (Linux; Android 6.0.1; Nexus 5X Build/MMB29P) AppleWebKit/537.36 (KHTML, like Gecko) Chrome/80.0.3987.92 Mobile Safari/537.36 (compatible; Googlebot/2.1; +http://www.google.com/bot.html)" 
66.249.66.48 - - [14/Jun/2020:07:14:49 -0700] "GET /robots.txt HTTP/1.1" 200 4857 "-" "Mozilla/5.0 (compatible; Googlebot/2.1; +http://www.google.com/bot.html)" 
46.229.168.129 - - [14/Jun/2020:07:15:44 -0700] "GET /content/photos/?q=%23latergram HTTP/1.1" 200 8975 "-" "Mozilla/5.0 (compatible; SemrushBot/6~bl; +http://www.semrush.com/bot.html)" 
85.208.96.65 - - [14/Jun/2020:07:15:54 -0700] "GET /2020/isellsoap-i-know-that-chrisaldrich-was-involved HTTP/1.1" 200 10222 "-" "Mozilla/5.0 (compatible; SemrushBot/1.0~bm; +http://www.semrush.com/bot.html)" 
46.229.168.139 - - [14/Jun/2020:07:16:11 -0700] "GET /content/all/?offset=1&q=%23photo HTTP/1.1" 200 12273 "-" "Mozilla/5.0 (compatible; SemrushBot/6~bl; +http://www.semrush.com/bot.html)" 
46.229.168.139 - - [14/Jun/2020:07:16:39 -0700] "GET /?offset=63&q=%23indieweb HTTP/1.1" 200 10980 "-" "Mozilla/5.0 (compatible; SemrushBot/6~bl; +http://www.semrush.com/bot.html)" 
77.75.77.11 - - [14/Jun/2020:07:17:11 -0700] "GET /robots.txt HTTP/1.1" 200 4318 "-" "Mozilla/5.0 (compatible; SeznamBot/3.2; +http://napoveda.seznam.cz/en/seznambot-intro/)" 
77.75.77.11 - - [14/Jun/2020:07:17:12 -0700] "GET /file/4c4342e1be770632ebf1c6fb6e75d891 HTTP/1.1" 304 3529 "-" "Mozilla/5.0 (compatible; SeznamBot/3.2; +http://napoveda.seznam.cz/en/seznambot-intro/)" 
40.77.191.240 - - [14/Jun/2020:07:18:50 -0700] "GET /vendor/npm-asset/jquery/dist/jquery.min.js HTTP/1.1" 200 35643 "https://stream.jeremycherfas.net/2020/new-decade-new-theme-lea-verou" "Mozilla/5.0 (Windows NT 6.1; WOW64) AppleWebKit/534+ (KHTML, like Gecko) BingPreview/1.0b" 
40.77.191.240 - - [14/Jun/2020:07:18:53 -0700] "GET /vendor/npm-asset/bootstrap-accessibility-plugin/plugins/css/bootstrap-accessibility.css HTTP/1.1" 200 1114 "https://stream.jeremycherfas.net/2020/new-decade-new-theme-lea-verou" "Mozilla/5.0 (Windows NT 6.1; WOW64) AppleWebKit/534+ (KHTML, like Gecko) BingPreview/1.0b" 
40.77.191.240 - - [14/Jun/2020:07:18:53 -0700] "GET /vendor/forkawesome/fork-awesome/css/v5-compat.min.css HTTP/1.1" 200 2767 "https://stream.jeremycherfas.net/2020/new-decade-new-theme-lea-verou" "Mozilla/5.0 (Windows NT 6.1; WOW64) AppleWebKit/534+ (KHTML, like Gecko) BingPreview/1.0b" 
40.77.191.240 - - [14/Jun/2020:07:18:53 -0700] "GET /vendor/forkawesome/fork-awesome/css/fork-awesome.min.css HTTP/1.1" 200 9074 "https://stream.jeremycherfas.net/2020/new-decade-new-theme-lea-verou" "Mozilla/5.0 (Windows NT 6.1; WOW64) AppleWebKit/534+ (KHTML, like Gecko) BingPreview/1.0b" 
40.77.191.240 - - [14/Jun/2020:07:18:53 -0700] "GET /vendor/twbs/bootstrap/dist/css/bootstrap.min.css HTTP/1.1" 200 20899 "https://stream.jeremycherfas.net/2020/new-decade-new-theme-lea-verou" "Mozilla/5.0 (Windows NT 6.1; WOW64) AppleWebKit/534+ (KHTML, like Gecko) BingPreview/1.0b" 
40.77.191.240 - - [14/Jun/2020:07:18:53 -0700] "GET /css/1579440965/known.min.css HTTP/1.1" 200 7734 "https://stream.jeremycherfas.net/2020/new-decade-new-theme-lea-verou" "Mozilla/5.0 (Windows NT 6.1; WOW64) AppleWebKit/534+ (KHTML, like Gecko) BingPreview/1.0b" 
40.77.191.240 - - [14/Jun/2020:07:18:53 -0700] "GET /vendor/npm-asset/bootstrap-toggle/css/bootstrap-toggle.min.css HTTP/1.1" 200 979 "https://stream.jeremycherfas.net/2020/new-decade-new-theme-lea-verou" "Mozilla/5.0 (Windows NT 6.1; WOW64) AppleWebKit/534+ (KHTML, like Gecko) BingPreview/1.0b" 
40.77.191.240 - - [14/Jun/2020:07:18:53 -0700] "GET /IdnoPlugins/Checkin/external/leaflet/leaflet.min.css HTTP/1.1" 200 2532 "https://stream.jeremycherfas.net/2020/new-decade-new-theme-lea-verou" "Mozilla/5.0 (Windows NT 6.1; WOW64) AppleWebKit/534+ (KHTML, like Gecko) BingPreview/1.0b" 
40.77.191.240 - - [14/Jun/2020:07:18:53 -0700] "GET /vendor/npm-asset/bootstrap-accessibility-plugin/plugins/js/bootstrap-accessibility.min.js HTTP/1.1" 200 4789 "https://stream.jeremycherfas.net/2020/new-decade-new-theme-lea-verou" "Mozilla/5.0 (Windows NT 6.1; WOW64) AppleWebKit/534+ (KHTML, like Gecko) BingPreview/1.0b" 
40.77.191.240 - - [14/Jun/2020:07:18:53 -0700] "GET /js/1579440966/known.min.js HTTP/1.1" 200 4900 "https://stream.jeremycherfas.net/2020/new-decade-new-theme-lea-verou" "Mozilla/5.0 (Windows NT 6.1; WOW64) AppleWebKit/534+ (KHTML, like Gecko) BingPreview/1.0b" 
40.77.191.240 - - [14/Jun/2020:07:18:53 -0700] "GET /Themes/Solo/css/default.min.css HTTP/1.1" 200 1138 "https://stream.jeremycherfas.net/2020/new-decade-new-theme-lea-verou" "Mozilla/5.0 (Windows NT 6.1; WOW64) AppleWebKit/534+ (KHTML, like Gecko) BingPreview/1.0b" 
40.77.191.240 - - [14/Jun/2020:07:18:53 -0700] "GET /vendor/npm-asset/bootstrap-toggle/js/bootstrap-toggle.js HTTP/1.1" 200 2024 "https://stream.jeremycherfas.net/2020/new-decade-new-theme-lea-verou" "Mozilla/5.0 (Windows NT 6.1; WOW64) AppleWebKit/534+ (KHTML, like Gecko) BingPreview/1.0b" 
40.77.191.240 - - [14/Jun/2020:07:18:53 -0700] "GET /IdnoPlugins/Checkin/external/stamen-maps/tile.stamen.min.js HTTP/1.1" 200 1983 "https://stream.jeremycherfas.net/2020/new-decade-new-theme-lea-verou" "Mozilla/5.0 (Windows NT 6.1; WOW64) AppleWebKit/534+ (KHTML, like Gecko) BingPreview/1.0b" 
40.77.191.240 - - [14/Jun/2020:07:18:53 -0700] "GET /IdnoPlugins/Media/external/wavesurfer/dist/wavesurfer.min.js HTTP/1.1" 200 6834 "https://stream.jeremycherfas.net/2020/new-decade-new-theme-lea-verou" "Mozilla/5.0 (Windows NT 6.1; WOW64) AppleWebKit/534+ (KHTML, like Gecko) BingPreview/1.0b" 
40.77.191.240 - - [14/Jun/2020:07:18:53 -0700] "GET /IdnoPlugins/Checkin/external/leaflet/leaflet.js HTTP/1.1" 200 34091 "https://stream.jeremycherfas.net/2020/new-decade-new-theme-lea-verou" "Mozilla/5.0 (Windows NT 6.1; WOW64) AppleWebKit/534+ (KHTML, like Gecko) BingPreview/1.0b" 
40.77.191.240 - - [14/Jun/2020:07:18:53 -0700] "GET /vendor/npm-asset/mediaelement/build/mediaelement-and-player.min.js HTTP/1.1" 200 41537 "https://stream.jeremycherfas.net/2020/new-decade-new-theme-lea-verou" "Mozilla/5.0 (Windows NT 6.1; WOW64) AppleWebKit/534+ (KHTML, like Gecko) BingPreview/1.0b" 
40.77.191.240 - - [14/Jun/2020:07:18:54 -0700] "GET /vendor/npm-asset/mediaelement/build/mediaelementplayer.min.css HTTP/1.1" 200 3096 "https://stream.jeremycherfas.net/2020/new-decade-new-theme-lea-verou" "Mozilla/5.0 (Windows NT 6.1; WOW64) AppleWebKit/534+ (KHTML, like Gecko) BingPreview/1.0b" 
40.77.191.240 - - [14/Jun/2020:07:18:54 -0700] "GET /vendor/npm-asset/vanilla-fitvids/jquery.fitvids.js HTTP/1.1" 200 1791 "https://stream.jeremycherfas.net/2020/new-decade-new-theme-lea-verou" "Mozilla/5.0 (Windows NT 6.1; WOW64) AppleWebKit/534+ (KHTML, like Gecko) BingPreview/1.0b" 
40.77.191.240 - - [14/Jun/2020:07:18:55 -0700] "GET /vendor/rmm5t/jquery-timeago/locales/jquery.timeago.en.js HTTP/1.1" 200 804 "https://stream.jeremycherfas.net/2020/new-decade-new-theme-lea-verou" "Mozilla/5.0 (Windows NT 6.1; WOW64) AppleWebKit/534+ (KHTML, like Gecko) BingPreview/1.0b" 
40.77.191.240 - - [14/Jun/2020:07:18:55 -0700] "GET /vendor/npm-asset/underscore/underscore-min.js HTTP/1.1" 200 7035 "https://stream.jeremycherfas.net/2020/new-decade-new-theme-lea-verou" "Mozilla/5.0 (Windows NT 6.1; WOW64) AppleWebKit/534+ (KHTML, like Gecko) BingPreview/1.0b" 
40.77.191.240 - - [14/Jun/2020:07:18:55 -0700] "GET /vendor/npm-asset/exif-js/exif.js HTTP/1.1" 200 9938 "https://stream.jeremycherfas.net/2020/new-decade-new-theme-lea-verou" "Mozilla/5.0 (Windows NT 6.1; WOW64) AppleWebKit/534+ (KHTML, like Gecko) BingPreview/1.0b" 
40.77.191.240 - - [14/Jun/2020:07:18:56 -0700] "GET /vendor/forkawesome/fork-awesome/fonts/forkawesome-webfont.woff2?v=1.1.7 HTTP/1.1" 200 92179 "https://stream.jeremycherfas.net/vendor/forkawesome/fork-awesome/css/fork-awesome.min.css" "Mozilla/5.0 (Windows NT 6.1; WOW64) AppleWebKit/534+ (KHTML, like Gecko) BingPreview/1.0b" 
46.229.168.140 - - [14/Jun/2020:07:19:14 -0700] "GET /2017/spent-a-little-while-looking-into-embeds-as-recommended-and HTTP/1.1" 200 9866 "-" "Mozilla/5.0 (compatible; SemrushBot/6~bl; +http://www.semrush.com/bot.html)" 
46.229.168.149 - - [14/Jun/2020:07:19:15 -0700] "GET /?offset=9&q=%23%2B%23photo HTTP/1.1" 200 14327 "-" "Mozilla/5.0 (compatible; SemrushBot/6~bl; +http://www.semrush.com/bot.html)" 
46.229.168.137 - - [14/Jun/2020:07:21:04 -0700] "GET /content/bookmarkedpages/?q=%23Sourdough HTTP/1.1" 200 8296 "-" "Mozilla/5.0 (compatible; SemrushBot/6~bl; +http://www.semrush.com/bot.html)" 
46.229.168.146 - - [14/Jun/2020:07:21:12 -0700] "GET /content/audio/?q=%23%2B%23Http%3A%2F%2Fwww.marigoldroma.com%2F HTTP/1.1" 200 8381 "-" "Mozilla/5.0 (compatible; SemrushBot/6~bl; +http://www.semrush.com/bot.html)" 
46.229.168.162 - - [14/Jun/2020:07:22:57 -0700] "GET /content/all/?offset=40&q=%23indieweb HTTP/1.1" 200 11328 "-" "Mozilla/5.0 (compatible; SemrushBot/6~bl; +http://www.semrush.com/bot.html)" 
64.111.100.215 - - [14/Jun/2020:07:23:31 -0700] "GET /content/all?_t=rss HTTP/1.1" 200 14885 "-" "Mozilla/5.0 (X11; U; Linux i686; fr; rv:1.9.1.1) Gecko/20090715 Firefox/3.5.1" 
66.249.66.48 - - [14/Jun/2020:07:24:17 -0700] "GET /?offset=1020&_t=rss HTTP/1.1" 200 7374 "-" "Mozilla/5.0 (Linux; Android 6.0.1; Nexus 5X Build/MMB29P) AppleWebKit/537.36 (KHTML, like Gecko) Chrome/80.0.3987.92 Mobile Safari/537.36 (compatible; Googlebot/2.1; +http://www.google.com/bot.html)" 
46.229.168.144 - - [14/Jun/2020:07:24:58 -0700] "GET /content/bookmarkedpages/?q=%23%2B%23%23bread HTTP/1.1" 200 9577 "-" "Mozilla/5.0 (compatible; SemrushBot/6~bl; +http://www.semrush.com/bot.html)" 
46.229.168.148 - - [14/Jun/2020:07:25:08 -0700] "GET /content/photos/?offset=30&q=%23bread HTTP/1.1" 200 12157 "-" "Mozilla/5.0 (compatible; SemrushBot/6~bl; +http://www.semrush.com/bot.html)" 
54.36.148.81 - - [14/Jun/2020:07:25:50 -0700] "GET /2020/the-technium HTTP/1.1" 200 9358 "-" "Mozilla/5.0 (compatible; AhrefsBot/6.1; +http://ahrefs.com/robot/)" 
46.229.168.138 - - [14/Jun/2020:07:26:00 -0700] "GET /robots.txt HTTP/1.1" 200 4300 "-" "Mozilla/5.0 (compatible; SemrushBot/6~bl; +http://www.semrush.com/bot.html)" 
46.229.168.132 - - [14/Jun/2020:07:26:00 -0700] "GET /tag/IndieWeb?offset=27 HTTP/1.1" 200 12989 "-" "Mozilla/5.0 (compatible; SemrushBot/6~bl; +http://www.semrush.com/bot.html)" 
46.229.168.140 - - [14/Jun/2020:07:26:31 -0700] "GET /2018/some-thoughts-on-following-indieweb HTTP/1.1" 200 9326 "-" "Mozilla/5.0 (compatible; SemrushBot/6~bl; +http://www.semrush.com/bot.html)" 
66.249.66.50 - - [14/Jun/2020:07:27:11 -0700] "GET /robots.txt HTTP/1.1" 200 4881 "-" "Mozilla/5.0 (compatible; Googlebot/2.1; +http://www.google.com/bot.html)" 
66.249.66.50 - - [14/Jun/2020:07:27:11 -0700] "GET /2019/that-is-one-big-mushroom-15-cm-across-the-cap HTTP/1.1" 304 4068 "-" "Mozilla/5.0 (Linux; Android 6.0.1; Nexus 5X Build/MMB29P) AppleWebKit/537.36 (KHTML, like Gecko) Chrome/80.0.3987.92 Mobile Safari/537.36 (compatible; Googlebot/2.1; +http://www.google.com/bot.html)" 
114.119.160.61 - - [14/Jun/2020:07:27:23 -0700] "GET /tag/+%23sourdough HTTP/1.1" 200 12010 "-" "Mozilla/5.0 (Linux; Android 7.0;) AppleWebKit/537.36 (KHTML, like Gecko) Mobile Safari/537.36 (compatible; PetalBot;+https://aspiegel.com/petalbot)" 
46.229.168.138 - - [14/Jun/2020:07:27:50 -0700] "GET /profile/jeremy?offset=70 HTTP/1.1" 200 15097 "-" "Mozilla/5.0 (compatible; SemrushBot/6~bl; +http://www.semrush.com/bot.html)" 
54.36.148.201 - - [14/Jun/2020:07:27:59 -0700] "GET /content/locations/?q=%23indiewebcitizen HTTP/1.1" 200 8303 "-" "Mozilla/5.0 (compatible; AhrefsBot/6.1; +http://ahrefs.com/robot/)" 
96.126.125.129 - - [14/Jun/2020:07:28:21 -0700] "GET /content/statusupdates/posts/photos/checkins/bookmarkedpages?_t=rss HTTP/1.1" 200 7442 "-" "Micro.blog/1.0" 
54.36.148.201 - - [14/Jun/2020:07:30:09 -0700] "GET /2017/brazilian-peppertree-packs-power-to-knock-out-antibiotic-resistant-bacteria HTTP/1.1" 200 9474 "-" "Mozilla/5.0 (compatible; AhrefsBot/6.1; +http://ahrefs.com/robot/)" 
46.229.168.139 - - [14/Jun/2020:07:30:58 -0700] "GET /content/photos/?q=%23changingglobaldiets HTTP/1.1" 200 8302 "-" "Mozilla/5.0 (compatible; SemrushBot/6~bl; +http://www.semrush.com/bot.html)" 
46.229.168.138 - - [14/Jun/2020:07:31:27 -0700] "GET /?offset=13&q=%23%2B%23podcast HTTP/1.1" 200 11839 "-" "Mozilla/5.0 (compatible; SemrushBot/6~bl; +http://www.semrush.com/bot.html)" 
54.36.148.201 - - [14/Jun/2020:07:32:12 -0700] "GET /content/audio/?q=%23indiewebcitizen HTTP/1.1" 200 8295 "-" "Mozilla/5.0 (compatible; AhrefsBot/6.1; +http://ahrefs.com/robot/)" 
46.229.168.162 - - [14/Jun/2020:07:32:32 -0700] "GET /?offset=96&q=%23IndieWeb HTTP/1.1" 200 14077 "-" "Mozilla/5.0 (compatible; SemrushBot/6~bl; +http://www.semrush.com/bot.html)" 
46.229.168.133 - - [14/Jun/2020:07:32:50 -0700] "GET /content/photos/?offset=20&q=%23%2B%23bread HTTP/1.1" 200 12606 "-" "Mozilla/5.0 (compatible; SemrushBot/6~bl; +http://www.semrush.com/bot.html)" 
114.119.165.105 - - [14/Jun/2020:07:33:00 -0700] "GET /content/locations?offset=125 HTTP/1.1" 200 10839 "-" "Mozilla/5.0 (Linux; Android 7.0;) AppleWebKit/537.36 (KHTML, like Gecko) Mobile Safari/537.36 (compatible; PetalBot;+https://aspiegel.com/petalbot)" 
66.249.66.44 - - [14/Jun/2020:07:33:45 -0700] "GET /view/5715c9be45db4eba8969df068711f9e0?_t=rss HTTP/1.1" 200 6012 "-" "Mozilla/5.0 (Linux; Android 6.0.1; Nexus 5X Build/MMB29P) AppleWebKit/537.36 (KHTML, like Gecko) Chrome/80.0.3987.92 Mobile Safari/537.36 (compatible; Googlebot/2.1; +http://www.google.com/bot.html)" 
157.55.39.98 - - [14/Jun/2020:07:34:05 -0700] "GET /file/b8a653d563aab9a70b584a3634cfbc9f/gef-social-media.jpeg HTTP/1.1" 200 207841 "-" "Mozilla/5.0 (compatible; bingbot/2.0; +http://www.bing.com/bingbot.htm)" 
46.229.168.135 - - [14/Jun/2020:07:34:06 -0700] "GET /content/all/?offset=20&q=%23withknown HTTP/1.1" 200 12423 "-" "Mozilla/5.0 (compatible; SemrushBot/6~bl; +http://www.semrush.com/bot.html)" 
54.36.149.15 - - [14/Jun/2020:07:34:09 -0700] "GET /content/photos/?q=%23indiewebcitizen HTTP/1.1" 200 8301 "-" "Mozilla/5.0 (compatible; AhrefsBot/6.1; +http://ahrefs.com/robot/)" 
46.229.168.148 - - [14/Jun/2020:07:34:32 -0700] "GET /2019/mexican-x-plainer-balls-nuts-avocados HTTP/1.1" 200 10112 "-" "Mozilla/5.0 (compatible; SemrushBot/6~bl; +http://www.semrush.com/bot.html)" 
34.226.215.200 - - [14/Jun/2020:07:35:10 -0700] "GET /profile/jeremy?_t=rss HTTP/1.1" 304 3485 "https://www.google.com/" "Mozilla/5.0 (Windows NT 10.0; WOW64) AppleWebKit/537.36 (KHTML, like Gecko) Chrome/80.0.3987.132 Safari/537.36" 
54.36.148.167 - - [14/Jun/2020:07:36:21 -0700] "GET /content/rsvp/?q=%23indiewebcitizen HTTP/1.1" 200 8295 "-" "Mozilla/5.0 (compatible; AhrefsBot/6.1; +http://ahrefs.com/robot/)" 
66.249.66.46 - - [14/Jun/2020:07:37:06 -0700] "GET /2018/our-daily-bread-16---water-and-powerdckc30lodemthe-rotary-quern HTTP/1.1" 304 4068 "-" "Mozilla/5.0 (compatible; Googlebot/2.1; +http://www.google.com/bot.html)" 
46.229.168.148 - - [14/Jun/2020:07:37:13 -0700] "GET /content/all/?offset=14&q=%23%2B%23rye HTTP/1.1" 200 11595 "-" "Mozilla/5.0 (compatible; SemrushBot/6~bl; +http://www.semrush.com/bot.html)" 
64.111.100.215 - - [14/Jun/2020:07:38:31 -0700] "GET /content/all?_t=rss HTTP/1.1" 200 14885 "-" "Mozilla/5.0 (X11; U; Linux i686; fr; rv:1.9.1.1) Gecko/20090715 Firefox/3.5.1" 
114.119.160.61 - - [14/Jun/2020:07:38:34 -0700] "GET /content/all?q=%23%2B%23IndieWeb&offset=2 HTTP/1.1" 200 14054 "-" "Mozilla/5.0 (Linux; Android 7.0;) AppleWebKit/537.36 (KHTML, like Gecko) Mobile Safari/537.36 (compatible; PetalBot;+https://aspiegel.com/petalbot)" 
46.229.168.129 - - [14/Jun/2020:07:39:14 -0700] "GET /content/locations/?q=%23fornacalia HTTP/1.1" 200 8316 "-" "Mozilla/5.0 (compatible; SemrushBot/6~bl; +http://www.semrush.com/bot.html)" 
46.229.168.133 - - [14/Jun/2020:07:39:30 -0700] "GET /content/photos/?offset=55&q=%23%2B%23bread HTTP/1.1" 200 11700 "-" "Mozilla/5.0 (compatible; SemrushBot/6~bl; +http://www.semrush.com/bot.html)" 
46.229.168.152 - - [14/Jun/2020:07:39:40 -0700] "GET /content/all/?offset=10&q=%23WithKnown HTTP/1.1" 200 11642 "-" "Mozilla/5.0 (compatible; SemrushBot/6~bl; +http://www.semrush.com/bot.html)" 
46.229.168.146 - - [14/Jun/2020:07:40:21 -0700] "GET /2019/another-fine-weekend-comes-to-a-close HTTP/1.1" 200 13143 "-" "Mozilla/5.0 (compatible; SemrushBot/6~bl; +http://www.semrush.com/bot.html)" 
167.99.96.232 - - [14/Jun/2020:07:41:31 -0700] "GET /?_t=rss HTTP/1.1" 304 3495 "-" "Feedbin feed-id:1536727 - 1 subscribers" 
66.249.66.46 - - [14/Jun/2020:07:43:14 -0700] "GET /view/0966f8dbf20f494247120777e1c7beaf?_t=rss HTTP/1.1" 200 5720 "-" "Mozilla/5.0 (Linux; Android 6.0.1; Nexus 5X Build/MMB29P) AppleWebKit/537.36 (KHTML, like Gecko) Chrome/80.0.3987.92 Mobile Safari/537.36 (compatible; Googlebot/2.1; +http://www.google.com/bot.html)" 
46.229.168.145 - - [14/Jun/2020:07:43:15 -0700] "GET /?offset=128&q=%23%2B%23indieweb HTTP/1.1" 200 12403 "-" "Mozilla/5.0 (compatible; SemrushBot/6~bl; +http://www.semrush.com/bot.html)" 
54.36.148.201 - - [14/Jun/2020:07:43:27 -0700] "GET /file/204ae52c0682674ff4e62c9bbfe5c8b8/ffb9b20148291c39eaf619f47ee43697 HTTP/1.1" 200 113863 "-" "Mozilla/5.0 (compatible; AhrefsBot/6.1; +http://ahrefs.com/robot/)" 
46.229.168.142 - - [14/Jun/2020:07:43:46 -0700] "GET /2018/it-says-here-that-quotthe-indieweb HTTP/1.1" 200 9646 "-" "Mozilla/5.0 (compatible; SemrushBot/6~bl; +http://www.semrush.com/bot.html)" 
46.229.168.146 - - [14/Jun/2020:07:44:36 -0700] "GET /content/statusupdates/?q=%23IndieWeb HTTP/1.1" 200 11742 "-" "Mozilla/5.0 (compatible; SemrushBot/6~bl; +http://www.semrush.com/bot.html)" 
46.229.168.161 - - [14/Jun/2020:07:44:43 -0700] "GET /2020/mosses-attachment-to-stone-1 HTTP/1.1" 200 9871 "-" "Mozilla/5.0 (compatible; SemrushBot/6~bl; +http://www.semrush.com/bot.html)" 
54.36.149.107 - - [14/Jun/2020:07:44:59 -0700] "GET /2020/meeting-of-the-withknown-open-collective HTTP/1.1" 200 9485 "-" "Mozilla/5.0 (compatible; AhrefsBot/6.1; +http://ahrefs.com/robot/)" 
46.229.168.133 - - [14/Jun/2020:07:45:20 -0700] "GET /content/all/?offset=98&q=%23indieweb HTTP/1.1" 200 14751 "-" "Mozilla/5.0 (compatible; SemrushBot/6~bl; +http://www.semrush.com/bot.html)" 
46.229.168.141 - - [14/Jun/2020:07:45:33 -0700] "GET /?offset=53&q=%23podcast HTTP/1.1" 200 10364 "-" "Mozilla/5.0 (compatible; SemrushBot/6~bl; +http://www.semrush.com/bot.html)" 
46.229.168.142 - - [14/Jun/2020:07:45:48 -0700] "GET /2020/john-naughton-asks-also-isnt-herd-immunity HTTP/1.1" 200 9484 "-" "Mozilla/5.0 (compatible; SemrushBot/6~bl; +http://www.semrush.com/bot.html)" 
54.36.149.58 - - [14/Jun/2020:07:46:44 -0700] "GET /2019/almost-forgot-to-share-this-perfect-start-to-sourdough-september HTTP/1.1" 200 9576 "-" "Mozilla/5.0 (compatible; AhrefsBot/6.1; +http://ahrefs.com/robot/)" 
46.229.168.152 - - [14/Jun/2020:07:47:04 -0700] "GET /2018/12-things-we-can-agree-on-about-global-poverty-center HTTP/1.1" 200 9433 "-" "Mozilla/5.0 (compatible; SemrushBot/6~bl; +http://www.semrush.com/bot.html)" 
46.229.168.131 - - [14/Jun/2020:07:47:05 -0700] "GET /2017/first-gt-of-the-season-and-no-lemon-in-the HTTP/1.1" 200 10669 "-" "Mozilla/5.0 (compatible; SemrushBot/6~bl; +http://www.semrush.com/bot.html)" 
46.229.168.131 - - [14/Jun/2020:07:48:03 -0700] "GET /2018/why-i-cannot-post-bookmarks-to-known-automatically-jeremy-cherfas HTTP/1.1" 200 9666 "-" "Mozilla/5.0 (compatible; SemrushBot/6~bl; +http://www.semrush.com/bot.html)" 
35.205.233.65 - - [14/Jun/2020:07:48:24 -0700] "GET /robots.txt HTTP/1.1" 200 4313 "-" "Mozilla/5.0 (Macintosh; Intel Mac OS X 10.11; rv:52.0) Gecko/20100101 Firefox/52.0" 
35.205.233.65 - - [14/Jun/2020:07:48:26 -0700] "GET / HTTP/1.1" 200 8747 "-" "Mozilla/5.0 (Macintosh; Intel Mac OS X 10.11; rv:52.0) Gecko/20100101 Firefox/52.0" 
35.205.233.65 - - [14/Jun/2020:07:48:27 -0700] "GET /content/locations/ HTTP/1.1" 200 8177 "-" "Mozilla/5.0 (Macintosh; Intel Mac OS X 10.11; rv:52.0) Gecko/20100101 Firefox/52.0" 
35.205.233.65 - - [14/Jun/2020:07:48:27 -0700] "GET /content/locations/?offset=0 HTTP/1.1" 200 8197 "-" "Mozilla/5.0 (Macintosh; Intel Mac OS X 10.11; rv:52.0) Gecko/20100101 Firefox/52.0" 
35.205.233.65 - - [14/Jun/2020:07:48:28 -0700] "GET /2020/whats-so-very-strange-about-reading-this HTTP/1.1" 200 9313 "-" "Mozilla/5.0 (Macintosh; Intel Mac OS X 10.11; rv:52.0) Gecko/20100101 Firefox/52.0" 
35.205.233.65 - - [14/Jun/2020:07:48:28 -0700] "GET /IdnoPlugins/Checkin/external/stamen-maps/tile.stamen.min.js HTTP/1.1" 200 1983 "-" "Mozilla/5.0 (Macintosh; Intel Mac OS X 10.11; rv:52.0) Gecko/20100101 Firefox/52.0" 
35.205.233.65 - - [14/Jun/2020:07:48:28 -0700] "GET /IdnoPlugins/Media/external/wavesurfer/dist/wavesurfer.min.js HTTP/1.1" 200 6834 "-" "Mozilla/5.0 (Macintosh; Intel Mac OS X 10.11; rv:52.0) Gecko/20100101 Firefox/52.0" 
35.205.233.65 - - [14/Jun/2020:07:48:29 -0700] "GET /js/1579440966/known.min.js HTTP/1.1" 200 4900 "-" "Mozilla/5.0 (Macintosh; Intel Mac OS X 10.11; rv:52.0) Gecko/20100101 Firefox/52.0" 
35.205.233.65 - - [14/Jun/2020:07:48:29 -0700] "GET /vendor/idno/mentionjs/bootstrap-typeahead.js HTTP/1.1" 200 2998 "-" "Mozilla/5.0 (Macintosh; Intel Mac OS X 10.11; rv:52.0) Gecko/20100101 Firefox/52.0" 
35.205.233.65 - - [14/Jun/2020:07:48:29 -0700] "GET /vendor/idno/mentionjs/mention.js HTTP/1.1" 200 1981 "-" "Mozilla/5.0 (Macintosh; Intel Mac OS X 10.11; rv:52.0) Gecko/20100101 Firefox/52.0" 
35.205.233.65 - - [14/Jun/2020:07:48:28 -0700] "GET /content/locations/?offset=10 HTTP/1.1" 200 7503 "-" "Mozilla/5.0 (Macintosh; Intel Mac OS X 10.11; rv:52.0) Gecko/20100101 Firefox/52.0" 
35.205.233.65 - - [14/Jun/2020:07:48:29 -0700] "GET /vendor/npm-asset/exif-js/exif.js HTTP/1.1" 200 9938 "-" "Mozilla/5.0 (Macintosh; Intel Mac OS X 10.11; rv:52.0) Gecko/20100101 Firefox/52.0" 
35.205.233.65 - - [14/Jun/2020:07:48:29 -0700] "GET /vendor/npm-asset/jquery/dist/jquery.min.js HTTP/1.1" 200 31956 "-" "Mozilla/5.0 (Macintosh; Intel Mac OS X 10.11; rv:52.0) Gecko/20100101 Firefox/52.0" 
35.205.233.65 - - [14/Jun/2020:07:48:29 -0700] "GET /vendor/npm-asset/underscore/underscore-min.js HTTP/1.1" 200 7035 "-" "Mozilla/5.0 (Macintosh; Intel Mac OS X 10.11; rv:52.0) Gecko/20100101 Firefox/52.0" 
35.205.233.65 - - [14/Jun/2020:07:48:29 -0700] "GET /vendor/npm-asset/vanilla-fitvids/jquery.fitvids.js HTTP/1.1" 200 1791 "-" "Mozilla/5.0 (Macintosh; Intel Mac OS X 10.11; rv:52.0) Gecko/20100101 Firefox/52.0" 
35.205.233.65 - - [14/Jun/2020:07:48:29 -0700] "GET /IdnoPlugins/Checkin/external/leaflet/leaflet.js HTTP/1.1" 200 37219 "-" "Mozilla/5.0 (Macintosh; Intel Mac OS X 10.11; rv:52.0) Gecko/20100101 Firefox/52.0" 
46.229.168.134 - - [14/Jun/2020:07:48:54 -0700] "GET /content/locations/?q=%23%2B%23podcast HTTP/1.1" 200 8294 "-" "Mozilla/5.0 (compatible; SemrushBot/6~bl; +http://www.semrush.com/bot.html)" 
35.205.233.65 - - [14/Jun/2020:07:49:16 -0700] "GET /2020/-7 HTTP/1.1" 200 9190 "-" "Mozilla/5.0 (Macintosh; Intel Mac OS X 10.11; rv:52.0) Gecko/20100101 Firefox/52.0" 
35.205.233.65 - - [14/Jun/2020:07:49:16 -0700] "GET /2020/hey-uber_support-when-are-you-going-to HTTP/1.1" 200 6501 "-" "Mozilla/5.0 (Macintosh; Intel Mac OS X 10.11; rv:52.0) Gecko/20100101 Firefox/52.0" 
35.205.233.65 - - [14/Jun/2020:07:49:17 -0700] "GET /2020/isellsoap-i-know-that-chrisaldrich-was-involved HTTP/1.1" 200 7002 "-" "Mozilla/5.0 (Macintosh; Intel Mac OS X 10.11; rv:52.0) Gecko/20100101 Firefox/52.0" 
35.205.233.65 - - [14/Jun/2020:07:49:17 -0700] "GET /2020/never-nothing-to-see-algorithmic-feeds-or-an-inbox HTTP/1.1" 200 6081 "-" "Mozilla/5.0 (Macintosh; Intel Mac OS X 10.11; rv:52.0) Gecko/20100101 Firefox/52.0" 
35.205.233.65 - - [14/Jun/2020:07:49:39 -0700] "GET /2020/new-decade-new-theme-lea-verou HTTP/1.1" 200 9391 "-" "Mozilla/5.0 (Macintosh; Intel Mac OS X 10.11; rv:52.0) Gecko/20100101 Firefox/52.0" 
35.205.233.65 - - [14/Jun/2020:07:49:39 -0700] "GET /2020/photojazzy-this-an-awful-story-to-read HTTP/1.1" 200 13939 "-" "Mozilla/5.0 (Macintosh; Intel Mac OS X 10.11; rv:52.0) Gecko/20100101 Firefox/52.0" 
35.205.233.65 - - [14/Jun/2020:07:49:40 -0700] "GET /2020/so-happy-to-see-helen-rosner-hels HTTP/1.1" 200 6222 "-" "Mozilla/5.0 (Macintosh; Intel Mac OS X 10.11; rv:52.0) Gecko/20100101 Firefox/52.0" 
35.205.233.65 - - [14/Jun/2020:07:49:40 -0700] "GET /2020/what-was-it-like HTTP/1.1" 200 6344 "-" "Mozilla/5.0 (Macintosh; Intel Mac OS X 10.11; rv:52.0) Gecko/20100101 Firefox/52.0" 
35.205.233.65 - - [14/Jun/2020:07:49:40 -0700] "GET /2020/pthe-man-who-reads-1000-articles-a HTTP/1.1" 200 9424 "-" "Mozilla/5.0 (Macintosh; Intel Mac OS X 10.11; rv:52.0) Gecko/20100101 Firefox/52.0" 
35.205.233.65 - - [14/Jun/2020:07:49:41 -0700] "GET /?offset=0 HTTP/1.1" 200 8768 "-" "Mozilla/5.0 (Macintosh; Intel Mac OS X 10.11; rv:52.0) Gecko/20100101 Firefox/52.0" 
35.205.233.65 - - [14/Jun/2020:07:49:41 -0700] "GET /content/all/ HTTP/1.1" 200 8776 "-" "Mozilla/5.0 (Macintosh; Intel Mac OS X 10.11; rv:52.0) Gecko/20100101 Firefox/52.0" 
35.205.233.65 - - [14/Jun/2020:07:49:41 -0700] "GET /?offset=10 HTTP/1.1" 200 7715 "-" "Mozilla/5.0 (Macintosh; Intel Mac OS X 10.11; rv:52.0) Gecko/20100101 Firefox/52.0" 
35.205.233.65 - - [14/Jun/2020:07:50:26 -0700] "GET /content/events/ HTTP/1.1" 200 9462 "-" "Mozilla/5.0 (Macintosh; Intel Mac OS X 10.11; rv:52.0) Gecko/20100101 Firefox/52.0" 
35.205.233.65 - - [14/Jun/2020:07:50:26 -0700] "GET /content/audio/ HTTP/1.1" 200 9765 "-" "Mozilla/5.0 (Macintosh; Intel Mac OS X 10.11; rv:52.0) Gecko/20100101 Firefox/52.0" 
35.205.233.65 - - [14/Jun/2020:07:50:26 -0700] "GET /content/photos/ HTTP/1.1" 200 8310 "-" "Mozilla/5.0 (Macintosh; Intel Mac OS X 10.11; rv:52.0) Gecko/20100101 Firefox/52.0" 
35.205.233.65 - - [14/Jun/2020:07:50:26 -0700] "GET /content/posts/ HTTP/1.1" 200 12262 "-" "Mozilla/5.0 (Macintosh; Intel Mac OS X 10.11; rv:52.0) Gecko/20100101 Firefox/52.0" 
35.205.233.65 - - [14/Jun/2020:07:50:27 -0700] "GET /content/rsvp/ HTTP/1.1" 200 6692 "-" "Mozilla/5.0 (Macintosh; Intel Mac OS X 10.11; rv:52.0) Gecko/20100101 Firefox/52.0" 
35.205.233.65 - - [14/Jun/2020:07:50:27 -0700] "GET /content/statusupdates/ HTTP/1.1" 200 8307 "-" "Mozilla/5.0 (Macintosh; Intel Mac OS X 10.11; rv:52.0) Gecko/20100101 Firefox/52.0" 
35.205.233.65 - - [14/Jun/2020:07:50:27 -0700] "GET /content/bookmarkedpages/ HTTP/1.1" 200 11484 "-" "Mozilla/5.0 (Macintosh; Intel Mac OS X 10.11; rv:52.0) Gecko/20100101 Firefox/52.0" 
35.205.233.65 - - [14/Jun/2020:07:50:27 -0700] "GET /session/login HTTP/1.1" 200 4778 "-" "Mozilla/5.0 (Macintosh; Intel Mac OS X 10.11; rv:52.0) Gecko/20100101 Firefox/52.0" 
35.205.233.65 - - [14/Jun/2020:07:50:27 -0700] "GET /tag/+%23IndieWeb HTTP/1.1" 200 11508 "-" "Mozilla/5.0 (Macintosh; Intel Mac OS X 10.11; rv:52.0) Gecko/20100101 Firefox/52.0" 
35.205.233.65 - - [14/Jun/2020:07:50:27 -0700] "GET /profile/jeremy HTTP/1.1" 200 25815 "-" "Mozilla/5.0 (Macintosh; Intel Mac OS X 10.11; rv:52.0) Gecko/20100101 Firefox/52.0" 
35.205.233.65 - - [14/Jun/2020:07:50:29 -0700] "GET /content/locations/?q=%23+%23IndieWeb HTTP/1.1" 200 5068 "-" "Mozilla/5.0 (Macintosh; Intel Mac OS X 10.11; rv:52.0) Gecko/20100101 Firefox/52.0" 
46.229.168.139 - - [14/Jun/2020:07:50:39 -0700] "GET /content/all/?offset=40&q=%23WithKnown HTTP/1.1" 200 11557 "-" "Mozilla/5.0 (compatible; SemrushBot/6~bl; +http://www.semrush.com/bot.html)" 
46.229.168.154 - - [14/Jun/2020:07:50:45 -0700] "GET /?offset=60&q=%23%2B%23IndieWeb HTTP/1.1" 200 12024 "-" "Mozilla/5.0 (compatible; SemrushBot/6~bl; +http://www.semrush.com/bot.html)" 
46.229.168.130 - - [14/Jun/2020:07:50:57 -0700] "GET /?offset=120 HTTP/1.1" 200 11316 "-" "Mozilla/5.0 (compatible; SemrushBot/6~bl; +http://www.semrush.com/bot.html)" 
46.229.168.139 - - [14/Jun/2020:07:51:16 -0700] "GET /2018/philvincent-just-discovered-10dot-and-went-looking HTTP/1.1" 200 9598 "-" "Mozilla/5.0 (compatible; SemrushBot/6~bl; +http://www.semrush.com/bot.html)" 
207.46.13.212 - - [14/Jun/2020:07:51:25 -0700] "GET /2018/i-like-that-chris-would-prefer-a HTTP/1.1" 200 10249 "-" "Mozilla/5.0 (compatible; bingbot/2.0; +http://www.bing.com/bingbot.htm)" 
35.205.233.65 - - [14/Jun/2020:07:51:54 -0700] "GET /2017/-1 HTTP/1.1" 200 9095 "-" "Mozilla/5.0 (Macintosh; Intel Mac OS X 10.11; rv:52.0) Gecko/20100101 Firefox/52.0" 
35.205.233.65 - - [14/Jun/2020:07:51:55 -0700] "GET /2017/i-cannot-believe-this-actually-worked-thanks-kenalbala-all-will HTTP/1.1" 200 9765 "-" "Mozilla/5.0 (Macintosh; Intel Mac OS X 10.11; rv:52.0) Gecko/20100101 Firefox/52.0" 
35.205.233.65 - - [14/Jun/2020:07:51:55 -0700] "GET /2017/test-of-audiogram-upload-directly-to-known HTTP/1.1" 200 9505 "-" "Mozilla/5.0 (Macintosh; Intel Mac OS X 10.11; rv:52.0) Gecko/20100101 Firefox/52.0" 
35.205.233.65 - - [14/Jun/2020:07:51:55 -0700] "GET /2017/virtual-hwc-europe HTTP/1.1" 200 6358 "-" "Mozilla/5.0 (Macintosh; Intel Mac OS X 10.11; rv:52.0) Gecko/20100101 Firefox/52.0" 
35.205.233.65 - - [14/Jun/2020:07:51:55 -0700] "GET /2017/yes-all-being-well-i-will-connect HTTP/1.1" 200 6060 "-" "Mozilla/5.0 (Macintosh; Intel Mac OS X 10.11; rv:52.0) Gecko/20100101 Firefox/52.0" 
35.205.233.65 - - [14/Jun/2020:07:51:56 -0700] "GET /2018/-2 HTTP/1.1" 200 5974 "-" "Mozilla/5.0 (Macintosh; Intel Mac OS X 10.11; rv:52.0) Gecko/20100101 Firefox/52.0" 
35.205.233.65 - - [14/Jun/2020:07:51:56 -0700] "GET /2018/maybe-definitely-hoping-to-attend HTTP/1.1" 200 6069 "-" "Mozilla/5.0 (Macintosh; Intel Mac OS X 10.11; rv:52.0) Gecko/20100101 Firefox/52.0" 
35.205.233.65 - - [14/Jun/2020:07:51:56 -0700] "GET /2018/my-version-of-hamelmans-rustic-bread-p-115-1st-edn HTTP/1.1" 200 7648 "-" "Mozilla/5.0 (Macintosh; Intel Mac OS X 10.11; rv:52.0) Gecko/20100101 Firefox/52.0" 
35.205.233.65 - - [14/Jun/2020:07:51:56 -0700] "GET /2018/seems-like-everyone-has-one-of-these-to-share-need HTTP/1.1" 200 8342 "-" "Mozilla/5.0 (Macintosh; Intel Mac OS X 10.11; rv:52.0) Gecko/20100101 Firefox/52.0" 
35.205.233.65 - - [14/Jun/2020:07:51:56 -0700] "GET /2018/virtual-homebrew-website-club-1 HTTP/1.1" 200 6395 "-" "Mozilla/5.0 (Macintosh; Intel Mac OS X 10.11; rv:52.0) Gecko/20100101 Firefox/52.0" 
35.205.233.65 - - [14/Jun/2020:07:51:56 -0700] "GET /2019/-4 HTTP/1.1" 200 5962 "-" "Mozilla/5.0 (Macintosh; Intel Mac OS X 10.11; rv:52.0) Gecko/20100101 Firefox/52.0" 
35.205.233.65 - - [14/Jun/2020:07:51:56 -0700] "GET /2019/2019-04-12 HTTP/1.1" 200 6211 "-" "Mozilla/5.0 (Macintosh; Intel Mac OS X 10.11; rv:52.0) Gecko/20100101 Firefox/52.0" 
35.205.233.65 - - [14/Jun/2020:07:51:56 -0700] "GET /2018/yes-it-has-been-a-while HTTP/1.1" 200 6404 "-" "Mozilla/5.0 (Macintosh; Intel Mac OS X 10.11; rv:52.0) Gecko/20100101 Firefox/52.0" 
35.205.233.65 - - [14/Jun/2020:07:51:58 -0700] "GET /2019/2019-04-15 HTTP/1.1" 200 6656 "-" "Mozilla/5.0 (Macintosh; Intel Mac OS X 10.11; rv:52.0) Gecko/20100101 Firefox/52.0" 
35.205.233.65 - - [14/Jun/2020:07:52:02 -0700] "GET /2019/day-1-of-indieweb-challenge-2019-12-indieweb-challenge-fixed HTTP/1.1" 200 10064 "-" "Mozilla/5.0 (Macintosh; Intel Mac OS X 10.11; rv:52.0) Gecko/20100101 Firefox/52.0" 
35.205.233.65 - - [14/Jun/2020:07:52:02 -0700] "GET /2019/good-work-so-far-as-you-note HTTP/1.1" 200 9450 "-" "Mozilla/5.0 (Macintosh; Intel Mac OS X 10.11; rv:52.0) Gecko/20100101 Firefox/52.0" 
35.205.233.65 - - [14/Jun/2020:07:52:02 -0700] "GET /2019/yes-i-just-registered-for-indie-web-camp-brighton-2019 HTTP/1.1" 200 6206 "-" "Mozilla/5.0 (Macintosh; Intel Mac OS X 10.11; rv:52.0) Gecko/20100101 Firefox/52.0" 
35.205.233.65 - - [14/Jun/2020:07:52:02 -0700] "GET /2020/2020-02-16 HTTP/1.1" 200 7259 "-" "Mozilla/5.0 (Macintosh; Intel Mac OS X 10.11; rv:52.0) Gecko/20100101 Firefox/52.0" 
35.205.233.65 - - [14/Jun/2020:07:52:02 -0700] "GET /2020/2020-02-19 HTTP/1.1" 200 6158 "-" "Mozilla/5.0 (Macintosh; Intel Mac OS X 10.11; rv:52.0) Gecko/20100101 Firefox/52.0" 
35.205.233.65 - - [14/Jun/2020:07:52:02 -0700] "GET /2020/2020-03-17 HTTP/1.1" 200 6143 "-" "Mozilla/5.0 (Macintosh; Intel Mac OS X 10.11; rv:52.0) Gecko/20100101 Firefox/52.0" 
35.205.233.65 - - [14/Jun/2020:07:52:02 -0700] "GET /2020/2020-05-09 HTTP/1.1" 200 6378 "-" "Mozilla/5.0 (Macintosh; Intel Mac OS X 10.11; rv:52.0) Gecko/20100101 Firefox/52.0" 
35.205.233.65 - - [14/Jun/2020:07:52:02 -0700] "GET /2019/what-magic-is-this-app3ef086df04musical-chord-progression-arpeggiator-found-thanks HTTP/1.1" 200 9318 "-" "Mozilla/5.0 (Macintosh; Intel Mac OS X 10.11; rv:52.0) Gecko/20100101 Firefox/52.0" 
35.205.233.65 - - [14/Jun/2020:07:52:03 -0700] "GET /2020/an-ad-hoc-meeting-of-the-withknown-open-collective HTTP/1.1" 200 10130 "-" "Mozilla/5.0 (Macintosh; Intel Mac OS X 10.11; rv:52.0) Gecko/20100101 Firefox/52.0" 
35.205.233.65 - - [14/Jun/2020:07:52:03 -0700] "GET /2020/an-ad-hoc-meeting-of-the-withknown-open-collective/annotations/7f6673198c9e84a41942ccd607c41237 HTTP/1.1" 200 7905 "-" "Mozilla/5.0 (Macintosh; Intel Mac OS X 10.11; rv:52.0) Gecko/20100101 Firefox/52.0" 
35.205.233.65 - - [14/Jun/2020:07:52:02 -0700] "GET /2020/a-bigger-photo-post HTTP/1.1" 200 6646 "-" "Mozilla/5.0 (Macintosh; Intel Mac OS X 10.11; rv:52.0) Gecko/20100101 Firefox/52.0" 
157.55.39.110 - - [14/Jun/2020:07:52:29 -0700] "GET /2017/i-really-want-to-use-microblog-and-withknown-but HTTP/1.1" 200 14590 "-" "Mozilla/5.0 (compatible; bingbot/2.0; +http://www.bing.com/bingbot.htm)" 
66.249.66.46 - - [14/Jun/2020:07:52:41 -0700] "GET /view/ca60d414baefa1972347c6ffcc30afab?_t=rss HTTP/1.1" 200 5868 "-" "Mozilla/5.0 (Linux; Android 6.0.1; Nexus 5X Build/MMB29P) AppleWebKit/537.36 (KHTML, like Gecko) Chrome/80.0.3987.92 Mobile Safari/537.36 (compatible; Googlebot/2.1; +http://www.google.com/bot.html)" 
46.229.168.161 - - [14/Jun/2020:07:52:44 -0700] "GET /?offset=62&q=%23%2B%23bread HTTP/1.1" 200 12118 "-" "Mozilla/5.0 (compatible; SemrushBot/6~bl; +http://www.semrush.com/bot.html)" 
46.229.168.144 - - [14/Jun/2020:07:52:48 -0700] "GET /2018/keeping-track-grav HTTP/1.1" 200 9183 "-" "Mozilla/5.0 (compatible; SemrushBot/6~bl; +http://www.semrush.com/bot.html)" 
96.126.125.129 - - [14/Jun/2020:07:53:01 -0700] "GET /content/statusupdates/posts/photos/checkins/bookmarkedpages?_t=rss HTTP/1.1" 200 7442 "-" "Micro.blog/1.0" 
54.36.148.81 - - [14/Jun/2020:07:53:40 -0700] "GET /?q=%23rye HTTP/1.1" 200 12120 "-" "Mozilla/5.0 (compatible; AhrefsBot/6.1; +http://ahrefs.com/robot/)" 
64.111.100.215 - - [14/Jun/2020:07:53:41 -0700] "GET /content/all?_t=rss HTTP/1.1" 200 14885 "-" "Mozilla/5.0 (X11; U; Linux i686; fr; rv:1.9.1.1) Gecko/20090715 Firefox/3.5.1" 
46.229.168.139 - - [14/Jun/2020:07:54:05 -0700] "GET /content/audio/?q=%23jbfa HTTP/1.1" 200 8267 "-" "Mozilla/5.0 (compatible; SemrushBot/6~bl; +http://www.semrush.com/bot.html)" 
46.229.168.135 - - [14/Jun/2020:07:54:39 -0700] "GET /content/all/?offset=134&q=%23%2B%23%23indieweb HTTP/1.1" 200 12780 "-" "Mozilla/5.0 (compatible; SemrushBot/6~bl; +http://www.semrush.com/bot.html)" 
54.36.148.81 - - [14/Jun/2020:07:55:09 -0700] "GET /content/all/?q=%23rye HTTP/1.1" 200 12145 "-" "Mozilla/5.0 (compatible; AhrefsBot/6.1; +http://ahrefs.com/robot/)" 
157.55.39.98 - - [14/Jun/2020:07:55:40 -0700] "GET /2019/just-strolling-through-the-market-on-my-way-to-test HTTP/1.1" 200 16730 "-" "Mozilla/5.0 (compatible; bingbot/2.0; +http://www.bing.com/bingbot.htm)" 
54.36.148.72 - - [14/Jun/2020:07:56:43 -0700] "GET /content/photos/?q=%23rye HTTP/1.1" 200 12162 "-" "Mozilla/5.0 (compatible; AhrefsBot/6.1; +http://ahrefs.com/robot/)" 
46.229.168.145 - - [14/Jun/2020:07:56:45 -0700] "GET /2017/matigo-make-it-soid-say-that-this-would-make-the HTTP/1.1" 200 9837 "-" "Mozilla/5.0 (compatible; SemrushBot/6~bl; +http://www.semrush.com/bot.html)" 
46.229.168.140 - - [14/Jun/2020:07:57:50 -0700] "GET /content/photos?offset=40 HTTP/1.1" 200 10380 "-" "Mozilla/5.0 (compatible; SemrushBot/6~bl; +http://www.semrush.com/bot.html)" 
46.229.168.150 - - [14/Jun/2020:07:58:32 -0700] "GET /2017/probably-something-to-do-with-food-learning HTTP/1.1" 200 9938 "-" "Mozilla/5.0 (compatible; SemrushBot/6~bl; +http://www.semrush.com/bot.html)" 
46.229.168.162 - - [14/Jun/2020:07:58:37 -0700] "GET /content/posts/?offset=56 HTTP/1.1" 200 14897 "-" "Mozilla/5.0 (compatible; SemrushBot/6~bl; +http://www.semrush.com/bot.html)" 
