46.229.168.135 - - [14/Jun/2020:11:06:24 -0700] "GET /tag/podcast?offset=25 HTTP/1.1" 200 11944 "-" "Mozilla/5.0 (compatible; SemrushBot/6~bl; +http://www.semrush.com/bot.html)" 
46.229.168.138 - - [14/Jun/2020:11:06:38 -0700] "GET /tag/indieweb?offset=104 HTTP/1.1" 200 13460 "-" "Mozilla/5.0 (compatible; SemrushBot/6~bl; +http://www.semrush.com/bot.html)" 
46.229.168.143 - - [14/Jun/2020:11:06:48 -0700] "GET /tag/RSS HTTP/1.1" 200 9133 "-" "Mozilla/5.0 (compatible; SemrushBot/6~bl; +http://www.semrush.com/bot.html)" 
66.249.66.46 - - [14/Jun/2020:11:08:27 -0700] "GET /view/f9b58f489e2fbde3ae93fa893a3ad868 HTTP/1.1" 304 4068 "-" "Mozilla/5.0 (Linux; Android 6.0.1; Nexus 5X Build/MMB29P) AppleWebKit/537.36 (KHTML, like Gecko) Chrome/80.0.3987.92 Mobile Safari/537.36 (compatible; Googlebot/2.1; +http://www.google.com/bot.html)" 
96.126.125.129 - - [14/Jun/2020:11:08:59 -0700] "GET /content/statusupdates/posts/photos/checkins/bookmarkedpages?_t=rss HTTP/1.1" 200 7442 "-" "Micro.blog/1.0" 
178.201.129.58 - - [14/Jun/2020:11:09:32 -0700] "GET /file/ef801e05730eba56004c5b712ad84731/thumb.jpg HTTP/1.1" 200 26439 "https://desmondrivet.com/blog/" "Mozilla/5.0 (X11; Ubuntu; Linux x86_64; rv:77.0) Gecko/20100101 Firefox/77.0" 
46.229.168.133 - - [14/Jun/2020:11:09:47 -0700] "GET /tag/podcast?offset=2 HTTP/1.1" 200 11987 "-" "Mozilla/5.0 (compatible; SemrushBot/6~bl; +http://www.semrush.com/bot.html)" 
46.229.168.136 - - [14/Jun/2020:11:09:52 -0700] "GET /content/all/?offset=45&q=%23IndieWeb HTTP/1.1" 200 11635 "-" "Mozilla/5.0 (compatible; SemrushBot/6~bl; +http://www.semrush.com/bot.html)" 
46.229.168.153 - - [14/Jun/2020:11:10:21 -0700] "GET /content/photos/?offset=130 HTTP/1.1" 200 10653 "-" "Mozilla/5.0 (compatible; SemrushBot/6~bl; +http://www.semrush.com/bot.html)" 
46.229.168.129 - - [14/Jun/2020:11:10:34 -0700] "GET /content/locations/?q=%23hearsay2017 HTTP/1.1" 200 8319 "-" "Mozilla/5.0 (compatible; SemrushBot/6~bl; +http://www.semrush.com/bot.html)" 
46.229.168.131 - - [14/Jun/2020:11:10:41 -0700] "GET /content/posts?offset=9 HTTP/1.1" 200 11329 "-" "Mozilla/5.0 (compatible; SemrushBot/6~bl; +http://www.semrush.com/bot.html)" 
46.229.168.149 - - [14/Jun/2020:11:10:53 -0700] "GET /content/all/?offset=9&q=%23Rye HTTP/1.1" 200 8802 "-" "Mozilla/5.0 (compatible; SemrushBot/6~bl; +http://www.semrush.com/bot.html)" 
46.229.168.162 - - [14/Jun/2020:11:10:56 -0700] "GET /content/posts/?offset=10&q=%23known HTTP/1.1" 200 12696 "-" "Mozilla/5.0 (compatible; SemrushBot/6~bl; +http://www.semrush.com/bot.html)" 
66.249.66.50 - - [14/Jun/2020:11:11:29 -0700] "GET /content/all/?offset=1317&_t=amp HTTP/1.1" 200 12084 "-" "Mozilla/5.0 (Linux; Android 6.0.1; Nexus 5X Build/MMB29P) AppleWebKit/537.36 (KHTML, like Gecko) Chrome/80.0.3987.92 Mobile Safari/537.36 (compatible; Googlebot/2.1; +http://www.google.com/bot.html)" 
46.229.168.146 - - [14/Jun/2020:11:11:36 -0700] "GET /content/rsvp/?q=%23Food_history HTTP/1.1" 200 8315 "-" "Mozilla/5.0 (compatible; SemrushBot/6~bl; +http://www.semrush.com/bot.html)" 
46.229.168.162 - - [14/Jun/2020:11:11:40 -0700] "GET /content/all/?offset=3&q=%23%2B%23sourdough HTTP/1.1" 200 11782 "-" "Mozilla/5.0 (compatible; SemrushBot/6~bl; +http://www.semrush.com/bot.html)" 
192.0.101.66 - - [14/Jun/2020:11:12:07 -0700] "GET /file/78abb496530ac82526bbe8cf9600191d/thumb.jpg HTTP/1.1" 200 176511 "https://micro.blog/jeremycherfas" "Mozilla/5.0 (X11; Linux x86_64) AppleWebKit/537.36 (KHTML, like Gecko) HeadlessChrome/69.0.3494.0 Safari/537.36 WordPress.com mShots" 
192.0.101.66 - - [14/Jun/2020:11:12:07 -0700] "GET /file/08e86f193404f12625b63f65a911b7d3/thumb.jpg HTTP/1.1" 200 147851 "https://micro.blog/jeremycherfas" "Mozilla/5.0 (X11; Linux x86_64) AppleWebKit/537.36 (KHTML, like Gecko) HeadlessChrome/69.0.3494.0 Safari/537.36 WordPress.com mShots" 
192.0.101.66 - - [14/Jun/2020:11:12:07 -0700] "GET /file/14d6b0d5e04c9e78a301146ac7d80a1a/thumb.jpg HTTP/1.1" 200 165033 "https://micro.blog/jeremycherfas" "Mozilla/5.0 (X11; Linux x86_64) AppleWebKit/537.36 (KHTML, like Gecko) HeadlessChrome/69.0.3494.0 Safari/537.36 WordPress.com mShots" 
46.229.168.137 - - [14/Jun/2020:11:12:10 -0700] "GET /content/all/?offset=2&q=%23%2B%23sourdough HTTP/1.1" 200 11846 "-" "Mozilla/5.0 (compatible; SemrushBot/6~bl; +http://www.semrush.com/bot.html)" 
46.229.168.143 - - [14/Jun/2020:11:12:27 -0700] "GET /2018/the-one-thing-worse-than-no-hotel HTTP/1.1" 200 10375 "-" "Mozilla/5.0 (compatible; SemrushBot/6~bl; +http://www.semrush.com/bot.html)" 
46.229.168.154 - - [14/Jun/2020:11:12:37 -0700] "GET /?offset=41&q=%23%2B%23podcast HTTP/1.1" 200 12161 "-" "Mozilla/5.0 (compatible; SemrushBot/6~bl; +http://www.semrush.com/bot.html)" 
96.126.125.129 - - [14/Jun/2020:11:12:59 -0700] "GET /content/statusupdates/posts/photos/checkins/bookmarkedpages?_t=rss HTTP/1.1" 200 7442 "-" "Micro.blog/1.0" 
46.229.168.154 - - [14/Jun/2020:11:14:34 -0700] "GET /2018/the-good-news-is-that-indieweb----the-main-channel HTTP/1.1" 200 9441 "-" "Mozilla/5.0 (compatible; SemrushBot/6~bl; +http://www.semrush.com/bot.html)" 
46.229.168.134 - - [14/Jun/2020:11:15:02 -0700] "GET /content/photos/?offset=22&q=%23%2B%23sourdough HTTP/1.1" 200 11377 "-" "Mozilla/5.0 (compatible; SemrushBot/6~bl; +http://www.semrush.com/bot.html)" 
46.229.168.152 - - [14/Jun/2020:11:15:40 -0700] "GET /?offset=35&q=%23IndieWeb HTTP/1.1" 200 11762 "-" "Mozilla/5.0 (compatible; SemrushBot/6~bl; +http://www.semrush.com/bot.html)" 
46.229.168.138 - - [14/Jun/2020:11:16:16 -0700] "GET /2017/im-still-a-little-hazy-on-the-plumbing-details-of HTTP/1.1" 200 10482 "-" "Mozilla/5.0 (compatible; SemrushBot/6~bl; +http://www.semrush.com/bot.html)" 
46.229.168.150 - - [14/Jun/2020:11:16:28 -0700] "GET /?offset=70&q=%23bread HTTP/1.1" 200 11882 "-" "Mozilla/5.0 (compatible; SemrushBot/6~bl; +http://www.semrush.com/bot.html)" 
64.111.100.215 - - [14/Jun/2020:11:16:43 -0700] "GET /content/all?_t=rss HTTP/1.1" 200 14885 "-" "Mozilla/5.0 (X11; U; Linux i686; fr; rv:1.9.1.1) Gecko/20090715 Firefox/3.5.1" 
46.229.168.143 - - [14/Jun/2020:11:17:11 -0700] "GET /2017/doing-it-the-hard-way HTTP/1.1" 200 9228 "-" "Mozilla/5.0 (compatible; SemrushBot/6~bl; +http://www.semrush.com/bot.html)" 
207.46.13.63 - - [14/Jun/2020:11:17:42 -0700] "GET /2019/negroni-oclock HTTP/1.1" 200 13739 "-" "Mozilla/5.0 (compatible; bingbot/2.0; +http://www.bing.com/bingbot.htm)" 
46.229.168.148 - - [14/Jun/2020:11:18:08 -0700] "GET /?offset=31&q=%23bread HTTP/1.1" 200 12605 "-" "Mozilla/5.0 (compatible; SemrushBot/6~bl; +http://www.semrush.com/bot.html)" 
46.229.168.134 - - [14/Jun/2020:11:18:11 -0700] "GET /tag/bread?offset=2 HTTP/1.1" 200 11748 "-" "Mozilla/5.0 (compatible; SemrushBot/6~bl; +http://www.semrush.com/bot.html)" 
46.229.168.134 - - [14/Jun/2020:11:18:23 -0700] "GET /?offset=122&q=%23IndieWeb HTTP/1.1" 200 11766 "-" "Mozilla/5.0 (compatible; SemrushBot/6~bl; +http://www.semrush.com/bot.html)" 
66.249.66.48 - - [14/Jun/2020:11:18:38 -0700] "GET /2020/i-brought-this-beauty-to-the-net-on-a-size HTTP/1.1" 304 4068 "-" "Mozilla/5.0 (Linux; Android 6.0.1; Nexus 5X Build/MMB29P) AppleWebKit/537.36 (KHTML, like Gecko) Chrome/80.0.3987.92 Mobile Safari/537.36 (compatible; Googlebot/2.1; +http://www.google.com/bot.html)" 
96.126.125.129 - - [14/Jun/2020:11:19:10 -0700] "GET /content/statusupdates/posts/photos/checkins/bookmarkedpages?_t=rss HTTP/1.1" 200 7442 "-" "Micro.blog/1.0" 
46.229.168.144 - - [14/Jun/2020:11:19:14 -0700] "GET /?offset=6&q=%23%2B%23sourdough HTTP/1.1" 200 12482 "-" "Mozilla/5.0 (compatible; SemrushBot/6~bl; +http://www.semrush.com/bot.html)" 
46.229.168.154 - - [14/Jun/2020:11:20:53 -0700] "GET /content/all/?offset=44&q=%23Sourdough HTTP/1.1" 200 11476 "-" "Mozilla/5.0 (compatible; SemrushBot/6~bl; +http://www.semrush.com/bot.html)" 
66.249.66.48 - - [14/Jun/2020:11:20:57 -0700] "GET /2017/checked-into-scarpone HTTP/1.1" 200 10063 "-" "Mozilla/5.0 (Linux; Android 6.0.1; Nexus 5X Build/MMB29P) AppleWebKit/537.36 (KHTML, like Gecko) Chrome/80.0.3987.92 Mobile Safari/537.36 (compatible; Googlebot/2.1; +http://www.google.com/bot.html)" 
54.36.149.2 - - [14/Jun/2020:11:21:24 -0700] "GET /content/audio/?q=%23rye HTTP/1.1" 200 8273 "-" "Mozilla/5.0 (compatible; AhrefsBot/6.1; +http://ahrefs.com/robot/)" 
54.36.148.81 - - [14/Jun/2020:11:22:49 -0700] "GET /content/bookmarkedpages/?q=%23rye HTTP/1.1" 200 8285 "-" "Mozilla/5.0 (compatible; AhrefsBot/6.1; +http://ahrefs.com/robot/)" 
46.229.168.131 - - [14/Jun/2020:11:23:24 -0700] "GET /profile/jeremy?offset=90 HTTP/1.1" 200 15585 "-" "Mozilla/5.0 (compatible; SemrushBot/6~bl; +http://www.semrush.com/bot.html)" 
45.79.26.51 - - [14/Jun/2020:11:23:51 -0700] "GET /content/statusupdates/posts/photos/checkins/bookmarkedpages?_t=rss HTTP/1.1" 200 7437 "-" "Micro.blog/1.0" 
46.229.168.146 - - [14/Jun/2020:11:23:51 -0700] "GET /tag/indieweb?offset=112 HTTP/1.1" 200 11950 "-" "Mozilla/5.0 (compatible; SemrushBot/6~bl; +http://www.semrush.com/bot.html)" 
46.229.168.150 - - [14/Jun/2020:11:24:06 -0700] "GET /content/all/?offset=144&q=%23IndieWeb HTTP/1.1" 200 8527 "-" "Mozilla/5.0 (compatible; SemrushBot/6~bl; +http://www.semrush.com/bot.html)" 
46.229.168.142 - - [14/Jun/2020:11:24:15 -0700] "GET /content/all/?offset=127&q=%23%2B%23indieweb HTTP/1.1" 200 12453 "-" "Mozilla/5.0 (compatible; SemrushBot/6~bl; +http://www.semrush.com/bot.html)" 
54.36.148.201 - - [14/Jun/2020:11:24:25 -0700] "GET /content/events/?q=%23rye HTTP/1.1" 200 8276 "-" "Mozilla/5.0 (compatible; AhrefsBot/6.1; +http://ahrefs.com/robot/)" 
46.229.168.163 - - [14/Jun/2020:11:25:27 -0700] "GET /2020/-6 HTTP/1.1" 200 9470 "-" "Mozilla/5.0 (compatible; SemrushBot/6~bl; +http://www.semrush.com/bot.html)" 
52.90.243.150 - - [14/Jun/2020:11:25:31 -0700] "GET /profile/jeremy?offset=10&_t=rss HTTP/1.1" 304 3485 "https://www.google.com/" "Mozilla/5.0 (Windows NT 10.0; Win64; x64) AppleWebKit/537.36 (KHTML, like Gecko) Chrome/70.0.3538.102 Safari/537.36 Edge/18.18362" 
54.36.148.81 - - [14/Jun/2020:11:26:06 -0700] "GET /content/locations/?q=%23rye HTTP/1.1" 200 8279 "-" "Mozilla/5.0 (compatible; AhrefsBot/6.1; +http://ahrefs.com/robot/)" 
46.229.168.146 - - [14/Jun/2020:11:26:07 -0700] "GET /content/posts/?offset=0&q=%23%2B%23IndieWeb HTTP/1.1" 200 17432 "-" "Mozilla/5.0 (compatible; SemrushBot/6~bl; +http://www.semrush.com/bot.html)" 
62.210.89.213 - - [14/Jun/2020:11:26:31 -0700] "GET /2019/what-is-the-woman-on-the-left HTTP/1.1" 200 9816 "-" "BarkRowler/0.9 (+https://babbar.tech/crawler)" 
159.65.67.230 - - [14/Jun/2020:11:26:34 -0700] "GET /?_t=rss HTTP/1.1" 304 3495 "-" "Feedbin feed-id:1536727 - 1 subscribers" 
46.229.168.141 - - [14/Jun/2020:11:26:43 -0700] "GET /file/f250f234f5eb80d3e92b70bff60b87f4/00d4e33f24efddd70be951bda265dbe8 HTTP/1.1" 200 161548 "-" "Mozilla/5.0 (compatible; SemrushBot/6~bl; +http://www.semrush.com/bot.html)" 
54.36.148.201 - - [14/Jun/2020:11:27:52 -0700] "GET /content/posts/?q=%23rye HTTP/1.1" 200 8274 "-" "Mozilla/5.0 (compatible; AhrefsBot/6.1; +http://ahrefs.com/robot/)" 
45.79.26.51 - - [14/Jun/2020:11:27:53 -0700] "GET /content/statusupdates/posts/photos/checkins/bookmarkedpages?_t=rss HTTP/1.1" 200 7437 "-" "Micro.blog/1.0" 
46.229.168.145 - - [14/Jun/2020:11:29:02 -0700] "GET /?offset=66&q=%23indieweb HTTP/1.1" 200 11723 "-" "Mozilla/5.0 (compatible; SemrushBot/6~bl; +http://www.semrush.com/bot.html)" 
35.203.245.116 - - [14/Jun/2020:11:29:09 -0700] "HEAD / HTTP/1.1" 200 4299 "-" "Bridgy (https://brid.gy/about)" 
35.203.245.116 - - [14/Jun/2020:11:29:10 -0700] "GET / HTTP/1.1" 200 12008 "-" "Bridgy (https://brid.gy/about)" 
35.203.245.116 - - [14/Jun/2020:11:29:11 -0700] "HEAD /?_t=rss HTTP/1.1" 200 4270 "-" "Bridgy (https://brid.gy/about)" 
35.203.245.116 - - [14/Jun/2020:11:29:11 -0700] "HEAD /content/all?_t=rss HTTP/1.1" 200 4281 "-" "Bridgy (https://brid.gy/about)" 
35.203.245.116 - - [14/Jun/2020:11:29:12 -0700] "HEAD /content/all HTTP/1.1" 200 4310 "-" "Bridgy (https://brid.gy/about)" 
35.203.245.116 - - [14/Jun/2020:11:29:13 -0700] "GET /content/all HTTP/1.1" 200 12028 "-" "Bridgy (https://brid.gy/about)" 
35.203.245.116 - - [14/Jun/2020:11:29:15 -0700] "HEAD /2020/what-was-it-like HTTP/1.1" 200 4320 "-" "Bridgy (https://brid.gy/about)" 
35.203.245.116 - - [14/Jun/2020:11:29:15 -0700] "HEAD /2020/never-nothing-to-see-algorithmic-feeds-or-an-inbox HTTP/1.1" 200 4354 "-" "Bridgy (https://brid.gy/about)" 
35.203.245.116 - - [14/Jun/2020:11:29:15 -0700] "HEAD /2020/so-happy-to-see-helen-rosner-hels HTTP/1.1" 200 4337 "-" "Bridgy (https://brid.gy/about)" 
35.203.245.116 - - [14/Jun/2020:11:29:16 -0700] "HEAD /2020/whats-so-very-strange-about-reading-this HTTP/1.1" 200 4344 "-" "Bridgy (https://brid.gy/about)" 
35.203.245.116 - - [14/Jun/2020:11:29:16 -0700] "HEAD /2020/pthe-man-who-reads-1000-articles-a HTTP/1.1" 200 4338 "-" "Bridgy (https://brid.gy/about)" 
46.229.168.143 - - [14/Jun/2020:11:29:17 -0700] "GET /content/rsvp/?q=%23%2B%23realbread HTTP/1.1" 200 8294 "-" "Mozilla/5.0 (compatible; SemrushBot/6~bl; +http://www.semrush.com/bot.html)" 
35.203.245.116 - - [14/Jun/2020:11:29:17 -0700] "HEAD /2020/isellsoap-i-know-that-chrisaldrich-was-involved HTTP/1.1" 200 4351 "-" "Bridgy (https://brid.gy/about)" 
35.203.245.116 - - [14/Jun/2020:11:29:17 -0700] "HEAD /2020/photojazzy-this-an-awful-story-to-read HTTP/1.1" 200 4342 "-" "Bridgy (https://brid.gy/about)" 
35.203.245.116 - - [14/Jun/2020:11:29:18 -0700] "HEAD /2020/hey-uber_support-when-are-you-going-to HTTP/1.1" 200 4342 "-" "Bridgy (https://brid.gy/about)" 
35.203.245.116 - - [14/Jun/2020:11:29:18 -0700] "HEAD /2020/new-decade-new-theme-lea-verou HTTP/1.1" 200 4334 "-" "Bridgy (https://brid.gy/about)" 
35.203.245.116 - - [14/Jun/2020:11:29:18 -0700] "HEAD /2020/-7 HTTP/1.1" 200 4306 "-" "Bridgy (https://brid.gy/about)" 
54.36.148.188 - - [14/Jun/2020:11:29:24 -0700] "GET /content/rsvp/?q=%23rye HTTP/1.1" 200 8273 "-" "Mozilla/5.0 (compatible; AhrefsBot/6.1; +http://ahrefs.com/robot/)" 
46.229.168.149 - - [14/Jun/2020:11:29:57 -0700] "GET /2018/quick-reminder-virtual-homebrew-website-club-to HTTP/1.1" 200 9351 "-" "Mozilla/5.0 (compatible; SemrushBot/6~bl; +http://www.semrush.com/bot.html)" 
66.249.66.52 - - [14/Jun/2020:11:30:25 -0700] "GET /robots.txt HTTP/1.1" 200 4881 "-" "Mozilla/5.0 (compatible; Googlebot/2.1; +http://www.google.com/bot.html)" 
66.249.66.50 - - [14/Jun/2020:11:30:25 -0700] "GET /content/all/?offset=767 HTTP/1.1" 200 12164 "-" "Mozilla/5.0 (Linux; Android 6.0.1; Nexus 5X Build/MMB29P) AppleWebKit/537.36 (KHTML, like Gecko) Chrome/80.0.3987.92 Mobile Safari/537.36 (compatible; Googlebot/2.1; +http://www.google.com/bot.html)" 
46.229.168.129 - - [14/Jun/2020:11:30:47 -0700] "GET /content/rsvp/?q=%23seeded HTTP/1.1" 200 8301 "-" "Mozilla/5.0 (compatible; SemrushBot/6~bl; +http://www.semrush.com/bot.html)" 
54.36.148.201 - - [14/Jun/2020:11:30:55 -0700] "GET /content/statusupdates/?q=%23rye HTTP/1.1" 200 8283 "-" "Mozilla/5.0 (compatible; AhrefsBot/6.1; +http://ahrefs.com/robot/)" 
96.126.125.129 - - [14/Jun/2020:11:31:08 -0700] "GET /content/statusupdates/posts/photos/checkins/bookmarkedpages?_t=rss HTTP/1.1" 200 7442 "-" "Micro.blog/1.0" 
46.229.168.131 - - [14/Jun/2020:11:31:45 -0700] "GET /?offset=39&q=%23%2B%23WithKnown HTTP/1.1" 200 11560 "-" "Mozilla/5.0 (compatible; SemrushBot/6~bl; +http://www.semrush.com/bot.html)" 
64.111.100.215 - - [14/Jun/2020:11:31:52 -0700] "GET /content/all?_t=rss HTTP/1.1" 200 14885 "-" "Mozilla/5.0 (X11; U; Linux i686; fr; rv:1.9.1.1) Gecko/20090715 Firefox/3.5.1" 
54.36.148.81 - - [14/Jun/2020:11:32:27 -0700] "GET /2017/nofomo-i HTTP/1.1" 200 10085 "-" "Mozilla/5.0 (compatible; AhrefsBot/6.1; +http://ahrefs.com/robot/)" 
54.36.148.201 - - [14/Jun/2020:11:33:54 -0700] "GET /2018/well-worth-waiting-for-dense-crumb-chewy-crust-great-flavour HTTP/1.1" 200 10624 "-" "Mozilla/5.0 (compatible; AhrefsBot/6.1; +http://ahrefs.com/robot/)" 
46.229.168.136 - - [14/Jun/2020:11:34:21 -0700] "GET /content/all/?offset=11&q=%23%2B%23photo HTTP/1.1" 200 13670 "-" "Mozilla/5.0 (compatible; SemrushBot/6~bl; +http://www.semrush.com/bot.html)" 
45.79.26.51 - - [14/Jun/2020:11:34:28 -0700] "GET /content/statusupdates/posts/photos/checkins/bookmarkedpages?_t=rss HTTP/1.1" 200 7437 "-" "Micro.blog/1.0" 
46.229.168.145 - - [14/Jun/2020:11:35:22 -0700] "GET /content/posts/?q=%23leaven HTTP/1.1" 200 8299 "-" "Mozilla/5.0 (compatible; SemrushBot/6~bl; +http://www.semrush.com/bot.html)" 
54.36.148.201 - - [14/Jun/2020:11:35:26 -0700] "GET /tag/Lithuania HTTP/1.1" 200 9079 "-" "Mozilla/5.0 (compatible; AhrefsBot/6.1; +http://ahrefs.com/robot/)" 
46.229.168.149 - - [14/Jun/2020:11:36:23 -0700] "GET /?offset=12&q=%23bread HTTP/1.1" 200 12384 "-" "Mozilla/5.0 (compatible; SemrushBot/6~bl; +http://www.semrush.com/bot.html)" 
46.229.168.147 - - [14/Jun/2020:11:36:26 -0700] "GET /2018/me-neither-came-up-yesterday-in-a HTTP/1.1" 200 9322 "-" "Mozilla/5.0 (compatible; SemrushBot/6~bl; +http://www.semrush.com/bot.html)" 
46.229.168.133 - - [14/Jun/2020:11:38:15 -0700] "GET /content/bookmarkedpages/?offset=1&q=%23%2B%23food HTTP/1.1" 200 13117 "-" "Mozilla/5.0 (compatible; SemrushBot/6~bl; +http://www.semrush.com/bot.html)" 
66.249.66.52 - - [14/Jun/2020:11:38:59 -0700] "GET /2019/untitled-28 HTTP/1.1" 200 13423 "-" "Mozilla/5.0 (Linux; Android 6.0.1; Nexus 5X Build/MMB29P) AppleWebKit/537.36 (KHTML, like Gecko) Chrome/80.0.3987.92 Mobile Safari/537.36 (compatible; Googlebot/2.1; +http://www.google.com/bot.html)" 
54.36.148.201 - - [14/Jun/2020:11:39:27 -0700] "GET /file/84f9861a2a5aadef41791806aeac5081/c5f74b7e59a2873c2ec341187dda0db1 HTTP/1.1" 200 164587 "-" "Mozilla/5.0 (compatible; AhrefsBot/6.1; +http://ahrefs.com/robot/)" 
66.249.66.52 - - [14/Jun/2020:11:39:53 -0700] "GET /content/statusupdates/?offset=158 HTTP/1.1" 200 12046 "-" "Mozilla/5.0 (Linux; Android 6.0.1; Nexus 5X Build/MMB29P) AppleWebKit/537.36 (KHTML, like Gecko) Chrome/80.0.3987.92 Mobile Safari/537.36 (compatible; Googlebot/2.1; +http://www.google.com/bot.html)" 
96.126.125.129 - - [14/Jun/2020:11:39:54 -0700] "GET /content/statusupdates/posts/photos/checkins/bookmarkedpages?_t=rss HTTP/1.1" 200 7442 "-" "Micro.blog/1.0" 
46.229.168.132 - - [14/Jun/2020:11:40:22 -0700] "GET /content/locations/?q=%23cooking HTTP/1.1" 200 8307 "-" "Mozilla/5.0 (compatible; SemrushBot/6~bl; +http://www.semrush.com/bot.html)" 
54.36.148.33 - - [14/Jun/2020:11:41:40 -0700] "GET /file/09f4bf26fcb9eabaa28b0e5a3dbe182e/c0614d7356c9311d1b67dd36dfe3a954 HTTP/1.1" 200 85753 "-" "Mozilla/5.0 (compatible; AhrefsBot/6.1; +http://ahrefs.com/robot/)" 
46.229.168.144 - - [14/Jun/2020:11:41:56 -0700] "GET /2018/were-live-now-on-virtual-hwcevents2018-05-02-homebrew-website-clubvirtual_european_time--why/annotations/46f242ec4f0d5b8adf4a94618680445b HTTP/1.1" 200 8447 "-" "Mozilla/5.0 (compatible; SemrushBot/6~bl; +http://www.semrush.com/bot.html)" 
207.46.13.63 - - [14/Jun/2020:11:42:57 -0700] "GET /2019/snagging-on-the-new-website-theme-is HTTP/1.1" 304 4068 "-" "Mozilla/5.0 (compatible; bingbot/2.0; +http://www.bing.com/bingbot.htm)" 
46.229.168.142 - - [14/Jun/2020:11:43:20 -0700] "GET /tag/IndieWeb?offset=65 HTTP/1.1" 200 11305 "-" "Mozilla/5.0 (compatible; SemrushBot/6~bl; +http://www.semrush.com/bot.html)" 
46.229.168.129 - - [14/Jun/2020:11:43:49 -0700] "GET /2018/our-daily-bread-11---its-not-naturaldvgu30lkis3wheat-has-a HTTP/1.1" 200 10901 "-" "Mozilla/5.0 (compatible; SemrushBot/6~bl; +http://www.semrush.com/bot.html)" 
96.126.125.129 - - [14/Jun/2020:11:44:04 -0700] "GET /content/statusupdates/posts/photos/checkins/bookmarkedpages?_t=rss HTTP/1.1" 200 7442 "-" "Micro.blog/1.0" 
54.36.148.132 - - [14/Jun/2020:11:44:54 -0700] "GET /2020/pizza-night-again HTTP/1.1" 200 9287 "-" "Mozilla/5.0 (compatible; AhrefsBot/6.1; +http://ahrefs.com/robot/)" 
46.229.168.136 - - [14/Jun/2020:11:47:10 -0700] "GET /content/all/?offset=9&q=%23Rye HTTP/1.1" 200 8833 "-" "Mozilla/5.0 (compatible; SemrushBot/6~bl; +http://www.semrush.com/bot.html)" 
46.229.168.129 - - [14/Jun/2020:11:47:14 -0700] "GET /2017/we-are-still-a-long-way-from-home HTTP/1.1" 200 10225 "-" "Mozilla/5.0 (compatible; SemrushBot/6~bl; +http://www.semrush.com/bot.html)" 
64.111.100.215 - - [14/Jun/2020:11:47:14 -0700] "GET /content/all?_t=rss HTTP/1.1" 200 14885 "-" "Mozilla/5.0 (X11; U; Linux i686; fr; rv:1.9.1.1) Gecko/20090715 Firefox/3.5.1" 
45.79.26.51 - - [14/Jun/2020:11:47:21 -0700] "GET /content/statusupdates/posts/photos/checkins/bookmarkedpages?_t=rss HTTP/1.1" 200 7437 "-" "Micro.blog/1.0" 
157.55.39.98 - - [14/Jun/2020:11:47:24 -0700] "GET /2018/about-to-head-out-on-a-delivery-run HTTP/1.1" 200 13465 "-" "Mozilla/5.0 (compatible; bingbot/2.0; +http://www.bing.com/bingbot.htm)" 
46.229.168.163 - - [14/Jun/2020:11:48:14 -0700] "GET /content/photos/?q=%23%2B%23174 HTTP/1.1" 200 9311 "-" "Mozilla/5.0 (compatible; SemrushBot/6~bl; +http://www.semrush.com/bot.html)" 
66.249.66.48 - - [14/Jun/2020:11:49:19 -0700] "GET /robots.txt HTTP/1.1" 200 4857 "-" "Mozilla/5.0 (compatible; Googlebot/2.1; +http://www.google.com/bot.html)" 
66.249.66.46 - - [14/Jun/2020:11:49:19 -0700] "GET /content/events/?q=%23+%23WithKnown HTTP/1.1" 200 9600 "-" "Mozilla/5.0 (Linux; Android 6.0.1; Nexus 5X Build/MMB29P) AppleWebKit/537.36 (KHTML, like Gecko) Chrome/80.0.3987.92 Mobile Safari/537.36 (compatible; Googlebot/2.1; +http://www.google.com/bot.html)" 
66.249.66.48 - - [14/Jun/2020:11:49:21 -0700] "GET /view/cdf298e28f2cf0ee11a4fdbdd26ce930 HTTP/1.1" 200 9996 "-" "Mozilla/5.0 (Linux; Android 6.0.1; Nexus 5X Build/MMB29P) AppleWebKit/537.36 (KHTML, like Gecko) Chrome/80.0.3987.92 Mobile Safari/537.36 (compatible; Googlebot/2.1; +http://www.google.com/bot.html)" 
54.36.148.201 - - [14/Jun/2020:11:49:46 -0700] "GET /tag/Rye HTTP/1.1" 200 12094 "-" "Mozilla/5.0 (compatible; AhrefsBot/6.1; +http://ahrefs.com/robot/)" 
46.229.168.152 - - [14/Jun/2020:11:50:37 -0700] "GET /tag/sourdough?offset=44 HTTP/1.1" 200 11420 "-" "Mozilla/5.0 (compatible; SemrushBot/6~bl; +http://www.semrush.com/bot.html)" 
54.36.149.45 - - [14/Jun/2020:11:50:57 -0700] "GET /2018/cornells-brian-wansink-a-crisis-in-food-science/annotations/263b39602527f24128b9e896d2ac8b1c HTTP/1.1" 200 8130 "-" "Mozilla/5.0 (compatible; AhrefsBot/6.1; +http://ahrefs.com/robot/)" 
46.229.168.135 - - [14/Jun/2020:11:51:36 -0700] "GET /content/all/?offset=5&q=%23sourdough HTTP/1.1" 200 12390 "-" "Mozilla/5.0 (compatible; SemrushBot/6~bl; +http://www.semrush.com/bot.html)" 
46.229.168.153 - - [14/Jun/2020:11:52:53 -0700] "GET /robots.txt HTTP/1.1" 200 4300 "-" "Mozilla/5.0 (compatible; SemrushBot/6~bl; +http://www.semrush.com/bot.html)" 
46.229.168.141 - - [14/Jun/2020:11:52:54 -0700] "GET /?offset=10&q=%23bread HTTP/1.1" 200 12683 "-" "Mozilla/5.0 (compatible; SemrushBot/6~bl; +http://www.semrush.com/bot.html)" 
45.79.26.51 - - [14/Jun/2020:11:53:10 -0700] "GET /content/statusupdates/posts/photos/checkins/bookmarkedpages?_t=rss HTTP/1.1" 200 7437 "-" "Micro.blog/1.0" 
46.229.168.129 - - [14/Jun/2020:11:54:46 -0700] "GET /2020/today-in-random-pieces-of-delight-shared HTTP/1.1" 200 9702 "-" "Mozilla/5.0 (compatible; SemrushBot/6~bl; +http://www.semrush.com/bot.html)" 
54.36.148.81 - - [14/Jun/2020:11:57:17 -0700] "GET /2020/2020-02-16 HTTP/1.1" 200 10491 "-" "Mozilla/5.0 (compatible; AhrefsBot/6.1; +http://ahrefs.com/robot/)" 
45.79.26.51 - - [14/Jun/2020:11:57:33 -0700] "GET /content/statusupdates/posts/photos/checkins/bookmarkedpages?_t=rss HTTP/1.1" 200 7437 "-" "Micro.blog/1.0" 
54.36.148.81 - - [14/Jun/2020:11:58:28 -0700] "GET /content/locations/?offset=20 HTTP/1.1" 200 10763 "-" "Mozilla/5.0 (compatible; AhrefsBot/6.1; +http://ahrefs.com/robot/)" 
66.249.66.48 - - [14/Jun/2020:11:58:49 -0700] "GET /content/all/?offset=777&_t=rss HTTP/1.1" 200 7978 "-" "Mozilla/5.0 (Linux; Android 6.0.1; Nexus 5X Build/MMB29P) AppleWebKit/537.36 (KHTML, like Gecko) Chrome/80.0.3987.92 Mobile Safari/537.36 (compatible; Googlebot/2.1; +http://www.google.com/bot.html)" 
66.249.66.50 - - [14/Jun/2020:11:59:28 -0700] "GET /service/web/unfurl/?url=https%3A%2F%2Fknown.stierand.org%2F&__bTk=7de3e6cc077227cdf84c983bd5691025adee59b55098d4ecb98311bc27c3b5a0&__bTs=1591488000 HTTP/1.1" 403 4944 "https://www.stream.jeremycherfas.net/content/all/?offset=884" "Mozilla/5.0 (Linux; Android 6.0.1; Nexus 5X Build/MMB29P) AppleWebKit/537.36 (KHTML, like Gecko) Chrome/83.0.4103.93 Mobile Safari/537.36 (compatible; Googlebot/2.1; +http://www.google.com/bot.html)" 
66.249.66.50 - - [14/Jun/2020:11:59:29 -0700] "GET /service/web/unfurl/?url=http%3A%2F%2Fnotes.kateva.org%2F2018%2F10%2Fwe-still-need-way-to-explore-and.html&__bTk=7de3e6cc077227cdf84c983bd5691025adee59b55098d4ecb98311bc27c3b5a0&__bTs=1591488000 HTTP/1.1" 403 1318 "https://www.stream.jeremycherfas.net/content/all/?offset=884" "Mozilla/5.0 (Linux; Android 6.0.1; Nexus 5X Build/MMB29P) AppleWebKit/537.36 (KHTML, like Gecko) Chrome/83.0.4103.93 Mobile Safari/537.36 (compatible; Googlebot/2.1; +http://www.google.com/bot.html)" 
66.249.66.50 - - [14/Jun/2020:11:59:29 -0700] "GET /service/web/unfurl/?url=https%3A%2F%2Fknown.stierand.org%2F&__bTk=7de3e6cc077227cdf84c983bd5691025adee59b55098d4ecb98311bc27c3b5a0&__bTs=1591620708 HTTP/1.1" 403 1272 "https://www.stream.jeremycherfas.net/content/all/?offset=884" "Mozilla/5.0 (Linux; Android 6.0.1; Nexus 5X Build/MMB29P) AppleWebKit/537.36 (KHTML, like Gecko) Chrome/83.0.4103.93 Mobile Safari/537.36 (compatible; Googlebot/2.1; +http://www.google.com/bot.html)" 
66.249.66.50 - - [14/Jun/2020:11:59:30 -0700] "GET /service/web/unfurl/?url=http%3A%2F%2Fnotes.kateva.org%2F2018%2F10%2Fwe-still-need-way-to-explore-and.html&__bTk=7de3e6cc077227cdf84c983bd5691025adee59b55098d4ecb98311bc27c3b5a0&__bTs=1591620708 HTTP/1.1" 403 1318 "https://www.stream.jeremycherfas.net/content/all/?offset=884" "Mozilla/5.0 (Linux; Android 6.0.1; Nexus 5X Build/MMB29P) AppleWebKit/537.36 (KHTML, like Gecko) Chrome/83.0.4103.93 Mobile Safari/537.36 (compatible; Googlebot/2.1; +http://www.google.com/bot.html)" 
46.229.168.148 - - [14/Jun/2020:11:59:31 -0700] "GET /content/all/?offset=10&q=%23IndieWeb HTTP/1.1" 200 11665 "-" "Mozilla/5.0 (compatible; SemrushBot/6~bl; +http://www.semrush.com/bot.html)" 
54.36.148.201 - - [14/Jun/2020:11:59:36 -0700] "GET /tag/+%23indieweb HTTP/1.1" 200 14792 "-" "Mozilla/5.0 (compatible; AhrefsBot/6.1; +http://ahrefs.com/robot/)" 
66.249.66.48 - - [14/Jun/2020:11:59:40 -0700] "GET /service/web/unfurl/?url=https%3A%2F%2Fknown.stierand.org%2F&__bTk=f33091aa37b5a26a21a6e2f0ff127b8fade124cff31edf11df3ba76a61149115&__bTs=1591235031 HTTP/1.1" 403 4944 "https://www.stream.jeremycherfas.net/content/all/?offset=871&_t=amp" "Mozilla/5.0 (Linux; Android 6.0.1; Nexus 5X Build/MMB29P) AppleWebKit/537.36 (KHTML, like Gecko) Chrome/83.0.4103.93 Mobile Safari/537.36 (compatible; Googlebot/2.1; +http://www.google.com/bot.html)" 
66.249.66.50 - - [14/Jun/2020:11:59:40 -0700] "GET /service/web/unfurl/?url=http%3A%2F%2Fnotes.kateva.org%2F2018%2F10%2Fwe-still-need-way-to-explore-and.html&__bTk=f33091aa37b5a26a21a6e2f0ff127b8fade124cff31edf11df3ba76a61149115&__bTs=1591235031 HTTP/1.1" 403 4990 "https://www.stream.jeremycherfas.net/content/all/?offset=871&_t=amp" "Mozilla/5.0 (Linux; Android 6.0.1; Nexus 5X Build/MMB29P) AppleWebKit/537.36 (KHTML, like Gecko) Chrome/83.0.4103.93 Mobile Safari/537.36 (compatible; Googlebot/2.1; +http://www.google.com/bot.html)" 
66.249.66.48 - - [14/Jun/2020:12:00:02 -0700] "GET /service/web/unfurl/?url=https%3A%2F%2Fwerd.io%2F2019%2Ffixing-the-financial-dilemma-at-the-heart-of-our-broken&__bTk=d87e04dab4fdfc962ede8b0b58de731acf971afb76eec2a72562b0166c5cf83b&__bTs=1590692933 HTTP/1.1" 403 4971 "https://stream.jeremycherfas.net/?offset=487" "Mozilla/5.0 (Linux; Android 6.0.1; Nexus 5X Build/MMB29P) AppleWebKit/537.36 (KHTML, like Gecko) Chrome/83.0.4103.93 Mobile Safari/537.36 (compatible; Googlebot/2.1; +http://www.google.com/bot.html)" 
46.229.168.143 - - [14/Jun/2020:12:00:11 -0700] "GET /tag/indieweb?offset=109 HTTP/1.1" 200 11929 "-" "Mozilla/5.0 (compatible; SemrushBot/6~bl; +http://www.semrush.com/bot.html)" 
46.229.168.148 - - [14/Jun/2020:12:00:13 -0700] "GET /content/all/?q=%23foodcommunicationconf HTTP/1.1" 200 9052 "-" "Mozilla/5.0 (compatible; SemrushBot/6~bl; +http://www.semrush.com/bot.html)" 
54.36.148.81 - - [14/Jun/2020:12:00:42 -0700] "GET /2018/after-enjoying-a-lovely-day-off-yesterday HTTP/1.1" 200 10566 "-" "Mozilla/5.0 (compatible; AhrefsBot/6.1; +http://ahrefs.com/robot/)" 
46.229.168.138 - - [14/Jun/2020:12:01:07 -0700] "GET /?q=%23antibiotics HTTP/1.1" 200 9779 "-" "Mozilla/5.0 (compatible; SemrushBot/6~bl; +http://www.semrush.com/bot.html)" 
17.58.102.79 - - [14/Jun/2020:12:01:22 -0700] "GET /?offset=10 HTTP/1.1" 200 11540 "-" "Mozilla/5.0 (Macintosh; Intel Mac OS X 10_15_5) AppleWebKit/605.1.15 (KHTML, like Gecko) Version/13.1.1 Safari/605.1.15 (Applebot/0.1; +http://www.apple.com/go/applebot)" 
167.172.118.185 - - [14/Jun/2020:12:01:25 -0700] "GET /?_t=rss HTTP/1.1" 200 7443 "-" "Feedbin feed-id:1536727 - 1 subscribers" 
96.126.125.129 - - [14/Jun/2020:12:01:37 -0700] "GET /content/statusupdates/posts/photos/checkins/bookmarkedpages?_t=rss HTTP/1.1" 200 7442 "-" "Micro.blog/1.0" 
46.229.168.133 - - [14/Jun/2020:12:02:12 -0700] "GET /content/posts/?q=%23%2B%23food HTTP/1.1" 200 11023 "-" "Mozilla/5.0 (compatible; SemrushBot/6~bl; +http://www.semrush.com/bot.html)" 
64.111.100.215 - - [14/Jun/2020:12:03:02 -0700] "GET /content/all?_t=rss HTTP/1.1" 200 14885 "-" "Mozilla/5.0 (X11; U; Linux i686; fr; rv:1.9.1.1) Gecko/20090715 Firefox/3.5.1" 
54.36.149.87 - - [14/Jun/2020:12:03:08 -0700] "GET /2019/first-big-for-me-bake-of-a-new-season-multi-seeded HTTP/1.1" 200 9532 "-" "Mozilla/5.0 (compatible; AhrefsBot/6.1; +http://ahrefs.com/robot/)" 
165.231.234.50 - - [14/Jun/2020:12:03:41 -0700] "GET /profile/jeremy HTTP/1.1" 200 29088 "https://stream.jeremycherfas.net" "Mozilla/5.0 (Windows NT 10.0; Win64; x64) AppleWebKit/537.36 (KHTML, like Gecko) Chrome/62.0.3202.94 Safari/537.36" 
54.36.148.201 - - [14/Jun/2020:12:04:22 -0700] "GET /tag/indiewebcitizen HTTP/1.1" 200 9245 "-" "Mozilla/5.0 (compatible; AhrefsBot/6.1; +http://ahrefs.com/robot/)" 
45.79.26.51 - - [14/Jun/2020:12:04:58 -0700] "GET /content/statusupdates/posts/photos/checkins/bookmarkedpages?_t=rss HTTP/1.1" 200 7437 "-" "Micro.blog/1.0" 
46.229.168.151 - - [14/Jun/2020:12:05:18 -0700] "GET /content/rsvp/?q=%23%2B%23cooking HTTP/1.1" 200 8289 "-" "Mozilla/5.0 (compatible; SemrushBot/6~bl; +http://www.semrush.com/bot.html)" 
54.36.148.81 - - [14/Jun/2020:12:06:25 -0700] "GET /2017/rises HTTP/1.1" 200 10315 "-" "Mozilla/5.0 (compatible; AhrefsBot/6.1; +http://ahrefs.com/robot/)" 
46.229.168.147 - - [14/Jun/2020:12:06:34 -0700] "GET /content/photos/?offset=27&q=%23%2B%23sourdough HTTP/1.1" 200 11391 "-" "Mozilla/5.0 (compatible; SemrushBot/6~bl; +http://www.semrush.com/bot.html)" 
54.36.148.81 - - [14/Jun/2020:12:07:21 -0700] "GET /2017/the-bakers-reward HTTP/1.1" 200 10966 "-" "Mozilla/5.0 (compatible; AhrefsBot/6.1; +http://ahrefs.com/robot/)" 
66.249.66.52 - - [14/Jun/2020:12:08:17 -0700] "GET /content/statusupdates/?offset=168&_t=rss HTTP/1.1" 200 7634 "-" "Mozilla/5.0 (Linux; Android 6.0.1; Nexus 5X Build/MMB29P) AppleWebKit/537.36 (KHTML, like Gecko) Chrome/80.0.3987.92 Mobile Safari/537.36 (compatible; Googlebot/2.1; +http://www.google.com/bot.html)" 
54.36.148.201 - - [14/Jun/2020:12:08:19 -0700] "GET /tag/leaven HTTP/1.1" 200 12428 "-" "Mozilla/5.0 (compatible; AhrefsBot/6.1; +http://ahrefs.com/robot/)" 
46.229.168.132 - - [14/Jun/2020:12:08:43 -0700] "GET /2017/this-is-a-perfect-use-of-huffduffercom-to-listen-to HTTP/1.1" 200 9426 "-" "Mozilla/5.0 (compatible; SemrushBot/6~bl; +http://www.semrush.com/bot.html)" 
114.119.165.105 - - [14/Jun/2020:12:08:52 -0700] "GET /tag/Indieweb?offset=50 HTTP/1.1" 200 12487 "-" "Mozilla/5.0 (Linux; Android 7.0;) AppleWebKit/537.36 (KHTML, like Gecko) Mobile Safari/537.36 (compatible; PetalBot;+https://aspiegel.com/petalbot)" 
46.229.168.151 - - [14/Jun/2020:12:09:11 -0700] "GET /2018/latest-episode-is-a-chat-with-thesugarchef-about-her-life HTTP/1.1" 200 12066 "-" "Mozilla/5.0 (compatible; SemrushBot/6~bl; +http://www.semrush.com/bot.html)" 
54.36.148.232 - - [14/Jun/2020:12:09:13 -0700] "GET /tag/testtag HTTP/1.1" 200 9274 "-" "Mozilla/5.0 (compatible; AhrefsBot/6.1; +http://ahrefs.com/robot/)" 
45.79.26.51 - - [14/Jun/2020:12:09:17 -0700] "GET /content/statusupdates/posts/photos/checkins/bookmarkedpages?_t=rss HTTP/1.1" 200 7437 "-" "Micro.blog/1.0" 
46.229.168.147 - - [14/Jun/2020:12:10:16 -0700] "GET /2019/pay-no-attention-im-actually-testing-my-photos-to-try HTTP/1.1" 200 14970 "-" "Mozilla/5.0 (compatible; SemrushBot/6~bl; +http://www.semrush.com/bot.html)" 
46.229.168.163 - - [14/Jun/2020:12:10:27 -0700] "GET /content/photos/?offset=41&q=%23Sourdough HTTP/1.1" 200 11357 "-" "Mozilla/5.0 (compatible; SemrushBot/6~bl; +http://www.semrush.com/bot.html)" 
54.36.148.81 - - [14/Jun/2020:12:11:11 -0700] "GET /2018/the-infallible-standby-multigrain-seedy-wholewheatsourdough HTTP/1.1" 200 10960 "-" "Mozilla/5.0 (compatible; AhrefsBot/6.1; +http://ahrefs.com/robot/)" 
46.229.168.144 - - [14/Jun/2020:12:11:57 -0700] "GET /?offset=134&q=%23%2B%23indieweb HTTP/1.1" 200 12807 "-" "Mozilla/5.0 (compatible; SemrushBot/6~bl; +http://www.semrush.com/bot.html)" 
46.229.168.141 - - [14/Jun/2020:12:12:12 -0700] "GET /content/all/?offset=40&q=%23known HTTP/1.1" 200 9526 "-" "Mozilla/5.0 (compatible; SemrushBot/6~bl; +http://www.semrush.com/bot.html)" 
46.229.168.161 - - [14/Jun/2020:12:12:29 -0700] "GET /tag/indieweb?offset=116 HTTP/1.1" 200 12071 "-" "Mozilla/5.0 (compatible; SemrushBot/6~bl; +http://www.semrush.com/bot.html)" 
45.79.26.51 - - [14/Jun/2020:12:13:09 -0700] "GET /content/statusupdates/posts/photos/checkins/bookmarkedpages?_t=rss HTTP/1.1" 200 7437 "-" "Micro.blog/1.0" 
46.229.168.133 - - [14/Jun/2020:12:13:16 -0700] "GET /content/all/?offset=70&q=%23%2B%23indieweb HTTP/1.1" 200 11917 "-" "Mozilla/5.0 (compatible; SemrushBot/6~bl; +http://www.semrush.com/bot.html)" 
77.75.77.101 - - [14/Jun/2020:12:13:34 -0700] "GET /robots.txt HTTP/1.1" 200 4318 "-" "Mozilla/5.0 (compatible; SeznamBot/3.2; +http://napoveda.seznam.cz/en/seznambot-intro/)" 
77.75.77.101 - - [14/Jun/2020:12:13:35 -0700] "GET /file/b538d4eff9ea3f036f7d5647d669c5ba/888b14c8513209fb8948dc6808074417 HTTP/1.1" 304 3529 "-" "Mozilla/5.0 (compatible; SeznamBot/3.2; +http://napoveda.seznam.cz/en/seznambot-intro/)" 
157.55.39.110 - - [14/Jun/2020:12:13:43 -0700] "GET /2017/pazzobooks-thanks-tom-not-all-history-today-the-future-of HTTP/1.1" 200 10300 "-" "Mozilla/5.0 (compatible; bingbot/2.0; +http://www.bing.com/bingbot.htm)" 
157.55.39.98 - - [14/Jun/2020:12:13:51 -0700] "GET /2019/i-do-fear-that-quotepisodequot-is-going/annotations/60be57828ffc896524660343807cc096 HTTP/1.1" 200 8943 "-" "Mozilla/5.0 (compatible; bingbot/2.0; +http://www.bing.com/bingbot.htm)" 
54.36.148.201 - - [14/Jun/2020:12:15:20 -0700] "GET /?q=%23leaven HTTP/1.1" 200 12460 "-" "Mozilla/5.0 (compatible; AhrefsBot/6.1; +http://ahrefs.com/robot/)" 
54.36.148.81 - - [14/Jun/2020:12:16:27 -0700] "GET /content/all/?q=%23leaven HTTP/1.1" 200 12483 "-" "Mozilla/5.0 (compatible; AhrefsBot/6.1; +http://ahrefs.com/robot/)" 
54.36.148.201 - - [14/Jun/2020:12:17:39 -0700] "GET /2017/must-we-copy-everything HTTP/1.1" 200 11389 "-" "Mozilla/5.0 (compatible; AhrefsBot/6.1; +http://ahrefs.com/robot/)" 
46.229.168.140 - - [14/Jun/2020:12:17:41 -0700] "GET /tag/bread?offset=64 HTTP/1.1" 200 12051 "-" "Mozilla/5.0 (compatible; SemrushBot/6~bl; +http://www.semrush.com/bot.html)" 
66.249.66.52 - - [14/Jun/2020:12:17:45 -0700] "GET /content/statusupdates/?offset=421&_t=rss HTTP/1.1" 200 5792 "-" "Mozilla/5.0 (Linux; Android 6.0.1; Nexus 5X Build/MMB29P) AppleWebKit/537.36 (KHTML, like Gecko) Chrome/80.0.3987.92 Mobile Safari/537.36 (compatible; Googlebot/2.1; +http://www.google.com/bot.html)" 
64.111.100.215 - - [14/Jun/2020:12:18:20 -0700] "GET /content/all?_t=rss HTTP/1.1" 200 14885 "-" "Mozilla/5.0 (X11; U; Linux i686; fr; rv:1.9.1.1) Gecko/20090715 Firefox/3.5.1" 
46.229.168.145 - - [14/Jun/2020:12:18:22 -0700] "GET /content/rsvp/?q=%23photo HTTP/1.1" 200 8267 "-" "Mozilla/5.0 (compatible; SemrushBot/6~bl; +http://www.semrush.com/bot.html)" 
157.55.39.110 - - [14/Jun/2020:12:18:45 -0700] "GET /2019/yes-i-just-registered-for-indie-web-camp-brighton-2019 HTTP/1.1" 304 4068 "-" "Mozilla/5.0 (compatible; bingbot/2.0; +http://www.bing.com/bingbot.htm)" 
46.229.168.146 - - [14/Jun/2020:12:18:51 -0700] "GET /?offset=99&q=%23%2B%23indieweb HTTP/1.1" 200 14695 "-" "Mozilla/5.0 (compatible; SemrushBot/6~bl; +http://www.semrush.com/bot.html)" 
45.79.26.51 - - [14/Jun/2020:12:18:57 -0700] "GET /content/statusupdates/posts/photos/checkins/bookmarkedpages?_t=rss HTTP/1.1" 200 7437 "-" "Micro.blog/1.0" 
46.229.168.129 - - [14/Jun/2020:12:19:52 -0700] "GET /?offset=43&q=%23sourdough HTTP/1.1" 200 11493 "-" "Mozilla/5.0 (compatible; SemrushBot/6~bl; +http://www.semrush.com/bot.html)" 
46.229.168.137 - - [14/Jun/2020:12:19:59 -0700] "GET /?offset=20&q=%23%2B%23bread HTTP/1.1" 200 11913 "-" "Mozilla/5.0 (compatible; SemrushBot/6~bl; +http://www.semrush.com/bot.html)" 
46.229.168.161 - - [14/Jun/2020:12:21:34 -0700] "GET /content/audio/?q=%23fornacalia HTTP/1.1" 200 9134 "-" "Mozilla/5.0 (compatible; SemrushBot/6~bl; +http://www.semrush.com/bot.html)" 
54.36.148.156 - - [14/Jun/2020:12:22:32 -0700] "GET /2020/it-is-extremely-regrettable-and-demoralising-that HTTP/1.1" 200 9338 "-" "Mozilla/5.0 (compatible; AhrefsBot/6.1; +http://ahrefs.com/robot/)" 
54.36.148.201 - - [14/Jun/2020:12:23:30 -0700] "GET /2020/ive-been-getting-myself-in-a-right HTTP/1.1" 200 10640 "-" "Mozilla/5.0 (compatible; AhrefsBot/6.1; +http://ahrefs.com/robot/)" 
46.229.168.161 - - [14/Jun/2020:12:23:31 -0700] "GET /2019/i-dont-know-what-this-was-exactly-except-it-was HTTP/1.1" 200 9915 "-" "Mozilla/5.0 (compatible; SemrushBot/6~bl; +http://www.semrush.com/bot.html)" 
54.36.148.81 - - [14/Jun/2020:12:24:39 -0700] "GET /2017/havent-made-this-much-in-a-while-but-all-all HTTP/1.1" 200 10490 "-" "Mozilla/5.0 (compatible; AhrefsBot/6.1; +http://ahrefs.com/robot/)" 
46.229.168.144 - - [14/Jun/2020:12:25:20 -0700] "GET /2018/american-culture-and-platforms-for-consumer-creativity-case-study-4 HTTP/1.1" 200 9730 "-" "Mozilla/5.0 (compatible; SemrushBot/6~bl; +http://www.semrush.com/bot.html)" 
54.36.149.82 - - [14/Jun/2020:12:25:43 -0700] "GET /2017/can-withknown-do-threaded-replies-seems-silly-to-have-to HTTP/1.1" 200 9327 "-" "Mozilla/5.0 (compatible; AhrefsBot/6.1; +http://ahrefs.com/robot/)" 
54.36.148.58 - - [14/Jun/2020:12:26:47 -0700] "GET /2017/hey-withknown-cant-seem-to-find-rsvps-in-099-can HTTP/1.1" 200 9633 "-" "Mozilla/5.0 (compatible; AhrefsBot/6.1; +http://ahrefs.com/robot/)" 
66.249.66.48 - - [14/Jun/2020:12:27:13 -0700] "GET /view/d5fd9301125dc1fe8c7504e542b82c16 HTTP/1.1" 200 10127 "-" "Mozilla/5.0 (Linux; Android 6.0.1; Nexus 5X Build/MMB29P) AppleWebKit/537.36 (KHTML, like Gecko) Chrome/80.0.3987.92 Mobile Safari/537.36 (compatible; Googlebot/2.1; +http://www.google.com/bot.html)" 
207.46.13.63 - - [14/Jun/2020:12:27:42 -0700] "GET /2018/golden-raisin-bread-natural-leaven-25%25-wholemeal-about-70%25-hydration HTTP/1.1" 304 4068 "-" "Mozilla/5.0 (compatible; bingbot/2.0; +http://www.bing.com/bingbot.htm)" 
46.229.168.141 - - [14/Jun/2020:12:27:45 -0700] "GET /?offset=40&q=%23bread HTTP/1.1" 200 12165 "-" "Mozilla/5.0 (compatible; SemrushBot/6~bl; +http://www.semrush.com/bot.html)" 
54.36.148.186 - - [14/Jun/2020:12:27:58 -0700] "GET /content/photos/?q=%23leaven HTTP/1.1" 200 12382 "-" "Mozilla/5.0 (compatible; AhrefsBot/6.1; +http://ahrefs.com/robot/)" 
45.79.26.51 - - [14/Jun/2020:12:28:02 -0700] "GET /content/statusupdates/posts/photos/checkins/bookmarkedpages?_t=rss HTTP/1.1" 200 7437 "-" "Micro.blog/1.0" 
46.229.168.151 - - [14/Jun/2020:12:28:31 -0700] "GET /2020/get-political-reporters-off-the-coronavirus-story-because-they-dont HTTP/1.1" 200 9661 "-" "Mozilla/5.0 (compatible; SemrushBot/6~bl; +http://www.semrush.com/bot.html)" 
46.229.168.138 - - [14/Jun/2020:12:30:46 -0700] "GET /content/locations/?q=%23%2B%23kalonji HTTP/1.1" 200 8325 "-" "Mozilla/5.0 (compatible; SemrushBot/6~bl; +http://www.semrush.com/bot.html)" 
46.229.168.146 - - [14/Jun/2020:12:31:31 -0700] "GET /content/rsvp/?q=%23igbreadclub HTTP/1.1" 200 8311 "-" "Mozilla/5.0 (compatible; SemrushBot/6~bl; +http://www.semrush.com/bot.html)" 
96.126.125.129 - - [14/Jun/2020:12:32:20 -0700] "GET /content/statusupdates/posts/photos/checkins/bookmarkedpages?_t=rss HTTP/1.1" 200 7442 "-" "Micro.blog/1.0" 
167.172.219.142 - - [14/Jun/2020:12:33:38 -0700] "GET /?_t=rss HTTP/1.1" 304 3495 "-" "Feedbin feed-id:1536727 - 1 subscribers" 
54.36.148.81 - - [14/Jun/2020:12:33:41 -0700] "GET /?q=%23+%23Rome HTTP/1.1" 200 13153 "-" "Mozilla/5.0 (compatible; AhrefsBot/6.1; +http://ahrefs.com/robot/)" 
46.229.168.154 - - [14/Jun/2020:12:33:41 -0700] "GET /?offset=60&q=%23indieweb HTTP/1.1" 200 12055 "-" "Mozilla/5.0 (compatible; SemrushBot/6~bl; +http://www.semrush.com/bot.html)" 
64.111.100.215 - - [14/Jun/2020:12:33:49 -0700] "GET /content/all?_t=rss HTTP/1.1" 200 14885 "-" "Mozilla/5.0 (X11; U; Linux i686; fr; rv:1.9.1.1) Gecko/20090715 Firefox/3.5.1" 
157.55.39.110 - - [14/Jun/2020:12:34:04 -0700] "GET /2017/it-is-odd-how-john-prizewinning-postblogwordpress-wild-and-freehe-though-that-he-knew-what-love-wa-gives-too-many HTTP/1.1" 200 11261 "-" "Mozilla/5.0 (compatible; bingbot/2.0; +http://www.bing.com/bingbot.htm)" 
46.229.168.148 - - [14/Jun/2020:12:34:22 -0700] "GET /content/photos?offset=50 HTTP/1.1" 200 10859 "-" "Mozilla/5.0 (compatible; SemrushBot/6~bl; +http://www.semrush.com/bot.html)" 
46.229.168.163 - - [14/Jun/2020:12:34:29 -0700] "GET /?offset=76&q=%23IndieWeb HTTP/1.1" 200 13502 "-" "Mozilla/5.0 (compatible; SemrushBot/6~bl; +http://www.semrush.com/bot.html)" 
54.36.148.166 - - [14/Jun/2020:12:34:42 -0700] "GET /content/all/?q=%23+%23Rome HTTP/1.1" 200 13174 "-" "Mozilla/5.0 (compatible; AhrefsBot/6.1; +http://ahrefs.com/robot/)" 
46.229.168.151 - - [14/Jun/2020:12:34:42 -0700] "GET /content/all/?offset=45&q=%23%2B%23podcast HTTP/1.1" 200 13317 "-" "Mozilla/5.0 (compatible; SemrushBot/6~bl; +http://www.semrush.com/bot.html)" 
54.242.55.204 - - [14/Jun/2020:12:35:33 -0700] "GET /content/all?_t=rss HTTP/1.1" 304 3485 "https://www.google.com/" "Mozilla/5.0 (Windows NT 10.0; Win64; x64) AppleWebKit/537.36 (KHTML, like Gecko) Chrome/80.0.3987.106 Safari/537.36" 
54.36.148.8 - - [14/Jun/2020:12:35:39 -0700] "GET /content/photos/?q=%23+%23Rome HTTP/1.1" 200 12073 "-" "Mozilla/5.0 (compatible; AhrefsBot/6.1; +http://ahrefs.com/robot/)" 
3.80.170.3 - - [14/Jun/2020:12:35:43 -0700] "GET /feed/ HTTP/1.1" 304 3485 "https://www.google.com/" "Mozilla/5.0 (Macintosh; Intel Mac OS X 10.14; rv:74.0) Gecko/20100101 Firefox/74.0" 
45.79.26.51 - - [14/Jun/2020:12:35:53 -0700] "GET /content/statusupdates/posts/photos/checkins/bookmarkedpages?_t=rss HTTP/1.1" 200 7437 "-" "Micro.blog/1.0" 
100.26.155.210 - - [14/Jun/2020:12:35:59 -0700] "GET /?_t=rss HTTP/1.1" 200 7435 "-" "glitch-feeder/1.0 (+https://glitch.com/~lmo-feeder)" 
54.36.148.27 - - [14/Jun/2020:12:36:36 -0700] "GET /2019/this-is-a-test-reply-from-omnibear HTTP/1.1" 200 9758 "-" "Mozilla/5.0 (compatible; AhrefsBot/6.1; +http://ahrefs.com/robot/)" 
66.249.66.48 - - [14/Jun/2020:12:36:41 -0700] "GET /robots.txt HTTP/1.1" 200 4881 "-" "Mozilla/5.0 (compatible; Googlebot/2.1; +http://www.google.com/bot.html)" 
66.249.66.48 - - [14/Jun/2020:12:36:41 -0700] "GET /content/statusupdates/?offset=401 HTTP/1.1" 200 11628 "-" "Mozilla/5.0 (Linux; Android 6.0.1; Nexus 5X Build/MMB29P) AppleWebKit/537.36 (KHTML, like Gecko) Chrome/80.0.3987.92 Mobile Safari/537.36 (compatible; Googlebot/2.1; +http://www.google.com/bot.html)" 
46.229.168.139 - - [14/Jun/2020:12:36:49 -0700] "GET /content/photos/?offset=9&q=%23%2B%23leaven HTTP/1.1" 200 8822 "-" "Mozilla/5.0 (compatible; SemrushBot/6~bl; +http://www.semrush.com/bot.html)" 
46.229.168.151 - - [14/Jun/2020:12:37:00 -0700] "GET /content/all/?offset=9&q=%23fornacalia HTTP/1.1" 200 8852 "-" "Mozilla/5.0 (compatible; SemrushBot/6~bl; +http://www.semrush.com/bot.html)" 
46.229.168.162 - - [14/Jun/2020:12:37:55 -0700] "GET /2018/our-daily-bread-30---a-perennial-dream8pcy30lb5vwwheat-is-an HTTP/1.1" 200 17656 "-" "Mozilla/5.0 (compatible; SemrushBot/6~bl; +http://www.semrush.com/bot.html)" 
207.46.13.63 - - [14/Jun/2020:12:38:25 -0700] "GET /2019/checked-into-%C3%A3n%C3%A3n HTTP/1.1" 200 10082 "-" "Mozilla/5.0 (compatible; bingbot/2.0; +http://www.bing.com/bingbot.htm)" 
54.36.148.201 - - [14/Jun/2020:12:38:35 -0700] "GET /2017/adactio-journal60-seconds-over-idaho HTTP/1.1" 200 9713 "-" "Mozilla/5.0 (compatible; AhrefsBot/6.1; +http://ahrefs.com/robot/)" 
45.79.26.51 - - [14/Jun/2020:12:39:41 -0700] "GET /content/statusupdates/posts/photos/checkins/bookmarkedpages?_t=rss HTTP/1.1" 200 7437 "-" "Micro.blog/1.0" 
173.230.155.197 - - [14/Jun/2020:12:40:15 -0700] "GET / HTTP/1.1" 200 57169 "-" "Mozilla/5.0 (Macintosh; Intel Mac OS X 10_12_1) AppleWebKit/537.36 (KHTML, like Gecko) Chrome/57.0.2987.133 Safari/537.36 p3k-http/0.1.5 p3k-watchtower/0.1" 
46.229.168.154 - - [14/Jun/2020:12:40:21 -0700] "GET /content/posts/?offset=0&q=%23IndieWeb HTTP/1.1" 200 17332 "-" "Mozilla/5.0 (compatible; SemrushBot/6~bl; +http://www.semrush.com/bot.html)" 
46.229.168.153 - - [14/Jun/2020:12:40:46 -0700] "GET /2019/seedy-wholemeal-sourdough-from-out-of-the-fridge-to-out HTTP/1.1" 200 15154 "-" "Mozilla/5.0 (compatible; SemrushBot/6~bl; +http://www.semrush.com/bot.html)" 
54.36.148.199 - - [14/Jun/2020:12:41:31 -0700] "GET /profile/jeremy?offset=0 HTTP/1.1" 200 29077 "-" "Mozilla/5.0 (compatible; AhrefsBot/6.1; +http://ahrefs.com/robot/)" 
54.36.148.81 - - [14/Jun/2020:12:42:56 -0700] "GET /profile/jeremy?offset=10 HTTP/1.1" 200 17076 "-" "Mozilla/5.0 (compatible; AhrefsBot/6.1; +http://ahrefs.com/robot/)" 
207.46.13.212 - - [14/Jun/2020:12:43:25 -0700] "GET /2019/the-houseboats-here-are-a-lot-more-house-than-boat HTTP/1.1" 200 13960 "-" "Mozilla/5.0 (compatible; bingbot/2.0; +http://www.bing.com/bingbot.htm)" 
54.36.148.89 - - [14/Jun/2020:12:43:58 -0700] "GET /2018/golden-raisin-bread-natural-leaven-25%25-wholemeal-about-70%25-hydration HTTP/1.1" 200 16014 "-" "Mozilla/5.0 (compatible; AhrefsBot/6.1; +http://ahrefs.com/robot/)" 
46.229.168.133 - - [14/Jun/2020:12:44:45 -0700] "GET /?offset=102&q=%23%2B%23%23indieweb HTTP/1.1" 200 14062 "-" "Mozilla/5.0 (compatible; SemrushBot/6~bl; +http://www.semrush.com/bot.html)" 
54.36.148.7 - - [14/Jun/2020:12:45:02 -0700] "GET /2017/stiff-leaven-raring-to-go HTTP/1.1" 200 11117 "-" "Mozilla/5.0 (compatible; AhrefsBot/6.1; +http://ahrefs.com/robot/)" 
66.249.66.50 - - [14/Jun/2020:12:46:09 -0700] "GET /content/all/?offset=527&_t=rss HTTP/1.1" 200 7424 "-" "Mozilla/5.0 (Linux; Android 6.0.1; Nexus 5X Build/MMB29P) AppleWebKit/537.36 (KHTML, like Gecko) Chrome/80.0.3987.92 Mobile Safari/537.36 (compatible; Googlebot/2.1; +http://www.google.com/bot.html)" 
54.36.148.38 - - [14/Jun/2020:12:46:10 -0700] "GET /content/audio/?q=%23leaven HTTP/1.1" 200 8278 "-" "Mozilla/5.0 (compatible; AhrefsBot/6.1; +http://ahrefs.com/robot/)" 
46.229.168.135 - - [14/Jun/2020:12:46:41 -0700] "GET /?offset=190 HTTP/1.1" 200 11519 "-" "Mozilla/5.0 (compatible; SemrushBot/6~bl; +http://www.semrush.com/bot.html)" 
96.126.125.129 - - [14/Jun/2020:12:47:17 -0700] "GET /content/statusupdates/posts/photos/checkins/bookmarkedpages?_t=rss HTTP/1.1" 200 7442 "-" "Micro.blog/1.0" 
54.36.148.201 - - [14/Jun/2020:12:47:19 -0700] "GET /content/statusupdates/?q=%23leaven HTTP/1.1" 200 9046 "-" "Mozilla/5.0 (compatible; AhrefsBot/6.1; +http://ahrefs.com/robot/)" 
46.229.168.146 - - [14/Jun/2020:12:47:29 -0700] "GET /content/posts/?q=%23%2B%238482 HTTP/1.1" 200 8285 "-" "Mozilla/5.0 (compatible; SemrushBot/6~bl; +http://www.semrush.com/bot.html)" 
46.229.168.145 - - [14/Jun/2020:12:47:56 -0700] "GET /robots.txt HTTP/1.1" 200 4300 "-" "Mozilla/5.0 (compatible; SemrushBot/6~bl; +http://www.semrush.com/bot.html)" 
46.229.168.139 - - [14/Jun/2020:12:47:57 -0700] "GET /?offset=3&q=%23%2B%23photo HTTP/1.1" 200 13678 "-" "Mozilla/5.0 (compatible; SemrushBot/6~bl; +http://www.semrush.com/bot.html)" 
157.55.39.110 - - [14/Jun/2020:12:48:05 -0700] "GET /2018/edinburgh-i-am-in-you HTTP/1.1" 200 14791 "-" "Mozilla/5.0 (compatible; bingbot/2.0; +http://www.bing.com/bingbot.htm)" 
157.55.39.110 - - [14/Jun/2020:12:48:25 -0700] "GET /file/d6aa4c5faa1e6515406aa01b8effb4ac HTTP/1.1" 200 437616 "-" "Mozilla/5.0 (compatible; bingbot/2.0; +http://www.bing.com/bingbot.htm)" 
54.36.149.54 - - [14/Jun/2020:12:48:29 -0700] "GET /content/bookmarkedpages/?q=%23leaven HTTP/1.1" 200 8293 "-" "Mozilla/5.0 (compatible; AhrefsBot/6.1; +http://ahrefs.com/robot/)" 
64.111.100.215 - - [14/Jun/2020:12:49:07 -0700] "GET /content/all?_t=rss HTTP/1.1" 200 14885 "-" "Mozilla/5.0 (X11; U; Linux i686; fr; rv:1.9.1.1) Gecko/20090715 Firefox/3.5.1" 
46.229.168.148 - - [14/Jun/2020:12:49:13 -0700] "GET /?q=%23%2B%23rye HTTP/1.1" 200 11985 "-" "Mozilla/5.0 (compatible; SemrushBot/6~bl; +http://www.semrush.com/bot.html)" 
46.229.168.135 - - [14/Jun/2020:12:49:20 -0700] "GET /2018/after-enjoying-a-lovely-day-off-yesterday/annotations/0a42cc24f4871549734b09492dac9a7a HTTP/1.1" 200 8407 "-" "Mozilla/5.0 (compatible; SemrushBot/6~bl; +http://www.semrush.com/bot.html)" 
46.229.168.163 - - [14/Jun/2020:12:49:29 -0700] "GET /2018/the-garden-and-the-stream-a-technopastoral-hapgood HTTP/1.1" 200 9574 "-" "Mozilla/5.0 (compatible; SemrushBot/6~bl; +http://www.semrush.com/bot.html)" 
157.55.39.98 - - [14/Jun/2020:12:49:41 -0700] "GET /2018/i-noticed-that-my-like-of-this/annotations/a968d8bce2547d99aa54887b6ac4869c HTTP/1.1" 200 8960 "-" "Mozilla/5.0 (compatible; bingbot/2.0; +http://www.bing.com/bingbot.htm)" 
