88.198.33.145 - - [27/Jun/2020:03:31:19 -0700] "GET /2018/not-just-any-old-tomato-story-to-follow-eventually-when HTTP/1.1" 200 11131 "-" "Mozilla/5.0 (compatible; MJ12bot/v1.4.8; http://mj12bot.com/)" 
88.198.33.145 - - [27/Jun/2020:03:31:21 -0700] "GET /2018/ok HTTP/1.1" 200 13261 "-" "Mozilla/5.0 (compatible; MJ12bot/v1.4.8; http://mj12bot.com/)" 
88.198.33.145 - - [27/Jun/2020:03:31:25 -0700] "GET /2018/omnibear-keithjgrantomnibear HTTP/1.1" 200 9235 "-" "Mozilla/5.0 (compatible; MJ12bot/v1.4.8; http://mj12bot.com/)" 
88.198.33.145 - - [27/Jun/2020:03:31:27 -0700] "GET /2018/one-foot-tsunami-an-idiotic-idea-doesnt-deserve-branding-this HTTP/1.1" 200 9368 "-" "Mozilla/5.0 (compatible; MJ12bot/v1.4.8; http://mj12bot.com/)" 
88.198.33.145 - - [27/Jun/2020:03:31:28 -0700] "GET /2018/ongoing-by-tim-bray-oh-shenandoah HTTP/1.1" 200 9303 "-" "Mozilla/5.0 (compatible; MJ12bot/v1.4.8; http://mj12bot.com/)" 
88.198.33.145 - - [27/Jun/2020:03:31:31 -0700] "GET /2018/oops-i-suppose-it-must-be-summer HTTP/1.1" 200 12200 "-" "Mozilla/5.0 (compatible; MJ12bot/v1.4.8; http://mj12bot.com/)" 
46.229.168.148 - - [27/Jun/2020:03:31:31 -0700] "GET /content/audio/?q=%23rye HTTP/1.1" 200 8266 "-" "Mozilla/5.0 (compatible; SemrushBot/6~bl; +http://www.semrush.com/bot.html)" 
88.198.33.145 - - [27/Jun/2020:03:31:34 -0700] "GET /2018/our-daily-bread-04---what-exactly-is-wheatxhge30lfeidhow-and HTTP/1.1" 200 11529 "-" "Mozilla/5.0 (compatible; MJ12bot/v1.4.8; http://mj12bot.com/)" 
46.229.168.163 - - [27/Jun/2020:03:31:37 -0700] "GET /tag/IndieWeb?offset=53 HTTP/1.1" 200 13409 "-" "Mozilla/5.0 (compatible; SemrushBot/6~bl; +http://www.semrush.com/bot.html)" 
88.198.33.145 - - [27/Jun/2020:03:31:38 -0700] "GET /2018/our-daily-bread-05---at-last-agricultureta7x30lfer1very-quick-or HTTP/1.1" 200 10687 "-" "Mozilla/5.0 (compatible; MJ12bot/v1.4.8; http://mj12bot.com/)" 
88.198.33.145 - - [27/Jun/2020:03:31:42 -0700] "GET /2018/our-daily-bread-06---hulled-wheatshjyo30lfiywfarro-is-not-spelt HTTP/1.1" 200 11392 "-" "Mozilla/5.0 (compatible; MJ12bot/v1.4.8; http://mj12bot.com/)" 
88.198.33.145 - - [27/Jun/2020:03:31:44 -0700] "GET /2018/our-daily-bread-08---nikolay-ivanovich-vavilovnxbj30lijuzthis-short-episode HTTP/1.1" 200 10907 "-" "Mozilla/5.0 (compatible; MJ12bot/v1.4.8; http://mj12bot.com/)" 
54.36.148.81 - - [27/Jun/2020:03:31:44 -0700] "GET /content/bookmarkedpages/?offset=280 HTTP/1.1" 200 10185 "-" "Mozilla/5.0 (compatible; AhrefsBot/6.1; +http://ahrefs.com/robot/)" 
88.198.33.145 - - [27/Jun/2020:03:31:47 -0700] "GET /2018/our-daily-bread-12---the-inside-story-st1f30lmwqk-that HTTP/1.1" 200 10979 "-" "Mozilla/5.0 (compatible; MJ12bot/v1.4.8; http://mj12bot.com/)" 
88.198.33.145 - - [27/Jun/2020:03:31:49 -0700] "GET /2018/our-daily-bread-13---bread-from-the-dead-gqan30ln1rg HTTP/1.1" 200 9724 "-" "Mozilla/5.0 (compatible; MJ12bot/v1.4.8; http://mj12bot.com/)" 
88.198.33.145 - - [27/Jun/2020:03:31:53 -0700] "GET /2018/our-daily-bread-14---the-daily-grind5iby30ln1tyit-has-been HTTP/1.1" 200 10481 "-" "Mozilla/5.0 (compatible; MJ12bot/v1.4.8; http://mj12bot.com/)" 
88.198.33.145 - - [27/Jun/2020:03:31:55 -0700] "GET /2018/our-daily-bread-15---risen-vvrp30lodzy-august-15th-is HTTP/1.1" 200 13812 "-" "Mozilla/5.0 (compatible; MJ12bot/v1.4.8; http://mj12bot.com/)" 
88.198.33.145 - - [27/Jun/2020:03:31:59 -0700] "GET /2018/our-daily-bread-17---rollin-rollin-rollinivoi30lqitgstone-mills-served HTTP/1.1" 200 9747 "-" "Mozilla/5.0 (compatible; MJ12bot/v1.4.8; http://mj12bot.com/)" 
88.198.33.145 - - [27/Jun/2020:03:32:03 -0700] "GET /2018/our-daily-bread-18---allied-forever2vii30lqicwsize-brings-benefits-to HTTP/1.1" 200 14041 "-" "Mozilla/5.0 (compatible; MJ12bot/v1.4.8; http://mj12bot.com/)" 
88.198.33.145 - - [27/Jun/2020:03:32:04 -0700] "GET /2018/our-daily-bread-20---back-to-basicsdbld30lsqgzflour-water-salt HTTP/1.1" 200 12986 "-" "Mozilla/5.0 (compatible; MJ12bot/v1.4.8; http://mj12bot.com/)" 
88.198.33.145 - - [27/Jun/2020:03:32:08 -0700] "GET /2018/our-daily-bread-21---breaking-breadz8c730ltldjif-you-bake-bread HTTP/1.1" 200 14391 "-" "Mozilla/5.0 (compatible; MJ12bot/v1.4.8; http://mj12bot.com/)" 
88.198.33.145 - - [27/Jun/2020:03:32:12 -0700] "GET /2018/our-daily-bread-23---brown-v-white-fn5k30lvxlk-the HTTP/1.1" 200 13102 "-" "Mozilla/5.0 (compatible; MJ12bot/v1.4.8; http://mj12bot.com/)" 
88.198.33.145 - - [27/Jun/2020:03:32:15 -0700] "GET /2018/our-daily-bread-25---traditionwcss30lxhflthe-one-thing-to-be HTTP/1.1" 200 14061 "-" "Mozilla/5.0 (compatible; MJ12bot/v1.4.8; http://mj12bot.com/)" 
88.198.33.145 - - [27/Jun/2020:03:32:19 -0700] "GET /2018/our-daily-bread-27---bread-and-political-circusessug530lz3uoan-enormous HTTP/1.1" 200 13875 "-" "Mozilla/5.0 (compatible; MJ12bot/v1.4.8; http://mj12bot.com/)" 
88.198.33.145 - - [27/Jun/2020:03:32:24 -0700] "GET /2018/our-daily-bread-29---its-a-hard-grain-3zvt30lb5re HTTP/1.1" 200 15252 "-" "Mozilla/5.0 (compatible; MJ12bot/v1.4.8; http://mj12bot.com/)" 
88.198.33.145 - - [27/Jun/2020:03:32:28 -0700] "GET /2018/our-daily-bread-31---winding-downqyup30lbumtwhat-more-is-there HTTP/1.1" 200 10015 "-" "Mozilla/5.0 (compatible; MJ12bot/v1.4.8; http://mj12bot.com/)" 
54.36.148.52 - - [27/Jun/2020:03:32:32 -0700] "GET /?q=%23+%23%23indieweb&offset=80 HTTP/1.1" 200 13736 "-" "Mozilla/5.0 (compatible; AhrefsBot/6.1; +http://ahrefs.com/robot/)" 
88.198.33.145 - - [27/Jun/2020:03:32:35 -0700] "GET /2018/photos-for-mac-isnt-a-long-term-photo-library-option HTTP/1.1" 200 9554 "-" "Mozilla/5.0 (compatible; MJ12bot/v1.4.8; http://mj12bot.com/)" 
88.198.33.145 - - [27/Jun/2020:03:32:38 -0700] "GET /2018/privacy-notes-from-the-latest-overcast HTTP/1.1" 200 9484 "-" "Mozilla/5.0 (compatible; MJ12bot/v1.4.8; http://mj12bot.com/)" 
88.198.33.145 - - [27/Jun/2020:03:32:40 -0700] "GET /2018/quick-reminder-that-a-3-hour-virtual-homebrew HTTP/1.1" 200 9714 "-" "Mozilla/5.0 (compatible; MJ12bot/v1.4.8; http://mj12bot.com/)" 
88.198.33.145 - - [27/Jun/2020:03:32:42 -0700] "GET /2018/quick-reminder-virtual-homebrew-website-club-to HTTP/1.1" 200 9313 "-" "Mozilla/5.0 (compatible; MJ12bot/v1.4.8; http://mj12bot.com/)" 
88.198.33.145 - - [27/Jun/2020:03:32:45 -0700] "GET /2018/remarkable-high-school-students-prefer-vegetables-seasoned-with-herbs-and/annotations/d03d71ad259f3e78a883469e6c7c260c HTTP/1.1" 200 8584 "-" "Mozilla/5.0 (compatible; MJ12bot/v1.4.8; http://mj12bot.com/)" 
88.198.33.145 - - [27/Jun/2020:03:32:47 -0700] "GET /2018/self-hosting-maps-taking-control-over-ux-and-users-privacy-sebastian HTTP/1.1" 200 9430 "-" "Mozilla/5.0 (compatible; MJ12bot/v1.4.8; http://mj12bot.com/)" 
88.198.33.145 - - [27/Jun/2020:03:32:49 -0700] "GET /2018/serious-show-and-tell-from-clinklucy-with-candicesmithcorby-and-williampettit72/annotations/2ec0bd43dfad512d03ce7b20fe1c8463 HTTP/1.1" 200 8471 "-" "Mozilla/5.0 (compatible; MJ12bot/v1.4.8; http://mj12bot.com/)" 
88.198.33.145 - - [27/Jun/2020:03:32:51 -0700] "GET /2018/sexual-double-standards-edgeorg HTTP/1.1" 200 9268 "-" "Mozilla/5.0 (compatible; MJ12bot/v1.4.8; http://mj12bot.com/)" 
46.229.168.154 - - [27/Jun/2020:03:32:51 -0700] "GET /?offset=60&q=%23indieweb HTTP/1.1" 200 12056 "-" "Mozilla/5.0 (compatible; SemrushBot/6~bl; +http://www.semrush.com/bot.html)" 
88.198.33.145 - - [27/Jun/2020:03:32:53 -0700] "GET /2018/shut-out HTTP/1.1" 200 11016 "-" "Mozilla/5.0 (compatible; MJ12bot/v1.4.8; http://mj12bot.com/)" 
88.198.33.145 - - [27/Jun/2020:03:32:55 -0700] "GET /2018/silos-indieweb-and-me---skippynet HTTP/1.1" 200 9610 "-" "Mozilla/5.0 (compatible; MJ12bot/v1.4.8; http://mj12bot.com/)" 
88.198.33.145 - - [27/Jun/2020:03:32:58 -0700] "GET /2018/slackhq-i-like-the-extra-functionality-of-eg-reminding-myself HTTP/1.1" 200 9614 "-" "Mozilla/5.0 (compatible; MJ12bot/v1.4.8; http://mj12bot.com/)" 
88.198.33.145 - - [27/Jun/2020:03:33:00 -0700] "GET /2018/so-excited-and-in-a-few-days-i-may-actually/annotations/d4a9a9545b234b27102bdfa4c1e6f38a HTTP/1.1" 200 8329 "-" "Mozilla/5.0 (compatible; MJ12bot/v1.4.8; http://mj12bot.com/)" 
88.198.33.145 - - [27/Jun/2020:03:33:04 -0700] "GET /2018/so-exciting HTTP/1.1" 200 11344 "-" "Mozilla/5.0 (compatible; MJ12bot/v1.4.8; http://mj12bot.com/)" 
88.198.33.145 - - [27/Jun/2020:03:33:08 -0700] "GET /2018/so-flattr-is-now-offering-a-way/annotations/e42868c9701dd5a9f9a44e49fac43bde HTTP/1.1" 200 8372 "-" "Mozilla/5.0 (compatible; MJ12bot/v1.4.8; http://mj12bot.com/)" 
88.198.33.145 - - [27/Jun/2020:03:33:10 -0700] "GET /2018/so-many-naked-ladies HTTP/1.1" 200 13540 "-" "Mozilla/5.0 (compatible; MJ12bot/v1.4.8; http://mj12bot.com/)" 
54.36.148.175 - - [27/Jun/2020:03:33:11 -0700] "GET /content/photos/?q=%23+%23leaven&offset=0 HTTP/1.1" 200 12492 "-" "Mozilla/5.0 (compatible; AhrefsBot/6.1; +http://ahrefs.com/robot/)" 
88.198.33.145 - - [27/Jun/2020:03:33:12 -0700] "GET /2018/solid-tidying-on-the-terrace-not-that-you-can-tell HTTP/1.1" 200 12187 "-" "Mozilla/5.0 (compatible; MJ12bot/v1.4.8; http://mj12bot.com/)" 
45.79.26.51 - - [27/Jun/2020:03:33:12 -0700] "GET /content/statusupdates/posts/photos/checkins/bookmarkedpages?_t=rss HTTP/1.1" 200 7389 "-" "Micro.blog/1.0" 
88.198.33.145 - - [27/Jun/2020:03:33:14 -0700] "GET /2018/some-thoughts-following-the-first-ever-vancouver-indieweb-meetup-mdash HTTP/1.1" 200 9344 "-" "Mozilla/5.0 (compatible; MJ12bot/v1.4.8; http://mj12bot.com/)" 
88.198.33.145 - - [27/Jun/2020:03:33:17 -0700] "GET /2018/some-thoughts-on-following-indieweb HTTP/1.1" 200 9276 "-" "Mozilla/5.0 (compatible; MJ12bot/v1.4.8; http://mj12bot.com/)" 
46.229.168.130 - - [27/Jun/2020:03:33:18 -0700] "GET /content/photos/?offset=130 HTTP/1.1" 200 10654 "-" "Mozilla/5.0 (compatible; SemrushBot/6~bl; +http://www.semrush.com/bot.html)" 
88.198.33.145 - - [27/Jun/2020:03:33:21 -0700] "GET /2018/someones-a-bit-fed-up HTTP/1.1" 200 9482 "-" "Mozilla/5.0 (compatible; MJ12bot/v1.4.8; http://mj12bot.com/)" 
88.198.33.145 - - [27/Jun/2020:03:33:23 -0700] "GET /2018/stepping-back-from-posse HTTP/1.1" 200 9181 "-" "Mozilla/5.0 (compatible; MJ12bot/v1.4.8; http://mj12bot.com/)" 
88.198.33.145 - - [27/Jun/2020:03:33:26 -0700] "GET /2018/thank-you HTTP/1.1" 200 11028 "-" "Mozilla/5.0 (compatible; MJ12bot/v1.4.8; http://mj12bot.com/)" 
88.198.33.145 - - [27/Jun/2020:03:33:31 -0700] "GET /2018/the-difference-between-good-and-bad-tags-zettelkasten-method HTTP/1.1" 200 9819 "-" "Mozilla/5.0 (compatible; MJ12bot/v1.4.8; http://mj12bot.com/)" 
88.198.33.145 - - [27/Jun/2020:03:33:33 -0700] "GET /2018/the-old-reader-behind-the-scenes---thanks-google HTTP/1.1" 200 9632 "-" "Mozilla/5.0 (compatible; MJ12bot/v1.4.8; http://mj12bot.com/)" 
88.198.33.145 - - [27/Jun/2020:03:33:34 -0700] "GET /2018/the-web-i-want HTTP/1.1" 200 9216 "-" "Mozilla/5.0 (compatible; MJ12bot/v1.4.8; http://mj12bot.com/)" 
88.198.33.145 - - [27/Jun/2020:03:33:36 -0700] "GET /2018/the-worst-possible-feedback-it-works-for-me HTTP/1.1" 200 10406 "-" "Mozilla/5.0 (compatible; MJ12bot/v1.4.8; http://mj12bot.com/)" 
88.198.33.145 - - [27/Jun/2020:03:33:38 -0700] "GET /2018/thermidor---part-1 HTTP/1.1" 200 9281 "-" "Mozilla/5.0 (compatible; MJ12bot/v1.4.8; http://mj12bot.com/)" 
88.198.33.145 - - [27/Jun/2020:03:33:43 -0700] "GET /2018/this-is-another-test HTTP/1.1" 200 9771 "-" "Mozilla/5.0 (compatible; MJ12bot/v1.4.8; http://mj12bot.com/)" 
88.198.33.145 - - [27/Jun/2020:03:33:47 -0700] "GET /2018/tourism HTTP/1.1" 200 13033 "-" "Mozilla/5.0 (compatible; MJ12bot/v1.4.8; http://mj12bot.com/)" 
54.36.148.81 - - [27/Jun/2020:03:33:48 -0700] "GET /?q=%23+%23indieweb&offset=22 HTTP/1.1" 200 11324 "-" "Mozilla/5.0 (compatible; AhrefsBot/6.1; +http://ahrefs.com/robot/)" 
88.198.33.145 - - [27/Jun/2020:03:33:52 -0700] "GET /2018/untitled-16/annotations/64c052c88d3308feaad8aba0880209a8 HTTP/1.1" 200 8301 "-" "Mozilla/5.0 (compatible; MJ12bot/v1.4.8; http://mj12bot.com/)" 
88.198.33.145 - - [27/Jun/2020:03:33:54 -0700] "GET /2018/untitled-21 HTTP/1.1" 200 11096 "-" "Mozilla/5.0 (compatible; MJ12bot/v1.4.8; http://mj12bot.com/)" 
88.198.33.145 - - [27/Jun/2020:03:33:59 -0700] "GET /2018/updated-to-latest-head-of-withknown-and HTTP/1.1" 200 10338 "-" "Mozilla/5.0 (compatible; MJ12bot/v1.4.8; http://mj12bot.com/)" 
88.198.33.145 - - [27/Jun/2020:03:34:06 -0700] "GET /2018/we-have-had-an-extensive-discussion-today-in-irc-indieweb-dev HTTP/1.1" 200 9492 "-" "Mozilla/5.0 (compatible; MJ12bot/v1.4.8; http://mj12bot.com/)" 
88.198.33.145 - - [27/Jun/2020:03:34:08 -0700] "GET /2018/webring-history-social-media-before-social-media HTTP/1.1" 200 9284 "-" "Mozilla/5.0 (compatible; MJ12bot/v1.4.8; http://mj12bot.com/)" 
88.198.33.145 - - [27/Jun/2020:03:34:11 -0700] "GET /2018/wednesday-open-mike-tom-wolfe-to-read HTTP/1.1" 200 9449 "-" "Mozilla/5.0 (compatible; MJ12bot/v1.4.8; http://mj12bot.com/)" 
88.198.33.145 - - [27/Jun/2020:03:34:15 -0700] "GET /2018/were-live-now-on-virtual-hwcevents2018-05-02-homebrew-website-clubvirtual_european_time--why/annotations/05500eb48c90299689e4c3405c168d7b HTTP/1.1" 200 8476 "-" "Mozilla/5.0 (compatible; MJ12bot/v1.4.8; http://mj12bot.com/)" 
88.198.33.145 - - [27/Jun/2020:03:34:17 -0700] "GET /2018/were-live-now-on-virtual-hwcevents2018-05-02-homebrew-website-clubvirtual_european_time--why/annotations/3f3b8910696f3d9df2312d4ad54cbe9e HTTP/1.1" 200 8463 "-" "Mozilla/5.0 (compatible; MJ12bot/v1.4.8; http://mj12bot.com/)" 
88.198.33.145 - - [27/Jun/2020:03:34:18 -0700] "GET /2018/were-live-now-on-virtual-hwcevents2018-05-02-homebrew-website-clubvirtual_european_time--why/annotations/9e8b734c9b6d8e3f5d00f7550005c31d HTTP/1.1" 200 8478 "-" "Mozilla/5.0 (compatible; MJ12bot/v1.4.8; http://mj12bot.com/)" 
46.229.168.138 - - [27/Jun/2020:03:34:20 -0700] "GET /2018/read-it-and-weep-tears-of-joy-bonnie-ohara-of HTTP/1.1" 200 10243 "-" "Mozilla/5.0 (compatible; SemrushBot/6~bl; +http://www.semrush.com/bot.html)" 
88.198.33.145 - - [27/Jun/2020:03:34:20 -0700] "GET /2018/were-live-now-on-virtual-hwcevents2018-05-02-homebrew-website-clubvirtual_european_time--why/annotations/a498d7ad645f31d4d0ba5f0b0a4f808e HTTP/1.1" 200 8430 "-" "Mozilla/5.0 (compatible; MJ12bot/v1.4.8; http://mj12bot.com/)" 
88.198.33.145 - - [27/Jun/2020:03:34:22 -0700] "GET /2018/were-live-now-on-virtual-hwcevents2018-05-02-homebrew-website-clubvirtual_european_time--why/annotations/ca93e6d4edf8bbafb1279d6215c11460 HTTP/1.1" 200 8453 "-" "Mozilla/5.0 (compatible; MJ12bot/v1.4.8; http://mj12bot.com/)" 
54.36.148.21 - - [27/Jun/2020:03:34:23 -0700] "GET /content/all/?q=%23+%23indieweb&offset=22 HTTP/1.1" 200 11341 "-" "Mozilla/5.0 (compatible; AhrefsBot/6.1; +http://ahrefs.com/robot/)" 
88.198.33.145 - - [27/Jun/2020:03:34:24 -0700] "GET /2018/when-i-teach-writing-which-i-do-i-always-say HTTP/1.1" 200 9542 "-" "Mozilla/5.0 (compatible; MJ12bot/v1.4.8; http://mj12bot.com/)" 
88.198.33.145 - - [27/Jun/2020:03:34:26 -0700] "GET /2018/when-youve-been-doing-high-hydration-sourdough-for-a-good HTTP/1.1" 200 10512 "-" "Mozilla/5.0 (compatible; MJ12bot/v1.4.8; http://mj12bot.com/)" 
66.249.64.112 - - [27/Jun/2020:03:34:26 -0700] "GET /?offset=1310 HTTP/1.1" 200 12253 "-" "Mozilla/5.0 (Linux; Android 6.0.1; Nexus 5X Build/MMB29P) AppleWebKit/537.36 (KHTML, like Gecko) Chrome/80.0.3987.92 Mobile Safari/537.36 (compatible; Googlebot/2.1; +http://www.google.com/bot.html)" 
88.198.33.145 - - [27/Jun/2020:03:34:28 -0700] "GET /2018/where-will-the-current-state-of-blogging-and-social-media HTTP/1.1" 200 9385 "-" "Mozilla/5.0 (compatible; MJ12bot/v1.4.8; http://mj12bot.com/)" 
88.198.33.145 - - [27/Jun/2020:03:34:30 -0700] "GET /2018/working-on-a-new-bread-with-kalonji-straight-out-of HTTP/1.1" 200 17485 "-" "Mozilla/5.0 (compatible; MJ12bot/v1.4.8; http://mj12bot.com/)" 
66.249.64.108 - - [27/Jun/2020:03:34:31 -0700] "GET /service/web/unfurl/?url=https%3A%2F%2Fblogs.harvard.edu%2Fdoc%2F2018%2F05%2F12%2Fgdpr%2F&__bTk=e3deefc08df35503d72a11ed39695ff379222ec78a1f388ab0c64fe4b209b060&__bTs=1591488000 HTTP/1.1" 403 4950 "https://stream.jeremycherfas.net/?offset=1310" "Mozilla/5.0 (Linux; Android 6.0.1; Nexus 5X Build/MMB29P) AppleWebKit/537.36 (KHTML, like Gecko) Chrome/83.0.4103.118 Mobile Safari/537.36 (compatible; Googlebot/2.1; +http://www.google.com/bot.html)" 
66.249.64.110 - - [27/Jun/2020:03:34:32 -0700] "GET /service/web/unfurl/?url=https%3A%2F%2Fblogs.harvard.edu%2Fdoc%2F2018%2F05%2F12%2Fgdpr%2F&__bTk=e3deefc08df35503d72a11ed39695ff379222ec78a1f388ab0c64fe4b209b060&__bTs=1592863102 HTTP/1.1" 403 4950 "https://stream.jeremycherfas.net/?offset=1310" "Mozilla/5.0 (Linux; Android 6.0.1; Nexus 5X Build/MMB29P) AppleWebKit/537.36 (KHTML, like Gecko) Chrome/83.0.4103.118 Mobile Safari/537.36 (compatible; Googlebot/2.1; +http://www.google.com/bot.html)" 
88.198.33.145 - - [27/Jun/2020:03:34:33 -0700] "GET /2018/you-could-do-worse-than-look-at HTTP/1.1" 200 10298 "-" "Mozilla/5.0 (compatible; MJ12bot/v1.4.8; http://mj12bot.com/)" 
88.198.33.145 - - [27/Jun/2020:03:34:35 -0700] "GET /2019/a-brief-history-of-the-walking-simulator-gamings-most-detested HTTP/1.1" 200 9538 "-" "Mozilla/5.0 (compatible; MJ12bot/v1.4.8; http://mj12bot.com/)" 
88.198.33.145 - - [27/Jun/2020:03:34:39 -0700] "GET /2019/a-full-test-how-do-show-notes-display-in-podcast HTTP/1.1" 200 9504 "-" "Mozilla/5.0 (compatible; MJ12bot/v1.4.8; http://mj12bot.com/)" 
88.198.33.145 - - [27/Jun/2020:03:34:41 -0700] "GET /2019/a-podcast-inspired-by-an-instagram-account HTTP/1.1" 200 9949 "-" "Mozilla/5.0 (compatible; MJ12bot/v1.4.8; http://mj12bot.com/)" 
88.198.33.145 - - [27/Jun/2020:03:34:48 -0700] "GET /2019/an-indieweb-book-club-is-a-really HTTP/1.1" 200 9839 "-" "Mozilla/5.0 (compatible; MJ12bot/v1.4.8; http://mj12bot.com/)" 
88.198.33.145 - - [27/Jun/2020:03:34:51 -0700] "GET /2019/and-then-after-sufficient-time-and-some-heat HTTP/1.1" 200 15135 "-" "Mozilla/5.0 (compatible; MJ12bot/v1.4.8; http://mj12bot.com/)" 
46.229.168.144 - - [27/Jun/2020:03:34:52 -0700] "GET /content/bookmarkedpages/?q=%23%2B%23sourdoughseptember HTTP/1.1" 200 8327 "-" "Mozilla/5.0 (compatible; SemrushBot/6~bl; +http://www.semrush.com/bot.html)" 
88.198.33.145 - - [27/Jun/2020:03:34:55 -0700] "GET /2019/art HTTP/1.1" 200 10690 "-" "Mozilla/5.0 (compatible; MJ12bot/v1.4.8; http://mj12bot.com/)" 
88.198.33.145 - - [27/Jun/2020:03:34:58 -0700] "GET /2019/big-bake-part-ii-golden-raisin-bread-47kg-the-raisins HTTP/1.1" 200 9505 "-" "Mozilla/5.0 (compatible; MJ12bot/v1.4.8; http://mj12bot.com/)" 
54.36.148.184 - - [27/Jun/2020:03:34:59 -0700] "GET /content/photos/?offset=550 HTTP/1.1" 200 10970 "-" "Mozilla/5.0 (compatible; AhrefsBot/6.1; +http://ahrefs.com/robot/)" 
88.198.33.145 - - [27/Jun/2020:03:35:02 -0700] "GET /2019/every-bit-as-good-as-it-looks HTTP/1.1" 200 16102 "-" "Mozilla/5.0 (compatible; MJ12bot/v1.4.8; http://mj12bot.com/)" 
88.198.33.145 - - [27/Jun/2020:03:35:04 -0700] "GET /2019/first-of-the-year HTTP/1.1" 200 13120 "-" "Mozilla/5.0 (compatible; MJ12bot/v1.4.8; http://mj12bot.com/)" 
88.198.33.145 - - [27/Jun/2020:03:35:07 -0700] "GET /2019/frank-does-building-blocks HTTP/1.1" 200 10177 "-" "Mozilla/5.0 (compatible; MJ12bot/v1.4.8; http://mj12bot.com/)" 
64.111.100.215 - - [27/Jun/2020:03:35:07 -0700] "GET /content/all?_t=rss HTTP/1.1" 200 13960 "-" "Mozilla/5.0 (X11; U; Linux i686; fr; rv:1.9.1.1) Gecko/20090715 Firefox/3.5.1" 
88.198.33.145 - - [27/Jun/2020:03:35:11 -0700] "GET /2019/half-a-world-away-two-outages-fried HTTP/1.1" 200 9366 "-" "Mozilla/5.0 (compatible; MJ12bot/v1.4.8; http://mj12bot.com/)" 
88.198.33.145 - - [27/Jun/2020:03:35:14 -0700] "GET /2019/henrik-carlsson-took-the-trouble-to-record HTTP/1.1" 200 9486 "-" "Mozilla/5.0 (compatible; MJ12bot/v1.4.8; http://mj12bot.com/)" 
88.198.33.145 - - [27/Jun/2020:03:35:18 -0700] "GET /2019/here-we-go-again-with-new-york HTTP/1.1" 200 9514 "-" "Mozilla/5.0 (compatible; MJ12bot/v1.4.8; http://mj12bot.com/)" 
88.198.33.145 - - [27/Jun/2020:03:35:22 -0700] "GET /2019/how-big-beers-fight-over-corn-syrup-explains-american-brewing HTTP/1.1" 200 10055 "-" "Mozilla/5.0 (compatible; MJ12bot/v1.4.8; http://mj12bot.com/)" 
88.198.33.145 - - [27/Jun/2020:03:35:24 -0700] "GET /2019/i-dont-know-what-this-was-exactly-except-it-was HTTP/1.1" 200 9885 "-" "Mozilla/5.0 (compatible; MJ12bot/v1.4.8; http://mj12bot.com/)" 
88.198.33.145 - - [27/Jun/2020:03:35:27 -0700] "GET /2019/i-just-backed-bokeh-private-independent-and HTTP/1.1" 200 9476 "-" "Mozilla/5.0 (compatible; MJ12bot/v1.4.8; http://mj12bot.com/)" 
88.198.33.145 - - [27/Jun/2020:03:35:32 -0700] "GET /2019/idlis-for-breakfast-delicious-and-very-sustaining HTTP/1.1" 200 14675 "-" "Mozilla/5.0 (compatible; MJ12bot/v1.4.8; http://mj12bot.com/)" 
54.36.148.81 - - [27/Jun/2020:03:35:33 -0700] "GET /tag/+%23leaven?offset=0 HTTP/1.1" 200 12527 "-" "Mozilla/5.0 (compatible; AhrefsBot/6.1; +http://ahrefs.com/robot/)" 
88.198.33.145 - - [27/Jun/2020:03:35:34 -0700] "GET /2019/if-you-want-to-understand-webmentions-in HTTP/1.1" 200 10133 "-" "Mozilla/5.0 (compatible; MJ12bot/v1.4.8; http://mj12bot.com/)" 
88.198.33.145 - - [27/Jun/2020:03:35:36 -0700] "GET /2019/im-a-late-adopter-on-indieweb-readers HTTP/1.1" 200 9427 "-" "Mozilla/5.0 (compatible; MJ12bot/v1.4.8; http://mj12bot.com/)" 
88.198.33.145 - - [27/Jun/2020:03:35:40 -0700] "GET /2019/it-will-be-interesting-to-see-how HTTP/1.1" 200 9466 "-" "Mozilla/5.0 (compatible; MJ12bot/v1.4.8; http://mj12bot.com/)" 
88.198.33.145 - - [27/Jun/2020:03:35:43 -0700] "GET /2019/it-worked-well-done-are-you-also/annotations/0e183b94067a23a937c3b69124be063f HTTP/1.1" 200 8399 "-" "Mozilla/5.0 (compatible; MJ12bot/v1.4.8; http://mj12bot.com/)" 
88.198.33.145 - - [27/Jun/2020:03:35:47 -0700] "GET /2019/jojolemon-i-hope-you-win-too-and HTTP/1.1" 200 9798 "-" "Mozilla/5.0 (compatible; MJ12bot/v1.4.8; http://mj12bot.com/)" 
88.198.33.145 - - [27/Jun/2020:03:35:51 -0700] "GET /2019/my-bread-day-is-done-and-there-are-seven-more HTTP/1.1" 200 14108 "-" "Mozilla/5.0 (compatible; MJ12bot/v1.4.8; http://mj12bot.com/)" 
88.198.33.145 - - [27/Jun/2020:03:35:54 -0700] "GET /2019/rdwrt-not-really-because-it-is-an HTTP/1.1" 200 9548 "-" "Mozilla/5.0 (compatible; MJ12bot/v1.4.8; http://mj12bot.com/)" 
46.229.168.140 - - [27/Jun/2020:03:36:00 -0700] "GET /content/all/?q=%23seeded HTTP/1.1" 200 10217 "-" "Mozilla/5.0 (compatible; SemrushBot/6~bl; +http://www.semrush.com/bot.html)" 
54.36.148.81 - - [27/Jun/2020:03:36:09 -0700] "GET /?offset=280 HTTP/1.1" 200 11289 "-" "Mozilla/5.0 (compatible; AhrefsBot/6.1; +http://ahrefs.com/robot/)" 
45.79.26.51 - - [27/Jun/2020:03:36:25 -0700] "GET /content/statusupdates/posts/photos/checkins/bookmarkedpages?_t=rss HTTP/1.1" 200 7389 "-" "Micro.blog/1.0" 
54.36.148.81 - - [27/Jun/2020:03:36:44 -0700] "GET /tag/+%23leaven?offset=10 HTTP/1.1" 200 12529 "-" "Mozilla/5.0 (compatible; AhrefsBot/6.1; +http://ahrefs.com/robot/)" 
46.229.168.133 - - [27/Jun/2020:03:36:59 -0700] "GET /2018/2018-05-21 HTTP/1.1" 200 9926 "-" "Mozilla/5.0 (compatible; SemrushBot/6~bl; +http://www.semrush.com/bot.html)" 
54.36.149.59 - - [27/Jun/2020:03:37:17 -0700] "GET /content/all/?q=%23+%23indieweb&offset=43 HTTP/1.1" 200 11059 "-" "Mozilla/5.0 (compatible; AhrefsBot/6.1; +http://ahrefs.com/robot/)" 
46.229.168.141 - - [27/Jun/2020:03:37:21 -0700] "GET /content/all/?offset=45&q=%23IndieWeb HTTP/1.1" 200 11636 "-" "Mozilla/5.0 (compatible; SemrushBot/6~bl; +http://www.semrush.com/bot.html)" 
46.229.168.145 - - [27/Jun/2020:03:37:38 -0700] "GET /2018/were-live-now-on-virtual-hwcevents2018-05-02-homebrew-website-clubvirtual_european_time--why/annotations/46f242ec4f0d5b8adf4a94618680445b HTTP/1.1" 200 8448 "-" "Mozilla/5.0 (compatible; SemrushBot/6~bl; +http://www.semrush.com/bot.html)" 
46.229.168.132 - - [27/Jun/2020:03:37:47 -0700] "GET /2020/-6 HTTP/1.1" 200 9475 "-" "Mozilla/5.0 (compatible; SemrushBot/6~bl; +http://www.semrush.com/bot.html)" 
54.36.148.81 - - [27/Jun/2020:03:37:53 -0700] "GET /content/all/?q=%23+%23IndieWeb&offset=32 HTTP/1.1" 200 13096 "-" "Mozilla/5.0 (compatible; AhrefsBot/6.1; +http://ahrefs.com/robot/)" 
204.122.16.6 - - [27/Jun/2020:03:38:00 -0700] "GET /2018/self-hosting-maps-taking-control-over-ux-and-users-privacy-sebastian HTTP/1.1" 200 9437 "https://sebastiangreger.net/2018/05/self-hosting-maps-control-privacy-ux/" "yacybot (/global; amd64 Linux 5.7.6; java 1.8.0_201; America/en) http://yacy.net/bot.html" 
46.229.168.131 - - [27/Jun/2020:03:38:31 -0700] "GET /2017/doing-it-the-hard-way HTTP/1.1" 200 9229 "-" "Mozilla/5.0 (compatible; SemrushBot/6~bl; +http://www.semrush.com/bot.html)" 
46.229.168.129 - - [27/Jun/2020:03:39:12 -0700] "GET /?offset=70&q=%23bread HTTP/1.1" 200 11884 "-" "Mozilla/5.0 (compatible; SemrushBot/6~bl; +http://www.semrush.com/bot.html)" 
54.36.148.246 - - [27/Jun/2020:03:39:40 -0700] "GET /?offset=310 HTTP/1.1" 200 11253 "-" "Mozilla/5.0 (compatible; AhrefsBot/6.1; +http://ahrefs.com/robot/)" 
45.79.26.51 - - [27/Jun/2020:03:40:11 -0700] "GET /content/statusupdates/posts/photos/checkins/bookmarkedpages?_t=rss HTTP/1.1" 200 7389 "-" "Micro.blog/1.0" 
54.36.148.200 - - [27/Jun/2020:03:40:15 -0700] "GET /?offset=310 HTTP/1.1" 200 11314 "-" "Mozilla/5.0 (compatible; AhrefsBot/6.1; +http://ahrefs.com/robot/)" 
46.229.168.153 - - [27/Jun/2020:03:40:49 -0700] "GET /2017/terrific-pieces-in-the-shortlist-for-hearsay2017-prizes-new-2017-prize-shortlists4593973316-cant HTTP/1.1" 200 9549 "-" "Mozilla/5.0 (compatible; SemrushBot/6~bl; +http://www.semrush.com/bot.html)" 
54.36.148.68 - - [27/Jun/2020:03:40:58 -0700] "GET /content/all/?offset=280 HTTP/1.1" 200 11270 "-" "Mozilla/5.0 (compatible; AhrefsBot/6.1; +http://ahrefs.com/robot/)" 
91.137.17.204 - - [27/Jun/2020:03:41:09 -0700] "GET /robots.txt HTTP/1.1" 200 4289 "-" "Mozilla/5.0 (compatible; MJ12bot/v1.4.8; http://mj12bot.com/)" 
91.137.17.204 - - [27/Jun/2020:03:41:11 -0700] "GET /2019/spices-allspice-cinnamon-cloves-cumin-and-nutmeg-half-a-teaspoon/annotations/b9eb66a57aa18bcd0354c6d9bd8a6267 HTTP/1.1" 200 5350 "-" "Mozilla/5.0 (compatible; MJ12bot/v1.4.8; http://mj12bot.com/)" 
95.91.74.120 - - [27/Jun/2020:03:41:18 -0700] "GET /2019/the-houseboats-here-are-a-lot-more-house-than-boat HTTP/1.1" 200 13370 "-" "Mozilla/5.0 (compatible; MJ12bot/v1.4.8; http://mj12bot.com/)" 
95.91.74.120 - - [27/Jun/2020:03:41:25 -0700] "GET /2019/the-other-is-that-the-bread-will-definitely-taste-better HTTP/1.1" 200 16758 "-" "Mozilla/5.0 (compatible; MJ12bot/v1.4.8; http://mj12bot.com/)" 
95.91.74.120 - - [27/Jun/2020:03:41:31 -0700] "GET /2019/the-workforce-achieved-its-deliverables HTTP/1.1" 200 12567 "-" "Mozilla/5.0 (compatible; MJ12bot/v1.4.8; http://mj12bot.com/)" 
91.137.17.204 - - [27/Jun/2020:03:41:33 -0700] "GET /2019/the-workforce-is-good-and-ready-and-raring-to-go HTTP/1.1" 200 13626 "-" "Mozilla/5.0 (compatible; MJ12bot/v1.4.8; http://mj12bot.com/)" 
91.137.17.204 - - [27/Jun/2020:03:41:37 -0700] "GET /2019/this-is-a-test-reply-from-omnibear HTTP/1.1" 200 9742 "-" "Mozilla/5.0 (compatible; MJ12bot/v1.4.8; http://mj12bot.com/)" 
91.137.17.204 - - [27/Jun/2020:03:41:39 -0700] "GET /2019/this-is-very-cool-and-the-login HTTP/1.1" 200 9769 "-" "Mozilla/5.0 (compatible; MJ12bot/v1.4.8; http://mj12bot.com/)" 
95.91.74.120 - - [27/Jun/2020:03:41:43 -0700] "GET /2019/this-news-of-a-site-for-indieweb HTTP/1.1" 200 10567 "-" "Mozilla/5.0 (compatible; MJ12bot/v1.4.8; http://mj12bot.com/)" 
95.91.74.120 - - [27/Jun/2020:03:41:48 -0700] "GET /2019/too-busy-tidying-in-the-terrace-to-remember-to-take HTTP/1.1" 200 12871 "-" "Mozilla/5.0 (compatible; MJ12bot/v1.4.8; http://mj12bot.com/)" 
91.137.17.204 - - [27/Jun/2020:03:41:50 -0700] "GET /2019/untitled-28 HTTP/1.1" 200 12809 "-" "Mozilla/5.0 (compatible; MJ12bot/v1.4.8; http://mj12bot.com/)" 
95.91.74.120 - - [27/Jun/2020:03:41:54 -0700] "GET /2019/very-hard-to-believe-that-tanner-campbell HTTP/1.1" 200 9579 "-" "Mozilla/5.0 (compatible; MJ12bot/v1.4.8; http://mj12bot.com/)" 
95.91.74.120 - - [27/Jun/2020:03:42:04 -0700] "GET /2020/2020-02-26 HTTP/1.1" 200 10452 "-" "Mozilla/5.0 (compatible; MJ12bot/v1.4.8; http://mj12bot.com/)" 
95.91.33.17 - - [27/Jun/2020:03:42:05 -0700] "GET /robots.txt HTTP/1.1" 200 4289 "-" "Mozilla/5.0 (compatible; MJ12bot/v1.4.8; http://mj12bot.com/)" 
95.91.33.17 - - [27/Jun/2020:03:42:07 -0700] "GET /content/posts/?q=%23naturalleaven HTTP/1.1" 200 5136 "-" "Mozilla/5.0 (compatible; MJ12bot/v1.4.8; http://mj12bot.com/)" 
91.137.17.204 - - [27/Jun/2020:03:42:08 -0700] "GET /2020/tavolamed-at-last-thanks-for-saying-it HTTP/1.1" 200 10202 "-" "Mozilla/5.0 (compatible; MJ12bot/v1.4.8; http://mj12bot.com/)" 
91.137.17.204 - - [27/Jun/2020:03:42:10 -0700] "GET /2020/weeknotes-52---4-minutes-a-day-nat-buckley HTTP/1.1" 200 9453 "-" "Mozilla/5.0 (compatible; MJ12bot/v1.4.8; http://mj12bot.com/)" 
91.137.17.204 - - [27/Jun/2020:03:42:12 -0700] "GET /?offset=750 HTTP/1.1" 200 11642 "-" "Mozilla/5.0 (compatible; MJ12bot/v1.4.8; http://mj12bot.com/)" 
95.91.33.17 - - [27/Jun/2020:03:42:13 -0700] "GET /content/rsvp/?q=%23bread HTTP/1.1" 200 8264 "-" "Mozilla/5.0 (compatible; MJ12bot/v1.4.8; http://mj12bot.com/)" 
95.91.74.120 - - [27/Jun/2020:03:42:17 -0700] "GET /?q=%23%20%23%23bread HTTP/1.1" 200 12141 "-" "Mozilla/5.0 (compatible; MJ12bot/v1.4.8; http://mj12bot.com/)" 
95.91.33.17 - - [27/Jun/2020:03:42:18 -0700] "GET /content/rsvp/?q=%23diet HTTP/1.1" 200 8261 "-" "Mozilla/5.0 (compatible; MJ12bot/v1.4.8; http://mj12bot.com/)" 
91.137.17.204 - - [27/Jun/2020:03:42:21 -0700] "GET /?q=%23bread HTTP/1.1" 200 12114 "-" "Mozilla/5.0 (compatible; MJ12bot/v1.4.8; http://mj12bot.com/)" 
95.91.33.17 - - [27/Jun/2020:03:42:22 -0700] "GET /content/rsvp/?q=%23earbudsfood HTTP/1.1" 200 8278 "-" "Mozilla/5.0 (compatible; MJ12bot/v1.4.8; http://mj12bot.com/)" 
95.91.33.17 - - [27/Jun/2020:03:42:24 -0700] "GET /content/rsvp/?q=%23followfriday HTTP/1.1" 200 8279 "-" "Mozilla/5.0 (compatible; MJ12bot/v1.4.8; http://mj12bot.com/)" 
46.229.168.153 - - [27/Jun/2020:03:42:25 -0700] "GET /content/posts?offset=9 HTTP/1.1" 200 11330 "-" "Mozilla/5.0 (compatible; SemrushBot/6~bl; +http://www.semrush.com/bot.html)" 
95.91.33.17 - - [27/Jun/2020:03:42:26 -0700] "GET /content/statusupdates/?offset=285 HTTP/1.1" 200 10764 "-" "Mozilla/5.0 (compatible; MJ12bot/v1.4.8; http://mj12bot.com/)" 
91.137.17.204 - - [27/Jun/2020:03:42:27 -0700] "GET /content/all/?offset=1349 HTTP/1.1" 200 11169 "-" "Mozilla/5.0 (compatible; MJ12bot/v1.4.8; http://mj12bot.com/)" 
46.229.168.161 - - [27/Jun/2020:03:42:28 -0700] "GET /tag/indieweb?offset=112 HTTP/1.1" 200 11951 "-" "Mozilla/5.0 (compatible; SemrushBot/6~bl; +http://www.semrush.com/bot.html)" 
95.91.33.17 - - [27/Jun/2020:03:42:28 -0700] "GET /content/statusupdates/?q=%23%20%23kalonji HTTP/1.1" 200 8299 "-" "Mozilla/5.0 (compatible; MJ12bot/v1.4.8; http://mj12bot.com/)" 
95.91.33.17 - - [27/Jun/2020:03:42:30 -0700] "GET /content/statusupdates/?q=%23WithKnown&offset=10 HTTP/1.1" 200 10346 "-" "Mozilla/5.0 (compatible; MJ12bot/v1.4.8; http://mj12bot.com/)" 
5.188.210.83 - - [27/Jun/2020:03:42:31 -0700] "GET /2018/what-to-consider-when-choosing-colors-for-data-visualization HTTP/1.1" 200 9778 "-" "Mozilla/5.0 (Windows NT 6.1; Win64; x64; rv:62.0) Gecko/20100101 Firefox/62.0" 
95.91.33.17 - - [27/Jun/2020:03:42:32 -0700] "GET /tag/+%23veal HTTP/1.1" 200 9457 "-" "Mozilla/5.0 (compatible; MJ12bot/v1.4.8; http://mj12bot.com/)" 
95.91.33.17 - - [27/Jun/2020:03:42:35 -0700] "GET /tag/cactus HTTP/1.1" 200 9853 "-" "Mozilla/5.0 (compatible; MJ12bot/v1.4.8; http://mj12bot.com/)" 
91.137.17.204 - - [27/Jun/2020:03:42:37 -0700] "GET /content/all/?q=%23%20%23%23bread HTTP/1.1" 200 12163 "-" "Mozilla/5.0 (compatible; MJ12bot/v1.4.8; http://mj12bot.com/)" 
95.91.33.17 - - [27/Jun/2020:03:42:37 -0700] "GET /tag/changingglobaldiets HTTP/1.1" 200 8853 "-" "Mozilla/5.0 (compatible; MJ12bot/v1.4.8; http://mj12bot.com/)" 
66.249.64.112 - - [27/Jun/2020:03:42:38 -0700] "GET /content/all?offset=1834 HTTP/1.1" 200 11755 "-" "Mozilla/5.0 (Linux; Android 6.0.1; Nexus 5X Build/MMB29P) AppleWebKit/537.36 (KHTML, like Gecko) Chrome/80.0.3987.92 Mobile Safari/537.36 (compatible; Googlebot/2.1; +http://www.google.com/bot.html)" 
95.91.33.17 - - [27/Jun/2020:03:42:39 -0700] "GET /tag/flower HTTP/1.1" 200 10216 "-" "Mozilla/5.0 (compatible; MJ12bot/v1.4.8; http://mj12bot.com/)" 
66.249.64.110 - - [27/Jun/2020:03:42:42 -0700] "GET /service/web/unfurl/?url=http%3A%2F%2Fdocs.withknown.com%2Fen%2Flatest%2Fdevelopers%2Fplugins%2Fapi&__bTk=c0f4d66af3f1a241d9a1ab1964e995a2d11202a48a0ac9065fe76f176bd66ca2&__bTs=1591488000 HTTP/1.1" 403 4960 "https://stream.jeremycherfas.net/content/all?offset=1834" "Mozilla/5.0 (Linux; Android 6.0.1; Nexus 5X Build/MMB29P) AppleWebKit/537.36 (KHTML, like Gecko) Chrome/83.0.4103.118 Mobile Safari/537.36 (compatible; Googlebot/2.1; +http://www.google.com/bot.html)" 
66.249.64.108 - - [27/Jun/2020:03:42:42 -0700] "GET /service/web/unfurl/?url=http%3A%2F%2Fdocs.withknown.com%2Fen%2Flatest%2Fdevelopers%2Fplugins%2Fapi%2F&__bTk=c0f4d66af3f1a241d9a1ab1964e995a2d11202a48a0ac9065fe76f176bd66ca2&__bTs=1591488000 HTTP/1.1" 403 4963 "https://stream.jeremycherfas.net/content/all?offset=1834" "Mozilla/5.0 (Linux; Android 6.0.1; Nexus 5X Build/MMB29P) AppleWebKit/537.36 (KHTML, like Gecko) Chrome/83.0.4103.118 Mobile Safari/537.36 (compatible; Googlebot/2.1; +http://www.google.com/bot.html)" 
66.249.64.108 - - [27/Jun/2020:03:42:43 -0700] "GET /service/web/unfurl/?url=http%3A%2F%2Fdocs.withknown.com%2Fen%2Flatest%2Fdevelopers%2Fplugins%2Fapi&__bTk=c0f4d66af3f1a241d9a1ab1964e995a2d11202a48a0ac9065fe76f176bd66ca2&__bTs=1593190257 HTTP/1.1" 403 1287 "https://stream.jeremycherfas.net/content/all?offset=1834" "Mozilla/5.0 (Linux; Android 6.0.1; Nexus 5X Build/MMB29P) AppleWebKit/537.36 (KHTML, like Gecko) Chrome/83.0.4103.118 Mobile Safari/537.36 (compatible; Googlebot/2.1; +http://www.google.com/bot.html)" 
66.249.64.108 - - [27/Jun/2020:03:42:43 -0700] "GET /service/web/unfurl/?url=http%3A%2F%2Fdocs.withknown.com%2Fen%2Flatest%2Fdevelopers%2Fplugins%2Fapi%2F&__bTk=c0f4d66af3f1a241d9a1ab1964e995a2d11202a48a0ac9065fe76f176bd66ca2&__bTs=1593190257 HTTP/1.1" 403 1290 "https://stream.jeremycherfas.net/content/all?offset=1834" "Mozilla/5.0 (Linux; Android 6.0.1; Nexus 5X Build/MMB29P) AppleWebKit/537.36 (KHTML, like Gecko) Chrome/83.0.4103.118 Mobile Safari/537.36 (compatible; Googlebot/2.1; +http://www.google.com/bot.html)" 
95.91.33.17 - - [27/Jun/2020:03:42:45 -0700] "GET /tag/hearsay17 HTTP/1.1" 200 9520 "-" "Mozilla/5.0 (compatible; MJ12bot/v1.4.8; http://mj12bot.com/)" 
91.137.17.204 - - [27/Jun/2020:03:42:50 -0700] "GET /content/all/?q=%23%20%23norovirus HTTP/1.1" 200 8277 "-" "Mozilla/5.0 (compatible; MJ12bot/v1.4.8; http://mj12bot.com/)" 
95.91.33.17 - - [27/Jun/2020:03:42:51 -0700] "GET /tag/lemonmarmalade HTTP/1.1" 200 9031 "-" "Mozilla/5.0 (compatible; MJ12bot/v1.4.8; http://mj12bot.com/)" 
95.91.74.120 - - [27/Jun/2020:03:42:54 -0700] "GET /content/all/?q=%23Fornacalia&offset=9 HTTP/1.1" 200 8810 "-" "Mozilla/5.0 (compatible; MJ12bot/v1.4.8; http://mj12bot.com/)" 
95.91.33.17 - - [27/Jun/2020:03:42:55 -0700] "GET /tag/marmalade HTTP/1.1" 200 10062 "-" "Mozilla/5.0 (compatible; MJ12bot/v1.4.8; http://mj12bot.com/)" 
95.91.74.120 - - [27/Jun/2020:03:42:56 -0700] "GET /content/all/?q=%23bread HTTP/1.1" 200 12136 "-" "Mozilla/5.0 (compatible; MJ12bot/v1.4.8; http://mj12bot.com/)" 
95.91.33.17 - - [27/Jun/2020:03:43:00 -0700] "GET /tag/multigrain HTTP/1.1" 200 11083 "-" "Mozilla/5.0 (compatible; MJ12bot/v1.4.8; http://mj12bot.com/)" 
95.91.33.17 - - [27/Jun/2020:03:43:06 -0700] "GET /tag/stirfridaynight HTTP/1.1" 200 8967 "-" "Mozilla/5.0 (compatible; MJ12bot/v1.4.8; http://mj12bot.com/)" 
95.91.74.120 - - [27/Jun/2020:03:43:10 -0700] "GET /content/audio/?q=%23%20%23%23bread HTTP/1.1" 200 9365 "-" "Mozilla/5.0 (compatible; MJ12bot/v1.4.8; http://mj12bot.com/)" 
95.91.74.120 - - [27/Jun/2020:03:43:14 -0700] "GET /content/audio/?q=%23%20%23174 HTTP/1.1" 200 8277 "-" "Mozilla/5.0 (compatible; MJ12bot/v1.4.8; http://mj12bot.com/)" 
95.91.74.120 - - [27/Jun/2020:03:43:15 -0700] "GET /content/audio/?q=%23%20%238482 HTTP/1.1" 200 8282 "-" "Mozilla/5.0 (compatible; MJ12bot/v1.4.8; http://mj12bot.com/)" 
95.91.74.120 - - [27/Jun/2020:03:43:19 -0700] "GET /content/audio/?q=%23%20%23Http://agro.biodiver.se/ HTTP/1.1" 200 8340 "-" "Mozilla/5.0 (compatible; MJ12bot/v1.4.8; http://mj12bot.com/)" 
91.137.17.204 - - [27/Jun/2020:03:43:23 -0700] "GET /content/audio/?q=%23%20%23WithKnown HTTP/1.1" 200 8288 "-" "Mozilla/5.0 (compatible; MJ12bot/v1.4.8; http://mj12bot.com/)" 
95.91.33.17 - - [27/Jun/2020:03:43:31 -0700] "GET /robots.txt HTTP/1.1" 200 4313 "-" "Mozilla/5.0 (compatible; MJ12bot/v1.4.8; http://mj12bot.com/)" 
95.91.33.17 - - [27/Jun/2020:03:43:33 -0700] "GET /2017/getting-set-for-virtual-homebrew-website-club-want-to-join HTTP/1.1" 200 6249 "-" "Mozilla/5.0 (compatible; MJ12bot/v1.4.8; http://mj12bot.com/)" 
91.137.17.204 - - [27/Jun/2020:03:43:34 -0700] "GET /content/audio/?q=%23%20%23indieweb HTTP/1.1" 200 8281 "-" "Mozilla/5.0 (compatible; MJ12bot/v1.4.8; http://mj12bot.com/)" 
46.229.168.129 - - [27/Jun/2020:03:43:45 -0700] "GET /2018/our-daily-bread-11---its-not-naturaldvgu30lkis3wheat-has-a HTTP/1.1" 200 10899 "-" "Mozilla/5.0 (compatible; SemrushBot/6~bl; +http://www.semrush.com/bot.html)" 
91.137.17.204 - - [27/Jun/2020:03:43:47 -0700] "GET /content/audio/?q=%23%20%23norovirus HTTP/1.1" 200 8291 "-" "Mozilla/5.0 (compatible; MJ12bot/v1.4.8; http://mj12bot.com/)" 
91.137.17.204 - - [27/Jun/2020:03:43:51 -0700] "GET /content/audio/?q=%23%20%23podcast HTTP/1.1" 200 8282 "-" "Mozilla/5.0 (compatible; MJ12bot/v1.4.8; http://mj12bot.com/)" 
46.229.168.151 - - [27/Jun/2020:03:44:00 -0700] "GET /2018/our-daily-bread-07---bake-like-an-egyptian-6cj430lfj7k HTTP/1.1" 200 11737 "-" "Mozilla/5.0 (compatible; SemrushBot/6~bl; +http://www.semrush.com/bot.html)" 
95.91.74.120 - - [27/Jun/2020:03:44:08 -0700] "GET /content/audio/?q=%23indieweb HTTP/1.1" 200 8265 "-" "Mozilla/5.0 (compatible; MJ12bot/v1.4.8; http://mj12bot.com/)" 
95.91.74.120 - - [27/Jun/2020:03:44:12 -0700] "GET /content/audio/?q=%23podcast HTTP/1.1" 200 8265 "-" "Mozilla/5.0 (compatible; MJ12bot/v1.4.8; http://mj12bot.com/)" 
91.137.17.204 - - [27/Jun/2020:03:44:14 -0700] "GET /content/audio/?q=%23podcast%26quot HTTP/1.1" 200 8287 "-" "Mozilla/5.0 (compatible; MJ12bot/v1.4.8; http://mj12bot.com/)" 
54.36.148.113 - - [27/Jun/2020:03:44:14 -0700] "GET /?q=%23+%23indieweb&offset=12 HTTP/1.1" 200 11737 "-" "Mozilla/5.0 (compatible; AhrefsBot/6.1; +http://ahrefs.com/robot/)" 
95.91.74.120 - - [27/Jun/2020:03:44:19 -0700] "GET /content/audio/?q=%23webmention HTTP/1.1" 200 8269 "-" "Mozilla/5.0 (compatible; MJ12bot/v1.4.8; http://mj12bot.com/)" 
91.137.17.204 - - [27/Jun/2020:03:44:21 -0700] "GET /content/bookmarkedpages/?q=%23%20%23174 HTTP/1.1" 200 8292 "-" "Mozilla/5.0 (compatible; MJ12bot/v1.4.8; http://mj12bot.com/)" 
114.119.161.85 - - [27/Jun/2020:03:44:22 -0700] "GET /robots.txt HTTP/1.1" 200 4301 "-" "(compatible;PetalBot;+https://aspiegel.com/petalbot)" 
95.91.74.120 - - [27/Jun/2020:03:44:23 -0700] "GET /content/bookmarkedpages/?q=%23%20%238482 HTTP/1.1" 200 8298 "-" "Mozilla/5.0 (compatible; MJ12bot/v1.4.8; http://mj12bot.com/)" 
95.91.74.120 - - [27/Jun/2020:03:44:29 -0700] "GET /content/bookmarkedpages/?q=%23%20%23ciwf HTTP/1.1" 200 8296 "-" "Mozilla/5.0 (compatible; MJ12bot/v1.4.8; http://mj12bot.com/)" 
91.137.17.204 - - [27/Jun/2020:03:44:34 -0700] "GET /content/bookmarkedpages/?q=%23%20%23latergram HTTP/1.1" 200 8304 "-" "Mozilla/5.0 (compatible; MJ12bot/v1.4.8; http://mj12bot.com/)" 
95.91.74.120 - - [27/Jun/2020:03:44:36 -0700] "GET /content/bookmarkedpages/?q=%23indieweb%26quot&offset=30 HTTP/1.1" 200 9445 "-" "Mozilla/5.0 (compatible; MJ12bot/v1.4.8; http://mj12bot.com/)" 
95.91.33.17 - - [27/Jun/2020:03:44:39 -0700] "GET /2018/a-little-problem-with-knowns-micropub-endpoint HTTP/1.1" 200 11956 "-" "Mozilla/5.0 (compatible; MJ12bot/v1.4.8; http://mj12bot.com/)" 
91.137.17.204 - - [27/Jun/2020:03:44:41 -0700] "GET /content/events/?q=%23webmention HTTP/1.1" 200 8272 "-" "Mozilla/5.0 (compatible; MJ12bot/v1.4.8; http://mj12bot.com/)" 
45.79.26.51 - - [27/Jun/2020:03:44:44 -0700] "GET /content/statusupdates/posts/photos/checkins/bookmarkedpages?_t=rss HTTP/1.1" 200 7389 "-" "Micro.blog/1.0" 
91.137.17.204 - - [27/Jun/2020:03:44:45 -0700] "GET /content/events/?q=%23withknown HTTP/1.1" 200 9002 "-" "Mozilla/5.0 (compatible; MJ12bot/v1.4.8; http://mj12bot.com/)" 
95.91.74.120 - - [27/Jun/2020:03:44:49 -0700] "GET /content/locations/?q=%23%20%23%23bread HTTP/1.1" 200 8295 "-" "Mozilla/5.0 (compatible; MJ12bot/v1.4.8; http://mj12bot.com/)" 
54.36.148.46 - - [27/Jun/2020:03:44:51 -0700] "GET /content/all/?q=%23+%23indieweb&offset=12 HTTP/1.1" 200 11755 "-" "Mozilla/5.0 (compatible; AhrefsBot/6.1; +http://ahrefs.com/robot/)" 
95.91.74.120 - - [27/Jun/2020:03:44:54 -0700] "GET /content/locations/?q=%23%20%23Http://agro.biodiver.se/ HTTP/1.1" 200 8346 "-" "Mozilla/5.0 (compatible; MJ12bot/v1.4.8; http://mj12bot.com/)" 
95.91.74.120 - - [27/Jun/2020:03:44:58 -0700] "GET /content/locations/?q=%23%20%23WithKnown HTTP/1.1" 200 8295 "-" "Mozilla/5.0 (compatible; MJ12bot/v1.4.8; http://mj12bot.com/)" 
95.91.33.17 - - [27/Jun/2020:03:44:59 -0700] "GET /2018/dgold-if-you-are-in-indieweb-irc-can-you-figure HTTP/1.1" 200 9633 "-" "Mozilla/5.0 (compatible; MJ12bot/v1.4.8; http://mj12bot.com/)" 
95.91.74.120 - - [27/Jun/2020:03:45:05 -0700] "GET /content/locations/?q=%23%20%23indieweb HTTP/1.1" 200 8289 "-" "Mozilla/5.0 (compatible; MJ12bot/v1.4.8; http://mj12bot.com/)" 
95.91.33.17 - - [27/Jun/2020:03:45:16 -0700] "GET /2018/for-all-the-joy-of-the-indieweb-and-the-pleasure HTTP/1.1" 200 10234 "-" "Mozilla/5.0 (compatible; MJ12bot/v1.4.8; http://mj12bot.com/)" 
91.137.17.204 - - [27/Jun/2020:03:45:17 -0700] "GET /content/locations/?q=%23AMRhub HTTP/1.1" 200 8273 "-" "Mozilla/5.0 (compatible; MJ12bot/v1.4.8; http://mj12bot.com/)" 
91.137.17.204 - - [27/Jun/2020:03:45:29 -0700] "GET /content/locations/?q=%23Lithuania HTTP/1.1" 200 8280 "-" "Mozilla/5.0 (compatible; MJ12bot/v1.4.8; http://mj12bot.com/)" 
66.249.89.177 - - [27/Jun/2020:03:45:32 -0700] "GET /2018/whats-the-problem HTTP/1.1" 200 11201 "-" "Mozilla/5.0 (compatible; GoogleDocs; apps-spreadsheets; +http://docs.google.com)" 
95.91.74.120 - - [27/Jun/2020:03:45:35 -0700] "GET /content/locations/?q=%23antibiotics HTTP/1.1" 200 8284 "-" "Mozilla/5.0 (compatible; MJ12bot/v1.4.8; http://mj12bot.com/)" 
95.91.33.17 - - [27/Jun/2020:03:45:37 -0700] "GET /2018/i-noticed-that-my-like-of-this HTTP/1.1" 200 10856 "-" "Mozilla/5.0 (compatible; MJ12bot/v1.4.8; http://mj12bot.com/)" 
91.137.17.204 - - [27/Jun/2020:03:45:38 -0700] "GET /content/locations/?q=%23bread HTTP/1.1" 200 8270 "-" "Mozilla/5.0 (compatible; MJ12bot/v1.4.8; http://mj12bot.com/)" 
91.137.17.204 - - [27/Jun/2020:03:45:40 -0700] "GET /content/locations/?q=%23diet HTTP/1.1" 200 8267 "-" "Mozilla/5.0 (compatible; MJ12bot/v1.4.8; http://mj12bot.com/)" 
91.137.17.204 - - [27/Jun/2020:03:45:42 -0700] "GET /content/locations/?q=%23earbudsfood HTTP/1.1" 200 8286 "-" "Mozilla/5.0 (compatible; MJ12bot/v1.4.8; http://mj12bot.com/)" 
91.137.17.204 - - [27/Jun/2020:03:45:46 -0700] "GET /content/locations/?q=%23igbreadclub HTTP/1.1" 200 8285 "-" "Mozilla/5.0 (compatible; MJ12bot/v1.4.8; http://mj12bot.com/)" 
95.91.33.17 - - [27/Jun/2020:03:45:47 -0700] "GET /2018/it-says-here-that-quotthe-indieweb HTTP/1.1" 200 9639 "-" "Mozilla/5.0 (compatible; MJ12bot/v1.4.8; http://mj12bot.com/)" 
95.91.74.120 - - [27/Jun/2020:03:45:51 -0700] "GET /content/locations/?q=%23indieweb HTTP/1.1" 200 8272 "-" "Mozilla/5.0 (compatible; MJ12bot/v1.4.8; http://mj12bot.com/)" 
95.91.74.120 - - [27/Jun/2020:03:45:58 -0700] "GET /content/locations/?q=%23matin HTTP/1.1" 200 8268 "-" "Mozilla/5.0 (compatible; MJ12bot/v1.4.8; http://mj12bot.com/)" 
46.229.168.150 - - [27/Jun/2020:03:45:59 -0700] "GET /tag/+%23hearsay19 HTTP/1.1" 200 8229 "-" "Mozilla/5.0 (compatible; SemrushBot/6~bl; +http://www.semrush.com/bot.html)" 
46.229.168.132 - - [27/Jun/2020:03:46:01 -0700] "GET /content/posts/?offset=10&q=%23known HTTP/1.1" 200 12697 "-" "Mozilla/5.0 (compatible; SemrushBot/6~bl; +http://www.semrush.com/bot.html)" 
95.91.74.120 - - [27/Jun/2020:03:46:05 -0700] "GET /content/locations/?q=%23withknown HTTP/1.1" 200 8274 "-" "Mozilla/5.0 (compatible; MJ12bot/v1.4.8; http://mj12bot.com/)" 
95.91.74.120 - - [27/Jun/2020:03:46:07 -0700] "GET /content/locations/?q=%2523diet HTTP/1.1" 200 8271 "-" "Mozilla/5.0 (compatible; MJ12bot/v1.4.8; http://mj12bot.com/)" 
95.91.74.120 - - [27/Jun/2020:03:46:09 -0700] "GET /content/locations/?q=%2523gazpacho HTTP/1.1" 200 8283 "-" "Mozilla/5.0 (compatible; MJ12bot/v1.4.8; http://mj12bot.com/)" 
54.36.148.134 - - [27/Jun/2020:03:46:09 -0700] "GET /content/bookmarkedpages/?q=%23webmention HTTP/1.1" 200 9084 "-" "Mozilla/5.0 (compatible; AhrefsBot/6.1; +http://ahrefs.com/robot/)" 
91.137.17.204 - - [27/Jun/2020:03:46:11 -0700] "GET /content/locations/?q=%2523heritageapples HTTP/1.1" 200 8291 "-" "Mozilla/5.0 (compatible; MJ12bot/v1.4.8; http://mj12bot.com/)" 
95.91.74.120 - - [27/Jun/2020:03:46:13 -0700] "GET /content/locations/?q=%2523plumeria HTTP/1.1" 200 8282 "-" "Mozilla/5.0 (compatible; MJ12bot/v1.4.8; http://mj12bot.com/)" 
95.91.74.120 - - [27/Jun/2020:03:46:15 -0700] "GET /content/locations/?q=%2523tentaclelove HTTP/1.1" 200 8288 "-" "Mozilla/5.0 (compatible; MJ12bot/v1.4.8; http://mj12bot.com/)" 
91.137.17.204 - - [27/Jun/2020:03:46:17 -0700] "GET /content/locations/?q=%2523viola HTTP/1.1" 200 8275 "-" "Mozilla/5.0 (compatible; MJ12bot/v1.4.8; http://mj12bot.com/)" 
91.137.17.204 - - [27/Jun/2020:03:46:21 -0700] "GET /content/photos/?offset=159 HTTP/1.1" 200 11236 "-" "Mozilla/5.0 (compatible; MJ12bot/v1.4.8; http://mj12bot.com/)" 
95.91.74.120 - - [27/Jun/2020:03:46:23 -0700] "GET /content/photos/?offset=239 HTTP/1.1" 200 10849 "-" "Mozilla/5.0 (compatible; MJ12bot/v1.4.8; http://mj12bot.com/)" 
95.91.74.120 - - [27/Jun/2020:03:46:25 -0700] "GET /content/photos/?offset=263 HTTP/1.1" 200 11421 "-" "Mozilla/5.0 (compatible; MJ12bot/v1.4.8; http://mj12bot.com/)" 
91.137.17.204 - - [27/Jun/2020:03:46:27 -0700] "GET /content/photos/?offset=268 HTTP/1.1" 200 11370 "-" "Mozilla/5.0 (compatible; MJ12bot/v1.4.8; http://mj12bot.com/)" 
95.91.33.17 - - [27/Jun/2020:03:46:29 -0700] "GET /2018/our-daily-bread-18---allied-forever2vii30lqicwsize-brings-benefits-to HTTP/1.1" 200 14086 "-" "Mozilla/5.0 (compatible; MJ12bot/v1.4.8; http://mj12bot.com/)" 
95.91.74.120 - - [27/Jun/2020:03:46:29 -0700] "GET /content/photos/?offset=318 HTTP/1.1" 200 10874 "-" "Mozilla/5.0 (compatible; MJ12bot/v1.4.8; http://mj12bot.com/)" 
95.91.74.120 - - [27/Jun/2020:03:46:31 -0700] "GET /content/photos/?offset=340 HTTP/1.1" 200 10276 "-" "Mozilla/5.0 (compatible; MJ12bot/v1.4.8; http://mj12bot.com/)" 
91.137.17.204 - - [27/Jun/2020:03:46:33 -0700] "GET /content/photos/?offset=348 HTTP/1.1" 200 10238 "-" "Mozilla/5.0 (compatible; MJ12bot/v1.4.8; http://mj12bot.com/)" 
95.91.74.120 - - [27/Jun/2020:03:46:35 -0700] "GET /content/photos/?offset=362 HTTP/1.1" 200 10421 "-" "Mozilla/5.0 (compatible; MJ12bot/v1.4.8; http://mj12bot.com/)" 
95.91.74.120 - - [27/Jun/2020:03:46:37 -0700] "GET /content/photos/?offset=380 HTTP/1.1" 200 12072 "-" "Mozilla/5.0 (compatible; MJ12bot/v1.4.8; http://mj12bot.com/)" 
95.91.74.120 - - [27/Jun/2020:03:46:39 -0700] "GET /content/photos/?offset=382 HTTP/1.1" 200 11969 "-" "Mozilla/5.0 (compatible; MJ12bot/v1.4.8; http://mj12bot.com/)" 
91.137.17.204 - - [27/Jun/2020:03:46:41 -0700] "GET /content/photos/?offset=413 HTTP/1.1" 200 10707 "-" "Mozilla/5.0 (compatible; MJ12bot/v1.4.8; http://mj12bot.com/)" 
95.91.74.120 - - [27/Jun/2020:03:46:43 -0700] "GET /content/photos/?offset=429 HTTP/1.1" 200 9906 "-" "Mozilla/5.0 (compatible; MJ12bot/v1.4.8; http://mj12bot.com/)" 
95.91.74.120 - - [27/Jun/2020:03:46:46 -0700] "GET /content/photos/?offset=492 HTTP/1.1" 200 11103 "-" "Mozilla/5.0 (compatible; MJ12bot/v1.4.8; http://mj12bot.com/)" 
54.36.148.72 - - [27/Jun/2020:03:46:49 -0700] "GET /?q=%23+%23IndieWeb&offset=43 HTTP/1.1" 200 11044 "-" "Mozilla/5.0 (compatible; AhrefsBot/6.1; +http://ahrefs.com/robot/)" 
91.137.17.204 - - [27/Jun/2020:03:46:50 -0700] "GET /content/photos/?offset=523 HTTP/1.1" 200 10591 "-" "Mozilla/5.0 (compatible; MJ12bot/v1.4.8; http://mj12bot.com/)" 
95.91.74.120 - - [27/Jun/2020:03:46:52 -0700] "GET /content/photos/?offset=542 HTTP/1.1" 200 11113 "-" "Mozilla/5.0 (compatible; MJ12bot/v1.4.8; http://mj12bot.com/)" 
91.137.17.204 - - [27/Jun/2020:03:46:56 -0700] "GET /content/photos/?offset=590 HTTP/1.1" 200 11008 "-" "Mozilla/5.0 (compatible; MJ12bot/v1.4.8; http://mj12bot.com/)" 
46.229.168.133 - - [27/Jun/2020:03:46:56 -0700] "GET /?offset=99&q=%23%2B%23indieweb HTTP/1.1" 200 14696 "-" "Mozilla/5.0 (compatible; SemrushBot/6~bl; +http://www.semrush.com/bot.html)" 
91.137.17.204 - - [27/Jun/2020:03:46:58 -0700] "GET /content/photos/?offset=635 HTTP/1.1" 200 10234 "-" "Mozilla/5.0 (compatible; MJ12bot/v1.4.8; http://mj12bot.com/)" 
91.137.17.204 - - [27/Jun/2020:03:47:00 -0700] "GET /content/photos/?offset=639 HTTP/1.1" 200 10291 "-" "Mozilla/5.0 (compatible; MJ12bot/v1.4.8; http://mj12bot.com/)" 
95.91.33.17 - - [27/Jun/2020:03:47:01 -0700] "GET /2018/quick-reminder-that-a-3-hour-virtual-homebrew HTTP/1.1" 200 9751 "-" "Mozilla/5.0 (compatible; MJ12bot/v1.4.8; http://mj12bot.com/)" 
95.91.74.120 - - [27/Jun/2020:03:47:02 -0700] "GET /content/photos/?offset=654 HTTP/1.1" 200 11048 "-" "Mozilla/5.0 (compatible; MJ12bot/v1.4.8; http://mj12bot.com/)" 
91.137.17.204 - - [27/Jun/2020:03:47:04 -0700] "GET /content/photos/?offset=658 HTTP/1.1" 200 11024 "-" "Mozilla/5.0 (compatible; MJ12bot/v1.4.8; http://mj12bot.com/)" 
91.137.17.204 - - [27/Jun/2020:03:47:06 -0700] "GET /content/photos/?offset=659 HTTP/1.1" 200 10962 "-" "Mozilla/5.0 (compatible; MJ12bot/v1.4.8; http://mj12bot.com/)" 
