66.249.64.108 - - [26/Jun/2020:02:55:51 -0700] "GET /service/web/unfurl/?url=http%3A%2F%2Fwww.ehn.org%2Fmonsanto-effort-to-skew-science-2581194459.html&__bTk=69943e220605fd513a07276546916b3a5e7ac0f9fd9803c54ba60d198a8dbd2b&__bTs=1591488000 HTTP/1.1" 403 4959 "https://stream.jeremycherfas.net/?offset=1190" "Mozilla/5.0 (Linux; Android 6.0.1; Nexus 5X Build/MMB29P) AppleWebKit/537.36 (KHTML, like Gecko) Chrome/83.0.4103.118 Mobile Safari/537.36 (compatible; Googlebot/2.1; +http://www.google.com/bot.html)" 
66.249.64.110 - - [26/Jun/2020:02:55:52 -0700] "GET /service/web/unfurl/?url=https%3A%2F%2Fascraeus.org%2Fthe-cold-pre-dawn%2F&__bTk=69943e220605fd513a07276546916b3a5e7ac0f9fd9803c54ba60d198a8dbd2b&__bTs=1591488000 HTTP/1.1" 403 4934 "https://stream.jeremycherfas.net/?offset=1190" "Mozilla/5.0 (Linux; Android 6.0.1; Nexus 5X Build/MMB29P) AppleWebKit/537.36 (KHTML, like Gecko) Chrome/83.0.4103.118 Mobile Safari/537.36 (compatible; Googlebot/2.1; +http://www.google.com/bot.html)" 
66.249.64.110 - - [26/Jun/2020:02:55:52 -0700] "GET /service/web/unfurl/?url=http%3A%2F%2Fwww.ehn.org%2Fmonsanto-effort-to-skew-science-2581194459.html&__bTk=69943e220605fd513a07276546916b3a5e7ac0f9fd9803c54ba60d198a8dbd2b&__bTs=1591887856 HTTP/1.1" 403 1287 "https://stream.jeremycherfas.net/?offset=1190" "Mozilla/5.0 (Linux; Android 6.0.1; Nexus 5X Build/MMB29P) AppleWebKit/537.36 (KHTML, like Gecko) Chrome/83.0.4103.118 Mobile Safari/537.36 (compatible; Googlebot/2.1; +http://www.google.com/bot.html)" 
66.249.64.108 - - [26/Jun/2020:02:55:53 -0700] "GET /service/web/unfurl/?url=https%3A%2F%2Fascraeus.org%2Fthe-cold-pre-dawn%2F&__bTk=69943e220605fd513a07276546916b3a5e7ac0f9fd9803c54ba60d198a8dbd2b&__bTs=1591887856 HTTP/1.1" 403 4934 "https://stream.jeremycherfas.net/?offset=1190" "Mozilla/5.0 (Linux; Android 6.0.1; Nexus 5X Build/MMB29P) AppleWebKit/537.36 (KHTML, like Gecko) Chrome/83.0.4103.118 Mobile Safari/537.36 (compatible; Googlebot/2.1; +http://www.google.com/bot.html)" 
46.229.168.148 - - [26/Jun/2020:02:55:59 -0700] "GET /2018/language-log-has-set-out-its-stall-and-its-intentions HTTP/1.1" 200 9462 "-" "Mozilla/5.0 (compatible; SemrushBot/6~bl; +http://www.semrush.com/bot.html)" 
66.249.64.110 - - [26/Jun/2020:02:57:51 -0700] "GET /2018/stranded HTTP/1.1" 200 11800 "-" "Mozilla/5.0 (Linux; Android 6.0.1; Nexus 5X Build/MMB29P) AppleWebKit/537.36 (KHTML, like Gecko) Chrome/80.0.3987.92 Mobile Safari/537.36 (compatible; Googlebot/2.1; +http://www.google.com/bot.html)" 
46.229.168.162 - - [26/Jun/2020:02:58:18 -0700] "GET /?offset=30&q=%23%2B%23indieweb HTTP/1.1" 200 12855 "-" "Mozilla/5.0 (compatible; SemrushBot/6~bl; +http://www.semrush.com/bot.html)" 
46.229.168.145 - - [26/Jun/2020:02:58:18 -0700] "GET /content/photos?offset=290 HTTP/1.1" 200 10727 "-" "Mozilla/5.0 (compatible; SemrushBot/6~bl; +http://www.semrush.com/bot.html)" 
46.229.168.144 - - [26/Jun/2020:02:58:47 -0700] "GET /2019/finished-reading-the-cockroach-by-ian-mcewan HTTP/1.1" 200 9213 "-" "Mozilla/5.0 (compatible; SemrushBot/6~bl; +http://www.semrush.com/bot.html)" 
46.229.168.162 - - [26/Jun/2020:02:59:15 -0700] "GET /tag/bread?offset=0 HTTP/1.1" 200 12181 "-" "Mozilla/5.0 (compatible; SemrushBot/6~bl; +http://www.semrush.com/bot.html)" 
46.229.168.130 - - [26/Jun/2020:02:59:35 -0700] "GET /content/all/?offset=20 HTTP/1.1" 200 11383 "-" "Mozilla/5.0 (compatible; SemrushBot/6~bl; +http://www.semrush.com/bot.html)" 
96.126.125.129 - - [26/Jun/2020:03:00:00 -0700] "GET /content/statusupdates/posts/photos/checkins/bookmarkedpages?_t=rss HTTP/1.1" 200 7393 "-" "Micro.blog/1.0" 
46.229.168.136 - - [26/Jun/2020:03:00:01 -0700] "GET /content/bookmarkedpages/?offset=21&q=%23indieweb HTTP/1.1" 200 12394 "-" "Mozilla/5.0 (compatible; SemrushBot/6~bl; +http://www.semrush.com/bot.html)" 
46.229.168.151 - - [26/Jun/2020:03:00:52 -0700] "GET /2018/blimey-i-just-started-another-coursera-offering-this-morning-and HTTP/1.1" 200 9715 "-" "Mozilla/5.0 (compatible; SemrushBot/6~bl; +http://www.semrush.com/bot.html)" 
46.229.168.148 - - [26/Jun/2020:03:01:43 -0700] "GET /content/all/?offset=54&q=%23Sourdough HTTP/1.1" 200 9356 "-" "Mozilla/5.0 (compatible; SemrushBot/6~bl; +http://www.semrush.com/bot.html)" 
46.229.168.134 - - [26/Jun/2020:03:01:59 -0700] "GET /2017/horses-for-courses HTTP/1.1" 200 9863 "-" "Mozilla/5.0 (compatible; SemrushBot/6~bl; +http://www.semrush.com/bot.html)" 
46.229.168.139 - - [26/Jun/2020:03:02:20 -0700] "GET /?offset=21&q=%23withknown HTTP/1.1" 200 12222 "-" "Mozilla/5.0 (compatible; SemrushBot/6~bl; +http://www.semrush.com/bot.html)" 
46.229.168.142 - - [26/Jun/2020:03:03:27 -0700] "GET /2018/blimey-i-just-started-another-coursera-offering-this-morning-and HTTP/1.1" 200 9673 "-" "Mozilla/5.0 (compatible; SemrushBot/6~bl; +http://www.semrush.com/bot.html)" 
96.126.125.129 - - [26/Jun/2020:03:03:36 -0700] "GET /content/statusupdates/posts/photos/checkins/bookmarkedpages?_t=rss HTTP/1.1" 200 7393 "-" "Micro.blog/1.0" 
158.69.245.202 - - [26/Jun/2020:03:03:37 -0700] "GET /robots.txt HTTP/1.1" 200 4288 "-" "Mozilla/5.0 (compatible; MJ12bot/v1.4.8; http://mj12bot.com/)" 
207.5.160.195 - - [26/Jun/2020:03:04:06 -0700] "GET /robots.txt HTTP/1.0" 200 4382 "-" "WF search/Nutch-1.12" 
207.5.160.195 - - [26/Jun/2020:03:04:06 -0700] "GET /2020/never-nothing-to-see-algorithmic-feeds-or-an-inbox HTTP/1.0" 200 9565 "-" "WF search/Nutch-1.12" 
158.69.245.202 - - [26/Jun/2020:03:04:19 -0700] "GET /2018/10-practices-for-readable-code?_t=rss HTTP/1.1" 200 5077 "-" "Mozilla/5.0 (compatible; MJ12bot/v1.4.8; http://mj12bot.com/)" 
54.39.177.198 - - [26/Jun/2020:03:04:35 -0700] "GET /content/all?_t=rss HTTP/1.1" 200 7325 "-" "Mozilla/5.0 (compatible; YaK/1.0; http://linkfluence.com/; bot@linkfluence.com)" 
158.69.245.202 - - [26/Jun/2020:03:04:55 -0700] "GET /2018/adactio-journalpreparing-a-conference-talk?_t=rss HTTP/1.1" 200 5040 "-" "Mozilla/5.0 (compatible; MJ12bot/v1.4.8; http://mj12bot.com/)" 
114.119.164.86 - - [26/Jun/2020:03:05:24 -0700] "GET /2019/mapkyca-amen-to-that-and-thanks-so HTTP/1.1" 200 9463 "-" "Mozilla/5.0 (Linux; Android 7.0;) AppleWebKit/537.36 (KHTML, like Gecko) Mobile Safari/537.36 (compatible; PetalBot;+https://aspiegel.com/petalbot)" 
158.69.245.202 - - [26/Jun/2020:03:05:33 -0700] "GET /2018/indieweb-summit-2018-recap-1/annotations/2539d748eabc398421d169703b602440 HTTP/1.1" 200 7963 "-" "Mozilla/5.0 (compatible; MJ12bot/v1.4.8; http://mj12bot.com/)" 
46.229.168.130 - - [26/Jun/2020:03:05:39 -0700] "GET /content/statusupdates/?offset=28&q=%23%2B%23IndieWeb HTTP/1.1" 200 9464 "-" "Mozilla/5.0 (compatible; SemrushBot/6~bl; +http://www.semrush.com/bot.html)" 
64.111.100.215 - - [26/Jun/2020:03:06:06 -0700] "GET /content/all?_t=rss HTTP/1.1" 200 14113 "-" "Mozilla/5.0 (X11; U; Linux i686; fr; rv:1.9.1.1) Gecko/20090715 Firefox/3.5.1" 
46.229.168.162 - - [26/Jun/2020:03:06:17 -0700] "GET /2018/journeymanhisto-i-find-it-incomprehensible-why-anyone HTTP/1.1" 200 10302 "-" "Mozilla/5.0 (compatible; SemrushBot/6~bl; +http://www.semrush.com/bot.html)" 
158.69.245.202 - - [26/Jun/2020:03:06:30 -0700] "GET /2018/indieweb-summit-2018-recap-1/annotations/2baaf5283a7553fbedbd1525653b070f HTTP/1.1" 200 7963 "-" "Mozilla/5.0 (compatible; MJ12bot/v1.4.8; http://mj12bot.com/)" 
46.229.168.152 - - [26/Jun/2020:03:06:52 -0700] "GET /content/audio/?q=%23webmention HTTP/1.1" 200 8301 "-" "Mozilla/5.0 (compatible; SemrushBot/6~bl; +http://www.semrush.com/bot.html)" 
46.229.168.152 - - [26/Jun/2020:03:07:07 -0700] "GET /2017/no-2-is-my-favourite HTTP/1.1" 200 9562 "-" "Mozilla/5.0 (compatible; SemrushBot/6~bl; +http://www.semrush.com/bot.html)" 
46.229.168.141 - - [26/Jun/2020:03:07:13 -0700] "GET /content/statusupdates/?offset=1&q=%23indieweb HTTP/1.1" 200 11529 "-" "Mozilla/5.0 (compatible; SemrushBot/6~bl; +http://www.semrush.com/bot.html)" 
158.69.245.202 - - [26/Jun/2020:03:08:26 -0700] "GET /2018/indieweb-summit-2018-recap-1/annotations/4dd685bf368ecfd7485a0dd555d3c21a HTTP/1.1" 200 8007 "-" "Mozilla/5.0 (compatible; MJ12bot/v1.4.8; http://mj12bot.com/)" 
96.126.125.129 - - [26/Jun/2020:03:09:00 -0700] "GET /content/statusupdates/posts/photos/checkins/bookmarkedpages?_t=rss HTTP/1.1" 200 7393 "-" "Micro.blog/1.0" 
158.69.245.202 - - [26/Jun/2020:03:09:03 -0700] "GET /2018/indieweb-summit-2018-recap-1/annotations/540ebf41bb3a09f9111225cdeb2230fa HTTP/1.1" 200 7963 "-" "Mozilla/5.0 (compatible; MJ12bot/v1.4.8; http://mj12bot.com/)" 
46.229.168.134 - - [26/Jun/2020:03:09:22 -0700] "GET /2019/good-start-to-ferragosto HTTP/1.1" 200 13004 "-" "Mozilla/5.0 (compatible; SemrushBot/6~bl; +http://www.semrush.com/bot.html)" 
46.229.168.132 - - [26/Jun/2020:03:09:30 -0700] "GET /content/statusupdates/?offset=17&q=%23%2B%23podcast HTTP/1.1" 200 8668 "-" "Mozilla/5.0 (compatible; SemrushBot/6~bl; +http://www.semrush.com/bot.html)" 
158.69.245.202 - - [26/Jun/2020:03:09:38 -0700] "GET /2018/indieweb-summit-2018-recap-1/annotations/5a81ce76fc8b3d8554e970730135e0e8 HTTP/1.1" 200 7962 "-" "Mozilla/5.0 (compatible; MJ12bot/v1.4.8; http://mj12bot.com/)" 
46.229.168.146 - - [26/Jun/2020:03:10:10 -0700] "GET /content/all/?offset=12&q=%23%2B%23food HTTP/1.1" 200 12071 "-" "Mozilla/5.0 (compatible; SemrushBot/6~bl; +http://www.semrush.com/bot.html)" 
158.69.245.202 - - [26/Jun/2020:03:10:24 -0700] "GET /2018/indieweb-summit-2018-recap-1/annotations/613904b1b4bc050e087e4571087011be HTTP/1.1" 200 7961 "-" "Mozilla/5.0 (compatible; MJ12bot/v1.4.8; http://mj12bot.com/)" 
46.229.168.140 - - [26/Jun/2020:03:10:25 -0700] "GET /tag/indieweb?offset=118 HTTP/1.1" 200 12015 "-" "Mozilla/5.0 (compatible; SemrushBot/6~bl; +http://www.semrush.com/bot.html)" 
158.69.245.202 - - [26/Jun/2020:03:11:05 -0700] "GET /2018/indieweb-summit-2018-recap-1/annotations/62c1be030fae06a1470b917b89a3c03d HTTP/1.1" 200 7962 "-" "Mozilla/5.0 (compatible; MJ12bot/v1.4.8; http://mj12bot.com/)" 
158.69.245.202 - - [26/Jun/2020:03:11:41 -0700] "GET /2018/indieweb-summit-2018-recap-1/annotations/8a1e16c4165ba6098b88d852d1c154f8 HTTP/1.1" 200 7963 "-" "Mozilla/5.0 (compatible; MJ12bot/v1.4.8; http://mj12bot.com/)" 
158.69.245.202 - - [26/Jun/2020:03:12:27 -0700] "GET /2018/indieweb-summit-2018-recap-1/annotations/93ebe9102880b5757ff7612325ab34e2 HTTP/1.1" 200 7964 "-" "Mozilla/5.0 (compatible; MJ12bot/v1.4.8; http://mj12bot.com/)" 
46.229.168.139 - - [26/Jun/2020:03:12:39 -0700] "GET /2018/three-like-this-not-too-shabby HTTP/1.1" 200 11518 "-" "Mozilla/5.0 (compatible; SemrushBot/6~bl; +http://www.semrush.com/bot.html)" 
46.229.168.163 - - [26/Jun/2020:03:12:56 -0700] "GET /2020/-7 HTTP/1.1" 200 9290 "-" "Mozilla/5.0 (compatible; SemrushBot/6~bl; +http://www.semrush.com/bot.html)" 
158.69.245.202 - - [26/Jun/2020:03:13:09 -0700] "GET /2018/indieweb-summit-2018-recap-1/annotations/9ffa62b145494ff24b36fe874a2ebca3 HTTP/1.1" 200 7963 "-" "Mozilla/5.0 (compatible; MJ12bot/v1.4.8; http://mj12bot.com/)" 
46.229.168.151 - - [26/Jun/2020:03:13:34 -0700] "GET /2019/language-log-swot-swat HTTP/1.1" 200 9365 "-" "Mozilla/5.0 (compatible; SemrushBot/6~bl; +http://www.semrush.com/bot.html)" 
158.69.245.202 - - [26/Jun/2020:03:13:47 -0700] "GET /2018/indieweb-summit-2018-recap-1/annotations/b58f3145f00a31fbb65207fdac2afa20 HTTP/1.1" 200 7963 "-" "Mozilla/5.0 (compatible; MJ12bot/v1.4.8; http://mj12bot.com/)" 
158.69.245.202 - - [26/Jun/2020:03:14:24 -0700] "GET /2018/indieweb-summit-2018-recap-1/annotations/c99bbd98ce3d89169a4694abd9046ffd HTTP/1.1" 200 7961 "-" "Mozilla/5.0 (compatible; MJ12bot/v1.4.8; http://mj12bot.com/)" 
77.88.5.71 - - [26/Jun/2020:03:14:32 -0700] "GET /robots.txt HTTP/1.1" 200 4288 "-" "Mozilla/5.0 (compatible; YandexBot/3.0; +http://yandex.com/bots)" 
77.88.5.71 - - [26/Jun/2020:03:14:35 -0700] "GET /file/ef801e05730eba56004c5b712ad84731/thumb.jpg HTTP/1.1" 200 25880 "-" "Mozilla/5.0 (compatible; YandexBot/3.0; +http://yandex.com/bots)" 
144.76.38.40 - - [26/Jun/2020:03:14:36 -0700] "GET /robots.txt HTTP/1.1" 200 4288 "-" "Mozilla/5.0 (compatible; MJ12bot/v1.4.8; http://mj12bot.com/)" 
144.76.38.40 - - [26/Jun/2020:03:14:43 -0700] "GET /content/rsvp/?q=%23antibiotics&_t=rss HTTP/1.1" 200 4767 "-" "Mozilla/5.0 (compatible; MJ12bot/v1.4.8; http://mj12bot.com/)" 
144.76.38.40 - - [26/Jun/2020:03:14:51 -0700] "GET /content/rsvp/?q=%23brocolletti HTTP/1.1" 200 8273 "-" "Mozilla/5.0 (compatible; MJ12bot/v1.4.8; http://mj12bot.com/)" 
144.76.38.40 - - [26/Jun/2020:03:14:57 -0700] "GET /content/rsvp/?q=%23cactus&_t=rss HTTP/1.1" 200 4758 "-" "Mozilla/5.0 (compatible; MJ12bot/v1.4.8; http://mj12bot.com/)" 
46.229.168.151 - - [26/Jun/2020:03:15:01 -0700] "GET /2020/untitled-33 HTTP/1.1" 200 9344 "-" "Mozilla/5.0 (compatible; SemrushBot/6~bl; +http://www.semrush.com/bot.html)" 
192.99.6.138 - - [26/Jun/2020:03:15:12 -0700] "GET /robots.txt HTTP/1.1" 200 4288 "-" "Mozilla/5.0 (compatible; MJ12bot/v1.4.8; http://mj12bot.com/)" 
158.69.245.202 - - [26/Jun/2020:03:15:14 -0700] "GET /2018/indieweb-summit-2018-recap-1/annotations/cc137b9cec89269c2751a62deda9d3f3 HTTP/1.1" 200 7962 "-" "Mozilla/5.0 (compatible; MJ12bot/v1.4.8; http://mj12bot.com/)" 
144.76.38.40 - - [26/Jun/2020:03:15:16 -0700] "GET /content/rsvp/?q=%23changingglobaldiets HTTP/1.1" 200 8290 "-" "Mozilla/5.0 (compatible; MJ12bot/v1.4.8; http://mj12bot.com/)" 
46.229.168.142 - - [26/Jun/2020:03:15:20 -0700] "GET /content/all/?offset=70&q=%23%2B%23bread HTTP/1.1" 200 11925 "-" "Mozilla/5.0 (compatible; SemrushBot/6~bl; +http://www.semrush.com/bot.html)" 
192.99.6.138 - - [26/Jun/2020:03:15:20 -0700] "GET /content/photos/?offset=709 HTTP/1.1" 200 10601 "-" "Mozilla/5.0 (compatible; MJ12bot/v1.4.8; http://mj12bot.com/)" 
46.229.168.138 - - [26/Jun/2020:03:15:21 -0700] "GET /content/bookmarkedpages?offset=310 HTTP/1.1" 200 10426 "-" "Mozilla/5.0 (compatible; SemrushBot/6~bl; +http://www.semrush.com/bot.html)" 
144.76.38.40 - - [26/Jun/2020:03:15:31 -0700] "GET /content/rsvp/?q=%23diet&_t=rss HTTP/1.1" 200 4754 "-" "Mozilla/5.0 (compatible; MJ12bot/v1.4.8; http://mj12bot.com/)" 
46.229.168.129 - - [26/Jun/2020:03:15:39 -0700] "GET /2018/parachute-use-to-prevent-death-and-major-trauma-when-jumping HTTP/1.1" 200 9480 "-" "Mozilla/5.0 (compatible; SemrushBot/6~bl; +http://www.semrush.com/bot.html)" 
192.99.6.138 - - [26/Jun/2020:03:15:40 -0700] "GET /content/photos/?offset=713 HTTP/1.1" 200 10847 "-" "Mozilla/5.0 (compatible; MJ12bot/v1.4.8; http://mj12bot.com/)" 
192.99.6.138 - - [26/Jun/2020:03:15:49 -0700] "GET /content/photos/?offset=715 HTTP/1.1" 200 10858 "-" "Mozilla/5.0 (compatible; MJ12bot/v1.4.8; http://mj12bot.com/)" 
158.69.245.202 - - [26/Jun/2020:03:15:58 -0700] "GET /2018/indieweb-summit-2018-recap-1/annotations/d583a14cb58a760e5f9da60f67a8ff4e HTTP/1.1" 200 7962 "-" "Mozilla/5.0 (compatible; MJ12bot/v1.4.8; http://mj12bot.com/)" 
192.99.6.138 - - [26/Jun/2020:03:16:02 -0700] "GET /content/photos/?offset=718 HTTP/1.1" 200 10673 "-" "Mozilla/5.0 (compatible; MJ12bot/v1.4.8; http://mj12bot.com/)" 
192.99.6.138 - - [26/Jun/2020:03:16:11 -0700] "GET /content/photos/?offset=719 HTTP/1.1" 200 10752 "-" "Mozilla/5.0 (compatible; MJ12bot/v1.4.8; http://mj12bot.com/)" 
192.99.6.138 - - [26/Jun/2020:03:16:16 -0700] "GET /content/photos/?offset=723 HTTP/1.1" 200 10467 "-" "Mozilla/5.0 (compatible; MJ12bot/v1.4.8; http://mj12bot.com/)" 
96.126.125.129 - - [26/Jun/2020:03:16:16 -0700] "GET /content/statusupdates/posts/photos/checkins/bookmarkedpages?_t=rss HTTP/1.1" 200 7393 "-" "Micro.blog/1.0" 
192.99.6.138 - - [26/Jun/2020:03:16:18 -0700] "GET /content/photos/?offset=724 HTTP/1.1" 200 10529 "-" "Mozilla/5.0 (compatible; MJ12bot/v1.4.8; http://mj12bot.com/)" 
144.76.38.40 - - [26/Jun/2020:03:16:27 -0700] "GET /content/rsvp/?q=%23earbudsfood&_t=rss HTTP/1.1" 200 4767 "-" "Mozilla/5.0 (compatible; MJ12bot/v1.4.8; http://mj12bot.com/)" 
192.99.6.138 - - [26/Jun/2020:03:16:28 -0700] "GET /content/photos/?offset=725 HTTP/1.1" 200 10428 "-" "Mozilla/5.0 (compatible; MJ12bot/v1.4.8; http://mj12bot.com/)" 
144.76.38.40 - - [26/Jun/2020:03:16:29 -0700] "GET /content/rsvp/?q=%23flower&_t=rss HTTP/1.1" 200 4758 "-" "Mozilla/5.0 (compatible; MJ12bot/v1.4.8; http://mj12bot.com/)" 
192.99.6.138 - - [26/Jun/2020:03:16:41 -0700] "GET /content/photos/?offset=728 HTTP/1.1" 200 10620 "-" "Mozilla/5.0 (compatible; MJ12bot/v1.4.8; http://mj12bot.com/)" 
144.76.38.40 - - [26/Jun/2020:03:16:41 -0700] "GET /content/rsvp/?q=%23foodcommunicationconf&_t=rss HTTP/1.1" 200 4780 "-" "Mozilla/5.0 (compatible; MJ12bot/v1.4.8; http://mj12bot.com/)" 
158.69.245.202 - - [26/Jun/2020:03:16:42 -0700] "GET /2018/indieweb-summit-2018-recap-1/annotations/d6f62b3c9621fe6379e1699b891eade7 HTTP/1.1" 200 7963 "-" "Mozilla/5.0 (compatible; MJ12bot/v1.4.8; http://mj12bot.com/)" 
192.99.6.138 - - [26/Jun/2020:03:16:50 -0700] "GET /content/photos/?offset=729 HTTP/1.1" 200 10586 "-" "Mozilla/5.0 (compatible; MJ12bot/v1.4.8; http://mj12bot.com/)" 
94.154.239.69 - - [26/Jun/2020:03:16:54 -0700] "GET /robots.txt HTTP/1.1" 200 4288 "-" "Mozilla/5.0 (compatible; MJ12bot/v1.4.8; http://mj12bot.com/)" 
144.76.38.40 - - [26/Jun/2020:03:16:55 -0700] "GET /content/rsvp/?q=%23graingathering2017%26quot&_t=rss HTTP/1.1" 200 4793 "-" "Mozilla/5.0 (compatible; MJ12bot/v1.4.8; http://mj12bot.com/)" 
94.154.239.69 - - [26/Jun/2020:03:16:59 -0700] "GET /?q=%23%20%23sourdough&offset=19 HTTP/1.1" 200 11597 "-" "Mozilla/5.0 (compatible; MJ12bot/v1.4.8; http://mj12bot.com/)" 
144.76.38.40 - - [26/Jun/2020:03:16:59 -0700] "GET /content/rsvp/?q=%23graingathering2017&_t=rss HTTP/1.1" 200 4779 "-" "Mozilla/5.0 (compatible; MJ12bot/v1.4.8; http://mj12bot.com/)" 
94.154.239.69 - - [26/Jun/2020:03:17:04 -0700] "GET /?q=%23%20%23sourdough&offset=21 HTTP/1.1" 200 11667 "-" "Mozilla/5.0 (compatible; MJ12bot/v1.4.8; http://mj12bot.com/)" 
144.76.38.40 - - [26/Jun/2020:03:17:05 -0700] "GET /content/rsvp/?q=%23heritageapples HTTP/1.1" 200 8278 "-" "Mozilla/5.0 (compatible; MJ12bot/v1.4.8; http://mj12bot.com/)" 
192.99.6.138 - - [26/Jun/2020:03:17:04 -0700] "GET /content/photos/?offset=733 HTTP/1.1" 200 10575 "-" "Mozilla/5.0 (compatible; MJ12bot/v1.4.8; http://mj12bot.com/)" 
192.99.6.138 - - [26/Jun/2020:03:17:11 -0700] "GET /content/photos/?offset=734 HTTP/1.1" 200 10615 "-" "Mozilla/5.0 (compatible; MJ12bot/v1.4.8; http://mj12bot.com/)" 
94.154.239.69 - - [26/Jun/2020:03:17:11 -0700] "GET /?q=%23%20%23sourdough&offset=24 HTTP/1.1" 200 11634 "-" "Mozilla/5.0 (compatible; MJ12bot/v1.4.8; http://mj12bot.com/)" 
144.76.38.40 - - [26/Jun/2020:03:17:14 -0700] "GET /content/rsvp/?q=%23indiewebcamp&_t=rss HTTP/1.1" 200 4766 "-" "Mozilla/5.0 (compatible; MJ12bot/v1.4.8; http://mj12bot.com/)" 
94.154.239.69 - - [26/Jun/2020:03:17:17 -0700] "GET /?q=%23%20%23sourdough&offset=25 HTTP/1.1" 200 11328 "-" "Mozilla/5.0 (compatible; MJ12bot/v1.4.8; http://mj12bot.com/)" 
94.154.239.69 - - [26/Jun/2020:03:17:21 -0700] "GET /?q=%23brocolletti HTTP/1.1" 200 8976 "-" "Mozilla/5.0 (compatible; MJ12bot/v1.4.8; http://mj12bot.com/)" 
144.76.38.40 - - [26/Jun/2020:03:17:24 -0700] "GET /content/rsvp/?q=%23lemons&_t=rss HTTP/1.1" 200 4758 "-" "Mozilla/5.0 (compatible; MJ12bot/v1.4.8; http://mj12bot.com/)" 
94.154.239.69 - - [26/Jun/2020:03:17:25 -0700] "GET /?q=%23heritageapples HTTP/1.1" 200 8984 "-" "Mozilla/5.0 (compatible; MJ12bot/v1.4.8; http://mj12bot.com/)" 
144.76.38.40 - - [26/Jun/2020:03:17:31 -0700] "GET /content/rsvp/?q=%23marmalade&_t=rss HTTP/1.1" 200 4762 "-" "Mozilla/5.0 (compatible; MJ12bot/v1.4.8; http://mj12bot.com/)" 
94.154.239.69 - - [26/Jun/2020:03:17:31 -0700] "GET /content/all/?q=%23borderterrier HTTP/1.1" 200 8990 "-" "Mozilla/5.0 (compatible; MJ12bot/v1.4.8; http://mj12bot.com/)" 
144.76.38.40 - - [26/Jun/2020:03:17:34 -0700] "GET /content/rsvp/?q=%23micromonday HTTP/1.1" 200 8272 "-" "Mozilla/5.0 (compatible; MJ12bot/v1.4.8; http://mj12bot.com/)" 
192.99.6.138 - - [26/Jun/2020:03:17:36 -0700] "GET /content/photos/?q=%23%20%23174&_t=rss HTTP/1.1" 200 5538 "-" "Mozilla/5.0 (compatible; MJ12bot/v1.4.8; http://mj12bot.com/)" 
94.154.239.69 - - [26/Jun/2020:03:17:37 -0700] "GET /content/all/?q=%23brocolletti HTTP/1.1" 200 8992 "-" "Mozilla/5.0 (compatible; MJ12bot/v1.4.8; http://mj12bot.com/)" 
144.76.38.40 - - [26/Jun/2020:03:17:37 -0700] "GET /content/rsvp/?q=%23micromonday&_t=rss HTTP/1.1" 200 4763 "-" "Mozilla/5.0 (compatible; MJ12bot/v1.4.8; http://mj12bot.com/)" 
144.76.38.40 - - [26/Jun/2020:03:17:40 -0700] "GET /content/rsvp/?q=%23multigrain&_t=rss HTTP/1.1" 200 4764 "-" "Mozilla/5.0 (compatible; MJ12bot/v1.4.8; http://mj12bot.com/)" 
46.229.168.136 - - [26/Jun/2020:03:17:42 -0700] "GET /robots.txt HTTP/1.1" 200 4276 "-" "Mozilla/5.0 (compatible; SemrushBot/6~bl; +http://www.semrush.com/bot.html)" 
46.229.168.149 - - [26/Jun/2020:03:17:42 -0700] "GET /content/all/?offset=40 HTTP/1.1" 200 13903 "-" "Mozilla/5.0 (compatible; SemrushBot/6~bl; +http://www.semrush.com/bot.html)" 
144.76.38.40 - - [26/Jun/2020:03:17:46 -0700] "GET /content/rsvp/?q=%23podcast&_t=rss HTTP/1.1" 200 4758 "-" "Mozilla/5.0 (compatible; MJ12bot/v1.4.8; http://mj12bot.com/)" 
94.154.239.69 - - [26/Jun/2020:03:17:46 -0700] "GET /content/all/?q=%23changingglobaldiets HTTP/1.1" 200 8890 "-" "Mozilla/5.0 (compatible; MJ12bot/v1.4.8; http://mj12bot.com/)" 
192.99.6.138 - - [26/Jun/2020:03:17:53 -0700] "GET /content/photos/?q=%23%20%23Http://agro.biodiver.se/&_t=rss HTTP/1.1" 200 8799 "-" "Mozilla/5.0 (compatible; MJ12bot/v1.4.8; http://mj12bot.com/)" 
144.76.38.40 - - [26/Jun/2020:03:17:55 -0700] "GET /content/rsvp/?q=%23stirfridaynight&_t=rss HTTP/1.1" 200 4774 "-" "Mozilla/5.0 (compatible; MJ12bot/v1.4.8; http://mj12bot.com/)" 
144.76.38.40 - - [26/Jun/2020:03:17:58 -0700] "GET /content/rsvp/?q=%23tentaclelove HTTP/1.1" 200 8275 "-" "Mozilla/5.0 (compatible; MJ12bot/v1.4.8; http://mj12bot.com/)" 
94.154.239.69 - - [26/Jun/2020:03:18:00 -0700] "GET /content/all/?q=%23heritageapples HTTP/1.1" 200 9001 "-" "Mozilla/5.0 (compatible; MJ12bot/v1.4.8; http://mj12bot.com/)" 
144.76.38.40 - - [26/Jun/2020:03:18:03 -0700] "GET /content/rsvp/?q=%23webmention&_t=rss HTTP/1.1" 200 4763 "-" "Mozilla/5.0 (compatible; MJ12bot/v1.4.8; http://mj12bot.com/)" 
144.76.38.40 - - [26/Jun/2020:03:18:07 -0700] "GET /content/rsvp/?q=%23withknown&_t=rss HTTP/1.1" 200 4757 "-" "Mozilla/5.0 (compatible; MJ12bot/v1.4.8; http://mj12bot.com/)" 
144.76.38.40 - - [26/Jun/2020:03:18:10 -0700] "GET /content/rsvp/?q=%2523Quinoa&_t=rss HTTP/1.1" 200 4763 "-" "Mozilla/5.0 (compatible; MJ12bot/v1.4.8; http://mj12bot.com/)" 
144.76.38.40 - - [26/Jun/2020:03:18:13 -0700] "GET /content/rsvp/?q=%2523changingglobaldiets HTTP/1.1" 200 8294 "-" "Mozilla/5.0 (compatible; MJ12bot/v1.4.8; http://mj12bot.com/)" 
144.76.38.40 - - [26/Jun/2020:03:18:16 -0700] "GET /content/rsvp/?q=%2523cucumber HTTP/1.1" 200 8274 "-" "Mozilla/5.0 (compatible; MJ12bot/v1.4.8; http://mj12bot.com/)" 
94.154.239.69 - - [26/Jun/2020:03:18:16 -0700] "GET /content/all/?q=%2523changingglobaldiets HTTP/1.1" 200 8281 "-" "Mozilla/5.0 (compatible; MJ12bot/v1.4.8; http://mj12bot.com/)" 
192.99.6.138 - - [26/Jun/2020:03:18:18 -0700] "GET /content/photos/?q=%23%20%23Http://agro.biodiver.se/&offset=10&_t=rss HTTP/1.1" 200 8525 "-" "Mozilla/5.0 (compatible; MJ12bot/v1.4.8; http://mj12bot.com/)" 
158.69.245.202 - - [26/Jun/2020:03:18:21 -0700] "GET /2018/indieweb-summit-2018-recap-1/annotations/deba70ca6f81326030abe00d7aad4f1c HTTP/1.1" 200 7961 "-" "Mozilla/5.0 (compatible; MJ12bot/v1.4.8; http://mj12bot.com/)" 
144.76.38.40 - - [26/Jun/2020:03:18:21 -0700] "GET /content/rsvp/?q=%2523gazpacho&_t=rss HTTP/1.1" 200 4767 "-" "Mozilla/5.0 (compatible; MJ12bot/v1.4.8; http://mj12bot.com/)" 
94.154.239.69 - - [26/Jun/2020:03:18:22 -0700] "GET /content/audio/?q=%23%20%23latergram HTTP/1.1" 200 8287 "-" "Mozilla/5.0 (compatible; MJ12bot/v1.4.8; http://mj12bot.com/)" 
144.76.38.40 - - [26/Jun/2020:03:18:24 -0700] "GET /content/rsvp/?q=%2523sourdough&_t=rss HTTP/1.1" 200 4768 "-" "Mozilla/5.0 (compatible; MJ12bot/v1.4.8; http://mj12bot.com/)" 
144.76.38.40 - - [26/Jun/2020:03:18:29 -0700] "GET /content/statusupdates/?q=%23Rye&_t=rss HTTP/1.1" 200 4768 "-" "Mozilla/5.0 (compatible; MJ12bot/v1.4.8; http://mj12bot.com/)" 
144.76.38.40 - - [26/Jun/2020:03:18:32 -0700] "GET /content/statusupdates/?q=%23brocolletti HTTP/1.1" 200 8286 "-" "Mozilla/5.0 (compatible; MJ12bot/v1.4.8; http://mj12bot.com/)" 
144.76.38.40 - - [26/Jun/2020:03:18:36 -0700] "GET /content/statusupdates/?q=%23changingglobaldiets HTTP/1.1" 200 8913 "-" "Mozilla/5.0 (compatible; MJ12bot/v1.4.8; http://mj12bot.com/)" 
192.99.6.138 - - [26/Jun/2020:03:18:40 -0700] "GET /content/photos/?q=%23%20%23Http://agro.biodiver.se/&offset=20&_t=rss HTTP/1.1" 200 8273 "-" "Mozilla/5.0 (compatible; MJ12bot/v1.4.8; http://mj12bot.com/)" 
144.76.38.40 - - [26/Jun/2020:03:18:43 -0700] "GET /content/statusupdates/?q=%23heritageapples HTTP/1.1" 200 8291 "-" "Mozilla/5.0 (compatible; MJ12bot/v1.4.8; http://mj12bot.com/)" 
144.76.38.40 - - [26/Jun/2020:03:18:46 -0700] "GET /content/statusupdates/?q=%2523changingglobaldiets HTTP/1.1" 200 8305 "-" "Mozilla/5.0 (compatible; MJ12bot/v1.4.8; http://mj12bot.com/)" 
144.76.38.40 - - [26/Jun/2020:03:18:49 -0700] "GET /content/statusupdates/?q=%2523cucumber HTTP/1.1" 200 8287 "-" "Mozilla/5.0 (compatible; MJ12bot/v1.4.8; http://mj12bot.com/)" 
144.76.38.40 - - [26/Jun/2020:03:18:52 -0700] "GET /tag/Audiogram?_t=rss HTTP/1.1" 200 7358 "-" "Mozilla/5.0 (compatible; MJ12bot/v1.4.8; http://mj12bot.com/)" 
192.99.6.138 - - [26/Jun/2020:03:18:58 -0700] "GET /content/photos/?q=%23%20%23Http://agro.biodiver.se/&offset=23 HTTP/1.1" 200 11852 "-" "Mozilla/5.0 (compatible; MJ12bot/v1.4.8; http://mj12bot.com/)" 
192.99.6.138 - - [26/Jun/2020:03:19:12 -0700] "GET /content/photos/?q=%23%20%23Http://agro.biodiver.se/&offset=30 HTTP/1.1" 200 9791 "-" "Mozilla/5.0 (compatible; MJ12bot/v1.4.8; http://mj12bot.com/)" 
192.99.6.138 - - [26/Jun/2020:03:19:24 -0700] "GET /content/photos/?q=%23%20%23Http://agro.biodiver.se/&offset=30&_t=rss HTTP/1.1" 200 6320 "-" "Mozilla/5.0 (compatible; MJ12bot/v1.4.8; http://mj12bot.com/)" 
94.154.239.69 - - [26/Jun/2020:03:19:27 -0700] "GET /content/bookmarkedpages/?q=%23changingglobaldiets HTTP/1.1" 200 8305 "-" "Mozilla/5.0 (compatible; MJ12bot/v1.4.8; http://mj12bot.com/)" 
192.99.6.138 - - [26/Jun/2020:03:19:31 -0700] "GET /content/photos/?q=%23%20%23Http://agro.biodiver.se/&offset=33 HTTP/1.1" 200 8815 "-" "Mozilla/5.0 (compatible; MJ12bot/v1.4.8; http://mj12bot.com/)" 
94.154.239.69 - - [26/Jun/2020:03:19:46 -0700] "GET /content/bookmarkedpages/?q=%23heritageapples HTTP/1.1" 200 8295 "-" "Mozilla/5.0 (compatible; MJ12bot/v1.4.8; http://mj12bot.com/)" 
192.99.6.138 - - [26/Jun/2020:03:19:53 -0700] "GET /content/photos/?q=%23%20%23Http://agro.biodiver.se/&offset=33&_t=rss HTTP/1.1" 200 5484 "-" "Mozilla/5.0 (compatible; MJ12bot/v1.4.8; http://mj12bot.com/)" 
158.69.245.202 - - [26/Jun/2020:03:20:05 -0700] "GET /2018/indieweb-summit-2018-recap-1/annotations/efc9a4c4ffbd0f7102caca9c59f6c5f9 HTTP/1.1" 200 8006 "-" "Mozilla/5.0 (compatible; MJ12bot/v1.4.8; http://mj12bot.com/)" 
46.229.168.131 - - [26/Jun/2020:03:20:06 -0700] "GET /content/rsvp/?q=%23FDA HTTP/1.1" 200 8295 "-" "Mozilla/5.0 (compatible; SemrushBot/6~bl; +http://www.semrush.com/bot.html)" 
94.154.239.69 - - [26/Jun/2020:03:20:07 -0700] "GET /content/bookmarkedpages/?q=%2523changingglobaldiets HTTP/1.1" 200 8309 "-" "Mozilla/5.0 (compatible; MJ12bot/v1.4.8; http://mj12bot.com/)" 
94.154.239.69 - - [26/Jun/2020:03:20:14 -0700] "GET /content/bookmarkedpages/?q=%2523cucumber HTTP/1.1" 200 8292 "-" "Mozilla/5.0 (compatible; MJ12bot/v1.4.8; http://mj12bot.com/)" 
94.154.239.69 - - [26/Jun/2020:03:20:20 -0700] "GET /content/events/?q=%23%20%23latergram HTTP/1.1" 200 8288 "-" "Mozilla/5.0 (compatible; MJ12bot/v1.4.8; http://mj12bot.com/)" 
46.229.168.135 - - [26/Jun/2020:03:20:28 -0700] "GET /account/bridgy/ HTTP/1.1" 200 6763 "-" "Mozilla/5.0 (compatible; SemrushBot/6~bl; +http://www.semrush.com/bot.html)" 
94.154.239.69 - - [26/Jun/2020:03:20:34 -0700] "GET /content/events/?q=%23brocolletti HTTP/1.1" 200 8276 "-" "Mozilla/5.0 (compatible; MJ12bot/v1.4.8; http://mj12bot.com/)" 
192.99.6.138 - - [26/Jun/2020:03:20:47 -0700] "GET /content/photos/?q=%23%20%23ciwf&_t=rss HTTP/1.1" 200 4773 "-" "Mozilla/5.0 (compatible; MJ12bot/v1.4.8; http://mj12bot.com/)" 
94.154.239.69 - - [26/Jun/2020:03:20:48 -0700] "GET /content/events/?q=%23changingglobaldiets HTTP/1.1" 200 8291 "-" "Mozilla/5.0 (compatible; MJ12bot/v1.4.8; http://mj12bot.com/)" 
94.154.239.69 - - [26/Jun/2020:03:21:06 -0700] "GET /content/events/?q=%23heritageapples HTTP/1.1" 200 8281 "-" "Mozilla/5.0 (compatible; MJ12bot/v1.4.8; http://mj12bot.com/)" 
64.111.100.215 - - [26/Jun/2020:03:21:10 -0700] "GET /content/all?_t=rss HTTP/1.1" 200 14113 "-" "Mozilla/5.0 (X11; U; Linux i686; fr; rv:1.9.1.1) Gecko/20090715 Firefox/3.5.1" 
46.229.168.133 - - [26/Jun/2020:03:21:16 -0700] "GET /2019/we-built-a-legal-facial-recognition-machine-for-60-theoretica HTTP/1.1" 200 9445 "-" "Mozilla/5.0 (compatible; SemrushBot/6~bl; +http://www.semrush.com/bot.html)" 
94.154.239.69 - - [26/Jun/2020:03:21:27 -0700] "GET /content/events/?q=%2523changingglobaldiets HTTP/1.1" 200 8295 "-" "Mozilla/5.0 (compatible; MJ12bot/v1.4.8; http://mj12bot.com/)" 
94.154.239.69 - - [26/Jun/2020:03:21:33 -0700] "GET /content/events/?q=%2523cucumber HTTP/1.1" 200 8276 "-" "Mozilla/5.0 (compatible; MJ12bot/v1.4.8; http://mj12bot.com/)" 
94.154.239.69 - - [26/Jun/2020:03:21:41 -0700] "GET /content/locations/?q=%23%20%23latergram HTTP/1.1" 200 8294 "-" "Mozilla/5.0 (compatible; MJ12bot/v1.4.8; http://mj12bot.com/)" 
46.229.168.150 - - [26/Jun/2020:03:21:42 -0700] "GET /2017/what-with-the-london-and-dublin-podcast-festivals-i-reckon HTTP/1.1" 200 9622 "-" "Mozilla/5.0 (compatible; SemrushBot/6~bl; +http://www.semrush.com/bot.html)" 
94.154.239.69 - - [26/Jun/2020:03:21:47 -0700] "GET /content/locations/?q=%23%20%23ottolenghi HTTP/1.1" 200 8296 "-" "Mozilla/5.0 (compatible; MJ12bot/v1.4.8; http://mj12bot.com/)" 
94.154.239.69 - - [26/Jun/2020:03:21:58 -0700] "GET /content/locations/?q=%23AMRhub&_t=rss HTTP/1.1" 200 4766 "-" "Mozilla/5.0 (compatible; MJ12bot/v1.4.8; http://mj12bot.com/)" 
94.154.239.69 - - [26/Jun/2020:03:22:08 -0700] "GET /content/locations/?q=%23brocolletti HTTP/1.1" 200 8282 "-" "Mozilla/5.0 (compatible; MJ12bot/v1.4.8; http://mj12bot.com/)" 
94.154.239.69 - - [26/Jun/2020:03:22:14 -0700] "GET /content/locations/?q=%23cactus&_t=rss HTTP/1.1" 200 4765 "-" "Mozilla/5.0 (compatible; MJ12bot/v1.4.8; http://mj12bot.com/)" 
66.249.64.108 - - [26/Jun/2020:03:22:29 -0700] "GET /content/posts/ HTTP/1.1" 200 16067 "-" "Mozilla/5.0 (compatible; Googlebot/2.1; +http://www.google.com/bot.html)" 
94.154.239.69 - - [26/Jun/2020:03:22:30 -0700] "GET /content/locations/?q=%23changingglobaldiets HTTP/1.1" 200 8296 "-" "Mozilla/5.0 (compatible; MJ12bot/v1.4.8; http://mj12bot.com/)" 
158.69.245.202 - - [26/Jun/2020:03:22:32 -0700] "GET /2018/just-like-old-times?_t=rss HTTP/1.1" 200 5081 "-" "Mozilla/5.0 (compatible; MJ12bot/v1.4.8; http://mj12bot.com/)" 
46.229.168.144 - - [26/Jun/2020:03:22:45 -0700] "GET /content/bookmarkedpages?offset=100 HTTP/1.1" 200 11016 "-" "Mozilla/5.0 (compatible; SemrushBot/6~bl; +http://www.semrush.com/bot.html)" 
94.154.239.69 - - [26/Jun/2020:03:22:58 -0700] "GET /content/locations/?q=%23heritageapples HTTP/1.1" 200 8287 "-" "Mozilla/5.0 (compatible; MJ12bot/v1.4.8; http://mj12bot.com/)" 
167.99.111.28 - - [26/Jun/2020:03:23:02 -0700] "GET /?_t=rss HTTP/1.1" 304 3495 "-" "Feedbin feed-id:1536727 - 1 subscribers" 
94.154.239.69 - - [26/Jun/2020:03:23:14 -0700] "GET /content/locations/?q=%23indiewebcamp&_t=rss HTTP/1.1" 200 4773 "-" "Mozilla/5.0 (compatible; MJ12bot/v1.4.8; http://mj12bot.com/)" 
45.79.26.51 - - [26/Jun/2020:03:23:26 -0700] "GET /content/statusupdates/posts/photos/checkins/bookmarkedpages?_t=rss HTTP/1.1" 200 7388 "-" "Micro.blog/1.0" 
94.154.239.69 - - [26/Jun/2020:03:23:27 -0700] "GET /content/locations/?q=%23micromonday HTTP/1.1" 200 8281 "-" "Mozilla/5.0 (compatible; MJ12bot/v1.4.8; http://mj12bot.com/)" 
94.154.239.69 - - [26/Jun/2020:03:23:32 -0700] "GET /content/locations/?q=%23naturalleaven&_t=rss HTTP/1.1" 200 4776 "-" "Mozilla/5.0 (compatible; MJ12bot/v1.4.8; http://mj12bot.com/)" 
54.36.148.19 - - [26/Jun/2020:03:23:35 -0700] "GET /2018/i-love-reading-about-how-other-people-organise-their-reading/annotations/be98923b62c81fed7013c46a813813d3 HTTP/1.1" 200 8064 "-" "Mozilla/5.0 (compatible; AhrefsBot/6.1; +http://ahrefs.com/robot/)" 
46.229.168.132 - - [26/Jun/2020:03:23:38 -0700] "GET /2018/i-tried-posting-from-microblog-on-ios-to-my-site HTTP/1.1" 200 10293 "-" "Mozilla/5.0 (compatible; SemrushBot/6~bl; +http://www.semrush.com/bot.html)" 
94.154.239.69 - - [26/Jun/2020:03:23:50 -0700] "GET /content/locations/?q=%23tentaclelove HTTP/1.1" 200 8283 "-" "Mozilla/5.0 (compatible; MJ12bot/v1.4.8; http://mj12bot.com/)" 
94.154.239.69 - - [26/Jun/2020:03:23:57 -0700] "GET /content/locations/?q=%2523changingglobaldiets HTTP/1.1" 200 8300 "-" "Mozilla/5.0 (compatible; MJ12bot/v1.4.8; http://mj12bot.com/)" 
107.178.200.236 - - [26/Jun/2020:03:23:57 -0700] "HEAD /2020/very-happy-with-the-service-from-widefitshoes HTTP/1.1" 200 4349 "-" "Bridgy (https://brid.gy/about)" 
192.99.6.138 - - [26/Jun/2020:03:24:00 -0700] "GET /content/photos/?q=%23%20%23latergram HTTP/1.1" 200 9026 "-" "Mozilla/5.0 (compatible; MJ12bot/v1.4.8; http://mj12bot.com/)" 
94.154.239.69 - - [26/Jun/2020:03:24:03 -0700] "GET /content/locations/?q=%2523cucumber HTTP/1.1" 200 8283 "-" "Mozilla/5.0 (compatible; MJ12bot/v1.4.8; http://mj12bot.com/)" 
94.154.239.69 - - [26/Jun/2020:03:24:08 -0700] "GET /content/locations/?q=%2523sourdough&_t=rss HTTP/1.1" 200 4774 "-" "Mozilla/5.0 (compatible; MJ12bot/v1.4.8; http://mj12bot.com/)" 
94.154.239.69 - - [26/Jun/2020:03:24:21 -0700] "GET /content/photos/?offset=169 HTTP/1.1" 200 11208 "-" "Mozilla/5.0 (compatible; MJ12bot/v1.4.8; http://mj12bot.com/)" 
192.99.6.138 - - [26/Jun/2020:03:24:23 -0700] "GET /content/photos/?q=%23%20%23latergram&_t=rss HTTP/1.1" 200 5338 "-" "Mozilla/5.0 (compatible; MJ12bot/v1.4.8; http://mj12bot.com/)" 
94.154.239.69 - - [26/Jun/2020:03:24:33 -0700] "GET /content/photos/?offset=179&_t=rss HTTP/1.1" 200 7262 "-" "Mozilla/5.0 (compatible; MJ12bot/v1.4.8; http://mj12bot.com/)" 
94.154.239.69 - - [26/Jun/2020:03:24:38 -0700] "GET /content/photos/?offset=189 HTTP/1.1" 200 11694 "-" "Mozilla/5.0 (compatible; MJ12bot/v1.4.8; http://mj12bot.com/)" 
94.154.239.69 - - [26/Jun/2020:03:24:44 -0700] "GET /content/photos/?offset=199 HTTP/1.1" 200 10992 "-" "Mozilla/5.0 (compatible; MJ12bot/v1.4.8; http://mj12bot.com/)" 
94.154.239.69 - - [26/Jun/2020:03:24:49 -0700] "GET /content/photos/?offset=209 HTTP/1.1" 200 11536 "-" "Mozilla/5.0 (compatible; MJ12bot/v1.4.8; http://mj12bot.com/)" 
94.154.239.69 - - [26/Jun/2020:03:24:55 -0700] "GET /content/photos/?offset=209&_t=rss HTTP/1.1" 200 7859 "-" "Mozilla/5.0 (compatible; MJ12bot/v1.4.8; http://mj12bot.com/)" 
192.99.6.138 - - [26/Jun/2020:03:25:00 -0700] "GET /content/photos/?q=%23%20%23ottolenghi HTTP/1.1" 200 8917 "-" "Mozilla/5.0 (compatible; MJ12bot/v1.4.8; http://mj12bot.com/)" 
158.69.245.202 - - [26/Jun/2020:03:25:01 -0700] "GET /2018/mathbabes-guide-to-overtravel-mathbabe/annotations/16ee81781d326b74f6edc76b1674a29d HTTP/1.1" 200 8047 "-" "Mozilla/5.0 (compatible; MJ12bot/v1.4.8; http://mj12bot.com/)" 
94.154.239.69 - - [26/Jun/2020:03:25:01 -0700] "GET /content/photos/?offset=219 HTTP/1.1" 200 11316 "-" "Mozilla/5.0 (compatible; MJ12bot/v1.4.8; http://mj12bot.com/)" 
94.154.239.69 - - [26/Jun/2020:03:25:06 -0700] "GET /content/photos/?offset=229 HTTP/1.1" 200 11363 "-" "Mozilla/5.0 (compatible; MJ12bot/v1.4.8; http://mj12bot.com/)" 
94.154.239.69 - - [26/Jun/2020:03:25:10 -0700] "GET /content/photos/?offset=229&_t=rss HTTP/1.1" 200 7698 "-" "Mozilla/5.0 (compatible; MJ12bot/v1.4.8; http://mj12bot.com/)" 
94.154.239.69 - - [26/Jun/2020:03:25:18 -0700] "GET /content/photos/?offset=239&_t=rss HTTP/1.1" 200 7202 "-" "Mozilla/5.0 (compatible; MJ12bot/v1.4.8; http://mj12bot.com/)" 
94.154.239.69 - - [26/Jun/2020:03:25:22 -0700] "GET /content/photos/?offset=249 HTTP/1.1" 200 10808 "-" "Mozilla/5.0 (compatible; MJ12bot/v1.4.8; http://mj12bot.com/)" 
94.154.239.69 - - [26/Jun/2020:03:25:27 -0700] "GET /content/photos/?offset=259 HTTP/1.1" 200 11342 "-" "Mozilla/5.0 (compatible; MJ12bot/v1.4.8; http://mj12bot.com/)" 
94.154.239.69 - - [26/Jun/2020:03:25:31 -0700] "GET /content/photos/?offset=259&_t=rss HTTP/1.1" 200 7695 "-" "Mozilla/5.0 (compatible; MJ12bot/v1.4.8; http://mj12bot.com/)" 
94.154.239.69 - - [26/Jun/2020:03:25:36 -0700] "GET /content/photos/?offset=269 HTTP/1.1" 200 11260 "-" "Mozilla/5.0 (compatible; MJ12bot/v1.4.8; http://mj12bot.com/)" 
94.154.239.69 - - [26/Jun/2020:03:25:42 -0700] "GET /content/photos/?offset=273 HTTP/1.1" 200 11145 "-" "Mozilla/5.0 (compatible; MJ12bot/v1.4.8; http://mj12bot.com/)" 
192.99.6.138 - - [26/Jun/2020:03:25:44 -0700] "GET /content/photos/?q=%23%20%23rustic&_t=rss HTTP/1.1" 200 6025 "-" "Mozilla/5.0 (compatible; MJ12bot/v1.4.8; http://mj12bot.com/)" 
158.69.245.202 - - [26/Jun/2020:03:25:47 -0700] "GET /2018/mathbabes-guide-to-overtravel-mathbabe/annotations/1c9acc22226b3a1d4909703fefc83997 HTTP/1.1" 200 8000 "-" "Mozilla/5.0 (compatible; MJ12bot/v1.4.8; http://mj12bot.com/)" 
94.154.239.69 - - [26/Jun/2020:03:25:48 -0700] "GET /content/photos/?offset=279 HTTP/1.1" 200 10905 "-" "Mozilla/5.0 (compatible; MJ12bot/v1.4.8; http://mj12bot.com/)" 
5.188.210.79 - - [26/Jun/2020:03:25:48 -0700] "GET /profile/jeremy?offset=106 HTTP/1.1" 200 15698 "-" "Mozilla/5.0 (Windows NT 6.1; Win64; x64; rv:62.0) Gecko/20100101 Firefox/62.0" 
94.154.239.69 - - [26/Jun/2020:03:25:53 -0700] "GET /content/photos/?offset=283 HTTP/1.1" 200 10790 "-" "Mozilla/5.0 (compatible; MJ12bot/v1.4.8; http://mj12bot.com/)" 
94.154.239.69 - - [26/Jun/2020:03:25:58 -0700] "GET /content/photos/?offset=283&_t=rss HTTP/1.1" 200 7221 "-" "Mozilla/5.0 (compatible; MJ12bot/v1.4.8; http://mj12bot.com/)" 
94.154.239.69 - - [26/Jun/2020:03:26:01 -0700] "GET /content/photos/?offset=289&_t=rss HTTP/1.1" 200 7099 "-" "Mozilla/5.0 (compatible; MJ12bot/v1.4.8; http://mj12bot.com/)" 
46.229.168.163 - - [26/Jun/2020:03:26:04 -0700] "GET /content/events/?q=%23sourdough HTTP/1.1" 200 8307 "-" "Mozilla/5.0 (compatible; SemrushBot/6~bl; +http://www.semrush.com/bot.html)" 
94.154.239.69 - - [26/Jun/2020:03:26:05 -0700] "GET /content/photos/?offset=293 HTTP/1.1" 200 10845 "-" "Mozilla/5.0 (compatible; MJ12bot/v1.4.8; http://mj12bot.com/)" 
94.154.239.69 - - [26/Jun/2020:03:26:10 -0700] "GET /content/photos/?offset=293&_t=rss HTTP/1.1" 200 7275 "-" "Mozilla/5.0 (compatible; MJ12bot/v1.4.8; http://mj12bot.com/)" 
94.154.239.69 - - [26/Jun/2020:03:26:15 -0700] "GET /content/photos/?offset=298&_t=rss HTTP/1.1" 200 7339 "-" "Mozilla/5.0 (compatible; MJ12bot/v1.4.8; http://mj12bot.com/)" 
94.154.239.69 - - [26/Jun/2020:03:26:21 -0700] "GET /content/photos/?offset=299&_t=rss HTTP/1.1" 200 7380 "-" "Mozilla/5.0 (compatible; MJ12bot/v1.4.8; http://mj12bot.com/)" 
192.99.6.138 - - [26/Jun/2020:03:26:22 -0700] "GET /content/photos/?q=%23%20%23veal&_t=rss HTTP/1.1" 200 5803 "-" "Mozilla/5.0 (compatible; MJ12bot/v1.4.8; http://mj12bot.com/)" 
94.154.239.69 - - [26/Jun/2020:03:26:28 -0700] "GET /content/photos/?offset=303 HTTP/1.1" 200 10807 "-" "Mozilla/5.0 (compatible; MJ12bot/v1.4.8; http://mj12bot.com/)" 
94.154.239.69 - - [26/Jun/2020:03:26:33 -0700] "GET /content/photos/?offset=303&_t=rss HTTP/1.1" 200 7197 "-" "Mozilla/5.0 (compatible; MJ12bot/v1.4.8; http://mj12bot.com/)" 
94.154.239.69 - - [26/Jun/2020:03:26:37 -0700] "GET /content/photos/?offset=309 HTTP/1.1" 200 11260 "-" "Mozilla/5.0 (compatible; MJ12bot/v1.4.8; http://mj12bot.com/)" 
66.249.89.177 - - [26/Jun/2020:03:26:39 -0700] "GET /2018/whats-the-problem HTTP/1.1" 200 11197 "-" "Mozilla/5.0 (compatible; GoogleDocs; apps-spreadsheets; +http://docs.google.com)" 
94.154.239.69 - - [26/Jun/2020:03:26:43 -0700] "GET /content/photos/?offset=309&_t=rss HTTP/1.1" 200 7556 "-" "Mozilla/5.0 (compatible; MJ12bot/v1.4.8; http://mj12bot.com/)" 
94.154.239.69 - - [26/Jun/2020:03:26:48 -0700] "GET /content/photos/?offset=313 HTTP/1.1" 200 11026 "-" "Mozilla/5.0 (compatible; MJ12bot/v1.4.8; http://mj12bot.com/)" 
158.69.245.202 - - [26/Jun/2020:03:26:50 -0700] "GET /2018/mathbabes-guide-to-overtravel-mathbabe/annotations/4275b0a50984065538ef974d751ca7e2 HTTP/1.1" 200 8003 "-" "Mozilla/5.0 (compatible; MJ12bot/v1.4.8; http://mj12bot.com/)" 
94.154.239.69 - - [26/Jun/2020:03:26:53 -0700] "GET /content/photos/?offset=318&_t=rss HTTP/1.1" 200 7294 "-" "Mozilla/5.0 (compatible; MJ12bot/v1.4.8; http://mj12bot.com/)" 
94.154.239.69 - - [26/Jun/2020:03:26:59 -0700] "GET /content/photos/?offset=319 HTTP/1.1" 200 10883 "-" "Mozilla/5.0 (compatible; MJ12bot/v1.4.8; http://mj12bot.com/)" 
94.154.239.69 - - [26/Jun/2020:03:27:03 -0700] "GET /content/photos/?offset=323 HTTP/1.1" 200 11343 "-" "Mozilla/5.0 (compatible; MJ12bot/v1.4.8; http://mj12bot.com/)" 
94.154.239.69 - - [26/Jun/2020:03:27:08 -0700] "GET /content/photos/?offset=328 HTTP/1.1" 200 11313 "-" "Mozilla/5.0 (compatible; MJ12bot/v1.4.8; http://mj12bot.com/)" 
17.58.102.79 - - [26/Jun/2020:03:27:09 -0700] "GET /2020/so-much-for-taste-being-purely-subjective HTTP/1.1" 200 10448 "-" "Mozilla/5.0 (Macintosh; Intel Mac OS X 10_15_5) AppleWebKit/605.1.15 (KHTML, like Gecko) Version/13.1.1 Safari/605.1.15 (Applebot/0.1; +http://www.apple.com/go/applebot)" 
94.154.239.69 - - [26/Jun/2020:03:27:12 -0700] "GET /content/photos/?offset=328&_t=rss HTTP/1.1" 200 7671 "-" "Mozilla/5.0 (compatible; MJ12bot/v1.4.8; http://mj12bot.com/)" 
94.154.239.69 - - [26/Jun/2020:03:27:19 -0700] "GET /content/photos/?offset=329 HTTP/1.1" 200 11292 "-" "Mozilla/5.0 (compatible; MJ12bot/v1.4.8; http://mj12bot.com/)" 
94.154.239.69 - - [26/Jun/2020:03:27:23 -0700] "GET /content/photos/?offset=333 HTTP/1.1" 200 10839 "-" "Mozilla/5.0 (compatible; MJ12bot/v1.4.8; http://mj12bot.com/)" 
96.126.125.129 - - [26/Jun/2020:03:27:29 -0700] "GET /content/statusupdates/posts/photos/checkins/bookmarkedpages?_t=rss HTTP/1.1" 200 7393 "-" "Micro.blog/1.0" 
94.154.239.69 - - [26/Jun/2020:03:27:29 -0700] "GET /content/photos/?offset=338 HTTP/1.1" 200 10223 "-" "Mozilla/5.0 (compatible; MJ12bot/v1.4.8; http://mj12bot.com/)" 
192.99.6.138 - - [26/Jun/2020:03:27:37 -0700] "GET /content/photos/?q=%23Audiogram&_t=rss HTTP/1.1" 200 4766 "-" "Mozilla/5.0 (compatible; MJ12bot/v1.4.8; http://mj12bot.com/)" 
94.154.239.69 - - [26/Jun/2020:03:27:38 -0700] "GET /content/photos/?offset=339 HTTP/1.1" 200 10170 "-" "Mozilla/5.0 (compatible; MJ12bot/v1.4.8; http://mj12bot.com/)" 
94.154.239.69 - - [26/Jun/2020:03:27:41 -0700] "GET /content/photos/?offset=339&_t=rss HTTP/1.1" 200 6407 "-" "Mozilla/5.0 (compatible; MJ12bot/v1.4.8; http://mj12bot.com/)" 
158.69.245.202 - - [26/Jun/2020:03:27:41 -0700] "GET /2018/my-ancestors-built-pyramids-of-stone-bagels HTTP/1.1" 200 10225 "-" "Mozilla/5.0 (compatible; MJ12bot/v1.4.8; http://mj12bot.com/)" 
94.154.239.69 - - [26/Jun/2020:03:27:48 -0700] "GET /content/photos/?offset=340&_t=rss HTTP/1.1" 200 6527 "-" "Mozilla/5.0 (compatible; MJ12bot/v1.4.8; http://mj12bot.com/)" 
94.154.239.69 - - [26/Jun/2020:03:27:52 -0700] "GET /content/photos/?offset=343 HTTP/1.1" 200 10208 "-" "Mozilla/5.0 (compatible; MJ12bot/v1.4.8; http://mj12bot.com/)" 
46.229.168.143 - - [26/Jun/2020:03:27:53 -0700] "GET /content/statusupdates/?q=%23foodcommunicationconf HTTP/1.1" 200 8338 "-" "Mozilla/5.0 (compatible; SemrushBot/6~bl; +http://www.semrush.com/bot.html)" 
94.154.239.69 - - [26/Jun/2020:03:27:56 -0700] "GET /content/photos/?offset=343&_t=rss HTTP/1.1" 200 6479 "-" "Mozilla/5.0 (compatible; MJ12bot/v1.4.8; http://mj12bot.com/)" 
94.154.239.69 - - [26/Jun/2020:03:28:01 -0700] "GET /content/photos/?offset=349 HTTP/1.1" 200 10250 "-" "Mozilla/5.0 (compatible; MJ12bot/v1.4.8; http://mj12bot.com/)" 
46.229.168.154 - - [26/Jun/2020:03:28:04 -0700] "GET /?q=%23%2B%23podcast HTTP/1.1" 200 12343 "-" "Mozilla/5.0 (compatible; SemrushBot/6~bl; +http://www.semrush.com/bot.html)" 
94.154.239.69 - - [26/Jun/2020:03:28:08 -0700] "GET /content/photos/?offset=349&_t=rss HTTP/1.1" 200 6511 "-" "Mozilla/5.0 (compatible; MJ12bot/v1.4.8; http://mj12bot.com/)" 
94.154.239.69 - - [26/Jun/2020:03:28:12 -0700] "GET /content/photos/?offset=350 HTTP/1.1" 200 10084 "-" "Mozilla/5.0 (compatible; MJ12bot/v1.4.8; http://mj12bot.com/)" 
94.154.239.69 - - [26/Jun/2020:03:28:17 -0700] "GET /content/photos/?offset=350&_t=rss HTTP/1.1" 200 6285 "-" "Mozilla/5.0 (compatible; MJ12bot/v1.4.8; http://mj12bot.com/)" 
94.154.239.69 - - [26/Jun/2020:03:28:23 -0700] "GET /content/photos/?offset=353 HTTP/1.1" 200 10033 "-" "Mozilla/5.0 (compatible; MJ12bot/v1.4.8; http://mj12bot.com/)" 
94.154.239.69 - - [26/Jun/2020:03:28:27 -0700] "GET /content/photos/?offset=353&_t=rss HTTP/1.1" 200 6246 "-" "Mozilla/5.0 (compatible; MJ12bot/v1.4.8; http://mj12bot.com/)" 
94.154.239.69 - - [26/Jun/2020:03:28:33 -0700] "GET /content/photos/?offset=359&_t=rss HTTP/1.1" 200 6261 "-" "Mozilla/5.0 (compatible; MJ12bot/v1.4.8; http://mj12bot.com/)" 
94.154.239.69 - - [26/Jun/2020:03:28:38 -0700] "GET /content/photos/?offset=360 HTTP/1.1" 200 10405 "-" "Mozilla/5.0 (compatible; MJ12bot/v1.4.8; http://mj12bot.com/)" 
94.154.239.69 - - [26/Jun/2020:03:28:44 -0700] "GET /content/photos/?offset=363 HTTP/1.1" 200 10418 "-" "Mozilla/5.0 (compatible; MJ12bot/v1.4.8; http://mj12bot.com/)" 
94.154.239.69 - - [26/Jun/2020:03:28:49 -0700] "GET /content/photos/?offset=363&_t=rss HTTP/1.1" 200 6622 "-" "Mozilla/5.0 (compatible; MJ12bot/v1.4.8; http://mj12bot.com/)" 
192.99.6.138 - - [26/Jun/2020:03:28:53 -0700] "GET /content/photos/?q=%23Sourdough&offset=1&_t=rss HTTP/1.1" 200 7942 "-" "Mozilla/5.0 (compatible; MJ12bot/v1.4.8; http://mj12bot.com/)" 
94.154.239.69 - - [26/Jun/2020:03:28:54 -0700] "GET /content/photos/?offset=369 HTTP/1.1" 200 10509 "-" "Mozilla/5.0 (compatible; MJ12bot/v1.4.8; http://mj12bot.com/)" 
46.229.168.132 - - [26/Jun/2020:03:28:58 -0700] "GET /?offset=50&q=%23WithKnown HTTP/1.1" 200 10527 "-" "Mozilla/5.0 (compatible; SemrushBot/6~bl; +http://www.semrush.com/bot.html)" 
94.154.239.69 - - [26/Jun/2020:03:29:01 -0700] "GET /content/photos/?offset=369&_t=rss HTTP/1.1" 200 6778 "-" "Mozilla/5.0 (compatible; MJ12bot/v1.4.8; http://mj12bot.com/)" 
94.154.239.69 - - [26/Jun/2020:03:29:06 -0700] "GET /content/photos/?offset=370 HTTP/1.1" 200 10187 "-" "Mozilla/5.0 (compatible; MJ12bot/v1.4.8; http://mj12bot.com/)" 
192.99.6.138 - - [26/Jun/2020:03:29:10 -0700] "GET /content/photos/?q=%23Sourdough&offset=11 HTTP/1.1" 200 12042 "-" "Mozilla/5.0 (compatible; MJ12bot/v1.4.8; http://mj12bot.com/)" 
94.154.239.69 - - [26/Jun/2020:03:29:10 -0700] "GET /content/photos/?offset=370&_t=rss HTTP/1.1" 200 6417 "-" "Mozilla/5.0 (compatible; MJ12bot/v1.4.8; http://mj12bot.com/)" 
158.69.245.202 - - [26/Jun/2020:03:29:11 -0700] "GET /2018/rosemaryorchard-have-you-looked-at-the-hibbitts?_t=rss HTTP/1.1" 200 5067 "-" "Mozilla/5.0 (compatible; MJ12bot/v1.4.8; http://mj12bot.com/)" 
94.154.239.69 - - [26/Jun/2020:03:29:16 -0700] "GET /content/photos/?offset=372 HTTP/1.1" 200 10591 "-" "Mozilla/5.0 (compatible; MJ12bot/v1.4.8; http://mj12bot.com/)" 
94.154.239.69 - - [26/Jun/2020:03:29:20 -0700] "GET /content/photos/?offset=372&_t=rss HTTP/1.1" 200 6876 "-" "Mozilla/5.0 (compatible; MJ12bot/v1.4.8; http://mj12bot.com/)" 
192.99.6.138 - - [26/Jun/2020:03:29:20 -0700] "GET /content/photos/?q=%23Sourdough&offset=11&_t=rss HTTP/1.1" 200 8262 "-" "Mozilla/5.0 (compatible; MJ12bot/v1.4.8; http://mj12bot.com/)" 
94.154.239.69 - - [26/Jun/2020:03:29:25 -0700] "GET /content/photos/?offset=373 HTTP/1.1" 200 11026 "-" "Mozilla/5.0 (compatible; MJ12bot/v1.4.8; http://mj12bot.com/)" 
94.154.239.69 - - [26/Jun/2020:03:29:31 -0700] "GET /content/photos/?offset=373&_t=rss HTTP/1.1" 200 7291 "-" "Mozilla/5.0 (compatible; MJ12bot/v1.4.8; http://mj12bot.com/)" 
192.99.6.138 - - [26/Jun/2020:03:29:36 -0700] "GET /content/photos/?q=%23Sourdough&offset=12&_t=rss HTTP/1.1" 200 8210 "-" "Mozilla/5.0 (compatible; MJ12bot/v1.4.8; http://mj12bot.com/)" 
94.154.239.69 - - [26/Jun/2020:03:29:37 -0700] "GET /content/photos/?offset=379 HTTP/1.1" 200 11832 "-" "Mozilla/5.0 (compatible; MJ12bot/v1.4.8; http://mj12bot.com/)" 
94.154.239.69 - - [26/Jun/2020:03:29:41 -0700] "GET /content/photos/?offset=382&_t=rss HTTP/1.1" 200 8143 "-" "Mozilla/5.0 (compatible; MJ12bot/v1.4.8; http://mj12bot.com/)" 
94.154.239.69 - - [26/Jun/2020:03:29:45 -0700] "GET /content/photos/?offset=383 HTTP/1.1" 200 11813 "-" "Mozilla/5.0 (compatible; MJ12bot/v1.4.8; http://mj12bot.com/)" 
94.154.239.69 - - [26/Jun/2020:03:29:51 -0700] "GET /content/photos/?offset=383&_t=rss HTTP/1.1" 200 7985 "-" "Mozilla/5.0 (compatible; MJ12bot/v1.4.8; http://mj12bot.com/)" 
192.99.6.138 - - [26/Jun/2020:03:29:51 -0700] "GET /content/photos/?q=%23Sourdough&offset=13 HTTP/1.1" 200 11789 "-" "Mozilla/5.0 (compatible; MJ12bot/v1.4.8; http://mj12bot.com/)" 
94.154.239.69 - - [26/Jun/2020:03:29:55 -0700] "GET /content/photos/?offset=389 HTTP/1.1" 200 11774 "-" "Mozilla/5.0 (compatible; MJ12bot/v1.4.8; http://mj12bot.com/)" 
94.154.239.69 - - [26/Jun/2020:03:29:59 -0700] "GET /content/photos/?offset=389&_t=rss HTTP/1.1" 200 7942 "-" "Mozilla/5.0 (compatible; MJ12bot/v1.4.8; http://mj12bot.com/)" 
192.99.6.138 - - [26/Jun/2020:03:30:01 -0700] "GET /content/photos/?q=%23Sourdough&offset=17 HTTP/1.1" 200 11537 "-" "Mozilla/5.0 (compatible; MJ12bot/v1.4.8; http://mj12bot.com/)" 
158.69.245.202 - - [26/Jun/2020:03:30:03 -0700] "GET /2018/so-flattr-is-now-offering-a-way/annotations/e42868c9701dd5a9f9a44e49fac43bde?_t=rss HTTP/1.1" 200 5216 "-" "Mozilla/5.0 (compatible; MJ12bot/v1.4.8; http://mj12bot.com/)" 
