157.55.39.110 - - [16/Jun/2020:09:41:01 -0700] "GET /vendor/npm-asset/exif-js/exif.js HTTP/1.1" 200 9938 "-" "Mozilla/5.0 (compatible; bingbot/2.0; +http://www.bing.com/bingbot.htm)" 
40.77.167.174 - - [16/Jun/2020:09:41:07 -0700] "GET /service/security/csrftoken/?url=https%3A%2F%2Fstream.jeremycherfas.net%2Fservice%2Fsystem%2Flog%2F HTTP/1.1" 403 18411 "-" "Mozilla/5.0 (compatible; bingbot/2.0; +http://www.bing.com/bingbot.htm)" 
40.77.167.174 - - [16/Jun/2020:09:41:07 -0700] "GET /vendor/npm-asset/vanilla-fitvids/jquery.fitvids.js HTTP/1.1" 200 1791 "-" "Mozilla/5.0 (compatible; bingbot/2.0; +http://www.bing.com/bingbot.htm)" 
40.77.167.174 - - [16/Jun/2020:09:41:08 -0700] "GET /vendor/twbs/bootstrap/dist/css/bootstrap.min.css HTTP/1.1" 200 20724 "-" "Mozilla/5.0 (compatible; bingbot/2.0; +http://www.bing.com/bingbot.htm)" 
46.229.168.134 - - [16/Jun/2020:09:41:37 -0700] "GET /tag/sourdough?offset=36 HTTP/1.1" 200 11134 "-" "Mozilla/5.0 (compatible; SemrushBot/6~bl; +http://www.semrush.com/bot.html)" 
46.229.168.151 - - [16/Jun/2020:09:42:01 -0700] "GET /?offset=118&q=%23%2B%23IndieWeb HTTP/1.1" 200 12080 "-" "Mozilla/5.0 (compatible; SemrushBot/6~bl; +http://www.semrush.com/bot.html)" 
46.229.168.151 - - [16/Jun/2020:09:42:10 -0700] "GET /?offset=12&q=%23%2B%23%23bread HTTP/1.1" 200 12411 "-" "Mozilla/5.0 (compatible; SemrushBot/6~bl; +http://www.semrush.com/bot.html)" 
45.79.26.51 - - [16/Jun/2020:09:42:40 -0700] "GET /content/statusupdates/posts/photos/checkins/bookmarkedpages?_t=rss HTTP/1.1" 200 7437 "-" "Micro.blog/1.0" 
46.229.168.134 - - [16/Jun/2020:09:42:43 -0700] "GET /content/posts?offset=9 HTTP/1.1" 200 11391 "-" "Mozilla/5.0 (compatible; SemrushBot/6~bl; +http://www.semrush.com/bot.html)" 
66.249.64.112 - - [16/Jun/2020:09:44:09 -0700] "GET /?offset=1040&_t=rss HTTP/1.1" 200 7181 "-" "Mozilla/5.0 (Linux; Android 6.0.1; Nexus 5X Build/MMB29P) AppleWebKit/537.36 (KHTML, like Gecko) Chrome/80.0.3987.92 Mobile Safari/537.36 (compatible; Googlebot/2.1; +http://www.google.com/bot.html)" 
17.58.102.79 - - [16/Jun/2020:09:44:27 -0700] "GET /2019/here-we-go-again-with-new-york HTTP/1.1" 200 10057 "-" "Mozilla/5.0 (Macintosh; Intel Mac OS X 10_15_5) AppleWebKit/605.1.15 (KHTML, like Gecko) Version/13.1.1 Safari/605.1.15 (Applebot/0.1; +http://www.apple.com/go/applebot)" 
46.229.168.161 - - [16/Jun/2020:09:44:28 -0700] "GET /tag/+%23rustic HTTP/1.1" 200 10142 "-" "Mozilla/5.0 (compatible; SemrushBot/6~bl; +http://www.semrush.com/bot.html)" 
46.229.168.132 - - [16/Jun/2020:09:45:00 -0700] "GET /tag/Indieweb?offset=81 HTTP/1.1" 200 13539 "-" "Mozilla/5.0 (compatible; SemrushBot/6~bl; +http://www.semrush.com/bot.html)" 
114.119.160.143 - - [16/Jun/2020:09:45:07 -0700] "GET /tag/sourdough?offset=26 HTTP/1.1" 200 11312 "-" "Mozilla/5.0 (Linux; Android 7.0;) AppleWebKit/537.36 (KHTML, like Gecko) Mobile Safari/537.36 (compatible; PetalBot;+https://aspiegel.com/petalbot)" 
46.229.168.147 - - [16/Jun/2020:09:45:08 -0700] "GET /content/bookmarkedpages/?q=%23%2B%23photo HTTP/1.1" 200 9398 "-" "Mozilla/5.0 (compatible; SemrushBot/6~bl; +http://www.semrush.com/bot.html)" 
46.229.168.149 - - [16/Jun/2020:09:45:20 -0700] "GET /content/statusupdates/?offset=8&q=%23%2B%23WithKnown HTTP/1.1" 200 10634 "-" "Mozilla/5.0 (compatible; SemrushBot/6~bl; +http://www.semrush.com/bot.html)" 
46.229.168.142 - - [16/Jun/2020:09:45:29 -0700] "GET /content/events/?q=%23%2B%23%23indieweb HTTP/1.1" 200 8321 "-" "Mozilla/5.0 (compatible; SemrushBot/6~bl; +http://www.semrush.com/bot.html)" 
45.79.26.51 - - [16/Jun/2020:09:47:29 -0700] "GET /content/statusupdates/posts/photos/checkins/bookmarkedpages?_t=rss HTTP/1.1" 200 7437 "-" "Micro.blog/1.0" 
46.229.168.149 - - [16/Jun/2020:09:47:52 -0700] "GET /content/all/?offset=87&q=%23%2B%23bread HTTP/1.1" 200 8823 "-" "Mozilla/5.0 (compatible; SemrushBot/6~bl; +http://www.semrush.com/bot.html)" 
46.229.168.150 - - [16/Jun/2020:09:48:36 -0700] "GET /?offset=31&q=%23%2B%23food HTTP/1.1" 200 13474 "-" "Mozilla/5.0 (compatible; SemrushBot/6~bl; +http://www.semrush.com/bot.html)" 
64.111.100.215 - - [16/Jun/2020:09:49:37 -0700] "GET /content/all?_t=rss HTTP/1.1" 200 14885 "-" "Mozilla/5.0 (X11; U; Linux i686; fr; rv:1.9.1.1) Gecko/20090715 Firefox/3.5.1" 
114.119.167.191 - - [16/Jun/2020:09:50:49 -0700] "GET /content/locations?offset=25 HTTP/1.1" 200 10728 "-" "Mozilla/5.0 (Linux; Android 7.0;) AppleWebKit/537.36 (KHTML, like Gecko) Mobile Safari/537.36 (compatible; PetalBot;+https://aspiegel.com/petalbot)" 
96.126.125.129 - - [16/Jun/2020:09:50:49 -0700] "GET /content/statusupdates/posts/photos/checkins/bookmarkedpages?_t=rss HTTP/1.1" 200 7442 "-" "Micro.blog/1.0" 
46.229.168.132 - - [16/Jun/2020:09:51:20 -0700] "GET /2017/interesting-conversation-with-_amanda_j_lee-about-food-prices-and-nutrition-in HTTP/1.1" 200 10328 "-" "Mozilla/5.0 (compatible; SemrushBot/6~bl; +http://www.semrush.com/bot.html)" 
46.229.168.137 - - [16/Jun/2020:09:52:04 -0700] "GET /tag/sourdough?offset=41 HTTP/1.1" 200 11247 "-" "Mozilla/5.0 (compatible; SemrushBot/6~bl; +http://www.semrush.com/bot.html)" 
66.249.64.112 - - [16/Jun/2020:09:53:37 -0700] "GET /content/all?offset=2201&_t=rss HTTP/1.1" 200 8260 "-" "Mozilla/5.0 (Linux; Android 6.0.1; Nexus 5X Build/MMB29P) AppleWebKit/537.36 (KHTML, like Gecko) Chrome/80.0.3987.92 Mobile Safari/537.36 (compatible; Googlebot/2.1; +http://www.google.com/bot.html)" 
46.229.168.146 - - [16/Jun/2020:09:53:39 -0700] "GET /?offset=57&q=%23bread HTTP/1.1" 200 11433 "-" "Mozilla/5.0 (compatible; SemrushBot/6~bl; +http://www.semrush.com/bot.html)" 
114.119.160.143 - - [16/Jun/2020:09:56:31 -0700] "GET /tag/jbfa HTTP/1.1" 200 9082 "-" "Mozilla/5.0 (Linux; Android 7.0;) AppleWebKit/537.36 (KHTML, like Gecko) Mobile Safari/537.36 (compatible; PetalBot;+https://aspiegel.com/petalbot)" 
46.229.168.142 - - [16/Jun/2020:09:57:01 -0700] "GET /?offset=52&q=%23bread HTTP/1.1" 200 12107 "-" "Mozilla/5.0 (compatible; SemrushBot/6~bl; +http://www.semrush.com/bot.html)" 
45.79.26.51 - - [16/Jun/2020:09:57:12 -0700] "GET /content/statusupdates/posts/photos/checkins/bookmarkedpages?_t=rss HTTP/1.1" 200 7437 "-" "Micro.blog/1.0" 
157.55.39.110 - - [16/Jun/2020:09:57:36 -0700] "GET /2020/i-think-it-is-a-splendid-idea HTTP/1.1" 200 10622 "-" "Mozilla/5.0 (compatible; bingbot/2.0; +http://www.bing.com/bingbot.htm)" 
138.246.253.15 - - [16/Jun/2020:09:57:40 -0700] "HEAD / HTTP/1.1" 200 4799 "-" "Mozilla/5.0 (Windows NT 6.1; Win64; x64) AppleWebKit/537.36 (KHTML, like Gecko) Chrome/40.0.2214.85 Safari/537.36" 
46.229.168.148 - - [16/Jun/2020:09:58:23 -0700] "GET /2019/first-cupani-sweet-pea-in-many-years-and-smells-as HTTP/1.1" 200 9494 "-" "Mozilla/5.0 (compatible; SemrushBot/6~bl; +http://www.semrush.com/bot.html)" 
157.55.39.110 - - [16/Jun/2020:09:59:17 -0700] "GET /file/e6bc81602bd7f2d4e97632f795a8b41b/thumb.jpg HTTP/1.1" 200 113184 "-" "Mozilla/5.0 (compatible; bingbot/2.0; +http://www.bing.com/bingbot.htm)" 
46.229.168.141 - - [16/Jun/2020:10:00:14 -0700] "GET /content/events/?q=%23courses HTTP/1.1" 200 8276 "-" "Mozilla/5.0 (compatible; SemrushBot/6~bl; +http://www.semrush.com/bot.html)" 
157.55.39.110 - - [16/Jun/2020:10:00:15 -0700] "GET /vendor/npm-asset/mediaelement/build/mediaelement-and-player.min.js HTTP/1.1" 200 45209 "-" "Mozilla/5.0 (compatible; bingbot/2.0; +http://www.bing.com/bingbot.htm)" 
157.55.39.110 - - [16/Jun/2020:10:00:15 -0700] "GET /file/4cb1cf8108c1ff33693df51a28e9a9a3 HTTP/1.1" 200 12106 "-" "Mozilla/5.0 (compatible; bingbot/2.0; +http://www.bing.com/bingbot.htm)" 
45.79.26.51 - - [16/Jun/2020:10:00:36 -0700] "GET /content/statusupdates/posts/photos/checkins/bookmarkedpages?_t=rss HTTP/1.1" 200 7437 "-" "Micro.blog/1.0" 
185.26.92.74 - - [16/Jun/2020:10:01:46 -0700] "GET /2018/liquid-author-looks-like-an-interesting HTTP/1.1" 200 7680 "-" "GarlikCrawler/1.2 (http://garlik.com/, crawler@garlik.com)" 
100.26.221.228 - - [16/Jun/2020:10:01:48 -0700] "GET /?_t=rss HTTP/1.1" 200 7435 "-" "glitch-feeder/1.0 (+https://glitch.com/~lmo-feeder)" 
46.229.168.148 - - [16/Jun/2020:10:02:58 -0700] "GET /robots.txt HTTP/1.1" 200 4276 "-" "Mozilla/5.0 (compatible; SemrushBot/6~bl; +http://www.semrush.com/bot.html)" 
46.229.168.152 - - [16/Jun/2020:10:02:58 -0700] "GET /2019/thinking-about-the-land-a-personal-perspective-on-the-origin HTTP/1.1" 200 9646 "-" "Mozilla/5.0 (compatible; SemrushBot/6~bl; +http://www.semrush.com/bot.html)" 
66.249.64.112 - - [16/Jun/2020:10:03:05 -0700] "GET /content/all?offset=2065 HTTP/1.1" 200 12212 "-" "Mozilla/5.0 (Linux; Android 6.0.1; Nexus 5X Build/MMB29P) AppleWebKit/537.36 (KHTML, like Gecko) Chrome/80.0.3987.92 Mobile Safari/537.36 (compatible; Googlebot/2.1; +http://www.google.com/bot.html)" 
66.249.64.112 - - [16/Jun/2020:10:03:08 -0700] "GET /service/web/unfurl/?url=https%3A%2F%2Fwww.jeremycherfas.net%2Fblog%2Fimplausible-amounts-of-joy&__bTk=69943e220605fd513a07276546916b3a5e7ac0f9fd9803c54ba60d198a8dbd2b&__bTs=1591488000 HTTP/1.1" 403 4956 "https://stream.jeremycherfas.net/content/all?offset=2065" "Mozilla/5.0 (Linux; Android 6.0.1; Nexus 5X Build/MMB29P) AppleWebKit/537.36 (KHTML, like Gecko) Chrome/83.0.4103.100 Mobile Safari/537.36 (compatible; Googlebot/2.1; +http://www.google.com/bot.html)" 
66.249.64.108 - - [16/Jun/2020:10:03:09 -0700] "GET /service/web/unfurl/?url=https%3A%2F%2Fcolinwalker.blog%2F2017%2F04%2F25%2Fsending-likes-and-replies-using-custom-fields%2F&__bTk=69943e220605fd513a07276546916b3a5e7ac0f9fd9803c54ba60d198a8dbd2b&__bTs=1591488000 HTTP/1.1" 403 4983 "https://stream.jeremycherfas.net/content/all?offset=2065" "Mozilla/5.0 (Linux; Android 6.0.1; Nexus 5X Build/MMB29P) AppleWebKit/537.36 (KHTML, like Gecko) Chrome/83.0.4103.100 Mobile Safari/537.36 (compatible; Googlebot/2.1; +http://www.google.com/bot.html)" 
66.249.64.108 - - [16/Jun/2020:10:03:10 -0700] "GET /service/web/unfurl/?url=http%3A%2F%2Fmailchi.mp%2Fhotpodmedia%2Fhot-pod-the-podcast-consumer-study-deray-mckesson-and-crooked-media-taxonomy-of-news-podcasts-general%3Fe%3D07840946c7&__bTk=69943e220605fd513a07276546916b3a5e7ac0f9fd9803c54ba60d198a8dbd2b&__bTs=1591488000 HTTP/1.1" 403 1371 "https://stream.jeremycherfas.net/content/all?offset=2065" "Mozilla/5.0 (Linux; Android 6.0.1; Nexus 5X Build/MMB29P) AppleWebKit/537.36 (KHTML, like Gecko) Chrome/83.0.4103.100 Mobile Safari/537.36 (compatible; Googlebot/2.1; +http://www.google.com/bot.html)" 
66.249.64.108 - - [16/Jun/2020:10:03:10 -0700] "GET /service/web/unfurl/?url=https%3A%2F%2Fwww.jeremycherfas.net%2Fblog%2Fimplausible-amounts-of-joy&__bTk=69943e220605fd513a07276546916b3a5e7ac0f9fd9803c54ba60d198a8dbd2b&__bTs=1591887856 HTTP/1.1" 403 1284 "https://stream.jeremycherfas.net/content/all?offset=2065" "Mozilla/5.0 (Linux; Android 6.0.1; Nexus 5X Build/MMB29P) AppleWebKit/537.36 (KHTML, like Gecko) Chrome/83.0.4103.100 Mobile Safari/537.36 (compatible; Googlebot/2.1; +http://www.google.com/bot.html)" 
66.249.64.108 - - [16/Jun/2020:10:03:11 -0700] "GET /service/web/unfurl/?url=https%3A%2F%2Fcolinwalker.blog%2F2017%2F04%2F25%2Fsending-likes-and-replies-using-custom-fields%2F&__bTk=69943e220605fd513a07276546916b3a5e7ac0f9fd9803c54ba60d198a8dbd2b&__bTs=1591887856 HTTP/1.1" 403 1311 "https://stream.jeremycherfas.net/content/all?offset=2065" "Mozilla/5.0 (Linux; Android 6.0.1; Nexus 5X Build/MMB29P) AppleWebKit/537.36 (KHTML, like Gecko) Chrome/83.0.4103.100 Mobile Safari/537.36 (compatible; Googlebot/2.1; +http://www.google.com/bot.html)" 
66.249.64.110 - - [16/Jun/2020:10:03:12 -0700] "GET /service/web/unfurl/?url=http%3A%2F%2Fmailchi.mp%2Fhotpodmedia%2Fhot-pod-the-podcast-consumer-study-deray-mckesson-and-crooked-media-taxonomy-of-news-podcasts-general%3Fe%3D07840946c7&__bTk=69943e220605fd513a07276546916b3a5e7ac0f9fd9803c54ba60d198a8dbd2b&__bTs=1591887856 HTTP/1.1" 403 5043 "https://stream.jeremycherfas.net/content/all?offset=2065" "Mozilla/5.0 (Linux; Android 6.0.1; Nexus 5X Build/MMB29P) AppleWebKit/537.36 (KHTML, like Gecko) Chrome/83.0.4103.100 Mobile Safari/537.36 (compatible; Googlebot/2.1; +http://www.google.com/bot.html)" 
40.77.167.174 - - [16/Jun/2020:10:04:03 -0700] "GET /profile/jeremy HTTP/1.1" 200 29948 "-" "Mozilla/5.0 (compatible; bingbot/2.0; +http://www.bing.com/bingbot.htm)" 
46.229.168.148 - - [16/Jun/2020:10:04:29 -0700] "GET /content/all/?offset=87&q=%23%2B%23indieweb HTTP/1.1" 200 15461 "-" "Mozilla/5.0 (compatible; SemrushBot/6~bl; +http://www.semrush.com/bot.html)" 
46.229.168.143 - - [16/Jun/2020:10:04:36 -0700] "GET /2017/making-and-accepting-api-calls---known-documentation HTTP/1.1" 200 9344 "-" "Mozilla/5.0 (compatible; SemrushBot/6~bl; +http://www.semrush.com/bot.html)" 
64.111.100.215 - - [16/Jun/2020:10:05:07 -0700] "GET /content/all?_t=rss HTTP/1.1" 200 14885 "-" "Mozilla/5.0 (X11; U; Linux i686; fr; rv:1.9.1.1) Gecko/20090715 Firefox/3.5.1" 
96.126.125.129 - - [16/Jun/2020:10:05:39 -0700] "GET /content/statusupdates/posts/photos/checkins/bookmarkedpages?_t=rss HTTP/1.1" 200 7442 "-" "Micro.blog/1.0" 
54.39.177.198 - - [16/Jun/2020:10:06:55 -0700] "GET /?_t=rss HTTP/1.1" 200 7533 "-" "Mozilla/5.0 (compatible; YaK/1.0; http://linkfluence.com/; bot@linkfluence.com)" 
46.229.168.151 - - [16/Jun/2020:10:07:37 -0700] "GET /2019/on-the-caustic-focus-on-temporality-in-social-media HTTP/1.1" 200 9255 "-" "Mozilla/5.0 (compatible; SemrushBot/6~bl; +http://www.semrush.com/bot.html)" 
114.119.167.191 - - [16/Jun/2020:10:08:02 -0700] "GET /tag/fornacalia HTTP/1.1" 200 12933 "-" "Mozilla/5.0 (Linux; Android 7.0;) AppleWebKit/537.36 (KHTML, like Gecko) Mobile Safari/537.36 (compatible; PetalBot;+https://aspiegel.com/petalbot)" 
46.229.168.153 - - [16/Jun/2020:10:08:38 -0700] "GET /content/statusupdates/?q=%23latergram HTTP/1.1" 200 8289 "-" "Mozilla/5.0 (compatible; SemrushBot/6~bl; +http://www.semrush.com/bot.html)" 
96.126.125.129 - - [16/Jun/2020:10:08:52 -0700] "GET /content/statusupdates/posts/photos/checkins/bookmarkedpages?_t=rss HTTP/1.1" 200 7442 "-" "Micro.blog/1.0" 
46.229.168.163 - - [16/Jun/2020:10:10:15 -0700] "GET /2018/greeting-the-new-year-with-a-smile-i-think HTTP/1.1" 200 9509 "-" "Mozilla/5.0 (compatible; SemrushBot/6~bl; +http://www.semrush.com/bot.html)" 
46.229.168.143 - - [16/Jun/2020:10:10:16 -0700] "GET /content/all/?q=%23%23testtag HTTP/1.1" 200 9281 "-" "Mozilla/5.0 (compatible; SemrushBot/6~bl; +http://www.semrush.com/bot.html)" 
46.229.168.146 - - [16/Jun/2020:10:10:57 -0700] "GET /content/photos/?offset=530 HTTP/1.1" 200 11080 "-" "Mozilla/5.0 (compatible; SemrushBot/6~bl; +http://www.semrush.com/bot.html)" 
46.229.168.148 - - [16/Jun/2020:10:11:13 -0700] "GET /?offset=13&q=%23podcast HTTP/1.1" 200 11869 "-" "Mozilla/5.0 (compatible; SemrushBot/6~bl; +http://www.semrush.com/bot.html)" 
46.229.168.149 - - [16/Jun/2020:10:11:26 -0700] "GET /content/statusupdates/?offset=21&q=%23%2B%23%23indieweb HTTP/1.1" 200 11208 "-" "Mozilla/5.0 (compatible; SemrushBot/6~bl; +http://www.semrush.com/bot.html)" 
66.249.64.108 - - [16/Jun/2020:10:12:33 -0700] "GET /content/all?offset=2075 HTTP/1.1" 200 11665 "-" "Mozilla/5.0 (Linux; Android 6.0.1; Nexus 5X Build/MMB29P) AppleWebKit/537.36 (KHTML, like Gecko) Chrome/80.0.3987.92 Mobile Safari/537.36 (compatible; Googlebot/2.1; +http://www.google.com/bot.html)" 
66.249.64.112 - - [16/Jun/2020:10:12:36 -0700] "GET /service/web/unfurl/?url=https%3A%2F%2Fgimletmedia.com%2Fepisode%2F94-obfuscation%2F&__bTk=8cf5873602a5d32070f9c448e9a870721f34b1512119fbf68eec0698347cea8a&__bTs=1591468608 HTTP/1.1" 403 4944 "https://stream.jeremycherfas.net/content/all?offset=2075" "Mozilla/5.0 (Linux; Android 6.0.1; Nexus 5X Build/MMB29P) AppleWebKit/537.36 (KHTML, like Gecko) Chrome/83.0.4103.100 Mobile Safari/537.36 (compatible; Googlebot/2.1; +http://www.google.com/bot.html)" 
3.92.162.53 - - [16/Jun/2020:10:13:47 -0700] "GET /feed/ HTTP/1.1" 304 3485 "https://www.google.com/" "Mozilla/5.0 (Windows NT 10.0; Win64; x64) AppleWebKit/537.36 (KHTML, like Gecko) Chrome/80.0.3987.132 Safari/537.36 Edg/80.0.361.66" 
167.99.96.232 - - [16/Jun/2020:10:14:26 -0700] "GET /?_t=rss HTTP/1.1" 200 7443 "-" "Feedbin feed-id:1536727 - 1 subscribers" 
45.79.26.51 - - [16/Jun/2020:10:14:49 -0700] "GET /content/statusupdates/posts/photos/checkins/bookmarkedpages?_t=rss HTTP/1.1" 200 7437 "-" "Micro.blog/1.0" 
46.229.168.154 - - [16/Jun/2020:10:16:37 -0700] "GET /robots.txt HTTP/1.1" 200 4300 "-" "Mozilla/5.0 (compatible; SemrushBot/6~bl; +http://www.semrush.com/bot.html)" 
46.229.168.138 - - [16/Jun/2020:10:16:41 -0700] "GET /content/all/?offset=17&q=%23quill HTTP/1.1" 200 8528 "-" "Mozilla/5.0 (compatible; SemrushBot/6~bl; +http://www.semrush.com/bot.html)" 
46.229.168.140 - - [16/Jun/2020:10:17:31 -0700] "GET /content/all/?offset=91&q=%23IndieWeb HTTP/1.1" 200 15567 "-" "Mozilla/5.0 (compatible; SemrushBot/6~bl; +http://www.semrush.com/bot.html)" 
46.229.168.149 - - [16/Jun/2020:10:17:50 -0700] "GET /2018/once-again-thanks-to-cn-for-alerting HTTP/1.1" 200 9794 "-" "Mozilla/5.0 (compatible; SemrushBot/6~bl; +http://www.semrush.com/bot.html)" 
96.126.125.129 - - [16/Jun/2020:10:18:04 -0700] "GET /content/statusupdates/posts/photos/checkins/bookmarkedpages?_t=rss HTTP/1.1" 200 7442 "-" "Micro.blog/1.0" 
46.229.168.137 - - [16/Jun/2020:10:18:13 -0700] "GET /2019/i-got-to-the-cube-rule-via HTTP/1.1" 200 9411 "-" "Mozilla/5.0 (compatible; SemrushBot/6~bl; +http://www.semrush.com/bot.html)" 
157.55.39.98 - - [16/Jun/2020:10:18:23 -0700] "GET /2018/terrific-fb-just-banned-a-friends-link HTTP/1.1" 200 10534 "-" "Mozilla/5.0 (compatible; bingbot/2.0; +http://www.bing.com/bingbot.htm)" 
157.55.39.98 - - [16/Jun/2020:10:18:24 -0700] "GET /2018/that-study-of-how-people-from-rice HTTP/1.1" 200 6366 "-" "Mozilla/5.0 (compatible; bingbot/2.0; +http://www.bing.com/bingbot.htm)" 
157.55.39.98 - - [16/Jun/2020:10:18:26 -0700] "GET /js/1579440966/known.min.js HTTP/1.1" 200 8572 "-" "Mozilla/5.0 (compatible; bingbot/2.0; +http://www.bing.com/bingbot.htm)" 
157.55.39.98 - - [16/Jun/2020:10:18:27 -0700] "GET /vendor/twbs/bootstrap/dist/js/bootstrap.min.js HTTP/1.1" 200 11611 "-" "Mozilla/5.0 (compatible; bingbot/2.0; +http://www.bing.com/bingbot.htm)" 
46.229.168.162 - - [16/Jun/2020:10:18:33 -0700] "GET /content/all/?offset=66&q=%23bread HTTP/1.1" 200 12182 "-" "Mozilla/5.0 (compatible; SemrushBot/6~bl; +http://www.semrush.com/bot.html)" 
114.119.165.37 - - [16/Jun/2020:10:19:42 -0700] "GET /file/26cffa95b92be24ec053d9d6eb89e4e5 HTTP/1.1" 200 9879 "-" "Mozilla/5.0 (Linux; Android 7.0;) AppleWebKit/537.36 (KHTML, like Gecko) Mobile Safari/537.36 (compatible; PetalBot;+https://aspiegel.com/petalbot)" 
46.229.168.152 - - [16/Jun/2020:10:20:40 -0700] "GET /content/posts/?q=%23cooking HTTP/1.1" 200 9007 "-" "Mozilla/5.0 (compatible; SemrushBot/6~bl; +http://www.semrush.com/bot.html)" 
64.111.100.215 - - [16/Jun/2020:10:21:10 -0700] "GET /content/all?_t=rss HTTP/1.1" 200 14885 "-" "Mozilla/5.0 (X11; U; Linux i686; fr; rv:1.9.1.1) Gecko/20090715 Firefox/3.5.1" 
45.79.26.51 - - [16/Jun/2020:10:21:34 -0700] "GET /content/statusupdates/posts/photos/checkins/bookmarkedpages?_t=rss HTTP/1.1" 200 7437 "-" "Micro.blog/1.0" 
66.249.64.108 - - [16/Jun/2020:10:22:01 -0700] "GET /content/all?offset=2075&_t=rss HTTP/1.1" 200 7622 "-" "Mozilla/5.0 (Linux; Android 6.0.1; Nexus 5X Build/MMB29P) AppleWebKit/537.36 (KHTML, like Gecko) Chrome/80.0.3987.92 Mobile Safari/537.36 (compatible; Googlebot/2.1; +http://www.google.com/bot.html)" 
46.229.168.136 - - [16/Jun/2020:10:23:05 -0700] "GET /?offset=101&q=%23%2B%23%23indieweb HTTP/1.1" 200 14366 "-" "Mozilla/5.0 (compatible; SemrushBot/6~bl; +http://www.semrush.com/bot.html)" 
46.229.168.163 - - [16/Jun/2020:10:23:07 -0700] "GET /?offset=100&q=%23indieweb HTTP/1.1" 200 14001 "-" "Mozilla/5.0 (compatible; SemrushBot/6~bl; +http://www.semrush.com/bot.html)" 
46.229.168.151 - - [16/Jun/2020:10:23:43 -0700] "GET /content/audio/?q=%23Quinoa HTTP/1.1" 200 8299 "-" "Mozilla/5.0 (compatible; SemrushBot/6~bl; +http://www.semrush.com/bot.html)" 
114.119.160.61 - - [16/Jun/2020:10:25:32 -0700] "GET /content/photos?offset=679 HTTP/1.1" 200 11060 "-" "Mozilla/5.0 (Linux; Android 7.0;) AppleWebKit/537.36 (KHTML, like Gecko) Mobile Safari/537.36 (compatible; PetalBot;+https://aspiegel.com/petalbot)" 
46.229.168.161 - - [16/Jun/2020:10:25:48 -0700] "GET /2018/im-rapidly-coming-to-the-conclusion-that-ifttt-simply-isnt HTTP/1.1" 200 10086 "-" "Mozilla/5.0 (compatible; SemrushBot/6~bl; +http://www.semrush.com/bot.html)" 
45.79.26.51 - - [16/Jun/2020:10:25:59 -0700] "GET /content/statusupdates/posts/photos/checkins/bookmarkedpages?_t=rss HTTP/1.1" 200 7437 "-" "Micro.blog/1.0" 
77.75.78.166 - - [16/Jun/2020:10:26:54 -0700] "GET /robots.txt HTTP/1.1" 200 4318 "-" "Mozilla/5.0 (compatible; SeznamBot/3.2; +http://napoveda.seznam.cz/en/seznambot-intro/)" 
46.229.168.130 - - [16/Jun/2020:10:26:54 -0700] "GET /content/bookmarkedpages/?offset=21&q=%23IndieWeb HTTP/1.1" 200 12356 "-" "Mozilla/5.0 (compatible; SemrushBot/6~bl; +http://www.semrush.com/bot.html)" 
77.75.78.166 - - [16/Jun/2020:10:26:56 -0700] "GET /file/64ec28f59ea2f07c991f2b8cfcb7da5b/thumb.jpg HTTP/1.1" 304 3529 "-" "Mozilla/5.0 (compatible; SeznamBot/3.2; +http://napoveda.seznam.cz/en/seznambot-intro/)" 
46.229.168.149 - - [16/Jun/2020:10:28:42 -0700] "GET /content/all/?offset=39&q=%23%2B%23indieweb HTTP/1.1" 200 11433 "-" "Mozilla/5.0 (compatible; SemrushBot/6~bl; +http://www.semrush.com/bot.html)" 
46.229.168.150 - - [16/Jun/2020:10:28:54 -0700] "GET /content/audio/?q=%23bread HTTP/1.1" 200 9380 "-" "Mozilla/5.0 (compatible; SemrushBot/6~bl; +http://www.semrush.com/bot.html)" 
45.79.26.51 - - [16/Jun/2020:10:29:14 -0700] "GET /content/statusupdates/posts/photos/checkins/bookmarkedpages?_t=rss HTTP/1.1" 200 7437 "-" "Micro.blog/1.0" 
46.229.168.133 - - [16/Jun/2020:10:29:16 -0700] "GET /content/all?offset=50 HTTP/1.1" 200 11006 "-" "Mozilla/5.0 (compatible; SemrushBot/6~bl; +http://www.semrush.com/bot.html)" 
46.229.168.140 - - [16/Jun/2020:10:29:24 -0700] "GET /content/all/?offset=142&q=%23IndieWeb HTTP/1.1" 200 9483 "-" "Mozilla/5.0 (compatible; SemrushBot/6~bl; +http://www.semrush.com/bot.html)" 
54.36.148.81 - - [16/Jun/2020:10:29:39 -0700] "GET /content/posts/?q=%23+%23174 HTTP/1.1" 200 8284 "-" "Mozilla/5.0 (compatible; AhrefsBot/6.1; +http://ahrefs.com/robot/)" 
46.229.168.137 - - [16/Jun/2020:10:29:40 -0700] "GET /2018/same-image-from-quillp3kio-this-time-with-some-content-and HTTP/1.1" 200 10546 "-" "Mozilla/5.0 (compatible; SemrushBot/6~bl; +http://www.semrush.com/bot.html)" 
54.36.148.201 - - [16/Jun/2020:10:31:14 -0700] "GET /content/rsvp/?q=%23+%23174 HTTP/1.1" 200 8284 "-" "Mozilla/5.0 (compatible; AhrefsBot/6.1; +http://ahrefs.com/robot/)" 
114.119.162.106 - - [16/Jun/2020:10:31:25 -0700] "GET /service/web/imageproxy/aHR0cHM6Ly93d3cuZ3JhdmF0YXIuY29tL2F2YXRhci9mYmYzMDViYjI5Zjk1NjY0YjI3NzE5NmVmYWU1NmE3Zj9zPTk2/300/square HTTP/1.1" 200 11988 "-" "Mozilla/5.0 (Linux; Android 7.0;) AppleWebKit/537.36 (KHTML, like Gecko) Mobile Safari/537.36 (compatible; PetalBot;+https://aspiegel.com/petalbot)" 
66.249.64.110 - - [16/Jun/2020:10:31:29 -0700] "GET /?q=%23Indieweb&offset=123&_t=rss HTTP/1.1" 200 7878 "-" "Mozilla/5.0 (Linux; Android 6.0.1; Nexus 5X Build/MMB29P) AppleWebKit/537.36 (KHTML, like Gecko) Chrome/80.0.3987.92 Mobile Safari/537.36 (compatible; Googlebot/2.1; +http://www.google.com/bot.html)" 
54.36.149.52 - - [16/Jun/2020:10:32:39 -0700] "GET /content/statusupdates/?q=%23+%23174 HTTP/1.1" 200 8296 "-" "Mozilla/5.0 (compatible; AhrefsBot/6.1; +http://ahrefs.com/robot/)" 
46.229.168.138 - - [16/Jun/2020:10:33:07 -0700] "GET /?offset=31&q=%23%2B%23podcast HTTP/1.1" 200 13552 "-" "Mozilla/5.0 (compatible; SemrushBot/6~bl; +http://www.semrush.com/bot.html)" 
96.126.125.129 - - [16/Jun/2020:10:33:52 -0700] "GET /content/statusupdates/posts/photos/checkins/bookmarkedpages?_t=rss HTTP/1.1" 200 7442 "-" "Micro.blog/1.0" 
54.36.148.81 - - [16/Jun/2020:10:34:01 -0700] "GET /file/e697e96a0c533c45e44fdbfd58dc04f4/fe3507b7d30079bde53ef83a1b44bc15 HTTP/1.1" 200 42040 "-" "Mozilla/5.0 (compatible; AhrefsBot/6.1; +http://ahrefs.com/robot/)" 
46.229.168.140 - - [16/Jun/2020:10:34:07 -0700] "GET /2019/not-much-of-a-harvest-this-year-but-stocks-are HTTP/1.1" 200 15456 "-" "Mozilla/5.0 (compatible; SemrushBot/6~bl; +http://www.semrush.com/bot.html)" 
46.229.168.138 - - [16/Jun/2020:10:34:15 -0700] "GET /?offset=113&q=%23indieweb HTTP/1.1" 200 11909 "-" "Mozilla/5.0 (compatible; SemrushBot/6~bl; +http://www.semrush.com/bot.html)" 
46.229.168.133 - - [16/Jun/2020:10:34:45 -0700] "GET /content/posts/?q=%23trypod HTTP/1.1" 200 8300 "-" "Mozilla/5.0 (compatible; SemrushBot/6~bl; +http://www.semrush.com/bot.html)" 
157.55.39.110 - - [16/Jun/2020:10:35:11 -0700] "GET /2018/2018-05-07 HTTP/1.1" 200 9925 "-" "Mozilla/5.0 (compatible; bingbot/2.0; +http://www.bing.com/bingbot.htm)" 
54.36.148.201 - - [16/Jun/2020:10:36:18 -0700] "GET /content/statusupdates/?q=%23IndieWeb&offset=0 HTTP/1.1" 200 11762 "-" "Mozilla/5.0 (compatible; AhrefsBot/6.1; +http://ahrefs.com/robot/)" 
46.229.168.134 - - [16/Jun/2020:10:36:34 -0700] "GET /content/posts/?offset=0&q=%23Indieweb HTTP/1.1" 200 17415 "-" "Mozilla/5.0 (compatible; SemrushBot/6~bl; +http://www.semrush.com/bot.html)" 
157.55.39.110 - - [16/Jun/2020:10:36:52 -0700] "GET /IdnoPlugins/Media/external/wavesurfer/dist/wavesurfer.min.js HTTP/1.1" 200 10506 "-" "Mozilla/5.0 (compatible; bingbot/2.0; +http://www.bing.com/bingbot.htm)" 
157.55.39.110 - - [16/Jun/2020:10:36:53 -0700] "GET /vendor/idno/mentionjs/recommended-styles.css HTTP/1.1" 200 600 "-" "Mozilla/5.0 (compatible; bingbot/2.0; +http://www.bing.com/bingbot.htm)" 
157.55.39.110 - - [16/Jun/2020:10:36:53 -0700] "GET /vendor/npm-asset/mediaelement/build/mediaelement-and-player.min.js HTTP/1.1" 200 41537 "-" "Mozilla/5.0 (compatible; bingbot/2.0; +http://www.bing.com/bingbot.htm)" 
40.77.167.174 - - [16/Jun/2020:10:37:06 -0700] "GET /vendor/rmm5t/jquery-timeago/jquery.timeago.js HTTP/1.1" 200 6663 "-" "Mozilla/5.0 (compatible; bingbot/2.0; +http://www.bing.com/bingbot.htm)" 
66.249.64.110 - - [16/Jun/2020:10:37:14 -0700] "GET /robots.txt HTTP/1.1" 200 4857 "-" "Mozilla/5.0 (compatible; Googlebot/2.1; +http://www.google.com/bot.html)" 
66.249.64.108 - - [16/Jun/2020:10:37:14 -0700] "GET /2017/just-for-fun-i-marked-up-my HTTP/1.1" 200 10597 "-" "Mozilla/5.0 (compatible; Googlebot/2.1; +http://www.google.com/bot.html)" 
114.119.165.2 - - [16/Jun/2020:10:37:15 -0700] "GET /tag/Indieweb?offset=72 HTTP/1.1" 200 12460 "-" "Mozilla/5.0 (Linux; Android 7.0;) AppleWebKit/537.36 (KHTML, like Gecko) Mobile Safari/537.36 (compatible; PetalBot;+https://aspiegel.com/petalbot)" 
66.249.64.110 - - [16/Jun/2020:10:37:16 -0700] "GET /service/web/unfurl/?url=http%3A%2F%2Fwww.fornacalia.com%2F2017%2Fcornbread-for-fornacalia&__bTk=69943e220605fd513a07276546916b3a5e7ac0f9fd9803c54ba60d198a8dbd2b&__bTs=1591488000 HTTP/1.1" 403 4950 "https://stream.jeremycherfas.net/2017/just-for-fun-i-marked-up-my" "Mozilla/5.0 AppleWebKit/537.36 (KHTML, like Gecko; compatible; Googlebot/2.1; +http://www.google.com/bot.html) Chrome/83.0.4103.100 Safari/537.36" 
46.229.168.134 - - [16/Jun/2020:10:37:17 -0700] "GET /2018/our-hidden-wound-the-contrary-farmer HTTP/1.1" 200 9505 "-" "Mozilla/5.0 (compatible; SemrushBot/6~bl; +http://www.semrush.com/bot.html)" 
66.249.64.108 - - [16/Jun/2020:10:37:17 -0700] "GET /service/web/unfurl/?url=http%3A%2F%2Fwww.fornacalia.com%2F2017%2Fcornbread-for-fornacalia&__bTk=69943e220605fd513a07276546916b3a5e7ac0f9fd9803c54ba60d198a8dbd2b&__bTs=1591887856 HTTP/1.1" 403 4950 "https://stream.jeremycherfas.net/2017/just-for-fun-i-marked-up-my" "Mozilla/5.0 AppleWebKit/537.36 (KHTML, like Gecko; compatible; Googlebot/2.1; +http://www.google.com/bot.html) Chrome/83.0.4103.100 Safari/537.36" 
64.111.100.215 - - [16/Jun/2020:10:37:18 -0700] "GET /content/all?_t=rss HTTP/1.1" 200 14885 "-" "Mozilla/5.0 (X11; U; Linux i686; fr; rv:1.9.1.1) Gecko/20090715 Firefox/3.5.1" 
66.249.64.110 - - [16/Jun/2020:10:37:20 -0700] "GET /file/04cb8f0e3981e6e7552e21b8553fba94 HTTP/1.1" 404 18608 "-" "Googlebot-Image/1.0" 
66.249.64.110 - - [16/Jun/2020:10:37:21 -0700] "GET /file/5323e86f4819ad962c270ffe7abdb3f4 HTTP/1.1" 404 14936 "-" "Googlebot-Image/1.0" 
46.229.168.146 - - [16/Jun/2020:10:37:37 -0700] "GET /content/bookmarkedpages/?q=%23Indieweb HTTP/1.1" 200 10912 "-" "Mozilla/5.0 (compatible; SemrushBot/6~bl; +http://www.semrush.com/bot.html)" 
45.79.26.51 - - [16/Jun/2020:10:38:10 -0700] "GET /content/statusupdates/posts/photos/checkins/bookmarkedpages?_t=rss HTTP/1.1" 200 7437 "-" "Micro.blog/1.0" 
46.229.168.149 - - [16/Jun/2020:10:38:43 -0700] "GET /2019/where-to-push-for-greater-food-safety HTTP/1.1" 200 9639 "-" "Mozilla/5.0 (compatible; SemrushBot/6~bl; +http://www.semrush.com/bot.html)" 
46.229.168.150 - - [16/Jun/2020:10:39:06 -0700] "GET /content/photos/?offset=0&q=%23podcast HTTP/1.1" 200 12627 "-" "Mozilla/5.0 (compatible; SemrushBot/6~bl; +http://www.semrush.com/bot.html)" 
46.229.168.148 - - [16/Jun/2020:10:40:05 -0700] "GET /content/bookmarkedpages?offset=160 HTTP/1.1" 200 10445 "-" "Mozilla/5.0 (compatible; SemrushBot/6~bl; +http://www.semrush.com/bot.html)" 
46.229.168.154 - - [16/Jun/2020:10:40:44 -0700] "GET /file/8baad493080a6f513452b88a44499020/bd2be1668d9411ebb12943f458b84ef3 HTTP/1.1" 500 51922 "-" "Mozilla/5.0 (compatible; SemrushBot/6~bl; +http://www.semrush.com/bot.html)" 
66.249.64.110 - - [16/Jun/2020:10:40:57 -0700] "GET /content/photos/?offset=660&_t=rss HTTP/1.1" 200 7908 "-" "Mozilla/5.0 (Linux; Android 6.0.1; Nexus 5X Build/MMB29P) AppleWebKit/537.36 (KHTML, like Gecko) Chrome/80.0.3987.92 Mobile Safari/537.36 (compatible; Googlebot/2.1; +http://www.google.com/bot.html)" 
46.229.168.149 - - [16/Jun/2020:10:41:00 -0700] "GET /content/statusupdates?offset=130 HTTP/1.1" 200 10786 "-" "Mozilla/5.0 (compatible; SemrushBot/6~bl; +http://www.semrush.com/bot.html)" 
54.36.148.12 - - [16/Jun/2020:10:41:08 -0700] "GET /2019/at-last-i-think-i-may-have HTTP/1.1" 200 9328 "-" "Mozilla/5.0 (compatible; AhrefsBot/6.1; +http://ahrefs.com/robot/)" 
46.229.168.150 - - [16/Jun/2020:10:41:14 -0700] "GET /?q=%23%2B%23food HTTP/1.1" 200 12423 "-" "Mozilla/5.0 (compatible; SemrushBot/6~bl; +http://www.semrush.com/bot.html)" 
157.55.39.110 - - [16/Jun/2020:10:41:48 -0700] "GET /vendor/idno/mentionjs/recommended-styles.css HTTP/1.1" 200 4272 "-" "Mozilla/5.0 (compatible; bingbot/2.0; +http://www.bing.com/bingbot.htm)" 
114.119.166.46 - - [16/Jun/2020:10:43:14 -0700] "GET /tag/known?offset=42 HTTP/1.1" 200 8528 "-" "Mozilla/5.0 (Linux; Android 7.0;) AppleWebKit/537.36 (KHTML, like Gecko) Mobile Safari/537.36 (compatible; PetalBot;+https://aspiegel.com/petalbot)" 
46.229.168.147 - - [16/Jun/2020:10:43:30 -0700] "GET /2019/well-just-fancy-that HTTP/1.1" 200 9430 "-" "Mozilla/5.0 (compatible; SemrushBot/6~bl; +http://www.semrush.com/bot.html)" 
45.79.26.51 - - [16/Jun/2020:10:44:01 -0700] "GET /content/statusupdates/posts/photos/checkins/bookmarkedpages?_t=rss HTTP/1.1" 200 7437 "-" "Micro.blog/1.0" 
54.36.148.220 - - [16/Jun/2020:10:44:03 -0700] "GET /2019/big-bake-part-ii-golden-raisin-bread-47kg-the-raisins HTTP/1.1" 200 9543 "-" "Mozilla/5.0 (compatible; AhrefsBot/6.1; +http://ahrefs.com/robot/)" 
46.229.168.136 - - [16/Jun/2020:10:44:14 -0700] "GET /content/events/?q=%23courses HTTP/1.1" 200 8303 "-" "Mozilla/5.0 (compatible; SemrushBot/6~bl; +http://www.semrush.com/bot.html)" 
46.229.168.154 - - [16/Jun/2020:10:44:41 -0700] "GET /tag/Sourdough?offset=22 HTTP/1.1" 200 11685 "-" "Mozilla/5.0 (compatible; SemrushBot/6~bl; +http://www.semrush.com/bot.html)" 
46.229.168.130 - - [16/Jun/2020:10:44:46 -0700] "GET /?offset=23&q=%23%2B%23WithKnown HTTP/1.1" 200 12991 "-" "Mozilla/5.0 (compatible; SemrushBot/6~bl; +http://www.semrush.com/bot.html)" 
54.36.148.201 - - [16/Jun/2020:10:45:28 -0700] "GET /2020/blaming-the-internet-for-your-gullibility-is HTTP/1.1" 200 10126 "-" "Mozilla/5.0 (compatible; AhrefsBot/6.1; +http://ahrefs.com/robot/)" 
46.229.168.133 - - [16/Jun/2020:10:46:00 -0700] "GET /content/rsvp/?q=%23podcast HTTP/1.1" 200 8271 "-" "Mozilla/5.0 (compatible; SemrushBot/6~bl; +http://www.semrush.com/bot.html)" 
46.229.168.162 - - [16/Jun/2020:10:46:27 -0700] "GET /2020/untitled-37 HTTP/1.1" 200 9266 "-" "Mozilla/5.0 (compatible; SemrushBot/6~bl; +http://www.semrush.com/bot.html)" 
46.229.168.135 - - [16/Jun/2020:10:46:39 -0700] "GET /?offset=0&q=%23bread HTTP/1.1" 200 12209 "-" "Mozilla/5.0 (compatible; SemrushBot/6~bl; +http://www.semrush.com/bot.html)" 
46.229.168.147 - - [16/Jun/2020:10:47:04 -0700] "GET /content/photos/?offset=45&q=%23bread HTTP/1.1" 200 11843 "-" "Mozilla/5.0 (compatible; SemrushBot/6~bl; +http://www.semrush.com/bot.html)" 
167.172.118.185 - - [16/Jun/2020:10:47:31 -0700] "GET /?_t=rss HTTP/1.1" 304 3495 "-" "Feedbin feed-id:1536727 - 1 subscribers" 
54.36.148.201 - - [16/Jun/2020:10:47:32 -0700] "GET /content/all/?offset=20 HTTP/1.1" 200 11699 "-" "Mozilla/5.0 (compatible; AhrefsBot/6.1; +http://ahrefs.com/robot/)" 
96.126.125.129 - - [16/Jun/2020:10:47:39 -0700] "GET /content/statusupdates/posts/photos/checkins/bookmarkedpages?_t=rss HTTP/1.1" 200 7442 "-" "Micro.blog/1.0" 
173.230.155.197 - - [16/Jun/2020:10:49:11 -0700] "GET / HTTP/1.1" 200 57168 "-" "Mozilla/5.0 (Macintosh; Intel Mac OS X 10_12_1) AppleWebKit/537.36 (KHTML, like Gecko) Chrome/57.0.2987.133 Safari/537.36 p3k-http/0.1.5 p3k-watchtower/0.1" 
114.119.164.86 - - [16/Jun/2020:10:49:20 -0700] "GET /content/all?q=%23Indieweb&offset=63 HTTP/1.1" 200 10946 "-" "Mozilla/5.0 (Linux; Android 7.0;) AppleWebKit/537.36 (KHTML, like Gecko) Mobile Safari/537.36 (compatible; PetalBot;+https://aspiegel.com/petalbot)" 
46.229.168.148 - - [16/Jun/2020:10:49:21 -0700] "GET /content/bookmarkedpages/?q=%23%2B%23%23bread HTTP/1.1" 200 9600 "-" "Mozilla/5.0 (compatible; SemrushBot/6~bl; +http://www.semrush.com/bot.html)" 
46.229.168.130 - - [16/Jun/2020:10:49:21 -0700] "GET /content/posts/?offset=0&q=%23indieweb HTTP/1.1" 200 17332 "-" "Mozilla/5.0 (compatible; SemrushBot/6~bl; +http://www.semrush.com/bot.html)" 
54.36.148.201 - - [16/Jun/2020:10:49:37 -0700] "GET /2017/testing-syndication-from-quill-indieweb HTTP/1.1" 200 9221 "-" "Mozilla/5.0 (compatible; AhrefsBot/6.1; +http://ahrefs.com/robot/)" 
46.229.168.133 - - [16/Jun/2020:10:49:53 -0700] "GET /content/all/?offset=23&q=%23%2B%23sourdough HTTP/1.1" 200 11738 "-" "Mozilla/5.0 (compatible; SemrushBot/6~bl; +http://www.semrush.com/bot.html)" 
46.229.168.142 - - [16/Jun/2020:10:50:22 -0700] "GET /2017/repurpose-that-incubator-turning-raw-seasoned-meat-into-sausages-is HTTP/1.1" 200 9378 "-" "Mozilla/5.0 (compatible; SemrushBot/6~bl; +http://www.semrush.com/bot.html)" 
66.249.64.108 - - [16/Jun/2020:10:50:25 -0700] "GET /content/all?offset=1385 HTTP/1.1" 200 11063 "-" "Mozilla/5.0 (Linux; Android 6.0.1; Nexus 5X Build/MMB29P) AppleWebKit/537.36 (KHTML, like Gecko) Chrome/80.0.3987.92 Mobile Safari/537.36 (compatible; Googlebot/2.1; +http://www.google.com/bot.html)" 
66.249.64.108 - - [16/Jun/2020:10:50:27 -0700] "GET /service/web/unfurl/?url=https%3A%2F%2Fwww.ers.usda.gov%2Fdata-products%2Fchart-gallery%2Fgallery%2Fchart-detail%2F%3FchartId%3D88323&__bTk=d87e04dab4fdfc962ede8b0b58de731acf971afb76eec2a72562b0166c5cf83b&__bTs=1590692933 HTTP/1.1" 403 4993 "https://stream.jeremycherfas.net/content/all?offset=1385" "Mozilla/5.0 (Linux; Android 6.0.1; Nexus 5X Build/MMB29P) AppleWebKit/537.36 (KHTML, like Gecko) Chrome/83.0.4103.100 Mobile Safari/537.36 (compatible; Googlebot/2.1; +http://www.google.com/bot.html)" 
66.249.64.110 - - [16/Jun/2020:10:50:28 -0700] "GET /service/web/unfurl/?url=https%3A%2F%2Fmacwright.org%2F2018%2F04%2F09%2Fthe-other-kind-of-privacy.html&__bTk=d87e04dab4fdfc962ede8b0b58de731acf971afb76eec2a72562b0166c5cf83b&__bTs=1590692933 HTTP/1.1" 403 4962 "https://stream.jeremycherfas.net/content/all?offset=1385" "Mozilla/5.0 (Linux; Android 6.0.1; Nexus 5X Build/MMB29P) AppleWebKit/537.36 (KHTML, like Gecko) Chrome/83.0.4103.100 Mobile Safari/537.36 (compatible; Googlebot/2.1; +http://www.google.com/bot.html)" 
66.249.64.108 - - [16/Jun/2020:10:50:29 -0700] "GET /service/web/unfurl/?url=https%3A%2F%2Fdavid.shanske.com%2F2018%2F04%2F07%2Findieauth-for-wordpress%2F&__bTk=d87e04dab4fdfc962ede8b0b58de731acf971afb76eec2a72562b0166c5cf83b&__bTs=1590692933 HTTP/1.1" 403 4962 "https://stream.jeremycherfas.net/content/all?offset=1385" "Mozilla/5.0 (Linux; Android 6.0.1; Nexus 5X Build/MMB29P) AppleWebKit/537.36 (KHTML, like Gecko) Chrome/83.0.4103.100 Mobile Safari/537.36 (compatible; Googlebot/2.1; +http://www.google.com/bot.html)" 
66.249.64.110 - - [16/Jun/2020:10:50:29 -0700] "GET /service/web/unfurl/?url=https%3A%2F%2Ftechcrunch.com%2F2018%2F04%2F07%2Frss-is-undead%2F&__bTk=d87e04dab4fdfc962ede8b0b58de731acf971afb76eec2a72562b0166c5cf83b&__bTs=1590692933 HTTP/1.1" 403 1277 "https://stream.jeremycherfas.net/content/all?offset=1385" "Mozilla/5.0 (Linux; Android 6.0.1; Nexus 5X Build/MMB29P) AppleWebKit/537.36 (KHTML, like Gecko) Chrome/83.0.4103.100 Mobile Safari/537.36 (compatible; Googlebot/2.1; +http://www.google.com/bot.html)" 
66.249.64.108 - - [16/Jun/2020:10:50:30 -0700] "GET /service/web/unfurl/?url=https%3A%2F%2Fmacwright.org%2F2018%2F04%2F11%2Fdrawing.html&__bTk=d87e04dab4fdfc962ede8b0b58de731acf971afb76eec2a72562b0166c5cf83b&__bTs=1590692933 HTTP/1.1" 403 1272 "https://stream.jeremycherfas.net/content/all?offset=1385" "Mozilla/5.0 (Linux; Android 6.0.1; Nexus 5X Build/MMB29P) AppleWebKit/537.36 (KHTML, like Gecko) Chrome/83.0.4103.100 Mobile Safari/537.36 (compatible; Googlebot/2.1; +http://www.google.com/bot.html)" 
66.249.64.108 - - [16/Jun/2020:10:50:30 -0700] "GET /service/web/unfurl/?url=https%3A%2F%2Fmacwright.org%2F2018%2F04%2F09%2Fthe-other-kind-of-privacy.html&__bTk=d87e04dab4fdfc962ede8b0b58de731acf971afb76eec2a72562b0166c5cf83b&__bTs=1590692933 HTTP/1.1" 403 1290 "https://stream.jeremycherfas.net/content/all?offset=1385" "Mozilla/5.0 (Linux; Android 6.0.1; Nexus 5X Build/MMB29P) AppleWebKit/537.36 (KHTML, like Gecko) Chrome/83.0.4103.100 Mobile Safari/537.36 (compatible; Googlebot/2.1; +http://www.google.com/bot.html)" 
46.229.168.137 - - [16/Jun/2020:10:50:33 -0700] "GET /2018/2018-01-09 HTTP/1.1" 200 10462 "-" "Mozilla/5.0 (compatible; SemrushBot/6~bl; +http://www.semrush.com/bot.html)" 
46.229.168.163 - - [16/Jun/2020:10:50:36 -0700] "GET /tag/sourdough?offset=54 HTTP/1.1" 200 9315 "-" "Mozilla/5.0 (compatible; SemrushBot/6~bl; +http://www.semrush.com/bot.html)" 
54.36.148.81 - - [16/Jun/2020:10:50:51 -0700] "GET /content/rsvp/?q=%23podcast HTTP/1.1" 200 8279 "-" "Mozilla/5.0 (compatible; AhrefsBot/6.1; +http://ahrefs.com/robot/)" 
46.229.168.153 - - [16/Jun/2020:10:51:23 -0700] "GET /content/bookmarkedpages/?q=%23London HTTP/1.1" 200 8895 "-" "Mozilla/5.0 (compatible; SemrushBot/6~bl; +http://www.semrush.com/bot.html)" 
98.158.244.118 - - [16/Jun/2020:10:51:27 -0700] "GET /file/ef801e05730eba56004c5b712ad84731/thumb.jpg HTTP/1.1" 200 26439 "https://desmondrivet.com/blog/" "Mozilla/5.0 (Windows NT 10.0; Win64; x64) AppleWebKit/537.36 (KHTML, like Gecko) Chrome/83.0.4103.97 Safari/537.36" 
46.229.168.144 - - [16/Jun/2020:10:51:42 -0700] "GET /2019/notes-weve-got-blog-2002 HTTP/1.1" 200 9393 "-" "Mozilla/5.0 (compatible; SemrushBot/6~bl; +http://www.semrush.com/bot.html)" 
207.46.13.63 - - [16/Jun/2020:10:51:42 -0700] "GET /2017/shosh_yossef-whatever-platform-you-choose-you-might-also-want-to HTTP/1.1" 200 10422 "-" "Mozilla/5.0 (compatible; bingbot/2.0; +http://www.bing.com/bingbot.htm)" 
45.79.26.51 - - [16/Jun/2020:10:51:43 -0700] "GET /content/statusupdates/posts/photos/checkins/bookmarkedpages?_t=rss HTTP/1.1" 200 7437 "-" "Micro.blog/1.0" 
46.229.168.142 - - [16/Jun/2020:10:52:10 -0700] "GET /content/posts/?q=%23Non HTTP/1.1" 200 8294 "-" "Mozilla/5.0 (compatible; SemrushBot/6~bl; +http://www.semrush.com/bot.html)" 
64.111.100.215 - - [16/Jun/2020:10:52:45 -0700] "GET /content/all?_t=rss HTTP/1.1" 200 14885 "-" "Mozilla/5.0 (X11; U; Linux i686; fr; rv:1.9.1.1) Gecko/20090715 Firefox/3.5.1" 
54.36.148.81 - - [16/Jun/2020:10:53:10 -0700] "GET /2020/2020-02-23 HTTP/1.1" 200 9444 "-" "Mozilla/5.0 (compatible; AhrefsBot/6.1; +http://ahrefs.com/robot/)" 
46.229.168.135 - - [16/Jun/2020:10:53:58 -0700] "GET /content/photos/?offset=280 HTTP/1.1" 200 10957 "-" "Mozilla/5.0 (compatible; SemrushBot/6~bl; +http://www.semrush.com/bot.html)" 
46.229.168.137 - - [16/Jun/2020:10:54:29 -0700] "GET /2019/an-afternoon-with-the-stars-eminchilli-helping-pastagrannies-to-promote HTTP/1.1" 200 9576 "-" "Mozilla/5.0 (compatible; SemrushBot/6~bl; +http://www.semrush.com/bot.html)" 
45.79.26.51 - - [16/Jun/2020:10:55:22 -0700] "GET /content/statusupdates/posts/photos/checkins/bookmarkedpages?_t=rss HTTP/1.1" 200 7437 "-" "Micro.blog/1.0" 
114.119.166.46 - - [16/Jun/2020:10:55:23 -0700] "GET /content/all?q=%23%2B%23%23indieweb&offset=80 HTTP/1.1" 200 13810 "-" "Mozilla/5.0 (Linux; Android 7.0;) AppleWebKit/537.36 (KHTML, like Gecko) Mobile Safari/537.36 (compatible; PetalBot;+https://aspiegel.com/petalbot)" 
46.229.168.146 - - [16/Jun/2020:10:56:12 -0700] "GET /?offset=120&q=%23%2B%23%23indieweb HTTP/1.1" 200 11537 "-" "Mozilla/5.0 (compatible; SemrushBot/6~bl; +http://www.semrush.com/bot.html)" 
46.229.168.135 - - [16/Jun/2020:10:56:27 -0700] "GET /content/all/?offset=54&q=%23indieweb HTTP/1.1" 200 13219 "-" "Mozilla/5.0 (compatible; SemrushBot/6~bl; +http://www.semrush.com/bot.html)" 
46.229.168.142 - - [16/Jun/2020:10:57:03 -0700] "GET /tag/indieweb?offset=46 HTTP/1.1" 200 11700 "-" "Mozilla/5.0 (compatible; SemrushBot/6~bl; +http://www.semrush.com/bot.html)" 
46.229.168.137 - - [16/Jun/2020:10:57:39 -0700] "GET /?offset=0&q=%23Sourdough HTTP/1.1" 200 12127 "-" "Mozilla/5.0 (compatible; SemrushBot/6~bl; +http://www.semrush.com/bot.html)" 
54.36.148.40 - - [16/Jun/2020:10:59:06 -0700] "GET /2019/one-to-welcome-you-romefromhome-brian_levine-and-others-coming-to HTTP/1.1" 200 14002 "-" "Mozilla/5.0 (compatible; AhrefsBot/6.1; +http://ahrefs.com/robot/)" 
46.229.168.130 - - [16/Jun/2020:11:00:01 -0700] "GET /robots.txt HTTP/1.1" 200 4276 "-" "Mozilla/5.0 (compatible; SemrushBot/6~bl; +http://www.semrush.com/bot.html)" 
45.79.26.51 - - [16/Jun/2020:11:00:02 -0700] "GET /content/statusupdates/posts/photos/checkins/bookmarkedpages?_t=rss HTTP/1.1" 200 7437 "-" "Micro.blog/1.0" 
46.229.168.143 - - [16/Jun/2020:11:00:06 -0700] "GET /tag/indieweb?offset=97 HTTP/1.1" 200 14530 "-" "Mozilla/5.0 (compatible; SemrushBot/6~bl; +http://www.semrush.com/bot.html)" 
46.229.168.143 - - [16/Jun/2020:11:00:08 -0700] "GET /?offset=130&q=%23Indieweb HTTP/1.1" 200 12678 "-" "Mozilla/5.0 (compatible; SemrushBot/6~bl; +http://www.semrush.com/bot.html)" 
100.24.38.203 - - [16/Jun/2020:11:00:10 -0700] "GET /?_t=rss HTTP/1.1" 200 7435 "-" "glitch-feeder/1.0 (+https://glitch.com/~lmo-feeder)" 
54.36.148.201 - - [16/Jun/2020:11:00:27 -0700] "GET /2020/this-plumeria-blossom-has-been-struggling-for-days-to-open HTTP/1.1" 200 9597 "-" "Mozilla/5.0 (compatible; AhrefsBot/6.1; +http://ahrefs.com/robot/)" 
114.119.161.85 - - [16/Jun/2020:11:01:33 -0700] "GET /content/photos?offset=390 HTTP/1.1" 200 11830 "-" "Mozilla/5.0 (Linux; Android 7.0;) AppleWebKit/537.36 (KHTML, like Gecko) Mobile Safari/537.36 (compatible; PetalBot;+https://aspiegel.com/petalbot)" 
54.36.148.81 - - [16/Jun/2020:11:01:45 -0700] "GET /2018/2018-05-21 HTTP/1.1" 200 9973 "-" "Mozilla/5.0 (compatible; AhrefsBot/6.1; +http://ahrefs.com/robot/)" 
46.229.168.163 - - [16/Jun/2020:11:02:09 -0700] "GET /file/bdd863675baec9ecec240f4e917ab5be/823e46c9fbfcf39647fcc37562bc62c7 HTTP/1.1" 500 51922 "-" "Mozilla/5.0 (compatible; SemrushBot/6~bl; +http://www.semrush.com/bot.html)" 
46.229.168.141 - - [16/Jun/2020:11:02:11 -0700] "GET /content/all/?offset=65&q=%23%2B%23IndieWeb HTTP/1.1" 200 11424 "-" "Mozilla/5.0 (compatible; SemrushBot/6~bl; +http://www.semrush.com/bot.html)" 
46.229.168.149 - - [16/Jun/2020:11:02:22 -0700] "GET /content/posts/?q=%23podcasting HTTP/1.1" 200 10848 "-" "Mozilla/5.0 (compatible; SemrushBot/6~bl; +http://www.semrush.com/bot.html)" 
45.79.26.51 - - [16/Jun/2020:11:03:08 -0700] "GET /content/statusupdates/posts/photos/checkins/bookmarkedpages?_t=rss HTTP/1.1" 200 7437 "-" "Micro.blog/1.0" 
46.229.168.162 - - [16/Jun/2020:11:04:10 -0700] "GET /content/photos/?q=%23followfriday HTTP/1.1" 200 8291 "-" "Mozilla/5.0 (compatible; SemrushBot/6~bl; +http://www.semrush.com/bot.html)" 
46.229.168.147 - - [16/Jun/2020:11:05:00 -0700] "GET /2019/great-piece-about-the-difficult-life-of HTTP/1.1" 200 11115 "-" "Mozilla/5.0 (compatible; SemrushBot/6~bl; +http://www.semrush.com/bot.html)" 
54.36.148.16 - - [16/Jun/2020:11:05:28 -0700] "GET /2018/chris-aldrichs-discussion-of-the-rewarding-discovery HTTP/1.1" 200 9810 "-" "Mozilla/5.0 (compatible; AhrefsBot/6.1; +http://ahrefs.com/robot/)" 
54.36.148.224 - - [16/Jun/2020:11:06:42 -0700] "GET /2018/have-you-taken-a-look-at-indieweborg HTTP/1.1" 200 9928 "-" "Mozilla/5.0 (compatible; AhrefsBot/6.1; +http://ahrefs.com/robot/)" 
114.119.162.106 - - [16/Jun/2020:11:07:48 -0700] "GET /profile/jeremy?offset=340 HTTP/1.1" 200 17580 "-" "Mozilla/5.0 (Linux; Android 7.0;) AppleWebKit/537.36 (KHTML, like Gecko) Mobile Safari/537.36 (compatible; PetalBot;+https://aspiegel.com/petalbot)" 
54.36.148.81 - - [16/Jun/2020:11:07:52 -0700] "GET /2017/5050-with-five-grain-soaker HTTP/1.1" 200 10764 "-" "Mozilla/5.0 (compatible; AhrefsBot/6.1; +http://ahrefs.com/robot/)" 
46.229.168.129 - - [16/Jun/2020:11:07:53 -0700] "GET /content/all/?offset=20&q=%23known HTTP/1.1" 200 15288 "-" "Mozilla/5.0 (compatible; SemrushBot/6~bl; +http://www.semrush.com/bot.html)" 
64.111.100.215 - - [16/Jun/2020:11:08:10 -0700] "GET /content/all?_t=rss HTTP/1.1" 200 14885 "-" "Mozilla/5.0 (X11; U; Linux i686; fr; rv:1.9.1.1) Gecko/20090715 Firefox/3.5.1" 
96.126.125.129 - - [16/Jun/2020:11:08:48 -0700] "GET /content/statusupdates/posts/photos/checkins/bookmarkedpages?_t=rss HTTP/1.1" 200 7442 "-" "Micro.blog/1.0" 
54.36.148.166 - - [16/Jun/2020:11:10:04 -0700] "GET /2017/crossed-the-wide-pecos HTTP/1.1" 200 10781 "-" "Mozilla/5.0 (compatible; AhrefsBot/6.1; +http://ahrefs.com/robot/)" 
46.229.168.151 - - [16/Jun/2020:11:10:06 -0700] "GET /content/posts/?offset=11&q=%23%2B%23WithKnown HTTP/1.1" 200 9423 "-" "Mozilla/5.0 (compatible; SemrushBot/6~bl; +http://www.semrush.com/bot.html)" 
46.229.168.143 - - [16/Jun/2020:11:10:16 -0700] "GET /content/all/?offset=104&q=%23indieweb HTTP/1.1" 200 13510 "-" "Mozilla/5.0 (compatible; SemrushBot/6~bl; +http://www.semrush.com/bot.html)" 
46.229.168.147 - - [16/Jun/2020:11:11:04 -0700] "GET /?offset=24&q=%23Sourdough HTTP/1.1" 200 11629 "-" "Mozilla/5.0 (compatible; SemrushBot/6~bl; +http://www.semrush.com/bot.html)" 
46.229.168.130 - - [16/Jun/2020:11:11:19 -0700] "GET /2019/currently-reading-50-ways-to-cook-a HTTP/1.1" 200 9918 "-" "Mozilla/5.0 (compatible; SemrushBot/6~bl; +http://www.semrush.com/bot.html)" 
46.229.168.138 - - [16/Jun/2020:11:11:20 -0700] "GET /?offset=72&q=%23%2B%23%23bread HTTP/1.1" 200 11606 "-" "Mozilla/5.0 (compatible; SemrushBot/6~bl; +http://www.semrush.com/bot.html)" 
46.229.168.149 - - [16/Jun/2020:11:11:24 -0700] "GET /2019/my-changing-world-an-elegy-for-the-window-fan HTTP/1.1" 200 9392 "-" "Mozilla/5.0 (compatible; SemrushBot/6~bl; +http://www.semrush.com/bot.html)" 
46.229.168.153 - - [16/Jun/2020:11:11:25 -0700] "GET /content/rsvp/?q=%23non HTTP/1.1" 200 8292 "-" "Mozilla/5.0 (compatible; SemrushBot/6~bl; +http://www.semrush.com/bot.html)" 
207.46.13.63 - - [16/Jun/2020:11:11:43 -0700] "GET /2017/seeing-white-from-john-biewen-and-scene-on-radio-was HTTP/1.1" 200 10167 "-" "Mozilla/5.0 (compatible; bingbot/2.0; +http://www.bing.com/bingbot.htm)" 
54.36.149.4 - - [16/Jun/2020:11:12:16 -0700] "GET /2019/airbnb-promises-to-verify-all-7-million HTTP/1.1" 200 9579 "-" "Mozilla/5.0 (compatible; AhrefsBot/6.1; +http://ahrefs.com/robot/)" 
96.126.125.129 - - [16/Jun/2020:11:12:31 -0700] "GET /content/statusupdates/posts/photos/checkins/bookmarkedpages?_t=rss HTTP/1.1" 200 7442 "-" "Micro.blog/1.0" 
54.36.148.245 - - [16/Jun/2020:11:13:11 -0700] "GET /2018/chris-aldrich HTTP/1.1" 200 9256 "-" "Mozilla/5.0 (compatible; AhrefsBot/6.1; +http://ahrefs.com/robot/)" 
114.119.166.46 - - [16/Jun/2020:11:13:42 -0700] "GET /tag/+%23food?offset=10 HTTP/1.1" 200 12400 "-" "Mozilla/5.0 (Linux; Android 7.0;) AppleWebKit/537.36 (KHTML, like Gecko) Mobile Safari/537.36 (compatible; PetalBot;+https://aspiegel.com/petalbot)" 
54.36.148.81 - - [16/Jun/2020:11:14:04 -0700] "GET /2017/the-ongoing-saga-of-attempting-to-connect-microblog-to-known HTTP/1.1" 200 10057 "-" "Mozilla/5.0 (compatible; AhrefsBot/6.1; +http://ahrefs.com/robot/)" 
96.126.125.129 - - [16/Jun/2020:11:15:56 -0700] "GET /content/statusupdates/posts/photos/checkins/bookmarkedpages?_t=rss HTTP/1.1" 200 7442 "-" "Micro.blog/1.0" 
54.36.149.0 - - [16/Jun/2020:11:15:58 -0700] "GET /2018/our-daily-bread-25---traditionwcss30lxhflthe-one-thing-to-be HTTP/1.1" 200 14077 "-" "Mozilla/5.0 (compatible; AhrefsBot/6.1; +http://ahrefs.com/robot/)" 
54.36.148.201 - - [16/Jun/2020:11:17:00 -0700] "GET /2017/i-am-really-enjoying-and-learning-from-sceneonradio-whiteness-series HTTP/1.1" 200 9961 "-" "Mozilla/5.0 (compatible; AhrefsBot/6.1; +http://ahrefs.com/robot/)" 
46.229.168.135 - - [16/Jun/2020:11:17:14 -0700] "GET /?offset=48&q=%23WithKnown HTTP/1.1" 200 11168 "-" "Mozilla/5.0 (compatible; SemrushBot/6~bl; +http://www.semrush.com/bot.html)" 
207.46.13.63 - - [16/Jun/2020:11:17:57 -0700] "GET /tag/indieweb?_t=rss HTTP/1.1" 200 10530 "-" "Mozilla/5.0 (compatible; bingbot/2.0; +http://www.bing.com/bingbot.htm)" 
54.36.148.145 - - [16/Jun/2020:11:18:08 -0700] "GET /2019/well-deserved-lunch-break-for-todays-class-bread-disappointed-me HTTP/1.1" 200 16051 "-" "Mozilla/5.0 (compatible; AhrefsBot/6.1; +http://ahrefs.com/robot/)" 
