173.212.242.224 - - [22/Jun/2020:04:58:03 -0700] "GET /content/all/?q=%23podcast&offset=53&_t=rss HTTP/1.1" 200 6600 "-" "Mozilla/5.0 (compatible; MJ12bot/v1.4.8; http://mj12bot.com/)" 
54.36.148.213 - - [22/Jun/2020:04:58:04 -0700] "GET /2018/heres-a-quick-mention-to-welcome-you HTTP/1.1" 200 9362 "-" "Mozilla/5.0 (compatible; AhrefsBot/6.1; +http://ahrefs.com/robot/)" 
5.9.97.200 - - [22/Jun/2020:04:58:07 -0700] "GET /?q=%23bread&offset=80 HTTP/1.1" 200 11447 "-" "Mozilla/5.0 (compatible; MJ12bot/v1.4.8; http://mj12bot.com/)" 
5.9.97.200 - - [22/Jun/2020:04:58:11 -0700] "GET /?q=%23bread&offset=81 HTTP/1.1" 200 11005 "-" "Mozilla/5.0 (compatible; MJ12bot/v1.4.8; http://mj12bot.com/)" 
5.9.97.200 - - [22/Jun/2020:04:58:14 -0700] "GET /?q=%23bread&offset=85 HTTP/1.1" 200 9904 "-" "Mozilla/5.0 (compatible; MJ12bot/v1.4.8; http://mj12bot.com/)" 
5.9.97.200 - - [22/Jun/2020:04:58:19 -0700] "GET /?q=%23bread&offset=86 HTTP/1.1" 200 9330 "-" "Mozilla/5.0 (compatible; MJ12bot/v1.4.8; http://mj12bot.com/)" 
46.229.168.145 - - [22/Jun/2020:04:58:23 -0700] "GET /2019/here-we-go-again-with-a-100%25-rye-leaven-for HTTP/1.1" 200 13629 "-" "Mozilla/5.0 (compatible; SemrushBot/6~bl; +http://www.semrush.com/bot.html)" 
5.9.97.200 - - [22/Jun/2020:04:58:26 -0700] "GET /?q=%23campbellsdoughknife HTTP/1.1" 200 9330 "-" "Mozilla/5.0 (compatible; MJ12bot/v1.4.8; http://mj12bot.com/)" 
46.229.168.134 - - [22/Jun/2020:04:58:29 -0700] "GET /2017/i-got-excited-when-i-saw-chris-aldrichs-link-to HTTP/1.1" 200 10568 "-" "Mozilla/5.0 (compatible; SemrushBot/6~bl; +http://www.semrush.com/bot.html)" 
5.9.97.200 - - [22/Jun/2020:04:58:31 -0700] "GET /?q=%23courses HTTP/1.1" 200 10522 "-" "Mozilla/5.0 (compatible; MJ12bot/v1.4.8; http://mj12bot.com/)" 
5.9.97.200 - - [22/Jun/2020:04:58:34 -0700] "GET /?q=%23cucumber HTTP/1.1" 200 9297 "-" "Mozilla/5.0 (compatible; MJ12bot/v1.4.8; http://mj12bot.com/)" 
5.9.97.200 - - [22/Jun/2020:04:58:38 -0700] "GET /?q=%23diet HTTP/1.1" 200 8863 "-" "Mozilla/5.0 (compatible; MJ12bot/v1.4.8; http://mj12bot.com/)" 
46.229.168.152 - - [22/Jun/2020:04:58:39 -0700] "GET /2019/sandroantonello-racheleats-alas-the-guardian-article-doesnt HTTP/1.1" 200 9594 "-" "Mozilla/5.0 (compatible; SemrushBot/6~bl; +http://www.semrush.com/bot.html)" 
96.126.125.129 - - [22/Jun/2020:04:58:41 -0700] "GET /content/statusupdates/posts/photos/checkins/bookmarkedpages?_t=rss HTTP/1.1" 200 7427 "-" "Micro.blog/1.0" 
5.9.97.200 - - [22/Jun/2020:04:58:41 -0700] "GET /?q=%23failedbread HTTP/1.1" 200 9111 "-" "Mozilla/5.0 (compatible; MJ12bot/v1.4.8; http://mj12bot.com/)" 
5.9.97.200 - - [22/Jun/2020:04:58:48 -0700] "GET /?q=%23failedbread&_t=rss HTTP/1.1" 200 5424 "-" "Mozilla/5.0 (compatible; MJ12bot/v1.4.8; http://mj12bot.com/)" 
46.229.168.152 - - [22/Jun/2020:04:58:49 -0700] "GET /?offset=80&q=%23%2B%23%23bread HTTP/1.1" 200 11537 "-" "Mozilla/5.0 (compatible; SemrushBot/6~bl; +http://www.semrush.com/bot.html)" 
5.9.97.200 - - [22/Jun/2020:04:58:52 -0700] "GET /?q=%23fermentation HTTP/1.1" 200 9291 "-" "Mozilla/5.0 (compatible; MJ12bot/v1.4.8; http://mj12bot.com/)" 
5.9.97.200 - - [22/Jun/2020:04:59:01 -0700] "GET /?q=%23gazpacho HTTP/1.1" 200 9227 "-" "Mozilla/5.0 (compatible; MJ12bot/v1.4.8; http://mj12bot.com/)" 
46.229.168.132 - - [22/Jun/2020:04:59:03 -0700] "GET /content/locations/?q=%23igbreadclub HTTP/1.1" 200 8291 "-" "Mozilla/5.0 (compatible; SemrushBot/6~bl; +http://www.semrush.com/bot.html)" 
5.9.97.200 - - [22/Jun/2020:04:59:17 -0700] "GET /?q=%23indieweb&offset=100 HTTP/1.1" 200 13929 "-" "Mozilla/5.0 (compatible; MJ12bot/v1.4.8; http://mj12bot.com/)" 
5.9.97.200 - - [22/Jun/2020:04:59:36 -0700] "GET /?q=%23indieweb&offset=107 HTTP/1.1" 200 12032 "-" "Mozilla/5.0 (compatible; MJ12bot/v1.4.8; http://mj12bot.com/)" 
5.9.97.200 - - [22/Jun/2020:04:59:46 -0700] "GET /?q=%23indieweb&offset=110 HTTP/1.1" 200 12373 "-" "Mozilla/5.0 (compatible; MJ12bot/v1.4.8; http://mj12bot.com/)" 
5.9.97.200 - - [22/Jun/2020:04:59:57 -0700] "GET /?q=%23indieweb&offset=112 HTTP/1.1" 200 11926 "-" "Mozilla/5.0 (compatible; MJ12bot/v1.4.8; http://mj12bot.com/)" 
5.9.97.200 - - [22/Jun/2020:05:00:05 -0700] "GET /?q=%23indieweb&offset=114 HTTP/1.1" 200 12126 "-" "Mozilla/5.0 (compatible; MJ12bot/v1.4.8; http://mj12bot.com/)" 
5.9.97.200 - - [22/Jun/2020:05:00:16 -0700] "GET /?q=%23indieweb&offset=117 HTTP/1.1" 200 12188 "-" "Mozilla/5.0 (compatible; MJ12bot/v1.4.8; http://mj12bot.com/)" 
40.77.167.148 - - [22/Jun/2020:05:00:17 -0700] "GET /2019/a-perfect-day-for-playing-hookey HTTP/1.1" 200 13308 "-" "Mozilla/5.0 (compatible; bingbot/2.0; +http://www.bing.com/bingbot.htm)" 
173.212.242.224 - - [22/Jun/2020:05:00:19 -0700] "GET /content/all/?q=%23podcasting&_t=rss HTTP/1.1" 200 8941 "-" "Mozilla/5.0 (compatible; MJ12bot/v1.4.8; http://mj12bot.com/)" 
5.9.97.200 - - [22/Jun/2020:05:00:26 -0700] "GET /?q=%23indieweb&offset=118 HTTP/1.1" 200 11994 "-" "Mozilla/5.0 (compatible; MJ12bot/v1.4.8; http://mj12bot.com/)" 
5.9.97.200 - - [22/Jun/2020:05:00:36 -0700] "GET /?q=%23indieweb&offset=120 HTTP/1.1" 200 11449 "-" "Mozilla/5.0 (compatible; MJ12bot/v1.4.8; http://mj12bot.com/)" 
5.9.97.200 - - [22/Jun/2020:05:00:40 -0700] "GET /?q=%23indieweb&offset=120&_t=rss HTTP/1.1" 200 7131 "-" "Mozilla/5.0 (compatible; MJ12bot/v1.4.8; http://mj12bot.com/)" 
5.9.97.200 - - [22/Jun/2020:05:00:55 -0700] "GET /?q=%23indieweb&offset=122 HTTP/1.1" 200 11703 "-" "Mozilla/5.0 (compatible; MJ12bot/v1.4.8; http://mj12bot.com/)" 
5.9.97.200 - - [22/Jun/2020:05:01:04 -0700] "GET /?q=%23indieweb&offset=122&_t=rss HTTP/1.1" 200 7305 "-" "Mozilla/5.0 (compatible; MJ12bot/v1.4.8; http://mj12bot.com/)" 
5.9.97.200 - - [22/Jun/2020:05:01:11 -0700] "GET /?q=%23indieweb&offset=124 HTTP/1.1" 200 11254 "-" "Mozilla/5.0 (compatible; MJ12bot/v1.4.8; http://mj12bot.com/)" 
173.212.242.224 - - [22/Jun/2020:05:01:17 -0700] "GET /content/all/?q=%23quill&offset=0&_t=rss HTTP/1.1" 200 9403 "-" "Mozilla/5.0 (compatible; MJ12bot/v1.4.8; http://mj12bot.com/)" 
5.9.97.200 - - [22/Jun/2020:05:01:21 -0700] "GET /?q=%23indieweb&offset=124&_t=rss HTTP/1.1" 200 6889 "-" "Mozilla/5.0 (compatible; MJ12bot/v1.4.8; http://mj12bot.com/)" 
5.9.97.200 - - [22/Jun/2020:05:01:35 -0700] "GET /?q=%23indieweb&offset=127 HTTP/1.1" 200 12400 "-" "Mozilla/5.0 (compatible; MJ12bot/v1.4.8; http://mj12bot.com/)" 
5.9.97.200 - - [22/Jun/2020:05:01:46 -0700] "GET /?q=%23indieweb&offset=128 HTTP/1.1" 200 12373 "-" "Mozilla/5.0 (compatible; MJ12bot/v1.4.8; http://mj12bot.com/)" 
54.36.148.117 - - [22/Jun/2020:05:01:49 -0700] "GET /2017/adactio-journal60-seconds-over-idaho HTTP/1.1" 200 9715 "-" "Mozilla/5.0 (compatible; AhrefsBot/6.1; +http://ahrefs.com/robot/)" 
5.9.97.200 - - [22/Jun/2020:05:01:53 -0700] "GET /?q=%23indieweb&offset=130 HTTP/1.1" 200 12664 "-" "Mozilla/5.0 (compatible; MJ12bot/v1.4.8; http://mj12bot.com/)" 
173.212.242.224 - - [22/Jun/2020:05:01:57 -0700] "GET /content/all/?q=%23quill&offset=1 HTTP/1.1" 200 13226 "-" "Mozilla/5.0 (compatible; MJ12bot/v1.4.8; http://mj12bot.com/)" 
5.9.97.200 - - [22/Jun/2020:05:02:02 -0700] "GET /?q=%23indieweb&offset=132 HTTP/1.1" 200 12582 "-" "Mozilla/5.0 (compatible; MJ12bot/v1.4.8; http://mj12bot.com/)" 
54.162.232.108 - - [22/Jun/2020:05:02:03 -0700] "GET /?_t=rss HTTP/1.1" 200 7182 "-" "glitch-feeder/1.0 (+https://glitch.com/~lmo-feeder)" 
46.229.168.153 - - [22/Jun/2020:05:02:07 -0700] "GET /?offset=14&q=%23WithKnown HTTP/1.1" 200 12062 "-" "Mozilla/5.0 (compatible; SemrushBot/6~bl; +http://www.semrush.com/bot.html)" 
5.9.97.200 - - [22/Jun/2020:05:02:08 -0700] "GET /?q=%23indieweb&offset=134 HTTP/1.1" 200 12721 "-" "Mozilla/5.0 (compatible; MJ12bot/v1.4.8; http://mj12bot.com/)" 
5.9.97.200 - - [22/Jun/2020:05:02:17 -0700] "GET /?q=%23indieweb&offset=137 HTTP/1.1" 200 11252 "-" "Mozilla/5.0 (compatible; MJ12bot/v1.4.8; http://mj12bot.com/)" 
45.79.26.51 - - [22/Jun/2020:05:02:27 -0700] "GET /content/statusupdates/posts/photos/checkins/bookmarkedpages?_t=rss HTTP/1.1" 200 7422 "-" "Micro.blog/1.0" 
173.212.242.224 - - [22/Jun/2020:05:02:40 -0700] "GET /content/all/?q=%23quill&offset=1&_t=rss HTTP/1.1" 200 9321 "-" "Mozilla/5.0 (compatible; MJ12bot/v1.4.8; http://mj12bot.com/)" 
46.229.168.151 - - [22/Jun/2020:05:02:44 -0700] "GET /content/statusupdates/?q=%23%2B%23latteriastudio HTTP/1.1" 200 8342 "-" "Mozilla/5.0 (compatible; SemrushBot/6~bl; +http://www.semrush.com/bot.html)" 
5.9.97.200 - - [22/Jun/2020:05:02:52 -0700] "GET /?q=%23indieweb&offset=62 HTTP/1.1" 200 11758 "-" "Mozilla/5.0 (compatible; MJ12bot/v1.4.8; http://mj12bot.com/)" 
5.9.97.200 - - [22/Jun/2020:05:03:10 -0700] "GET /?q=%23indieweb&offset=72 HTTP/1.1" 200 12479 "-" "Mozilla/5.0 (compatible; MJ12bot/v1.4.8; http://mj12bot.com/)" 
5.9.97.200 - - [22/Jun/2020:05:03:21 -0700] "GET /?q=%23indieweb&offset=82 HTTP/1.1" 200 13806 "-" "Mozilla/5.0 (compatible; MJ12bot/v1.4.8; http://mj12bot.com/)" 
5.9.97.200 - - [22/Jun/2020:05:03:31 -0700] "GET /?q=%23indieweb&offset=87 HTTP/1.1" 200 15292 "-" "Mozilla/5.0 (compatible; MJ12bot/v1.4.8; http://mj12bot.com/)" 
173.212.242.224 - - [22/Jun/2020:05:03:31 -0700] "GET /content/all/?q=%23quill&offset=10&_t=rss HTTP/1.1" 200 6893 "-" "Mozilla/5.0 (compatible; MJ12bot/v1.4.8; http://mj12bot.com/)" 
5.9.97.200 - - [22/Jun/2020:05:03:34 -0700] "GET /?q=%23indieweb&offset=90 HTTP/1.1" 200 15526 "-" "Mozilla/5.0 (compatible; MJ12bot/v1.4.8; http://mj12bot.com/)" 
5.9.97.200 - - [22/Jun/2020:05:03:45 -0700] "GET /?q=%23indieweb&offset=92 HTTP/1.1" 200 15282 "-" "Mozilla/5.0 (compatible; MJ12bot/v1.4.8; http://mj12bot.com/)" 
5.9.97.200 - - [22/Jun/2020:05:03:57 -0700] "GET /?q=%23indieweb&offset=97 HTTP/1.1" 200 14556 "-" "Mozilla/5.0 (compatible; MJ12bot/v1.4.8; http://mj12bot.com/)" 
46.229.168.148 - - [22/Jun/2020:05:03:57 -0700] "GET /content/all/?q=%23podcast HTTP/1.1" 200 12345 "-" "Mozilla/5.0 (compatible; SemrushBot/6~bl; +http://www.semrush.com/bot.html)" 
157.55.39.4 - - [22/Jun/2020:05:03:58 -0700] "GET /2019/podcasts-are-not-radio-shows-or-at HTTP/1.1" 200 10995 "-" "Mozilla/5.0 (compatible; bingbot/2.0; +http://www.bing.com/bingbot.htm)" 
5.9.97.200 - - [22/Jun/2020:05:04:04 -0700] "GET /?q=%23indieweb&offset=98 HTTP/1.1" 200 14691 "-" "Mozilla/5.0 (compatible; MJ12bot/v1.4.8; http://mj12bot.com/)" 
5.9.97.200 - - [22/Jun/2020:05:04:07 -0700] "GET /?q=%23leaven&offset=0 HTTP/1.1" 200 12459 "-" "Mozilla/5.0 (compatible; MJ12bot/v1.4.8; http://mj12bot.com/)" 
5.9.97.200 - - [22/Jun/2020:05:04:10 -0700] "GET /?q=%23leaven&offset=10 HTTP/1.1" 200 8730 "-" "Mozilla/5.0 (compatible; MJ12bot/v1.4.8; http://mj12bot.com/)" 
173.212.242.224 - - [22/Jun/2020:05:04:10 -0700] "GET /content/all/?q=%23quill&offset=11 HTTP/1.1" 200 10508 "-" "Mozilla/5.0 (compatible; MJ12bot/v1.4.8; http://mj12bot.com/)" 
46.229.168.147 - - [22/Jun/2020:05:04:27 -0700] "GET /content/posts/?q=%23graingathering2017 HTTP/1.1" 200 8323 "-" "Mozilla/5.0 (compatible; SemrushBot/6~bl; +http://www.semrush.com/bot.html)" 
5.9.97.200 - - [22/Jun/2020:05:04:27 -0700] "GET /?q=%23photo&offset=0 HTTP/1.1" 200 12559 "-" "Mozilla/5.0 (compatible; MJ12bot/v1.4.8; http://mj12bot.com/)" 
46.229.168.139 - - [22/Jun/2020:05:04:28 -0700] "GET /content/all/?offset=102&q=%23indieweb HTTP/1.1" 200 14116 "-" "Mozilla/5.0 (compatible; SemrushBot/6~bl; +http://www.semrush.com/bot.html)" 
173.212.242.224 - - [22/Jun/2020:05:04:31 -0700] "GET /content/all/?q=%23quill&offset=11&_t=rss HTTP/1.1" 200 6760 "-" "Mozilla/5.0 (compatible; MJ12bot/v1.4.8; http://mj12bot.com/)" 
167.172.211.255 - - [22/Jun/2020:05:04:31 -0700] "GET /?_t=rss HTTP/1.1" 304 3495 "-" "Feedbin feed-id:1536727 - 1 subscribers" 
46.229.168.147 - - [22/Jun/2020:05:04:33 -0700] "GET /content/statusupdates/?offset=270 HTTP/1.1" 200 10957 "-" "Mozilla/5.0 (compatible; SemrushBot/6~bl; +http://www.semrush.com/bot.html)" 
5.9.97.200 - - [22/Jun/2020:05:04:35 -0700] "GET /?q=%23photo&offset=0&_t=rss HTTP/1.1" 200 8071 "-" "Mozilla/5.0 (compatible; MJ12bot/v1.4.8; http://mj12bot.com/)" 
5.9.97.200 - - [22/Jun/2020:05:04:41 -0700] "GET /?q=%23photo&offset=1 HTTP/1.1" 200 12244 "-" "Mozilla/5.0 (compatible; MJ12bot/v1.4.8; http://mj12bot.com/)" 
5.9.97.200 - - [22/Jun/2020:05:04:46 -0700] "GET /?q=%23photo&offset=10 HTTP/1.1" 200 13959 "-" "Mozilla/5.0 (compatible; MJ12bot/v1.4.8; http://mj12bot.com/)" 
5.9.97.200 - - [22/Jun/2020:05:04:52 -0700] "GET /?q=%23photo&offset=11 HTTP/1.1" 200 13582 "-" "Mozilla/5.0 (compatible; MJ12bot/v1.4.8; http://mj12bot.com/)" 
173.212.242.224 - - [22/Jun/2020:05:04:54 -0700] "GET /content/all/?q=%23quill&offset=12 HTTP/1.1" 200 10184 "-" "Mozilla/5.0 (compatible; MJ12bot/v1.4.8; http://mj12bot.com/)" 
5.9.97.200 - - [22/Jun/2020:05:05:05 -0700] "GET /?q=%23plumeria HTTP/1.1" 200 9398 "-" "Mozilla/5.0 (compatible; MJ12bot/v1.4.8; http://mj12bot.com/)" 
54.36.148.108 - - [22/Jun/2020:05:05:23 -0700] "GET /2019/the-ux-design-case-of-closed-captions-for-everyone HTTP/1.1" 200 9408 "-" "Mozilla/5.0 (compatible; AhrefsBot/6.1; +http://ahrefs.com/robot/)" 
173.212.242.224 - - [22/Jun/2020:05:05:36 -0700] "GET /content/all/?q=%23quill&offset=16 HTTP/1.1" 200 9018 "-" "Mozilla/5.0 (compatible; MJ12bot/v1.4.8; http://mj12bot.com/)" 
46.229.168.140 - - [22/Jun/2020:05:05:49 -0700] "GET /content/audio/?q=%23%2B%23174 HTTP/1.1" 200 8281 "-" "Mozilla/5.0 (compatible; SemrushBot/6~bl; +http://www.semrush.com/bot.html)" 
96.126.125.129 - - [22/Jun/2020:05:06:25 -0700] "GET /content/statusupdates/posts/photos/checkins/bookmarkedpages?_t=rss HTTP/1.1" 200 7427 "-" "Micro.blog/1.0" 
173.212.242.224 - - [22/Jun/2020:05:06:25 -0700] "GET /content/all/?q=%23quill&offset=6 HTTP/1.1" 200 11535 "-" "Mozilla/5.0 (compatible; MJ12bot/v1.4.8; http://mj12bot.com/)" 
173.212.242.224 - - [22/Jun/2020:05:07:09 -0700] "GET /content/all/?q=%23quill&offset=7 HTTP/1.1" 200 11699 "-" "Mozilla/5.0 (compatible; MJ12bot/v1.4.8; http://mj12bot.com/)" 
54.36.148.203 - - [22/Jun/2020:05:07:12 -0700] "GET /content/audio/?q=%23IndieWeb HTTP/1.1" 200 8309 "-" "Mozilla/5.0 (compatible; AhrefsBot/6.1; +http://ahrefs.com/robot/)" 
46.229.168.147 - - [22/Jun/2020:05:07:32 -0700] "GET /tag/indieweb?offset=85 HTTP/1.1" 200 14022 "-" "Mozilla/5.0 (compatible; SemrushBot/6~bl; +http://www.semrush.com/bot.html)" 
173.212.242.224 - - [22/Jun/2020:05:08:05 -0700] "GET /content/all/?q=%23realbreadweek HTTP/1.1" 200 9324 "-" "Mozilla/5.0 (compatible; MJ12bot/v1.4.8; http://mj12bot.com/)" 
66.249.92.45 - - [22/Jun/2020:05:08:16 -0700] "GET /2018/whats-the-problem HTTP/1.1" 200 11200 "-" "Mozilla/5.0 (compatible; GoogleDocs; apps-spreadsheets; +http://docs.google.com)" 
207.46.13.166 - - [22/Jun/2020:05:08:20 -0700] "GET /2017/working-my-way-through-chris-aldrichs-guide-to-bringing-twitter HTTP/1.1" 200 10285 "-" "Mozilla/5.0 (compatible; bingbot/2.0; +http://www.bing.com/bingbot.htm)" 
46.229.168.136 - - [22/Jun/2020:05:08:28 -0700] "GET /?offset=80&q=%23%2B%23%23bread HTTP/1.1" 200 11485 "-" "Mozilla/5.0 (compatible; SemrushBot/6~bl; +http://www.semrush.com/bot.html)" 
173.212.242.224 - - [22/Jun/2020:05:08:42 -0700] "GET /content/all/?q=%23sourdough&offset=12 HTTP/1.1" 200 12074 "-" "Mozilla/5.0 (compatible; MJ12bot/v1.4.8; http://mj12bot.com/)" 
54.36.148.61 - - [22/Jun/2020:05:08:54 -0700] "GET /content/events/?q=%23IndieWeb HTTP/1.1" 200 8311 "-" "Mozilla/5.0 (compatible; AhrefsBot/6.1; +http://ahrefs.com/robot/)" 
46.229.168.151 - - [22/Jun/2020:05:09:03 -0700] "GET /content/all/?offset=53&q=%23%2B%23podcast HTTP/1.1" 200 10439 "-" "Mozilla/5.0 (compatible; SemrushBot/6~bl; +http://www.semrush.com/bot.html)" 
66.249.66.48 - - [22/Jun/2020:05:09:15 -0700] "GET /robots.txt HTTP/1.1" 200 4881 "-" "Mozilla/5.0 (compatible; Googlebot/2.1; +http://www.google.com/bot.html)" 
66.249.66.52 - - [22/Jun/2020:05:09:15 -0700] "GET /service/web/unfurl/?url=https%3A%2F%2Fthreader.app%2Fthread%2F1044577825091514368.&__bTk=f33091aa37b5a26a21a6e2f0ff127b8fade124cff31edf11df3ba76a61149115&__bTs=1591235031 HTTP/1.1" 403 4967 "https://www.stream.jeremycherfas.net/content/all/?q=%23+%23bread&offset=20" "Mozilla/5.0 (Linux; Android 6.0.1; Nexus 5X Build/MMB29P) AppleWebKit/537.36 (KHTML, like Gecko) Chrome/83.0.4103.108 Mobile Safari/537.36 (compatible; Googlebot/2.1; +http://www.google.com/bot.html)" 
173.212.242.224 - - [22/Jun/2020:05:09:17 -0700] "GET /content/all/?q=%23sourdough&offset=19 HTTP/1.1" 200 11602 "-" "Mozilla/5.0 (compatible; MJ12bot/v1.4.8; http://mj12bot.com/)" 
173.212.242.224 - - [22/Jun/2020:05:09:27 -0700] "GET /content/all/?q=%23sourdough&offset=2 HTTP/1.1" 200 11751 "-" "Mozilla/5.0 (compatible; MJ12bot/v1.4.8; http://mj12bot.com/)" 
173.212.242.224 - - [22/Jun/2020:05:09:49 -0700] "GET /content/all/?q=%23sourdough&offset=22 HTTP/1.1" 200 11640 "-" "Mozilla/5.0 (compatible; MJ12bot/v1.4.8; http://mj12bot.com/)" 
46.229.168.139 - - [22/Jun/2020:05:09:57 -0700] "GET /content/locations/?q=%23micromonday HTTP/1.1" 200 8316 "-" "Mozilla/5.0 (compatible; SemrushBot/6~bl; +http://www.semrush.com/bot.html)" 
173.212.242.224 - - [22/Jun/2020:05:10:09 -0700] "GET /content/all/?q=%23sourdough&offset=29 HTTP/1.1" 200 11306 "-" "Mozilla/5.0 (compatible; MJ12bot/v1.4.8; http://mj12bot.com/)" 
173.212.242.224 - - [22/Jun/2020:05:10:27 -0700] "GET /content/all/?q=%23sourdough&offset=32 HTTP/1.1" 200 11255 "-" "Mozilla/5.0 (compatible; MJ12bot/v1.4.8; http://mj12bot.com/)" 
54.36.148.59 - - [22/Jun/2020:05:10:37 -0700] "GET /content/locations/?q=%23IndieWeb HTTP/1.1" 200 8317 "-" "Mozilla/5.0 (compatible; AhrefsBot/6.1; +http://ahrefs.com/robot/)" 
173.212.242.224 - - [22/Jun/2020:05:10:46 -0700] "GET /content/all/?q=%23sourdough&offset=35 HTTP/1.1" 200 11193 "-" "Mozilla/5.0 (compatible; MJ12bot/v1.4.8; http://mj12bot.com/)" 
173.212.242.224 - - [22/Jun/2020:05:10:59 -0700] "GET /content/all/?q=%23sourdough&offset=42 HTTP/1.1" 200 11462 "-" "Mozilla/5.0 (compatible; MJ12bot/v1.4.8; http://mj12bot.com/)" 
46.229.168.143 - - [22/Jun/2020:05:11:01 -0700] "GET /content/photos/?q=%23marmalade HTTP/1.1" 200 10123 "-" "Mozilla/5.0 (compatible; SemrushBot/6~bl; +http://www.semrush.com/bot.html)" 
173.212.242.224 - - [22/Jun/2020:05:11:18 -0700] "GET /content/all/?q=%23sourdough&offset=45 HTTP/1.1" 200 11564 "-" "Mozilla/5.0 (compatible; MJ12bot/v1.4.8; http://mj12bot.com/)" 
46.229.168.133 - - [22/Jun/2020:05:11:22 -0700] "GET /content/photos?offset=10 HTTP/1.1" 200 10772 "-" "Mozilla/5.0 (compatible; SemrushBot/6~bl; +http://www.semrush.com/bot.html)" 
173.212.242.224 - - [22/Jun/2020:05:11:41 -0700] "GET /content/all/?q=%23sourdough&offset=5 HTTP/1.1" 200 12379 "-" "Mozilla/5.0 (compatible; MJ12bot/v1.4.8; http://mj12bot.com/)" 
173.212.242.224 - - [22/Jun/2020:05:12:03 -0700] "GET /content/all/?q=%23sourdough&offset=52 HTTP/1.1" 200 9865 "-" "Mozilla/5.0 (compatible; MJ12bot/v1.4.8; http://mj12bot.com/)" 
96.126.125.129 - - [22/Jun/2020:05:12:07 -0700] "GET /content/statusupdates/posts/photos/checkins/bookmarkedpages?_t=rss HTTP/1.1" 200 7427 "-" "Micro.blog/1.0" 
54.36.148.131 - - [22/Jun/2020:05:12:15 -0700] "GET /2018/we-have-had-an-extensive-discussion-today-in-irc-indieweb-dev HTTP/1.1" 200 9508 "-" "Mozilla/5.0 (compatible; AhrefsBot/6.1; +http://ahrefs.com/robot/)" 
173.212.242.224 - - [22/Jun/2020:05:12:24 -0700] "GET /content/all/?q=%23sourdough&offset=9 HTTP/1.1" 200 12212 "-" "Mozilla/5.0 (compatible; MJ12bot/v1.4.8; http://mj12bot.com/)" 
173.212.242.224 - - [22/Jun/2020:05:12:52 -0700] "GET /content/all/?q=%23trypod HTTP/1.1" 200 9309 "-" "Mozilla/5.0 (compatible; MJ12bot/v1.4.8; http://mj12bot.com/)" 
64.111.100.215 - - [22/Jun/2020:05:13:07 -0700] "GET /content/all?_t=rss HTTP/1.1" 200 13896 "-" "Mozilla/5.0 (X11; U; Linux i686; fr; rv:1.9.1.1) Gecko/20090715 Firefox/3.5.1" 
173.212.242.224 - - [22/Jun/2020:05:13:18 -0700] "GET /content/all/?q=%23webmention&offset=0 HTTP/1.1" 200 13542 "-" "Mozilla/5.0 (compatible; MJ12bot/v1.4.8; http://mj12bot.com/)" 
173.212.242.224 - - [22/Jun/2020:05:13:50 -0700] "GET /content/all/?q=%23webmention&offset=9 HTTP/1.1" 200 9272 "-" "Mozilla/5.0 (compatible; MJ12bot/v1.4.8; http://mj12bot.com/)" 
173.212.242.224 - - [22/Jun/2020:05:14:05 -0700] "GET /content/audio/?offset=0 HTTP/1.1" 200 9874 "-" "Mozilla/5.0 (compatible; MJ12bot/v1.4.8; http://mj12bot.com/)" 
173.212.242.224 - - [22/Jun/2020:05:14:16 -0700] "GET /content/audio/?offset=0&_t=rss HTTP/1.1" 200 5905 "-" "Mozilla/5.0 (compatible; MJ12bot/v1.4.8; http://mj12bot.com/)" 
66.249.66.44 - - [22/Jun/2020:05:14:23 -0700] "GET /robots.txt HTTP/1.1" 200 4857 "-" "Mozilla/5.0 (compatible; Googlebot/2.1; +http://www.google.com/bot.html)" 
66.249.66.48 - - [22/Jun/2020:05:14:23 -0700] "GET /service/web/unfurl/?url=https%3A%2F%2Fwww.cgdev.org%2Fblog%2F12-things-we-can-agree-about-global-poverty&__bTk=d87e04dab4fdfc962ede8b0b58de731acf971afb76eec2a72562b0166c5cf83b&__bTs=1590692933 HTTP/1.1" 403 4965 "https://stream.jeremycherfas.net/content/all?_t=amp&offset=940" "Mozilla/5.0 (Linux; Android 6.0.1; Nexus 5X Build/MMB29P) AppleWebKit/537.36 (KHTML, like Gecko) Chrome/83.0.4103.108 Mobile Safari/537.36 (compatible; Googlebot/2.1; +http://www.google.com/bot.html)" 
66.249.66.48 - - [22/Jun/2020:05:14:24 -0700] "GET /service/web/unfurl/?url=https%3A%2F%2Fwww.absw.org.uk%2Fmember-offers-services-and-opportunities%2Fauthory-build-your-article-archive-45-off-for-absw-members&__bTk=d87e04dab4fdfc962ede8b0b58de731acf971afb76eec2a72562b0166c5cf83b&__bTs=1590692933 HTTP/1.1" 403 1346 "https://stream.jeremycherfas.net/content/all?_t=amp&offset=940" "Mozilla/5.0 (Linux; Android 6.0.1; Nexus 5X Build/MMB29P) AppleWebKit/537.36 (KHTML, like Gecko) Chrome/83.0.4103.108 Mobile Safari/537.36 (compatible; Googlebot/2.1; +http://www.google.com/bot.html)" 
66.249.66.46 - - [22/Jun/2020:05:14:24 -0700] "GET /service/web/unfurl/?url=https%3A%2F%2Fquillette.com%2F2018%2F09%2F25%2Fforget-nature-versus-nurture-nature-has-won%2F&__bTk=d87e04dab4fdfc962ede8b0b58de731acf971afb76eec2a72562b0166c5cf83b&__bTs=1590692933 HTTP/1.1" 403 4978 "https://stream.jeremycherfas.net/content/all?_t=amp&offset=940" "Mozilla/5.0 (Linux; Android 6.0.1; Nexus 5X Build/MMB29P) AppleWebKit/537.36 (KHTML, like Gecko) Chrome/83.0.4103.108 Mobile Safari/537.36 (compatible; Googlebot/2.1; +http://www.google.com/bot.html)" 
157.55.39.4 - - [22/Jun/2020:05:14:25 -0700] "GET /2018/2018-08-31 HTTP/1.1" 200 10154 "-" "Mozilla/5.0 (compatible; bingbot/2.0; +http://www.bing.com/bingbot.htm)" 
46.229.168.148 - - [22/Jun/2020:05:14:25 -0700] "GET /2019/episodebeneath-the-ballpark-now-to-listen-to-chavez-ravine HTTP/1.1" 200 9345 "-" "Mozilla/5.0 (compatible; SemrushBot/6~bl; +http://www.semrush.com/bot.html)" 
173.212.242.224 - - [22/Jun/2020:05:14:35 -0700] "GET /content/audio/?offset=30 HTTP/1.1" 200 7626 "-" "Mozilla/5.0 (compatible; MJ12bot/v1.4.8; http://mj12bot.com/)" 
173.212.242.224 - - [22/Jun/2020:05:14:49 -0700] "GET /content/audio/?offset=50 HTTP/1.1" 200 7626 "-" "Mozilla/5.0 (compatible; MJ12bot/v1.4.8; http://mj12bot.com/)" 
46.229.168.130 - - [22/Jun/2020:05:15:03 -0700] "GET /?offset=139&q=%23Indieweb HTTP/1.1" 200 10487 "-" "Mozilla/5.0 (compatible; SemrushBot/6~bl; +http://www.semrush.com/bot.html)" 
173.212.242.224 - - [22/Jun/2020:05:15:14 -0700] "GET /tag/WithKnown?_t=rss HTTP/1.1" 200 9738 "-" "Mozilla/5.0 (compatible; MJ12bot/v1.4.8; http://mj12bot.com/)" 
46.229.168.137 - - [22/Jun/2020:05:15:19 -0700] "GET /content/all/?offset=9&q=%23%2B%23photo HTTP/1.1" 200 14324 "-" "Mozilla/5.0 (compatible; SemrushBot/6~bl; +http://www.semrush.com/bot.html)" 
46.229.168.151 - - [22/Jun/2020:05:15:22 -0700] "GET /2019/-5 HTTP/1.1" 200 9462 "-" "Mozilla/5.0 (compatible; SemrushBot/6~bl; +http://www.semrush.com/bot.html)" 
54.36.148.114 - - [22/Jun/2020:05:15:36 -0700] "GET /content/all/ HTTP/1.1" 200 11745 "-" "Mozilla/5.0 (compatible; AhrefsBot/6.1; +http://ahrefs.com/robot/)" 
46.229.168.139 - - [22/Jun/2020:05:16:08 -0700] "GET /2020/chicken-skin-music-is-truly-balm-for HTTP/1.1" 200 9715 "-" "Mozilla/5.0 (compatible; SemrushBot/6~bl; +http://www.semrush.com/bot.html)" 
173.212.242.224 - - [22/Jun/2020:05:16:09 -0700] "GET /tag/WithKnown?offset=10 HTTP/1.1" 200 11586 "-" "Mozilla/5.0 (compatible; MJ12bot/v1.4.8; http://mj12bot.com/)" 
173.212.242.224 - - [22/Jun/2020:05:16:31 -0700] "GET /tag/WithKnown?offset=20 HTTP/1.1" 200 12364 "-" "Mozilla/5.0 (compatible; MJ12bot/v1.4.8; http://mj12bot.com/)" 
46.229.168.146 - - [22/Jun/2020:05:16:33 -0700] "GET /2020/checked-into-somewhere-near HTTP/1.1" 200 9503 "-" "Mozilla/5.0 (compatible; SemrushBot/6~bl; +http://www.semrush.com/bot.html)" 
45.79.26.51 - - [22/Jun/2020:05:16:43 -0700] "GET /content/statusupdates/posts/photos/checkins/bookmarkedpages?_t=rss HTTP/1.1" 200 7422 "-" "Micro.blog/1.0" 
66.249.66.48 - - [22/Jun/2020:05:17:14 -0700] "GET /view/6b5fddc7f7ad737b1bdf003cef52f929 HTTP/1.1" 200 12184 "-" "Mozilla/5.0 (Linux; Android 6.0.1; Nexus 5X Build/MMB29P) AppleWebKit/537.36 (KHTML, like Gecko) Chrome/80.0.3987.92 Mobile Safari/537.36 (compatible; Googlebot/2.1; +http://www.google.com/bot.html)" 
40.77.167.169 - - [22/Jun/2020:05:17:17 -0700] "GET /2018/liquid-author-looks-like-an-interesting HTTP/1.1" 200 9996 "-" "Mozilla/5.0 (compatible; bingbot/2.0; +http://www.bing.com/bingbot.htm)" 
173.212.242.224 - - [22/Jun/2020:05:18:05 -0700] "GET /tag/indieweb?offset=0 HTTP/1.1" 200 14744 "-" "Mozilla/5.0 (compatible; MJ12bot/v1.4.8; http://mj12bot.com/)" 
173.212.242.224 - - [22/Jun/2020:05:18:22 -0700] "GET /tag/indieweb?offset=10 HTTP/1.1" 200 11562 "-" "Mozilla/5.0 (compatible; MJ12bot/v1.4.8; http://mj12bot.com/)" 
173.212.242.224 - - [22/Jun/2020:05:18:33 -0700] "GET /robots.txt HTTP/1.1" 200 4312 "-" "Mozilla/5.0 (compatible; MJ12bot/v1.4.8; http://mj12bot.com/)" 
46.229.168.161 - - [22/Jun/2020:05:18:39 -0700] "GET /content/statusupdates/?q=%23food HTTP/1.1" 200 9142 "-" "Mozilla/5.0 (compatible; SemrushBot/6~bl; +http://www.semrush.com/bot.html)" 
173.212.242.224 - - [22/Jun/2020:05:18:52 -0700] "GET /2019/-5?_t=rss HTTP/1.1" 200 5298 "-" "Mozilla/5.0 (compatible; MJ12bot/v1.4.8; http://mj12bot.com/)" 
173.212.242.224 - - [22/Jun/2020:05:19:10 -0700] "GET /2019/a-brief-history-of-the-walking-simulator-gamings-most-detested?_t=rss HTTP/1.1" 200 5427 "-" "Mozilla/5.0 (compatible; MJ12bot/v1.4.8; http://mj12bot.com/)" 
173.212.242.224 - - [22/Jun/2020:05:19:22 -0700] "GET /2019/a-couple-of-plump-little-kalonji-sourdough-beauties-that-have?_t=rss HTTP/1.1" 200 5437 "-" "Mozilla/5.0 (compatible; MJ12bot/v1.4.8; http://mj12bot.com/)" 
173.212.242.224 - - [22/Jun/2020:05:19:34 -0700] "GET /2019/a-experiment-using-softer-flour-rather-than-manitoba-in-my?_t=rss HTTP/1.1" 200 5577 "-" "Mozilla/5.0 (compatible; MJ12bot/v1.4.8; http://mj12bot.com/)" 
173.212.242.224 - - [22/Jun/2020:05:19:51 -0700] "GET /2019/a-feed-reader-that-offers-control-over HTTP/1.1" 200 9993 "-" "Mozilla/5.0 (compatible; MJ12bot/v1.4.8; http://mj12bot.com/)" 
46.229.168.132 - - [22/Jun/2020:05:19:52 -0700] "GET /content/photos/?offset=190 HTTP/1.1" 200 11691 "-" "Mozilla/5.0 (compatible; SemrushBot/6~bl; +http://www.semrush.com/bot.html)" 
46.229.168.162 - - [22/Jun/2020:05:19:58 -0700] "GET /content/photos/?q=%23podcasting HTTP/1.1" 200 9108 "-" "Mozilla/5.0 (compatible; SemrushBot/6~bl; +http://www.semrush.com/bot.html)" 
173.212.242.224 - - [22/Jun/2020:05:20:09 -0700] "GET /2019/a-quick-reminder-that-if-you-are-subscribed-to-eat?_t=rss HTTP/1.1" 200 5498 "-" "Mozilla/5.0 (compatible; MJ12bot/v1.4.8; http://mj12bot.com/)" 
46.229.168.150 - - [22/Jun/2020:05:20:11 -0700] "GET /content/events/?q=%23sourdough HTTP/1.1" 200 8280 "-" "Mozilla/5.0 (compatible; SemrushBot/6~bl; +http://www.semrush.com/bot.html)" 
173.212.242.224 - - [22/Jun/2020:05:20:24 -0700] "GET /2019/a-week-with-no-tear-gas-idle-words?_t=rss HTTP/1.1" 200 5295 "-" "Mozilla/5.0 (compatible; MJ12bot/v1.4.8; http://mj12bot.com/)" 
107.178.232.165 - - [22/Jun/2020:05:20:25 -0700] "HEAD /2020/very-happy-with-the-service-from-widefitshoes HTTP/1.1" 200 4349 "-" "Bridgy (https://brid.gy/about)" 
173.212.242.224 - - [22/Jun/2020:05:20:43 -0700] "GET /2019/a-year-complete?_t=rss HTTP/1.1" 200 5071 "-" "Mozilla/5.0 (compatible; MJ12bot/v1.4.8; http://mj12bot.com/)" 
46.229.168.130 - - [22/Jun/2020:05:20:43 -0700] "GET /2019/just-sent-an-email-to-the-lucky-winner-of-50 HTTP/1.1" 200 9645 "-" "Mozilla/5.0 (compatible; SemrushBot/6~bl; +http://www.semrush.com/bot.html)" 
173.212.242.224 - - [22/Jun/2020:05:20:54 -0700] "GET /2019/absolutely-we-need-more-and-better-tools HTTP/1.1" 200 10122 "-" "Mozilla/5.0 (compatible; MJ12bot/v1.4.8; http://mj12bot.com/)" 
207.5.160.195 - - [22/Jun/2020:05:20:57 -0700] "GET /robots.txt HTTP/1.0" 200 4382 "-" "WF search/Nutch-1.12" 
207.5.160.195 - - [22/Jun/2020:05:20:58 -0700] "GET /content/locations/ HTTP/1.0" 200 11645 "-" "WF search/Nutch-1.12" 
46.229.168.154 - - [22/Jun/2020:05:20:59 -0700] "GET /content/all/?offset=140 HTTP/1.1" 200 11157 "-" "Mozilla/5.0 (compatible; SemrushBot/6~bl; +http://www.semrush.com/bot.html)" 
173.212.242.224 - - [22/Jun/2020:05:21:04 -0700] "GET /2019/adactio-journalpassengers-log-queen-mary-2-august-2019?_t=rss HTTP/1.1" 200 5101 "-" "Mozilla/5.0 (compatible; MJ12bot/v1.4.8; http://mj12bot.com/)" 
173.212.242.224 - - [22/Jun/2020:05:21:14 -0700] "GET /2019/after-the-perfect-picture-what?_t=rss HTTP/1.1" 200 5100 "-" "Mozilla/5.0 (compatible; MJ12bot/v1.4.8; http://mj12bot.com/)" 
173.212.242.224 - - [22/Jun/2020:05:21:26 -0700] "GET /2019/alas-the-link-to-the-quotreally-powerful?_t=rss HTTP/1.1" 200 5103 "-" "Mozilla/5.0 (compatible; MJ12bot/v1.4.8; http://mj12bot.com/)" 
173.212.242.224 - - [22/Jun/2020:05:21:46 -0700] "GET /2019/all-podcasts-are-shows-not-all-shows-are-podcasts?_t=rss HTTP/1.1" 200 5270 "-" "Mozilla/5.0 (compatible; MJ12bot/v1.4.8; http://mj12bot.com/)" 
173.212.242.224 - - [22/Jun/2020:05:21:59 -0700] "GET /2019/almost-forgot-to-share-this-perfect-start-to-sourdough-september?_t=rss HTTP/1.1" 200 5433 "-" "Mozilla/5.0 (compatible; MJ12bot/v1.4.8; http://mj12bot.com/)" 
173.212.242.224 - - [22/Jun/2020:05:22:17 -0700] "GET /2019/an-afternoon-with-the-stars-eminchilli-helping-pastagrannies-to-promote?_t=rss HTTP/1.1" 200 5436 "-" "Mozilla/5.0 (compatible; MJ12bot/v1.4.8; http://mj12bot.com/)" 
173.212.242.224 - - [22/Jun/2020:05:22:38 -0700] "GET /2019/an-unpopular-confession-the-enlightened-economist?_t=rss HTTP/1.1" 200 5140 "-" "Mozilla/5.0 (compatible; MJ12bot/v1.4.8; http://mj12bot.com/)" 
46.229.168.133 - - [22/Jun/2020:05:22:40 -0700] "GET /content/all/?offset=80&q=%23Indieweb HTTP/1.1" 200 13730 "-" "Mozilla/5.0 (compatible; SemrushBot/6~bl; +http://www.semrush.com/bot.html)" 
46.229.168.162 - - [22/Jun/2020:05:22:54 -0700] "GET /content/photos?offset=60 HTTP/1.1" 200 11498 "-" "Mozilla/5.0 (compatible; SemrushBot/6~bl; +http://www.semrush.com/bot.html)" 
173.212.242.224 - - [22/Jun/2020:05:22:55 -0700] "GET /2019/and-a-very-happy-st-patricks-day-to-you-too?_t=rss HTTP/1.1" 200 5378 "-" "Mozilla/5.0 (compatible; MJ12bot/v1.4.8; http://mj12bot.com/)" 
40.77.167.169 - - [22/Jun/2020:05:22:56 -0700] "GET /2019/last-nights-tripe-rather-good HTTP/1.1" 200 12697 "-" "Mozilla/5.0 (compatible; bingbot/2.0; +http://www.bing.com/bingbot.htm)" 
173.212.242.224 - - [22/Jun/2020:05:23:11 -0700] "GET /2019/another-fine-weekend-comes-to-a-close?_t=rss HTTP/1.1" 200 5340 "-" "Mozilla/5.0 (compatible; MJ12bot/v1.4.8; http://mj12bot.com/)" 
173.212.242.224 - - [22/Jun/2020:05:23:22 -0700] "GET /2019/at-this-stage-looks-are-unimportant-scalding-some-rye-with?_t=rss HTTP/1.1" 200 5444 "-" "Mozilla/5.0 (compatible; MJ12bot/v1.4.8; http://mj12bot.com/)" 
173.212.242.224 - - [22/Jun/2020:05:23:32 -0700] "GET /2019/because-it-is-an-inescapable-law-of HTTP/1.1" 200 9876 "-" "Mozilla/5.0 (compatible; MJ12bot/v1.4.8; http://mj12bot.com/)" 
66.249.66.44 - - [22/Jun/2020:05:23:33 -0700] "GET /?offset=1035 HTTP/1.1" 200 11684 "-" "Mozilla/5.0 (compatible; Googlebot/2.1; +http://www.google.com/bot.html)" 
66.249.66.46 - - [22/Jun/2020:05:23:36 -0700] "GET /service/web/unfurl/?url=https%3A%2F%2Fdavidsimon.com%2Fa-fuckbonnet-for-our-time%2F&__bTk=69943e220605fd513a07276546916b3a5e7ac0f9fd9803c54ba60d198a8dbd2b&__bTs=1591488000 HTTP/1.1" 403 4944 "https://stream.jeremycherfas.net/?offset=1035" "Mozilla/5.0 AppleWebKit/537.36 (KHTML, like Gecko; compatible; Googlebot/2.1; +http://www.google.com/bot.html) Chrome/83.0.4103.108 Safari/537.36" 
66.249.66.44 - - [22/Jun/2020:05:23:36 -0700] "GET /service/web/unfurl/?url=https%3A%2F%2Fopen.spotify.com%2Ftrack%2F4t2efW7DxJCeSDfW8ah2xY%3Fsi%3DGAPclbvoS_6bblmoCcEsTg&__bTk=69943e220605fd513a07276546916b3a5e7ac0f9fd9803c54ba60d198a8dbd2b&__bTs=1591488000 HTTP/1.1" 403 4978 "https://stream.jeremycherfas.net/?offset=1035" "Mozilla/5.0 AppleWebKit/537.36 (KHTML, like Gecko; compatible; Googlebot/2.1; +http://www.google.com/bot.html) Chrome/83.0.4103.108 Safari/537.36" 
66.249.66.44 - - [22/Jun/2020:05:23:37 -0700] "GET /service/web/unfurl/?url=https%3A%2F%2Fdavidsimon.com%2Fa-fuckbonnet-for-our-time%2F&__bTk=69943e220605fd513a07276546916b3a5e7ac0f9fd9803c54ba60d198a8dbd2b&__bTs=1591887856 HTTP/1.1" 403 1272 "https://stream.jeremycherfas.net/?offset=1035" "Mozilla/5.0 AppleWebKit/537.36 (KHTML, like Gecko; compatible; Googlebot/2.1; +http://www.google.com/bot.html) Chrome/83.0.4103.108 Safari/537.36" 
66.249.66.46 - - [22/Jun/2020:05:23:37 -0700] "GET /service/web/unfurl/?url=https%3A%2F%2Fopen.spotify.com%2Ftrack%2F4t2efW7DxJCeSDfW8ah2xY%3Fsi%3DGAPclbvoS_6bblmoCcEsTg&__bTk=69943e220605fd513a07276546916b3a5e7ac0f9fd9803c54ba60d198a8dbd2b&__bTs=1591887856 HTTP/1.1" 403 4978 "https://stream.jeremycherfas.net/?offset=1035" "Mozilla/5.0 AppleWebKit/537.36 (KHTML, like Gecko; compatible; Googlebot/2.1; +http://www.google.com/bot.html) Chrome/83.0.4103.108 Safari/537.36" 
173.212.242.224 - - [22/Jun/2020:05:23:44 -0700] "GET /2019/big-bake-part-ii-golden-raisin-bread-47kg-the-raisins?_t=rss HTTP/1.1" 200 5406 "-" "Mozilla/5.0 (compatible; MJ12bot/v1.4.8; http://mj12bot.com/)" 
173.212.242.224 - - [22/Jun/2020:05:24:03 -0700] "GET /2019/blogging-in-2018-a-trend-on-the-wane?_t=rss HTTP/1.1" 200 5266 "-" "Mozilla/5.0 (compatible; MJ12bot/v1.4.8; http://mj12bot.com/)" 
45.79.26.51 - - [22/Jun/2020:05:24:06 -0700] "GET /content/statusupdates/posts/photos/checkins/bookmarkedpages?_t=rss HTTP/1.1" 200 7422 "-" "Micro.blog/1.0" 
173.230.155.197 - - [22/Jun/2020:05:24:09 -0700] "GET / HTTP/1.1" 200 56467 "-" "Mozilla/5.0 (Macintosh; Intel Mac OS X 10_12_1) AppleWebKit/537.36 (KHTML, like Gecko) Chrome/57.0.2987.133 Safari/537.36 p3k-http/0.1.5 p3k-watchtower/0.1" 
173.212.242.224 - - [22/Jun/2020:05:24:19 -0700] "GET /2019/bought-the-anker-vertical-mouse-upgraded-better-touch-tool-all?_t=rss HTTP/1.1" 200 5450 "-" "Mozilla/5.0 (compatible; MJ12bot/v1.4.8; http://mj12bot.com/)" 
173.212.242.224 - - [22/Jun/2020:05:24:34 -0700] "GET /2019/but-im-not-a-lawyer-im-an-agent?_t=rss HTTP/1.1" 200 5174 "-" "Mozilla/5.0 (compatible; MJ12bot/v1.4.8; http://mj12bot.com/)" 
54.36.148.201 - - [22/Jun/2020:05:24:35 -0700] "GET /2019/this-is-a-test-reply-from-omnibear HTTP/1.1" 200 9758 "-" "Mozilla/5.0 (compatible; AhrefsBot/6.1; +http://ahrefs.com/robot/)" 
40.77.167.148 - - [22/Jun/2020:05:24:42 -0700] "GET /2018/absolutely-correct-the-people-are-eager-and HTTP/1.1" 200 10622 "-" "Mozilla/5.0 (compatible; bingbot/2.0; +http://www.bing.com/bingbot.htm)" 
173.212.242.224 - - [22/Jun/2020:05:24:48 -0700] "GET /2019/challenges-of-designing-the-roud-folk-song-index-webcast-library?_t=rss HTTP/1.1" 200 5329 "-" "Mozilla/5.0 (compatible; MJ12bot/v1.4.8; http://mj12bot.com/)" 
157.55.39.4 - - [22/Jun/2020:05:24:55 -0700] "GET /2017/probably-something-to-do-with-food-learning HTTP/1.1" 200 10519 "-" "Mozilla/5.0 (compatible; bingbot/2.0; +http://www.bing.com/bingbot.htm)" 
173.212.242.224 - - [22/Jun/2020:05:25:06 -0700] "GET /2019/checked-into-american-academy-in-rome-1 HTTP/1.1" 200 9551 "-" "Mozilla/5.0 (compatible; MJ12bot/v1.4.8; http://mj12bot.com/)" 
46.229.168.150 - - [22/Jun/2020:05:25:24 -0700] "GET /2018/it-occurs-to-me-that-people-here-might-be-interested HTTP/1.1" 200 11088 "-" "Mozilla/5.0 (compatible; SemrushBot/6~bl; +http://www.semrush.com/bot.html)" 
173.212.242.224 - - [22/Jun/2020:05:25:54 -0700] "GET /2019/cheris-blog---one-weird-tip-for-losing-belly-fat?_t=rss HTTP/1.1" 200 5355 "-" "Mozilla/5.0 (compatible; MJ12bot/v1.4.8; http://mj12bot.com/)" 
46.229.168.143 - - [22/Jun/2020:05:26:04 -0700] "GET /?offset=56&q=%23%2B%23indieweb HTTP/1.1" 200 12986 "-" "Mozilla/5.0 (compatible; SemrushBot/6~bl; +http://www.semrush.com/bot.html)" 
173.212.242.224 - - [22/Jun/2020:05:26:07 -0700] "GET /2019/chris-aldrichs-clever-solution-for-not-drawing HTTP/1.1" 200 9487 "-" "Mozilla/5.0 (compatible; MJ12bot/v1.4.8; http://mj12bot.com/)" 
173.212.242.224 - - [22/Jun/2020:05:26:20 -0700] "GET /2019/chris-i-dont-know-what-got-you HTTP/1.1" 200 9892 "-" "Mozilla/5.0 (compatible; MJ12bot/v1.4.8; http://mj12bot.com/)" 
173.212.242.224 - - [22/Jun/2020:05:26:30 -0700] "GET /2019/coming-along-nicely-1?_t=rss HTTP/1.1" 200 5302 "-" "Mozilla/5.0 (compatible; MJ12bot/v1.4.8; http://mj12bot.com/)" 
173.212.242.224 - - [22/Jun/2020:05:26:44 -0700] "GET /2019/culture-day?_t=rss HTTP/1.1" 200 5280 "-" "Mozilla/5.0 (compatible; MJ12bot/v1.4.8; http://mj12bot.com/)" 
46.229.168.132 - - [22/Jun/2020:05:26:48 -0700] "GET /content/all/?offset=87&q=%23%2B%23%23indieweb HTTP/1.1" 200 15574 "-" "Mozilla/5.0 (compatible; SemrushBot/6~bl; +http://www.semrush.com/bot.html)" 
173.212.242.224 - - [22/Jun/2020:05:27:01 -0700] "GET /2019/currently-reading-50-ways-to-cook-a?_t=rss HTTP/1.1" 200 5279 "-" "Mozilla/5.0 (compatible; MJ12bot/v1.4.8; http://mj12bot.com/)" 
173.212.242.224 - - [22/Jun/2020:05:27:36 -0700] "GET /2019/daring-fireball-correction-regarding-an-erroneous-allegation-in-richard-stallmans?_t=rss HTTP/1.1" 200 5328 "-" "Mozilla/5.0 (compatible; MJ12bot/v1.4.8; http://mj12bot.com/)" 
173.212.242.224 - - [22/Jun/2020:05:27:44 -0700] "GET /2019/decisions-decisions-do-i-accept-the-invitation?_t=rss HTTP/1.1" 200 5111 "-" "Mozilla/5.0 (compatible; MJ12bot/v1.4.8; http://mj12bot.com/)" 
173.212.242.224 - - [22/Jun/2020:05:27:55 -0700] "GET /2019/deep-text-a-catastrophic-threat-to-the-bullshit-economy-abject?_t=rss HTTP/1.1" 200 5301 "-" "Mozilla/5.0 (compatible; MJ12bot/v1.4.8; http://mj12bot.com/)" 
54.36.149.16 - - [22/Jun/2020:05:27:57 -0700] "GET /2018/the-only-way-is-ethics HTTP/1.1" 200 9330 "-" "Mozilla/5.0 (compatible; AhrefsBot/6.1; +http://ahrefs.com/robot/)" 
173.212.242.224 - - [22/Jun/2020:05:28:05 -0700] "GET /2019/did-you-see-the-photo-of-my-starter-from-this?_t=rss HTTP/1.1" 200 5639 "-" "Mozilla/5.0 (compatible; MJ12bot/v1.4.8; http://mj12bot.com/)" 
46.229.168.145 - - [22/Jun/2020:05:28:15 -0700] "GET /2018/blogindiewebwhy-we-need-the-indieweb HTTP/1.1" 200 9385 "-" "Mozilla/5.0 (compatible; SemrushBot/6~bl; +http://www.semrush.com/bot.html)" 
64.111.100.215 - - [22/Jun/2020:05:28:21 -0700] "GET /content/all?_t=rss HTTP/1.1" 200 13896 "-" "Mozilla/5.0 (X11; U; Linux i686; fr; rv:1.9.1.1) Gecko/20090715 Firefox/3.5.1" 
173.212.242.224 - - [22/Jun/2020:05:28:23 -0700] "GET /2019/drink-it-very-refreshing-can-also-be?_t=rss HTTP/1.1" 200 5117 "-" "Mozilla/5.0 (compatible; MJ12bot/v1.4.8; http://mj12bot.com/)" 
173.212.242.224 - - [22/Jun/2020:05:28:33 -0700] "GET /2019/elderflower?_t=rss HTTP/1.1" 200 5279 "-" "Mozilla/5.0 (compatible; MJ12bot/v1.4.8; http://mj12bot.com/)" 
173.212.242.224 - - [22/Jun/2020:05:28:49 -0700] "GET /2019/excitement-building-to-meet-vicky-pastagrannies-at-the-excellent-granofarina?_t=rss HTTP/1.1" 200 5416 "-" "Mozilla/5.0 (compatible; MJ12bot/v1.4.8; http://mj12bot.com/)" 
45.79.26.51 - - [22/Jun/2020:05:29:03 -0700] "GET /content/statusupdates/posts/photos/checkins/bookmarkedpages?_t=rss HTTP/1.1" 200 7422 "-" "Micro.blog/1.0" 
173.212.242.224 - - [22/Jun/2020:05:29:04 -0700] "GET /2019/fill-yay?_t=rss HTTP/1.1" 200 5277 "-" "Mozilla/5.0 (compatible; MJ12bot/v1.4.8; http://mj12bot.com/)" 
46.229.168.148 - - [22/Jun/2020:05:29:08 -0700] "GET /tag/bread?offset=19 HTTP/1.1" 200 11956 "-" "Mozilla/5.0 (compatible; SemrushBot/6~bl; +http://www.semrush.com/bot.html)" 
173.212.242.224 - - [22/Jun/2020:05:29:15 -0700] "GET /2019/first-of-the-year?_t=rss HTTP/1.1" 200 5297 "-" "Mozilla/5.0 (compatible; MJ12bot/v1.4.8; http://mj12bot.com/)" 
17.58.102.79 - - [22/Jun/2020:05:29:22 -0700] "GET /profile/jeremy HTTP/1.1" 200 31730 "-" "Mozilla/5.0 (Macintosh; Intel Mac OS X 10_15_5) AppleWebKit/605.1.15 (KHTML, like Gecko) Version/13.1.1 Safari/605.1.15 (Applebot/0.1; +http://www.apple.com/go/applebot)" 
173.212.242.224 - - [22/Jun/2020:05:29:27 -0700] "GET /2019/fixing-the-financial-dilemma-at-the-heart-of-our-broken?_t=rss HTTP/1.1" 200 5160 "-" "Mozilla/5.0 (compatible; MJ12bot/v1.4.8; http://mj12bot.com/)" 
173.212.242.224 - - [22/Jun/2020:05:29:44 -0700] "GET /2019/flashing-palely-in-the-margins?_t=rss HTTP/1.1" 200 5108 "-" "Mozilla/5.0 (compatible; MJ12bot/v1.4.8; http://mj12bot.com/)" 
173.212.242.224 - - [22/Jun/2020:05:29:57 -0700] "GET /2019/friends-of-the-fountain-pen-how-do?_t=rss HTTP/1.1" 200 5143 "-" "Mozilla/5.0 (compatible; MJ12bot/v1.4.8; http://mj12bot.com/)" 
46.229.168.136 - - [22/Jun/2020:05:30:02 -0700] "GET /content/events/?q=%23AMRhub HTTP/1.1" 200 8302 "-" "Mozilla/5.0 (compatible; SemrushBot/6~bl; +http://www.semrush.com/bot.html)" 
173.212.242.224 - - [22/Jun/2020:05:30:07 -0700] "GET /2019/gastrohistory-whatever-next-a-law-to-stop?_t=rss HTTP/1.1" 200 5138 "-" "Mozilla/5.0 (compatible; MJ12bot/v1.4.8; http://mj12bot.com/)" 
173.212.242.224 - - [22/Jun/2020:05:30:23 -0700] "GET /2019/goa-homebrew-website-club-1?_t=rss HTTP/1.1" 200 5109 "-" "Mozilla/5.0 (compatible; MJ12bot/v1.4.8; http://mj12bot.com/)" 
173.212.242.224 - - [22/Jun/2020:05:30:32 -0700] "GET /2019/going-to-extremes?_t=rss HTTP/1.1" 200 5169 "-" "Mozilla/5.0 (compatible; MJ12bot/v1.4.8; http://mj12bot.com/)" 
173.212.242.224 - - [22/Jun/2020:05:30:53 -0700] "GET /2019/golden-hour-1?_t=rss HTTP/1.1" 200 5287 "-" "Mozilla/5.0 (compatible; MJ12bot/v1.4.8; http://mj12bot.com/)" 
173.212.242.224 - - [22/Jun/2020:05:31:07 -0700] "GET /2019/having-only-recently-begun-to-do-this?_t=rss HTTP/1.1" 200 5181 "-" "Mozilla/5.0 (compatible; MJ12bot/v1.4.8; http://mj12bot.com/)" 
173.212.242.224 - - [22/Jun/2020:05:31:19 -0700] "GET /2019/here-we-go-again-ready-for-build-number-two?_t=rss HTTP/1.1" 200 5359 "-" "Mozilla/5.0 (compatible; MJ12bot/v1.4.8; http://mj12bot.com/)" 
173.212.242.224 - - [22/Jun/2020:05:31:33 -0700] "GET /2019/how-times-change?_t=rss HTTP/1.1" 200 5139 "-" "Mozilla/5.0 (compatible; MJ12bot/v1.4.8; http://mj12bot.com/)" 
173.212.242.224 - - [22/Jun/2020:05:31:49 -0700] "GET /2019/i-do-fear-that-quotepisodequot-is-going?_t=rss HTTP/1.1" 200 5077 "-" "Mozilla/5.0 (compatible; MJ12bot/v1.4.8; http://mj12bot.com/)" 
173.212.242.224 - - [22/Jun/2020:05:32:08 -0700] "GET /2019/i-have-been-tempted-recently-to-start?_t=rss HTTP/1.1" 200 5176 "-" "Mozilla/5.0 (compatible; MJ12bot/v1.4.8; http://mj12bot.com/)" 
40.85.164.164 - - [22/Jun/2020:05:32:23 -0700] "GET /2017/the-heatwave-has-broken-and-life-is-good HTTP/1.1" 200 11619 "-" "Mozilla/5.0 (Macintosh; Intel Mac OS X 10_10_1) AppleWebKit/537.36 (KHTML, like Gecko) Chrome/41.0.2227.1 Safari/537.36" 
40.85.164.164 - - [22/Jun/2020:05:32:23 -0700] "GET /vendor/npm-asset/jquery/dist/jquery.min.js HTTP/1.1" 200 31956 "https://stream.jeremycherfas.net/2017/the-heatwave-has-broken-and-life-is-good" "Mozilla/5.0 (Macintosh; Intel Mac OS X 10_10_1) AppleWebKit/537.36 (KHTML, like Gecko) Chrome/41.0.2227.1 Safari/537.36" 
40.85.164.164 - - [22/Jun/2020:05:32:23 -0700] "GET /vendor/twbs/bootstrap/dist/css/bootstrap.min.css HTTP/1.1" 200 20899 "https://stream.jeremycherfas.net/2017/the-heatwave-has-broken-and-life-is-good" "Mozilla/5.0 (Macintosh; Intel Mac OS X 10_10_1) AppleWebKit/537.36 (KHTML, like Gecko) Chrome/41.0.2227.1 Safari/537.36" 
40.85.164.164 - - [22/Jun/2020:05:32:24 -0700] "GET /vendor/npm-asset/bootstrap-accessibility-plugin/plugins/css/bootstrap-accessibility.css HTTP/1.1" 200 939 "https://stream.jeremycherfas.net/2017/the-heatwave-has-broken-and-life-is-good" "Mozilla/5.0 (Macintosh; Intel Mac OS X 10_10_1) AppleWebKit/537.36 (KHTML, like Gecko) Chrome/41.0.2227.1 Safari/537.36" 
40.85.164.164 - - [22/Jun/2020:05:32:24 -0700] "GET /vendor/forkawesome/fork-awesome/css/fork-awesome.min.css HTTP/1.1" 200 8899 "https://stream.jeremycherfas.net/2017/the-heatwave-has-broken-and-life-is-good" "Mozilla/5.0 (Macintosh; Intel Mac OS X 10_10_1) AppleWebKit/537.36 (KHTML, like Gecko) Chrome/41.0.2227.1 Safari/537.36" 
40.85.164.164 - - [22/Jun/2020:05:32:24 -0700] "GET /vendor/forkawesome/fork-awesome/css/v5-compat.min.css HTTP/1.1" 200 2592 "https://stream.jeremycherfas.net/2017/the-heatwave-has-broken-and-life-is-good" "Mozilla/5.0 (Macintosh; Intel Mac OS X 10_10_1) AppleWebKit/537.36 (KHTML, like Gecko) Chrome/41.0.2227.1 Safari/537.36" 
40.85.164.164 - - [22/Jun/2020:05:32:24 -0700] "GET /vendor/npm-asset/bootstrap-toggle/css/bootstrap-toggle.min.css HTTP/1.1" 200 979 "https://stream.jeremycherfas.net/2017/the-heatwave-has-broken-and-life-is-good" "Mozilla/5.0 (Macintosh; Intel Mac OS X 10_10_1) AppleWebKit/537.36 (KHTML, like Gecko) Chrome/41.0.2227.1 Safari/537.36" 
40.85.164.164 - - [22/Jun/2020:05:32:24 -0700] "GET /css/1579440965/known.min.css HTTP/1.1" 200 7734 "https://stream.jeremycherfas.net/2017/the-heatwave-has-broken-and-life-is-good" "Mozilla/5.0 (Macintosh; Intel Mac OS X 10_10_1) AppleWebKit/537.36 (KHTML, like Gecko) Chrome/41.0.2227.1 Safari/537.36" 
40.85.164.164 - - [22/Jun/2020:05:32:25 -0700] "GET /vendor/idno/mentionjs/recommended-styles.css HTTP/1.1" 200 600 "https://stream.jeremycherfas.net/2017/the-heatwave-has-broken-and-life-is-good" "Mozilla/5.0 (Macintosh; Intel Mac OS X 10_10_1) AppleWebKit/537.36 (KHTML, like Gecko) Chrome/41.0.2227.1 Safari/537.36" 
40.85.164.164 - - [22/Jun/2020:05:32:25 -0700] "GET /IdnoPlugins/Checkin/external/leaflet/leaflet.min.css HTTP/1.1" 200 2532 "https://stream.jeremycherfas.net/2017/the-heatwave-has-broken-and-life-is-good" "Mozilla/5.0 (Macintosh; Intel Mac OS X 10_10_1) AppleWebKit/537.36 (KHTML, like Gecko) Chrome/41.0.2227.1 Safari/537.36" 
40.85.164.164 - - [22/Jun/2020:05:32:25 -0700] "GET /Themes/Solo/css/default.min.css HTTP/1.1" 200 963 "https://stream.jeremycherfas.net/2017/the-heatwave-has-broken-and-life-is-good" "Mozilla/5.0 (Macintosh; Intel Mac OS X 10_10_1) AppleWebKit/537.36 (KHTML, like Gecko) Chrome/41.0.2227.1 Safari/537.36" 
40.85.164.164 - - [22/Jun/2020:05:32:25 -0700] "GET /vendor/npm-asset/mediaelement/build/mediaelementplayer.min.css HTTP/1.1" 200 3096 "https://stream.jeremycherfas.net/2017/the-heatwave-has-broken-and-life-is-good" "Mozilla/5.0 (Macintosh; Intel Mac OS X 10_10_1) AppleWebKit/537.36 (KHTML, like Gecko) Chrome/41.0.2227.1 Safari/537.36" 
40.85.164.164 - - [22/Jun/2020:05:32:25 -0700] "GET /vendor/npm-asset/bootstrap-accessibility-plugin/plugins/js/bootstrap-accessibility.min.js HTTP/1.1" 200 4789 "https://stream.jeremycherfas.net/2017/the-heatwave-has-broken-and-life-is-good" "Mozilla/5.0 (Macintosh; Intel Mac OS X 10_10_1) AppleWebKit/537.36 (KHTML, like Gecko) Chrome/41.0.2227.1 Safari/537.36" 
40.85.164.164 - - [22/Jun/2020:05:32:25 -0700] "GET /vendor/twbs/bootstrap/dist/js/bootstrap.min.js HTTP/1.1" 200 11611 "https://stream.jeremycherfas.net/2017/the-heatwave-has-broken-and-life-is-good" "Mozilla/5.0 (Macintosh; Intel Mac OS X 10_10_1) AppleWebKit/537.36 (KHTML, like Gecko) Chrome/41.0.2227.1 Safari/537.36" 
40.85.164.164 - - [22/Jun/2020:05:32:25 -0700] "GET /js/1579440966/known.min.js HTTP/1.1" 200 4900 "https://stream.jeremycherfas.net/2017/the-heatwave-has-broken-and-life-is-good" "Mozilla/5.0 (Macintosh; Intel Mac OS X 10_10_1) AppleWebKit/537.36 (KHTML, like Gecko) Chrome/41.0.2227.1 Safari/537.36" 
40.85.164.164 - - [22/Jun/2020:05:32:25 -0700] "GET /vendor/npm-asset/bootstrap-toggle/js/bootstrap-toggle.js HTTP/1.1" 200 2024 "https://stream.jeremycherfas.net/2017/the-heatwave-has-broken-and-life-is-good" "Mozilla/5.0 (Macintosh; Intel Mac OS X 10_10_1) AppleWebKit/537.36 (KHTML, like Gecko) Chrome/41.0.2227.1 Safari/537.36" 
40.85.164.164 - - [22/Jun/2020:05:32:25 -0700] "GET /IdnoPlugins/Checkin/external/leaflet/leaflet.js HTTP/1.1" 200 34091 "https://stream.jeremycherfas.net/2017/the-heatwave-has-broken-and-life-is-good" "Mozilla/5.0 (Macintosh; Intel Mac OS X 10_10_1) AppleWebKit/537.36 (KHTML, like Gecko) Chrome/41.0.2227.1 Safari/537.36" 
40.85.164.164 - - [22/Jun/2020:05:32:25 -0700] "GET /IdnoPlugins/Checkin/external/stamen-maps/tile.stamen.min.js HTTP/1.1" 200 1983 "https://stream.jeremycherfas.net/2017/the-heatwave-has-broken-and-life-is-good" "Mozilla/5.0 (Macintosh; Intel Mac OS X 10_10_1) AppleWebKit/537.36 (KHTML, like Gecko) Chrome/41.0.2227.1 Safari/537.36" 
40.85.164.164 - - [22/Jun/2020:05:32:25 -0700] "GET /IdnoPlugins/Media/external/wavesurfer/dist/wavesurfer.min.js HTTP/1.1" 200 6834 "https://stream.jeremycherfas.net/2017/the-heatwave-has-broken-and-life-is-good" "Mozilla/5.0 (Macintosh; Intel Mac OS X 10_10_1) AppleWebKit/537.36 (KHTML, like Gecko) Chrome/41.0.2227.1 Safari/537.36" 
40.85.164.164 - - [22/Jun/2020:05:32:25 -0700] "GET /vendor/npm-asset/vanilla-fitvids/jquery.fitvids.js HTTP/1.1" 200 1791 "https://stream.jeremycherfas.net/2017/the-heatwave-has-broken-and-life-is-good" "Mozilla/5.0 (Macintosh; Intel Mac OS X 10_10_1) AppleWebKit/537.36 (KHTML, like Gecko) Chrome/41.0.2227.1 Safari/537.36" 
40.85.164.164 - - [22/Jun/2020:05:32:25 -0700] "GET /vendor/npm-asset/mediaelement/build/mediaelement-and-player.min.js HTTP/1.1" 200 41537 "https://stream.jeremycherfas.net/2017/the-heatwave-has-broken-and-life-is-good" "Mozilla/5.0 (Macintosh; Intel Mac OS X 10_10_1) AppleWebKit/537.36 (KHTML, like Gecko) Chrome/41.0.2227.1 Safari/537.36" 
