54.36.148.81 - - [20/Jun/2020:01:46:49 -0700] "GET /2019/checked-into-holburne-museum HTTP/1.1" 200 9528 "-" "Mozilla/5.0 (compatible; AhrefsBot/6.1; +http://ahrefs.com/robot/)" 
46.229.168.154 - - [20/Jun/2020:01:47:02 -0700] "GET /content/posts/?q=%23%2B%23bigbake HTTP/1.1" 200 8316 "-" "Mozilla/5.0 (compatible; SemrushBot/6~bl; +http://www.semrush.com/bot.html)" 
46.229.168.134 - - [20/Jun/2020:01:47:11 -0700] "GET /2020/so-much-for-taste-being-purely-subjective HTTP/1.1" 200 9909 "-" "Mozilla/5.0 (compatible; SemrushBot/6~bl; +http://www.semrush.com/bot.html)" 
207.5.160.195 - - [20/Jun/2020:01:47:36 -0700] "GET /2020/2020-05-09 HTTP/1.0" 200 9853 "-" "WF search/Nutch-1.12" 
54.36.148.81 - - [20/Jun/2020:01:47:44 -0700] "GET /2019/checked-into-la-tinaia HTTP/1.1" 200 9487 "-" "Mozilla/5.0 (compatible; AhrefsBot/6.1; +http://ahrefs.com/robot/)" 
46.229.168.132 - - [20/Jun/2020:01:48:36 -0700] "GET /content/photos/?offset=17&q=%23bread HTTP/1.1" 200 12343 "-" "Mozilla/5.0 (compatible; SemrushBot/6~bl; +http://www.semrush.com/bot.html)" 
54.36.148.201 - - [20/Jun/2020:01:48:41 -0700] "GET /2019/checked-into-marigold-1 HTTP/1.1" 200 9497 "-" "Mozilla/5.0 (compatible; AhrefsBot/6.1; +http://ahrefs.com/robot/)" 
207.46.13.60 - - [20/Jun/2020:01:49:38 -0700] "GET /file/1816d252714fccd90dc5a3b0fe5766a6/iggR6Wp6.jpg HTTP/1.1" 200 67247 "-" "Mozilla/5.0 (compatible; bingbot/2.0; +http://www.bing.com/bingbot.htm)" 
46.229.168.136 - - [20/Jun/2020:01:49:42 -0700] "GET /tag/sourdough?offset=45 HTTP/1.1" 200 11523 "-" "Mozilla/5.0 (compatible; SemrushBot/6~bl; +http://www.semrush.com/bot.html)" 
54.36.148.62 - - [20/Jun/2020:01:49:45 -0700] "GET /2019/checked-into-ristorante-pizzeria-epomeo HTTP/1.1" 200 9520 "-" "Mozilla/5.0 (compatible; AhrefsBot/6.1; +http://ahrefs.com/robot/)" 
46.229.168.154 - - [20/Jun/2020:01:50:21 -0700] "GET /content/all/?offset=133&q=%23IndieWeb HTTP/1.1" 200 12529 "-" "Mozilla/5.0 (compatible; SemrushBot/6~bl; +http://www.semrush.com/bot.html)" 
45.79.26.51 - - [20/Jun/2020:01:50:25 -0700] "GET /content/statusupdates/posts/photos/checkins/bookmarkedpages?_t=rss HTTP/1.1" 200 7422 "-" "Micro.blog/1.0" 
46.229.168.131 - - [20/Jun/2020:01:50:25 -0700] "GET /2020/one-plant-species HTTP/1.1" 200 9933 "-" "Mozilla/5.0 (compatible; SemrushBot/6~bl; +http://www.semrush.com/bot.html)" 
54.36.148.105 - - [20/Jun/2020:01:50:45 -0700] "GET /2019/checked-into-ristorante-scarpone-1 HTTP/1.1" 200 9526 "-" "Mozilla/5.0 (compatible; AhrefsBot/6.1; +http://ahrefs.com/robot/)" 
46.229.168.148 - - [20/Jun/2020:01:50:56 -0700] "GET /?offset=15&q=%23Sourdough HTTP/1.1" 200 11798 "-" "Mozilla/5.0 (compatible; SemrushBot/6~bl; +http://www.semrush.com/bot.html)" 
96.126.125.129 - - [20/Jun/2020:01:51:33 -0700] "GET /content/statusupdates/posts/photos/checkins/bookmarkedpages?_t=rss HTTP/1.1" 200 7427 "-" "Micro.blog/1.0" 
54.36.148.81 - - [20/Jun/2020:01:51:59 -0700] "GET /2019/checked-into-via-e-arditi HTTP/1.1" 200 9483 "-" "Mozilla/5.0 (compatible; AhrefsBot/6.1; +http://ahrefs.com/robot/)" 
46.229.168.143 - - [20/Jun/2020:01:52:34 -0700] "GET /2019/the-research-agenda-we-really-need-the-campaign-for-real HTTP/1.1" 200 9962 "-" "Mozilla/5.0 (compatible; SemrushBot/6~bl; +http://www.semrush.com/bot.html)" 
64.111.100.215 - - [20/Jun/2020:01:52:53 -0700] "GET /content/all?_t=rss HTTP/1.1" 200 13896 "-" "Mozilla/5.0 (X11; U; Linux i686; fr; rv:1.9.1.1) Gecko/20090715 Firefox/3.5.1" 
54.36.148.110 - - [20/Jun/2020:01:52:57 -0700] "GET /2018/so-many-fascinating-bits-of-data-in HTTP/1.1" 200 9295 "-" "Mozilla/5.0 (compatible; AhrefsBot/6.1; +http://ahrefs.com/robot/)" 
46.229.168.137 - - [20/Jun/2020:01:52:58 -0700] "GET /content/rsvp/?q=%23%2B%23veal HTTP/1.1" 200 8312 "-" "Mozilla/5.0 (compatible; SemrushBot/6~bl; +http://www.semrush.com/bot.html)" 
54.36.148.81 - - [20/Jun/2020:01:54:00 -0700] "GET /2018/with-rad-podcasters-can-finally-learn-whos-listening HTTP/1.1" 200 9315 "-" "Mozilla/5.0 (compatible; AhrefsBot/6.1; +http://ahrefs.com/robot/)" 
46.229.168.136 - - [20/Jun/2020:01:54:43 -0700] "GET /content/statusupdates/?q=%23FDA HTTP/1.1" 200 9128 "-" "Mozilla/5.0 (compatible; SemrushBot/6~bl; +http://www.semrush.com/bot.html)" 
54.36.148.201 - - [20/Jun/2020:01:55:05 -0700] "GET /file/2f10dea336cfe69732774190afec4b5f/24718a5e331d6ff6e2d9959139f5438a HTTP/1.1" 200 156611 "-" "Mozilla/5.0 (compatible; AhrefsBot/6.1; +http://ahrefs.com/robot/)" 
46.229.168.147 - - [20/Jun/2020:01:55:15 -0700] "GET /content/posts/?offset=9&q=%23%2B%23%23indieweb HTTP/1.1" 200 16140 "-" "Mozilla/5.0 (compatible; SemrushBot/6~bl; +http://www.semrush.com/bot.html)" 
96.126.125.129 - - [20/Jun/2020:01:55:48 -0700] "GET /content/statusupdates/posts/photos/checkins/bookmarkedpages?_t=rss HTTP/1.1" 200 7427 "-" "Micro.blog/1.0" 
54.36.148.201 - - [20/Jun/2020:01:56:07 -0700] "GET /2017/making-and-accepting-api-calls---known-documentation HTTP/1.1" 200 9352 "-" "Mozilla/5.0 (compatible; AhrefsBot/6.1; +http://ahrefs.com/robot/)" 
46.229.168.162 - - [20/Jun/2020:01:56:11 -0700] "GET /tag/+%23kalonji HTTP/1.1" 200 10530 "-" "Mozilla/5.0 (compatible; SemrushBot/6~bl; +http://www.semrush.com/bot.html)" 
54.36.149.66 - - [20/Jun/2020:01:56:52 -0700] "GET /2017/making-and-accepting-api-calls---known-documentation-1 HTTP/1.1" 200 9380 "-" "Mozilla/5.0 (compatible; AhrefsBot/6.1; +http://ahrefs.com/robot/)" 
54.36.148.233 - - [20/Jun/2020:01:57:39 -0700] "GET /2018/blimey-i-just-started-another-coursera-offering-this-morning-and HTTP/1.1" 200 9723 "-" "Mozilla/5.0 (compatible; AhrefsBot/6.1; +http://ahrefs.com/robot/)" 
46.229.168.151 - - [20/Jun/2020:01:57:58 -0700] "GET /content/events/?q=%23foodcommunicationconf HTTP/1.1" 200 8327 "-" "Mozilla/5.0 (compatible; SemrushBot/6~bl; +http://www.semrush.com/bot.html)" 
46.229.168.139 - - [20/Jun/2020:01:58:04 -0700] "GET /2019/were-not-in-kansas HTTP/1.1" 200 11625 "-" "Mozilla/5.0 (compatible; SemrushBot/6~bl; +http://www.semrush.com/bot.html)" 
46.229.168.131 - - [20/Jun/2020:01:58:09 -0700] "GET /2020/covid-19-by-the-numbers-by-anatole-kaletsky---project-syndicate HTTP/1.1" 200 9604 "-" "Mozilla/5.0 (compatible; SemrushBot/6~bl; +http://www.semrush.com/bot.html)" 
54.36.148.8 - - [20/Jun/2020:01:58:29 -0700] "GET /2018/i-could-extract-quote-after-quote-from HTTP/1.1" 200 9530 "-" "Mozilla/5.0 (compatible; AhrefsBot/6.1; +http://ahrefs.com/robot/)" 
46.229.168.139 - - [20/Jun/2020:01:58:59 -0700] "GET /?offset=109&q=%23%2B%23IndieWeb HTTP/1.1" 200 11991 "-" "Mozilla/5.0 (compatible; SemrushBot/6~bl; +http://www.semrush.com/bot.html)" 
54.36.148.165 - - [20/Jun/2020:01:59:20 -0700] "GET /2018/well-this-is-exciting-and-a-little HTTP/1.1" 200 11953 "-" "Mozilla/5.0 (compatible; AhrefsBot/6.1; +http://ahrefs.com/robot/)" 
46.229.168.144 - - [20/Jun/2020:01:59:57 -0700] "GET /content/photos/?q=%23testtag HTTP/1.1" 200 8306 "-" "Mozilla/5.0 (compatible; SemrushBot/6~bl; +http://www.semrush.com/bot.html)" 
46.229.168.163 - - [20/Jun/2020:02:00:37 -0700] "GET /2018/cn-re-ownyourgram-im-all-set-up HTTP/1.1" 200 10062 "-" "Mozilla/5.0 (compatible; SemrushBot/6~bl; +http://www.semrush.com/bot.html)" 
46.229.168.142 - - [20/Jun/2020:02:00:46 -0700] "GET /content/audio/?q=%23igbreadclub HTTP/1.1" 200 8282 "-" "Mozilla/5.0 (compatible; SemrushBot/6~bl; +http://www.semrush.com/bot.html)" 
45.79.26.51 - - [20/Jun/2020:02:01:14 -0700] "GET /content/statusupdates/posts/photos/checkins/bookmarkedpages?_t=rss HTTP/1.1" 200 7422 "-" "Micro.blog/1.0" 
46.229.168.144 - - [20/Jun/2020:02:01:28 -0700] "GET /tag/Rye?offset=0 HTTP/1.1" 200 12104 "-" "Mozilla/5.0 (compatible; SemrushBot/6~bl; +http://www.semrush.com/bot.html)" 
46.229.168.153 - - [20/Jun/2020:02:01:42 -0700] "GET /2019/just-been-through-the-annual-ritual-of HTTP/1.1" 200 9410 "-" "Mozilla/5.0 (compatible; SemrushBot/6~bl; +http://www.semrush.com/bot.html)" 
54.36.148.201 - - [20/Jun/2020:02:02:00 -0700] "GET /2018/bookmark---indieweb-2 HTTP/1.1" 200 9989 "-" "Mozilla/5.0 (compatible; AhrefsBot/6.1; +http://ahrefs.com/robot/)" 
46.229.168.146 - - [20/Jun/2020:02:02:07 -0700] "GET /content/all/?offset=0&q=%23%2B%23%23bread HTTP/1.1" 200 12256 "-" "Mozilla/5.0 (compatible; SemrushBot/6~bl; +http://www.semrush.com/bot.html)" 
46.229.168.140 - - [20/Jun/2020:02:02:10 -0700] "GET /2017/flippin-useless-withknown-import-i-winnowed-the-stopping-place-down HTTP/1.1" 200 9984 "-" "Mozilla/5.0 (compatible; SemrushBot/6~bl; +http://www.semrush.com/bot.html)" 
46.229.168.145 - - [20/Jun/2020:02:03:52 -0700] "GET /content/locations/?q=%23%2B%23e HTTP/1.1" 200 8309 "-" "Mozilla/5.0 (compatible; SemrushBot/6~bl; +http://www.semrush.com/bot.html)" 
46.229.168.131 - - [20/Jun/2020:02:03:57 -0700] "GET /content/all/?offset=140&q=%23indieweb HTTP/1.1" 200 10235 "-" "Mozilla/5.0 (compatible; SemrushBot/6~bl; +http://www.semrush.com/bot.html)" 
46.229.168.133 - - [20/Jun/2020:02:04:13 -0700] "GET /content/rsvp/?q=%23%2B%23veal HTTP/1.1" 200 8284 "-" "Mozilla/5.0 (compatible; SemrushBot/6~bl; +http://www.semrush.com/bot.html)" 
46.229.168.154 - - [20/Jun/2020:02:04:27 -0700] "GET /content/all/?offset=22&q=%23%2B%23food HTTP/1.1" 200 12952 "-" "Mozilla/5.0 (compatible; SemrushBot/6~bl; +http://www.semrush.com/bot.html)" 
46.229.168.140 - - [20/Jun/2020:02:04:33 -0700] "GET /content/all/?offset=32&q=%23Sourdough HTTP/1.1" 200 11338 "-" "Mozilla/5.0 (compatible; SemrushBot/6~bl; +http://www.semrush.com/bot.html)" 
46.229.168.141 - - [20/Jun/2020:02:04:42 -0700] "GET /2019/modern-life HTTP/1.1" 200 9380 "-" "Mozilla/5.0 (compatible; SemrushBot/6~bl; +http://www.semrush.com/bot.html)" 
46.229.168.130 - - [20/Jun/2020:02:06:23 -0700] "GET /?offset=210 HTTP/1.1" 200 11558 "-" "Mozilla/5.0 (compatible; SemrushBot/6~bl; +http://www.semrush.com/bot.html)" 
54.36.148.81 - - [20/Jun/2020:02:07:06 -0700] "GET /content/photos/?offset=143 HTTP/1.1" 200 10737 "-" "Mozilla/5.0 (compatible; AhrefsBot/6.1; +http://ahrefs.com/robot/)" 
46.229.168.148 - - [20/Jun/2020:02:08:00 -0700] "GET /2019/going-to-extremes HTTP/1.1" 200 9321 "-" "Mozilla/5.0 (compatible; SemrushBot/6~bl; +http://www.semrush.com/bot.html)" 
64.111.100.215 - - [20/Jun/2020:02:08:03 -0700] "GET /content/all?_t=rss HTTP/1.1" 200 13896 "-" "Mozilla/5.0 (X11; U; Linux i686; fr; rv:1.9.1.1) Gecko/20090715 Firefox/3.5.1" 
54.36.148.81 - - [20/Jun/2020:02:08:08 -0700] "GET /?offset=1620 HTTP/1.1" 200 11998 "-" "Mozilla/5.0 (compatible; AhrefsBot/6.1; +http://ahrefs.com/robot/)" 
107.178.232.225 - - [20/Jun/2020:02:08:18 -0700] "HEAD /2020/very-happy-with-the-service-from-widefitshoes HTTP/1.1" 200 4349 "-" "Bridgy (https://brid.gy/about)" 
46.229.168.154 - - [20/Jun/2020:02:08:45 -0700] "GET /profile/jeremy?offset=130 HTTP/1.1" 200 16270 "-" "Mozilla/5.0 (compatible; SemrushBot/6~bl; +http://www.semrush.com/bot.html)" 
46.229.168.142 - - [20/Jun/2020:02:08:51 -0700] "GET /content/all/?offset=127&q=%23%2B%23%23indieweb HTTP/1.1" 200 12523 "-" "Mozilla/5.0 (compatible; SemrushBot/6~bl; +http://www.semrush.com/bot.html)" 
54.36.148.81 - - [20/Jun/2020:02:09:12 -0700] "GET /2018/i-dont-really-understand-any-of-the-details-of-how HTTP/1.1" 200 9555 "-" "Mozilla/5.0 (compatible; AhrefsBot/6.1; +http://ahrefs.com/robot/)" 
46.229.168.136 - - [20/Jun/2020:02:10:01 -0700] "GET /2018/bookmark---indieweb HTTP/1.1" 200 9248 "-" "Mozilla/5.0 (compatible; SemrushBot/6~bl; +http://www.semrush.com/bot.html)" 
54.36.148.202 - - [20/Jun/2020:02:10:13 -0700] "GET /2018/such-fun-to-read-this-and-others-like-it-i HTTP/1.1" 200 9785 "-" "Mozilla/5.0 (compatible; AhrefsBot/6.1; +http://ahrefs.com/robot/)" 
46.229.168.132 - - [20/Jun/2020:02:10:16 -0700] "GET /2019/daring-fireball-correction-regarding-an-erroneous-allegation-in-richard-stallmans HTTP/1.1" 200 9472 "-" "Mozilla/5.0 (compatible; SemrushBot/6~bl; +http://www.semrush.com/bot.html)" 
46.229.168.144 - - [20/Jun/2020:02:10:16 -0700] "GET /content/all/?offset=14&q=%23%2B%23podcast HTTP/1.1" 200 12169 "-" "Mozilla/5.0 (compatible; SemrushBot/6~bl; +http://www.semrush.com/bot.html)" 
46.229.168.151 - - [20/Jun/2020:02:10:26 -0700] "GET /?offset=0&q=%23quill HTTP/1.1" 200 13865 "-" "Mozilla/5.0 (compatible; SemrushBot/6~bl; +http://www.semrush.com/bot.html)" 
45.79.26.51 - - [20/Jun/2020:02:10:44 -0700] "GET /content/statusupdates/posts/photos/checkins/bookmarkedpages?_t=rss HTTP/1.1" 200 7422 "-" "Micro.blog/1.0" 
54.36.148.201 - - [20/Jun/2020:02:11:20 -0700] "GET /2018/two-very-good-pieces-of-news-from-my-friend-jason HTTP/1.1" 200 9405 "-" "Mozilla/5.0 (compatible; AhrefsBot/6.1; +http://ahrefs.com/robot/)" 
46.229.168.129 - - [20/Jun/2020:02:11:31 -0700] "GET /content/all/?offset=84&q=%23IndieWeb HTTP/1.1" 200 13610 "-" "Mozilla/5.0 (compatible; SemrushBot/6~bl; +http://www.semrush.com/bot.html)" 
46.229.168.130 - - [20/Jun/2020:02:11:58 -0700] "GET /content/photos/?q=%23courses HTTP/1.1" 200 9132 "-" "Mozilla/5.0 (compatible; SemrushBot/6~bl; +http://www.semrush.com/bot.html)" 
167.99.96.232 - - [20/Jun/2020:02:12:00 -0700] "GET /?_t=rss HTTP/1.1" 304 3495 "-" "Feedbin feed-id:1536727 - 1 subscribers" 
54.36.148.188 - - [20/Jun/2020:02:12:15 -0700] "GET /content/all/?offset=1610 HTTP/1.1" 200 11363 "-" "Mozilla/5.0 (compatible; AhrefsBot/6.1; +http://ahrefs.com/robot/)" 
207.46.13.60 - - [20/Jun/2020:02:12:25 -0700] "GET /file/e172fba0bb474335ed9cb10f5088d49f/thumb.jpg HTTP/1.1" 200 89029 "-" "Mozilla/5.0 (compatible; bingbot/2.0; +http://www.bing.com/bingbot.htm)" 
46.229.168.154 - - [20/Jun/2020:02:12:45 -0700] "GET /tag/sourdough?offset=6 HTTP/1.1" 200 12433 "-" "Mozilla/5.0 (compatible; SemrushBot/6~bl; +http://www.semrush.com/bot.html)" 
46.229.168.144 - - [20/Jun/2020:02:13:41 -0700] "GET /?offset=9&q=%23%2B%23rye HTTP/1.1" 200 11573 "-" "Mozilla/5.0 (compatible; SemrushBot/6~bl; +http://www.semrush.com/bot.html)" 
46.229.168.152 - - [20/Jun/2020:02:13:43 -0700] "GET /?offset=3&q=%23podcast HTTP/1.1" 200 11937 "-" "Mozilla/5.0 (compatible; SemrushBot/6~bl; +http://www.semrush.com/bot.html)" 
46.229.168.135 - - [20/Jun/2020:02:14:14 -0700] "GET /2017/black-pepper-adapted-from-danlepard-perfect-with-peanut-butter-recipe HTTP/1.1" 200 10981 "-" "Mozilla/5.0 (compatible; SemrushBot/6~bl; +http://www.semrush.com/bot.html)" 
46.229.168.137 - - [20/Jun/2020:02:15:54 -0700] "GET /2019/22-brilliant-at-the-basics---nicholas-bate HTTP/1.1" 200 9538 "-" "Mozilla/5.0 (compatible; SemrushBot/6~bl; +http://www.semrush.com/bot.html)" 
17.58.102.79 - - [20/Jun/2020:02:16:59 -0700] "GET /service/web/imageproxy/aHR0cHM6Ly9wYnMudHdpbWcuY29tL3Byb2ZpbGVfaW1hZ2VzLzkyOTY0Njk0OTMzMDAyMjQwMC9yLXhnRGo2NS5qcGc,/300/square HTTP/1.1" 500 4870 "-" "Mozilla/5.0 (Macintosh; Intel Mac OS X 10_15_5) AppleWebKit/605.1.15 (KHTML, like Gecko) Version/13.1.1 Safari/605.1.15 (Applebot/0.1; +http://www.apple.com/go/applebot)" 
46.229.168.154 - - [20/Jun/2020:02:17:27 -0700] "GET /content/all?offset=10 HTTP/1.1" 200 11180 "-" "Mozilla/5.0 (compatible; SemrushBot/6~bl; +http://www.semrush.com/bot.html)" 
45.79.26.51 - - [20/Jun/2020:02:18:09 -0700] "GET /content/statusupdates/posts/photos/checkins/bookmarkedpages?_t=rss HTTP/1.1" 200 7422 "-" "Micro.blog/1.0" 
46.229.168.147 - - [20/Jun/2020:02:18:13 -0700] "GET /2018/upgraded-known-to-latest-build-everything-seems HTTP/1.1" 200 9234 "-" "Mozilla/5.0 (compatible; SemrushBot/6~bl; +http://www.semrush.com/bot.html)" 
46.229.168.130 - - [20/Jun/2020:02:19:25 -0700] "GET /content/all/?offset=67&q=%23%2B%23%23bread HTTP/1.1" 200 12207 "-" "Mozilla/5.0 (compatible; SemrushBot/6~bl; +http://www.semrush.com/bot.html)" 
46.229.168.145 - - [20/Jun/2020:02:19:30 -0700] "GET /file/e28bb6f90849f872482260f08a2092ef/b7e10ed00274340ee2e049b4f83525f4 HTTP/1.1" 200 137598 "-" "Mozilla/5.0 (compatible; SemrushBot/6~bl; +http://www.semrush.com/bot.html)" 
46.229.168.145 - - [20/Jun/2020:02:20:50 -0700] "GET /content/all/?offset=36&q=%23sourdough HTTP/1.1" 200 11258 "-" "Mozilla/5.0 (compatible; SemrushBot/6~bl; +http://www.semrush.com/bot.html)" 
46.229.168.131 - - [20/Jun/2020:02:22:02 -0700] "GET /content/photos?offset=80 HTTP/1.1" 200 10984 "-" "Mozilla/5.0 (compatible; SemrushBot/6~bl; +http://www.semrush.com/bot.html)" 
46.229.168.163 - - [20/Jun/2020:02:22:40 -0700] "GET /2018/going-paper-free-for-220-steve-losh HTTP/1.1" 200 9326 "-" "Mozilla/5.0 (compatible; SemrushBot/6~bl; +http://www.semrush.com/bot.html)" 
64.111.100.215 - - [20/Jun/2020:02:23:03 -0700] "GET /content/all?_t=rss HTTP/1.1" 200 13896 "-" "Mozilla/5.0 (X11; U; Linux i686; fr; rv:1.9.1.1) Gecko/20090715 Firefox/3.5.1" 
64.111.100.215 - - [20/Jun/2020:02:23:08 -0700] "GET /content/all?_t=rss HTTP/1.1" 200 13896 "-" "Mozilla/5.0 (X11; U; Linux i686; fr; rv:1.9.1.1) Gecko/20090715 Firefox/3.5.1" 
46.229.168.133 - - [20/Jun/2020:02:23:13 -0700] "GET /content/locations/?q=%23igbreadclub HTTP/1.1" 200 8318 "-" "Mozilla/5.0 (compatible; SemrushBot/6~bl; +http://www.semrush.com/bot.html)" 
66.249.66.44 - - [20/Jun/2020:02:23:45 -0700] "GET /robots.txt HTTP/1.1" 200 4857 "-" "Mozilla/5.0 (compatible; Googlebot/2.1; +http://www.google.com/bot.html)" 
66.249.66.48 - - [20/Jun/2020:02:23:45 -0700] "GET /content/bookmarkedpages/?q=%23+%23IndieWeb&offset=10 HTTP/1.1" 200 11434 "-" "Mozilla/5.0 (Linux; Android 6.0.1; Nexus 5X Build/MMB29P) AppleWebKit/537.36 (KHTML, like Gecko) Chrome/80.0.3987.92 Mobile Safari/537.36 (compatible; Googlebot/2.1; +http://www.google.com/bot.html)" 
46.229.168.140 - - [20/Jun/2020:02:24:40 -0700] "GET /robots.txt HTTP/1.1" 200 4276 "-" "Mozilla/5.0 (compatible; SemrushBot/6~bl; +http://www.semrush.com/bot.html)" 
46.229.168.129 - - [20/Jun/2020:02:24:40 -0700] "GET /content/all/?offset=5&q=%23withknown HTTP/1.1" 200 10878 "-" "Mozilla/5.0 (compatible; SemrushBot/6~bl; +http://www.semrush.com/bot.html)" 
46.229.168.161 - - [20/Jun/2020:02:25:14 -0700] "GET /content/all/?offset=50&q=%23%2B%23bread HTTP/1.1" 200 12423 "-" "Mozilla/5.0 (compatible; SemrushBot/6~bl; +http://www.semrush.com/bot.html)" 
46.229.168.134 - - [20/Jun/2020:02:25:33 -0700] "GET /?offset=19&q=%23sourdough HTTP/1.1" 200 11590 "-" "Mozilla/5.0 (compatible; SemrushBot/6~bl; +http://www.semrush.com/bot.html)" 
207.46.13.60 - - [20/Jun/2020:02:25:44 -0700] "GET /file/c695c3ea4f6b77a628964a6649d1f167 HTTP/1.1" 304 4068 "-" "Mozilla/5.0 (compatible; bingbot/2.0; +http://www.bing.com/bingbot.htm)" 
45.79.26.51 - - [20/Jun/2020:02:26:24 -0700] "GET /content/statusupdates/posts/photos/checkins/bookmarkedpages?_t=rss HTTP/1.1" 200 7422 "-" "Micro.blog/1.0" 
46.229.168.147 - - [20/Jun/2020:02:26:26 -0700] "GET /tag/+%23food HTTP/1.1" 200 12379 "-" "Mozilla/5.0 (compatible; SemrushBot/6~bl; +http://www.semrush.com/bot.html)" 
46.229.168.140 - - [20/Jun/2020:02:27:12 -0700] "GET /content/photos/?q=%23igbreadclub HTTP/1.1" 200 10003 "-" "Mozilla/5.0 (compatible; SemrushBot/6~bl; +http://www.semrush.com/bot.html)" 
46.229.168.134 - - [20/Jun/2020:02:27:30 -0700] "GET /content/bookmarkedpages/?q=%23%2B%23Http%3A%2F%2Fwww.marigoldroma.com%2F HTTP/1.1" 200 8395 "-" "Mozilla/5.0 (compatible; SemrushBot/6~bl; +http://www.semrush.com/bot.html)" 
207.46.13.60 - - [20/Jun/2020:02:27:37 -0700] "GET /2018/working-on-a-new-bread-with-kalonji-straight-out-of HTTP/1.1" 200 18069 "-" "Mozilla/5.0 (compatible; bingbot/2.0; +http://www.bing.com/bingbot.htm)" 
46.229.168.137 - - [20/Jun/2020:02:28:32 -0700] "GET /2018/twofer-adactios-ways-and-means-and-tim-brays-reviewing-ethics HTTP/1.1" 200 10776 "-" "Mozilla/5.0 (compatible; SemrushBot/6~bl; +http://www.semrush.com/bot.html)" 
17.58.102.79 - - [20/Jun/2020:02:28:51 -0700] "GET /2020/climate-activists-i-challenge-you-to-give-some-real-advice HTTP/1.1" 200 9859 "-" "Mozilla/5.0 (Macintosh; Intel Mac OS X 10_15_5) AppleWebKit/605.1.15 (KHTML, like Gecko) Version/13.1.1 Safari/605.1.15 (Applebot/0.1; +http://www.apple.com/go/applebot)" 
46.229.168.130 - - [20/Jun/2020:02:29:17 -0700] "GET /?offset=80&q=%23%2B%23%23indieweb HTTP/1.1" 200 13739 "-" "Mozilla/5.0 (compatible; SemrushBot/6~bl; +http://www.semrush.com/bot.html)" 
46.229.168.163 - - [20/Jun/2020:02:29:30 -0700] "GET /content/audio/?q=%23earbudsfood HTTP/1.1" 200 8282 "-" "Mozilla/5.0 (compatible; SemrushBot/6~bl; +http://www.semrush.com/bot.html)" 
54.39.177.198 - - [20/Jun/2020:02:30:49 -0700] "GET /?_t=rss HTTP/1.1" 200 7277 "-" "Mozilla/5.0 (compatible; YaK/1.0; http://linkfluence.com/; bot@linkfluence.com)" 
46.229.168.129 - - [20/Jun/2020:02:30:51 -0700] "GET /?offset=88&q=%23indieweb HTTP/1.1" 200 15555 "-" "Mozilla/5.0 (compatible; SemrushBot/6~bl; +http://www.semrush.com/bot.html)" 
46.229.168.133 - - [20/Jun/2020:02:31:04 -0700] "GET /?offset=35&q=%23%2B%23podcast HTTP/1.1" 200 14089 "-" "Mozilla/5.0 (compatible; SemrushBot/6~bl; +http://www.semrush.com/bot.html)" 
46.229.168.143 - - [20/Jun/2020:02:31:33 -0700] "GET /content/photos/?q=%23%2B%23kalonji HTTP/1.1" 200 10545 "-" "Mozilla/5.0 (compatible; SemrushBot/6~bl; +http://www.semrush.com/bot.html)" 
144.76.81.229 - - [20/Jun/2020:02:32:02 -0700] "GET /robots.txt HTTP/1.1" 200 4312 "-" "Mozilla/5.0 (compatible; MJ12bot/v1.4.8; http://mj12bot.com/)" 
144.76.81.229 - - [20/Jun/2020:02:32:05 -0700] "GET /2019/id-be-the-one-up-the-tree-too?_t=rss HTTP/1.1" 200 5340 "-" "Mozilla/5.0 (compatible; MJ12bot/v1.4.8; http://mj12bot.com/)" 
144.76.81.229 - - [20/Jun/2020:02:32:10 -0700] "GET /2019/if-i-had-grandchildren?_t=rss HTTP/1.1" 200 5306 "-" "Mozilla/5.0 (compatible; MJ12bot/v1.4.8; http://mj12bot.com/)" 
96.126.125.129 - - [20/Jun/2020:02:32:15 -0700] "GET /content/statusupdates/posts/photos/checkins/bookmarkedpages?_t=rss HTTP/1.1" 200 7427 "-" "Micro.blog/1.0" 
144.76.81.229 - - [20/Jun/2020:02:32:17 -0700] "GET /2019/im-being-hit-by-a-wave-of?_t=rss HTTP/1.1" 200 5111 "-" "Mozilla/5.0 (compatible; MJ12bot/v1.4.8; http://mj12bot.com/)" 
144.76.81.229 - - [20/Jun/2020:02:32:20 -0700] "GET /2019/im-instantly-adding-the--day-of-week-code-outlined?_t=rss HTTP/1.1" 200 5136 "-" "Mozilla/5.0 (compatible; MJ12bot/v1.4.8; http://mj12bot.com/)" 
144.76.81.229 - - [20/Jun/2020:02:32:23 -0700] "GET /2019/im-still-getting-spam-through-public-comments?_t=rss HTTP/1.1" 200 5302 "-" "Mozilla/5.0 (compatible; MJ12bot/v1.4.8; http://mj12bot.com/)" 
144.76.81.229 - - [20/Jun/2020:02:32:27 -0700] "GET /2019/indeed-many-of-the-people-ive-talked?_t=rss HTTP/1.1" 200 5213 "-" "Mozilla/5.0 (compatible; MJ12bot/v1.4.8; http://mj12bot.com/)" 
144.76.81.229 - - [20/Jun/2020:02:32:33 -0700] "GET /2019/indiewebcamp-brighton-2019-calum-ryan?_t=rss HTTP/1.1" 200 5126 "-" "Mozilla/5.0 (compatible; MJ12bot/v1.4.8; http://mj12bot.com/)" 
144.76.81.229 - - [20/Jun/2020:02:32:36 -0700] "GET /2019/intersecting-milk-cartons-is-indeed-cool-as?_t=rss HTTP/1.1" 200 5418 "-" "Mozilla/5.0 (compatible; MJ12bot/v1.4.8; http://mj12bot.com/)" 
144.76.81.229 - - [20/Jun/2020:02:32:38 -0700] "GET /2019/is-that-the-original-willard-and-the?_t=rss HTTP/1.1" 200 5153 "-" "Mozilla/5.0 (compatible; MJ12bot/v1.4.8; http://mj12bot.com/)" 
144.76.81.229 - - [20/Jun/2020:02:32:41 -0700] "GET /2019/it-worked-well-done-are-you-also?_t=rss HTTP/1.1" 200 5119 "-" "Mozilla/5.0 (compatible; MJ12bot/v1.4.8; http://mj12bot.com/)" 
144.76.81.229 - - [20/Jun/2020:02:32:44 -0700] "GET /2019/ive-always-fond-rss-indispensable-as-for?_t=rss HTTP/1.1" 200 5269 "-" "Mozilla/5.0 (compatible; MJ12bot/v1.4.8; http://mj12bot.com/)" 
144.76.81.229 - - [20/Jun/2020:02:32:52 -0700] "GET /2019/ive-never-before-grown-ancho-peppers-so-this-is-quite?_t=rss HTTP/1.1" 200 5426 "-" "Mozilla/5.0 (compatible; MJ12bot/v1.4.8; http://mj12bot.com/)" 
144.76.81.229 - - [20/Jun/2020:02:32:56 -0700] "GET /2019/jamesksowerby-indeed-elizabeth-david-did-not-think?_t=rss HTTP/1.1" 200 5269 "-" "Mozilla/5.0 (compatible; MJ12bot/v1.4.8; http://mj12bot.com/)" 
144.76.81.229 - - [20/Jun/2020:02:32:59 -0700] "GET /2019/jeremy-cherfas-is-looking-at-rankin-photography-on-instagram-for?_t=rss HTTP/1.1" 200 5396 "-" "Mozilla/5.0 (compatible; MJ12bot/v1.4.8; http://mj12bot.com/)" 
144.76.81.229 - - [20/Jun/2020:02:33:03 -0700] "GET /2019/jojolemon-i-hope-you-win-too-and?_t=rss HTTP/1.1" 200 5130 "-" "Mozilla/5.0 (compatible; MJ12bot/v1.4.8; http://mj12bot.com/)" 
46.229.168.132 - - [20/Jun/2020:02:33:04 -0700] "GET /2020/the-real-reason-i-love-faber-castell-of-course-one HTTP/1.1" 200 9412 "-" "Mozilla/5.0 (compatible; SemrushBot/6~bl; +http://www.semrush.com/bot.html)" 
144.76.81.229 - - [20/Jun/2020:02:33:08 -0700] "GET /2019/just-wondering-why-adactios-sparklines-contasin-only?_t=rss HTTP/1.1" 200 5213 "-" "Mozilla/5.0 (compatible; MJ12bot/v1.4.8; http://mj12bot.com/)" 
144.76.81.229 - - [20/Jun/2020:02:33:12 -0700] "GET /2019/latest-episode-celebrating-passover-and-easterthere-are-lots-of-ritual?_t=rss HTTP/1.1" 200 5584 "-" "Mozilla/5.0 (compatible; MJ12bot/v1.4.8; http://mj12bot.com/)" 
144.76.81.229 - - [20/Jun/2020:02:33:15 -0700] "GET /2019/latest-episode-continues-the-champagne-story-all-the-way-to?_t=rss HTTP/1.1" 200 5461 "-" "Mozilla/5.0 (compatible; MJ12bot/v1.4.8; http://mj12bot.com/)" 
46.229.168.140 - - [20/Jun/2020:02:33:17 -0700] "GET /?offset=10&q=%23quill HTTP/1.1" 200 10788 "-" "Mozilla/5.0 (compatible; SemrushBot/6~bl; +http://www.semrush.com/bot.html)" 
144.76.81.229 - - [20/Jun/2020:02:33:19 -0700] "GET /2019/latest-episode-of-the-podcast-hears-about-laos-and-its?_t=rss HTTP/1.1" 200 5470 "-" "Mozilla/5.0 (compatible; MJ12bot/v1.4.8; http://mj12bot.com/)" 
144.76.81.229 - - [20/Jun/2020:02:33:22 -0700] "GET /2019/medium-tests-to-save-webpages-from-the-internet?_t=rss HTTP/1.1" 200 5322 "-" "Mozilla/5.0 (compatible; MJ12bot/v1.4.8; http://mj12bot.com/)" 
144.76.81.229 - - [20/Jun/2020:02:33:32 -0700] "GET /2019/my-sourdough-leaven-active-and-spongy-and-ready-to-do?_t=rss HTTP/1.1" 200 5735 "-" "Mozilla/5.0 (compatible; MJ12bot/v1.4.8; http://mj12bot.com/)" 
144.76.81.229 - - [20/Jun/2020:02:33:34 -0700] "GET /2019/negroni-oclock?_t=rss HTTP/1.1" 200 5302 "-" "Mozilla/5.0 (compatible; MJ12bot/v1.4.8; http://mj12bot.com/)" 
144.76.81.229 - - [20/Jun/2020:02:33:38 -0700] "GET /2019/nice-result-for-the-3-flour-rustic-after-gentle-handling?_t=rss HTTP/1.1" 200 5383 "-" "Mozilla/5.0 (compatible; MJ12bot/v1.4.8; http://mj12bot.com/)" 
46.229.168.129 - - [20/Jun/2020:02:33:41 -0700] "GET /content/all/?offset=120&q=%23%2B%23IndieWeb HTTP/1.1" 200 11508 "-" "Mozilla/5.0 (compatible; SemrushBot/6~bl; +http://www.semrush.com/bot.html)" 
144.76.81.229 - - [20/Jun/2020:02:33:42 -0700] "GET /2019/noffle-i-know-absolutely-nothing-about-server?_t=rss HTTP/1.1" 200 5164 "-" "Mozilla/5.0 (compatible; MJ12bot/v1.4.8; http://mj12bot.com/)" 
144.76.81.229 - - [20/Jun/2020:02:33:45 -0700] "GET /2019/not-exactly-a-fuckedloaf-because-despite-the-spreading-and-lack?_t=rss HTTP/1.1" 200 5509 "-" "Mozilla/5.0 (compatible; MJ12bot/v1.4.8; http://mj12bot.com/)" 
144.76.81.229 - - [20/Jun/2020:02:33:48 -0700] "GET /2019/not-much-of-a-harvest-this-year-but-stocks-are?_t=rss HTTP/1.1" 200 5393 "-" "Mozilla/5.0 (compatible; MJ12bot/v1.4.8; http://mj12bot.com/)" 
144.76.81.229 - - [20/Jun/2020:02:33:51 -0700] "GET /2019/notes-weve-got-blog-2002?_t=rss HTTP/1.1" 200 5302 "-" "Mozilla/5.0 (compatible; MJ12bot/v1.4.8; http://mj12bot.com/)" 
144.76.81.229 - - [20/Jun/2020:02:33:54 -0700] "GET /2019/now-to-wait-and-see-and-hope-that-i-havent?_t=rss HTTP/1.1" 200 5411 "-" "Mozilla/5.0 (compatible; MJ12bot/v1.4.8; http://mj12bot.com/)" 
144.76.81.229 - - [20/Jun/2020:02:33:57 -0700] "GET /2019/nutrition-and-agriculture-research-some-thoughts?_t=rss HTTP/1.1" 200 5258 "-" "Mozilla/5.0 (compatible; MJ12bot/v1.4.8; http://mj12bot.com/)" 
144.76.81.229 - - [20/Jun/2020:02:34:03 -0700] "GET /2019/on-blogging-ethics-and-thin-skin---brettterpstracom?_t=rss HTTP/1.1" 200 5155 "-" "Mozilla/5.0 (compatible; MJ12bot/v1.4.8; http://mj12bot.com/)" 
144.76.81.229 - - [20/Jun/2020:02:34:07 -0700] "GET /2019/on-the-caustic-focus-on-temporality-in-social-media?_t=rss HTTP/1.1" 200 5081 "-" "Mozilla/5.0 (compatible; MJ12bot/v1.4.8; http://mj12bot.com/)" 
144.76.81.229 - - [20/Jun/2020:02:34:11 -0700] "GET /2019/ongoing-by-tim-bray-pink-floyd-dad-jokes?_t=rss HTTP/1.1" 200 5161 "-" "Mozilla/5.0 (compatible; MJ12bot/v1.4.8; http://mj12bot.com/)" 
17.58.102.79 - - [20/Jun/2020:02:34:16 -0700] "GET /2019/really-real HTTP/1.1" 200 9920 "-" "Mozilla/5.0 (Macintosh; Intel Mac OS X 10_15_5) AppleWebKit/605.1.15 (KHTML, like Gecko) Version/13.1.1 Safari/605.1.15 (Applebot/0.1; +http://www.apple.com/go/applebot)" 
144.76.81.229 - - [20/Jun/2020:02:34:17 -0700] "GET /2019/pasta-puttanesca-with-homemade-capperi?_t=rss HTTP/1.1" 200 5342 "-" "Mozilla/5.0 (compatible; MJ12bot/v1.4.8; http://mj12bot.com/)" 
144.76.81.229 - - [20/Jun/2020:02:34:20 -0700] "GET /2019/pay-no-attention-im-actually-testing-my-photos-to-try?_t=rss HTTP/1.1" 200 5502 "-" "Mozilla/5.0 (compatible; MJ12bot/v1.4.8; http://mj12bot.com/)" 
144.76.81.229 - - [20/Jun/2020:02:34:22 -0700] "GET /2019/perfection?_t=rss HTTP/1.1" 200 5274 "-" "Mozilla/5.0 (compatible; MJ12bot/v1.4.8; http://mj12bot.com/)" 
144.76.81.229 - - [20/Jun/2020:02:34:25 -0700] "GET /2019/podcasts-are-not-radio-shows-or-at?_t=rss HTTP/1.1" 200 5149 "-" "Mozilla/5.0 (compatible; MJ12bot/v1.4.8; http://mj12bot.com/)" 
144.76.81.229 - - [20/Jun/2020:02:34:27 -0700] "GET /2019/preparing-for-this-weeks-bake-of-super-seedy-just-one-of?_t=rss HTTP/1.1" 200 5587 "-" "Mozilla/5.0 (compatible; MJ12bot/v1.4.8; http://mj12bot.com/)" 
144.76.81.229 - - [20/Jun/2020:02:34:31 -0700] "GET /2019/prime-buns-waiting-to-prove?_t=rss HTTP/1.1" 200 5321 "-" "Mozilla/5.0 (compatible; MJ12bot/v1.4.8; http://mj12bot.com/)" 
144.76.81.229 - - [20/Jun/2020:02:34:34 -0700] "GET /2019/pro-meat-campaign-may-have-turned-some-social-media-users-against?_t=rss HTTP/1.1" 200 5359 "-" "Mozilla/5.0 (compatible; MJ12bot/v1.4.8; http://mj12bot.com/)" 
144.76.81.229 - - [20/Jun/2020:02:34:37 -0700] "GET /2019/quite-by-coincidence-im-sure-i-just?_t=rss HTTP/1.1" 200 5310 "-" "Mozilla/5.0 (compatible; MJ12bot/v1.4.8; http://mj12bot.com/)" 
144.76.81.229 - - [20/Jun/2020:02:34:41 -0700] "GET /2019/really-tonz-you-shouldnt-be-meddling-in?_t=rss HTTP/1.1" 200 5179 "-" "Mozilla/5.0 (compatible; MJ12bot/v1.4.8; http://mj12bot.com/)" 
144.76.81.229 - - [20/Jun/2020:02:34:44 -0700] "GET /2019/reddits-best-mindblowing-facts-of-all-time?_t=rss HTTP/1.1" 200 5287 "-" "Mozilla/5.0 (compatible; MJ12bot/v1.4.8; http://mj12bot.com/)" 
144.76.81.229 - - [20/Jun/2020:02:34:51 -0700] "GET /2019/rest?_t=rss HTTP/1.1" 200 5265 "-" "Mozilla/5.0 (compatible; MJ12bot/v1.4.8; http://mj12bot.com/)" 
144.76.81.229 - - [20/Jun/2020:02:34:59 -0700] "GET /2019/saturday-night-special-winner-chicken-dinner?_t=rss HTTP/1.1" 200 5350 "-" "Mozilla/5.0 (compatible; MJ12bot/v1.4.8; http://mj12bot.com/)" 
144.76.81.229 - - [20/Jun/2020:02:35:03 -0700] "GET /2019/seen-in-the-palazzo-esposizione-nicolakidsbooks-in-the-wild?_t=rss HTTP/1.1" 200 5384 "-" "Mozilla/5.0 (compatible; MJ12bot/v1.4.8; http://mj12bot.com/)" 
144.76.81.229 - - [20/Jun/2020:02:35:06 -0700] "GET /2019/seven-hours-later?_t=rss HTTP/1.1" 200 5296 "-" "Mozilla/5.0 (compatible; MJ12bot/v1.4.8; http://mj12bot.com/)" 
144.76.81.229 - - [20/Jun/2020:02:35:11 -0700] "GET /2019/slowly-developing-an-interest-in-bonsai-and?_t=rss HTTP/1.1" 200 5279 "-" "Mozilla/5.0 (compatible; MJ12bot/v1.4.8; http://mj12bot.com/)" 
144.76.81.229 - - [20/Jun/2020:02:35:14 -0700] "GET /2019/smoky-and-peaty-a-fine-end-to-a-dank-gray?_t=rss HTTP/1.1" 200 5365 "-" "Mozilla/5.0 (compatible; MJ12bot/v1.4.8; http://mj12bot.com/)" 
144.76.81.229 - - [20/Jun/2020:02:35:21 -0700] "GET /2019/so-exciting-the-anticipation?_t=rss HTTP/1.1" 200 5317 "-" "Mozilla/5.0 (compatible; MJ12bot/v1.4.8; http://mj12bot.com/)" 
144.76.81.229 - - [20/Jun/2020:02:35:26 -0700] "GET /2019/so-good-to-be-back-home-after?_t=rss HTTP/1.1" 200 5071 "-" "Mozilla/5.0 (compatible; MJ12bot/v1.4.8; http://mj12bot.com/)" 
144.76.81.229 - - [20/Jun/2020:02:35:31 -0700] "GET /2019/some-observations-re-craig-newmark-craigslist-journalism-and-our-information?_t=rss HTTP/1.1" 200 5289 "-" "Mozilla/5.0 (compatible; MJ12bot/v1.4.8; http://mj12bot.com/)" 
144.76.81.229 - - [20/Jun/2020:02:35:34 -0700] "GET /2019/somewhat-lacking-in-religious-symbolism-but-thats-ok-as-far?_t=rss HTTP/1.1" 200 5417 "-" "Mozilla/5.0 (compatible; MJ12bot/v1.4.8; http://mj12bot.com/)" 
144.76.81.229 - - [20/Jun/2020:02:35:37 -0700] "GET /2019/sparkline-sound-off-chris-burnell?_t=rss HTTP/1.1" 200 5127 "-" "Mozilla/5.0 (compatible; MJ12bot/v1.4.8; http://mj12bot.com/)" 
144.76.81.229 - - [20/Jun/2020:02:35:40 -0700] "GET /2019/spices-allspice-cinnamon-cloves-cumin-and-nutmeg-half-a-teaspoon?_t=rss HTTP/1.1" 200 5421 "-" "Mozilla/5.0 (compatible; MJ12bot/v1.4.8; http://mj12bot.com/)" 
144.76.81.229 - - [20/Jun/2020:02:35:43 -0700] "GET /2019/srsly?_t=rss HTTP/1.1" 200 5269 "-" "Mozilla/5.0 (compatible; MJ12bot/v1.4.8; http://mj12bot.com/)" 
144.76.81.229 - - [20/Jun/2020:02:35:46 -0700] "GET /2019/such-a-busy-evening?_t=rss HTTP/1.1" 200 5302 "-" "Mozilla/5.0 (compatible; MJ12bot/v1.4.8; http://mj12bot.com/)" 
144.76.81.229 - - [20/Jun/2020:02:35:49 -0700] "GET /2019/sugartraffic-so-true-also-gives-me-an?_t=rss HTTP/1.1" 200 5353 "-" "Mozilla/5.0 (compatible; MJ12bot/v1.4.8; http://mj12bot.com/)" 
46.229.168.162 - - [20/Jun/2020:02:35:51 -0700] "GET /tag/RSS HTTP/1.1" 200 9102 "-" "Mozilla/5.0 (compatible; SemrushBot/6~bl; +http://www.semrush.com/bot.html)" 
144.76.81.229 - - [20/Jun/2020:02:35:52 -0700] "GET /2019/surely-the-very-best-reason-to-pay?_t=rss HTTP/1.1" 200 5249 "-" "Mozilla/5.0 (compatible; MJ12bot/v1.4.8; http://mj12bot.com/)" 
144.76.81.229 - - [20/Jun/2020:02:35:58 -0700] "GET /2019/sydney-brenner-19272019?_t=rss HTTP/1.1" 200 5256 "-" "Mozilla/5.0 (compatible; MJ12bot/v1.4.8; http://mj12bot.com/)" 
144.76.81.229 - - [20/Jun/2020:02:36:02 -0700] "GET /2019/table-for-one-from-dearlovelucy-still-open-for-business-at?_t=rss HTTP/1.1" 200 5462 "-" "Mozilla/5.0 (compatible; MJ12bot/v1.4.8; http://mj12bot.com/)" 
144.76.81.229 - - [20/Jun/2020:02:36:07 -0700] "GET /2019/take-my-wife-please?_t=rss HTTP/1.1" 200 5136 "-" "Mozilla/5.0 (compatible; MJ12bot/v1.4.8; http://mj12bot.com/)" 
144.76.81.229 - - [20/Jun/2020:02:36:11 -0700] "GET /2019/that-is-one-big-mushroom-15-cm-across-the-cap?_t=rss HTTP/1.1" 200 5445 "-" "Mozilla/5.0 (compatible; MJ12bot/v1.4.8; http://mj12bot.com/)" 
144.76.81.229 - - [20/Jun/2020:02:36:14 -0700] "GET /2019/the-air-is-cold-and-the-sun-is-warm-so?_t=rss HTTP/1.1" 200 5372 "-" "Mozilla/5.0 (compatible; MJ12bot/v1.4.8; http://mj12bot.com/)" 
144.76.81.229 - - [20/Jun/2020:02:36:17 -0700] "GET /2019/the-big-problem-with-the-quotall-food?_t=rss HTTP/1.1" 200 5248 "-" "Mozilla/5.0 (compatible; MJ12bot/v1.4.8; http://mj12bot.com/)" 
144.76.81.229 - - [20/Jun/2020:02:36:25 -0700] "GET /2019/the-joys-of-flaneuring-the-food-archive?_t=rss HTTP/1.1" 200 5314 "-" "Mozilla/5.0 (compatible; MJ12bot/v1.4.8; http://mj12bot.com/)" 
144.76.81.229 - - [20/Jun/2020:02:36:28 -0700] "GET /2019/the-last-decade-10-things-we-got-right-wrong-givedirectly?_t=rss HTTP/1.1" 200 5218 "-" "Mozilla/5.0 (compatible; MJ12bot/v1.4.8; http://mj12bot.com/)" 
144.76.81.229 - - [20/Jun/2020:02:36:31 -0700] "GET /2019/the-latest-episode-hears-a-freelance-food-historian-talk-about?_t=rss HTTP/1.1" 200 5550 "-" "Mozilla/5.0 (compatible; MJ12bot/v1.4.8; http://mj12bot.com/)" 
46.229.168.141 - - [20/Jun/2020:02:36:37 -0700] "GET /file/dad53744bc56216def526e35eb39d7dc/f611216223ce0a165b7445cccb71c63e HTTP/1.1" 200 179533 "-" "Mozilla/5.0 (compatible; SemrushBot/6~bl; +http://www.semrush.com/bot.html)" 
144.76.81.229 - - [20/Jun/2020:02:36:38 -0700] "GET /2019/the-light-was-actually-even-better-than-this-snap?_t=rss HTTP/1.1" 200 5370 "-" "Mozilla/5.0 (compatible; MJ12bot/v1.4.8; http://mj12bot.com/)" 
46.229.168.131 - - [20/Jun/2020:02:36:40 -0700] "GET /?offset=20&q=%23Sourdough HTTP/1.1" 200 11687 "-" "Mozilla/5.0 (compatible; SemrushBot/6~bl; +http://www.semrush.com/bot.html)" 
144.76.81.229 - - [20/Jun/2020:02:36:42 -0700] "GET /2019/the-new-wilderness-idle-words HTTP/1.1" 200 9553 "-" "Mozilla/5.0 (compatible; MJ12bot/v1.4.8; http://mj12bot.com/)" 
46.229.168.134 - - [20/Jun/2020:02:36:45 -0700] "GET /2018/slices-up-nice-too HTTP/1.1" 200 14399 "-" "Mozilla/5.0 (compatible; SemrushBot/6~bl; +http://www.semrush.com/bot.html)" 
144.76.81.229 - - [20/Jun/2020:02:36:45 -0700] "GET /2019/the-stranding-of-the-mv-shokalskiy-idle-words HTTP/1.1" 200 9341 "-" "Mozilla/5.0 (compatible; MJ12bot/v1.4.8; http://mj12bot.com/)" 
144.76.81.229 - - [20/Jun/2020:02:36:49 -0700] "GET /2019/the-sweet-life HTTP/1.1" 200 12485 "-" "Mozilla/5.0 (compatible; MJ12bot/v1.4.8; http://mj12bot.com/)" 
144.76.81.229 - - [20/Jun/2020:02:36:52 -0700] "GET /2019/the-very-few-occasions-on-which-someones HTTP/1.1" 200 10007 "-" "Mozilla/5.0 (compatible; MJ12bot/v1.4.8; http://mj12bot.com/)" 
144.76.81.229 - - [20/Jun/2020:02:36:55 -0700] "GET /2019/the-webs-arrow-of-time-parallel-transport?_t=rss HTTP/1.1" 200 5154 "-" "Mozilla/5.0 (compatible; MJ12bot/v1.4.8; http://mj12bot.com/)" 
144.76.81.229 - - [20/Jun/2020:02:36:57 -0700] "GET /2019/then-they-get-shaped-and-have-another-rest?_t=rss HTTP/1.1" 200 5350 "-" "Mozilla/5.0 (compatible; MJ12bot/v1.4.8; http://mj12bot.com/)" 
144.76.81.229 - - [20/Jun/2020:02:37:00 -0700] "GET /2019/thesugarchef-how-strange-that-the-tweet-to?_t=rss HTTP/1.1" 200 5269 "-" "Mozilla/5.0 (compatible; MJ12bot/v1.4.8; http://mj12bot.com/)" 
144.76.81.229 - - [20/Jun/2020:02:37:04 -0700] "GET /2019/this-is-exciting-the-first-ever-print-issue-from-bread-magazinecom?_t=rss HTTP/1.1" 200 5425 "-" "Mozilla/5.0 (compatible; MJ12bot/v1.4.8; http://mj12bot.com/)" 
144.76.81.229 - - [20/Jun/2020:02:37:10 -0700] "GET /2019/this-post-opened-a-whole-can-of?_t=rss HTTP/1.1" 200 5586 "-" "Mozilla/5.0 (compatible; MJ12bot/v1.4.8; http://mj12bot.com/)" 
144.76.81.229 - - [20/Jun/2020:02:37:19 -0700] "GET /2019/tim-harford-article-hug-your-enemy-rather-than-wrestling-the?_t=rss HTTP/1.1" 200 5377 "-" "Mozilla/5.0 (compatible; MJ12bot/v1.4.8; http://mj12bot.com/)" 
46.229.168.141 - - [20/Jun/2020:02:37:20 -0700] "GET /?offset=113&q=%23indieweb HTTP/1.1" 200 11960 "-" "Mozilla/5.0 (compatible; SemrushBot/6~bl; +http://www.semrush.com/bot.html)" 
144.76.81.229 - - [20/Jun/2020:02:37:22 -0700] "GET /2019/tim-harford-should-we-take-a-few-long-holidays-or HTTP/1.1" 200 9468 "-" "Mozilla/5.0 (compatible; MJ12bot/v1.4.8; http://mj12bot.com/)" 
144.76.81.229 - - [20/Jun/2020:02:37:25 -0700] "GET /2019/today-i-will-mostly-be-making-hot-cross-buns-leavened HTTP/1.1" 200 14499 "-" "Mozilla/5.0 (compatible; MJ12bot/v1.4.8; http://mj12bot.com/)" 
144.76.81.229 - - [20/Jun/2020:02:37:29 -0700] "GET /2019/tons-post-about-his-first-edit-of?_t=rss HTTP/1.1" 200 5160 "-" "Mozilla/5.0 (compatible; MJ12bot/v1.4.8; http://mj12bot.com/)" 
144.76.81.229 - - [20/Jun/2020:02:37:34 -0700] "GET /2019/uk-podcast-listeners-willing-to-pay-4?_t=rss HTTP/1.1" 200 5254 "-" "Mozilla/5.0 (compatible; MJ12bot/v1.4.8; http://mj12bot.com/)" 
144.76.81.229 - - [20/Jun/2020:02:37:38 -0700] "GET /2019/untitled-25?_t=rss HTTP/1.1" 200 5276 "-" "Mozilla/5.0 (compatible; MJ12bot/v1.4.8; http://mj12bot.com/)" 
144.76.81.229 - - [20/Jun/2020:02:37:44 -0700] "GET /2019/usk?_t=rss HTTP/1.1" 200 5262 "-" "Mozilla/5.0 (compatible; MJ12bot/v1.4.8; http://mj12bot.com/)" 
46.229.168.152 - - [20/Jun/2020:02:37:48 -0700] "GET /2017/really-interested-in-being-able-to-use-foursquare-to-log HTTP/1.1" 200 9488 "-" "Mozilla/5.0 (compatible; SemrushBot/6~bl; +http://www.semrush.com/bot.html)" 
144.76.81.229 - - [20/Jun/2020:02:37:52 -0700] "GET /2019/very-peeved-time-machine-can-no-longer HTTP/1.1" 200 9322 "-" "Mozilla/5.0 (compatible; MJ12bot/v1.4.8; http://mj12bot.com/)" 
144.76.81.229 - - [20/Jun/2020:02:37:55 -0700] "GET /2019/very-peeved-time-machine-can-no-longer?_t=rss HTTP/1.1" 200 5152 "-" "Mozilla/5.0 (compatible; MJ12bot/v1.4.8; http://mj12bot.com/)" 
144.76.81.229 - - [20/Jun/2020:02:38:01 -0700] "GET /2019/view-from-henbant-fawr-where-we-are-staying HTTP/1.1" 200 11976 "-" "Mozilla/5.0 (compatible; MJ12bot/v1.4.8; http://mj12bot.com/)" 
144.76.81.229 - - [20/Jun/2020:02:38:07 -0700] "GET /2019/view-from-henbant-fawr-where-we-are-staying?_t=rss HTTP/1.1" 200 5359 "-" "Mozilla/5.0 (compatible; MJ12bot/v1.4.8; http://mj12bot.com/)" 
144.76.81.229 - - [20/Jun/2020:02:38:11 -0700] "GET /2019/waiting-for-our-sea-bream HTTP/1.1" 200 11602 "-" "Mozilla/5.0 (compatible; MJ12bot/v1.4.8; http://mj12bot.com/)" 
64.111.100.215 - - [20/Jun/2020:02:38:12 -0700] "GET /content/all?_t=rss HTTP/1.1" 200 13896 "-" "Mozilla/5.0 (X11; U; Linux i686; fr; rv:1.9.1.1) Gecko/20090715 Firefox/3.5.1" 
144.76.81.229 - - [20/Jun/2020:02:38:14 -0700] "GET /2019/walk-vs-hike-ridgeline-issue-030 HTTP/1.1" 200 9481 "-" "Mozilla/5.0 (compatible; MJ12bot/v1.4.8; http://mj12bot.com/)" 
144.76.81.229 - - [20/Jun/2020:02:38:17 -0700] "GET /2019/we-built-a-legal-facial-recognition-machine-for-60-theoretica?_t=rss HTTP/1.1" 200 5322 "-" "Mozilla/5.0 (compatible; MJ12bot/v1.4.8; http://mj12bot.com/)" 
144.76.81.229 - - [20/Jun/2020:02:38:21 -0700] "GET /2019/we-have-lemon-we-have-rosemary-we-have-leaven-flours?_t=rss HTTP/1.1" 200 5395 "-" "Mozilla/5.0 (compatible; MJ12bot/v1.4.8; http://mj12bot.com/)" 
144.76.81.229 - - [20/Jun/2020:02:38:24 -0700] "GET /2019/well-just-fancy-that HTTP/1.1" 200 9421 "-" "Mozilla/5.0 (compatible; MJ12bot/v1.4.8; http://mj12bot.com/)" 
144.76.81.229 - - [20/Jun/2020:02:38:27 -0700] "GET /2019/well-that-was-a-bit-of-a-long-day HTTP/1.1" 200 9460 "-" "Mozilla/5.0 (compatible; MJ12bot/v1.4.8; http://mj12bot.com/)" 
144.76.81.229 - - [20/Jun/2020:02:38:31 -0700] "GET /2019/well-that-was-a-bit-of-a-long-day?_t=rss HTTP/1.1" 200 5338 "-" "Mozilla/5.0 (compatible; MJ12bot/v1.4.8; http://mj12bot.com/)" 
144.76.81.229 - - [20/Jun/2020:02:38:34 -0700] "GET /2019/what-gets-me-about-jason-shaving-in HTTP/1.1" 200 9458 "-" "Mozilla/5.0 (compatible; MJ12bot/v1.4.8; http://mj12bot.com/)" 
144.76.81.229 - - [20/Jun/2020:02:38:37 -0700] "GET /2019/what-gets-me-about-jason-shaving-in?_t=rss HTTP/1.1" 200 5174 "-" "Mozilla/5.0 (compatible; MJ12bot/v1.4.8; http://mj12bot.com/)" 
46.229.168.140 - - [20/Jun/2020:02:38:38 -0700] "GET /content/statusupdates/?q=%23AMRhub HTTP/1.1" 200 8312 "-" "Mozilla/5.0 (compatible; SemrushBot/6~bl; +http://www.semrush.com/bot.html)" 
144.76.81.229 - - [20/Jun/2020:02:38:45 -0700] "GET /2019/what-magic-is-this-app3ef086df04musical-chord-progression-arpeggiator-found-thanks?_t=rss HTTP/1.1" 200 5345 "-" "Mozilla/5.0 (compatible; MJ12bot/v1.4.8; http://mj12bot.com/)" 
144.76.81.229 - - [20/Jun/2020:02:38:49 -0700] "GET /2019/when-google-translate-lets-you-down-because HTTP/1.1" 200 9542 "-" "Mozilla/5.0 (compatible; MJ12bot/v1.4.8; http://mj12bot.com/)" 
144.76.81.229 - - [20/Jun/2020:02:38:53 -0700] "GET /2019/when-it-comes-to-mushrooms-always-best HTTP/1.1" 200 9500 "-" "Mozilla/5.0 (compatible; MJ12bot/v1.4.8; http://mj12bot.com/)" 
144.76.81.229 - - [20/Jun/2020:02:38:56 -0700] "GET /2019/when-should-you-start-a-new-note-zettelkasten-forum HTTP/1.1" 200 9445 "-" "Mozilla/5.0 (compatible; MJ12bot/v1.4.8; http://mj12bot.com/)" 
144.76.81.229 - - [20/Jun/2020:02:38:59 -0700] "GET /2019/when-should-you-start-a-new-note-zettelkasten-forum?_t=rss HTTP/1.1" 200 5315 "-" "Mozilla/5.0 (compatible; MJ12bot/v1.4.8; http://mj12bot.com/)" 
144.76.81.229 - - [20/Jun/2020:02:39:07 -0700] "GET /2019/where-to-push-for-greater-food-safety?_t=rss HTTP/1.1" 200 5344 "-" "Mozilla/5.0 (compatible; MJ12bot/v1.4.8; http://mj12bot.com/)" 
144.76.81.229 - - [20/Jun/2020:02:39:16 -0700] "GET /2019/who-is-the-real-dice-man-the-elusive-writer-behind HTTP/1.1" 200 9516 "-" "Mozilla/5.0 (compatible; MJ12bot/v1.4.8; http://mj12bot.com/)" 
144.76.81.229 - - [20/Jun/2020:02:39:21 -0700] "GET /2019/who-is-the-real-dice-man-the-elusive-writer-behind?_t=rss HTTP/1.1" 200 5372 "-" "Mozilla/5.0 (compatible; MJ12bot/v1.4.8; http://mj12bot.com/)" 
144.76.81.229 - - [20/Jun/2020:02:39:27 -0700] "GET /2019/xkcd-invisible-formatting?_t=rss HTTP/1.1" 200 5065 "-" "Mozilla/5.0 (compatible; MJ12bot/v1.4.8; http://mj12bot.com/)" 
144.76.81.229 - - [20/Jun/2020:02:39:29 -0700] "GET /2019/yes-i-just-registered-for-indie-web-camp-brighton-2019?_t=rss HTTP/1.1" 200 5292 "-" "Mozilla/5.0 (compatible; MJ12bot/v1.4.8; http://mj12bot.com/)" 
144.76.81.229 - - [20/Jun/2020:02:39:33 -0700] "GET /2019/yes-if-you-still-need-one?_t=rss HTTP/1.1" 200 5078 "-" "Mozilla/5.0 (compatible; MJ12bot/v1.4.8; http://mj12bot.com/)" 
144.76.81.229 - - [20/Jun/2020:02:39:35 -0700] "GET /2019/yum HTTP/1.1" 200 14190 "-" "Mozilla/5.0 (compatible; MJ12bot/v1.4.8; http://mj12bot.com/)" 
46.229.168.132 - - [20/Jun/2020:02:39:36 -0700] "GET /?offset=120&q=%23indieweb HTTP/1.1" 200 11462 "-" "Mozilla/5.0 (compatible; SemrushBot/6~bl; +http://www.semrush.com/bot.html)" 
144.76.81.229 - - [20/Jun/2020:02:39:41 -0700] "GET /content/bookmarkedpages/?_t=rss HTTP/1.1" 200 7003 "-" "Mozilla/5.0 (compatible; MJ12bot/v1.4.8; http://mj12bot.com/)" 
144.76.81.229 - - [20/Jun/2020:02:39:45 -0700] "GET /content/bookmarkedpages/?offset=0&_t=rss HTTP/1.1" 200 7018 "-" "Mozilla/5.0 (compatible; MJ12bot/v1.4.8; http://mj12bot.com/)" 
144.76.81.229 - - [20/Jun/2020:02:39:49 -0700] "GET /content/bookmarkedpages/?offset=10&_t=rss HTTP/1.1" 200 7400 "-" "Mozilla/5.0 (compatible; MJ12bot/v1.4.8; http://mj12bot.com/)" 
144.76.81.229 - - [20/Jun/2020:02:39:53 -0700] "GET /content/bookmarkedpages/?offset=110&_t=rss HTTP/1.1" 200 7234 "-" "Mozilla/5.0 (compatible; MJ12bot/v1.4.8; http://mj12bot.com/)" 
144.76.81.229 - - [20/Jun/2020:02:39:56 -0700] "GET /content/bookmarkedpages/?offset=140&_t=rss HTTP/1.1" 200 6660 "-" "Mozilla/5.0 (compatible; MJ12bot/v1.4.8; http://mj12bot.com/)" 
144.76.81.229 - - [20/Jun/2020:02:39:59 -0700] "GET /content/bookmarkedpages/?offset=160&_t=rss HTTP/1.1" 200 6651 "-" "Mozilla/5.0 (compatible; MJ12bot/v1.4.8; http://mj12bot.com/)" 
144.76.81.229 - - [20/Jun/2020:02:40:02 -0700] "GET /content/bookmarkedpages/?offset=20&_t=rss HTTP/1.1" 200 7341 "-" "Mozilla/5.0 (compatible; MJ12bot/v1.4.8; http://mj12bot.com/)" 
144.76.81.229 - - [20/Jun/2020:02:40:07 -0700] "GET /content/bookmarkedpages/?offset=40&_t=rss HTTP/1.1" 200 7580 "-" "Mozilla/5.0 (compatible; MJ12bot/v1.4.8; http://mj12bot.com/)" 
46.229.168.149 - - [20/Jun/2020:02:40:10 -0700] "GET /2017/thats-quite-enough-rest-wholewheat-with-a-multigrain-soaker HTTP/1.1" 200 10940 "-" "Mozilla/5.0 (compatible; SemrushBot/6~bl; +http://www.semrush.com/bot.html)" 
144.76.81.229 - - [20/Jun/2020:02:40:11 -0700] "GET /content/bookmarkedpages/?offset=50&_t=rss HTTP/1.1" 200 7166 "-" "Mozilla/5.0 (compatible; MJ12bot/v1.4.8; http://mj12bot.com/)" 
144.76.81.229 - - [20/Jun/2020:02:40:13 -0700] "GET /content/bookmarkedpages/?offset=60&_t=rss HTTP/1.1" 200 6657 "-" "Mozilla/5.0 (compatible; MJ12bot/v1.4.8; http://mj12bot.com/)" 
144.76.81.229 - - [20/Jun/2020:02:40:18 -0700] "GET /content/bookmarkedpages/?offset=70&_t=rss HTTP/1.1" 200 7291 "-" "Mozilla/5.0 (compatible; MJ12bot/v1.4.8; http://mj12bot.com/)" 
144.76.81.229 - - [20/Jun/2020:02:40:22 -0700] "GET /content/bookmarkedpages/?offset=80&_t=rss HTTP/1.1" 200 6971 "-" "Mozilla/5.0 (compatible; MJ12bot/v1.4.8; http://mj12bot.com/)" 
144.76.81.229 - - [20/Jun/2020:02:40:27 -0700] "GET /content/bookmarkedpages/?offset=90&_t=rss HTTP/1.1" 200 6619 "-" "Mozilla/5.0 (compatible; MJ12bot/v1.4.8; http://mj12bot.com/)" 
144.76.81.229 - - [20/Jun/2020:02:40:30 -0700] "GET /content/bookmarkedpages/?q=%23%20%23%23indieweb&offset=10&_t=rss HTTP/1.1" 200 7113 "-" "Mozilla/5.0 (compatible; MJ12bot/v1.4.8; http://mj12bot.com/)" 
144.76.81.229 - - [20/Jun/2020:02:40:34 -0700] "GET /content/bookmarkedpages/?q=%23%20%23%23indieweb&offset=20&_t=rss HTTP/1.1" 200 7992 "-" "Mozilla/5.0 (compatible; MJ12bot/v1.4.8; http://mj12bot.com/)" 
144.76.81.229 - - [20/Jun/2020:02:40:36 -0700] "GET /content/bookmarkedpages/?q=%23%20%23%23indieweb&offset=29&_t=rss HTTP/1.1" 200 6134 "-" "Mozilla/5.0 (compatible; MJ12bot/v1.4.8; http://mj12bot.com/)" 
144.76.81.229 - - [20/Jun/2020:02:40:39 -0700] "GET /content/bookmarkedpages/?q=%23%20%23%23indieweb&offset=30&_t=rss HTTP/1.1" 200 5975 "-" "Mozilla/5.0 (compatible; MJ12bot/v1.4.8; http://mj12bot.com/)" 
144.76.81.229 - - [20/Jun/2020:02:40:42 -0700] "GET /content/bookmarkedpages/?q=%23%20%23Rome&_t=rss HTTP/1.1" 200 4812 "-" "Mozilla/5.0 (compatible; MJ12bot/v1.4.8; http://mj12bot.com/)" 
144.76.81.229 - - [20/Jun/2020:02:40:46 -0700] "GET /content/bookmarkedpages/?q=%23%20%23bigbake&_t=rss HTTP/1.1" 200 4816 "-" "Mozilla/5.0 (compatible; MJ12bot/v1.4.8; http://mj12bot.com/)" 
144.76.81.229 - - [20/Jun/2020:02:40:49 -0700] "GET /content/bookmarkedpages/?q=%23%20%23hearsay19&_t=rss HTTP/1.1" 200 4821 "-" "Mozilla/5.0 (compatible; MJ12bot/v1.4.8; http://mj12bot.com/)" 
46.229.168.163 - - [20/Jun/2020:02:40:51 -0700] "GET /tag/Sourdough HTTP/1.1" 200 12084 "-" "Mozilla/5.0 (compatible; SemrushBot/6~bl; +http://www.semrush.com/bot.html)" 
144.76.81.229 - - [20/Jun/2020:02:40:51 -0700] "GET /content/bookmarkedpages/?q=%23%20%23kalonji&_t=rss HTTP/1.1" 200 4817 "-" "Mozilla/5.0 (compatible; MJ12bot/v1.4.8; http://mj12bot.com/)" 
144.76.81.229 - - [20/Jun/2020:02:40:54 -0700] "GET /content/bookmarkedpages/?q=%23%20%23leaven&_t=rss HTTP/1.1" 200 4813 "-" "Mozilla/5.0 (compatible; MJ12bot/v1.4.8; http://mj12bot.com/)" 
144.76.81.229 - - [20/Jun/2020:02:40:57 -0700] "GET /content/bookmarkedpages/?q=%23%20%23nigella&_t=rss HTTP/1.1" 200 4816 "-" "Mozilla/5.0 (compatible; MJ12bot/v1.4.8; http://mj12bot.com/)" 
144.76.81.229 - - [20/Jun/2020:02:41:00 -0700] "GET /content/bookmarkedpages/?q=%23%20%23podcasting&_t=rss HTTP/1.1" 200 6014 "-" "Mozilla/5.0 (compatible; MJ12bot/v1.4.8; http://mj12bot.com/)" 
144.76.81.229 - - [20/Jun/2020:02:41:03 -0700] "GET /content/bookmarkedpages/?q=%23Automators&_t=rss HTTP/1.1" 200 4807 "-" "Mozilla/5.0 (compatible; MJ12bot/v1.4.8; http://mj12bot.com/)" 
