66.249.66.44 - - [25/Jun/2020:04:20:21 -0700] "GET /service/web/unfurl/?url=https%3A%2F%2Fgimletmedia.com%2Fepisode%2F94-obfuscation%2F&__bTk=88ccc0ff9b63e9a9fa18a47b33a9a4aa669e212b2ce6802298159e6c95554b31&__bTs=1592864440 HTTP/1.1" 403 1272 "https://stream.jeremycherfas.net/profile/jeremy?_t=amp&offset=459" "Mozilla/5.0 (Linux; Android 6.0.1; Nexus 5X Build/MMB29P) AppleWebKit/537.36 (KHTML, like Gecko) Chrome/83.0.4103.108 Mobile Safari/537.36 (compatible; Googlebot/2.1; +http://www.google.com/bot.html)" 
66.249.66.44 - - [25/Jun/2020:04:20:22 -0700] "GET /service/web/unfurl/?url=http%3A%2F%2Fwww.eatthispodcast.com%2Faustralia-where-healthier-diets-are-cheaper&__bTk=88ccc0ff9b63e9a9fa18a47b33a9a4aa669e212b2ce6802298159e6c95554b31&__bTs=1592864440 HTTP/1.1" 403 1294 "https://stream.jeremycherfas.net/profile/jeremy?_t=amp&offset=459" "Mozilla/5.0 (Linux; Android 6.0.1; Nexus 5X Build/MMB29P) AppleWebKit/537.36 (KHTML, like Gecko) Chrome/83.0.4103.108 Mobile Safari/537.36 (compatible; Googlebot/2.1; +http://www.google.com/bot.html)" 
66.249.66.46 - - [25/Jun/2020:04:20:22 -0700] "GET /service/web/unfurl/?url=https%3A%2F%2Fwww.jeremycherfas.net%2Freviews%2Fhold-still&__bTk=88ccc0ff9b63e9a9fa18a47b33a9a4aa669e212b2ce6802298159e6c95554b31&__bTs=1592864440 HTTP/1.1" 403 4943 "https://stream.jeremycherfas.net/profile/jeremy?_t=amp&offset=459" "Mozilla/5.0 (Linux; Android 6.0.1; Nexus 5X Build/MMB29P) AppleWebKit/537.36 (KHTML, like Gecko) Chrome/83.0.4103.108 Mobile Safari/537.36 (compatible; Googlebot/2.1; +http://www.google.com/bot.html)" 
46.229.168.134 - - [25/Jun/2020:04:20:27 -0700] "GET /file/b98f1c6544373e53a974de1ae27c9da0/f01433ff91e17e5120e8aebdc692cf5f HTTP/1.1" 500 81392 "-" "Mozilla/5.0 (compatible; SemrushBot/6~bl; +http://www.semrush.com/bot.html)" 
96.126.125.129 - - [25/Jun/2020:04:20:32 -0700] "GET /content/statusupdates/posts/photos/checkins/bookmarkedpages?_t=rss HTTP/1.1" 200 7393 "-" "Micro.blog/1.0" 
46.229.168.131 - - [25/Jun/2020:04:20:53 -0700] "GET /2020/space HTTP/1.1" 200 9826 "-" "Mozilla/5.0 (compatible; SemrushBot/6~bl; +http://www.semrush.com/bot.html)" 
46.229.168.161 - - [25/Jun/2020:04:21:24 -0700] "GET /content/photos/?offset=170 HTTP/1.1" 200 11170 "-" "Mozilla/5.0 (compatible; SemrushBot/6~bl; +http://www.semrush.com/bot.html)" 
46.229.168.143 - - [25/Jun/2020:04:21:42 -0700] "GET /2018/i-knew-id-forget-some-so-theres HTTP/1.1" 200 10089 "-" "Mozilla/5.0 (compatible; SemrushBot/6~bl; +http://www.semrush.com/bot.html)" 
64.111.100.215 - - [25/Jun/2020:04:22:21 -0700] "GET /content/all?_t=rss HTTP/1.1" 200 14113 "-" "Mozilla/5.0 (X11; U; Linux i686; fr; rv:1.9.1.1) Gecko/20090715 Firefox/3.5.1" 
46.229.168.131 - - [25/Jun/2020:04:22:22 -0700] "GET /2018/our-daily-bread-05---at-last-agricultureta7x30lfer1very-quick-or HTTP/1.1" 200 10735 "-" "Mozilla/5.0 (compatible; SemrushBot/6~bl; +http://www.semrush.com/bot.html)" 
46.229.168.147 - - [25/Jun/2020:04:23:27 -0700] "GET /content/all/?offset=30&q=%23withknown HTTP/1.1" 200 13347 "-" "Mozilla/5.0 (compatible; SemrushBot/6~bl; +http://www.semrush.com/bot.html)" 
46.229.168.141 - - [25/Jun/2020:04:24:14 -0700] "GET /?offset=54&q=%23%2B%23sourdough HTTP/1.1" 200 9349 "-" "Mozilla/5.0 (compatible; SemrushBot/6~bl; +http://www.semrush.com/bot.html)" 
46.229.168.129 - - [25/Jun/2020:04:24:22 -0700] "GET /tag/Indieweb?offset=121 HTTP/1.1" 200 11458 "-" "Mozilla/5.0 (compatible; SemrushBot/6~bl; +http://www.semrush.com/bot.html)" 
46.229.168.139 - - [25/Jun/2020:04:24:39 -0700] "GET /tag/bread?offset=59 HTTP/1.1" 200 11333 "-" "Mozilla/5.0 (compatible; SemrushBot/6~bl; +http://www.semrush.com/bot.html)" 
159.65.96.54 - - [25/Jun/2020:04:24:45 -0700] "GET /?_t=rss HTTP/1.1" 304 3495 "-" "Feedbin feed-id:1536727 - 1 subscribers" 
46.229.168.162 - - [25/Jun/2020:04:25:17 -0700] "GET /2017/there-are-two-americas-say-it-isnt-so-choices-magazinesubmitted-articlesa-tale-of-two-americas-why-is-that-a-surprise HTTP/1.1" 200 10058 "-" "Mozilla/5.0 (compatible; SemrushBot/6~bl; +http://www.semrush.com/bot.html)" 
69.30.210.242 - - [25/Jun/2020:04:25:28 -0700] "GET /robots.txt HTTP/1.1" 200 4288 "-" "Mozilla/5.0 (compatible; MJ12bot/v1.4.8; http://mj12bot.com/)" 
69.30.210.242 - - [25/Jun/2020:04:25:52 -0700] "GET /2020/im-prompted-to-note-that-the-sounds HTTP/1.1" 200 9465 "-" "Mozilla/5.0 (compatible; MJ12bot/v1.4.8; http://mj12bot.com/)" 
96.126.125.129 - - [25/Jun/2020:04:26:03 -0700] "GET /content/statusupdates/posts/photos/checkins/bookmarkedpages?_t=rss HTTP/1.1" 200 7393 "-" "Micro.blog/1.0" 
69.30.210.242 - - [25/Jun/2020:04:26:19 -0700] "GET /2020/pizza-night HTTP/1.1" 200 9257 "-" "Mozilla/5.0 (compatible; MJ12bot/v1.4.8; http://mj12bot.com/)" 
46.229.168.131 - - [25/Jun/2020:04:26:33 -0700] "GET /content/photos/?q=%23podcast HTTP/1.1" 200 12668 "-" "Mozilla/5.0 (compatible; SemrushBot/6~bl; +http://www.semrush.com/bot.html)" 
46.229.168.149 - - [25/Jun/2020:04:27:00 -0700] "GET /2019/perfection HTTP/1.1" 200 13664 "-" "Mozilla/5.0 (compatible; SemrushBot/6~bl; +http://www.semrush.com/bot.html)" 
46.229.168.129 - - [25/Jun/2020:04:27:06 -0700] "GET /2019/reddits-best-mindblowing-facts-of-all-time HTTP/1.1" 200 9408 "-" "Mozilla/5.0 (compatible; SemrushBot/6~bl; +http://www.semrush.com/bot.html)" 
46.229.168.150 - - [25/Jun/2020:04:27:47 -0700] "GET /?q=%23micromonday HTTP/1.1" 200 8952 "-" "Mozilla/5.0 (compatible; SemrushBot/6~bl; +http://www.semrush.com/bot.html)" 
69.30.210.242 - - [25/Jun/2020:04:27:49 -0700] "GET /?q=%23afternoontreat HTTP/1.1" 200 9027 "-" "Mozilla/5.0 (compatible; MJ12bot/v1.4.8; http://mj12bot.com/)" 
114.119.164.86 - - [25/Jun/2020:04:27:52 -0700] "GET /2017/i-guess-we-arent-the-only-ones-who-want-an-ice-cream-here-culinarybreedingnetwork-sarahminnick_-1 HTTP/1.1" 200 9568 "-" "Mozilla/5.0 (Linux; Android 7.0;) AppleWebKit/537.36 (KHTML, like Gecko) Mobile Safari/537.36 (compatible; PetalBot;+https://aspiegel.com/petalbot)" 
46.229.168.138 - - [25/Jun/2020:04:28:42 -0700] "GET /tag/bread?offset=60 HTTP/1.1" 200 11690 "-" "Mozilla/5.0 (compatible; SemrushBot/6~bl; +http://www.semrush.com/bot.html)" 
69.30.210.242 - - [25/Jun/2020:04:28:47 -0700] "GET /?q=%23indiewebcitizen HTTP/1.1" 200 9258 "-" "Mozilla/5.0 (compatible; MJ12bot/v1.4.8; http://mj12bot.com/)" 
46.229.168.136 - - [25/Jun/2020:04:28:57 -0700] "GET /content/posts/?offset=53 HTTP/1.1" 200 16693 "-" "Mozilla/5.0 (compatible; SemrushBot/6~bl; +http://www.semrush.com/bot.html)" 
69.30.210.242 - - [25/Jun/2020:04:29:15 -0700] "GET /?q=%23leaven HTTP/1.1" 200 12445 "-" "Mozilla/5.0 (compatible; MJ12bot/v1.4.8; http://mj12bot.com/)" 
66.249.66.46 - - [25/Jun/2020:04:29:37 -0700] "GET /profile/jeremy?_t=rss&offset=479 HTTP/1.1" 200 8587 "-" "Mozilla/5.0 (Linux; Android 6.0.1; Nexus 5X Build/MMB29P) AppleWebKit/537.36 (KHTML, like Gecko) Chrome/80.0.3987.92 Mobile Safari/537.36 (compatible; Googlebot/2.1; +http://www.google.com/bot.html)" 
69.30.210.242 - - [25/Jun/2020:04:29:40 -0700] "GET /?q=%23lemonmarmalade HTTP/1.1" 200 9050 "-" "Mozilla/5.0 (compatible; MJ12bot/v1.4.8; http://mj12bot.com/)" 
46.229.168.144 - - [25/Jun/2020:04:29:42 -0700] "GET /content/statusupdates/?q=%23%2B%23kalonji HTTP/1.1" 200 8329 "-" "Mozilla/5.0 (compatible; SemrushBot/6~bl; +http://www.semrush.com/bot.html)" 
46.229.168.132 - - [25/Jun/2020:04:30:05 -0700] "GET /?offset=1&q=%23%2B%23photo HTTP/1.1" 200 12273 "-" "Mozilla/5.0 (compatible; SemrushBot/6~bl; +http://www.semrush.com/bot.html)" 
69.30.210.242 - - [25/Jun/2020:04:30:22 -0700] "GET /?q=%2523sourdough HTTP/1.1" 200 8247 "-" "Mozilla/5.0 (compatible; MJ12bot/v1.4.8; http://mj12bot.com/)" 
46.229.168.130 - - [25/Jun/2020:04:30:32 -0700] "GET /2018/the-right-finds-the-perfect-weapon-against-the-left HTTP/1.1" 200 9367 "-" "Mozilla/5.0 (compatible; SemrushBot/6~bl; +http://www.semrush.com/bot.html)" 
69.30.210.242 - - [25/Jun/2020:04:31:20 -0700] "GET /content/all/?q=%23WithKnown%26quot&offset=27 HTTP/1.1" 200 12927 "-" "Mozilla/5.0 (compatible; MJ12bot/v1.4.8; http://mj12bot.com/)" 
46.229.168.146 - - [25/Jun/2020:04:31:21 -0700] "GET /content/all/?offset=45&q=%23podcast HTTP/1.1" 200 13356 "-" "Mozilla/5.0 (compatible; SemrushBot/6~bl; +http://www.semrush.com/bot.html)" 
46.229.168.133 - - [25/Jun/2020:04:31:22 -0700] "GET /2017/in-eager-anticipation---and-celebration---of-tomorrows-return/annotations/8a0d4af3094124b94afe99a02d22b9ed HTTP/1.1" 200 8366 "-" "Mozilla/5.0 (compatible; SemrushBot/6~bl; +http://www.semrush.com/bot.html)" 
207.46.13.166 - - [25/Jun/2020:04:31:24 -0700] "GET /file/bb7e5fa538ed08e4e74f5b5630efe630/thumb.jpg HTTP/1.1" 200 151855 "-" "Mozilla/5.0 (compatible; bingbot/2.0; +http://www.bing.com/bingbot.htm)" 
69.30.210.242 - - [25/Jun/2020:04:31:37 -0700] "GET /content/all/?q=%23WithKnown%26quot&offset=28 HTTP/1.1" 200 13253 "-" "Mozilla/5.0 (compatible; MJ12bot/v1.4.8; http://mj12bot.com/)" 
69.30.210.242 - - [25/Jun/2020:04:31:55 -0700] "GET /content/all/?q=%23WithKnown%26quot&offset=48&_t=rss HTTP/1.1" 200 7177 "-" "Mozilla/5.0 (compatible; MJ12bot/v1.4.8; http://mj12bot.com/)" 
46.229.168.135 - - [25/Jun/2020:04:32:23 -0700] "GET /tag/leaven?offset=0 HTTP/1.1" 200 12514 "-" "Mozilla/5.0 (compatible; SemrushBot/6~bl; +http://www.semrush.com/bot.html)" 
69.30.210.242 - - [25/Jun/2020:04:32:24 -0700] "GET /content/all/?q=%23bread&offset=23 HTTP/1.1" 200 12538 "-" "Mozilla/5.0 (compatible; MJ12bot/v1.4.8; http://mj12bot.com/)" 
69.30.210.242 - - [25/Jun/2020:04:32:47 -0700] "GET /content/all/?q=%23bread&offset=43 HTTP/1.1" 200 12133 "-" "Mozilla/5.0 (compatible; MJ12bot/v1.4.8; http://mj12bot.com/)" 
69.30.210.242 - - [25/Jun/2020:04:33:12 -0700] "GET /content/all/?q=%23leaven HTTP/1.1" 200 12468 "-" "Mozilla/5.0 (compatible; MJ12bot/v1.4.8; http://mj12bot.com/)" 
96.126.125.129 - - [25/Jun/2020:04:33:19 -0700] "GET /content/statusupdates/posts/photos/checkins/bookmarkedpages?_t=rss HTTP/1.1" 200 7393 "-" "Micro.blog/1.0" 
46.229.168.161 - - [25/Jun/2020:04:35:07 -0700] "GET /content/statusupdates/?q=%23Quinoa HTTP/1.1" 200 9130 "-" "Mozilla/5.0 (compatible; SemrushBot/6~bl; +http://www.semrush.com/bot.html)" 
69.30.210.242 - - [25/Jun/2020:04:35:12 -0700] "GET /content/bookmarkedpages/?q=%23afternoontreat HTTP/1.1" 200 8340 "-" "Mozilla/5.0 (compatible; MJ12bot/v1.4.8; http://mj12bot.com/)" 
69.30.210.242 - - [25/Jun/2020:04:35:31 -0700] "GET /content/bookmarkedpages/?q=%23cactus HTTP/1.1" 200 8279 "-" "Mozilla/5.0 (compatible; MJ12bot/v1.4.8; http://mj12bot.com/)" 
69.30.210.242 - - [25/Jun/2020:04:35:49 -0700] "GET /content/bookmarkedpages/?q=%23flower HTTP/1.1" 200 8280 "-" "Mozilla/5.0 (compatible; MJ12bot/v1.4.8; http://mj12bot.com/)" 
46.229.168.134 - - [25/Jun/2020:04:35:50 -0700] "GET /?offset=78&q=%23IndieWeb HTTP/1.1" 200 13444 "-" "Mozilla/5.0 (compatible; SemrushBot/6~bl; +http://www.semrush.com/bot.html)" 
69.30.210.242 - - [25/Jun/2020:04:36:03 -0700] "GET /content/bookmarkedpages/?q=%23indiewebcitizen HTTP/1.1" 200 8295 "-" "Mozilla/5.0 (compatible; MJ12bot/v1.4.8; http://mj12bot.com/)" 
69.30.210.242 - - [25/Jun/2020:04:36:19 -0700] "GET /content/bookmarkedpages/?q=%23leaven HTTP/1.1" 200 8278 "-" "Mozilla/5.0 (compatible; MJ12bot/v1.4.8; http://mj12bot.com/)" 
123.183.224.174 - - [25/Jun/2020:04:36:32 -0700] "GET /Themes/Solo/css/default.min.css HTTP/1.1" 200 4941 "-" "Mozilla/4.0 (compatible; MSIE 7.0; Windows NT 6.0; Trident/4.0)" 
123.183.224.172 - - [25/Jun/2020:04:36:32 -0700] "GET /css/1579440965/known.min.css HTTP/1.1" 200 35699 "-" "Mozilla/4.0 (compatible; MSIE 7.0; Windows NT 6.0; Trident/4.0)" 
69.30.210.242 - - [25/Jun/2020:04:36:34 -0700] "GET /content/bookmarkedpages/?q=%23lemonmarmalade HTTP/1.1" 200 8295 "-" "Mozilla/5.0 (compatible; MJ12bot/v1.4.8; http://mj12bot.com/)" 
199.16.157.180 - - [25/Jun/2020:04:37:11 -0700] "GET /robots.txt HTTP/1.1" 200 4244 "-" "Twitterbot/1.0" 
199.16.157.180 - - [25/Jun/2020:04:37:12 -0700] "GET /file/ef801e05730eba56004c5b712ad84731/thumb.jpg HTTP/1.1" 200 22697 "-" "Twitterbot/1.0" 
66.249.92.47 - - [25/Jun/2020:04:37:37 -0700] "GET /2018/whats-the-problem HTTP/1.1" 200 11199 "-" "Mozilla/5.0 (compatible; GoogleDocs; apps-spreadsheets; +http://docs.google.com)" 
64.111.100.215 - - [25/Jun/2020:04:37:53 -0700] "GET /content/all?_t=rss HTTP/1.1" 200 14113 "-" "Mozilla/5.0 (X11; U; Linux i686; fr; rv:1.9.1.1) Gecko/20090715 Firefox/3.5.1" 
69.30.210.242 - - [25/Jun/2020:04:37:53 -0700] "GET /content/events/?q=%23afternoontreat HTTP/1.1" 200 8282 "-" "Mozilla/5.0 (compatible; MJ12bot/v1.4.8; http://mj12bot.com/)" 
69.30.210.242 - - [25/Jun/2020:04:38:00 -0700] "GET /content/events/?q=%23cactus HTTP/1.1" 200 8267 "-" "Mozilla/5.0 (compatible; MJ12bot/v1.4.8; http://mj12bot.com/)" 
69.30.210.242 - - [25/Jun/2020:04:38:15 -0700] "GET /content/events/?q=%23flower HTTP/1.1" 200 8268 "-" "Mozilla/5.0 (compatible; MJ12bot/v1.4.8; http://mj12bot.com/)" 
46.229.168.161 - - [25/Jun/2020:04:38:30 -0700] "GET /2018/that-reminds-me-i-should-take-a HTTP/1.1" 200 9519 "-" "Mozilla/5.0 (compatible; SemrushBot/6~bl; +http://www.semrush.com/bot.html)" 
69.30.210.242 - - [25/Jun/2020:04:38:32 -0700] "GET /content/events/?q=%23indiewebcitizen HTTP/1.1" 200 8282 "-" "Mozilla/5.0 (compatible; MJ12bot/v1.4.8; http://mj12bot.com/)" 
103.131.71.45 - - [25/Jun/2020:04:38:37 -0700] "GET /file/ef801e05730eba56004c5b712ad84731/thumb.jpg HTTP/1.1" 304 3487 "-" "Mozilla/5.0 (compatible; coccocbot-image/1.0; +http://help.coccoc.com/searchengine)" 
46.229.168.138 - - [25/Jun/2020:04:38:40 -0700] "GET /?offset=32&q=%23%2B%23bread HTTP/1.1" 200 12363 "-" "Mozilla/5.0 (compatible; SemrushBot/6~bl; +http://www.semrush.com/bot.html)" 
69.30.210.242 - - [25/Jun/2020:04:38:44 -0700] "GET /content/events/?q=%23leaven HTTP/1.1" 200 8266 "-" "Mozilla/5.0 (compatible; MJ12bot/v1.4.8; http://mj12bot.com/)" 
69.30.210.242 - - [25/Jun/2020:04:39:00 -0700] "GET /content/events/?q=%23lemonmarmalade HTTP/1.1" 200 8282 "-" "Mozilla/5.0 (compatible; MJ12bot/v1.4.8; http://mj12bot.com/)" 
66.249.66.44 - - [25/Jun/2020:04:39:05 -0700] "GET /content/all?_t=amp&offset=2096 HTTP/1.1" 200 12535 "-" "Mozilla/5.0 (Linux; Android 6.0.1; Nexus 5X Build/MMB29P) AppleWebKit/537.36 (KHTML, like Gecko) Chrome/80.0.3987.92 Mobile Safari/537.36 (compatible; Googlebot/2.1; +http://www.google.com/bot.html)" 
45.79.26.51 - - [25/Jun/2020:04:39:32 -0700] "GET /content/statusupdates/posts/photos/checkins/bookmarkedpages?_t=rss HTTP/1.1" 200 7388 "-" "Micro.blog/1.0" 
46.229.168.132 - - [25/Jun/2020:04:39:50 -0700] "GET /tag/podcast?offset=25 HTTP/1.1" 200 11896 "-" "Mozilla/5.0 (compatible; SemrushBot/6~bl; +http://www.semrush.com/bot.html)" 
69.30.210.242 - - [25/Jun/2020:04:39:57 -0700] "GET /content/locations/?q=%23afternoontreat HTTP/1.1" 200 8288 "-" "Mozilla/5.0 (compatible; MJ12bot/v1.4.8; http://mj12bot.com/)" 
69.30.210.242 - - [25/Jun/2020:04:40:03 -0700] "GET /content/locations/?q=%23lemonmarmalade HTTP/1.1" 200 8288 "-" "Mozilla/5.0 (compatible; MJ12bot/v1.4.8; http://mj12bot.com/)" 
69.30.210.242 - - [25/Jun/2020:04:40:19 -0700] "GET /content/photos/?q=%23%20%23podcast&offset=9 HTTP/1.1" 200 9168 "-" "Mozilla/5.0 (compatible; MJ12bot/v1.4.8; http://mj12bot.com/)" 
46.229.168.144 - - [25/Jun/2020:04:40:28 -0700] "GET /file/cad79628775fffbafb629922a1c26000/01caa935ecc132338c107267463dea18 HTTP/1.1" 200 151144 "-" "Mozilla/5.0 (compatible; SemrushBot/6~bl; +http://www.semrush.com/bot.html)" 
46.229.168.151 - - [25/Jun/2020:04:41:06 -0700] "GET /2019/too-late-rachelaliceroddy HTTP/1.1" 200 13338 "-" "Mozilla/5.0 (compatible; SemrushBot/6~bl; +http://www.semrush.com/bot.html)" 
45.72.61.109 - - [25/Jun/2020:04:41:18 -0700] "GET /profile/jeremy HTTP/1.1" 200 31239 "https://stream.jeremycherfas.net" "Mozilla/5.0 (Windows NT 10.0; Win64; x64) AppleWebKit/537.36 (KHTML, like Gecko) Chrome/62.0.3202.94 Safari/537.36" 
46.229.168.129 - - [25/Jun/2020:04:42:28 -0700] "GET /content/posts/?q=%23podcasting HTTP/1.1" 200 10880 "-" "Mozilla/5.0 (compatible; SemrushBot/6~bl; +http://www.semrush.com/bot.html)" 
46.229.168.142 - - [25/Jun/2020:04:42:29 -0700] "GET /content/all/?q=%23afternoontreat HTTP/1.1" 200 9052 "-" "Mozilla/5.0 (compatible; SemrushBot/6~bl; +http://www.semrush.com/bot.html)" 
46.229.168.135 - - [25/Jun/2020:04:42:35 -0700] "GET /content/rsvp/?q=%23%2B%23latteriastudio HTTP/1.1" 200 8331 "-" "Mozilla/5.0 (compatible; SemrushBot/6~bl; +http://www.semrush.com/bot.html)" 
46.229.168.145 - - [25/Jun/2020:04:43:07 -0700] "GET /content/all/?offset=30 HTTP/1.1" 200 11568 "-" "Mozilla/5.0 (compatible; SemrushBot/6~bl; +http://www.semrush.com/bot.html)" 
46.229.168.139 - - [25/Jun/2020:04:43:12 -0700] "GET /content/all/?offset=13&q=%23podcast HTTP/1.1" 200 11892 "-" "Mozilla/5.0 (compatible; SemrushBot/6~bl; +http://www.semrush.com/bot.html)" 
45.116.232.22 - - [25/Jun/2020:04:43:14 -0700] "GET /2018/great-story-ben-my-dog-used-to/annotations/edecdeefd829051179d29243bd148c42 HTTP/1.1" 200 8435 "https://app.neilpatel.com/en/seo_analyzer/backlinks?domain=topcelebsjackets.com&locId=2840&lang=en" "Mozilla/5.0 (Windows NT 6.1; Win64; x64) AppleWebKit/537.36 (KHTML, like Gecko) Chrome/83.0.4103.116 Safari/537.36" 
45.116.232.22 - - [25/Jun/2020:04:43:14 -0700] "GET /vendor/npm-asset/jquery/dist/jquery.min.js HTTP/1.1" 200 31956 "https://stream.jeremycherfas.net/2018/great-story-ben-my-dog-used-to/annotations/edecdeefd829051179d29243bd148c42" "Mozilla/5.0 (Windows NT 6.1; Win64; x64) AppleWebKit/537.36 (KHTML, like Gecko) Chrome/83.0.4103.116 Safari/537.36" 
45.116.232.22 - - [25/Jun/2020:04:43:14 -0700] "GET /vendor/twbs/bootstrap/dist/css/bootstrap.min.css HTTP/1.1" 200 24411 "https://stream.jeremycherfas.net/2018/great-story-ben-my-dog-used-to/annotations/edecdeefd829051179d29243bd148c42" "Mozilla/5.0 (Windows NT 6.1; Win64; x64) AppleWebKit/537.36 (KHTML, like Gecko) Chrome/83.0.4103.116 Safari/537.36" 
45.116.232.22 - - [25/Jun/2020:04:43:15 -0700] "GET /vendor/twbs/bootstrap/dist/js/bootstrap.min.js HTTP/1.1" 200 15298 "https://stream.jeremycherfas.net/2018/great-story-ben-my-dog-used-to/annotations/edecdeefd829051179d29243bd148c42" "Mozilla/5.0 (Windows NT 6.1; Win64; x64) AppleWebKit/537.36 (KHTML, like Gecko) Chrome/83.0.4103.116 Safari/537.36" 
45.116.232.22 - - [25/Jun/2020:04:43:15 -0700] "GET /vendor/npm-asset/bootstrap-accessibility-plugin/plugins/css/bootstrap-accessibility.css HTTP/1.1" 200 939 "https://stream.jeremycherfas.net/2018/great-story-ben-my-dog-used-to/annotations/edecdeefd829051179d29243bd148c42" "Mozilla/5.0 (Windows NT 6.1; Win64; x64) AppleWebKit/537.36 (KHTML, like Gecko) Chrome/83.0.4103.116 Safari/537.36" 
45.116.232.22 - - [25/Jun/2020:04:43:15 -0700] "GET /vendor/forkawesome/fork-awesome/css/fork-awesome.min.css HTTP/1.1" 200 8899 "https://stream.jeremycherfas.net/2018/great-story-ben-my-dog-used-to/annotations/edecdeefd829051179d29243bd148c42" "Mozilla/5.0 (Windows NT 6.1; Win64; x64) AppleWebKit/537.36 (KHTML, like Gecko) Chrome/83.0.4103.116 Safari/537.36" 
45.116.232.22 - - [25/Jun/2020:04:43:15 -0700] "GET /vendor/forkawesome/fork-awesome/css/v5-compat.min.css HTTP/1.1" 200 2592 "https://stream.jeremycherfas.net/2018/great-story-ben-my-dog-used-to/annotations/edecdeefd829051179d29243bd148c42" "Mozilla/5.0 (Windows NT 6.1; Win64; x64) AppleWebKit/537.36 (KHTML, like Gecko) Chrome/83.0.4103.116 Safari/537.36" 
45.116.232.22 - - [25/Jun/2020:04:43:15 -0700] "GET /css/1579440965/known.min.css HTTP/1.1" 200 7734 "https://stream.jeremycherfas.net/2018/great-story-ben-my-dog-used-to/annotations/edecdeefd829051179d29243bd148c42" "Mozilla/5.0 (Windows NT 6.1; Win64; x64) AppleWebKit/537.36 (KHTML, like Gecko) Chrome/83.0.4103.116 Safari/537.36" 
45.116.232.22 - - [25/Jun/2020:04:43:15 -0700] "GET /vendor/npm-asset/bootstrap-toggle/css/bootstrap-toggle.min.css HTTP/1.1" 200 979 "https://stream.jeremycherfas.net/2018/great-story-ben-my-dog-used-to/annotations/edecdeefd829051179d29243bd148c42" "Mozilla/5.0 (Windows NT 6.1; Win64; x64) AppleWebKit/537.36 (KHTML, like Gecko) Chrome/83.0.4103.116 Safari/537.36" 
45.116.232.22 - - [25/Jun/2020:04:43:15 -0700] "GET /vendor/idno/mentionjs/recommended-styles.css HTTP/1.1" 200 600 "https://stream.jeremycherfas.net/2018/great-story-ben-my-dog-used-to/annotations/edecdeefd829051179d29243bd148c42" "Mozilla/5.0 (Windows NT 6.1; Win64; x64) AppleWebKit/537.36 (KHTML, like Gecko) Chrome/83.0.4103.116 Safari/537.36" 
45.116.232.22 - - [25/Jun/2020:04:43:15 -0700] "GET /IdnoPlugins/Checkin/external/leaflet/leaflet.min.css HTTP/1.1" 200 2532 "https://stream.jeremycherfas.net/2018/great-story-ben-my-dog-used-to/annotations/edecdeefd829051179d29243bd148c42" "Mozilla/5.0 (Windows NT 6.1; Win64; x64) AppleWebKit/537.36 (KHTML, like Gecko) Chrome/83.0.4103.116 Safari/537.36" 
45.116.232.22 - - [25/Jun/2020:04:43:15 -0700] "GET /Themes/Solo/css/default.min.css HTTP/1.1" 200 963 "https://stream.jeremycherfas.net/2018/great-story-ben-my-dog-used-to/annotations/edecdeefd829051179d29243bd148c42" "Mozilla/5.0 (Windows NT 6.1; Win64; x64) AppleWebKit/537.36 (KHTML, like Gecko) Chrome/83.0.4103.116 Safari/537.36" 
45.116.232.22 - - [25/Jun/2020:04:43:16 -0700] "GET /vendor/npm-asset/mediaelement/build/mediaelementplayer.min.css HTTP/1.1" 200 3096 "https://stream.jeremycherfas.net/2018/great-story-ben-my-dog-used-to/annotations/edecdeefd829051179d29243bd148c42" "Mozilla/5.0 (Windows NT 6.1; Win64; x64) AppleWebKit/537.36 (KHTML, like Gecko) Chrome/83.0.4103.116 Safari/537.36" 
45.116.232.22 - - [25/Jun/2020:04:43:16 -0700] "GET /vendor/npm-asset/bootstrap-accessibility-plugin/plugins/js/bootstrap-accessibility.min.js HTTP/1.1" 200 4789 "https://stream.jeremycherfas.net/2018/great-story-ben-my-dog-used-to/annotations/edecdeefd829051179d29243bd148c42" "Mozilla/5.0 (Windows NT 6.1; Win64; x64) AppleWebKit/537.36 (KHTML, like Gecko) Chrome/83.0.4103.116 Safari/537.36" 
45.116.232.22 - - [25/Jun/2020:04:43:16 -0700] "GET /js/1579440966/known.min.js HTTP/1.1" 200 4900 "https://stream.jeremycherfas.net/2018/great-story-ben-my-dog-used-to/annotations/edecdeefd829051179d29243bd148c42" "Mozilla/5.0 (Windows NT 6.1; Win64; x64) AppleWebKit/537.36 (KHTML, like Gecko) Chrome/83.0.4103.116 Safari/537.36" 
45.116.232.22 - - [25/Jun/2020:04:43:16 -0700] "GET /vendor/npm-asset/bootstrap-toggle/js/bootstrap-toggle.js HTTP/1.1" 200 2024 "https://stream.jeremycherfas.net/2018/great-story-ben-my-dog-used-to/annotations/edecdeefd829051179d29243bd148c42" "Mozilla/5.0 (Windows NT 6.1; Win64; x64) AppleWebKit/537.36 (KHTML, like Gecko) Chrome/83.0.4103.116 Safari/537.36" 
45.116.232.22 - - [25/Jun/2020:04:43:16 -0700] "GET /IdnoPlugins/Checkin/external/leaflet/leaflet.js HTTP/1.1" 200 34091 "https://stream.jeremycherfas.net/2018/great-story-ben-my-dog-used-to/annotations/edecdeefd829051179d29243bd148c42" "Mozilla/5.0 (Windows NT 6.1; Win64; x64) AppleWebKit/537.36 (KHTML, like Gecko) Chrome/83.0.4103.116 Safari/537.36" 
45.116.232.22 - - [25/Jun/2020:04:43:16 -0700] "GET /IdnoPlugins/Checkin/external/stamen-maps/tile.stamen.min.js HTTP/1.1" 200 1983 "https://stream.jeremycherfas.net/2018/great-story-ben-my-dog-used-to/annotations/edecdeefd829051179d29243bd148c42" "Mozilla/5.0 (Windows NT 6.1; Win64; x64) AppleWebKit/537.36 (KHTML, like Gecko) Chrome/83.0.4103.116 Safari/537.36" 
45.116.232.22 - - [25/Jun/2020:04:43:16 -0700] "GET /IdnoPlugins/Media/external/wavesurfer/dist/wavesurfer.min.js HTTP/1.1" 200 6834 "https://stream.jeremycherfas.net/2018/great-story-ben-my-dog-used-to/annotations/edecdeefd829051179d29243bd148c42" "Mozilla/5.0 (Windows NT 6.1; Win64; x64) AppleWebKit/537.36 (KHTML, like Gecko) Chrome/83.0.4103.116 Safari/537.36" 
45.116.232.22 - - [25/Jun/2020:04:43:16 -0700] "GET /vendor/npm-asset/mediaelement/build/mediaelement-and-player.min.js HTTP/1.1" 200 41537 "https://stream.jeremycherfas.net/2018/great-story-ben-my-dog-used-to/annotations/edecdeefd829051179d29243bd148c42" "Mozilla/5.0 (Windows NT 6.1; Win64; x64) AppleWebKit/537.36 (KHTML, like Gecko) Chrome/83.0.4103.116 Safari/537.36" 
45.116.232.22 - - [25/Jun/2020:04:43:16 -0700] "GET /vendor/npm-asset/vanilla-fitvids/jquery.fitvids.js HTTP/1.1" 200 1791 "https://stream.jeremycherfas.net/2018/great-story-ben-my-dog-used-to/annotations/edecdeefd829051179d29243bd148c42" "Mozilla/5.0 (Windows NT 6.1; Win64; x64) AppleWebKit/537.36 (KHTML, like Gecko) Chrome/83.0.4103.116 Safari/537.36" 
45.116.232.22 - - [25/Jun/2020:04:43:16 -0700] "GET /vendor/rmm5t/jquery-timeago/jquery.timeago.js HTTP/1.1" 200 2991 "https://stream.jeremycherfas.net/2018/great-story-ben-my-dog-used-to/annotations/edecdeefd829051179d29243bd148c42" "Mozilla/5.0 (Windows NT 6.1; Win64; x64) AppleWebKit/537.36 (KHTML, like Gecko) Chrome/83.0.4103.116 Safari/537.36" 
45.116.232.22 - - [25/Jun/2020:04:43:17 -0700] "GET /vendor/rmm5t/jquery-timeago/locales/jquery.timeago.en.js HTTP/1.1" 200 804 "https://stream.jeremycherfas.net/2018/great-story-ben-my-dog-used-to/annotations/edecdeefd829051179d29243bd148c42" "Mozilla/5.0 (Windows NT 6.1; Win64; x64) AppleWebKit/537.36 (KHTML, like Gecko) Chrome/83.0.4103.116 Safari/537.36" 
45.116.232.22 - - [25/Jun/2020:04:43:17 -0700] "GET /vendor/npm-asset/underscore/underscore-min.js HTTP/1.1" 200 7035 "https://stream.jeremycherfas.net/2018/great-story-ben-my-dog-used-to/annotations/edecdeefd829051179d29243bd148c42" "Mozilla/5.0 (Windows NT 6.1; Win64; x64) AppleWebKit/537.36 (KHTML, like Gecko) Chrome/83.0.4103.116 Safari/537.36" 
45.116.232.22 - - [25/Jun/2020:04:43:17 -0700] "GET /vendor/npm-asset/exif-js/exif.js HTTP/1.1" 200 9938 "https://stream.jeremycherfas.net/2018/great-story-ben-my-dog-used-to/annotations/edecdeefd829051179d29243bd148c42" "Mozilla/5.0 (Windows NT 6.1; Win64; x64) AppleWebKit/537.36 (KHTML, like Gecko) Chrome/83.0.4103.116 Safari/537.36" 
45.116.232.22 - - [25/Jun/2020:04:43:17 -0700] "GET /file/ef801e05730eba56004c5b712ad84731/thumb.jpg HTTP/1.1" 200 22619 "https://stream.jeremycherfas.net/2018/great-story-ben-my-dog-used-to/annotations/edecdeefd829051179d29243bd148c42" "Mozilla/5.0 (Windows NT 6.1; Win64; x64) AppleWebKit/537.36 (KHTML, like Gecko) Chrome/83.0.4103.116 Safari/537.36" 
45.116.232.22 - - [25/Jun/2020:04:43:18 -0700] "GET /chrome/manifest.json HTTP/1.1" 200 6134 "https://stream.jeremycherfas.net/2018/great-story-ben-my-dog-used-to/annotations/edecdeefd829051179d29243bd148c42" "Mozilla/5.0 (Windows NT 6.1; Win64; x64) AppleWebKit/537.36 (KHTML, like Gecko) Chrome/83.0.4103.116 Safari/537.36" 
45.116.232.22 - - [25/Jun/2020:04:43:19 -0700] "GET /gfx/logos/apple-icon-144x144.png HTTP/1.1" 200 10316 "https://stream.jeremycherfas.net/2018/great-story-ben-my-dog-used-to/annotations/edecdeefd829051179d29243bd148c42" "Mozilla/5.0 (Windows NT 6.1; Win64; x64) AppleWebKit/537.36 (KHTML, like Gecko) Chrome/83.0.4103.116 Safari/537.36" 
45.116.232.22 - - [25/Jun/2020:04:43:34 -0700] "GET / HTTP/1.1" 200 8683 "-" "Mozilla/5.0 (Windows NT 6.1; Win64; x64) AppleWebKit/537.36 (KHTML, like Gecko) Chrome/83.0.4103.116 Safari/537.36" 
45.116.232.22 - - [25/Jun/2020:04:43:36 -0700] "GET /service/security/csrftoken/?url=https%3A%2F%2Fstream.jeremycherfas.net%2Fservice%2Fweb%2Funfurl%2F HTTP/1.1" 200 1420 "https://stream.jeremycherfas.net/" "Mozilla/5.0 (Windows NT 6.1; Win64; x64) AppleWebKit/537.36 (KHTML, like Gecko) Chrome/83.0.4103.116 Safari/537.36" 
45.116.232.22 - - [25/Jun/2020:04:43:37 -0700] "GET /service/security/csrftoken/?url=https%3A%2F%2Fstream.jeremycherfas.net%2Fservice%2Fweb%2Funfurl%2F HTTP/1.1" 200 1245 "https://stream.jeremycherfas.net/" "Mozilla/5.0 (Windows NT 6.1; Win64; x64) AppleWebKit/537.36 (KHTML, like Gecko) Chrome/83.0.4103.116 Safari/537.36" 
45.116.232.22 - - [25/Jun/2020:04:43:38 -0700] "GET /service/web/unfurl/?url=https%3A%2F%2Fwww.nytimes.com%2F2020%2F06%2F22%2Fopinion%2Fcoronavirus-trump.html&__bTk=c8e7ff8c5f8ebf24ba2a53a9b1416f380ad1a2795c0f61205fd6dc75da1d702c&__bTs=1593085416 HTTP/1.1" 200 17831 "https://stream.jeremycherfas.net/" "Mozilla/5.0 (Windows NT 6.1; Win64; x64) AppleWebKit/537.36 (KHTML, like Gecko) Chrome/83.0.4103.116 Safari/537.36" 
45.116.232.22 - - [25/Jun/2020:04:43:38 -0700] "GET /service/security/csrftoken/?url=https%3A%2F%2Fstream.jeremycherfas.net%2Fservice%2Fweb%2Funfurl%2F HTTP/1.1" 200 1245 "https://stream.jeremycherfas.net/" "Mozilla/5.0 (Windows NT 6.1; Win64; x64) AppleWebKit/537.36 (KHTML, like Gecko) Chrome/83.0.4103.116 Safari/537.36" 
45.116.232.22 - - [25/Jun/2020:04:43:36 -0700] "GET /vendor/forkawesome/fork-awesome/fonts/forkawesome-webfont.woff2?v=1.1.7 HTTP/1.1" 200 92179 "https://stream.jeremycherfas.net/vendor/forkawesome/fork-awesome/css/fork-awesome.min.css" "Mozilla/5.0 (Windows NT 6.1; Win64; x64) AppleWebKit/537.36 (KHTML, like Gecko) Chrome/83.0.4103.116 Safari/537.36" 
45.116.232.22 - - [25/Jun/2020:04:43:39 -0700] "GET /service/web/unfurl/?url=https%3A%2F%2Fwww.rousette.org.uk%2Farchives%2Fre-mapping-my-keyboard-and-re-wiring-my-brain%2F&__bTk=eab9e1829955ec5493aaecb1a3310dc0c3924de85195b2ec299b6a5b799d5811&__bTs=1593085417 HTTP/1.1" 200 4508 "https://stream.jeremycherfas.net/" "Mozilla/5.0 (Windows NT 6.1; Win64; x64) AppleWebKit/537.36 (KHTML, like Gecko) Chrome/83.0.4103.116 Safari/537.36" 
45.116.232.22 - - [25/Jun/2020:04:43:39 -0700] "GET /service/security/csrftoken/?url=https%3A%2F%2Fstream.jeremycherfas.net%2Fservice%2Fweb%2Funfurl%2F HTTP/1.1" 200 1245 "https://stream.jeremycherfas.net/" "Mozilla/5.0 (Windows NT 6.1; Win64; x64) AppleWebKit/537.36 (KHTML, like Gecko) Chrome/83.0.4103.116 Safari/537.36" 
45.116.232.22 - - [25/Jun/2020:04:43:39 -0700] "GET /service/web/unfurl/?url=https%3A%2F%2Fwww.gyford.com%2Fphil%2Fwriting%2F2020%2F06%2F11%2Fweblogs-2000%2F&__bTk=96207282e8b9b5631b756f95f41478e19dbc593c03c1074d5ca8fb8e1e75bd8c&__bTs=1593085418 HTTP/1.1" 200 19802 "https://stream.jeremycherfas.net/" "Mozilla/5.0 (Windows NT 6.1; Win64; x64) AppleWebKit/537.36 (KHTML, like Gecko) Chrome/83.0.4103.116 Safari/537.36" 
45.116.232.22 - - [25/Jun/2020:04:43:39 -0700] "GET /service/security/csrftoken/?url=https%3A%2F%2Fstream.jeremycherfas.net%2Fservice%2Fweb%2Funfurl%2F HTTP/1.1" 200 1245 "https://stream.jeremycherfas.net/" "Mozilla/5.0 (Windows NT 6.1; Win64; x64) AppleWebKit/537.36 (KHTML, like Gecko) Chrome/83.0.4103.116 Safari/537.36" 
45.116.232.22 - - [25/Jun/2020:04:43:39 -0700] "GET /service/web/unfurl/?url=https%3A%2F%2Fprtksxna.com%2Fnever-nothing-to-see%2F&__bTk=06ef09dfe6a2ba92882139e146533c7d7bab2d7a92788f73f1ad8568dd8e8227&__bTs=1593085419 HTTP/1.1" 200 26471 "https://stream.jeremycherfas.net/" "Mozilla/5.0 (Windows NT 6.1; Win64; x64) AppleWebKit/537.36 (KHTML, like Gecko) Chrome/83.0.4103.116 Safari/537.36" 
45.116.232.22 - - [25/Jun/2020:04:43:48 -0700] "GET /service/web/unfurl/?url=https%3A%2F%2Fwww.newyorker.com%2Fculture%2Fannals-of-gastronomy%2Fhow-apples-go-bad&__bTk=a72ad3ede5a9e1c72ae54cb5945b42c12344a6ea0c822a9810517f2b9a09adf8&__bTs=1593085420 HTTP/1.1" 200 16304 "https://stream.jeremycherfas.net/" "Mozilla/5.0 (Windows NT 6.1; Win64; x64) AppleWebKit/537.36 (KHTML, like Gecko) Chrome/83.0.4103.116 Safari/537.36" 
45.116.232.22 - - [25/Jun/2020:04:43:52 -0700] "GET /2020/on-second-thoughts-maybe-the-reason-my HTTP/1.1" 200 6645 "https://stream.jeremycherfas.net/" "Mozilla/5.0 (Windows NT 6.1; Win64; x64) AppleWebKit/537.36 (KHTML, like Gecko) Chrome/83.0.4103.116 Safari/537.36" 
45.116.232.22 - - [25/Jun/2020:04:43:53 -0700] "GET /service/web/imageproxy/aHR0cHM6Ly9pMS53cC5jb20vcHJ0a3N4bmEuY29tL3dwLWNvbnRlbnQvdXBsb2Fkcy8yMDIwLzA2L0NsaXBib2FyZF8yMDIwLTA1LTIyLTIzLTE4LTQ2LnBuZz9maXQ9NDQwJTJDNTAwJnNzbD0x HTTP/1.1" 200 39202 "https://stream.jeremycherfas.net/" "Mozilla/5.0 (Windows NT 6.1; Win64; x64) AppleWebKit/537.36 (KHTML, like Gecko) Chrome/83.0.4103.116 Safari/537.36" 
45.116.232.22 - - [25/Jun/2020:04:43:53 -0700] "GET /gfx/users/default-03.png HTTP/1.1" 200 6648 "https://stream.jeremycherfas.net/2020/on-second-thoughts-maybe-the-reason-my" "Mozilla/5.0 (Windows NT 6.1; Win64; x64) AppleWebKit/537.36 (KHTML, like Gecko) Chrome/83.0.4103.116 Safari/537.36" 
45.116.232.22 - - [25/Jun/2020:04:43:39 -0700] "GET /service/web/imageproxy/aHR0cHM6Ly9zdGF0aWMwMS5ueXQuY29tL2ltYWdlcy8yMDIwLzA2LzIzL29waW5pb24vMjNrcnVnbWFuMXByaW50LzIya3J1Z21hbldlYi1mYWNlYm9va0p1bWJvLmpwZw,, HTTP/1.1" 500 130150 "https://stream.jeremycherfas.net/" "Mozilla/5.0 (Windows NT 6.1; Win64; x64) AppleWebKit/537.36 (KHTML, like Gecko) Chrome/83.0.4103.116 Safari/537.36" 
45.116.232.22 - - [25/Jun/2020:04:43:51 -0700] "GET /service/web/imageproxy/aHR0cHM6Ly9oaW5lcy1wcm9kdWN0aW9uLnMzLmV1LXdlc3QtMi5hbWF6b25hd3MuY29tL3BoaWwvd2VibG9ncy8yMDIwLzA2LzExL2Jsb2dzXzEucG5n HTTP/1.1" 500 130532 "https://stream.jeremycherfas.net/" "Mozilla/5.0 (Windows NT 6.1; Win64; x64) AppleWebKit/537.36 (KHTML, like Gecko) Chrome/83.0.4103.116 Safari/537.36" 
45.116.232.22 - - [25/Jun/2020:04:43:53 -0700] "GET /gfx/users/default-00.png HTTP/1.1" 200 5973 "https://stream.jeremycherfas.net/2020/on-second-thoughts-maybe-the-reason-my" "Mozilla/5.0 (Windows NT 6.1; Win64; x64) AppleWebKit/537.36 (KHTML, like Gecko) Chrome/83.0.4103.116 Safari/537.36" 
45.116.232.22 - - [25/Jun/2020:04:43:53 -0700] "GET /service/web/imageproxy/aHR0cHM6Ly9tZWRpYS5uZXd5b3JrZXIuY29tL3Bob3Rvcy81ZWRlYTY4Njc4ZjE2YzUzZjA1YjcxMDkvMTY6OS93XzEyODAsY19saW1pdC9Sb3NuZXItUm90dGVuQXBwbGVzLmpwZw,, HTTP/1.1" 500 78242 "https://stream.jeremycherfas.net/" "Mozilla/5.0 (Windows NT 6.1; Win64; x64) AppleWebKit/537.36 (KHTML, like Gecko) Chrome/83.0.4103.116 Safari/537.36" 
45.116.232.22 - - [25/Jun/2020:04:43:54 -0700] "GET /chrome/manifest.json HTTP/1.1" 200 2622 "https://stream.jeremycherfas.net/2020/on-second-thoughts-maybe-the-reason-my" "Mozilla/5.0 (Windows NT 6.1; Win64; x64) AppleWebKit/537.36 (KHTML, like Gecko) Chrome/83.0.4103.116 Safari/537.36" 
107.178.239.195 - - [25/Jun/2020:04:44:18 -0700] "HEAD /2020/very-happy-with-the-service-from-widefitshoes HTTP/1.1" 200 4349 "-" "Bridgy (https://brid.gy/about)" 
5.188.210.79 - - [25/Jun/2020:04:44:49 -0700] "GET /profile/jeremy?offset=106 HTTP/1.0" 200 124453 "https://stream.jeremycherfas.net/profile/jeremy?offset=106" "Mozilla/5.0 (Windows NT 10.0) AppleWebKit/537.36 (KHTML, like Gecko) Chrome/67.0.3396.99 Safari/537.36" 
5.188.210.79 - - [25/Jun/2020:04:44:51 -0700] "POST /comments/post HTTP/1.0" 403 16862 "https://stream.jeremycherfas.net/profile/jeremy?offset=106" "Mozilla/5.0 (Windows NT 10.0) AppleWebKit/537.36 (KHTML, like Gecko) Chrome/67.0.3396.99 Safari/537.36" 
45.116.232.22 - - [25/Jun/2020:04:45:09 -0700] "POST /comments/post HTTP/1.1" 302 1236 "https://stream.jeremycherfas.net/2020/on-second-thoughts-maybe-the-reason-my" "Mozilla/5.0 (Windows NT 6.1; Win64; x64) AppleWebKit/537.36 (KHTML, like Gecko) Chrome/83.0.4103.116 Safari/537.36" 
45.116.232.22 - - [25/Jun/2020:04:45:11 -0700] "GET /2020/on-second-thoughts-maybe-the-reason-my HTTP/1.1" 200 6469 "https://stream.jeremycherfas.net/2020/on-second-thoughts-maybe-the-reason-my" "Mozilla/5.0 (Windows NT 6.1; Win64; x64) AppleWebKit/537.36 (KHTML, like Gecko) Chrome/83.0.4103.116 Safari/537.36" 
45.116.232.22 - - [25/Jun/2020:04:45:12 -0700] "GET /chrome/manifest.json HTTP/1.1" 200 2622 "https://stream.jeremycherfas.net/2020/on-second-thoughts-maybe-the-reason-my" "Mozilla/5.0 (Windows NT 6.1; Win64; x64) AppleWebKit/537.36 (KHTML, like Gecko) Chrome/83.0.4103.116 Safari/537.36" 
96.126.125.129 - - [25/Jun/2020:04:45:18 -0700] "GET /content/statusupdates/posts/photos/checkins/bookmarkedpages?_t=rss HTTP/1.1" 200 7393 "-" "Micro.blog/1.0" 
46.229.168.149 - - [25/Jun/2020:04:45:28 -0700] "GET /robots.txt HTTP/1.1" 200 4300 "-" "Mozilla/5.0 (compatible; SemrushBot/6~bl; +http://www.semrush.com/bot.html)" 
46.229.168.147 - - [25/Jun/2020:04:45:28 -0700] "GET /content/bookmarkedpages/?offset=0&q=%23%2B%23food HTTP/1.1" 200 13642 "-" "Mozilla/5.0 (compatible; SemrushBot/6~bl; +http://www.semrush.com/bot.html)" 
5.188.210.79 - - [25/Jun/2020:04:46:07 -0700] "GET /profile/jeremy?offset=106 HTTP/1.1" 200 15704 "-" "Mozilla/5.0 (Windows NT 6.1; Win64; x64; rv:62.0) Gecko/20100101 Firefox/62.0" 
66.249.92.47 - - [25/Jun/2020:04:46:32 -0700] "GET /2018/whats-the-problem HTTP/1.1" 200 11201 "-" "Mozilla/5.0 (compatible; GoogleDocs; apps-spreadsheets; +http://docs.google.com)" 
69.30.210.242 - - [25/Jun/2020:04:47:18 -0700] "GET /content/photos/?q=%23Rye&offset=9 HTTP/1.1" 200 8852 "-" "Mozilla/5.0 (compatible; MJ12bot/v1.4.8; http://mj12bot.com/)" 
46.229.168.140 - - [25/Jun/2020:04:47:48 -0700] "GET /content/all/?offset=102&q=%23IndieWeb HTTP/1.1" 200 14120 "-" "Mozilla/5.0 (compatible; SemrushBot/6~bl; +http://www.semrush.com/bot.html)" 
46.229.168.153 - - [25/Jun/2020:04:48:20 -0700] "GET /content/statusupdates/?q=%23known HTTP/1.1" 200 11274 "-" "Mozilla/5.0 (compatible; SemrushBot/6~bl; +http://www.semrush.com/bot.html)" 
66.249.66.46 - - [25/Jun/2020:04:48:33 -0700] "GET /content/locations/?offset=180&_t=amp HTTP/1.1" 200 10627 "-" "Mozilla/5.0 (Linux; Android 6.0.1; Nexus 5X Build/MMB29P) AppleWebKit/537.36 (KHTML, like Gecko) Chrome/80.0.3987.92 Mobile Safari/537.36 (compatible; Googlebot/2.1; +http://www.google.com/bot.html)" 
46.229.168.163 - - [25/Jun/2020:04:48:37 -0700] "GET /?offset=40&q=%23indieweb HTTP/1.1" 200 11364 "-" "Mozilla/5.0 (compatible; SemrushBot/6~bl; +http://www.semrush.com/bot.html)" 
69.30.210.242 - - [25/Jun/2020:04:48:39 -0700] "GET /content/photos/?q=%23bread&offset=37 HTTP/1.1" 200 12394 "-" "Mozilla/5.0 (compatible; MJ12bot/v1.4.8; http://mj12bot.com/)" 
69.30.210.242 - - [25/Jun/2020:04:48:50 -0700] "GET /content/photos/?q=%23bread&offset=46 HTTP/1.1" 200 11524 "-" "Mozilla/5.0 (compatible; MJ12bot/v1.4.8; http://mj12bot.com/)" 
46.229.168.142 - - [25/Jun/2020:04:48:50 -0700] "GET /robots.txt HTTP/1.1" 200 4276 "-" "Mozilla/5.0 (compatible; SemrushBot/6~bl; +http://www.semrush.com/bot.html)" 
46.229.168.143 - - [25/Jun/2020:04:48:51 -0700] "GET /content/bookmarkedpages/?q=%23igbreadclub HTTP/1.1" 200 8300 "-" "Mozilla/5.0 (compatible; SemrushBot/6~bl; +http://www.semrush.com/bot.html)" 
69.30.210.242 - - [25/Jun/2020:04:49:02 -0700] "GET /content/photos/?q=%23bread&offset=7 HTTP/1.1" 200 12309 "-" "Mozilla/5.0 (compatible; MJ12bot/v1.4.8; http://mj12bot.com/)" 
69.30.210.242 - - [25/Jun/2020:04:49:25 -0700] "GET /content/photos/?q=%23podcast&offset=9 HTTP/1.1" 200 9146 "-" "Mozilla/5.0 (compatible; MJ12bot/v1.4.8; http://mj12bot.com/)" 
69.30.210.242 - - [25/Jun/2020:04:49:37 -0700] "GET /content/photos/?q=%23rye&offset=9 HTTP/1.1" 200 8807 "-" "Mozilla/5.0 (compatible; MJ12bot/v1.4.8; http://mj12bot.com/)" 
69.30.210.242 - - [25/Jun/2020:04:49:50 -0700] "GET /content/photos/?q=%23sourdough&offset=10 HTTP/1.1" 200 12092 "-" "Mozilla/5.0 (compatible; MJ12bot/v1.4.8; http://mj12bot.com/)" 
69.30.210.242 - - [25/Jun/2020:04:50:00 -0700] "GET /content/photos/?q=%23sourdough&offset=13 HTTP/1.1" 200 11785 "-" "Mozilla/5.0 (compatible; MJ12bot/v1.4.8; http://mj12bot.com/)" 
69.30.210.242 - - [25/Jun/2020:04:50:13 -0700] "GET /content/photos/?q=%23sourdough&offset=17 HTTP/1.1" 200 11532 "-" "Mozilla/5.0 (compatible; MJ12bot/v1.4.8; http://mj12bot.com/)" 
69.30.210.242 - - [25/Jun/2020:04:50:29 -0700] "GET /content/photos/?q=%23sourdough&offset=40 HTTP/1.1" 200 11279 "-" "Mozilla/5.0 (compatible; MJ12bot/v1.4.8; http://mj12bot.com/)" 
69.30.210.242 - - [25/Jun/2020:04:50:37 -0700] "GET /content/photos/?q=%23sourdough&offset=42 HTTP/1.1" 200 11404 "-" "Mozilla/5.0 (compatible; MJ12bot/v1.4.8; http://mj12bot.com/)" 
69.30.210.242 - - [25/Jun/2020:04:50:46 -0700] "GET /content/photos/?q=%23sourdough&offset=47 HTTP/1.1" 200 10138 "-" "Mozilla/5.0 (compatible; MJ12bot/v1.4.8; http://mj12bot.com/)" 
69.30.210.242 - - [25/Jun/2020:04:51:04 -0700] "GET /content/photos/?q=%23sourdough&offset=7 HTTP/1.1" 200 12114 "-" "Mozilla/5.0 (compatible; MJ12bot/v1.4.8; http://mj12bot.com/)" 
69.30.210.242 - - [25/Jun/2020:04:51:31 -0700] "GET /content/posts/?q=%23%20%23indieweb&offset=28 HTTP/1.1" 200 10341 "-" "Mozilla/5.0 (compatible; MJ12bot/v1.4.8; http://mj12bot.com/)" 
69.30.210.242 - - [25/Jun/2020:04:51:56 -0700] "GET /content/posts/?q=%23IndieWeb&offset=28 HTTP/1.1" 200 10327 "-" "Mozilla/5.0 (compatible; MJ12bot/v1.4.8; http://mj12bot.com/)" 
46.229.168.139 - - [25/Jun/2020:04:52:36 -0700] "GET /content/photos?offset=130 HTTP/1.1" 200 10718 "-" "Mozilla/5.0 (compatible; SemrushBot/6~bl; +http://www.semrush.com/bot.html)" 
69.30.210.242 - - [25/Jun/2020:04:53:03 -0700] "GET /content/statusupdates/?q=%23afternoontreat HTTP/1.1" 200 8291 "-" "Mozilla/5.0 (compatible; MJ12bot/v1.4.8; http://mj12bot.com/)" 
66.249.66.44 - - [25/Jun/2020:04:53:12 -0700] "GET /service/web/unfurl/?url=http%3A%2F%2Fpetebrown.blogspot.it%2F2017%2F04%2Fwhy-i-cant-get-too-excited-about.html&__bTk=69943e220605fd513a07276546916b3a5e7ac0f9fd9803c54ba60d198a8dbd2b&__bTs=1591488000 HTTP/1.1" 403 4971 "https://stream.jeremycherfas.net/content/all?_t=amp&offset=2096" "Mozilla/5.0 (Linux; Android 6.0.1; Nexus 5X Build/MMB29P) AppleWebKit/537.36 (KHTML, like Gecko) Chrome/83.0.4103.108 Mobile Safari/537.36 (compatible; Googlebot/2.1; +http://www.google.com/bot.html)" 
66.249.66.44 - - [25/Jun/2020:04:53:13 -0700] "GET /service/web/unfurl/?url=https%3A%2F%2Fwww.jeremycherfas.net%2Freviews%2Fhold-still&__bTk=69943e220605fd513a07276546916b3a5e7ac0f9fd9803c54ba60d198a8dbd2b&__bTs=1591488000 HTTP/1.1" 403 1271 "https://stream.jeremycherfas.net/content/all?_t=amp&offset=2096" "Mozilla/5.0 (Linux; Android 6.0.1; Nexus 5X Build/MMB29P) AppleWebKit/537.36 (KHTML, like Gecko) Chrome/83.0.4103.108 Mobile Safari/537.36 (compatible; Googlebot/2.1; +http://www.google.com/bot.html)" 
66.249.66.44 - - [25/Jun/2020:04:53:13 -0700] "GET /service/web/unfurl/?url=https%3A%2F%2Fblog.patreon.com%2Fpromote-podcast%2F&__bTk=69943e220605fd513a07276546916b3a5e7ac0f9fd9803c54ba60d198a8dbd2b&__bTs=1591488000 HTTP/1.1" 403 1264 "https://stream.jeremycherfas.net/content/all?_t=amp&offset=2096" "Mozilla/5.0 (Linux; Android 6.0.1; Nexus 5X Build/MMB29P) AppleWebKit/537.36 (KHTML, like Gecko) Chrome/83.0.4103.108 Mobile Safari/537.36 (compatible; Googlebot/2.1; +http://www.google.com/bot.html)" 
66.249.66.46 - - [25/Jun/2020:04:53:14 -0700] "GET /service/web/unfurl/?url=https%3A%2F%2Fwww.jeremycherfas.net%2Freviews%2Fhold-still&__bTk=69943e220605fd513a07276546916b3a5e7ac0f9fd9803c54ba60d198a8dbd2b&__bTs=1591887856 HTTP/1.1" 403 4943 "https://stream.jeremycherfas.net/content/all?_t=amp&offset=2096" "Mozilla/5.0 (Linux; Android 6.0.1; Nexus 5X Build/MMB29P) AppleWebKit/537.36 (KHTML, like Gecko) Chrome/83.0.4103.108 Mobile Safari/537.36 (compatible; Googlebot/2.1; +http://www.google.com/bot.html)" 
66.249.66.48 - - [25/Jun/2020:04:53:14 -0700] "GET /service/web/unfurl/?url=https%3A%2F%2Fblog.patreon.com%2Fpromote-podcast%2F&__bTk=69943e220605fd513a07276546916b3a5e7ac0f9fd9803c54ba60d198a8dbd2b&__bTs=1591887856 HTTP/1.1" 403 4936 "https://stream.jeremycherfas.net/content/all?_t=amp&offset=2096" "Mozilla/5.0 (Linux; Android 6.0.1; Nexus 5X Build/MMB29P) AppleWebKit/537.36 (KHTML, like Gecko) Chrome/83.0.4103.108 Mobile Safari/537.36 (compatible; Googlebot/2.1; +http://www.google.com/bot.html)" 
69.30.210.242 - - [25/Jun/2020:04:53:17 -0700] "GET /content/statusupdates/?q=%23cactus HTTP/1.1" 200 8274 "-" "Mozilla/5.0 (compatible; MJ12bot/v1.4.8; http://mj12bot.com/)" 
64.111.100.215 - - [25/Jun/2020:04:53:37 -0700] "GET /content/all?_t=rss HTTP/1.1" 200 14113 "-" "Mozilla/5.0 (X11; U; Linux i686; fr; rv:1.9.1.1) Gecko/20090715 Firefox/3.5.1" 
69.30.210.242 - - [25/Jun/2020:04:53:42 -0700] "GET /content/statusupdates/?q=%23flower HTTP/1.1" 200 8276 "-" "Mozilla/5.0 (compatible; MJ12bot/v1.4.8; http://mj12bot.com/)" 
46.229.168.163 - - [25/Jun/2020:04:53:42 -0700] "GET /content/all/?offset=11&q=%23%2B%23WithKnown HTTP/1.1" 200 11907 "-" "Mozilla/5.0 (compatible; SemrushBot/6~bl; +http://www.semrush.com/bot.html)" 
46.229.168.133 - - [25/Jun/2020:04:53:46 -0700] "GET /?offset=45&q=%23WithKnown HTTP/1.1" 200 12045 "-" "Mozilla/5.0 (compatible; SemrushBot/6~bl; +http://www.semrush.com/bot.html)" 
69.30.210.242 - - [25/Jun/2020:04:53:50 -0700] "GET /content/statusupdates/?q=%23indiewebcitizen HTTP/1.1" 200 8291 "-" "Mozilla/5.0 (compatible; MJ12bot/v1.4.8; http://mj12bot.com/)" 
46.229.168.143 - - [25/Jun/2020:04:54:06 -0700] "GET /?offset=53&q=%23Sourdough HTTP/1.1" 200 9570 "-" "Mozilla/5.0 (compatible; SemrushBot/6~bl; +http://www.semrush.com/bot.html)" 
69.30.210.242 - - [25/Jun/2020:04:54:07 -0700] "GET /content/statusupdates/?q=%23leaven HTTP/1.1" 200 9031 "-" "Mozilla/5.0 (compatible; MJ12bot/v1.4.8; http://mj12bot.com/)" 
46.229.168.162 - - [25/Jun/2020:04:54:15 -0700] "GET /file/9c72115a6ea22c576d72b4f23d3b25ea/d5fa16b43797c259e536eb4b195efba4 HTTP/1.1" 500 51922 "-" "Mozilla/5.0 (compatible; SemrushBot/6~bl; +http://www.semrush.com/bot.html)" 
69.30.210.242 - - [25/Jun/2020:04:54:16 -0700] "GET /content/statusupdates/?q=%23lemonmarmalade HTTP/1.1" 200 8292 "-" "Mozilla/5.0 (compatible; MJ12bot/v1.4.8; http://mj12bot.com/)" 
46.229.168.145 - - [25/Jun/2020:04:54:27 -0700] "GET /2019/context-captured-from-eat-website-a-few-minutes-ago HTTP/1.1" 200 9803 "-" "Mozilla/5.0 (compatible; SemrushBot/6~bl; +http://www.semrush.com/bot.html)" 
69.30.210.242 - - [25/Jun/2020:04:54:41 -0700] "GET /content/statusupdates/?q=%2523sourdough HTTP/1.1" 200 8288 "-" "Mozilla/5.0 (compatible; MJ12bot/v1.4.8; http://mj12bot.com/)" 
69.30.210.242 - - [25/Jun/2020:04:54:52 -0700] "GET /view/010bee9eb03c661f9ca4b8dede11a613 HTTP/1.1" 200 9522 "-" "Mozilla/5.0 (compatible; MJ12bot/v1.4.8; http://mj12bot.com/)" 
69.30.210.242 - - [25/Jun/2020:04:55:04 -0700] "GET /view/1b0375a25a7f0e529f3fa039f9880786 HTTP/1.1" 200 10576 "-" "Mozilla/5.0 (compatible; MJ12bot/v1.4.8; http://mj12bot.com/)" 
69.30.210.242 - - [25/Jun/2020:04:55:14 -0700] "GET /view/2923226a1b4f542342a63abb8da2a875 HTTP/1.1" 200 9359 "-" "Mozilla/5.0 (compatible; MJ12bot/v1.4.8; http://mj12bot.com/)" 
69.30.210.242 - - [25/Jun/2020:04:55:28 -0700] "GET /view/2c26e2129bfc28f0aed1e9a065c73417 HTTP/1.1" 200 9435 "-" "Mozilla/5.0 (compatible; MJ12bot/v1.4.8; http://mj12bot.com/)" 
69.30.210.242 - - [25/Jun/2020:04:55:40 -0700] "GET /view/2e7db4c66c37ee54bbf72602fbb9f419 HTTP/1.1" 200 9315 "-" "Mozilla/5.0 (compatible; MJ12bot/v1.4.8; http://mj12bot.com/)" 
69.30.210.242 - - [25/Jun/2020:04:55:47 -0700] "GET /view/324889c7bd479b3626040d4967a1d3b9 HTTP/1.1" 200 13053 "-" "Mozilla/5.0 (compatible; MJ12bot/v1.4.8; http://mj12bot.com/)" 
69.30.210.242 - - [25/Jun/2020:04:55:57 -0700] "GET /view/37f88feae4182fb54247cfc2c7ef3316 HTTP/1.1" 200 9247 "-" "Mozilla/5.0 (compatible; MJ12bot/v1.4.8; http://mj12bot.com/)" 
69.30.210.242 - - [25/Jun/2020:04:56:07 -0700] "GET /view/38581125e5f57a242c9452c160f33b5e HTTP/1.1" 200 9521 "-" "Mozilla/5.0 (compatible; MJ12bot/v1.4.8; http://mj12bot.com/)" 
69.30.210.242 - - [25/Jun/2020:04:56:16 -0700] "GET /view/39b04eba0c396cc80a26a558a8d10efe HTTP/1.1" 200 9457 "-" "Mozilla/5.0 (compatible; MJ12bot/v1.4.8; http://mj12bot.com/)" 
96.126.125.129 - - [25/Jun/2020:04:56:18 -0700] "GET /content/statusupdates/posts/photos/checkins/bookmarkedpages?_t=rss HTTP/1.1" 200 7393 "-" "Micro.blog/1.0" 
69.30.210.242 - - [25/Jun/2020:04:56:26 -0700] "GET /view/3acb2fa2ea615655b475e515aa120c9c HTTP/1.1" 200 9525 "-" "Mozilla/5.0 (compatible; MJ12bot/v1.4.8; http://mj12bot.com/)" 
69.30.210.242 - - [25/Jun/2020:04:56:36 -0700] "GET /view/3b2fd04b1e1f24ca28310bd795e800e3 HTTP/1.1" 200 13852 "-" "Mozilla/5.0 (compatible; MJ12bot/v1.4.8; http://mj12bot.com/)" 
69.30.210.242 - - [25/Jun/2020:04:56:45 -0700] "GET /view/3f1d335b7eb087bcc46b9e458c8770ba HTTP/1.1" 200 9457 "-" "Mozilla/5.0 (compatible; MJ12bot/v1.4.8; http://mj12bot.com/)" 
69.30.210.242 - - [25/Jun/2020:04:56:56 -0700] "GET /view/403cde08b78683479906d769d94bd0a3 HTTP/1.1" 200 13605 "-" "Mozilla/5.0 (compatible; MJ12bot/v1.4.8; http://mj12bot.com/)" 
69.30.210.242 - - [25/Jun/2020:04:57:09 -0700] "GET /view/4098196088a25016be76e3b9db3e4428 HTTP/1.1" 200 9466 "-" "Mozilla/5.0 (compatible; MJ12bot/v1.4.8; http://mj12bot.com/)" 
69.30.210.242 - - [25/Jun/2020:04:57:18 -0700] "GET /view/41cd3c4b62219bb853eec04201984ef0 HTTP/1.1" 200 10121 "-" "Mozilla/5.0 (compatible; MJ12bot/v1.4.8; http://mj12bot.com/)" 
46.229.168.145 - - [25/Jun/2020:04:57:26 -0700] "GET /content/locations/?q=%23followfriday HTTP/1.1" 200 8293 "-" "Mozilla/5.0 (compatible; SemrushBot/6~bl; +http://www.semrush.com/bot.html)" 
69.30.210.242 - - [25/Jun/2020:04:57:27 -0700] "GET /view/42c6ef0ab8775304882d369ba0c78291 HTTP/1.1" 200 12776 "-" "Mozilla/5.0 (compatible; MJ12bot/v1.4.8; http://mj12bot.com/)" 
66.249.92.47 - - [25/Jun/2020:04:57:35 -0700] "GET /2018/whats-the-problem HTTP/1.1" 200 11197 "-" "Mozilla/5.0 (compatible; GoogleDocs; apps-spreadsheets; +http://docs.google.com)" 
69.30.210.242 - - [25/Jun/2020:04:57:36 -0700] "GET /view/44f9f5425e002a8be4c9265c1a5e85c2 HTTP/1.1" 200 9420 "-" "Mozilla/5.0 (compatible; MJ12bot/v1.4.8; http://mj12bot.com/)" 
69.30.210.242 - - [25/Jun/2020:04:57:45 -0700] "GET /view/45061b77b50f414eac7fbfa094907d76 HTTP/1.1" 200 9631 "-" "Mozilla/5.0 (compatible; MJ12bot/v1.4.8; http://mj12bot.com/)" 
69.30.210.242 - - [25/Jun/2020:04:57:55 -0700] "GET /view/4e2e0296c82db0b66cc9b95c861f7840 HTTP/1.1" 200 9345 "-" "Mozilla/5.0 (compatible; MJ12bot/v1.4.8; http://mj12bot.com/)" 
66.249.66.46 - - [25/Jun/2020:04:58:01 -0700] "GET /content/all?_t=rss&offset=2086 HTTP/1.1" 200 7739 "-" "Mozilla/5.0 (Linux; Android 6.0.1; Nexus 5X Build/MMB29P) AppleWebKit/537.36 (KHTML, like Gecko) Chrome/80.0.3987.92 Mobile Safari/537.36 (compatible; Googlebot/2.1; +http://www.google.com/bot.html)" 
69.30.210.242 - - [25/Jun/2020:04:58:06 -0700] "GET /view/511e64c1e54efb996b40e8ae20769544 HTTP/1.1" 200 9386 "-" "Mozilla/5.0 (compatible; MJ12bot/v1.4.8; http://mj12bot.com/)" 
46.229.168.139 - - [25/Jun/2020:04:58:15 -0700] "GET /?q=%23%2B%23WithKnown HTTP/1.1" 200 14320 "-" "Mozilla/5.0 (compatible; SemrushBot/6~bl; +http://www.semrush.com/bot.html)" 
