45.83.220.223 - - [20/Jun/2020:04:13:38 -0700] "POST /wp-admin/admin-ajax.php HTTP/1.1" 200 4290 "https://www.fornacalia.com/wp-admin/post.php?post=5468&action=edit" "Mozilla/5.0 (Macintosh; Intel Mac OS X 10.13; rv:77.0) Gecko/20100101 Firefox/77.0" 
66.249.66.45 - - [20/Jun/2020:04:13:39 -0700] "GET /category/recipes/ HTTP/1.1" 200 20415 "-" "Mozilla/5.0 (Linux; Android 6.0.1; Nexus 5X Build/MMB29P) AppleWebKit/537.36 (KHTML, like Gecko) Chrome/80.0.3987.92 Mobile Safari/537.36 (compatible; Googlebot/2.1; +http://www.google.com/bot.html)" 
5.188.84.220 - - [20/Jun/2020:04:14:03 -0700] "GET /2013/pasta-madre-day-2013/ HTTP/1.0" 200 32496 "https://www.fornacalia.com/2013/pasta-madre-day-2013/#comment-1801/" "Mozilla/5.0 (Windows NT 10.0; Win64; x64) AppleWebKit/537.36 (KHTML, like Gecko) Chrome/67.0.3396.87 Safari/537.36 OPR/54.0.2952.64" 
5.188.84.220 - - [20/Jun/2020:04:14:04 -0700] "POST /wp-comments-post.php HTTP/1.0" 302 3874 "https://www.fornacalia.com/2013/pasta-madre-day-2013/#comment-1801/" "Mozilla/5.0 (Windows NT 10.0; Win64; x64) AppleWebKit/537.36 (KHTML, like Gecko) Chrome/67.0.3396.87 Safari/537.36 OPR/54.0.2952.64" 
77.88.5.55 - - [20/Jun/2020:04:14:29 -0700] "GET /robots.txt HTTP/1.1" 200 3853 "-" "Mozilla/5.0 (compatible; YandexBot/3.0; +http://yandex.com/bots)" 
77.88.5.202 - - [20/Jun/2020:04:14:33 -0700] "GET /15-150x84/trackback/ HTTP/1.1" 302 4100 "-" "Mozilla/5.0 (compatible; YandexBot/3.0; +http://yandex.com/bots)" 
77.88.5.71 - - [20/Jun/2020:04:14:37 -0700] "GET /15-150x84/ HTTP/1.1" 200 10164 "-" "Mozilla/5.0 (compatible; YandexBot/3.0; +http://yandex.com/bots)" 
45.83.220.223 - - [20/Jun/2020:04:14:38 -0700] "POST /wp-admin/admin-ajax.php HTTP/1.1" 200 807 "https://www.fornacalia.com/wp-admin/post.php?post=5468&action=edit" "Mozilla/5.0 (Macintosh; Intel Mac OS X 10.13; rv:77.0) Gecko/20100101 Firefox/77.0" 
45.83.220.223 - - [20/Jun/2020:04:15:31 -0700] "POST /wp-admin/admin-ajax.php HTTP/1.1" 200 66821 "https://www.fornacalia.com/wp-admin/post.php?post=5468&action=edit" "Mozilla/5.0 (Macintosh; Intel Mac OS X 10.13; rv:77.0) Gecko/20100101 Firefox/77.0" 
45.83.220.223 - - [20/Jun/2020:04:15:32 -0700] "GET /wp-includes/images/media/video.png HTTP/1.1" 200 686 "https://www.fornacalia.com/wp-admin/post.php?post=5468&action=edit" "Mozilla/5.0 (Macintosh; Intel Mac OS X 10.13; rv:77.0) Gecko/20100101 Firefox/77.0" 
45.83.220.223 - - [20/Jun/2020:04:15:32 -0700] "POST /wp-admin/admin-ajax.php HTTP/1.1" 200 65772 "https://www.fornacalia.com/wp-admin/post.php?post=5468&action=edit" "Mozilla/5.0 (Macintosh; Intel Mac OS X 10.13; rv:77.0) Gecko/20100101 Firefox/77.0" 
45.83.220.223 - - [20/Jun/2020:04:15:33 -0700] "GET /wp-content/uploads/2019/04/jeremy-with-sign-thumb-224x300.png HTTP/1.1" 200 117394 "https://www.fornacalia.com/wp-admin/post.php?post=5468&action=edit" "Mozilla/5.0 (Macintosh; Intel Mac OS X 10.13; rv:77.0) Gecko/20100101 Firefox/77.0" 
45.83.220.223 - - [20/Jun/2020:04:15:33 -0700] "POST /wp-admin/admin-ajax.php HTTP/1.1" 200 61696 "https://www.fornacalia.com/wp-admin/post.php?post=5468&action=edit" "Mozilla/5.0 (Macintosh; Intel Mac OS X 10.13; rv:77.0) Gecko/20100101 Firefox/77.0" 
45.83.220.223 - - [20/Jun/2020:04:15:38 -0700] "POST /wp-admin/admin-ajax.php HTTP/1.1" 200 807 "https://www.fornacalia.com/wp-admin/post.php?post=5468&action=edit" "Mozilla/5.0 (Macintosh; Intel Mac OS X 10.13; rv:77.0) Gecko/20100101 Firefox/77.0" 
45.83.220.223 - - [20/Jun/2020:04:15:48 -0700] "POST /wp-admin/async-upload.php HTTP/1.1" 200 1277 "https://www.fornacalia.com/wp-admin/post.php?post=5468&action=edit" "Mozilla/5.0 (Macintosh; Intel Mac OS X 10.13; rv:77.0) Gecko/20100101 Firefox/77.0" 
45.83.220.223 - - [20/Jun/2020:04:15:50 -0700] "GET /wp-content/uploads/2020/06/flax-currant-couche-960-300x169.jpg HTTP/1.1" 200 20800 "https://www.fornacalia.com/wp-admin/post.php?post=5468&action=edit" "Mozilla/5.0 (Macintosh; Intel Mac OS X 10.13; rv:77.0) Gecko/20100101 Firefox/77.0" 
45.83.220.223 - - [20/Jun/2020:04:15:51 -0700] "POST /wp-admin/async-upload.php HTTP/1.1" 200 1277 "https://www.fornacalia.com/wp-admin/post.php?post=5468&action=edit" "Mozilla/5.0 (Macintosh; Intel Mac OS X 10.13; rv:77.0) Gecko/20100101 Firefox/77.0" 
45.83.220.223 - - [20/Jun/2020:04:15:52 -0700] "GET /wp-content/uploads/2020/06/flax-currant-crumb-tw-300x158.jpg HTTP/1.1" 200 25101 "https://www.fornacalia.com/wp-admin/post.php?post=5468&action=edit" "Mozilla/5.0 (Macintosh; Intel Mac OS X 10.13; rv:77.0) Gecko/20100101 Firefox/77.0" 
45.83.220.223 - - [20/Jun/2020:04:15:52 -0700] "POST /wp-admin/async-upload.php HTTP/1.1" 200 1103 "https://www.fornacalia.com/wp-admin/post.php?post=5468&action=edit" "Mozilla/5.0 (Macintosh; Intel Mac OS X 10.13; rv:77.0) Gecko/20100101 Firefox/77.0" 
45.83.220.223 - - [20/Jun/2020:04:15:52 -0700] "GET /wp-content/uploads/2020/06/flax-currant-crumb-960-300x225.jpg HTTP/1.1" 200 33676 "https://www.fornacalia.com/wp-admin/post.php?post=5468&action=edit" "Mozilla/5.0 (Macintosh; Intel Mac OS X 10.13; rv:77.0) Gecko/20100101 Firefox/77.0" 
45.83.220.223 - - [20/Jun/2020:04:15:52 -0700] "POST /wp-admin/async-upload.php HTTP/1.1" 200 1104 "https://www.fornacalia.com/wp-admin/post.php?post=5468&action=edit" "Mozilla/5.0 (Macintosh; Intel Mac OS X 10.13; rv:77.0) Gecko/20100101 Firefox/77.0" 
45.83.220.223 - - [20/Jun/2020:04:15:53 -0700] "GET /wp-content/uploads/2020/06/flax-currant-baked-960-300x225.jpg HTTP/1.1" 200 25658 "https://www.fornacalia.com/wp-admin/post.php?post=5468&action=edit" "Mozilla/5.0 (Macintosh; Intel Mac OS X 10.13; rv:77.0) Gecko/20100101 Firefox/77.0" 
45.83.220.223 - - [20/Jun/2020:04:15:53 -0700] "POST /wp-admin/async-upload.php HTTP/1.1" 200 1100 "https://www.fornacalia.com/wp-admin/post.php?post=5468&action=edit" "Mozilla/5.0 (Macintosh; Intel Mac OS X 10.13; rv:77.0) Gecko/20100101 Firefox/77.0" 
45.83.220.223 - - [20/Jun/2020:04:15:54 -0700] "GET /wp-content/uploads/2020/06/flax-currant-dough-960-300x225.jpg HTTP/1.1" 200 28831 "https://www.fornacalia.com/wp-admin/post.php?post=5468&action=edit" "Mozilla/5.0 (Macintosh; Intel Mac OS X 10.13; rv:77.0) Gecko/20100101 Firefox/77.0" 
45.83.220.223 - - [20/Jun/2020:04:16:38 -0700] "POST /wp-admin/admin-ajax.php HTTP/1.1" 200 807 "https://www.fornacalia.com/wp-admin/post.php?post=5468&action=edit" "Mozilla/5.0 (Macintosh; Intel Mac OS X 10.13; rv:77.0) Gecko/20100101 Firefox/77.0" 
45.83.220.223 - - [20/Jun/2020:04:17:08 -0700] "POST /wp-admin/admin-ajax.php HTTP/1.1" 200 776 "https://www.fornacalia.com/wp-admin/post.php?post=5468&action=edit" "Mozilla/5.0 (Macintosh; Intel Mac OS X 10.13; rv:77.0) Gecko/20100101 Firefox/77.0" 
45.83.220.223 - - [20/Jun/2020:04:17:08 -0700] "POST /wp-admin/admin-ajax.php HTTP/1.1" 200 1025 "https://www.fornacalia.com/wp-admin/post.php?post=5468&action=edit" "Mozilla/5.0 (Macintosh; Intel Mac OS X 10.13; rv:77.0) Gecko/20100101 Firefox/77.0" 
45.83.220.223 - - [20/Jun/2020:04:17:39 -0700] "POST /wp-admin/admin-ajax.php HTTP/1.1" 200 878 "https://www.fornacalia.com/wp-admin/post.php?post=5468&action=edit" "Mozilla/5.0 (Macintosh; Intel Mac OS X 10.13; rv:77.0) Gecko/20100101 Firefox/77.0" 
45.83.220.223 - - [20/Jun/2020:04:17:58 -0700] "POST /wp-admin/admin-ajax.php HTTP/1.1" 200 776 "https://www.fornacalia.com/wp-admin/post.php?post=5468&action=edit" "Mozilla/5.0 (Macintosh; Intel Mac OS X 10.13; rv:77.0) Gecko/20100101 Firefox/77.0" 
45.83.220.223 - - [20/Jun/2020:04:17:59 -0700] "POST /wp-admin/admin-ajax.php HTTP/1.1" 200 1008 "https://www.fornacalia.com/wp-admin/post.php?post=5468&action=edit" "Mozilla/5.0 (Macintosh; Intel Mac OS X 10.13; rv:77.0) Gecko/20100101 Firefox/77.0" 
45.83.220.223 - - [20/Jun/2020:04:18:38 -0700] "POST /wp-admin/admin-ajax.php HTTP/1.1" 200 4290 "https://www.fornacalia.com/wp-admin/post.php?post=5468&action=edit" "Mozilla/5.0 (Macintosh; Intel Mac OS X 10.13; rv:77.0) Gecko/20100101 Firefox/77.0" 
45.83.220.223 - - [20/Jun/2020:04:18:42 -0700] "POST /wp-admin/admin-ajax.php HTTP/1.1" 200 776 "https://www.fornacalia.com/wp-admin/post.php?post=5468&action=edit" "Mozilla/5.0 (Macintosh; Intel Mac OS X 10.13; rv:77.0) Gecko/20100101 Firefox/77.0" 
45.83.220.223 - - [20/Jun/2020:04:18:42 -0700] "POST /wp-admin/admin-ajax.php HTTP/1.1" 200 1028 "https://www.fornacalia.com/wp-admin/post.php?post=5468&action=edit" "Mozilla/5.0 (Macintosh; Intel Mac OS X 10.13; rv:77.0) Gecko/20100101 Firefox/77.0" 
45.83.220.223 - - [20/Jun/2020:04:19:19 -0700] "POST /wp-admin/admin-ajax.php HTTP/1.1" 200 776 "https://www.fornacalia.com/wp-admin/post.php?post=5468&action=edit" "Mozilla/5.0 (Macintosh; Intel Mac OS X 10.13; rv:77.0) Gecko/20100101 Firefox/77.0" 
45.83.220.223 - - [20/Jun/2020:04:19:19 -0700] "POST /wp-admin/admin-ajax.php HTTP/1.1" 200 1023 "https://www.fornacalia.com/wp-admin/post.php?post=5468&action=edit" "Mozilla/5.0 (Macintosh; Intel Mac OS X 10.13; rv:77.0) Gecko/20100101 Firefox/77.0" 
45.83.220.223 - - [20/Jun/2020:04:19:25 -0700] "POST /wp-admin/post.php HTTP/1.1" 302 815 "https://www.fornacalia.com/wp-admin/post.php?post=5468&action=edit" "Mozilla/5.0 (Macintosh; Intel Mac OS X 10.13; rv:77.0) Gecko/20100101 Firefox/77.0" 
45.83.220.223 - - [20/Jun/2020:04:19:26 -0700] "GET /wp-admin/post.php?post=5468&action=edit&message=10 HTTP/1.1" 200 46614 "https://www.fornacalia.com/wp-admin/post.php?post=5468&action=edit" "Mozilla/5.0 (Macintosh; Intel Mac OS X 10.13; rv:77.0) Gecko/20100101 Firefox/77.0" 
45.83.220.223 - - [20/Jun/2020:04:19:26 -0700] "GET /wp-content/uploads/2020/06/flax-currant-couche-960.jpg HTTP/1.1" 200 664942 "https://www.fornacalia.com/wp-admin/post.php?post=5468&action=edit&message=10" "Mozilla/5.0 (Macintosh; Intel Mac OS X 10.13; rv:77.0) Gecko/20100101 Firefox/77.0" 
45.83.220.223 - - [20/Jun/2020:04:19:28 -0700] "GET /wp-content/uploads/2020/06/flax-currant-crumb-tw.jpg HTTP/1.1" 200 336694 "https://www.fornacalia.com/wp-admin/post.php?post=5468&action=edit&message=10" "Mozilla/5.0 (Macintosh; Intel Mac OS X 10.13; rv:77.0) Gecko/20100101 Firefox/77.0" 
45.83.220.223 - - [20/Jun/2020:04:19:29 -0700] "GET /wp-content/uploads/2017/12/cropped-forno-favicon-192x192.png HTTP/1.1" 200 21644 "-" "Mozilla/5.0 (Macintosh; Intel Mac OS X 10.13; rv:77.0) Gecko/20100101 Firefox/77.0" 
45.83.220.223 - - [20/Jun/2020:04:19:29 -0700] "GET /wp-admin/admin-ajax.php?action=oembed-cache&post=5468 HTTP/1.1" 200 698 "https://www.fornacalia.com/wp-admin/post.php?post=5468&action=edit" "Mozilla/5.0 (Macintosh; Intel Mac OS X 10.13; rv:77.0) Gecko/20100101 Firefox/77.0" 
45.83.220.223 - - [20/Jun/2020:04:19:27 -0700] "GET /wp-content/uploads/2020/06/flax-currant-baked-960.jpg HTTP/1.1" 200 878340 "https://www.fornacalia.com/wp-admin/post.php?post=5468&action=edit&message=10" "Mozilla/5.0 (Macintosh; Intel Mac OS X 10.13; rv:77.0) Gecko/20100101 Firefox/77.0" 
45.83.220.223 - - [20/Jun/2020:04:19:27 -0700] "GET /wp-content/uploads/2020/06/flax-currant-dough-960.jpg HTTP/1.1" 200 938882 "https://www.fornacalia.com/wp-admin/post.php?post=5468&action=edit&message=10" "Mozilla/5.0 (Macintosh; Intel Mac OS X 10.13; rv:77.0) Gecko/20100101 Firefox/77.0" 
45.83.220.223 - - [20/Jun/2020:04:19:29 -0700] "GET /wp-content/uploads/2020/06/flax-currant-crumb-960.jpg HTTP/1.1" 200 1025866 "https://www.fornacalia.com/wp-admin/post.php?post=5468&action=edit&message=10" "Mozilla/5.0 (Macintosh; Intel Mac OS X 10.13; rv:77.0) Gecko/20100101 Firefox/77.0" 
45.83.220.223 - - [20/Jun/2020:04:19:56 -0700] "POST /wp-admin/post.php HTTP/1.1" 302 815 "https://www.fornacalia.com/wp-admin/post.php?post=5468&action=edit" "Mozilla/5.0 (Macintosh; Intel Mac OS X 10.13; rv:77.0) Gecko/20100101 Firefox/77.0" 
45.83.220.223 - - [20/Jun/2020:04:19:56 -0700] "GET /wp-admin/post.php?post=5468&action=edit&message=10 HTTP/1.1" 200 46622 "https://www.fornacalia.com/wp-admin/post.php?post=5468&action=edit" "Mozilla/5.0 (Macintosh; Intel Mac OS X 10.13; rv:77.0) Gecko/20100101 Firefox/77.0" 
45.83.220.223 - - [20/Jun/2020:04:19:57 -0700] "GET /wp-content/uploads/2017/12/cropped-forno-favicon-192x192.png HTTP/1.1" 200 21644 "-" "Mozilla/5.0 (Macintosh; Intel Mac OS X 10.13; rv:77.0) Gecko/20100101 Firefox/77.0" 
45.83.220.223 - - [20/Jun/2020:04:19:57 -0700] "GET /wp-admin/admin-ajax.php?action=oembed-cache&post=5468 HTTP/1.1" 200 698 "https://www.fornacalia.com/wp-admin/post.php?post=5468&action=edit" "Mozilla/5.0 (Macintosh; Intel Mac OS X 10.13; rv:77.0) Gecko/20100101 Firefox/77.0" 
45.83.220.223 - - [20/Jun/2020:04:20:57 -0700] "POST /wp-admin/admin-ajax.php HTTP/1.1" 200 807 "https://www.fornacalia.com/wp-admin/post.php?post=5468&action=edit" "Mozilla/5.0 (Macintosh; Intel Mac OS X 10.13; rv:77.0) Gecko/20100101 Firefox/77.0" 
5.188.84.15 - - [20/Jun/2020:04:21:26 -0700] "GET /2013/pasta-madre-day-2013/ HTTP/1.0" 200 32496 "https://www.fornacalia.com/2013/pasta-madre-day-2013/#comment-1801/" "Mozilla/5.0 (Windows NT 6.3; Win64; x64) AppleWebKit/537.36 (KHTML, like Gecko) Chrome/66.0.3359.181 Safari/537.36" 
5.188.84.15 - - [20/Jun/2020:04:21:26 -0700] "POST /wp-comments-post.php HTTP/1.0" 302 3874 "https://www.fornacalia.com/2013/pasta-madre-day-2013/#comment-1801/" "Mozilla/5.0 (Windows NT 6.3; Win64; x64) AppleWebKit/537.36 (KHTML, like Gecko) Chrome/66.0.3359.181 Safari/537.36" 
66.249.66.45 - - [20/Jun/2020:04:21:29 -0700] "GET / HTTP/1.1" 200 19035 "-" "Mozilla/5.0 (compatible; Googlebot/2.1; +http://www.google.com/bot.html)" 
45.83.220.223 - - [20/Jun/2020:04:21:57 -0700] "POST /wp-admin/admin-ajax.php HTTP/1.1" 200 807 "https://www.fornacalia.com/wp-admin/post.php?post=5468&action=edit" "Mozilla/5.0 (Macintosh; Intel Mac OS X 10.13; rv:77.0) Gecko/20100101 Firefox/77.0" 
45.83.220.223 - - [20/Jun/2020:04:22:58 -0700] "POST /wp-admin/admin-ajax.php HTTP/1.1" 200 807 "https://www.fornacalia.com/wp-admin/post.php?post=5468&action=edit" "Mozilla/5.0 (Macintosh; Intel Mac OS X 10.13; rv:77.0) Gecko/20100101 Firefox/77.0" 
45.83.220.223 - - [20/Jun/2020:04:23:57 -0700] "POST /wp-admin/admin-ajax.php HTTP/1.1" 200 4290 "https://www.fornacalia.com/wp-admin/post.php?post=5468&action=edit" "Mozilla/5.0 (Macintosh; Intel Mac OS X 10.13; rv:77.0) Gecko/20100101 Firefox/77.0" 
45.83.220.223 - - [20/Jun/2020:04:24:57 -0700] "POST /wp-admin/admin-ajax.php HTTP/1.1" 200 807 "https://www.fornacalia.com/wp-admin/post.php?post=5468&action=edit" "Mozilla/5.0 (Macintosh; Intel Mac OS X 10.13; rv:77.0) Gecko/20100101 Firefox/77.0" 
45.83.220.223 - - [20/Jun/2020:04:25:57 -0700] "POST /wp-admin/admin-ajax.php HTTP/1.1" 200 807 "https://www.fornacalia.com/wp-admin/post.php?post=5468&action=edit" "Mozilla/5.0 (Macintosh; Intel Mac OS X 10.13; rv:77.0) Gecko/20100101 Firefox/77.0" 
45.83.220.223 - - [20/Jun/2020:04:26:57 -0700] "POST /wp-admin/admin-ajax.php HTTP/1.1" 200 807 "https://www.fornacalia.com/wp-admin/post.php?post=5468&action=edit" "Mozilla/5.0 (Macintosh; Intel Mac OS X 10.13; rv:77.0) Gecko/20100101 Firefox/77.0" 
45.83.220.223 - - [20/Jun/2020:04:27:57 -0700] "POST /wp-admin/admin-ajax.php HTTP/1.1" 200 807 "https://www.fornacalia.com/wp-admin/post.php?post=5468&action=edit" "Mozilla/5.0 (Macintosh; Intel Mac OS X 10.13; rv:77.0) Gecko/20100101 Firefox/77.0" 
45.83.220.223 - - [20/Jun/2020:04:28:57 -0700] "POST /wp-admin/admin-ajax.php HTTP/1.1" 200 4290 "https://www.fornacalia.com/wp-admin/post.php?post=5468&action=edit" "Mozilla/5.0 (Macintosh; Intel Mac OS X 10.13; rv:77.0) Gecko/20100101 Firefox/77.0" 
45.83.220.223 - - [20/Jun/2020:04:29:58 -0700] "POST /wp-admin/admin-ajax.php HTTP/1.1" 200 807 "https://www.fornacalia.com/wp-admin/post.php?post=5468&action=edit" "Mozilla/5.0 (Macintosh; Intel Mac OS X 10.13; rv:77.0) Gecko/20100101 Firefox/77.0" 
45.83.220.223 - - [20/Jun/2020:04:31:58 -0700] "POST /wp-admin/admin-ajax.php HTTP/1.1" 200 807 "https://www.fornacalia.com/wp-admin/post.php?post=5468&action=edit" "Mozilla/5.0 (Macintosh; Intel Mac OS X 10.13; rv:77.0) Gecko/20100101 Firefox/77.0" 
45.83.220.223 - - [20/Jun/2020:04:33:58 -0700] "POST /wp-admin/admin-ajax.php HTTP/1.1" 200 4290 "https://www.fornacalia.com/wp-admin/post.php?post=5468&action=edit" "Mozilla/5.0 (Macintosh; Intel Mac OS X 10.13; rv:77.0) Gecko/20100101 Firefox/77.0" 
45.83.220.223 - - [20/Jun/2020:04:35:58 -0700] "POST /wp-admin/admin-ajax.php HTTP/1.1" 200 807 "https://www.fornacalia.com/wp-admin/post.php?post=5468&action=edit" "Mozilla/5.0 (Macintosh; Intel Mac OS X 10.13; rv:77.0) Gecko/20100101 Firefox/77.0" 
45.83.220.223 - - [20/Jun/2020:04:37:58 -0700] "POST /wp-admin/admin-ajax.php HTTP/1.1" 200 807 "https://www.fornacalia.com/wp-admin/post.php?post=5468&action=edit" "Mozilla/5.0 (Macintosh; Intel Mac OS X 10.13; rv:77.0) Gecko/20100101 Firefox/77.0" 
46.49.3.10 - - [20/Jun/2020:04:39:48 -0700] "POST /xmlrpc.php HTTP/1.1" 301 4152 "-" "Mozilla/4.0 (compatible; MSIE 6.0; Windows NT 5.0)" 
46.49.3.10 - - [20/Jun/2020:04:39:48 -0700] "GET /xmlrpc.php HTTP/1.1" 405 3948 "-" "Mozilla/4.0 (compatible; MSIE 6.0; Windows NT 5.0)" 
45.83.220.223 - - [20/Jun/2020:04:39:58 -0700] "POST /wp-admin/admin-ajax.php HTTP/1.1" 200 4290 "https://www.fornacalia.com/wp-admin/post.php?post=5468&action=edit" "Mozilla/5.0 (Macintosh; Intel Mac OS X 10.13; rv:77.0) Gecko/20100101 Firefox/77.0" 
46.49.3.10 - - [20/Jun/2020:04:40:53 -0700] "POST /xmlrpc.php HTTP/1.1" 301 4152 "-" "Mozilla/4.0 (compatible; MSIE 6.0; Windows NT 5.0)" 
46.49.3.10 - - [20/Jun/2020:04:40:54 -0700] "GET /xmlrpc.php HTTP/1.1" 405 3948 "-" "Mozilla/4.0 (compatible; MSIE 6.0; Windows NT 5.0)" 
45.83.220.223 - - [20/Jun/2020:04:41:58 -0700] "POST /wp-admin/admin-ajax.php HTTP/1.1" 200 807 "https://www.fornacalia.com/wp-admin/post.php?post=5468&action=edit" "Mozilla/5.0 (Macintosh; Intel Mac OS X 10.13; rv:77.0) Gecko/20100101 Firefox/77.0" 
64.111.100.215 - - [20/Jun/2020:04:41:59 -0700] "POST /wp-cron.php?doing_wp_cron=1592653318.3396511077880859375000 HTTP/1.1" 200 3383 "https://www.fornacalia.com/wp-cron.php?doing_wp_cron=1592653318.3396511077880859375000" "WordPress/5.2.7; https://www.fornacalia.com" 
66.249.66.45 - - [20/Jun/2020:04:43:40 -0700] "GET /ads.txt HTTP/1.1" 404 25418 "-" "Mozilla/5.0 (compatible; Googlebot/2.1; +http://www.google.com/bot.html)" 
45.83.220.223 - - [20/Jun/2020:04:43:58 -0700] "POST /wp-admin/admin-ajax.php HTTP/1.1" 200 807 "https://www.fornacalia.com/wp-admin/post.php?post=5468&action=edit" "Mozilla/5.0 (Macintosh; Intel Mac OS X 10.13; rv:77.0) Gecko/20100101 Firefox/77.0" 
45.83.220.223 - - [20/Jun/2020:04:45:58 -0700] "POST /wp-admin/admin-ajax.php HTTP/1.1" 200 4290 "https://www.fornacalia.com/wp-admin/post.php?post=5468&action=edit" "Mozilla/5.0 (Macintosh; Intel Mac OS X 10.13; rv:77.0) Gecko/20100101 Firefox/77.0" 
45.83.220.223 - - [20/Jun/2020:04:47:58 -0700] "POST /wp-admin/admin-ajax.php HTTP/1.1" 200 807 "https://www.fornacalia.com/wp-admin/post.php?post=5468&action=edit" "Mozilla/5.0 (Macintosh; Intel Mac OS X 10.13; rv:77.0) Gecko/20100101 Firefox/77.0" 
45.83.220.223 - - [20/Jun/2020:04:49:58 -0700] "POST /wp-admin/admin-ajax.php HTTP/1.1" 200 807 "https://www.fornacalia.com/wp-admin/post.php?post=5468&action=edit" "Mozilla/5.0 (Macintosh; Intel Mac OS X 10.13; rv:77.0) Gecko/20100101 Firefox/77.0" 
5.188.84.233 - - [20/Jun/2020:04:50:41 -0700] "GET /2013/pasta-madre-day-2013/ HTTP/1.0" 200 32496 "https://www.fornacalia.com/2013/pasta-madre-day-2013/#comment-1801/" "Mozilla/5.0 (Windows NT 6.2; Win64; x64) AppleWebKit/537.36 (KHTML, like Gecko) Chrome/68.0.3440.106 Safari/537.36" 
5.188.84.233 - - [20/Jun/2020:04:50:42 -0700] "POST /wp-comments-post.php HTTP/1.0" 302 3874 "https://www.fornacalia.com/2013/pasta-madre-day-2013/#comment-1801/" "Mozilla/5.0 (Windows NT 6.2; Win64; x64) AppleWebKit/537.36 (KHTML, like Gecko) Chrome/68.0.3440.106 Safari/537.36" 
5.188.84.65 - - [20/Jun/2020:04:51:13 -0700] "GET /2013/pasta-madre-day-2013/ HTTP/1.0" 200 32496 "https://www.fornacalia.com/2013/pasta-madre-day-2013/#comment-1801/" "Mozilla/5.0 (Windows NT 6.1; Win64; x64) AppleWebKit/537.36 (KHTML, like Gecko) Chrome/68.0.3440.106 Safari/537.36 OPR/55.0.2994.44" 
5.188.84.65 - - [20/Jun/2020:04:51:14 -0700] "POST /wp-comments-post.php HTTP/1.0" 302 3874 "https://www.fornacalia.com/2013/pasta-madre-day-2013/#comment-1801/" "Mozilla/5.0 (Windows NT 6.1; Win64; x64) AppleWebKit/537.36 (KHTML, like Gecko) Chrome/68.0.3440.106 Safari/537.36 OPR/55.0.2994.44" 
5.188.84.65 - - [20/Jun/2020:04:51:32 -0700] "GET /2013/pasta-madre-day-2013/ HTTP/1.0" 200 32496 "https://www.fornacalia.com/2013/pasta-madre-day-2013/#comment-1801/" "Mozilla/5.0 (Windows NT 10.0; Win64; x64) AppleWebKit/537.36 (KHTML, like Gecko) Chrome/68.0.3440.106 Safari/537.36 OPR/55.0.2994.44" 
5.188.84.65 - - [20/Jun/2020:04:51:33 -0700] "POST /wp-comments-post.php HTTP/1.0" 302 3874 "https://www.fornacalia.com/2013/pasta-madre-day-2013/#comment-1801/" "Mozilla/5.0 (Windows NT 10.0; Win64; x64) AppleWebKit/537.36 (KHTML, like Gecko) Chrome/68.0.3440.106 Safari/537.36 OPR/55.0.2994.44" 
45.83.220.223 - - [20/Jun/2020:04:51:58 -0700] "POST /wp-admin/admin-ajax.php HTTP/1.1" 200 4290 "https://www.fornacalia.com/wp-admin/post.php?post=5468&action=edit" "Mozilla/5.0 (Macintosh; Intel Mac OS X 10.13; rv:77.0) Gecko/20100101 Firefox/77.0" 
46.49.3.10 - - [20/Jun/2020:04:53:51 -0700] "POST /xmlrpc.php HTTP/1.1" 301 4152 "-" "Mozilla/4.0 (compatible; MSIE 6.0; Windows NT 5.0)" 
46.49.3.10 - - [20/Jun/2020:04:53:52 -0700] "GET /xmlrpc.php HTTP/1.1" 405 3948 "-" "Mozilla/4.0 (compatible; MSIE 6.0; Windows NT 5.0)" 
46.229.168.146 - - [20/Jun/2020:04:53:56 -0700] "GET /robots.txt HTTP/1.1" 200 3823 "-" "Mozilla/5.0 (compatible; SemrushBot/6~bl; +http://www.semrush.com/bot.html)" 
45.83.220.223 - - [20/Jun/2020:04:53:58 -0700] "POST /wp-admin/admin-ajax.php HTTP/1.1" 200 807 "https://www.fornacalia.com/wp-admin/post.php?post=5468&action=edit" "Mozilla/5.0 (Macintosh; Intel Mac OS X 10.13; rv:77.0) Gecko/20100101 Firefox/77.0" 
46.229.168.139 - - [20/Jun/2020:04:54:00 -0700] "GET /2017/weigh-in/ HTTP/1.1" 200 11336 "-" "Mozilla/5.0 (compatible; SemrushBot/6~bl; +http://www.semrush.com/bot.html)" 
157.55.39.90 - - [20/Jun/2020:04:54:54 -0700] "GET /2019/respect-to-respectus-panis/ HTTP/1.1" 200 13498 "-" "Mozilla/5.0 (compatible; bingbot/2.0; +http://www.bing.com/bingbot.htm)" 
45.83.220.223 - - [20/Jun/2020:04:55:58 -0700] "POST /wp-admin/admin-ajax.php HTTP/1.1" 200 807 "https://www.fornacalia.com/wp-admin/post.php?post=5468&action=edit" "Mozilla/5.0 (Macintosh; Intel Mac OS X 10.13; rv:77.0) Gecko/20100101 Firefox/77.0" 
5.188.84.15 - - [20/Jun/2020:04:56:06 -0700] "GET /2013/pasta-madre-day-2013/ HTTP/1.0" 200 32496 "https://www.fornacalia.com/2013/pasta-madre-day-2013/#comment-1801/" "Mozilla/5.0 (Windows NT 6.1) AppleWebKit/537.36 (KHTML, like Gecko) Chrome/68.0.3440.106 Safari/537.36" 
5.188.84.15 - - [20/Jun/2020:04:56:07 -0700] "POST /wp-comments-post.php HTTP/1.0" 302 3874 "https://www.fornacalia.com/2013/pasta-madre-day-2013/#comment-1801/" "Mozilla/5.0 (Windows NT 6.1) AppleWebKit/537.36 (KHTML, like Gecko) Chrome/68.0.3440.106 Safari/537.36" 
5.81.116.50 - - [20/Jun/2020:04:56:35 -0700] "POST /xmlrpc.php HTTP/1.1" 301 4152 "-" "Mozilla/4.0 (compatible; MSIE 6.0; Windows NT 5.0)" 
5.81.116.50 - - [20/Jun/2020:04:56:36 -0700] "GET /xmlrpc.php HTTP/1.1" 405 3948 "-" "Mozilla/4.0 (compatible; MSIE 6.0; Windows NT 5.0)" 
45.83.220.223 - - [20/Jun/2020:04:57:58 -0700] "POST /wp-admin/admin-ajax.php HTTP/1.1" 200 4290 "https://www.fornacalia.com/wp-admin/post.php?post=5468&action=edit" "Mozilla/5.0 (Macintosh; Intel Mac OS X 10.13; rv:77.0) Gecko/20100101 Firefox/77.0" 
45.83.220.223 - - [20/Jun/2020:04:59:58 -0700] "POST /wp-admin/admin-ajax.php HTTP/1.1" 200 807 "https://www.fornacalia.com/wp-admin/post.php?post=5468&action=edit" "Mozilla/5.0 (Macintosh; Intel Mac OS X 10.13; rv:77.0) Gecko/20100101 Firefox/77.0" 
5.188.84.45 - - [20/Jun/2020:05:00:58 -0700] "GET /2013/pasta-madre-day-2013/ HTTP/1.0" 200 32496 "https://www.fornacalia.com/2013/pasta-madre-day-2013/#comment-1801/" "Mozilla/5.0 (Windows NT 6.1; Win64; x64) AppleWebKit/537.36 (KHTML, like Gecko) Chrome/67.0.3396.87 Safari/537.36 OPR/54.0.2952.71" 
5.188.84.45 - - [20/Jun/2020:05:00:59 -0700] "POST /wp-comments-post.php HTTP/1.0" 302 3874 "https://www.fornacalia.com/2013/pasta-madre-day-2013/#comment-1801/" "Mozilla/5.0 (Windows NT 6.1; Win64; x64) AppleWebKit/537.36 (KHTML, like Gecko) Chrome/67.0.3396.87 Safari/537.36 OPR/54.0.2952.71" 
45.83.220.223 - - [20/Jun/2020:05:01:58 -0700] "POST /wp-admin/admin-ajax.php HTTP/1.1" 200 1068 "https://www.fornacalia.com/wp-admin/post.php?post=5468&action=edit" "Mozilla/5.0 (Macintosh; Intel Mac OS X 10.13; rv:77.0) Gecko/20100101 Firefox/77.0" 
5.188.84.233 - - [20/Jun/2020:05:02:34 -0700] "GET /2013/pasta-madre-day-2013/ HTTP/1.0" 200 32496 "https://www.fornacalia.com/2013/pasta-madre-day-2013/#comment-1801/" "Mozilla/5.0 (Windows NT 10.0; Win64; x64) AppleWebKit/537.36 (KHTML, like Gecko) Chrome/64.0.3282.140 Safari/537.36 Edge/17.17134" 
5.188.84.233 - - [20/Jun/2020:05:02:35 -0700] "POST /wp-comments-post.php HTTP/1.0" 302 3874 "https://www.fornacalia.com/2013/pasta-madre-day-2013/#comment-1801/" "Mozilla/5.0 (Windows NT 10.0; Win64; x64) AppleWebKit/537.36 (KHTML, like Gecko) Chrome/64.0.3282.140 Safari/537.36 Edge/17.17134" 
45.83.220.223 - - [20/Jun/2020:05:03:58 -0700] "POST /wp-admin/admin-ajax.php HTTP/1.1" 200 4290 "https://www.fornacalia.com/wp-admin/post.php?post=5468&action=edit" "Mozilla/5.0 (Macintosh; Intel Mac OS X 10.13; rv:77.0) Gecko/20100101 Firefox/77.0" 
209.17.96.90 - - [20/Jun/2020:05:04:59 -0700] "GET / HTTP/1.1" 200 57760 "-" "Mozilla/5.0 (compatible; Nimbostratus-Bot/v1.3.2; http://cloudsystemnetworks.com)" 
5.188.84.25 - - [20/Jun/2020:05:05:23 -0700] "GET /2013/pasta-madre-day-2013/ HTTP/1.0" 200 32496 "https://www.fornacalia.com/2013/pasta-madre-day-2013/#comment-1801/" "Mozilla/5.0 (Windows NT 10.0) AppleWebKit/537.36 (KHTML, like Gecko) Chrome/67.0.3396.99 Safari/537.36" 
5.188.84.25 - - [20/Jun/2020:05:05:24 -0700] "POST /wp-comments-post.php HTTP/1.0" 302 3874 "https://www.fornacalia.com/2013/pasta-madre-day-2013/#comment-1801/" "Mozilla/5.0 (Windows NT 10.0) AppleWebKit/537.36 (KHTML, like Gecko) Chrome/67.0.3396.99 Safari/537.36" 
45.83.220.223 - - [20/Jun/2020:05:05:58 -0700] "POST /wp-admin/admin-ajax.php HTTP/1.1" 200 807 "https://www.fornacalia.com/wp-admin/post.php?post=5468&action=edit" "Mozilla/5.0 (Macintosh; Intel Mac OS X 10.13; rv:77.0) Gecko/20100101 Firefox/77.0" 
46.49.3.10 - - [20/Jun/2020:05:07:00 -0700] "POST /xmlrpc.php HTTP/1.1" 301 4152 "-" "Mozilla/4.0 (compatible; MSIE 6.0; Windows NT 5.0)" 
46.49.3.10 - - [20/Jun/2020:05:07:00 -0700] "GET /xmlrpc.php HTTP/1.1" 405 3948 "-" "Mozilla/4.0 (compatible; MSIE 6.0; Windows NT 5.0)" 
5.188.84.147 - - [20/Jun/2020:05:07:42 -0700] "GET /2013/pasta-madre-day-2013/ HTTP/1.0" 200 32496 "https://www.fornacalia.com/2013/pasta-madre-day-2013/#comment-1801/" "Mozilla/5.0 (Windows NT 10.0; Win64; x64) AppleWebKit/537.36 (KHTML, like Gecko) Chrome/58.0.3029.110 Safari/537.36 Edge/16.16299" 
5.188.84.147 - - [20/Jun/2020:05:07:42 -0700] "POST /wp-comments-post.php HTTP/1.0" 302 3874 "https://www.fornacalia.com/2013/pasta-madre-day-2013/#comment-1801/" "Mozilla/5.0 (Windows NT 10.0; Win64; x64) AppleWebKit/537.36 (KHTML, like Gecko) Chrome/58.0.3029.110 Safari/537.36 Edge/16.16299" 
45.83.220.223 - - [20/Jun/2020:05:07:58 -0700] "POST /wp-admin/admin-ajax.php HTTP/1.1" 200 807 "https://www.fornacalia.com/wp-admin/post.php?post=5468&action=edit" "Mozilla/5.0 (Macintosh; Intel Mac OS X 10.13; rv:77.0) Gecko/20100101 Firefox/77.0" 
2.87.145.204 - - [20/Jun/2020:05:08:32 -0700] "GET /wp-login.php HTTP/1.1" 200 5309 "-" "Mozilla/5.0 (X11; Ubuntu; Linux x86_64; rv:62.0) Gecko/20100101 Firefox/62.0" 
2.87.145.204 - - [20/Jun/2020:05:08:33 -0700] "POST /wp-login.php HTTP/1.1" 200 5731 "-" "Mozilla/5.0 (X11; Ubuntu; Linux x86_64; rv:62.0) Gecko/20100101 Firefox/62.0" 
2.87.145.204 - - [20/Jun/2020:05:08:33 -0700] "GET /wp-login.php HTTP/1.1" 200 5309 "-" "Mozilla/5.0 (X11; Ubuntu; Linux x86_64; rv:62.0) Gecko/20100101 Firefox/62.0" 
2.87.145.204 - - [20/Jun/2020:05:08:34 -0700] "POST /wp-login.php HTTP/1.1" 200 5680 "-" "Mozilla/5.0 (X11; Ubuntu; Linux x86_64; rv:62.0) Gecko/20100101 Firefox/62.0" 
2.87.145.204 - - [20/Jun/2020:05:08:35 -0700] "POST /xmlrpc.php HTTP/1.1" 200 4188 "-" "Mozilla/5.0 (X11; Ubuntu; Linux x86_64; rv:62.0) Gecko/20100101 Firefox/62.0" 
5.188.84.147 - - [20/Jun/2020:05:08:47 -0700] "GET /2013/pasta-madre-day-2013/ HTTP/1.0" 200 32496 "https://www.fornacalia.com/2013/pasta-madre-day-2013/#comment-1801/" "Mozilla/5.0 (Windows NT 6.1; WOW64) AppleWebKit/537.36 (KHTML, like Gecko) Chrome/67.0.3396.87 Safari/537.36 OPR/54.0.2952.64 (Edition Yx)" 
5.188.84.147 - - [20/Jun/2020:05:08:48 -0700] "POST /wp-comments-post.php HTTP/1.0" 302 3874 "https://www.fornacalia.com/2013/pasta-madre-day-2013/#comment-1801/" "Mozilla/5.0 (Windows NT 6.1; WOW64) AppleWebKit/537.36 (KHTML, like Gecko) Chrome/67.0.3396.87 Safari/537.36 OPR/54.0.2952.64 (Edition Yx)" 
5.188.84.35 - - [20/Jun/2020:05:09:24 -0700] "GET /2013/pasta-madre-day-2013/ HTTP/1.0" 200 32496 "https://www.fornacalia.com/2013/pasta-madre-day-2013/#comment-1801/" "Mozilla/5.0 (Windows NT 6.1; Win64; x64) AppleWebKit/537.36 (KHTML, like Gecko) Chrome/68.0.3440.106 Safari/537.36 OPR/55.0.2994.44" 
5.188.84.35 - - [20/Jun/2020:05:09:25 -0700] "POST /wp-comments-post.php HTTP/1.0" 302 3874 "https://www.fornacalia.com/2013/pasta-madre-day-2013/#comment-1801/" "Mozilla/5.0 (Windows NT 6.1; Win64; x64) AppleWebKit/537.36 (KHTML, like Gecko) Chrome/68.0.3440.106 Safari/537.36 OPR/55.0.2994.44" 
45.83.220.223 - - [20/Jun/2020:05:09:58 -0700] "POST /wp-admin/admin-ajax.php HTTP/1.1" 200 4290 "https://www.fornacalia.com/wp-admin/post.php?post=5468&action=edit" "Mozilla/5.0 (Macintosh; Intel Mac OS X 10.13; rv:77.0) Gecko/20100101 Firefox/77.0" 
66.249.66.47 - - [20/Jun/2020:05:09:59 -0700] "GET /i-can-teach-you-to-make-good-bread/ HTTP/1.1" 200 10435 "-" "Mozilla/5.0 (compatible; Googlebot/2.1; +http://www.google.com/bot.html)" 
66.249.93.106 - - [20/Jun/2020:05:11:18 -0700] "GET /wp-content/uploads/2017/12/cropped-forno-favicon-192x192.png HTTP/1.1" 200 25287 "-" "Mozilla/5.0 (X11; Linux x86_64) AppleWebKit/537.36 (KHTML, like Gecko) Chrome/49.0.2623.75 Safari/537.36 Google Favicon" 
45.83.220.223 - - [20/Jun/2020:05:11:58 -0700] "POST /wp-admin/admin-ajax.php HTTP/1.1" 200 807 "https://www.fornacalia.com/wp-admin/post.php?post=5468&action=edit" "Mozilla/5.0 (Macintosh; Intel Mac OS X 10.13; rv:77.0) Gecko/20100101 Firefox/77.0" 
45.83.220.223 - - [20/Jun/2020:05:13:58 -0700] "POST /wp-admin/admin-ajax.php HTTP/1.1" 200 807 "https://www.fornacalia.com/wp-admin/post.php?post=5468&action=edit" "Mozilla/5.0 (Macintosh; Intel Mac OS X 10.13; rv:77.0) Gecko/20100101 Firefox/77.0" 
5.188.84.220 - - [20/Jun/2020:05:15:43 -0700] "GET /2013/pasta-madre-day-2013/ HTTP/1.0" 200 32496 "https://www.fornacalia.com/2013/pasta-madre-day-2013/#comment-1801/" "Mozilla/5.0 (Windows NT 6.3; Win64; x64) AppleWebKit/537.36 (KHTML, like Gecko) Chrome/68.0.3440.106 Safari/537.36" 
5.188.84.220 - - [20/Jun/2020:05:15:44 -0700] "POST /wp-comments-post.php HTTP/1.0" 302 3874 "https://www.fornacalia.com/2013/pasta-madre-day-2013/#comment-1801/" "Mozilla/5.0 (Windows NT 6.3; Win64; x64) AppleWebKit/537.36 (KHTML, like Gecko) Chrome/68.0.3440.106 Safari/537.36" 
45.83.220.223 - - [20/Jun/2020:05:15:58 -0700] "POST /wp-admin/admin-ajax.php HTTP/1.1" 200 4290 "https://www.fornacalia.com/wp-admin/post.php?post=5468&action=edit" "Mozilla/5.0 (Macintosh; Intel Mac OS X 10.13; rv:77.0) Gecko/20100101 Firefox/77.0" 
5.188.84.45 - - [20/Jun/2020:05:16:16 -0700] "GET /2013/pasta-madre-day-2013/ HTTP/1.0" 200 32496 "https://www.fornacalia.com/2013/pasta-madre-day-2013/#comment-1801/" "Mozilla/5.0 (Windows NT 6.1; Win64; x64) AppleWebKit/537.36 (KHTML, like Gecko) Chrome/66.0.3359.170 Safari/537.36 OPR/53.0.2907.106" 
5.188.84.45 - - [20/Jun/2020:05:16:16 -0700] "POST /wp-comments-post.php HTTP/1.0" 302 3874 "https://www.fornacalia.com/2013/pasta-madre-day-2013/#comment-1801/" "Mozilla/5.0 (Windows NT 6.1; Win64; x64) AppleWebKit/537.36 (KHTML, like Gecko) Chrome/66.0.3359.170 Safari/537.36 OPR/53.0.2907.106" 
45.83.220.223 - - [20/Jun/2020:05:17:03 -0700] "POST /wp-admin/admin-ajax.php HTTP/1.1" 200 807 "https://www.fornacalia.com/wp-admin/post.php?post=5468&action=edit" "Mozilla/5.0 (Macintosh; Intel Mac OS X 10.13; rv:77.0) Gecko/20100101 Firefox/77.0" 
45.83.220.223 - - [20/Jun/2020:05:18:03 -0700] "POST /wp-admin/admin-ajax.php HTTP/1.1" 200 877 "https://www.fornacalia.com/wp-admin/post.php?post=5468&action=edit" "Mozilla/5.0 (Macintosh; Intel Mac OS X 10.13; rv:77.0) Gecko/20100101 Firefox/77.0" 
45.83.220.223 - - [20/Jun/2020:05:18:30 -0700] "POST /wp-admin/post.php HTTP/1.1" 302 668 "https://www.fornacalia.com/wp-admin/post.php?post=5468&action=edit" "Mozilla/5.0 (Macintosh; Intel Mac OS X 10.13; rv:77.0) Gecko/20100101 Firefox/77.0" 
45.83.220.223 - - [20/Jun/2020:05:18:30 -0700] "GET /?p=5468&preview=true HTTP/1.1" 200 12016 "https://www.fornacalia.com/wp-admin/post.php?post=5468&action=edit" "Mozilla/5.0 (Macintosh; Intel Mac OS X 10.13; rv:77.0) Gecko/20100101 Firefox/77.0" 
45.83.220.223 - - [20/Jun/2020:05:18:31 -0700] "GET /wp-content/themes/Autonomie-child/css/wide-width.css?ver=1.0.0 HTTP/1.1" 404 30302 "https://www.fornacalia.com/?p=5468&preview=true" "Mozilla/5.0 (Macintosh; Intel Mac OS X 10.13; rv:77.0) Gecko/20100101 Firefox/77.0" 
45.83.220.223 - - [20/Jun/2020:05:18:32 -0700] "GET /wp-content/uploads/2020/06/knead.mp4 HTTP/1.1" 206 321600 "https://www.fornacalia.com/?p=5468&preview=true" "Mozilla/5.0 (Macintosh; Intel Mac OS X 10.13; rv:77.0) Gecko/20100101 Firefox/77.0" 
45.83.220.223 - - [20/Jun/2020:05:18:32 -0700] "GET /wp-content/uploads/2020/06/hydrate.mp4 HTTP/1.1" 206 361952 "https://www.fornacalia.com/?p=5468&preview=true" "Mozilla/5.0 (Macintosh; Intel Mac OS X 10.13; rv:77.0) Gecko/20100101 Firefox/77.0" 
107.173.4.163 - - [20/Jun/2020:05:18:36 -0700] "GET /2019/respect-to-respectus-panis/ HTTP/1.1" 200 12961 "https://www.fornacalia.com" "Mozilla/5.0 (Windows NT 10.0; Win64; x64) AppleWebKit/537.36 (KHTML, like Gecko) Chrome/62.0.3202.94 Safari/537.36" 
107.173.4.163 - - [20/Jun/2020:05:18:38 -0700] "POST /wp-comments-post.php HTTP/1.1" 302 3917 "https://www.fornacalia.com" "Mozilla/5.0 (Windows NT 10.0; Win64; x64) AppleWebKit/537.36 (KHTML, like Gecko) Chrome/62.0.3202.94 Safari/537.36" 
107.173.4.163 - - [20/Jun/2020:05:18:39 -0700] "GET /2019/respect-to-respectus-panis/ HTTP/1.1" 200 12983 "https://www.fornacalia.com" "Mozilla/4.0 (compatible; MSIE 6.0; Windows NT 5.1; en) Opera 8.50" 
45.83.220.223 - - [20/Jun/2020:05:19:03 -0700] "POST /wp-admin/admin-ajax.php HTTP/1.1" 200 807 "https://www.fornacalia.com/wp-admin/post.php?post=5468&action=edit" "Mozilla/5.0 (Macintosh; Intel Mac OS X 10.13; rv:77.0) Gecko/20100101 Firefox/77.0" 
45.83.220.223 - - [20/Jun/2020:05:21:03 -0700] "POST /wp-admin/admin-ajax.php HTTP/1.1" 200 4290 "https://www.fornacalia.com/wp-admin/post.php?post=5468&action=edit" "Mozilla/5.0 (Macintosh; Intel Mac OS X 10.13; rv:77.0) Gecko/20100101 Firefox/77.0" 
45.83.220.223 - - [20/Jun/2020:05:21:37 -0700] "POST /wp-admin/admin-ajax.php HTTP/1.1" 200 1110 "https://www.fornacalia.com/wp-admin/post.php?post=5468&action=edit" "Mozilla/5.0 (Macintosh; Intel Mac OS X 10.13; rv:77.0) Gecko/20100101 Firefox/77.0" 
45.83.220.223 - - [20/Jun/2020:05:21:54 -0700] "GET /wp-admin/images/loading.gif HTTP/1.1" 200 1936 "https://www.fornacalia.com/wp-admin/load-styles.php?c=1&dir=ltr&load%5B%5D=dashicons,admin-bar,common,forms,admin-menu,dashboard,list-tables,edit,revisions,media,themes,about,nav-menus,wp-pointer,widgets&load%5B%5D=,site-icon,l10n,buttons,wp-auth-check,media-views&ver=5.2.7" "Mozilla/5.0 (Macintosh; Intel Mac OS X 10.13; rv:77.0) Gecko/20100101 Firefox/77.0" 
45.83.220.223 - - [20/Jun/2020:05:21:54 -0700] "GET /wp-admin/admin-ajax.php?action=ajax-tag-search&tax=post_tag&q=ciab HTTP/1.1" 200 636 "https://www.fornacalia.com/wp-admin/post.php?post=5468&action=edit" "Mozilla/5.0 (Macintosh; Intel Mac OS X 10.13; rv:77.0) Gecko/20100101 Firefox/77.0" 
45.83.220.223 - - [20/Jun/2020:05:21:55 -0700] "GET /wp-admin/admin-ajax.php?action=ajax-tag-search&tax=post_tag&q=ciabatta HTTP/1.1" 200 461 "https://www.fornacalia.com/wp-admin/post.php?post=5468&action=edit" "Mozilla/5.0 (Macintosh; Intel Mac OS X 10.13; rv:77.0) Gecko/20100101 Firefox/77.0" 
45.83.220.223 - - [20/Jun/2020:05:22:03 -0700] "POST /wp-admin/admin-ajax.php HTTP/1.1" 200 807 "https://www.fornacalia.com/wp-admin/post.php?post=5468&action=edit" "Mozilla/5.0 (Macintosh; Intel Mac OS X 10.13; rv:77.0) Gecko/20100101 Firefox/77.0" 
45.83.220.223 - - [20/Jun/2020:05:22:09 -0700] "POST /wp-admin/post.php HTTP/1.1" 302 814 "https://www.fornacalia.com/wp-admin/post.php?post=5468&action=edit" "Mozilla/5.0 (Macintosh; Intel Mac OS X 10.13; rv:77.0) Gecko/20100101 Firefox/77.0" 
45.83.220.223 - - [20/Jun/2020:05:22:09 -0700] "GET /wp-admin/post.php?post=5468&action=edit&message=6 HTTP/1.1" 200 47016 "https://www.fornacalia.com/wp-admin/post.php?post=5468&action=edit" "Mozilla/5.0 (Macintosh; Intel Mac OS X 10.13; rv:77.0) Gecko/20100101 Firefox/77.0" 
45.83.220.223 - - [20/Jun/2020:05:22:11 -0700] "GET /wp-includes/js/wp-sanitize.min.js?ver=5.2.7 HTTP/1.1" 200 715 "https://www.fornacalia.com/wp-admin/post.php?post=5468&action=edit&message=6" "Mozilla/5.0 (Macintosh; Intel Mac OS X 10.13; rv:77.0) Gecko/20100101 Firefox/77.0" 
45.83.220.223 - - [20/Jun/2020:05:22:11 -0700] "GET /wp-includes/js/wp-a11y.min.js?ver=5.2.7 HTTP/1.1" 200 837 "https://www.fornacalia.com/wp-admin/post.php?post=5468&action=edit&message=6" "Mozilla/5.0 (Macintosh; Intel Mac OS X 10.13; rv:77.0) Gecko/20100101 Firefox/77.0" 
45.83.220.223 - - [20/Jun/2020:05:22:12 -0700] "GET /wp-admin/admin-ajax.php?action=oembed-cache&post=5468 HTTP/1.1" 200 698 "https://www.fornacalia.com/wp-admin/post.php?post=5468&action=edit" "Mozilla/5.0 (Macintosh; Intel Mac OS X 10.13; rv:77.0) Gecko/20100101 Firefox/77.0" 
64.111.100.215 - - [20/Jun/2020:05:22:13 -0700] "HEAD /wp-content/uploads/2020/06/flax-currant-crumb-960.jpg HTTP/1.1" 200 3476 "https://www.fornacalia.com/wp-content/uploads/2020/06/flax-currant-crumb-960.jpg" "WordPress/5.2.7; https://www.fornacalia.com" 
64.111.100.215 - - [20/Jun/2020:05:22:13 -0700] "HEAD /wp-content/uploads/2020/06/knead.mp4 HTTP/1.1" 200 3475 "https://www.fornacalia.com/wp-content/uploads/2020/06/knead.mp4" "WordPress/5.2.7; https://www.fornacalia.com" 
64.111.100.215 - - [20/Jun/2020:05:22:13 -0700] "HEAD /wp-content/uploads/2020/06/hydrate.mp4 HTTP/1.1" 200 3475 "https://www.fornacalia.com/wp-content/uploads/2020/06/hydrate.mp4" "WordPress/5.2.7; https://www.fornacalia.com" 
64.111.100.215 - - [20/Jun/2020:05:22:13 -0700] "HEAD /wp-content/uploads/2020/06/flax-currant-dough-960.jpg HTTP/1.1" 200 3475 "https://www.fornacalia.com/wp-content/uploads/2020/06/flax-currant-dough-960.jpg" "WordPress/5.2.7; https://www.fornacalia.com" 
64.111.100.215 - - [20/Jun/2020:05:22:13 -0700] "HEAD /wp-content/uploads/2020/06/flax-currant-couche-960.jpg HTTP/1.1" 200 3475 "https://www.fornacalia.com/wp-content/uploads/2020/06/flax-currant-couche-960.jpg" "WordPress/5.2.7; https://www.fornacalia.com" 
64.111.100.215 - - [20/Jun/2020:05:22:13 -0700] "HEAD /wp-content/uploads/2020/06/flax-currant-baked-960.jpg HTTP/1.1" 200 3475 "https://www.fornacalia.com/wp-content/uploads/2020/06/flax-currant-baked-960.jpg" "WordPress/5.2.7; https://www.fornacalia.com" 
64.111.100.215 - - [20/Jun/2020:05:22:10 -0700] "POST /wp-cron.php?doing_wp_cron=1592655729.8593440055847167968750 HTTP/1.1" 200 3383 "https://www.fornacalia.com/wp-cron.php?doing_wp_cron=1592655729.8593440055847167968750" "WordPress/5.2.7; https://www.fornacalia.com" 
45.83.220.223 - - [20/Jun/2020:05:22:23 -0700] "GET / HTTP/1.1" 200 17893 "https://www.fornacalia.com/wp-admin/post.php?post=5468&action=edit" "Mozilla/5.0 (Macintosh; Intel Mac OS X 10.13; rv:77.0) Gecko/20100101 Firefox/77.0" 
45.83.220.223 - - [20/Jun/2020:05:22:23 -0700] "GET /wp-includes/css/admin-bar.min.css?ver=5.2.7 HTTP/1.1" 200 4600 "https://www.fornacalia.com/" "Mozilla/5.0 (Macintosh; Intel Mac OS X 10.13; rv:77.0) Gecko/20100101 Firefox/77.0" 
45.83.220.223 - - [20/Jun/2020:05:22:24 -0700] "POST /wp-admin/admin-ajax.php HTTP/1.1" 200 795 "https://www.fornacalia.com/wp-admin/post.php?post=5468&action=edit" "Mozilla/5.0 (Macintosh; Intel Mac OS X 10.13; rv:77.0) Gecko/20100101 Firefox/77.0" 
45.83.220.223 - - [20/Jun/2020:05:22:24 -0700] "GET /wp-content/uploads/2020/05/dough-1920-1024x473.jpg HTTP/1.1" 200 135435 "https://www.fornacalia.com/" "Mozilla/5.0 (Macintosh; Intel Mac OS X 10.13; rv:77.0) Gecko/20100101 Firefox/77.0" 
45.83.220.223 - - [20/Jun/2020:05:22:24 -0700] "GET /wp-content/uploads/2020/04/lunch.jpg HTTP/1.1" 200 175165 "https://www.fornacalia.com/" "Mozilla/5.0 (Macintosh; Intel Mac OS X 10.13; rv:77.0) Gecko/20100101 Firefox/77.0" 
45.83.220.223 - - [20/Jun/2020:05:22:25 -0700] "GET /wp-content/themes/Autonomie-child/css/wide-width.css?ver=1.0.0 HTTP/1.1" 404 30796 "https://www.fornacalia.com/" "Mozilla/5.0 (Macintosh; Intel Mac OS X 10.13; rv:77.0) Gecko/20100101 Firefox/77.0" 
45.83.220.223 - - [20/Jun/2020:05:22:25 -0700] "GET /wp-content/uploads/2020/05/slices-1920-1024x470.jpg HTTP/1.1" 200 121255 "https://www.fornacalia.com/" "Mozilla/5.0 (Macintosh; Intel Mac OS X 10.13; rv:77.0) Gecko/20100101 Firefox/77.0" 
45.83.220.223 - - [20/Jun/2020:05:22:25 -0700] "GET /wp-content/uploads/2020/04/bagel-dough.jpg HTTP/1.1" 200 120890 "https://www.fornacalia.com/" "Mozilla/5.0 (Macintosh; Intel Mac OS X 10.13; rv:77.0) Gecko/20100101 Firefox/77.0" 
45.83.220.223 - - [20/Jun/2020:05:22:25 -0700] "GET /wp-content/uploads/2020/04/breakfast.jpg HTTP/1.1" 200 173778 "https://www.fornacalia.com/" "Mozilla/5.0 (Macintosh; Intel Mac OS X 10.13; rv:77.0) Gecko/20100101 Firefox/77.0" 
45.83.220.223 - - [20/Jun/2020:05:22:26 -0700] "GET /wp-content/themes/autonomie/font/genericons/Genericons.woff HTTP/1.1" 200 14790 "https://www.fornacalia.com/wp-content/themes/autonomie/style.css?ver=5.2.7" "Mozilla/5.0 (Macintosh; Intel Mac OS X 10.13; rv:77.0) Gecko/20100101 Firefox/77.0" 
45.83.220.223 - - [20/Jun/2020:05:22:26 -0700] "GET /wp-content/themes/autonomie/font/lato/lato-v13-latin-300italic.woff2 HTTP/1.1" 200 17922 "https://www.fornacalia.com/wp-content/themes/autonomie/style.css?ver=5.2.7" "Mozilla/5.0 (Macintosh; Intel Mac OS X 10.13; rv:77.0) Gecko/20100101 Firefox/77.0" 
45.83.220.223 - - [20/Jun/2020:05:22:26 -0700] "GET /wp-content/uploads/2020/05/sandwich-1920-1024x447.jpg HTTP/1.1" 200 95686 "https://www.fornacalia.com/" "Mozilla/5.0 (Macintosh; Intel Mac OS X 10.13; rv:77.0) Gecko/20100101 Firefox/77.0" 
45.83.220.223 - - [20/Jun/2020:05:22:26 -0700] "GET /wp-content/themes/autonomie/font/merriweather/merriweather-v15-latin-300italic.woff2 HTTP/1.1" 200 20293 "https://www.fornacalia.com/wp-content/themes/autonomie/style.css?ver=5.2.7" "Mozilla/5.0 (Macintosh; Intel Mac OS X 10.13; rv:77.0) Gecko/20100101 Firefox/77.0" 
45.83.220.223 - - [20/Jun/2020:05:22:25 -0700] "GET /wp-content/uploads/2020/04/pizza-starter.png HTTP/1.1" 200 404169 "https://www.fornacalia.com/" "Mozilla/5.0 (Macintosh; Intel Mac OS X 10.13; rv:77.0) Gecko/20100101 Firefox/77.0" 
45.83.220.223 - - [20/Jun/2020:05:22:26 -0700] "GET /wp-content/uploads/2020/04/pizza-cooked.jpg HTTP/1.1" 200 315567 "https://www.fornacalia.com/" "Mozilla/5.0 (Macintosh; Intel Mac OS X 10.13; rv:77.0) Gecko/20100101 Firefox/77.0" 
45.83.220.223 - - [20/Jun/2020:05:22:25 -0700] "GET /wp-content/uploads/2020/04/pizza-raw.png HTTP/1.1" 200 486375 "https://www.fornacalia.com/" "Mozilla/5.0 (Macintosh; Intel Mac OS X 10.13; rv:77.0) Gecko/20100101 Firefox/77.0" 
45.83.220.223 - - [20/Jun/2020:05:22:26 -0700] "GET /wp-content/uploads/2020/04/pizza-slice.png HTTP/1.1" 200 432413 "https://www.fornacalia.com/" "Mozilla/5.0 (Macintosh; Intel Mac OS X 10.13; rv:77.0) Gecko/20100101 Firefox/77.0" 
45.83.220.223 - - [20/Jun/2020:05:22:27 -0700] "GET /wp-content/uploads/2017/12/cropped-forno-favicon-32x32.png HTTP/1.1" 200 1407 "-" "Mozilla/5.0 (Macintosh; Intel Mac OS X 10.13; rv:77.0) Gecko/20100101 Firefox/77.0" 
45.83.220.223 - - [20/Jun/2020:05:22:27 -0700] "GET /wp-content/uploads/2017/12/cropped-forno-favicon-192x192.png HTTP/1.1" 200 21644 "-" "Mozilla/5.0 (Macintosh; Intel Mac OS X 10.13; rv:77.0) Gecko/20100101 Firefox/77.0" 
45.83.220.223 - - [20/Jun/2020:05:22:26 -0700] "GET /wp-content/uploads/2020/03/starter-workflow-1-1024x577.png HTTP/1.1" 200 1071678 "https://www.fornacalia.com/" "Mozilla/5.0 (Macintosh; Intel Mac OS X 10.13; rv:77.0) Gecko/20100101 Firefox/77.0" 
45.83.220.223 - - [20/Jun/2020:05:23:03 -0700] "GET /2020/flaxseed-currant-ciabatta/ HTTP/1.1" 200 12234 "https://www.fornacalia.com/" "Mozilla/5.0 (Macintosh; Intel Mac OS X 10.13; rv:77.0) Gecko/20100101 Firefox/77.0" 
45.83.220.223 - - [20/Jun/2020:05:23:04 -0700] "GET /wp-content/themes/Autonomie-child/css/wide-width.css?ver=1.0.0 HTTP/1.1" 404 30621 "https://www.fornacalia.com/2020/flaxseed-currant-ciabatta/" "Mozilla/5.0 (Macintosh; Intel Mac OS X 10.13; rv:77.0) Gecko/20100101 Firefox/77.0" 
45.83.220.223 - - [20/Jun/2020:05:23:04 -0700] "GET /wp-content/uploads/2020/06/knead.mp4 HTTP/1.1" 206 152760 "https://www.fornacalia.com/2020/flaxseed-currant-ciabatta/" "Mozilla/5.0 (Macintosh; Intel Mac OS X 10.13; rv:77.0) Gecko/20100101 Firefox/77.0" 
45.83.220.223 - - [20/Jun/2020:05:25:31 -0700] "GET /wp-content/uploads/2020/06/flax-currant-crumb-tw.jpg HTTP/1.1" 200 340177 "-" "Mozilla/5.0 (Macintosh; Intel Mac OS X 10.13; rv:77.0) Gecko/20100101 Firefox/77.0" 
45.83.220.223 - - [20/Jun/2020:05:25:32 -0700] "GET /favicon.ico HTTP/1.1" 200 397 "-" "Mozilla/5.0 (Macintosh; Intel Mac OS X 10.13; rv:77.0) Gecko/20100101 Firefox/77.0" 
5.188.84.35 - - [20/Jun/2020:05:28:27 -0700] "GET /2013/pasta-madre-day-2013/ HTTP/1.0" 200 32496 "https://www.fornacalia.com/2013/pasta-madre-day-2013/#comment-1801/" "Mozilla/5.0 (Windows NT 10.0; Win64; x64) AppleWebKit/537.36 (KHTML, like Gecko) Chrome/66.0.3359.170 Safari/537.36 OPR/53.0.2907.99" 
5.188.84.35 - - [20/Jun/2020:05:28:28 -0700] "POST /wp-comments-post.php HTTP/1.0" 302 3874 "https://www.fornacalia.com/2013/pasta-madre-day-2013/#comment-1801/" "Mozilla/5.0 (Windows NT 10.0; Win64; x64) AppleWebKit/537.36 (KHTML, like Gecko) Chrome/66.0.3359.170 Safari/537.36 OPR/53.0.2907.99" 
202.9.47.13 - - [20/Jun/2020:05:28:33 -0700] "POST /xmlrpc.php HTTP/1.1" 301 4152 "-" "Mozilla/4.0 (compatible; MSIE 6.0; Windows NT 5.0)" 
202.9.47.13 - - [20/Jun/2020:05:28:34 -0700] "GET /xmlrpc.php HTTP/1.1" 405 3948 "-" "Mozilla/4.0 (compatible; MSIE 6.0; Windows NT 5.0)" 
5.188.84.25 - - [20/Jun/2020:05:31:26 -0700] "GET /2013/pasta-madre-day-2013/ HTTP/1.0" 200 32496 "https://www.fornacalia.com/2013/pasta-madre-day-2013/#comment-1801/" "Mozilla/5.0 (Windows NT 6.1; Win64; x64) AppleWebKit/537.36 (KHTML, like Gecko) Chrome/68.0.3440.106 Safari/537.36" 
5.188.84.25 - - [20/Jun/2020:05:31:27 -0700] "POST /wp-comments-post.php HTTP/1.0" 302 3874 "https://www.fornacalia.com/2013/pasta-madre-day-2013/#comment-1801/" "Mozilla/5.0 (Windows NT 6.1; Win64; x64) AppleWebKit/537.36 (KHTML, like Gecko) Chrome/68.0.3440.106 Safari/537.36" 
5.188.84.220 - - [20/Jun/2020:05:34:27 -0700] "GET /2013/pasta-madre-day-2013/ HTTP/1.0" 200 32496 "https://www.fornacalia.com/2013/pasta-madre-day-2013/#comment-1801/" "Mozilla/5.0 (Windows NT 6.1) AppleWebKit/537.36 (KHTML, like Gecko) Chrome/66.0.3359.181 Safari/537.36 Kinza/4.7.2" 
5.188.84.220 - - [20/Jun/2020:05:34:28 -0700] "POST /wp-comments-post.php HTTP/1.0" 302 3874 "https://www.fornacalia.com/2013/pasta-madre-day-2013/#comment-1801/" "Mozilla/5.0 (Windows NT 6.1) AppleWebKit/537.36 (KHTML, like Gecko) Chrome/66.0.3359.181 Safari/537.36 Kinza/4.7.2" 
207.244.240.54 - - [20/Jun/2020:05:39:50 -0700] "GET /2013/pasta-madre-day-2013/ HTTP/1.0" 200 32496 "https://www.fornacalia.com/2013/pasta-madre-day-2013/#comment-52692" "Mozilla/5.0 (Windows NT 6.3; Win64; x64) AppleWebKit/537.36 (KHTML, like Gecko) Chrome/67.0.3396.79 Safari/537.36" 
5.188.84.15 - - [20/Jun/2020:05:39:51 -0700] "GET /2013/pasta-madre-day-2013/ HTTP/1.0" 200 32496 "https://www.fornacalia.com/2013/pasta-madre-day-2013/#comment-1801/" "Mozilla/5.0 (Windows NT 10.0; Win64; x64) AppleWebKit/537.36 (KHTML, like Gecko) Chrome/67.0.3396.87 Safari/537.36" 
5.188.84.15 - - [20/Jun/2020:05:39:52 -0700] "POST /wp-comments-post.php HTTP/1.0" 302 3874 "https://www.fornacalia.com/2013/pasta-madre-day-2013/#comment-1801/" "Mozilla/5.0 (Windows NT 10.0; Win64; x64) AppleWebKit/537.36 (KHTML, like Gecko) Chrome/67.0.3396.87 Safari/537.36" 
45.83.220.223 - - [20/Jun/2020:05:43:33 -0700] "GET /2020/flaxseed-currant-ciabatta/ HTTP/1.1" 200 15715 "https://www.jeremycherfas.net/blog/flaxseed-currant-ciabatta" "Mozilla/5.0 (Macintosh; Intel Mac OS X 10.13; rv:77.0) Gecko/20100101 Firefox/77.0" 
45.83.220.223 - - [20/Jun/2020:05:43:33 -0700] "GET /wp-includes/css/dashicons.min.css?ver=5.2.7 HTTP/1.1" 200 29451 "https://www.fornacalia.com/2020/flaxseed-currant-ciabatta/" "Mozilla/5.0 (Macintosh; Intel Mac OS X 10.13; rv:77.0) Gecko/20100101 Firefox/77.0" 
45.83.220.223 - - [20/Jun/2020:05:43:33 -0700] "GET /wp-content/themes/Autonomie-child/style.css?ver=1.0.0 HTTP/1.1" 200 1410 "https://www.fornacalia.com/2020/flaxseed-currant-ciabatta/" "Mozilla/5.0 (Macintosh; Intel Mac OS X 10.13; rv:77.0) Gecko/20100101 Firefox/77.0" 
45.83.220.223 - - [20/Jun/2020:05:43:33 -0700] "GET /wp-content/plugins/semantic-linkbacks/css/semantic-linkbacks.css?ver=3.10.1 HTTP/1.1" 200 913 "https://www.fornacalia.com/2020/flaxseed-currant-ciabatta/" "Mozilla/5.0 (Macintosh; Intel Mac OS X 10.13; rv:77.0) Gecko/20100101 Firefox/77.0" 
