24.155.228.172 - - [16/Jun/2020:15:58:58 -0700] "GET /wp-content/uploads/2019/04/hot-cross-buns-2.png HTTP/1.1" 200 742895 "https://www.fornacalia.com/category/recipes/" "Mozilla/5.0 (Macintosh; Intel Mac OS X 10_15_4) AppleWebKit/605.1.15 (KHTML, like Gecko) Version/13.1.1 Safari/605.1.15" 
24.155.228.172 - - [16/Jun/2020:15:58:58 -0700] "GET /wp-content/uploads/2019/04/hot-cross-buns-4.png HTTP/1.1" 200 452398 "https://www.fornacalia.com/category/recipes/" "Mozilla/5.0 (Macintosh; Intel Mac OS X 10_15_4) AppleWebKit/605.1.15 (KHTML, like Gecko) Version/13.1.1 Safari/605.1.15" 
24.155.228.172 - - [16/Jun/2020:15:58:58 -0700] "GET /wp-content/themes/Autonomie-child/css/narrow-width.css?ver=1.0.0 HTTP/1.1" 200 4640 "https://www.fornacalia.com/category/recipes/" "Mozilla/5.0 (Macintosh; Intel Mac OS X 10_15_4) AppleWebKit/605.1.15 (KHTML, like Gecko) Version/13.1.1 Safari/605.1.15" 
24.155.228.172 - - [16/Jun/2020:15:58:58 -0700] "GET /wp-content/uploads/2020/05/slices-1920-1024x470.jpg HTTP/1.1" 200 121255 "https://www.fornacalia.com/category/recipes/" "Mozilla/5.0 (Macintosh; Intel Mac OS X 10_15_4) AppleWebKit/605.1.15 (KHTML, like Gecko) Version/13.1.1 Safari/605.1.15" 
24.155.228.172 - - [16/Jun/2020:15:58:58 -0700] "GET /wp-content/uploads/2019/01/do-nothing-risen.jpg HTTP/1.1" 200 375730 "https://www.fornacalia.com/category/recipes/" "Mozilla/5.0 (Macintosh; Intel Mac OS X 10_15_4) AppleWebKit/605.1.15 (KHTML, like Gecko) Version/13.1.1 Safari/605.1.15" 
24.155.228.172 - - [16/Jun/2020:15:58:59 -0700] "GET /wp-content/uploads/2019/01/do-nothing-scored.jpg HTTP/1.1" 200 322044 "https://www.fornacalia.com/category/recipes/" "Mozilla/5.0 (Macintosh; Intel Mac OS X 10_15_4) AppleWebKit/605.1.15 (KHTML, like Gecko) Version/13.1.1 Safari/605.1.15" 
24.155.228.172 - - [16/Jun/2020:15:58:59 -0700] "GET /wp-content/uploads/2019/01/do-nothing-baked.jpg HTTP/1.1" 200 393617 "https://www.fornacalia.com/category/recipes/" "Mozilla/5.0 (Macintosh; Intel Mac OS X 10_15_4) AppleWebKit/605.1.15 (KHTML, like Gecko) Version/13.1.1 Safari/605.1.15" 
24.155.228.172 - - [16/Jun/2020:15:58:59 -0700] "GET /wp-content/uploads/2019/01/do-nothing-baked-crumb.jpg HTTP/1.1" 200 312037 "https://www.fornacalia.com/category/recipes/" "Mozilla/5.0 (Macintosh; Intel Mac OS X 10_15_4) AppleWebKit/605.1.15 (KHTML, like Gecko) Version/13.1.1 Safari/605.1.15" 
24.155.228.172 - - [16/Jun/2020:15:58:57 -0700] "GET /wp-content/uploads/2019/04/hot-cross-buns-1.png HTTP/1.1" 200 634477 "https://www.fornacalia.com/category/recipes/" "Mozilla/5.0 (Macintosh; Intel Mac OS X 10_15_4) AppleWebKit/605.1.15 (KHTML, like Gecko) Version/13.1.1 Safari/605.1.15" 
114.119.167.251 - - [16/Jun/2020:15:59:06 -0700] "GET /2012/basil-and-bread/ HTTP/1.1" 200 11452 "-" "Mozilla/5.0 (Linux; Android 7.0;) AppleWebKit/537.36 (KHTML, like Gecko) Mobile Safari/537.36 (compatible; PetalBot;+https://aspiegel.com/petalbot)" 
105.178.114.112 - - [16/Jun/2020:16:01:14 -0700] "POST /xmlrpc.php HTTP/1.1" 301 4152 "-" "Mozilla/4.0 (compatible; MSIE 6.0; Windows NT 5.0)" 
105.178.114.112 - - [16/Jun/2020:16:01:16 -0700] "GET /xmlrpc.php HTTP/1.1" 405 3948 "-" "Mozilla/4.0 (compatible; MSIE 6.0; Windows NT 5.0)" 
114.119.167.55 - - [16/Jun/2020:16:05:08 -0700] "GET /2017/help-for-the-harassed-sourdough-baker HTTP/1.1" 301 3939 "-" "Mozilla/5.0 (Linux; Android 7.0;) AppleWebKit/537.36 (KHTML, like Gecko) Mobile Safari/537.36 (compatible; PetalBot;+https://aspiegel.com/petalbot)" 
114.119.167.55 - - [16/Jun/2020:16:05:09 -0700] "GET /2017/help-for-the-harassed-sourdough-baker/ HTTP/1.1" 200 11087 "-" "Mozilla/5.0 (Linux; Android 7.0;) AppleWebKit/537.36 (KHTML, like Gecko) Mobile Safari/537.36 (compatible; PetalBot;+https://aspiegel.com/petalbot)" 
105.178.114.112 - - [16/Jun/2020:16:05:34 -0700] "POST /xmlrpc.php HTTP/1.1" 301 4152 "-" "Mozilla/4.0 (compatible; MSIE 6.0; Windows NT 5.0)" 
105.178.114.112 - - [16/Jun/2020:16:05:36 -0700] "GET /xmlrpc.php HTTP/1.1" 405 3948 "-" "Mozilla/4.0 (compatible; MSIE 6.0; Windows NT 5.0)" 
54.39.188.170 - - [16/Jun/2020:16:09:16 -0700] "GET /2020/turmeric-breadan-experiment/feed/ HTTP/1.1" 301 3649 "-" "Mozilla/5.0 (compatible; YaK/1.0; http://linkfluence.com/; bot@linkfluence.com)" 
54.39.188.170 - - [16/Jun/2020:16:09:17 -0700] "GET /2020/turmeric-breadan-experiment/feed/ HTTP/1.1" 200 4961 "-" "Mozilla/5.0 (compatible; YaK/1.0; http://linkfluence.com/; bot@linkfluence.com)" 
5.188.84.45 - - [16/Jun/2020:16:12:09 -0700] "GET /2013/pasta-madre-day-2013/ HTTP/1.0" 200 32755 "https://www.fornacalia.com/2013/pasta-madre-day-2013/#comment-1801/" "Mozilla/5.0 (Windows NT 10.0; Win64; x64) AppleWebKit/537.36 (KHTML, like Gecko) Chrome/67.0.3396.87 Safari/537.36 OPR/54.0.2952.71" 
5.188.84.45 - - [16/Jun/2020:16:12:10 -0700] "POST /wp-comments-post.php HTTP/1.0" 302 3874 "https://www.fornacalia.com/2013/pasta-madre-day-2013/#comment-1801/" "Mozilla/5.0 (Windows NT 10.0; Win64; x64) AppleWebKit/537.36 (KHTML, like Gecko) Chrome/67.0.3396.87 Safari/537.36 OPR/54.0.2952.71" 
46.229.168.132 - - [16/Jun/2020:16:12:41 -0700] "GET /robots.txt HTTP/1.1" 200 3995 "-" "Mozilla/5.0 (compatible; SemrushBot/6~bl; +http://www.semrush.com/bot.html)" 
46.229.168.149 - - [16/Jun/2020:16:12:42 -0700] "GET /2012/dan-lepard-on-flour/ HTTP/1.1" 200 11259 "-" "Mozilla/5.0 (compatible; SemrushBot/6~bl; +http://www.semrush.com/bot.html)" 
207.241.229.225 - - [16/Jun/2020:16:13:04 -0700] "GET /robots.txt HTTP/1.0" 200 3949 "-" "Mozilla/5.0 (compatible; archive.org_bot +http://archive.org/details/archive.org_bot)" 
207.241.229.225 - - [16/Jun/2020:16:13:06 -0700] "GET / HTTP/1.0" 200 58315 "https://boffosocko.com/tag/bread/" "Mozilla/5.0 (compatible; archive.org_bot +http://archive.org/details/archive.org_bot)" 
5.188.84.65 - - [16/Jun/2020:16:14:53 -0700] "GET /2013/pasta-madre-day-2013/ HTTP/1.0" 200 32755 "https://www.fornacalia.com/2013/pasta-madre-day-2013/#comment-1801/" "Mozilla/5.0 (Windows NT 10.0; Win64; x64) AppleWebKit/537.36 (KHTML, like Gecko) Chrome/67.0.3396.87 Safari/537.36 OPR/54.0.2952.51" 
5.188.84.65 - - [16/Jun/2020:16:14:54 -0700] "POST /wp-comments-post.php HTTP/1.0" 302 3874 "https://www.fornacalia.com/2013/pasta-madre-day-2013/#comment-1801/" "Mozilla/5.0 (Windows NT 10.0; Win64; x64) AppleWebKit/537.36 (KHTML, like Gecko) Chrome/67.0.3396.87 Safari/537.36 OPR/54.0.2952.51" 
157.55.39.37 - - [16/Jun/2020:16:18:37 -0700] "GET /robots.txt HTTP/1.1" 200 2286 "-" "Mozilla/5.0 (compatible; bingbot/2.0; +http://www.bing.com/bingbot.htm)" 
157.55.39.37 - - [16/Jun/2020:16:18:37 -0700] "GET /robots.txt HTTP/1.1" 200 4576 "-" "Mozilla/5.0 (compatible; bingbot/2.0; +http://www.bing.com/bingbot.htm)" 
157.55.39.231 - - [16/Jun/2020:16:18:42 -0700] "GET /wp-content/uploads/2020/04/breakfast-1920.jpg HTTP/1.1" 200 506432 "-" "Mozilla/5.0 (compatible; bingbot/2.0; +http://www.bing.com/bingbot.htm)" 
5.188.84.25 - - [16/Jun/2020:16:19:18 -0700] "GET /2013/pasta-madre-day-2013/ HTTP/1.0" 200 32755 "https://www.fornacalia.com/2013/pasta-madre-day-2013/#comment-1801/" "Mozilla/5.0 (Windows NT 10.0; Win64; x64) AppleWebKit/537.36 (KHTML, like Gecko) Chrome/66.0.3359.170 Safari/537.36 OPR/53.0.2907.99" 
5.188.84.25 - - [16/Jun/2020:16:19:19 -0700] "POST /wp-comments-post.php HTTP/1.0" 302 3874 "https://www.fornacalia.com/2013/pasta-madre-day-2013/#comment-1801/" "Mozilla/5.0 (Windows NT 10.0; Win64; x64) AppleWebKit/537.36 (KHTML, like Gecko) Chrome/66.0.3359.170 Safari/537.36 OPR/53.0.2907.99" 
5.188.84.220 - - [16/Jun/2020:16:19:52 -0700] "GET /2013/pasta-madre-day-2013/ HTTP/1.0" 200 32755 "https://www.fornacalia.com/2013/pasta-madre-day-2013/#comment-1801/" "Mozilla/5.0 (Windows NT 6.1) AppleWebKit/537.36 (KHTML, like Gecko) Chrome/66.0.3359.181 Safari/537.36" 
5.188.84.220 - - [16/Jun/2020:16:19:53 -0700] "POST /wp-comments-post.php HTTP/1.0" 302 3874 "https://www.fornacalia.com/2013/pasta-madre-day-2013/#comment-1801/" "Mozilla/5.0 (Windows NT 6.1) AppleWebKit/537.36 (KHTML, like Gecko) Chrome/66.0.3359.181 Safari/537.36" 
5.188.84.233 - - [16/Jun/2020:16:19:58 -0700] "GET /2013/pasta-madre-day-2013/ HTTP/1.0" 200 32755 "https://www.fornacalia.com/2013/pasta-madre-day-2013/#comment-1801/" "Mozilla/5.0 (Windows NT 10.0) AppleWebKit/537.36 (KHTML, like Gecko) Chrome/67.0.3396.99 Safari/537.36" 
5.188.84.233 - - [16/Jun/2020:16:19:59 -0700] "POST /wp-comments-post.php HTTP/1.0" 302 3874 "https://www.fornacalia.com/2013/pasta-madre-day-2013/#comment-1801/" "Mozilla/5.0 (Windows NT 10.0) AppleWebKit/537.36 (KHTML, like Gecko) Chrome/67.0.3396.99 Safari/537.36" 
114.119.167.160 - - [16/Jun/2020:16:20:13 -0700] "GET /2013/chestnut-bread HTTP/1.1" 301 3967 "-" "Mozilla/5.0 (Linux; Android 7.0;) AppleWebKit/537.36 (KHTML, like Gecko) Mobile Safari/537.36 (compatible; PetalBot;+https://aspiegel.com/petalbot)" 
114.119.167.160 - - [16/Jun/2020:16:20:14 -0700] "GET /2013/chestnut-bread/ HTTP/1.1" 200 11860 "-" "Mozilla/5.0 (Linux; Android 7.0;) AppleWebKit/537.36 (KHTML, like Gecko) Mobile Safari/537.36 (compatible; PetalBot;+https://aspiegel.com/petalbot)" 
157.55.39.231 - - [16/Jun/2020:16:21:47 -0700] "GET / HTTP/1.1" 200 19262 "-" "Mozilla/5.0 (compatible; bingbot/2.0; +http://www.bing.com/bingbot.htm)" 
5.188.84.147 - - [16/Jun/2020:16:21:49 -0700] "GET /2013/pasta-madre-day-2013/ HTTP/1.0" 200 32755 "https://www.fornacalia.com/2013/pasta-madre-day-2013/#comment-1801/" "Mozilla/5.0 (Windows NT 10.0; Win64; x64) AppleWebKit/537.36 (KHTML, like Gecko) Chrome/64.0.3282.140 Safari/537.36 Edge/17.17134" 
5.188.84.147 - - [16/Jun/2020:16:21:50 -0700] "POST /wp-comments-post.php HTTP/1.0" 302 3874 "https://www.fornacalia.com/2013/pasta-madre-day-2013/#comment-1801/" "Mozilla/5.0 (Windows NT 10.0; Win64; x64) AppleWebKit/537.36 (KHTML, like Gecko) Chrome/64.0.3282.140 Safari/537.36 Edge/17.17134" 
5.188.84.35 - - [16/Jun/2020:16:24:27 -0700] "GET /2013/pasta-madre-day-2013/ HTTP/1.0" 200 32755 "https://www.fornacalia.com/2013/pasta-madre-day-2013/#comment-1801/" "Mozilla/5.0 (Windows NT 6.1; WOW64) AppleWebKit/537.36 (KHTML, like Gecko) Chrome/67.0.3396.87 Safari/537.36 OPR/54.0.2952.64 (Edition Yx)" 
5.188.84.35 - - [16/Jun/2020:16:24:28 -0700] "POST /wp-comments-post.php HTTP/1.0" 302 3874 "https://www.fornacalia.com/2013/pasta-madre-day-2013/#comment-1801/" "Mozilla/5.0 (Windows NT 6.1; WOW64) AppleWebKit/537.36 (KHTML, like Gecko) Chrome/67.0.3396.87 Safari/537.36 OPR/54.0.2952.64 (Edition Yx)" 
5.188.84.45 - - [16/Jun/2020:16:25:16 -0700] "GET /2013/pasta-madre-day-2013/ HTTP/1.0" 200 32755 "https://www.fornacalia.com/2013/pasta-madre-day-2013/#comment-1801/" "Mozilla/5.0 (Windows NT 6.1) AppleWebKit/537.36 (KHTML, like Gecko) Chrome/67.0.3396.99 Safari/537.36 Kinza/4.8.2" 
5.188.84.45 - - [16/Jun/2020:16:25:17 -0700] "POST /wp-comments-post.php HTTP/1.0" 302 3874 "https://www.fornacalia.com/2013/pasta-madre-day-2013/#comment-1801/" "Mozilla/5.0 (Windows NT 6.1) AppleWebKit/537.36 (KHTML, like Gecko) Chrome/67.0.3396.99 Safari/537.36 Kinza/4.8.2" 
105.178.114.112 - - [16/Jun/2020:16:27:37 -0700] "POST /xmlrpc.php HTTP/1.1" 301 4152 "-" "Mozilla/4.0 (compatible; MSIE 6.0; Windows NT 5.0)" 
105.178.114.112 - - [16/Jun/2020:16:27:38 -0700] "GET /xmlrpc.php HTTP/1.1" 405 3948 "-" "Mozilla/4.0 (compatible; MSIE 6.0; Windows NT 5.0)" 
105.178.114.112 - - [16/Jun/2020:16:28:38 -0700] "POST /xmlrpc.php HTTP/1.1" 301 4152 "-" "Mozilla/4.0 (compatible; MSIE 6.0; Windows NT 5.0)" 
105.178.114.112 - - [16/Jun/2020:16:28:39 -0700] "GET /xmlrpc.php HTTP/1.1" 405 3948 "-" "Mozilla/4.0 (compatible; MSIE 6.0; Windows NT 5.0)" 
31.13.127.16 - - [16/Jun/2020:16:28:42 -0700] "GET /wp-content/uploads/2020/04/pizza-slice.png HTTP/1.1" 200 435483 "-" "facebookexternalhit/1.1 (+http://www.facebook.com/externalhit_uatext.php)" 
31.13.103.1 - - [16/Jun/2020:16:28:42 -0700] "GET /wp-content/uploads/2020/04/pizza-slice.png HTTP/1.1" 200 435483 "-" "facebookexternalhit/1.1 (+http://www.facebook.com/externalhit_uatext.php)" 
5.188.84.65 - - [16/Jun/2020:16:33:18 -0700] "GET /2013/pasta-madre-day-2013/ HTTP/1.0" 200 32755 "https://www.fornacalia.com/2013/pasta-madre-day-2013/#comment-1801/" "Mozilla/5.0 (Windows NT 6.1; WOW64) AppleWebKit/537.36 (KHTML, like Gecko) Chrome/67.0.3396.87 Safari/537.36 OPR/54.0.2952.64 (Edition Yx)" 
5.188.84.65 - - [16/Jun/2020:16:33:19 -0700] "POST /wp-comments-post.php HTTP/1.0" 302 3874 "https://www.fornacalia.com/2013/pasta-madre-day-2013/#comment-1801/" "Mozilla/5.0 (Windows NT 6.1; WOW64) AppleWebKit/537.36 (KHTML, like Gecko) Chrome/67.0.3396.87 Safari/537.36 OPR/54.0.2952.64 (Edition Yx)" 
105.178.114.112 - - [16/Jun/2020:16:35:38 -0700] "POST /xmlrpc.php HTTP/1.1" 301 4152 "-" "Mozilla/4.0 (compatible; MSIE 6.0; Windows NT 5.0)" 
105.178.114.112 - - [16/Jun/2020:16:35:39 -0700] "GET /xmlrpc.php HTTP/1.1" 405 3948 "-" "Mozilla/4.0 (compatible; MSIE 6.0; Windows NT 5.0)" 
5.188.84.220 - - [16/Jun/2020:16:35:45 -0700] "GET /2013/pasta-madre-day-2013/ HTTP/1.0" 200 32755 "https://www.fornacalia.com/2013/pasta-madre-day-2013/#comment-1801/" "Mozilla/5.0 (Windows NT 6.3; Win64; x64) AppleWebKit/537.36 (KHTML, like Gecko) Chrome/65.0.3325.146 Safari/537.36" 
5.188.84.220 - - [16/Jun/2020:16:35:46 -0700] "POST /wp-comments-post.php HTTP/1.0" 302 3874 "https://www.fornacalia.com/2013/pasta-madre-day-2013/#comment-1801/" "Mozilla/5.0 (Windows NT 6.3; Win64; x64) AppleWebKit/537.36 (KHTML, like Gecko) Chrome/65.0.3325.146 Safari/537.36" 
5.188.84.15 - - [16/Jun/2020:16:35:58 -0700] "GET /2013/pasta-madre-day-2013/ HTTP/1.0" 200 32755 "https://www.fornacalia.com/2013/pasta-madre-day-2013/#comment-1801/" "Mozilla/5.0 (Windows NT 6.1) AppleWebKit/537.36 (KHTML, like Gecko) Chrome/68.0.3440.106 Safari/537.36" 
5.188.84.15 - - [16/Jun/2020:16:35:59 -0700] "POST /wp-comments-post.php HTTP/1.0" 302 3874 "https://www.fornacalia.com/2013/pasta-madre-day-2013/#comment-1801/" "Mozilla/5.0 (Windows NT 6.1) AppleWebKit/537.36 (KHTML, like Gecko) Chrome/68.0.3440.106 Safari/537.36" 
5.188.84.25 - - [16/Jun/2020:16:38:56 -0700] "GET /2013/pasta-madre-day-2013/ HTTP/1.0" 200 32755 "https://www.fornacalia.com/2013/pasta-madre-day-2013/#comment-1801/" "Mozilla/5.0 (Windows NT 10.0; Win64; x64) AppleWebKit/537.36 (KHTML, like Gecko) Chrome/67.0.3396.79 Safari/537.36" 
5.188.84.25 - - [16/Jun/2020:16:38:57 -0700] "POST /wp-comments-post.php HTTP/1.0" 302 3874 "https://www.fornacalia.com/2013/pasta-madre-day-2013/#comment-1801/" "Mozilla/5.0 (Windows NT 10.0; Win64; x64) AppleWebKit/537.36 (KHTML, like Gecko) Chrome/67.0.3396.79 Safari/537.36" 
46.229.168.130 - - [16/Jun/2020:16:41:14 -0700] "GET /2017/igbreadclub/ HTTP/1.1" 200 11717 "-" "Mozilla/5.0 (compatible; SemrushBot/6~bl; +http://www.semrush.com/bot.html)" 
5.188.84.15 - - [16/Jun/2020:16:43:56 -0700] "GET /2013/pasta-madre-day-2013/ HTTP/1.0" 200 32755 "https://www.fornacalia.com/2013/pasta-madre-day-2013/#comment-1801/" "Mozilla/5.0 (Windows NT 10.0; Win64; x64) AppleWebKit/537.36 (KHTML, like Gecko) Chrome/64.0.3282.140 Safari/537.36 Edge/17.17134" 
64.111.100.215 - - [16/Jun/2020:16:43:56 -0700] "POST /wp-cron.php?doing_wp_cron=1592351036.3334660530090332031250 HTTP/1.1" 200 3383 "https://www.fornacalia.com/wp-cron.php?doing_wp_cron=1592351036.3334660530090332031250" "WordPress/5.2.7; https://www.fornacalia.com" 
5.188.84.15 - - [16/Jun/2020:16:43:58 -0700] "POST /wp-comments-post.php HTTP/1.0" 302 3874 "https://www.fornacalia.com/2013/pasta-madre-day-2013/#comment-1801/" "Mozilla/5.0 (Windows NT 10.0; Win64; x64) AppleWebKit/537.36 (KHTML, like Gecko) Chrome/64.0.3282.140 Safari/537.36 Edge/17.17134" 
66.249.70.79 - - [16/Jun/2020:16:48:42 -0700] "GET /favicon.ico HTTP/1.1" 200 4040 "-" "Googlebot-Image/1.0" 
66.249.70.77 - - [16/Jun/2020:16:50:46 -0700] "GET /favicon.ico HTTP/1.1" 304 3910 "-" "Googlebot-Image/1.0" 
105.178.114.112 - - [16/Jun/2020:16:52:39 -0700] "POST /xmlrpc.php HTTP/1.1" 301 4152 "-" "Mozilla/4.0 (compatible; MSIE 6.0; Windows NT 5.0)" 
105.178.114.112 - - [16/Jun/2020:16:52:40 -0700] "GET /xmlrpc.php HTTP/1.1" 405 3948 "-" "Mozilla/4.0 (compatible; MSIE 6.0; Windows NT 5.0)" 
202.9.46.180 - - [16/Jun/2020:16:52:46 -0700] "POST /wp-login.php HTTP/1.1" 301 4156 "-" "Mozilla/4.0 (compatible; MSIE 6.0; Windows NT 5.0)" 
114.119.160.9 - - [16/Jun/2020:16:55:04 -0700] "GET /page/3/ HTTP/1.1" 200 17994 "-" "Mozilla/5.0 (Linux; Android 7.0;) AppleWebKit/537.36 (KHTML, like Gecko) Mobile Safari/537.36 (compatible; PetalBot;+https://aspiegel.com/petalbot)" 
66.249.70.79 - - [16/Jun/2020:16:55:58 -0700] "GET /2019/respect-to-respectus-panis/ HTTP/1.1" 200 13486 "-" "Mozilla/5.0 (compatible; Googlebot/2.1; +http://www.google.com/bot.html)" 
66.249.70.79 - - [16/Jun/2020:16:56:10 -0700] "GET /wp-content/themes/Autonomie-child/css/wide-width.css?ver=1.0.0 HTTP/1.1" 404 25785 "https://www.fornacalia.com/2019/respect-to-respectus-panis/" "Mozilla/5.0 AppleWebKit/537.36 (KHTML, like Gecko; compatible; Googlebot/2.1; +http://www.google.com/bot.html) Chrome/83.0.4103.100 Safari/537.36" 
54.36.149.103 - - [16/Jun/2020:16:59:39 -0700] "GET /robots.txt HTTP/1.1" 200 4003 "-" "Mozilla/5.0 (compatible; AhrefsBot/6.1; +http://ahrefs.com/robot/)" 
54.36.148.183 - - [16/Jun/2020:16:59:43 -0700] "GET /author/jeremy/feed/ HTTP/1.1" 200 20116 "-" "Mozilla/5.0 (compatible; AhrefsBot/6.1; +http://ahrefs.com/robot/)" 
114.119.164.139 - - [16/Jun/2020:17:01:05 -0700] "GET /2013/dan-lepards-walnut-bread HTTP/1.1" 301 3977 "-" "Mozilla/5.0 (Linux; Android 7.0;) AppleWebKit/537.36 (KHTML, like Gecko) Mobile Safari/537.36 (compatible; PetalBot;+https://aspiegel.com/petalbot)" 
114.119.164.139 - - [16/Jun/2020:17:01:06 -0700] "GET /2013/dan-lepards-walnut-bread/ HTTP/1.1" 200 12476 "-" "Mozilla/5.0 (Linux; Android 7.0;) AppleWebKit/537.36 (KHTML, like Gecko) Mobile Safari/537.36 (compatible; PetalBot;+https://aspiegel.com/petalbot)" 
105.178.114.112 - - [16/Jun/2020:17:01:43 -0700] "POST /xmlrpc.php HTTP/1.1" 301 4152 "-" "Mozilla/4.0 (compatible; MSIE 6.0; Windows NT 5.0)" 
105.178.114.112 - - [16/Jun/2020:17:01:45 -0700] "GET /xmlrpc.php HTTP/1.1" 405 3948 "-" "Mozilla/4.0 (compatible; MSIE 6.0; Windows NT 5.0)" 
5.188.84.233 - - [16/Jun/2020:17:02:41 -0700] "GET /2013/pasta-madre-day-2013/ HTTP/1.0" 200 32755 "https://www.fornacalia.com/2013/pasta-madre-day-2013/#comment-1801/" "Mozilla/5.0 (Windows NT 10.0; Win64; x64) AppleWebKit/537.36 (KHTML, like Gecko) Chrome/64.0.3282.140 Safari/537.36 Edge/17.17134" 
5.188.84.233 - - [16/Jun/2020:17:02:42 -0700] "POST /wp-comments-post.php HTTP/1.0" 302 3874 "https://www.fornacalia.com/2013/pasta-madre-day-2013/#comment-1801/" "Mozilla/5.0 (Windows NT 10.0; Win64; x64) AppleWebKit/537.36 (KHTML, like Gecko) Chrome/64.0.3282.140 Safari/537.36 Edge/17.17134" 
114.119.161.162 - - [16/Jun/2020:17:07:04 -0700] "GET /category/crumbs/page/4 HTTP/1.1" 301 3919 "-" "Mozilla/5.0 (Linux; Android 7.0;) AppleWebKit/537.36 (KHTML, like Gecko) Mobile Safari/537.36 (compatible; PetalBot;+https://aspiegel.com/petalbot)" 
114.119.161.162 - - [16/Jun/2020:17:07:06 -0700] "GET /category/crumbs/page/4/ HTTP/1.1" 200 17763 "-" "Mozilla/5.0 (Linux; Android 7.0;) AppleWebKit/537.36 (KHTML, like Gecko) Mobile Safari/537.36 (compatible; PetalBot;+https://aspiegel.com/petalbot)" 
5.188.84.35 - - [16/Jun/2020:17:07:19 -0700] "GET /2013/pasta-madre-day-2013/ HTTP/1.0" 200 32755 "https://www.fornacalia.com/2013/pasta-madre-day-2013/#comment-1801/" "Mozilla/5.0 (Windows NT 6.1; Win64; x64) AppleWebKit/537.36 (KHTML, like Gecko) Chrome/68.0.3440.106 Safari/537.36 OPR/55.0.2994.44" 
5.188.84.35 - - [16/Jun/2020:17:07:20 -0700] "POST /wp-comments-post.php HTTP/1.0" 302 3874 "https://www.fornacalia.com/2013/pasta-madre-day-2013/#comment-1801/" "Mozilla/5.0 (Windows NT 6.1; Win64; x64) AppleWebKit/537.36 (KHTML, like Gecko) Chrome/68.0.3440.106 Safari/537.36 OPR/55.0.2994.44" 
105.178.114.112 - - [16/Jun/2020:17:07:23 -0700] "POST /xmlrpc.php HTTP/1.1" 301 4152 "-" "Mozilla/4.0 (compatible; MSIE 6.0; Windows NT 5.0)" 
105.178.114.112 - - [16/Jun/2020:17:07:24 -0700] "GET /xmlrpc.php HTTP/1.1" 405 3948 "-" "Mozilla/4.0 (compatible; MSIE 6.0; Windows NT 5.0)" 
114.119.161.162 - - [16/Jun/2020:17:13:04 -0700] "GET /2017/the-woodfired-baker HTTP/1.1" 301 3972 "-" "Mozilla/5.0 (Linux; Android 7.0;) AppleWebKit/537.36 (KHTML, like Gecko) Mobile Safari/537.36 (compatible; PetalBot;+https://aspiegel.com/petalbot)" 
114.119.161.162 - - [16/Jun/2020:17:13:05 -0700] "GET /2017/the-woodfired-baker/ HTTP/1.1" 200 10832 "-" "Mozilla/5.0 (Linux; Android 7.0;) AppleWebKit/537.36 (KHTML, like Gecko) Mobile Safari/537.36 (compatible; PetalBot;+https://aspiegel.com/petalbot)" 
5.188.84.147 - - [16/Jun/2020:17:16:00 -0700] "GET /2013/pasta-madre-day-2013/ HTTP/1.0" 200 32755 "https://www.fornacalia.com/2013/pasta-madre-day-2013/#comment-1801/" "Mozilla/5.0 (Windows NT 10.0; Win64; x64) AppleWebKit/537.36 (KHTML, like Gecko) Chrome/65.0.3325.181 Safari/537.36" 
5.188.84.147 - - [16/Jun/2020:17:16:01 -0700] "POST /wp-comments-post.php HTTP/1.0" 302 3874 "https://www.fornacalia.com/2013/pasta-madre-day-2013/#comment-1801/" "Mozilla/5.0 (Windows NT 10.0; Win64; x64) AppleWebKit/537.36 (KHTML, like Gecko) Chrome/65.0.3325.181 Safari/537.36" 
46.229.168.161 - - [16/Jun/2020:17:16:19 -0700] "GET /robots.txt HTTP/1.1" 200 3995 "-" "Mozilla/5.0 (compatible; SemrushBot/6~bl; +http://www.semrush.com/bot.html)" 
46.229.168.130 - - [16/Jun/2020:17:16:19 -0700] "GET /2016/sultanas-and-pine-nuts-again/ HTTP/1.1" 200 12354 "-" "Mozilla/5.0 (compatible; SemrushBot/6~bl; +http://www.semrush.com/bot.html)" 
114.119.164.139 - - [16/Jun/2020:17:19:02 -0700] "GET /2019/respect-to-respectus-panis HTTP/1.1" 301 3979 "-" "Mozilla/5.0 (Linux; Android 7.0;) AppleWebKit/537.36 (KHTML, like Gecko) Mobile Safari/537.36 (compatible; PetalBot;+https://aspiegel.com/petalbot)" 
114.119.164.139 - - [16/Jun/2020:17:19:03 -0700] "GET /2019/respect-to-respectus-panis/ HTTP/1.1" 200 12905 "-" "Mozilla/5.0 (Linux; Android 7.0;) AppleWebKit/537.36 (KHTML, like Gecko) Mobile Safari/537.36 (compatible; PetalBot;+https://aspiegel.com/petalbot)" 
114.119.165.86 - - [16/Jun/2020:17:25:16 -0700] "GET /2018/palanga-rye/ HTTP/1.1" 200 11462 "-" "Mozilla/5.0 (Linux; Android 7.0;) AppleWebKit/537.36 (KHTML, like Gecko) Mobile Safari/537.36 (compatible; PetalBot;+https://aspiegel.com/petalbot)" 
5.188.84.45 - - [16/Jun/2020:17:30:27 -0700] "GET /2013/pasta-madre-day-2013/ HTTP/1.0" 200 32755 "https://www.fornacalia.com/2013/pasta-madre-day-2013/#comment-1801/" "Mozilla/5.0 (Windows NT 6.1; Win64; x64) AppleWebKit/537.36 (KHTML, like Gecko) Chrome/68.0.3440.106 Safari/537.36" 
5.188.84.45 - - [16/Jun/2020:17:30:28 -0700] "POST /wp-comments-post.php HTTP/1.0" 302 3874 "https://www.fornacalia.com/2013/pasta-madre-day-2013/#comment-1801/" "Mozilla/5.0 (Windows NT 6.1; Win64; x64) AppleWebKit/537.36 (KHTML, like Gecko) Chrome/68.0.3440.106 Safari/537.36" 
114.119.161.162 - - [16/Jun/2020:17:32:06 -0700] "GET /2019/the-bread-was-great-the-movie-not-so-much/ HTTP/1.1" 200 12237 "-" "Mozilla/5.0 (Linux; Android 7.0;) AppleWebKit/537.36 (KHTML, like Gecko) Mobile Safari/537.36 (compatible; PetalBot;+https://aspiegel.com/petalbot)" 
207.241.229.223 - - [16/Jun/2020:17:32:59 -0700] "GET /robots.txt HTTP/1.0" 200 3949 "-" "Mozilla/5.0 (compatible; special_archiver/3.1.1 +http://www.archive.org/details/archive.org_bot)" 
207.241.229.223 - - [16/Jun/2020:17:33:01 -0700] "GET /wp-content/uploads/2020/04/bagel-dough.jpg HTTP/1.0" 200 123952 "https://www.fornacalia.com/" "Mozilla/5.0 (compatible; special_archiver/3.1.1 +http://www.archive.org/details/archive.org_bot)" 
5.188.84.65 - - [16/Jun/2020:17:34:00 -0700] "GET /2013/pasta-madre-day-2013/ HTTP/1.0" 200 32755 "https://www.fornacalia.com/2013/pasta-madre-day-2013/#comment-1801/" "Mozilla/5.0 (Windows NT 10.0) AppleWebKit/537.36 (KHTML, like Gecko) Chrome/67.0.3396.99 Safari/537.36" 
5.188.84.65 - - [16/Jun/2020:17:34:01 -0700] "POST /wp-comments-post.php HTTP/1.0" 302 3874 "https://www.fornacalia.com/2013/pasta-madre-day-2013/#comment-1801/" "Mozilla/5.0 (Windows NT 10.0) AppleWebKit/537.36 (KHTML, like Gecko) Chrome/67.0.3396.99 Safari/537.36" 
5.188.84.220 - - [16/Jun/2020:17:37:36 -0700] "GET /2013/pasta-madre-day-2013/ HTTP/1.0" 200 32755 "https://www.fornacalia.com/2013/pasta-madre-day-2013/#comment-1801/" "Mozilla/5.0 (Windows NT 6.1; Win64; x64) AppleWebKit/537.36 (KHTML, like Gecko) Chrome/67.0.3396.99 Safari/537.36" 
5.188.84.220 - - [16/Jun/2020:17:37:37 -0700] "POST /wp-comments-post.php HTTP/1.0" 302 3874 "https://www.fornacalia.com/2013/pasta-madre-day-2013/#comment-1801/" "Mozilla/5.0 (Windows NT 6.1; Win64; x64) AppleWebKit/537.36 (KHTML, like Gecko) Chrome/67.0.3396.99 Safari/537.36" 
5.188.84.233 - - [16/Jun/2020:17:37:44 -0700] "GET /2013/pasta-madre-day-2013/ HTTP/1.0" 200 32755 "https://www.fornacalia.com/2013/pasta-madre-day-2013/#comment-1801/" "Mozilla/5.0 (Windows NT 6.1; Win64; x64) AppleWebKit/537.36 (KHTML, like Gecko) Chrome/67.0.3396.87 Safari/537.36" 
5.188.84.233 - - [16/Jun/2020:17:37:45 -0700] "POST /wp-comments-post.php HTTP/1.0" 302 3874 "https://www.fornacalia.com/2013/pasta-madre-day-2013/#comment-1801/" "Mozilla/5.0 (Windows NT 6.1; Win64; x64) AppleWebKit/537.36 (KHTML, like Gecko) Chrome/67.0.3396.87 Safari/537.36" 
5.188.84.25 - - [16/Jun/2020:17:38:06 -0700] "GET /2013/pasta-madre-day-2013/ HTTP/1.0" 200 32755 "https://www.fornacalia.com/2013/pasta-madre-day-2013/#comment-1801/" "Mozilla/5.0 (Windows NT 6.1; Win64; x64) AppleWebKit/537.36 (KHTML, like Gecko) Chrome/67.0.3396.79 Safari/537.36" 
5.188.84.25 - - [16/Jun/2020:17:38:07 -0700] "POST /wp-comments-post.php HTTP/1.0" 302 3874 "https://www.fornacalia.com/2013/pasta-madre-day-2013/#comment-1801/" "Mozilla/5.0 (Windows NT 6.1; Win64; x64) AppleWebKit/537.36 (KHTML, like Gecko) Chrome/67.0.3396.79 Safari/537.36" 
207.46.13.43 - - [16/Jun/2020:17:40:30 -0700] "GET /2019/sourdough-u-one-day-course-17-november-2019/ HTTP/1.1" 200 13093 "-" "Mozilla/5.0 (compatible; bingbot/2.0; +http://www.bing.com/bingbot.htm)" 
64.111.100.215 - - [16/Jun/2020:17:40:30 -0700] "POST /wp-cron.php?doing_wp_cron=1592354430.4076991081237792968750 HTTP/1.1" 200 3383 "https://www.fornacalia.com/wp-cron.php?doing_wp_cron=1592354430.4076991081237792968750" "WordPress/5.2.7; https://www.fornacalia.com" 
40.77.167.142 - - [16/Jun/2020:17:40:41 -0700] "GET /wp-includes/js/jquery/jquery.js?ver=1.12.4-wp HTTP/1.1" 200 38793 "-" "Mozilla/5.0 (compatible; bingbot/2.0; +http://www.bing.com/bingbot.htm)" 
157.55.39.231 - - [16/Jun/2020:17:40:45 -0700] "GET /wp-includes/js/jquery/jquery-migrate.min.js?ver=1.4.1 HTTP/1.1" 200 8222 "-" "Mozilla/5.0 (compatible; bingbot/2.0; +http://www.bing.com/bingbot.htm)" 
207.46.13.43 - - [16/Jun/2020:17:40:51 -0700] "GET /wp-content/themes/autonomie/style.css?ver=5.2.7 HTTP/1.1" 200 13197 "-" "Mozilla/5.0 (compatible; bingbot/2.0; +http://www.bing.com/bingbot.htm)" 
207.46.13.43 - - [16/Jun/2020:17:40:51 -0700] "GET /wp-includes/js/comment-reply.min.js?ver=5.2.7 HTTP/1.1" 200 1539 "-" "Mozilla/5.0 (compatible; bingbot/2.0; +http://www.bing.com/bingbot.htm)" 
157.55.39.70 - - [16/Jun/2020:17:40:55 -0700] "GET /wp-content/plugins/semantic-linkbacks/js/semantic-linkbacks.js?ver=3.8.1 HTTP/1.1" 200 4236 "-" "Mozilla/5.0 (compatible; bingbot/2.0; +http://www.bing.com/bingbot.htm)" 
5.188.84.35 - - [16/Jun/2020:17:42:58 -0700] "GET /2013/pasta-madre-day-2013/ HTTP/1.0" 200 32755 "https://www.fornacalia.com/2013/pasta-madre-day-2013/#comment-1801/" "Mozilla/5.0 (Windows NT 6.1; WOW64) AppleWebKit/537.36 (KHTML, like Gecko) Chrome/66.0.3359.170 Safari/537.36 OPR/53.0.2907.99" 
64.111.100.215 - - [16/Jun/2020:17:42:59 -0700] "POST /wp-cron.php?doing_wp_cron=1592354578.4060039520263671875000 HTTP/1.1" 200 3383 "https://www.fornacalia.com/wp-cron.php?doing_wp_cron=1592354578.4060039520263671875000" "WordPress/5.2.7; https://www.fornacalia.com" 
5.188.84.35 - - [16/Jun/2020:17:43:00 -0700] "POST /wp-comments-post.php HTTP/1.0" 302 3874 "https://www.fornacalia.com/2013/pasta-madre-day-2013/#comment-1801/" "Mozilla/5.0 (Windows NT 6.1; WOW64) AppleWebKit/537.36 (KHTML, like Gecko) Chrome/66.0.3359.170 Safari/537.36 OPR/53.0.2907.99" 
114.119.160.9 - - [16/Jun/2020:17:43:02 -0700] "GET /2016/sultanas-and-pine-nuts-again HTTP/1.1" 301 3930 "-" "Mozilla/5.0 (Linux; Android 7.0;) AppleWebKit/537.36 (KHTML, like Gecko) Mobile Safari/537.36 (compatible; PetalBot;+https://aspiegel.com/petalbot)" 
114.119.160.9 - - [16/Jun/2020:17:43:03 -0700] "GET /2016/sultanas-and-pine-nuts-again/ HTTP/1.1" 200 12354 "-" "Mozilla/5.0 (Linux; Android 7.0;) AppleWebKit/537.36 (KHTML, like Gecko) Mobile Safari/537.36 (compatible; PetalBot;+https://aspiegel.com/petalbot)" 
107.178.200.237 - - [16/Jun/2020:17:43:07 -0700] "HEAD / HTTP/1.1" 301 3332 "-" "Bridgy (https://brid.gy/about)" 
107.178.200.237 - - [16/Jun/2020:17:43:07 -0700] "HEAD / HTTP/1.1" 200 3899 "-" "Bridgy (https://brid.gy/about)" 
107.178.200.237 - - [16/Jun/2020:17:43:07 -0700] "GET / HTTP/1.1" 200 18718 "-" "Bridgy (https://brid.gy/about)" 
107.178.200.237 - - [16/Jun/2020:17:43:08 -0700] "HEAD /2020/turmeric-breadan-experiment/ HTTP/1.1" 200 4003 "-" "Bridgy (https://brid.gy/about)" 
107.178.200.237 - - [16/Jun/2020:17:43:08 -0700] "GET /2020/turmeric-breadan-experiment/ HTTP/1.1" 200 12515 "-" "Bridgy (https://brid.gy/about)" 
107.178.200.237 - - [16/Jun/2020:17:43:08 -0700] "HEAD /2020/sourdough-bagels/ HTTP/1.1" 200 4003 "-" "Bridgy (https://brid.gy/about)" 
107.178.200.237 - - [16/Jun/2020:17:43:08 -0700] "GET /2020/sourdough-bagels/ HTTP/1.1" 200 14227 "-" "Bridgy (https://brid.gy/about)" 
107.178.200.237 - - [16/Jun/2020:17:43:09 -0700] "HEAD /2020/pizza-night-when-the-pizzerie-are-all-shut/ HTTP/1.1" 200 4003 "-" "Bridgy (https://brid.gy/about)" 
107.178.200.237 - - [16/Jun/2020:17:43:09 -0700] "GET /2020/pizza-night-when-the-pizzerie-are-all-shut/ HTTP/1.1" 200 15029 "-" "Bridgy (https://brid.gy/about)" 
107.178.200.237 - - [16/Jun/2020:17:43:10 -0700] "HEAD /2020/the-starter-leaven-pipeline/ HTTP/1.1" 200 4003 "-" "Bridgy (https://brid.gy/about)" 
107.178.200.237 - - [16/Jun/2020:17:43:11 -0700] "GET /2020/the-starter-leaven-pipeline/ HTTP/1.1" 200 12624 "-" "Bridgy (https://brid.gy/about)" 
107.178.200.237 - - [16/Jun/2020:17:43:11 -0700] "HEAD /2020/sourdough-revival/ HTTP/1.1" 200 4003 "-" "Bridgy (https://brid.gy/about)" 
107.178.200.237 - - [16/Jun/2020:17:43:11 -0700] "GET /2020/sourdough-revival/ HTTP/1.1" 200 12925 "-" "Bridgy (https://brid.gy/about)" 
5.188.84.147 - - [16/Jun/2020:17:43:38 -0700] "GET /2013/pasta-madre-day-2013/ HTTP/1.0" 200 32755 "https://www.fornacalia.com/2013/pasta-madre-day-2013/#comment-1801/" "Mozilla/5.0 (Windows NT 10.0; Win64; x64) AppleWebKit/537.36 (KHTML, like Gecko) Chrome/65.0.3325.181 Safari/537.36" 
5.188.84.147 - - [16/Jun/2020:17:43:39 -0700] "POST /wp-comments-post.php HTTP/1.0" 302 3874 "https://www.fornacalia.com/2013/pasta-madre-day-2013/#comment-1801/" "Mozilla/5.0 (Windows NT 10.0; Win64; x64) AppleWebKit/537.36 (KHTML, like Gecko) Chrome/65.0.3325.181 Safari/537.36" 
5.188.84.45 - - [16/Jun/2020:17:44:09 -0700] "GET /2013/pasta-madre-day-2013/ HTTP/1.0" 200 32755 "https://www.fornacalia.com/2013/pasta-madre-day-2013/#comment-1801/" "Mozilla/5.0 (Windows NT 6.1; Win64; x64) AppleWebKit/537.36 (KHTML, like Gecko) Chrome/66.0.3359.170 Safari/537.36 OPR/53.0.2907.68" 
5.188.84.45 - - [16/Jun/2020:17:44:10 -0700] "POST /wp-comments-post.php HTTP/1.0" 302 3874 "https://www.fornacalia.com/2013/pasta-madre-day-2013/#comment-1801/" "Mozilla/5.0 (Windows NT 6.1; Win64; x64) AppleWebKit/537.36 (KHTML, like Gecko) Chrome/66.0.3359.170 Safari/537.36 OPR/53.0.2907.68" 
114.119.166.39 - - [16/Jun/2020:17:49:32 -0700] "GET /2012/dan-lepard-on-flour HTTP/1.1" 301 3972 "-" "Mozilla/5.0 (Linux; Android 7.0;) AppleWebKit/537.36 (KHTML, like Gecko) Mobile Safari/537.36 (compatible; PetalBot;+https://aspiegel.com/petalbot)" 
114.119.166.39 - - [16/Jun/2020:17:49:34 -0700] "GET /2012/dan-lepard-on-flour/ HTTP/1.1" 200 11259 "-" "Mozilla/5.0 (Linux; Android 7.0;) AppleWebKit/537.36 (KHTML, like Gecko) Mobile Safari/537.36 (compatible; PetalBot;+https://aspiegel.com/petalbot)" 
5.188.84.65 - - [16/Jun/2020:17:51:46 -0700] "GET /2013/pasta-madre-day-2013/ HTTP/1.0" 200 32755 "https://www.fornacalia.com/2013/pasta-madre-day-2013/#comment-1801/" "Mozilla/5.0 (Windows NT 6.1; Win64; x64) AppleWebKit/537.36 (KHTML, like Gecko) Chrome/67.0.3396.87 Safari/537.36" 
5.188.84.65 - - [16/Jun/2020:17:51:48 -0700] "POST /wp-comments-post.php HTTP/1.0" 302 3874 "https://www.fornacalia.com/2013/pasta-madre-day-2013/#comment-1801/" "Mozilla/5.0 (Windows NT 6.1; Win64; x64) AppleWebKit/537.36 (KHTML, like Gecko) Chrome/67.0.3396.87 Safari/537.36" 
5.188.84.220 - - [16/Jun/2020:17:54:03 -0700] "GET /2013/pasta-madre-day-2013/ HTTP/1.0" 200 32755 "https://www.fornacalia.com/2013/pasta-madre-day-2013/#comment-1801/" "Mozilla/5.0 (Windows NT 10.0; Win64; x64) AppleWebKit/537.36 (KHTML, like Gecko) Chrome/67.0.3396.87 Safari/537.36" 
5.188.84.220 - - [16/Jun/2020:17:54:04 -0700] "POST /wp-comments-post.php HTTP/1.0" 302 3874 "https://www.fornacalia.com/2013/pasta-madre-day-2013/#comment-1801/" "Mozilla/5.0 (Windows NT 10.0; Win64; x64) AppleWebKit/537.36 (KHTML, like Gecko) Chrome/67.0.3396.87 Safari/537.36" 
5.188.84.15 - - [16/Jun/2020:17:54:21 -0700] "GET /2013/pasta-madre-day-2013/ HTTP/1.0" 200 32755 "https://www.fornacalia.com/2013/pasta-madre-day-2013/#comment-1801/" "Mozilla/5.0 (Windows NT 10.0; Win64; x64) AppleWebKit/537.36 (KHTML, like Gecko) Chrome/66.0.3359.170 Safari/537.36 OPR/53.0.2907.99" 
5.188.84.15 - - [16/Jun/2020:17:54:22 -0700] "POST /wp-comments-post.php HTTP/1.0" 302 3874 "https://www.fornacalia.com/2013/pasta-madre-day-2013/#comment-1801/" "Mozilla/5.0 (Windows NT 10.0; Win64; x64) AppleWebKit/537.36 (KHTML, like Gecko) Chrome/66.0.3359.170 Safari/537.36 OPR/53.0.2907.99" 
114.119.166.39 - - [16/Jun/2020:17:55:01 -0700] "GET /2020/sourdough-revival HTTP/1.1" 301 3970 "-" "Mozilla/5.0 (Linux; Android 7.0;) AppleWebKit/537.36 (KHTML, like Gecko) Mobile Safari/537.36 (compatible; PetalBot;+https://aspiegel.com/petalbot)" 
114.119.166.39 - - [16/Jun/2020:17:55:02 -0700] "GET /2020/sourdough-revival/ HTTP/1.1" 200 12890 "-" "Mozilla/5.0 (Linux; Android 7.0;) AppleWebKit/537.36 (KHTML, like Gecko) Mobile Safari/537.36 (compatible; PetalBot;+https://aspiegel.com/petalbot)" 
5.188.84.25 - - [16/Jun/2020:17:57:01 -0700] "GET /2013/pasta-madre-day-2013/ HTTP/1.0" 200 32755 "https://www.fornacalia.com/2013/pasta-madre-day-2013/#comment-1801/" "Mozilla/5.0 (Windows NT 10.0; Win64; x64) AppleWebKit/537.36 (KHTML, like Gecko) Chrome/67.0.3396.79 Safari/537.36" 
5.188.84.25 - - [16/Jun/2020:17:57:02 -0700] "POST /wp-comments-post.php HTTP/1.0" 302 3874 "https://www.fornacalia.com/2013/pasta-madre-day-2013/#comment-1801/" "Mozilla/5.0 (Windows NT 10.0; Win64; x64) AppleWebKit/537.36 (KHTML, like Gecko) Chrome/67.0.3396.79 Safari/537.36" 
40.77.167.142 - - [16/Jun/2020:17:59:26 -0700] "GET /2019/a-sourdough-workshop-in-rome-on-17-november/ HTTP/1.1" 200 13399 "-" "Mozilla/5.0 (compatible; bingbot/2.0; +http://www.bing.com/bingbot.htm)" 
114.119.167.160 - - [16/Jun/2020:18:00:54 -0700] "GET /2020/pizza-night-when-the-pizzerie-are-all-shut?replytocom=34288 HTTP/1.1" 301 4012 "-" "Mozilla/5.0 (Linux; Android 7.0;) AppleWebKit/537.36 (KHTML, like Gecko) Mobile Safari/537.36 (compatible; PetalBot;+https://aspiegel.com/petalbot)" 
114.119.167.160 - - [16/Jun/2020:18:00:55 -0700] "GET /2020/pizza-night-when-the-pizzerie-are-all-shut/?replytocom=34288 HTTP/1.1" 200 7065 "-" "Mozilla/5.0 (Linux; Android 7.0;) AppleWebKit/537.36 (KHTML, like Gecko) Mobile Safari/537.36 (compatible; PetalBot;+https://aspiegel.com/petalbot)" 
5.188.84.15 - - [16/Jun/2020:18:01:06 -0700] "GET /2013/pasta-madre-day-2013/ HTTP/1.0" 200 32755 "https://www.fornacalia.com/2013/pasta-madre-day-2013/#comment-1801/" "Mozilla/5.0 (Windows NT 6.3; Win64; x64) AppleWebKit/537.36 (KHTML, like Gecko) Chrome/67.0.3396.99 Safari/537.36" 
5.188.84.15 - - [16/Jun/2020:18:01:07 -0700] "POST /wp-comments-post.php HTTP/1.0" 302 3874 "https://www.fornacalia.com/2013/pasta-madre-day-2013/#comment-1801/" "Mozilla/5.0 (Windows NT 6.3; Win64; x64) AppleWebKit/537.36 (KHTML, like Gecko) Chrome/67.0.3396.99 Safari/537.36" 
114.119.160.9 - - [16/Jun/2020:18:07:09 -0700] "GET /author/jeremy/page/4 HTTP/1.1" 301 3917 "-" "Mozilla/5.0 (Linux; Android 7.0;) AppleWebKit/537.36 (KHTML, like Gecko) Mobile Safari/537.36 (compatible; PetalBot;+https://aspiegel.com/petalbot)" 
114.119.160.9 - - [16/Jun/2020:18:07:11 -0700] "GET /author/jeremy/page/4/ HTTP/1.1" 200 18798 "-" "Mozilla/5.0 (Linux; Android 7.0;) AppleWebKit/537.36 (KHTML, like Gecko) Mobile Safari/537.36 (compatible; PetalBot;+https://aspiegel.com/petalbot)" 
202.9.46.180 - - [16/Jun/2020:18:16:44 -0700] "POST /xmlrpc.php HTTP/1.1" 301 4152 "-" "Mozilla/4.0 (compatible; MSIE 6.0; Windows NT 5.0)" 
202.9.46.180 - - [16/Jun/2020:18:16:45 -0700] "GET /xmlrpc.php HTTP/1.1" 405 3948 "-" "Mozilla/4.0 (compatible; MSIE 6.0; Windows NT 5.0)" 
114.119.164.139 - - [16/Jun/2020:18:18:43 -0700] "GET / HTTP/1.1" 301 3551 "-" "Mozilla/5.0 (Linux; Android 7.0;) AppleWebKit/537.36 (KHTML, like Gecko) Mobile Safari/537.36 (compatible; PetalBot;+https://aspiegel.com/petalbot)" 
114.119.164.139 - - [16/Jun/2020:18:18:44 -0700] "GET / HTTP/1.1" 200 18681 "-" "Mozilla/5.0 (Linux; Android 7.0;) AppleWebKit/537.36 (KHTML, like Gecko) Mobile Safari/537.36 (compatible; PetalBot;+https://aspiegel.com/petalbot)" 
37.79.26.141 - - [16/Jun/2020:18:24:09 -0700] "GET /2019/first-course-in-rome/ HTTP/1.0" 200 29410 "-" "Mozilla/5.0 (Windows NT 6.3; Win64; x64) AppleWebKit/537.36 (KHTML, like Gecko) Chrome/75.0.3770.100 Safari/537.36" 
114.119.164.131 - - [16/Jun/2020:18:24:42 -0700] "GET /page/5 HTTP/1.1" 301 3903 "-" "Mozilla/5.0 (Linux; Android 7.0;) AppleWebKit/537.36 (KHTML, like Gecko) Mobile Safari/537.36 (compatible; PetalBot;+https://aspiegel.com/petalbot)" 
114.119.164.131 - - [16/Jun/2020:18:24:43 -0700] "GET /page/5/ HTTP/1.1" 200 15614 "-" "Mozilla/5.0 (Linux; Android 7.0;) AppleWebKit/537.36 (KHTML, like Gecko) Mobile Safari/537.36 (compatible; PetalBot;+https://aspiegel.com/petalbot)" 
5.188.84.35 - - [16/Jun/2020:18:25:32 -0700] "GET /2013/pasta-madre-day-2013/ HTTP/1.0" 200 32755 "https://www.fornacalia.com/2013/pasta-madre-day-2013/#comment-1801/" "Mozilla/5.0 (Windows NT 6.1; Win64; x64) AppleWebKit/537.36 (KHTML, like Gecko) Chrome/66.0.3359.170 Safari/537.36 OPR/53.0.2907.106" 
5.188.84.35 - - [16/Jun/2020:18:25:33 -0700] "POST /wp-comments-post.php HTTP/1.0" 302 3874 "https://www.fornacalia.com/2013/pasta-madre-day-2013/#comment-1801/" "Mozilla/5.0 (Windows NT 6.1; Win64; x64) AppleWebKit/537.36 (KHTML, like Gecko) Chrome/66.0.3359.170 Safari/537.36 OPR/53.0.2907.106" 
114.119.166.39 - - [16/Jun/2020:18:30:37 -0700] "GET /2009/who-needs-a-hobby-like-tennis-or-philately HTTP/1.1" 301 3995 "-" "Mozilla/5.0 (Linux; Android 7.0;) AppleWebKit/537.36 (KHTML, like Gecko) Mobile Safari/537.36 (compatible; PetalBot;+https://aspiegel.com/petalbot)" 
114.119.166.39 - - [16/Jun/2020:18:30:38 -0700] "GET /2009/who-needs-a-hobby-like-tennis-or-philately/ HTTP/1.1" 200 12357 "-" "Mozilla/5.0 (Linux; Android 7.0;) AppleWebKit/537.36 (KHTML, like Gecko) Mobile Safari/537.36 (compatible; PetalBot;+https://aspiegel.com/petalbot)" 
114.119.160.9 - - [16/Jun/2020:18:36:47 -0700] "GET /category/gleanings/page/3/ HTTP/1.1" 200 14616 "-" "Mozilla/5.0 (Linux; Android 7.0;) AppleWebKit/537.36 (KHTML, like Gecko) Mobile Safari/537.36 (compatible; PetalBot;+https://aspiegel.com/petalbot)" 
5.188.84.147 - - [16/Jun/2020:18:37:13 -0700] "GET /2013/pasta-madre-day-2013/ HTTP/1.0" 200 32755 "https://www.fornacalia.com/2013/pasta-madre-day-2013/#comment-1801/" "Mozilla/5.0 (Windows NT 10.0; Win64; x64) AppleWebKit/537.36 (KHTML, like Gecko) Chrome/58.0.3029.110 Safari/537.36 Edge/16.16299" 
5.188.84.147 - - [16/Jun/2020:18:37:14 -0700] "POST /wp-comments-post.php HTTP/1.0" 302 3874 "https://www.fornacalia.com/2013/pasta-madre-day-2013/#comment-1801/" "Mozilla/5.0 (Windows NT 10.0; Win64; x64) AppleWebKit/537.36 (KHTML, like Gecko) Chrome/58.0.3029.110 Safari/537.36 Edge/16.16299" 
207.241.229.225 - - [16/Jun/2020:18:38:39 -0700] "GET /favicon.ico HTTP/1.0" 200 3459 "https://www.fornacalia.com/robots.txt" "Mozilla/5.0 (compatible; archive.org_bot +http://archive.org/details/archive.org_bot)" 
207.241.229.223 - - [16/Jun/2020:18:40:31 -0700] "GET /wp-content/themes/autonomie/js/skip-link-focus-fix.js?ver=1.0.0 HTTP/1.0" 200 4373 "https://www.fornacalia.com/" "Mozilla/5.0 (compatible; special_archiver/3.1.1 +http://www.archive.org/details/archive.org_bot)" 
114.119.161.162 - - [16/Jun/2020:18:42:43 -0700] "GET /author/jeremy/page/3/ HTTP/1.1" 200 17998 "-" "Mozilla/5.0 (Linux; Android 7.0;) AppleWebKit/537.36 (KHTML, like Gecko) Mobile Safari/537.36 (compatible; PetalBot;+https://aspiegel.com/petalbot)" 
66.249.70.75 - - [16/Jun/2020:18:46:59 -0700] "GET /2019/learn-to-bake-sourdough-bread-in-rome/ HTTP/1.1" 200 14406 "-" "Mozilla/5.0 (Linux; Android 6.0.1; Nexus 5X Build/MMB29P) AppleWebKit/537.36 (KHTML, like Gecko) Chrome/80.0.3987.92 Mobile Safari/537.36 (compatible; Googlebot/2.1; +http://www.google.com/bot.html)" 
207.241.229.225 - - [16/Jun/2020:18:47:45 -0700] "GET /wp-content/themes/autonomie/style.css?ver=5.2.7 HTTP/1.0" 200 47552 "https://www.fornacalia.com/" "Mozilla/5.0 (compatible; special_archiver/3.1.1 +http://www.archive.org/details/archive.org_bot)" 
114.119.164.131 - - [16/Jun/2020:18:48:41 -0700] "GET / HTTP/1.1" 301 3551 "-" "Mozilla/5.0 (Linux; Android 7.0;) AppleWebKit/537.36 (KHTML, like Gecko) Mobile Safari/537.36 (compatible; PetalBot;+https://aspiegel.com/petalbot)" 
114.119.164.131 - - [16/Jun/2020:18:48:42 -0700] "GET / HTTP/1.1" 200 18681 "-" "Mozilla/5.0 (Linux; Android 7.0;) AppleWebKit/537.36 (KHTML, like Gecko) Mobile Safari/537.36 (compatible; PetalBot;+https://aspiegel.com/petalbot)" 
207.241.229.224 - - [16/Jun/2020:18:52:33 -0700] "GET /robots.txt HTTP/1.0" 200 3949 "-" "Mozilla/5.0 (compatible; special_archiver/3.1.1 +http://www.archive.org/details/archive.org_bot)" 
207.241.229.224 - - [16/Jun/2020:18:52:34 -0700] "GET /wp-content/themes/Autonomie-child/css/narrow-width.css?ver=1.0.0 HTTP/1.0" 200 4835 "https://www.fornacalia.com/" "Mozilla/5.0 (compatible; special_archiver/3.1.1 +http://www.archive.org/details/archive.org_bot)" 
66.249.70.75 - - [16/Jun/2020:18:53:13 -0700] "GET /2019/5363/ HTTP/1.1" 301 4509 "-" "Mozilla/5.0 (Linux; Android 6.0.1; Nexus 5X Build/MMB29P) AppleWebKit/537.36 (KHTML, like Gecko) Chrome/80.0.3987.92 Mobile Safari/537.36 (compatible; Googlebot/2.1; +http://www.google.com/bot.html)" 
66.249.70.75 - - [16/Jun/2020:18:53:13 -0700] "GET /?p=5363 HTTP/1.1" 404 22066 "-" "Mozilla/5.0 (Linux; Android 6.0.1; Nexus 5X Build/MMB29P) AppleWebKit/537.36 (KHTML, like Gecko) Chrome/80.0.3987.92 Mobile Safari/537.36 (compatible; Googlebot/2.1; +http://www.google.com/bot.html)" 
114.119.160.9 - - [16/Jun/2020:18:54:49 -0700] "GET /author/jeremy/page/12/ HTTP/1.1" 200 17292 "-" "Mozilla/5.0 (Linux; Android 7.0;) AppleWebKit/537.36 (KHTML, like Gecko) Mobile Safari/537.36 (compatible; PetalBot;+https://aspiegel.com/petalbot)" 
207.241.229.225 - - [16/Jun/2020:18:58:08 -0700] "GET /wp-content/themes/autonomie/font/openwebicons/openwebicons.woff2 HTTP/1.0" 200 27324 "https://www.fornacalia.com/wp-content/themes/autonomie/style.css?ver=5.2.7" "Mozilla/5.0 (compatible; special_archiver/3.1.1 +http://www.archive.org/details/archive.org_bot)" 
207.241.229.223 - - [16/Jun/2020:18:58:29 -0700] "GET /wp-content/themes/Autonomie-child/css/narrow-width.css?ver=1.0.0 HTTP/1.0" 200 4835 "https://www.fornacalia.com/" "Mozilla/5.0 (compatible; special_archiver/3.1.1 +http://www.archive.org/details/archive.org_bot)" 
114.119.164.139 - - [16/Jun/2020:19:01:10 -0700] "GET /category/gleanings/ HTTP/1.1" 200 12878 "-" "Mozilla/5.0 (Linux; Android 7.0;) AppleWebKit/537.36 (KHTML, like Gecko) Mobile Safari/537.36 (compatible; PetalBot;+https://aspiegel.com/petalbot)" 
207.241.229.225 - - [16/Jun/2020:19:01:30 -0700] "GET /wp-content/themes/autonomie/js/navigation.js?ver=1.0.0 HTTP/1.0" 200 5814 "https://www.fornacalia.com/" "Mozilla/5.0 (compatible; special_archiver/3.1.1 +http://www.archive.org/details/archive.org_bot)" 
207.241.229.225 - - [16/Jun/2020:19:01:33 -0700] "GET /wp-json/webmention/1.0/endpoint HTTP/1.0" 200 7620 "https://www.fornacalia.com/" "Mozilla/5.0 (compatible; special_archiver/3.1.1 +http://www.archive.org/details/archive.org_bot)" 
66.249.70.79 - - [16/Jun/2020:19:06:53 -0700] "GET /2020/the-starter-leaven-pipeline/ HTTP/1.1" 200 13168 "-" "Mozilla/5.0 (Linux; Android 6.0.1; Nexus 5X Build/MMB29P) AppleWebKit/537.36 (KHTML, like Gecko) Chrome/80.0.3987.92 Mobile Safari/537.36 (compatible; Googlebot/2.1; +http://www.google.com/bot.html)" 
114.119.167.251 - - [16/Jun/2020:19:07:07 -0700] "GET /category/recipes/page/5/ HTTP/1.1" 200 16071 "-" "Mozilla/5.0 (Linux; Android 7.0;) AppleWebKit/537.36 (KHTML, like Gecko) Mobile Safari/537.36 (compatible; PetalBot;+https://aspiegel.com/petalbot)" 
207.241.229.224 - - [16/Jun/2020:19:08:51 -0700] "GET /wp-content/uploads/2020/04/breakfast.jpg HTTP/1.0" 200 176840 "https://www.fornacalia.com/" "Mozilla/5.0 (compatible; special_archiver/3.1.1 +http://www.archive.org/details/archive.org_bot)" 
114.119.165.86 - - [16/Jun/2020:19:13:06 -0700] "GET /2016/resurrection HTTP/1.1" 301 3914 "-" "Mozilla/5.0 (Linux; Android 7.0;) AppleWebKit/537.36 (KHTML, like Gecko) Mobile Safari/537.36 (compatible; PetalBot;+https://aspiegel.com/petalbot)" 
114.119.165.86 - - [16/Jun/2020:19:13:08 -0700] "GET /2016/resurrection/ HTTP/1.1" 200 12210 "-" "Mozilla/5.0 (Linux; Android 7.0;) AppleWebKit/537.36 (KHTML, like Gecko) Mobile Safari/537.36 (compatible; PetalBot;+https://aspiegel.com/petalbot)" 
114.119.166.39 - - [16/Jun/2020:19:18:58 -0700] "GET /category/recipes HTTP/1.1" 301 3913 "-" "Mozilla/5.0 (Linux; Android 7.0;) AppleWebKit/537.36 (KHTML, like Gecko) Mobile Safari/537.36 (compatible; PetalBot;+https://aspiegel.com/petalbot)" 
114.119.166.39 - - [16/Jun/2020:19:18:59 -0700] "GET /category/recipes/ HTTP/1.1" 200 20058 "-" "Mozilla/5.0 (Linux; Android 7.0;) AppleWebKit/537.36 (KHTML, like Gecko) Mobile Safari/537.36 (compatible; PetalBot;+https://aspiegel.com/petalbot)" 
5.81.116.50 - - [16/Jun/2020:19:23:19 -0700] "POST /xmlrpc.php HTTP/1.1" 301 4152 "-" "Mozilla/4.0 (compatible; MSIE 6.0; Windows NT 5.0)" 
5.81.116.50 - - [16/Jun/2020:19:23:20 -0700] "GET /xmlrpc.php HTTP/1.1" 405 3948 "-" "Mozilla/4.0 (compatible; MSIE 6.0; Windows NT 5.0)" 
114.119.160.9 - - [16/Jun/2020:19:24:57 -0700] "GET /2017/workshops-update/ HTTP/1.1" 200 11011 "-" "Mozilla/5.0 (Linux; Android 7.0;) AppleWebKit/537.36 (KHTML, like Gecko) Mobile Safari/537.36 (compatible; PetalBot;+https://aspiegel.com/petalbot)" 
207.241.229.224 - - [16/Jun/2020:19:26:54 -0700] "GET /wp-json/micropub/1.0/endpoint HTTP/1.0" 403 3599 "https://www.fornacalia.com/" "Mozilla/5.0 (compatible; special_archiver/3.1.1 +http://www.archive.org/details/archive.org_bot)" 
207.241.229.224 - - [16/Jun/2020:19:30:26 -0700] "GET /wp-content/uploads/2020/01/starters-dirty.jpg HTTP/1.0" 200 538965 "https://www.fornacalia.com/" "Mozilla/5.0 (compatible; special_archiver/3.1.1 +http://www.archive.org/details/archive.org_bot)" 
207.241.229.224 - - [16/Jun/2020:19:30:29 -0700] "GET /wp-content/uploads/2020/04/pizza-slice.png HTTP/1.0" 200 435475 "https://www.fornacalia.com/" "Mozilla/5.0 (compatible; special_archiver/3.1.1 +http://www.archive.org/details/archive.org_bot)" 
114.119.166.39 - - [16/Jun/2020:19:30:55 -0700] "GET /2017/olive-levain/ HTTP/1.1" 200 11821 "-" "Mozilla/5.0 (Linux; Android 7.0;) AppleWebKit/537.36 (KHTML, like Gecko) Mobile Safari/537.36 (compatible; PetalBot;+https://aspiegel.com/petalbot)" 
202.9.46.180 - - [16/Jun/2020:19:32:09 -0700] "POST /xmlrpc.php HTTP/1.1" 301 4152 "-" "Mozilla/4.0 (compatible; MSIE 6.0; Windows NT 5.0)" 
202.9.46.180 - - [16/Jun/2020:19:32:10 -0700] "GET /xmlrpc.php HTTP/1.1" 405 3948 "-" "Mozilla/4.0 (compatible; MSIE 6.0; Windows NT 5.0)" 
207.241.229.224 - - [16/Jun/2020:19:32:50 -0700] "GET /wp-content/uploads/2020/01/fifth-build.jpg HTTP/1.0" 200 298761 "https://www.fornacalia.com/" "Mozilla/5.0 (compatible; special_archiver/3.1.1 +http://www.archive.org/details/archive.org_bot)" 
176.114.153.70 - - [16/Jun/2020:19:34:48 -0700] "GET /2013/pasta-madre-day-2013/ HTTP/1.0" 200 32755 "https://www.fornacalia.com/2013/pasta-madre-day-2013/#comment-45174/" "Mozilla/5.0 (Windows NT 6.3; Win64; x64) AppleWebKit/537.36 (KHTML, like Gecko) Chrome/68.0.3440.84 Safari/537.36" 
176.114.153.70 - - [16/Jun/2020:19:34:49 -0700] "POST /wp-comments-post.php HTTP/1.0" 302 3874 "https://www.fornacalia.com/2013/pasta-madre-day-2013/#comment-45174/" "Mozilla/5.0 (Windows NT 6.3; Win64; x64) AppleWebKit/537.36 (KHTML, like Gecko) Chrome/68.0.3440.84 Safari/537.36" 
176.114.153.70 - - [16/Jun/2020:19:34:50 -0700] "GET /2013/pasta-madre-day-2013/ HTTP/1.0" 200 32755 "https://www.fornacalia.com/2013/pasta-madre-day-2013/#comment-51942" "Mozilla/5.0 (Windows NT 6.3; Win64; x64) AppleWebKit/537.36 (KHTML, like Gecko) Chrome/68.0.3440.84 Safari/537.36" 
176.114.153.70 - - [16/Jun/2020:19:36:12 -0700] "GET /2013/pasta-madre-day-2013/ HTTP/1.0" 200 32755 "-" "Mozilla/5.0 (Windows NT 10.0; Win64; x64) AppleWebKit/537.36 (KHTML, like Gecko) Chrome/66.0.3359.170 Safari/537.36 OPR/53.0.2907.99" 
66.249.70.75 - - [16/Jun/2020:19:36:48 -0700] "GET /2017/black-pepper-rye/ HTTP/1.1" 200 14456 "-" "Mozilla/5.0 (Linux; Android 6.0.1; Nexus 5X Build/MMB29P) AppleWebKit/537.36 (KHTML, like Gecko) Chrome/80.0.3987.92 Mobile Safari/537.36 (compatible; Googlebot/2.1; +http://www.google.com/bot.html)" 
