5.188.84.45 - - [16/Jun/2020:06:55:36 -0700] "GET /2013/pasta-madre-day-2013/ HTTP/1.0" 200 32755 "https://www.fornacalia.com/2013/pasta-madre-day-2013/#comment-1801/" "Mozilla/5.0 (Windows NT 6.3; Win64; x64) AppleWebKit/537.36 (KHTML, like Gecko) Chrome/67.0.3396.99 Safari/537.36" 
5.188.84.45 - - [16/Jun/2020:06:55:37 -0700] "POST /wp-comments-post.php HTTP/1.0" 302 3874 "https://www.fornacalia.com/2013/pasta-madre-day-2013/#comment-1801/" "Mozilla/5.0 (Windows NT 6.3; Win64; x64) AppleWebKit/537.36 (KHTML, like Gecko) Chrome/67.0.3396.99 Safari/537.36" 
105.178.114.207 - - [16/Jun/2020:06:57:23 -0700] "POST /xmlrpc.php HTTP/1.1" 301 4152 "-" "Mozilla/4.0 (compatible; MSIE 6.0; Windows NT 5.0)" 
105.178.114.207 - - [16/Jun/2020:06:57:25 -0700] "GET /xmlrpc.php HTTP/1.1" 405 3948 "-" "Mozilla/4.0 (compatible; MSIE 6.0; Windows NT 5.0)" 
5.81.116.50 - - [16/Jun/2020:06:59:53 -0700] "POST /xmlrpc.php HTTP/1.1" 301 4152 "-" "Mozilla/4.0 (compatible; MSIE 6.0; Windows NT 5.0)" 
5.81.116.50 - - [16/Jun/2020:06:59:54 -0700] "GET /xmlrpc.php HTTP/1.1" 405 3948 "-" "Mozilla/4.0 (compatible; MSIE 6.0; Windows NT 5.0)" 
5.188.84.25 - - [16/Jun/2020:07:00:54 -0700] "GET /2013/pasta-madre-day-2013/ HTTP/1.0" 200 32755 "https://www.fornacalia.com/2013/pasta-madre-day-2013/#comment-1801/" "Mozilla/5.0 (Windows NT 6.3; Win64; x64) AppleWebKit/537.36 (KHTML, like Gecko) Chrome/67.0.3396.79 Safari/537.36" 
5.188.84.25 - - [16/Jun/2020:07:00:55 -0700] "POST /wp-comments-post.php HTTP/1.0" 302 3874 "https://www.fornacalia.com/2013/pasta-madre-day-2013/#comment-1801/" "Mozilla/5.0 (Windows NT 6.3; Win64; x64) AppleWebKit/537.36 (KHTML, like Gecko) Chrome/67.0.3396.79 Safari/537.36" 
5.188.84.35 - - [16/Jun/2020:07:07:28 -0700] "GET /2013/pasta-madre-day-2013/ HTTP/1.0" 200 32755 "https://www.fornacalia.com/2013/pasta-madre-day-2013/#comment-1801/" "Mozilla/5.0 (Windows NT 6.1) AppleWebKit/537.36 (KHTML, like Gecko) Chrome/67.0.3396.99 Safari/537.36" 
5.188.84.35 - - [16/Jun/2020:07:07:30 -0700] "POST /wp-comments-post.php HTTP/1.0" 302 3874 "https://www.fornacalia.com/2013/pasta-madre-day-2013/#comment-1801/" "Mozilla/5.0 (Windows NT 6.1) AppleWebKit/537.36 (KHTML, like Gecko) Chrome/67.0.3396.99 Safari/537.36" 
5.188.84.45 - - [16/Jun/2020:07:07:33 -0700] "GET /2013/pasta-madre-day-2013/ HTTP/1.0" 200 32755 "https://www.fornacalia.com/2013/pasta-madre-day-2013/#comment-1801/" "Mozilla/5.0 (Windows NT 6.1; Win64; x64) AppleWebKit/537.36 (KHTML, like Gecko) Chrome/67.0.3396.87 Safari/537.36 OPR/54.0.2952.51" 
5.188.84.45 - - [16/Jun/2020:07:07:34 -0700] "POST /wp-comments-post.php HTTP/1.0" 302 3874 "https://www.fornacalia.com/2013/pasta-madre-day-2013/#comment-1801/" "Mozilla/5.0 (Windows NT 6.1; Win64; x64) AppleWebKit/537.36 (KHTML, like Gecko) Chrome/67.0.3396.87 Safari/537.36 OPR/54.0.2952.51" 
5.188.84.220 - - [16/Jun/2020:07:09:31 -0700] "GET /2013/pasta-madre-day-2013/ HTTP/1.0" 200 32755 "https://www.fornacalia.com/2013/pasta-madre-day-2013/#comment-1801/" "Mozilla/5.0 (Windows NT 10.0; Win64; x64) AppleWebKit/537.36 (KHTML, like Gecko) Chrome/66.0.3359.170 Safari/537.36 OPR/53.0.2907.68" 
5.188.84.220 - - [16/Jun/2020:07:09:32 -0700] "POST /wp-comments-post.php HTTP/1.0" 302 3874 "https://www.fornacalia.com/2013/pasta-madre-day-2013/#comment-1801/" "Mozilla/5.0 (Windows NT 10.0; Win64; x64) AppleWebKit/537.36 (KHTML, like Gecko) Chrome/66.0.3359.170 Safari/537.36 OPR/53.0.2907.68" 
114.119.166.39 - - [16/Jun/2020:07:12:39 -0700] "GET /author/jeremy/page/7 HTTP/1.1" 301 3917 "-" "Mozilla/5.0 (Linux; Android 7.0;) AppleWebKit/537.36 (KHTML, like Gecko) Mobile Safari/537.36 (compatible; PetalBot;+https://aspiegel.com/petalbot)" 
114.119.166.39 - - [16/Jun/2020:07:12:40 -0700] "GET /author/jeremy/page/7/ HTTP/1.1" 200 11091 "-" "Mozilla/5.0 (Linux; Android 7.0;) AppleWebKit/537.36 (KHTML, like Gecko) Mobile Safari/537.36 (compatible; PetalBot;+https://aspiegel.com/petalbot)" 
5.188.84.233 - - [16/Jun/2020:07:14:01 -0700] "GET /2013/pasta-madre-day-2013/ HTTP/1.0" 200 32755 "https://www.fornacalia.com/2013/pasta-madre-day-2013/#comment-1801/" "Mozilla/5.0 (Windows NT 6.1; Win64; x64) AppleWebKit/537.36 (KHTML, like Gecko) Chrome/67.0.3396.87 Safari/537.36 OPR/54.0.2952.51" 
5.188.84.233 - - [16/Jun/2020:07:14:02 -0700] "POST /wp-comments-post.php HTTP/1.0" 302 3874 "https://www.fornacalia.com/2013/pasta-madre-day-2013/#comment-1801/" "Mozilla/5.0 (Windows NT 6.1; Win64; x64) AppleWebKit/537.36 (KHTML, like Gecko) Chrome/67.0.3396.87 Safari/537.36 OPR/54.0.2952.51" 
46.246.126.185 - - [16/Jun/2020:07:14:11 -0700] "GET /author/jeremy/ HTTP/1.1" 200 18814 "-" "-" 
5.81.116.50 - - [16/Jun/2020:07:15:29 -0700] "POST /xmlrpc.php HTTP/1.1" 301 4152 "-" "Mozilla/4.0 (compatible; MSIE 6.0; Windows NT 5.0)" 
5.81.116.50 - - [16/Jun/2020:07:15:31 -0700] "GET /xmlrpc.php HTTP/1.1" 405 3948 "-" "Mozilla/4.0 (compatible; MSIE 6.0; Windows NT 5.0)" 
5.188.84.65 - - [16/Jun/2020:07:17:02 -0700] "GET /2013/pasta-madre-day-2013/ HTTP/1.0" 200 32755 "https://www.fornacalia.com/2013/pasta-madre-day-2013/#comment-1801/" "Mozilla/5.0 (Windows NT 10.0; Win64; x64) AppleWebKit/537.36 (KHTML, like Gecko) Chrome/67.0.3396.87 Safari/537.36" 
5.188.84.65 - - [16/Jun/2020:07:17:03 -0700] "POST /wp-comments-post.php HTTP/1.0" 302 3874 "https://www.fornacalia.com/2013/pasta-madre-day-2013/#comment-1801/" "Mozilla/5.0 (Windows NT 10.0; Win64; x64) AppleWebKit/537.36 (KHTML, like Gecko) Chrome/67.0.3396.87 Safari/537.36" 
5.81.116.50 - - [16/Jun/2020:07:19:03 -0700] "POST /xmlrpc.php HTTP/1.1" 301 4152 "-" "Mozilla/4.0 (compatible; MSIE 6.0; Windows NT 5.0)" 
5.81.116.50 - - [16/Jun/2020:07:19:03 -0700] "GET /xmlrpc.php HTTP/1.1" 405 3948 "-" "Mozilla/4.0 (compatible; MSIE 6.0; Windows NT 5.0)" 
64.111.100.215 - - [16/Jun/2020:07:19:04 -0700] "POST /wp-cron.php?doing_wp_cron=1592317143.9595749378204345703125 HTTP/1.1" 200 3383 "https://www.fornacalia.com/wp-cron.php?doing_wp_cron=1592317143.9595749378204345703125" "WordPress/5.2.7; https://www.fornacalia.com" 
5.188.84.220 - - [16/Jun/2020:07:22:48 -0700] "GET /2013/pasta-madre-day-2013/ HTTP/1.0" 200 32755 "https://www.fornacalia.com/2013/pasta-madre-day-2013/#comment-1801/" "Mozilla/5.0 (Windows NT 6.1; Win64; x64) AppleWebKit/537.36 (KHTML, like Gecko) Chrome/67.0.3396.87 Safari/537.36" 
5.188.84.220 - - [16/Jun/2020:07:22:49 -0700] "POST /wp-comments-post.php HTTP/1.0" 302 3874 "https://www.fornacalia.com/2013/pasta-madre-day-2013/#comment-1801/" "Mozilla/5.0 (Windows NT 6.1; Win64; x64) AppleWebKit/537.36 (KHTML, like Gecko) Chrome/67.0.3396.87 Safari/537.36" 
5.81.116.50 - - [16/Jun/2020:07:24:40 -0700] "POST /xmlrpc.php HTTP/1.1" 301 4152 "-" "Mozilla/4.0 (compatible; MSIE 6.0; Windows NT 5.0)" 
5.81.116.50 - - [16/Jun/2020:07:24:41 -0700] "GET /xmlrpc.php HTTP/1.1" 405 3948 "-" "Mozilla/4.0 (compatible; MSIE 6.0; Windows NT 5.0)" 
5.188.84.15 - - [16/Jun/2020:07:25:55 -0700] "GET /2013/pasta-madre-day-2013/ HTTP/1.0" 200 32755 "https://www.fornacalia.com/2013/pasta-madre-day-2013/#comment-1801/" "Mozilla/5.0 (Windows NT 6.3; Win64; x64) AppleWebKit/537.36 (KHTML, like Gecko) Chrome/68.0.3440.106 Safari/537.36" 
5.188.84.15 - - [16/Jun/2020:07:25:56 -0700] "POST /wp-comments-post.php HTTP/1.0" 302 3874 "https://www.fornacalia.com/2013/pasta-madre-day-2013/#comment-1801/" "Mozilla/5.0 (Windows NT 6.3; Win64; x64) AppleWebKit/537.36 (KHTML, like Gecko) Chrome/68.0.3440.106 Safari/537.36" 
5.188.84.25 - - [16/Jun/2020:07:27:11 -0700] "GET /2013/pasta-madre-day-2013/ HTTP/1.0" 200 32755 "https://www.fornacalia.com/2013/pasta-madre-day-2013/#comment-1801/" "Mozilla/5.0 (Windows NT 6.1) AppleWebKit/537.36 (KHTML, like Gecko) Chrome/66.0.3359.181 Safari/537.36 Kinza/4.7.2" 
5.188.84.25 - - [16/Jun/2020:07:27:12 -0700] "POST /wp-comments-post.php HTTP/1.0" 302 3874 "https://www.fornacalia.com/2013/pasta-madre-day-2013/#comment-1801/" "Mozilla/5.0 (Windows NT 6.1) AppleWebKit/537.36 (KHTML, like Gecko) Chrome/66.0.3359.181 Safari/537.36 Kinza/4.7.2" 
5.81.116.50 - - [16/Jun/2020:07:31:42 -0700] "POST /xmlrpc.php HTTP/1.1" 301 4152 "-" "Mozilla/4.0 (compatible; MSIE 6.0; Windows NT 5.0)" 
5.81.116.50 - - [16/Jun/2020:07:31:43 -0700] "GET /xmlrpc.php HTTP/1.1" 405 3948 "-" "Mozilla/4.0 (compatible; MSIE 6.0; Windows NT 5.0)" 
5.188.84.15 - - [16/Jun/2020:07:34:48 -0700] "GET /2013/pasta-madre-day-2013/ HTTP/1.0" 200 32755 "https://www.fornacalia.com/2013/pasta-madre-day-2013/#comment-1801/" "Mozilla/5.0 (Windows NT 10.0; Win64; x64) AppleWebKit/537.36 (KHTML, like Gecko) Chrome/68.0.3440.106 Safari/537.36" 
5.188.84.15 - - [16/Jun/2020:07:34:49 -0700] "POST /wp-comments-post.php HTTP/1.0" 302 3874 "https://www.fornacalia.com/2013/pasta-madre-day-2013/#comment-1801/" "Mozilla/5.0 (Windows NT 10.0; Win64; x64) AppleWebKit/537.36 (KHTML, like Gecko) Chrome/68.0.3440.106 Safari/537.36" 
103.131.200.61 - - [16/Jun/2020:07:40:33 -0700] "GET /wp-login.php HTTP/1.1" 200 5309 "http://www.fornacalia.com/wp-login.php" "Mozilla/5.0 (X11; Ubuntu; Linux x86_64; rv:62.0) Gecko/20100101 Firefox/62.0" 
103.131.200.61 - - [16/Jun/2020:07:40:43 -0700] "GET /author/jeremy/ HTTP/1.1" 200 19321 "http://www.fornacalia.com/?author=1" "Mozilla/5.0 (X11; Ubuntu; Linux x86_64; rv:62.0) Gecko/20100101 Firefox/62.0" 
202.9.46.228 - - [16/Jun/2020:07:44:12 -0700] "POST /xmlrpc.php HTTP/1.1" 301 4152 "-" "Mozilla/4.0 (compatible; MSIE 6.0; Windows NT 5.0)" 
202.9.46.228 - - [16/Jun/2020:07:44:14 -0700] "GET /xmlrpc.php HTTP/1.1" 405 3948 "-" "Mozilla/4.0 (compatible; MSIE 6.0; Windows NT 5.0)" 
64.111.100.215 - - [16/Jun/2020:07:44:15 -0700] "POST /wp-cron.php?doing_wp_cron=1592318654.7852320671081542968750 HTTP/1.1" 200 3383 "https://www.fornacalia.com/wp-cron.php?doing_wp_cron=1592318654.7852320671081542968750" "WordPress/5.2.7; https://www.fornacalia.com" 
5.188.84.147 - - [16/Jun/2020:07:45:15 -0700] "GET /2013/pasta-madre-day-2013/ HTTP/1.0" 200 32755 "https://www.fornacalia.com/2013/pasta-madre-day-2013/#comment-1801/" "Mozilla/5.0 (Windows NT 10.0; Win64; x64) AppleWebKit/537.36 (KHTML, like Gecko) Chrome/67.0.3396.87 Safari/537.36 OPR/54.0.2952.64" 
5.188.84.147 - - [16/Jun/2020:07:45:16 -0700] "POST /wp-comments-post.php HTTP/1.0" 302 3874 "https://www.fornacalia.com/2013/pasta-madre-day-2013/#comment-1801/" "Mozilla/5.0 (Windows NT 10.0; Win64; x64) AppleWebKit/537.36 (KHTML, like Gecko) Chrome/67.0.3396.87 Safari/537.36 OPR/54.0.2952.64" 
5.188.84.233 - - [16/Jun/2020:07:52:17 -0700] "GET /2013/pasta-madre-day-2013/ HTTP/1.0" 200 32755 "https://www.fornacalia.com/2013/pasta-madre-day-2013/#comment-1801/" "Mozilla/5.0 (Windows NT 10.0; Win64; x64) AppleWebKit/537.36 (KHTML, like Gecko) Chrome/67.0.3396.87 Safari/537.36 OPR/54.0.2952.54" 
5.188.84.233 - - [16/Jun/2020:07:52:19 -0700] "POST /wp-comments-post.php HTTP/1.0" 302 3874 "https://www.fornacalia.com/2013/pasta-madre-day-2013/#comment-1801/" "Mozilla/5.0 (Windows NT 10.0; Win64; x64) AppleWebKit/537.36 (KHTML, like Gecko) Chrome/67.0.3396.87 Safari/537.36 OPR/54.0.2952.54" 
77.75.79.62 - - [16/Jun/2020:07:52:24 -0700] "GET /robots.txt HTTP/1.1" 200 4037 "-" "Mozilla/5.0 (compatible; SeznamBot/3.2; +http://napoveda.seznam.cz/en/seznambot-intro/)" 
77.75.79.62 - - [16/Jun/2020:07:52:27 -0700] "GET /18-300x300/ HTTP/1.1" 200 10145 "-" "Mozilla/5.0 (compatible; SeznamBot/3.2; +http://napoveda.seznam.cz/en/seznambot-intro/)" 
94.76.8.71 - - [16/Jun/2020:07:54:41 -0700] "POST /xmlrpc.php HTTP/1.1" 301 4152 "-" "Mozilla/4.0 (compatible; MSIE 6.0; Windows NT 5.0)" 
94.76.8.71 - - [16/Jun/2020:07:54:42 -0700] "GET /xmlrpc.php HTTP/1.1" 405 3948 "-" "Mozilla/4.0 (compatible; MSIE 6.0; Windows NT 5.0)" 
5.188.84.35 - - [16/Jun/2020:07:56:39 -0700] "GET /2013/pasta-madre-day-2013/ HTTP/1.0" 200 32755 "https://www.fornacalia.com/2013/pasta-madre-day-2013/#comment-1801/" "Mozilla/5.0 (Windows NT 10.0; Win64; x64) AppleWebKit/537.36 (KHTML, like Gecko) Chrome/67.0.3396.87 Safari/537.36 OPR/54.0.2952.51" 
5.188.84.35 - - [16/Jun/2020:07:56:40 -0700] "POST /wp-comments-post.php HTTP/1.0" 302 3874 "https://www.fornacalia.com/2013/pasta-madre-day-2013/#comment-1801/" "Mozilla/5.0 (Windows NT 10.0; Win64; x64) AppleWebKit/537.36 (KHTML, like Gecko) Chrome/67.0.3396.87 Safari/537.36 OPR/54.0.2952.51" 
157.55.39.70 - - [16/Jun/2020:07:59:40 -0700] "GET /2016/resurrection/ HTTP/1.1" 200 12789 "-" "Mozilla/5.0 (compatible; bingbot/2.0; +http://www.bing.com/bingbot.htm)" 
66.249.70.77 - - [16/Jun/2020:08:02:58 -0700] "GET /.well-known/assetlinks.json HTTP/1.1" 403 3853 "-" "Mozilla/5.0 (compatible; Googlebot/2.1; +http://www.google.com/bot.html)" 
202.9.46.228 - - [16/Jun/2020:08:07:16 -0700] "POST /xmlrpc.php HTTP/1.1" 301 4152 "-" "Mozilla/4.0 (compatible; MSIE 6.0; Windows NT 5.0)" 
202.9.46.228 - - [16/Jun/2020:08:07:17 -0700] "GET /xmlrpc.php HTTP/1.1" 405 3948 "-" "Mozilla/4.0 (compatible; MSIE 6.0; Windows NT 5.0)" 
94.76.8.71 - - [16/Jun/2020:08:12:08 -0700] "POST /xmlrpc.php HTTP/1.1" 301 4152 "-" "Mozilla/4.0 (compatible; MSIE 6.0; Windows NT 5.0)" 
94.76.8.71 - - [16/Jun/2020:08:12:09 -0700] "GET /xmlrpc.php HTTP/1.1" 405 3948 "-" "Mozilla/4.0 (compatible; MSIE 6.0; Windows NT 5.0)" 
5.188.84.65 - - [16/Jun/2020:08:14:38 -0700] "GET /2013/pasta-madre-day-2013/ HTTP/1.0" 200 32755 "https://www.fornacalia.com/2013/pasta-madre-day-2013/#comment-1801/" "Mozilla/5.0 (Windows NT 6.2; Win64; x64) AppleWebKit/537.36 (KHTML, like Gecko) Chrome/68.0.3440.106 Safari/537.36" 
5.188.84.65 - - [16/Jun/2020:08:14:39 -0700] "POST /wp-comments-post.php HTTP/1.0" 302 3874 "https://www.fornacalia.com/2013/pasta-madre-day-2013/#comment-1801/" "Mozilla/5.0 (Windows NT 6.2; Win64; x64) AppleWebKit/537.36 (KHTML, like Gecko) Chrome/68.0.3440.106 Safari/537.36" 
5.188.84.45 - - [16/Jun/2020:08:16:05 -0700] "GET /2013/pasta-madre-day-2013/ HTTP/1.0" 200 32755 "https://www.fornacalia.com/2013/pasta-madre-day-2013/#comment-1801/" "Mozilla/5.0 (Windows NT 6.2; Win64; x64) AppleWebKit/537.36 (KHTML, like Gecko) Chrome/68.0.3440.106 Safari/537.36" 
5.188.84.45 - - [16/Jun/2020:08:16:06 -0700] "POST /wp-comments-post.php HTTP/1.0" 302 3874 "https://www.fornacalia.com/2013/pasta-madre-day-2013/#comment-1801/" "Mozilla/5.0 (Windows NT 6.2; Win64; x64) AppleWebKit/537.36 (KHTML, like Gecko) Chrome/68.0.3440.106 Safari/537.36" 
5.188.84.147 - - [16/Jun/2020:08:17:16 -0700] "GET /2013/pasta-madre-day-2013/ HTTP/1.0" 200 32755 "https://www.fornacalia.com/2013/pasta-madre-day-2013/#comment-1801/" "Mozilla/5.0 (Windows NT 6.3; Win64; x64) AppleWebKit/537.36 (KHTML, like Gecko) Chrome/65.0.3325.146 Safari/537.36" 
5.188.84.147 - - [16/Jun/2020:08:17:17 -0700] "POST /wp-comments-post.php HTTP/1.0" 302 3874 "https://www.fornacalia.com/2013/pasta-madre-day-2013/#comment-1801/" "Mozilla/5.0 (Windows NT 6.3; Win64; x64) AppleWebKit/537.36 (KHTML, like Gecko) Chrome/65.0.3325.146 Safari/537.36" 
5.81.116.50 - - [16/Jun/2020:08:17:45 -0700] "POST /xmlrpc.php HTTP/1.1" 301 4152 "-" "Mozilla/4.0 (compatible; MSIE 6.0; Windows NT 5.0)" 
5.81.116.50 - - [16/Jun/2020:08:17:45 -0700] "GET /xmlrpc.php HTTP/1.1" 405 3948 "-" "Mozilla/4.0 (compatible; MSIE 6.0; Windows NT 5.0)" 
105.178.114.146 - - [16/Jun/2020:08:19:40 -0700] "POST /xmlrpc.php HTTP/1.1" 301 4152 "-" "Mozilla/4.0 (compatible; MSIE 6.0; Windows NT 5.0)" 
105.178.114.146 - - [16/Jun/2020:08:19:41 -0700] "GET /xmlrpc.php HTTP/1.1" 405 3948 "-" "Mozilla/4.0 (compatible; MSIE 6.0; Windows NT 5.0)" 
5.188.84.25 - - [16/Jun/2020:08:21:04 -0700] "GET /2013/pasta-madre-day-2013/ HTTP/1.0" 200 32755 "https://www.fornacalia.com/2013/pasta-madre-day-2013/#comment-1801/" "Mozilla/5.0 (Windows NT 10.0) AppleWebKit/537.36 (KHTML, like Gecko) Chrome/67.0.3396.99 Safari/537.36" 
5.188.84.25 - - [16/Jun/2020:08:21:05 -0700] "POST /wp-comments-post.php HTTP/1.0" 302 3874 "https://www.fornacalia.com/2013/pasta-madre-day-2013/#comment-1801/" "Mozilla/5.0 (Windows NT 10.0) AppleWebKit/537.36 (KHTML, like Gecko) Chrome/67.0.3396.99 Safari/537.36" 
5.81.116.50 - - [16/Jun/2020:08:23:23 -0700] "POST /xmlrpc.php HTTP/1.1" 301 4152 "-" "Mozilla/4.0 (compatible; MSIE 6.0; Windows NT 5.0)" 
5.81.116.50 - - [16/Jun/2020:08:23:24 -0700] "GET /xmlrpc.php HTTP/1.1" 405 3948 "-" "Mozilla/4.0 (compatible; MSIE 6.0; Windows NT 5.0)" 
105.178.114.146 - - [16/Jun/2020:08:25:01 -0700] "POST /xmlrpc.php HTTP/1.1" 301 4152 "-" "Mozilla/4.0 (compatible; MSIE 6.0; Windows NT 5.0)" 
105.178.114.146 - - [16/Jun/2020:08:25:02 -0700] "GET /xmlrpc.php HTTP/1.1" 405 3948 "-" "Mozilla/4.0 (compatible; MSIE 6.0; Windows NT 5.0)" 
5.188.84.35 - - [16/Jun/2020:08:27:22 -0700] "GET /2013/pasta-madre-day-2013/ HTTP/1.0" 200 32755 "https://www.fornacalia.com/2013/pasta-madre-day-2013/#comment-1801/" "Mozilla/5.0 (Windows NT 6.3; Win64; x64) AppleWebKit/537.36 (KHTML, like Gecko) Chrome/65.0.3325.146 Safari/537.36" 
5.188.84.35 - - [16/Jun/2020:08:27:23 -0700] "POST /wp-comments-post.php HTTP/1.0" 302 3874 "https://www.fornacalia.com/2013/pasta-madre-day-2013/#comment-1801/" "Mozilla/5.0 (Windows NT 6.3; Win64; x64) AppleWebKit/537.36 (KHTML, like Gecko) Chrome/65.0.3325.146 Safari/537.36" 
5.188.84.45 - - [16/Jun/2020:08:27:31 -0700] "GET /2013/pasta-madre-day-2013/ HTTP/1.0" 200 32755 "https://www.fornacalia.com/2013/pasta-madre-day-2013/#comment-1801/" "Mozilla/5.0 (Windows NT 6.1) AppleWebKit/537.36 (KHTML, like Gecko) Chrome/67.0.3396.99 Safari/537.36" 
5.188.84.45 - - [16/Jun/2020:08:27:32 -0700] "POST /wp-comments-post.php HTTP/1.0" 302 3874 "https://www.fornacalia.com/2013/pasta-madre-day-2013/#comment-1801/" "Mozilla/5.0 (Windows NT 6.1) AppleWebKit/537.36 (KHTML, like Gecko) Chrome/67.0.3396.99 Safari/537.36" 
5.188.84.220 - - [16/Jun/2020:08:28:49 -0700] "GET /2013/pasta-madre-day-2013/ HTTP/1.0" 200 32755 "https://www.fornacalia.com/2013/pasta-madre-day-2013/#comment-1801/" "Mozilla/5.0 (Windows NT 6.1; Win64; x64) AppleWebKit/537.36 (KHTML, like Gecko) Chrome/66.0.3359.170 Safari/537.36 OPR/53.0.2907.68" 
5.188.84.220 - - [16/Jun/2020:08:28:50 -0700] "POST /wp-comments-post.php HTTP/1.0" 302 3874 "https://www.fornacalia.com/2013/pasta-madre-day-2013/#comment-1801/" "Mozilla/5.0 (Windows NT 6.1; Win64; x64) AppleWebKit/537.36 (KHTML, like Gecko) Chrome/66.0.3359.170 Safari/537.36 OPR/53.0.2907.68" 
105.178.114.146 - - [16/Jun/2020:08:30:36 -0700] "POST /xmlrpc.php HTTP/1.1" 301 4152 "-" "Mozilla/4.0 (compatible; MSIE 6.0; Windows NT 5.0)" 
105.178.114.146 - - [16/Jun/2020:08:30:38 -0700] "GET /xmlrpc.php HTTP/1.1" 405 3948 "-" "Mozilla/4.0 (compatible; MSIE 6.0; Windows NT 5.0)" 
5.188.84.233 - - [16/Jun/2020:08:32:19 -0700] "GET /2013/pasta-madre-day-2013/ HTTP/1.0" 200 32755 "https://www.fornacalia.com/2013/pasta-madre-day-2013/#comment-1801/" "Mozilla/5.0 (Windows NT 6.1; Win64; x64) AppleWebKit/537.36 (KHTML, like Gecko) Chrome/67.0.3396.87 Safari/537.36" 
5.188.84.233 - - [16/Jun/2020:08:32:20 -0700] "POST /wp-comments-post.php HTTP/1.0" 302 3874 "https://www.fornacalia.com/2013/pasta-madre-day-2013/#comment-1801/" "Mozilla/5.0 (Windows NT 6.1; Win64; x64) AppleWebKit/537.36 (KHTML, like Gecko) Chrome/67.0.3396.87 Safari/537.36" 
66.249.70.77 - - [16/Jun/2020:08:33:26 -0700] "GET /2018/gearing-up-for-fornacalia/ HTTP/1.1" 200 12286 "-" "Mozilla/5.0 (Linux; Android 6.0.1; Nexus 5X Build/MMB29P) AppleWebKit/537.36 (KHTML, like Gecko) Chrome/80.0.3987.92 Mobile Safari/537.36 (compatible; Googlebot/2.1; +http://www.google.com/bot.html)" 
5.188.84.65 - - [16/Jun/2020:08:36:46 -0700] "GET /2013/pasta-madre-day-2013/ HTTP/1.0" 200 32755 "https://www.fornacalia.com/2013/pasta-madre-day-2013/#comment-1801/" "Mozilla/5.0 (Windows NT 10.0; Win64; x64) AppleWebKit/537.36 (KHTML, like Gecko) Chrome/66.0.3359.170 Safari/537.36 OPR/53.0.2907.68" 
5.188.84.65 - - [16/Jun/2020:08:36:47 -0700] "POST /wp-comments-post.php HTTP/1.0" 302 3874 "https://www.fornacalia.com/2013/pasta-madre-day-2013/#comment-1801/" "Mozilla/5.0 (Windows NT 10.0; Win64; x64) AppleWebKit/537.36 (KHTML, like Gecko) Chrome/66.0.3359.170 Safari/537.36 OPR/53.0.2907.68" 
94.198.55.212 - - [16/Jun/2020:08:38:49 -0700] "GET /2013/pasta-madre-day-2013/ HTTP/1.0" 200 32755 "https://www.fornacalia.com/2013/pasta-madre-day-2013/#comment-51817" "Mozilla/5.0 (Windows NT 6.1; Win64; x64) AppleWebKit/537.36 (KHTML, like Gecko) Chrome/66.0.3359.170 Safari/537.36 OPR/53.0.2907.68" 
5.188.84.220 - - [16/Jun/2020:08:42:02 -0700] "GET /2013/pasta-madre-day-2013/ HTTP/1.0" 200 32755 "https://www.fornacalia.com/2013/pasta-madre-day-2013/#comment-1801/" "Mozilla/5.0 (Windows NT 10.0; Win64; x64) AppleWebKit/537.36 (KHTML, like Gecko) Chrome/68.0.3440.84 Safari/537.36" 
64.111.100.215 - - [16/Jun/2020:08:42:02 -0700] "POST /wp-cron.php?doing_wp_cron=1592322122.4560039043426513671875 HTTP/1.1" 200 3383 "https://www.fornacalia.com/wp-cron.php?doing_wp_cron=1592322122.4560039043426513671875" "WordPress/5.2.7; https://www.fornacalia.com" 
5.188.84.220 - - [16/Jun/2020:08:42:04 -0700] "POST /wp-comments-post.php HTTP/1.0" 302 3874 "https://www.fornacalia.com/2013/pasta-madre-day-2013/#comment-1801/" "Mozilla/5.0 (Windows NT 10.0; Win64; x64) AppleWebKit/537.36 (KHTML, like Gecko) Chrome/68.0.3440.84 Safari/537.36" 
105.178.114.146 - - [16/Jun/2020:08:42:22 -0700] "POST /xmlrpc.php HTTP/1.1" 301 4152 "-" "Mozilla/4.0 (compatible; MSIE 6.0; Windows NT 5.0)" 
105.178.114.146 - - [16/Jun/2020:08:42:23 -0700] "GET /xmlrpc.php HTTP/1.1" 405 3948 "-" "Mozilla/4.0 (compatible; MSIE 6.0; Windows NT 5.0)" 
112.201.165.205 - - [16/Jun/2020:08:43:27 -0700] "POST /xmlrpc.php HTTP/1.1" 301 4152 "-" "Mozilla/4.0 (compatible; MSIE 6.0; Windows NT 5.0)" 
112.201.165.205 - - [16/Jun/2020:08:43:28 -0700] "GET /xmlrpc.php HTTP/1.1" 405 3948 "-" "Mozilla/4.0 (compatible; MSIE 6.0; Windows NT 5.0)" 
5.188.84.15 - - [16/Jun/2020:08:45:05 -0700] "GET /2013/pasta-madre-day-2013/ HTTP/1.0" 200 32755 "https://www.fornacalia.com/2013/pasta-madre-day-2013/#comment-1801/" "Mozilla/5.0 (Windows NT 6.1; Win64; x64) AppleWebKit/537.36 (KHTML, like Gecko) Chrome/68.0.3440.106 Safari/537.36 OPR/55.0.2994.44" 
5.188.84.15 - - [16/Jun/2020:08:45:06 -0700] "POST /wp-comments-post.php HTTP/1.0" 302 3874 "https://www.fornacalia.com/2013/pasta-madre-day-2013/#comment-1801/" "Mozilla/5.0 (Windows NT 6.1; Win64; x64) AppleWebKit/537.36 (KHTML, like Gecko) Chrome/68.0.3440.106 Safari/537.36 OPR/55.0.2994.44" 
5.188.84.25 - - [16/Jun/2020:08:46:04 -0700] "GET /2013/pasta-madre-day-2013/ HTTP/1.0" 200 32755 "https://www.fornacalia.com/2013/pasta-madre-day-2013/#comment-1801/" "Mozilla/5.0 (Windows NT 6.1; Win64; x64) AppleWebKit/537.36 (KHTML, like Gecko) Chrome/66.0.3359.170 Safari/537.36 OPR/53.0.2907.99" 
5.188.84.25 - - [16/Jun/2020:08:46:05 -0700] "POST /wp-comments-post.php HTTP/1.0" 302 3874 "https://www.fornacalia.com/2013/pasta-madre-day-2013/#comment-1801/" "Mozilla/5.0 (Windows NT 6.1; Win64; x64) AppleWebKit/537.36 (KHTML, like Gecko) Chrome/66.0.3359.170 Safari/537.36 OPR/53.0.2907.99" 
66.249.70.75 - - [16/Jun/2020:08:46:54 -0700] "GET /tag/millet/feed/ HTTP/1.1" 200 6879 "-" "Mozilla/5.0 (Linux; Android 6.0.1; Nexus 5X Build/MMB29P) AppleWebKit/537.36 (KHTML, like Gecko) Chrome/80.0.3987.92 Mobile Safari/537.36 (compatible; Googlebot/2.1; +http://www.google.com/bot.html)" 
5.188.84.15 - - [16/Jun/2020:08:54:12 -0700] "GET /2013/pasta-madre-day-2013/ HTTP/1.0" 200 32755 "https://www.fornacalia.com/2013/pasta-madre-day-2013/#comment-1801/" "Mozilla/5.0 (Windows NT 10.0) AppleWebKit/537.36 (KHTML, like Gecko) Chrome/67.0.3396.99 Safari/537.36" 
5.188.84.15 - - [16/Jun/2020:08:54:14 -0700] "POST /wp-comments-post.php HTTP/1.0" 302 3874 "https://www.fornacalia.com/2013/pasta-madre-day-2013/#comment-1801/" "Mozilla/5.0 (Windows NT 10.0) AppleWebKit/537.36 (KHTML, like Gecko) Chrome/67.0.3396.99 Safari/537.36" 
46.49.3.10 - - [16/Jun/2020:08:54:34 -0700] "POST /xmlrpc.php HTTP/1.1" 301 4152 "-" "Mozilla/4.0 (compatible; MSIE 6.0; Windows NT 5.0)" 
46.49.3.10 - - [16/Jun/2020:08:54:35 -0700] "GET /xmlrpc.php HTTP/1.1" 405 3948 "-" "Mozilla/4.0 (compatible; MSIE 6.0; Windows NT 5.0)" 
46.229.168.162 - - [16/Jun/2020:08:54:42 -0700] "GET /robots.txt HTTP/1.1" 200 3995 "-" "Mozilla/5.0 (compatible; SemrushBot/6~bl; +http://www.semrush.com/bot.html)" 
46.229.168.132 - - [16/Jun/2020:08:54:43 -0700] "GET /2017/cornbread-for-fornacalia/ HTTP/1.1" 200 12176 "-" "Mozilla/5.0 (compatible; SemrushBot/6~bl; +http://www.semrush.com/bot.html)" 
46.49.3.10 - - [16/Jun/2020:08:57:44 -0700] "POST /xmlrpc.php HTTP/1.1" 301 4152 "-" "Mozilla/4.0 (compatible; MSIE 6.0; Windows NT 5.0)" 
46.49.3.10 - - [16/Jun/2020:08:57:45 -0700] "GET /xmlrpc.php HTTP/1.1" 405 3948 "-" "Mozilla/4.0 (compatible; MSIE 6.0; Windows NT 5.0)" 
5.81.116.50 - - [16/Jun/2020:08:59:01 -0700] "POST /xmlrpc.php HTTP/1.1" 301 4152 "-" "Mozilla/4.0 (compatible; MSIE 6.0; Windows NT 5.0)" 
5.81.116.50 - - [16/Jun/2020:08:59:01 -0700] "GET /xmlrpc.php HTTP/1.1" 405 3948 "-" "Mozilla/4.0 (compatible; MSIE 6.0; Windows NT 5.0)" 
46.49.3.10 - - [16/Jun/2020:09:01:56 -0700] "POST /xmlrpc.php HTTP/1.1" 301 4152 "-" "Mozilla/4.0 (compatible; MSIE 6.0; Windows NT 5.0)" 
46.49.3.10 - - [16/Jun/2020:09:01:57 -0700] "GET /xmlrpc.php HTTP/1.1" 405 3948 "-" "Mozilla/4.0 (compatible; MSIE 6.0; Windows NT 5.0)" 
124.122.190.21 - - [16/Jun/2020:09:02:48 -0700] "POST /xmlrpc.php HTTP/1.1" 301 4152 "-" "Mozilla/4.0 (compatible; MSIE 6.0; Windows NT 5.0)" 
124.122.190.21 - - [16/Jun/2020:09:02:49 -0700] "GET /xmlrpc.php HTTP/1.1" 405 3948 "-" "Mozilla/4.0 (compatible; MSIE 6.0; Windows NT 5.0)" 
17.58.102.79 - - [16/Jun/2020:09:03:39 -0700] "GET /2017/workshops-in-washington-dc HTTP/1.1" 301 4516 "-" "Mozilla/5.0 (Macintosh; Intel Mac OS X 10_15_5) AppleWebKit/605.1.15 (KHTML, like Gecko) Version/13.1.1 Safari/605.1.15 (Applebot/0.1; +http://www.apple.com/go/applebot)" 
17.58.102.79 - - [16/Jun/2020:09:03:40 -0700] "GET /2017/workshops-in-washington-dc/ HTTP/1.1" 200 9184 "-" "Mozilla/5.0 (Macintosh; Intel Mac OS X 10_15_5) AppleWebKit/605.1.15 (KHTML, like Gecko) Version/13.1.1 Safari/605.1.15 (Applebot/0.1; +http://www.apple.com/go/applebot)" 
203.133.169.112 - - [16/Jun/2020:09:06:37 -0700] "GET /robots.txt HTTP/1.1" 200 3988 "-" "Mozilla/5.0 (compatible; Daum/4.1; +http://cs.daum.net/faq/15/4118.html?faqId=28966)" 
203.133.169.112 - - [16/Jun/2020:09:06:38 -0700] "GET / HTTP/1.1" 200 18842 "-" "Mozilla/5.0 (Unknown; Linux x86_64) AppleWebKit/538.1 (KHTML, like Gecko) Safari/538.1 Daum/4.1" 
203.133.169.112 - - [16/Jun/2020:09:06:39 -0700] "GET /wp-includes/js/wp-emoji-release.min.js?ver=5.2.7 HTTP/1.1" 200 5284 "https://www.fornacalia.com/" "Mozilla/5.0 (Unknown; Linux x86_64) AppleWebKit/538.1 (KHTML, like Gecko) Safari/538.1 Daum/4.1" 
203.133.169.112 - - [16/Jun/2020:09:06:39 -0700] "GET /wp-content/themes/autonomie/js/navigation.js?ver=1.0.0 HTTP/1.1" 200 1349 "https://www.fornacalia.com/" "Mozilla/5.0 (Unknown; Linux x86_64) AppleWebKit/538.1 (KHTML, like Gecko) Safari/538.1 Daum/4.1" 
203.133.169.112 - - [16/Jun/2020:09:06:39 -0700] "GET /wp-content/themes/autonomie/js/skip-link-focus-fix.js?ver=1.0.0 HTTP/1.1" 200 1131 "https://www.fornacalia.com/" "Mozilla/5.0 (Unknown; Linux x86_64) AppleWebKit/538.1 (KHTML, like Gecko) Safari/538.1 Daum/4.1" 
203.133.169.112 - - [16/Jun/2020:09:06:39 -0700] "GET /wp-includes/js/wp-embed.min.js?ver=5.2.7 HTTP/1.1" 200 1221 "https://www.fornacalia.com/" "Mozilla/5.0 (Unknown; Linux x86_64) AppleWebKit/538.1 (KHTML, like Gecko) Safari/538.1 Daum/4.1" 
203.133.169.112 - - [16/Jun/2020:09:06:44 -0700] "GET /page/15/ HTTP/1.1" 200 46229 "-" "Mozilla/5.0 (compatible; Daum/4.1; +http://cs.daum.net/faq/15/4118.html?faqId=28966)" 
5.188.84.147 - - [16/Jun/2020:09:07:14 -0700] "GET /2013/pasta-madre-day-2013/ HTTP/1.0" 200 32755 "https://www.fornacalia.com/2013/pasta-madre-day-2013/#comment-1801/" "Mozilla/5.0 (Windows NT 10.0; Win64; x64) AppleWebKit/537.36 (KHTML, like Gecko) Chrome/67.0.3396.87 Safari/537.36 OPR/54.0.2952.64" 
5.188.84.147 - - [16/Jun/2020:09:07:15 -0700] "POST /wp-comments-post.php HTTP/1.0" 302 3874 "https://www.fornacalia.com/2013/pasta-madre-day-2013/#comment-1801/" "Mozilla/5.0 (Windows NT 10.0; Win64; x64) AppleWebKit/537.36 (KHTML, like Gecko) Chrome/67.0.3396.87 Safari/537.36 OPR/54.0.2952.64" 
203.133.169.112 - - [16/Jun/2020:09:07:24 -0700] "GET /page/15/ HTTP/1.1" 200 46229 "-" "Mozilla/5.0 (compatible; Daum/4.1; +http://cs.daum.net/faq/15/4118.html?faqId=28966)" 
203.133.169.112 - - [16/Jun/2020:09:08:12 -0700] "GET /page/15/ HTTP/1.1" 200 46229 "-" "Mozilla/5.0 (compatible; Daum/4.1; +http://cs.daum.net/faq/15/4118.html?faqId=28966)" 
124.122.190.21 - - [16/Jun/2020:09:08:14 -0700] "POST /xmlrpc.php HTTP/1.1" 301 4152 "-" "Mozilla/4.0 (compatible; MSIE 6.0; Windows NT 5.0)" 
124.122.190.21 - - [16/Jun/2020:09:08:15 -0700] "GET /xmlrpc.php HTTP/1.1" 405 3948 "-" "Mozilla/4.0 (compatible; MSIE 6.0; Windows NT 5.0)" 
203.133.169.112 - - [16/Jun/2020:09:08:47 -0700] "GET /page/15/ HTTP/1.1" 200 46229 "-" "Mozilla/5.0 (compatible; Daum/4.1; +http://cs.daum.net/faq/15/4118.html?faqId=28966)" 
5.188.84.233 - - [16/Jun/2020:09:11:12 -0700] "GET /2013/pasta-madre-day-2013/ HTTP/1.0" 200 32755 "https://www.fornacalia.com/2013/pasta-madre-day-2013/#comment-1801/" "Mozilla/5.0 (Windows NT 6.3; Win64; x64) AppleWebKit/537.36 (KHTML, like Gecko) Chrome/68.0.3440.106 Safari/537.36" 
5.188.84.233 - - [16/Jun/2020:09:11:13 -0700] "POST /wp-comments-post.php HTTP/1.0" 302 3874 "https://www.fornacalia.com/2013/pasta-madre-day-2013/#comment-1801/" "Mozilla/5.0 (Windows NT 6.3; Win64; x64) AppleWebKit/537.36 (KHTML, like Gecko) Chrome/68.0.3440.106 Safari/537.36" 
5.188.84.35 - - [16/Jun/2020:09:15:04 -0700] "GET /2013/pasta-madre-day-2013/ HTTP/1.0" 200 32755 "https://www.fornacalia.com/2013/pasta-madre-day-2013/#comment-1801/" "Mozilla/5.0 (Windows NT 6.1; Win64; x64) AppleWebKit/537.36 (KHTML, like Gecko) Chrome/67.0.3396.99 Safari/537.36" 
5.188.84.35 - - [16/Jun/2020:09:15:05 -0700] "POST /wp-comments-post.php HTTP/1.0" 302 3874 "https://www.fornacalia.com/2013/pasta-madre-day-2013/#comment-1801/" "Mozilla/5.0 (Windows NT 6.1; Win64; x64) AppleWebKit/537.36 (KHTML, like Gecko) Chrome/67.0.3396.99 Safari/537.36" 
70.139.53.128 - - [16/Jun/2020:09:15:51 -0700] "GET /2019/mysterious-ear-problem-partially-solved/ HTTP/1.1" 200 12426 "http://www.thefreshloaf.com/node/22954/getting-grigne-observation" "Mozilla/5.0 (Windows NT 10.0; Win64; x64) AppleWebKit/537.36 (KHTML, like Gecko) Chrome/83.0.4103.97 Safari/537.36" 
70.139.53.128 - - [16/Jun/2020:09:15:51 -0700] "GET /wp-includes/css/dist/block-library/style.min.css?ver=5.2.7 HTTP/1.1" 200 5367 "https://www.fornacalia.com/2019/mysterious-ear-problem-partially-solved/" "Mozilla/5.0 (Windows NT 10.0; Win64; x64) AppleWebKit/537.36 (KHTML, like Gecko) Chrome/83.0.4103.97 Safari/537.36" 
70.139.53.128 - - [16/Jun/2020:09:15:51 -0700] "GET /wp-content/plugins/indieweb/static/css/indieweb.css?ver=3.4.1 HTTP/1.1" 200 6832 "https://www.fornacalia.com/2019/mysterious-ear-problem-partially-solved/" "Mozilla/5.0 (Windows NT 10.0; Win64; x64) AppleWebKit/537.36 (KHTML, like Gecko) Chrome/83.0.4103.97 Safari/537.36" 
70.139.53.128 - - [16/Jun/2020:09:15:51 -0700] "GET /wp-content/plugins/semantic-linkbacks/css/semantic-linkbacks.css?ver=3.8.1 HTTP/1.1" 200 913 "https://www.fornacalia.com/2019/mysterious-ear-problem-partially-solved/" "Mozilla/5.0 (Windows NT 10.0; Win64; x64) AppleWebKit/537.36 (KHTML, like Gecko) Chrome/83.0.4103.97 Safari/537.36" 
70.139.53.128 - - [16/Jun/2020:09:15:51 -0700] "GET /wp-content/themes/autonomie/style.css?ver=5.2.7 HTTP/1.1" 200 9554 "https://www.fornacalia.com/2019/mysterious-ear-problem-partially-solved/" "Mozilla/5.0 (Windows NT 10.0; Win64; x64) AppleWebKit/537.36 (KHTML, like Gecko) Chrome/83.0.4103.97 Safari/537.36" 
70.139.53.128 - - [16/Jun/2020:09:15:51 -0700] "GET /wp-content/themes/Autonomie-child/style.css?ver=1.0.0 HTTP/1.1" 200 1410 "https://www.fornacalia.com/2019/mysterious-ear-problem-partially-solved/" "Mozilla/5.0 (Windows NT 10.0; Win64; x64) AppleWebKit/537.36 (KHTML, like Gecko) Chrome/83.0.4103.97 Safari/537.36" 
70.139.53.128 - - [16/Jun/2020:09:15:51 -0700] "GET /wp-content/themes/Autonomie-child/css/default-width.css?ver=1.0.0 HTTP/1.1" 200 868 "https://www.fornacalia.com/2019/mysterious-ear-problem-partially-solved/" "Mozilla/5.0 (Windows NT 10.0; Win64; x64) AppleWebKit/537.36 (KHTML, like Gecko) Chrome/83.0.4103.97 Safari/537.36" 
70.139.53.128 - - [16/Jun/2020:09:15:51 -0700] "GET /wp-includes/js/jquery/jquery.js?ver=1.12.4-wp HTTP/1.1" 200 35150 "https://www.fornacalia.com/2019/mysterious-ear-problem-partially-solved/" "Mozilla/5.0 (Windows NT 10.0; Win64; x64) AppleWebKit/537.36 (KHTML, like Gecko) Chrome/83.0.4103.97 Safari/537.36" 
70.139.53.128 - - [16/Jun/2020:09:15:51 -0700] "GET /wp-content/themes/Autonomie-child/css/wide-width.css?ver=1.0.0 HTTP/1.1" 404 22142 "https://www.fornacalia.com/2019/mysterious-ear-problem-partially-solved/" "Mozilla/5.0 (Windows NT 10.0; Win64; x64) AppleWebKit/537.36 (KHTML, like Gecko) Chrome/83.0.4103.97 Safari/537.36" 
70.139.53.128 - - [16/Jun/2020:09:15:51 -0700] "GET /wp-includes/js/jquery/jquery-migrate.min.js?ver=1.4.1 HTTP/1.1" 200 4579 "https://www.fornacalia.com/2019/mysterious-ear-problem-partially-solved/" "Mozilla/5.0 (Windows NT 10.0; Win64; x64) AppleWebKit/537.36 (KHTML, like Gecko) Chrome/83.0.4103.97 Safari/537.36" 
70.139.53.128 - - [16/Jun/2020:09:15:51 -0700] "GET /wp-content/plugins/semantic-linkbacks/js/semantic-linkbacks.js?ver=3.8.1 HTTP/1.1" 200 593 "https://www.fornacalia.com/2019/mysterious-ear-problem-partially-solved/" "Mozilla/5.0 (Windows NT 10.0; Win64; x64) AppleWebKit/537.36 (KHTML, like Gecko) Chrome/83.0.4103.97 Safari/537.36" 
70.139.53.128 - - [16/Jun/2020:09:15:51 -0700] "GET /wp-includes/js/comment-reply.min.js?ver=5.2.7 HTTP/1.1" 200 1714 "https://www.fornacalia.com/2019/mysterious-ear-problem-partially-solved/" "Mozilla/5.0 (Windows NT 10.0; Win64; x64) AppleWebKit/537.36 (KHTML, like Gecko) Chrome/83.0.4103.97 Safari/537.36" 
70.139.53.128 - - [16/Jun/2020:09:15:51 -0700] "GET /wp-content/themes/autonomie/js/navigation.js?ver=1.0.0 HTTP/1.1" 200 1501 "https://www.fornacalia.com/2019/mysterious-ear-problem-partially-solved/" "Mozilla/5.0 (Windows NT 10.0; Win64; x64) AppleWebKit/537.36 (KHTML, like Gecko) Chrome/83.0.4103.97 Safari/537.36" 
70.139.53.128 - - [16/Jun/2020:09:15:52 -0700] "GET /wp-content/themes/autonomie/js/skip-link-focus-fix.js?ver=1.0.0 HTTP/1.1" 200 928 "https://www.fornacalia.com/2019/mysterious-ear-problem-partially-solved/" "Mozilla/5.0 (Windows NT 10.0; Win64; x64) AppleWebKit/537.36 (KHTML, like Gecko) Chrome/83.0.4103.97 Safari/537.36" 
70.139.53.128 - - [16/Jun/2020:09:15:52 -0700] "GET /wp-includes/js/wp-embed.min.js?ver=5.2.7 HTTP/1.1" 200 1198 "https://www.fornacalia.com/2019/mysterious-ear-problem-partially-solved/" "Mozilla/5.0 (Windows NT 10.0; Win64; x64) AppleWebKit/537.36 (KHTML, like Gecko) Chrome/83.0.4103.97 Safari/537.36" 
70.139.53.128 - - [16/Jun/2020:09:15:52 -0700] "GET /wp-content/themes/autonomie/font/merriweather/merriweather-v15-latin-300.woff2 HTTP/1.1" 200 18966 "https://www.fornacalia.com/wp-content/themes/autonomie/style.css?ver=5.2.7" "Mozilla/5.0 (Windows NT 10.0; Win64; x64) AppleWebKit/537.36 (KHTML, like Gecko) Chrome/83.0.4103.97 Safari/537.36" 
70.139.53.128 - - [16/Jun/2020:09:15:52 -0700] "GET /wp-content/themes/autonomie/font/lato/lato-v13-latin-700.woff2 HTTP/1.1" 200 23094 "https://www.fornacalia.com/wp-content/themes/autonomie/style.css?ver=5.2.7" "Mozilla/5.0 (Windows NT 10.0; Win64; x64) AppleWebKit/537.36 (KHTML, like Gecko) Chrome/83.0.4103.97 Safari/537.36" 
70.139.53.128 - - [16/Jun/2020:09:15:52 -0700] "GET /wp-content/themes/autonomie/font/lato/lato-v13-latin-300.woff2 HTTP/1.1" 200 23450 "https://www.fornacalia.com/wp-content/themes/autonomie/style.css?ver=5.2.7" "Mozilla/5.0 (Windows NT 10.0; Win64; x64) AppleWebKit/537.36 (KHTML, like Gecko) Chrome/83.0.4103.97 Safari/537.36" 
70.139.53.128 - - [16/Jun/2020:09:15:52 -0700] "GET /wp-includes/js/wp-emoji-release.min.js?ver=5.2.7 HTTP/1.1" 200 5203 "https://www.fornacalia.com/2019/mysterious-ear-problem-partially-solved/" "Mozilla/5.0 (Windows NT 10.0; Win64; x64) AppleWebKit/537.36 (KHTML, like Gecko) Chrome/83.0.4103.97 Safari/537.36" 
70.139.53.128 - - [16/Jun/2020:09:15:52 -0700] "GET /wp-content/themes/Autonomie-child/css/print.css?ver=1.0.0 HTTP/1.1" 200 754 "https://www.fornacalia.com/2019/mysterious-ear-problem-partially-solved/" "Mozilla/5.0 (Windows NT 10.0; Win64; x64) AppleWebKit/537.36 (KHTML, like Gecko) Chrome/83.0.4103.97 Safari/537.36" 
70.139.53.128 - - [16/Jun/2020:09:15:52 -0700] "GET /wp-content/uploads/2019/11/rustic-1.png HTTP/1.1" 200 571820 "https://www.fornacalia.com/2019/mysterious-ear-problem-partially-solved/" "Mozilla/5.0 (Windows NT 10.0; Win64; x64) AppleWebKit/537.36 (KHTML, like Gecko) Chrome/83.0.4103.97 Safari/537.36" 
70.139.53.128 - - [16/Jun/2020:09:15:52 -0700] "GET /wp-content/themes/Autonomie-child/css/narrow-width.css?ver=1.0.0 HTTP/1.1" 200 982 "https://www.fornacalia.com/2019/mysterious-ear-problem-partially-solved/" "Mozilla/5.0 (Windows NT 10.0; Win64; x64) AppleWebKit/537.36 (KHTML, like Gecko) Chrome/83.0.4103.97 Safari/537.36" 
70.139.53.128 - - [16/Jun/2020:09:15:52 -0700] "GET /wp-content/uploads/2019/11/rustic-3.png HTTP/1.1" 200 555055 "https://www.fornacalia.com/2019/mysterious-ear-problem-partially-solved/" "Mozilla/5.0 (Windows NT 10.0; Win64; x64) AppleWebKit/537.36 (KHTML, like Gecko) Chrome/83.0.4103.97 Safari/537.36" 
70.139.53.128 - - [16/Jun/2020:09:15:52 -0700] "GET /wp-content/uploads/2017/12/cropped-forno-favicon-32x32.png HTTP/1.1" 200 1407 "https://www.fornacalia.com/2019/mysterious-ear-problem-partially-solved/" "Mozilla/5.0 (Windows NT 10.0; Win64; x64) AppleWebKit/537.36 (KHTML, like Gecko) Chrome/83.0.4103.97 Safari/537.36" 
112.201.165.205 - - [16/Jun/2020:09:16:24 -0700] "POST /xmlrpc.php HTTP/1.1" 301 4152 "-" "Mozilla/4.0 (compatible; MSIE 6.0; Windows NT 5.0)" 
112.201.165.205 - - [16/Jun/2020:09:16:25 -0700] "GET /xmlrpc.php HTTP/1.1" 405 3948 "-" "Mozilla/4.0 (compatible; MSIE 6.0; Windows NT 5.0)" 
46.49.3.10 - - [16/Jun/2020:09:17:23 -0700] "POST /xmlrpc.php HTTP/1.1" 301 4152 "-" "Mozilla/4.0 (compatible; MSIE 6.0; Windows NT 5.0)" 
46.49.3.10 - - [16/Jun/2020:09:17:24 -0700] "GET /xmlrpc.php HTTP/1.1" 405 3948 "-" "Mozilla/4.0 (compatible; MSIE 6.0; Windows NT 5.0)" 
94.76.8.71 - - [16/Jun/2020:09:22:02 -0700] "POST /xmlrpc.php HTTP/1.1" 301 4152 "-" "Mozilla/4.0 (compatible; MSIE 6.0; Windows NT 5.0)" 
94.76.8.71 - - [16/Jun/2020:09:22:03 -0700] "GET /xmlrpc.php HTTP/1.1" 405 3948 "-" "Mozilla/4.0 (compatible; MSIE 6.0; Windows NT 5.0)" 
46.229.168.134 - - [16/Jun/2020:09:23:37 -0700] "GET /2014/watch-an-expert-makes-croissants-and-more/ HTTP/1.1" 200 11103 "-" "Mozilla/5.0 (compatible; SemrushBot/6~bl; +http://www.semrush.com/bot.html)" 
46.49.3.10 - - [16/Jun/2020:09:24:33 -0700] "POST /xmlrpc.php HTTP/1.1" 301 4152 "-" "Mozilla/4.0 (compatible; MSIE 6.0; Windows NT 5.0)" 
46.49.3.10 - - [16/Jun/2020:09:24:34 -0700] "GET /xmlrpc.php HTTP/1.1" 405 3948 "-" "Mozilla/4.0 (compatible; MSIE 6.0; Windows NT 5.0)" 
46.49.3.10 - - [16/Jun/2020:09:26:31 -0700] "POST /xmlrpc.php HTTP/1.1" 301 4152 "-" "Mozilla/4.0 (compatible; MSIE 6.0; Windows NT 5.0)" 
46.49.3.10 - - [16/Jun/2020:09:26:32 -0700] "GET /xmlrpc.php HTTP/1.1" 405 3948 "-" "Mozilla/4.0 (compatible; MSIE 6.0; Windows NT 5.0)" 
5.188.84.65 - - [16/Jun/2020:09:34:21 -0700] "GET /2013/pasta-madre-day-2013/ HTTP/1.0" 200 32755 "https://www.fornacalia.com/2013/pasta-madre-day-2013/#comment-1801/" "Mozilla/5.0 (Windows NT 10.0; Win64; x64) AppleWebKit/537.36 (KHTML, like Gecko) Chrome/67.0.3396.62 Safari/537.36" 
5.188.84.65 - - [16/Jun/2020:09:34:23 -0700] "POST /wp-comments-post.php HTTP/1.0" 302 3874 "https://www.fornacalia.com/2013/pasta-madre-day-2013/#comment-1801/" "Mozilla/5.0 (Windows NT 10.0; Win64; x64) AppleWebKit/537.36 (KHTML, like Gecko) Chrome/67.0.3396.62 Safari/537.36" 
5.188.84.45 - - [16/Jun/2020:09:34:55 -0700] "GET /2013/pasta-madre-day-2013/ HTTP/1.0" 200 32755 "https://www.fornacalia.com/2013/pasta-madre-day-2013/#comment-1801/" "Mozilla/5.0 (Windows NT 10.0; Win64; x64) AppleWebKit/537.36 (KHTML, like Gecko) Chrome/67.0.3396.87 Safari/537.36 OPR/54.0.2952.71" 
5.188.84.45 - - [16/Jun/2020:09:34:56 -0700] "POST /wp-comments-post.php HTTP/1.0" 302 3874 "https://www.fornacalia.com/2013/pasta-madre-day-2013/#comment-1801/" "Mozilla/5.0 (Windows NT 10.0; Win64; x64) AppleWebKit/537.36 (KHTML, like Gecko) Chrome/67.0.3396.87 Safari/537.36 OPR/54.0.2952.71" 
124.122.190.21 - - [16/Jun/2020:09:36:36 -0700] "POST /xmlrpc.php HTTP/1.1" 301 4152 "-" "Mozilla/4.0 (compatible; MSIE 6.0; Windows NT 5.0)" 
124.122.190.21 - - [16/Jun/2020:09:36:37 -0700] "GET /xmlrpc.php HTTP/1.1" 405 3948 "-" "Mozilla/4.0 (compatible; MSIE 6.0; Windows NT 5.0)" 
46.28.70.225 - - [16/Jun/2020:09:37:20 -0700] "GET /2013/pasta-madre-day-2013/ HTTP/1.0" 200 32755 "https://www.fornacalia.com/2013/pasta-madre-day-2013/#comment-51827" "Mozilla/5.0 (Windows NT 6.1; Win64; x64) AppleWebKit/537.36 (KHTML, like Gecko) Chrome/67.0.3396.87 Safari/537.36 OPR/54.0.2952.71" 
5.188.84.147 - - [16/Jun/2020:09:39:21 -0700] "GET /2013/pasta-madre-day-2013/ HTTP/1.0" 200 32755 "https://www.fornacalia.com/2013/pasta-madre-day-2013/#comment-1801/" "Mozilla/5.0 (Windows NT 10.0; Win64; x64) AppleWebKit/537.36 (KHTML, like Gecko) Chrome/67.0.3396.87 Safari/537.36 OPR/54.0.2952.64" 
5.188.84.147 - - [16/Jun/2020:09:39:21 -0700] "POST /wp-comments-post.php HTTP/1.0" 302 3874 "https://www.fornacalia.com/2013/pasta-madre-day-2013/#comment-1801/" "Mozilla/5.0 (Windows NT 10.0; Win64; x64) AppleWebKit/537.36 (KHTML, like Gecko) Chrome/67.0.3396.87 Safari/537.36 OPR/54.0.2952.64" 
89.28.2.193 - - [16/Jun/2020:09:40:00 -0700] "GET /2020/turmeric-breadan-experiment/ HTTP/1.0" 200 31719 "https://www.fornacalia.com/2020/turmeric-breadan-experiment/" "Mozilla/5.0 (Windows NT 10.0; Win64; x64) AppleWebKit/537.36 (KHTML, like Gecko) Chrome/67.0.3396.87 Safari/537.36 OPR/54.0.2952.54" 
89.28.2.193 - - [16/Jun/2020:09:40:01 -0700] "POST /wp-comments-post.php HTTP/1.0" 302 3881 "https://www.fornacalia.com/2020/turmeric-breadan-experiment/" "Mozilla/5.0 (Windows NT 10.0; Win64; x64) AppleWebKit/537.36 (KHTML, like Gecko) Chrome/67.0.3396.87 Safari/537.36 OPR/54.0.2952.54" 
89.28.2.193 - - [16/Jun/2020:09:40:02 -0700] "GET /2020/turmeric-breadan-experiment/ HTTP/1.0" 200 31719 "https://www.fornacalia.com/2020/turmeric-breadan-experiment/#comment-51829" "Mozilla/5.0 (Windows NT 10.0; Win64; x64) AppleWebKit/537.36 (KHTML, like Gecko) Chrome/67.0.3396.87 Safari/537.36 OPR/54.0.2952.54" 
5.188.84.25 - - [16/Jun/2020:09:40:19 -0700] "GET /2013/pasta-madre-day-2013/ HTTP/1.0" 200 32755 "https://www.fornacalia.com/2013/pasta-madre-day-2013/#comment-1801/" "Mozilla/5.0 (Windows NT 6.1) AppleWebKit/537.36 (KHTML, like Gecko) Chrome/68.0.3440.106 Safari/537.36" 
5.188.84.25 - - [16/Jun/2020:09:40:20 -0700] "POST /wp-comments-post.php HTTP/1.0" 302 3874 "https://www.fornacalia.com/2013/pasta-madre-day-2013/#comment-1801/" "Mozilla/5.0 (Windows NT 6.1) AppleWebKit/537.36 (KHTML, like Gecko) Chrome/68.0.3440.106 Safari/537.36" 
114.119.160.9 - - [16/Jun/2020:09:40:37 -0700] "GET /2020/sourdough-revival/ HTTP/1.1" 200 12890 "-" "Mozilla/5.0 (Linux; Android 7.0;) AppleWebKit/537.36 (KHTML, like Gecko) Mobile Safari/537.36 (compatible; PetalBot;+https://aspiegel.com/petalbot)" 
5.197.247.241 - - [16/Jun/2020:09:41:25 -0700] "POST /xmlrpc.php HTTP/1.1" 301 4152 "-" "Mozilla/4.0 (compatible; MSIE 6.0; Windows NT 5.0)" 
5.197.247.241 - - [16/Jun/2020:09:41:26 -0700] "GET /xmlrpc.php HTTP/1.1" 405 3948 "-" "Mozilla/4.0 (compatible; MSIE 6.0; Windows NT 5.0)" 
157.55.39.70 - - [16/Jun/2020:09:45:45 -0700] "GET /2012/apple-cider-levain-loaf/ HTTP/1.1" 200 14213 "-" "Mozilla/5.0 (compatible; bingbot/2.0; +http://www.bing.com/bingbot.htm)" 
64.111.100.215 - - [16/Jun/2020:09:45:46 -0700] "POST /wp-cron.php?doing_wp_cron=1592325945.9564700126647949218750 HTTP/1.1" 200 3383 "https://www.fornacalia.com/wp-cron.php?doing_wp_cron=1592325945.9564700126647949218750" "WordPress/5.2.7; https://www.fornacalia.com" 
5.188.84.35 - - [16/Jun/2020:09:46:15 -0700] "GET /2013/pasta-madre-day-2013/ HTTP/1.0" 200 32755 "https://www.fornacalia.com/2013/pasta-madre-day-2013/#comment-1801/" "Mozilla/5.0 (Windows NT 6.1) AppleWebKit/537.36 (KHTML, like Gecko) Chrome/68.0.3440.106 Safari/537.36" 
5.188.84.35 - - [16/Jun/2020:09:46:16 -0700] "POST /wp-comments-post.php HTTP/1.0" 302 3874 "https://www.fornacalia.com/2013/pasta-madre-day-2013/#comment-1801/" "Mozilla/5.0 (Windows NT 6.1) AppleWebKit/537.36 (KHTML, like Gecko) Chrome/68.0.3440.106 Safari/537.36" 
77.88.5.71 - - [16/Jun/2020:09:46:16 -0700] "GET /robots.txt HTTP/1.1" 200 4025 "-" "Mozilla/5.0 (compatible; YandexBot/3.0; +http://yandex.com/bots)" 
114.119.164.139 - - [16/Jun/2020:09:46:19 -0700] "GET /tag/sourdough HTTP/1.1" 301 3910 "-" "Mozilla/5.0 (Linux; Android 7.0;) AppleWebKit/537.36 (KHTML, like Gecko) Mobile Safari/537.36 (compatible; PetalBot;+https://aspiegel.com/petalbot)" 
77.88.5.71 - - [16/Jun/2020:09:46:20 -0700] "GET /wp-content/uploads/2017/12/cropped-forno-favicon-32x32.png HTTP/1.1" 200 4506 "-" "Mozilla/5.0 (compatible; YandexBot/3.0; +http://yandex.com/bots)" 
114.119.164.139 - - [16/Jun/2020:09:46:20 -0700] "GET /tag/sourdough/ HTTP/1.1" 200 20936 "-" "Mozilla/5.0 (Linux; Android 7.0;) AppleWebKit/537.36 (KHTML, like Gecko) Mobile Safari/537.36 (compatible; PetalBot;+https://aspiegel.com/petalbot)" 
5.188.84.45 - - [16/Jun/2020:09:46:30 -0700] "GET /2013/pasta-madre-day-2013/ HTTP/1.0" 200 32755 "https://www.fornacalia.com/2013/pasta-madre-day-2013/#comment-1801/" "Mozilla/5.0 (Windows NT 6.1; Win64; x64) AppleWebKit/537.36 (KHTML, like Gecko) Chrome/66.0.3359.170 Safari/537.36 OPR/53.0.2907.99" 
5.188.84.45 - - [16/Jun/2020:09:46:31 -0700] "POST /wp-comments-post.php HTTP/1.0" 302 3874 "https://www.fornacalia.com/2013/pasta-madre-day-2013/#comment-1801/" "Mozilla/5.0 (Windows NT 6.1; Win64; x64) AppleWebKit/537.36 (KHTML, like Gecko) Chrome/66.0.3359.170 Safari/537.36 OPR/53.0.2907.99" 
5.188.84.220 - - [16/Jun/2020:09:46:49 -0700] "GET /2013/pasta-madre-day-2013/ HTTP/1.0" 200 32755 "https://www.fornacalia.com/2013/pasta-madre-day-2013/#comment-1801/" "Mozilla/5.0 (Windows NT 6.1; Win64; x64) AppleWebKit/537.36 (KHTML, like Gecko) Chrome/67.0.3396.87 Safari/537.36 OPR/54.0.2952.71" 
5.188.84.220 - - [16/Jun/2020:09:46:49 -0700] "POST /wp-comments-post.php HTTP/1.0" 302 3874 "https://www.fornacalia.com/2013/pasta-madre-day-2013/#comment-1801/" "Mozilla/5.0 (Windows NT 6.1; Win64; x64) AppleWebKit/537.36 (KHTML, like Gecko) Chrome/67.0.3396.87 Safari/537.36 OPR/54.0.2952.71" 
5.188.84.233 - - [16/Jun/2020:09:50:03 -0700] "GET /2013/pasta-madre-day-2013/ HTTP/1.0" 200 32755 "https://www.fornacalia.com/2013/pasta-madre-day-2013/#comment-1801/" "Mozilla/5.0 (Windows NT 6.3; Win64; x64) AppleWebKit/537.36 (KHTML, like Gecko) Chrome/66.0.3359.181 Safari/537.36" 
5.188.84.233 - - [16/Jun/2020:09:50:03 -0700] "POST /wp-comments-post.php HTTP/1.0" 302 3874 "https://www.fornacalia.com/2013/pasta-madre-day-2013/#comment-1801/" "Mozilla/5.0 (Windows NT 6.3; Win64; x64) AppleWebKit/537.36 (KHTML, like Gecko) Chrome/66.0.3359.181 Safari/537.36" 
70.93.161.39 - - [16/Jun/2020:09:51:30 -0700] "GET /2019/respect-to-respectus-panis/ HTTP/1.1" 200 13500 "-" "Mozilla/5.0 (iPad; CPU OS 13_5_1 like Mac OS X) AppleWebKit/605.1.15 (KHTML, like Gecko) Version/13.1.1 Mobile/15E148 Safari/604.1" 
70.93.161.39 - - [16/Jun/2020:09:51:31 -0700] "GET /wp-includes/css/dist/block-library/style.min.css?ver=5.2.7 HTTP/1.1" 200 5367 "https://www.fornacalia.com/2019/respect-to-respectus-panis/" "Mozilla/5.0 (iPad; CPU OS 13_5_1 like Mac OS X) AppleWebKit/605.1.15 (KHTML, like Gecko) Version/13.1.1 Mobile/15E148 Safari/604.1" 
70.93.161.39 - - [16/Jun/2020:09:51:31 -0700] "GET /wp-content/themes/Autonomie-child/style.css?ver=1.0.0 HTTP/1.1" 200 1410 "https://www.fornacalia.com/2019/respect-to-respectus-panis/" "Mozilla/5.0 (iPad; CPU OS 13_5_1 like Mac OS X) AppleWebKit/605.1.15 (KHTML, like Gecko) Version/13.1.1 Mobile/15E148 Safari/604.1" 
70.93.161.39 - - [16/Jun/2020:09:51:31 -0700] "GET /wp-content/themes/Autonomie-child/css/default-width.css?ver=1.0.0 HTTP/1.1" 200 868 "https://www.fornacalia.com/2019/respect-to-respectus-panis/" "Mozilla/5.0 (iPad; CPU OS 13_5_1 like Mac OS X) AppleWebKit/605.1.15 (KHTML, like Gecko) Version/13.1.1 Mobile/15E148 Safari/604.1" 
70.93.161.39 - - [16/Jun/2020:09:51:31 -0700] "GET /wp-content/plugins/indieweb/static/css/indieweb.css?ver=3.4.1 HTTP/1.1" 200 7007 "https://www.fornacalia.com/2019/respect-to-respectus-panis/" "Mozilla/5.0 (iPad; CPU OS 13_5_1 like Mac OS X) AppleWebKit/605.1.15 (KHTML, like Gecko) Version/13.1.1 Mobile/15E148 Safari/604.1" 
70.93.161.39 - - [16/Jun/2020:09:51:31 -0700] "GET /wp-includes/js/jquery/jquery.js?ver=1.12.4-wp HTTP/1.1" 200 35150 "https://www.fornacalia.com/2019/respect-to-respectus-panis/" "Mozilla/5.0 (iPad; CPU OS 13_5_1 like Mac OS X) AppleWebKit/605.1.15 (KHTML, like Gecko) Version/13.1.1 Mobile/15E148 Safari/604.1" 
70.93.161.39 - - [16/Jun/2020:09:51:31 -0700] "GET /wp-content/themes/Autonomie-child/css/wide-width.css?ver=1.0.0 HTTP/1.1" 404 22142 "https://www.fornacalia.com/2019/respect-to-respectus-panis/" "Mozilla/5.0 (iPad; CPU OS 13_5_1 like Mac OS X) AppleWebKit/605.1.15 (KHTML, like Gecko) Version/13.1.1 Mobile/15E148 Safari/604.1" 
70.93.161.39 - - [16/Jun/2020:09:51:32 -0700] "GET /wp-includes/js/jquery/jquery-migrate.min.js?ver=1.4.1 HTTP/1.1" 200 4579 "https://www.fornacalia.com/2019/respect-to-respectus-panis/" "Mozilla/5.0 (iPad; CPU OS 13_5_1 like Mac OS X) AppleWebKit/605.1.15 (KHTML, like Gecko) Version/13.1.1 Mobile/15E148 Safari/604.1" 
