45.83.220.223 - - [20/Jun/2020:03:09:24 -0700] "GET /wp-content/uploads/2017/12/cropped-forno-favicon-32x32.png HTTP/1.1" 200 1407 "-" "Mozilla/5.0 (Macintosh; Intel Mac OS X 10.13; rv:77.0) Gecko/20100101 Firefox/77.0" 
45.83.220.223 - - [20/Jun/2020:03:09:24 -0700] "GET /wp-content/uploads/2017/12/cropped-forno-favicon-192x192.png HTTP/1.1" 200 21644 "-" "Mozilla/5.0 (Macintosh; Intel Mac OS X 10.13; rv:77.0) Gecko/20100101 Firefox/77.0" 
45.83.220.223 - - [20/Jun/2020:03:09:24 -0700] "GET /wp-admin/admin-ajax.php?action=oembed-cache&post=5468 HTTP/1.1" 200 698 "https://www.fornacalia.com/wp-admin/post.php?post=5468&action=edit" "Mozilla/5.0 (Macintosh; Intel Mac OS X 10.13; rv:77.0) Gecko/20100101 Firefox/77.0" 
46.49.3.10 - - [20/Jun/2020:03:09:34 -0700] "POST /xmlrpc.php HTTP/1.1" 301 4152 "-" "Mozilla/4.0 (compatible; MSIE 6.0; Windows NT 5.0)" 
46.49.3.10 - - [20/Jun/2020:03:09:35 -0700] "GET /xmlrpc.php HTTP/1.1" 405 3948 "-" "Mozilla/4.0 (compatible; MSIE 6.0; Windows NT 5.0)" 
45.83.220.223 - - [20/Jun/2020:03:10:25 -0700] "POST /wp-admin/admin-ajax.php HTTP/1.1" 200 807 "https://www.fornacalia.com/wp-admin/post.php?post=5468&action=edit" "Mozilla/5.0 (Macintosh; Intel Mac OS X 10.13; rv:77.0) Gecko/20100101 Firefox/77.0" 
45.83.220.223 - - [20/Jun/2020:03:12:25 -0700] "POST /wp-admin/admin-ajax.php HTTP/1.1" 200 807 "https://www.fornacalia.com/wp-admin/post.php?post=5468&action=edit" "Mozilla/5.0 (Macintosh; Intel Mac OS X 10.13; rv:77.0) Gecko/20100101 Firefox/77.0" 
66.249.66.47 - - [20/Jun/2020:03:12:59 -0700] "GET /2015/cracking-rye-crackers/ HTTP/1.1" 200 14488 "-" "Mozilla/5.0 (compatible; Googlebot/2.1; +http://www.google.com/bot.html)" 
66.249.66.47 - - [20/Jun/2020:03:13:02 -0700] "GET /wp-content/plugins/semantic-linkbacks/css/semantic-linkbacks.css?ver=3.10.1 HTTP/1.1" 200 4381 "https://www.fornacalia.com/2015/cracking-rye-crackers/" "Mozilla/5.0 AppleWebKit/537.36 (KHTML, like Gecko; compatible; Googlebot/2.1; +http://www.google.com/bot.html) Chrome/83.0.4103.108 Safari/537.36" 
66.249.66.47 - - [20/Jun/2020:03:13:02 -0700] "GET /wp-content/plugins/indieweb/static/css/indieweb.css?ver=3.4.2 HTTP/1.1" 200 9366 "https://www.fornacalia.com/2015/cracking-rye-crackers/" "Mozilla/5.0 AppleWebKit/537.36 (KHTML, like Gecko; compatible; Googlebot/2.1; +http://www.google.com/bot.html) Chrome/83.0.4103.108 Safari/537.36" 
66.249.66.47 - - [20/Jun/2020:03:13:03 -0700] "GET /wp-content/plugins/semantic-linkbacks/js/semantic-linkbacks.js?ver=3.10.1 HTTP/1.1" 200 593 "https://www.fornacalia.com/2015/cracking-rye-crackers/" "Mozilla/5.0 AppleWebKit/537.36 (KHTML, like Gecko; compatible; Googlebot/2.1; +http://www.google.com/bot.html) Chrome/83.0.4103.108 Safari/537.36" 
45.83.220.223 - - [20/Jun/2020:03:14:25 -0700] "POST /wp-admin/admin-ajax.php HTTP/1.1" 200 4290 "https://www.fornacalia.com/wp-admin/post.php?post=5468&action=edit" "Mozilla/5.0 (Macintosh; Intel Mac OS X 10.13; rv:77.0) Gecko/20100101 Firefox/77.0" 
45.83.220.223 - - [20/Jun/2020:03:14:55 -0700] "POST /wp-admin/post.php HTTP/1.1" 302 815 "https://www.fornacalia.com/wp-admin/post.php?post=5468&action=edit" "Mozilla/5.0 (Macintosh; Intel Mac OS X 10.13; rv:77.0) Gecko/20100101 Firefox/77.0" 
45.83.220.223 - - [20/Jun/2020:03:14:55 -0700] "GET /wp-admin/post.php?post=5468&action=edit&message=10 HTTP/1.1" 200 44273 "https://www.fornacalia.com/wp-admin/post.php?post=5468&action=edit" "Mozilla/5.0 (Macintosh; Intel Mac OS X 10.13; rv:77.0) Gecko/20100101 Firefox/77.0" 
45.83.220.223 - - [20/Jun/2020:03:14:56 -0700] "GET /wp-content/plugins/syndication-links/js/synlinks.js?ver=4.2.2 HTTP/1.1" 200 836 "https://www.fornacalia.com/wp-admin/post.php?post=5468&action=edit" "Mozilla/5.0 (Macintosh; Intel Mac OS X 10.13; rv:77.0) Gecko/20100101 Firefox/77.0" 
45.83.220.223 - - [20/Jun/2020:03:14:56 -0700] "GET /wp-admin/admin-ajax.php?action=oembed-cache&post=5468 HTTP/1.1" 200 698 "https://www.fornacalia.com/wp-admin/post.php?post=5468&action=edit" "Mozilla/5.0 (Macintosh; Intel Mac OS X 10.13; rv:77.0) Gecko/20100101 Firefox/77.0" 
45.83.220.223 - - [20/Jun/2020:03:15:00 -0700] "GET /?p=5468&preview=true HTTP/1.1" 200 9770 "https://www.fornacalia.com/wp-admin/post.php?post=5468&action=edit" "Mozilla/5.0 (Macintosh; Intel Mac OS X 10.13; rv:77.0) Gecko/20100101 Firefox/77.0" 
45.83.220.223 - - [20/Jun/2020:03:15:00 -0700] "GET /wp-includes/js/wp-embed.min.js?ver=5.2.7 HTTP/1.1" 200 1198 "https://www.fornacalia.com/?p=5468&preview=true" "Mozilla/5.0 (Macintosh; Intel Mac OS X 10.13; rv:77.0) Gecko/20100101 Firefox/77.0" 
45.83.220.223 - - [20/Jun/2020:03:15:00 -0700] "GET /wp-includes/css/admin-bar.min.css?ver=5.2.7 HTTP/1.1" 200 4600 "https://www.fornacalia.com/?p=5468&preview=true" "Mozilla/5.0 (Macintosh; Intel Mac OS X 10.13; rv:77.0) Gecko/20100101 Firefox/77.0" 
45.83.220.223 - - [20/Jun/2020:03:15:00 -0700] "GET /wp-includes/css/dashicons.min.css?ver=5.2.7 HTTP/1.1" 200 29626 "https://www.fornacalia.com/?p=5468&preview=true" "Mozilla/5.0 (Macintosh; Intel Mac OS X 10.13; rv:77.0) Gecko/20100101 Firefox/77.0" 
45.83.220.223 - - [20/Jun/2020:03:15:00 -0700] "GET /wp-content/themes/Autonomie-child/style.css?ver=1.0.0 HTTP/1.1" 200 1410 "https://www.fornacalia.com/?p=5468&preview=true" "Mozilla/5.0 (Macintosh; Intel Mac OS X 10.13; rv:77.0) Gecko/20100101 Firefox/77.0" 
45.83.220.223 - - [20/Jun/2020:03:15:01 -0700] "GET /wp-content/themes/Autonomie-child/css/print.css?ver=1.0.0 HTTP/1.1" 200 754 "https://www.fornacalia.com/?p=5468&preview=true" "Mozilla/5.0 (Macintosh; Intel Mac OS X 10.13; rv:77.0) Gecko/20100101 Firefox/77.0" 
45.83.220.223 - - [20/Jun/2020:03:15:01 -0700] "GET /wp-content/themes/Autonomie-child/css/narrow-width.css?ver=1.0.0 HTTP/1.1" 200 982 "https://www.fornacalia.com/?p=5468&preview=true" "Mozilla/5.0 (Macintosh; Intel Mac OS X 10.13; rv:77.0) Gecko/20100101 Firefox/77.0" 
45.83.220.223 - - [20/Jun/2020:03:15:01 -0700] "GET /wp-content/themes/Autonomie-child/css/default-width.css?ver=1.0.0 HTTP/1.1" 200 868 "https://www.fornacalia.com/?p=5468&preview=true" "Mozilla/5.0 (Macintosh; Intel Mac OS X 10.13; rv:77.0) Gecko/20100101 Firefox/77.0" 
45.83.220.223 - - [20/Jun/2020:03:15:01 -0700] "GET /wp-content/plugins/indieweb/static/css/indieweb.css?ver=3.4.2 HTTP/1.1" 200 9541 "https://www.fornacalia.com/?p=5468&preview=true" "Mozilla/5.0 (Macintosh; Intel Mac OS X 10.13; rv:77.0) Gecko/20100101 Firefox/77.0" 
45.83.220.223 - - [20/Jun/2020:03:15:01 -0700] "GET /wp-includes/js/wp-emoji-release.min.js?ver=5.2.7 HTTP/1.1" 200 5203 "https://www.fornacalia.com/?p=5468&preview=true" "Mozilla/5.0 (Macintosh; Intel Mac OS X 10.13; rv:77.0) Gecko/20100101 Firefox/77.0" 
45.83.220.223 - - [20/Jun/2020:03:15:01 -0700] "GET /wp-includes/js/jquery/jquery.js?ver=1.12.4-wp HTTP/1.1" 200 35150 "https://www.fornacalia.com/?p=5468&preview=true" "Mozilla/5.0 (Macintosh; Intel Mac OS X 10.13; rv:77.0) Gecko/20100101 Firefox/77.0" 
45.83.220.223 - - [20/Jun/2020:03:15:01 -0700] "GET /wp-content/themes/Autonomie-child/css/wide-width.css?ver=1.0.0 HTTP/1.1" 404 30302 "https://www.fornacalia.com/?p=5468&preview=true" "Mozilla/5.0 (Macintosh; Intel Mac OS X 10.13; rv:77.0) Gecko/20100101 Firefox/77.0" 
45.83.220.223 - - [20/Jun/2020:03:15:01 -0700] "GET /wp-includes/js/jquery/jquery-migrate.min.js?ver=1.4.1 HTTP/1.1" 200 4579 "https://www.fornacalia.com/?p=5468&preview=true" "Mozilla/5.0 (Macintosh; Intel Mac OS X 10.13; rv:77.0) Gecko/20100101 Firefox/77.0" 
45.83.220.223 - - [20/Jun/2020:03:15:01 -0700] "GET /wp-includes/js/admin-bar.min.js?ver=5.2.7 HTTP/1.1" 200 2989 "https://www.fornacalia.com/?p=5468&preview=true" "Mozilla/5.0 (Macintosh; Intel Mac OS X 10.13; rv:77.0) Gecko/20100101 Firefox/77.0" 
45.83.220.223 - - [20/Jun/2020:03:15:01 -0700] "GET /wp-content/plugins/semantic-linkbacks/js/semantic-linkbacks.js?ver=3.10.1 HTTP/1.1" 200 593 "https://www.fornacalia.com/?p=5468&preview=true" "Mozilla/5.0 (Macintosh; Intel Mac OS X 10.13; rv:77.0) Gecko/20100101 Firefox/77.0" 
45.83.220.223 - - [20/Jun/2020:03:15:01 -0700] "GET /wp-includes/js/comment-reply.min.js?ver=5.2.7 HTTP/1.1" 200 1539 "https://www.fornacalia.com/?p=5468&preview=true" "Mozilla/5.0 (Macintosh; Intel Mac OS X 10.13; rv:77.0) Gecko/20100101 Firefox/77.0" 
45.83.220.223 - - [20/Jun/2020:03:15:01 -0700] "GET /wp-content/themes/autonomie/js/navigation.js?ver=1.0.0 HTTP/1.1" 200 1326 "https://www.fornacalia.com/?p=5468&preview=true" "Mozilla/5.0 (Macintosh; Intel Mac OS X 10.13; rv:77.0) Gecko/20100101 Firefox/77.0" 
45.83.220.223 - - [20/Jun/2020:03:15:01 -0700] "GET /wp-content/themes/autonomie/js/skip-link-focus-fix.js?ver=1.0.0 HTTP/1.1" 200 928 "https://www.fornacalia.com/?p=5468&preview=true" "Mozilla/5.0 (Macintosh; Intel Mac OS X 10.13; rv:77.0) Gecko/20100101 Firefox/77.0" 
45.83.220.223 - - [20/Jun/2020:03:15:02 -0700] "GET /wp-includes/css/dist/block-library/style.min.css?ver=5.2.7 HTTP/1.1" 200 5542 "https://www.fornacalia.com/?p=5468&preview=true" "Mozilla/5.0 (Macintosh; Intel Mac OS X 10.13; rv:77.0) Gecko/20100101 Firefox/77.0" 
45.83.220.223 - - [20/Jun/2020:03:15:02 -0700] "GET /wp-content/themes/autonomie/style.css?ver=5.2.7 HTTP/1.1" 200 9729 "https://www.fornacalia.com/?p=5468&preview=true" "Mozilla/5.0 (Macintosh; Intel Mac OS X 10.13; rv:77.0) Gecko/20100101 Firefox/77.0" 
45.83.220.223 - - [20/Jun/2020:03:15:03 -0700] "GET /wp-content/plugins/semantic-linkbacks/css/semantic-linkbacks.css?ver=3.10.1 HTTP/1.1" 200 913 "https://www.fornacalia.com/?p=5468&preview=true" "Mozilla/5.0 (Macintosh; Intel Mac OS X 10.13; rv:77.0) Gecko/20100101 Firefox/77.0" 
45.83.220.223 - - [20/Jun/2020:03:15:03 -0700] "GET /wp-content/uploads/2020/06/knead.mp4 HTTP/1.1" 206 758440 "https://www.fornacalia.com/?p=5468&preview=true" "Mozilla/5.0 (Macintosh; Intel Mac OS X 10.13; rv:77.0) Gecko/20100101 Firefox/77.0" 
45.83.220.223 - - [20/Jun/2020:03:15:57 -0700] "POST /wp-admin/admin-ajax.php HTTP/1.1" 200 807 "https://www.fornacalia.com/wp-admin/post.php?post=5468&action=edit" "Mozilla/5.0 (Macintosh; Intel Mac OS X 10.13; rv:77.0) Gecko/20100101 Firefox/77.0" 
45.83.220.223 - - [20/Jun/2020:03:17:57 -0700] "POST /wp-admin/admin-ajax.php HTTP/1.1" 200 807 "https://www.fornacalia.com/wp-admin/post.php?post=5468&action=edit" "Mozilla/5.0 (Macintosh; Intel Mac OS X 10.13; rv:77.0) Gecko/20100101 Firefox/77.0" 
45.83.220.223 - - [20/Jun/2020:03:18:57 -0700] "POST /wp-admin/admin-ajax.php HTTP/1.1" 200 878 "https://www.fornacalia.com/wp-admin/post.php?post=5468&action=edit" "Mozilla/5.0 (Macintosh; Intel Mac OS X 10.13; rv:77.0) Gecko/20100101 Firefox/77.0" 
45.83.220.223 - - [20/Jun/2020:03:19:21 -0700] "POST /wp-admin/post.php HTTP/1.1" 302 815 "https://www.fornacalia.com/wp-admin/post.php?post=5468&action=edit" "Mozilla/5.0 (Macintosh; Intel Mac OS X 10.13; rv:77.0) Gecko/20100101 Firefox/77.0" 
45.83.220.223 - - [20/Jun/2020:03:19:21 -0700] "GET /wp-admin/post.php?post=5468&action=edit&message=10 HTTP/1.1" 200 44361 "https://www.fornacalia.com/wp-admin/post.php?post=5468&action=edit" "Mozilla/5.0 (Macintosh; Intel Mac OS X 10.13; rv:77.0) Gecko/20100101 Firefox/77.0" 
45.83.220.223 - - [20/Jun/2020:03:19:22 -0700] "GET /wp-content/uploads/2017/12/cropped-forno-favicon-192x192.png HTTP/1.1" 200 21644 "-" "Mozilla/5.0 (Macintosh; Intel Mac OS X 10.13; rv:77.0) Gecko/20100101 Firefox/77.0" 
45.83.220.223 - - [20/Jun/2020:03:19:22 -0700] "GET /wp-admin/admin-ajax.php?action=oembed-cache&post=5468 HTTP/1.1" 200 698 "https://www.fornacalia.com/wp-admin/post.php?post=5468&action=edit" "Mozilla/5.0 (Macintosh; Intel Mac OS X 10.13; rv:77.0) Gecko/20100101 Firefox/77.0" 
45.83.220.223 - - [20/Jun/2020:03:20:22 -0700] "POST /wp-admin/admin-ajax.php HTTP/1.1" 200 4290 "https://www.fornacalia.com/wp-admin/post.php?post=5468&action=edit" "Mozilla/5.0 (Macintosh; Intel Mac OS X 10.13; rv:77.0) Gecko/20100101 Firefox/77.0" 
66.249.66.47 - - [20/Jun/2020:03:21:19 -0700] "GET /2019/respect-to-respectus-panis/ HTTP/1.1" 200 13498 "-" "Mozilla/5.0 (Linux; Android 6.0.1; Nexus 5X Build/MMB29P) AppleWebKit/537.36 (KHTML, like Gecko) Chrome/80.0.3987.92 Mobile Safari/537.36 (compatible; Googlebot/2.1; +http://www.google.com/bot.html)" 
45.83.220.223 - - [20/Jun/2020:03:22:22 -0700] "POST /wp-admin/admin-ajax.php HTTP/1.1" 200 807 "https://www.fornacalia.com/wp-admin/post.php?post=5468&action=edit" "Mozilla/5.0 (Macintosh; Intel Mac OS X 10.13; rv:77.0) Gecko/20100101 Firefox/77.0" 
45.83.220.223 - - [20/Jun/2020:03:24:24 -0700] "POST /wp-admin/admin-ajax.php HTTP/1.1" 200 807 "https://www.fornacalia.com/wp-admin/post.php?post=5468&action=edit" "Mozilla/5.0 (Macintosh; Intel Mac OS X 10.13; rv:77.0) Gecko/20100101 Firefox/77.0" 
66.249.66.45 - - [20/Jun/2020:03:24:59 -0700] "GET /2015/cracking-rye-crackers/ HTTP/1.1" 200 14487 "-" "Mozilla/5.0 (Linux; Android 6.0.1; Nexus 5X Build/MMB29P) AppleWebKit/537.36 (KHTML, like Gecko) Chrome/80.0.3987.92 Mobile Safari/537.36 (compatible; Googlebot/2.1; +http://www.google.com/bot.html)" 
66.249.66.45 - - [20/Jun/2020:03:25:03 -0700] "GET /wp-content/plugins/semantic-linkbacks/css/semantic-linkbacks.css?ver=3.10.1 HTTP/1.1" 200 4381 "https://www.fornacalia.com/2015/cracking-rye-crackers/" "Mozilla/5.0 (Linux; Android 6.0.1; Nexus 5X Build/MMB29P) AppleWebKit/537.36 (KHTML, like Gecko) Chrome/83.0.4103.108 Mobile Safari/537.36 (compatible; Googlebot/2.1; +http://www.google.com/bot.html)" 
66.249.66.45 - - [20/Jun/2020:03:25:04 -0700] "GET /wp-content/plugins/indieweb/static/css/indieweb.css?ver=3.4.2 HTTP/1.1" 200 9366 "https://www.fornacalia.com/2015/cracking-rye-crackers/" "Mozilla/5.0 (Linux; Android 6.0.1; Nexus 5X Build/MMB29P) AppleWebKit/537.36 (KHTML, like Gecko) Chrome/83.0.4103.108 Mobile Safari/537.36 (compatible; Googlebot/2.1; +http://www.google.com/bot.html)" 
66.249.66.45 - - [20/Jun/2020:03:25:04 -0700] "GET /wp-content/plugins/semantic-linkbacks/js/semantic-linkbacks.js?ver=3.10.1 HTTP/1.1" 200 593 "https://www.fornacalia.com/2015/cracking-rye-crackers/" "Mozilla/5.0 (Linux; Android 6.0.1; Nexus 5X Build/MMB29P) AppleWebKit/537.36 (KHTML, like Gecko) Chrome/83.0.4103.108 Mobile Safari/537.36 (compatible; Googlebot/2.1; +http://www.google.com/bot.html)" 
45.83.220.223 - - [20/Jun/2020:03:26:23 -0700] "POST /wp-admin/admin-ajax.php HTTP/1.1" 200 4290 "https://www.fornacalia.com/wp-admin/post.php?post=5468&action=edit" "Mozilla/5.0 (Macintosh; Intel Mac OS X 10.13; rv:77.0) Gecko/20100101 Firefox/77.0" 
45.83.220.223 - - [20/Jun/2020:03:28:23 -0700] "POST /wp-admin/admin-ajax.php HTTP/1.1" 200 807 "https://www.fornacalia.com/wp-admin/post.php?post=5468&action=edit" "Mozilla/5.0 (Macintosh; Intel Mac OS X 10.13; rv:77.0) Gecko/20100101 Firefox/77.0" 
45.83.220.223 - - [20/Jun/2020:03:30:23 -0700] "POST /wp-admin/admin-ajax.php HTTP/1.1" 200 807 "https://www.fornacalia.com/wp-admin/post.php?post=5468&action=edit" "Mozilla/5.0 (Macintosh; Intel Mac OS X 10.13; rv:77.0) Gecko/20100101 Firefox/77.0" 
5.188.84.65 - - [20/Jun/2020:03:31:59 -0700] "GET /2013/pasta-madre-day-2013/ HTTP/1.0" 200 32496 "https://www.fornacalia.com/2013/pasta-madre-day-2013/#comment-1801/" "Mozilla/5.0 (Windows NT 6.1; Win64; x64) AppleWebKit/537.36 (KHTML, like Gecko) Chrome/68.0.3440.106 Safari/537.36" 
5.188.84.65 - - [20/Jun/2020:03:32:00 -0700] "POST /wp-comments-post.php HTTP/1.0" 302 3874 "https://www.fornacalia.com/2013/pasta-madre-day-2013/#comment-1801/" "Mozilla/5.0 (Windows NT 6.1; Win64; x64) AppleWebKit/537.36 (KHTML, like Gecko) Chrome/68.0.3440.106 Safari/537.36" 
5.188.84.65 - - [20/Jun/2020:03:32:18 -0700] "GET /2013/pasta-madre-day-2013/ HTTP/1.0" 200 32496 "https://www.fornacalia.com/2013/pasta-madre-day-2013/#comment-1801/" "Mozilla/5.0 (Windows NT 6.3; Win64; x64) AppleWebKit/537.36 (KHTML, like Gecko) Chrome/67.0.3396.87 Safari/537.36" 
5.188.84.65 - - [20/Jun/2020:03:32:19 -0700] "POST /wp-comments-post.php HTTP/1.0" 302 3874 "https://www.fornacalia.com/2013/pasta-madre-day-2013/#comment-1801/" "Mozilla/5.0 (Windows NT 6.3; Win64; x64) AppleWebKit/537.36 (KHTML, like Gecko) Chrome/67.0.3396.87 Safari/537.36" 
45.83.220.223 - - [20/Jun/2020:03:32:23 -0700] "POST /wp-admin/admin-ajax.php HTTP/1.1" 200 4290 "https://www.fornacalia.com/wp-admin/post.php?post=5468&action=edit" "Mozilla/5.0 (Macintosh; Intel Mac OS X 10.13; rv:77.0) Gecko/20100101 Firefox/77.0" 
5.188.84.233 - - [20/Jun/2020:03:32:34 -0700] "GET /2013/pasta-madre-day-2013/ HTTP/1.0" 200 32496 "https://www.fornacalia.com/2013/pasta-madre-day-2013/#comment-1801/" "Mozilla/5.0 (Windows NT 10.0; Win64; x64) AppleWebKit/537.36 (KHTML, like Gecko) Chrome/68.0.3440.106 Safari/537.36" 
5.188.84.233 - - [20/Jun/2020:03:32:35 -0700] "POST /wp-comments-post.php HTTP/1.0" 302 3874 "https://www.fornacalia.com/2013/pasta-madre-day-2013/#comment-1801/" "Mozilla/5.0 (Windows NT 10.0; Win64; x64) AppleWebKit/537.36 (KHTML, like Gecko) Chrome/68.0.3440.106 Safari/537.36" 
45.83.220.223 - - [20/Jun/2020:03:34:23 -0700] "POST /wp-admin/admin-ajax.php HTTP/1.1" 200 807 "https://www.fornacalia.com/wp-admin/post.php?post=5468&action=edit" "Mozilla/5.0 (Macintosh; Intel Mac OS X 10.13; rv:77.0) Gecko/20100101 Firefox/77.0" 
5.81.116.50 - - [20/Jun/2020:03:36:04 -0700] "POST /xmlrpc.php HTTP/1.1" 301 4152 "-" "Mozilla/4.0 (compatible; MSIE 6.0; Windows NT 5.0)" 
5.81.116.50 - - [20/Jun/2020:03:36:05 -0700] "GET /xmlrpc.php HTTP/1.1" 405 3948 "-" "Mozilla/4.0 (compatible; MSIE 6.0; Windows NT 5.0)" 
45.83.220.223 - - [20/Jun/2020:03:36:23 -0700] "POST /wp-admin/admin-ajax.php HTTP/1.1" 200 807 "https://www.fornacalia.com/wp-admin/post.php?post=5468&action=edit" "Mozilla/5.0 (Macintosh; Intel Mac OS X 10.13; rv:77.0) Gecko/20100101 Firefox/77.0" 
5.188.84.15 - - [20/Jun/2020:03:36:59 -0700] "GET /2013/pasta-madre-day-2013/ HTTP/1.0" 200 32496 "https://www.fornacalia.com/2013/pasta-madre-day-2013/#comment-1801/" "Mozilla/5.0 (Macintosh; Intel Mac OS X 10_13_5) AppleWebKit/537.36 (KHTML, like Gecko) Chrome/67.0.3396.99 Safari/537.36" 
5.188.84.15 - - [20/Jun/2020:03:37:00 -0700] "POST /wp-comments-post.php HTTP/1.0" 302 3874 "https://www.fornacalia.com/2013/pasta-madre-day-2013/#comment-1801/" "Mozilla/5.0 (Macintosh; Intel Mac OS X 10_13_5) AppleWebKit/537.36 (KHTML, like Gecko) Chrome/67.0.3396.99 Safari/537.36" 
45.83.220.223 - - [20/Jun/2020:03:38:23 -0700] "POST /wp-admin/admin-ajax.php HTTP/1.1" 200 4290 "https://www.fornacalia.com/wp-admin/post.php?post=5468&action=edit" "Mozilla/5.0 (Macintosh; Intel Mac OS X 10.13; rv:77.0) Gecko/20100101 Firefox/77.0" 
46.229.168.134 - - [20/Jun/2020:03:38:56 -0700] "GET /2018/long-soak-brown-bread/ HTTP/1.1" 200 11701 "-" "Mozilla/5.0 (compatible; SemrushBot/6~bl; +http://www.semrush.com/bot.html)" 
45.83.220.223 - - [20/Jun/2020:03:40:23 -0700] "POST /wp-admin/admin-ajax.php HTTP/1.1" 200 807 "https://www.fornacalia.com/wp-admin/post.php?post=5468&action=edit" "Mozilla/5.0 (Macintosh; Intel Mac OS X 10.13; rv:77.0) Gecko/20100101 Firefox/77.0" 
5.188.84.45 - - [20/Jun/2020:03:41:18 -0700] "GET /2013/pasta-madre-day-2013/ HTTP/1.0" 200 32496 "https://www.fornacalia.com/2013/pasta-madre-day-2013/#comment-1801/" "Mozilla/5.0 (Windows NT 10.0; Win64; x64) AppleWebKit/537.36 (KHTML, like Gecko) Chrome/64.0.3282.140 Safari/537.36 Edge/17.17134" 
5.188.84.45 - - [20/Jun/2020:03:41:19 -0700] "POST /wp-comments-post.php HTTP/1.0" 302 3874 "https://www.fornacalia.com/2013/pasta-madre-day-2013/#comment-1801/" "Mozilla/5.0 (Windows NT 10.0; Win64; x64) AppleWebKit/537.36 (KHTML, like Gecko) Chrome/64.0.3282.140 Safari/537.36 Edge/17.17134" 
45.83.220.223 - - [20/Jun/2020:03:42:23 -0700] "POST /wp-admin/admin-ajax.php HTTP/1.1" 200 807 "https://www.fornacalia.com/wp-admin/post.php?post=5468&action=edit" "Mozilla/5.0 (Macintosh; Intel Mac OS X 10.13; rv:77.0) Gecko/20100101 Firefox/77.0" 
64.111.100.215 - - [20/Jun/2020:03:42:23 -0700] "POST /wp-cron.php?doing_wp_cron=1592649743.7468039989471435546875 HTTP/1.1" 200 3383 "https://www.fornacalia.com/wp-cron.php?doing_wp_cron=1592649743.7468039989471435546875" "WordPress/5.2.7; https://www.fornacalia.com" 
5.188.84.233 - - [20/Jun/2020:03:44:17 -0700] "GET /2013/pasta-madre-day-2013/ HTTP/1.0" 200 32496 "https://www.fornacalia.com/2013/pasta-madre-day-2013/#comment-1801/" "Mozilla/5.0 (Windows NT 6.2; Win64; x64) AppleWebKit/537.36 (KHTML, like Gecko) Chrome/68.0.3440.106 Safari/537.36" 
5.188.84.233 - - [20/Jun/2020:03:44:18 -0700] "POST /wp-comments-post.php HTTP/1.0" 302 3874 "https://www.fornacalia.com/2013/pasta-madre-day-2013/#comment-1801/" "Mozilla/5.0 (Windows NT 6.2; Win64; x64) AppleWebKit/537.36 (KHTML, like Gecko) Chrome/68.0.3440.106 Safari/537.36" 
45.83.220.223 - - [20/Jun/2020:03:44:23 -0700] "POST /wp-admin/admin-ajax.php HTTP/1.1" 200 4290 "https://www.fornacalia.com/wp-admin/post.php?post=5468&action=edit" "Mozilla/5.0 (Macintosh; Intel Mac OS X 10.13; rv:77.0) Gecko/20100101 Firefox/77.0" 
5.188.84.147 - - [20/Jun/2020:03:45:11 -0700] "GET /2013/pasta-madre-day-2013/ HTTP/1.0" 200 32496 "https://www.fornacalia.com/2013/pasta-madre-day-2013/#comment-1801/" "Mozilla/5.0 (Windows NT 6.1) AppleWebKit/537.36 (KHTML, like Gecko) Chrome/67.0.3396.87 Safari/537.36" 
5.188.84.147 - - [20/Jun/2020:03:45:12 -0700] "POST /wp-comments-post.php HTTP/1.0" 302 3874 "https://www.fornacalia.com/2013/pasta-madre-day-2013/#comment-1801/" "Mozilla/5.0 (Windows NT 6.1) AppleWebKit/537.36 (KHTML, like Gecko) Chrome/67.0.3396.87 Safari/537.36" 
45.83.220.223 - - [20/Jun/2020:03:46:23 -0700] "POST /wp-admin/admin-ajax.php HTTP/1.1" 200 807 "https://www.fornacalia.com/wp-admin/post.php?post=5468&action=edit" "Mozilla/5.0 (Macintosh; Intel Mac OS X 10.13; rv:77.0) Gecko/20100101 Firefox/77.0" 
5.188.84.25 - - [20/Jun/2020:03:46:27 -0700] "GET /2013/pasta-madre-day-2013/ HTTP/1.0" 200 32496 "https://www.fornacalia.com/2013/pasta-madre-day-2013/#comment-1801/" "Mozilla/5.0 (Windows NT 6.1) AppleWebKit/537.36 (KHTML, like Gecko) Chrome/67.0.3396.99 Safari/537.36 Kinza/4.8.2" 
5.188.84.25 - - [20/Jun/2020:03:46:28 -0700] "POST /wp-comments-post.php HTTP/1.0" 302 3874 "https://www.fornacalia.com/2013/pasta-madre-day-2013/#comment-1801/" "Mozilla/5.0 (Windows NT 6.1) AppleWebKit/537.36 (KHTML, like Gecko) Chrome/67.0.3396.99 Safari/537.36 Kinza/4.8.2" 
5.188.84.147 - - [20/Jun/2020:03:48:21 -0700] "GET /2013/pasta-madre-day-2013/ HTTP/1.0" 200 32496 "https://www.fornacalia.com/2013/pasta-madre-day-2013/#comment-1801/" "Mozilla/5.0 (Windows NT 6.1; Win64; x64) AppleWebKit/537.36 (KHTML, like Gecko) Chrome/66.0.3359.170 Safari/537.36 OPR/53.0.2907.106" 
5.188.84.147 - - [20/Jun/2020:03:48:22 -0700] "POST /wp-comments-post.php HTTP/1.0" 302 3874 "https://www.fornacalia.com/2013/pasta-madre-day-2013/#comment-1801/" "Mozilla/5.0 (Windows NT 6.1; Win64; x64) AppleWebKit/537.36 (KHTML, like Gecko) Chrome/66.0.3359.170 Safari/537.36 OPR/53.0.2907.106" 
45.83.220.223 - - [20/Jun/2020:03:48:23 -0700] "POST /wp-admin/admin-ajax.php HTTP/1.1" 200 807 "https://www.fornacalia.com/wp-admin/post.php?post=5468&action=edit" "Mozilla/5.0 (Macintosh; Intel Mac OS X 10.13; rv:77.0) Gecko/20100101 Firefox/77.0" 
46.229.168.151 - - [20/Jun/2020:03:49:49 -0700] "GET /2009/who-needs-a-hobby-like-tennis-or-philately/ HTTP/1.1" 200 12367 "-" "Mozilla/5.0 (compatible; SemrushBot/6~bl; +http://www.semrush.com/bot.html)" 
5.188.84.35 - - [20/Jun/2020:03:50:22 -0700] "GET /2013/pasta-madre-day-2013/ HTTP/1.0" 200 32496 "https://www.fornacalia.com/2013/pasta-madre-day-2013/#comment-1801/" "Mozilla/5.0 (Windows NT 6.1; WOW64) AppleWebKit/537.36 (KHTML, like Gecko) Chrome/66.0.3359.170 Safari/537.36 OPR/53.0.2907.99" 
5.188.84.35 - - [20/Jun/2020:03:50:23 -0700] "POST /wp-comments-post.php HTTP/1.0" 302 3874 "https://www.fornacalia.com/2013/pasta-madre-day-2013/#comment-1801/" "Mozilla/5.0 (Windows NT 6.1; WOW64) AppleWebKit/537.36 (KHTML, like Gecko) Chrome/66.0.3359.170 Safari/537.36 OPR/53.0.2907.99" 
45.83.220.223 - - [20/Jun/2020:03:50:23 -0700] "POST /wp-admin/admin-ajax.php HTTP/1.1" 200 4290 "https://www.fornacalia.com/wp-admin/post.php?post=5468&action=edit" "Mozilla/5.0 (Macintosh; Intel Mac OS X 10.13; rv:77.0) Gecko/20100101 Firefox/77.0" 
45.83.220.223 - - [20/Jun/2020:03:52:23 -0700] "POST /wp-admin/admin-ajax.php HTTP/1.1" 200 807 "https://www.fornacalia.com/wp-admin/post.php?post=5468&action=edit" "Mozilla/5.0 (Macintosh; Intel Mac OS X 10.13; rv:77.0) Gecko/20100101 Firefox/77.0" 
45.83.220.223 - - [20/Jun/2020:03:54:23 -0700] "POST /wp-admin/admin-ajax.php HTTP/1.1" 200 807 "https://www.fornacalia.com/wp-admin/post.php?post=5468&action=edit" "Mozilla/5.0 (Macintosh; Intel Mac OS X 10.13; rv:77.0) Gecko/20100101 Firefox/77.0" 
66.249.66.47 - - [20/Jun/2020:03:54:59 -0700] "GET /category/gleanings/ HTTP/1.1" 200 13080 "-" "Mozilla/5.0 (compatible; Googlebot/2.1; +http://www.google.com/bot.html)" 
66.249.66.45 - - [20/Jun/2020:03:55:00 -0700] "GET /wp-content/plugins/semantic-linkbacks/css/semantic-linkbacks.css?ver=3.10.1 HTTP/1.1" 200 4381 "https://www.fornacalia.com/category/gleanings/" "Mozilla/5.0 AppleWebKit/537.36 (KHTML, like Gecko; compatible; Googlebot/2.1; +http://www.google.com/bot.html) Chrome/83.0.4103.108 Safari/537.36" 
66.249.66.43 - - [20/Jun/2020:03:55:01 -0700] "GET /wp-content/plugins/indieweb/static/css/indieweb.css?ver=3.4.2 HTTP/1.1" 200 13009 "https://www.fornacalia.com/category/gleanings/" "Mozilla/5.0 AppleWebKit/537.36 (KHTML, like Gecko; compatible; Googlebot/2.1; +http://www.google.com/bot.html) Chrome/83.0.4103.108 Safari/537.36" 
66.249.66.43 - - [20/Jun/2020:03:55:01 -0700] "GET /wp-content/themes/autonomie/js/skip-link-focus-fix.js?ver=1.0.0 HTTP/1.1" 200 928 "https://www.fornacalia.com/category/gleanings/" "Mozilla/5.0 AppleWebKit/537.36 (KHTML, like Gecko; compatible; Googlebot/2.1; +http://www.google.com/bot.html) Chrome/83.0.4103.108 Safari/537.36" 
5.188.84.220 - - [20/Jun/2020:03:55:25 -0700] "GET /2013/pasta-madre-day-2013/ HTTP/1.0" 200 32496 "https://www.fornacalia.com/2013/pasta-madre-day-2013/#comment-1801/" "Mozilla/5.0 (Windows NT 6.3; Win64; x64) AppleWebKit/537.36 (KHTML, like Gecko) Chrome/68.0.3440.84 Safari/537.36" 
5.188.84.220 - - [20/Jun/2020:03:55:26 -0700] "POST /wp-comments-post.php HTTP/1.0" 302 3874 "https://www.fornacalia.com/2013/pasta-madre-day-2013/#comment-1801/" "Mozilla/5.0 (Windows NT 6.3; Win64; x64) AppleWebKit/537.36 (KHTML, like Gecko) Chrome/68.0.3440.84 Safari/537.36" 
5.188.84.45 - - [20/Jun/2020:03:56:17 -0700] "GET /2013/pasta-madre-day-2013/ HTTP/1.0" 200 32496 "https://www.fornacalia.com/2013/pasta-madre-day-2013/#comment-1801/" "Mozilla/5.0 (Windows NT 6.1; Win64; x64) AppleWebKit/537.36 (KHTML, like Gecko) Chrome/67.0.3396.87 Safari/537.36 OPR/54.0.2952.54" 
5.188.84.45 - - [20/Jun/2020:03:56:17 -0700] "POST /wp-comments-post.php HTTP/1.0" 302 3874 "https://www.fornacalia.com/2013/pasta-madre-day-2013/#comment-1801/" "Mozilla/5.0 (Windows NT 6.1; Win64; x64) AppleWebKit/537.36 (KHTML, like Gecko) Chrome/67.0.3396.87 Safari/537.36 OPR/54.0.2952.54" 
45.83.220.223 - - [20/Jun/2020:03:56:24 -0700] "POST /wp-admin/admin-ajax.php HTTP/1.1" 200 4290 "https://www.fornacalia.com/wp-admin/post.php?post=5468&action=edit" "Mozilla/5.0 (Macintosh; Intel Mac OS X 10.13; rv:77.0) Gecko/20100101 Firefox/77.0" 
77.88.5.71 - - [20/Jun/2020:03:57:57 -0700] "GET /17-400x300/trackback/ HTTP/1.1" 302 4101 "-" "Mozilla/5.0 (compatible; YandexBot/3.0; +http://yandex.com/bots)" 
77.88.5.71 - - [20/Jun/2020:03:58:01 -0700] "GET /17-400x300/ HTTP/1.1" 200 10168 "-" "Mozilla/5.0 (compatible; YandexBot/3.0; +http://yandex.com/bots)" 
45.83.220.223 - - [20/Jun/2020:03:58:23 -0700] "POST /wp-admin/admin-ajax.php HTTP/1.1" 200 807 "https://www.fornacalia.com/wp-admin/post.php?post=5468&action=edit" "Mozilla/5.0 (Macintosh; Intel Mac OS X 10.13; rv:77.0) Gecko/20100101 Firefox/77.0" 
45.83.220.223 - - [20/Jun/2020:04:00:23 -0700] "POST /wp-admin/admin-ajax.php HTTP/1.1" 200 807 "https://www.fornacalia.com/wp-admin/post.php?post=5468&action=edit" "Mozilla/5.0 (Macintosh; Intel Mac OS X 10.13; rv:77.0) Gecko/20100101 Firefox/77.0" 
45.83.220.223 - - [20/Jun/2020:04:02:24 -0700] "POST /wp-admin/admin-ajax.php HTTP/1.1" 200 4290 "https://www.fornacalia.com/wp-admin/post.php?post=5468&action=edit" "Mozilla/5.0 (Macintosh; Intel Mac OS X 10.13; rv:77.0) Gecko/20100101 Firefox/77.0" 
45.83.220.223 - - [20/Jun/2020:04:04:23 -0700] "POST /wp-admin/admin-ajax.php HTTP/1.1" 200 807 "https://www.fornacalia.com/wp-admin/post.php?post=5468&action=edit" "Mozilla/5.0 (Macintosh; Intel Mac OS X 10.13; rv:77.0) Gecko/20100101 Firefox/77.0" 
45.83.220.223 - - [20/Jun/2020:04:05:23 -0700] "POST /wp-admin/admin-ajax.php HTTP/1.1" 200 878 "https://www.fornacalia.com/wp-admin/post.php?post=5468&action=edit" "Mozilla/5.0 (Macintosh; Intel Mac OS X 10.13; rv:77.0) Gecko/20100101 Firefox/77.0" 
45.83.220.223 - - [20/Jun/2020:04:06:06 -0700] "POST /wp-admin/post.php HTTP/1.1" 302 815 "https://www.fornacalia.com/wp-admin/post.php?post=5468&action=edit" "Mozilla/5.0 (Macintosh; Intel Mac OS X 10.13; rv:77.0) Gecko/20100101 Firefox/77.0" 
45.83.220.223 - - [20/Jun/2020:04:06:06 -0700] "GET /wp-admin/post.php?post=5468&action=edit&message=10 HTTP/1.1" 200 46348 "https://www.fornacalia.com/wp-admin/post.php?post=5468&action=edit" "Mozilla/5.0 (Macintosh; Intel Mac OS X 10.13; rv:77.0) Gecko/20100101 Firefox/77.0" 
45.83.220.223 - - [20/Jun/2020:04:06:07 -0700] "GET /wp-includes/js/wp-sanitize.min.js?ver=5.2.7 HTTP/1.1" 200 715 "https://www.fornacalia.com/wp-admin/post.php?post=5468&action=edit" "Mozilla/5.0 (Macintosh; Intel Mac OS X 10.13; rv:77.0) Gecko/20100101 Firefox/77.0" 
45.83.220.223 - - [20/Jun/2020:04:06:07 -0700] "GET /wp-includes/js/wp-a11y.min.js?ver=5.2.7 HTTP/1.1" 200 837 "https://www.fornacalia.com/wp-admin/post.php?post=5468&action=edit" "Mozilla/5.0 (Macintosh; Intel Mac OS X 10.13; rv:77.0) Gecko/20100101 Firefox/77.0" 
45.83.220.223 - - [20/Jun/2020:04:06:07 -0700] "GET /wp-admin/admin-ajax.php?action=oembed-cache&post=5468 HTTP/1.1" 200 698 "https://www.fornacalia.com/wp-admin/post.php?post=5468&action=edit" "Mozilla/5.0 (Macintosh; Intel Mac OS X 10.13; rv:77.0) Gecko/20100101 Firefox/77.0" 
45.83.220.223 - - [20/Jun/2020:04:06:16 -0700] "POST /wp-admin/post.php HTTP/1.1" 302 668 "https://www.fornacalia.com/wp-admin/post.php?post=5468&action=edit" "Mozilla/5.0 (Macintosh; Intel Mac OS X 10.13; rv:77.0) Gecko/20100101 Firefox/77.0" 
45.83.220.223 - - [20/Jun/2020:04:06:16 -0700] "GET /?p=5468&preview=true HTTP/1.1" 200 11678 "https://www.fornacalia.com/wp-admin/post.php?post=5468&action=edit" "Mozilla/5.0 (Macintosh; Intel Mac OS X 10.13; rv:77.0) Gecko/20100101 Firefox/77.0" 
45.83.220.223 - - [20/Jun/2020:04:06:16 -0700] "GET /wp-includes/css/dashicons.min.css?ver=5.2.7 HTTP/1.1" 200 29451 "https://www.fornacalia.com/?p=5468&preview=true" "Mozilla/5.0 (Macintosh; Intel Mac OS X 10.13; rv:77.0) Gecko/20100101 Firefox/77.0" 
45.83.220.223 - - [20/Jun/2020:04:06:17 -0700] "GET /wp-content/themes/Autonomie-child/css/wide-width.css?ver=1.0.0 HTTP/1.1" 404 30477 "https://www.fornacalia.com/?p=5468&preview=true" "Mozilla/5.0 (Macintosh; Intel Mac OS X 10.13; rv:77.0) Gecko/20100101 Firefox/77.0" 
45.83.220.223 - - [20/Jun/2020:04:06:17 -0700] "GET /wp-content/themes/autonomie/font/merriweather/merriweather-v15-latin-300.woff2 HTTP/1.1" 200 18966 "https://www.fornacalia.com/wp-content/themes/autonomie/style.css?ver=5.2.7" "Mozilla/5.0 (Macintosh; Intel Mac OS X 10.13; rv:77.0) Gecko/20100101 Firefox/77.0" 
45.83.220.223 - - [20/Jun/2020:04:06:18 -0700] "GET /wp-content/uploads/2020/06/knead.mp4 HTTP/1.1" 206 363292 "https://www.fornacalia.com/?p=5468&preview=true" "Mozilla/5.0 (Macintosh; Intel Mac OS X 10.13; rv:77.0) Gecko/20100101 Firefox/77.0" 
45.83.220.223 - - [20/Jun/2020:04:06:18 -0700] "GET /wp-content/uploads/2020/06/hydrate.mp4 HTTP/1.1" 206 348552 "https://www.fornacalia.com/?p=5468&preview=true" "Mozilla/5.0 (Macintosh; Intel Mac OS X 10.13; rv:77.0) Gecko/20100101 Firefox/77.0" 
45.83.220.223 - - [20/Jun/2020:04:07:08 -0700] "POST /wp-admin/admin-ajax.php HTTP/1.1" 200 807 "https://www.fornacalia.com/wp-admin/post.php?post=5468&action=edit" "Mozilla/5.0 (Macintosh; Intel Mac OS X 10.13; rv:77.0) Gecko/20100101 Firefox/77.0" 
45.83.220.223 - - [20/Jun/2020:04:07:25 -0700] "POST /wp-admin/post.php HTTP/1.1" 302 4298 "https://www.fornacalia.com/wp-admin/post.php?post=5468&action=edit" "Mozilla/5.0 (Macintosh; Intel Mac OS X 10.13; rv:77.0) Gecko/20100101 Firefox/77.0" 
45.83.220.223 - - [20/Jun/2020:04:07:25 -0700] "GET /wp-admin/post.php?post=5468&action=edit&message=10 HTTP/1.1" 200 46353 "https://www.fornacalia.com/wp-admin/post.php?post=5468&action=edit" "Mozilla/5.0 (Macintosh; Intel Mac OS X 10.13; rv:77.0) Gecko/20100101 Firefox/77.0" 
45.83.220.223 - - [20/Jun/2020:04:07:26 -0700] "GET /wp-admin/admin-ajax.php?action=oembed-cache&post=5468 HTTP/1.1" 200 523 "https://www.fornacalia.com/wp-admin/post.php?post=5468&action=edit" "Mozilla/5.0 (Macintosh; Intel Mac OS X 10.13; rv:77.0) Gecko/20100101 Firefox/77.0" 
45.83.220.223 - - [20/Jun/2020:04:07:27 -0700] "POST /wp-admin/post.php HTTP/1.1" 302 493 "https://www.fornacalia.com/wp-admin/post.php?post=5468&action=edit" "Mozilla/5.0 (Macintosh; Intel Mac OS X 10.13; rv:77.0) Gecko/20100101 Firefox/77.0" 
45.83.220.223 - - [20/Jun/2020:04:07:28 -0700] "GET /?p=5468&preview=true HTTP/1.1" 200 11677 "https://www.fornacalia.com/wp-admin/post.php?post=5468&action=edit" "Mozilla/5.0 (Macintosh; Intel Mac OS X 10.13; rv:77.0) Gecko/20100101 Firefox/77.0" 
45.83.220.223 - - [20/Jun/2020:04:07:28 -0700] "GET /wp-content/themes/Autonomie-child/css/wide-width.css?ver=1.0.0 HTTP/1.1" 404 30302 "https://www.fornacalia.com/?p=5468&preview=true" "Mozilla/5.0 (Macintosh; Intel Mac OS X 10.13; rv:77.0) Gecko/20100101 Firefox/77.0" 
45.83.220.223 - - [20/Jun/2020:04:07:29 -0700] "GET /wp-content/uploads/2020/06/knead.mp4 HTTP/1.1" 206 194300 "https://www.fornacalia.com/?p=5468&preview=true" "Mozilla/5.0 (Macintosh; Intel Mac OS X 10.13; rv:77.0) Gecko/20100101 Firefox/77.0" 
45.83.220.223 - - [20/Jun/2020:04:08:27 -0700] "POST /wp-admin/admin-ajax.php HTTP/1.1" 200 807 "https://www.fornacalia.com/wp-admin/post.php?post=5468&action=edit" "Mozilla/5.0 (Macintosh; Intel Mac OS X 10.13; rv:77.0) Gecko/20100101 Firefox/77.0" 
45.83.220.223 - - [20/Jun/2020:04:08:30 -0700] "POST /wp-admin/post.php HTTP/1.1" 302 815 "https://www.fornacalia.com/wp-admin/post.php?post=5468&action=edit" "Mozilla/5.0 (Macintosh; Intel Mac OS X 10.13; rv:77.0) Gecko/20100101 Firefox/77.0" 
45.83.220.223 - - [20/Jun/2020:04:08:30 -0700] "GET /wp-admin/post.php?post=5468&action=edit&message=10 HTTP/1.1" 200 46347 "https://www.fornacalia.com/wp-admin/post.php?post=5468&action=edit" "Mozilla/5.0 (Macintosh; Intel Mac OS X 10.13; rv:77.0) Gecko/20100101 Firefox/77.0" 
45.83.220.223 - - [20/Jun/2020:04:08:31 -0700] "GET /wp-admin/admin-ajax.php?action=oembed-cache&post=5468 HTTP/1.1" 200 523 "https://www.fornacalia.com/wp-admin/post.php?post=5468&action=edit" "Mozilla/5.0 (Macintosh; Intel Mac OS X 10.13; rv:77.0) Gecko/20100101 Firefox/77.0" 
45.83.220.223 - - [20/Jun/2020:04:08:38 -0700] "GET /?p=5468&preview=true HTTP/1.1" 200 11843 "https://www.fornacalia.com/wp-admin/post.php?post=5468&action=edit" "Mozilla/5.0 (Macintosh; Intel Mac OS X 10.13; rv:77.0) Gecko/20100101 Firefox/77.0" 
45.83.220.223 - - [20/Jun/2020:04:08:38 -0700] "GET /wp-includes/js/jquery/jquery.js?ver=1.12.4-wp HTTP/1.1" 200 35150 "https://www.fornacalia.com/?p=5468&preview=true" "Mozilla/5.0 (Macintosh; Intel Mac OS X 10.13; rv:77.0) Gecko/20100101 Firefox/77.0" 
45.83.220.223 - - [20/Jun/2020:04:08:38 -0700] "GET /wp-includes/js/comment-reply.min.js?ver=5.2.7 HTTP/1.1" 200 1714 "https://www.fornacalia.com/?p=5468&preview=true" "Mozilla/5.0 (Macintosh; Intel Mac OS X 10.13; rv:77.0) Gecko/20100101 Firefox/77.0" 
45.83.220.223 - - [20/Jun/2020:04:08:38 -0700] "GET /wp-content/themes/autonomie/js/skip-link-focus-fix.js?ver=1.0.0 HTTP/1.1" 200 928 "https://www.fornacalia.com/?p=5468&preview=true" "Mozilla/5.0 (Macintosh; Intel Mac OS X 10.13; rv:77.0) Gecko/20100101 Firefox/77.0" 
45.83.220.223 - - [20/Jun/2020:04:08:38 -0700] "GET /wp-includes/js/wp-embed.min.js?ver=5.2.7 HTTP/1.1" 200 1198 "https://www.fornacalia.com/?p=5468&preview=true" "Mozilla/5.0 (Macintosh; Intel Mac OS X 10.13; rv:77.0) Gecko/20100101 Firefox/77.0" 
45.83.220.223 - - [20/Jun/2020:04:08:38 -0700] "GET /wp-includes/css/dashicons.min.css?ver=5.2.7 HTTP/1.1" 200 29451 "https://www.fornacalia.com/?p=5468&preview=true" "Mozilla/5.0 (Macintosh; Intel Mac OS X 10.13; rv:77.0) Gecko/20100101 Firefox/77.0" 
45.83.220.223 - - [20/Jun/2020:04:08:39 -0700] "GET /wp-includes/js/admin-bar.min.js?ver=5.2.7 HTTP/1.1" 200 3164 "https://www.fornacalia.com/?p=5468&preview=true" "Mozilla/5.0 (Macintosh; Intel Mac OS X 10.13; rv:77.0) Gecko/20100101 Firefox/77.0" 
45.83.220.223 - - [20/Jun/2020:04:08:39 -0700] "GET /wp-includes/css/admin-bar.min.css?ver=5.2.7 HTTP/1.1" 200 4600 "https://www.fornacalia.com/?p=5468&preview=true" "Mozilla/5.0 (Macintosh; Intel Mac OS X 10.13; rv:77.0) Gecko/20100101 Firefox/77.0" 
45.83.220.223 - - [20/Jun/2020:04:08:39 -0700] "GET /wp-includes/css/dist/block-library/style.min.css?ver=5.2.7 HTTP/1.1" 200 5367 "https://www.fornacalia.com/?p=5468&preview=true" "Mozilla/5.0 (Macintosh; Intel Mac OS X 10.13; rv:77.0) Gecko/20100101 Firefox/77.0" 
45.83.220.223 - - [20/Jun/2020:04:08:39 -0700] "GET /wp-content/plugins/indieweb/static/css/indieweb.css?ver=3.4.2 HTTP/1.1" 200 9366 "https://www.fornacalia.com/?p=5468&preview=true" "Mozilla/5.0 (Macintosh; Intel Mac OS X 10.13; rv:77.0) Gecko/20100101 Firefox/77.0" 
45.83.220.223 - - [20/Jun/2020:04:08:39 -0700] "GET /wp-content/plugins/semantic-linkbacks/css/semantic-linkbacks.css?ver=3.10.1 HTTP/1.1" 200 738 "https://www.fornacalia.com/?p=5468&preview=true" "Mozilla/5.0 (Macintosh; Intel Mac OS X 10.13; rv:77.0) Gecko/20100101 Firefox/77.0" 
45.83.220.223 - - [20/Jun/2020:04:08:39 -0700] "GET /wp-content/themes/autonomie/style.css?ver=5.2.7 HTTP/1.1" 200 9554 "https://www.fornacalia.com/?p=5468&preview=true" "Mozilla/5.0 (Macintosh; Intel Mac OS X 10.13; rv:77.0) Gecko/20100101 Firefox/77.0" 
45.83.220.223 - - [20/Jun/2020:04:08:39 -0700] "GET /wp-content/themes/Autonomie-child/style.css?ver=1.0.0 HTTP/1.1" 200 1410 "https://www.fornacalia.com/?p=5468&preview=true" "Mozilla/5.0 (Macintosh; Intel Mac OS X 10.13; rv:77.0) Gecko/20100101 Firefox/77.0" 
45.83.220.223 - - [20/Jun/2020:04:08:39 -0700] "GET /wp-content/themes/Autonomie-child/css/print.css?ver=1.0.0 HTTP/1.1" 200 754 "https://www.fornacalia.com/?p=5468&preview=true" "Mozilla/5.0 (Macintosh; Intel Mac OS X 10.13; rv:77.0) Gecko/20100101 Firefox/77.0" 
45.83.220.223 - - [20/Jun/2020:04:08:39 -0700] "GET /wp-content/themes/Autonomie-child/css/narrow-width.css?ver=1.0.0 HTTP/1.1" 200 982 "https://www.fornacalia.com/?p=5468&preview=true" "Mozilla/5.0 (Macintosh; Intel Mac OS X 10.13; rv:77.0) Gecko/20100101 Firefox/77.0" 
45.83.220.223 - - [20/Jun/2020:04:08:39 -0700] "GET /wp-content/themes/Autonomie-child/css/default-width.css?ver=1.0.0 HTTP/1.1" 200 868 "https://www.fornacalia.com/?p=5468&preview=true" "Mozilla/5.0 (Macintosh; Intel Mac OS X 10.13; rv:77.0) Gecko/20100101 Firefox/77.0" 
45.83.220.223 - - [20/Jun/2020:04:08:39 -0700] "GET /wp-includes/js/wp-emoji-release.min.js?ver=5.2.7 HTTP/1.1" 200 5203 "https://www.fornacalia.com/?p=5468&preview=true" "Mozilla/5.0 (Macintosh; Intel Mac OS X 10.13; rv:77.0) Gecko/20100101 Firefox/77.0" 
45.83.220.223 - - [20/Jun/2020:04:08:39 -0700] "GET /wp-content/themes/Autonomie-child/css/wide-width.css?ver=1.0.0 HTTP/1.1" 404 30302 "https://www.fornacalia.com/?p=5468&preview=true" "Mozilla/5.0 (Macintosh; Intel Mac OS X 10.13; rv:77.0) Gecko/20100101 Firefox/77.0" 
45.83.220.223 - - [20/Jun/2020:04:08:40 -0700] "GET /wp-includes/js/jquery/jquery-migrate.min.js?ver=1.4.1 HTTP/1.1" 200 4754 "https://www.fornacalia.com/?p=5468&preview=true" "Mozilla/5.0 (Macintosh; Intel Mac OS X 10.13; rv:77.0) Gecko/20100101 Firefox/77.0" 
45.83.220.223 - - [20/Jun/2020:04:08:40 -0700] "GET /wp-content/plugins/semantic-linkbacks/js/semantic-linkbacks.js?ver=3.10.1 HTTP/1.1" 200 768 "https://www.fornacalia.com/?p=5468&preview=true" "Mozilla/5.0 (Macintosh; Intel Mac OS X 10.13; rv:77.0) Gecko/20100101 Firefox/77.0" 
45.83.220.223 - - [20/Jun/2020:04:08:40 -0700] "GET /wp-content/themes/autonomie/js/navigation.js?ver=1.0.0 HTTP/1.1" 200 1501 "https://www.fornacalia.com/?p=5468&preview=true" "Mozilla/5.0 (Macintosh; Intel Mac OS X 10.13; rv:77.0) Gecko/20100101 Firefox/77.0" 
45.83.220.223 - - [20/Jun/2020:04:08:40 -0700] "GET /wp-content/uploads/2020/06/hydrate.mp4 HTTP/1.1" 206 368500 "https://www.fornacalia.com/?p=5468&preview=true" "Mozilla/5.0 (Macintosh; Intel Mac OS X 10.13; rv:77.0) Gecko/20100101 Firefox/77.0" 
45.83.220.223 - - [20/Jun/2020:04:08:40 -0700] "GET /wp-content/uploads/2020/06/knead.mp4 HTTP/1.1" 206 312220 "https://www.fornacalia.com/?p=5468&preview=true" "Mozilla/5.0 (Macintosh; Intel Mac OS X 10.13; rv:77.0) Gecko/20100101 Firefox/77.0" 
5.188.84.35 - - [20/Jun/2020:04:09:10 -0700] "GET /2013/pasta-madre-day-2013/ HTTP/1.0" 200 32496 "https://www.fornacalia.com/2013/pasta-madre-day-2013/#comment-1801/" "Mozilla/5.0 (Windows NT 6.3; Win64; x64) AppleWebKit/537.36 (KHTML, like Gecko) Chrome/65.0.3325.146 Safari/537.36" 
5.188.84.35 - - [20/Jun/2020:04:09:11 -0700] "POST /wp-comments-post.php HTTP/1.0" 302 3874 "https://www.fornacalia.com/2013/pasta-madre-day-2013/#comment-1801/" "Mozilla/5.0 (Windows NT 6.3; Win64; x64) AppleWebKit/537.36 (KHTML, like Gecko) Chrome/65.0.3325.146 Safari/537.36" 
45.83.220.223 - - [20/Jun/2020:04:09:31 -0700] "POST /wp-admin/admin-ajax.php HTTP/1.1" 200 807 "https://www.fornacalia.com/wp-admin/post.php?post=5468&action=edit" "Mozilla/5.0 (Macintosh; Intel Mac OS X 10.13; rv:77.0) Gecko/20100101 Firefox/77.0" 
45.83.220.223 - - [20/Jun/2020:04:09:36 -0700] "POST /wp-admin/post.php HTTP/1.1" 302 815 "https://www.fornacalia.com/wp-admin/post.php?post=5468&action=edit" "Mozilla/5.0 (Macintosh; Intel Mac OS X 10.13; rv:77.0) Gecko/20100101 Firefox/77.0" 
45.83.220.223 - - [20/Jun/2020:04:09:36 -0700] "GET /wp-admin/post.php?post=5468&action=edit&message=10 HTTP/1.1" 200 46337 "https://www.fornacalia.com/wp-admin/post.php?post=5468&action=edit" "Mozilla/5.0 (Macintosh; Intel Mac OS X 10.13; rv:77.0) Gecko/20100101 Firefox/77.0" 
45.83.220.223 - - [20/Jun/2020:04:09:37 -0700] "GET /wp-admin/admin-ajax.php?action=oembed-cache&post=5468 HTTP/1.1" 200 523 "https://www.fornacalia.com/wp-admin/post.php?post=5468&action=edit" "Mozilla/5.0 (Macintosh; Intel Mac OS X 10.13; rv:77.0) Gecko/20100101 Firefox/77.0" 
45.83.220.223 - - [20/Jun/2020:04:10:06 -0700] "GET /?p=5468&preview=true HTTP/1.1" 200 11845 "https://www.fornacalia.com/wp-admin/post.php?post=5468&action=edit" "Mozilla/5.0 (Macintosh; Intel Mac OS X 10.13; rv:77.0) Gecko/20100101 Firefox/77.0" 
45.83.220.223 - - [20/Jun/2020:04:10:06 -0700] "GET /wp-includes/js/wp-embed.min.js?ver=5.2.7 HTTP/1.1" 200 1198 "https://www.fornacalia.com/?p=5468&preview=true" "Mozilla/5.0 (Macintosh; Intel Mac OS X 10.13; rv:77.0) Gecko/20100101 Firefox/77.0" 
45.83.220.223 - - [20/Jun/2020:04:10:06 -0700] "GET /wp-includes/css/dashicons.min.css?ver=5.2.7 HTTP/1.1" 200 29451 "https://www.fornacalia.com/?p=5468&preview=true" "Mozilla/5.0 (Macintosh; Intel Mac OS X 10.13; rv:77.0) Gecko/20100101 Firefox/77.0" 
45.83.220.223 - - [20/Jun/2020:04:10:06 -0700] "GET /wp-includes/css/admin-bar.min.css?ver=5.2.7 HTTP/1.1" 200 4775 "https://www.fornacalia.com/?p=5468&preview=true" "Mozilla/5.0 (Macintosh; Intel Mac OS X 10.13; rv:77.0) Gecko/20100101 Firefox/77.0" 
45.83.220.223 - - [20/Jun/2020:04:10:07 -0700] "GET /wp-content/themes/Autonomie-child/style.css?ver=1.0.0 HTTP/1.1" 200 1410 "https://www.fornacalia.com/?p=5468&preview=true" "Mozilla/5.0 (Macintosh; Intel Mac OS X 10.13; rv:77.0) Gecko/20100101 Firefox/77.0" 
45.83.220.223 - - [20/Jun/2020:04:10:07 -0700] "GET /wp-content/themes/Autonomie-child/css/print.css?ver=1.0.0 HTTP/1.1" 200 754 "https://www.fornacalia.com/?p=5468&preview=true" "Mozilla/5.0 (Macintosh; Intel Mac OS X 10.13; rv:77.0) Gecko/20100101 Firefox/77.0" 
45.83.220.223 - - [20/Jun/2020:04:10:07 -0700] "GET /wp-content/themes/Autonomie-child/css/narrow-width.css?ver=1.0.0 HTTP/1.1" 200 982 "https://www.fornacalia.com/?p=5468&preview=true" "Mozilla/5.0 (Macintosh; Intel Mac OS X 10.13; rv:77.0) Gecko/20100101 Firefox/77.0" 
45.83.220.223 - - [20/Jun/2020:04:10:07 -0700] "GET /wp-content/themes/Autonomie-child/css/default-width.css?ver=1.0.0 HTTP/1.1" 200 868 "https://www.fornacalia.com/?p=5468&preview=true" "Mozilla/5.0 (Macintosh; Intel Mac OS X 10.13; rv:77.0) Gecko/20100101 Firefox/77.0" 
45.83.220.223 - - [20/Jun/2020:04:10:07 -0700] "GET /wp-includes/js/jquery/jquery.js?ver=1.12.4-wp HTTP/1.1" 200 35150 "https://www.fornacalia.com/?p=5468&preview=true" "Mozilla/5.0 (Macintosh; Intel Mac OS X 10.13; rv:77.0) Gecko/20100101 Firefox/77.0" 
45.83.220.223 - - [20/Jun/2020:04:10:07 -0700] "GET /wp-content/themes/Autonomie-child/css/wide-width.css?ver=1.0.0 HTTP/1.1" 404 30302 "https://www.fornacalia.com/?p=5468&preview=true" "Mozilla/5.0 (Macintosh; Intel Mac OS X 10.13; rv:77.0) Gecko/20100101 Firefox/77.0" 
45.83.220.223 - - [20/Jun/2020:04:10:07 -0700] "GET /wp-includes/css/dist/block-library/style.min.css?ver=5.2.7 HTTP/1.1" 200 5542 "https://www.fornacalia.com/?p=5468&preview=true" "Mozilla/5.0 (Macintosh; Intel Mac OS X 10.13; rv:77.0) Gecko/20100101 Firefox/77.0" 
45.83.220.223 - - [20/Jun/2020:04:10:07 -0700] "GET /wp-includes/js/jquery/jquery-migrate.min.js?ver=1.4.1 HTTP/1.1" 200 4579 "https://www.fornacalia.com/?p=5468&preview=true" "Mozilla/5.0 (Macintosh; Intel Mac OS X 10.13; rv:77.0) Gecko/20100101 Firefox/77.0" 
45.83.220.223 - - [20/Jun/2020:04:10:07 -0700] "GET /wp-includes/js/wp-emoji-release.min.js?ver=5.2.7 HTTP/1.1" 200 5203 "https://www.fornacalia.com/?p=5468&preview=true" "Mozilla/5.0 (Macintosh; Intel Mac OS X 10.13; rv:77.0) Gecko/20100101 Firefox/77.0" 
45.83.220.223 - - [20/Jun/2020:04:10:07 -0700] "GET /wp-includes/js/admin-bar.min.js?ver=5.2.7 HTTP/1.1" 200 2989 "https://www.fornacalia.com/?p=5468&preview=true" "Mozilla/5.0 (Macintosh; Intel Mac OS X 10.13; rv:77.0) Gecko/20100101 Firefox/77.0" 
45.83.220.223 - - [20/Jun/2020:04:10:07 -0700] "GET /wp-content/plugins/semantic-linkbacks/js/semantic-linkbacks.js?ver=3.10.1 HTTP/1.1" 200 593 "https://www.fornacalia.com/?p=5468&preview=true" "Mozilla/5.0 (Macintosh; Intel Mac OS X 10.13; rv:77.0) Gecko/20100101 Firefox/77.0" 
45.83.220.223 - - [20/Jun/2020:04:10:07 -0700] "GET /wp-includes/js/comment-reply.min.js?ver=5.2.7 HTTP/1.1" 200 1539 "https://www.fornacalia.com/?p=5468&preview=true" "Mozilla/5.0 (Macintosh; Intel Mac OS X 10.13; rv:77.0) Gecko/20100101 Firefox/77.0" 
45.83.220.223 - - [20/Jun/2020:04:10:07 -0700] "GET /wp-content/themes/autonomie/js/navigation.js?ver=1.0.0 HTTP/1.1" 200 1326 "https://www.fornacalia.com/?p=5468&preview=true" "Mozilla/5.0 (Macintosh; Intel Mac OS X 10.13; rv:77.0) Gecko/20100101 Firefox/77.0" 
45.83.220.223 - - [20/Jun/2020:04:10:07 -0700] "GET /wp-content/themes/autonomie/js/skip-link-focus-fix.js?ver=1.0.0 HTTP/1.1" 200 928 "https://www.fornacalia.com/?p=5468&preview=true" "Mozilla/5.0 (Macintosh; Intel Mac OS X 10.13; rv:77.0) Gecko/20100101 Firefox/77.0" 
45.83.220.223 - - [20/Jun/2020:04:10:08 -0700] "GET /wp-content/plugins/semantic-linkbacks/css/semantic-linkbacks.css?ver=3.10.1 HTTP/1.1" 200 913 "https://www.fornacalia.com/?p=5468&preview=true" "Mozilla/5.0 (Macintosh; Intel Mac OS X 10.13; rv:77.0) Gecko/20100101 Firefox/77.0" 
45.83.220.223 - - [20/Jun/2020:04:10:08 -0700] "GET /wp-content/plugins/indieweb/static/css/indieweb.css?ver=3.4.2 HTTP/1.1" 200 9541 "https://www.fornacalia.com/?p=5468&preview=true" "Mozilla/5.0 (Macintosh; Intel Mac OS X 10.13; rv:77.0) Gecko/20100101 Firefox/77.0" 
45.83.220.223 - - [20/Jun/2020:04:10:09 -0700] "GET /wp-content/themes/autonomie/style.css?ver=5.2.7 HTTP/1.1" 200 9729 "https://www.fornacalia.com/?p=5468&preview=true" "Mozilla/5.0 (Macintosh; Intel Mac OS X 10.13; rv:77.0) Gecko/20100101 Firefox/77.0" 
45.83.220.223 - - [20/Jun/2020:04:10:10 -0700] "GET /wp-content/themes/autonomie/font/merriweather/merriweather-v15-latin-700.woff2 HTTP/1.1" 200 19178 "https://www.fornacalia.com/wp-content/themes/autonomie/style.css?ver=5.2.7" "Mozilla/5.0 (Macintosh; Intel Mac OS X 10.13; rv:77.0) Gecko/20100101 Firefox/77.0" 
45.83.220.223 - - [20/Jun/2020:04:10:09 -0700] "GET /wp-content/uploads/2020/06/knead.mp4 HTTP/1.1" 206 85760 "https://www.fornacalia.com/?p=5468&preview=true" "Mozilla/5.0 (Macintosh; Intel Mac OS X 10.13; rv:77.0) Gecko/20100101 Firefox/77.0" 
45.83.220.223 - - [20/Jun/2020:04:10:38 -0700] "POST /wp-admin/admin-ajax.php HTTP/1.1" 200 807 "https://www.fornacalia.com/wp-admin/post.php?post=5468&action=edit" "Mozilla/5.0 (Macintosh; Intel Mac OS X 10.13; rv:77.0) Gecko/20100101 Firefox/77.0" 
45.83.220.223 - - [20/Jun/2020:04:11:38 -0700] "POST /wp-admin/admin-ajax.php HTTP/1.1" 200 807 "https://www.fornacalia.com/wp-admin/post.php?post=5468&action=edit" "Mozilla/5.0 (Macintosh; Intel Mac OS X 10.13; rv:77.0) Gecko/20100101 Firefox/77.0" 
5.188.84.25 - - [20/Jun/2020:04:12:00 -0700] "GET /2013/pasta-madre-day-2013/ HTTP/1.0" 200 32496 "https://www.fornacalia.com/2013/pasta-madre-day-2013/#comment-1801/" "Mozilla/5.0 (Windows NT 6.1) AppleWebKit/537.36 (KHTML, like Gecko) Chrome/68.0.3440.106 Safari/537.36" 
5.188.84.25 - - [20/Jun/2020:04:12:00 -0700] "POST /wp-comments-post.php HTTP/1.0" 302 3874 "https://www.fornacalia.com/2013/pasta-madre-day-2013/#comment-1801/" "Mozilla/5.0 (Windows NT 6.1) AppleWebKit/537.36 (KHTML, like Gecko) Chrome/68.0.3440.106 Safari/537.36" 
