91.134.248.249 - - [14/Jun/2020:08:20:37 -0700] "GET /wp-login.php HTTP/1.1" 200 5309 "-" "Mozilla/5.0 (X11; Ubuntu; Linux x86_64; rv:62.0) Gecko/20100101 Firefox/62.0" 
91.134.248.249 - - [14/Jun/2020:08:20:37 -0700] "POST /wp-login.php HTTP/1.1" 200 5684 "-" "Mozilla/5.0 (X11; Ubuntu; Linux x86_64; rv:62.0) Gecko/20100101 Firefox/62.0" 
91.134.248.249 - - [14/Jun/2020:08:20:38 -0700] "POST /xmlrpc.php HTTP/1.1" 200 4188 "-" "Mozilla/5.0 (X11; Ubuntu; Linux x86_64; rv:62.0) Gecko/20100101 Firefox/62.0" 
212.32.229.112 - - [14/Jun/2020:08:24:01 -0700] "GET /wp-login.php HTTP/1.1" 200 5309 "-" "Mozilla/5.0 (X11; Ubuntu; Linux x86_64; rv:62.0) Gecko/20100101 Firefox/62.0" 
212.32.229.112 - - [14/Jun/2020:08:24:01 -0700] "POST /wp-login.php HTTP/1.1" 200 5684 "-" "Mozilla/5.0 (X11; Ubuntu; Linux x86_64; rv:62.0) Gecko/20100101 Firefox/62.0" 
212.32.229.112 - - [14/Jun/2020:08:24:02 -0700] "POST /xmlrpc.php HTTP/1.1" 200 4188 "-" "Mozilla/5.0 (X11; Ubuntu; Linux x86_64; rv:62.0) Gecko/20100101 Firefox/62.0" 
24.184.234.168 - - [14/Jun/2020:08:26:35 -0700] "GET /2019/respect-to-respectus-panis/ HTTP/1.1" 200 13502 "https://www.google.com/" "Mozilla/5.0 (iPhone; CPU iPhone OS 13_4_1 like Mac OS X) AppleWebKit/605.1.15 (KHTML, like Gecko) Version/13.1 Mobile/15E148 Safari/604.1" 
24.184.234.168 - - [14/Jun/2020:08:26:35 -0700] "GET /wp-includes/css/dist/block-library/style.min.css?ver=5.2.7 HTTP/1.1" 200 5367 "https://www.fornacalia.com/2019/respect-to-respectus-panis/" "Mozilla/5.0 (iPhone; CPU iPhone OS 13_4_1 like Mac OS X) AppleWebKit/605.1.15 (KHTML, like Gecko) Version/13.1 Mobile/15E148 Safari/604.1" 
24.184.234.168 - - [14/Jun/2020:08:26:35 -0700] "GET /wp-content/themes/Autonomie-child/style.css?ver=1.0.0 HTTP/1.1" 200 1410 "https://www.fornacalia.com/2019/respect-to-respectus-panis/" "Mozilla/5.0 (iPhone; CPU iPhone OS 13_4_1 like Mac OS X) AppleWebKit/605.1.15 (KHTML, like Gecko) Version/13.1 Mobile/15E148 Safari/604.1" 
24.184.234.168 - - [14/Jun/2020:08:26:35 -0700] "GET /wp-content/themes/Autonomie-child/css/narrow-width.css?ver=1.0.0 HTTP/1.1" 200 982 "https://www.fornacalia.com/2019/respect-to-respectus-panis/" "Mozilla/5.0 (iPhone; CPU iPhone OS 13_4_1 like Mac OS X) AppleWebKit/605.1.15 (KHTML, like Gecko) Version/13.1 Mobile/15E148 Safari/604.1" 
24.184.234.168 - - [14/Jun/2020:08:26:35 -0700] "GET /wp-content/plugins/indieweb/static/css/indieweb.css?ver=3.4.1 HTTP/1.1" 200 7007 "https://www.fornacalia.com/2019/respect-to-respectus-panis/" "Mozilla/5.0 (iPhone; CPU iPhone OS 13_4_1 like Mac OS X) AppleWebKit/605.1.15 (KHTML, like Gecko) Version/13.1 Mobile/15E148 Safari/604.1" 
24.184.234.168 - - [14/Jun/2020:08:26:35 -0700] "GET /wp-includes/js/jquery/jquery.js?ver=1.12.4-wp HTTP/1.1" 200 35150 "https://www.fornacalia.com/2019/respect-to-respectus-panis/" "Mozilla/5.0 (iPhone; CPU iPhone OS 13_4_1 like Mac OS X) AppleWebKit/605.1.15 (KHTML, like Gecko) Version/13.1 Mobile/15E148 Safari/604.1" 
24.184.234.168 - - [14/Jun/2020:08:26:35 -0700] "GET /wp-includes/js/jquery/jquery-migrate.min.js?ver=1.4.1 HTTP/1.1" 200 4579 "https://www.fornacalia.com/2019/respect-to-respectus-panis/" "Mozilla/5.0 (iPhone; CPU iPhone OS 13_4_1 like Mac OS X) AppleWebKit/605.1.15 (KHTML, like Gecko) Version/13.1 Mobile/15E148 Safari/604.1" 
24.184.234.168 - - [14/Jun/2020:08:26:35 -0700] "GET /wp-content/themes/autonomie/style.css?ver=5.2.7 HTTP/1.1" 200 13212 "https://www.fornacalia.com/2019/respect-to-respectus-panis/" "Mozilla/5.0 (iPhone; CPU iPhone OS 13_4_1 like Mac OS X) AppleWebKit/605.1.15 (KHTML, like Gecko) Version/13.1 Mobile/15E148 Safari/604.1" 
24.184.234.168 - - [14/Jun/2020:08:26:36 -0700] "GET /wp-content/plugins/semantic-linkbacks/js/semantic-linkbacks.js?ver=3.8.1 HTTP/1.1" 200 593 "https://www.fornacalia.com/2019/respect-to-respectus-panis/" "Mozilla/5.0 (iPhone; CPU iPhone OS 13_4_1 like Mac OS X) AppleWebKit/605.1.15 (KHTML, like Gecko) Version/13.1 Mobile/15E148 Safari/604.1" 
24.184.234.168 - - [14/Jun/2020:08:26:36 -0700] "GET /wp-includes/js/comment-reply.min.js?ver=5.2.7 HTTP/1.1" 200 1539 "https://www.fornacalia.com/2019/respect-to-respectus-panis/" "Mozilla/5.0 (iPhone; CPU iPhone OS 13_4_1 like Mac OS X) AppleWebKit/605.1.15 (KHTML, like Gecko) Version/13.1 Mobile/15E148 Safari/604.1" 
24.184.234.168 - - [14/Jun/2020:08:26:36 -0700] "GET /wp-content/themes/autonomie/js/navigation.js?ver=1.0.0 HTTP/1.1" 200 1326 "https://www.fornacalia.com/2019/respect-to-respectus-panis/" "Mozilla/5.0 (iPhone; CPU iPhone OS 13_4_1 like Mac OS X) AppleWebKit/605.1.15 (KHTML, like Gecko) Version/13.1 Mobile/15E148 Safari/604.1" 
24.184.234.168 - - [14/Jun/2020:08:26:36 -0700] "GET /wp-content/themes/autonomie/js/skip-link-focus-fix.js?ver=1.0.0 HTTP/1.1" 200 928 "https://www.fornacalia.com/2019/respect-to-respectus-panis/" "Mozilla/5.0 (iPhone; CPU iPhone OS 13_4_1 like Mac OS X) AppleWebKit/605.1.15 (KHTML, like Gecko) Version/13.1 Mobile/15E148 Safari/604.1" 
24.184.234.168 - - [14/Jun/2020:08:26:36 -0700] "GET /wp-includes/js/wp-embed.min.js?ver=5.2.7 HTTP/1.1" 200 1198 "https://www.fornacalia.com/2019/respect-to-respectus-panis/" "Mozilla/5.0 (iPhone; CPU iPhone OS 13_4_1 like Mac OS X) AppleWebKit/605.1.15 (KHTML, like Gecko) Version/13.1 Mobile/15E148 Safari/604.1" 
24.184.234.168 - - [14/Jun/2020:08:26:36 -0700] "GET /wp-content/themes/Autonomie-child/css/print.css?ver=1.0.0 HTTP/1.1" 200 754 "https://www.fornacalia.com/2019/respect-to-respectus-panis/" "Mozilla/5.0 (iPhone; CPU iPhone OS 13_4_1 like Mac OS X) AppleWebKit/605.1.15 (KHTML, like Gecko) Version/13.1 Mobile/15E148 Safari/604.1" 
24.184.234.168 - - [14/Jun/2020:08:26:36 -0700] "GET /wp-content/themes/Autonomie-child/css/default-width.css?ver=1.0.0 HTTP/1.1" 200 868 "https://www.fornacalia.com/2019/respect-to-respectus-panis/" "Mozilla/5.0 (iPhone; CPU iPhone OS 13_4_1 like Mac OS X) AppleWebKit/605.1.15 (KHTML, like Gecko) Version/13.1 Mobile/15E148 Safari/604.1" 
24.184.234.168 - - [14/Jun/2020:08:26:36 -0700] "GET /wp-content/uploads/2019/01/do-nothing-scored.jpg HTTP/1.1" 200 322044 "https://www.fornacalia.com/2019/respect-to-respectus-panis/" "Mozilla/5.0 (iPhone; CPU iPhone OS 13_4_1 like Mac OS X) AppleWebKit/605.1.15 (KHTML, like Gecko) Version/13.1 Mobile/15E148 Safari/604.1" 
24.184.234.168 - - [14/Jun/2020:08:26:36 -0700] "GET /wp-content/themes/Autonomie-child/css/wide-width.css?ver=1.0.0 HTTP/1.1" 404 22142 "https://www.fornacalia.com/2019/respect-to-respectus-panis/" "Mozilla/5.0 (iPhone; CPU iPhone OS 13_4_1 like Mac OS X) AppleWebKit/605.1.15 (KHTML, like Gecko) Version/13.1 Mobile/15E148 Safari/604.1" 
24.184.234.168 - - [14/Jun/2020:08:26:36 -0700] "GET /wp-content/uploads/2019/01/do-nothing-baked-side-1024x620.jpg HTTP/1.1" 200 133251 "https://www.fornacalia.com/2019/respect-to-respectus-panis/" "Mozilla/5.0 (iPhone; CPU iPhone OS 13_4_1 like Mac OS X) AppleWebKit/605.1.15 (KHTML, like Gecko) Version/13.1 Mobile/15E148 Safari/604.1" 
24.184.234.168 - - [14/Jun/2020:08:26:36 -0700] "GET /wp-content/plugins/semantic-linkbacks/css/semantic-linkbacks.css?ver=3.8.1 HTTP/1.1" 200 4396 "https://www.fornacalia.com/2019/respect-to-respectus-panis/" "Mozilla/5.0 (iPhone; CPU iPhone OS 13_4_1 like Mac OS X) AppleWebKit/605.1.15 (KHTML, like Gecko) Version/13.1 Mobile/15E148 Safari/604.1" 
24.184.234.168 - - [14/Jun/2020:08:26:36 -0700] "GET /wp-content/uploads/2019/01/do-nothing-baked-crumb-1024x649.jpg HTTP/1.1" 200 127782 "https://www.fornacalia.com/2019/respect-to-respectus-panis/" "Mozilla/5.0 (iPhone; CPU iPhone OS 13_4_1 like Mac OS X) AppleWebKit/605.1.15 (KHTML, like Gecko) Version/13.1 Mobile/15E148 Safari/604.1" 
24.184.234.168 - - [14/Jun/2020:08:26:36 -0700] "GET /wp-content/uploads/2019/01/do-nothing-risen.jpg HTTP/1.1" 200 375730 "https://www.fornacalia.com/2019/respect-to-respectus-panis/" "Mozilla/5.0 (iPhone; CPU iPhone OS 13_4_1 like Mac OS X) AppleWebKit/605.1.15 (KHTML, like Gecko) Version/13.1 Mobile/15E148 Safari/604.1" 
24.184.234.168 - - [14/Jun/2020:08:26:36 -0700] "GET /wp-content/uploads/2019/01/do-nothing-baked-1024x659.jpg HTTP/1.1" 200 165281 "https://www.fornacalia.com/2019/respect-to-respectus-panis/" "Mozilla/5.0 (iPhone; CPU iPhone OS 13_4_1 like Mac OS X) AppleWebKit/605.1.15 (KHTML, like Gecko) Version/13.1 Mobile/15E148 Safari/604.1" 
24.184.234.168 - - [14/Jun/2020:08:26:36 -0700] "GET /wp-content/themes/autonomie/font/merriweather/merriweather-v15-latin-300.woff2 HTTP/1.1" 200 18966 "https://www.fornacalia.com/2019/respect-to-respectus-panis/" "Mozilla/5.0 (iPhone; CPU iPhone OS 13_4_1 like Mac OS X) AppleWebKit/605.1.15 (KHTML, like Gecko) Version/13.1 Mobile/15E148 Safari/604.1" 
24.184.234.168 - - [14/Jun/2020:08:26:36 -0700] "GET /wp-content/themes/autonomie/font/lato/lato-v13-latin-300.woff2 HTTP/1.1" 200 23450 "https://www.fornacalia.com/2019/respect-to-respectus-panis/" "Mozilla/5.0 (iPhone; CPU iPhone OS 13_4_1 like Mac OS X) AppleWebKit/605.1.15 (KHTML, like Gecko) Version/13.1 Mobile/15E148 Safari/604.1" 
24.184.234.168 - - [14/Jun/2020:08:26:36 -0700] "GET /wp-content/themes/autonomie/font/lato/lato-v13-latin-700.woff2 HTTP/1.1" 200 23094 "https://www.fornacalia.com/2019/respect-to-respectus-panis/" "Mozilla/5.0 (iPhone; CPU iPhone OS 13_4_1 like Mac OS X) AppleWebKit/605.1.15 (KHTML, like Gecko) Version/13.1 Mobile/15E148 Safari/604.1" 
24.184.234.168 - - [14/Jun/2020:08:26:36 -0700] "GET /wp-content/themes/autonomie/font/merriweather/merriweather-v15-latin-300italic.woff2 HTTP/1.1" 200 20118 "https://www.fornacalia.com/2019/respect-to-respectus-panis/" "Mozilla/5.0 (iPhone; CPU iPhone OS 13_4_1 like Mac OS X) AppleWebKit/605.1.15 (KHTML, like Gecko) Version/13.1 Mobile/15E148 Safari/604.1" 
24.184.234.168 - - [14/Jun/2020:08:26:36 -0700] "GET /wp-content/themes/autonomie/font/lato/lato-v13-latin-300italic.woff2 HTTP/1.1" 200 17922 "https://www.fornacalia.com/2019/respect-to-respectus-panis/" "Mozilla/5.0 (iPhone; CPU iPhone OS 13_4_1 like Mac OS X) AppleWebKit/605.1.15 (KHTML, like Gecko) Version/13.1 Mobile/15E148 Safari/604.1" 
24.184.234.168 - - [14/Jun/2020:08:26:37 -0700] "GET /wp-content/uploads/2017/12/cropped-forno-favicon-192x192.png HTTP/1.1" 200 25302 "https://www.fornacalia.com/2019/respect-to-respectus-panis/" "Mozilla/5.0 (iPhone; CPU iPhone OS 13_4_1 like Mac OS X) AppleWebKit/605.1.15 (KHTML, like Gecko) Version/13.1 Mobile/15E148 Safari/604.1" 
24.184.234.168 - - [14/Jun/2020:08:26:37 -0700] "GET /wp-content/uploads/2017/12/cropped-forno-favicon-32x32.png HTTP/1.1" 200 1582 "https://www.fornacalia.com/2019/respect-to-respectus-panis/" "Mozilla/5.0 (iPhone; CPU iPhone OS 13_4_1 like Mac OS X) AppleWebKit/605.1.15 (KHTML, like Gecko) Version/13.1 Mobile/15E148 Safari/604.1" 
5.188.84.25 - - [14/Jun/2020:08:29:11 -0700] "GET /2013/pasta-madre-day-2013/ HTTP/1.0" 200 32755 "https://www.fornacalia.com/2013/pasta-madre-day-2013/#comment-1801/" "Mozilla/5.0 (Windows NT 6.1; Win64; x64) AppleWebKit/537.36 (KHTML, like Gecko) Chrome/67.0.3396.87 Safari/537.36" 
5.188.84.25 - - [14/Jun/2020:08:29:12 -0700] "POST /wp-comments-post.php HTTP/1.0" 302 3874 "https://www.fornacalia.com/2013/pasta-madre-day-2013/#comment-1801/" "Mozilla/5.0 (Windows NT 6.1; Win64; x64) AppleWebKit/537.36 (KHTML, like Gecko) Chrome/67.0.3396.87 Safari/537.36" 
5.188.84.233 - - [14/Jun/2020:08:32:48 -0700] "GET /2013/pasta-madre-day-2013/ HTTP/1.0" 200 32755 "https://www.fornacalia.com/2013/pasta-madre-day-2013/#comment-1801/" "Mozilla/5.0 (Windows NT 6.1) AppleWebKit/537.36 (KHTML, like Gecko) Chrome/66.0.3359.181 Safari/537.36 Kinza/4.7.2" 
5.188.84.233 - - [14/Jun/2020:08:32:49 -0700] "POST /wp-comments-post.php HTTP/1.0" 302 3874 "https://www.fornacalia.com/2013/pasta-madre-day-2013/#comment-1801/" "Mozilla/5.0 (Windows NT 6.1) AppleWebKit/537.36 (KHTML, like Gecko) Chrome/66.0.3359.181 Safari/537.36 Kinza/4.7.2" 
94.23.57.17 - - [14/Jun/2020:08:32:54 -0700] "GET /wp-login.php HTTP/1.1" 200 5309 "-" "Mozilla/5.0 (X11; Ubuntu; Linux x86_64; rv:62.0) Gecko/20100101 Firefox/62.0" 
94.23.57.17 - - [14/Jun/2020:08:32:54 -0700] "POST /wp-login.php HTTP/1.1" 200 5684 "-" "Mozilla/5.0 (X11; Ubuntu; Linux x86_64; rv:62.0) Gecko/20100101 Firefox/62.0" 
94.23.57.17 - - [14/Jun/2020:08:32:55 -0700] "POST /xmlrpc.php HTTP/1.1" 200 4188 "-" "Mozilla/5.0 (X11; Ubuntu; Linux x86_64; rv:62.0) Gecko/20100101 Firefox/62.0" 
157.55.39.231 - - [14/Jun/2020:08:33:29 -0700] "GET /page/3/ HTTP/1.1" 200 18575 "-" "Mozilla/5.0 (compatible; bingbot/2.0; +http://www.bing.com/bingbot.htm)" 
5.188.84.147 - - [14/Jun/2020:08:34:12 -0700] "GET /2013/pasta-madre-day-2013/ HTTP/1.0" 200 32755 "https://www.fornacalia.com/2013/pasta-madre-day-2013/#comment-1801/" "Mozilla/5.0 (Windows NT 6.1) AppleWebKit/537.36 (KHTML, like Gecko) Chrome/67.0.3396.99 Safari/537.36 Kinza/4.8.2" 
5.188.84.147 - - [14/Jun/2020:08:34:13 -0700] "POST /wp-comments-post.php HTTP/1.0" 302 3874 "https://www.fornacalia.com/2013/pasta-madre-day-2013/#comment-1801/" "Mozilla/5.0 (Windows NT 6.1) AppleWebKit/537.36 (KHTML, like Gecko) Chrome/67.0.3396.99 Safari/537.36 Kinza/4.8.2" 
5.188.84.147 - - [14/Jun/2020:08:35:02 -0700] "GET /2013/pasta-madre-day-2013/ HTTP/1.0" 200 32755 "https://www.fornacalia.com/2013/pasta-madre-day-2013/#comment-1801/" "Mozilla/5.0 (Windows NT 6.2; Win64; x64) AppleWebKit/537.36 (KHTML, like Gecko) Chrome/68.0.3440.106 Safari/537.36" 
5.188.84.147 - - [14/Jun/2020:08:35:02 -0700] "POST /wp-comments-post.php HTTP/1.0" 302 3874 "https://www.fornacalia.com/2013/pasta-madre-day-2013/#comment-1801/" "Mozilla/5.0 (Windows NT 6.2; Win64; x64) AppleWebKit/537.36 (KHTML, like Gecko) Chrome/68.0.3440.106 Safari/537.36" 
185.166.131.147 - - [14/Jun/2020:08:35:52 -0700] "GET /wp-login.php HTTP/1.1" 200 5309 "-" "Mozilla/5.0 (X11; Ubuntu; Linux x86_64; rv:62.0) Gecko/20100101 Firefox/62.0" 
185.166.131.147 - - [14/Jun/2020:08:35:53 -0700] "POST /wp-login.php HTTP/1.1" 200 5684 "-" "Mozilla/5.0 (X11; Ubuntu; Linux x86_64; rv:62.0) Gecko/20100101 Firefox/62.0" 
185.166.131.147 - - [14/Jun/2020:08:35:53 -0700] "POST /xmlrpc.php HTTP/1.1" 200 4188 "-" "Mozilla/5.0 (X11; Ubuntu; Linux x86_64; rv:62.0) Gecko/20100101 Firefox/62.0" 
5.188.84.45 - - [14/Jun/2020:08:39:45 -0700] "GET /2013/pasta-madre-day-2013/ HTTP/1.0" 200 32755 "https://www.fornacalia.com/2013/pasta-madre-day-2013/#comment-1801/" "Mozilla/5.0 (Windows NT 6.1; Win64; x64) AppleWebKit/537.36 (KHTML, like Gecko) Chrome/68.0.3440.106 Safari/537.36" 
5.188.84.45 - - [14/Jun/2020:08:39:46 -0700] "POST /wp-comments-post.php HTTP/1.0" 302 3874 "https://www.fornacalia.com/2013/pasta-madre-day-2013/#comment-1801/" "Mozilla/5.0 (Windows NT 6.1; Win64; x64) AppleWebKit/537.36 (KHTML, like Gecko) Chrome/68.0.3440.106 Safari/537.36" 
47.52.88.235 - - [14/Jun/2020:08:43:59 -0700] "GET /wp-login.php HTTP/1.1" 200 5309 "-" "Mozilla/5.0 (X11; Ubuntu; Linux x86_64; rv:62.0) Gecko/20100101 Firefox/62.0" 
47.52.88.235 - - [14/Jun/2020:08:44:02 -0700] "POST /wp-login.php HTTP/1.1" 200 5684 "-" "Mozilla/5.0 (X11; Ubuntu; Linux x86_64; rv:62.0) Gecko/20100101 Firefox/62.0" 
47.52.88.235 - - [14/Jun/2020:08:44:03 -0700] "POST /xmlrpc.php HTTP/1.1" 200 4188 "-" "Mozilla/5.0 (X11; Ubuntu; Linux x86_64; rv:62.0) Gecko/20100101 Firefox/62.0" 
5.188.84.65 - - [14/Jun/2020:08:44:30 -0700] "GET /2013/pasta-madre-day-2013/ HTTP/1.0" 200 32755 "https://www.fornacalia.com/2013/pasta-madre-day-2013/#comment-1801/" "Mozilla/5.0 (Windows NT 10.0; Win64; x64) AppleWebKit/537.36 (KHTML, like Gecko) Chrome/67.0.3396.87 Safari/537.36 OPR/54.0.2952.71" 
5.188.84.65 - - [14/Jun/2020:08:44:31 -0700] "POST /wp-comments-post.php HTTP/1.0" 302 3874 "https://www.fornacalia.com/2013/pasta-madre-day-2013/#comment-1801/" "Mozilla/5.0 (Windows NT 10.0; Win64; x64) AppleWebKit/537.36 (KHTML, like Gecko) Chrome/67.0.3396.87 Safari/537.36 OPR/54.0.2952.71" 
5.188.84.45 - - [14/Jun/2020:08:47:49 -0700] "GET /2013/pasta-madre-day-2013/ HTTP/1.0" 200 32755 "https://www.fornacalia.com/2013/pasta-madre-day-2013/#comment-1801/" "Mozilla/5.0 (Windows NT 10.0; Win64; x64) AppleWebKit/537.36 (KHTML, like Gecko) Chrome/67.0.3396.87 Safari/537.36 OPR/54.0.2952.51" 
64.111.100.215 - - [14/Jun/2020:08:47:49 -0700] "POST /wp-cron.php?doing_wp_cron=1592149669.7669360637664794921875 HTTP/1.1" 200 3383 "https://www.fornacalia.com/wp-cron.php?doing_wp_cron=1592149669.7669360637664794921875" "WordPress/5.2.7; https://www.fornacalia.com" 
5.188.84.45 - - [14/Jun/2020:08:47:51 -0700] "POST /wp-comments-post.php HTTP/1.0" 302 3874 "https://www.fornacalia.com/2013/pasta-madre-day-2013/#comment-1801/" "Mozilla/5.0 (Windows NT 10.0; Win64; x64) AppleWebKit/537.36 (KHTML, like Gecko) Chrome/67.0.3396.87 Safari/537.36 OPR/54.0.2952.51" 
31.207.38.123 - - [14/Jun/2020:08:50:53 -0700] "GET /wp-login.php HTTP/1.1" 200 5309 "-" "Mozilla/5.0 (X11; Ubuntu; Linux x86_64; rv:62.0) Gecko/20100101 Firefox/62.0" 
31.207.38.123 - - [14/Jun/2020:08:50:54 -0700] "POST /wp-login.php HTTP/1.1" 200 5684 "-" "Mozilla/5.0 (X11; Ubuntu; Linux x86_64; rv:62.0) Gecko/20100101 Firefox/62.0" 
31.207.38.123 - - [14/Jun/2020:08:50:54 -0700] "POST /xmlrpc.php HTTP/1.1" 200 4188 "-" "Mozilla/5.0 (X11; Ubuntu; Linux x86_64; rv:62.0) Gecko/20100101 Firefox/62.0" 
5.188.84.15 - - [14/Jun/2020:08:52:38 -0700] "GET /2013/pasta-madre-day-2013/ HTTP/1.0" 200 32755 "https://www.fornacalia.com/2013/pasta-madre-day-2013/#comment-1801/" "Mozilla/5.0 (Windows NT 6.3; Win64; x64) AppleWebKit/537.36 (KHTML, like Gecko) Chrome/65.0.3325.146 Safari/537.36" 
5.188.84.15 - - [14/Jun/2020:08:52:39 -0700] "POST /wp-comments-post.php HTTP/1.0" 302 3874 "https://www.fornacalia.com/2013/pasta-madre-day-2013/#comment-1801/" "Mozilla/5.0 (Windows NT 6.3; Win64; x64) AppleWebKit/537.36 (KHTML, like Gecko) Chrome/65.0.3325.146 Safari/537.36" 
167.172.181.41 - - [14/Jun/2020:08:53:23 -0700] "GET /wp-login.php HTTP/1.1" 200 5309 "-" "Mozilla/5.0 (X11; Ubuntu; Linux x86_64; rv:62.0) Gecko/20100101 Firefox/62.0" 
167.172.181.41 - - [14/Jun/2020:08:53:24 -0700] "POST /wp-login.php HTTP/1.1" 200 5684 "-" "Mozilla/5.0 (X11; Ubuntu; Linux x86_64; rv:62.0) Gecko/20100101 Firefox/62.0" 
167.172.181.41 - - [14/Jun/2020:08:53:24 -0700] "POST /xmlrpc.php HTTP/1.1" 200 4188 "-" "Mozilla/5.0 (X11; Ubuntu; Linux x86_64; rv:62.0) Gecko/20100101 Firefox/62.0" 
5.188.84.35 - - [14/Jun/2020:08:55:50 -0700] "GET /2013/pasta-madre-day-2013/ HTTP/1.0" 200 32755 "https://www.fornacalia.com/2013/pasta-madre-day-2013/#comment-1801/" "Mozilla/5.0 (Windows NT 10.0; Win64; x64) AppleWebKit/537.36 (KHTML, like Gecko) Chrome/65.0.3325.181 Safari/537.36" 
5.188.84.35 - - [14/Jun/2020:08:55:51 -0700] "POST /wp-comments-post.php HTTP/1.0" 302 3874 "https://www.fornacalia.com/2013/pasta-madre-day-2013/#comment-1801/" "Mozilla/5.0 (Windows NT 10.0; Win64; x64) AppleWebKit/537.36 (KHTML, like Gecko) Chrome/65.0.3325.181 Safari/537.36" 
134.122.76.185 - - [14/Jun/2020:08:56:18 -0700] "GET /wp-login.php HTTP/1.1" 200 5309 "-" "Mozilla/5.0 (X11; Ubuntu; Linux x86_64; rv:62.0) Gecko/20100101 Firefox/62.0" 
134.122.76.185 - - [14/Jun/2020:08:56:19 -0700] "POST /wp-login.php HTTP/1.1" 200 5684 "-" "Mozilla/5.0 (X11; Ubuntu; Linux x86_64; rv:62.0) Gecko/20100101 Firefox/62.0" 
134.122.76.185 - - [14/Jun/2020:08:56:19 -0700] "POST /xmlrpc.php HTTP/1.1" 200 4188 "-" "Mozilla/5.0 (X11; Ubuntu; Linux x86_64; rv:62.0) Gecko/20100101 Firefox/62.0" 
66.249.66.43 - - [14/Jun/2020:08:57:29 -0700] "GET /2015/me-and-burnt-flour/ HTTP/1.1" 200 12834 "-" "Mozilla/5.0 (compatible; Googlebot/2.1; +http://www.google.com/bot.html)" 
5.188.84.35 - - [14/Jun/2020:09:01:05 -0700] "GET /2013/pasta-madre-day-2013/ HTTP/1.0" 200 32755 "https://www.fornacalia.com/2013/pasta-madre-day-2013/#comment-1801/" "Mozilla/5.0 (Windows NT 6.1) AppleWebKit/537.36 (KHTML, like Gecko) Chrome/67.0.3396.99 Safari/537.36 Kinza/4.8.2" 
5.188.84.35 - - [14/Jun/2020:09:01:06 -0700] "POST /wp-comments-post.php HTTP/1.0" 302 3874 "https://www.fornacalia.com/2013/pasta-madre-day-2013/#comment-1801/" "Mozilla/5.0 (Windows NT 6.1) AppleWebKit/537.36 (KHTML, like Gecko) Chrome/67.0.3396.99 Safari/537.36 Kinza/4.8.2" 
134.122.76.185 - - [14/Jun/2020:09:02:02 -0700] "GET /wp-login.php HTTP/1.1" 200 5309 "-" "Mozilla/5.0 (X11; Ubuntu; Linux x86_64; rv:62.0) Gecko/20100101 Firefox/62.0" 
134.122.76.185 - - [14/Jun/2020:09:02:04 -0700] "POST /wp-login.php HTTP/1.1" 200 5684 "-" "Mozilla/5.0 (X11; Ubuntu; Linux x86_64; rv:62.0) Gecko/20100101 Firefox/62.0" 
134.122.76.185 - - [14/Jun/2020:09:02:04 -0700] "POST /xmlrpc.php HTTP/1.1" 200 4188 "-" "Mozilla/5.0 (X11; Ubuntu; Linux x86_64; rv:62.0) Gecko/20100101 Firefox/62.0" 
5.188.84.65 - - [14/Jun/2020:09:02:14 -0700] "GET /2013/pasta-madre-day-2013/ HTTP/1.0" 200 32755 "https://www.fornacalia.com/2013/pasta-madre-day-2013/#comment-1801/" "Mozilla/5.0 (Windows NT 10.0; Win64; x64) AppleWebKit/537.36 (KHTML, like Gecko) Chrome/67.0.3396.87 Safari/537.36" 
5.188.84.65 - - [14/Jun/2020:09:02:15 -0700] "POST /wp-comments-post.php HTTP/1.0" 302 3874 "https://www.fornacalia.com/2013/pasta-madre-day-2013/#comment-1801/" "Mozilla/5.0 (Windows NT 10.0; Win64; x64) AppleWebKit/537.36 (KHTML, like Gecko) Chrome/67.0.3396.87 Safari/537.36" 
207.46.13.103 - - [14/Jun/2020:09:03:45 -0700] "GET /2017/help-for-the-harassed-sourdough-baker/ HTTP/1.1" 200 11668 "-" "Mozilla/5.0 (compatible; bingbot/2.0; +http://www.bing.com/bingbot.htm)" 
122.154.24.254 - - [14/Jun/2020:09:04:25 -0700] "GET /wp-login.php HTTP/1.1" 200 5309 "-" "Mozilla/5.0 (X11; Ubuntu; Linux x86_64; rv:62.0) Gecko/20100101 Firefox/62.0" 
122.154.24.254 - - [14/Jun/2020:09:04:42 -0700] "POST /wp-login.php HTTP/1.1" 200 5684 "-" "Mozilla/5.0 (X11; Ubuntu; Linux x86_64; rv:62.0) Gecko/20100101 Firefox/62.0" 
122.154.24.254 - - [14/Jun/2020:09:04:43 -0700] "POST /xmlrpc.php HTTP/1.1" 200 4188 "-" "Mozilla/5.0 (X11; Ubuntu; Linux x86_64; rv:62.0) Gecko/20100101 Firefox/62.0" 
142.44.245.88 - - [14/Jun/2020:09:07:10 -0700] "GET /2020/turmeric-breadan-experiment/feed/ HTTP/1.1" 200 4961 "-" "Mozilla/5.0 (compatible; YaK/1.0; http://linkfluence.com/; bot@linkfluence.com)" 
207.46.13.103 - - [14/Jun/2020:09:07:30 -0700] "GET /2015/cracking-rye-crackers/ HTTP/1.1" 200 14474 "-" "Mozilla/5.0 (compatible; bingbot/2.0; +http://www.bing.com/bingbot.htm)" 
164.132.164.218 - - [14/Jun/2020:09:08:28 -0700] "GET /wp-login.php HTTP/1.1" 200 5309 "-" "Mozilla/5.0 (X11; Ubuntu; Linux x86_64; rv:62.0) Gecko/20100101 Firefox/62.0" 
164.132.164.218 - - [14/Jun/2020:09:08:29 -0700] "POST /wp-login.php HTTP/1.1" 200 5684 "-" "Mozilla/5.0 (X11; Ubuntu; Linux x86_64; rv:62.0) Gecko/20100101 Firefox/62.0" 
164.132.164.218 - - [14/Jun/2020:09:08:29 -0700] "POST /xmlrpc.php HTTP/1.1" 200 4188 "-" "Mozilla/5.0 (X11; Ubuntu; Linux x86_64; rv:62.0) Gecko/20100101 Firefox/62.0" 
5.188.84.15 - - [14/Jun/2020:09:10:06 -0700] "GET /2013/pasta-madre-day-2013/ HTTP/1.0" 200 32755 "https://www.fornacalia.com/2013/pasta-madre-day-2013/#comment-1801/" "Mozilla/5.0 (Windows NT 6.1) AppleWebKit/537.36 (KHTML, like Gecko) Chrome/68.0.3440.106 Safari/537.36 Kinza/4.9.1" 
5.188.84.15 - - [14/Jun/2020:09:10:07 -0700] "POST /wp-comments-post.php HTTP/1.0" 302 3874 "https://www.fornacalia.com/2013/pasta-madre-day-2013/#comment-1801/" "Mozilla/5.0 (Windows NT 6.1) AppleWebKit/537.36 (KHTML, like Gecko) Chrome/68.0.3440.106 Safari/537.36 Kinza/4.9.1" 
47.52.88.235 - - [14/Jun/2020:09:14:08 -0700] "GET /wp-login.php HTTP/1.1" 200 5309 "-" "Mozilla/5.0 (X11; Ubuntu; Linux x86_64; rv:62.0) Gecko/20100101 Firefox/62.0" 
47.52.88.235 - - [14/Jun/2020:09:14:09 -0700] "POST /wp-login.php HTTP/1.1" 200 5684 "-" "Mozilla/5.0 (X11; Ubuntu; Linux x86_64; rv:62.0) Gecko/20100101 Firefox/62.0" 
47.52.88.235 - - [14/Jun/2020:09:14:10 -0700] "POST /xmlrpc.php HTTP/1.1" 200 4188 "-" "Mozilla/5.0 (X11; Ubuntu; Linux x86_64; rv:62.0) Gecko/20100101 Firefox/62.0" 
46.229.168.151 - - [14/Jun/2020:09:15:27 -0700] "GET /robots.txt HTTP/1.1" 200 3995 "-" "Mozilla/5.0 (compatible; SemrushBot/6~bl; +http://www.semrush.com/bot.html)" 
46.229.168.154 - - [14/Jun/2020:09:15:28 -0700] "GET /page/16/ HTTP/1.1" 200 10148 "-" "Mozilla/5.0 (compatible; SemrushBot/6~bl; +http://www.semrush.com/bot.html)" 
5.188.84.25 - - [14/Jun/2020:09:16:19 -0700] "GET /2013/pasta-madre-day-2013/ HTTP/1.0" 200 32755 "https://www.fornacalia.com/2013/pasta-madre-day-2013/#comment-1801/" "Mozilla/5.0 (Windows NT 6.1; Win64; x64) AppleWebKit/537.36 (KHTML, like Gecko) Chrome/66.0.3359.181 Safari/537.36" 
5.188.84.25 - - [14/Jun/2020:09:16:20 -0700] "POST /wp-comments-post.php HTTP/1.0" 302 3874 "https://www.fornacalia.com/2013/pasta-madre-day-2013/#comment-1801/" "Mozilla/5.0 (Windows NT 6.1; Win64; x64) AppleWebKit/537.36 (KHTML, like Gecko) Chrome/66.0.3359.181 Safari/537.36" 
64.202.184.181 - - [14/Jun/2020:09:16:47 -0700] "GET /wp-login.php HTTP/1.1" 200 5309 "-" "Mozilla/5.0 (X11; Ubuntu; Linux x86_64; rv:62.0) Gecko/20100101 Firefox/62.0" 
64.202.184.181 - - [14/Jun/2020:09:16:47 -0700] "POST /wp-login.php HTTP/1.1" 200 5684 "-" "Mozilla/5.0 (X11; Ubuntu; Linux x86_64; rv:62.0) Gecko/20100101 Firefox/62.0" 
64.202.184.181 - - [14/Jun/2020:09:16:47 -0700] "POST /xmlrpc.php HTTP/1.1" 200 4188 "-" "Mozilla/5.0 (X11; Ubuntu; Linux x86_64; rv:62.0) Gecko/20100101 Firefox/62.0" 
54.37.198.243 - - [14/Jun/2020:09:19:54 -0700] "GET /wp-login.php HTTP/1.1" 200 5309 "-" "Mozilla/5.0 (X11; Ubuntu; Linux x86_64; rv:62.0) Gecko/20100101 Firefox/62.0" 
54.37.198.243 - - [14/Jun/2020:09:19:55 -0700] "POST /wp-login.php HTTP/1.1" 200 5684 "-" "Mozilla/5.0 (X11; Ubuntu; Linux x86_64; rv:62.0) Gecko/20100101 Firefox/62.0" 
54.37.198.243 - - [14/Jun/2020:09:19:55 -0700] "POST /xmlrpc.php HTTP/1.1" 200 4188 "-" "Mozilla/5.0 (X11; Ubuntu; Linux x86_64; rv:62.0) Gecko/20100101 Firefox/62.0" 
188.163.109.153 - - [14/Jun/2020:09:21:29 -0700] "GET /2013/pasta-madre-day-2013/ HTTP/1.0" 200 32755 "https://www.fornacalia.com/2013/pasta-madre-day-2013/#comment-51315" "Mozilla/5.0 (Windows NT 10.0; Win64; x64) AppleWebKit/537.36 (KHTML, like Gecko) Chrome/67.0.3396.87 Safari/537.36 OPR/54.0.2952.54" 
5.188.84.220 - - [14/Jun/2020:09:21:46 -0700] "GET /2013/pasta-madre-day-2013/ HTTP/1.0" 200 32755 "https://www.fornacalia.com/2013/pasta-madre-day-2013/#comment-1801/" "Mozilla/5.0 (Windows NT 6.1; Win64; x64) AppleWebKit/537.36 (KHTML, like Gecko) Chrome/66.0.3359.181 Safari/537.36" 
5.188.84.220 - - [14/Jun/2020:09:21:46 -0700] "POST /wp-comments-post.php HTTP/1.0" 302 3874 "https://www.fornacalia.com/2013/pasta-madre-day-2013/#comment-1801/" "Mozilla/5.0 (Windows NT 6.1; Win64; x64) AppleWebKit/537.36 (KHTML, like Gecko) Chrome/66.0.3359.181 Safari/537.36" 
35.185.199.45 - - [14/Jun/2020:09:22:31 -0700] "GET /wp-login.php HTTP/1.1" 200 5309 "-" "Mozilla/5.0 (X11; Ubuntu; Linux x86_64; rv:62.0) Gecko/20100101 Firefox/62.0" 
35.185.199.45 - - [14/Jun/2020:09:22:36 -0700] "POST /wp-login.php HTTP/1.1" 200 5684 "-" "Mozilla/5.0 (X11; Ubuntu; Linux x86_64; rv:62.0) Gecko/20100101 Firefox/62.0" 
35.185.199.45 - - [14/Jun/2020:09:22:43 -0700] "POST /xmlrpc.php HTTP/1.1" 200 4188 "-" "Mozilla/5.0 (X11; Ubuntu; Linux x86_64; rv:62.0) Gecko/20100101 Firefox/62.0" 
5.188.84.220 - - [14/Jun/2020:09:24:04 -0700] "GET /2013/pasta-madre-day-2013/ HTTP/1.0" 200 32755 "https://www.fornacalia.com/2013/pasta-madre-day-2013/#comment-1801/" "Mozilla/5.0 (Windows NT 6.3; Win64; x64) AppleWebKit/537.36 (KHTML, like Gecko) Chrome/67.0.3396.87 Safari/537.36" 
5.188.84.220 - - [14/Jun/2020:09:24:05 -0700] "POST /wp-comments-post.php HTTP/1.0" 302 3874 "https://www.fornacalia.com/2013/pasta-madre-day-2013/#comment-1801/" "Mozilla/5.0 (Windows NT 6.3; Win64; x64) AppleWebKit/537.36 (KHTML, like Gecko) Chrome/67.0.3396.87 Safari/537.36" 
207.154.224.55 - - [14/Jun/2020:09:24:48 -0700] "GET /wp-login.php HTTP/1.1" 200 5309 "-" "Mozilla/5.0 (X11; Ubuntu; Linux x86_64; rv:62.0) Gecko/20100101 Firefox/62.0" 
54.246.216.184 - - [14/Jun/2020:09:28:16 -0700] "GET /wp-login.php HTTP/1.1" 200 5309 "-" "Mozilla/5.0 (X11; Ubuntu; Linux x86_64; rv:62.0) Gecko/20100101 Firefox/62.0" 
54.246.216.184 - - [14/Jun/2020:09:28:16 -0700] "POST /wp-login.php HTTP/1.1" 200 5684 "-" "Mozilla/5.0 (X11; Ubuntu; Linux x86_64; rv:62.0) Gecko/20100101 Firefox/62.0" 
54.246.216.184 - - [14/Jun/2020:09:28:16 -0700] "POST /xmlrpc.php HTTP/1.1" 200 4188 "-" "Mozilla/5.0 (X11; Ubuntu; Linux x86_64; rv:62.0) Gecko/20100101 Firefox/62.0" 
5.188.84.233 - - [14/Jun/2020:09:31:59 -0700] "GET /2013/pasta-madre-day-2013/ HTTP/1.0" 200 32755 "https://www.fornacalia.com/2013/pasta-madre-day-2013/#comment-1801/" "Mozilla/5.0 (Windows NT 6.1; Win64; x64) AppleWebKit/537.36 (KHTML, like Gecko) Chrome/68.0.3440.106 Safari/537.36" 
5.188.84.233 - - [14/Jun/2020:09:32:00 -0700] "POST /wp-comments-post.php HTTP/1.0" 302 3874 "https://www.fornacalia.com/2013/pasta-madre-day-2013/#comment-1801/" "Mozilla/5.0 (Windows NT 6.1; Win64; x64) AppleWebKit/537.36 (KHTML, like Gecko) Chrome/68.0.3440.106 Safari/537.36" 
91.134.248.211 - - [14/Jun/2020:09:35:11 -0700] "GET /wp-login.php HTTP/1.1" 200 5309 "-" "Mozilla/5.0 (X11; Ubuntu; Linux x86_64; rv:62.0) Gecko/20100101 Firefox/62.0" 
91.134.248.211 - - [14/Jun/2020:09:35:11 -0700] "POST /wp-login.php HTTP/1.1" 200 5684 "-" "Mozilla/5.0 (X11; Ubuntu; Linux x86_64; rv:62.0) Gecko/20100101 Firefox/62.0" 
91.134.248.211 - - [14/Jun/2020:09:35:12 -0700] "POST /xmlrpc.php HTTP/1.1" 200 4188 "-" "Mozilla/5.0 (X11; Ubuntu; Linux x86_64; rv:62.0) Gecko/20100101 Firefox/62.0" 
192.145.239.205 - - [14/Jun/2020:09:39:26 -0700] "GET /wp-login.php HTTP/1.1" 200 5309 "-" "Mozilla/5.0 (X11; Ubuntu; Linux x86_64; rv:62.0) Gecko/20100101 Firefox/62.0" 
192.145.239.205 - - [14/Jun/2020:09:39:27 -0700] "POST /wp-login.php HTTP/1.1" 200 5684 "-" "Mozilla/5.0 (X11; Ubuntu; Linux x86_64; rv:62.0) Gecko/20100101 Firefox/62.0" 
134.122.93.28 - - [14/Jun/2020:09:44:00 -0700] "GET /wp-login.php HTTP/1.1" 200 5309 "-" "Mozilla/5.0 (X11; Ubuntu; Linux x86_64; rv:62.0) Gecko/20100101 Firefox/62.0" 
134.122.93.28 - - [14/Jun/2020:09:44:01 -0700] "POST /wp-login.php HTTP/1.1" 200 5684 "-" "Mozilla/5.0 (X11; Ubuntu; Linux x86_64; rv:62.0) Gecko/20100101 Firefox/62.0" 
134.122.93.28 - - [14/Jun/2020:09:44:01 -0700] "POST /xmlrpc.php HTTP/1.1" 200 4188 "-" "Mozilla/5.0 (X11; Ubuntu; Linux x86_64; rv:62.0) Gecko/20100101 Firefox/62.0" 
104.197.148.36 - - [14/Jun/2020:09:46:38 -0700] "GET /wp-login.php HTTP/1.1" 200 5309 "-" "Mozilla/5.0 (X11; Ubuntu; Linux x86_64; rv:62.0) Gecko/20100101 Firefox/62.0" 
104.197.148.36 - - [14/Jun/2020:09:46:38 -0700] "POST /wp-login.php HTTP/1.1" 200 5684 "-" "Mozilla/5.0 (X11; Ubuntu; Linux x86_64; rv:62.0) Gecko/20100101 Firefox/62.0" 
104.197.148.36 - - [14/Jun/2020:09:46:38 -0700] "POST /xmlrpc.php HTTP/1.1" 200 4188 "-" "Mozilla/5.0 (X11; Ubuntu; Linux x86_64; rv:62.0) Gecko/20100101 Firefox/62.0" 
66.249.66.47 - - [14/Jun/2020:09:47:58 -0700] "GET /2013/sourdough-ciabatta/ HTTP/1.1" 200 14816 "-" "Mozilla/5.0 (Linux; Android 6.0.1; Nexus 5X Build/MMB29P) AppleWebKit/537.36 (KHTML, like Gecko) Chrome/80.0.3987.92 Mobile Safari/537.36 (compatible; Googlebot/2.1; +http://www.google.com/bot.html)" 
66.249.66.47 - - [14/Jun/2020:09:48:02 -0700] "GET /wp-content/themes/Autonomie-child/css/wide-width.css?ver=1.0.0 HTTP/1.1" 404 25785 "https://www.fornacalia.com/2013/sourdough-ciabatta/" "Mozilla/5.0 (Linux; Android 6.0.1; Nexus 5X Build/MMB29P) AppleWebKit/537.36 (KHTML, like Gecko) Chrome/83.0.4103.93 Mobile Safari/537.36 (compatible; Googlebot/2.1; +http://www.google.com/bot.html)" 
5.188.84.25 - - [14/Jun/2020:09:48:16 -0700] "GET /2013/pasta-madre-day-2013/ HTTP/1.0" 200 32755 "https://www.fornacalia.com/2013/pasta-madre-day-2013/#comment-1801/" "Mozilla/5.0 (Windows NT 6.3; Win64; x64) AppleWebKit/537.36 (KHTML, like Gecko) Chrome/67.0.3396.87 Safari/537.36" 
5.188.84.25 - - [14/Jun/2020:09:48:17 -0700] "POST /wp-comments-post.php HTTP/1.0" 302 3874 "https://www.fornacalia.com/2013/pasta-madre-day-2013/#comment-1801/" "Mozilla/5.0 (Windows NT 6.3; Win64; x64) AppleWebKit/537.36 (KHTML, like Gecko) Chrome/67.0.3396.87 Safari/537.36" 
34.125.81.157 - - [14/Jun/2020:09:48:44 -0700] "GET /wp-login.php HTTP/1.1" 200 5309 "-" "Mozilla/5.0 (X11; Ubuntu; Linux x86_64; rv:62.0) Gecko/20100101 Firefox/62.0" 
34.125.81.157 - - [14/Jun/2020:09:48:45 -0700] "POST /wp-login.php HTTP/1.1" 200 5684 "-" "Mozilla/5.0 (X11; Ubuntu; Linux x86_64; rv:62.0) Gecko/20100101 Firefox/62.0" 
34.125.81.157 - - [14/Jun/2020:09:48:45 -0700] "POST /xmlrpc.php HTTP/1.1" 200 4188 "-" "Mozilla/5.0 (X11; Ubuntu; Linux x86_64; rv:62.0) Gecko/20100101 Firefox/62.0" 
69.163.212.145 - - [14/Jun/2020:09:51:27 -0700] "GET /wp-login.php HTTP/1.1" 200 5309 "-" "Mozilla/5.0 (X11; Ubuntu; Linux x86_64; rv:62.0) Gecko/20100101 Firefox/62.0" 
69.163.212.145 - - [14/Jun/2020:09:51:27 -0700] "POST /wp-login.php HTTP/1.1" 200 5684 "-" "Mozilla/5.0 (X11; Ubuntu; Linux x86_64; rv:62.0) Gecko/20100101 Firefox/62.0" 
69.163.212.145 - - [14/Jun/2020:09:51:28 -0700] "POST /xmlrpc.php HTTP/1.1" 200 4188 "-" "Mozilla/5.0 (X11; Ubuntu; Linux x86_64; rv:62.0) Gecko/20100101 Firefox/62.0" 
5.188.84.233 - - [14/Jun/2020:09:51:49 -0700] "GET /2013/pasta-madre-day-2013/ HTTP/1.0" 200 32755 "https://www.fornacalia.com/2013/pasta-madre-day-2013/#comment-1801/" "Mozilla/5.0 (Windows NT 6.1; Win64; x64) AppleWebKit/537.36 (KHTML, like Gecko) Chrome/66.0.3359.181 Safari/537.36" 
5.188.84.233 - - [14/Jun/2020:09:51:50 -0700] "POST /wp-comments-post.php HTTP/1.0" 302 3874 "https://www.fornacalia.com/2013/pasta-madre-day-2013/#comment-1801/" "Mozilla/5.0 (Windows NT 6.1; Win64; x64) AppleWebKit/537.36 (KHTML, like Gecko) Chrome/66.0.3359.181 Safari/537.36" 
5.188.84.147 - - [14/Jun/2020:09:55:09 -0700] "GET /2013/pasta-madre-day-2013/ HTTP/1.0" 200 32755 "https://www.fornacalia.com/2013/pasta-madre-day-2013/#comment-1801/" "Mozilla/5.0 (Windows NT 10.0; Win64; x64) AppleWebKit/537.36 (KHTML, like Gecko) Chrome/67.0.3396.87 Safari/537.36" 
5.188.84.147 - - [14/Jun/2020:09:55:10 -0700] "POST /wp-comments-post.php HTTP/1.0" 302 3874 "https://www.fornacalia.com/2013/pasta-madre-day-2013/#comment-1801/" "Mozilla/5.0 (Windows NT 10.0; Win64; x64) AppleWebKit/537.36 (KHTML, like Gecko) Chrome/67.0.3396.87 Safari/537.36" 
144.217.193.11 - - [14/Jun/2020:09:55:31 -0700] "GET /wp-login.php HTTP/1.1" 200 5309 "-" "Mozilla/5.0 (X11; Ubuntu; Linux x86_64; rv:62.0) Gecko/20100101 Firefox/62.0" 
144.217.193.11 - - [14/Jun/2020:09:55:31 -0700] "POST /wp-login.php HTTP/1.1" 200 5684 "-" "Mozilla/5.0 (X11; Ubuntu; Linux x86_64; rv:62.0) Gecko/20100101 Firefox/62.0" 
144.217.193.11 - - [14/Jun/2020:09:55:31 -0700] "POST /xmlrpc.php HTTP/1.1" 200 4188 "-" "Mozilla/5.0 (X11; Ubuntu; Linux x86_64; rv:62.0) Gecko/20100101 Firefox/62.0" 
5.188.84.147 - - [14/Jun/2020:09:55:42 -0700] "GET /2013/pasta-madre-day-2013/ HTTP/1.0" 200 32755 "https://www.fornacalia.com/2013/pasta-madre-day-2013/#comment-1801/" "Mozilla/5.0 (Windows NT 10.0; Win64; x64) AppleWebKit/537.36 (KHTML, like Gecko) Chrome/67.0.3396.87 Safari/537.36 OPR/54.0.2952.51" 
5.188.84.147 - - [14/Jun/2020:09:55:43 -0700] "POST /wp-comments-post.php HTTP/1.0" 302 3874 "https://www.fornacalia.com/2013/pasta-madre-day-2013/#comment-1801/" "Mozilla/5.0 (Windows NT 10.0; Win64; x64) AppleWebKit/537.36 (KHTML, like Gecko) Chrome/67.0.3396.87 Safari/537.36 OPR/54.0.2952.51" 
5.188.84.45 - - [14/Jun/2020:09:58:50 -0700] "GET /2013/pasta-madre-day-2013/ HTTP/1.0" 200 32755 "https://www.fornacalia.com/2013/pasta-madre-day-2013/#comment-1801/" "Mozilla/5.0 (Windows NT 6.3; Win64; x64) AppleWebKit/537.36 (KHTML, like Gecko) Chrome/68.0.3440.84 Safari/537.36" 
5.188.84.45 - - [14/Jun/2020:09:58:51 -0700] "POST /wp-comments-post.php HTTP/1.0" 302 3874 "https://www.fornacalia.com/2013/pasta-madre-day-2013/#comment-1801/" "Mozilla/5.0 (Windows NT 6.3; Win64; x64) AppleWebKit/537.36 (KHTML, like Gecko) Chrome/68.0.3440.84 Safari/537.36" 
167.172.181.41 - - [14/Jun/2020:09:58:51 -0700] "GET /wp-login.php HTTP/1.1" 200 5309 "-" "Mozilla/5.0 (X11; Ubuntu; Linux x86_64; rv:62.0) Gecko/20100101 Firefox/62.0" 
167.172.181.41 - - [14/Jun/2020:09:58:51 -0700] "POST /wp-login.php HTTP/1.1" 200 5684 "-" "Mozilla/5.0 (X11; Ubuntu; Linux x86_64; rv:62.0) Gecko/20100101 Firefox/62.0" 
167.172.181.41 - - [14/Jun/2020:09:58:52 -0700] "POST /xmlrpc.php HTTP/1.1" 200 4188 "-" "Mozilla/5.0 (X11; Ubuntu; Linux x86_64; rv:62.0) Gecko/20100101 Firefox/62.0" 
91.134.248.249 - - [14/Jun/2020:10:04:30 -0700] "GET /wp-login.php HTTP/1.1" 200 5309 "-" "Mozilla/5.0 (X11; Ubuntu; Linux x86_64; rv:62.0) Gecko/20100101 Firefox/62.0" 
91.134.248.249 - - [14/Jun/2020:10:04:30 -0700] "POST /wp-login.php HTTP/1.1" 200 5684 "-" "Mozilla/5.0 (X11; Ubuntu; Linux x86_64; rv:62.0) Gecko/20100101 Firefox/62.0" 
91.134.248.249 - - [14/Jun/2020:10:04:31 -0700] "POST /xmlrpc.php HTTP/1.1" 200 4188 "-" "Mozilla/5.0 (X11; Ubuntu; Linux x86_64; rv:62.0) Gecko/20100101 Firefox/62.0" 
5.188.84.65 - - [14/Jun/2020:10:05:07 -0700] "GET /2013/pasta-madre-day-2013/ HTTP/1.0" 200 32755 "https://www.fornacalia.com/2013/pasta-madre-day-2013/#comment-1801/" "Mozilla/5.0 (Windows NT 6.1; Win64; x64) AppleWebKit/537.36 (KHTML, like Gecko) Chrome/68.0.3440.84 Safari/537.36" 
5.188.84.65 - - [14/Jun/2020:10:05:08 -0700] "POST /wp-comments-post.php HTTP/1.0" 302 3874 "https://www.fornacalia.com/2013/pasta-madre-day-2013/#comment-1801/" "Mozilla/5.0 (Windows NT 6.1; Win64; x64) AppleWebKit/537.36 (KHTML, like Gecko) Chrome/68.0.3440.84 Safari/537.36" 
142.44.245.88 - - [14/Jun/2020:10:05:33 -0700] "GET / HTTP/1.1" 301 3569 "-" "Mozilla/5.0 (compatible; YaK/1.0; http://linkfluence.com/; bot@linkfluence.com)" 
5.188.84.45 - - [14/Jun/2020:10:06:34 -0700] "GET /2013/pasta-madre-day-2013/ HTTP/1.0" 200 32755 "https://www.fornacalia.com/2013/pasta-madre-day-2013/#comment-1801/" "Mozilla/5.0 (Windows NT 6.1; Win64; x64) AppleWebKit/537.36 (KHTML, like Gecko) Chrome/66.0.3359.170 Safari/537.36 OPR/53.0.2907.99" 
5.188.84.45 - - [14/Jun/2020:10:06:35 -0700] "POST /wp-comments-post.php HTTP/1.0" 302 3874 "https://www.fornacalia.com/2013/pasta-madre-day-2013/#comment-1801/" "Mozilla/5.0 (Windows NT 6.1; Win64; x64) AppleWebKit/537.36 (KHTML, like Gecko) Chrome/66.0.3359.170 Safari/537.36 OPR/53.0.2907.99" 
5.188.84.15 - - [14/Jun/2020:10:11:00 -0700] "GET /2013/pasta-madre-day-2013/ HTTP/1.0" 200 32755 "https://www.fornacalia.com/2013/pasta-madre-day-2013/#comment-1801/" "Mozilla/5.0 (Windows NT 6.1) AppleWebKit/537.36 (KHTML, like Gecko) Chrome/67.0.3396.87 Safari/537.36" 
5.188.84.15 - - [14/Jun/2020:10:11:00 -0700] "POST /wp-comments-post.php HTTP/1.0" 302 3874 "https://www.fornacalia.com/2013/pasta-madre-day-2013/#comment-1801/" "Mozilla/5.0 (Windows NT 6.1) AppleWebKit/537.36 (KHTML, like Gecko) Chrome/67.0.3396.87 Safari/537.36" 
192.145.239.205 - - [14/Jun/2020:10:12:21 -0700] "GET /wp-login.php HTTP/1.1" 200 6987 "https://www.fornacalia.com/wp-login.php" "Mozilla/5.0 (Macintosh; Intel Mac OS X 10_14_5) AppleWebKit/537.36 (KHTML, like Gecko) Chrome/74.0.3729.169 Safari/537.36" 
192.145.239.205 - - [14/Jun/2020:10:12:25 -0700] "POST /wp-login.php HTTP/1.1" 200 7983 "https://www.fornacalia.com/wp-login.php" "Mozilla/5.0 (Macintosh; Intel Mac OS X 10_14_5) AppleWebKit/537.36 (KHTML, like Gecko) Chrome/74.0.3729.169 Safari/537.36" 
46.229.168.154 - - [14/Jun/2020:10:13:38 -0700] "GET /robots.txt HTTP/1.1" 200 3995 "-" "Mozilla/5.0 (compatible; SemrushBot/6~bl; +http://www.semrush.com/bot.html)" 
46.229.168.146 - - [14/Jun/2020:10:13:38 -0700] "GET /2020/sourdough-u-one-day-course-in-rome-5-april/ HTTP/1.1" 404 25204 "-" "Mozilla/5.0 (compatible; SemrushBot/6~bl; +http://www.semrush.com/bot.html)" 
5.188.84.35 - - [14/Jun/2020:10:13:54 -0700] "GET /2013/pasta-madre-day-2013/ HTTP/1.0" 200 32755 "https://www.fornacalia.com/2013/pasta-madre-day-2013/#comment-1801/" "Mozilla/5.0 (Windows NT 6.1; Win64; x64) AppleWebKit/537.36 (KHTML, like Gecko) Chrome/68.0.3440.106 Safari/537.36 OPR/55.0.2994.44" 
5.188.84.35 - - [14/Jun/2020:10:13:55 -0700] "POST /wp-comments-post.php HTTP/1.0" 302 3874 "https://www.fornacalia.com/2013/pasta-madre-day-2013/#comment-1801/" "Mozilla/5.0 (Windows NT 6.1; Win64; x64) AppleWebKit/537.36 (KHTML, like Gecko) Chrome/68.0.3440.106 Safari/537.36 OPR/55.0.2994.44" 
5.188.84.35 - - [14/Jun/2020:10:18:56 -0700] "GET /2013/pasta-madre-day-2013/ HTTP/1.0" 200 32755 "https://www.fornacalia.com/2013/pasta-madre-day-2013/#comment-1801/" "Mozilla/5.0 (Windows NT 6.1; Win64; x64) AppleWebKit/537.36 (KHTML, like Gecko) Chrome/67.0.3396.87 Safari/537.36 OPR/54.0.2952.71" 
5.188.84.35 - - [14/Jun/2020:10:18:57 -0700] "POST /wp-comments-post.php HTTP/1.0" 302 3874 "https://www.fornacalia.com/2013/pasta-madre-day-2013/#comment-1801/" "Mozilla/5.0 (Windows NT 6.1; Win64; x64) AppleWebKit/537.36 (KHTML, like Gecko) Chrome/67.0.3396.87 Safari/537.36 OPR/54.0.2952.71" 
5.188.84.65 - - [14/Jun/2020:10:20:55 -0700] "GET /2013/pasta-madre-day-2013/ HTTP/1.0" 200 32755 "https://www.fornacalia.com/2013/pasta-madre-day-2013/#comment-1801/" "Mozilla/5.0 (Windows NT 6.3; Win64; x64) AppleWebKit/537.36 (KHTML, like Gecko) Chrome/67.0.3396.87 Safari/537.36" 
5.188.84.65 - - [14/Jun/2020:10:20:56 -0700] "POST /wp-comments-post.php HTTP/1.0" 302 3874 "https://www.fornacalia.com/2013/pasta-madre-day-2013/#comment-1801/" "Mozilla/5.0 (Windows NT 6.3; Win64; x64) AppleWebKit/537.36 (KHTML, like Gecko) Chrome/67.0.3396.87 Safari/537.36" 
5.188.84.15 - - [14/Jun/2020:10:28:00 -0700] "GET /2013/pasta-madre-day-2013/ HTTP/1.0" 200 32755 "https://www.fornacalia.com/2013/pasta-madre-day-2013/#comment-1801/" "Mozilla/5.0 (Windows NT 6.1; Win64; x64) AppleWebKit/537.36 (KHTML, like Gecko) Chrome/66.0.3359.170 Safari/537.36 OPR/53.0.2907.106" 
5.188.84.15 - - [14/Jun/2020:10:28:01 -0700] "POST /wp-comments-post.php HTTP/1.0" 302 3874 "https://www.fornacalia.com/2013/pasta-madre-day-2013/#comment-1801/" "Mozilla/5.0 (Windows NT 6.1; Win64; x64) AppleWebKit/537.36 (KHTML, like Gecko) Chrome/66.0.3359.170 Safari/537.36 OPR/53.0.2907.106" 
5.188.84.25 - - [14/Jun/2020:10:33:52 -0700] "GET /2013/pasta-madre-day-2013/ HTTP/1.0" 200 32755 "https://www.fornacalia.com/2013/pasta-madre-day-2013/#comment-1801/" "Mozilla/5.0 (Windows NT 6.1; Win64; x64) AppleWebKit/537.36 (KHTML, like Gecko) Chrome/68.0.3440.84 Safari/537.36" 
5.188.84.25 - - [14/Jun/2020:10:33:53 -0700] "POST /wp-comments-post.php HTTP/1.0" 302 3874 "https://www.fornacalia.com/2013/pasta-madre-day-2013/#comment-1801/" "Mozilla/5.0 (Windows NT 6.1; Win64; x64) AppleWebKit/537.36 (KHTML, like Gecko) Chrome/68.0.3440.84 Safari/537.36" 
157.55.39.231 - - [14/Jun/2020:10:40:01 -0700] "GET /2017/cornbread-for-fornacalia/ HTTP/1.1" 200 12756 "-" "Mozilla/5.0 (compatible; bingbot/2.0; +http://www.bing.com/bingbot.htm)" 
5.188.84.220 - - [14/Jun/2020:10:40:05 -0700] "GET /2013/pasta-madre-day-2013/ HTTP/1.0" 200 32755 "https://www.fornacalia.com/2013/pasta-madre-day-2013/#comment-1801/" "Mozilla/5.0 (Windows NT 10.0; Win64; x64) AppleWebKit/537.36 (KHTML, like Gecko) Chrome/68.0.3440.106 Safari/537.36 OPR/55.0.2994.44" 
5.188.84.220 - - [14/Jun/2020:10:40:05 -0700] "POST /wp-comments-post.php HTTP/1.0" 302 3874 "https://www.fornacalia.com/2013/pasta-madre-day-2013/#comment-1801/" "Mozilla/5.0 (Windows NT 10.0; Win64; x64) AppleWebKit/537.36 (KHTML, like Gecko) Chrome/68.0.3440.106 Safari/537.36 OPR/55.0.2994.44" 
5.188.84.220 - - [14/Jun/2020:10:42:20 -0700] "GET /2013/pasta-madre-day-2013/ HTTP/1.0" 200 32755 "https://www.fornacalia.com/2013/pasta-madre-day-2013/#comment-1801/" "Mozilla/5.0 (Windows NT 6.3; Win64; x64) AppleWebKit/537.36 (KHTML, like Gecko) Chrome/68.0.3440.84 Safari/537.36" 
64.111.100.215 - - [14/Jun/2020:10:42:20 -0700] "POST /wp-cron.php?doing_wp_cron=1592156540.1600599288940429687500 HTTP/1.1" 200 3383 "https://www.fornacalia.com/wp-cron.php?doing_wp_cron=1592156540.1600599288940429687500" "WordPress/5.2.7; https://www.fornacalia.com" 
5.188.84.220 - - [14/Jun/2020:10:42:22 -0700] "POST /wp-comments-post.php HTTP/1.0" 302 3874 "https://www.fornacalia.com/2013/pasta-madre-day-2013/#comment-1801/" "Mozilla/5.0 (Windows NT 6.3; Win64; x64) AppleWebKit/537.36 (KHTML, like Gecko) Chrome/68.0.3440.84 Safari/537.36" 
157.55.39.231 - - [14/Jun/2020:10:46:24 -0700] "GET /author/jeremy/page/4/ HTTP/1.1" 200 19379 "-" "Mozilla/5.0 (compatible; bingbot/2.0; +http://www.bing.com/bingbot.htm)" 
66.249.66.45 - - [14/Jun/2020:10:48:10 -0700] "GET /2019/respect-to-respectus-panis/ HTTP/1.1" 200 13486 "-" "Mozilla/5.0 (Linux; Android 6.0.1; Nexus 5X Build/MMB29P) AppleWebKit/537.36 (KHTML, like Gecko) Chrome/80.0.3987.92 Mobile Safari/537.36 (compatible; Googlebot/2.1; +http://www.google.com/bot.html)" 
5.188.84.233 - - [14/Jun/2020:10:49:43 -0700] "GET /2013/pasta-madre-day-2013/ HTTP/1.0" 200 32755 "https://www.fornacalia.com/2013/pasta-madre-day-2013/#comment-1801/" "Mozilla/5.0 (Windows NT 10.0; Win64; x64) AppleWebKit/537.36 (KHTML, like Gecko) Chrome/67.0.3396.99 Safari/537.36" 
5.188.84.233 - - [14/Jun/2020:10:49:44 -0700] "POST /wp-comments-post.php HTTP/1.0" 302 3874 "https://www.fornacalia.com/2013/pasta-madre-day-2013/#comment-1801/" "Mozilla/5.0 (Windows NT 10.0; Win64; x64) AppleWebKit/537.36 (KHTML, like Gecko) Chrome/67.0.3396.99 Safari/537.36" 
5.188.84.25 - - [14/Jun/2020:11:07:01 -0700] "GET /2013/pasta-madre-day-2013/ HTTP/1.0" 200 32755 "https://www.fornacalia.com/2013/pasta-madre-day-2013/#comment-1801/" "Mozilla/5.0 (Windows NT 6.1; WOW64) AppleWebKit/537.36 (KHTML, like Gecko) Chrome/66.0.3359.170 Safari/537.36 OPR/53.0.2907.99" 
5.188.84.25 - - [14/Jun/2020:11:07:02 -0700] "POST /wp-comments-post.php HTTP/1.0" 302 3874 "https://www.fornacalia.com/2013/pasta-madre-day-2013/#comment-1801/" "Mozilla/5.0 (Windows NT 6.1; WOW64) AppleWebKit/537.36 (KHTML, like Gecko) Chrome/66.0.3359.170 Safari/537.36 OPR/53.0.2907.99" 
142.44.245.88 - - [14/Jun/2020:11:07:15 -0700] "GET / HTTP/1.1" 200 18789 "-" "Mozilla/5.0 (compatible; YaK/1.0; http://linkfluence.com/; bot@linkfluence.com)" 
54.39.190.183 - - [14/Jun/2020:11:07:41 -0700] "GET /robots.txt HTTP/1.1" 200 4033 "-" "Mozilla/5.0 (compatible; YaK/1.0; http://linkfluence.com/; bot@linkfluence.com)" 
54.39.190.183 - - [14/Jun/2020:11:07:42 -0700] "GET /wp-content/plugins/all-in-one-seo-pack/images/default-user-image.png HTTP/1.1" 200 4993 "-" "Synthesio Crawler release MonaLisa (contact at synthesio dot fr)" 
54.39.190.183 - - [14/Jun/2020:11:07:45 -0700] "GET /wp-content/plugins/all-in-one-seo-pack/images/default-user-image.png HTTP/1.1" 200 2054 "-" "Synthesio Crawler release MonaLisa (contact at synthesio dot fr)" 
107.178.232.156 - - [14/Jun/2020:11:08:24 -0700] "HEAD / HTTP/1.1" 301 3332 "-" "Bridgy (https://brid.gy/about)" 
107.178.232.156 - - [14/Jun/2020:11:08:25 -0700] "HEAD / HTTP/1.1" 200 3899 "-" "Bridgy (https://brid.gy/about)" 
107.178.232.156 - - [14/Jun/2020:11:08:25 -0700] "GET / HTTP/1.1" 200 18718 "-" "Bridgy (https://brid.gy/about)" 
107.178.232.156 - - [14/Jun/2020:11:08:26 -0700] "HEAD /2020/turmeric-breadan-experiment/ HTTP/1.1" 200 4003 "-" "Bridgy (https://brid.gy/about)" 
107.178.232.156 - - [14/Jun/2020:11:08:26 -0700] "GET /2020/turmeric-breadan-experiment/ HTTP/1.1" 200 12518 "-" "Bridgy (https://brid.gy/about)" 
107.178.232.156 - - [14/Jun/2020:11:08:26 -0700] "HEAD /2020/sourdough-bagels/ HTTP/1.1" 200 4003 "-" "Bridgy (https://brid.gy/about)" 
107.178.232.156 - - [14/Jun/2020:11:08:27 -0700] "GET /2020/sourdough-bagels/ HTTP/1.1" 200 14228 "-" "Bridgy (https://brid.gy/about)" 
107.178.232.156 - - [14/Jun/2020:11:08:27 -0700] "HEAD /2020/pizza-night-when-the-pizzerie-are-all-shut/ HTTP/1.1" 200 4003 "-" "Bridgy (https://brid.gy/about)" 
107.178.232.156 - - [14/Jun/2020:11:08:27 -0700] "GET /2020/pizza-night-when-the-pizzerie-are-all-shut/ HTTP/1.1" 200 15030 "-" "Bridgy (https://brid.gy/about)" 
107.178.232.156 - - [14/Jun/2020:11:08:28 -0700] "HEAD /2020/the-starter-leaven-pipeline/ HTTP/1.1" 200 4003 "-" "Bridgy (https://brid.gy/about)" 
107.178.232.156 - - [14/Jun/2020:11:08:28 -0700] "GET /2020/the-starter-leaven-pipeline/ HTTP/1.1" 200 12623 "-" "Bridgy (https://brid.gy/about)" 
107.178.232.156 - - [14/Jun/2020:11:08:29 -0700] "HEAD /2020/sourdough-revival/ HTTP/1.1" 200 4003 "-" "Bridgy (https://brid.gy/about)" 
107.178.232.156 - - [14/Jun/2020:11:08:29 -0700] "GET /2020/sourdough-revival/ HTTP/1.1" 200 12928 "-" "Bridgy (https://brid.gy/about)" 
5.188.84.233 - - [14/Jun/2020:11:10:13 -0700] "GET /2013/pasta-madre-day-2013/ HTTP/1.0" 200 32755 "https://www.fornacalia.com/2013/pasta-madre-day-2013/#comment-1801/" "Mozilla/5.0 (Windows NT 10.0) AppleWebKit/537.36 (KHTML, like Gecko) Chrome/67.0.3396.99 Safari/537.36" 
5.188.84.233 - - [14/Jun/2020:11:10:14 -0700] "POST /wp-comments-post.php HTTP/1.0" 302 3874 "https://www.fornacalia.com/2013/pasta-madre-day-2013/#comment-1801/" "Mozilla/5.0 (Windows NT 10.0) AppleWebKit/537.36 (KHTML, like Gecko) Chrome/67.0.3396.99 Safari/537.36" 
66.249.66.47 - - [14/Jun/2020:11:15:20 -0700] "GET /page/3/ HTTP/1.1" 200 18575 "-" "Mozilla/5.0 (Linux; Android 6.0.1; Nexus 5X Build/MMB29P) AppleWebKit/537.36 (KHTML, like Gecko) Chrome/80.0.3987.92 Mobile Safari/537.36 (compatible; Googlebot/2.1; +http://www.google.com/bot.html)" 
5.188.84.147 - - [14/Jun/2020:11:17:05 -0700] "GET /2013/pasta-madre-day-2013/ HTTP/1.0" 200 32755 "https://www.fornacalia.com/2013/pasta-madre-day-2013/#comment-1801/" "Mozilla/5.0 (Windows NT 6.3; Win64; x64) AppleWebKit/537.36 (KHTML, like Gecko) Chrome/66.0.3359.181 Safari/537.36" 
5.188.84.147 - - [14/Jun/2020:11:17:06 -0700] "POST /wp-comments-post.php HTTP/1.0" 302 3874 "https://www.fornacalia.com/2013/pasta-madre-day-2013/#comment-1801/" "Mozilla/5.0 (Windows NT 6.3; Win64; x64) AppleWebKit/537.36 (KHTML, like Gecko) Chrome/66.0.3359.181 Safari/537.36" 
