116.206.247.232 - - [11/Jun/2020:00:43:41 -0700] "POST /xmlrpc.php HTTP/1.1" 200 4326 "-" "Mozilla/4.0 (compatible; MSIE 6.0; Windows NT 5.0)" 
116.206.247.232 - - [11/Jun/2020:00:45:04 -0700] "POST /xmlrpc.php HTTP/1.1" 200 4326 "-" "Mozilla/4.0 (compatible; MSIE 6.0; Windows NT 5.0)" 
116.206.247.232 - - [11/Jun/2020:00:46:05 -0700] "POST /xmlrpc.php HTTP/1.1" 200 4326 "-" "Mozilla/4.0 (compatible; MSIE 6.0; Windows NT 5.0)" 
116.206.247.232 - - [11/Jun/2020:00:47:10 -0700] "POST /xmlrpc.php HTTP/1.1" 200 4326 "-" "Mozilla/4.0 (compatible; MSIE 6.0; Windows NT 5.0)" 
116.206.247.232 - - [11/Jun/2020:00:48:16 -0700] "POST /xmlrpc.php HTTP/1.1" 200 4326 "-" "Mozilla/4.0 (compatible; MSIE 6.0; Windows NT 5.0)" 
5.188.84.15 - - [11/Jun/2020:00:50:42 -0700] "GET /2013/pasta-madre-day-2013/ HTTP/1.0" 200 32755 "https://www.fornacalia.com/2013/pasta-madre-day-2013/#comment-1801/" "Mozilla/5.0 (Windows NT 10.0; Win64; x64) AppleWebKit/537.36 (KHTML, like Gecko) Chrome/67.0.3396.87 Safari/537.36 OPR/54.0.2952.54" 
5.188.84.15 - - [11/Jun/2020:00:50:43 -0700] "POST /wp-comments-post.php HTTP/1.0" 302 3874 "https://www.fornacalia.com/2013/pasta-madre-day-2013/#comment-1801/" "Mozilla/5.0 (Windows NT 10.0; Win64; x64) AppleWebKit/537.36 (KHTML, like Gecko) Chrome/67.0.3396.87 Safari/537.36 OPR/54.0.2952.54" 
116.206.247.232 - - [11/Jun/2020:00:50:48 -0700] "POST /xmlrpc.php HTTP/1.1" 200 4326 "-" "Mozilla/4.0 (compatible; MSIE 6.0; Windows NT 5.0)" 
116.206.247.232 - - [11/Jun/2020:00:52:06 -0700] "POST /xmlrpc.php HTTP/1.1" 200 4326 "-" "Mozilla/4.0 (compatible; MSIE 6.0; Windows NT 5.0)" 
5.188.84.45 - - [11/Jun/2020:00:53:38 -0700] "GET /2013/pasta-madre-day-2013/ HTTP/1.0" 200 32755 "https://www.fornacalia.com/2013/pasta-madre-day-2013/#comment-1801/" "Mozilla/5.0 (Windows NT 6.1) AppleWebKit/537.36 (KHTML, like Gecko) Chrome/67.0.3396.87 Safari/537.36" 
5.188.84.45 - - [11/Jun/2020:00:53:39 -0700] "POST /wp-comments-post.php HTTP/1.0" 302 3874 "https://www.fornacalia.com/2013/pasta-madre-day-2013/#comment-1801/" "Mozilla/5.0 (Windows NT 6.1) AppleWebKit/537.36 (KHTML, like Gecko) Chrome/67.0.3396.87 Safari/537.36" 
34.80.252.217 - - [11/Jun/2020:00:53:58 -0700] "GET /wp-login.php HTTP/1.1" 200 5309 "-" "Mozilla/5.0 (X11; Ubuntu; Linux x86_64; rv:62.0) Gecko/20100101 Firefox/62.0" 
34.80.252.217 - - [11/Jun/2020:00:53:59 -0700] "POST /wp-login.php HTTP/1.1" 200 5731 "-" "Mozilla/5.0 (X11; Ubuntu; Linux x86_64; rv:62.0) Gecko/20100101 Firefox/62.0" 
34.80.252.217 - - [11/Jun/2020:00:54:00 -0700] "GET /wp-login.php HTTP/1.1" 200 5309 "-" "Mozilla/5.0 (X11; Ubuntu; Linux x86_64; rv:62.0) Gecko/20100101 Firefox/62.0" 
34.80.252.217 - - [11/Jun/2020:00:54:01 -0700] "POST /wp-login.php HTTP/1.1" 200 5680 "-" "Mozilla/5.0 (X11; Ubuntu; Linux x86_64; rv:62.0) Gecko/20100101 Firefox/62.0" 
34.80.252.217 - - [11/Jun/2020:00:54:02 -0700] "POST /xmlrpc.php HTTP/1.1" 200 4188 "-" "Mozilla/5.0 (X11; Ubuntu; Linux x86_64; rv:62.0) Gecko/20100101 Firefox/62.0" 
116.206.247.232 - - [11/Jun/2020:00:54:11 -0700] "POST /xmlrpc.php HTTP/1.1" 200 4326 "-" "Mozilla/4.0 (compatible; MSIE 6.0; Windows NT 5.0)" 
116.206.247.232 - - [11/Jun/2020:00:55:22 -0700] "POST /xmlrpc.php HTTP/1.1" 200 4326 "-" "Mozilla/4.0 (compatible; MSIE 6.0; Windows NT 5.0)" 
116.206.247.232 - - [11/Jun/2020:00:56:25 -0700] "POST /xmlrpc.php HTTP/1.1" 200 4326 "-" "Mozilla/4.0 (compatible; MSIE 6.0; Windows NT 5.0)" 
5.188.84.233 - - [11/Jun/2020:00:56:45 -0700] "GET /2013/pasta-madre-day-2013/ HTTP/1.0" 200 32755 "https://www.fornacalia.com/2013/pasta-madre-day-2013/#comment-1801/" "Mozilla/5.0 (Windows NT 6.1; Win64; x64) AppleWebKit/537.36 (KHTML, like Gecko) Chrome/68.0.3440.84 Safari/537.36" 
5.188.84.233 - - [11/Jun/2020:00:56:46 -0700] "POST /wp-comments-post.php HTTP/1.0" 302 3874 "https://www.fornacalia.com/2013/pasta-madre-day-2013/#comment-1801/" "Mozilla/5.0 (Windows NT 6.1; Win64; x64) AppleWebKit/537.36 (KHTML, like Gecko) Chrome/68.0.3440.84 Safari/537.36" 
116.206.247.232 - - [11/Jun/2020:00:57:29 -0700] "POST /xmlrpc.php HTTP/1.1" 200 4326 "-" "Mozilla/4.0 (compatible; MSIE 6.0; Windows NT 5.0)" 
5.183.94.34 - - [11/Jun/2020:00:58:29 -0700] "GET /2013/pasta-madre-day-2013/ HTTP/1.0" 200 32755 "https://www.fornacalia.com/2013/pasta-madre-day-2013/#comment-50454" "Mozilla/5.0 (Windows NT 10.0; Win64; x64) AppleWebKit/537.36 (KHTML, like Gecko) Chrome/67.0.3396.87 Safari/537.36 OPR/54.0.2952.51" 
116.206.247.232 - - [11/Jun/2020:00:58:54 -0700] "POST /xmlrpc.php HTTP/1.1" 200 4326 "-" "Mozilla/4.0 (compatible; MSIE 6.0; Windows NT 5.0)" 
173.249.59.239 - - [11/Jun/2020:00:59:06 -0700] "GET /wp-login.php HTTP/1.1" 200 5309 "-" "Mozilla/5.0 (X11; Ubuntu; Linux x86_64; rv:62.0) Gecko/20100101 Firefox/62.0" 
173.249.59.239 - - [11/Jun/2020:00:59:06 -0700] "POST /wp-login.php HTTP/1.1" 200 5684 "-" "Mozilla/5.0 (X11; Ubuntu; Linux x86_64; rv:62.0) Gecko/20100101 Firefox/62.0" 
173.249.59.239 - - [11/Jun/2020:00:59:07 -0700] "POST /xmlrpc.php HTTP/1.1" 200 4188 "-" "Mozilla/5.0 (X11; Ubuntu; Linux x86_64; rv:62.0) Gecko/20100101 Firefox/62.0" 
116.206.247.232 - - [11/Jun/2020:00:59:58 -0700] "POST /xmlrpc.php HTTP/1.1" 200 4326 "-" "Mozilla/4.0 (compatible; MSIE 6.0; Windows NT 5.0)" 
103.209.64.19 - - [11/Jun/2020:01:01:04 -0700] "GET / HTTP/1.0" 200 58320 "https://www.fornacalia.com/" "Mozilla/5.0 (Windows NT 6.1; Win64; x64) AppleWebKit/537.36 (KHTML, like Gecko) Chrome/67.0.3396.87 Safari/537.36 OPR/54.0.2952.54" 
116.206.247.232 - - [11/Jun/2020:01:01:24 -0700] "POST /xmlrpc.php HTTP/1.1" 200 4326 "-" "Mozilla/4.0 (compatible; MSIE 6.0; Windows NT 5.0)" 
103.209.64.19 - - [11/Jun/2020:01:01:32 -0700] "GET /2020/turmeric-breadan-experiment/ HTTP/1.0" 200 31719 "https://www.fornacalia.com/2020/turmeric-breadan-experiment/" "Mozilla/5.0 (Windows NT 6.1; Win64; x64) AppleWebKit/537.36 (KHTML, like Gecko) Chrome/67.0.3396.87 Safari/537.36 OPR/54.0.2952.54" 
66.249.66.17 - - [11/Jun/2020:01:02:15 -0700] "GET / HTTP/1.1" 301 4132 "-" "Mozilla/5.0 (compatible; Googlebot/2.1; +http://www.google.com/bot.html)" 
66.249.66.43 - - [11/Jun/2020:01:02:17 -0700] "GET / HTTP/1.1" 200 19262 "-" "Mozilla/5.0 (compatible; Googlebot/2.1; +http://www.google.com/bot.html)" 
116.206.247.232 - - [11/Jun/2020:01:02:54 -0700] "POST /xmlrpc.php HTTP/1.1" 200 4326 "-" "Mozilla/4.0 (compatible; MSIE 6.0; Windows NT 5.0)" 
5.188.84.147 - - [11/Jun/2020:01:03:05 -0700] "GET /2013/pasta-madre-day-2013/ HTTP/1.0" 200 32755 "https://www.fornacalia.com/2013/pasta-madre-day-2013/#comment-1801/" "Mozilla/5.0 (Windows NT 10.0; Win64; x64) AppleWebKit/537.36 (KHTML, like Gecko) Chrome/66.0.3359.170 Safari/537.36 OPR/53.0.2907.68" 
5.188.84.147 - - [11/Jun/2020:01:03:06 -0700] "POST /wp-comments-post.php HTTP/1.0" 302 3874 "https://www.fornacalia.com/2013/pasta-madre-day-2013/#comment-1801/" "Mozilla/5.0 (Windows NT 10.0; Win64; x64) AppleWebKit/537.36 (KHTML, like Gecko) Chrome/66.0.3359.170 Safari/537.36 OPR/53.0.2907.68" 
116.206.247.232 - - [11/Jun/2020:01:04:05 -0700] "POST /xmlrpc.php HTTP/1.1" 200 4326 "-" "Mozilla/4.0 (compatible; MSIE 6.0; Windows NT 5.0)" 
66.249.66.45 - - [11/Jun/2020:01:04:17 -0700] "GET /2013/sourdough-ciabatta/ HTTP/1.1" 200 14815 "-" "Mozilla/5.0 (compatible; Googlebot/2.1; +http://www.google.com/bot.html)" 
66.249.66.43 - - [11/Jun/2020:01:04:21 -0700] "GET /wp-includes/css/dist/block-library/style.min.css?ver=5.2.7 HTTP/1.1" 200 9010 "https://www.fornacalia.com/2013/sourdough-ciabatta/" "Mozilla/5.0 AppleWebKit/537.36 (KHTML, like Gecko; compatible; Googlebot/2.1; +http://www.google.com/bot.html) Chrome/83.0.4103.93 Safari/537.36" 
131.220.6.152 - - [11/Jun/2020:01:05:02 -0700] "GET / HTTP/1.1" 301 3532 "-" "Mozilla/5.0 (X11; Linux x86_64) AppleWebKit/537.36 (KHTML, like Gecko) Chrome/79.0.3945.79 Safari/537.36" 
131.220.6.152 - - [11/Jun/2020:01:05:03 -0700] "GET / HTTP/1.1" 200 18674 "-" "Mozilla/5.0 (X11; Linux x86_64) AppleWebKit/537.36 (KHTML, like Gecko) Chrome/79.0.3945.79 Safari/537.36" 
116.206.247.232 - - [11/Jun/2020:01:05:07 -0700] "POST /xmlrpc.php HTTP/1.1" 200 4326 "-" "Mozilla/4.0 (compatible; MSIE 6.0; Windows NT 5.0)" 
199.249.230.75 - - [11/Jun/2020:01:05:17 -0700] "GET /2013/pasta-madre-day-2013/ HTTP/1.0" 200 32755 "https://www.fornacalia.com/2013/pasta-madre-day-2013/#comment-50456" "Mozilla/5.0 (Windows NT 10.0; Win64; x64) AppleWebKit/537.36 (KHTML, like Gecko) Chrome/67.0.3396.87 Safari/537.36 OPR/54.0.2952.71" 
54.38.212.160 - - [11/Jun/2020:01:06:00 -0700] "GET /wp-login.php HTTP/1.1" 200 5309 "-" "Mozilla/5.0 (X11; Ubuntu; Linux x86_64; rv:62.0) Gecko/20100101 Firefox/62.0" 
54.38.212.160 - - [11/Jun/2020:01:06:00 -0700] "POST /wp-login.php HTTP/1.1" 200 5731 "-" "Mozilla/5.0 (X11; Ubuntu; Linux x86_64; rv:62.0) Gecko/20100101 Firefox/62.0" 
54.38.212.160 - - [11/Jun/2020:01:06:01 -0700] "GET /wp-login.php HTTP/1.1" 200 5309 "-" "Mozilla/5.0 (X11; Ubuntu; Linux x86_64; rv:62.0) Gecko/20100101 Firefox/62.0" 
54.38.212.160 - - [11/Jun/2020:01:06:01 -0700] "POST /wp-login.php HTTP/1.1" 200 5680 "-" "Mozilla/5.0 (X11; Ubuntu; Linux x86_64; rv:62.0) Gecko/20100101 Firefox/62.0" 
54.38.212.160 - - [11/Jun/2020:01:06:01 -0700] "POST /xmlrpc.php HTTP/1.1" 200 4188 "-" "Mozilla/5.0 (X11; Ubuntu; Linux x86_64; rv:62.0) Gecko/20100101 Firefox/62.0" 
116.206.247.232 - - [11/Jun/2020:01:06:31 -0700] "POST /xmlrpc.php HTTP/1.1" 200 4326 "-" "Mozilla/4.0 (compatible; MSIE 6.0; Windows NT 5.0)" 
5.188.84.25 - - [11/Jun/2020:01:07:14 -0700] "GET /2013/pasta-madre-day-2013/ HTTP/1.0" 200 32755 "https://www.fornacalia.com/2013/pasta-madre-day-2013/#comment-1801/" "Mozilla/5.0 (Windows NT 10.0; Win64; x64) AppleWebKit/537.36 (KHTML, like Gecko) Chrome/67.0.3396.87 Safari/537.36 OPR/54.0.2952.64" 
5.188.84.25 - - [11/Jun/2020:01:07:15 -0700] "POST /wp-comments-post.php HTTP/1.0" 302 3874 "https://www.fornacalia.com/2013/pasta-madre-day-2013/#comment-1801/" "Mozilla/5.0 (Windows NT 10.0; Win64; x64) AppleWebKit/537.36 (KHTML, like Gecko) Chrome/67.0.3396.87 Safari/537.36 OPR/54.0.2952.64" 
116.206.247.232 - - [11/Jun/2020:01:07:32 -0700] "POST /xmlrpc.php HTTP/1.1" 200 4326 "-" "Mozilla/4.0 (compatible; MSIE 6.0; Windows NT 5.0)" 
116.206.247.232 - - [11/Jun/2020:01:08:40 -0700] "POST /xmlrpc.php HTTP/1.1" 200 4326 "-" "Mozilla/4.0 (compatible; MSIE 6.0; Windows NT 5.0)" 
116.206.247.232 - - [11/Jun/2020:01:09:43 -0700] "POST /xmlrpc.php HTTP/1.1" 200 4326 "-" "Mozilla/4.0 (compatible; MSIE 6.0; Windows NT 5.0)" 
116.206.247.232 - - [11/Jun/2020:01:10:50 -0700] "POST /xmlrpc.php HTTP/1.1" 200 4326 "-" "Mozilla/4.0 (compatible; MSIE 6.0; Windows NT 5.0)" 
116.206.247.232 - - [11/Jun/2020:01:12:20 -0700] "POST /xmlrpc.php HTTP/1.1" 200 4326 "-" "Mozilla/4.0 (compatible; MSIE 6.0; Windows NT 5.0)" 
116.206.247.232 - - [11/Jun/2020:01:13:26 -0700] "POST /xmlrpc.php HTTP/1.1" 200 4326 "-" "Mozilla/4.0 (compatible; MSIE 6.0; Windows NT 5.0)" 
5.188.84.25 - - [11/Jun/2020:01:14:02 -0700] "GET /2013/pasta-madre-day-2013/ HTTP/1.0" 200 32755 "https://www.fornacalia.com/2013/pasta-madre-day-2013/#comment-1801/" "Mozilla/5.0 (Windows NT 6.1; Win64; x64) AppleWebKit/537.36 (KHTML, like Gecko) Chrome/67.0.3396.87 Safari/537.36 OPR/54.0.2952.54" 
5.188.84.25 - - [11/Jun/2020:01:14:03 -0700] "POST /wp-comments-post.php HTTP/1.0" 302 3874 "https://www.fornacalia.com/2013/pasta-madre-day-2013/#comment-1801/" "Mozilla/5.0 (Windows NT 6.1; Win64; x64) AppleWebKit/537.36 (KHTML, like Gecko) Chrome/67.0.3396.87 Safari/537.36 OPR/54.0.2952.54" 
5.188.84.35 - - [11/Jun/2020:01:14:03 -0700] "GET /2013/pasta-madre-day-2013/ HTTP/1.0" 200 32755 "https://www.fornacalia.com/2013/pasta-madre-day-2013/#comment-1801/" "Mozilla/5.0 (Windows NT 10.0; Win64; x64) AppleWebKit/537.36 (KHTML, like Gecko) Chrome/64.0.3282.140 Safari/537.36 Edge/17.17134" 
5.188.84.35 - - [11/Jun/2020:01:14:04 -0700] "POST /wp-comments-post.php HTTP/1.0" 302 3874 "https://www.fornacalia.com/2013/pasta-madre-day-2013/#comment-1801/" "Mozilla/5.0 (Windows NT 10.0; Win64; x64) AppleWebKit/537.36 (KHTML, like Gecko) Chrome/64.0.3282.140 Safari/537.36 Edge/17.17134" 
116.206.247.232 - - [11/Jun/2020:01:14:47 -0700] "POST /xmlrpc.php HTTP/1.1" 200 4326 "-" "Mozilla/4.0 (compatible; MSIE 6.0; Windows NT 5.0)" 
207.46.13.43 - - [11/Jun/2020:01:15:17 -0700] "GET /2013/bread-with-kalonji/ HTTP/1.1" 200 12825 "-" "Mozilla/5.0 (compatible; bingbot/2.0; +http://www.bing.com/bingbot.htm)" 
116.206.247.232 - - [11/Jun/2020:01:16:05 -0700] "POST /xmlrpc.php HTTP/1.1" 200 4326 "-" "Mozilla/4.0 (compatible; MSIE 6.0; Windows NT 5.0)" 
116.206.247.232 - - [11/Jun/2020:01:17:22 -0700] "POST /xmlrpc.php HTTP/1.1" 200 4326 "-" "Mozilla/4.0 (compatible; MSIE 6.0; Windows NT 5.0)" 
116.206.247.232 - - [11/Jun/2020:01:18:30 -0700] "POST /xmlrpc.php HTTP/1.1" 200 4326 "-" "Mozilla/4.0 (compatible; MSIE 6.0; Windows NT 5.0)" 
196.41.122.94 - - [11/Jun/2020:01:18:54 -0700] "GET /wp-login.php HTTP/1.1" 200 5309 "-" "Mozilla/5.0 (X11; Ubuntu; Linux x86_64; rv:62.0) Gecko/20100101 Firefox/62.0" 
196.41.122.94 - - [11/Jun/2020:01:18:55 -0700] "POST /wp-login.php HTTP/1.1" 200 5731 "-" "Mozilla/5.0 (X11; Ubuntu; Linux x86_64; rv:62.0) Gecko/20100101 Firefox/62.0" 
196.41.122.94 - - [11/Jun/2020:01:18:56 -0700] "GET /wp-login.php HTTP/1.1" 200 5309 "-" "Mozilla/5.0 (X11; Ubuntu; Linux x86_64; rv:62.0) Gecko/20100101 Firefox/62.0" 
196.41.122.94 - - [11/Jun/2020:01:18:57 -0700] "POST /wp-login.php HTTP/1.1" 200 5680 "-" "Mozilla/5.0 (X11; Ubuntu; Linux x86_64; rv:62.0) Gecko/20100101 Firefox/62.0" 
196.41.122.94 - - [11/Jun/2020:01:18:58 -0700] "POST /xmlrpc.php HTTP/1.1" 200 4188 "-" "Mozilla/5.0 (X11; Ubuntu; Linux x86_64; rv:62.0) Gecko/20100101 Firefox/62.0" 
207.46.13.43 - - [11/Jun/2020:01:19:24 -0700] "GET /2017/weigh-in/ HTTP/1.1" 200 12382 "-" "Mozilla/5.0 (iPhone; CPU iPhone OS 7_0 like Mac OS X) AppleWebKit/537.51.1 (KHTML, like Gecko) Version/7.0 Mobile/11A465 Safari/9537.53 (compatible; bingbot/2.0; +http://www.bing.com/bingbot.htm)" 
116.206.247.232 - - [11/Jun/2020:01:20:07 -0700] "POST /xmlrpc.php HTTP/1.1" 200 4326 "-" "Mozilla/4.0 (compatible; MSIE 6.0; Windows NT 5.0)" 
116.206.247.232 - - [11/Jun/2020:01:21:30 -0700] "POST /xmlrpc.php HTTP/1.1" 200 4326 "-" "Mozilla/4.0 (compatible; MSIE 6.0; Windows NT 5.0)" 
116.206.247.232 - - [11/Jun/2020:01:22:36 -0700] "POST /xmlrpc.php HTTP/1.1" 200 4326 "-" "Mozilla/4.0 (compatible; MSIE 6.0; Windows NT 5.0)" 
116.206.247.232 - - [11/Jun/2020:01:24:16 -0700] "POST /xmlrpc.php HTTP/1.1" 200 4326 "-" "Mozilla/4.0 (compatible; MSIE 6.0; Windows NT 5.0)" 
116.206.247.232 - - [11/Jun/2020:01:25:23 -0700] "POST /xmlrpc.php HTTP/1.1" 200 4326 "-" "Mozilla/4.0 (compatible; MSIE 6.0; Windows NT 5.0)" 
178.159.37.88 - - [11/Jun/2020:01:26:21 -0700] "GET /page/2/?option=com_users HTTP/1.0" 200 49980 "https://www.fornacalia.com/page/2/?option=com_users&" "Mozilla/5.0 (Windows NT 5.1) AppleWebKit/537.36 (KHTML, like Gecko) Chrome/49.0.2623.112 Safari/537.36" 
178.159.37.88 - - [11/Jun/2020:01:26:22 -0700] "GET /page/2/index.php HTTP/1.0" 301 3933 "https://www.fornacalia.com/index.php" "Mozilla/5.0 (Windows NT 5.1) AppleWebKit/537.36 (KHTML, like Gecko) Chrome/49.0.2623.112 Safari/537.36" 
116.206.247.232 - - [11/Jun/2020:01:26:43 -0700] "POST /xmlrpc.php HTTP/1.1" 200 4326 "-" "Mozilla/4.0 (compatible; MSIE 6.0; Windows NT 5.0)" 
5.188.84.220 - - [11/Jun/2020:01:27:05 -0700] "GET /2013/pasta-madre-day-2013/ HTTP/1.0" 200 32755 "https://www.fornacalia.com/2013/pasta-madre-day-2013/#comment-1801/" "Mozilla/5.0 (Windows NT 10.0; Win64; x64) AppleWebKit/537.36 (KHTML, like Gecko) Chrome/67.0.3396.87 Safari/537.36 OPR/54.0.2952.51" 
5.188.84.220 - - [11/Jun/2020:01:27:06 -0700] "POST /wp-comments-post.php HTTP/1.0" 302 3874 "https://www.fornacalia.com/2013/pasta-madre-day-2013/#comment-1801/" "Mozilla/5.0 (Windows NT 10.0; Win64; x64) AppleWebKit/537.36 (KHTML, like Gecko) Chrome/67.0.3396.87 Safari/537.36 OPR/54.0.2952.51" 
116.206.247.232 - - [11/Jun/2020:01:28:11 -0700] "POST /xmlrpc.php HTTP/1.1" 200 4326 "-" "Mozilla/4.0 (compatible; MSIE 6.0; Windows NT 5.0)" 
116.206.247.232 - - [11/Jun/2020:01:30:15 -0700] "POST /xmlrpc.php HTTP/1.1" 200 4326 "-" "Mozilla/4.0 (compatible; MSIE 6.0; Windows NT 5.0)" 
139.59.40.159 - - [11/Jun/2020:01:31:31 -0700] "GET /wp-login.php HTTP/1.1" 200 5309 "-" "Mozilla/5.0 (X11; Ubuntu; Linux x86_64; rv:62.0) Gecko/20100101 Firefox/62.0" 
139.59.40.159 - - [11/Jun/2020:01:31:32 -0700] "POST /wp-login.php HTTP/1.1" 200 5731 "-" "Mozilla/5.0 (X11; Ubuntu; Linux x86_64; rv:62.0) Gecko/20100101 Firefox/62.0" 
139.59.40.159 - - [11/Jun/2020:01:31:33 -0700] "GET /wp-login.php HTTP/1.1" 200 5309 "-" "Mozilla/5.0 (X11; Ubuntu; Linux x86_64; rv:62.0) Gecko/20100101 Firefox/62.0" 
139.59.40.159 - - [11/Jun/2020:01:31:34 -0700] "POST /wp-login.php HTTP/1.1" 200 5680 "-" "Mozilla/5.0 (X11; Ubuntu; Linux x86_64; rv:62.0) Gecko/20100101 Firefox/62.0" 
139.59.40.159 - - [11/Jun/2020:01:31:35 -0700] "POST /xmlrpc.php HTTP/1.1" 200 4188 "-" "Mozilla/5.0 (X11; Ubuntu; Linux x86_64; rv:62.0) Gecko/20100101 Firefox/62.0" 
5.188.84.65 - - [11/Jun/2020:01:31:53 -0700] "GET /2013/pasta-madre-day-2013/ HTTP/1.0" 200 32755 "https://www.fornacalia.com/2013/pasta-madre-day-2013/#comment-1801/" "Mozilla/5.0 (Windows NT 6.1; Win64; x64) AppleWebKit/537.36 (KHTML, like Gecko) Chrome/67.0.3396.87 Safari/537.36 OPR/54.0.2952.51" 
5.188.84.65 - - [11/Jun/2020:01:31:54 -0700] "POST /wp-comments-post.php HTTP/1.0" 302 3874 "https://www.fornacalia.com/2013/pasta-madre-day-2013/#comment-1801/" "Mozilla/5.0 (Windows NT 6.1; Win64; x64) AppleWebKit/537.36 (KHTML, like Gecko) Chrome/67.0.3396.87 Safari/537.36 OPR/54.0.2952.51" 
116.206.247.232 - - [11/Jun/2020:01:32:24 -0700] "POST /xmlrpc.php HTTP/1.1" 200 4326 "-" "Mozilla/4.0 (compatible; MSIE 6.0; Windows NT 5.0)" 
116.206.247.232 - - [11/Jun/2020:01:33:31 -0700] "POST /xmlrpc.php HTTP/1.1" 200 4326 "-" "Mozilla/4.0 (compatible; MSIE 6.0; Windows NT 5.0)" 
5.188.84.45 - - [11/Jun/2020:01:34:10 -0700] "GET /2013/pasta-madre-day-2013/ HTTP/1.0" 200 32755 "https://www.fornacalia.com/2013/pasta-madre-day-2013/#comment-1801/" "Mozilla/5.0 (Windows NT 10.0) AppleWebKit/537.36 (KHTML, like Gecko) Chrome/67.0.3396.99 Safari/537.36" 
5.188.84.45 - - [11/Jun/2020:01:34:11 -0700] "POST /wp-comments-post.php HTTP/1.0" 302 3874 "https://www.fornacalia.com/2013/pasta-madre-day-2013/#comment-1801/" "Mozilla/5.0 (Windows NT 10.0) AppleWebKit/537.36 (KHTML, like Gecko) Chrome/67.0.3396.99 Safari/537.36" 
116.206.247.232 - - [11/Jun/2020:01:34:34 -0700] "POST /xmlrpc.php HTTP/1.1" 200 4326 "-" "Mozilla/4.0 (compatible; MSIE 6.0; Windows NT 5.0)" 
116.206.247.232 - - [11/Jun/2020:01:36:25 -0700] "POST /xmlrpc.php HTTP/1.1" 200 4326 "-" "Mozilla/4.0 (compatible; MSIE 6.0; Windows NT 5.0)" 
116.206.247.232 - - [11/Jun/2020:01:37:56 -0700] "POST /xmlrpc.php HTTP/1.1" 200 4326 "-" "Mozilla/4.0 (compatible; MSIE 6.0; Windows NT 5.0)" 
116.206.247.232 - - [11/Jun/2020:01:40:29 -0700] "POST /xmlrpc.php HTTP/1.1" 200 4326 "-" "Mozilla/4.0 (compatible; MSIE 6.0; Windows NT 5.0)" 
54.36.148.163 - - [11/Jun/2020:01:40:57 -0700] "GET /robots.txt HTTP/1.1" 301 3567 "-" "Mozilla/5.0 (compatible; AhrefsBot/6.1; +http://ahrefs.com/robot/)" 
54.36.148.163 - - [11/Jun/2020:01:40:57 -0700] "GET /robots.txt HTTP/1.1" 200 4003 "-" "Mozilla/5.0 (compatible; AhrefsBot/6.1; +http://ahrefs.com/robot/)" 
116.206.247.232 - - [11/Jun/2020:01:41:51 -0700] "POST /xmlrpc.php HTTP/1.1" 200 4326 "-" "Mozilla/4.0 (compatible; MSIE 6.0; Windows NT 5.0)" 
64.111.100.215 - - [11/Jun/2020:01:41:51 -0700] "POST /wp-cron.php?doing_wp_cron=1591864911.4985060691833496093750 HTTP/1.1" 200 3383 "https://www.fornacalia.com/wp-cron.php?doing_wp_cron=1591864911.4985060691833496093750" "WordPress/5.2.7; https://www.fornacalia.com" 
54.36.148.183 - - [11/Jun/2020:01:42:29 -0700] "GET /author/jeremy/ HTTP/1.1" 200 18785 "-" "Mozilla/5.0 (compatible; AhrefsBot/6.1; +http://ahrefs.com/robot/)" 
116.206.247.232 - - [11/Jun/2020:01:42:57 -0700] "POST /xmlrpc.php HTTP/1.1" 200 4326 "-" "Mozilla/4.0 (compatible; MSIE 6.0; Windows NT 5.0)" 
116.206.247.232 - - [11/Jun/2020:01:44:04 -0700] "POST /xmlrpc.php HTTP/1.1" 200 4326 "-" "Mozilla/4.0 (compatible; MSIE 6.0; Windows NT 5.0)" 
5.188.84.233 - - [11/Jun/2020:01:44:22 -0700] "GET /2013/pasta-madre-day-2013/ HTTP/1.0" 200 32755 "https://www.fornacalia.com/2013/pasta-madre-day-2013/#comment-1801/" "Mozilla/5.0 (Windows NT 6.1; Win64; x64) AppleWebKit/537.36 (KHTML, like Gecko) Chrome/67.0.3396.87 Safari/537.36 OPR/54.0.2952.64" 
5.188.84.233 - - [11/Jun/2020:01:44:24 -0700] "POST /wp-comments-post.php HTTP/1.0" 302 3874 "https://www.fornacalia.com/2013/pasta-madre-day-2013/#comment-1801/" "Mozilla/5.0 (Windows NT 6.1; Win64; x64) AppleWebKit/537.36 (KHTML, like Gecko) Chrome/67.0.3396.87 Safari/537.36 OPR/54.0.2952.64" 
104.248.158.95 - - [11/Jun/2020:01:44:32 -0700] "GET /wp-login.php HTTP/1.1" 200 5309 "-" "Mozilla/5.0 (X11; Ubuntu; Linux x86_64; rv:62.0) Gecko/20100101 Firefox/62.0" 
104.248.158.95 - - [11/Jun/2020:01:44:34 -0700] "POST /wp-login.php HTTP/1.1" 200 5731 "-" "Mozilla/5.0 (X11; Ubuntu; Linux x86_64; rv:62.0) Gecko/20100101 Firefox/62.0" 
104.248.158.95 - - [11/Jun/2020:01:44:35 -0700] "GET /wp-login.php HTTP/1.1" 200 5309 "-" "Mozilla/5.0 (X11; Ubuntu; Linux x86_64; rv:62.0) Gecko/20100101 Firefox/62.0" 
104.248.158.95 - - [11/Jun/2020:01:44:36 -0700] "POST /wp-login.php HTTP/1.1" 200 5680 "-" "Mozilla/5.0 (X11; Ubuntu; Linux x86_64; rv:62.0) Gecko/20100101 Firefox/62.0" 
104.248.158.95 - - [11/Jun/2020:01:44:37 -0700] "POST /xmlrpc.php HTTP/1.1" 200 4188 "-" "Mozilla/5.0 (X11; Ubuntu; Linux x86_64; rv:62.0) Gecko/20100101 Firefox/62.0" 
116.206.247.232 - - [11/Jun/2020:01:45:40 -0700] "POST /xmlrpc.php HTTP/1.1" 200 4326 "-" "Mozilla/4.0 (compatible; MSIE 6.0; Windows NT 5.0)" 
116.206.247.232 - - [11/Jun/2020:01:47:06 -0700] "POST /xmlrpc.php HTTP/1.1" 200 4326 "-" "Mozilla/4.0 (compatible; MSIE 6.0; Windows NT 5.0)" 
182.55.101.210 - - [11/Jun/2020:01:48:01 -0700] "GET /2019/respect-to-respectus-panis/ HTTP/1.1" 200 13501 "https://www.google.com.sg/" "Mozilla/5.0 (iPhone; CPU iPhone OS 13_4_1 like Mac OS X) AppleWebKit/605.1.15 (KHTML, like Gecko) Version/13.1 Mobile/15E148 Safari/604.1" 
182.55.101.210 - - [11/Jun/2020:01:48:01 -0700] "GET /wp-includes/css/dist/block-library/style.min.css?ver=5.2.7 HTTP/1.1" 200 5367 "https://www.fornacalia.com/2019/respect-to-respectus-panis/" "Mozilla/5.0 (iPhone; CPU iPhone OS 13_4_1 like Mac OS X) AppleWebKit/605.1.15 (KHTML, like Gecko) Version/13.1 Mobile/15E148 Safari/604.1" 
182.55.101.210 - - [11/Jun/2020:01:48:02 -0700] "GET /wp-content/themes/Autonomie-child/style.css?ver=1.0.0 HTTP/1.1" 200 1410 "https://www.fornacalia.com/2019/respect-to-respectus-panis/" "Mozilla/5.0 (iPhone; CPU iPhone OS 13_4_1 like Mac OS X) AppleWebKit/605.1.15 (KHTML, like Gecko) Version/13.1 Mobile/15E148 Safari/604.1" 
182.55.101.210 - - [11/Jun/2020:01:48:02 -0700] "GET /wp-content/themes/autonomie/style.css?ver=5.2.7 HTTP/1.1" 200 9729 "https://www.fornacalia.com/2019/respect-to-respectus-panis/" "Mozilla/5.0 (iPhone; CPU iPhone OS 13_4_1 like Mac OS X) AppleWebKit/605.1.15 (KHTML, like Gecko) Version/13.1 Mobile/15E148 Safari/604.1" 
182.55.101.210 - - [11/Jun/2020:01:48:02 -0700] "GET /wp-content/themes/Autonomie-child/css/narrow-width.css?ver=1.0.0 HTTP/1.1" 200 982 "https://www.fornacalia.com/2019/respect-to-respectus-panis/" "Mozilla/5.0 (iPhone; CPU iPhone OS 13_4_1 like Mac OS X) AppleWebKit/605.1.15 (KHTML, like Gecko) Version/13.1 Mobile/15E148 Safari/604.1" 
182.55.101.210 - - [11/Jun/2020:01:48:02 -0700] "GET /wp-content/plugins/semantic-linkbacks/css/semantic-linkbacks.css?ver=3.8.1 HTTP/1.1" 200 4396 "https://www.fornacalia.com/2019/respect-to-respectus-panis/" "Mozilla/5.0 (iPhone; CPU iPhone OS 13_4_1 like Mac OS X) AppleWebKit/605.1.15 (KHTML, like Gecko) Version/13.1 Mobile/15E148 Safari/604.1" 
182.55.101.210 - - [11/Jun/2020:01:48:02 -0700] "GET /wp-includes/js/jquery/jquery.js?ver=1.12.4-wp HTTP/1.1" 200 35150 "https://www.fornacalia.com/2019/respect-to-respectus-panis/" "Mozilla/5.0 (iPhone; CPU iPhone OS 13_4_1 like Mac OS X) AppleWebKit/605.1.15 (KHTML, like Gecko) Version/13.1 Mobile/15E148 Safari/604.1" 
182.55.101.210 - - [11/Jun/2020:01:48:02 -0700] "GET /wp-includes/js/jquery/jquery-migrate.min.js?ver=1.4.1 HTTP/1.1" 200 4579 "https://www.fornacalia.com/2019/respect-to-respectus-panis/" "Mozilla/5.0 (iPhone; CPU iPhone OS 13_4_1 like Mac OS X) AppleWebKit/605.1.15 (KHTML, like Gecko) Version/13.1 Mobile/15E148 Safari/604.1" 
182.55.101.210 - - [11/Jun/2020:01:48:02 -0700] "GET /wp-content/plugins/semantic-linkbacks/js/semantic-linkbacks.js?ver=3.8.1 HTTP/1.1" 200 593 "https://www.fornacalia.com/2019/respect-to-respectus-panis/" "Mozilla/5.0 (iPhone; CPU iPhone OS 13_4_1 like Mac OS X) AppleWebKit/605.1.15 (KHTML, like Gecko) Version/13.1 Mobile/15E148 Safari/604.1" 
182.55.101.210 - - [11/Jun/2020:01:48:02 -0700] "GET /wp-includes/js/comment-reply.min.js?ver=5.2.7 HTTP/1.1" 200 1539 "https://www.fornacalia.com/2019/respect-to-respectus-panis/" "Mozilla/5.0 (iPhone; CPU iPhone OS 13_4_1 like Mac OS X) AppleWebKit/605.1.15 (KHTML, like Gecko) Version/13.1 Mobile/15E148 Safari/604.1" 
182.55.101.210 - - [11/Jun/2020:01:48:03 -0700] "GET /wp-content/themes/autonomie/js/navigation.js?ver=1.0.0 HTTP/1.1" 200 1326 "https://www.fornacalia.com/2019/respect-to-respectus-panis/" "Mozilla/5.0 (iPhone; CPU iPhone OS 13_4_1 like Mac OS X) AppleWebKit/605.1.15 (KHTML, like Gecko) Version/13.1 Mobile/15E148 Safari/604.1" 
182.55.101.210 - - [11/Jun/2020:01:48:03 -0700] "GET /wp-content/themes/autonomie/js/skip-link-focus-fix.js?ver=1.0.0 HTTP/1.1" 200 928 "https://www.fornacalia.com/2019/respect-to-respectus-panis/" "Mozilla/5.0 (iPhone; CPU iPhone OS 13_4_1 like Mac OS X) AppleWebKit/605.1.15 (KHTML, like Gecko) Version/13.1 Mobile/15E148 Safari/604.1" 
182.55.101.210 - - [11/Jun/2020:01:48:03 -0700] "GET /wp-includes/js/wp-embed.min.js?ver=5.2.7 HTTP/1.1" 200 1198 "https://www.fornacalia.com/2019/respect-to-respectus-panis/" "Mozilla/5.0 (iPhone; CPU iPhone OS 13_4_1 like Mac OS X) AppleWebKit/605.1.15 (KHTML, like Gecko) Version/13.1 Mobile/15E148 Safari/604.1" 
182.55.101.210 - - [11/Jun/2020:01:48:03 -0700] "GET /wp-content/themes/Autonomie-child/css/print.css?ver=1.0.0 HTTP/1.1" 200 754 "https://www.fornacalia.com/2019/respect-to-respectus-panis/" "Mozilla/5.0 (iPhone; CPU iPhone OS 13_4_1 like Mac OS X) AppleWebKit/605.1.15 (KHTML, like Gecko) Version/13.1 Mobile/15E148 Safari/604.1" 
182.55.101.210 - - [11/Jun/2020:01:48:03 -0700] "GET /wp-content/themes/Autonomie-child/css/default-width.css?ver=1.0.0 HTTP/1.1" 200 868 "https://www.fornacalia.com/2019/respect-to-respectus-panis/" "Mozilla/5.0 (iPhone; CPU iPhone OS 13_4_1 like Mac OS X) AppleWebKit/605.1.15 (KHTML, like Gecko) Version/13.1 Mobile/15E148 Safari/604.1" 
182.55.101.210 - - [11/Jun/2020:01:48:03 -0700] "GET /wp-content/plugins/indieweb/static/css/indieweb.css?ver=3.4.1 HTTP/1.1" 200 10490 "https://www.fornacalia.com/2019/respect-to-respectus-panis/" "Mozilla/5.0 (iPhone; CPU iPhone OS 13_4_1 like Mac OS X) AppleWebKit/605.1.15 (KHTML, like Gecko) Version/13.1 Mobile/15E148 Safari/604.1" 
182.55.101.210 - - [11/Jun/2020:01:48:03 -0700] "GET /wp-content/themes/Autonomie-child/css/wide-width.css?ver=1.0.0 HTTP/1.1" 404 22142 "https://www.fornacalia.com/2019/respect-to-respectus-panis/" "Mozilla/5.0 (iPhone; CPU iPhone OS 13_4_1 like Mac OS X) AppleWebKit/605.1.15 (KHTML, like Gecko) Version/13.1 Mobile/15E148 Safari/604.1" 
182.55.101.210 - - [11/Jun/2020:01:48:04 -0700] "GET /wp-content/themes/autonomie/font/merriweather/merriweather-v15-latin-300.woff2 HTTP/1.1" 200 19141 "https://www.fornacalia.com/2019/respect-to-respectus-panis/" "Mozilla/5.0 (iPhone; CPU iPhone OS 13_4_1 like Mac OS X) AppleWebKit/605.1.15 (KHTML, like Gecko) Version/13.1 Mobile/15E148 Safari/604.1" 
182.55.101.210 - - [11/Jun/2020:01:48:04 -0700] "GET /wp-content/themes/autonomie/font/lato/lato-v13-latin-300.woff2 HTTP/1.1" 200 23450 "https://www.fornacalia.com/2019/respect-to-respectus-panis/" "Mozilla/5.0 (iPhone; CPU iPhone OS 13_4_1 like Mac OS X) AppleWebKit/605.1.15 (KHTML, like Gecko) Version/13.1 Mobile/15E148 Safari/604.1" 
182.55.101.210 - - [11/Jun/2020:01:48:03 -0700] "GET /wp-content/uploads/2019/01/do-nothing-scored.jpg HTTP/1.1" 200 322044 "https://www.fornacalia.com/2019/respect-to-respectus-panis/" "Mozilla/5.0 (iPhone; CPU iPhone OS 13_4_1 like Mac OS X) AppleWebKit/605.1.15 (KHTML, like Gecko) Version/13.1 Mobile/15E148 Safari/604.1" 
182.55.101.210 - - [11/Jun/2020:01:48:05 -0700] "GET /wp-content/themes/autonomie/font/lato/lato-v13-latin-700.woff2 HTTP/1.1" 200 23094 "https://www.fornacalia.com/2019/respect-to-respectus-panis/" "Mozilla/5.0 (iPhone; CPU iPhone OS 13_4_1 like Mac OS X) AppleWebKit/605.1.15 (KHTML, like Gecko) Version/13.1 Mobile/15E148 Safari/604.1" 
182.55.101.210 - - [11/Jun/2020:01:48:03 -0700] "GET /wp-content/uploads/2019/01/do-nothing-risen.jpg HTTP/1.1" 200 375730 "https://www.fornacalia.com/2019/respect-to-respectus-panis/" "Mozilla/5.0 (iPhone; CPU iPhone OS 13_4_1 like Mac OS X) AppleWebKit/605.1.15 (KHTML, like Gecko) Version/13.1 Mobile/15E148 Safari/604.1" 
182.55.101.210 - - [11/Jun/2020:01:48:05 -0700] "GET /wp-content/themes/autonomie/font/merriweather/merriweather-v15-latin-300italic.woff2 HTTP/1.1" 200 20118 "https://www.fornacalia.com/2019/respect-to-respectus-panis/" "Mozilla/5.0 (iPhone; CPU iPhone OS 13_4_1 like Mac OS X) AppleWebKit/605.1.15 (KHTML, like Gecko) Version/13.1 Mobile/15E148 Safari/604.1" 
182.55.101.210 - - [11/Jun/2020:01:48:06 -0700] "GET /wp-content/themes/autonomie/font/lato/lato-v13-latin-300italic.woff2 HTTP/1.1" 200 17922 "https://www.fornacalia.com/2019/respect-to-respectus-panis/" "Mozilla/5.0 (iPhone; CPU iPhone OS 13_4_1 like Mac OS X) AppleWebKit/605.1.15 (KHTML, like Gecko) Version/13.1 Mobile/15E148 Safari/604.1" 
182.55.101.210 - - [11/Jun/2020:01:48:06 -0700] "GET /wp-content/uploads/2019/01/do-nothing-baked-crumb.jpg HTTP/1.1" 200 312037 "https://www.fornacalia.com/2019/respect-to-respectus-panis/" "Mozilla/5.0 (iPhone; CPU iPhone OS 13_4_1 like Mac OS X) AppleWebKit/605.1.15 (KHTML, like Gecko) Version/13.1 Mobile/15E148 Safari/604.1" 
182.55.101.210 - - [11/Jun/2020:01:48:06 -0700] "GET /wp-content/uploads/2019/01/do-nothing-baked-side.jpg HTTP/1.1" 200 316584 "https://www.fornacalia.com/2019/respect-to-respectus-panis/" "Mozilla/5.0 (iPhone; CPU iPhone OS 13_4_1 like Mac OS X) AppleWebKit/605.1.15 (KHTML, like Gecko) Version/13.1 Mobile/15E148 Safari/604.1" 
182.55.101.210 - - [11/Jun/2020:01:48:03 -0700] "GET /wp-content/uploads/2019/01/do-nothing-baked.jpg HTTP/1.1" 200 393617 "https://www.fornacalia.com/2019/respect-to-respectus-panis/" "Mozilla/5.0 (iPhone; CPU iPhone OS 13_4_1 like Mac OS X) AppleWebKit/605.1.15 (KHTML, like Gecko) Version/13.1 Mobile/15E148 Safari/604.1" 
182.55.101.210 - - [11/Jun/2020:01:48:10 -0700] "GET /wp-content/uploads/2017/12/cropped-forno-favicon-192x192.png HTTP/1.1" 200 25302 "https://www.fornacalia.com/2019/respect-to-respectus-panis/" "Mozilla/5.0 (iPhone; CPU iPhone OS 13_4_1 like Mac OS X) AppleWebKit/605.1.15 (KHTML, like Gecko) Version/13.1 Mobile/15E148 Safari/604.1" 
182.55.101.210 - - [11/Jun/2020:01:48:10 -0700] "GET /wp-content/uploads/2017/12/cropped-forno-favicon-32x32.png HTTP/1.1" 200 1582 "https://www.fornacalia.com/2019/respect-to-respectus-panis/" "Mozilla/5.0 (iPhone; CPU iPhone OS 13_4_1 like Mac OS X) AppleWebKit/605.1.15 (KHTML, like Gecko) Version/13.1 Mobile/15E148 Safari/604.1" 
116.206.247.232 - - [11/Jun/2020:01:48:51 -0700] "POST /xmlrpc.php HTTP/1.1" 200 4326 "-" "Mozilla/4.0 (compatible; MSIE 6.0; Windows NT 5.0)" 
5.188.84.15 - - [11/Jun/2020:01:49:14 -0700] "GET /2013/pasta-madre-day-2013/ HTTP/1.0" 200 32755 "https://www.fornacalia.com/2013/pasta-madre-day-2013/#comment-1801/" "Mozilla/5.0 (Windows NT 10.0; Win64; x64) AppleWebKit/537.36 (KHTML, like Gecko) Chrome/67.0.3396.79 Safari/537.36" 
5.188.84.15 - - [11/Jun/2020:01:49:15 -0700] "POST /wp-comments-post.php HTTP/1.0" 302 3874 "https://www.fornacalia.com/2013/pasta-madre-day-2013/#comment-1801/" "Mozilla/5.0 (Windows NT 10.0; Win64; x64) AppleWebKit/537.36 (KHTML, like Gecko) Chrome/67.0.3396.79 Safari/537.36" 
116.206.247.232 - - [11/Jun/2020:01:49:55 -0700] "POST /xmlrpc.php HTTP/1.1" 200 4326 "-" "Mozilla/4.0 (compatible; MSIE 6.0; Windows NT 5.0)" 
116.206.247.232 - - [11/Jun/2020:01:51:00 -0700] "POST /xmlrpc.php HTTP/1.1" 200 4326 "-" "Mozilla/4.0 (compatible; MSIE 6.0; Windows NT 5.0)" 
5.188.84.147 - - [11/Jun/2020:01:52:07 -0700] "GET /2013/pasta-madre-day-2013/ HTTP/1.0" 200 32755 "https://www.fornacalia.com/2013/pasta-madre-day-2013/#comment-1801/" "Mozilla/5.0 (Windows NT 6.3; Win64; x64) AppleWebKit/537.36 (KHTML, like Gecko) Chrome/67.0.3396.99 Safari/537.36" 
5.188.84.147 - - [11/Jun/2020:01:52:08 -0700] "POST /wp-comments-post.php HTTP/1.0" 302 3874 "https://www.fornacalia.com/2013/pasta-madre-day-2013/#comment-1801/" "Mozilla/5.0 (Windows NT 6.3; Win64; x64) AppleWebKit/537.36 (KHTML, like Gecko) Chrome/67.0.3396.99 Safari/537.36" 
116.206.247.232 - - [11/Jun/2020:01:52:12 -0700] "POST /xmlrpc.php HTTP/1.1" 200 4326 "-" "Mozilla/4.0 (compatible; MSIE 6.0; Windows NT 5.0)" 
107.21.1.8 - - [11/Jun/2020:01:52:31 -0700] "GET /wp-content/uploads/2017/12/cropped-forno-favicon-32x32.png HTTP/1.1" 200 4511 "https://www.fornacalia.com/wp-content/uploads/2017/12/cropped-forno-favicon-32x32.png" "Mozilla/5.0 (compatible; DuckDuckGo-Favicons-Bot/1.0; +http://duckduckgo.com)" 
5.188.84.35 - - [11/Jun/2020:01:52:37 -0700] "GET /2013/pasta-madre-day-2013/ HTTP/1.0" 200 32755 "https://www.fornacalia.com/2013/pasta-madre-day-2013/#comment-1801/" "Mozilla/5.0 (Windows NT 10.0; Win64; x64) AppleWebKit/537.36 (KHTML, like Gecko) Chrome/67.0.3396.87 Safari/537.36 OPR/54.0.2952.51" 
5.188.84.35 - - [11/Jun/2020:01:52:38 -0700] "POST /wp-comments-post.php HTTP/1.0" 302 3874 "https://www.fornacalia.com/2013/pasta-madre-day-2013/#comment-1801/" "Mozilla/5.0 (Windows NT 10.0; Win64; x64) AppleWebKit/537.36 (KHTML, like Gecko) Chrome/67.0.3396.87 Safari/537.36 OPR/54.0.2952.51" 
116.206.247.232 - - [11/Jun/2020:01:53:20 -0700] "POST /xmlrpc.php HTTP/1.1" 200 4326 "-" "Mozilla/4.0 (compatible; MSIE 6.0; Windows NT 5.0)" 
116.206.247.232 - - [11/Jun/2020:01:54:28 -0700] "POST /xmlrpc.php HTTP/1.1" 200 4326 "-" "Mozilla/4.0 (compatible; MSIE 6.0; Windows NT 5.0)" 
5.188.84.220 - - [11/Jun/2020:01:55:33 -0700] "GET /2013/pasta-madre-day-2013/ HTTP/1.0" 200 32755 "https://www.fornacalia.com/2013/pasta-madre-day-2013/#comment-1801/" "Mozilla/5.0 (Windows NT 6.1) AppleWebKit/537.36 (KHTML, like Gecko) Chrome/66.0.3359.181 Safari/537.36 Kinza/4.7.2" 
5.188.84.220 - - [11/Jun/2020:01:55:34 -0700] "POST /wp-comments-post.php HTTP/1.0" 302 3874 "https://www.fornacalia.com/2013/pasta-madre-day-2013/#comment-1801/" "Mozilla/5.0 (Windows NT 6.1) AppleWebKit/537.36 (KHTML, like Gecko) Chrome/66.0.3359.181 Safari/537.36 Kinza/4.7.2" 
116.206.247.232 - - [11/Jun/2020:01:56:29 -0700] "POST /xmlrpc.php HTTP/1.1" 200 4326 "-" "Mozilla/4.0 (compatible; MSIE 6.0; Windows NT 5.0)" 
157.230.157.132 - - [11/Jun/2020:01:57:16 -0700] "GET /wp-login.php HTTP/1.1" 200 5309 "-" "Mozilla/5.0 (X11; Ubuntu; Linux x86_64; rv:62.0) Gecko/20100101 Firefox/62.0" 
157.230.157.132 - - [11/Jun/2020:01:57:17 -0700] "POST /wp-login.php HTTP/1.1" 200 5731 "-" "Mozilla/5.0 (X11; Ubuntu; Linux x86_64; rv:62.0) Gecko/20100101 Firefox/62.0" 
157.230.157.132 - - [11/Jun/2020:01:57:17 -0700] "GET /wp-login.php HTTP/1.1" 200 5309 "-" "Mozilla/5.0 (X11; Ubuntu; Linux x86_64; rv:62.0) Gecko/20100101 Firefox/62.0" 
157.230.157.132 - - [11/Jun/2020:01:57:17 -0700] "POST /wp-login.php HTTP/1.1" 200 5680 "-" "Mozilla/5.0 (X11; Ubuntu; Linux x86_64; rv:62.0) Gecko/20100101 Firefox/62.0" 
157.230.157.132 - - [11/Jun/2020:01:57:18 -0700] "POST /xmlrpc.php HTTP/1.1" 200 4188 "-" "Mozilla/5.0 (X11; Ubuntu; Linux x86_64; rv:62.0) Gecko/20100101 Firefox/62.0" 
116.206.247.232 - - [11/Jun/2020:01:57:31 -0700] "POST /xmlrpc.php HTTP/1.1" 200 4326 "-" "Mozilla/4.0 (compatible; MSIE 6.0; Windows NT 5.0)" 
116.206.247.232 - - [11/Jun/2020:01:58:48 -0700] "POST /xmlrpc.php HTTP/1.1" 200 4326 "-" "Mozilla/4.0 (compatible; MSIE 6.0; Windows NT 5.0)" 
116.206.247.232 - - [11/Jun/2020:02:00:01 -0700] "POST /xmlrpc.php HTTP/1.1" 200 4326 "-" "Mozilla/4.0 (compatible; MSIE 6.0; Windows NT 5.0)" 
116.206.247.232 - - [11/Jun/2020:02:01:32 -0700] "POST /xmlrpc.php HTTP/1.1" 200 4326 "-" "Mozilla/4.0 (compatible; MSIE 6.0; Windows NT 5.0)" 
5.188.84.65 - - [11/Jun/2020:02:02:02 -0700] "GET /2013/pasta-madre-day-2013/ HTTP/1.0" 200 32755 "https://www.fornacalia.com/2013/pasta-madre-day-2013/#comment-1801/" "Mozilla/5.0 (Windows NT 10.0; Win64; x64) AppleWebKit/537.36 (KHTML, like Gecko) Chrome/67.0.3396.87 Safari/537.36 OPR/54.0.2952.51" 
5.188.84.65 - - [11/Jun/2020:02:02:03 -0700] "POST /wp-comments-post.php HTTP/1.0" 302 3874 "https://www.fornacalia.com/2013/pasta-madre-day-2013/#comment-1801/" "Mozilla/5.0 (Windows NT 10.0; Win64; x64) AppleWebKit/537.36 (KHTML, like Gecko) Chrome/67.0.3396.87 Safari/537.36 OPR/54.0.2952.51" 
66.249.66.45 - - [11/Jun/2020:02:02:14 -0700] "GET /2019/respect-to-respectus-panis/ HTTP/1.1" 200 13486 "-" "Mozilla/5.0 (Linux; Android 6.0.1; Nexus 5X Build/MMB29P) AppleWebKit/537.36 (KHTML, like Gecko) Chrome/80.0.3987.92 Mobile Safari/537.36 (compatible; Googlebot/2.1; +http://www.google.com/bot.html)" 
116.206.247.232 - - [11/Jun/2020:02:02:34 -0700] "POST /xmlrpc.php HTTP/1.1" 200 4326 "-" "Mozilla/4.0 (compatible; MSIE 6.0; Windows NT 5.0)" 
116.206.247.232 - - [11/Jun/2020:02:03:51 -0700] "POST /xmlrpc.php HTTP/1.1" 200 4326 "-" "Mozilla/4.0 (compatible; MSIE 6.0; Windows NT 5.0)" 
116.206.247.232 - - [11/Jun/2020:02:06:08 -0700] "POST /xmlrpc.php HTTP/1.1" 200 4326 "-" "Mozilla/4.0 (compatible; MSIE 6.0; Windows NT 5.0)" 
116.206.247.232 - - [11/Jun/2020:02:07:36 -0700] "POST /xmlrpc.php HTTP/1.1" 200 4326 "-" "Mozilla/4.0 (compatible; MSIE 6.0; Windows NT 5.0)" 
116.206.247.232 - - [11/Jun/2020:02:09:22 -0700] "POST /xmlrpc.php HTTP/1.1" 200 4326 "-" "Mozilla/4.0 (compatible; MSIE 6.0; Windows NT 5.0)" 
5.188.84.15 - - [11/Jun/2020:02:09:32 -0700] "GET /2013/pasta-madre-day-2013/ HTTP/1.0" 200 32755 "https://www.fornacalia.com/2013/pasta-madre-day-2013/#comment-1801/" "Mozilla/5.0 (Windows NT 6.1; Win64; x64) AppleWebKit/537.36 (KHTML, like Gecko) Chrome/66.0.3359.181 Safari/537.36" 
5.188.84.15 - - [11/Jun/2020:02:09:33 -0700] "POST /wp-comments-post.php HTTP/1.0" 302 3874 "https://www.fornacalia.com/2013/pasta-madre-day-2013/#comment-1801/" "Mozilla/5.0 (Windows NT 6.1; Win64; x64) AppleWebKit/537.36 (KHTML, like Gecko) Chrome/66.0.3359.181 Safari/537.36" 
162.241.29.139 - - [11/Jun/2020:02:10:09 -0700] "GET /wp-login.php HTTP/1.1" 200 5309 "-" "Mozilla/5.0 (X11; Ubuntu; Linux x86_64; rv:62.0) Gecko/20100101 Firefox/62.0" 
162.241.29.139 - - [11/Jun/2020:02:10:09 -0700] "POST /wp-login.php HTTP/1.1" 200 5731 "-" "Mozilla/5.0 (X11; Ubuntu; Linux x86_64; rv:62.0) Gecko/20100101 Firefox/62.0" 
162.241.29.139 - - [11/Jun/2020:02:10:09 -0700] "GET /wp-login.php HTTP/1.1" 200 5309 "-" "Mozilla/5.0 (X11; Ubuntu; Linux x86_64; rv:62.0) Gecko/20100101 Firefox/62.0" 
162.241.29.139 - - [11/Jun/2020:02:10:09 -0700] "POST /wp-login.php HTTP/1.1" 200 5680 "-" "Mozilla/5.0 (X11; Ubuntu; Linux x86_64; rv:62.0) Gecko/20100101 Firefox/62.0" 
162.241.29.139 - - [11/Jun/2020:02:10:09 -0700] "POST /xmlrpc.php HTTP/1.1" 200 4188 "-" "Mozilla/5.0 (X11; Ubuntu; Linux x86_64; rv:62.0) Gecko/20100101 Firefox/62.0" 
116.206.247.232 - - [11/Jun/2020:02:10:39 -0700] "POST /xmlrpc.php HTTP/1.1" 200 4326 "-" "Mozilla/4.0 (compatible; MSIE 6.0; Windows NT 5.0)" 
116.206.247.232 - - [11/Jun/2020:02:12:16 -0700] "POST /xmlrpc.php HTTP/1.1" 200 4326 "-" "Mozilla/4.0 (compatible; MSIE 6.0; Windows NT 5.0)" 
116.206.247.232 - - [11/Jun/2020:02:13:26 -0700] "POST /xmlrpc.php HTTP/1.1" 200 4326 "-" "Mozilla/4.0 (compatible; MSIE 6.0; Windows NT 5.0)" 
5.188.84.45 - - [11/Jun/2020:02:13:39 -0700] "GET /2013/pasta-madre-day-2013/ HTTP/1.0" 200 32755 "https://www.fornacalia.com/2013/pasta-madre-day-2013/#comment-1801/" "Mozilla/5.0 (Windows NT 10.0; Win64; x64) AppleWebKit/537.36 (KHTML, like Gecko) Chrome/67.0.3396.62 Safari/537.36" 
5.188.84.45 - - [11/Jun/2020:02:13:40 -0700] "POST /wp-comments-post.php HTTP/1.0" 302 3874 "https://www.fornacalia.com/2013/pasta-madre-day-2013/#comment-1801/" "Mozilla/5.0 (Windows NT 10.0; Win64; x64) AppleWebKit/537.36 (KHTML, like Gecko) Chrome/67.0.3396.62 Safari/537.36" 
116.206.247.232 - - [11/Jun/2020:02:14:58 -0700] "POST /xmlrpc.php HTTP/1.1" 200 4326 "-" "Mozilla/4.0 (compatible; MSIE 6.0; Windows NT 5.0)" 
5.188.84.233 - - [11/Jun/2020:02:15:23 -0700] "GET /2013/pasta-madre-day-2013/ HTTP/1.0" 200 32755 "https://www.fornacalia.com/2013/pasta-madre-day-2013/#comment-1801/" "Mozilla/5.0 (Windows NT 6.1) AppleWebKit/537.36 (KHTML, like Gecko) Chrome/68.0.3440.106 Safari/537.36 Kinza/4.9.1" 
5.188.84.233 - - [11/Jun/2020:02:15:24 -0700] "POST /wp-comments-post.php HTTP/1.0" 302 3874 "https://www.fornacalia.com/2013/pasta-madre-day-2013/#comment-1801/" "Mozilla/5.0 (Windows NT 6.1) AppleWebKit/537.36 (KHTML, like Gecko) Chrome/68.0.3440.106 Safari/537.36 Kinza/4.9.1" 
116.206.247.232 - - [11/Jun/2020:02:16:26 -0700] "POST /xmlrpc.php HTTP/1.1" 200 4326 "-" "Mozilla/4.0 (compatible; MSIE 6.0; Windows NT 5.0)" 
116.206.247.232 - - [11/Jun/2020:02:17:30 -0700] "POST /xmlrpc.php HTTP/1.1" 200 4326 "-" "Mozilla/4.0 (compatible; MSIE 6.0; Windows NT 5.0)" 
116.206.247.232 - - [11/Jun/2020:02:18:36 -0700] "POST /xmlrpc.php HTTP/1.1" 200 4326 "-" "Mozilla/4.0 (compatible; MSIE 6.0; Windows NT 5.0)" 
116.206.247.232 - - [11/Jun/2020:02:19:57 -0700] "POST /xmlrpc.php HTTP/1.1" 200 4326 "-" "Mozilla/4.0 (compatible; MSIE 6.0; Windows NT 5.0)" 
116.206.247.232 - - [11/Jun/2020:02:21:17 -0700] "POST /xmlrpc.php HTTP/1.1" 200 4326 "-" "Mozilla/4.0 (compatible; MSIE 6.0; Windows NT 5.0)" 
116.206.247.232 - - [11/Jun/2020:02:22:37 -0700] "POST /xmlrpc.php HTTP/1.1" 200 4326 "-" "Mozilla/4.0 (compatible; MSIE 6.0; Windows NT 5.0)" 
68.183.146.249 - - [11/Jun/2020:02:23:10 -0700] "GET /wp-login.php HTTP/1.1" 200 5309 "-" "Mozilla/5.0 (X11; Ubuntu; Linux x86_64; rv:62.0) Gecko/20100101 Firefox/62.0" 
68.183.146.249 - - [11/Jun/2020:02:23:11 -0700] "POST /wp-login.php HTTP/1.1" 200 5731 "-" "Mozilla/5.0 (X11; Ubuntu; Linux x86_64; rv:62.0) Gecko/20100101 Firefox/62.0" 
68.183.146.249 - - [11/Jun/2020:02:23:11 -0700] "GET /wp-login.php HTTP/1.1" 200 5309 "-" "Mozilla/5.0 (X11; Ubuntu; Linux x86_64; rv:62.0) Gecko/20100101 Firefox/62.0" 
68.183.146.249 - - [11/Jun/2020:02:23:11 -0700] "POST /wp-login.php HTTP/1.1" 200 5680 "-" "Mozilla/5.0 (X11; Ubuntu; Linux x86_64; rv:62.0) Gecko/20100101 Firefox/62.0" 
68.183.146.249 - - [11/Jun/2020:02:23:11 -0700] "POST /xmlrpc.php HTTP/1.1" 200 4188 "-" "Mozilla/5.0 (X11; Ubuntu; Linux x86_64; rv:62.0) Gecko/20100101 Firefox/62.0" 
116.206.247.232 - - [11/Jun/2020:02:24:14 -0700] "POST /xmlrpc.php HTTP/1.1" 200 4326 "-" "Mozilla/4.0 (compatible; MSIE 6.0; Windows NT 5.0)" 
5.188.84.147 - - [11/Jun/2020:02:25:03 -0700] "GET /2013/pasta-madre-day-2013/ HTTP/1.0" 200 32755 "https://www.fornacalia.com/2013/pasta-madre-day-2013/#comment-1801/" "Mozilla/5.0 (Windows NT 6.1; Win64; x64) AppleWebKit/537.36 (KHTML, like Gecko) Chrome/67.0.3396.87 Safari/537.36" 
5.188.84.147 - - [11/Jun/2020:02:25:04 -0700] "POST /wp-comments-post.php HTTP/1.0" 302 3874 "https://www.fornacalia.com/2013/pasta-madre-day-2013/#comment-1801/" "Mozilla/5.0 (Windows NT 6.1; Win64; x64) AppleWebKit/537.36 (KHTML, like Gecko) Chrome/67.0.3396.87 Safari/537.36" 
116.206.247.232 - - [11/Jun/2020:02:25:38 -0700] "POST /xmlrpc.php HTTP/1.1" 200 4326 "-" "Mozilla/4.0 (compatible; MSIE 6.0; Windows NT 5.0)" 
5.188.84.25 - - [11/Jun/2020:02:26:40 -0700] "GET /2013/pasta-madre-day-2013/ HTTP/1.0" 200 32755 "https://www.fornacalia.com/2013/pasta-madre-day-2013/#comment-1801/" "Mozilla/5.0 (Windows NT 6.2; Win64; x64) AppleWebKit/537.36 (KHTML, like Gecko) Chrome/68.0.3440.106 Safari/537.36" 
5.188.84.25 - - [11/Jun/2020:02:26:41 -0700] "POST /wp-comments-post.php HTTP/1.0" 302 3874 "https://www.fornacalia.com/2013/pasta-madre-day-2013/#comment-1801/" "Mozilla/5.0 (Windows NT 6.2; Win64; x64) AppleWebKit/537.36 (KHTML, like Gecko) Chrome/68.0.3440.106 Safari/537.36" 
116.206.247.232 - - [11/Jun/2020:02:26:55 -0700] "POST /xmlrpc.php HTTP/1.1" 200 4326 "-" "Mozilla/4.0 (compatible; MSIE 6.0; Windows NT 5.0)" 
116.206.247.232 - - [11/Jun/2020:02:28:21 -0700] "POST /xmlrpc.php HTTP/1.1" 200 4326 "-" "Mozilla/4.0 (compatible; MSIE 6.0; Windows NT 5.0)" 
116.206.247.232 - - [11/Jun/2020:02:29:43 -0700] "POST /xmlrpc.php HTTP/1.1" 200 4326 "-" "Mozilla/4.0 (compatible; MSIE 6.0; Windows NT 5.0)" 
116.206.247.232 - - [11/Jun/2020:02:30:59 -0700] "POST /xmlrpc.php HTTP/1.1" 200 4326 "-" "Mozilla/4.0 (compatible; MSIE 6.0; Windows NT 5.0)" 
116.206.247.232 - - [11/Jun/2020:02:32:13 -0700] "POST /xmlrpc.php HTTP/1.1" 200 4326 "-" "Mozilla/4.0 (compatible; MSIE 6.0; Windows NT 5.0)" 
5.188.84.35 - - [11/Jun/2020:02:33:21 -0700] "GET /2013/pasta-madre-day-2013/ HTTP/1.0" 200 32755 "https://www.fornacalia.com/2013/pasta-madre-day-2013/#comment-1801/" "Mozilla/5.0 (Windows NT 6.1; Win64; x64) AppleWebKit/537.36 (KHTML, like Gecko) Chrome/68.0.3440.84 Safari/537.36" 
5.188.84.35 - - [11/Jun/2020:02:33:21 -0700] "POST /wp-comments-post.php HTTP/1.0" 302 3874 "https://www.fornacalia.com/2013/pasta-madre-day-2013/#comment-1801/" "Mozilla/5.0 (Windows NT 6.1; Win64; x64) AppleWebKit/537.36 (KHTML, like Gecko) Chrome/68.0.3440.84 Safari/537.36" 
5.188.84.25 - - [11/Jun/2020:02:33:29 -0700] "GET /2013/pasta-madre-day-2013/ HTTP/1.0" 200 32755 "https://www.fornacalia.com/2013/pasta-madre-day-2013/#comment-1801/" "Mozilla/5.0 (Windows NT 10.0; Win64; x64) AppleWebKit/537.36 (KHTML, like Gecko) Chrome/66.0.3359.181 Safari/537.36" 
116.206.247.232 - - [11/Jun/2020:02:33:29 -0700] "POST /xmlrpc.php HTTP/1.1" 200 4326 "-" "Mozilla/4.0 (compatible; MSIE 6.0; Windows NT 5.0)" 
5.188.84.25 - - [11/Jun/2020:02:33:30 -0700] "POST /wp-comments-post.php HTTP/1.0" 302 3874 "https://www.fornacalia.com/2013/pasta-madre-day-2013/#comment-1801/" "Mozilla/5.0 (Windows NT 10.0; Win64; x64) AppleWebKit/537.36 (KHTML, like Gecko) Chrome/66.0.3359.181 Safari/537.36" 
116.206.247.232 - - [11/Jun/2020:02:34:42 -0700] "POST /xmlrpc.php HTTP/1.1" 200 4326 "-" "Mozilla/4.0 (compatible; MSIE 6.0; Windows NT 5.0)" 
116.206.247.232 - - [11/Jun/2020:02:35:51 -0700] "POST /xmlrpc.php HTTP/1.1" 200 4326 "-" "Mozilla/4.0 (compatible; MSIE 6.0; Windows NT 5.0)" 
64.111.100.215 - - [11/Jun/2020:02:35:51 -0700] "POST /wp-cron.php?doing_wp_cron=1591868151.6556251049041748046875 HTTP/1.1" 200 3383 "https://www.fornacalia.com/wp-cron.php?doing_wp_cron=1591868151.6556251049041748046875" "WordPress/5.2.7; https://www.fornacalia.com" 
116.206.247.232 - - [11/Jun/2020:02:36:53 -0700] "POST /xmlrpc.php HTTP/1.1" 200 4326 "-" "Mozilla/4.0 (compatible; MSIE 6.0; Windows NT 5.0)" 
116.206.247.232 - - [11/Jun/2020:02:37:55 -0700] "POST /xmlrpc.php HTTP/1.1" 200 4326 "-" "Mozilla/4.0 (compatible; MSIE 6.0; Windows NT 5.0)" 
116.206.247.232 - - [11/Jun/2020:02:39:17 -0700] "POST /xmlrpc.php HTTP/1.1" 200 4326 "-" "Mozilla/4.0 (compatible; MSIE 6.0; Windows NT 5.0)" 
116.206.247.232 - - [11/Jun/2020:02:40:24 -0700] "POST /xmlrpc.php HTTP/1.1" 200 4326 "-" "Mozilla/4.0 (compatible; MSIE 6.0; Windows NT 5.0)" 
17.58.102.79 - - [11/Jun/2020:02:40:26 -0700] "GET /type/standard/ HTTP/1.1" 404 25741 "-" "Mozilla/5.0 (Macintosh; Intel Mac OS X 10_15_5) AppleWebKit/605.1.15 (KHTML, like Gecko) Version/13.1.1 Safari/605.1.15 (Applebot/0.1; +http://www.apple.com/go/applebot)" 
116.206.247.232 - - [11/Jun/2020:02:41:51 -0700] "POST /xmlrpc.php HTTP/1.1" 200 4326 "-" "Mozilla/4.0 (compatible; MSIE 6.0; Windows NT 5.0)" 
64.111.100.215 - - [11/Jun/2020:02:41:51 -0700] "POST /wp-cron.php?doing_wp_cron=1591868511.1144349575042724609375 HTTP/1.1" 200 3383 "https://www.fornacalia.com/wp-cron.php?doing_wp_cron=1591868511.1144349575042724609375" "WordPress/5.2.7; https://www.fornacalia.com" 
116.206.247.232 - - [11/Jun/2020:02:43:07 -0700] "POST /xmlrpc.php HTTP/1.1" 200 4326 "-" "Mozilla/4.0 (compatible; MSIE 6.0; Windows NT 5.0)" 
116.206.247.232 - - [11/Jun/2020:02:44:24 -0700] "POST /xmlrpc.php HTTP/1.1" 200 4326 "-" "Mozilla/4.0 (compatible; MSIE 6.0; Windows NT 5.0)" 
116.206.247.232 - - [11/Jun/2020:02:45:29 -0700] "POST /xmlrpc.php HTTP/1.1" 200 4326 "-" "Mozilla/4.0 (compatible; MSIE 6.0; Windows NT 5.0)" 
116.203.20.40 - - [11/Jun/2020:02:46:40 -0700] "GET ///wp-admin/install.php?step=1 HTTP/1.1" 200 3979 "-" "Mozilla/5.0 (X11; Linux x86_64; rv:52.0) Gecko/20100101 Firefox/52.0" 
116.203.20.40 - - [11/Jun/2020:02:46:41 -0700] "GET //wordpress/wp-admin/install.php?step=1 HTTP/1.1" 301 3958 "-" "Mozilla/5.0 (X11; Linux x86_64; rv:52.0) Gecko/20100101 Firefox/52.0" 
116.203.20.40 - - [11/Jun/2020:02:46:41 -0700] "GET /wordpress/wp-admin/install.php?step=1 HTTP/1.1" 404 25204 "-" "Mozilla/5.0 (X11; Linux x86_64; rv:52.0) Gecko/20100101 Firefox/52.0" 
116.203.20.40 - - [11/Jun/2020:02:46:42 -0700] "GET ///wp-admin/setup-config.php HTTP/1.1" 500 6366 "-" "Mozilla/5.0 (X11; Linux x86_64; rv:52.0) Gecko/20100101 Firefox/52.0" 
116.203.20.40 - - [11/Jun/2020:02:46:42 -0700] "GET //wordpress/wp-admin/setup-config.php HTTP/1.1" 301 3956 "-" "Mozilla/5.0 (X11; Linux x86_64; rv:52.0) Gecko/20100101 Firefox/52.0" 
116.203.20.40 - - [11/Jun/2020:02:46:43 -0700] "GET /wordpress/wp-admin/setup-config.php HTTP/1.1" 404 25204 "-" "Mozilla/5.0 (X11; Linux x86_64; rv:52.0) Gecko/20100101 Firefox/52.0" 
