66.249.66.44 - - [18/Apr/2020:02:43:04 -0700] "GET /?offset=465 HTTP/1.1" 200 11833 "-" "Mozilla/5.0 (Linux; Android 6.0.1; Nexus 5X Build/MMB29P) AppleWebKit/537.36 (KHTML, like Gecko) Chrome/80.0.3987.92 Mobile Safari/537.36 (compatible; Googlebot/2.1; +http://www.google.com/bot.html)" 
95.91.15.108 - - [18/Apr/2020:02:43:05 -0700] "GET /content/bookmarkedpages/?q=%23withknown&_t=rss HTTP/1.1" 200 3566 "-" "Mozilla/5.0 (compatible; MJ12bot/v1.4.8; http://mj12bot.com/)" 
95.91.15.108 - - [18/Apr/2020:02:43:06 -0700] "GET /content/events/?q=%23%20%23Black_pepper&_t=rss HTTP/1.1" 200 1734 "-" "Mozilla/5.0 (compatible; MJ12bot/v1.4.8; http://mj12bot.com/)" 
95.91.15.108 - - [18/Apr/2020:02:43:10 -0700] "GET /content/events/?q=%23Food_history&_t=rss HTTP/1.1" 200 5036 "-" "Mozilla/5.0 (compatible; MJ12bot/v1.4.8; http://mj12bot.com/)" 
95.91.15.108 - - [18/Apr/2020:02:43:12 -0700] "GET /content/events/?q=%23London&_t=rss HTTP/1.1" 200 1708 "-" "Mozilla/5.0 (compatible; MJ12bot/v1.4.8; http://mj12bot.com/)" 
95.91.15.108 - - [18/Apr/2020:02:43:13 -0700] "GET /content/events/?q=%23WithKnown&_t=rss HTTP/1.1" 200 1710 "-" "Mozilla/5.0 (compatible; MJ12bot/v1.4.8; http://mj12bot.com/)" 
95.91.15.108 - - [18/Apr/2020:02:43:14 -0700] "GET /content/events/?q=%23authentic&_t=rss HTTP/1.1" 200 1713 "-" "Mozilla/5.0 (compatible; MJ12bot/v1.4.8; http://mj12bot.com/)" 
95.91.15.108 - - [18/Apr/2020:02:43:16 -0700] "GET /content/events/?q=%23borderterrier&_t=rss HTTP/1.1" 200 1721 "-" "Mozilla/5.0 (compatible; MJ12bot/v1.4.8; http://mj12bot.com/)" 
95.91.15.108 - - [18/Apr/2020:02:43:18 -0700] "GET /content/events/?q=%23fornacalia&_t=rss HTTP/1.1" 200 1716 "-" "Mozilla/5.0 (compatible; MJ12bot/v1.4.8; http://mj12bot.com/)" 
95.91.15.108 - - [18/Apr/2020:02:43:19 -0700] "GET /content/events/?q=%23plumeria&_t=rss HTTP/1.1" 200 1711 "-" "Mozilla/5.0 (compatible; MJ12bot/v1.4.8; http://mj12bot.com/)" 
95.91.15.108 - - [18/Apr/2020:02:43:21 -0700] "GET /content/locations/?q=%23%20%23Black_pepper&_t=rss HTTP/1.1" 200 1738 "-" "Mozilla/5.0 (compatible; MJ12bot/v1.4.8; http://mj12bot.com/)" 
95.91.15.108 - - [18/Apr/2020:02:43:22 -0700] "GET /content/locations/?q=%23%20%23bread&_t=rss HTTP/1.1" 200 1725 "-" "Mozilla/5.0 (compatible; MJ12bot/v1.4.8; http://mj12bot.com/)" 
95.91.15.108 - - [18/Apr/2020:02:43:23 -0700] "GET /content/locations/?q=%23%20%23multigrain&_t=rss HTTP/1.1" 200 1733 "-" "Mozilla/5.0 (compatible; MJ12bot/v1.4.8; http://mj12bot.com/)" 
95.91.15.108 - - [18/Apr/2020:02:43:25 -0700] "GET /content/locations/?q=%23%20%23rye&_t=rss HTTP/1.1" 200 1722 "-" "Mozilla/5.0 (compatible; MJ12bot/v1.4.8; http://mj12bot.com/)" 
95.91.15.108 - - [18/Apr/2020:02:43:29 -0700] "GET /content/locations/?q=%23Food_history&_t=rss HTTP/1.1" 200 5040 "-" "Mozilla/5.0 (compatible; MJ12bot/v1.4.8; http://mj12bot.com/)" 
95.91.15.108 - - [18/Apr/2020:02:43:30 -0700] "GET /content/locations/?q=%23London&_t=rss HTTP/1.1" 200 1712 "-" "Mozilla/5.0 (compatible; MJ12bot/v1.4.8; http://mj12bot.com/)" 
54.36.150.140 - - [18/Apr/2020:02:43:31 -0700] "GET /tag/rovingrecorder HTTP/1.1" 200 8988 "-" "Mozilla/5.0 (compatible; AhrefsBot/6.1; +http://ahrefs.com/robot/)" 
46.229.168.142 - - [18/Apr/2020:02:43:36 -0700] "GET /tag/IndieWeb?offset=55 HTTP/1.1" 200 12677 "-" "Mozilla/5.0 (compatible; SemrushBot/6~bl; +http://www.semrush.com/bot.html)" 
95.91.15.108 - - [18/Apr/2020:02:43:38 -0700] "GET /content/photos/?offset=478&_t=rss HTTP/1.1" 200 7679 "-" "Mozilla/5.0 (compatible; MJ12bot/v1.4.8; http://mj12bot.com/)" 
95.91.15.108 - - [18/Apr/2020:02:43:39 -0700] "GET /content/photos/?offset=508&_t=rss HTTP/1.1" 200 4596 "-" "Mozilla/5.0 (compatible; MJ12bot/v1.4.8; http://mj12bot.com/)" 
95.91.15.108 - - [18/Apr/2020:02:43:45 -0700] "GET /content/photos/?q=%23%20%23Black_pepper&_t=rss HTTP/1.1" 200 5051 "-" "Mozilla/5.0 (compatible; MJ12bot/v1.4.8; http://mj12bot.com/)" 
95.91.15.108 - - [18/Apr/2020:02:43:49 -0700] "GET /content/statusupdates/?q=%23%20%23Black_pepper&_t=rss HTTP/1.1" 200 5062 "-" "Mozilla/5.0 (compatible; MJ12bot/v1.4.8; http://mj12bot.com/)" 
95.91.15.108 - - [18/Apr/2020:02:43:50 -0700] "GET /content/statusupdates/?q=%23%20%23bread&_t=rss HTTP/1.1" 200 3909 "-" "Mozilla/5.0 (compatible; MJ12bot/v1.4.8; http://mj12bot.com/)" 
95.91.15.108 - - [18/Apr/2020:02:43:52 -0700] "GET /content/statusupdates/?q=%23%20%23multigrain&_t=rss HTTP/1.1" 200 1741 "-" "Mozilla/5.0 (compatible; MJ12bot/v1.4.8; http://mj12bot.com/)" 
95.91.15.108 - - [18/Apr/2020:02:43:54 -0700] "GET /content/statusupdates/?q=%23%20%23rye&_t=rss HTTP/1.1" 200 1730 "-" "Mozilla/5.0 (compatible; MJ12bot/v1.4.8; http://mj12bot.com/)" 
95.91.15.108 - - [18/Apr/2020:02:43:57 -0700] "GET /content/statusupdates/?q=%23FDA&_t=rss HTTP/1.1" 200 5623 "-" "Mozilla/5.0 (compatible; MJ12bot/v1.4.8; http://mj12bot.com/)" 
95.91.15.108 - - [18/Apr/2020:02:43:59 -0700] "GET /content/statusupdates/?q=%23Indieweb&_t=rss HTTP/1.1" 200 4146 "-" "Mozilla/5.0 (compatible; MJ12bot/v1.4.8; http://mj12bot.com/)" 
95.91.15.108 - - [18/Apr/2020:02:44:01 -0700] "GET /content/statusupdates/?q=%23Indieweb&offset=0&_t=rss HTTP/1.1" 200 4162 "-" "Mozilla/5.0 (compatible; MJ12bot/v1.4.8; http://mj12bot.com/)" 
95.91.15.108 - - [18/Apr/2020:02:44:02 -0700] "GET /content/statusupdates/?q=%23London&_t=rss HTTP/1.1" 200 2520 "-" "Mozilla/5.0 (compatible; MJ12bot/v1.4.8; http://mj12bot.com/)" 
95.91.15.108 - - [18/Apr/2020:02:44:04 -0700] "GET /content/statusupdates/?q=%23Quinoa&_t=rss HTTP/1.1" 200 2270 "-" "Mozilla/5.0 (compatible; MJ12bot/v1.4.8; http://mj12bot.com/)" 
95.91.15.108 - - [18/Apr/2020:02:44:06 -0700] "GET /content/statusupdates/?q=%23authentic&_t=rss HTTP/1.1" 200 1725 "-" "Mozilla/5.0 (compatible; MJ12bot/v1.4.8; http://mj12bot.com/)" 
95.91.15.108 - - [18/Apr/2020:02:44:07 -0700] "GET /content/statusupdates/?q=%23borderterrier&_t=rss HTTP/1.1" 200 1732 "-" "Mozilla/5.0 (compatible; MJ12bot/v1.4.8; http://mj12bot.com/)" 
95.91.15.108 - - [18/Apr/2020:02:44:09 -0700] "GET /content/statusupdates/?q=%23bread&_t=rss HTTP/1.1" 200 3896 "-" "Mozilla/5.0 (compatible; MJ12bot/v1.4.8; http://mj12bot.com/)" 
95.91.15.108 - - [18/Apr/2020:02:44:11 -0700] "GET /content/statusupdates/?q=%23earbudsfood&_t=rss HTTP/1.1" 200 2235 "-" "Mozilla/5.0 (compatible; MJ12bot/v1.4.8; http://mj12bot.com/)" 
95.91.15.108 - - [18/Apr/2020:02:44:12 -0700] "GET /content/statusupdates/?q=%23fornacalia&_t=rss HTTP/1.1" 200 2389 "-" "Mozilla/5.0 (compatible; MJ12bot/v1.4.8; http://mj12bot.com/)" 
95.91.15.108 - - [18/Apr/2020:02:44:14 -0700] "GET /content/statusupdates/?q=%23indieweb%26quot&_t=rss HTTP/1.1" 200 4157 "-" "Mozilla/5.0 (compatible; MJ12bot/v1.4.8; http://mj12bot.com/)" 
95.91.15.108 - - [18/Apr/2020:02:44:16 -0700] "GET /content/statusupdates/?q=%23indieweb%26quot&offset=0&_t=rss HTTP/1.1" 200 4175 "-" "Mozilla/5.0 (compatible; MJ12bot/v1.4.8; http://mj12bot.com/)" 
95.91.15.108 - - [18/Apr/2020:02:44:17 -0700] "GET /content/statusupdates/?q=%23podcast&offset=0&_t=rss HTTP/1.1" 200 4371 "-" "Mozilla/5.0 (compatible; MJ12bot/v1.4.8; http://mj12bot.com/)" 
95.91.15.108 - - [18/Apr/2020:02:44:19 -0700] "GET /content/statusupdates/?q=%23podcast&offset=13&_t=rss HTTP/1.1" 200 2673 "-" "Mozilla/5.0 (compatible; MJ12bot/v1.4.8; http://mj12bot.com/)" 
95.91.15.108 - - [18/Apr/2020:02:44:21 -0700] "GET /content/statusupdates/?q=%23podcast&offset=14&_t=rss HTTP/1.1" 200 2516 "-" "Mozilla/5.0 (compatible; MJ12bot/v1.4.8; http://mj12bot.com/)" 
95.91.15.108 - - [18/Apr/2020:02:44:23 -0700] "GET /content/statusupdates/?q=%23podcast&offset=16&_t=rss HTTP/1.1" 200 2109 "-" "Mozilla/5.0 (compatible; MJ12bot/v1.4.8; http://mj12bot.com/)" 
95.91.15.108 - - [18/Apr/2020:02:44:24 -0700] "GET /content/statusupdates/?q=%23podcast&offset=4&_t=rss HTTP/1.1" 200 3933 "-" "Mozilla/5.0 (compatible; MJ12bot/v1.4.8; http://mj12bot.com/)" 
95.91.15.108 - - [18/Apr/2020:02:44:26 -0700] "GET /file/71cf483a60939152b273392c450c66ee/bread-fish.jpg HTTP/1.1" 500 46720 "-" "Mozilla/5.0 (compatible; MJ12bot/v1.4.8; http://mj12bot.com/)" 
95.91.15.108 - - [18/Apr/2020:02:44:28 -0700] "GET /tag/+%23Black_pepper HTTP/1.1" 200 8435 "-" "Mozilla/5.0 (compatible; MJ12bot/v1.4.8; http://mj12bot.com/)" 
95.91.15.108 - - [18/Apr/2020:02:44:30 -0700] "GET /tag/+%23multigrain HTTP/1.1" 200 7970 "-" "Mozilla/5.0 (compatible; MJ12bot/v1.4.8; http://mj12bot.com/)" 
95.91.15.108 - - [18/Apr/2020:02:44:32 -0700] "GET /tag/+%23rye HTTP/1.1" 200 8822 "-" "Mozilla/5.0 (compatible; MJ12bot/v1.4.8; http://mj12bot.com/)" 
95.91.15.108 - - [18/Apr/2020:02:44:34 -0700] "GET /tag/Sourdough HTTP/1.1" 200 8906 "-" "Mozilla/5.0 (compatible; MJ12bot/v1.4.8; http://mj12bot.com/)" 
95.91.15.108 - - [18/Apr/2020:02:44:36 -0700] "GET /tag/Washington HTTP/1.1" 200 6857 "-" "Mozilla/5.0 (compatible; MJ12bot/v1.4.8; http://mj12bot.com/)" 
95.91.15.108 - - [18/Apr/2020:02:44:38 -0700] "GET /tag/courses HTTP/1.1" 200 7387 "-" "Mozilla/5.0 (compatible; MJ12bot/v1.4.8; http://mj12bot.com/)" 
95.91.15.108 - - [18/Apr/2020:02:44:40 -0700] "GET /tag/fornacalia?_t=rss HTTP/1.1" 200 5268 "-" "Mozilla/5.0 (compatible; MJ12bot/v1.4.8; http://mj12bot.com/)" 
54.36.148.135 - - [18/Apr/2020:02:44:41 -0700] "GET /2017/first-lunch-outdoors-of-2017?_t=rss HTTP/1.1" 200 5272 "-" "Mozilla/5.0 (compatible; AhrefsBot/6.1; +http://ahrefs.com/robot/)" 
95.91.15.108 - - [18/Apr/2020:02:44:42 -0700] "GET /tag/indieweb&quot?offset=0&_t=rss HTTP/1.1" 200 4266 "-" "Mozilla/5.0 (compatible; MJ12bot/v1.4.8; http://mj12bot.com/)" 
95.91.15.108 - - [18/Apr/2020:02:44:44 -0700] "GET /tag/indieweb&quot?offset=10&_t=rss HTTP/1.1" 200 4318 "-" "Mozilla/5.0 (compatible; MJ12bot/v1.4.8; http://mj12bot.com/)" 
95.91.15.108 - - [18/Apr/2020:02:44:46 -0700] "GET /tag/indieweb&quot?offset=20&_t=rss HTTP/1.1" 200 4219 "-" "Mozilla/5.0 (compatible; MJ12bot/v1.4.8; http://mj12bot.com/)" 
95.91.15.108 - - [18/Apr/2020:02:44:48 -0700] "GET /tag/indieweb?offset=30&_t=rss HTTP/1.1" 200 5965 "-" "Mozilla/5.0 (compatible; MJ12bot/v1.4.8; http://mj12bot.com/)" 
95.91.15.108 - - [18/Apr/2020:02:44:50 -0700] "GET /tag/indieweb?offset=37&_t=rss HTTP/1.1" 200 4447 "-" "Mozilla/5.0 (compatible; MJ12bot/v1.4.8; http://mj12bot.com/)" 
95.91.15.108 - - [18/Apr/2020:02:44:52 -0700] "GET /tag/indieweb?offset=47&_t=rss HTTP/1.1" 200 5310 "-" "Mozilla/5.0 (compatible; MJ12bot/v1.4.8; http://mj12bot.com/)" 
95.91.15.108 - - [18/Apr/2020:02:44:54 -0700] "GET /tag/leaven HTTP/1.1" 200 9303 "-" "Mozilla/5.0 (compatible; MJ12bot/v1.4.8; http://mj12bot.com/)" 
95.91.15.108 - - [18/Apr/2020:02:44:55 -0700] "GET /tag/leaven?_t=rss HTTP/1.1" 200 5064 "-" "Mozilla/5.0 (compatible; MJ12bot/v1.4.8; http://mj12bot.com/)" 
95.91.15.108 - - [18/Apr/2020:02:44:58 -0700] "GET /tag/leaven?offset=0&_t=rss HTTP/1.1" 200 5085 "-" "Mozilla/5.0 (compatible; MJ12bot/v1.4.8; http://mj12bot.com/)" 
54.36.150.72 - - [18/Apr/2020:02:44:59 -0700] "GET /content/all/?q=%23+%23indieweb&offset=105&_t=rss HTTP/1.1" 200 7564 "-" "Mozilla/5.0 (compatible; AhrefsBot/6.1; +http://ahrefs.com/robot/)" 
95.91.15.108 - - [18/Apr/2020:02:45:00 -0700] "GET /tag/leaven?offset=9&_t=rss HTTP/1.1" 200 2499 "-" "Mozilla/5.0 (compatible; MJ12bot/v1.4.8; http://mj12bot.com/)" 
95.91.15.108 - - [18/Apr/2020:02:45:02 -0700] "GET /tag/podcast&quot?_t=rss HTTP/1.1" 200 4659 "-" "Mozilla/5.0 (compatible; MJ12bot/v1.4.8; http://mj12bot.com/)" 
95.91.15.108 - - [18/Apr/2020:02:45:05 -0700] "GET /tag/podcast&quot?offset=0&_t=rss HTTP/1.1" 200 4678 "-" "Mozilla/5.0 (compatible; MJ12bot/v1.4.8; http://mj12bot.com/)" 
46.229.168.138 - - [18/Apr/2020:02:45:06 -0700] "GET /?offset=29&q=%23%2B%23sourdough HTTP/1.1" 200 11535 "-" "Mozilla/5.0 (compatible; SemrushBot/6~bl; +http://www.semrush.com/bot.html)" 
95.91.15.108 - - [18/Apr/2020:02:45:06 -0700] "GET /tag/sourdough?offset=33&_t=rss HTTP/1.1" 200 4474 "-" "Mozilla/5.0 (compatible; MJ12bot/v1.4.8; http://mj12bot.com/)" 
95.91.15.108 - - [18/Apr/2020:02:45:08 -0700] "GET /tag/sourdough?offset=34&_t=rss HTTP/1.1" 200 4501 "-" "Mozilla/5.0 (compatible; MJ12bot/v1.4.8; http://mj12bot.com/)" 
95.91.15.108 - - [18/Apr/2020:02:45:10 -0700] "GET /tag/sourdough?offset=38&_t=rss HTTP/1.1" 200 4417 "-" "Mozilla/5.0 (compatible; MJ12bot/v1.4.8; http://mj12bot.com/)" 
95.91.15.108 - - [18/Apr/2020:02:45:12 -0700] "GET /tag/sourdough?offset=39&_t=rss HTTP/1.1" 200 4651 "-" "Mozilla/5.0 (compatible; MJ12bot/v1.4.8; http://mj12bot.com/)" 
54.36.150.145 - - [18/Apr/2020:02:45:14 -0700] "GET /content/all/?q=%23+%23food&offset=30&_t=rss HTTP/1.1" 200 8863 "-" "Mozilla/5.0 (compatible; AhrefsBot/6.1; +http://ahrefs.com/robot/)" 
95.91.15.108 - - [18/Apr/2020:02:45:14 -0700] "GET /tag/sourdough?offset=40&_t=rss HTTP/1.1" 200 4530 "-" "Mozilla/5.0 (compatible; MJ12bot/v1.4.8; http://mj12bot.com/)" 
95.91.15.108 - - [18/Apr/2020:02:45:17 -0700] "GET /tag/sourdough?offset=41&_t=rss HTTP/1.1" 200 4425 "-" "Mozilla/5.0 (compatible; MJ12bot/v1.4.8; http://mj12bot.com/)" 
95.91.15.108 - - [18/Apr/2020:02:45:19 -0700] "GET /tag/sourdough?offset=43&_t=rss HTTP/1.1" 200 4469 "-" "Mozilla/5.0 (compatible; MJ12bot/v1.4.8; http://mj12bot.com/)" 
46.229.168.150 - - [18/Apr/2020:02:45:19 -0700] "GET /content/locations/?q=%23%2B%23rye HTTP/1.1" 200 8534 "-" "Mozilla/5.0 (compatible; SemrushBot/6~bl; +http://www.semrush.com/bot.html)" 
95.91.15.108 - - [18/Apr/2020:02:45:21 -0700] "GET /tag/sourdough?offset=44&_t=rss HTTP/1.1" 200 4408 "-" "Mozilla/5.0 (compatible; MJ12bot/v1.4.8; http://mj12bot.com/)" 
95.91.15.108 - - [18/Apr/2020:02:45:23 -0700] "GET /tag/sourdough?offset=50&_t=rss HTTP/1.1" 200 3552 "-" "Mozilla/5.0 (compatible; MJ12bot/v1.4.8; http://mj12bot.com/)" 
95.91.15.108 - - [18/Apr/2020:02:45:25 -0700] "GET /tag/sourdough?offset=51&_t=rss HTTP/1.1" 200 3376 "-" "Mozilla/5.0 (compatible; MJ12bot/v1.4.8; http://mj12bot.com/)" 
95.91.15.108 - - [18/Apr/2020:02:45:27 -0700] "GET /tag/sourdough?offset=53&_t=rss HTTP/1.1" 200 2927 "-" "Mozilla/5.0 (compatible; MJ12bot/v1.4.8; http://mj12bot.com/)" 
95.91.15.108 - - [18/Apr/2020:02:45:29 -0700] "GET /tag/sourdough?offset=54&_t=rss HTTP/1.1" 200 2754 "-" "Mozilla/5.0 (compatible; MJ12bot/v1.4.8; http://mj12bot.com/)" 
95.91.15.108 - - [18/Apr/2020:02:45:31 -0700] "GET /view/043b2f978b9f8b320610c4f1922dd923?_t=rss HTTP/1.1" 200 2264 "-" "Mozilla/5.0 (compatible; MJ12bot/v1.4.8; http://mj12bot.com/)" 
95.91.15.108 - - [18/Apr/2020:02:45:33 -0700] "GET /view/068b74da6c0961323c292c7fe2077dff?_t=rss HTTP/1.1" 200 2030 "-" "Mozilla/5.0 (compatible; MJ12bot/v1.4.8; http://mj12bot.com/)" 
95.91.15.108 - - [18/Apr/2020:02:45:34 -0700] "GET /view/0ad43aafb987a4a7562b020bbb4c2063?_t=rss HTTP/1.1" 200 2187 "-" "Mozilla/5.0 (compatible; MJ12bot/v1.4.8; http://mj12bot.com/)" 
95.91.15.108 - - [18/Apr/2020:02:45:36 -0700] "GET /view/0c935c3ebfbcd99f2f3a069f7f106740?_t=rss HTTP/1.1" 200 2137 "-" "Mozilla/5.0 (compatible; MJ12bot/v1.4.8; http://mj12bot.com/)" 
95.91.15.108 - - [18/Apr/2020:02:45:37 -0700] "GET /view/0d442fe6dfcd006b7f23900aaec74dd0?_t=rss HTTP/1.1" 200 2204 "-" "Mozilla/5.0 (compatible; MJ12bot/v1.4.8; http://mj12bot.com/)" 
95.91.15.108 - - [18/Apr/2020:02:45:39 -0700] "GET /view/34adbbf65502781afac1dbbcedf18cc9?_t=rss HTTP/1.1" 200 2345 "-" "Mozilla/5.0 (compatible; MJ12bot/v1.4.8; http://mj12bot.com/)" 
95.91.15.108 - - [18/Apr/2020:02:45:40 -0700] "GET /view/3fbd676d20383e682bc00987b0e011ea HTTP/1.1" 200 6410 "-" "Mozilla/5.0 (compatible; MJ12bot/v1.4.8; http://mj12bot.com/)" 
95.91.15.108 - - [18/Apr/2020:02:45:42 -0700] "GET /view/3fbd676d20383e682bc00987b0e011ea?_t=rss HTTP/1.1" 200 2084 "-" "Mozilla/5.0 (compatible; MJ12bot/v1.4.8; http://mj12bot.com/)" 
95.91.15.108 - - [18/Apr/2020:02:45:43 -0700] "GET /view/43075d232fd1d3da0e103d6a57a6d6c4?_t=rss HTTP/1.1" 200 2270 "-" "Mozilla/5.0 (compatible; MJ12bot/v1.4.8; http://mj12bot.com/)" 
95.91.15.108 - - [18/Apr/2020:02:45:45 -0700] "GET /view/5907a84917a0926d0c9ad18256101fd0?_t=rss HTTP/1.1" 200 2032 "-" "Mozilla/5.0 (compatible; MJ12bot/v1.4.8; http://mj12bot.com/)" 
95.91.15.108 - - [18/Apr/2020:02:45:47 -0700] "GET /view/5fa271894c93a7326762f55b6449fa92?_t=rss HTTP/1.1" 200 2411 "-" "Mozilla/5.0 (compatible; MJ12bot/v1.4.8; http://mj12bot.com/)" 
95.91.15.108 - - [18/Apr/2020:02:45:48 -0700] "GET /view/67842f36763c7fb832fb22b873cc3d85?_t=rss HTTP/1.1" 200 2319 "-" "Mozilla/5.0 (compatible; MJ12bot/v1.4.8; http://mj12bot.com/)" 
95.91.15.108 - - [18/Apr/2020:02:45:50 -0700] "GET /view/6dec8104f20c2185d7cd7834b5eea29d?_t=rss HTTP/1.1" 200 2085 "-" "Mozilla/5.0 (compatible; MJ12bot/v1.4.8; http://mj12bot.com/)" 
95.91.15.108 - - [18/Apr/2020:02:45:51 -0700] "GET /view/6ef35ba4b68ff3890ee7a6ea6fec7178?_t=rss HTTP/1.1" 200 2047 "-" "Mozilla/5.0 (compatible; MJ12bot/v1.4.8; http://mj12bot.com/)" 
54.36.150.74 - - [18/Apr/2020:02:45:51 -0700] "GET /file/f24be5f7f560cdaac25779ba3c72f3f0/igHonw4r.jpg HTTP/1.1" 200 47892 "-" "Mozilla/5.0 (compatible; AhrefsBot/6.1; +http://ahrefs.com/robot/)" 
95.91.15.108 - - [18/Apr/2020:02:45:53 -0700] "GET /view/726f20da5d9ab83d1d9aceafdc8a26c3?_t=rss HTTP/1.1" 200 2197 "-" "Mozilla/5.0 (compatible; MJ12bot/v1.4.8; http://mj12bot.com/)" 
95.91.15.108 - - [18/Apr/2020:02:45:55 -0700] "GET /view/8d725fa81515ec089a52a1c6899c53ac?_t=rss HTTP/1.1" 200 2016 "-" "Mozilla/5.0 (compatible; MJ12bot/v1.4.8; http://mj12bot.com/)" 
95.91.15.108 - - [18/Apr/2020:02:45:56 -0700] "GET /view/93007322715f09ec47021a43e2b80572?_t=rss HTTP/1.1" 200 2543 "-" "Mozilla/5.0 (compatible; MJ12bot/v1.4.8; http://mj12bot.com/)" 
95.91.15.108 - - [18/Apr/2020:02:45:58 -0700] "GET /view/9365ce8d32b0d22172b824af354f7469?_t=rss HTTP/1.1" 200 2037 "-" "Mozilla/5.0 (compatible; MJ12bot/v1.4.8; http://mj12bot.com/)" 
95.91.15.108 - - [18/Apr/2020:02:45:59 -0700] "GET /view/9ac32bfb50c9116aafd60b35a71d4dde?_t=rss HTTP/1.1" 200 2120 "-" "Mozilla/5.0 (compatible; MJ12bot/v1.4.8; http://mj12bot.com/)" 
54.36.150.81 - - [18/Apr/2020:02:46:01 -0700] "GET /tag/withknown?offset=21 HTTP/1.1" 200 12871 "-" "Mozilla/5.0 (compatible; AhrefsBot/6.1; +http://ahrefs.com/robot/)" 
95.91.15.108 - - [18/Apr/2020:02:46:01 -0700] "GET /view/9fe4078f16ed3ac1262c1715a2e99416?_t=rss HTTP/1.1" 200 2262 "-" "Mozilla/5.0 (compatible; MJ12bot/v1.4.8; http://mj12bot.com/)" 
95.91.15.108 - - [18/Apr/2020:02:46:03 -0700] "GET /view/a247e871d3629273e7dc2560fea69780?_t=rss HTTP/1.1" 200 2089 "-" "Mozilla/5.0 (compatible; MJ12bot/v1.4.8; http://mj12bot.com/)" 
95.91.15.108 - - [18/Apr/2020:02:46:04 -0700] "GET /view/b81b535cfb58447e85b29e6945d21363?_t=rss HTTP/1.1" 200 2176 "-" "Mozilla/5.0 (compatible; MJ12bot/v1.4.8; http://mj12bot.com/)" 
95.91.15.108 - - [18/Apr/2020:02:46:05 -0700] "GET /view/ca1927025137b5921fe48e23556d58cb?_t=rss HTTP/1.1" 200 2253 "-" "Mozilla/5.0 (compatible; MJ12bot/v1.4.8; http://mj12bot.com/)" 
95.91.15.108 - - [18/Apr/2020:02:46:07 -0700] "GET /view/cb3a1b6d5531d57bb323a06b2e7d9a22?_t=rss HTTP/1.1" 200 2092 "-" "Mozilla/5.0 (compatible; MJ12bot/v1.4.8; http://mj12bot.com/)" 
95.91.15.108 - - [18/Apr/2020:02:46:09 -0700] "GET /view/d0f3911093ccf4475747cb3c49391559?_t=rss HTTP/1.1" 200 2041 "-" "Mozilla/5.0 (compatible; MJ12bot/v1.4.8; http://mj12bot.com/)" 
95.91.15.108 - - [18/Apr/2020:02:46:10 -0700] "GET /view/d66d023ba9a90c92ff4ef759ebe2cfe4?_t=rss HTTP/1.1" 200 2039 "-" "Mozilla/5.0 (compatible; MJ12bot/v1.4.8; http://mj12bot.com/)" 
95.91.15.108 - - [18/Apr/2020:02:46:12 -0700] "GET /view/da0504d51251cf3c3668c8bbef7c3d74?_t=rss HTTP/1.1" 200 2116 "-" "Mozilla/5.0 (compatible; MJ12bot/v1.4.8; http://mj12bot.com/)" 
66.249.66.44 - - [18/Apr/2020:02:46:27 -0700] "GET /tag/campbellsdoughknife HTTP/1.1" 200 9572 "-" "Mozilla/5.0 (Linux; Android 6.0.1; Nexus 5X Build/MMB29P) AppleWebKit/537.36 (KHTML, like Gecko) Chrome/41.0.2272.96 Mobile Safari/537.36 (compatible; Googlebot/2.1; +http://www.google.com/bot.html)" 
54.36.148.35 - - [18/Apr/2020:02:46:58 -0700] "GET /2017/uniformity-is-vastly-overrated-first-harvest-of-parisian-pickling-into?_t=rss HTTP/1.1" 200 5401 "-" "Mozilla/5.0 (compatible; AhrefsBot/6.1; +http://ahrefs.com/robot/)" 
46.229.168.150 - - [18/Apr/2020:02:47:18 -0700] "GET /2018/bj%C3%B6rn-stierand HTTP/1.1" 200 9456 "-" "Mozilla/5.0 (compatible; SemrushBot/6~bl; +http://www.semrush.com/bot.html)" 
66.249.66.44 - - [18/Apr/2020:02:47:18 -0700] "GET /view/4d6ea1f05faf980184367c2b875583d3 HTTP/1.1" 200 10140 "-" "Mozilla/5.0 (Linux; Android 6.0.1; Nexus 5X Build/MMB29P) AppleWebKit/537.36 (KHTML, like Gecko) Chrome/41.0.2272.96 Mobile Safari/537.36 (compatible; Googlebot/2.1; +http://www.google.com/bot.html)" 
95.91.15.108 - - [18/Apr/2020:02:47:38 -0700] "GET /view/e4263d685e72d961790ff0f8d4333f0a?_t=rss HTTP/1.1" 200 5421 "-" "Mozilla/5.0 (compatible; MJ12bot/v1.4.8; http://mj12bot.com/)" 
95.91.15.108 - - [18/Apr/2020:02:47:39 -0700] "GET /view/e637b06de84bc118a78b590ef903e6d9?_t=rss HTTP/1.1" 200 2166 "-" "Mozilla/5.0 (compatible; MJ12bot/v1.4.8; http://mj12bot.com/)" 
95.91.15.108 - - [18/Apr/2020:02:47:41 -0700] "GET /view/ea4b30fda6bc85a4b68c1bcb194dd7c8?_t=rss HTTP/1.1" 200 1996 "-" "Mozilla/5.0 (compatible; MJ12bot/v1.4.8; http://mj12bot.com/)" 
95.91.15.108 - - [18/Apr/2020:02:47:42 -0700] "GET /robots.txt HTTP/1.1" 200 4617 "-" "Mozilla/5.0 (compatible; MJ12bot/v1.4.8; http://mj12bot.com/)" 
95.91.15.108 - - [18/Apr/2020:02:47:44 -0700] "GET /2018/-rss-is-undead?_t=rss HTTP/1.1" 200 2168 "-" "Mozilla/5.0 (compatible; MJ12bot/v1.4.8; http://mj12bot.com/)" 
159.65.77.58 - - [18/Apr/2020:02:47:45 -0700] "GET /?_t=rss HTTP/1.1" 200 7580 "-" "Feedbin feed-id:1536727 - 1 subscribers" 
95.91.15.108 - - [18/Apr/2020:02:47:45 -0700] "GET /2018/-why-isnt-anyone-marketing-podcasts-correctly?_t=rss HTTP/1.1" 200 2156 "-" "Mozilla/5.0 (compatible; MJ12bot/v1.4.8; http://mj12bot.com/)" 
95.91.15.108 - - [18/Apr/2020:02:47:48 -0700] "GET /2018/11-april-2018?_t=rss HTTP/1.1" 200 2206 "-" "Mozilla/5.0 (compatible; MJ12bot/v1.4.8; http://mj12bot.com/)" 
95.91.15.108 - - [18/Apr/2020:02:47:49 -0700] "GET /2018/2018-04-27?_t=rss HTTP/1.1" 200 2144 "-" "Mozilla/5.0 (compatible; MJ12bot/v1.4.8; http://mj12bot.com/)" 
95.91.15.108 - - [18/Apr/2020:02:47:51 -0700] "GET /2018/2018-12-11?_t=rss HTTP/1.1" 200 2079 "-" "Mozilla/5.0 (compatible; MJ12bot/v1.4.8; http://mj12bot.com/)" 
95.91.15.108 - - [18/Apr/2020:02:47:52 -0700] "GET /2018/a-great-intro-to-microblog-and-how-it-fits-more?_t=rss HTTP/1.1" 200 2329 "-" "Mozilla/5.0 (compatible; MJ12bot/v1.4.8; http://mj12bot.com/)" 
95.91.15.108 - - [18/Apr/2020:02:47:54 -0700] "GET /2018/absolutely-correct-the-people-are-eager-and?_t=rss HTTP/1.1" 200 2239 "-" "Mozilla/5.0 (compatible; MJ12bot/v1.4.8; http://mj12bot.com/)" 
95.91.15.108 - - [18/Apr/2020:02:47:55 -0700] "GET /2018/absolutely-sublime-nancy?_t=rss HTTP/1.1" 200 2062 "-" "Mozilla/5.0 (compatible; MJ12bot/v1.4.8; http://mj12bot.com/)" 
95.91.15.108 - - [18/Apr/2020:02:47:57 -0700] "GET /2018/addressing-recent-claims-of-manipulated-blog-posts-in-the-wayback?_t=rss HTTP/1.1" 200 2212 "-" "Mozilla/5.0 (compatible; MJ12bot/v1.4.8; http://mj12bot.com/)" 
95.91.15.108 - - [18/Apr/2020:02:47:58 -0700] "GET /2018/all-prepped-and-ready-for-sourdough-u?_t=rss HTTP/1.1" 200 2233 "-" "Mozilla/5.0 (compatible; MJ12bot/v1.4.8; http://mj12bot.com/)" 
95.91.15.108 - - [18/Apr/2020:02:48:00 -0700] "GET /2018/and-out-they-come-rustic-bread?_t=rss HTTP/1.1" 200 2286 "-" "Mozilla/5.0 (compatible; MJ12bot/v1.4.8; http://mj12bot.com/)" 
95.91.15.108 - - [18/Apr/2020:02:48:01 -0700] "GET /2018/and-theres-one-in-the-oven-sourdough?_t=rss HTTP/1.1" 200 2355 "-" "Mozilla/5.0 (compatible; MJ12bot/v1.4.8; http://mj12bot.com/)" 
95.91.15.108 - - [18/Apr/2020:02:48:03 -0700] "GET /2018/atlantic-city?_t=rss HTTP/1.1" 200 2410 "-" "Mozilla/5.0 (compatible; MJ12bot/v1.4.8; http://mj12bot.com/)" 
95.91.15.108 - - [18/Apr/2020:02:48:05 -0700] "GET /2018/checked-into-gerbeaud HTTP/1.1" 200 6409 "-" "Mozilla/5.0 (compatible; MJ12bot/v1.4.8; http://mj12bot.com/)" 
95.91.15.108 - - [18/Apr/2020:02:48:06 -0700] "GET /2018/checked-into-gerbeaud?_t=rss HTTP/1.1" 200 2094 "-" "Mozilla/5.0 (compatible; MJ12bot/v1.4.8; http://mj12bot.com/)" 
95.91.15.108 - - [18/Apr/2020:02:48:08 -0700] "GET /2018/checked-into-m1 HTTP/1.1" 200 6424 "-" "Mozilla/5.0 (compatible; MJ12bot/v1.4.8; http://mj12bot.com/)" 
95.91.15.108 - - [18/Apr/2020:02:48:10 -0700] "GET /2018/checked-into-veritas-winebar HTTP/1.1" 200 6427 "-" "Mozilla/5.0 (compatible; MJ12bot/v1.4.8; http://mj12bot.com/)" 
54.36.148.197 - - [18/Apr/2020:02:48:11 -0700] "GET /tag/Corfu HTTP/1.1" 200 8965 "-" "Mozilla/5.0 (compatible; AhrefsBot/6.1; +http://ahrefs.com/robot/)" 
95.91.15.108 - - [18/Apr/2020:02:48:11 -0700] "GET /2018/chris-aldrichs-discussion-of-the-rewarding-discovery?_t=rss HTTP/1.1" 200 2409 "-" "Mozilla/5.0 (compatible; MJ12bot/v1.4.8; http://mj12bot.com/)" 
64.111.100.215 - - [18/Apr/2020:02:48:28 -0700] "GET /content/all?_t=rss HTTP/1.1" 200 17146 "-" "Mozilla/5.0 (X11; U; Linux i686; fr; rv:1.9.1.1) Gecko/20090715 Firefox/3.5.1" 
64.111.100.215 - - [18/Apr/2020:02:48:31 -0700] "GET /content/all?_t=rss HTTP/1.1" 200 17146 "-" "Mozilla/5.0 (X11; U; Linux i686; fr; rv:1.9.1.1) Gecko/20090715 Firefox/3.5.1" 
46.229.168.139 - - [18/Apr/2020:02:48:33 -0700] "GET /content/statusupdates/?q=%23%2B%23WithKnown HTTP/1.1" 200 11498 "-" "Mozilla/5.0 (compatible; SemrushBot/6~bl; +http://www.semrush.com/bot.html)" 
54.36.150.63 - - [18/Apr/2020:02:49:12 -0700] "GET /content/statusupdates/?offset=243&_t=rss HTTP/1.1" 200 6656 "-" "Mozilla/5.0 (compatible; AhrefsBot/6.1; +http://ahrefs.com/robot/)" 
31.40.202.182 - - [18/Apr/2020:02:49:59 -0700] "GET /2017/more-power-to-chrisaldrich-a-nanowrimo-book-on-indieweb-will HTTP/1.1" 200 29050 "https://7ooo.ru/" "Re-re Studio (+http://2re.site/)" 
46.229.168.136 - - [18/Apr/2020:02:51:25 -0700] "GET /content/all/?offset=43&q=%23WithKnown HTTP/1.1" 200 12286 "-" "Mozilla/5.0 (compatible; SemrushBot/6~bl; +http://www.semrush.com/bot.html)" 
46.229.168.138 - - [18/Apr/2020:02:51:44 -0700] "GET /content/photos/?offset=190 HTTP/1.1" 200 11712 "-" "Mozilla/5.0 (compatible; SemrushBot/6~bl; +http://www.semrush.com/bot.html)" 
54.36.150.139 - - [18/Apr/2020:02:51:46 -0700] "GET /?q=%23+%23IndieWeb&offset=104&_t=rss HTTP/1.1" 200 7817 "-" "Mozilla/5.0 (compatible; AhrefsBot/6.1; +http://ahrefs.com/robot/)" 
54.36.150.66 - - [18/Apr/2020:02:52:16 -0700] "GET /content/bookmarkedpages/?offset=171&_t=rss HTTP/1.1" 200 6902 "-" "Mozilla/5.0 (compatible; AhrefsBot/6.1; +http://ahrefs.com/robot/)" 
46.229.168.149 - - [18/Apr/2020:02:52:56 -0700] "GET /content/events/?q=%23non HTTP/1.1" 200 8486 "-" "Mozilla/5.0 (compatible; SemrushBot/6~bl; +http://www.semrush.com/bot.html)" 
54.36.148.34 - - [18/Apr/2020:02:53:04 -0700] "GET /2017/another-test-of-quill-editor?_t=rss HTTP/1.1" 200 5165 "-" "Mozilla/5.0 (compatible; AhrefsBot/6.1; +http://ahrefs.com/robot/)" 
54.36.149.27 - - [18/Apr/2020:02:53:50 -0700] "GET /file/90b167afab6e056f750b6651a85942f9/igLt2IlH.jpg HTTP/1.1" 500 98005 "-" "Mozilla/5.0 (compatible; AhrefsBot/6.1; +http://ahrefs.com/robot/)" 
46.229.168.153 - - [18/Apr/2020:02:54:02 -0700] "GET /content/photos/?offset=3&q=%23sourdough HTTP/1.1" 200 12536 "-" "Mozilla/5.0 (compatible; SemrushBot/6~bl; +http://www.semrush.com/bot.html)" 
54.36.148.28 - - [18/Apr/2020:02:54:14 -0700] "GET /profile/jeremy?offset=332&_t=rss HTTP/1.1" 200 7741 "-" "Mozilla/5.0 (compatible; AhrefsBot/6.1; +http://ahrefs.com/robot/)" 
114.119.165.2 - - [18/Apr/2020:02:54:40 -0700] "GET /content/all?q=%23leaven&offset=10 HTTP/1.1" 200 8755 "-" "Mozilla/5.0 (Linux; Android 7.0;) AppleWebKit/537.36 (KHTML, like Gecko) Mobile Safari/537.36 (compatible; AspiegelBot)" 
46.229.168.149 - - [18/Apr/2020:02:54:50 -0700] "GET /content/events/?q=%23%2B%23photo HTTP/1.1" 200 8530 "-" "Mozilla/5.0 (compatible; SemrushBot/6~bl; +http://www.semrush.com/bot.html)" 
46.229.168.149 - - [18/Apr/2020:02:54:59 -0700] "GET /2019/a-experiment-using-softer-flour-rather-than-manitoba-in-my HTTP/1.1" 200 15088 "-" "Mozilla/5.0 (compatible; SemrushBot/6~bl; +http://www.semrush.com/bot.html)" 
54.36.148.47 - - [18/Apr/2020:02:55:05 -0700] "GET /content/statusupdates/?offset=348 HTTP/1.1" 200 10838 "-" "Mozilla/5.0 (compatible; AhrefsBot/6.1; +http://ahrefs.com/robot/)" 
54.36.150.50 - - [18/Apr/2020:02:55:15 -0700] "GET /tag/IndieWeb?offset=2&_t=rss HTTP/1.1" 200 7375 "-" "Mozilla/5.0 (compatible; AhrefsBot/6.1; +http://ahrefs.com/robot/)" 
107.178.236.28 - - [18/Apr/2020:02:55:38 -0700] "HEAD /2020/i-brought-this-beauty-to-the-net-on-a-size HTTP/1.1" 200 4572 "-" "Bridgy (https://brid.gy/about)" 
54.36.149.38 - - [18/Apr/2020:02:55:51 -0700] "GET /profile/jeremy?offset=196&_t=rss HTTP/1.1" 200 7137 "-" "Mozilla/5.0 (compatible; AhrefsBot/6.1; +http://ahrefs.com/robot/)" 
54.36.150.160 - - [18/Apr/2020:02:55:56 -0700] "GET /content/all/?offset=1240 HTTP/1.1" 200 11502 "-" "Mozilla/5.0 (compatible; AhrefsBot/6.1; +http://ahrefs.com/robot/)" 
46.229.168.134 - - [18/Apr/2020:02:56:04 -0700] "GET /robots.txt HTTP/1.1" 200 4552 "-" "Mozilla/5.0 (compatible; SemrushBot/6~bl; +http://www.semrush.com/bot.html)" 
46.229.168.139 - - [18/Apr/2020:02:56:04 -0700] "GET /?offset=70&q=%23%2B%23IndieWeb HTTP/1.1" 200 13127 "-" "Mozilla/5.0 (compatible; SemrushBot/6~bl; +http://www.semrush.com/bot.html)" 
54.36.150.152 - - [18/Apr/2020:02:56:37 -0700] "GET /content/statusupdates/?offset=280&_t=rss HTTP/1.1" 200 7050 "-" "Mozilla/5.0 (compatible; AhrefsBot/6.1; +http://ahrefs.com/robot/)" 
54.36.149.53 - - [18/Apr/2020:02:56:46 -0700] "GET /content/posts/?offset=18&_t=rss HTTP/1.1" 200 9341 "-" "Mozilla/5.0 (compatible; AhrefsBot/6.1; +http://ahrefs.com/robot/)" 
66.249.66.50 - - [18/Apr/2020:02:56:46 -0700] "GET /content/all/?offset=696 HTTP/1.1" 200 11832 "-" "Mozilla/5.0 (Linux; Android 6.0.1; Nexus 5X Build/MMB29P) AppleWebKit/537.36 (KHTML, like Gecko) Chrome/41.0.2272.96 Mobile Safari/537.36 (compatible; Googlebot/2.1; +http://www.google.com/bot.html)" 
66.249.66.48 - - [18/Apr/2020:02:56:50 -0700] "GET /service/web/unfurl/?url=https%3A%2F%2Frachelandrew.co.uk%2Farchives%2F2019%2F01%2F30%2Fhtml-css-and-our-vanishing-industry-entry-points%2F&__bTk=04cd1766e0b7fb7de0cf0e642f1ca9ae155e9bba53b60d900de13ea186ab26ee&__bTs=1585431068 HTTP/1.1" 403 4697 "https://www.stream.jeremycherfas.net/content/all/?offset=696" "Mozilla/5.0 (Linux; Android 6.0.1; Nexus 5X Build/MMB29P) AppleWebKit/537.36 (KHTML, like Gecko) Chrome/80.0.3987.92 Mobile Safari/537.36 (compatible; Googlebot/2.1; +http://www.google.com/bot.html)" 
66.249.66.50 - - [18/Apr/2020:02:56:51 -0700] "GET /service/web/unfurl/?url=https%3A%2F%2Fwww.economist.com%2Fchristmas-specials%2F2018%2F12%2F18%2Forigami-spreads-its-wings&__bTk=04cd1766e0b7fb7de0cf0e642f1ca9ae155e9bba53b60d900de13ea186ab26ee&__bTs=1585431068 HTTP/1.1" 403 4680 "https://www.stream.jeremycherfas.net/content/all/?offset=696" "Mozilla/5.0 (Linux; Android 6.0.1; Nexus 5X Build/MMB29P) AppleWebKit/537.36 (KHTML, like Gecko) Chrome/80.0.3987.92 Mobile Safari/537.36 (compatible; Googlebot/2.1; +http://www.google.com/bot.html)" 
66.249.66.50 - - [18/Apr/2020:02:56:51 -0700] "GET /service/web/unfurl/?url=https%3A%2F%2Fwww.economist.com%2Fchristmas-specials%2F2018%2F12%2F18%2Forigami-spreads-its-wings&__bTk=04cd1766e0b7fb7de0cf0e642f1ca9ae155e9bba53b60d900de13ea186ab26ee&__bTs=1585431068 HTTP/1.1" 403 1363 "https://www.stream.jeremycherfas.net/content/all/?offset=696" "Mozilla/5.0 (Linux; Android 6.0.1; Nexus 5X Build/MMB29P) AppleWebKit/537.36 (KHTML, like Gecko) Chrome/80.0.3987.92 Mobile Safari/537.36 (compatible; Googlebot/2.1; +http://www.google.com/bot.html)" 
173.230.155.197 - - [18/Apr/2020:02:57:06 -0700] "GET / HTTP/1.1" 200 57218 "-" "Mozilla/5.0 (Macintosh; Intel Mac OS X 10_12_1) AppleWebKit/537.36 (KHTML, like Gecko) Chrome/57.0.2987.133 Safari/537.36 p3k-http/0.1.5 p3k-watchtower/0.1" 
54.36.150.82 - - [18/Apr/2020:02:57:50 -0700] "GET /content/photos/warmup/?offset=458&_t=rss HTTP/1.1" 200 6806 "-" "Mozilla/5.0 (compatible; AhrefsBot/6.1; +http://ahrefs.com/robot/)" 
46.229.168.132 - - [18/Apr/2020:02:57:57 -0700] "GET /?offset=51&q=%23podcast HTTP/1.1" 200 10956 "-" "Mozilla/5.0 (compatible; SemrushBot/6~bl; +http://www.semrush.com/bot.html)" 
46.229.168.146 - - [18/Apr/2020:02:58:39 -0700] "GET /?q=%23indiewebcitizen HTTP/1.1" 200 9483 "-" "Mozilla/5.0 (compatible; SemrushBot/6~bl; +http://www.semrush.com/bot.html)" 
46.229.168.141 - - [18/Apr/2020:02:59:29 -0700] "GET /?offset=0&q=%23Rye HTTP/1.1" 200 12421 "-" "Mozilla/5.0 (compatible; SemrushBot/6~bl; +http://www.semrush.com/bot.html)" 
54.36.149.89 - - [18/Apr/2020:02:59:30 -0700] "GET /content/statusupdates/warmup/?offset=347&_t=rss HTTP/1.1" 200 7023 "-" "Mozilla/5.0 (compatible; AhrefsBot/6.1; +http://ahrefs.com/robot/)" 
103.131.71.103 - - [18/Apr/2020:03:00:15 -0700] "GET /2019/latest-episode-we-need-to-talk-about-meatnot-arguing-pro HTTP/1.1" 304 3478 "-" "Mozilla/5.0 (compatible; coccocbot-web/1.0; +http://help.coccoc.com/searchengine)" 
3.87.247.70 - - [18/Apr/2020:03:00:17 -0700] "GET /?_t=rss HTTP/1.1" 200 7810 "-" "glitch-feeder/1.0 (+https://glitch.com/~lmo-feeder)" 
46.229.168.154 - - [18/Apr/2020:03:01:00 -0700] "GET /content/statusupdates?offset=0 HTTP/1.1" 200 12075 "-" "Mozilla/5.0 (compatible; SemrushBot/6~bl; +http://www.semrush.com/bot.html)" 
46.229.168.136 - - [18/Apr/2020:03:01:51 -0700] "GET /content/all/?offset=76&q=%23bread HTTP/1.1" 200 12243 "-" "Mozilla/5.0 (compatible; SemrushBot/6~bl; +http://www.semrush.com/bot.html)" 
207.46.13.194 - - [18/Apr/2020:03:02:02 -0700] "GET /tag/+%23IndieWeb?_t=rss HTTP/1.1" 200 12097 "-" "msnbot/2.0b (+http://search.msn.com/msnbot.htm)" 
54.36.150.65 - - [18/Apr/2020:03:02:32 -0700] "GET /content/photos/?q=%23leaven&_t=rss HTTP/1.1" 200 8127 "-" "Mozilla/5.0 (compatible; AhrefsBot/6.1; +http://ahrefs.com/robot/)" 
54.36.148.242 - - [18/Apr/2020:03:02:46 -0700] "GET /2019/chris-aldrich-wanted-to-know-if-i HTTP/1.1" 200 9502 "-" "Mozilla/5.0 (compatible; AhrefsBot/6.1; +http://ahrefs.com/robot/)" 
54.36.150.133 - - [18/Apr/2020:03:02:47 -0700] "GET /content/bookmarkedpages/?offset=284 HTTP/1.1" 200 10466 "-" "Mozilla/5.0 (compatible; AhrefsBot/6.1; +http://ahrefs.com/robot/)" 
46.229.168.143 - - [18/Apr/2020:03:02:59 -0700] "GET /?offset=42&q=%23sourdough HTTP/1.1" 200 11731 "-" "Mozilla/5.0 (compatible; SemrushBot/6~bl; +http://www.semrush.com/bot.html)" 
46.229.168.134 - - [18/Apr/2020:03:03:26 -0700] "GET /2018/sapiens HTTP/1.1" 200 9473 "-" "Mozilla/5.0 (compatible; SemrushBot/6~bl; +http://www.semrush.com/bot.html)" 
54.36.149.57 - - [18/Apr/2020:03:04:20 -0700] "GET /content/all/?q=%23Sourdough&offset=4 HTTP/1.1" 200 12066 "-" "Mozilla/5.0 (compatible; AhrefsBot/6.1; +http://ahrefs.com/robot/)" 
64.111.100.215 - - [18/Apr/2020:03:04:23 -0700] "GET /content/all?_t=rss HTTP/1.1" 200 17146 "-" "Mozilla/5.0 (X11; U; Linux i686; fr; rv:1.9.1.1) Gecko/20090715 Firefox/3.5.1" 
46.229.168.149 - - [18/Apr/2020:03:05:11 -0700] "GET /content/all/?offset=130&q=%23%2B%23%23indieweb HTTP/1.1" 200 12716 "-" "Mozilla/5.0 (compatible; SemrushBot/6~bl; +http://www.semrush.com/bot.html)" 
54.36.150.157 - - [18/Apr/2020:03:05:40 -0700] "GET /2018/thisll-do-nicely HTTP/1.1" 200 11356 "-" "Mozilla/5.0 (compatible; AhrefsBot/6.1; +http://ahrefs.com/robot/)" 
96.126.125.129 - - [18/Apr/2020:03:05:45 -0700] "GET /content/statusupdates/posts/photos/checkins/bookmarkedpages?_t=rss HTTP/1.1" 200 8018 "-" "Micro.blog/1.0" 
54.36.150.117 - - [18/Apr/2020:03:06:05 -0700] "GET /content/posts/?q=%23IndieWeb&offset=29 HTTP/1.1" 200 8996 "-" "Mozilla/5.0 (compatible; AhrefsBot/6.1; +http://ahrefs.com/robot/)" 
54.36.150.189 - - [18/Apr/2020:03:06:06 -0700] "GET /2019/mexican-x-plainer-balls-nuts-avocados HTTP/1.1" 200 10137 "-" "Mozilla/5.0 (compatible; AhrefsBot/6.1; +http://ahrefs.com/robot/)" 
66.249.66.50 - - [18/Apr/2020:03:06:14 -0700] "GET /content/locations/?q=%23afternoontreat&_t=rss HTTP/1.1" 200 5121 "-" "Mozilla/5.0 (Linux; Android 6.0.1; Nexus 5X Build/MMB29P) AppleWebKit/537.36 (KHTML, like Gecko) Chrome/41.0.2272.96 Mobile Safari/537.36 (compatible; Googlebot/2.1; +http://www.google.com/bot.html)" 
46.229.168.146 - - [18/Apr/2020:03:06:56 -0700] "GET /content/bookmarkedpages/?q=%23%2B%23bigbake HTTP/1.1" 200 8524 "-" "Mozilla/5.0 (compatible; SemrushBot/6~bl; +http://www.semrush.com/bot.html)" 
54.36.148.0 - - [18/Apr/2020:03:07:12 -0700] "GET /profile/jeremy?offset=174&_t=rss HTTP/1.1" 200 7205 "-" "Mozilla/5.0 (compatible; AhrefsBot/6.1; +http://ahrefs.com/robot/)" 
96.126.125.129 - - [18/Apr/2020:03:07:35 -0700] "GET /content/statusupdates/posts/photos/checkins/bookmarkedpages?_t=rss HTTP/1.1" 200 8018 "-" "Micro.blog/1.0" 
54.224.154.10 - - [18/Apr/2020:03:07:47 -0700] "GET /content/statusupdates/?_t=rss HTTP/1.1" 200 7421 "https://www.google.com/" "Mozilla/5.0 (Macintosh; Intel Mac OS X 10_14_6) AppleWebKit/537.36 (KHTML, like Gecko) Chrome/80.0.3987.116 Safari/537.36" 
54.36.150.107 - - [18/Apr/2020:03:07:57 -0700] "GET /content/photos/?offset=506&_t=rss HTTP/1.1" 200 7613 "-" "Mozilla/5.0 (compatible; AhrefsBot/6.1; +http://ahrefs.com/robot/)" 
54.36.150.61 - - [18/Apr/2020:03:08:10 -0700] "GET /tag/IndieWeb?offset=28 HTTP/1.1" 200 12965 "-" "Mozilla/5.0 (compatible; AhrefsBot/6.1; +http://ahrefs.com/robot/)" 
54.36.149.37 - - [18/Apr/2020:03:08:11 -0700] "GET /file/bd7165e3f78f963e77fae085367d2be9/5f6b2a9953faebdfc83578557f320c68 HTTP/1.1" 500 109685 "-" "Mozilla/5.0 (compatible; AhrefsBot/6.1; +http://ahrefs.com/robot/)" 
54.36.149.64 - - [18/Apr/2020:03:08:13 -0700] "GET /tag/bread?offset=33&_t=rss HTTP/1.1" 200 8331 "-" "Mozilla/5.0 (compatible; AhrefsBot/6.1; +http://ahrefs.com/robot/)" 
114.119.162.106 - - [18/Apr/2020:03:08:16 -0700] "GET /file/39e477235c823dcda977ef48a9b7df1b/thumb.jpg HTTP/1.1" 404 7952 "-" "Mozilla/5.0 (Linux; Android 7.0;) AppleWebKit/537.36 (KHTML, like Gecko) Mobile Safari/537.36 (compatible; AspiegelBot)" 
54.36.148.213 - - [18/Apr/2020:03:08:34 -0700] "GET /content/photos/?offset=392&_t=rss HTTP/1.1" 200 8246 "-" "Mozilla/5.0 (compatible; AhrefsBot/6.1; +http://ahrefs.com/robot/)" 
46.229.168.145 - - [18/Apr/2020:03:08:58 -0700] "GET /robots.txt HTTP/1.1" 200 4576 "-" "Mozilla/5.0 (compatible; SemrushBot/6~bl; +http://www.semrush.com/bot.html)" 
46.229.168.133 - - [18/Apr/2020:03:08:59 -0700] "GET /2019/im-still-getting-spam-through-public-comments HTTP/1.1" 200 9759 "-" "Mozilla/5.0 (compatible; SemrushBot/6~bl; +http://www.semrush.com/bot.html)" 
114.119.162.106 - - [18/Apr/2020:03:09:24 -0700] "GET /2019/we-built-a-legal-facial-recognition-machine-for-60-theoretica HTTP/1.1" 200 9496 "-" "Mozilla/5.0 (Linux; Android 7.0;) AppleWebKit/537.36 (KHTML, like Gecko) Mobile Safari/537.36 (compatible; AspiegelBot)" 
54.36.149.48 - - [18/Apr/2020:03:09:55 -0700] "GET /content/photos/?offset=419&_t=rss HTTP/1.1" 200 6189 "-" "Mozilla/5.0 (compatible; AhrefsBot/6.1; +http://ahrefs.com/robot/)" 
54.36.150.40 - - [18/Apr/2020:03:10:55 -0700] "GET /profile/jeremy?offset=322&_t=rss HTTP/1.1" 200 8010 "-" "Mozilla/5.0 (compatible; AhrefsBot/6.1; +http://ahrefs.com/robot/)" 
54.36.150.4 - - [18/Apr/2020:03:11:38 -0700] "GET /profile/jeremy?offset=453&_t=rss HTTP/1.1" 200 6937 "-" "Mozilla/5.0 (compatible; AhrefsBot/6.1; +http://ahrefs.com/robot/)" 
54.36.150.178 - - [18/Apr/2020:03:12:32 -0700] "GET /2018/10-practices-for-readable-code HTTP/1.1" 200 9271 "-" "Mozilla/5.0 (compatible; AhrefsBot/6.1; +http://ahrefs.com/robot/)" 
46.229.168.139 - - [18/Apr/2020:03:12:50 -0700] "GET /content/photos/?offset=2&q=%23%2B%23bread HTTP/1.1" 200 12233 "-" "Mozilla/5.0 (compatible; SemrushBot/6~bl; +http://www.semrush.com/bot.html)" 
46.229.168.133 - - [18/Apr/2020:03:12:58 -0700] "GET /content/rsvp/?q=%23indiewebcitizen HTTP/1.1" 200 8505 "-" "Mozilla/5.0 (compatible; SemrushBot/6~bl; +http://www.semrush.com/bot.html)" 
46.229.168.148 - - [18/Apr/2020:03:14:25 -0700] "GET /tag/IndieWeb?offset=74 HTTP/1.1" 200 13599 "-" "Mozilla/5.0 (compatible; SemrushBot/6~bl; +http://www.semrush.com/bot.html)" 
17.58.96.249 - - [18/Apr/2020:03:15:18 -0700] "GET /2018/such-fun-to-read-this-and-others-like-it-i HTTP/1.1" 200 9725 "-" "Mozilla/5.0 (Macintosh; Intel Mac OS X 10_10_1) AppleWebKit/600.2.5 (KHTML, like Gecko) Version/8.0.2 Safari/600.2.5 (Applebot/0.1; +http://www.apple.com/go/applebot)" 
54.36.148.18 - - [18/Apr/2020:03:15:40 -0700] "GET /content/all/?q=%23IndieWeb&offset=69 HTTP/1.1" 200 12555 "-" "Mozilla/5.0 (compatible; AhrefsBot/6.1; +http://ahrefs.com/robot/)" 
66.249.66.46 - - [18/Apr/2020:03:15:42 -0700] "GET /2020/chicken-skin-music-is-truly-balm-for HTTP/1.1" 200 9968 "-" "Mozilla/5.0 (Linux; Android 6.0.1; Nexus 5X Build/MMB29P) AppleWebKit/537.36 (KHTML, like Gecko) Chrome/41.0.2272.96 Mobile Safari/537.36 (compatible; Googlebot/2.1; +http://www.google.com/bot.html)" 
54.36.149.58 - - [18/Apr/2020:03:15:57 -0700] "GET /2017/the-evening-light-tonight-was-amazing-for-about-10-perfect?_t=rss HTTP/1.1" 200 5282 "-" "Mozilla/5.0 (compatible; AhrefsBot/6.1; +http://ahrefs.com/robot/)" 
54.36.150.65 - - [18/Apr/2020:03:16:29 -0700] "GET /2018/as-i-start-work-on-my-monthly HTTP/1.1" 200 9293 "-" "Mozilla/5.0 (compatible; AhrefsBot/6.1; +http://ahrefs.com/robot/)" 
54.36.148.15 - - [18/Apr/2020:03:17:05 -0700] "GET /profile/jeremy?offset=271 HTTP/1.1" 200 20165 "-" "Mozilla/5.0 (compatible; AhrefsBot/6.1; +http://ahrefs.com/robot/)" 
54.36.150.38 - - [18/Apr/2020:03:17:16 -0700] "GET /2018/checked-into-merianforum?_t=rss HTTP/1.1" 200 5206 "-" "Mozilla/5.0 (compatible; AhrefsBot/6.1; +http://ahrefs.com/robot/)" 
54.36.148.145 - - [18/Apr/2020:03:17:57 -0700] "GET /content/photos/warmup/?offset=535 HTTP/1.1" 200 10982 "-" "Mozilla/5.0 (compatible; AhrefsBot/6.1; +http://ahrefs.com/robot/)" 
46.229.168.139 - - [18/Apr/2020:03:18:47 -0700] "GET /2018/coroners-report-webrings-are-dead-part-ii-brad-enslen HTTP/1.1" 200 9518 "-" "Mozilla/5.0 (compatible; SemrushBot/6~bl; +http://www.semrush.com/bot.html)" 
77.75.76.172 - - [18/Apr/2020:03:19:22 -0700] "GET /robots.txt HTTP/1.1" 200 4594 "-" "Mozilla/5.0 (compatible; SeznamBot/3.2; +http://napoveda.seznam.cz/en/seznambot-intro/)" 
77.75.76.172 - - [18/Apr/2020:03:19:24 -0700] "GET /2017/all-hail-the-new-graduates-of-u-day-2-much HTTP/1.1" 304 3747 "-" "Mozilla/5.0 (compatible; SeznamBot/3.2; +http://napoveda.seznam.cz/en/seznambot-intro/)" 
77.75.76.172 - - [18/Apr/2020:03:19:26 -0700] "GET /file/06216b3319a2a7c8a68bebba66f0b055/thumb.jpg HTTP/1.1" 304 409 "-" "Mozilla/5.0 (compatible; SeznamBot/3.2; +http://napoveda.seznam.cz/en/seznambot-intro/)" 
77.75.76.172 - - [18/Apr/2020:03:19:26 -0700] "GET /file/9ddd019214b57923b72b4e4d1143a3bc HTTP/1.1" 200 7995 "-" "Mozilla/5.0 (compatible; SeznamBot/3.2; +http://napoveda.seznam.cz/en/seznambot-intro/)" 
77.75.76.172 - - [18/Apr/2020:03:19:27 -0700] "GET /file/754cfb74efa66ac2b8313a4754381c47 HTTP/1.1" 200 7070 "-" "Mozilla/5.0 (compatible; SeznamBot/3.2; +http://napoveda.seznam.cz/en/seznambot-intro/)" 
64.111.100.215 - - [18/Apr/2020:03:19:32 -0700] "GET /content/all?_t=rss HTTP/1.1" 200 17146 "-" "Mozilla/5.0 (X11; U; Linux i686; fr; rv:1.9.1.1) Gecko/20090715 Firefox/3.5.1" 
46.229.168.163 - - [18/Apr/2020:03:20:01 -0700] "GET /?offset=129&q=%23%2B%23IndieWeb HTTP/1.1" 200 12898 "-" "Mozilla/5.0 (compatible; SemrushBot/6~bl; +http://www.semrush.com/bot.html)" 
46.229.168.138 - - [18/Apr/2020:03:20:13 -0700] "GET /content/all/?q=%23%2B%238482 HTTP/1.1" 200 9597 "-" "Mozilla/5.0 (compatible; SemrushBot/6~bl; +http://www.semrush.com/bot.html)" 
54.36.150.72 - - [18/Apr/2020:03:20:13 -0700] "GET /content/bookmarkedpages/?offset=207&_t=rss HTTP/1.1" 200 6564 "-" "Mozilla/5.0 (compatible; AhrefsBot/6.1; +http://ahrefs.com/robot/)" 
66.249.66.48 - - [18/Apr/2020:03:20:53 -0700] "GET /service/web/unfurl/?url=https%3A%2F%2Fwww.sourdough.co.uk%2Fcan-real-sourdough-identified%2F&__bTk=d58d194e9c6dc63c47fec935930ec99d8405f18fed30f78c0fda5f502aa40aa7&__bTs=1586173549 HTTP/1.1" 403 4760 "https://stream.jeremycherfas.net/content/all?_t=amp&offset=1010" "Mozilla/5.0 (Linux; Android 6.0.1; Nexus 5X Build/MMB29P) AppleWebKit/537.36 (KHTML, like Gecko) Chrome/80.0.3987.92 Mobile Safari/537.36 (compatible; Googlebot/2.1; +http://www.google.com/bot.html)" 
54.36.150.20 - - [18/Apr/2020:03:21:25 -0700] "GET /2018/untitled-15?_t=rss HTTP/1.1" 200 5354 "-" "Mozilla/5.0 (compatible; AhrefsBot/6.1; +http://ahrefs.com/robot/)" 
31.40.202.182 - - [18/Apr/2020:03:22:38 -0700] "GET /2019/excellent-dinner-a-notch-above-the-ordinary-mantecato-di-baccala HTTP/1.1" 200 52809 "https://7ooo.ru/" "Re-re Studio (+http://2re.site/)" 
31.40.202.182 - - [18/Apr/2020:03:22:39 -0700] "GET /2019/checked-into-osteria-di-porta-cicca HTTP/1.1" 200 28746 "https://7ooo.ru/" "Re-re Studio (+http://2re.site/)" 
31.40.202.182 - - [18/Apr/2020:03:22:40 -0700] "GET /2019/untitled-27 HTTP/1.1" 200 68035 "https://7ooo.ru/" "Re-re Studio (+http://2re.site/)" 
54.36.150.159 - - [18/Apr/2020:03:22:40 -0700] "GET /content/statusupdates/warmup/?offset=213&_t=rss HTTP/1.1" 200 7075 "-" "Mozilla/5.0 (compatible; AhrefsBot/6.1; +http://ahrefs.com/robot/)" 
31.40.202.182 - - [18/Apr/2020:03:22:41 -0700] "GET /2019/checked-into-marchesi HTTP/1.1" 200 28426 "https://7ooo.ru/" "Re-re Studio (+http://2re.site/)" 
31.40.202.182 - - [18/Apr/2020:03:22:42 -0700] "GET /2019/checked-into-laltro-luca-ed-andrea HTTP/1.1" 200 29338 "https://7ooo.ru/" "Re-re Studio (+http://2re.site/)" 
31.40.202.182 - - [18/Apr/2020:03:22:43 -0700] "GET /2019/more-lisascenic HTTP/1.1" 200 81272 "https://7ooo.ru/" "Re-re Studio (+http://2re.site/)" 
31.40.202.182 - - [18/Apr/2020:03:22:44 -0700] "GET /2019/time-pieces HTTP/1.1" 200 68595 "https://7ooo.ru/" "Re-re Studio (+http://2re.site/)" 
31.40.202.182 - - [18/Apr/2020:03:22:44 -0700] "GET /2019/art HTTP/1.1" 200 36495 "https://7ooo.ru/" "Re-re Studio (+http://2re.site/)" 
31.40.202.182 - - [18/Apr/2020:03:22:46 -0700] "GET /2019/checked-into-museo-poldi-pezzoli HTTP/1.1" 200 28938 "https://7ooo.ru/" "Re-re Studio (+http://2re.site/)" 
144.76.176.171 - - [18/Apr/2020:03:22:49 -0700] "GET /robots.txt HTTP/1.1" 200 4593 "-" "Mozilla/5.0 (compatible; MJ12bot/v1.4.8; http://mj12bot.com/)" 
144.76.176.171 - - [18/Apr/2020:03:22:50 -0700] "GET /2020/chicken-skin-music-is-truly-balm-for HTTP/1.1" 200 6600 "-" "Mozilla/5.0 (compatible; MJ12bot/v1.4.8; http://mj12bot.com/)" 
144.76.176.171 - - [18/Apr/2020:03:22:55 -0700] "GET /content/all/?q=%23sourdough&offset=56 HTTP/1.1" 200 9028 "-" "Mozilla/5.0 (compatible; MJ12bot/v1.4.8; http://mj12bot.com/)" 
144.76.176.171 - - [18/Apr/2020:03:22:57 -0700] "GET /content/audio/?q=%23%20%23Black_pepper&_t=rss HTTP/1.1" 200 1734 "-" "Mozilla/5.0 (compatible; MJ12bot/v1.4.8; http://mj12bot.com/)" 
144.76.176.171 - - [18/Apr/2020:03:23:00 -0700] "GET /content/bookmarkedpages/?q=%23borderterrier&_t=rss HTTP/1.1" 200 5052 "-" "Mozilla/5.0 (compatible; MJ12bot/v1.4.8; http://mj12bot.com/)" 
144.76.176.171 - - [18/Apr/2020:03:23:02 -0700] "GET /content/locations/?q=%23%20%23bread HTTP/1.1" 200 5178 "-" "Mozilla/5.0 (compatible; MJ12bot/v1.4.8; http://mj12bot.com/)" 
144.76.176.171 - - [18/Apr/2020:03:23:03 -0700] "GET /content/locations/?q=%23fornacalia HTTP/1.1" 200 5172 "-" "Mozilla/5.0 (compatible; MJ12bot/v1.4.8; http://mj12bot.com/)" 
144.76.176.171 - - [18/Apr/2020:03:23:15 -0700] "GET /content/posts/?q=%23%20%23Black_pepper HTTP/1.1" 200 8501 "-" "Mozilla/5.0 (compatible; MJ12bot/v1.4.8; http://mj12bot.com/)" 
144.76.176.171 - - [18/Apr/2020:03:23:17 -0700] "GET /content/posts/?q=%23%20%23bread HTTP/1.1" 200 9906 "-" "Mozilla/5.0 (compatible; MJ12bot/v1.4.8; http://mj12bot.com/)" 
144.76.176.171 - - [18/Apr/2020:03:23:21 -0700] "GET /file/fa8ec4c9ba40e4d551ce5db3de515b53/083de5c97230565427dc72e936edff75 HTTP/1.1" 500 106976 "-" "Mozilla/5.0 (compatible; MJ12bot/v1.4.8; http://mj12bot.com/)" 
144.76.176.171 - - [18/Apr/2020:03:23:24 -0700] "GET /service/web/imageproxy/aHR0cHM6Ly9wYnMudHdpbWcuY29tL3Byb2ZpbGVfaW1hZ2VzLzc3NzgxNDg4MDgxNjY2NDU3Ni9jMk96R2tSOC5qcGc,/300/square HTTP/1.1" 200 17532 "-" "Mozilla/5.0 (compatible; MJ12bot/v1.4.8; http://mj12bot.com/)" 
144.76.176.171 - - [18/Apr/2020:03:23:26 -0700] "GET /tag/+%23bread HTTP/1.1" 200 12537 "-" "Mozilla/5.0 (compatible; MJ12bot/v1.4.8; http://mj12bot.com/)" 
144.76.176.171 - - [18/Apr/2020:03:23:31 -0700] "GET /tag/afternoontreat HTTP/1.1" 200 9211 "-" "Mozilla/5.0 (compatible; MJ12bot/v1.4.8; http://mj12bot.com/)" 
144.76.176.171 - - [18/Apr/2020:03:23:33 -0700] "GET /tag/failedbread HTTP/1.1" 200 5979 "-" "Mozilla/5.0 (compatible; MJ12bot/v1.4.8; http://mj12bot.com/)" 
144.76.176.171 - - [18/Apr/2020:03:23:36 -0700] "GET /tag/realbreadweek HTTP/1.1" 200 9494 "-" "Mozilla/5.0 (compatible; MJ12bot/v1.4.8; http://mj12bot.com/)" 
144.76.176.171 - - [18/Apr/2020:03:23:39 -0700] "GET /robots.txt HTTP/1.1" 200 4617 "-" "Mozilla/5.0 (compatible; MJ12bot/v1.4.8; http://mj12bot.com/)" 
144.76.176.171 - - [18/Apr/2020:03:23:41 -0700] "GET /2017/stiff-leaven-raring-to-go HTTP/1.1" 200 8029 "-" "Mozilla/5.0 (compatible; MJ12bot/v1.4.8; http://mj12bot.com/)" 
144.76.176.171 - - [18/Apr/2020:03:23:43 -0700] "GET /2017/the-bakers-reward HTTP/1.1" 200 7883 "-" "Mozilla/5.0 (compatible; MJ12bot/v1.4.8; http://mj12bot.com/)" 
54.36.149.14 - - [18/Apr/2020:03:23:45 -0700] "GET /content/posts/?offset=39&_t=rss HTTP/1.1" 200 9252 "-" "Mozilla/5.0 (compatible; AhrefsBot/6.1; +http://ahrefs.com/robot/)" 
144.76.176.171 - - [18/Apr/2020:03:23:49 -0700] "GET /2018/2018-01-23 HTTP/1.1" 200 9491 "-" "Mozilla/5.0 (compatible; MJ12bot/v1.4.8; http://mj12bot.com/)" 
144.76.176.171 - - [18/Apr/2020:03:23:51 -0700] "GET /2018/chris-aldrichs-discussion-of-the-rewarding-discovery HTTP/1.1" 200 6685 "-" "Mozilla/5.0 (compatible; MJ12bot/v1.4.8; http://mj12bot.com/)" 
144.76.176.171 - - [18/Apr/2020:03:23:54 -0700] "GET /2018/have-you-taken-a-look-at-indieweborg HTTP/1.1" 200 10121 "-" "Mozilla/5.0 (compatible; MJ12bot/v1.4.8; http://mj12bot.com/)" 
