5.188.84.15 - - [30/Apr/2020:00:45:09 -0700] "GET /2013/pasta-madre-day-2013/ HTTP/1.0" 200 32928 "https://www.fornacalia.com/2013/pasta-madre-day-2013/#comment-1801/" "Mozilla/5.0 (Windows NT 6.1; Win64; x64) AppleWebKit/537.36 (KHTML, like Gecko) Chrome/67.0.3396.87 Safari/537.36 OPR/54.0.2952.51" 
5.188.84.15 - - [30/Apr/2020:00:45:11 -0700] "POST /wp-comments-post.php HTTP/1.0" 302 4063 "https://www.fornacalia.com/2013/pasta-madre-day-2013/#comment-1801/" "Mozilla/5.0 (Windows NT 6.1; Win64; x64) AppleWebKit/537.36 (KHTML, like Gecko) Chrome/67.0.3396.87 Safari/537.36 OPR/54.0.2952.51" 
54.36.150.40 - - [30/Apr/2020:00:49:47 -0700] "GET /tag/rye/ HTTP/1.1" 200 12936 "-" "Mozilla/5.0 (compatible; AhrefsBot/6.1; +http://ahrefs.com/robot/)" 
104.248.242.175 - - [30/Apr/2020:00:51:45 -0700] "GET /wp-login.php HTTP/1.1" 200 4830 "-" "Mozilla/5.0 (X11; Ubuntu; Linux x86_64; rv:62.0) Gecko/20100101 Firefox/62.0" 
104.248.242.175 - - [30/Apr/2020:00:51:51 -0700] "POST /wp-login.php HTTP/1.1" 200 5224 "-" "Mozilla/5.0 (X11; Ubuntu; Linux x86_64; rv:62.0) Gecko/20100101 Firefox/62.0" 
104.248.242.175 - - [30/Apr/2020:00:51:51 -0700] "GET /wp-login.php HTTP/1.1" 200 4830 "-" "Mozilla/5.0 (X11; Ubuntu; Linux x86_64; rv:62.0) Gecko/20100101 Firefox/62.0" 
104.248.242.175 - - [30/Apr/2020:00:51:57 -0700] "POST /wp-login.php HTTP/1.1" 200 5201 "-" "Mozilla/5.0 (X11; Ubuntu; Linux x86_64; rv:62.0) Gecko/20100101 Firefox/62.0" 
104.248.242.175 - - [30/Apr/2020:00:52:02 -0700] "POST /xmlrpc.php HTTP/1.1" 200 3697 "-" "Mozilla/5.0 (X11; Ubuntu; Linux x86_64; rv:62.0) Gecko/20100101 Firefox/62.0" 
5.188.84.233 - - [30/Apr/2020:00:52:06 -0700] "GET /2013/pasta-madre-day-2013/ HTTP/1.0" 200 32928 "https://www.fornacalia.com/2013/pasta-madre-day-2013/#comment-1801/" "Mozilla/5.0 (Windows NT 6.1; Win64; x64) AppleWebKit/537.36 (KHTML, like Gecko) Chrome/66.0.3359.181 Safari/537.36" 
5.188.84.233 - - [30/Apr/2020:00:52:07 -0700] "POST /wp-comments-post.php HTTP/1.0" 302 4063 "https://www.fornacalia.com/2013/pasta-madre-day-2013/#comment-1801/" "Mozilla/5.0 (Windows NT 6.1; Win64; x64) AppleWebKit/537.36 (KHTML, like Gecko) Chrome/66.0.3359.181 Safari/537.36" 
94.139.237.167 - - [30/Apr/2020:00:56:15 -0700] "GET /2013/pasta-madre-day-2013/ HTTP/1.0" 200 32928 "https://www.fornacalia.com/2013/pasta-madre-day-2013/#comment-27236/" "Mozilla/5.0 (Windows NT 10.0; Win64; x64) AppleWebKit/537.36 (KHTML, like Gecko) Chrome/64.0.3282.140 Safari/537.36 Edge/17.17134" 
94.139.237.167 - - [30/Apr/2020:00:56:15 -0700] "POST /wp-comments-post.php HTTP/1.0" 302 4063 "https://www.fornacalia.com/2013/pasta-madre-day-2013/#comment-27236/" "Mozilla/5.0 (Windows NT 10.0; Win64; x64) AppleWebKit/537.36 (KHTML, like Gecko) Chrome/64.0.3282.140 Safari/537.36 Edge/17.17134" 
94.139.237.167 - - [30/Apr/2020:00:56:16 -0700] "GET /2013/pasta-madre-day-2013/ HTTP/1.0" 200 32928 "https://www.fornacalia.com/2013/pasta-madre-day-2013/#comment-40061" "Mozilla/5.0 (Windows NT 10.0; Win64; x64) AppleWebKit/537.36 (KHTML, like Gecko) Chrome/64.0.3282.140 Safari/537.36 Edge/17.17134" 
66.249.66.47 - - [30/Apr/2020:00:59:40 -0700] "GET /2019/respect-to-respectus-panis/ HTTP/1.1" 200 13318 "-" "Mozilla/5.0 (compatible; Googlebot/2.1; +http://www.google.com/bot.html)" 
46.229.168.139 - - [30/Apr/2020:01:03:21 -0700] "GET /robots.txt HTTP/1.1" 200 4255 "-" "Mozilla/5.0 (compatible; SemrushBot/6~bl; +http://www.semrush.com/bot.html)" 
46.229.168.142 - - [30/Apr/2020:01:03:21 -0700] "GET /2019/mysterious-ear-problem-partially-solved/ HTTP/1.1" 200 12033 "-" "Mozilla/5.0 (compatible; SemrushBot/6~bl; +http://www.semrush.com/bot.html)" 
193.112.206.73 - - [30/Apr/2020:01:03:37 -0700] "GET /wp-login.php HTTP/1.1" 200 4830 "-" "Mozilla/5.0 (X11; Ubuntu; Linux x86_64; rv:62.0) Gecko/20100101 Firefox/62.0" 
193.112.206.73 - - [30/Apr/2020:01:03:38 -0700] "POST /wp-login.php HTTP/1.1" 200 5224 "-" "Mozilla/5.0 (X11; Ubuntu; Linux x86_64; rv:62.0) Gecko/20100101 Firefox/62.0" 
193.112.206.73 - - [30/Apr/2020:01:03:39 -0700] "GET /wp-login.php HTTP/1.1" 200 4830 "-" "Mozilla/5.0 (X11; Ubuntu; Linux x86_64; rv:62.0) Gecko/20100101 Firefox/62.0" 
193.112.206.73 - - [30/Apr/2020:01:03:41 -0700] "POST /wp-login.php HTTP/1.1" 200 5201 "-" "Mozilla/5.0 (X11; Ubuntu; Linux x86_64; rv:62.0) Gecko/20100101 Firefox/62.0" 
193.112.206.73 - - [30/Apr/2020:01:03:42 -0700] "POST /xmlrpc.php HTTP/1.1" 200 3697 "-" "Mozilla/5.0 (X11; Ubuntu; Linux x86_64; rv:62.0) Gecko/20100101 Firefox/62.0" 
5.188.84.45 - - [30/Apr/2020:01:05:15 -0700] "GET /2013/pasta-madre-day-2013/ HTTP/1.0" 200 32928 "https://www.fornacalia.com/2013/pasta-madre-day-2013/#comment-1801/" "Mozilla/5.0 (Windows NT 6.1; Win64; x64) AppleWebKit/537.36 (KHTML, like Gecko) Chrome/67.0.3396.99 Safari/537.36" 
5.188.84.45 - - [30/Apr/2020:01:05:16 -0700] "POST /wp-comments-post.php HTTP/1.0" 302 4063 "https://www.fornacalia.com/2013/pasta-madre-day-2013/#comment-1801/" "Mozilla/5.0 (Windows NT 6.1; Win64; x64) AppleWebKit/537.36 (KHTML, like Gecko) Chrome/67.0.3396.99 Safari/537.36" 
5.188.84.25 - - [30/Apr/2020:01:10:54 -0700] "GET /2013/pasta-madre-day-2013/ HTTP/1.0" 200 32928 "https://www.fornacalia.com/2013/pasta-madre-day-2013/#comment-1801/" "Mozilla/5.0 (Windows NT 10.0; Win64; x64) AppleWebKit/537.36 (KHTML, like Gecko) Chrome/68.0.3440.84 Safari/537.36" 
5.188.84.25 - - [30/Apr/2020:01:10:56 -0700] "POST /wp-comments-post.php HTTP/1.0" 302 4063 "https://www.fornacalia.com/2013/pasta-madre-day-2013/#comment-1801/" "Mozilla/5.0 (Windows NT 10.0; Win64; x64) AppleWebKit/537.36 (KHTML, like Gecko) Chrome/68.0.3440.84 Safari/537.36" 
5.102.173.71 - - [30/Apr/2020:01:12:46 -0700] "GET /robots.txt HTTP/1.1" 200 4236 "-" "Mozilla/5.0 (compatible; MojeekBot/0.7; +https://www.mojeek.com/bot.html)" 
5.102.173.71 - - [30/Apr/2020:01:12:46 -0700] "GET /2017/igbreadclub/ HTTP/1.1" 200 8628 "-" "Mozilla/5.0 (compatible; MojeekBot/0.7; +https://www.mojeek.com/bot.html)" 
5.188.84.65 - - [30/Apr/2020:01:14:35 -0700] "GET /2013/pasta-madre-day-2013/ HTTP/1.0" 200 32928 "https://www.fornacalia.com/2013/pasta-madre-day-2013/#comment-1801/" "Mozilla/5.0 (Windows NT 6.1) AppleWebKit/537.36 (KHTML, like Gecko) Chrome/67.0.3396.99 Safari/537.36" 
5.188.84.65 - - [30/Apr/2020:01:14:36 -0700] "POST /wp-comments-post.php HTTP/1.0" 302 4063 "https://www.fornacalia.com/2013/pasta-madre-day-2013/#comment-1801/" "Mozilla/5.0 (Windows NT 6.1) AppleWebKit/537.36 (KHTML, like Gecko) Chrome/67.0.3396.99 Safari/537.36" 
3.13.185.236 - - [30/Apr/2020:01:15:31 -0700] "GET /wp-login.php HTTP/1.1" 200 4830 "-" "Mozilla/5.0 (X11; Ubuntu; Linux x86_64; rv:62.0) Gecko/20100101 Firefox/62.0" 
3.13.185.236 - - [30/Apr/2020:01:15:31 -0700] "POST /wp-login.php HTTP/1.1" 200 5224 "-" "Mozilla/5.0 (X11; Ubuntu; Linux x86_64; rv:62.0) Gecko/20100101 Firefox/62.0" 
3.13.185.236 - - [30/Apr/2020:01:15:31 -0700] "GET /wp-login.php HTTP/1.1" 200 4830 "-" "Mozilla/5.0 (X11; Ubuntu; Linux x86_64; rv:62.0) Gecko/20100101 Firefox/62.0" 
3.13.185.236 - - [30/Apr/2020:01:15:31 -0700] "POST /wp-login.php HTTP/1.1" 200 5201 "-" "Mozilla/5.0 (X11; Ubuntu; Linux x86_64; rv:62.0) Gecko/20100101 Firefox/62.0" 
3.13.185.236 - - [30/Apr/2020:01:15:31 -0700] "POST /xmlrpc.php HTTP/1.1" 200 3697 "-" "Mozilla/5.0 (X11; Ubuntu; Linux x86_64; rv:62.0) Gecko/20100101 Firefox/62.0" 
5.188.84.65 - - [30/Apr/2020:01:17:44 -0700] "GET /2013/pasta-madre-day-2013/ HTTP/1.0" 200 32928 "https://www.fornacalia.com/2013/pasta-madre-day-2013/#comment-1801/" "Mozilla/5.0 (Windows NT 10.0; Win64; x64) AppleWebKit/537.36 (KHTML, like Gecko) Chrome/67.0.3396.87 Safari/537.36 OPR/54.0.2952.54" 
5.188.84.65 - - [30/Apr/2020:01:17:45 -0700] "POST /wp-comments-post.php HTTP/1.0" 302 4063 "https://www.fornacalia.com/2013/pasta-madre-day-2013/#comment-1801/" "Mozilla/5.0 (Windows NT 10.0; Win64; x64) AppleWebKit/537.36 (KHTML, like Gecko) Chrome/67.0.3396.87 Safari/537.36 OPR/54.0.2952.54" 
5.188.84.35 - - [30/Apr/2020:01:19:04 -0700] "GET /2013/pasta-madre-day-2013/ HTTP/1.0" 200 32928 "https://www.fornacalia.com/2013/pasta-madre-day-2013/#comment-1801/" "Mozilla/5.0 (Windows NT 10.0; Win64; x64) AppleWebKit/537.36 (KHTML, like Gecko) Chrome/65.0.3325.181 Safari/537.36" 
5.188.84.35 - - [30/Apr/2020:01:19:05 -0700] "POST /wp-comments-post.php HTTP/1.0" 302 4063 "https://www.fornacalia.com/2013/pasta-madre-day-2013/#comment-1801/" "Mozilla/5.0 (Windows NT 10.0; Win64; x64) AppleWebKit/537.36 (KHTML, like Gecko) Chrome/65.0.3325.181 Safari/537.36" 
5.188.84.220 - - [30/Apr/2020:01:26:16 -0700] "GET /2013/pasta-madre-day-2013/ HTTP/1.0" 200 32928 "https://www.fornacalia.com/2013/pasta-madre-day-2013/#comment-1801/" "Mozilla/5.0 (Windows NT 10.0; Win64; x64) AppleWebKit/537.36 (KHTML, like Gecko) Chrome/68.0.3440.106 Safari/537.36" 
5.188.84.220 - - [30/Apr/2020:01:26:18 -0700] "POST /wp-comments-post.php HTTP/1.0" 302 4063 "https://www.fornacalia.com/2013/pasta-madre-day-2013/#comment-1801/" "Mozilla/5.0 (Windows NT 10.0; Win64; x64) AppleWebKit/537.36 (KHTML, like Gecko) Chrome/68.0.3440.106 Safari/537.36" 
78.47.30.123 - - [30/Apr/2020:01:27:58 -0700] "GET /wp-login.php HTTP/1.1" 200 4830 "-" "Mozilla/5.0 (X11; Ubuntu; Linux x86_64; rv:62.0) Gecko/20100101 Firefox/62.0" 
78.47.30.123 - - [30/Apr/2020:01:27:59 -0700] "POST /wp-login.php HTTP/1.1" 200 5224 "-" "Mozilla/5.0 (X11; Ubuntu; Linux x86_64; rv:62.0) Gecko/20100101 Firefox/62.0" 
78.47.30.123 - - [30/Apr/2020:01:27:59 -0700] "GET /wp-login.php HTTP/1.1" 200 4830 "-" "Mozilla/5.0 (X11; Ubuntu; Linux x86_64; rv:62.0) Gecko/20100101 Firefox/62.0" 
78.47.30.123 - - [30/Apr/2020:01:27:59 -0700] "POST /wp-login.php HTTP/1.1" 200 5201 "-" "Mozilla/5.0 (X11; Ubuntu; Linux x86_64; rv:62.0) Gecko/20100101 Firefox/62.0" 
78.47.30.123 - - [30/Apr/2020:01:28:00 -0700] "POST /xmlrpc.php HTTP/1.1" 200 3697 "-" "Mozilla/5.0 (X11; Ubuntu; Linux x86_64; rv:62.0) Gecko/20100101 Firefox/62.0" 
185.87.123.170 - - [30/Apr/2020:01:29:10 -0700] "GET /2018/palanga-rye-bread/ HTTP/1.1" 200 14806 "https://www.fornacalia.com/" "Mozilla/5.0 (Windows NT 6.1; WOW64; rv:59.0) Gecko/20100101 Firefox/59.0,gzip(gfe)" 
185.87.123.170 - - [30/Apr/2020:01:29:10 -0700] "GET /wp-login.php?action=register HTTP/1.1" 302 3949 "https://www.fornacalia.com/" "Mozilla/5.0 (Windows NT 6.1; WOW64; rv:59.0) Gecko/20100101 Firefox/59.0,gzip(gfe)" 
185.87.123.170 - - [30/Apr/2020:01:29:11 -0700] "GET /wp-login.php?registration=disabled HTTP/1.1" 200 5127 "https://www.fornacalia.com/wp-login.php?action=register" "Mozilla/5.0 (Windows NT 6.1; WOW64; rv:59.0) Gecko/20100101 Firefox/59.0,gzip(gfe)" 
5.188.84.220 - - [30/Apr/2020:01:29:14 -0700] "GET /2013/pasta-madre-day-2013/ HTTP/1.0" 200 32928 "https://www.fornacalia.com/2013/pasta-madre-day-2013/#comment-1801/" "Mozilla/5.0 (Windows NT 6.3; Win64; x64) AppleWebKit/537.36 (KHTML, like Gecko) Chrome/68.0.3440.84 Safari/537.36" 
5.188.84.220 - - [30/Apr/2020:01:29:15 -0700] "POST /wp-comments-post.php HTTP/1.0" 302 4063 "https://www.fornacalia.com/2013/pasta-madre-day-2013/#comment-1801/" "Mozilla/5.0 (Windows NT 6.3; Win64; x64) AppleWebKit/537.36 (KHTML, like Gecko) Chrome/68.0.3440.84 Safari/537.36" 
40.77.167.107 - - [30/Apr/2020:01:35:50 -0700] "GET /2020/sourdough-bagels/ HTTP/1.1" 200 14568 "-" "Mozilla/5.0 (compatible; bingbot/2.0; +http://www.bing.com/bingbot.htm)" 
5.188.84.35 - - [30/Apr/2020:01:36:22 -0700] "GET /2013/pasta-madre-day-2013/ HTTP/1.0" 200 32928 "https://www.fornacalia.com/2013/pasta-madre-day-2013/#comment-1801/" "Mozilla/5.0 (Windows NT 6.1; Win64; x64) AppleWebKit/537.36 (KHTML, like Gecko) Chrome/67.0.3396.87 Safari/537.36 OPR/54.0.2952.64" 
5.188.84.35 - - [30/Apr/2020:01:36:23 -0700] "POST /wp-comments-post.php HTTP/1.0" 302 4063 "https://www.fornacalia.com/2013/pasta-madre-day-2013/#comment-1801/" "Mozilla/5.0 (Windows NT 6.1; Win64; x64) AppleWebKit/537.36 (KHTML, like Gecko) Chrome/67.0.3396.87 Safari/537.36 OPR/54.0.2952.64" 
5.188.84.233 - - [30/Apr/2020:01:37:37 -0700] "GET /2013/pasta-madre-day-2013/ HTTP/1.0" 200 32928 "https://www.fornacalia.com/2013/pasta-madre-day-2013/#comment-1801/" "Mozilla/5.0 (Windows NT 6.3; Win64; x64) AppleWebKit/537.36 (KHTML, like Gecko) Chrome/65.0.3325.146 Safari/537.36" 
5.188.84.233 - - [30/Apr/2020:01:37:38 -0700] "POST /wp-comments-post.php HTTP/1.0" 302 4063 "https://www.fornacalia.com/2013/pasta-madre-day-2013/#comment-1801/" "Mozilla/5.0 (Windows NT 6.3; Win64; x64) AppleWebKit/537.36 (KHTML, like Gecko) Chrome/65.0.3325.146 Safari/537.36" 
208.109.11.224 - - [30/Apr/2020:01:40:37 -0700] "GET /wp-login.php HTTP/1.1" 200 4830 "-" "Mozilla/5.0 (X11; Ubuntu; Linux x86_64; rv:62.0) Gecko/20100101 Firefox/62.0" 
208.109.11.224 - - [30/Apr/2020:01:40:38 -0700] "POST /wp-login.php HTTP/1.1" 200 5224 "-" "Mozilla/5.0 (X11; Ubuntu; Linux x86_64; rv:62.0) Gecko/20100101 Firefox/62.0" 
54.36.148.65 - - [30/Apr/2020:01:40:39 -0700] "GET /page/9/ HTTP/1.1" 200 17908 "-" "Mozilla/5.0 (compatible; AhrefsBot/6.1; +http://ahrefs.com/robot/)" 
208.109.11.224 - - [30/Apr/2020:01:40:39 -0700] "GET /wp-login.php HTTP/1.1" 200 4830 "-" "Mozilla/5.0 (X11; Ubuntu; Linux x86_64; rv:62.0) Gecko/20100101 Firefox/62.0" 
208.109.11.224 - - [30/Apr/2020:01:40:40 -0700] "POST /wp-login.php HTTP/1.1" 200 5201 "-" "Mozilla/5.0 (X11; Ubuntu; Linux x86_64; rv:62.0) Gecko/20100101 Firefox/62.0" 
208.109.11.224 - - [30/Apr/2020:01:40:41 -0700] "POST /xmlrpc.php HTTP/1.1" 200 3697 "-" "Mozilla/5.0 (X11; Ubuntu; Linux x86_64; rv:62.0) Gecko/20100101 Firefox/62.0" 
5.188.84.45 - - [30/Apr/2020:01:48:13 -0700] "GET /2013/pasta-madre-day-2013/ HTTP/1.0" 200 32928 "https://www.fornacalia.com/2013/pasta-madre-day-2013/#comment-1801/" "Mozilla/5.0 (Windows NT 6.1; WOW64) AppleWebKit/537.36 (KHTML, like Gecko) Chrome/67.0.3396.87 Safari/537.36 OPR/54.0.2952.64 (Edition Yx)" 
64.111.100.215 - - [30/Apr/2020:01:48:14 -0700] "POST /wp-cron.php?doing_wp_cron=1588236493.8814990520477294921875 HTTP/1.1" 200 3494 "https://www.fornacalia.com/wp-cron.php?doing_wp_cron=1588236493.8814990520477294921875" "WordPress/5.2.6; https://www.fornacalia.com" 
5.188.84.45 - - [30/Apr/2020:01:48:15 -0700] "POST /wp-comments-post.php HTTP/1.0" 302 4063 "https://www.fornacalia.com/2013/pasta-madre-day-2013/#comment-1801/" "Mozilla/5.0 (Windows NT 6.1; WOW64) AppleWebKit/537.36 (KHTML, like Gecko) Chrome/67.0.3396.87 Safari/537.36 OPR/54.0.2952.64 (Edition Yx)" 
5.188.84.80 - - [30/Apr/2020:01:50:29 -0700] "GET /2013/pasta-madre-day-2013/ HTTP/1.0" 200 32928 "https://www.fornacalia.com/2013/pasta-madre-day-2013/#comment-1801/" "Mozilla/5.0 (Windows NT 6.1) AppleWebKit/537.36 (KHTML, like Gecko) Chrome/67.0.3396.99 Safari/537.36" 
5.188.84.80 - - [30/Apr/2020:01:50:30 -0700] "POST /wp-comments-post.php HTTP/1.0" 302 4063 "https://www.fornacalia.com/2013/pasta-madre-day-2013/#comment-1801/" "Mozilla/5.0 (Windows NT 6.1) AppleWebKit/537.36 (KHTML, like Gecko) Chrome/67.0.3396.99 Safari/537.36" 
107.180.71.116 - - [30/Apr/2020:01:52:09 -0700] "GET /wp-login.php HTTP/1.1" 200 4830 "-" "Mozilla/5.0 (X11; Ubuntu; Linux x86_64; rv:62.0) Gecko/20100101 Firefox/62.0" 
107.180.71.116 - - [30/Apr/2020:01:52:09 -0700] "POST /wp-login.php HTTP/1.1" 200 5224 "-" "Mozilla/5.0 (X11; Ubuntu; Linux x86_64; rv:62.0) Gecko/20100101 Firefox/62.0" 
107.180.71.116 - - [30/Apr/2020:01:52:09 -0700] "GET /wp-login.php HTTP/1.1" 200 4830 "-" "Mozilla/5.0 (X11; Ubuntu; Linux x86_64; rv:62.0) Gecko/20100101 Firefox/62.0" 
107.180.71.116 - - [30/Apr/2020:01:52:09 -0700] "POST /wp-login.php HTTP/1.1" 200 5201 "-" "Mozilla/5.0 (X11; Ubuntu; Linux x86_64; rv:62.0) Gecko/20100101 Firefox/62.0" 
107.180.71.116 - - [30/Apr/2020:01:52:09 -0700] "POST /xmlrpc.php HTTP/1.1" 200 3697 "-" "Mozilla/5.0 (X11; Ubuntu; Linux x86_64; rv:62.0) Gecko/20100101 Firefox/62.0" 
80.3.221.111 - - [30/Apr/2020:01:54:27 -0700] "GET /2019/respect-to-respectus-panis/ HTTP/1.1" 200 13123 "https://www.google.co.uk/" "Mozilla/5.0 (iPad; CPU OS 12_0_1 like Mac OS X) AppleWebKit/605.1.15 (KHTML, like Gecko) Version/12.0 Mobile/15E148 Safari/604.1" 
80.3.221.111 - - [30/Apr/2020:01:54:27 -0700] "GET /wp-includes/js/wp-emoji-release.min.js?ver=5.2.6 HTTP/1.1" 200 5227 "https://www.fornacalia.com/2019/respect-to-respectus-panis/" "Mozilla/5.0 (iPad; CPU OS 12_0_1 like Mac OS X) AppleWebKit/605.1.15 (KHTML, like Gecko) Version/12.0 Mobile/15E148 Safari/604.1" 
80.3.221.111 - - [30/Apr/2020:01:54:27 -0700] "GET /wp-content/themes/autonomie/style.css?ver=5.2.6 HTTP/1.1" 200 9578 "https://www.fornacalia.com/2019/respect-to-respectus-panis/" "Mozilla/5.0 (iPad; CPU OS 12_0_1 like Mac OS X) AppleWebKit/605.1.15 (KHTML, like Gecko) Version/12.0 Mobile/15E148 Safari/604.1" 
80.3.221.111 - - [30/Apr/2020:01:54:27 -0700] "GET /wp-includes/css/dist/block-library/style.min.css?ver=5.2.6 HTTP/1.1" 200 5529 "https://www.fornacalia.com/2019/respect-to-respectus-panis/" "Mozilla/5.0 (iPad; CPU OS 12_0_1 like Mac OS X) AppleWebKit/605.1.15 (KHTML, like Gecko) Version/12.0 Mobile/15E148 Safari/604.1" 
80.3.221.111 - - [30/Apr/2020:01:54:27 -0700] "GET /wp-content/themes/Autonomie-child/style.css?ver=1.0.0 HTTP/1.1" 200 1492 "https://www.fornacalia.com/2019/respect-to-respectus-panis/" "Mozilla/5.0 (iPad; CPU OS 12_0_1 like Mac OS X) AppleWebKit/605.1.15 (KHTML, like Gecko) Version/12.0 Mobile/15E148 Safari/604.1" 
80.3.221.111 - - [30/Apr/2020:01:54:27 -0700] "GET /wp-content/themes/Autonomie-child/css/default-width.css?ver=1.0.0 HTTP/1.1" 200 950 "https://www.fornacalia.com/2019/respect-to-respectus-panis/" "Mozilla/5.0 (iPad; CPU OS 12_0_1 like Mac OS X) AppleWebKit/605.1.15 (KHTML, like Gecko) Version/12.0 Mobile/15E148 Safari/604.1" 
80.3.221.111 - - [30/Apr/2020:01:54:27 -0700] "GET /wp-content/themes/Autonomie-child/css/wide-width.css?ver=1.0.0 HTTP/1.1" 404 6729 "https://www.fornacalia.com/2019/respect-to-respectus-panis/" "Mozilla/5.0 (iPad; CPU OS 12_0_1 like Mac OS X) AppleWebKit/605.1.15 (KHTML, like Gecko) Version/12.0 Mobile/15E148 Safari/604.1" 
80.3.221.111 - - [30/Apr/2020:01:54:27 -0700] "GET /wp-includes/js/jquery/jquery.js?ver=1.12.4-wp HTTP/1.1" 200 35203 "https://www.fornacalia.com/2019/respect-to-respectus-panis/" "Mozilla/5.0 (iPad; CPU OS 12_0_1 like Mac OS X) AppleWebKit/605.1.15 (KHTML, like Gecko) Version/12.0 Mobile/15E148 Safari/604.1" 
80.3.221.111 - - [30/Apr/2020:01:54:27 -0700] "GET /wp-includes/js/jquery/jquery-migrate.min.js?ver=1.4.1 HTTP/1.1" 200 4603 "https://www.fornacalia.com/2019/respect-to-respectus-panis/" "Mozilla/5.0 (iPad; CPU OS 12_0_1 like Mac OS X) AppleWebKit/605.1.15 (KHTML, like Gecko) Version/12.0 Mobile/15E148 Safari/604.1" 
80.3.221.111 - - [30/Apr/2020:01:54:27 -0700] "GET /wp-content/plugins/semantic-linkbacks/js/semantic-linkbacks.js?ver=3.8.1 HTTP/1.1" 200 675 "https://www.fornacalia.com/2019/respect-to-respectus-panis/" "Mozilla/5.0 (iPad; CPU OS 12_0_1 like Mac OS X) AppleWebKit/605.1.15 (KHTML, like Gecko) Version/12.0 Mobile/15E148 Safari/604.1" 
80.3.221.111 - - [30/Apr/2020:01:54:27 -0700] "GET /wp-includes/js/comment-reply.min.js?ver=5.2.6 HTTP/1.1" 200 1621 "https://www.fornacalia.com/2019/respect-to-respectus-panis/" "Mozilla/5.0 (iPad; CPU OS 12_0_1 like Mac OS X) AppleWebKit/605.1.15 (KHTML, like Gecko) Version/12.0 Mobile/15E148 Safari/604.1" 
80.3.221.111 - - [30/Apr/2020:01:54:28 -0700] "GET /wp-content/themes/autonomie/js/navigation.js?ver=1.0.0 HTTP/1.1" 200 1408 "https://www.fornacalia.com/2019/respect-to-respectus-panis/" "Mozilla/5.0 (iPad; CPU OS 12_0_1 like Mac OS X) AppleWebKit/605.1.15 (KHTML, like Gecko) Version/12.0 Mobile/15E148 Safari/604.1" 
80.3.221.111 - - [30/Apr/2020:01:54:28 -0700] "GET /wp-content/themes/autonomie/js/skip-link-focus-fix.js?ver=1.0.0 HTTP/1.1" 200 1010 "https://www.fornacalia.com/2019/respect-to-respectus-panis/" "Mozilla/5.0 (iPad; CPU OS 12_0_1 like Mac OS X) AppleWebKit/605.1.15 (KHTML, like Gecko) Version/12.0 Mobile/15E148 Safari/604.1" 
80.3.221.111 - - [30/Apr/2020:01:54:28 -0700] "GET /wp-includes/js/wp-embed.min.js?ver=5.2.6 HTTP/1.1" 200 1280 "https://www.fornacalia.com/2019/respect-to-respectus-panis/" "Mozilla/5.0 (iPad; CPU OS 12_0_1 like Mac OS X) AppleWebKit/605.1.15 (KHTML, like Gecko) Version/12.0 Mobile/15E148 Safari/604.1" 
80.3.221.111 - - [30/Apr/2020:01:54:28 -0700] "GET /wp-content/plugins/indieweb/static/css/indieweb.css?ver=3.4.1 HTTP/1.1" 200 6994 "https://www.fornacalia.com/2019/respect-to-respectus-panis/" "Mozilla/5.0 (iPad; CPU OS 12_0_1 like Mac OS X) AppleWebKit/605.1.15 (KHTML, like Gecko) Version/12.0 Mobile/15E148 Safari/604.1" 
80.3.221.111 - - [30/Apr/2020:01:54:28 -0700] "GET /wp-content/uploads/2019/01/do-nothing-risen.jpg HTTP/1.1" 200 375730 "https://www.fornacalia.com/2019/respect-to-respectus-panis/" "Mozilla/5.0 (iPad; CPU OS 12_0_1 like Mac OS X) AppleWebKit/605.1.15 (KHTML, like Gecko) Version/12.0 Mobile/15E148 Safari/604.1" 
80.3.221.111 - - [30/Apr/2020:01:54:28 -0700] "GET /wp-content/uploads/2019/01/do-nothing-baked-side.jpg HTTP/1.1" 200 316584 "https://www.fornacalia.com/2019/respect-to-respectus-panis/" "Mozilla/5.0 (iPad; CPU OS 12_0_1 like Mac OS X) AppleWebKit/605.1.15 (KHTML, like Gecko) Version/12.0 Mobile/15E148 Safari/604.1" 
80.3.221.111 - - [30/Apr/2020:01:54:28 -0700] "GET /wp-content/uploads/2019/01/do-nothing-scored.jpg HTTP/1.1" 200 322044 "https://www.fornacalia.com/2019/respect-to-respectus-panis/" "Mozilla/5.0 (iPad; CPU OS 12_0_1 like Mac OS X) AppleWebKit/605.1.15 (KHTML, like Gecko) Version/12.0 Mobile/15E148 Safari/604.1" 
80.3.221.111 - - [30/Apr/2020:01:54:28 -0700] "GET /wp-content/uploads/2019/01/do-nothing-baked.jpg HTTP/1.1" 200 393617 "https://www.fornacalia.com/2019/respect-to-respectus-panis/" "Mozilla/5.0 (iPad; CPU OS 12_0_1 like Mac OS X) AppleWebKit/605.1.15 (KHTML, like Gecko) Version/12.0 Mobile/15E148 Safari/604.1" 
80.3.221.111 - - [30/Apr/2020:01:54:28 -0700] "GET /wp-content/uploads/2019/01/do-nothing-baked-crumb.jpg HTTP/1.1" 200 312037 "https://www.fornacalia.com/2019/respect-to-respectus-panis/" "Mozilla/5.0 (iPad; CPU OS 12_0_1 like Mac OS X) AppleWebKit/605.1.15 (KHTML, like Gecko) Version/12.0 Mobile/15E148 Safari/604.1" 
80.3.221.111 - - [30/Apr/2020:01:54:28 -0700] "GET /wp-content/themes/Autonomie-child/css/print.css?ver=1.0.0 HTTP/1.1" 200 836 "https://www.fornacalia.com/2019/respect-to-respectus-panis/" "Mozilla/5.0 (iPad; CPU OS 12_0_1 like Mac OS X) AppleWebKit/605.1.15 (KHTML, like Gecko) Version/12.0 Mobile/15E148 Safari/604.1" 
80.3.221.111 - - [30/Apr/2020:01:54:28 -0700] "GET /wp-content/themes/Autonomie-child/css/narrow-width.css?ver=1.0.0 HTTP/1.1" 200 1064 "https://www.fornacalia.com/2019/respect-to-respectus-panis/" "Mozilla/5.0 (iPad; CPU OS 12_0_1 like Mac OS X) AppleWebKit/605.1.15 (KHTML, like Gecko) Version/12.0 Mobile/15E148 Safari/604.1" 
80.3.221.111 - - [30/Apr/2020:01:54:29 -0700] "GET /wp-content/plugins/semantic-linkbacks/css/semantic-linkbacks.css?ver=3.8.1 HTTP/1.1" 200 958 "https://www.fornacalia.com/2019/respect-to-respectus-panis/" "Mozilla/5.0 (iPad; CPU OS 12_0_1 like Mac OS X) AppleWebKit/605.1.15 (KHTML, like Gecko) Version/12.0 Mobile/15E148 Safari/604.1" 
80.3.221.111 - - [30/Apr/2020:01:54:29 -0700] "GET /wp-content/themes/autonomie/font/lato/lato-v13-latin-300.woff2 HTTP/1.1" 200 23476 "https://www.fornacalia.com/2019/respect-to-respectus-panis/" "Mozilla/5.0 (iPad; CPU OS 12_0_1 like Mac OS X) AppleWebKit/605.1.15 (KHTML, like Gecko) Version/12.0 Mobile/15E148 Safari/604.1" 
80.3.221.111 - - [30/Apr/2020:01:54:29 -0700] "GET /wp-content/themes/autonomie/font/lato/lato-v13-latin-700.woff2 HTTP/1.1" 200 23120 "https://www.fornacalia.com/2019/respect-to-respectus-panis/" "Mozilla/5.0 (iPad; CPU OS 12_0_1 like Mac OS X) AppleWebKit/605.1.15 (KHTML, like Gecko) Version/12.0 Mobile/15E148 Safari/604.1" 
80.3.221.111 - - [30/Apr/2020:01:54:29 -0700] "GET /wp-content/themes/autonomie/font/merriweather/merriweather-v15-latin-300italic.woff2 HTTP/1.1" 200 20144 "https://www.fornacalia.com/2019/respect-to-respectus-panis/" "Mozilla/5.0 (iPad; CPU OS 12_0_1 like Mac OS X) AppleWebKit/605.1.15 (KHTML, like Gecko) Version/12.0 Mobile/15E148 Safari/604.1" 
80.3.221.111 - - [30/Apr/2020:01:54:29 -0700] "GET /wp-content/themes/autonomie/font/merriweather/merriweather-v15-latin-300.woff2 HTTP/1.1" 200 18992 "https://www.fornacalia.com/2019/respect-to-respectus-panis/" "Mozilla/5.0 (iPad; CPU OS 12_0_1 like Mac OS X) AppleWebKit/605.1.15 (KHTML, like Gecko) Version/12.0 Mobile/15E148 Safari/604.1" 
80.3.221.111 - - [30/Apr/2020:01:54:29 -0700] "GET /wp-content/themes/autonomie/font/lato/lato-v13-latin-300italic.woff2 HTTP/1.1" 200 17948 "https://www.fornacalia.com/2019/respect-to-respectus-panis/" "Mozilla/5.0 (iPad; CPU OS 12_0_1 like Mac OS X) AppleWebKit/605.1.15 (KHTML, like Gecko) Version/12.0 Mobile/15E148 Safari/604.1" 
80.3.221.111 - - [30/Apr/2020:01:54:30 -0700] "GET /wp-content/uploads/2017/12/cropped-forno-favicon-192x192.png HTTP/1.1" 200 24721 "https://www.fornacalia.com/2019/respect-to-respectus-panis/" "Mozilla/5.0 (iPad; CPU OS 12_0_1 like Mac OS X) AppleWebKit/605.1.15 (KHTML, like Gecko) Version/12.0 Mobile/15E148 Safari/604.1" 
80.3.221.111 - - [30/Apr/2020:01:54:30 -0700] "GET /wp-content/uploads/2017/12/cropped-forno-favicon-32x32.png HTTP/1.1" 200 1574 "https://www.fornacalia.com/2019/respect-to-respectus-panis/" "Mozilla/5.0 (iPad; CPU OS 12_0_1 like Mac OS X) AppleWebKit/605.1.15 (KHTML, like Gecko) Version/12.0 Mobile/15E148 Safari/604.1" 
54.36.149.39 - - [30/Apr/2020:01:56:01 -0700] "GET /robots.txt HTTP/1.1" 200 4041 "-" "Mozilla/5.0 (compatible; AhrefsBot/6.1; +http://ahrefs.com/robot/)" 
5.188.84.15 - - [30/Apr/2020:01:56:27 -0700] "GET /2013/pasta-madre-day-2013/ HTTP/1.0" 200 32928 "https://www.fornacalia.com/2013/pasta-madre-day-2013/#comment-1801/" "Mozilla/5.0 (Windows NT 6.3; Win64; x64) AppleWebKit/537.36 (KHTML, like Gecko) Chrome/66.0.3359.181 Safari/537.36" 
5.188.84.15 - - [30/Apr/2020:01:56:28 -0700] "POST /wp-comments-post.php HTTP/1.0" 302 4063 "https://www.fornacalia.com/2013/pasta-madre-day-2013/#comment-1801/" "Mozilla/5.0 (Windows NT 6.3; Win64; x64) AppleWebKit/537.36 (KHTML, like Gecko) Chrome/66.0.3359.181 Safari/537.36" 
23.254.4.59 - - [30/Apr/2020:01:57:46 -0700] "GET /2019/sourdough-u-one-day-course-17-november-2019/ HTTP/1.1" 200 12756 "https://www.fornacalia.com" "Mozilla/5.0 (Windows NT 10.0; Win64; x64) AppleWebKit/537.36 (KHTML, like Gecko) Chrome/62.0.3202.94 Safari/537.36" 
23.254.4.59 - - [30/Apr/2020:01:57:51 -0700] "POST /wp-comments-post.php HTTP/1.1" 302 4255 "https://www.fornacalia.com" "Mozilla/5.0 (Windows NT 10.0; Win64; x64) AppleWebKit/537.36 (KHTML, like Gecko) Chrome/62.0.3202.94 Safari/537.36" 
54.36.149.49 - - [30/Apr/2020:02:00:41 -0700] "GET /2018/a-rustic-bread-for-fornacalia/feed/ HTTP/1.1" 200 4651 "-" "Mozilla/5.0 (compatible; AhrefsBot/6.1; +http://ahrefs.com/robot/)" 
5.188.84.25 - - [30/Apr/2020:02:02:33 -0700] "GET /2013/pasta-madre-day-2013/ HTTP/1.0" 200 32928 "https://www.fornacalia.com/2013/pasta-madre-day-2013/#comment-1801/" "Mozilla/5.0 (Windows NT 6.3; Win64; x64) AppleWebKit/537.36 (KHTML, like Gecko) Chrome/65.0.3325.146 Safari/537.36" 
5.188.84.25 - - [30/Apr/2020:02:02:34 -0700] "POST /wp-comments-post.php HTTP/1.0" 302 4063 "https://www.fornacalia.com/2013/pasta-madre-day-2013/#comment-1801/" "Mozilla/5.0 (Windows NT 6.3; Win64; x64) AppleWebKit/537.36 (KHTML, like Gecko) Chrome/65.0.3325.146 Safari/537.36" 
46.229.168.133 - - [30/Apr/2020:02:03:18 -0700] "GET /robots.txt HTTP/1.1" 200 4255 "-" "Mozilla/5.0 (compatible; SemrushBot/6~bl; +http://www.semrush.com/bot.html)" 
46.229.168.140 - - [30/Apr/2020:02:03:19 -0700] "GET /wp-comments-post.php HTTP/1.1" 405 3716 "-" "Mozilla/5.0 (compatible; SemrushBot/6~bl; +http://www.semrush.com/bot.html)" 
13.75.163.43 - - [30/Apr/2020:02:04:45 -0700] "GET /wp-login.php HTTP/1.1" 200 4830 "-" "Mozilla/5.0 (X11; Ubuntu; Linux x86_64; rv:62.0) Gecko/20100101 Firefox/62.0" 
13.75.163.43 - - [30/Apr/2020:02:04:47 -0700] "POST /wp-login.php HTTP/1.1" 200 5224 "-" "Mozilla/5.0 (X11; Ubuntu; Linux x86_64; rv:62.0) Gecko/20100101 Firefox/62.0" 
13.75.163.43 - - [30/Apr/2020:02:04:48 -0700] "GET /wp-login.php HTTP/1.1" 200 4830 "-" "Mozilla/5.0 (X11; Ubuntu; Linux x86_64; rv:62.0) Gecko/20100101 Firefox/62.0" 
13.75.163.43 - - [30/Apr/2020:02:04:49 -0700] "POST /wp-login.php HTTP/1.1" 200 5201 "-" "Mozilla/5.0 (X11; Ubuntu; Linux x86_64; rv:62.0) Gecko/20100101 Firefox/62.0" 
13.75.163.43 - - [30/Apr/2020:02:04:50 -0700] "POST /xmlrpc.php HTTP/1.1" 200 3697 "-" "Mozilla/5.0 (X11; Ubuntu; Linux x86_64; rv:62.0) Gecko/20100101 Firefox/62.0" 
80.3.221.111 - - [30/Apr/2020:02:06:38 -0700] "GET /2019/respect-to-respectus-panis/ HTTP/1.1" 200 13124 "https://www.jeremycherfas.net/blog/bread-site-springs-back-to-life" "Mozilla/5.0 (iPad; CPU OS 12_0_1 like Mac OS X) AppleWebKit/605.1.15 (KHTML, like Gecko) Version/12.0 Mobile/15E148 Safari/604.1" 
80.3.221.111 - - [30/Apr/2020:02:06:39 -0700] "GET /wp-includes/js/wp-emoji-release.min.js?ver=5.2.6 HTTP/1.1" 200 5227 "https://www.fornacalia.com/2019/respect-to-respectus-panis/" "Mozilla/5.0 (iPad; CPU OS 12_0_1 like Mac OS X) AppleWebKit/605.1.15 (KHTML, like Gecko) Version/12.0 Mobile/15E148 Safari/604.1" 
80.3.221.111 - - [30/Apr/2020:02:06:39 -0700] "GET /wp-content/themes/autonomie/style.css?ver=5.2.6 HTTP/1.1" 200 9578 "https://www.fornacalia.com/2019/respect-to-respectus-panis/" "Mozilla/5.0 (iPad; CPU OS 12_0_1 like Mac OS X) AppleWebKit/605.1.15 (KHTML, like Gecko) Version/12.0 Mobile/15E148 Safari/604.1" 
80.3.221.111 - - [30/Apr/2020:02:06:39 -0700] "GET /wp-content/themes/Autonomie-child/style.css?ver=1.0.0 HTTP/1.1" 200 1492 "https://www.fornacalia.com/2019/respect-to-respectus-panis/" "Mozilla/5.0 (iPad; CPU OS 12_0_1 like Mac OS X) AppleWebKit/605.1.15 (KHTML, like Gecko) Version/12.0 Mobile/15E148 Safari/604.1" 
80.3.221.111 - - [30/Apr/2020:02:06:39 -0700] "GET /wp-includes/css/dist/block-library/style.min.css?ver=5.2.6 HTTP/1.1" 200 5529 "https://www.fornacalia.com/2019/respect-to-respectus-panis/" "Mozilla/5.0 (iPad; CPU OS 12_0_1 like Mac OS X) AppleWebKit/605.1.15 (KHTML, like Gecko) Version/12.0 Mobile/15E148 Safari/604.1" 
80.3.221.111 - - [30/Apr/2020:02:06:39 -0700] "GET /wp-content/themes/Autonomie-child/css/default-width.css?ver=1.0.0 HTTP/1.1" 200 950 "https://www.fornacalia.com/2019/respect-to-respectus-panis/" "Mozilla/5.0 (iPad; CPU OS 12_0_1 like Mac OS X) AppleWebKit/605.1.15 (KHTML, like Gecko) Version/12.0 Mobile/15E148 Safari/604.1" 
80.3.221.111 - - [30/Apr/2020:02:06:39 -0700] "GET /wp-content/themes/Autonomie-child/css/wide-width.css?ver=1.0.0 HTTP/1.1" 404 6729 "https://www.fornacalia.com/2019/respect-to-respectus-panis/" "Mozilla/5.0 (iPad; CPU OS 12_0_1 like Mac OS X) AppleWebKit/605.1.15 (KHTML, like Gecko) Version/12.0 Mobile/15E148 Safari/604.1" 
80.3.221.111 - - [30/Apr/2020:02:06:39 -0700] "GET /wp-includes/js/jquery/jquery.js?ver=1.12.4-wp HTTP/1.1" 200 35203 "https://www.fornacalia.com/2019/respect-to-respectus-panis/" "Mozilla/5.0 (iPad; CPU OS 12_0_1 like Mac OS X) AppleWebKit/605.1.15 (KHTML, like Gecko) Version/12.0 Mobile/15E148 Safari/604.1" 
80.3.221.111 - - [30/Apr/2020:02:06:39 -0700] "GET /wp-includes/js/jquery/jquery-migrate.min.js?ver=1.4.1 HTTP/1.1" 200 4603 "https://www.fornacalia.com/2019/respect-to-respectus-panis/" "Mozilla/5.0 (iPad; CPU OS 12_0_1 like Mac OS X) AppleWebKit/605.1.15 (KHTML, like Gecko) Version/12.0 Mobile/15E148 Safari/604.1" 
80.3.221.111 - - [30/Apr/2020:02:06:39 -0700] "GET /wp-content/plugins/semantic-linkbacks/js/semantic-linkbacks.js?ver=3.8.1 HTTP/1.1" 200 675 "https://www.fornacalia.com/2019/respect-to-respectus-panis/" "Mozilla/5.0 (iPad; CPU OS 12_0_1 like Mac OS X) AppleWebKit/605.1.15 (KHTML, like Gecko) Version/12.0 Mobile/15E148 Safari/604.1" 
80.3.221.111 - - [30/Apr/2020:02:06:39 -0700] "GET /wp-includes/js/comment-reply.min.js?ver=5.2.6 HTTP/1.1" 200 1621 "https://www.fornacalia.com/2019/respect-to-respectus-panis/" "Mozilla/5.0 (iPad; CPU OS 12_0_1 like Mac OS X) AppleWebKit/605.1.15 (KHTML, like Gecko) Version/12.0 Mobile/15E148 Safari/604.1" 
80.3.221.111 - - [30/Apr/2020:02:06:39 -0700] "GET /wp-content/themes/autonomie/js/navigation.js?ver=1.0.0 HTTP/1.1" 200 1408 "https://www.fornacalia.com/2019/respect-to-respectus-panis/" "Mozilla/5.0 (iPad; CPU OS 12_0_1 like Mac OS X) AppleWebKit/605.1.15 (KHTML, like Gecko) Version/12.0 Mobile/15E148 Safari/604.1" 
80.3.221.111 - - [30/Apr/2020:02:06:39 -0700] "GET /wp-content/themes/autonomie/js/skip-link-focus-fix.js?ver=1.0.0 HTTP/1.1" 200 1010 "https://www.fornacalia.com/2019/respect-to-respectus-panis/" "Mozilla/5.0 (iPad; CPU OS 12_0_1 like Mac OS X) AppleWebKit/605.1.15 (KHTML, like Gecko) Version/12.0 Mobile/15E148 Safari/604.1" 
80.3.221.111 - - [30/Apr/2020:02:06:40 -0700] "GET /wp-includes/js/wp-embed.min.js?ver=5.2.6 HTTP/1.1" 200 1280 "https://www.fornacalia.com/2019/respect-to-respectus-panis/" "Mozilla/5.0 (iPad; CPU OS 12_0_1 like Mac OS X) AppleWebKit/605.1.15 (KHTML, like Gecko) Version/12.0 Mobile/15E148 Safari/604.1" 
80.3.221.111 - - [30/Apr/2020:02:06:40 -0700] "GET /wp-content/plugins/indieweb/static/css/indieweb.css?ver=3.4.1 HTTP/1.1" 200 6994 "https://www.fornacalia.com/2019/respect-to-respectus-panis/" "Mozilla/5.0 (iPad; CPU OS 12_0_1 like Mac OS X) AppleWebKit/605.1.15 (KHTML, like Gecko) Version/12.0 Mobile/15E148 Safari/604.1" 
80.3.221.111 - - [30/Apr/2020:02:06:40 -0700] "GET /wp-content/uploads/2019/01/do-nothing-risen.jpg HTTP/1.1" 200 375730 "https://www.fornacalia.com/2019/respect-to-respectus-panis/" "Mozilla/5.0 (iPad; CPU OS 12_0_1 like Mac OS X) AppleWebKit/605.1.15 (KHTML, like Gecko) Version/12.0 Mobile/15E148 Safari/604.1" 
80.3.221.111 - - [30/Apr/2020:02:06:40 -0700] "GET /wp-content/uploads/2019/01/do-nothing-baked-side.jpg HTTP/1.1" 200 316584 "https://www.fornacalia.com/2019/respect-to-respectus-panis/" "Mozilla/5.0 (iPad; CPU OS 12_0_1 like Mac OS X) AppleWebKit/605.1.15 (KHTML, like Gecko) Version/12.0 Mobile/15E148 Safari/604.1" 
80.3.221.111 - - [30/Apr/2020:02:06:40 -0700] "GET /wp-content/uploads/2019/01/do-nothing-scored.jpg HTTP/1.1" 200 322044 "https://www.fornacalia.com/2019/respect-to-respectus-panis/" "Mozilla/5.0 (iPad; CPU OS 12_0_1 like Mac OS X) AppleWebKit/605.1.15 (KHTML, like Gecko) Version/12.0 Mobile/15E148 Safari/604.1" 
80.3.221.111 - - [30/Apr/2020:02:06:40 -0700] "GET /wp-content/uploads/2019/01/do-nothing-baked.jpg HTTP/1.1" 200 393617 "https://www.fornacalia.com/2019/respect-to-respectus-panis/" "Mozilla/5.0 (iPad; CPU OS 12_0_1 like Mac OS X) AppleWebKit/605.1.15 (KHTML, like Gecko) Version/12.0 Mobile/15E148 Safari/604.1" 
80.3.221.111 - - [30/Apr/2020:02:06:40 -0700] "GET /wp-content/uploads/2019/01/do-nothing-baked-crumb.jpg HTTP/1.1" 200 312037 "https://www.fornacalia.com/2019/respect-to-respectus-panis/" "Mozilla/5.0 (iPad; CPU OS 12_0_1 like Mac OS X) AppleWebKit/605.1.15 (KHTML, like Gecko) Version/12.0 Mobile/15E148 Safari/604.1" 
80.3.221.111 - - [30/Apr/2020:02:06:40 -0700] "GET /wp-content/themes/Autonomie-child/css/print.css?ver=1.0.0 HTTP/1.1" 200 836 "https://www.fornacalia.com/2019/respect-to-respectus-panis/" "Mozilla/5.0 (iPad; CPU OS 12_0_1 like Mac OS X) AppleWebKit/605.1.15 (KHTML, like Gecko) Version/12.0 Mobile/15E148 Safari/604.1" 
80.3.221.111 - - [30/Apr/2020:02:06:40 -0700] "GET /wp-content/themes/Autonomie-child/css/narrow-width.css?ver=1.0.0 HTTP/1.1" 200 1064 "https://www.fornacalia.com/2019/respect-to-respectus-panis/" "Mozilla/5.0 (iPad; CPU OS 12_0_1 like Mac OS X) AppleWebKit/605.1.15 (KHTML, like Gecko) Version/12.0 Mobile/15E148 Safari/604.1" 
80.3.221.111 - - [30/Apr/2020:02:06:41 -0700] "GET /wp-content/plugins/semantic-linkbacks/css/semantic-linkbacks.css?ver=3.8.1 HTTP/1.1" 200 958 "https://www.fornacalia.com/2019/respect-to-respectus-panis/" "Mozilla/5.0 (iPad; CPU OS 12_0_1 like Mac OS X) AppleWebKit/605.1.15 (KHTML, like Gecko) Version/12.0 Mobile/15E148 Safari/604.1" 
80.3.221.111 - - [30/Apr/2020:02:06:41 -0700] "GET /wp-content/themes/autonomie/font/lato/lato-v13-latin-300.woff2 HTTP/1.1" 200 23476 "https://www.fornacalia.com/2019/respect-to-respectus-panis/" "Mozilla/5.0 (iPad; CPU OS 12_0_1 like Mac OS X) AppleWebKit/605.1.15 (KHTML, like Gecko) Version/12.0 Mobile/15E148 Safari/604.1" 
80.3.221.111 - - [30/Apr/2020:02:06:41 -0700] "GET /wp-content/themes/autonomie/font/lato/lato-v13-latin-700.woff2 HTTP/1.1" 200 23120 "https://www.fornacalia.com/2019/respect-to-respectus-panis/" "Mozilla/5.0 (iPad; CPU OS 12_0_1 like Mac OS X) AppleWebKit/605.1.15 (KHTML, like Gecko) Version/12.0 Mobile/15E148 Safari/604.1" 
80.3.221.111 - - [30/Apr/2020:02:06:41 -0700] "GET /wp-content/themes/autonomie/font/merriweather/merriweather-v15-latin-300.woff2 HTTP/1.1" 200 18992 "https://www.fornacalia.com/2019/respect-to-respectus-panis/" "Mozilla/5.0 (iPad; CPU OS 12_0_1 like Mac OS X) AppleWebKit/605.1.15 (KHTML, like Gecko) Version/12.0 Mobile/15E148 Safari/604.1" 
80.3.221.111 - - [30/Apr/2020:02:06:41 -0700] "GET /wp-content/themes/autonomie/font/merriweather/merriweather-v15-latin-300italic.woff2 HTTP/1.1" 200 20144 "https://www.fornacalia.com/2019/respect-to-respectus-panis/" "Mozilla/5.0 (iPad; CPU OS 12_0_1 like Mac OS X) AppleWebKit/605.1.15 (KHTML, like Gecko) Version/12.0 Mobile/15E148 Safari/604.1" 
80.3.221.111 - - [30/Apr/2020:02:06:41 -0700] "GET /wp-content/themes/autonomie/font/lato/lato-v13-latin-300italic.woff2 HTTP/1.1" 200 17948 "https://www.fornacalia.com/2019/respect-to-respectus-panis/" "Mozilla/5.0 (iPad; CPU OS 12_0_1 like Mac OS X) AppleWebKit/605.1.15 (KHTML, like Gecko) Version/12.0 Mobile/15E148 Safari/604.1" 
80.3.221.111 - - [30/Apr/2020:02:06:41 -0700] "GET /wp-content/uploads/2017/12/cropped-forno-favicon-192x192.png HTTP/1.1" 200 24721 "https://www.fornacalia.com/2019/respect-to-respectus-panis/" "Mozilla/5.0 (iPad; CPU OS 12_0_1 like Mac OS X) AppleWebKit/605.1.15 (KHTML, like Gecko) Version/12.0 Mobile/15E148 Safari/604.1" 
80.3.221.111 - - [30/Apr/2020:02:06:42 -0700] "GET /wp-content/uploads/2017/12/cropped-forno-favicon-32x32.png HTTP/1.1" 200 1574 "https://www.fornacalia.com/2019/respect-to-respectus-panis/" "Mozilla/5.0 (iPad; CPU OS 12_0_1 like Mac OS X) AppleWebKit/605.1.15 (KHTML, like Gecko) Version/12.0 Mobile/15E148 Safari/604.1" 
5.188.84.80 - - [30/Apr/2020:02:08:57 -0700] "GET /2013/pasta-madre-day-2013/ HTTP/1.0" 200 32928 "https://www.fornacalia.com/2013/pasta-madre-day-2013/#comment-1801/" "Mozilla/5.0 (Windows NT 10.0; Win64; x64) AppleWebKit/537.36 (KHTML, like Gecko) Chrome/68.0.3440.106 Safari/537.36" 
5.188.84.80 - - [30/Apr/2020:02:08:58 -0700] "POST /wp-comments-post.php HTTP/1.0" 302 4063 "https://www.fornacalia.com/2013/pasta-madre-day-2013/#comment-1801/" "Mozilla/5.0 (Windows NT 10.0; Win64; x64) AppleWebKit/537.36 (KHTML, like Gecko) Chrome/68.0.3440.106 Safari/537.36" 
80.3.221.111 - - [30/Apr/2020:02:09:34 -0700] "GET /2019/respect-to-respectus-panis/ HTTP/1.1" 200 13123 "-" "Mozilla/5.0 (iPad; CPU OS 12_0_1 like Mac OS X) AppleWebKit/605.1.15 (KHTML, like Gecko) Version/12.0 Mobile/15E148 Safari/604.1" 
80.3.221.111 - - [30/Apr/2020:02:09:35 -0700] "GET /apple-touch-icon-152x152-precomposed.png HTTP/1.1" 404 9806 "-" "MobileSafari/604.1 CFNetwork/974.2.1 Darwin/18.0.0" 
80.3.221.111 - - [30/Apr/2020:02:09:35 -0700] "GET /apple-touch-icon-152x152.png HTTP/1.1" 404 6729 "-" "MobileSafari/604.1 CFNetwork/974.2.1 Darwin/18.0.0" 
80.3.221.111 - - [30/Apr/2020:02:09:35 -0700] "GET /wp-content/uploads/2017/12/cropped-forno-favicon-180x180.png HTTP/1.1" 200 19184 "-" "MobileSafari/604.1 CFNetwork/974.2.1 Darwin/18.0.0" 
5.188.84.15 - - [30/Apr/2020:02:12:25 -0700] "GET /2013/pasta-madre-day-2013/ HTTP/1.0" 200 32928 "https://www.fornacalia.com/2013/pasta-madre-day-2013/#comment-1801/" "Mozilla/5.0 (Windows NT 5.1) AppleWebKit/537.36 (KHTML, like Gecko) Chrome/49.0.2623.112 Safari/537.36" 
5.188.84.15 - - [30/Apr/2020:02:12:26 -0700] "POST /wp-comments-post.php HTTP/1.0" 302 4063 "https://www.fornacalia.com/2013/pasta-madre-day-2013/#comment-1801/" "Mozilla/5.0 (Windows NT 5.1) AppleWebKit/537.36 (KHTML, like Gecko) Chrome/49.0.2623.112 Safari/537.36" 
52.33.148.26 - - [30/Apr/2020:02:16:55 -0700] "GET /wp-login.php HTTP/1.1" 200 4830 "-" "Mozilla/5.0 (X11; Ubuntu; Linux x86_64; rv:62.0) Gecko/20100101 Firefox/62.0" 
52.33.148.26 - - [30/Apr/2020:02:16:55 -0700] "POST /wp-login.php HTTP/1.1" 200 5224 "-" "Mozilla/5.0 (X11; Ubuntu; Linux x86_64; rv:62.0) Gecko/20100101 Firefox/62.0" 
52.33.148.26 - - [30/Apr/2020:02:16:55 -0700] "GET /wp-login.php HTTP/1.1" 200 4830 "-" "Mozilla/5.0 (X11; Ubuntu; Linux x86_64; rv:62.0) Gecko/20100101 Firefox/62.0" 
52.33.148.26 - - [30/Apr/2020:02:16:56 -0700] "POST /wp-login.php HTTP/1.1" 200 5201 "-" "Mozilla/5.0 (X11; Ubuntu; Linux x86_64; rv:62.0) Gecko/20100101 Firefox/62.0" 
52.33.148.26 - - [30/Apr/2020:02:16:56 -0700] "POST /xmlrpc.php HTTP/1.1" 200 3697 "-" "Mozilla/5.0 (X11; Ubuntu; Linux x86_64; rv:62.0) Gecko/20100101 Firefox/62.0" 
5.188.84.233 - - [30/Apr/2020:02:18:07 -0700] "GET /2013/pasta-madre-day-2013/ HTTP/1.0" 200 32928 "https://www.fornacalia.com/2013/pasta-madre-day-2013/#comment-1801/" "Mozilla/5.0 (Windows NT 6.1; Win64; x64) AppleWebKit/537.36 (KHTML, like Gecko) Chrome/68.0.3440.106 Safari/537.36" 
5.188.84.233 - - [30/Apr/2020:02:18:08 -0700] "POST /wp-comments-post.php HTTP/1.0" 302 4063 "https://www.fornacalia.com/2013/pasta-madre-day-2013/#comment-1801/" "Mozilla/5.0 (Windows NT 6.1; Win64; x64) AppleWebKit/537.36 (KHTML, like Gecko) Chrome/68.0.3440.106 Safari/537.36" 
54.36.149.99 - - [30/Apr/2020:02:20:28 -0700] "GET /2019/mysterious-ear-problem-partially-solved/ HTTP/1.1" 200 11818 "-" "Mozilla/5.0 (compatible; AhrefsBot/6.1; +http://ahrefs.com/robot/)" 
54.36.148.106 - - [30/Apr/2020:02:26:01 -0700] "GET /page/10/ HTTP/1.1" 200 16843 "-" "Mozilla/5.0 (compatible; AhrefsBot/6.1; +http://ahrefs.com/robot/)" 
77.88.5.71 - - [30/Apr/2020:02:28:48 -0700] "GET /robots.txt HTTP/1.1" 200 4314 "-" "Mozilla/5.0 (compatible; YandexBot/3.0; +http://yandex.com/bots)" 
77.88.5.71 - - [30/Apr/2020:02:28:52 -0700] "GET /wp-json/oembed/1.0/embed?url=https%3A%2F%2Fwww.fornacalia.com%2Ffornacalia-header%2F&format=xml HTTP/1.1" 200 5112 "-" "Mozilla/5.0 (compatible; YandexBot/3.0; +http://yandex.com/bots)" 
80.92.87.58 - - [30/Apr/2020:02:28:55 -0700] "GET /wp-login.php HTTP/1.1" 200 4830 "-" "Mozilla/5.0 (X11; Ubuntu; Linux x86_64; rv:62.0) Gecko/20100101 Firefox/62.0" 
80.92.87.58 - - [30/Apr/2020:02:28:55 -0700] "POST /wp-login.php HTTP/1.1" 200 5224 "-" "Mozilla/5.0 (X11; Ubuntu; Linux x86_64; rv:62.0) Gecko/20100101 Firefox/62.0" 
80.92.87.58 - - [30/Apr/2020:02:28:56 -0700] "GET /wp-login.php HTTP/1.1" 200 4830 "-" "Mozilla/5.0 (X11; Ubuntu; Linux x86_64; rv:62.0) Gecko/20100101 Firefox/62.0" 
80.92.87.58 - - [30/Apr/2020:02:28:56 -0700] "POST /wp-login.php HTTP/1.1" 200 5201 "-" "Mozilla/5.0 (X11; Ubuntu; Linux x86_64; rv:62.0) Gecko/20100101 Firefox/62.0" 
80.92.87.58 - - [30/Apr/2020:02:28:57 -0700] "POST /xmlrpc.php HTTP/1.1" 200 3697 "-" "Mozilla/5.0 (X11; Ubuntu; Linux x86_64; rv:62.0) Gecko/20100101 Firefox/62.0" 
66.249.66.45 - - [30/Apr/2020:02:29:41 -0700] "GET /2020/sourdough-revival/ HTTP/1.1" 200 13129 "-" "Mozilla/5.0 (Linux; Android 6.0.1; Nexus 5X Build/MMB29P) AppleWebKit/537.36 (KHTML, like Gecko) Chrome/41.0.2272.96 Mobile Safari/537.36 (compatible; Googlebot/2.1; +http://www.google.com/bot.html)" 
54.36.149.19 - - [30/Apr/2020:02:32:29 -0700] "GET /page/12/ HTTP/1.1" 200 16482 "-" "Mozilla/5.0 (compatible; AhrefsBot/6.1; +http://ahrefs.com/robot/)" 
5.188.84.45 - - [30/Apr/2020:02:33:59 -0700] "GET /2013/pasta-madre-day-2013/ HTTP/1.0" 200 32928 "https://www.fornacalia.com/2013/pasta-madre-day-2013/#comment-1801/" "Mozilla/5.0 (Windows NT 6.1; Win64; x64) AppleWebKit/537.36 (KHTML, like Gecko) Chrome/67.0.3396.87 Safari/537.36 OPR/54.0.2952.51" 
5.188.84.45 - - [30/Apr/2020:02:34:00 -0700] "POST /wp-comments-post.php HTTP/1.0" 302 4063 "https://www.fornacalia.com/2013/pasta-madre-day-2013/#comment-1801/" "Mozilla/5.0 (Windows NT 6.1; Win64; x64) AppleWebKit/537.36 (KHTML, like Gecko) Chrome/67.0.3396.87 Safari/537.36 OPR/54.0.2952.51" 
5.188.84.25 - - [30/Apr/2020:02:38:04 -0700] "GET /2013/pasta-madre-day-2013/ HTTP/1.0" 200 32928 "https://www.fornacalia.com/2013/pasta-madre-day-2013/#comment-1801/" "Mozilla/5.0 (Windows NT 6.1; Win64; x64) AppleWebKit/537.36 (KHTML, like Gecko) Chrome/67.0.3396.87 Safari/537.36 OPR/54.0.2952.71" 
5.188.84.25 - - [30/Apr/2020:02:38:05 -0700] "POST /wp-comments-post.php HTTP/1.0" 302 4063 "https://www.fornacalia.com/2013/pasta-madre-day-2013/#comment-1801/" "Mozilla/5.0 (Windows NT 6.1; Win64; x64) AppleWebKit/537.36 (KHTML, like Gecko) Chrome/67.0.3396.87 Safari/537.36 OPR/54.0.2952.71" 
66.249.66.45 - - [30/Apr/2020:02:39:29 -0700] "GET /2017/black-pepper-rye/ HTTP/1.1" 200 14286 "-" "Mozilla/5.0 (Linux; Android 6.0.1; Nexus 5X Build/MMB29P) AppleWebKit/537.36 (KHTML, like Gecko) Chrome/41.0.2272.96 Mobile Safari/537.36 (compatible; Googlebot/2.1; +http://www.google.com/bot.html)" 
68.183.31.167 - - [30/Apr/2020:02:40:43 -0700] "GET /wp-login.php HTTP/1.1" 200 4830 "-" "Mozilla/5.0 (X11; Ubuntu; Linux x86_64; rv:62.0) Gecko/20100101 Firefox/62.0" 
68.183.31.167 - - [30/Apr/2020:02:40:43 -0700] "POST /wp-login.php HTTP/1.1" 200 5224 "-" "Mozilla/5.0 (X11; Ubuntu; Linux x86_64; rv:62.0) Gecko/20100101 Firefox/62.0" 
68.183.31.167 - - [30/Apr/2020:02:40:43 -0700] "GET /wp-login.php HTTP/1.1" 200 4830 "-" "Mozilla/5.0 (X11; Ubuntu; Linux x86_64; rv:62.0) Gecko/20100101 Firefox/62.0" 
68.183.31.167 - - [30/Apr/2020:02:40:43 -0700] "POST /wp-login.php HTTP/1.1" 200 5201 "-" "Mozilla/5.0 (X11; Ubuntu; Linux x86_64; rv:62.0) Gecko/20100101 Firefox/62.0" 
68.183.31.167 - - [30/Apr/2020:02:40:43 -0700] "POST /xmlrpc.php HTTP/1.1" 200 3697 "-" "Mozilla/5.0 (X11; Ubuntu; Linux x86_64; rv:62.0) Gecko/20100101 Firefox/62.0" 
5.188.84.65 - - [30/Apr/2020:02:41:50 -0700] "GET /2013/pasta-madre-day-2013/ HTTP/1.0" 200 32928 "https://www.fornacalia.com/2013/pasta-madre-day-2013/#comment-1801/" "Mozilla/5.0 (Windows NT 6.1) AppleWebKit/537.36 (KHTML, like Gecko) Chrome/66.0.3359.181 Safari/537.36" 
64.111.100.215 - - [30/Apr/2020:02:41:50 -0700] "POST /wp-cron.php?doing_wp_cron=1588239710.4806079864501953125000 HTTP/1.1" 200 3494 "https://www.fornacalia.com/wp-cron.php?doing_wp_cron=1588239710.4806079864501953125000" "WordPress/5.2.6; https://www.fornacalia.com" 
5.188.84.65 - - [30/Apr/2020:02:41:52 -0700] "POST /wp-comments-post.php HTTP/1.0" 302 4063 "https://www.fornacalia.com/2013/pasta-madre-day-2013/#comment-1801/" "Mozilla/5.0 (Windows NT 6.1) AppleWebKit/537.36 (KHTML, like Gecko) Chrome/66.0.3359.181 Safari/537.36" 
54.36.149.43 - - [30/Apr/2020:02:43:37 -0700] "GET /page/11/ HTTP/1.1" 200 19265 "-" "Mozilla/5.0 (compatible; AhrefsBot/6.1; +http://ahrefs.com/robot/)" 
5.188.84.65 - - [30/Apr/2020:02:44:18 -0700] "GET /2013/pasta-madre-day-2013/ HTTP/1.0" 200 32928 "https://www.fornacalia.com/2013/pasta-madre-day-2013/#comment-1801/" "Mozilla/5.0 (Windows NT 6.1; Win64; x64) AppleWebKit/537.36 (KHTML, like Gecko) Chrome/68.0.3440.106 Safari/537.36 OPR/55.0.2994.44" 
5.188.84.65 - - [30/Apr/2020:02:44:19 -0700] "POST /wp-comments-post.php HTTP/1.0" 302 4063 "https://www.fornacalia.com/2013/pasta-madre-day-2013/#comment-1801/" "Mozilla/5.0 (Windows NT 6.1; Win64; x64) AppleWebKit/537.36 (KHTML, like Gecko) Chrome/68.0.3440.106 Safari/537.36 OPR/55.0.2994.44" 
5.188.84.35 - - [30/Apr/2020:02:45:49 -0700] "GET /2013/pasta-madre-day-2013/ HTTP/1.0" 200 32928 "https://www.fornacalia.com/2013/pasta-madre-day-2013/#comment-1801/" "Mozilla/5.0 (Windows NT 6.3; Win64; x64) AppleWebKit/537.36 (KHTML, like Gecko) Chrome/65.0.3325.146 Safari/537.36" 
5.188.84.35 - - [30/Apr/2020:02:45:50 -0700] "POST /wp-comments-post.php HTTP/1.0" 302 4063 "https://www.fornacalia.com/2013/pasta-madre-day-2013/#comment-1801/" "Mozilla/5.0 (Windows NT 6.3; Win64; x64) AppleWebKit/537.36 (KHTML, like Gecko) Chrome/65.0.3325.146 Safari/537.36" 
54.36.150.77 - - [30/Apr/2020:02:53:57 -0700] "GET /2019/learn-to-bake-sourdough-bread-in-rome/ HTTP/1.1" 200 13987 "-" "Mozilla/5.0 (compatible; AhrefsBot/6.1; +http://ahrefs.com/robot/)" 
104.248.144.208 - - [30/Apr/2020:02:54:38 -0700] "POST /wp-login.php HTTP/1.1" 200 4963 "-" "Mozilla/5.0 (X11; Ubuntu; Linux x86_64; rv:62.0) Gecko/20100101 Firefox/62.0" 
104.248.144.208 - - [30/Apr/2020:02:54:39 -0700] "GET /wp-login.php HTTP/1.1" 200 4830 "-" "Mozilla/5.0 (X11; Ubuntu; Linux x86_64; rv:62.0) Gecko/20100101 Firefox/62.0" 
104.248.144.208 - - [30/Apr/2020:02:54:48 -0700] "POST /wp-login.php HTTP/1.1" 200 5201 "-" "Mozilla/5.0 (X11; Ubuntu; Linux x86_64; rv:62.0) Gecko/20100101 Firefox/62.0" 
104.248.144.208 - - [30/Apr/2020:02:54:49 -0700] "POST /xmlrpc.php HTTP/1.1" 200 3697 "-" "Mozilla/5.0 (X11; Ubuntu; Linux x86_64; rv:62.0) Gecko/20100101 Firefox/62.0" 
5.188.84.220 - - [30/Apr/2020:02:55:34 -0700] "GET /2013/pasta-madre-day-2013/ HTTP/1.0" 200 32928 "https://www.fornacalia.com/2013/pasta-madre-day-2013/#comment-1801/" "Mozilla/5.0 (Windows NT 6.1; Win64; x64) AppleWebKit/537.36 (KHTML, like Gecko) Chrome/67.0.3396.87 Safari/537.36 OPR/54.0.2952.71" 
5.188.84.220 - - [30/Apr/2020:02:55:35 -0700] "POST /wp-comments-post.php HTTP/1.0" 302 4063 "https://www.fornacalia.com/2013/pasta-madre-day-2013/#comment-1801/" "Mozilla/5.0 (Windows NT 6.1; Win64; x64) AppleWebKit/537.36 (KHTML, like Gecko) Chrome/67.0.3396.87 Safari/537.36 OPR/54.0.2952.71" 
5.188.84.220 - - [30/Apr/2020:02:57:42 -0700] "GET /2013/pasta-madre-day-2013/ HTTP/1.0" 200 32928 "https://www.fornacalia.com/2013/pasta-madre-day-2013/#comment-1801/" "Mozilla/5.0 (Windows NT 10.0; Win64; x64) AppleWebKit/537.36 (KHTML, like Gecko) Chrome/68.0.3440.106 Safari/537.36 OPR/55.0.2994.44" 
