185.136.159.30 - - [28/Apr/2020:10:03:37 -0700] "GET /2020/sourdough-bagels/ HTTP/1.0" 200 35712 "https://www.fornacalia.com/2020/sourdough-bagels/#comment-39676" "Mozilla/5.0 (Windows NT 10.0; Win64; x64) AppleWebKit/537.36 (KHTML, like Gecko) Chrome/68.0.3440.75 Safari/537.36" 
5.188.84.35 - - [28/Apr/2020:10:04:02 -0700] "GET /2013/pasta-madre-day-2013/ HTTP/1.0" 200 32928 "https://www.fornacalia.com/2013/pasta-madre-day-2013/#comment-1801/" "Mozilla/5.0 (Windows NT 6.1) AppleWebKit/537.36 (KHTML, like Gecko) Chrome/66.0.3359.181 Safari/537.36 Kinza/4.7.2" 
5.188.84.35 - - [28/Apr/2020:10:04:02 -0700] "POST /wp-comments-post.php HTTP/1.0" 302 4063 "https://www.fornacalia.com/2013/pasta-madre-day-2013/#comment-1801/" "Mozilla/5.0 (Windows NT 6.1) AppleWebKit/537.36 (KHTML, like Gecko) Chrome/66.0.3359.181 Safari/537.36 Kinza/4.7.2" 
77.75.78.164 - - [28/Apr/2020:10:05:02 -0700] "GET /robots.txt HTTP/1.1" 200 4297 "-" "Mozilla/5.0 (compatible; SeznamBot/3.2; +http://napoveda.seznam.cz/en/seznambot-intro/)" 
77.75.78.164 - - [28/Apr/2020:10:05:04 -0700] "GET /page/7/ HTTP/1.1" 200 11499 "-" "Mozilla/5.0 (compatible; SeznamBot/3.2; +http://napoveda.seznam.cz/en/seznambot-intro/)" 
188.165.251.196 - - [28/Apr/2020:10:15:10 -0700] "GET /wp-login.php HTTP/1.1" 200 4830 "-" "Mozilla/5.0 (X11; Ubuntu; Linux x86_64; rv:62.0) Gecko/20100101 Firefox/62.0" 
188.165.251.196 - - [28/Apr/2020:10:15:11 -0700] "POST /wp-login.php HTTP/1.1" 200 5223 "-" "Mozilla/5.0 (X11; Ubuntu; Linux x86_64; rv:62.0) Gecko/20100101 Firefox/62.0" 
188.165.251.196 - - [28/Apr/2020:10:15:11 -0700] "GET /wp-login.php HTTP/1.1" 200 4830 "-" "Mozilla/5.0 (X11; Ubuntu; Linux x86_64; rv:62.0) Gecko/20100101 Firefox/62.0" 
188.165.251.196 - - [28/Apr/2020:10:15:12 -0700] "POST /wp-login.php HTTP/1.1" 200 5201 "-" "Mozilla/5.0 (X11; Ubuntu; Linux x86_64; rv:62.0) Gecko/20100101 Firefox/62.0" 
188.165.251.196 - - [28/Apr/2020:10:15:12 -0700] "POST /xmlrpc.php HTTP/1.1" 200 3697 "-" "Mozilla/5.0 (X11; Ubuntu; Linux x86_64; rv:62.0) Gecko/20100101 Firefox/62.0" 
185.203.122.21 - - [28/Apr/2020:10:20:43 -0700] "GET /2018/gearing-up-for-fornacalia/ HTTP/1.1" 200 11948 "https://www.fornacalia.com" "Mozilla/5.0 (Windows NT 10.0; Win64; x64) AppleWebKit/537.36 (KHTML, like Gecko) Chrome/62.0.3202.94 Safari/537.36" 
5.188.84.35 - - [28/Apr/2020:10:21:39 -0700] "GET /2013/pasta-madre-day-2013/ HTTP/1.0" 200 32928 "https://www.fornacalia.com/2013/pasta-madre-day-2013/#comment-1801/" "Mozilla/5.0 (Windows NT 6.3; Win64; x64) AppleWebKit/537.36 (KHTML, like Gecko) Chrome/68.0.3440.84 Safari/537.36" 
5.188.84.35 - - [28/Apr/2020:10:21:39 -0700] "POST /wp-comments-post.php HTTP/1.0" 302 4063 "https://www.fornacalia.com/2013/pasta-madre-day-2013/#comment-1801/" "Mozilla/5.0 (Windows NT 6.3; Win64; x64) AppleWebKit/537.36 (KHTML, like Gecko) Chrome/68.0.3440.84 Safari/537.36" 
114.119.164.139 - - [28/Apr/2020:10:22:16 -0700] "GET /robots.txt HTTP/1.1" 200 4060 "-" "Mozilla/5.0 (Linux; Android 7.0;) AppleWebKit/537.36 (KHTML, like Gecko) Mobile Safari/537.36 (compatible; AspiegelBot)" 
5.188.84.65 - - [28/Apr/2020:10:30:03 -0700] "GET /2013/pasta-madre-day-2013/ HTTP/1.0" 200 32928 "https://www.fornacalia.com/2013/pasta-madre-day-2013/#comment-1801/" "Mozilla/5.0 (Windows NT 10.0; Win64; x64) AppleWebKit/537.36 (KHTML, like Gecko) Chrome/67.0.3396.87 Safari/537.36 OPR/54.0.2952.54" 
5.188.84.65 - - [28/Apr/2020:10:30:04 -0700] "POST /wp-comments-post.php HTTP/1.0" 302 4063 "https://www.fornacalia.com/2013/pasta-madre-day-2013/#comment-1801/" "Mozilla/5.0 (Windows NT 10.0; Win64; x64) AppleWebKit/537.36 (KHTML, like Gecko) Chrome/67.0.3396.87 Safari/537.36 OPR/54.0.2952.54" 
46.105.99.163 - - [28/Apr/2020:10:33:24 -0700] "GET /wp-login.php HTTP/1.1" 200 7160 "-" "Mozilla/5.0 (Windows NT 10.0; WOW64) AppleWebKit/537.36 (KHTML, like Gecko) Chrome/46.0.2490.80 Safari/537.36" 
54.36.149.41 - - [28/Apr/2020:10:33:41 -0700] "GET /robots.txt HTTP/1.1" 200 4041 "-" "Mozilla/5.0 (compatible; AhrefsBot/6.1; +http://ahrefs.com/robot/)" 
54.36.148.186 - - [28/Apr/2020:10:33:51 -0700] "GET / HTTP/1.1" 200 18691 "-" "Mozilla/5.0 (compatible; AhrefsBot/6.1; +http://ahrefs.com/robot/)" 
46.105.99.163 - - [28/Apr/2020:10:35:42 -0700] "GET /author/jeremy/ HTTP/1.1" 200 58865 "-" "Mozilla/5.0 (Windows NT 10.0; WOW64) AppleWebKit/537.36 (KHTML, like Gecko) Chrome/46.0.2490.80 Safari/537.36" 
104.248.29.200 - - [28/Apr/2020:10:35:57 -0700] "GET /wp-login.php HTTP/1.1" 200 4830 "-" "Mozilla/5.0 (X11; Ubuntu; Linux x86_64; rv:62.0) Gecko/20100101 Firefox/62.0" 
104.248.29.200 - - [28/Apr/2020:10:36:02 -0700] "POST /wp-login.php HTTP/1.1" 200 5223 "-" "Mozilla/5.0 (X11; Ubuntu; Linux x86_64; rv:62.0) Gecko/20100101 Firefox/62.0" 
104.248.29.200 - - [28/Apr/2020:10:36:03 -0700] "GET /wp-login.php HTTP/1.1" 200 4830 "-" "Mozilla/5.0 (X11; Ubuntu; Linux x86_64; rv:62.0) Gecko/20100101 Firefox/62.0" 
104.248.29.200 - - [28/Apr/2020:10:36:04 -0700] "POST /wp-login.php HTTP/1.1" 200 5201 "-" "Mozilla/5.0 (X11; Ubuntu; Linux x86_64; rv:62.0) Gecko/20100101 Firefox/62.0" 
104.248.29.200 - - [28/Apr/2020:10:36:09 -0700] "POST /xmlrpc.php HTTP/1.1" 200 3697 "-" "Mozilla/5.0 (X11; Ubuntu; Linux x86_64; rv:62.0) Gecko/20100101 Firefox/62.0" 
66.249.70.15 - - [28/Apr/2020:10:36:09 -0700] "GET /2013/dan-lepards-walnut-bread/ HTTP/1.1" 200 12715 "-" "Mozilla/5.0 (Linux; Android 6.0.1; Nexus 5X Build/MMB29P) AppleWebKit/537.36 (KHTML, like Gecko) Chrome/41.0.2272.96 Mobile Safari/537.36 (compatible; Googlebot/2.1; +http://www.google.com/bot.html)" 
46.105.99.163 - - [28/Apr/2020:10:36:59 -0700] "GET /wp-login.php HTTP/1.1" 200 7160 "-" "Mozilla/5.0 (Windows NT 10.0; WOW64) AppleWebKit/537.36 (KHTML, like Gecko) Chrome/46.0.2490.80 Safari/537.36" 
5.188.84.45 - - [28/Apr/2020:10:46:37 -0700] "GET /2013/pasta-madre-day-2013/ HTTP/1.0" 200 32928 "https://www.fornacalia.com/2013/pasta-madre-day-2013/#comment-1801/" "Mozilla/5.0 (Windows NT 10.0; Win64; x64) AppleWebKit/537.36 (KHTML, like Gecko) Chrome/67.0.3396.87 Safari/537.36 OPR/54.0.2952.51" 
64.111.100.215 - - [28/Apr/2020:10:46:38 -0700] "POST /wp-cron.php?doing_wp_cron=1588095998.3507521152496337890625 HTTP/1.1" 200 3494 "https://www.fornacalia.com/wp-cron.php?doing_wp_cron=1588095998.3507521152496337890625" "WordPress/5.2.5; https://www.fornacalia.com" 
5.188.84.45 - - [28/Apr/2020:10:46:40 -0700] "POST /wp-comments-post.php HTTP/1.0" 302 4063 "https://www.fornacalia.com/2013/pasta-madre-day-2013/#comment-1801/" "Mozilla/5.0 (Windows NT 10.0; Win64; x64) AppleWebKit/537.36 (KHTML, like Gecko) Chrome/67.0.3396.87 Safari/537.36 OPR/54.0.2952.51" 
5.188.84.15 - - [28/Apr/2020:10:47:05 -0700] "GET /2013/pasta-madre-day-2013/ HTTP/1.0" 200 32928 "https://www.fornacalia.com/2013/pasta-madre-day-2013/#comment-1801/" "Mozilla/5.0 (Windows NT 10.0; Win64; x64) AppleWebKit/537.36 (KHTML, like Gecko) Chrome/66.0.3359.170 Safari/537.36 OPR/53.0.2907.99" 
5.188.84.15 - - [28/Apr/2020:10:47:06 -0700] "POST /wp-comments-post.php HTTP/1.0" 302 4063 "https://www.fornacalia.com/2013/pasta-madre-day-2013/#comment-1801/" "Mozilla/5.0 (Windows NT 10.0; Win64; x64) AppleWebKit/537.36 (KHTML, like Gecko) Chrome/66.0.3359.170 Safari/537.36 OPR/53.0.2907.99" 
5.188.84.220 - - [28/Apr/2020:10:48:59 -0700] "GET /2013/pasta-madre-day-2013/ HTTP/1.0" 200 32928 "https://www.fornacalia.com/2013/pasta-madre-day-2013/#comment-1801/" "Mozilla/5.0 (Windows NT 6.1) AppleWebKit/537.36 (KHTML, like Gecko) Chrome/66.0.3359.181 Safari/537.36 Kinza/4.7.2" 
5.188.84.220 - - [28/Apr/2020:10:49:00 -0700] "POST /wp-comments-post.php HTTP/1.0" 302 4063 "https://www.fornacalia.com/2013/pasta-madre-day-2013/#comment-1801/" "Mozilla/5.0 (Windows NT 6.1) AppleWebKit/537.36 (KHTML, like Gecko) Chrome/66.0.3359.181 Safari/537.36 Kinza/4.7.2" 
5.188.84.65 - - [28/Apr/2020:10:49:52 -0700] "GET /2013/pasta-madre-day-2013/ HTTP/1.0" 200 32928 "https://www.fornacalia.com/2013/pasta-madre-day-2013/#comment-1801/" "Mozilla/5.0 (Windows NT 10.0; Win64; x64) AppleWebKit/537.36 (KHTML, like Gecko) Chrome/58.0.3029.110 Safari/537.36 Edge/16.16299" 
5.188.84.65 - - [28/Apr/2020:10:49:53 -0700] "POST /wp-comments-post.php HTTP/1.0" 302 4063 "https://www.fornacalia.com/2013/pasta-madre-day-2013/#comment-1801/" "Mozilla/5.0 (Windows NT 10.0; Win64; x64) AppleWebKit/537.36 (KHTML, like Gecko) Chrome/58.0.3029.110 Safari/537.36 Edge/16.16299" 
5.188.84.220 - - [28/Apr/2020:10:56:02 -0700] "GET /2013/pasta-madre-day-2013/ HTTP/1.0" 200 32928 "https://www.fornacalia.com/2013/pasta-madre-day-2013/#comment-1801/" "Mozilla/5.0 (Windows NT 10.0; Win64; x64) AppleWebKit/537.36 (KHTML, like Gecko) Chrome/66.0.3359.170 Safari/537.36 OPR/53.0.2907.68" 
5.188.84.220 - - [28/Apr/2020:10:56:04 -0700] "POST /wp-comments-post.php HTTP/1.0" 302 4063 "https://www.fornacalia.com/2013/pasta-madre-day-2013/#comment-1801/" "Mozilla/5.0 (Windows NT 10.0; Win64; x64) AppleWebKit/537.36 (KHTML, like Gecko) Chrome/66.0.3359.170 Safari/537.36 OPR/53.0.2907.68" 
132.148.244.122 - - [28/Apr/2020:10:56:11 -0700] "GET /wp-login.php HTTP/1.1" 200 4830 "-" "Mozilla/5.0 (X11; Ubuntu; Linux x86_64; rv:62.0) Gecko/20100101 Firefox/62.0" 
132.148.244.122 - - [28/Apr/2020:10:56:16 -0700] "POST /wp-login.php HTTP/1.1" 200 5223 "-" "Mozilla/5.0 (X11; Ubuntu; Linux x86_64; rv:62.0) Gecko/20100101 Firefox/62.0" 
132.148.244.122 - - [28/Apr/2020:10:56:17 -0700] "GET /wp-login.php HTTP/1.1" 200 4830 "-" "Mozilla/5.0 (X11; Ubuntu; Linux x86_64; rv:62.0) Gecko/20100101 Firefox/62.0" 
132.148.244.122 - - [28/Apr/2020:10:56:18 -0700] "POST /wp-login.php HTTP/1.1" 200 5201 "-" "Mozilla/5.0 (X11; Ubuntu; Linux x86_64; rv:62.0) Gecko/20100101 Firefox/62.0" 
132.148.244.122 - - [28/Apr/2020:10:56:18 -0700] "POST /xmlrpc.php HTTP/1.1" 200 3697 "-" "Mozilla/5.0 (X11; Ubuntu; Linux x86_64; rv:62.0) Gecko/20100101 Firefox/62.0" 
95.55.29.252 - - [28/Apr/2020:10:59:26 -0700] "GET /2013/pasta-madre-day-2013/ HTTP/1.0" 200 32928 "https://www.fornacalia.com/2013/pasta-madre-day-2013/#comment-39685" "Mozilla/5.0 (Windows NT 10.0; Win64; x64) AppleWebKit/537.36 (KHTML, like Gecko) Chrome/68.0.3440.84 Safari/537.36" 
95.55.29.252 - - [28/Apr/2020:10:59:26 -0700] "GET /2013/pasta-madre-day-2013/ HTTP/1.0" 200 32928 "https://www.fornacalia.com/2013/pasta-madre-day-2013/#comment-39685" "Mozilla/5.0 (Windows NT 10.0; Win64; x64) AppleWebKit/537.36 (KHTML, like Gecko) Chrome/68.0.3440.84 Safari/537.36" 
95.55.29.252 - - [28/Apr/2020:10:59:27 -0700] "GET /author/jeremy/ HTTP/1.0" 200 58737 "https://www.fornacalia.com/author/jeremy/" "Mozilla/5.0 (Windows NT 10.0; Win64; x64) AppleWebKit/537.36 (KHTML, like Gecko) Chrome/68.0.3440.84 Safari/537.36" 
66.249.70.11 - - [28/Apr/2020:11:06:04 -0700] "GET /2019/respect-to-respectus-panis/ HTTP/1.1" 200 13318 "-" "Mozilla/5.0 (compatible; Googlebot/2.1; +http://www.google.com/bot.html)" 
66.249.70.11 - - [28/Apr/2020:11:06:07 -0700] "GET /wp-includes/js/jquery/jquery.js?ver=1.12.4-wp HTTP/1.1" 200 38475 "https://www.fornacalia.com/2019/respect-to-respectus-panis/" "Mozilla/5.0 AppleWebKit/537.36 (KHTML, like Gecko; compatible; Googlebot/2.1; +http://www.google.com/bot.html) Chrome/80.0.3987.92 Safari/537.36" 
66.249.70.15 - - [28/Apr/2020:11:06:08 -0700] "GET /wp-content/themes/Autonomie-child/css/wide-width.css?ver=1.0.0 HTTP/1.1" 404 10001 "https://www.fornacalia.com/2019/respect-to-respectus-panis/" "Mozilla/5.0 AppleWebKit/537.36 (KHTML, like Gecko; compatible; Googlebot/2.1; +http://www.google.com/bot.html) Chrome/80.0.3987.92 Safari/537.36" 
66.249.70.13 - - [28/Apr/2020:11:06:08 -0700] "GET /wp-content/plugins/semantic-linkbacks/js/semantic-linkbacks.js?ver=3.8.1 HTTP/1.1" 200 3947 "https://www.fornacalia.com/2019/respect-to-respectus-panis/" "Mozilla/5.0 AppleWebKit/537.36 (KHTML, like Gecko; compatible; Googlebot/2.1; +http://www.google.com/bot.html) Chrome/80.0.3987.92 Safari/537.36" 
207.46.13.30 - - [28/Apr/2020:11:08:06 -0700] "GET /9-150x150/trackback/ HTTP/1.1" 302 4421 "-" "Mozilla/5.0 (compatible; bingbot/2.0; +http://www.bing.com/bingbot.htm)" 
207.46.13.30 - - [28/Apr/2020:11:08:08 -0700] "GET /9-150x150/ HTTP/1.1" 200 10345 "-" "Mozilla/5.0 (compatible; bingbot/2.0; +http://www.bing.com/bingbot.htm)" 
5.188.84.233 - - [28/Apr/2020:11:13:47 -0700] "GET /2013/pasta-madre-day-2013/ HTTP/1.0" 200 32928 "https://www.fornacalia.com/2013/pasta-madre-day-2013/#comment-1801/" "Mozilla/5.0 (Windows NT 6.1) AppleWebKit/537.36 (KHTML, like Gecko) Chrome/66.0.3359.181 Safari/537.36" 
5.188.84.233 - - [28/Apr/2020:11:13:48 -0700] "POST /wp-comments-post.php HTTP/1.0" 302 4063 "https://www.fornacalia.com/2013/pasta-madre-day-2013/#comment-1801/" "Mozilla/5.0 (Windows NT 6.1) AppleWebKit/537.36 (KHTML, like Gecko) Chrome/66.0.3359.181 Safari/537.36" 
5.188.84.233 - - [28/Apr/2020:11:15:44 -0700] "GET /2013/pasta-madre-day-2013/ HTTP/1.0" 200 32928 "https://www.fornacalia.com/2013/pasta-madre-day-2013/#comment-1801/" "Mozilla/5.0 (Windows NT 6.1) AppleWebKit/537.36 (KHTML, like Gecko) Chrome/68.0.3440.106 Safari/537.36" 
5.188.84.233 - - [28/Apr/2020:11:15:45 -0700] "POST /wp-comments-post.php HTTP/1.0" 302 4063 "https://www.fornacalia.com/2013/pasta-madre-day-2013/#comment-1801/" "Mozilla/5.0 (Windows NT 6.1) AppleWebKit/537.36 (KHTML, like Gecko) Chrome/68.0.3440.106 Safari/537.36" 
173.236.168.103 - - [28/Apr/2020:11:15:50 -0700] "GET /wp-login.php HTTP/1.1" 200 4830 "-" "Mozilla/5.0 (X11; Ubuntu; Linux x86_64; rv:62.0) Gecko/20100101 Firefox/62.0" 
173.236.168.103 - - [28/Apr/2020:11:15:50 -0700] "POST /wp-login.php HTTP/1.1" 200 5223 "-" "Mozilla/5.0 (X11; Ubuntu; Linux x86_64; rv:62.0) Gecko/20100101 Firefox/62.0" 
173.236.168.103 - - [28/Apr/2020:11:15:50 -0700] "GET /wp-login.php HTTP/1.1" 200 4830 "-" "Mozilla/5.0 (X11; Ubuntu; Linux x86_64; rv:62.0) Gecko/20100101 Firefox/62.0" 
173.236.168.103 - - [28/Apr/2020:11:15:50 -0700] "POST /wp-login.php HTTP/1.1" 200 5201 "-" "Mozilla/5.0 (X11; Ubuntu; Linux x86_64; rv:62.0) Gecko/20100101 Firefox/62.0" 
173.236.168.103 - - [28/Apr/2020:11:15:50 -0700] "POST /xmlrpc.php HTTP/1.1" 200 3697 "-" "Mozilla/5.0 (X11; Ubuntu; Linux x86_64; rv:62.0) Gecko/20100101 Firefox/62.0" 
5.188.84.45 - - [28/Apr/2020:11:17:34 -0700] "GET /2013/pasta-madre-day-2013/ HTTP/1.0" 200 32928 "https://www.fornacalia.com/2013/pasta-madre-day-2013/#comment-1801/" "Mozilla/5.0 (Windows NT 10.0; Win64; x64) AppleWebKit/537.36 (KHTML, like Gecko) Chrome/67.0.3396.87 Safari/537.36" 
5.188.84.45 - - [28/Apr/2020:11:17:35 -0700] "POST /wp-comments-post.php HTTP/1.0" 302 4063 "https://www.fornacalia.com/2013/pasta-madre-day-2013/#comment-1801/" "Mozilla/5.0 (Windows NT 10.0; Win64; x64) AppleWebKit/537.36 (KHTML, like Gecko) Chrome/67.0.3396.87 Safari/537.36" 
5.188.84.25 - - [28/Apr/2020:11:18:46 -0700] "GET /2013/pasta-madre-day-2013/ HTTP/1.0" 200 32928 "https://www.fornacalia.com/2013/pasta-madre-day-2013/#comment-1801/" "Mozilla/5.0 (Windows NT 6.1) AppleWebKit/537.36 (KHTML, like Gecko) Chrome/66.0.3359.181 Safari/537.36" 
5.188.84.25 - - [28/Apr/2020:11:18:47 -0700] "POST /wp-comments-post.php HTTP/1.0" 302 4063 "https://www.fornacalia.com/2013/pasta-madre-day-2013/#comment-1801/" "Mozilla/5.0 (Windows NT 6.1) AppleWebKit/537.36 (KHTML, like Gecko) Chrome/66.0.3359.181 Safari/537.36" 
5.188.84.15 - - [28/Apr/2020:11:20:10 -0700] "GET /2013/pasta-madre-day-2013/ HTTP/1.0" 200 32928 "https://www.fornacalia.com/2013/pasta-madre-day-2013/#comment-1801/" "Mozilla/5.0 (Windows NT 10.0; Win64; x64) AppleWebKit/537.36 (KHTML, like Gecko) Chrome/66.0.3359.170 Safari/537.36 OPR/53.0.2907.68" 
5.188.84.15 - - [28/Apr/2020:11:20:10 -0700] "POST /wp-comments-post.php HTTP/1.0" 302 4063 "https://www.fornacalia.com/2013/pasta-madre-day-2013/#comment-1801/" "Mozilla/5.0 (Windows NT 10.0; Win64; x64) AppleWebKit/537.36 (KHTML, like Gecko) Chrome/66.0.3359.170 Safari/537.36 OPR/53.0.2907.68" 
173.32.28.56 - - [28/Apr/2020:11:21:36 -0700] "GET /wp-content/uploads/2019/11/rustic-1.png HTTP/1.1" 200 574897 "https://www.google.ca/" "Mozilla/5.0 (Macintosh; Intel Mac OS X 10_15) AppleWebKit/605.1.15 (KHTML, like Gecko) Version/13.0.5 Safari/605.1.15" 
173.32.28.56 - - [28/Apr/2020:11:21:41 -0700] "GET /2019/mysterious-ear-problem-partially-solved/ HTTP/1.1" 200 8935 "https://www.google.ca/" "Mozilla/5.0 (Macintosh; Intel Mac OS X 10_15) AppleWebKit/605.1.15 (KHTML, like Gecko) Version/13.0.5 Safari/605.1.15" 
173.32.28.56 - - [28/Apr/2020:11:21:41 -0700] "GET /wp-includes/css/dist/block-library/style.min.css?ver=5.2.5 HTTP/1.1" 200 5391 "https://www.fornacalia.com/2019/mysterious-ear-problem-partially-solved/" "Mozilla/5.0 (Macintosh; Intel Mac OS X 10_15) AppleWebKit/605.1.15 (KHTML, like Gecko) Version/13.0.5 Safari/605.1.15" 
173.32.28.56 - - [28/Apr/2020:11:21:42 -0700] "GET /wp-content/themes/Autonomie-child/style.css?ver=1.0.0 HTTP/1.1" 200 1492 "https://www.fornacalia.com/2019/mysterious-ear-problem-partially-solved/" "Mozilla/5.0 (Macintosh; Intel Mac OS X 10_15) AppleWebKit/605.1.15 (KHTML, like Gecko) Version/13.0.5 Safari/605.1.15" 
173.32.28.56 - - [28/Apr/2020:11:21:42 -0700] "GET /wp-content/themes/Autonomie-child/css/default-width.css?ver=1.0.0 HTTP/1.1" 200 950 "https://www.fornacalia.com/2019/mysterious-ear-problem-partially-solved/" "Mozilla/5.0 (Macintosh; Intel Mac OS X 10_15) AppleWebKit/605.1.15 (KHTML, like Gecko) Version/13.0.5 Safari/605.1.15" 
173.32.28.56 - - [28/Apr/2020:11:21:42 -0700] "GET /wp-content/plugins/semantic-linkbacks/css/semantic-linkbacks.css?ver=3.8.1 HTTP/1.1" 200 3897 "https://www.fornacalia.com/2019/mysterious-ear-problem-partially-solved/" "Mozilla/5.0 (Macintosh; Intel Mac OS X 10_15) AppleWebKit/605.1.15 (KHTML, like Gecko) Version/13.0.5 Safari/605.1.15" 
173.32.28.56 - - [28/Apr/2020:11:21:42 -0700] "GET /wp-includes/js/jquery/jquery.js?ver=1.12.4-wp HTTP/1.1" 200 35203 "https://www.fornacalia.com/2019/mysterious-ear-problem-partially-solved/" "Mozilla/5.0 (Macintosh; Intel Mac OS X 10_15) AppleWebKit/605.1.15 (KHTML, like Gecko) Version/13.0.5 Safari/605.1.15" 
173.32.28.56 - - [28/Apr/2020:11:21:42 -0700] "GET /wp-includes/js/jquery/jquery-migrate.min.js?ver=1.4.1 HTTP/1.1" 200 4603 "https://www.fornacalia.com/2019/mysterious-ear-problem-partially-solved/" "Mozilla/5.0 (Macintosh; Intel Mac OS X 10_15) AppleWebKit/605.1.15 (KHTML, like Gecko) Version/13.0.5 Safari/605.1.15" 
173.32.28.56 - - [28/Apr/2020:11:21:42 -0700] "GET /wp-content/plugins/semantic-linkbacks/js/semantic-linkbacks.js?ver=3.8.1 HTTP/1.1" 200 675 "https://www.fornacalia.com/2019/mysterious-ear-problem-partially-solved/" "Mozilla/5.0 (Macintosh; Intel Mac OS X 10_15) AppleWebKit/605.1.15 (KHTML, like Gecko) Version/13.0.5 Safari/605.1.15" 
173.32.28.56 - - [28/Apr/2020:11:21:42 -0700] "GET /wp-includes/js/comment-reply.min.js?ver=5.2.5 HTTP/1.1" 200 1621 "https://www.fornacalia.com/2019/mysterious-ear-problem-partially-solved/" "Mozilla/5.0 (Macintosh; Intel Mac OS X 10_15) AppleWebKit/605.1.15 (KHTML, like Gecko) Version/13.0.5 Safari/605.1.15" 
173.32.28.56 - - [28/Apr/2020:11:21:42 -0700] "GET /wp-content/themes/autonomie/js/navigation.js?ver=1.0.0 HTTP/1.1" 200 1408 "https://www.fornacalia.com/2019/mysterious-ear-problem-partially-solved/" "Mozilla/5.0 (Macintosh; Intel Mac OS X 10_15) AppleWebKit/605.1.15 (KHTML, like Gecko) Version/13.0.5 Safari/605.1.15" 
173.32.28.56 - - [28/Apr/2020:11:21:42 -0700] "GET /wp-content/themes/autonomie/js/skip-link-focus-fix.js?ver=1.0.0 HTTP/1.1" 200 1010 "https://www.fornacalia.com/2019/mysterious-ear-problem-partially-solved/" "Mozilla/5.0 (Macintosh; Intel Mac OS X 10_15) AppleWebKit/605.1.15 (KHTML, like Gecko) Version/13.0.5 Safari/605.1.15" 
173.32.28.56 - - [28/Apr/2020:11:21:42 -0700] "GET /wp-includes/js/wp-embed.min.js?ver=5.2.5 HTTP/1.1" 200 1280 "https://www.fornacalia.com/2019/mysterious-ear-problem-partially-solved/" "Mozilla/5.0 (Macintosh; Intel Mac OS X 10_15) AppleWebKit/605.1.15 (KHTML, like Gecko) Version/13.0.5 Safari/605.1.15" 
173.32.28.56 - - [28/Apr/2020:11:21:42 -0700] "GET /wp-content/uploads/2019/11/rustic-3.png HTTP/1.1" 200 555055 "https://www.fornacalia.com/2019/mysterious-ear-problem-partially-solved/" "Mozilla/5.0 (Macintosh; Intel Mac OS X 10_15) AppleWebKit/605.1.15 (KHTML, like Gecko) Version/13.0.5 Safari/605.1.15" 
173.32.28.56 - - [28/Apr/2020:11:21:42 -0700] "GET /wp-content/uploads/2019/11/rustic-1.png HTTP/1.1" 200 571820 "https://www.fornacalia.com/2019/mysterious-ear-problem-partially-solved/" "Mozilla/5.0 (Macintosh; Intel Mac OS X 10_15) AppleWebKit/605.1.15 (KHTML, like Gecko) Version/13.0.5 Safari/605.1.15" 
173.32.28.56 - - [28/Apr/2020:11:21:42 -0700] "GET /wp-content/themes/Autonomie-child/css/print.css?ver=1.0.0 HTTP/1.1" 200 836 "https://www.fornacalia.com/2019/mysterious-ear-problem-partially-solved/" "Mozilla/5.0 (Macintosh; Intel Mac OS X 10_15) AppleWebKit/605.1.15 (KHTML, like Gecko) Version/13.0.5 Safari/605.1.15" 
173.32.28.56 - - [28/Apr/2020:11:21:42 -0700] "GET /wp-content/themes/Autonomie-child/css/narrow-width.css?ver=1.0.0 HTTP/1.1" 200 1064 "https://www.fornacalia.com/2019/mysterious-ear-problem-partially-solved/" "Mozilla/5.0 (Macintosh; Intel Mac OS X 10_15) AppleWebKit/605.1.15 (KHTML, like Gecko) Version/13.0.5 Safari/605.1.15" 
173.32.28.56 - - [28/Apr/2020:11:21:42 -0700] "GET /wp-content/themes/Autonomie-child/css/wide-width.css?ver=1.0.0 HTTP/1.1" 404 6729 "https://www.fornacalia.com/2019/mysterious-ear-problem-partially-solved/" "Mozilla/5.0 (Macintosh; Intel Mac OS X 10_15) AppleWebKit/605.1.15 (KHTML, like Gecko) Version/13.0.5 Safari/605.1.15" 
173.32.28.56 - - [28/Apr/2020:11:21:43 -0700] "GET /wp-content/plugins/indieweb/static/css/indieweb.css?ver=3.4.1 HTTP/1.1" 200 9933 "https://www.fornacalia.com/2019/mysterious-ear-problem-partially-solved/" "Mozilla/5.0 (Macintosh; Intel Mac OS X 10_15) AppleWebKit/605.1.15 (KHTML, like Gecko) Version/13.0.5 Safari/605.1.15" 
173.32.28.56 - - [28/Apr/2020:11:21:44 -0700] "GET /wp-content/themes/autonomie/style.css?ver=5.2.5 HTTP/1.1" 200 12655 "https://www.fornacalia.com/2019/mysterious-ear-problem-partially-solved/" "Mozilla/5.0 (Macintosh; Intel Mac OS X 10_15) AppleWebKit/605.1.15 (KHTML, like Gecko) Version/13.0.5 Safari/605.1.15" 
173.32.28.56 - - [28/Apr/2020:11:21:44 -0700] "GET /wp-content/themes/autonomie/font/merriweather/merriweather-v15-latin-300.woff2 HTTP/1.1" 200 18992 "https://www.fornacalia.com/2019/mysterious-ear-problem-partially-solved/" "Mozilla/5.0 (Macintosh; Intel Mac OS X 10_15) AppleWebKit/605.1.15 (KHTML, like Gecko) Version/13.0.5 Safari/605.1.15" 
173.32.28.56 - - [28/Apr/2020:11:21:44 -0700] "GET /wp-content/themes/autonomie/font/lato/lato-v13-latin-700.woff2 HTTP/1.1" 200 23120 "https://www.fornacalia.com/2019/mysterious-ear-problem-partially-solved/" "Mozilla/5.0 (Macintosh; Intel Mac OS X 10_15) AppleWebKit/605.1.15 (KHTML, like Gecko) Version/13.0.5 Safari/605.1.15" 
173.32.28.56 - - [28/Apr/2020:11:21:44 -0700] "GET /wp-content/themes/autonomie/font/lato/lato-v13-latin-300.woff2 HTTP/1.1" 200 23476 "https://www.fornacalia.com/2019/mysterious-ear-problem-partially-solved/" "Mozilla/5.0 (Macintosh; Intel Mac OS X 10_15) AppleWebKit/605.1.15 (KHTML, like Gecko) Version/13.0.5 Safari/605.1.15" 
173.32.28.56 - - [28/Apr/2020:11:21:45 -0700] "GET /wp-content/uploads/2017/12/cropped-forno-favicon-192x192.png HTTP/1.1" 200 24721 "https://www.fornacalia.com/2019/mysterious-ear-problem-partially-solved/" "Mozilla/5.0 (Macintosh; Intel Mac OS X 10_15) AppleWebKit/605.1.15 (KHTML, like Gecko) Version/13.0.5 Safari/605.1.15" 
173.32.28.56 - - [28/Apr/2020:11:21:45 -0700] "GET /wp-content/uploads/2017/12/cropped-forno-favicon-32x32.png HTTP/1.1" 200 1574 "https://www.fornacalia.com/2019/mysterious-ear-problem-partially-solved/" "Mozilla/5.0 (Macintosh; Intel Mac OS X 10_15) AppleWebKit/605.1.15 (KHTML, like Gecko) Version/13.0.5 Safari/605.1.15" 
5.188.84.25 - - [28/Apr/2020:11:26:40 -0700] "GET /2013/pasta-madre-day-2013/ HTTP/1.0" 200 32928 "https://www.fornacalia.com/2013/pasta-madre-day-2013/#comment-1801/" "Mozilla/5.0 (Windows NT 10.0; Win64; x64) AppleWebKit/537.36 (KHTML, like Gecko) Chrome/67.0.3396.87 Safari/537.36 OPR/54.0.2952.71" 
5.188.84.25 - - [28/Apr/2020:11:26:41 -0700] "POST /wp-comments-post.php HTTP/1.0" 302 4063 "https://www.fornacalia.com/2013/pasta-madre-day-2013/#comment-1801/" "Mozilla/5.0 (Windows NT 10.0; Win64; x64) AppleWebKit/537.36 (KHTML, like Gecko) Chrome/67.0.3396.87 Safari/537.36 OPR/54.0.2952.71" 
5.188.84.35 - - [28/Apr/2020:11:31:19 -0700] "GET /2013/pasta-madre-day-2013/ HTTP/1.0" 200 32928 "https://www.fornacalia.com/2013/pasta-madre-day-2013/#comment-1801/" "Mozilla/5.0 (Windows NT 10.0; Win64; x64) AppleWebKit/537.36 (KHTML, like Gecko) Chrome/67.0.3396.62 Safari/537.36" 
5.188.84.35 - - [28/Apr/2020:11:31:20 -0700] "POST /wp-comments-post.php HTTP/1.0" 302 4063 "https://www.fornacalia.com/2013/pasta-madre-day-2013/#comment-1801/" "Mozilla/5.0 (Windows NT 10.0; Win64; x64) AppleWebKit/537.36 (KHTML, like Gecko) Chrome/67.0.3396.62 Safari/537.36" 
148.75.208.115 - - [28/Apr/2020:11:34:16 -0700] "GET /2015/cracking-rye-crackers/ HTTP/1.1" 200 14111 "https://www.google.com/" "Mozilla/5.0 (iPhone; CPU iPhone OS 13_3_1 like Mac OS X) AppleWebKit/605.1.15 (KHTML, like Gecko) Version/13.0.5 Mobile/15E148 Safari/604.1" 
148.75.208.115 - - [28/Apr/2020:11:34:16 -0700] "GET /wp-includes/css/dist/block-library/style.min.css?ver=5.2.5 HTTP/1.1" 200 5391 "https://www.fornacalia.com/2015/cracking-rye-crackers/" "Mozilla/5.0 (iPhone; CPU iPhone OS 13_3_1 like Mac OS X) AppleWebKit/605.1.15 (KHTML, like Gecko) Version/13.0.5 Mobile/15E148 Safari/604.1" 
148.75.208.115 - - [28/Apr/2020:11:34:16 -0700] "GET /wp-content/themes/Autonomie-child/css/narrow-width.css?ver=1.0.0 HTTP/1.1" 200 1064 "https://www.fornacalia.com/2015/cracking-rye-crackers/" "Mozilla/5.0 (iPhone; CPU iPhone OS 13_3_1 like Mac OS X) AppleWebKit/605.1.15 (KHTML, like Gecko) Version/13.0.5 Mobile/15E148 Safari/604.1" 
148.75.208.115 - - [28/Apr/2020:11:34:16 -0700] "GET /wp-includes/js/jquery/jquery-migrate.min.js?ver=1.4.1 HTTP/1.1" 200 4603 "https://www.fornacalia.com/2015/cracking-rye-crackers/" "Mozilla/5.0 (iPhone; CPU iPhone OS 13_3_1 like Mac OS X) AppleWebKit/605.1.15 (KHTML, like Gecko) Version/13.0.5 Mobile/15E148 Safari/604.1" 
148.75.208.115 - - [28/Apr/2020:11:34:16 -0700] "GET /wp-content/plugins/semantic-linkbacks/css/semantic-linkbacks.css?ver=3.8.1 HTTP/1.1" 200 958 "https://www.fornacalia.com/2015/cracking-rye-crackers/" "Mozilla/5.0 (iPhone; CPU iPhone OS 13_3_1 like Mac OS X) AppleWebKit/605.1.15 (KHTML, like Gecko) Version/13.0.5 Mobile/15E148 Safari/604.1" 
148.75.208.115 - - [28/Apr/2020:11:34:16 -0700] "GET /wp-includes/js/comment-reply.min.js?ver=5.2.5 HTTP/1.1" 200 1621 "https://www.fornacalia.com/2015/cracking-rye-crackers/" "Mozilla/5.0 (iPhone; CPU iPhone OS 13_3_1 like Mac OS X) AppleWebKit/605.1.15 (KHTML, like Gecko) Version/13.0.5 Mobile/15E148 Safari/604.1" 
148.75.208.115 - - [28/Apr/2020:11:34:16 -0700] "GET /wp-content/themes/autonomie/js/navigation.js?ver=1.0.0 HTTP/1.1" 200 1408 "https://www.fornacalia.com/2015/cracking-rye-crackers/" "Mozilla/5.0 (iPhone; CPU iPhone OS 13_3_1 like Mac OS X) AppleWebKit/605.1.15 (KHTML, like Gecko) Version/13.0.5 Mobile/15E148 Safari/604.1" 
148.75.208.115 - - [28/Apr/2020:11:34:16 -0700] "GET /wp-content/themes/autonomie/js/skip-link-focus-fix.js?ver=1.0.0 HTTP/1.1" 200 1010 "https://www.fornacalia.com/2015/cracking-rye-crackers/" "Mozilla/5.0 (iPhone; CPU iPhone OS 13_3_1 like Mac OS X) AppleWebKit/605.1.15 (KHTML, like Gecko) Version/13.0.5 Mobile/15E148 Safari/604.1" 
148.75.208.115 - - [28/Apr/2020:11:34:16 -0700] "GET /wp-includes/js/wp-embed.min.js?ver=5.2.5 HTTP/1.1" 200 1280 "https://www.fornacalia.com/2015/cracking-rye-crackers/" "Mozilla/5.0 (iPhone; CPU iPhone OS 13_3_1 like Mac OS X) AppleWebKit/605.1.15 (KHTML, like Gecko) Version/13.0.5 Mobile/15E148 Safari/604.1" 
148.75.208.115 - - [28/Apr/2020:11:34:16 -0700] "GET /wp-content/uploads/2015/09/pano.png HTTP/1.1" 200 325769 "https://www.fornacalia.com/2015/cracking-rye-crackers/" "Mozilla/5.0 (iPhone; CPU iPhone OS 13_3_1 like Mac OS X) AppleWebKit/605.1.15 (KHTML, like Gecko) Version/13.0.5 Mobile/15E148 Safari/604.1" 
148.75.208.115 - - [28/Apr/2020:11:34:16 -0700] "GET /wp-content/uploads/2015/09/snack.png HTTP/1.1" 200 1065861 "https://www.fornacalia.com/2015/cracking-rye-crackers/" "Mozilla/5.0 (iPhone; CPU iPhone OS 13_3_1 like Mac OS X) AppleWebKit/605.1.15 (KHTML, like Gecko) Version/13.0.5 Mobile/15E148 Safari/604.1" 
148.75.208.115 - - [28/Apr/2020:11:34:17 -0700] "GET /wp-content/themes/autonomie/style.css?ver=5.2.5 HTTP/1.1" 200 12655 "https://www.fornacalia.com/2015/cracking-rye-crackers/" "Mozilla/5.0 (iPhone; CPU iPhone OS 13_3_1 like Mac OS X) AppleWebKit/605.1.15 (KHTML, like Gecko) Version/13.0.5 Mobile/15E148 Safari/604.1" 
148.75.208.115 - - [28/Apr/2020:11:34:17 -0700] "GET /wp-content/themes/Autonomie-child/style.css?ver=1.0.0 HTTP/1.1" 200 4569 "https://www.fornacalia.com/2015/cracking-rye-crackers/" "Mozilla/5.0 (iPhone; CPU iPhone OS 13_3_1 like Mac OS X) AppleWebKit/605.1.15 (KHTML, like Gecko) Version/13.0.5 Mobile/15E148 Safari/604.1" 
148.75.208.115 - - [28/Apr/2020:11:34:17 -0700] "GET /wp-content/uploads/2017/12/dough.png HTTP/1.1" 200 633139 "https://www.fornacalia.com/2015/cracking-rye-crackers/" "Mozilla/5.0 (iPhone; CPU iPhone OS 13_3_1 like Mac OS X) AppleWebKit/605.1.15 (KHTML, like Gecko) Version/13.0.5 Mobile/15E148 Safari/604.1" 
148.75.208.115 - - [28/Apr/2020:11:34:17 -0700] "GET /wp-content/themes/Autonomie-child/css/print.css?ver=1.0.0 HTTP/1.1" 200 836 "https://www.fornacalia.com/2015/cracking-rye-crackers/" "Mozilla/5.0 (iPhone; CPU iPhone OS 13_3_1 like Mac OS X) AppleWebKit/605.1.15 (KHTML, like Gecko) Version/13.0.5 Mobile/15E148 Safari/604.1" 
148.75.208.115 - - [28/Apr/2020:11:34:17 -0700] "GET /wp-content/themes/Autonomie-child/css/wide-width.css?ver=1.0.0 HTTP/1.1" 404 6729 "https://www.fornacalia.com/2015/cracking-rye-crackers/" "Mozilla/5.0 (iPhone; CPU iPhone OS 13_3_1 like Mac OS X) AppleWebKit/605.1.15 (KHTML, like Gecko) Version/13.0.5 Mobile/15E148 Safari/604.1" 
148.75.208.115 - - [28/Apr/2020:11:34:17 -0700] "GET /wp-content/themes/autonomie/font/lato/lato-v13-latin-700.woff2 HTTP/1.1" 200 23120 "https://www.fornacalia.com/2015/cracking-rye-crackers/" "Mozilla/5.0 (iPhone; CPU iPhone OS 13_3_1 like Mac OS X) AppleWebKit/605.1.15 (KHTML, like Gecko) Version/13.0.5 Mobile/15E148 Safari/604.1" 
148.75.208.115 - - [28/Apr/2020:11:34:17 -0700] "GET /wp-content/themes/autonomie/font/merriweather/merriweather-v15-latin-300.woff2 HTTP/1.1" 200 18992 "https://www.fornacalia.com/2015/cracking-rye-crackers/" "Mozilla/5.0 (iPhone; CPU iPhone OS 13_3_1 like Mac OS X) AppleWebKit/605.1.15 (KHTML, like Gecko) Version/13.0.5 Mobile/15E148 Safari/604.1" 
148.75.208.115 - - [28/Apr/2020:11:34:17 -0700] "GET /wp-content/themes/autonomie/font/lato/lato-v13-latin-300.woff2 HTTP/1.1" 200 23476 "https://www.fornacalia.com/2015/cracking-rye-crackers/" "Mozilla/5.0 (iPhone; CPU iPhone OS 13_3_1 like Mac OS X) AppleWebKit/605.1.15 (KHTML, like Gecko) Version/13.0.5 Mobile/15E148 Safari/604.1" 
148.75.208.115 - - [28/Apr/2020:11:34:17 -0700] "GET /wp-content/uploads/2017/12/rolled.png HTTP/1.1" 200 857953 "https://www.fornacalia.com/2015/cracking-rye-crackers/" "Mozilla/5.0 (iPhone; CPU iPhone OS 13_3_1 like Mac OS X) AppleWebKit/605.1.15 (KHTML, like Gecko) Version/13.0.5 Mobile/15E148 Safari/604.1" 
148.75.208.115 - - [28/Apr/2020:11:34:17 -0700] "GET /wp-content/themes/autonomie/font/merriweather/merriweather-v15-latin-300italic.woff2 HTTP/1.1" 200 20144 "https://www.fornacalia.com/2015/cracking-rye-crackers/" "Mozilla/5.0 (iPhone; CPU iPhone OS 13_3_1 like Mac OS X) AppleWebKit/605.1.15 (KHTML, like Gecko) Version/13.0.5 Mobile/15E148 Safari/604.1" 
148.75.208.115 - - [28/Apr/2020:11:34:17 -0700] "GET /wp-content/themes/autonomie/font/lato/lato-v13-latin-300italic.woff2 HTTP/1.1" 200 17948 "https://www.fornacalia.com/2015/cracking-rye-crackers/" "Mozilla/5.0 (iPhone; CPU iPhone OS 13_3_1 like Mac OS X) AppleWebKit/605.1.15 (KHTML, like Gecko) Version/13.0.5 Mobile/15E148 Safari/604.1" 
139.59.172.23 - - [28/Apr/2020:11:34:28 -0700] "GET /wp-login.php HTTP/1.1" 200 4830 "-" "Mozilla/5.0 (X11; Ubuntu; Linux x86_64; rv:62.0) Gecko/20100101 Firefox/62.0" 
139.59.172.23 - - [28/Apr/2020:11:34:28 -0700] "POST /wp-login.php HTTP/1.1" 200 5223 "-" "Mozilla/5.0 (X11; Ubuntu; Linux x86_64; rv:62.0) Gecko/20100101 Firefox/62.0" 
139.59.172.23 - - [28/Apr/2020:11:34:29 -0700] "GET /wp-login.php HTTP/1.1" 200 4830 "-" "Mozilla/5.0 (X11; Ubuntu; Linux x86_64; rv:62.0) Gecko/20100101 Firefox/62.0" 
139.59.172.23 - - [28/Apr/2020:11:34:29 -0700] "POST /wp-login.php HTTP/1.1" 200 5201 "-" "Mozilla/5.0 (X11; Ubuntu; Linux x86_64; rv:62.0) Gecko/20100101 Firefox/62.0" 
139.59.172.23 - - [28/Apr/2020:11:34:30 -0700] "POST /xmlrpc.php HTTP/1.1" 200 3697 "-" "Mozilla/5.0 (X11; Ubuntu; Linux x86_64; rv:62.0) Gecko/20100101 Firefox/62.0" 
5.188.84.35 - - [28/Apr/2020:11:48:59 -0700] "GET /2013/pasta-madre-day-2013/ HTTP/1.0" 200 32928 "https://www.fornacalia.com/2013/pasta-madre-day-2013/#comment-1801/" "Mozilla/5.0 (Windows NT 10.0; Win64; x64) AppleWebKit/537.36 (KHTML, like Gecko) Chrome/66.0.3359.181 Safari/537.36" 
5.188.84.35 - - [28/Apr/2020:11:49:01 -0700] "POST /wp-comments-post.php HTTP/1.0" 302 4063 "https://www.fornacalia.com/2013/pasta-madre-day-2013/#comment-1801/" "Mozilla/5.0 (Windows NT 10.0; Win64; x64) AppleWebKit/537.36 (KHTML, like Gecko) Chrome/66.0.3359.181 Safari/537.36" 
148.72.23.58 - - [28/Apr/2020:11:52:39 -0700] "GET /wp-login.php HTTP/1.1" 200 4830 "-" "Mozilla/5.0 (X11; Ubuntu; Linux x86_64; rv:62.0) Gecko/20100101 Firefox/62.0" 
148.72.23.58 - - [28/Apr/2020:11:52:39 -0700] "POST /wp-login.php HTTP/1.1" 200 5223 "-" "Mozilla/5.0 (X11; Ubuntu; Linux x86_64; rv:62.0) Gecko/20100101 Firefox/62.0" 
148.72.23.58 - - [28/Apr/2020:11:52:39 -0700] "GET /wp-login.php HTTP/1.1" 200 4830 "-" "Mozilla/5.0 (X11; Ubuntu; Linux x86_64; rv:62.0) Gecko/20100101 Firefox/62.0" 
148.72.23.58 - - [28/Apr/2020:11:52:40 -0700] "POST /wp-login.php HTTP/1.1" 200 5201 "-" "Mozilla/5.0 (X11; Ubuntu; Linux x86_64; rv:62.0) Gecko/20100101 Firefox/62.0" 
148.72.23.58 - - [28/Apr/2020:11:52:40 -0700] "POST /xmlrpc.php HTTP/1.1" 200 3697 "-" "Mozilla/5.0 (X11; Ubuntu; Linux x86_64; rv:62.0) Gecko/20100101 Firefox/62.0" 
5.188.84.65 - - [28/Apr/2020:11:58:24 -0700] "GET /2013/pasta-madre-day-2013/ HTTP/1.0" 200 32928 "https://www.fornacalia.com/2013/pasta-madre-day-2013/#comment-1801/" "Mozilla/5.0 (Windows NT 6.1; Win64; x64) AppleWebKit/537.36 (KHTML, like Gecko) Chrome/67.0.3396.87 Safari/537.36 OPR/54.0.2952.64" 
5.188.84.65 - - [28/Apr/2020:11:58:25 -0700] "POST /wp-comments-post.php HTTP/1.0" 302 4063 "https://www.fornacalia.com/2013/pasta-madre-day-2013/#comment-1801/" "Mozilla/5.0 (Windows NT 6.1; Win64; x64) AppleWebKit/537.36 (KHTML, like Gecko) Chrome/67.0.3396.87 Safari/537.36 OPR/54.0.2952.64" 
107.180.227.163 - - [28/Apr/2020:12:10:30 -0700] "GET /wp-login.php HTTP/1.1" 200 4830 "-" "Mozilla/5.0 (X11; Ubuntu; Linux x86_64; rv:62.0) Gecko/20100101 Firefox/62.0" 
107.180.227.163 - - [28/Apr/2020:12:10:30 -0700] "POST /wp-login.php HTTP/1.1" 200 5223 "-" "Mozilla/5.0 (X11; Ubuntu; Linux x86_64; rv:62.0) Gecko/20100101 Firefox/62.0" 
107.180.227.163 - - [28/Apr/2020:12:10:30 -0700] "GET /wp-login.php HTTP/1.1" 200 4830 "-" "Mozilla/5.0 (X11; Ubuntu; Linux x86_64; rv:62.0) Gecko/20100101 Firefox/62.0" 
107.180.227.163 - - [28/Apr/2020:12:10:30 -0700] "POST /wp-login.php HTTP/1.1" 200 5201 "-" "Mozilla/5.0 (X11; Ubuntu; Linux x86_64; rv:62.0) Gecko/20100101 Firefox/62.0" 
107.180.227.163 - - [28/Apr/2020:12:10:30 -0700] "POST /xmlrpc.php HTTP/1.1" 200 3697 "-" "Mozilla/5.0 (X11; Ubuntu; Linux x86_64; rv:62.0) Gecko/20100101 Firefox/62.0" 
5.188.84.15 - - [28/Apr/2020:12:12:34 -0700] "GET /2013/pasta-madre-day-2013/ HTTP/1.0" 200 32928 "https://www.fornacalia.com/2013/pasta-madre-day-2013/#comment-1801/" "Mozilla/5.0 (Windows NT 10.0; Win64; x64) AppleWebKit/537.36 (KHTML, like Gecko) Chrome/67.0.3396.87 Safari/537.36 OPR/54.0.2952.71" 
5.188.84.15 - - [28/Apr/2020:12:12:35 -0700] "POST /wp-comments-post.php HTTP/1.0" 302 4063 "https://www.fornacalia.com/2013/pasta-madre-day-2013/#comment-1801/" "Mozilla/5.0 (Windows NT 10.0; Win64; x64) AppleWebKit/537.36 (KHTML, like Gecko) Chrome/67.0.3396.87 Safari/537.36 OPR/54.0.2952.71" 
195.154.167.170 - - [28/Apr/2020:12:13:57 -0700] "GET /2013/pasta-madre-day-2013/ HTTP/1.0" 200 32928 "https://www.fornacalia.com/2013/pasta-madre-day-2013/#comment-39696" "Mozilla/5.0 (Windows NT 10.0; Win64; x64) AppleWebKit/537.36 (KHTML, like Gecko) Chrome/67.0.3396.87 Safari/537.36 OPR/54.0.2952.64" 
54.36.148.81 - - [28/Apr/2020:12:14:38 -0700] "GET /robots.txt HTTP/1.1" 301 3645 "-" "Mozilla/5.0 (compatible; AhrefsBot/6.1; +http://ahrefs.com/robot/)" 
54.36.148.81 - - [28/Apr/2020:12:14:39 -0700] "GET /robots.txt HTTP/1.1" 200 4041 "-" "Mozilla/5.0 (compatible; AhrefsBot/6.1; +http://ahrefs.com/robot/)" 
5.188.84.45 - - [28/Apr/2020:12:14:42 -0700] "GET /2013/pasta-madre-day-2013/ HTTP/1.0" 200 32928 "https://www.fornacalia.com/2013/pasta-madre-day-2013/#comment-1801/" "Mozilla/5.0 (Windows NT 10.0; Win64; x64) AppleWebKit/537.36 (KHTML, like Gecko) Chrome/66.0.3359.181 Safari/537.36" 
5.188.84.45 - - [28/Apr/2020:12:14:43 -0700] "POST /wp-comments-post.php HTTP/1.0" 302 4063 "https://www.fornacalia.com/2013/pasta-madre-day-2013/#comment-1801/" "Mozilla/5.0 (Windows NT 10.0; Win64; x64) AppleWebKit/537.36 (KHTML, like Gecko) Chrome/66.0.3359.181 Safari/537.36" 
54.36.150.21 - - [28/Apr/2020:12:15:27 -0700] "GET /9-150x150/ HTTP/1.1" 200 10095 "-" "Mozilla/5.0 (compatible; AhrefsBot/6.1; +http://ahrefs.com/robot/)" 
5.188.84.220 - - [28/Apr/2020:12:16:45 -0700] "GET /2013/pasta-madre-day-2013/ HTTP/1.0" 200 32928 "https://www.fornacalia.com/2013/pasta-madre-day-2013/#comment-1801/" "Mozilla/5.0 (Windows NT 10.0; Win64; x64) AppleWebKit/537.36 (KHTML, like Gecko) Chrome/67.0.3396.62 Safari/537.36" 
5.188.84.220 - - [28/Apr/2020:12:16:46 -0700] "POST /wp-comments-post.php HTTP/1.0" 302 4063 "https://www.fornacalia.com/2013/pasta-madre-day-2013/#comment-1801/" "Mozilla/5.0 (Windows NT 10.0; Win64; x64) AppleWebKit/537.36 (KHTML, like Gecko) Chrome/67.0.3396.62 Safari/537.36" 
18.237.41.217 - - [28/Apr/2020:12:17:20 -0700] "GET / HTTP/1.1" 301 3625 "-" "Go-http-client/1.1" 
18.237.41.217 - - [28/Apr/2020:12:17:22 -0700] "GET / HTTP/1.1" 200 18691 "-" "Go-http-client/1.1" 
5.188.84.65 - - [28/Apr/2020:12:17:39 -0700] "GET /2013/pasta-madre-day-2013/ HTTP/1.0" 200 32928 "https://www.fornacalia.com/2013/pasta-madre-day-2013/#comment-1801/" "Mozilla/5.0 (Windows NT 6.3; Win64; x64) AppleWebKit/537.36 (KHTML, like Gecko) Chrome/67.0.3396.87 Safari/537.36" 
5.188.84.65 - - [28/Apr/2020:12:17:39 -0700] "POST /wp-comments-post.php HTTP/1.0" 302 4063 "https://www.fornacalia.com/2013/pasta-madre-day-2013/#comment-1801/" "Mozilla/5.0 (Windows NT 6.3; Win64; x64) AppleWebKit/537.36 (KHTML, like Gecko) Chrome/67.0.3396.87 Safari/537.36" 
40.77.167.45 - - [28/Apr/2020:12:19:30 -0700] "GET /2015/me-and-burnt-flour/pane-con-grano-arso-2/trackback/ HTTP/1.1" 302 4457 "-" "Mozilla/5.0 (compatible; bingbot/2.0; +http://www.bing.com/bingbot.htm)" 
40.77.167.45 - - [28/Apr/2020:12:19:31 -0700] "GET /2015/me-and-burnt-flour/pane-con-grano-arso-2/ HTTP/1.1" 200 10384 "-" "Mozilla/5.0 (compatible; bingbot/2.0; +http://www.bing.com/bingbot.htm)" 
5.188.84.220 - - [28/Apr/2020:12:24:59 -0700] "GET /2013/pasta-madre-day-2013/ HTTP/1.0" 200 32928 "https://www.fornacalia.com/2013/pasta-madre-day-2013/#comment-1801/" "Mozilla/5.0 (Windows NT 6.1; Win64; x64) AppleWebKit/537.36 (KHTML, like Gecko) Chrome/66.0.3359.170 Safari/537.36 OPR/53.0.2907.106" 
5.188.84.220 - - [28/Apr/2020:12:25:00 -0700] "POST /wp-comments-post.php HTTP/1.0" 302 4063 "https://www.fornacalia.com/2013/pasta-madre-day-2013/#comment-1801/" "Mozilla/5.0 (Windows NT 6.1; Win64; x64) AppleWebKit/537.36 (KHTML, like Gecko) Chrome/66.0.3359.170 Safari/537.36 OPR/53.0.2907.106" 
139.59.79.202 - - [28/Apr/2020:12:28:59 -0700] "GET /wp-login.php HTTP/1.1" 200 4830 "-" "Mozilla/5.0 (X11; Ubuntu; Linux x86_64; rv:62.0) Gecko/20100101 Firefox/62.0" 
139.59.79.202 - - [28/Apr/2020:12:29:00 -0700] "POST /wp-login.php HTTP/1.1" 200 5223 "-" "Mozilla/5.0 (X11; Ubuntu; Linux x86_64; rv:62.0) Gecko/20100101 Firefox/62.0" 
139.59.79.202 - - [28/Apr/2020:12:29:02 -0700] "GET /wp-login.php HTTP/1.1" 200 4830 "-" "Mozilla/5.0 (X11; Ubuntu; Linux x86_64; rv:62.0) Gecko/20100101 Firefox/62.0" 
139.59.79.202 - - [28/Apr/2020:12:29:03 -0700] "POST /wp-login.php HTTP/1.1" 200 5201 "-" "Mozilla/5.0 (X11; Ubuntu; Linux x86_64; rv:62.0) Gecko/20100101 Firefox/62.0" 
139.59.79.202 - - [28/Apr/2020:12:29:04 -0700] "POST /xmlrpc.php HTTP/1.1" 200 3697 "-" "Mozilla/5.0 (X11; Ubuntu; Linux x86_64; rv:62.0) Gecko/20100101 Firefox/62.0" 
54.244.30.137 - - [28/Apr/2020:12:39:42 -0700] "GET / HTTP/1.1" 301 3876 "-" "Mozilla/5.0 (Windows NT 10.0; Win64; x64)AppleWebKit/537.36 (KHTML, like Gecko) Chrome/66.0.3359.181 Safari/537.36" 
54.244.30.137 - - [28/Apr/2020:12:39:43 -0700] "GET / HTTP/1.1" 200 18942 "-" "Mozilla/5.0 (Windows NT 10.0; Win64; x64)AppleWebKit/537.36 (KHTML, like Gecko) Chrome/66.0.3359.181 Safari/537.36" 
5.188.84.233 - - [28/Apr/2020:12:40:15 -0700] "GET /2013/pasta-madre-day-2013/ HTTP/1.0" 200 32928 "https://www.fornacalia.com/2013/pasta-madre-day-2013/#comment-1801/" "Mozilla/5.0 (Windows NT 10.0; Win64; x64) AppleWebKit/537.36 (KHTML, like Gecko) Chrome/67.0.3396.79 Safari/537.36" 
5.188.84.233 - - [28/Apr/2020:12:40:16 -0700] "POST /wp-comments-post.php HTTP/1.0" 302 4063 "https://www.fornacalia.com/2013/pasta-madre-day-2013/#comment-1801/" "Mozilla/5.0 (Windows NT 10.0; Win64; x64) AppleWebKit/537.36 (KHTML, like Gecko) Chrome/67.0.3396.79 Safari/537.36" 
5.188.84.233 - - [28/Apr/2020:12:41:41 -0700] "GET /2013/pasta-madre-day-2013/ HTTP/1.0" 200 32928 "https://www.fornacalia.com/2013/pasta-madre-day-2013/#comment-1801/" "Mozilla/5.0 (Windows NT 10.0; Win64; x64) AppleWebKit/537.36 (KHTML, like Gecko) Chrome/67.0.3396.62 Safari/537.36" 
5.188.84.233 - - [28/Apr/2020:12:41:42 -0700] "POST /wp-comments-post.php HTTP/1.0" 302 4063 "https://www.fornacalia.com/2013/pasta-madre-day-2013/#comment-1801/" "Mozilla/5.0 (Windows NT 10.0; Win64; x64) AppleWebKit/537.36 (KHTML, like Gecko) Chrome/67.0.3396.62 Safari/537.36" 
5.188.84.25 - - [28/Apr/2020:12:45:05 -0700] "GET /2013/pasta-madre-day-2013/ HTTP/1.0" 200 32928 "https://www.fornacalia.com/2013/pasta-madre-day-2013/#comment-1801/" "Mozilla/5.0 (Windows NT 10.0; Win64; x64) AppleWebKit/537.36 (KHTML, like Gecko) Chrome/68.0.3440.106 Safari/537.36" 
64.111.100.215 - - [28/Apr/2020:12:45:05 -0700] "POST /wp-cron.php?doing_wp_cron=1588103105.4573199748992919921875 HTTP/1.1" 200 3494 "https://www.fornacalia.com/wp-cron.php?doing_wp_cron=1588103105.4573199748992919921875" "WordPress/5.2.5; https://www.fornacalia.com" 
5.188.84.25 - - [28/Apr/2020:12:45:07 -0700] "POST /wp-comments-post.php HTTP/1.0" 302 4063 "https://www.fornacalia.com/2013/pasta-madre-day-2013/#comment-1801/" "Mozilla/5.0 (Windows NT 10.0; Win64; x64) AppleWebKit/537.36 (KHTML, like Gecko) Chrome/68.0.3440.106 Safari/537.36" 
5.188.84.45 - - [28/Apr/2020:12:45:18 -0700] "GET /2013/pasta-madre-day-2013/ HTTP/1.0" 200 32928 "https://www.fornacalia.com/2013/pasta-madre-day-2013/#comment-1801/" "Mozilla/5.0 (Windows NT 10.0; Win64; x64) AppleWebKit/537.36 (KHTML, like Gecko) Chrome/68.0.3440.84 Safari/537.36" 
5.188.84.45 - - [28/Apr/2020:12:45:19 -0700] "POST /wp-comments-post.php HTTP/1.0" 302 4063 "https://www.fornacalia.com/2013/pasta-madre-day-2013/#comment-1801/" "Mozilla/5.0 (Windows NT 10.0; Win64; x64) AppleWebKit/537.36 (KHTML, like Gecko) Chrome/68.0.3440.84 Safari/537.36" 
5.188.84.15 - - [28/Apr/2020:12:45:29 -0700] "GET /2013/pasta-madre-day-2013/ HTTP/1.0" 200 32928 "https://www.fornacalia.com/2013/pasta-madre-day-2013/#comment-1801/" "Mozilla/5.0 (Windows NT 10.0; Win64; x64) AppleWebKit/537.36 (KHTML, like Gecko) Chrome/67.0.3396.62 Safari/537.36" 
5.188.84.15 - - [28/Apr/2020:12:45:29 -0700] "POST /wp-comments-post.php HTTP/1.0" 302 4063 "https://www.fornacalia.com/2013/pasta-madre-day-2013/#comment-1801/" "Mozilla/5.0 (Windows NT 10.0; Win64; x64) AppleWebKit/537.36 (KHTML, like Gecko) Chrome/67.0.3396.62 Safari/537.36" 
165.227.203.208 - - [28/Apr/2020:12:46:45 -0700] "GET /wp-login.php HTTP/1.1" 200 4830 "-" "Mozilla/5.0 (X11; Ubuntu; Linux x86_64; rv:62.0) Gecko/20100101 Firefox/62.0" 
165.227.203.208 - - [28/Apr/2020:12:46:50 -0700] "POST /wp-login.php HTTP/1.1" 200 5223 "-" "Mozilla/5.0 (X11; Ubuntu; Linux x86_64; rv:62.0) Gecko/20100101 Firefox/62.0" 
165.227.203.208 - - [28/Apr/2020:12:46:55 -0700] "GET /wp-login.php HTTP/1.1" 200 4830 "-" "Mozilla/5.0 (X11; Ubuntu; Linux x86_64; rv:62.0) Gecko/20100101 Firefox/62.0" 
165.227.203.208 - - [28/Apr/2020:12:46:55 -0700] "POST /wp-login.php HTTP/1.1" 200 5201 "-" "Mozilla/5.0 (X11; Ubuntu; Linux x86_64; rv:62.0) Gecko/20100101 Firefox/62.0" 
165.227.203.208 - - [28/Apr/2020:12:46:55 -0700] "POST /xmlrpc.php HTTP/1.1" 200 3697 "-" "Mozilla/5.0 (X11; Ubuntu; Linux x86_64; rv:62.0) Gecko/20100101 Firefox/62.0" 
103.21.142.12 - - [28/Apr/2020:12:51:08 -0700] "GET /wp-login.php HTTP/1.1" 200 4867 "-" "Apache-HttpClient/4.5.2 (Java/1.8.0_181)" 
103.21.142.12 - - [28/Apr/2020:12:51:08 -0700] "GET /author/jeremy/ HTTP/1.1" 200 15636 "-" "Apache-HttpClient/4.5.2 (Java/1.8.0_181)" 
5.188.84.25 - - [28/Apr/2020:12:53:00 -0700] "GET /2013/pasta-madre-day-2013/ HTTP/1.0" 200 32928 "https://www.fornacalia.com/2013/pasta-madre-day-2013/#comment-1801/" "Mozilla/5.0 (Windows NT 10.0; Win64; x64) AppleWebKit/537.36 (KHTML, like Gecko) Chrome/67.0.3396.87 Safari/537.36" 
5.188.84.25 - - [28/Apr/2020:12:53:00 -0700] "POST /wp-comments-post.php HTTP/1.0" 302 4063 "https://www.fornacalia.com/2013/pasta-madre-day-2013/#comment-1801/" "Mozilla/5.0 (Windows NT 10.0; Win64; x64) AppleWebKit/537.36 (KHTML, like Gecko) Chrome/67.0.3396.87 Safari/537.36" 
157.55.39.239 - - [28/Apr/2020:12:54:04 -0700] "GET /page/10/ HTTP/1.1" 200 17095 "-" "Mozilla/5.0 (compatible; bingbot/2.0; +http://www.bing.com/bingbot.htm)" 
5.188.84.35 - - [28/Apr/2020:12:58:35 -0700] "GET /2013/pasta-madre-day-2013/ HTTP/1.0" 200 32928 "https://www.fornacalia.com/2013/pasta-madre-day-2013/#comment-1801/" "Mozilla/5.0 (Windows NT 6.1; WOW64) AppleWebKit/537.36 (KHTML, like Gecko) Chrome/67.0.3396.87 Safari/537.36 OPR/54.0.2952.64 (Edition Yx)" 
5.188.84.35 - - [28/Apr/2020:12:58:36 -0700] "POST /wp-comments-post.php HTTP/1.0" 302 4063 "https://www.fornacalia.com/2013/pasta-madre-day-2013/#comment-1801/" "Mozilla/5.0 (Windows NT 6.1; WOW64) AppleWebKit/537.36 (KHTML, like Gecko) Chrome/67.0.3396.87 Safari/537.36 OPR/54.0.2952.64 (Edition Yx)" 
17.58.96.250 - - [28/Apr/2020:13:01:18 -0700] "GET /page/2/ HTTP/1.1" 200 16640 "-" "Mozilla/5.0 (Macintosh; Intel Mac OS X 10_10_1) AppleWebKit/600.2.5 (KHTML, like Gecko) Version/8.0.2 Safari/600.2.5 (Applebot/0.1; +http://www.apple.com/go/applebot)" 
174.138.1.99 - - [28/Apr/2020:13:04:58 -0700] "GET /wp-login.php HTTP/1.1" 200 4830 "-" "Mozilla/5.0 (X11; Ubuntu; Linux x86_64; rv:62.0) Gecko/20100101 Firefox/62.0" 
174.138.1.99 - - [28/Apr/2020:13:04:59 -0700] "POST /wp-login.php HTTP/1.1" 200 5223 "-" "Mozilla/5.0 (X11; Ubuntu; Linux x86_64; rv:62.0) Gecko/20100101 Firefox/62.0" 
174.138.1.99 - - [28/Apr/2020:13:05:04 -0700] "GET /wp-login.php HTTP/1.1" 200 4830 "-" "Mozilla/5.0 (X11; Ubuntu; Linux x86_64; rv:62.0) Gecko/20100101 Firefox/62.0" 
174.138.1.99 - - [28/Apr/2020:13:05:04 -0700] "POST /wp-login.php HTTP/1.1" 200 5201 "-" "Mozilla/5.0 (X11; Ubuntu; Linux x86_64; rv:62.0) Gecko/20100101 Firefox/62.0" 
174.138.1.99 - - [28/Apr/2020:13:05:05 -0700] "POST /xmlrpc.php HTTP/1.1" 200 3697 "-" "Mozilla/5.0 (X11; Ubuntu; Linux x86_64; rv:62.0) Gecko/20100101 Firefox/62.0" 
77.88.5.71 - - [28/Apr/2020:13:05:35 -0700] "GET /robots.txt HTTP/1.1" 200 4314 "-" "Mozilla/5.0 (compatible; YandexBot/3.0; +http://yandex.com/bots)" 
77.88.5.71 - - [28/Apr/2020:13:05:38 -0700] "GET /favicon.ico HTTP/1.1" 200 3806 "-" "Mozilla/5.0 (compatible; YandexBot/3.0; +http://yandex.com/bots)" 
95.189.212.229 - - [28/Apr/2020:13:10:06 -0700] "GET /2013/pasta-madre-day-2013/ HTTP/1.0" 200 32928 "https://www.fornacalia.com/2013/pasta-madre-day-2013/#comment-39708" "Mozilla/5.0 (Windows NT 10.0; Win64; x64) AppleWebKit/537.36 (KHTML, like Gecko) Chrome/67.0.3396.79 Safari/537.36" 
5.188.84.35 - - [28/Apr/2020:13:16:13 -0700] "GET /2013/pasta-madre-day-2013/ HTTP/1.0" 200 32928 "https://www.fornacalia.com/2013/pasta-madre-day-2013/#comment-1801/" "Mozilla/5.0 (Windows NT 6.1; Win64; x64) AppleWebKit/537.36 (KHTML, like Gecko) Chrome/66.0.3359.170 Safari/537.36 OPR/53.0.2907.99" 
5.188.84.35 - - [28/Apr/2020:13:16:14 -0700] "POST /wp-comments-post.php HTTP/1.0" 302 4063 "https://www.fornacalia.com/2013/pasta-madre-day-2013/#comment-1801/" "Mozilla/5.0 (Windows NT 6.1; Win64; x64) AppleWebKit/537.36 (KHTML, like Gecko) Chrome/66.0.3359.170 Safari/537.36 OPR/53.0.2907.99" 
91.134.248.230 - - [28/Apr/2020:13:23:53 -0700] "GET /wp-login.php HTTP/1.1" 200 4830 "-" "Mozilla/5.0 (X11; Ubuntu; Linux x86_64; rv:62.0) Gecko/20100101 Firefox/62.0" 
91.134.248.230 - - [28/Apr/2020:13:23:54 -0700] "POST /wp-login.php HTTP/1.1" 200 5223 "-" "Mozilla/5.0 (X11; Ubuntu; Linux x86_64; rv:62.0) Gecko/20100101 Firefox/62.0" 
91.134.248.230 - - [28/Apr/2020:13:23:55 -0700] "GET /wp-login.php HTTP/1.1" 200 4830 "-" "Mozilla/5.0 (X11; Ubuntu; Linux x86_64; rv:62.0) Gecko/20100101 Firefox/62.0" 
