138.197.64.40 - - [20/May/2020:03:03:04 -0700] "GET / HTTP/1.1" 301 3812 "-" "-" 
216.244.66.237 - - [20/May/2020:03:23:55 -0700] "GET /wp/Archive/2006/03/26/break/?replytocom=1921 HTTP/1.1" 301 3691 "-" "Mozilla/5.0 (compatible; DotBot/1.1; http://www.opensiteexplorer.org/dotbot, help@moz.com)" 
54.39.177.92 - - [20/May/2020:03:45:06 -0700] "GET /blog.atom HTTP/1.1" 301 3653 "-" "Mozilla/5.0 (compatible; YaK/1.0; http://linkfluence.com/; bot@linkfluence.com)" 
131.220.6.152 - - [20/May/2020:04:26:50 -0700] "GET / HTTP/1.1" 301 3832 "-" "Mozilla/5.0 (X11; Linux x86_64) AppleWebKit/537.36 (KHTML, like Gecko) Chrome/79.0.3945.79 Safari/537.36" 
54.39.177.92 - - [20/May/2020:05:23:45 -0700] "GET /blog.rss HTTP/1.1" 301 3654 "-" "Mozilla/5.0 (compatible; YaK/1.0; http://linkfluence.com/; bot@linkfluence.com)" 
45.83.220.225 - - [20/May/2020:06:22:03 -0700] "GET /stream HTTP/1.1" 301 3898 "-" "Mozilla/5.0 (Macintosh; Intel Mac OS X 10.13; rv:76.0) Gecko/20100101 Firefox/76.0" 
46.229.168.163 - - [20/May/2020:07:08:45 -0700] "GET /robots.txt HTTP/1.1" 301 3871 "-" "Mozilla/5.0 (compatible; SemrushBot/6~bl; +http://www.semrush.com/bot.html)" 
46.229.168.145 - - [20/May/2020:07:08:52 -0700] "GET /blog/not-giving-up-on-indieweb HTTP/1.1" 301 3907 "-" "Mozilla/5.0 (compatible; SemrushBot/6~bl; +http://www.semrush.com/bot.html)" 
216.244.66.237 - - [20/May/2020:07:19:32 -0700] "GET /wp/Archive/2007/01/15/a-day-to-remember/?replytocom=8759 HTTP/1.1" 301 3715 "-" "Mozilla/5.0 (compatible; DotBot/1.1; http://www.opensiteexplorer.org/dotbot, help@moz.com)" 
216.244.66.237 - - [20/May/2020:07:19:37 -0700] "GET /wp/Archive/2009/10/02/safe/?replytocom=17366 HTTP/1.1" 301 3691 "-" "Mozilla/5.0 (compatible; DotBot/1.1; http://www.opensiteexplorer.org/dotbot, help@moz.com)" 
216.244.66.237 - - [20/May/2020:07:20:11 -0700] "GET /wp/Archive/2010/03/07/comments-who-needs-em/?replytocom=34567 HTTP/1.1" 301 3725 "-" "Mozilla/5.0 (compatible; DotBot/1.1; http://www.opensiteexplorer.org/dotbot, help@moz.com)" 
103.131.71.216 - - [20/May/2020:07:50:12 -0700] "GET /robots.txt HTTP/1.1" 200 3673 "-" "Mozilla/5.0 (compatible; coccocbot-image/1.0; +http://help.coccoc.com/searchengine)" 
216.244.66.237 - - [20/May/2020:08:06:14 -0700] "GET /wp/Archive/2006/08/08/food-news-5-a-review/?replytocom=2317 HTTP/1.1" 301 3721 "-" "Mozilla/5.0 (compatible; DotBot/1.1; http://www.opensiteexplorer.org/dotbot, help@moz.com)" 
216.244.66.237 - - [20/May/2020:08:06:19 -0700] "GET /wp/Archive/2007/10/20/pigmies-huge-worldwide/?replytocom=8866 HTTP/1.1" 301 3725 "-" "Mozilla/5.0 (compatible; DotBot/1.1; http://www.opensiteexplorer.org/dotbot, help@moz.com)" 
216.244.66.237 - - [20/May/2020:08:06:24 -0700] "GET /wp/Archive/2008/08/20/1119/?replytocom=10981 HTTP/1.1" 301 3691 "-" "Mozilla/5.0 (compatible; DotBot/1.1; http://www.opensiteexplorer.org/dotbot, help@moz.com)" 
216.244.66.237 - - [20/May/2020:08:06:51 -0700] "GET /wp/Archive/2007/11/27/wheat-where-the-aliens-leave-signatures/?replytocom=9172 HTTP/1.1" 301 3759 "-" "Mozilla/5.0 (compatible; DotBot/1.1; http://www.opensiteexplorer.org/dotbot, help@moz.com)" 
216.244.66.237 - - [20/May/2020:08:06:54 -0700] "GET /wp/Archive/2009/11/21/what-might-change-a-hibiscus-flowers-colour/?replytocom=90163 HTTP/1.1" 301 3769 "-" "Mozilla/5.0 (compatible; DotBot/1.1; http://www.opensiteexplorer.org/dotbot, help@moz.com)" 
216.244.66.237 - - [20/May/2020:08:06:57 -0700] "GET /wp/Archive/2012/01/04/mendeley-vs-bookends-no-contest/?replytocom=73558 HTTP/1.1" 301 3745 "-" "Mozilla/5.0 (compatible; DotBot/1.1; http://www.opensiteexplorer.org/dotbot, help@moz.com)" 
216.244.66.237 - - [20/May/2020:08:07:00 -0700] "GET /wp/Archive/2012/01/15/benefits-of-a-baking-cloche/?replytocom=74610 HTTP/1.1" 301 3737 "-" "Mozilla/5.0 (compatible; DotBot/1.1; http://www.opensiteexplorer.org/dotbot, help@moz.com)" 
66.249.64.82 - - [20/May/2020:08:13:57 -0700] "GET /ads.txt HTTP/1.1" 301 3903 "-" "Mozilla/5.0 (compatible; Googlebot/2.1; +http://www.google.com/bot.html)" 
216.244.66.237 - - [20/May/2020:08:53:41 -0700] "GET /wp/Archive/2008/03/22/too-fine/?replytocom=9492 HTTP/1.1" 301 3697 "-" "Mozilla/5.0 (compatible; DotBot/1.1; http://www.opensiteexplorer.org/dotbot, help@moz.com)" 
103.131.71.40 - - [20/May/2020:09:33:04 -0700] "GET /robots.txt HTTP/1.1" 200 3673 "-" "Mozilla/5.0 (compatible; coccocbot-image/1.0; +http://help.coccoc.com/searchengine)" 
216.244.66.237 - - [20/May/2020:10:28:22 -0700] "GET /wp/Archive/2005/11/17/go-get-em-paul/?replytocom=1280 HTTP/1.1" 301 3709 "-" "Mozilla/5.0 (compatible; DotBot/1.1; http://www.opensiteexplorer.org/dotbot, help@moz.com)" 
216.244.66.237 - - [20/May/2020:10:28:26 -0700] "GET /wp/Archive/2006/01/11/another-modest-suggestion/?replytocom=1791 HTTP/1.1" 301 3731 "-" "Mozilla/5.0 (compatible; DotBot/1.1; http://www.opensiteexplorer.org/dotbot, help@moz.com)" 
216.244.66.237 - - [20/May/2020:10:28:32 -0700] "GET /wp/Archive/2006/04/04/damn-2/?replytocom=1920 HTTP/1.1" 301 3693 "-" "Mozilla/5.0 (compatible; DotBot/1.1; http://www.opensiteexplorer.org/dotbot, help@moz.com)" 
216.244.66.237 - - [20/May/2020:10:28:37 -0700] "GET /wp/Archive/2006/08/29/where-are-we-on-metadata/?replytocom=2420 HTTP/1.1" 301 3729 "-" "Mozilla/5.0 (compatible; DotBot/1.1; http://www.opensiteexplorer.org/dotbot, help@moz.com)" 
216.244.66.237 - - [20/May/2020:10:28:40 -0700] "GET /wp/Archive/2007/07/24/dead-right/?replytocom=8371 HTTP/1.1" 301 3701 "-" "Mozilla/5.0 (compatible; DotBot/1.1; http://www.opensiteexplorer.org/dotbot, help@moz.com)" 
216.244.66.237 - - [20/May/2020:10:28:59 -0700] "GET /wp/Archive/2008/05/25/framing-a-defect/?replytocom=10065 HTTP/1.1" 301 3715 "-" "Mozilla/5.0 (compatible; DotBot/1.1; http://www.opensiteexplorer.org/dotbot, help@moz.com)" 
54.39.177.92 - - [20/May/2020:10:36:07 -0700] "GET /blog.atom HTTP/1.1" 301 3653 "-" "Mozilla/5.0 (compatible; YaK/1.0; http://linkfluence.com/; bot@linkfluence.com)" 
54.36.148.114 - - [20/May/2020:10:53:16 -0700] "GET / HTTP/1.1" 301 3637 "-" "Mozilla/5.0 (compatible; AhrefsBot/6.1; +http://ahrefs.com/robot/)" 
216.244.66.237 - - [20/May/2020:11:13:36 -0700] "GET /wp/Archive/2007/07/13/fickle/?replytocom=8320 HTTP/1.1" 301 3693 "-" "Mozilla/5.0 (compatible; DotBot/1.1; http://www.opensiteexplorer.org/dotbot, help@moz.com)" 
114.119.161.85 - - [20/May/2020:11:42:06 -0700] "GET /stream HTTP/1.1" 301 3666 "-" "Mozilla/5.0 (Linux; Android 7.0;) AppleWebKit/537.36 (KHTML, like Gecko) Mobile Safari/537.36 (compatible; PetalBot;+https://aspiegel.com/petalbot)" 
54.39.177.92 - - [20/May/2020:12:14:10 -0700] "GET /blog.rss HTTP/1.1" 301 3654 "-" "Mozilla/5.0 (compatible; YaK/1.0; http://linkfluence.com/; bot@linkfluence.com)" 
157.55.39.186 - - [20/May/2020:12:25:53 -0700] "GET /reviews HTTP/1.1" 301 3900 "-" "Mozilla/5.0 (compatible; bingbot/2.0; +http://www.bing.com/bingbot.htm)" 
114.119.167.191 - - [20/May/2020:12:28:27 -0700] "GET /robots.txt HTTP/1.1" 301 3676 "-" "Mozilla/5.0 (Linux; Android 7.0;) AppleWebKit/537.36 (KHTML, like Gecko) Mobile Safari/537.36 (compatible; PetalBot;+https://aspiegel.com/petalbot)" 
216.244.66.237 - - [20/May/2020:12:47:27 -0700] "GET /wp/Archive/2008/03/27/how-long-is-the-long-run/?replytocom=9502 HTTP/1.1" 301 3729 "-" "Mozilla/5.0 (compatible; DotBot/1.1; http://www.opensiteexplorer.org/dotbot, help@moz.com)" 
216.244.66.237 - - [20/May/2020:12:47:57 -0700] "GET /wp/Archive/2007/03/05/new-kid-takes-on-the-terminator/?replytocom=6917 HTTP/1.1" 301 3743 "-" "Mozilla/5.0 (compatible; DotBot/1.1; http://www.opensiteexplorer.org/dotbot, help@moz.com)" 
216.244.66.237 - - [20/May/2020:12:48:01 -0700] "GET /wp/Archive/2010/04/20/keyboard-love/?replytocom=39734 HTTP/1.1" 301 3709 "-" "Mozilla/5.0 (compatible; DotBot/1.1; http://www.opensiteexplorer.org/dotbot, help@moz.com)" 
216.244.66.237 - - [20/May/2020:13:34:52 -0700] "GET /wp/Archive/2006/01/21/faintly-amusing/?replytocom=1812 HTTP/1.1" 301 3711 "-" "Mozilla/5.0 (compatible; DotBot/1.1; http://www.opensiteexplorer.org/dotbot, help@moz.com)" 
216.244.66.237 - - [20/May/2020:13:34:56 -0700] "GET /wp/Archive/2007/09/04/food-news-61/?replytocom=8656 HTTP/1.1" 301 3705 "-" "Mozilla/5.0 (compatible; DotBot/1.1; http://www.opensiteexplorer.org/dotbot, help@moz.com)" 
216.244.66.237 - - [20/May/2020:13:35:00 -0700] "GET /wp/Archive/2008/03/25/938/?replytocom=9497 HTTP/1.1" 301 3687 "-" "Mozilla/5.0 (compatible; DotBot/1.1; http://www.opensiteexplorer.org/dotbot, help@moz.com)" 
103.131.71.216 - - [20/May/2020:13:44:31 -0700] "GET /robots.txt HTTP/1.1" 200 3673 "-" "Mozilla/5.0 (compatible; coccocbot-image/1.0; +http://help.coccoc.com/searchengine)" 
216.244.66.237 - - [20/May/2020:14:22:37 -0700] "GET /wp/Archive/2006/03/26/break/?replytocom=1917 HTTP/1.1" 301 3691 "-" "Mozilla/5.0 (compatible; DotBot/1.1; http://www.opensiteexplorer.org/dotbot, help@moz.com)" 
216.244.66.237 - - [20/May/2020:14:22:42 -0700] "GET /wp/Archive/2007/01/15/a-day-to-remember/?replytocom=6570 HTTP/1.1" 301 3715 "-" "Mozilla/5.0 (compatible; DotBot/1.1; http://www.opensiteexplorer.org/dotbot, help@moz.com)" 
216.244.66.237 - - [20/May/2020:15:09:10 -0700] "GET /wp/Archive/2006/09/11/scenes-from-roman-life-8/?replytocom=2479 HTTP/1.1" 301 3729 "-" "Mozilla/5.0 (compatible; DotBot/1.1; http://www.opensiteexplorer.org/dotbot, help@moz.com)" 
66.249.64.84 - - [20/May/2020:15:21:52 -0700] "GET /sitemap HTTP/1.1" 301 3900 "-" "Mozilla/5.0 (compatible; Googlebot/2.1; +http://www.google.com/bot.html)" 
17.58.101.214 - - [20/May/2020:15:45:20 -0700] "GET /robots.txt HTTP/1.1" 301 3657 "-" "Mozilla/5.0 (Macintosh; Intel Mac OS X 10_10_1) AppleWebKit/600.2.5 (KHTML, like Gecko) Version/8.0.2 Safari/600.2.5 (Applebot/0.1; +http://www.apple.com/go/applebot)" 
17.58.102.79 - - [20/May/2020:15:45:20 -0700] "GET /wp/ HTTP/1.1" 301 3641 "-" "Mozilla/5.0 (Macintosh; Intel Mac OS X 10_10_1) AppleWebKit/600.2.5 (KHTML, like Gecko) Version/8.0.2 Safari/600.2.5 (Applebot/0.1; +http://www.apple.com/go/applebot)" 
216.244.66.237 - - [20/May/2020:15:56:46 -0700] "GET /wp/Archive/2006/01/15/eats/?replytocom=1736 HTTP/1.1" 301 3689 "-" "Mozilla/5.0 (compatible; DotBot/1.1; http://www.opensiteexplorer.org/dotbot, help@moz.com)" 
216.244.66.237 - - [20/May/2020:16:42:04 -0700] "GET /wp/Archive/2006/08/08/food-news-5-a-review/?replytocom=2321 HTTP/1.1" 301 3721 "-" "Mozilla/5.0 (compatible; DotBot/1.1; http://www.opensiteexplorer.org/dotbot, help@moz.com)" 
54.36.148.208 - - [20/May/2020:16:48:31 -0700] "GET /robots.txt HTTP/1.1" 301 3657 "-" "Mozilla/5.0 (compatible; AhrefsBot/6.1; +http://ahrefs.com/robot/)" 
54.39.177.92 - - [20/May/2020:17:26:13 -0700] "GET /blog.atom HTTP/1.1" 301 3653 "-" "Mozilla/5.0 (compatible; YaK/1.0; http://linkfluence.com/; bot@linkfluence.com)" 
54.39.177.92 - - [20/May/2020:17:30:34 -0700] "GET /.atom HTTP/1.1" 301 698 "-" "Mozilla/5.0 (compatible; YaK/1.0; http://linkfluence.com/; bot@linkfluence.com)" 
199.58.86.211 - - [20/May/2020:18:15:06 -0700] "GET /robots.txt HTTP/1.1" 301 3869 "-" "Mozilla/5.0 (compatible; MJ12bot/v1.4.8; http://mj12bot.com/)" 
199.58.86.211 - - [20/May/2020:18:15:08 -0700] "GET / HTTP/1.1" 301 3832 "-" "Mozilla/5.0 (compatible; MJ12bot/v1.4.8; http://mj12bot.com/)" 
217.182.175.162 - - [20/May/2020:18:16:36 -0700] "HEAD / HTTP/1.1" 301 3310 "-" "Mozilla/5.0 (Macintosh; Intel Mac OS X 10_14_0) AppleWebKit/537.36 (KHTML, like Gecko) Chrome/70.0.3538.67 Safari/537.36" 
216.244.66.237 - - [20/May/2020:18:16:54 -0700] "GET /wp/Archive/2008/05/21/mondo-bizzarro-in-which-i-am-falsely-accused/?replytocom=10121 HTTP/1.1" 301 3771 "-" "Mozilla/5.0 (compatible; DotBot/1.1; http://www.opensiteexplorer.org/dotbot, help@moz.com)" 
216.244.66.237 - - [20/May/2020:18:17:00 -0700] "GET /wp/Archive/2008/06/05/scenes-from-roman-life-13/?replytocom=10095 HTTP/1.1" 301 3733 "-" "Mozilla/5.0 (compatible; DotBot/1.1; http://www.opensiteexplorer.org/dotbot, help@moz.com)" 
46.229.168.161 - - [20/May/2020:18:46:42 -0700] "GET /robots.txt HTTP/1.1" 301 3871 "-" "Mozilla/5.0 (compatible; SemrushBot/6~bl; +http://www.semrush.com/bot.html)" 
46.229.168.140 - - [20/May/2020:18:46:43 -0700] "GET /about HTTP/1.1" 301 3859 "-" "Mozilla/5.0 (compatible; SemrushBot/6~bl; +http://www.semrush.com/bot.html)" 
216.244.66.237 - - [20/May/2020:19:03:58 -0700] "GET /wp/Archive/2008/05/07/scenes-from-roman-life-12-who-could-hate-a-tree/?replytocom=9851 HTTP/1.1" 301 3775 "-" "Mozilla/5.0 (compatible; DotBot/1.1; http://www.opensiteexplorer.org/dotbot, help@moz.com)" 
216.244.66.237 - - [20/May/2020:19:04:03 -0700] "GET /wp/Archive/2011/04/16/why-are-big-numbers-so-scary/?replytocom=61018 HTTP/1.1" 301 3739 "-" "Mozilla/5.0 (compatible; DotBot/1.1; http://www.opensiteexplorer.org/dotbot, help@moz.com)" 
216.244.66.237 - - [20/May/2020:19:04:07 -0700] "GET /wp/Archive/2012/01/04/mendeley-vs-bookends-no-contest/?replytocom=93703 HTTP/1.1" 301 3745 "-" "Mozilla/5.0 (compatible; DotBot/1.1; http://www.opensiteexplorer.org/dotbot, help@moz.com)" 
216.244.66.237 - - [20/May/2020:19:04:11 -0700] "GET /wp/Archive/2012/02/03/can-italy-change/?replytocom=75143 HTTP/1.1" 301 3715 "-" "Mozilla/5.0 (compatible; DotBot/1.1; http://www.opensiteexplorer.org/dotbot, help@moz.com)" 
54.39.177.92 - - [20/May/2020:19:04:40 -0700] "GET /blog.rss HTTP/1.1" 301 3654 "-" "Mozilla/5.0 (compatible; YaK/1.0; http://linkfluence.com/; bot@linkfluence.com)" 
103.131.71.199 - - [20/May/2020:19:29:12 -0700] "GET /robots.txt HTTP/1.1" 200 3673 "-" "Mozilla/5.0 (compatible; coccocbot-image/1.0; +http://help.coccoc.com/searchengine)" 
216.244.66.237 - - [20/May/2020:19:50:17 -0700] "GET /wp/Archive/2006/06/16/more-thieving-bastards/?replytocom=2048 HTTP/1.1" 301 3725 "-" "Mozilla/5.0 (compatible; DotBot/1.1; http://www.opensiteexplorer.org/dotbot, help@moz.com)" 
216.244.66.237 - - [20/May/2020:19:50:23 -0700] "GET /wp/Archive/2006/07/04/food-news/?replytocom=2134 HTTP/1.1" 301 3699 "-" "Mozilla/5.0 (compatible; DotBot/1.1; http://www.opensiteexplorer.org/dotbot, help@moz.com)" 
216.244.66.237 - - [20/May/2020:19:50:27 -0700] "GET /wp/Archive/2007/07/31/food-news-56/?replytocom=8409 HTTP/1.1" 301 3705 "-" "Mozilla/5.0 (compatible; DotBot/1.1; http://www.opensiteexplorer.org/dotbot, help@moz.com)" 
216.244.66.237 - - [20/May/2020:19:50:31 -0700] "GET /wp/Archive/2009/10/02/safe/?replytocom=17437 HTTP/1.1" 301 3691 "-" "Mozilla/5.0 (compatible; DotBot/1.1; http://www.opensiteexplorer.org/dotbot, help@moz.com)" 
216.244.66.237 - - [20/May/2020:19:50:47 -0700] "GET /wp/Archive/2008/08/23/nature-notes/?replytocom=10993 HTTP/1.1" 301 3707 "-" "Mozilla/5.0 (compatible; DotBot/1.1; http://www.opensiteexplorer.org/dotbot, help@moz.com)" 
54.39.177.92 - - [20/May/2020:19:55:38 -0700] "GET /.rss HTTP/1.1" 301 3647 "-" "Mozilla/5.0 (compatible; YaK/1.0; http://linkfluence.com/; bot@linkfluence.com)" 
216.244.66.237 - - [20/May/2020:20:37:01 -0700] "GET /wp/Archive/2007/12/17/ill-see-your-pshaw-and-raise-you-a-bah-humbug/?replytocom=9208 HTTP/1.1" 301 3771 "-" "Mozilla/5.0 (compatible; DotBot/1.1; http://www.opensiteexplorer.org/dotbot, help@moz.com)" 
216.244.66.237 - - [20/May/2020:21:23:50 -0700] "GET /wp/Archive/2006/08/23/celery-and-tomatoes-lethal/?replytocom=2411 HTTP/1.1" 301 3733 "-" "Mozilla/5.0 (compatible; DotBot/1.1; http://www.opensiteexplorer.org/dotbot, help@moz.com)" 
216.244.66.237 - - [20/May/2020:21:24:25 -0700] "GET /wp/Archive/2008/05/12/a-boundary-appropriate-workshop-and-social-event/?replytocom=9877 HTTP/1.1" 301 3777 "-" "Mozilla/5.0 (compatible; DotBot/1.1; http://www.opensiteexplorer.org/dotbot, help@moz.com)" 
46.229.168.131 - - [20/May/2020:22:04:44 -0700] "GET /robots.txt HTTP/1.1" 301 3871 "-" "Mozilla/5.0 (compatible; SemrushBot/6~bl; +http://www.semrush.com/bot.html)" 
46.229.168.161 - - [20/May/2020:22:04:45 -0700] "GET /blog/working-life HTTP/1.1" 301 3885 "-" "Mozilla/5.0 (compatible; SemrushBot/6~bl; +http://www.semrush.com/bot.html)" 
216.244.66.237 - - [20/May/2020:22:11:00 -0700] "GET /wp/Archive/2005/11/11/musical-scribbles/?replytocom=1264 HTTP/1.1" 301 3715 "-" "Mozilla/5.0 (compatible; DotBot/1.1; http://www.opensiteexplorer.org/dotbot, help@moz.com)" 
54.36.148.23 - - [20/May/2020:23:41:27 -0700] "GET /blog/snap HTTP/1.1" 301 3653 "-" "Mozilla/5.0 (compatible; AhrefsBot/6.1; +http://ahrefs.com/robot/)" 
216.244.66.237 - - [20/May/2020:23:45:53 -0700] "GET /wp/Archive/2008/07/03/obliging-as-ever/?replytocom=10845 HTTP/1.1" 301 3715 "-" "Mozilla/5.0 (compatible; DotBot/1.1; http://www.opensiteexplorer.org/dotbot, help@moz.com)" 
130.180.217.165 - - [21/May/2020:00:02:22 -0700] "GET /user/themes/tailwind/images/logo.png HTTP/1.1" 301 3701 "-" "Mozilla/5.0 (Windows NT 10.0; Win64; x64) AppleWebKit/537.36 (KHTML, like Gecko) Chrome/81.0.4044.138 Safari/537.36" 
103.131.71.94 - - [21/May/2020:00:10:09 -0700] "GET /robots.txt HTTP/1.1" 200 3673 "-" "Mozilla/5.0 (compatible; coccocbot-web/1.0; +http://help.coccoc.com/searchengine)" 
103.131.71.104 - - [21/May/2020:00:10:44 -0700] "GET / HTTP/1.1" 301 3656 "-" "Mozilla/5.0 (compatible; coccocbot-web/1.0; +http://help.coccoc.com/searchengine)" 
54.39.177.92 - - [21/May/2020:00:15:52 -0700] "GET /blog.atom HTTP/1.1" 301 3653 "-" "Mozilla/5.0 (compatible; YaK/1.0; http://linkfluence.com/; bot@linkfluence.com)" 
27.115.124.70 - - [21/May/2020:00:19:29 -0700] "GET / HTTP/1.1" 301 3888 "http://baidu.com/" "Mozilla/5.0 (Linux; U; Android 8.1.0; zh-CN; EML-AL00 Build/HUAWEIEML-AL00) AppleWebKit/537.36 (KHTML, like Gecko) Version/4.0 Chrome/57.0.2987.108 baidu.sogo.uc.UCBrowser/11.9.4.974 UWS/2.13.1.48 Mobile Safari/537.36 AliApp(DingTalk/4.5.11) com.alibaba.android.rimet/10487439 Channel/227200 language/zh-CN" 
216.244.66.237 - - [21/May/2020:00:32:09 -0700] "GET /wp/Archive/2006/04/20/apologies-for-absence/?replytocom=1960 HTTP/1.1" 301 3723 "-" "Mozilla/5.0 (compatible; DotBot/1.1; http://www.opensiteexplorer.org/dotbot, help@moz.com)" 
216.244.66.237 - - [21/May/2020:00:32:14 -0700] "GET /wp/Archive/2007/10/20/pigmies-huge-worldwide/?replytocom=8878 HTTP/1.1" 301 3725 "-" "Mozilla/5.0 (compatible; DotBot/1.1; http://www.opensiteexplorer.org/dotbot, help@moz.com)" 
216.244.66.237 - - [21/May/2020:00:32:19 -0700] "GET /wp/Archive/2008/03/16/radicchio-rossa-di-treviso/?replytocom=9478 HTTP/1.1" 301 3733 "-" "Mozilla/5.0 (compatible; DotBot/1.1; http://www.opensiteexplorer.org/dotbot, help@moz.com)" 
216.244.66.237 - - [21/May/2020:00:32:38 -0700] "GET /wp/Archive/2008/10/28/smokin/?replytocom=11260 HTTP/1.1" 301 3695 "-" "Mozilla/5.0 (compatible; DotBot/1.1; http://www.opensiteexplorer.org/dotbot, help@moz.com)" 
216.244.66.237 - - [21/May/2020:00:32:43 -0700] "GET /wp/Archive/2011/12/31/ominous-display/?replytocom=72899 HTTP/1.1" 301 3713 "-" "Mozilla/5.0 (compatible; DotBot/1.1; http://www.opensiteexplorer.org/dotbot, help@moz.com)" 
