75.164.251.69 - - [29/May/2020:09:50:30 -0700] "GET /?_t=rss HTTP/1.1" 200 4221 "-" "Mozilla/5.0 (Windows NT 10.0; Win64; x64; rv:76.0) Gecko/20100101 Firefox/76.0" 
46.229.168.140 - - [29/May/2020:09:51:30 -0700] "GET /content/posts/?q=%23Automators HTTP/1.1" 200 8524 "-" "Mozilla/5.0 (compatible; SemrushBot/6~bl; +http://www.semrush.com/bot.html)" 
46.229.168.132 - - [29/May/2020:09:51:49 -0700] "GET /content/all/?offset=40&q=%23%2B%23food HTTP/1.1" 200 12736 "-" "Mozilla/5.0 (compatible; SemrushBot/6~bl; +http://www.semrush.com/bot.html)" 
46.229.168.129 - - [29/May/2020:09:52:39 -0700] "GET /2019/whats-interesting-about-this-webmention-is-that HTTP/1.1" 200 9607 "-" "Mozilla/5.0 (compatible; SemrushBot/6~bl; +http://www.semrush.com/bot.html)" 
46.229.168.130 - - [29/May/2020:09:52:41 -0700] "GET /2019/ant-superhighway HTTP/1.1" 200 9618 "-" "Mozilla/5.0 (compatible; SemrushBot/6~bl; +http://www.semrush.com/bot.html)" 
52.23.247.96 - - [29/May/2020:09:52:57 -0700] "GET /profile/jeremy?offset=0&_t=rss HTTP/1.1" 304 3480 "https://www.google.com/" "Mozilla/5.0 (Macintosh; Intel Mac OS X 10_14_6) AppleWebKit/537.36 (KHTML, like Gecko) Chrome/80.0.3987.116 Safari/537.36" 
66.249.66.44 - - [29/May/2020:09:53:34 -0700] "GET /2019/spathe HTTP/1.1" 304 3742 "-" "Mozilla/5.0 (Linux; Android 6.0.1; Nexus 5X Build/MMB29P) AppleWebKit/537.36 (KHTML, like Gecko) Chrome/80.0.3987.92 Mobile Safari/537.36 (compatible; Googlebot/2.1; +http://www.google.com/bot.html)" 
75.164.251.69 - - [29/May/2020:09:53:35 -0700] "GET /?_t=rss HTTP/1.1" 200 7400 "-" "Mozilla/5.0 (Windows NT 10.0; Win64; x64; rv:76.0) Gecko/20100101 Firefox/76.0" 
5.188.210.61 - - [29/May/2020:09:53:44 -0700] "GET /profile/jeremy?offset=106 HTTP/1.0" 200 131995 "https://stream.jeremycherfas.net/profile/jeremy?offset=106" "Mozilla/5.0 (Windows NT 10.0; Win64; x64) AppleWebKit/537.36 (KHTML, like Gecko) Chrome/68.0.3440.75 Safari/537.36" 
5.188.210.61 - - [29/May/2020:09:53:46 -0700] "POST /comments/post HTTP/1.0" 403 17067 "https://stream.jeremycherfas.net/profile/jeremy?offset=106" "Mozilla/5.0 (Windows NT 10.0; Win64; x64) AppleWebKit/537.36 (KHTML, like Gecko) Chrome/68.0.3440.75 Safari/537.36" 
45.79.26.51 - - [29/May/2020:09:54:02 -0700] "GET /content/statusupdates/posts/photos/checkins/bookmarkedpages?_t=rss HTTP/1.1" 200 7707 "-" "Micro.blog/1.0" 
167.99.111.28 - - [29/May/2020:09:54:32 -0700] "GET /?_t=rss HTTP/1.1" 304 3475 "-" "Feedbin feed-id:1536727 - 1 subscribers" 
46.229.168.132 - - [29/May/2020:09:54:40 -0700] "GET /robots.txt HTTP/1.1" 200 4576 "-" "Mozilla/5.0 (compatible; SemrushBot/6~bl; +http://www.semrush.com/bot.html)" 
46.229.168.137 - - [29/May/2020:09:54:40 -0700] "GET /2018/the-difference-between-good-and-bad-tags-zettelkasten-method HTTP/1.1" 200 10073 "-" "Mozilla/5.0 (compatible; SemrushBot/6~bl; +http://www.semrush.com/bot.html)" 
46.229.168.130 - - [29/May/2020:09:54:44 -0700] "GET /2017/at-vespertine-jonathan-gold-makes-contact-with-otherworldly-cooking-is HTTP/1.1" 200 10074 "-" "Mozilla/5.0 (compatible; SemrushBot/6~bl; +http://www.semrush.com/bot.html)" 
46.229.168.145 - - [29/May/2020:09:54:51 -0700] "GET /?q=%23food HTTP/1.1" 200 10295 "-" "Mozilla/5.0 (compatible; SemrushBot/6~bl; +http://www.semrush.com/bot.html)" 
46.229.168.134 - - [29/May/2020:09:54:56 -0700] "GET /content/photos/?offset=10&q=%23sourdough HTTP/1.1" 200 12400 "-" "Mozilla/5.0 (compatible; SemrushBot/6~bl; +http://www.semrush.com/bot.html)" 
64.111.100.215 - - [29/May/2020:09:54:59 -0700] "GET /content/all?_t=rss HTTP/1.1" 200 14573 "-" "Mozilla/5.0 (X11; U; Linux i686; fr; rv:1.9.1.1) Gecko/20090715 Firefox/3.5.1" 
114.119.165.2 - - [29/May/2020:09:56:18 -0700] "GET /tag/indieweb?offset=60 HTTP/1.1" 200 11799 "-" "Mozilla/5.0 (Linux; Android 7.0;) AppleWebKit/537.36 (KHTML, like Gecko) Mobile Safari/537.36 (compatible; PetalBot;+https://aspiegel.com/petalbot)" 
66.249.66.52 - - [29/May/2020:09:56:36 -0700] "GET /content/all/?offset=906 HTTP/1.1" 200 12036 "-" "Mozilla/5.0 (Linux; Android 6.0.1; Nexus 5X Build/MMB29P) AppleWebKit/537.36 (KHTML, like Gecko) Chrome/80.0.3987.92 Mobile Safari/537.36 (compatible; Googlebot/2.1; +http://www.google.com/bot.html)" 
75.164.251.69 - - [29/May/2020:09:56:42 -0700] "GET /?_t=rss HTTP/1.1" 200 4221 "-" "Mozilla/5.0 (Windows NT 10.0; Win64; x64; rv:76.0) Gecko/20100101 Firefox/76.0" 
46.229.168.163 - - [29/May/2020:09:57:35 -0700] "GET /?q=%23latergram HTTP/1.1" 200 9157 "-" "Mozilla/5.0 (compatible; SemrushBot/6~bl; +http://www.semrush.com/bot.html)" 
46.229.168.162 - - [29/May/2020:09:57:43 -0700] "GET /content/audio/?q=%23Lithuania HTTP/1.1" 200 8495 "-" "Mozilla/5.0 (compatible; SemrushBot/6~bl; +http://www.semrush.com/bot.html)" 
46.229.168.150 - - [29/May/2020:09:57:47 -0700] "GET /content/audio/?q=%23webmention HTTP/1.1" 200 8493 "-" "Mozilla/5.0 (compatible; SemrushBot/6~bl; +http://www.semrush.com/bot.html)" 
46.229.168.134 - - [29/May/2020:09:57:59 -0700] "GET /tag/sourdough?offset=12 HTTP/1.1" 200 12334 "-" "Mozilla/5.0 (compatible; SemrushBot/6~bl; +http://www.semrush.com/bot.html)" 
46.229.168.150 - - [29/May/2020:09:58:15 -0700] "GET /content/all/?offset=40&q=%23%2B%23%23bread HTTP/1.1" 200 12432 "-" "Mozilla/5.0 (compatible; SemrushBot/6~bl; +http://www.semrush.com/bot.html)" 
46.229.168.140 - - [29/May/2020:09:58:55 -0700] "GET /content/all/?offset=29&q=%23Sourdough HTTP/1.1" 200 11610 "-" "Mozilla/5.0 (compatible; SemrushBot/6~bl; +http://www.semrush.com/bot.html)" 
46.229.168.142 - - [29/May/2020:09:59:42 -0700] "GET /content/all/?offset=44&q=%23%2B%23%23indieweb HTTP/1.1" 200 11998 "-" "Mozilla/5.0 (compatible; SemrushBot/6~bl; +http://www.semrush.com/bot.html)" 
75.164.251.69 - - [29/May/2020:09:59:42 -0700] "GET /?_t=rss HTTP/1.1" 200 7400 "-" "Mozilla/5.0 (Windows NT 10.0; Win64; x64; rv:76.0) Gecko/20100101 Firefox/76.0" 
3.234.146.217 - - [29/May/2020:10:00:18 -0700] "GET /?_t=rss HTTP/1.1" 200 7363 "-" "glitch-feeder/1.0 (+https://glitch.com/~lmo-feeder)" 
46.229.168.135 - - [29/May/2020:10:00:49 -0700] "GET /?q=%23%2B%23sourdoughseptember HTTP/1.1" 200 8530 "-" "Mozilla/5.0 (compatible; SemrushBot/6~bl; +http://www.semrush.com/bot.html)" 
46.229.168.134 - - [29/May/2020:10:00:53 -0700] "GET /?offset=17&q=%23WithKnown HTTP/1.1" 200 13415 "-" "Mozilla/5.0 (compatible; SemrushBot/6~bl; +http://www.semrush.com/bot.html)" 
46.229.168.137 - - [29/May/2020:10:00:54 -0700] "GET /content/rsvp/?q=%23AMRhub HTTP/1.1" 200 8492 "-" "Mozilla/5.0 (compatible; SemrushBot/6~bl; +http://www.semrush.com/bot.html)" 
46.229.168.148 - - [29/May/2020:10:02:00 -0700] "GET /content/all/?offset=141&q=%23%2B%23%23indieweb HTTP/1.1" 200 9489 "-" "Mozilla/5.0 (compatible; SemrushBot/6~bl; +http://www.semrush.com/bot.html)" 
75.164.251.69 - - [29/May/2020:10:03:03 -0700] "GET /?_t=rss HTTP/1.1" 200 4221 "-" "Mozilla/5.0 (Windows NT 10.0; Win64; x64; rv:76.0) Gecko/20100101 Firefox/76.0" 
114.119.165.2 - - [29/May/2020:10:03:21 -0700] "GET /2019/challenges-of-designing-the-roud-folk-song-index-webcast-library HTTP/1.1" 200 9498 "-" "Mozilla/5.0 (Linux; Android 7.0;) AppleWebKit/537.36 (KHTML, like Gecko) Mobile Safari/537.36 (compatible; PetalBot;+https://aspiegel.com/petalbot)" 
46.229.168.134 - - [29/May/2020:10:03:44 -0700] "GET /2019/as-promised-yesterday-details-such-as-they-are-of-my HTTP/1.1" 200 14530 "-" "Mozilla/5.0 (compatible; SemrushBot/6~bl; +http://www.semrush.com/bot.html)" 
46.229.168.146 - - [29/May/2020:10:03:45 -0700] "GET /content/posts/?offset=57 HTTP/1.1" 200 15573 "-" "Mozilla/5.0 (compatible; SemrushBot/6~bl; +http://www.semrush.com/bot.html)" 
46.229.168.141 - - [29/May/2020:10:03:47 -0700] "GET /content/audio/?q=%23Fiction HTTP/1.1" 200 8521 "-" "Mozilla/5.0 (compatible; SemrushBot/6~bl; +http://www.semrush.com/bot.html)" 
17.58.102.79 - - [29/May/2020:10:04:21 -0700] "GET /profile/jeremy HTTP/1.1" 200 28907 "-" "Mozilla/5.0 (Macintosh; Intel Mac OS X 10_10_1) AppleWebKit/600.2.5 (KHTML, like Gecko) Version/8.0.2 Safari/600.2.5 (Applebot/0.1; +http://www.apple.com/go/applebot)" 
46.229.168.150 - - [29/May/2020:10:04:36 -0700] "GET /2018/new-book-traces-humankinds-14-billion-year-journey HTTP/1.1" 200 9756 "-" "Mozilla/5.0 (compatible; SemrushBot/6~bl; +http://www.semrush.com/bot.html)" 
46.229.168.154 - - [29/May/2020:10:04:42 -0700] "GET /2017/why-only-large-grocers HTTP/1.1" 200 9612 "-" "Mozilla/5.0 (compatible; SemrushBot/6~bl; +http://www.semrush.com/bot.html)" 
46.229.168.152 - - [29/May/2020:10:05:06 -0700] "GET /content/posts?offset=40 HTTP/1.1" 200 12849 "-" "Mozilla/5.0 (compatible; SemrushBot/6~bl; +http://www.semrush.com/bot.html)" 
46.229.168.141 - - [29/May/2020:10:05:26 -0700] "GET /tag/+%23%23bread HTTP/1.1" 200 12319 "-" "Mozilla/5.0 (compatible; SemrushBot/6~bl; +http://www.semrush.com/bot.html)" 
66.249.66.46 - - [29/May/2020:10:06:04 -0700] "GET /?q=%23+%23WithKnown&offset=45&_t=rss HTTP/1.1" 200 8096 "-" "Mozilla/5.0 (Linux; Android 6.0.1; Nexus 5X Build/MMB29P) AppleWebKit/537.36 (KHTML, like Gecko) Chrome/80.0.3987.92 Mobile Safari/537.36 (compatible; Googlebot/2.1; +http://www.google.com/bot.html)" 
75.164.251.69 - - [29/May/2020:10:06:20 -0700] "GET /?_t=rss HTTP/1.1" 200 7400 "-" "Mozilla/5.0 (Windows NT 10.0; Win64; x64; rv:76.0) Gecko/20100101 Firefox/76.0" 
157.55.39.120 - - [29/May/2020:10:06:25 -0700] "GET /content/audio/?q=%23campbellsdoughknife HTTP/1.1" 200 8553 "-" "Mozilla/5.0 (compatible; bingbot/2.0; +http://www.bing.com/bingbot.htm)" 
46.229.168.138 - - [29/May/2020:10:06:32 -0700] "GET /content/all/?offset=20&q=%23photo HTTP/1.1" 200 9519 "-" "Mozilla/5.0 (compatible; SemrushBot/6~bl; +http://www.semrush.com/bot.html)" 
46.229.168.141 - - [29/May/2020:10:06:39 -0700] "GET /tag/+%23multigrain HTTP/1.1" 200 11366 "-" "Mozilla/5.0 (compatible; SemrushBot/6~bl; +http://www.semrush.com/bot.html)" 
18.206.187.81 - - [29/May/2020:10:08:22 -0700] "GET /service/web/imageproxy/aHR0cHM6Ly9wYnMudHdpbWcuY29tL3Byb2ZpbGVfaW1hZ2VzLzEyMDI5MTc1Mjk5ODkxMDc3MTIvUUktNTZqejMuanBn/300/square HTTP/1.1" 200 41737 "-" "CCBot/2.0 (https://commoncrawl.org/faq/)" 
46.229.168.149 - - [29/May/2020:10:08:37 -0700] "GET /content/all/?offset=26&q=%23%2B%23bread HTTP/1.1" 200 13201 "-" "Mozilla/5.0 (compatible; SemrushBot/6~bl; +http://www.semrush.com/bot.html)" 
75.164.251.69 - - [29/May/2020:10:08:52 -0700] "GET /?_t=rss HTTP/1.1" 200 4221 "-" "Mozilla/5.0 (Windows NT 10.0; Win64; x64; rv:76.0) Gecko/20100101 Firefox/76.0" 
66.249.66.46 - - [29/May/2020:10:09:56 -0700] "GET /tag/+%23sourdough HTTP/1.1" 304 3742 "-" "Mozilla/5.0 (Linux; Android 6.0.1; Nexus 5X Build/MMB29P) AppleWebKit/537.36 (KHTML, like Gecko) Chrome/80.0.3987.92 Mobile Safari/537.36 (compatible; Googlebot/2.1; +http://www.google.com/bot.html)" 
46.229.168.149 - - [29/May/2020:10:09:59 -0700] "GET /content/all/?offset=2&q=%23%2B%23Rome HTTP/1.1" 200 12900 "-" "Mozilla/5.0 (compatible; SemrushBot/6~bl; +http://www.semrush.com/bot.html)" 
46.229.168.149 - - [29/May/2020:10:10:13 -0700] "GET /2017/ive-followed-tim-bray-via-rss-for-what-seems-like HTTP/1.1" 200 10062 "-" "Mozilla/5.0 (compatible; SemrushBot/6~bl; +http://www.semrush.com/bot.html)" 
114.119.165.105 - - [29/May/2020:10:10:23 -0700] "GET /tag/+%23IndieWeb?offset=10 HTTP/1.1" 200 14684 "-" "Mozilla/5.0 (Linux; Android 7.0;) AppleWebKit/537.36 (KHTML, like Gecko) Mobile Safari/537.36 (compatible; PetalBot;+https://aspiegel.com/petalbot)" 
46.229.168.163 - - [29/May/2020:10:10:27 -0700] "GET /2017/took-a-long-while-working-out-how-best-to-format HTTP/1.1" 200 10517 "-" "Mozilla/5.0 (compatible; SemrushBot/6~bl; +http://www.semrush.com/bot.html)" 
46.229.168.154 - - [29/May/2020:10:10:29 -0700] "GET /2019/pro-meat-campaign-may-have-turned-some-social-media-users-against HTTP/1.1" 200 9808 "-" "Mozilla/5.0 (compatible; SemrushBot/6~bl; +http://www.semrush.com/bot.html)" 
66.249.66.48 - - [29/May/2020:10:11:12 -0700] "GET /robots.txt HTTP/1.1" 200 4613 "-" "Mozilla/5.0 (compatible; Googlebot/2.1; +http://www.google.com/bot.html)" 
64.111.100.215 - - [29/May/2020:10:11:12 -0700] "GET /content/all?_t=rss HTTP/1.1" 200 14573 "-" "Mozilla/5.0 (X11; U; Linux i686; fr; rv:1.9.1.1) Gecko/20090715 Firefox/3.5.1" 
66.249.66.48 - - [29/May/2020:10:11:12 -0700] "GET / HTTP/1.1" 200 8656 "-" "Mozilla/5.0 (compatible; Googlebot/2.1; +http://www.google.com/bot.html)" 
66.249.66.50 - - [29/May/2020:10:11:15 -0700] "GET /service/web/unfurl/?url=https%3A%2F%2Fdivinations.substack.com%2Fp%2Fthe-open-podcast-ecosystem-is-dying&__bTk=eaac90559b759ea7ae377bf516368bbfcdb0ae6c84f19a55d89e917d304eae91&__bTs=1588896000 HTTP/1.1" 403 4663 "https://www.stream.jeremycherfas.net/" "Mozilla/5.0 AppleWebKit/537.36 (KHTML, like Gecko; compatible; Googlebot/2.1; +http://www.google.com/bot.html) Chrome/81.0.4044.108 Safari/537.36" 
66.249.66.50 - - [29/May/2020:10:11:15 -0700] "GET /service/web/unfurl/?url=https%3A%2F%2Fftrain.substack.com%2Fp%2Fwhy-does-this-have-a-title-and-a&__bTk=eaac90559b759ea7ae377bf516368bbfcdb0ae6c84f19a55d89e917d304eae91&__bTs=1588896000 HTTP/1.1" 403 1338 "https://www.stream.jeremycherfas.net/" "Mozilla/5.0 AppleWebKit/537.36 (KHTML, like Gecko; compatible; Googlebot/2.1; +http://www.google.com/bot.html) Chrome/81.0.4044.108 Safari/537.36" 
66.249.66.48 - - [29/May/2020:10:11:16 -0700] "GET /service/web/unfurl/?url=https%3A%2F%2Fthemargins.substack.com%2Fp%2Fdoordash-and-pizza-arbitrage&__bTk=eaac90559b759ea7ae377bf516368bbfcdb0ae6c84f19a55d89e917d304eae91&__bTs=1588896000 HTTP/1.1" 403 4655 "https://www.stream.jeremycherfas.net/" "Mozilla/5.0 AppleWebKit/537.36 (KHTML, like Gecko; compatible; Googlebot/2.1; +http://www.google.com/bot.html) Chrome/81.0.4044.108 Safari/537.36" 
66.249.66.50 - - [29/May/2020:10:11:16 -0700] "GET /service/web/unfurl/?url=https%3A%2F%2Fftrain.substack.com%2Fp%2Fwhy-does-this-have-a-title-and-a&__bTk=eaac90559b759ea7ae377bf516368bbfcdb0ae6c84f19a55d89e917d304eae91&__bTs=1590233296 HTTP/1.1" 403 1338 "https://www.stream.jeremycherfas.net/" "Mozilla/5.0 AppleWebKit/537.36 (KHTML, like Gecko; compatible; Googlebot/2.1; +http://www.google.com/bot.html) Chrome/81.0.4044.108 Safari/537.36" 
66.249.66.50 - - [29/May/2020:10:11:17 -0700] "GET /service/web/unfurl/?url=https%3A%2F%2Fdivinations.substack.com%2Fp%2Fthe-open-podcast-ecosystem-is-dying&__bTk=eaac90559b759ea7ae377bf516368bbfcdb0ae6c84f19a55d89e917d304eae91&__bTs=1590233296 HTTP/1.1" 403 1346 "https://www.stream.jeremycherfas.net/" "Mozilla/5.0 AppleWebKit/537.36 (KHTML, like Gecko; compatible; Googlebot/2.1; +http://www.google.com/bot.html) Chrome/81.0.4044.108 Safari/537.36" 
66.249.66.48 - - [29/May/2020:10:11:17 -0700] "GET /service/web/unfurl/?url=https%3A%2F%2Fthemargins.substack.com%2Fp%2Fdoordash-and-pizza-arbitrage&__bTk=eaac90559b759ea7ae377bf516368bbfcdb0ae6c84f19a55d89e917d304eae91&__bTs=1590233296 HTTP/1.1" 403 4655 "https://www.stream.jeremycherfas.net/" "Mozilla/5.0 AppleWebKit/537.36 (KHTML, like Gecko; compatible; Googlebot/2.1; +http://www.google.com/bot.html) Chrome/81.0.4044.108 Safari/537.36" 
66.249.66.48 - - [29/May/2020:10:11:22 -0700] "GET /gfx/logos/apple-icon-144x144.png HTTP/1.1" 200 13633 "-" "Googlebot-Image/1.0" 
66.249.66.48 - - [29/May/2020:10:11:23 -0700] "GET /gfx/logos/apple-icon-114x114.png HTTP/1.1" 200 9256 "-" "Googlebot-Image/1.0" 
66.249.66.48 - - [29/May/2020:10:11:23 -0700] "GET /favicon.ico HTTP/1.1" 200 534 "-" "Googlebot-Image/1.0" 
66.249.66.48 - - [29/May/2020:10:11:24 -0700] "GET /gfx/logos/apple-icon-57x57.png HTTP/1.1" 200 4847 "-" "Googlebot-Image/1.0" 
46.229.168.137 - - [29/May/2020:10:11:33 -0700] "GET /tag/indieweb?offset=124 HTTP/1.1" 200 11976 "-" "Mozilla/5.0 (compatible; SemrushBot/6~bl; +http://www.semrush.com/bot.html)" 
46.229.168.144 - - [29/May/2020:10:11:42 -0700] "GET /content/photos/?offset=7&q=%23%2B%23%23bread HTTP/1.1" 200 12565 "-" "Mozilla/5.0 (compatible; SemrushBot/6~bl; +http://www.semrush.com/bot.html)" 
75.164.251.69 - - [29/May/2020:10:11:51 -0700] "GET /?_t=rss HTTP/1.1" 200 7400 "-" "Mozilla/5.0 (Windows NT 10.0; Win64; x64; rv:76.0) Gecko/20100101 Firefox/76.0" 
46.229.168.129 - - [29/May/2020:10:12:25 -0700] "GET /?offset=10&q=%23%2B%23Rome HTTP/1.1" 200 9962 "-" "Mozilla/5.0 (compatible; SemrushBot/6~bl; +http://www.semrush.com/bot.html)" 
46.229.168.140 - - [29/May/2020:10:14:47 -0700] "GET /tag/bread?offset=4 HTTP/1.1" 200 12324 "-" "Mozilla/5.0 (compatible; SemrushBot/6~bl; +http://www.semrush.com/bot.html)" 
75.164.251.69 - - [29/May/2020:10:14:47 -0700] "GET /?_t=rss HTTP/1.1" 200 4221 "-" "Mozilla/5.0 (Windows NT 10.0; Win64; x64; rv:76.0) Gecko/20100101 Firefox/76.0" 
207.46.13.85 - - [29/May/2020:10:15:07 -0700] "GET /2019/hashtags-html HTTP/1.1" 200 9611 "-" "Mozilla/5.0 (compatible; bingbot/2.0; +http://www.bing.com/bingbot.htm)" 
66.249.66.46 - - [29/May/2020:10:15:32 -0700] "GET /content/photos/?offset=500&_t=rss HTTP/1.1" 200 7931 "-" "Mozilla/5.0 (Linux; Android 6.0.1; Nexus 5X Build/MMB29P) AppleWebKit/537.36 (KHTML, like Gecko) Chrome/80.0.3987.92 Mobile Safari/537.36 (compatible; Googlebot/2.1; +http://www.google.com/bot.html)" 
46.229.168.139 - - [29/May/2020:10:15:49 -0700] "GET /2017/post-kinds-plugin-for-wordpress HTTP/1.1" 200 9602 "-" "Mozilla/5.0 (compatible; SemrushBot/6~bl; +http://www.semrush.com/bot.html)" 
18.206.187.81 - - [29/May/2020:10:16:30 -0700] "GET / HTTP/1.1" 200 11697 "-" "CCBot/2.0 (https://commoncrawl.org/faq/)" 
46.229.168.131 - - [29/May/2020:10:16:58 -0700] "GET /content/all/?offset=30&q=%23withknown HTTP/1.1" 200 13622 "-" "Mozilla/5.0 (compatible; SemrushBot/6~bl; +http://www.semrush.com/bot.html)" 
114.119.165.37 - - [29/May/2020:10:16:59 -0700] "GET /tag/Indieweb?offset=90 HTTP/1.1" 200 15442 "-" "Mozilla/5.0 (Linux; Android 7.0;) AppleWebKit/537.36 (KHTML, like Gecko) Mobile Safari/537.36 (compatible; PetalBot;+https://aspiegel.com/petalbot)" 
75.164.251.69 - - [29/May/2020:10:17:22 -0700] "GET /?_t=rss HTTP/1.1" 200 7400 "-" "Mozilla/5.0 (Windows NT 10.0; Win64; x64; rv:76.0) Gecko/20100101 Firefox/76.0" 
18.206.187.81 - - [29/May/2020:10:17:33 -0700] "GET /service/web/imageproxy/aHR0cHM6Ly93d3cuZ3JhdmF0YXIuY29tL2F2YXRhci9jMWQ0NGQ5OTM5OWFiNjRiNmEzMGRjOGE1OTVjMjgyYT9zPTk2JmQ9aHR0cHMlM0ElMkYlMkZtaWNyby5ibG9nJTJGaW1hZ2VzJTJGYmxhbmtfYXZhdGFyLnBuZw,,/300/square HTTP/1.1" 200 4640 "-" "CCBot/2.0 (https://commoncrawl.org/faq/)" 
157.55.39.69 - - [29/May/2020:10:17:38 -0700] "GET /2018/what-is-the-stuff-that-oozes-out-of-supermarket-bacon HTTP/1.1" 200 12813 "-" "Mozilla/5.0 (compatible; bingbot/2.0; +http://www.bing.com/bingbot.htm)" 
46.229.168.150 - - [29/May/2020:10:17:42 -0700] "GET /tag/Indieweb?offset=50 HTTP/1.1" 200 12947 "-" "Mozilla/5.0 (compatible; SemrushBot/6~bl; +http://www.semrush.com/bot.html)" 
96.126.125.129 - - [29/May/2020:10:18:00 -0700] "GET /content/statusupdates/posts/photos/checkins/bookmarkedpages?_t=rss HTTP/1.1" 200 7712 "-" "Micro.blog/1.0" 
46.229.168.132 - - [29/May/2020:10:18:04 -0700] "GET /2019/a-perfect-day-for-playing-hookey HTTP/1.1" 200 12962 "-" "Mozilla/5.0 (compatible; SemrushBot/6~bl; +http://www.semrush.com/bot.html)" 
46.229.168.148 - - [29/May/2020:10:19:14 -0700] "GET /2019/really-real HTTP/1.1" 200 9618 "-" "Mozilla/5.0 (compatible; SemrushBot/6~bl; +http://www.semrush.com/bot.html)" 
46.229.168.147 - - [29/May/2020:10:19:36 -0700] "GET /content/all/?offset=47&q=%23IndieWeb HTTP/1.1" 200 12465 "-" "Mozilla/5.0 (compatible; SemrushBot/6~bl; +http://www.semrush.com/bot.html)" 
75.164.251.69 - - [29/May/2020:10:20:07 -0700] "GET /?_t=rss HTTP/1.1" 200 4221 "-" "Mozilla/5.0 (Windows NT 10.0; Win64; x64; rv:76.0) Gecko/20100101 Firefox/76.0" 
46.229.168.148 - - [29/May/2020:10:20:11 -0700] "GET /2018/can-i-blame-flying-on-sunday-morning HTTP/1.1" 200 9941 "-" "Mozilla/5.0 (compatible; SemrushBot/6~bl; +http://www.semrush.com/bot.html)" 
46.229.168.130 - - [29/May/2020:10:20:58 -0700] "GET /2019/thinking-about-the-land-a-personal-perspective-on-the-origin HTTP/1.1" 200 9901 "-" "Mozilla/5.0 (compatible; SemrushBot/6~bl; +http://www.semrush.com/bot.html)" 
46.229.168.141 - - [29/May/2020:10:21:01 -0700] "GET /tag/IndieWeb?offset=20 HTTP/1.1" 200 11494 "-" "Mozilla/5.0 (compatible; SemrushBot/6~bl; +http://www.semrush.com/bot.html)" 
66.249.66.44 - - [29/May/2020:10:21:09 -0700] "GET /2017/checked-into-il-vinaietto?_t=rss HTTP/1.1" 200 5445 "-" "Mozilla/5.0 (Linux; Android 6.0.1; Nexus 5X Build/MMB29P) AppleWebKit/537.36 (KHTML, like Gecko) Chrome/80.0.3987.92 Mobile Safari/537.36 (compatible; Googlebot/2.1; +http://www.google.com/bot.html)" 
46.229.168.143 - - [29/May/2020:10:21:25 -0700] "GET /content/audio/?q=%23%2B%23photo HTTP/1.1" 200 8501 "-" "Mozilla/5.0 (compatible; SemrushBot/6~bl; +http://www.semrush.com/bot.html)" 
46.229.168.136 - - [29/May/2020:10:21:35 -0700] "GET /content/statusupdates/?offset=20&q=%23%2B%23IndieWeb HTTP/1.1" 200 11451 "-" "Mozilla/5.0 (compatible; SemrushBot/6~bl; +http://www.semrush.com/bot.html)" 
46.229.168.143 - - [29/May/2020:10:21:54 -0700] "GET /content/all/?offset=131&q=%23indieweb HTTP/1.1" 200 12738 "-" "Mozilla/5.0 (compatible; SemrushBot/6~bl; +http://www.semrush.com/bot.html)" 
46.229.168.138 - - [29/May/2020:10:22:09 -0700] "GET /tag/podcast?offset=53 HTTP/1.1" 200 10557 "-" "Mozilla/5.0 (compatible; SemrushBot/6~bl; +http://www.semrush.com/bot.html)" 
75.164.251.69 - - [29/May/2020:10:22:51 -0700] "GET /?_t=rss HTTP/1.1" 200 7400 "-" "Mozilla/5.0 (Windows NT 10.0; Win64; x64; rv:76.0) Gecko/20100101 Firefox/76.0" 
46.229.168.144 - - [29/May/2020:10:22:58 -0700] "GET /?offset=13&q=%23Sourdough HTTP/1.1" 200 12234 "-" "Mozilla/5.0 (compatible; SemrushBot/6~bl; +http://www.semrush.com/bot.html)" 
114.119.162.106 - - [29/May/2020:10:23:31 -0700] "GET /tag/+%23e HTTP/1.1" 200 8244 "-" "Mozilla/5.0 (Linux; Android 7.0;) AppleWebKit/537.36 (KHTML, like Gecko) Mobile Safari/537.36 (compatible; PetalBot;+https://aspiegel.com/petalbot)" 
46.229.168.162 - - [29/May/2020:10:23:33 -0700] "GET /2019/i-too-am-looking-forward-to-day HTTP/1.1" 200 9584 "-" "Mozilla/5.0 (compatible; SemrushBot/6~bl; +http://www.semrush.com/bot.html)" 
157.55.39.69 - - [29/May/2020:10:24:04 -0700] "GET /2017/the-value-of-explaining-yourself HTTP/1.1" 200 10379 "-" "Mozilla/5.0 (compatible; bingbot/2.0; +http://www.bing.com/bingbot.htm)" 
157.55.39.69 - - [29/May/2020:10:24:52 -0700] "GET /content/all/?_t=rss HTTP/1.1" 200 7419 "-" "Mozilla/5.0 (compatible; bingbot/2.0; +http://www.bing.com/bingbot.htm)" 
66.249.66.48 - - [29/May/2020:10:25:00 -0700] "GET /2018/just-like-old-times?_t=rss HTTP/1.1" 200 5401 "-" "Mozilla/5.0 (Linux; Android 6.0.1; Nexus 5X Build/MMB29P) AppleWebKit/537.36 (KHTML, like Gecko) Chrome/80.0.3987.92 Mobile Safari/537.36 (compatible; Googlebot/2.1; +http://www.google.com/bot.html)" 
75.164.251.69 - - [29/May/2020:10:25:54 -0700] "GET /?_t=rss HTTP/1.1" 200 4221 "-" "Mozilla/5.0 (Windows NT 10.0; Win64; x64; rv:76.0) Gecko/20100101 Firefox/76.0" 
64.111.100.215 - - [29/May/2020:10:26:47 -0700] "GET /content/all?_t=rss HTTP/1.1" 200 14573 "-" "Mozilla/5.0 (X11; U; Linux i686; fr; rv:1.9.1.1) Gecko/20090715 Firefox/3.5.1" 
46.229.168.132 - - [29/May/2020:10:27:51 -0700] "GET /content/statusupdates/?q=%23Corfu HTTP/1.1" 200 8525 "-" "Mozilla/5.0 (compatible; SemrushBot/6~bl; +http://www.semrush.com/bot.html)" 
46.229.168.131 - - [29/May/2020:10:27:54 -0700] "GET /2019/good-work-so-far-as-you-note HTTP/1.1" 200 9812 "-" "Mozilla/5.0 (compatible; SemrushBot/6~bl; +http://www.semrush.com/bot.html)" 
46.229.168.161 - - [29/May/2020:10:27:55 -0700] "GET /2017/test-post-of-photo-from-os-x HTTP/1.1" 200 9592 "-" "Mozilla/5.0 (compatible; SemrushBot/6~bl; +http://www.semrush.com/bot.html)" 
75.164.251.69 - - [29/May/2020:10:29:08 -0700] "GET /?_t=rss HTTP/1.1" 200 7400 "-" "Mozilla/5.0 (Windows NT 10.0; Win64; x64; rv:76.0) Gecko/20100101 Firefox/76.0" 
46.229.168.163 - - [29/May/2020:10:29:43 -0700] "GET /2017/why-facebook-is-in-a-hole-over-data-mining-john HTTP/1.1" 200 10006 "-" "Mozilla/5.0 (compatible; SemrushBot/6~bl; +http://www.semrush.com/bot.html)" 
114.119.165.2 - - [29/May/2020:10:30:06 -0700] "GET /tag/+%23podcasting HTTP/1.1" 200 13276 "-" "Mozilla/5.0 (Linux; Android 7.0;) AppleWebKit/537.36 (KHTML, like Gecko) Mobile Safari/537.36 (compatible; PetalBot;+https://aspiegel.com/petalbot)" 
167.99.96.232 - - [29/May/2020:10:30:21 -0700] "GET /?_t=rss HTTP/1.1" 200 7133 "-" "Feedbin feed-id:1536727 - 1 subscribers" 
18.212.206.65 - - [29/May/2020:10:30:32 -0700] "GET /?_t=rss HTTP/1.1" 200 7363 "-" "glitch-feeder/1.0 (+https://glitch.com/~lmo-feeder)" 
18.206.187.81 - - [29/May/2020:10:31:00 -0700] "GET /2020/maybe-id-like-to-find-some-time-but-it-just HTTP/1.1" 200 9401 "-" "CCBot/2.0 (https://commoncrawl.org/faq/)" 
46.229.168.150 - - [29/May/2020:10:31:44 -0700] "GET /robots.txt HTTP/1.1" 200 4552 "-" "Mozilla/5.0 (compatible; SemrushBot/6~bl; +http://www.semrush.com/bot.html)" 
46.229.168.143 - - [29/May/2020:10:31:45 -0700] "GET /tag/+%23%23indieweb?offset=0 HTTP/1.1" 200 14906 "-" "Mozilla/5.0 (compatible; SemrushBot/6~bl; +http://www.semrush.com/bot.html)" 
54.36.148.152 - - [29/May/2020:10:32:11 -0700] "GET /2019/good-work-so-far-as-you-note HTTP/1.1" 200 9533 "-" "Mozilla/5.0 (compatible; AhrefsBot/6.1; +http://ahrefs.com/robot/)" 
75.164.251.69 - - [29/May/2020:10:32:20 -0700] "GET /?_t=rss HTTP/1.1" 200 4221 "-" "Mozilla/5.0 (Windows NT 10.0; Win64; x64; rv:76.0) Gecko/20100101 Firefox/76.0" 
54.36.149.96 - - [29/May/2020:10:32:36 -0700] "GET /?q=%23+%23food&offset=50 HTTP/1.1" 200 9937 "-" "Mozilla/5.0 (compatible; AhrefsBot/6.1; +http://ahrefs.com/robot/)" 
54.36.148.252 - - [29/May/2020:10:33:02 -0700] "GET /?q=%23IndieWeb&offset=120 HTTP/1.1" 200 11755 "-" "Mozilla/5.0 (compatible; AhrefsBot/6.1; +http://ahrefs.com/robot/)" 
184.169.244.234 - - [29/May/2020:10:33:05 -0700] "GET /file/ef801e05730eba56004c5b712ad84731/thumb.jpg HTTP/1.1" 200 26040 "http://cdevroe.com/2018/08/20/photos-for-mac-isnt-a-long-term-photo-library-option/" "Mozilla/5.0 (Macintosh; Intel Mac OS X 10_15_4) AppleWebKit/537.36 (KHTML, like Gecko) Chrome/83.0.4103.61 Safari/537.36" 
46.229.168.162 - - [29/May/2020:10:33:20 -0700] "GET /2018/not-very-detailed-is-exactly-what-we HTTP/1.1" 200 9622 "-" "Mozilla/5.0 (compatible; SemrushBot/6~bl; +http://www.semrush.com/bot.html)" 
54.36.148.102 - - [29/May/2020:10:33:29 -0700] "GET /tag/Indieweb?offset=0 HTTP/1.1" 200 14719 "-" "Mozilla/5.0 (compatible; AhrefsBot/6.1; +http://ahrefs.com/robot/)" 
46.229.168.152 - - [29/May/2020:10:33:32 -0700] "GET /content/all/?offset=0&q=%23Indieweb HTTP/1.1" 200 15000 "-" "Mozilla/5.0 (compatible; SemrushBot/6~bl; +http://www.semrush.com/bot.html)" 
54.159.113.194 - - [29/May/2020:10:33:56 -0700] "GET /profile/jeremy?_t=rss HTTP/1.1" 304 3480 "https://www.google.com/" "Mozilla/5.0 (Macintosh; Intel Mac OS X 10_12_6) AppleWebKit/537.36 (KHTML, like Gecko) Chrome/80.0.3987.132 Safari/537.36" 
46.229.168.139 - - [29/May/2020:10:33:58 -0700] "GET /2017/a-short-note-about-web-standards-from-your-friends-at HTTP/1.1" 200 9535 "-" "Mozilla/5.0 (compatible; SemrushBot/6~bl; +http://www.semrush.com/bot.html)" 
54.36.148.152 - - [29/May/2020:10:33:58 -0700] "GET /tag/Indieweb?offset=10 HTTP/1.1" 200 11722 "-" "Mozilla/5.0 (compatible; AhrefsBot/6.1; +http://ahrefs.com/robot/)" 
46.229.168.138 - - [29/May/2020:10:34:01 -0700] "GET /?offset=120&q=%23%2B%23IndieWeb HTTP/1.1" 200 12007 "-" "Mozilla/5.0 (compatible; SemrushBot/6~bl; +http://www.semrush.com/bot.html)" 
54.36.148.252 - - [29/May/2020:10:34:24 -0700] "GET /tag/indieweb?offset=120 HTTP/1.1" 200 11718 "-" "Mozilla/5.0 (compatible; AhrefsBot/6.1; +http://ahrefs.com/robot/)" 
46.229.168.143 - - [29/May/2020:10:34:24 -0700] "GET /?offset=24&q=%23WithKnown HTTP/1.1" 200 14023 "-" "Mozilla/5.0 (compatible; SemrushBot/6~bl; +http://www.semrush.com/bot.html)" 
46.229.168.148 - - [29/May/2020:10:34:28 -0700] "GET /2020/2020-02-26 HTTP/1.1" 200 10717 "-" "Mozilla/5.0 (compatible; SemrushBot/6~bl; +http://www.semrush.com/bot.html)" 
66.249.66.46 - - [29/May/2020:10:34:28 -0700] "GET /view/645f808b21485149ebbe0ea29f3a0f39?_t=rss HTTP/1.1" 200 5404 "-" "Mozilla/5.0 (Linux; Android 6.0.1; Nexus 5X Build/MMB29P) AppleWebKit/537.36 (KHTML, like Gecko) Chrome/80.0.3987.92 Mobile Safari/537.36 (compatible; Googlebot/2.1; +http://www.google.com/bot.html)" 
54.36.148.202 - - [29/May/2020:10:34:48 -0700] "GET /tag/podcast?offset=26 HTTP/1.1" 200 11849 "-" "Mozilla/5.0 (compatible; AhrefsBot/6.1; +http://ahrefs.com/robot/)" 
40.77.167.240 - - [29/May/2020:10:34:49 -0700] "GET /2018/nature-doesnt-refine-sugar-but-refined-sugar-goes-into-your HTTP/1.1" 200 9687 "-" "Mozilla/5.0 (compatible; bingbot/2.0; +http://www.bing.com/bingbot.htm)" 
203.133.169.112 - - [29/May/2020:10:35:09 -0700] "GET /2020/podcastings-biggest-mistake HTTP/1.1" 200 28832 "-" "Mozilla/5.0 (compatible; Daum/4.1; +http://cs.daum.net/faq/15/4118.html?faqId=28966)" 
54.36.149.46 - - [29/May/2020:10:35:13 -0700] "GET /file/812fc68af0196182006c7a4c22a791c2/c49cfd726872728a080c8d00fc0a5f98 HTTP/1.1" 500 53566 "-" "Mozilla/5.0 (compatible; AhrefsBot/6.1; +http://ahrefs.com/robot/)" 
203.133.169.112 - - [29/May/2020:10:35:25 -0700] "GET /robots.txt HTTP/1.1" 200 4369 "-" "Mozilla/5.0 (compatible; Daum/4.1; +http://cs.daum.net/faq/15/4118.html?faqId=28966)" 
203.133.169.112 - - [29/May/2020:10:35:26 -0700] "GET /2017/the-indieweb-includes-rss-and-much-more-but-davewiner-is-still-resisting-change-1 HTTP/1.1" 200 29712 "-" "Mozilla/5.0 (compatible; Daum/4.1; +http://cs.daum.net/faq/15/4118.html?faqId=28966)" 
75.164.251.69 - - [29/May/2020:10:35:33 -0700] "GET /?_t=rss HTTP/1.1" 200 7400 "-" "Mozilla/5.0 (Windows NT 10.0; Win64; x64; rv:76.0) Gecko/20100101 Firefox/76.0" 
203.133.169.112 - - [29/May/2020:10:35:34 -0700] "GET /2019/thanks-for-your-thoughts-aaron-you-raise?_t=rss HTTP/1.1" 200 6283 "-" "Mozilla/5.0 (compatible; Daum/4.1; +http://cs.daum.net/faq/15/4118.html?faqId=28966)" 
54.36.148.2 - - [29/May/2020:10:35:40 -0700] "GET /file/d0ce3bd5676517aa90285b2a2b1e573d/e2294bc0a19f475e41ef14ee7fe576b3 HTTP/1.1" 500 78221 "-" "Mozilla/5.0 (compatible; AhrefsBot/6.1; +http://ahrefs.com/robot/)" 
203.133.169.112 - - [29/May/2020:10:35:59 -0700] "GET /service/web/imageproxy/aHR0cHM6Ly9wYnMudHdpbWcuY29tL3Byb2ZpbGVfaW1hZ2VzLzc0OTExNTcwNDUzMjYyMzM2MS9tQzZLRGRRaC5qcGc,/300/square HTTP/1.1" 200 20248 "-" "Mozilla/5.0 (compatible; Daum/4.1; +http://cs.daum.net/faq/15/4118.html?faqId=28966)" 
46.229.168.138 - - [29/May/2020:10:36:00 -0700] "GET /2018/-the-world-is-a-terrible-place-right-now-and HTTP/1.1" 200 9669 "-" "Mozilla/5.0 (compatible; SemrushBot/6~bl; +http://www.semrush.com/bot.html)" 
203.133.169.112 - - [29/May/2020:10:36:06 -0700] "GET /2019/airbnb-promises-to-verify-all-7-million HTTP/1.1" 200 30112 "-" "Mozilla/5.0 (compatible; Daum/4.1; +http://cs.daum.net/faq/15/4118.html?faqId=28966)" 
54.36.148.52 - - [29/May/2020:10:36:10 -0700] "GET /2017/well-it-has-been-a-long-couple-of-days-but HTTP/1.1" 200 10024 "-" "Mozilla/5.0 (compatible; AhrefsBot/6.1; +http://ahrefs.com/robot/)" 
203.133.169.112 - - [29/May/2020:10:36:17 -0700] "GET /2020/podcastings-biggest-mistake HTTP/1.1" 200 28832 "-" "Mozilla/5.0 (compatible; Daum/4.1; +http://cs.daum.net/faq/15/4118.html?faqId=28966)" 
114.119.162.106 - - [29/May/2020:10:36:31 -0700] "GET /tag/IndieWeb?offset=120 HTTP/1.1" 200 11748 "-" "Mozilla/5.0 (Linux; Android 7.0;) AppleWebKit/537.36 (KHTML, like Gecko) Mobile Safari/537.36 (compatible; PetalBot;+https://aspiegel.com/petalbot)" 
183.136.225.46 - - [29/May/2020:10:36:32 -0700] "GET / HTTP/1.1" 200 51501 "-" "Mozilla/5.0 (Macintosh; Intel Mac OS X 10.11; rv:47.0) Gecko/20100101 Firefox/47.0" 
203.133.169.112 - - [29/May/2020:10:36:34 -0700] "GET /2017/the-indieweb-includes-rss-and-much-more-but-davewiner-is-still-resisting-change-1 HTTP/1.1" 200 29712 "-" "Mozilla/5.0 (compatible; Daum/4.1; +http://cs.daum.net/faq/15/4118.html?faqId=28966)" 
54.36.148.152 - - [29/May/2020:10:36:41 -0700] "GET /?q=%23+%23%23bread&offset=80 HTTP/1.1" 200 11513 "-" "Mozilla/5.0 (compatible; AhrefsBot/6.1; +http://ahrefs.com/robot/)" 
203.133.169.112 - - [29/May/2020:10:36:45 -0700] "GET /2019/thanks-for-your-thoughts-aaron-you-raise?_t=rss HTTP/1.1" 200 6283 "-" "Mozilla/5.0 (compatible; Daum/4.1; +http://cs.daum.net/faq/15/4118.html?faqId=28966)" 
18.206.187.81 - - [29/May/2020:10:36:46 -0700] "GET /file/7a4baa89cc270745fff575410c03988d HTTP/1.1" 404 7962 "-" "CCBot/2.0 (https://commoncrawl.org/faq/)" 
203.133.169.112 - - [29/May/2020:10:37:05 -0700] "GET /service/web/imageproxy/aHR0cHM6Ly9wYnMudHdpbWcuY29tL3Byb2ZpbGVfaW1hZ2VzLzc0OTExNTcwNDUzMjYyMzM2MS9tQzZLRGRRaC5qcGc,/300/square HTTP/1.1" 200 20248 "-" "Mozilla/5.0 (compatible; Daum/4.1; +http://cs.daum.net/faq/15/4118.html?faqId=28966)" 
54.36.149.96 - - [29/May/2020:10:37:11 -0700] "GET /?q=%23+%23indieweb&offset=110 HTTP/1.1" 200 11989 "-" "Mozilla/5.0 (compatible; AhrefsBot/6.1; +http://ahrefs.com/robot/)" 
203.133.169.112 - - [29/May/2020:10:37:11 -0700] "GET /2019/airbnb-promises-to-verify-all-7-million HTTP/1.1" 200 30112 "-" "Mozilla/5.0 (compatible; Daum/4.1; +http://cs.daum.net/faq/15/4118.html?faqId=28966)" 
54.36.149.46 - - [29/May/2020:10:37:38 -0700] "GET /?q=%23Sourdough&offset=36 HTTP/1.1" 200 11225 "-" "Mozilla/5.0 (compatible; AhrefsBot/6.1; +http://ahrefs.com/robot/)" 
18.206.187.81 - - [29/May/2020:10:37:38 -0700] "GET /2018/better-blending-of-micro-formats-with-wordpress-themes-interdependent-thoughts HTTP/1.1" 304 3531 "-" "CCBot/2.0 (https://commoncrawl.org/faq/)" 
46.229.168.133 - - [29/May/2020:10:37:42 -0700] "GET /2019/it-has-been-an-awful-spring-for-the-frangipani-this HTTP/1.1" 200 13575 "-" "Mozilla/5.0 (compatible; SemrushBot/6~bl; +http://www.semrush.com/bot.html)" 
54.36.148.102 - - [29/May/2020:10:38:07 -0700] "GET /?q=%23bread&offset=80 HTTP/1.1" 200 11486 "-" "Mozilla/5.0 (compatible; AhrefsBot/6.1; +http://ahrefs.com/robot/)" 
75.164.251.69 - - [29/May/2020:10:38:32 -0700] "GET /?_t=rss HTTP/1.1" 200 4221 "-" "Mozilla/5.0 (Windows NT 10.0; Win64; x64; rv:76.0) Gecko/20100101 Firefox/76.0" 
54.36.149.96 - - [29/May/2020:10:38:34 -0700] "GET /content/all/?q=%23+%23%23bread&offset=80 HTTP/1.1" 200 11532 "-" "Mozilla/5.0 (compatible; AhrefsBot/6.1; +http://ahrefs.com/robot/)" 
206.248.184.196 - - [29/May/2020:10:38:38 -0700] "GET /content/all/?_t=rss HTTP/1.1" 304 3531 "-" "NetNewsWire (RSS Reader; https://ranchero.com/netnewswire/)" 
54.36.149.46 - - [29/May/2020:10:39:00 -0700] "GET /content/all/?q=%23+%23indieweb&offset=110 HTTP/1.1" 200 12006 "-" "Mozilla/5.0 (compatible; AhrefsBot/6.1; +http://ahrefs.com/robot/)" 
46.229.168.133 - - [29/May/2020:10:39:09 -0700] "GET /tag/photo?offset=9 HTTP/1.1" 200 14489 "-" "Mozilla/5.0 (compatible; SemrushBot/6~bl; +http://www.semrush.com/bot.html)" 
46.229.168.152 - - [29/May/2020:10:39:11 -0700] "GET /content/all/?q=%23%2B%23latteriastudio HTTP/1.1" 200 10927 "-" "Mozilla/5.0 (compatible; SemrushBot/6~bl; +http://www.semrush.com/bot.html)" 
54.36.148.102 - - [29/May/2020:10:39:28 -0700] "GET /content/all/?q=%23IndieWeb&offset=130 HTTP/1.1" 200 12663 "-" "Mozilla/5.0 (compatible; AhrefsBot/6.1; +http://ahrefs.com/robot/)" 
46.229.168.144 - - [29/May/2020:10:39:32 -0700] "GET /content/all/?offset=2&q=%23%2B%23podcast HTTP/1.1" 200 12319 "-" "Mozilla/5.0 (compatible; SemrushBot/6~bl; +http://www.semrush.com/bot.html)" 
54.36.148.252 - - [29/May/2020:10:39:56 -0700] "GET /content/all/?q=%23Sourdough&offset=36 HTTP/1.1" 200 11245 "-" "Mozilla/5.0 (compatible; AhrefsBot/6.1; +http://ahrefs.com/robot/)" 
54.36.148.152 - - [29/May/2020:10:40:24 -0700] "GET /content/bookmarkedpages/?q=%23Indieweb&offset=0 HTTP/1.1" 200 10915 "-" "Mozilla/5.0 (compatible; AhrefsBot/6.1; +http://ahrefs.com/robot/)" 
54.36.148.252 - - [29/May/2020:10:40:51 -0700] "GET /content/bookmarkedpages/?q=%23Indieweb&offset=10 HTTP/1.1" 200 10949 "-" "Mozilla/5.0 (compatible; AhrefsBot/6.1; +http://ahrefs.com/robot/)" 
75.164.251.69 - - [29/May/2020:10:41:05 -0700] "GET /?_t=rss HTTP/1.1" 200 7400 "-" "Mozilla/5.0 (Windows NT 10.0; Win64; x64; rv:76.0) Gecko/20100101 Firefox/76.0" 
54.36.148.102 - - [29/May/2020:10:41:20 -0700] "GET /2018/social-software-works-in-triangles-interdependent-thoughts HTTP/1.1" 200 9378 "-" "Mozilla/5.0 (compatible; AhrefsBot/6.1; +http://ahrefs.com/robot/)" 
54.36.148.152 - - [29/May/2020:10:41:46 -0700] "GET /2018/with-rad-podcasters-can-finally-learn-whos-listening HTTP/1.1" 200 9337 "-" "Mozilla/5.0 (compatible; AhrefsBot/6.1; +http://ahrefs.com/robot/)" 
54.36.148.252 - - [29/May/2020:10:42:13 -0700] "GET /2019/ive-always-fond-rss-indispensable-as-for HTTP/1.1" 200 9482 "-" "Mozilla/5.0 (compatible; AhrefsBot/6.1; +http://ahrefs.com/robot/)" 
54.36.148.52 - - [29/May/2020:10:42:39 -0700] "GET /2019/quite-by-coincidence-im-sure-i-just HTTP/1.1" 200 10369 "-" "Mozilla/5.0 (compatible; AhrefsBot/6.1; +http://ahrefs.com/robot/)" 
114.119.165.105 - - [29/May/2020:10:43:00 -0700] "GET /tag/indieweb?offset=20 HTTP/1.1" 200 11279 "-" "Mozilla/5.0 (Linux; Android 7.0;) AppleWebKit/537.36 (KHTML, like Gecko) Mobile Safari/537.36 (compatible; PetalBot;+https://aspiegel.com/petalbot)" 
54.36.149.46 - - [29/May/2020:10:43:05 -0700] "GET /2019/that-takes-me-back HTTP/1.1" 200 9310 "-" "Mozilla/5.0 (compatible; AhrefsBot/6.1; +http://ahrefs.com/robot/)" 
46.229.168.150 - - [29/May/2020:10:43:10 -0700] "GET /robots.txt HTTP/1.1" 200 4576 "-" "Mozilla/5.0 (compatible; SemrushBot/6~bl; +http://www.semrush.com/bot.html)" 
46.229.168.153 - - [29/May/2020:10:43:10 -0700] "GET /content/audio/?q=%23Greece HTTP/1.1" 200 8517 "-" "Mozilla/5.0 (compatible; SemrushBot/6~bl; +http://www.semrush.com/bot.html)" 
54.36.148.2 - - [29/May/2020:10:43:33 -0700] "GET /2019/the-future-book-is-here-but-its-not-what-we HTTP/1.1" 200 9476 "-" "Mozilla/5.0 (compatible; AhrefsBot/6.1; +http://ahrefs.com/robot/)" 
75.164.251.69 - - [29/May/2020:10:43:37 -0700] "GET /?_t=rss HTTP/1.1" 200 4221 "-" "Mozilla/5.0 (Windows NT 10.0; Win64; x64; rv:76.0) Gecko/20100101 Firefox/76.0" 
66.249.66.46 - - [29/May/2020:10:43:56 -0700] "GET /view/4b5b3126f6d0df6eadb59ba0c5d6da27?_t=rss HTTP/1.1" 200 5479 "-" "Mozilla/5.0 (Linux; Android 6.0.1; Nexus 5X Build/MMB29P) AppleWebKit/537.36 (KHTML, like Gecko) Chrome/80.0.3987.92 Mobile Safari/537.36 (compatible; Googlebot/2.1; +http://www.google.com/bot.html)" 
66.249.66.48 - - [29/May/2020:10:43:56 -0700] "GET /robots.txt HTTP/1.1" 200 4589 "-" "Mozilla/5.0 (compatible; Googlebot/2.1; +http://www.google.com/bot.html)" 
54.36.148.252 - - [29/May/2020:10:44:00 -0700] "GET /2019/why-you-should-start-a-blog-in-2019 HTTP/1.1" 200 9355 "-" "Mozilla/5.0 (compatible; AhrefsBot/6.1; +http://ahrefs.com/robot/)" 
64.111.100.215 - - [29/May/2020:10:44:00 -0700] "GET /content/all?_t=rss HTTP/1.1" 200 14573 "-" "Mozilla/5.0 (X11; U; Linux i686; fr; rv:1.9.1.1) Gecko/20090715 Firefox/3.5.1" 
46.229.168.149 - - [29/May/2020:10:44:10 -0700] "GET /content/all/?q=%23Greece HTTP/1.1" 200 9745 "-" "Mozilla/5.0 (compatible; SemrushBot/6~bl; +http://www.semrush.com/bot.html)" 
45.79.26.51 - - [29/May/2020:10:44:16 -0700] "GET /content/statusupdates/posts/photos/checkins/bookmarkedpages?_t=rss HTTP/1.1" 200 7707 "-" "Micro.blog/1.0" 
54.36.148.102 - - [29/May/2020:10:44:27 -0700] "GET /?q=%23+%23bread&offset=70 HTTP/1.1" 200 11879 "-" "Mozilla/5.0 (compatible; AhrefsBot/6.1; +http://ahrefs.com/robot/)" 
45.79.26.51 - - [29/May/2020:10:44:41 -0700] "GET /content/statusupdates/posts/photos/checkins/bookmarkedpages?_t=rss HTTP/1.1" 200 7707 "-" "Micro.blog/1.0" 
54.36.149.46 - - [29/May/2020:10:44:57 -0700] "GET /content/all/?q=%23+%23bread&offset=70 HTTP/1.1" 200 11901 "-" "Mozilla/5.0 (compatible; AhrefsBot/6.1; +http://ahrefs.com/robot/)" 
46.229.168.149 - - [29/May/2020:10:45:11 -0700] "GET /content/photos/?offset=63&q=%23bread HTTP/1.1" 200 10318 "-" "Mozilla/5.0 (compatible; SemrushBot/6~bl; +http://www.semrush.com/bot.html)" 
46.229.168.133 - - [29/May/2020:10:45:30 -0700] "GET /?offset=31&q=%23WithKnown HTTP/1.1" 200 13484 "-" "Mozilla/5.0 (compatible; SemrushBot/6~bl; +http://www.semrush.com/bot.html)" 
54.36.148.202 - - [29/May/2020:10:45:31 -0700] "GET /content/all/?q=%23bread&offset=87 HTTP/1.1" 200 8815 "-" "Mozilla/5.0 (compatible; AhrefsBot/6.1; +http://ahrefs.com/robot/)" 
46.229.168.152 - - [29/May/2020:10:45:36 -0700] "GET /2018/in-a-word-yes-or-no-if HTTP/1.1" 200 9644 "-" "Mozilla/5.0 (compatible; SemrushBot/6~bl; +http://www.semrush.com/bot.html)" 
54.36.148.202 - - [29/May/2020:10:46:02 -0700] "GET /content/bookmarkedpages/?offset=160 HTTP/1.1" 200 10326 "-" "Mozilla/5.0 (compatible; AhrefsBot/6.1; +http://ahrefs.com/robot/)" 
75.164.251.69 - - [29/May/2020:10:46:14 -0700] "GET /?_t=rss HTTP/1.1" 200 7400 "-" "Mozilla/5.0 (Windows NT 10.0; Win64; x64; rv:76.0) Gecko/20100101 Firefox/76.0" 
54.36.148.152 - - [29/May/2020:10:46:34 -0700] "GET /content/statusupdates/?offset=160 HTTP/1.1" 200 11552 "-" "Mozilla/5.0 (compatible; AhrefsBot/6.1; +http://ahrefs.com/robot/)" 
54.36.148.52 - - [29/May/2020:10:47:04 -0700] "GET /content/photos/?q=%23+%23bread&offset=67 HTTP/1.1" 200 8816 "-" "Mozilla/5.0 (compatible; AhrefsBot/6.1; +http://ahrefs.com/robot/)" 
54.36.149.96 - - [29/May/2020:10:47:36 -0700] "GET /file/ff098edfb04a8fa1bfb3129dd7497f99/8a5499d2d03f3bc2eda6c1bf9c712760 HTTP/1.1" 500 70000 "-" "Mozilla/5.0 (compatible; AhrefsBot/6.1; +http://ahrefs.com/robot/)" 
46.229.168.147 - - [29/May/2020:10:47:56 -0700] "GET /content/all/?q=%23AMRhub HTTP/1.1" 200 9386 "-" "Mozilla/5.0 (compatible; SemrushBot/6~bl; +http://www.semrush.com/bot.html)" 
40.77.167.240 - - [29/May/2020:10:47:59 -0700] "GET /2019/hard-to-do-it-justice-with-just-the-phone HTTP/1.1" 200 12495 "-" "Mozilla/5.0 (compatible; bingbot/2.0; +http://www.bing.com/bingbot.htm)" 
54.36.148.202 - - [29/May/2020:10:48:08 -0700] "GET /2019/a-experiment-using-softer-flour-rather-than-manitoba-in-my HTTP/1.1" 200 14857 "-" "Mozilla/5.0 (compatible; AhrefsBot/6.1; +http://ahrefs.com/robot/)" 
157.55.39.120 - - [29/May/2020:10:48:13 -0700] "GET /2018/bagel-oclock-hand-crafted-by-steamboattins-and-her-sister HTTP/1.1" 200 14873 "-" "Mozilla/5.0 (compatible; bingbot/2.0; +http://www.bing.com/bingbot.htm)" 
46.229.168.151 - - [29/May/2020:10:48:25 -0700] "GET /2018/feeling-good-about-the-changes-at-flickr HTTP/1.1" 200 10127 "-" "Mozilla/5.0 (compatible; SemrushBot/6~bl; +http://www.semrush.com/bot.html)" 
96.126.125.129 - - [29/May/2020:10:48:28 -0700] "GET /content/statusupdates/posts/photos/checkins/bookmarkedpages?_t=rss HTTP/1.1" 200 7712 "-" "Micro.blog/1.0" 
54.36.148.2 - - [29/May/2020:10:48:39 -0700] "GET /2019/and-then-after-sufficient-time-and-some-heat HTTP/1.1" 200 15287 "-" "Mozilla/5.0 (compatible; AhrefsBot/6.1; +http://ahrefs.com/robot/)" 
75.164.251.69 - - [29/May/2020:10:48:59 -0700] "GET /?_t=rss HTTP/1.1" 200 4221 "-" "Mozilla/5.0 (Windows NT 10.0; Win64; x64; rv:76.0) Gecko/20100101 Firefox/76.0" 
54.36.148.152 - - [29/May/2020:10:49:12 -0700] "GET /2019/at-eminchilli-book-event-at-the-fabulous-marigold_roma-with-rachelaliceroddy HTTP/1.1" 200 13306 "-" "Mozilla/5.0 (compatible; AhrefsBot/6.1; +http://ahrefs.com/robot/)" 
114.119.167.191 - - [29/May/2020:10:49:29 -0700] "GET /tag/seeded HTTP/1.1" 200 10182 "-" "Mozilla/5.0 (Linux; Android 7.0;) AppleWebKit/537.36 (KHTML, like Gecko) Mobile Safari/537.36 (compatible; PetalBot;+https://aspiegel.com/petalbot)" 
54.36.148.152 - - [29/May/2020:10:49:41 -0700] "GET /2019/crumb-of-yesterdays-loaf HTTP/1.1" 200 13695 "-" "Mozilla/5.0 (compatible; AhrefsBot/6.1; +http://ahrefs.com/robot/)" 
54.36.148.202 - - [29/May/2020:10:50:12 -0700] "GET /2019/fresh-n-juicy HTTP/1.1" 200 12071 "-" "Mozilla/5.0 (compatible; AhrefsBot/6.1; +http://ahrefs.com/robot/)" 
54.36.148.52 - - [29/May/2020:10:50:38 -0700] "GET /2019/quite-contrary HTTP/1.1" 200 14252 "-" "Mozilla/5.0 (compatible; AhrefsBot/6.1; +http://ahrefs.com/robot/)" 
18.206.187.81 - - [29/May/2020:10:50:49 -0700] "GET /service/web/imageproxy/aHR0cHM6Ly9taWNyby5ibG9nL2NuL2F2YXRhci5qcGc,/300/square HTTP/1.1" 200 29146 "-" "CCBot/2.0 (https://commoncrawl.org/faq/)" 
54.36.148.202 - - [29/May/2020:10:51:08 -0700] "GET /2019/such-a-busy-evening HTTP/1.1" 200 13326 "-" "Mozilla/5.0 (compatible; AhrefsBot/6.1; +http://ahrefs.com/robot/)" 
77.88.5.71 - - [29/May/2020:10:51:17 -0700] "GET /robots.txt HTTP/1.1" 200 4593 "-" "Mozilla/5.0 (compatible; YandexBot/3.0; +http://yandex.com/bots)" 
77.88.5.55 - - [29/May/2020:10:51:18 -0700] "GET /robots.txt HTTP/1.1" 200 4617 "-" "Mozilla/5.0 (compatible; YandexBot/3.0; +http://yandex.com/bots)" 
77.88.5.71 - - [29/May/2020:10:51:21 -0700] "GET / HTTP/1.1" 200 11911 "-" "Mozilla/5.0 (compatible; YandexBot/3.0; +http://yandex.com/bots)" 
77.88.5.71 - - [29/May/2020:10:51:22 -0700] "GET / HTTP/1.1" 200 11976 "-" "Mozilla/5.0 (compatible; YandexBot/3.0; +http://yandex.com/bots)" 
54.36.148.102 - - [29/May/2020:10:51:34 -0700] "GET /2019/the-wait-is-over-and-proved-exceptionally-worthwhile-bravo-freewilliam3d HTTP/1.1" 200 12666 "-" "Mozilla/5.0 (compatible; AhrefsBot/6.1; +http://ahrefs.com/robot/)" 
45.79.26.51 - - [29/May/2020:10:51:42 -0700] "GET /content/statusupdates/posts/photos/checkins/bookmarkedpages?_t=rss HTTP/1.1" 200 7707 "-" "Micro.blog/1.0" 
54.36.148.2 - - [29/May/2020:10:52:03 -0700] "GET /content/photos/?offset=170 HTTP/1.1" 200 11230 "-" "Mozilla/5.0 (compatible; AhrefsBot/6.1; +http://ahrefs.com/robot/)" 
75.164.251.69 - - [29/May/2020:10:52:10 -0700] "GET /?_t=rss HTTP/1.1" 200 7400 "-" "Mozilla/5.0 (Windows NT 10.0; Win64; x64; rv:76.0) Gecko/20100101 Firefox/76.0" 
54.209.223.119 - - [29/May/2020:10:52:26 -0700] "GET /?q=&_t=rss HTTP/1.1" 304 3480 "https://www.google.com/" "Mozilla/5.0 (Windows NT 10.0; Win64; x64) AppleWebKit/537.36 (KHTML, like Gecko) Chrome/80.0.3987.132 Safari/537.36 Edg/80.0.361.66" 
54.36.148.152 - - [29/May/2020:10:52:33 -0700] "GET /?offset=190 HTTP/1.1" 200 11574 "-" "Mozilla/5.0 (compatible; AhrefsBot/6.1; +http://ahrefs.com/robot/)" 
54.36.148.252 - - [29/May/2020:10:53:00 -0700] "GET /content/all/?offset=180 HTTP/1.1" 200 11546 "-" "Mozilla/5.0 (compatible; AhrefsBot/6.1; +http://ahrefs.com/robot/)" 
66.249.66.48 - - [29/May/2020:10:53:24 -0700] "GET /content/all?_t=amp&offset=1446 HTTP/1.1" 200 12392 "-" "Mozilla/5.0 (Linux; Android 6.0.1; Nexus 5X Build/MMB29P) AppleWebKit/537.36 (KHTML, like Gecko) Chrome/80.0.3987.92 Mobile Safari/537.36 (compatible; Googlebot/2.1; +http://www.google.com/bot.html)" 
66.249.66.46 - - [29/May/2020:10:53:27 -0700] "GET /Themes/Solo/css/default.min.css HTTP/1.1" 200 4362 "https://stream.jeremycherfas.net/content/all?_t=amp&offset=1446" "Mozilla/5.0 (Linux; Android 6.0.1; Nexus 5X Build/MMB29P) AppleWebKit/537.36 (KHTML, like Gecko) Chrome/81.0.4044.108 Mobile Safari/537.36 (compatible; Googlebot/2.1; +http://www.google.com/bot.html)" 
54.36.148.202 - - [29/May/2020:10:53:28 -0700] "GET /?q=%23+%23IndieWeb&offset=120 HTTP/1.1" 200 11766 "-" "Mozilla/5.0 (compatible; AhrefsBot/6.1; +http://ahrefs.com/robot/)" 
66.249.66.44 - - [29/May/2020:10:53:28 -0700] "GET /service/web/unfurl/?url=https%3A%2F%2Fbrooksreview.net%2F2018%2F03%2Fairlines-and-airports%2F&__bTk=d87e04dab4fdfc962ede8b0b58de731acf971afb76eec2a72562b0166c5cf83b&__bTs=1588896000 HTTP/1.1" 403 4628 "https://stream.jeremycherfas.net/content/all?_t=amp&offset=1446" "Mozilla/5.0 (Linux; Android 6.0.1; Nexus 5X Build/MMB29P) AppleWebKit/537.36 (KHTML, like Gecko) Chrome/81.0.4044.108 Mobile Safari/537.36 (compatible; Googlebot/2.1; +http://www.google.com/bot.html)" 
66.249.66.44 - - [29/May/2020:10:53:28 -0700] "GET /service/web/unfurl/?url=https%3A%2F%2Fzettelkasten.de%2Fthe-archive%2F&__bTk=d87e04dab4fdfc962ede8b0b58de731acf971afb76eec2a72562b0166c5cf83b&__bTs=1588896000 HTTP/1.1" 403 1288 "https://stream.jeremycherfas.net/content/all?_t=amp&offset=1446" "Mozilla/5.0 (Linux; Android 6.0.1; Nexus 5X Build/MMB29P) AppleWebKit/537.36 (KHTML, like Gecko) Chrome/81.0.4044.108 Mobile Safari/537.36 (compatible; Googlebot/2.1; +http://www.google.com/bot.html)" 
66.249.66.44 - - [29/May/2020:10:53:29 -0700] "GET /service/web/unfurl/?url=https%3A%2F%2Fbrooksreview.net%2F2018%2F03%2Fairlines-and-airports%2F&__bTk=d87e04dab4fdfc962ede8b0b58de731acf971afb76eec2a72562b0166c5cf83b&__bTs=1590692933 HTTP/1.1" 403 1311 "https://stream.jeremycherfas.net/content/all?_t=amp&offset=1446" "Mozilla/5.0 (Linux; Android 6.0.1; Nexus 5X Build/MMB29P) AppleWebKit/537.36 (KHTML, like Gecko) Chrome/81.0.4044.108 Mobile Safari/537.36 (compatible; Googlebot/2.1; +http://www.google.com/bot.html)" 
66.249.66.46 - - [29/May/2020:10:53:29 -0700] "GET /service/web/unfurl/?url=https%3A%2F%2Fzettelkasten.de%2Fthe-archive%2F&__bTk=d87e04dab4fdfc962ede8b0b58de731acf971afb76eec2a72562b0166c5cf83b&__bTs=1590692933 HTTP/1.1" 403 4605 "https://stream.jeremycherfas.net/content/all?_t=amp&offset=1446" "Mozilla/5.0 (Linux; Android 6.0.1; Nexus 5X Build/MMB29P) AppleWebKit/537.36 (KHTML, like Gecko) Chrome/81.0.4044.108 Mobile Safari/537.36 (compatible; Googlebot/2.1; +http://www.google.com/bot.html)" 
54.36.148.152 - - [29/May/2020:10:53:55 -0700] "GET /?q=%23indieweb&offset=120 HTTP/1.1" 200 11747 "-" "Mozilla/5.0 (compatible; AhrefsBot/6.1; +http://ahrefs.com/robot/)" 
46.229.168.150 - - [29/May/2020:10:54:06 -0700] "GET /2020/my-dropbox-bill-is-going-up-and HTTP/1.1" 200 9877 "-" "Mozilla/5.0 (compatible; SemrushBot/6~bl; +http://www.semrush.com/bot.html)" 
46.229.168.154 - - [29/May/2020:10:54:12 -0700] "GET /tag/known?offset=0 HTTP/1.1" 200 16701 "-" "Mozilla/5.0 (compatible; SemrushBot/6~bl; +http://www.semrush.com/bot.html)" 
54.36.149.96 - - [29/May/2020:10:54:23 -0700] "GET /?q=%23podcast&offset=26 HTTP/1.1" 200 11874 "-" "Mozilla/5.0 (compatible; AhrefsBot/6.1; +http://ahrefs.com/robot/)" 
