75.164.251.69 - - [24/May/2020:00:28:05 -0700] "GET /?_t=rss HTTP/1.1" 200 7574 "-" "Mozilla/5.0 (Windows NT 10.0; Win64; x64; rv:76.0) Gecko/20100101 Firefox/76.0" 
207.46.13.163 - - [24/May/2020:00:28:48 -0700] "GET /2018/better-blending-of-micro-formats-with-wordpress-themes-interdependent-thoughts HTTP/1.1" 200 9656 "-" "Mozilla/5.0 (compatible; bingbot/2.0; +http://www.bing.com/bingbot.htm)" 
207.46.13.163 - - [24/May/2020:00:28:48 -0700] "GET /2017/it-is-odd-how-john-prizewinning-postblogwordpress-wild-and-freehe-though-that-he-knew-what-love-wa-gives-too-many HTTP/1.1" 200 7623 "-" "Mozilla/5.0 (compatible; bingbot/2.0; +http://www.bing.com/bingbot.htm)" 
207.46.13.163 - - [24/May/2020:00:28:48 -0700] "GET /2018/2018-01-09 HTTP/1.1" 200 7358 "-" "Mozilla/5.0 (compatible; bingbot/2.0; +http://www.bing.com/bingbot.htm)" 
207.46.13.163 - - [24/May/2020:00:28:48 -0700] "GET /2019/is-that-the-original-willard-and-the HTTP/1.1" 200 6344 "-" "Mozilla/5.0 (compatible; bingbot/2.0; +http://www.bing.com/bingbot.htm)" 
93.48.241.48 - - [24/May/2020:00:29:45 -0700] "GET /file/ef801e05730eba56004c5b712ad84731/thumb.jpg HTTP/1.1" 200 26069 "-" "Mozilla/5.0 (Macintosh; Intel Mac OS X 10.13; rv:76.0) Gecko/20100101 Firefox/76.0" 
93.48.241.48 - - [24/May/2020:00:29:45 -0700] "GET /favicon.ico HTTP/1.1" 200 534 "-" "Mozilla/5.0 (Macintosh; Intel Mac OS X 10.13; rv:76.0) Gecko/20100101 Firefox/76.0" 
3.89.112.166 - - [24/May/2020:00:30:29 -0700] "GET /?_t=rss HTTP/1.1" 200 7537 "-" "glitch-feeder/1.0 (+https://glitch.com/~lmo-feeder)" 
66.249.64.112 - - [24/May/2020:00:31:07 -0700] "GET /?q=%23+%23%23bread&offset=10 HTTP/1.1" 200 12904 "-" "Mozilla/5.0 (Linux; Android 6.0.1; Nexus 5X Build/MMB29P) AppleWebKit/537.36 (KHTML, like Gecko) Chrome/80.0.3987.92 Mobile Safari/537.36 (compatible; Googlebot/2.1; +http://www.google.com/bot.html)" 
75.164.251.69 - - [24/May/2020:00:31:10 -0700] "GET /?_t=rss HTTP/1.1" 200 4395 "-" "Mozilla/5.0 (Windows NT 10.0; Win64; x64; rv:76.0) Gecko/20100101 Firefox/76.0" 
114.119.160.61 - - [24/May/2020:00:32:54 -0700] "GET /tag/IndieWeb?offset=50 HTTP/1.1" 200 12731 "-" "Mozilla/5.0 (Linux; Android 7.0;) AppleWebKit/537.36 (KHTML, like Gecko) Mobile Safari/537.36 (compatible; PetalBot;+https://aspiegel.com/petalbot)" 
46.229.168.152 - - [24/May/2020:00:33:50 -0700] "GET /2019/at-last-i-think-i-may-have HTTP/1.1" 200 9531 "-" "Mozilla/5.0 (compatible; SemrushBot/6~bl; +http://www.semrush.com/bot.html)" 
75.164.251.69 - - [24/May/2020:00:33:59 -0700] "GET /?_t=rss HTTP/1.1" 200 7574 "-" "Mozilla/5.0 (Windows NT 10.0; Win64; x64; rv:76.0) Gecko/20100101 Firefox/76.0" 
92.247.181.17 - - [24/May/2020:00:35:08 -0700] "GET /?_t=rss HTTP/1.1" 304 3475 "https://stream.jeremycherfas.net/" "Mozilla/5.0 (compatible; inoreader.com; 1 subscribers)" 
46.229.168.151 - - [24/May/2020:00:35:18 -0700] "GET /?offset=32&q=%23%2B%23bread HTTP/1.1" 200 12581 "-" "Mozilla/5.0 (compatible; SemrushBot/6~bl; +http://www.semrush.com/bot.html)" 
167.172.219.142 - - [24/May/2020:00:36:28 -0700] "GET /?_t=rss HTTP/1.1" 200 7307 "-" "Feedbin feed-id:1536727 - 1 subscribers" 
46.229.168.153 - - [24/May/2020:00:36:29 -0700] "GET /content/photos/?q=%23Non HTTP/1.1" 200 8489 "-" "Mozilla/5.0 (compatible; SemrushBot/6~bl; +http://www.semrush.com/bot.html)" 
46.229.168.137 - - [24/May/2020:00:36:42 -0700] "GET /content/all/?offset=14&q=%23%2B%23sourdough HTTP/1.1" 200 12086 "-" "Mozilla/5.0 (compatible; SemrushBot/6~bl; +http://www.semrush.com/bot.html)" 
75.164.251.69 - - [24/May/2020:00:37:03 -0700] "GET /?_t=rss HTTP/1.1" 200 4395 "-" "Mozilla/5.0 (Windows NT 10.0; Win64; x64; rv:76.0) Gecko/20100101 Firefox/76.0" 
46.229.168.149 - - [24/May/2020:00:37:35 -0700] "GET /?offset=117&q=%23indieweb HTTP/1.1" 200 12227 "-" "Mozilla/5.0 (compatible; SemrushBot/6~bl; +http://www.semrush.com/bot.html)" 
46.229.168.135 - - [24/May/2020:00:38:47 -0700] "GET /?offset=36&q=%23%2B%23%23bread HTTP/1.1" 200 12314 "-" "Mozilla/5.0 (compatible; SemrushBot/6~bl; +http://www.semrush.com/bot.html)" 
46.229.168.134 - - [24/May/2020:00:39:29 -0700] "GET /file/d0ce3bd5676517aa90285b2a2b1e573d/e2294bc0a19f475e41ef14ee7fe576b3 HTTP/1.1" 200 149728 "-" "Mozilla/5.0 (compatible; SemrushBot/6~bl; +http://www.semrush.com/bot.html)" 
75.164.251.69 - - [24/May/2020:00:39:36 -0700] "GET /?_t=rss HTTP/1.1" 200 7574 "-" "Mozilla/5.0 (Windows NT 10.0; Win64; x64; rv:76.0) Gecko/20100101 Firefox/76.0" 
114.119.167.191 - - [24/May/2020:00:40:11 -0700] "GET /tag/Sourdough?offset=26 HTTP/1.1" 200 11250 "-" "Mozilla/5.0 (Linux; Android 7.0;) AppleWebKit/537.36 (KHTML, like Gecko) Mobile Safari/537.36 (compatible; PetalBot;+https://aspiegel.com/petalbot)" 
66.249.64.176 - - [24/May/2020:00:40:35 -0700] "GET /content/all/?offset=836&_t=rss HTTP/1.1" 200 7520 "-" "Mozilla/5.0 (Linux; Android 6.0.1; Nexus 5X Build/MMB29P) AppleWebKit/537.36 (KHTML, like Gecko) Chrome/80.0.3987.92 Mobile Safari/537.36 (compatible; Googlebot/2.1; +http://www.google.com/bot.html)" 
75.164.251.69 - - [24/May/2020:00:42:25 -0700] "GET /?_t=rss HTTP/1.1" 200 4395 "-" "Mozilla/5.0 (Windows NT 10.0; Win64; x64; rv:76.0) Gecko/20100101 Firefox/76.0" 
46.229.168.133 - - [24/May/2020:00:42:28 -0700] "GET /profile/jeremy?offset=200 HTTP/1.1" 200 17430 "-" "Mozilla/5.0 (compatible; SemrushBot/6~bl; +http://www.semrush.com/bot.html)" 
46.229.168.161 - - [24/May/2020:00:42:53 -0700] "GET /2019/just-sent-an-email-to-the-lucky HTTP/1.1" 200 9567 "-" "Mozilla/5.0 (compatible; SemrushBot/6~bl; +http://www.semrush.com/bot.html)" 
46.229.168.146 - - [24/May/2020:00:43:20 -0700] "GET /tag/podcast?offset=32 HTTP/1.1" 200 13805 "-" "Mozilla/5.0 (compatible; SemrushBot/6~bl; +http://www.semrush.com/bot.html)" 
96.126.125.129 - - [24/May/2020:00:43:21 -0700] "GET /content/statusupdates/posts/photos/checkins/bookmarkedpages?_t=rss HTTP/1.1" 200 7858 "-" "Micro.blog/1.0" 
46.229.168.142 - - [24/May/2020:00:44:03 -0700] "GET /2020/hard-pruning-requires-vision-and-faith HTTP/1.1" 200 10175 "-" "Mozilla/5.0 (compatible; SemrushBot/6~bl; +http://www.semrush.com/bot.html)" 
46.229.168.143 - - [24/May/2020:00:44:22 -0700] "GET /content/all/?offset=0&q=%23%2B%23Rome HTTP/1.1" 200 13281 "-" "Mozilla/5.0 (compatible; SemrushBot/6~bl; +http://www.semrush.com/bot.html)" 
54.39.177.198 - - [24/May/2020:00:44:25 -0700] "GET /?_t=rss HTTP/1.1" 200 7307 "-" "Mozilla/5.0 (compatible; YaK/1.0; http://linkfluence.com/; bot@linkfluence.com)" 
66.249.64.108 - - [24/May/2020:00:44:58 -0700] "GET /2019/spathe HTTP/1.1" 304 3742 "-" "Mozilla/5.0 (Linux; Android 6.0.1; Nexus 5X Build/MMB29P) AppleWebKit/537.36 (KHTML, like Gecko) Chrome/80.0.3987.92 Mobile Safari/537.36 (compatible; Googlebot/2.1; +http://www.google.com/bot.html)" 
66.249.64.108 - - [24/May/2020:00:44:58 -0700] "GET /robots.txt HTTP/1.1" 200 4589 "-" "Mozilla/5.0 (compatible; Googlebot/2.1; +http://www.google.com/bot.html)" 
17.58.102.79 - - [24/May/2020:00:45:21 -0700] "GET /2020/i-am-amazed-and-saddened-by-the HTTP/1.1" 200 17119 "-" "Mozilla/5.0 (Macintosh; Intel Mac OS X 10_10_1) AppleWebKit/600.2.5 (KHTML, like Gecko) Version/8.0.2 Safari/600.2.5 (Applebot/0.1; +http://www.apple.com/go/applebot)" 
75.164.251.69 - - [24/May/2020:00:45:32 -0700] "GET /?_t=rss HTTP/1.1" 200 7574 "-" "Mozilla/5.0 (Windows NT 10.0; Win64; x64; rv:76.0) Gecko/20100101 Firefox/76.0" 
46.229.168.139 - - [24/May/2020:00:47:16 -0700] "GET /content/photos/?offset=45&q=%23bread HTTP/1.1" 200 11975 "-" "Mozilla/5.0 (compatible; SemrushBot/6~bl; +http://www.semrush.com/bot.html)" 
5.188.210.57 - - [24/May/2020:00:47:17 -0700] "GET /profile/jeremy?offset=106 HTTP/1.0" 200 136892 "https://stream.jeremycherfas.net/profile/jeremy?offset=106" "Mozilla/5.0 (Windows NT 6.1; Win64; x64) AppleWebKit/537.36 (KHTML, like Gecko) Chrome/67.0.3396.99 Safari/537.36" 
5.188.210.57 - - [24/May/2020:00:47:19 -0700] "POST /comments/post HTTP/1.0" 403 17067 "https://stream.jeremycherfas.net/profile/jeremy?offset=106" "Mozilla/5.0 (Windows NT 6.1; Win64; x64) AppleWebKit/537.36 (KHTML, like Gecko) Chrome/67.0.3396.99 Safari/537.36" 
114.119.165.2 - - [24/May/2020:00:47:20 -0700] "GET /tag/+%23bigbake HTTP/1.1" 200 8230 "-" "Mozilla/5.0 (Linux; Android 7.0;) AppleWebKit/537.36 (KHTML, like Gecko) Mobile Safari/537.36 (compatible; PetalBot;+https://aspiegel.com/petalbot)" 
5.188.210.57 - - [24/May/2020:00:47:41 -0700] "GET /profile/jeremy?offset=106 HTTP/1.1" 200 17571 "-" "Mozilla/5.0 (Windows NT 6.1; Win64; x64; rv:62.0) Gecko/20100101 Firefox/62.0" 
54.36.148.56 - - [24/May/2020:00:47:58 -0700] "GET /robots.txt HTTP/1.1" 200 4322 "-" "Mozilla/5.0 (compatible; AhrefsBot/6.1; +http://ahrefs.com/robot/)" 
54.36.149.213 - - [24/May/2020:00:47:58 -0700] "GET /2020/2020-05-09 HTTP/1.1" 200 9589 "-" "Mozilla/5.0 (compatible; AhrefsBot/6.1; News; +http://ahrefs.com/robot/)" 
75.164.251.69 - - [24/May/2020:00:48:16 -0700] "GET /?_t=rss HTTP/1.1" 200 4395 "-" "Mozilla/5.0 (Windows NT 10.0; Win64; x64; rv:76.0) Gecko/20100101 Firefox/76.0" 
46.229.168.130 - - [24/May/2020:00:48:32 -0700] "GET /content/posts/?q=%23Rye HTTP/1.1" 200 8484 "-" "Mozilla/5.0 (compatible; SemrushBot/6~bl; +http://www.semrush.com/bot.html)" 
54.92.183.228 - - [24/May/2020:00:49:03 -0700] "GET /content/posts/?_t=rss HTTP/1.1" 304 3480 "https://www.google.com/" "Mozilla/5.0 (Windows NT 6.3; Win64; x64) AppleWebKit/537.36 (KHTML, like Gecko) Chrome/80.0.3987.122 Safari/537.36" 
66.249.64.110 - - [24/May/2020:00:50:03 -0700] "GET /2019/context-captured-from-eat-website-a-few-minutes-ago?_t=rss HTTP/1.1" 200 5588 "-" "Mozilla/5.0 (Linux; Android 6.0.1; Nexus 5X Build/MMB29P) AppleWebKit/537.36 (KHTML, like Gecko) Chrome/80.0.3987.92 Mobile Safari/537.36 (compatible; Googlebot/2.1; +http://www.google.com/bot.html)" 
46.229.168.138 - - [24/May/2020:00:50:30 -0700] "GET /content/bookmarkedpages/?q=%23igbreadclub HTTP/1.1" 200 8518 "-" "Mozilla/5.0 (compatible; SemrushBot/6~bl; +http://www.semrush.com/bot.html)" 
185.65.135.232 - - [24/May/2020:00:50:37 -0700] "GET /content/all?_t=rss HTTP/1.1" 200 15712 "-" "Mozilla/5.0 (X11; U; Linux i686; fr; rv:1.9.1.1) Gecko/20090715 Firefox/3.5.1" 
95.216.195.10 - - [24/May/2020:00:51:08 -0700] "GET /?_t=rss HTTP/1.1" 200 7307 "https://stream.jeremycherfas.net/?_t=rss" "Selfoss/2.18 (SimplePie/1.5.1; +https://selfoss.aditu.de)" 
95.216.195.10 - - [24/May/2020:00:51:09 -0700] "GET /?_t=rss HTTP/1.1" 200 7307 "https://stream.jeremycherfas.net/?_t=rss" "Selfoss/2.18 (SimplePie/1.5.1; +https://selfoss.aditu.de)" 
95.216.195.10 - - [24/May/2020:00:51:11 -0700] "GET / HTTP/1.1" 200 57422 "-" "Selfoss/2.18 (+https://selfoss.aditu.de)" 
95.216.195.10 - - [24/May/2020:00:51:12 -0700] "GET /gfx/logos/apple-icon-57x57.png HTTP/1.1" 200 4792 "-" "Selfoss/2.18 (+https://selfoss.aditu.de)" 
95.216.195.10 - - [24/May/2020:00:51:12 -0700] "GET /gfx/logos/apple-icon-57x57.png HTTP/1.1" 200 4792 "-" "Selfoss/2.18 (+https://selfoss.aditu.de)" 
46.229.168.138 - - [24/May/2020:00:51:25 -0700] "GET /content/all/?q=%23%2B%23latergram HTTP/1.1" 200 9188 "-" "Mozilla/5.0 (compatible; SemrushBot/6~bl; +http://www.semrush.com/bot.html)" 
75.164.251.69 - - [24/May/2020:00:51:35 -0700] "GET /?_t=rss HTTP/1.1" 200 7574 "-" "Mozilla/5.0 (Windows NT 10.0; Win64; x64; rv:76.0) Gecko/20100101 Firefox/76.0" 
46.229.168.136 - - [24/May/2020:00:51:59 -0700] "GET /content/all/?offset=11&q=%23photo HTTP/1.1" 200 13831 "-" "Mozilla/5.0 (compatible; SemrushBot/6~bl; +http://www.semrush.com/bot.html)" 
46.229.168.142 - - [24/May/2020:00:52:20 -0700] "GET /?offset=23&q=%23%2B%23rye HTTP/1.1" 200 9576 "-" "Mozilla/5.0 (compatible; SemrushBot/6~bl; +http://www.semrush.com/bot.html)" 
75.164.251.69 - - [24/May/2020:00:54:09 -0700] "GET /?_t=rss HTTP/1.1" 200 4395 "-" "Mozilla/5.0 (Windows NT 10.0; Win64; x64; rv:76.0) Gecko/20100101 Firefox/76.0" 
45.79.26.51 - - [24/May/2020:00:54:18 -0700] "GET /content/statusupdates/posts/photos/checkins/bookmarkedpages?_t=rss HTTP/1.1" 200 7853 "-" "Micro.blog/1.0" 
114.119.165.37 - - [24/May/2020:00:54:41 -0700] "GET /service/web/imageproxy/aHR0cHM6Ly9ib29uYnV0dHMud2l0aGtub3duLmNvbS9maWxlL2MwMDRhYWMwZDNlZjBmYTA2Y2YyYjFiMDVjM2YyNDY2L3RodW1iLmpwZw,,/300/img/home/gigaom.png HTTP/1.1" 404 7790 "-" "Mozilla/5.0 (Linux; Android 7.0;) AppleWebKit/537.36 (KHTML, like Gecko) Mobile Safari/537.36 (compatible; PetalBot;+https://aspiegel.com/petalbot)" 
46.229.168.140 - - [24/May/2020:00:56:41 -0700] "GET /2018/the-only-way-is-ethics HTTP/1.1" 200 9536 "-" "Mozilla/5.0 (compatible; SemrushBot/6~bl; +http://www.semrush.com/bot.html)" 
75.164.251.69 - - [24/May/2020:00:56:51 -0700] "GET /?_t=rss HTTP/1.1" 200 7574 "-" "Mozilla/5.0 (Windows NT 10.0; Win64; x64; rv:76.0) Gecko/20100101 Firefox/76.0" 
54.198.109.176 - - [24/May/2020:00:57:03 -0700] "GET /content/statusupdates/?_t=rss HTTP/1.1" 200 6879 "https://www.google.com/" "Mozilla/5.0 (Windows NT 6.3; Win64; x64) AppleWebKit/537.36 (KHTML, like Gecko) Chrome/80.0.3987.132 Safari/537.36" 
46.229.168.147 - - [24/May/2020:00:58:08 -0700] "GET /?offset=39&q=%23sourdough HTTP/1.1" 200 11608 "-" "Mozilla/5.0 (compatible; SemrushBot/6~bl; +http://www.semrush.com/bot.html)" 
46.229.168.149 - - [24/May/2020:00:58:19 -0700] "GET /?q=%23photo HTTP/1.1" 200 12768 "-" "Mozilla/5.0 (compatible; SemrushBot/6~bl; +http://www.semrush.com/bot.html)" 
66.249.64.176 - - [24/May/2020:00:59:31 -0700] "GET /content/all/?offset=747&_t=amp HTTP/1.1" 200 12131 "-" "Mozilla/5.0 (Linux; Android 6.0.1; Nexus 5X Build/MMB29P) AppleWebKit/537.36 (KHTML, like Gecko) Chrome/80.0.3987.92 Mobile Safari/537.36 (compatible; Googlebot/2.1; +http://www.google.com/bot.html)" 
75.164.251.69 - - [24/May/2020:00:59:40 -0700] "GET /?_t=rss HTTP/1.1" 200 4395 "-" "Mozilla/5.0 (Windows NT 10.0; Win64; x64; rv:76.0) Gecko/20100101 Firefox/76.0" 
71.245.173.169 - - [24/May/2020:01:01:38 -0700] "GET /file/14d6b0d5e04c9e78a301146ac7d80a1a/thumb.jpg HTTP/1.1" 200 164617 "-" "Mozilla/5.0 (X11; Ubuntu; Linux x86_64; rv:76.0) Gecko/20100101 Firefox/76.0" 
71.245.173.169 - - [24/May/2020:01:01:38 -0700] "GET /file/08e86f193404f12625b63f65a911b7d3/thumb.jpg HTTP/1.1" 200 147718 "-" "Mozilla/5.0 (X11; Ubuntu; Linux x86_64; rv:76.0) Gecko/20100101 Firefox/76.0" 
77.88.5.71 - - [24/May/2020:01:01:48 -0700] "GET /view/78c5da3a0126154eecb5296b70eee48c HTTP/1.1" 200 9642 "-" "Mozilla/5.0 (compatible; YandexBot/3.0; +http://yandex.com/bots)" 
114.119.165.37 - - [24/May/2020:01:02:00 -0700] "GET /tag/micromonday HTTP/1.1" 200 8911 "-" "Mozilla/5.0 (Linux; Android 7.0;) AppleWebKit/537.36 (KHTML, like Gecko) Mobile Safari/537.36 (compatible; PetalBot;+https://aspiegel.com/petalbot)" 
75.164.251.69 - - [24/May/2020:01:02:12 -0700] "GET /?_t=rss HTTP/1.1" 200 7574 "-" "Mozilla/5.0 (Windows NT 10.0; Win64; x64; rv:76.0) Gecko/20100101 Firefox/76.0" 
46.229.168.134 - - [24/May/2020:01:02:28 -0700] "GET /content/all/?offset=95&q=%23IndieWeb HTTP/1.1" 200 14977 "-" "Mozilla/5.0 (compatible; SemrushBot/6~bl; +http://www.semrush.com/bot.html)" 
46.229.168.146 - - [24/May/2020:01:02:41 -0700] "GET /2018/who-we-are-3-neanderthals-west-hunter HTTP/1.1" 200 9683 "-" "Mozilla/5.0 (compatible; SemrushBot/6~bl; +http://www.semrush.com/bot.html)" 
174.129.1.66 - - [24/May/2020:01:03:47 -0700] "HEAD /robots.txt HTTP/1.1" 200 4450 "-" "MBCrawler/1.0 (https://monitorbacklinks.com/robot)" 
174.129.1.66 - - [24/May/2020:01:03:47 -0700] "GET /robots.txt HTTP/1.1" 200 4370 "-" "MBCrawler/1.0 (https://monitorbacklinks.com/robot)" 
174.129.1.66 - - [24/May/2020:01:03:48 -0700] "HEAD /2018/anyone-using-ownyourgram-with-the-latest-master HTTP/1.1" 200 4569 "-" "MBCrawler/1.0 (https://monitorbacklinks.com/robot)" 
174.129.1.66 - - [24/May/2020:01:03:48 -0700] "GET /2018/anyone-using-ownyourgram-with-the-latest-master HTTP/1.1" 200 9837 "-" "MBCrawler/1.0 (https://monitorbacklinks.com/robot)" 
203.133.169.112 - - [24/May/2020:01:04:37 -0700] "GET /file/a182704f4eb5fd3adcd2d8ed98ffd166 HTTP/1.1" 200 10110 "-" "Mozilla/5.0 (Unknown; Linux x86_64) AppleWebKit/538.1 (KHTML, like Gecko) Safari/538.1 Daum/4.1" 
203.133.169.112 - - [24/May/2020:01:04:50 -0700] "GET /service/web/imageproxy/aHR0cHM6Ly9wYnMudHdpbWcuY29tL3Byb2ZpbGVfaW1hZ2VzLzcxMzEyNDQ4OTUwMDg0NDAzMi91MWRDdGxxYS5qcGc,/300/square HTTP/1.1" 200 23658 "-" "Mozilla/5.0 (compatible; Daum/4.1; +http://cs.daum.net/faq/15/4118.html?faqId=28966)" 
75.164.251.69 - - [24/May/2020:01:05:04 -0700] "GET /?_t=rss HTTP/1.1" 200 4395 "-" "Mozilla/5.0 (Windows NT 10.0; Win64; x64; rv:76.0) Gecko/20100101 Firefox/76.0" 
203.133.169.112 - - [24/May/2020:01:05:12 -0700] "GET /2017/that-wholemeal-with-a-multigrain-soaker-never-fails-to-please-1 HTTP/1.1" 200 29516 "-" "Mozilla/5.0 (compatible; Daum/4.1; +http://cs.daum.net/faq/15/4118.html?faqId=28966)" 
203.133.169.112 - - [24/May/2020:01:05:23 -0700] "GET /2019/this-mornings-workout-46-kg-of-seedy-dough-hand-for HTTP/1.1" 200 69306 "-" "Mozilla/5.0 (compatible; Daum/4.1; +http://cs.daum.net/faq/15/4118.html?faqId=28966)" 
46.229.168.131 - - [24/May/2020:01:06:07 -0700] "GET /?offset=137&q=%23IndieWeb HTTP/1.1" 200 10676 "-" "Mozilla/5.0 (compatible; SemrushBot/6~bl; +http://www.semrush.com/bot.html)" 
17.58.102.79 - - [24/May/2020:01:06:10 -0700] "GET /2019/the-sweet-life HTTP/1.1" 200 12483 "-" "Mozilla/5.0 (Macintosh; Intel Mac OS X 10_10_1) AppleWebKit/600.2.5 (KHTML, like Gecko) Version/8.0.2 Safari/600.2.5 (Applebot/0.1; +http://www.apple.com/go/applebot)" 
185.65.135.232 - - [24/May/2020:01:07:18 -0700] "GET /content/all?_t=rss HTTP/1.1" 200 15712 "-" "Mozilla/5.0 (X11; U; Linux i686; fr; rv:1.9.1.1) Gecko/20090715 Firefox/3.5.1" 
46.229.168.129 - - [24/May/2020:01:07:51 -0700] "GET /file/d8a450cffee34b254da2bf50e73cd69f/262247b22a7f54d75dd2c59880fb093b HTTP/1.1" 200 165760 "-" "Mozilla/5.0 (compatible; SemrushBot/6~bl; +http://www.semrush.com/bot.html)" 
46.229.168.134 - - [24/May/2020:01:07:56 -0700] "GET /2019/how-times-change HTTP/1.1" 200 9507 "-" "Mozilla/5.0 (compatible; SemrushBot/6~bl; +http://www.semrush.com/bot.html)" 
46.229.168.129 - - [24/May/2020:01:08:05 -0700] "GET /?offset=25&q=%23withknown HTTP/1.1" 200 13010 "-" "Mozilla/5.0 (compatible; SemrushBot/6~bl; +http://www.semrush.com/bot.html)" 
46.229.168.152 - - [24/May/2020:01:08:19 -0700] "GET /2018/untitled-8 HTTP/1.1" 200 10509 "-" "Mozilla/5.0 (compatible; SemrushBot/6~bl; +http://www.semrush.com/bot.html)" 
75.164.251.69 - - [24/May/2020:01:08:22 -0700] "GET /?_t=rss HTTP/1.1" 200 7574 "-" "Mozilla/5.0 (Windows NT 10.0; Win64; x64; rv:76.0) Gecko/20100101 Firefox/76.0" 
46.229.168.142 - - [24/May/2020:01:08:27 -0700] "GET /tag/WithKnown?offset=29 HTTP/1.1" 200 13562 "-" "Mozilla/5.0 (compatible; SemrushBot/6~bl; +http://www.semrush.com/bot.html)" 
46.229.168.139 - - [24/May/2020:01:08:44 -0700] "GET /2018/tomorrow-is-apparently-international-podcast-day-naturally HTTP/1.1" 200 10002 "-" "Mozilla/5.0 (compatible; SemrushBot/6~bl; +http://www.semrush.com/bot.html)" 
66.249.64.110 - - [24/May/2020:01:08:59 -0700] "GET /2017/on-your-own-site-you-can-at-least-distinguish-between?_t=rss HTTP/1.1" 200 5482 "-" "Mozilla/5.0 (Linux; Android 6.0.1; Nexus 5X Build/MMB29P) AppleWebKit/537.36 (KHTML, like Gecko) Chrome/80.0.3987.92 Mobile Safari/537.36 (compatible; Googlebot/2.1; +http://www.google.com/bot.html)" 
46.229.168.132 - - [24/May/2020:01:09:08 -0700] "GET /file/5be928a52d05dbbf65fc3d01702fd8f5/cce4ce022a074074226370ce30214407 HTTP/1.1" 200 141091 "-" "Mozilla/5.0 (compatible; SemrushBot/6~bl; +http://www.semrush.com/bot.html)" 
114.119.165.105 - - [24/May/2020:01:09:11 -0700] "GET /tag/withknown?offset=10 HTTP/1.1" 200 11639 "-" "Mozilla/5.0 (Linux; Android 7.0;) AppleWebKit/537.36 (KHTML, like Gecko) Mobile Safari/537.36 (compatible; PetalBot;+https://aspiegel.com/petalbot)" 
46.229.168.162 - - [24/May/2020:01:09:39 -0700] "GET /?offset=34&q=%23bread HTTP/1.1" 200 12431 "-" "Mozilla/5.0 (compatible; SemrushBot/6~bl; +http://www.semrush.com/bot.html)" 
46.229.168.139 - - [24/May/2020:01:09:57 -0700] "GET /?q=%23Quinoa HTTP/1.1" 200 9695 "-" "Mozilla/5.0 (compatible; SemrushBot/6~bl; +http://www.semrush.com/bot.html)" 
167.99.111.28 - - [24/May/2020:01:10:08 -0700] "GET /?_t=rss HTTP/1.1" 304 3475 "-" "Feedbin feed-id:1536727 - 1 subscribers" 
96.126.125.129 - - [24/May/2020:01:10:36 -0700] "GET /content/statusupdates/posts/photos/checkins/bookmarkedpages?_t=rss HTTP/1.1" 200 7858 "-" "Micro.blog/1.0" 
17.58.102.79 - - [24/May/2020:01:11:19 -0700] "GET /2019/spices-allspice-cinnamon-cloves-cumin-and-nutmeg-half-a-teaspoon HTTP/1.1" 200 11624 "-" "Mozilla/5.0 (Macintosh; Intel Mac OS X 10_10_1) AppleWebKit/600.2.5 (KHTML, like Gecko) Version/8.0.2 Safari/600.2.5 (Applebot/0.1; +http://www.apple.com/go/applebot)" 
75.164.251.69 - - [24/May/2020:01:11:37 -0700] "GET /?_t=rss HTTP/1.1" 200 4395 "-" "Mozilla/5.0 (Windows NT 10.0; Win64; x64; rv:76.0) Gecko/20100101 Firefox/76.0" 
46.229.168.129 - - [24/May/2020:01:13:45 -0700] "GET /2018/close-shave-in-the-park HTTP/1.1" 200 14070 "-" "Mozilla/5.0 (compatible; SemrushBot/6~bl; +http://www.semrush.com/bot.html)" 
75.164.251.69 - - [24/May/2020:01:14:28 -0700] "GET /?_t=rss HTTP/1.1" 200 7574 "-" "Mozilla/5.0 (Windows NT 10.0; Win64; x64; rv:76.0) Gecko/20100101 Firefox/76.0" 
114.119.167.191 - - [24/May/2020:01:16:28 -0700] "GET /tag/+%23podcast HTTP/1.1" 200 12348 "-" "Mozilla/5.0 (Linux; Android 7.0;) AppleWebKit/537.36 (KHTML, like Gecko) Mobile Safari/537.36 (compatible; PetalBot;+https://aspiegel.com/petalbot)" 
75.164.251.69 - - [24/May/2020:01:17:07 -0700] "GET /?_t=rss HTTP/1.1" 200 4395 "-" "Mozilla/5.0 (Windows NT 10.0; Win64; x64; rv:76.0) Gecko/20100101 Firefox/76.0" 
46.229.168.162 - - [24/May/2020:01:18:43 -0700] "GET /2020/2020-02-29 HTTP/1.1" 200 10088 "-" "Mozilla/5.0 (compatible; SemrushBot/6~bl; +http://www.semrush.com/bot.html)" 
46.229.168.134 - - [24/May/2020:01:19:01 -0700] "GET /content/all/?q=%23%2B%23multigrain HTTP/1.1" 200 11359 "-" "Mozilla/5.0 (compatible; SemrushBot/6~bl; +http://www.semrush.com/bot.html)" 
66.249.64.112 - - [24/May/2020:01:19:17 -0700] "GET /file/21074a7fd85271810c560b0d42415667/7f4b5f485df91969d1ac5a58c06d9566 HTTP/1.1" 200 242756 "-" "Mozilla/5.0 (Linux; Android 6.0.1; Nexus 5X Build/MMB29P) AppleWebKit/537.36 (KHTML, like Gecko) Chrome/80.0.3987.92 Mobile Safari/537.36 (compatible; Googlebot/2.1; +http://www.google.com/bot.html)" 
46.229.168.163 - - [24/May/2020:01:20:11 -0700] "GET /?offset=49&q=%23WithKnown HTTP/1.1" 200 10935 "-" "Mozilla/5.0 (compatible; SemrushBot/6~bl; +http://www.semrush.com/bot.html)" 
75.164.251.69 - - [24/May/2020:01:20:29 -0700] "GET /?_t=rss HTTP/1.1" 200 7574 "-" "Mozilla/5.0 (Windows NT 10.0; Win64; x64; rv:76.0) Gecko/20100101 Firefox/76.0" 
66.249.64.176 - - [24/May/2020:01:22:05 -0700] "GET /robots.txt HTTP/1.1" 200 4613 "-" "Mozilla/5.0 (compatible; Googlebot/2.1; +http://www.google.com/bot.html)" 
66.249.64.178 - - [24/May/2020:01:22:05 -0700] "GET /content/all/?offset=907&_t=amp HTTP/1.1" 200 11552 "-" "Mozilla/5.0 (Linux; Android 6.0.1; Nexus 5X Build/MMB29P) AppleWebKit/537.36 (KHTML, like Gecko) Chrome/80.0.3987.92 Mobile Safari/537.36 (compatible; Googlebot/2.1; +http://www.google.com/bot.html)" 
77.75.77.11 - - [24/May/2020:01:22:31 -0700] "GET /robots.txt HTTP/1.1" 200 4594 "-" "Mozilla/5.0 (compatible; SeznamBot/3.2; +http://napoveda.seznam.cz/en/seznambot-intro/)" 
77.75.77.11 - - [24/May/2020:01:22:33 -0700] "GET /file/de6e563953f7f600c1d82f8fbfe13b34/thumb.jpg HTTP/1.1" 304 3731 "-" "Mozilla/5.0 (compatible; SeznamBot/3.2; +http://napoveda.seznam.cz/en/seznambot-intro/)" 
46.229.168.141 - - [24/May/2020:01:22:50 -0700] "GET /2019/dear-map-people---macwrightorg HTTP/1.1" 200 9480 "-" "Mozilla/5.0 (compatible; SemrushBot/6~bl; +http://www.semrush.com/bot.html)" 
114.119.160.61 - - [24/May/2020:01:23:40 -0700] "GET /tag/IndieWeb?offset=40 HTTP/1.1" 200 10978 "-" "Mozilla/5.0 (Linux; Android 7.0;) AppleWebKit/537.36 (KHTML, like Gecko) Mobile Safari/537.36 (compatible; PetalBot;+https://aspiegel.com/petalbot)" 
75.164.251.69 - - [24/May/2020:01:23:51 -0700] "GET /?_t=rss HTTP/1.1" 200 4395 "-" "Mozilla/5.0 (Windows NT 10.0; Win64; x64; rv:76.0) Gecko/20100101 Firefox/76.0" 
46.229.168.154 - - [24/May/2020:01:24:13 -0700] "GET /content/statusupdates/?q=%23WithKnown HTTP/1.1" 200 11478 "-" "Mozilla/5.0 (compatible; SemrushBot/6~bl; +http://www.semrush.com/bot.html)" 
66.249.64.110 - - [24/May/2020:01:24:38 -0700] "GET /2020/checked-into-banana-cafe HTTP/1.1" 200 9747 "-" "Mozilla/5.0 (Linux; Android 6.0.1; Nexus 5X Build/MMB29P) AppleWebKit/537.36 (KHTML, like Gecko) Chrome/80.0.3987.92 Mobile Safari/537.36 (compatible; Googlebot/2.1; +http://www.google.com/bot.html)" 
66.249.64.178 - - [24/May/2020:01:24:46 -0700] "GET /2019/i-appreciate-fancy-scoring-when-i-see-it-but-there HTTP/1.1" 304 14273 "-" "Mozilla/5.0 (Linux; Android 6.0.1; Nexus 5X Build/MMB29P) AppleWebKit/537.36 (KHTML, like Gecko) Chrome/80.0.3987.92 Mobile Safari/537.36 (compatible; Googlebot/2.1; +http://www.google.com/bot.html)" 
66.249.64.178 - - [24/May/2020:01:24:46 -0700] "GET /2019/i-appreciate-fancy-scoring-when-i-see-it-but-there HTTP/1.1" 304 74403 "-" "Mozilla/5.0 (Linux; Android 6.0.1; Nexus 5X Build/MMB29P) AppleWebKit/537.36 (KHTML, like Gecko) Chrome/80.0.3987.92 Mobile Safari/537.36 (compatible; Googlebot/2.1; +http://www.google.com/bot.html)" 
46.229.168.142 - - [24/May/2020:01:24:57 -0700] "GET /2018/adactio-journalgdpr-and-google-analytics HTTP/1.1" 200 9720 "-" "Mozilla/5.0 (compatible; SemrushBot/6~bl; +http://www.semrush.com/bot.html)" 
198.58.102.49 - - [24/May/2020:01:25:37 -0700] "GET /?_t=rss HTTP/1.1" 200 7574 "-" "Superfeedr bot/2.0 http://superfeedr.com - Make your feeds realtime: get in touch - feed-id:1112274260" 
198.58.102.49 - - [24/May/2020:01:25:38 -0700] "GET /content/all?_t=rss HTTP/1.1" 200 7590 "-" "Superfeedr bot/2.0 http://superfeedr.com - Make your feeds realtime: get in touch - feed-id:1319424208" 
198.58.102.49 - - [24/May/2020:01:25:38 -0700] "GET /content/photos?_t=rss HTTP/1.1" 200 7668 "-" "Superfeedr bot/2.0 http://superfeedr.com - Make your feeds realtime: get in touch - feed-id:1324303946" 
198.58.102.49 - - [24/May/2020:01:25:39 -0700] "GET /content/statusupdates/posts/bookmarkedpages?_t=rss HTTP/1.1" 200 7603 "-" "Superfeedr bot/2.0 http://superfeedr.com - Make your feeds realtime: get in touch - feed-id:1247440030" 
198.58.102.49 - - [24/May/2020:01:25:38 -0700] "GET /content/statusupdates/posts/photos/checkins/bookmarkedpages?_t=rss HTTP/1.1" 200 7909 "-" "Superfeedr bot/2.0 http://superfeedr.com - Make your feeds realtime: get in touch - feed-id:1395929608" 
198.58.102.49 - - [24/May/2020:01:25:39 -0700] "GET /content/all/?_t=rss HTTP/1.1" 200 7592 "-" "Superfeedr bot/2.0 http://superfeedr.com - Make your feeds realtime: get in touch - feed-id:1122325712" 
198.58.102.49 - - [24/May/2020:01:25:39 -0700] "GET /?offset=10&_t=rss HTTP/1.1" 200 7827 "-" "Superfeedr bot/2.0 http://superfeedr.com - Make your feeds realtime: get in touch - feed-id:1214543370" 
185.65.135.232 - - [24/May/2020:01:26:02 -0700] "GET /content/all?_t=rss HTTP/1.1" 200 15712 "-" "Mozilla/5.0 (X11; U; Linux i686; fr; rv:1.9.1.1) Gecko/20090715 Firefox/3.5.1" 
46.229.168.131 - - [24/May/2020:01:26:12 -0700] "GET /content/photos/?q=%23diet HTTP/1.1" 200 8489 "-" "Mozilla/5.0 (compatible; SemrushBot/6~bl; +http://www.semrush.com/bot.html)" 
75.164.251.69 - - [24/May/2020:01:26:42 -0700] "GET /?_t=rss HTTP/1.1" 200 7574 "-" "Mozilla/5.0 (Windows NT 10.0; Win64; x64; rv:76.0) Gecko/20100101 Firefox/76.0" 
46.229.168.154 - - [24/May/2020:01:27:15 -0700] "GET /?q=%23London HTTP/1.1" 200 10743 "-" "Mozilla/5.0 (compatible; SemrushBot/6~bl; +http://www.semrush.com/bot.html)" 
66.249.64.178 - - [24/May/2020:01:27:55 -0700] "GET /2018/marieprice2-fun-and-all-but-to-whom?_t=rss HTTP/1.1" 200 5459 "-" "Mozilla/5.0 (Linux; Android 6.0.1; Nexus 5X Build/MMB29P) AppleWebKit/537.36 (KHTML, like Gecko) Chrome/80.0.3987.92 Mobile Safari/537.36 (compatible; Googlebot/2.1; +http://www.google.com/bot.html)" 
75.164.251.69 - - [24/May/2020:01:29:44 -0700] "GET /?_t=rss HTTP/1.1" 200 4395 "-" "Mozilla/5.0 (Windows NT 10.0; Win64; x64; rv:76.0) Gecko/20100101 Firefox/76.0" 
34.239.157.133 - - [24/May/2020:01:30:21 -0700] "GET /?_t=rss HTTP/1.1" 200 7537 "-" "glitch-feeder/1.0 (+https://glitch.com/~lmo-feeder)" 
46.229.168.148 - - [24/May/2020:01:31:41 -0700] "GET /content/bookmarkedpages/?offset=20&q=%23%2B%23indieweb HTTP/1.1" 200 12592 "-" "Mozilla/5.0 (compatible; SemrushBot/6~bl; +http://www.semrush.com/bot.html)" 
46.229.168.161 - - [24/May/2020:01:31:47 -0700] "GET /content/bookmarkedpages?offset=10 HTTP/1.1" 200 11310 "-" "Mozilla/5.0 (compatible; SemrushBot/6~bl; +http://www.semrush.com/bot.html)" 
75.164.251.69 - - [24/May/2020:01:32:21 -0700] "GET /?_t=rss HTTP/1.1" 200 7574 "-" "Mozilla/5.0 (Windows NT 10.0; Win64; x64; rv:76.0) Gecko/20100101 Firefox/76.0" 
17.58.102.79 - - [24/May/2020:01:33:28 -0700] "GET /2018/i-like-that-chris-would-prefer-a HTTP/1.1" 200 9656 "-" "Mozilla/5.0 (Macintosh; Intel Mac OS X 10_10_1) AppleWebKit/600.2.5 (KHTML, like Gecko) Version/8.0.2 Safari/600.2.5 (Applebot/0.1; +http://www.apple.com/go/applebot)" 
64.111.100.215 - - [24/May/2020:01:33:47 -0700] "GET /content/all?_t=rss HTTP/1.1" 200 15712 "-" "Mozilla/5.0 (X11; U; Linux i686; fr; rv:1.9.1.1) Gecko/20090715 Firefox/3.5.1" 
75.164.251.69 - - [24/May/2020:01:35:30 -0700] "GET /?_t=rss HTTP/1.1" 200 4395 "-" "Mozilla/5.0 (Windows NT 10.0; Win64; x64; rv:76.0) Gecko/20100101 Firefox/76.0" 
185.65.135.232 - - [24/May/2020:01:36:33 -0700] "GET /2020/that-would-be-a-newsletter-right HTTP/1.1" 200 10076 "https://www.jeremycherfas.net/stream" "Mozilla/5.0 (Macintosh; Intel Mac OS X 10.13; rv:76.0) Gecko/20100101 Firefox/76.0" 
185.65.135.232 - - [24/May/2020:01:36:34 -0700] "GET /file/ef801e05730eba56004c5b712ad84731/thumb.jpg HTTP/1.1" 200 22619 "https://stream.jeremycherfas.net/2020/that-would-be-a-newsletter-right" "Mozilla/5.0 (Macintosh; Intel Mac OS X 10.13; rv:76.0) Gecko/20100101 Firefox/76.0" 
185.65.135.232 - - [24/May/2020:01:36:34 -0700] "GET /gfx/logos/apple-icon-144x144.png HTTP/1.1" 200 10316 "-" "Mozilla/5.0 (Macintosh; Intel Mac OS X 10.13; rv:76.0) Gecko/20100101 Firefox/76.0" 
185.65.135.232 - - [24/May/2020:01:36:34 -0700] "GET /service-worker.min.js HTTP/1.1" 200 1355 "-" "Mozilla/5.0 (Macintosh; Intel Mac OS X 10.13; rv:76.0) Gecko/20100101 Firefox/76.0" 
46.229.168.153 - - [24/May/2020:01:36:49 -0700] "GET /content/all/?q=%23matin HTTP/1.1" 200 9257 "-" "Mozilla/5.0 (compatible; SemrushBot/6~bl; +http://www.semrush.com/bot.html)" 
66.249.64.180 - - [24/May/2020:01:37:23 -0700] "GET /?q=%23Indieweb&offset=130 HTTP/1.1" 200 12907 "-" "Mozilla/5.0 (Linux; Android 6.0.1; Nexus 5X Build/MMB29P) AppleWebKit/537.36 (KHTML, like Gecko) Chrome/80.0.3987.92 Mobile Safari/537.36 (compatible; Googlebot/2.1; +http://www.google.com/bot.html)" 
66.249.64.178 - - [24/May/2020:01:37:26 -0700] "GET /service/web/unfurl/?url=http%3A%2F%2Fwww.fornacalia.com%2F2017%2Fcornbread-for-fornacalia&__bTk=eaac90559b759ea7ae377bf516368bbfcdb0ae6c84f19a55d89e917d304eae91&__bTs=1588896000 HTTP/1.1" 403 4648 "https://www.stream.jeremycherfas.net/?q=%23Indieweb&offset=130" "Mozilla/5.0 (Linux; Android 6.0.1; Nexus 5X Build/MMB29P) AppleWebKit/537.36 (KHTML, like Gecko) Chrome/81.0.4044.108 Mobile Safari/537.36 (compatible; Googlebot/2.1; +http://www.google.com/bot.html)" 
66.249.64.176 - - [24/May/2020:01:37:26 -0700] "GET /service/web/unfurl/?url=http%3A%2F%2Fwww.fornacalia.com%2F2017%2Fcornbread-for-fornacalia&__bTk=eaac90559b759ea7ae377bf516368bbfcdb0ae6c84f19a55d89e917d304eae91&__bTs=1590233296 HTTP/1.1" 403 4648 "https://www.stream.jeremycherfas.net/?q=%23Indieweb&offset=130" "Mozilla/5.0 (Linux; Android 6.0.1; Nexus 5X Build/MMB29P) AppleWebKit/537.36 (KHTML, like Gecko) Chrome/81.0.4044.108 Mobile Safari/537.36 (compatible; Googlebot/2.1; +http://www.google.com/bot.html)" 
46.229.168.149 - - [24/May/2020:01:37:38 -0700] "GET /content/audio/?q=%23%2B%23WithKnown HTTP/1.1" 200 8509 "-" "Mozilla/5.0 (compatible; SemrushBot/6~bl; +http://www.semrush.com/bot.html)" 
46.229.168.147 - - [24/May/2020:01:37:40 -0700] "GET /2017/there-are-two-americas-say-it-isnt-so-choices-magazinesubmitted-articlesa-tale-of-two-americas-why-is-that-a-surprise HTTP/1.1" 200 10271 "-" "Mozilla/5.0 (compatible; SemrushBot/6~bl; +http://www.semrush.com/bot.html)" 
114.119.167.191 - - [24/May/2020:01:38:03 -0700] "GET /content/photos?q=%23%2B%23sourdough&offset=11 HTTP/1.1" 200 12140 "-" "Mozilla/5.0 (Linux; Android 7.0;) AppleWebKit/537.36 (KHTML, like Gecko) Mobile Safari/537.36 (compatible; PetalBot;+https://aspiegel.com/petalbot)" 
75.164.251.69 - - [24/May/2020:01:38:53 -0700] "GET /?_t=rss HTTP/1.1" 200 7574 "-" "Mozilla/5.0 (Windows NT 10.0; Win64; x64; rv:76.0) Gecko/20100101 Firefox/76.0" 
159.65.77.58 - - [24/May/2020:01:39:46 -0700] "GET /?_t=rss HTTP/1.1" 304 3475 "-" "Feedbin feed-id:1536727 - 1 subscribers" 
75.164.251.69 - - [24/May/2020:01:42:02 -0700] "GET /?_t=rss HTTP/1.1" 200 4395 "-" "Mozilla/5.0 (Windows NT 10.0; Win64; x64; rv:76.0) Gecko/20100101 Firefox/76.0" 
46.229.168.130 - - [24/May/2020:01:44:06 -0700] "GET /content/posts/?q=%23Quinoa HTTP/1.1" 200 8490 "-" "Mozilla/5.0 (compatible; SemrushBot/6~bl; +http://www.semrush.com/bot.html)" 
185.65.135.232 - - [24/May/2020:01:44:20 -0700] "GET /file/ef801e05730eba56004c5b712ad84731/thumb.jpg HTTP/1.1" 200 26069 "-" "Mozilla/5.0 (Macintosh; Intel Mac OS X 10.13; rv:76.0) Gecko/20100101 Firefox/76.0" 
185.65.135.232 - - [24/May/2020:01:44:20 -0700] "GET /favicon.ico HTTP/1.1" 200 534 "-" "Mozilla/5.0 (Macintosh; Intel Mac OS X 10.13; rv:76.0) Gecko/20100101 Firefox/76.0" 
75.164.251.69 - - [24/May/2020:01:44:42 -0700] "GET /?_t=rss HTTP/1.1" 200 7574 "-" "Mozilla/5.0 (Windows NT 10.0; Win64; x64; rv:76.0) Gecko/20100101 Firefox/76.0" 
96.126.125.129 - - [24/May/2020:01:44:48 -0700] "GET /content/statusupdates/posts/photos/checkins/bookmarkedpages?_t=rss HTTP/1.1" 200 7858 "-" "Micro.blog/1.0" 
46.229.168.147 - - [24/May/2020:01:44:51 -0700] "GET /2017/patreon-is-stepping-back-and-thats-great-but-there-announcement HTTP/1.1" 200 9870 "-" "Mozilla/5.0 (compatible; SemrushBot/6~bl; +http://www.semrush.com/bot.html)" 
114.119.165.37 - - [24/May/2020:01:45:12 -0700] "GET /tag/testtag HTTP/1.1" 200 9241 "-" "Mozilla/5.0 (Linux; Android 7.0;) AppleWebKit/537.36 (KHTML, like Gecko) Mobile Safari/537.36 (compatible; PetalBot;+https://aspiegel.com/petalbot)" 
46.229.168.137 - - [24/May/2020:01:45:34 -0700] "GET /2017/100%25-wholemeal-coming-together-just-three-ingredients-flour-water-salt HTTP/1.1" 200 11086 "-" "Mozilla/5.0 (compatible; SemrushBot/6~bl; +http://www.semrush.com/bot.html)" 
66.249.64.180 - - [24/May/2020:01:46:51 -0700] "GET /content/statusupdates/?offset=84 HTTP/1.1" 200 10761 "-" "Mozilla/5.0 (Linux; Android 6.0.1; Nexus 5X Build/MMB29P) AppleWebKit/537.36 (KHTML, like Gecko) Chrome/80.0.3987.92 Mobile Safari/537.36 (compatible; Googlebot/2.1; +http://www.google.com/bot.html)" 
75.164.251.69 - - [24/May/2020:01:47:28 -0700] "GET /?_t=rss HTTP/1.1" 200 4395 "-" "Mozilla/5.0 (Windows NT 10.0; Win64; x64; rv:76.0) Gecko/20100101 Firefox/76.0" 
46.229.168.140 - - [24/May/2020:01:48:51 -0700] "GET /robots.txt HTTP/1.1" 200 4552 "-" "Mozilla/5.0 (compatible; SemrushBot/6~bl; +http://www.semrush.com/bot.html)" 
46.229.168.141 - - [24/May/2020:01:48:51 -0700] "GET /2018/nice-to-see-stacey-de-polo-set-off-on-her HTTP/1.1" 200 9721 "-" "Mozilla/5.0 (compatible; SemrushBot/6~bl; +http://www.semrush.com/bot.html)" 
64.111.100.215 - - [24/May/2020:01:49:15 -0700] "GET /content/all?_t=rss HTTP/1.1" 200 15712 "-" "Mozilla/5.0 (X11; U; Linux i686; fr; rv:1.9.1.1) Gecko/20090715 Firefox/3.5.1" 
46.229.168.138 - - [24/May/2020:01:49:20 -0700] "GET /2018/what-is-the-stuff-that-oozes-out-of-supermarket-bacon HTTP/1.1" 200 12775 "-" "Mozilla/5.0 (compatible; SemrushBot/6~bl; +http://www.semrush.com/bot.html)" 
75.164.251.69 - - [24/May/2020:01:50:13 -0700] "GET /?_t=rss HTTP/1.1" 200 7574 "-" "Mozilla/5.0 (Windows NT 10.0; Win64; x64; rv:76.0) Gecko/20100101 Firefox/76.0" 
46.229.168.136 - - [24/May/2020:01:50:40 -0700] "GET /2019/link-to-the-rest-the-12-year-journey-to-1000-days HTTP/1.1" 200 9665 "-" "Mozilla/5.0 (compatible; SemrushBot/6~bl; +http://www.semrush.com/bot.html)" 
46.229.168.140 - - [24/May/2020:01:51:14 -0700] "GET /content/posts/?offset=29&q=%23Indieweb HTTP/1.1" 200 10244 "-" "Mozilla/5.0 (compatible; SemrushBot/6~bl; +http://www.semrush.com/bot.html)" 
85.208.96.71 - - [24/May/2020:01:52:01 -0700] "GET /content/all?_t=rss HTTP/1.1" 200 7534 "-" "Mozilla/5.0 (compatible; SemrushBot/1.0~bm; +http://www.semrush.com/bot.html)" 
114.119.160.61 - - [24/May/2020:01:52:30 -0700] "GET /tag/+%23174 HTTP/1.1" 200 9242 "-" "Mozilla/5.0 (Linux; Android 7.0;) AppleWebKit/537.36 (KHTML, like Gecko) Mobile Safari/537.36 (compatible; PetalBot;+https://aspiegel.com/petalbot)" 
75.164.251.69 - - [24/May/2020:01:52:56 -0700] "GET /?_t=rss HTTP/1.1" 200 4395 "-" "Mozilla/5.0 (Windows NT 10.0; Win64; x64; rv:76.0) Gecko/20100101 Firefox/76.0" 
46.229.168.143 - - [24/May/2020:01:54:15 -0700] "GET /2018/i-hope-you-all-dont-mind-me-promoting-my-latest/annotations/2f8ce546e3489f6c05a6531a1fe752fe HTTP/1.1" 200 8625 "-" "Mozilla/5.0 (compatible; SemrushBot/6~bl; +http://www.semrush.com/bot.html)" 
46.229.168.142 - - [24/May/2020:01:54:30 -0700] "GET /2018/listened-to-the-first-episode-of-bundyville HTTP/1.1" 200 10074 "-" "Mozilla/5.0 (compatible; SemrushBot/6~bl; +http://www.semrush.com/bot.html)" 
66.249.64.112 - - [24/May/2020:01:54:30 -0700] "GET /robots.txt HTTP/1.1" 200 4589 "-" "Mozilla/5.0 (compatible; Googlebot/2.1; +http://www.google.com/bot.html)" 
66.249.64.110 - - [24/May/2020:01:54:30 -0700] "GET /service/web/unfurl/?url=https%3A%2F%2Fwww.economist.com%2Fchristmas-specials%2F2018%2F12%2F18%2Forigami-spreads-its-wings&__bTk=3eec8bcd67b4b2e93a55cf66a2122cd213cc149f334395fc089c9e91fcc562e3&__bTs=1588767473 HTTP/1.1" 403 4656 "https://stream.jeremycherfas.net/content/all?_t=amp&offset=645" "Mozilla/5.0 (Linux; Android 6.0.1; Nexus 5X Build/MMB29P) AppleWebKit/537.36 (KHTML, like Gecko) Chrome/81.0.4044.108 Mobile Safari/537.36 (compatible; Googlebot/2.1; +http://www.google.com/bot.html)" 
66.249.64.176 - - [24/May/2020:01:54:49 -0700] "GET /2019/the-plain-text-life-note-taking-writing-and-life-organization HTTP/1.1" 304 3742 "-" "Mozilla/5.0 (Linux; Android 6.0.1; Nexus 5X Build/MMB29P) AppleWebKit/537.36 (KHTML, like Gecko) Chrome/80.0.3987.92 Mobile Safari/537.36 (compatible; Googlebot/2.1; +http://www.google.com/bot.html)" 
46.229.168.129 - - [24/May/2020:01:55:00 -0700] "GET /2017/youtube-demonetization-the-great-platform-problem HTTP/1.1" 200 9955 "-" "Mozilla/5.0 (compatible; SemrushBot/6~bl; +http://www.semrush.com/bot.html)" 
75.164.251.69 - - [24/May/2020:01:55:33 -0700] "GET /?_t=rss HTTP/1.1" 200 7574 "-" "Mozilla/5.0 (Windows NT 10.0; Win64; x64; rv:76.0) Gecko/20100101 Firefox/76.0" 
46.229.168.151 - - [24/May/2020:01:55:34 -0700] "GET /content/all/?offset=10&q=%23%2B%23leaven HTTP/1.1" 200 8993 "-" "Mozilla/5.0 (compatible; SemrushBot/6~bl; +http://www.semrush.com/bot.html)" 
66.249.64.178 - - [24/May/2020:01:56:19 -0700] "GET /content/statusupdates/?offset=418 HTTP/1.1" 200 8767 "-" "Mozilla/5.0 (Linux; Android 6.0.1; Nexus 5X Build/MMB29P) AppleWebKit/537.36 (KHTML, like Gecko) Chrome/80.0.3987.92 Mobile Safari/537.36 (compatible; Googlebot/2.1; +http://www.google.com/bot.html)" 
66.249.64.180 - - [24/May/2020:01:56:22 -0700] "GET /IdnoPlugins/Checkin/external/leaflet/leaflet.js HTTP/1.1" 200 37461 "https://www.stream.jeremycherfas.net/content/statusupdates/?offset=418" "Mozilla/5.0 (Linux; Android 6.0.1; Nexus 5X Build/MMB29P) AppleWebKit/537.36 (KHTML, like Gecko) Chrome/81.0.4044.108 Mobile Safari/537.36 (compatible; Googlebot/2.1; +http://www.google.com/bot.html)" 
46.229.168.129 - - [24/May/2020:01:57:10 -0700] "GET /content/bookmarkedpages/?q=%23multigrain HTTP/1.1" 200 8514 "-" "Mozilla/5.0 (compatible; SemrushBot/6~bl; +http://www.semrush.com/bot.html)" 
173.230.155.197 - - [24/May/2020:01:58:11 -0700] "GET / HTTP/1.1" 200 57427 "-" "Mozilla/5.0 (Macintosh; Intel Mac OS X 10_12_1) AppleWebKit/537.36 (KHTML, like Gecko) Chrome/57.0.2987.133 Safari/537.36 p3k-http/0.1.5 p3k-watchtower/0.1" 
75.164.251.69 - - [24/May/2020:01:58:27 -0700] "GET /?_t=rss HTTP/1.1" 200 4395 "-" "Mozilla/5.0 (Windows NT 10.0; Win64; x64; rv:76.0) Gecko/20100101 Firefox/76.0" 
114.119.160.143 - - [24/May/2020:01:59:44 -0700] "GET /tag/tentaclelove HTTP/1.1" 200 9157 "-" "Mozilla/5.0 (Linux; Android 7.0;) AppleWebKit/537.36 (KHTML, like Gecko) Mobile Safari/537.36 (compatible; PetalBot;+https://aspiegel.com/petalbot)" 
46.229.168.144 - - [24/May/2020:02:00:57 -0700] "GET /?offset=33&q=%23%2B%23food HTTP/1.1" 200 13228 "-" "Mozilla/5.0 (compatible; SemrushBot/6~bl; +http://www.semrush.com/bot.html)" 
46.229.168.147 - - [24/May/2020:02:00:59 -0700] "GET /?offset=132&q=%23IndieWeb HTTP/1.1" 200 12957 "-" "Mozilla/5.0 (compatible; SemrushBot/6~bl; +http://www.semrush.com/bot.html)" 
75.164.251.69 - - [24/May/2020:02:01:28 -0700] "GET /?_t=rss HTTP/1.1" 200 7574 "-" "Mozilla/5.0 (Windows NT 10.0; Win64; x64; rv:76.0) Gecko/20100101 Firefox/76.0" 
46.229.168.130 - - [24/May/2020:02:01:44 -0700] "GET /2019/this-is-a-test-reply-from-omnibear HTTP/1.1" 200 9967 "-" "Mozilla/5.0 (compatible; SemrushBot/6~bl; +http://www.semrush.com/bot.html)" 
46.229.168.140 - - [24/May/2020:02:02:21 -0700] "GET /content/all/?q=%23%2B%23food HTTP/1.1" 200 12616 "-" "Mozilla/5.0 (compatible; SemrushBot/6~bl; +http://www.semrush.com/bot.html)" 
46.229.168.135 - - [24/May/2020:02:03:22 -0700] "GET /?offset=9&q=%23webmention HTTP/1.1" 200 9180 "-" "Mozilla/5.0 (compatible; SemrushBot/6~bl; +http://www.semrush.com/bot.html)" 
77.88.5.71 - - [24/May/2020:02:03:58 -0700] "GET /robots.txt HTTP/1.1" 200 4593 "-" "Mozilla/5.0 (compatible; YandexBot/3.0; +http://yandex.com/bots)" 
77.88.5.71 - - [24/May/2020:02:04:02 -0700] "GET /view/71d837b1e9866fe7b9dd5022cc296f6a HTTP/1.1" 200 9695 "-" "Mozilla/5.0 (compatible; YandexBot/3.0; +http://yandex.com/bots)" 
75.164.251.69 - - [24/May/2020:02:04:17 -0700] "GET /?_t=rss HTTP/1.1" 200 4395 "-" "Mozilla/5.0 (Windows NT 10.0; Win64; x64; rv:76.0) Gecko/20100101 Firefox/76.0" 
64.111.100.215 - - [24/May/2020:02:05:06 -0700] "GET /content/all?_t=rss HTTP/1.1" 200 15712 "-" "Mozilla/5.0 (X11; U; Linux i686; fr; rv:1.9.1.1) Gecko/20090715 Firefox/3.5.1" 
66.249.64.110 - - [24/May/2020:02:05:47 -0700] "GET /2017/just-listened-to-colinwalkers-latest-microcast-im-not-feeling-the?_t=rss HTTP/1.1" 200 5495 "-" "Mozilla/5.0 (Linux; Android 6.0.1; Nexus 5X Build/MMB29P) AppleWebKit/537.36 (KHTML, like Gecko) Chrome/80.0.3987.92 Mobile Safari/537.36 (compatible; Googlebot/2.1; +http://www.google.com/bot.html)" 
46.229.168.141 - - [24/May/2020:02:06:19 -0700] "GET /?offset=34&q=%23withknown HTTP/1.1" 200 11717 "-" "Mozilla/5.0 (compatible; SemrushBot/6~bl; +http://www.semrush.com/bot.html)" 
54.236.10.150 - - [24/May/2020:02:06:23 -0700] "GET /profile/jeremy?offset=10&_t=rss HTTP/1.1" 304 3480 "https://www.google.com/" "Mozilla/5.0 (Windows NT 10.0; WOW64) AppleWebKit/537.36 (KHTML, like Gecko) Chrome/80.0.3987.132 Safari/537.36" 
46.229.168.131 - - [24/May/2020:02:06:41 -0700] "GET /?offset=72&q=%23bread HTTP/1.1" 200 11794 "-" "Mozilla/5.0 (compatible; SemrushBot/6~bl; +http://www.semrush.com/bot.html)" 
114.119.165.37 - - [24/May/2020:02:06:55 -0700] "GET /tag/matin HTTP/1.1" 200 9008 "-" "Mozilla/5.0 (Linux; Android 7.0;) AppleWebKit/537.36 (KHTML, like Gecko) Mobile Safari/537.36 (compatible; PetalBot;+https://aspiegel.com/petalbot)" 
75.164.251.69 - - [24/May/2020:02:07:11 -0700] "GET /?_t=rss HTTP/1.1" 200 7574 "-" "Mozilla/5.0 (Windows NT 10.0; Win64; x64; rv:76.0) Gecko/20100101 Firefox/76.0" 
46.229.168.150 - - [24/May/2020:02:07:31 -0700] "GET /?offset=70&q=%23%2B%23indieweb HTTP/1.1" 200 12726 "-" "Mozilla/5.0 (compatible; SemrushBot/6~bl; +http://www.semrush.com/bot.html)" 
46.229.168.162 - - [24/May/2020:02:08:16 -0700] "GET /2018/untitled-9 HTTP/1.1" 200 9531 "-" "Mozilla/5.0 (compatible; SemrushBot/6~bl; +http://www.semrush.com/bot.html)" 
75.164.251.69 - - [24/May/2020:02:09:45 -0700] "GET /?_t=rss HTTP/1.1" 200 4395 "-" "Mozilla/5.0 (Windows NT 10.0; Win64; x64; rv:76.0) Gecko/20100101 Firefox/76.0" 
207.241.226.230 - - [24/May/2020:02:09:54 -0700] "GET /2020/changing-diet-you-cant-outrun-a-shitty-diet---jeenanet HTTP/1.1" 200 9318 "-" "Known https://withknown.com" 
198.58.102.95 - - [24/May/2020:02:09:57 -0700] "GET /?_t=rss HTTP/1.1" 200 7397 "-" "Superfeedr bot/2.0 http://superfeedr.com - Make your feeds realtime: get in touch - feed-id:1112274260" 
185.65.135.232 - - [24/May/2020:02:09:52 -0700] "POST /micropub/endpoint HTTP/1.1" 201 4510 "-" "Mozilla/5.0 (Macintosh; Intel Mac OS X 10.13; rv:76.0) Gecko/20100101 Firefox/76.0" 
198.58.102.95 - - [24/May/2020:02:09:58 -0700] "GET / HTTP/1.1" 200 11870 "-" "Superfeedr bot/2.0 http://superfeedr.com - Make your feeds realtime: get in touch - feed-id:1396476126" 
198.58.102.95 - - [24/May/2020:02:09:58 -0700] "GET /?_t=rss HTTP/1.1" 200 7397 "-" "Superfeedr bot/2.0 http://superfeedr.com - Make your feeds realtime: get in touch - feed-id:1112274260" 
198.58.102.95 - - [24/May/2020:02:09:59 -0700] "GET /content/photos?_t=rss HTTP/1.1" 200 7668 "-" "Superfeedr bot/2.0 http://superfeedr.com - Make your feeds realtime: get in touch - feed-id:1324303946" 
198.58.102.95 - - [24/May/2020:02:09:59 -0700] "GET / HTTP/1.1" 200 11870 "-" "Superfeedr bot/2.0 http://superfeedr.com - Make your feeds realtime: get in touch - feed-id:1396476126" 
198.58.102.95 - - [24/May/2020:02:09:59 -0700] "GET /?offset=10&_t=rss HTTP/1.1" 200 8008 "-" "Superfeedr bot/2.0 http://superfeedr.com - Make your feeds realtime: get in touch - feed-id:1214543370" 
198.58.102.95 - - [24/May/2020:02:09:59 -0700] "GET /content/statusupdates/posts/bookmarkedpages?_t=rss HTTP/1.1" 200 7576 "-" "Superfeedr bot/2.0 http://superfeedr.com - Make your feeds realtime: get in touch - feed-id:1247440030" 
198.58.102.95 - - [24/May/2020:02:09:59 -0700] "GET /content/statusupdates/posts/photos/checkins/bookmarkedpages?_t=rss HTTP/1.1" 200 7785 "-" "Superfeedr bot/2.0 http://superfeedr.com - Make your feeds realtime: get in touch - feed-id:1395929608" 
198.58.102.95 - - [24/May/2020:02:09:59 -0700] "GET /content/all?_t=rss HTTP/1.1" 200 7413 "-" "Superfeedr bot/2.0 http://superfeedr.com - Make your feeds realtime: get in touch - feed-id:1319424208" 
198.58.102.95 - - [24/May/2020:02:10:01 -0700] "GET / HTTP/1.1" 200 11870 "-" "Superfeedr bot/2.0 http://superfeedr.com - Make your feeds realtime: get in touch - feed-id:1396476126" 
198.58.102.95 - - [24/May/2020:02:10:01 -0700] "GET /content/all?_t=rss HTTP/1.1" 200 7413 "-" "Superfeedr bot/2.0 http://superfeedr.com - Make your feeds realtime: get in touch - feed-id:1319424208" 
198.58.102.95 - - [24/May/2020:02:10:00 -0700] "GET /content/all/?_t=rss HTTP/1.1" 200 7415 "-" "Superfeedr bot/2.0 http://superfeedr.com - Make your feeds realtime: get in touch - feed-id:1122325712" 
40.77.167.4 - - [24/May/2020:02:10:02 -0700] "GET /content/rsvp/ HTTP/1.1" 200 10171 "-" "Mozilla/5.0 (compatible; bingbot/2.0; +http://www.bing.com/bingbot.htm)" 
198.58.102.95 - - [24/May/2020:02:10:01 -0700] "GET /content/statusupdates/posts/photos/checkins/bookmarkedpages?_t=rss HTTP/1.1" 200 7785 "-" "Superfeedr bot/2.0 http://superfeedr.com - Make your feeds realtime: get in touch - feed-id:1395929608" 
198.58.102.95 - - [24/May/2020:02:10:01 -0700] "GET /content/all/?_t=rss HTTP/1.1" 200 7415 "-" "Superfeedr bot/2.0 http://superfeedr.com - Make your feeds realtime: get in touch - feed-id:1122325712" 
198.58.102.95 - - [24/May/2020:02:10:02 -0700] "GET / HTTP/1.1" 200 11870 "-" "Superfeedr bot/2.0 http://superfeedr.com - Make your feeds realtime: get in touch - feed-id:1396476126" 
198.58.102.95 - - [24/May/2020:02:10:03 -0700] "GET /content/statusupdates/posts/bookmarkedpages?_t=rss HTTP/1.1" 200 7576 "-" "Superfeedr bot/2.0 http://superfeedr.com - Make your feeds realtime: get in touch - feed-id:1247440030" 
198.58.102.95 - - [24/May/2020:02:10:02 -0700] "GET / HTTP/1.1" 200 11870 "-" "Superfeedr bot/2.0 http://superfeedr.com - Make your feeds realtime: get in touch - feed-id:1396476126" 
198.58.102.95 - - [24/May/2020:02:10:03 -0700] "GET / HTTP/1.1" 200 11870 "-" "Superfeedr bot/2.0 http://superfeedr.com - Make your feeds realtime: get in touch - feed-id:1396476126" 
198.58.102.95 - - [24/May/2020:02:10:04 -0700] "GET /content/statusupdates/posts/photos/checkins/bookmarkedpages?_t=rss HTTP/1.1" 200 7785 "-" "Superfeedr bot/2.0 http://superfeedr.com - Make your feeds realtime: get in touch - feed-id:1395929608" 
66.249.64.110 - - [24/May/2020:02:10:04 -0700] "GET /?_t=rss HTTP/1.1" 200 7397 "-" "Mozilla/5.0 (compatible; Googlebot/2.1; +http://www.google.com/bot.html)" 
198.58.102.95 - - [24/May/2020:02:10:03 -0700] "GET /content/all/?_t=rss HTTP/1.1" 200 7415 "-" "Superfeedr bot/2.0 http://superfeedr.com - Make your feeds realtime: get in touch - feed-id:1122325712" 
198.58.102.95 - - [24/May/2020:02:10:04 -0700] "GET /content/all?_t=rss HTTP/1.1" 200 7413 "-" "Superfeedr bot/2.0 http://superfeedr.com - Make your feeds realtime: get in touch - feed-id:1319424208" 
198.58.102.95 - - [24/May/2020:02:10:04 -0700] "GET /content/all/?_t=rss HTTP/1.1" 200 7415 "-" "Superfeedr bot/2.0 http://superfeedr.com - Make your feeds realtime: get in touch - feed-id:1122325712" 
198.58.102.95 - - [24/May/2020:02:10:05 -0700] "GET /content/statusupdates/posts/bookmarkedpages?_t=rss HTTP/1.1" 200 7576 "-" "Superfeedr bot/2.0 http://superfeedr.com - Make your feeds realtime: get in touch - feed-id:1247440030" 
