157.55.39.201 - - [24/May/2020:05:07:48 -0700] "GET /2019/i-think-they-were-cod-fillets-but-in-any-case HTTP/1.1" 200 13680 "-" "Mozilla/5.0 (compatible; bingbot/2.0; +http://www.bing.com/bingbot.htm)" 
75.164.251.69 - - [24/May/2020:05:07:58 -0700] "GET /?_t=rss HTTP/1.1" 200 7397 "-" "Mozilla/5.0 (Windows NT 10.0; Win64; x64; rv:76.0) Gecko/20100101 Firefox/76.0" 
114.119.165.37 - - [24/May/2020:05:08:03 -0700] "GET /tag/sourdough?offset=16 HTTP/1.1" 200 11725 "-" "Mozilla/5.0 (Linux; Android 7.0;) AppleWebKit/537.36 (KHTML, like Gecko) Mobile Safari/537.36 (compatible; PetalBot;+https://aspiegel.com/petalbot)" 
66.249.64.112 - - [24/May/2020:05:08:53 -0700] "GET /view/07a4eafdcbbb19db66e5678b3c5159ff?_t=rss HTTP/1.1" 200 5656 "-" "Mozilla/5.0 (Linux; Android 6.0.1; Nexus 5X Build/MMB29P) AppleWebKit/537.36 (KHTML, like Gecko) Chrome/80.0.3987.92 Mobile Safari/537.36 (compatible; Googlebot/2.1; +http://www.google.com/bot.html)" 
64.111.100.215 - - [24/May/2020:05:10:09 -0700] "GET /content/all?_t=rss HTTP/1.1" 200 14465 "-" "Mozilla/5.0 (X11; U; Linux i686; fr; rv:1.9.1.1) Gecko/20090715 Firefox/3.5.1" 
96.126.125.129 - - [24/May/2020:05:10:45 -0700] "GET /content/statusupdates/posts/photos/checkins/bookmarkedpages?_t=rss HTTP/1.1" 200 7734 "-" "Micro.blog/1.0" 
75.164.251.69 - - [24/May/2020:05:11:14 -0700] "GET /?_t=rss HTTP/1.1" 200 4218 "-" "Mozilla/5.0 (Windows NT 10.0; Win64; x64; rv:76.0) Gecko/20100101 Firefox/76.0" 
46.229.168.147 - - [24/May/2020:05:12:39 -0700] "GET /content/photos/?offset=37&q=%23bread HTTP/1.1" 200 12623 "-" "Mozilla/5.0 (compatible; SemrushBot/6~bl; +http://www.semrush.com/bot.html)" 
75.164.251.69 - - [24/May/2020:05:14:08 -0700] "GET /?_t=rss HTTP/1.1" 200 7397 "-" "Mozilla/5.0 (Windows NT 10.0; Win64; x64; rv:76.0) Gecko/20100101 Firefox/76.0" 
46.229.168.145 - - [24/May/2020:05:14:15 -0700] "GET /content/all/?offset=23&q=%23podcast HTTP/1.1" 200 12222 "-" "Mozilla/5.0 (compatible; SemrushBot/6~bl; +http://www.semrush.com/bot.html)" 
66.249.64.112 - - [24/May/2020:05:14:49 -0700] "GET /view/7e121411e0bbd346008117ff04d41d9c HTTP/1.1" 200 9754 "-" "Mozilla/5.0 (Linux; Android 6.0.1; Nexus 5X Build/MMB29P) AppleWebKit/537.36 (KHTML, like Gecko) Chrome/80.0.3987.92 Mobile Safari/537.36 (compatible; Googlebot/2.1; +http://www.google.com/bot.html)" 
96.126.125.129 - - [24/May/2020:05:15:05 -0700] "GET /content/statusupdates/posts/photos/checkins/bookmarkedpages?_t=rss HTTP/1.1" 200 7734 "-" "Micro.blog/1.0" 
114.119.162.106 - - [24/May/2020:05:15:23 -0700] "GET /profile/jeremy?offset=180 HTTP/1.1" 200 18770 "-" "Mozilla/5.0 (Linux; Android 7.0;) AppleWebKit/537.36 (KHTML, like Gecko) Mobile Safari/537.36 (compatible; PetalBot;+https://aspiegel.com/petalbot)" 
157.55.39.229 - - [24/May/2020:05:17:01 -0700] "GET /2017/mirror-mirror-on-the-wall-who-is-the-most-viewed HTTP/1.1" 304 3726 "-" "Mozilla/5.0 (compatible; bingbot/2.0; +http://www.bing.com/bingbot.htm)" 
75.164.251.69 - - [24/May/2020:05:17:18 -0700] "GET /?_t=rss HTTP/1.1" 200 4218 "-" "Mozilla/5.0 (Windows NT 10.0; Win64; x64; rv:76.0) Gecko/20100101 Firefox/76.0" 
77.88.5.71 - - [24/May/2020:05:18:16 -0700] "GET /view/f079c1798b23cd8372d1318b2d7f54c0 HTTP/1.1" 200 9706 "-" "Mozilla/5.0 (compatible; YandexBot/3.0; +http://yandex.com/bots)" 
96.126.125.129 - - [24/May/2020:05:18:58 -0700] "GET /content/statusupdates/posts/photos/checkins/bookmarkedpages?_t=rss HTTP/1.1" 200 7734 "-" "Micro.blog/1.0" 
66.249.64.110 - - [24/May/2020:05:19:03 -0700] "GET /view/dbf4c077a55c43bdb36287352a7215c8 HTTP/1.1" 200 9556 "-" "Mozilla/5.0 (Linux; Android 6.0.1; Nexus 5X Build/MMB29P) AppleWebKit/537.36 (KHTML, like Gecko) Chrome/80.0.3987.92 Mobile Safari/537.36 (compatible; Googlebot/2.1; +http://www.google.com/bot.html)" 
46.229.168.130 - - [24/May/2020:05:19:55 -0700] "GET /content/photos/?q=%23quill HTTP/1.1" 200 9184 "-" "Mozilla/5.0 (compatible; SemrushBot/6~bl; +http://www.semrush.com/bot.html)" 
46.229.168.129 - - [24/May/2020:05:19:58 -0700] "GET /?offset=22&q=%23%2B%23bread HTTP/1.1" 200 12536 "-" "Mozilla/5.0 (compatible; SemrushBot/6~bl; +http://www.semrush.com/bot.html)" 
75.164.251.69 - - [24/May/2020:05:20:39 -0700] "GET /?_t=rss HTTP/1.1" 200 7397 "-" "Mozilla/5.0 (Windows NT 10.0; Win64; x64; rv:76.0) Gecko/20100101 Firefox/76.0" 
157.55.39.201 - - [24/May/2020:05:22:00 -0700] "GET /2020/theres-much-to-applaud-in-jasons-write-up HTTP/1.1" 304 3726 "-" "Mozilla/5.0 (compatible; bingbot/2.0; +http://www.bing.com/bingbot.htm)" 
157.55.39.201 - - [24/May/2020:05:22:01 -0700] "GET /2019/the-other-is-that-the-bread-will-definitely-taste-better HTTP/1.1" 200 17045 "-" "Mozilla/5.0 (compatible; bingbot/2.0; +http://www.bing.com/bingbot.htm)" 
114.119.161.85 - - [24/May/2020:05:22:44 -0700] "GET /tag/leaven?offset=10 HTTP/1.1" 200 8757 "-" "Mozilla/5.0 (Linux; Android 7.0;) AppleWebKit/537.36 (KHTML, like Gecko) Mobile Safari/537.36 (compatible; PetalBot;+https://aspiegel.com/petalbot)" 
66.249.64.108 - - [24/May/2020:05:23:39 -0700] "GET /?offset=465 HTTP/1.1" 200 11236 "-" "Mozilla/5.0 (Linux; Android 6.0.1; Nexus 5X Build/MMB29P) AppleWebKit/537.36 (KHTML, like Gecko) Chrome/80.0.3987.92 Mobile Safari/537.36 (compatible; Googlebot/2.1; +http://www.google.com/bot.html)" 
75.164.251.69 - - [24/May/2020:05:23:47 -0700] "GET /?_t=rss HTTP/1.1" 200 4218 "-" "Mozilla/5.0 (Windows NT 10.0; Win64; x64; rv:76.0) Gecko/20100101 Firefox/76.0" 
46.229.168.138 - - [24/May/2020:05:23:55 -0700] "GET /?offset=137&q=%23%2B%23indieweb HTTP/1.1" 200 10688 "-" "Mozilla/5.0 (compatible; SemrushBot/6~bl; +http://www.semrush.com/bot.html)" 
66.249.64.108 - - [24/May/2020:05:24:35 -0700] "GET /view/7f092e5972d7fb295e2a66d1068b3d0d?_t=rss HTTP/1.1" 200 5411 "-" "Mozilla/5.0 (Linux; Android 6.0.1; Nexus 5X Build/MMB29P) AppleWebKit/537.36 (KHTML, like Gecko) Chrome/80.0.3987.92 Mobile Safari/537.36 (compatible; Googlebot/2.1; +http://www.google.com/bot.html)" 
64.111.100.215 - - [24/May/2020:05:25:09 -0700] "GET /content/all?_t=rss HTTP/1.1" 200 14465 "-" "Mozilla/5.0 (X11; U; Linux i686; fr; rv:1.9.1.1) Gecko/20090715 Firefox/3.5.1" 
107.178.239.194 - - [24/May/2020:05:25:09 -0700] "HEAD / HTTP/1.1" 200 4525 "-" "Bridgy (https://brid.gy/about)" 
107.178.239.194 - - [24/May/2020:05:25:11 -0700] "GET / HTTP/1.1" 200 11870 "-" "Bridgy (https://brid.gy/about)" 
107.178.239.194 - - [24/May/2020:05:25:12 -0700] "HEAD /?_t=rss HTTP/1.1" 200 4496 "-" "Bridgy (https://brid.gy/about)" 
107.178.239.194 - - [24/May/2020:05:25:13 -0700] "HEAD /content/all?_t=rss HTTP/1.1" 200 4507 "-" "Bridgy (https://brid.gy/about)" 
107.178.239.194 - - [24/May/2020:05:25:14 -0700] "HEAD /content/all HTTP/1.1" 200 4536 "-" "Bridgy (https://brid.gy/about)" 
46.229.168.149 - - [24/May/2020:05:25:13 -0700] "GET /content/posts/?offset=30 HTTP/1.1" 200 13829 "-" "Mozilla/5.0 (compatible; SemrushBot/6~bl; +http://www.semrush.com/bot.html)" 
107.178.239.194 - - [24/May/2020:05:25:14 -0700] "GET /content/all HTTP/1.1" 200 11888 "-" "Bridgy (https://brid.gy/about)" 
96.126.125.129 - - [24/May/2020:05:26:05 -0700] "GET /content/statusupdates/posts/photos/checkins/bookmarkedpages?_t=rss HTTP/1.1" 200 7734 "-" "Micro.blog/1.0" 
66.249.64.176 - - [24/May/2020:05:26:25 -0700] "GET /robots.txt HTTP/1.1" 200 4613 "-" "Mozilla/5.0 (compatible; Googlebot/2.1; +http://www.google.com/bot.html)" 
66.249.64.176 - - [24/May/2020:05:26:25 -0700] "GET /service/web/unfurl/?url=https%3A%2F%2Fmedium.com%2Fhumane-tech%2Funderscores-optimization-arms-races-b34f0dfa4357&__bTk=07c4e1db903d5bfe641359a99e4529480b57642698e45f1e12668c9aee3c9dc8&__bTs=1588896000 HTTP/1.1" 403 1488 "https://www.stream.jeremycherfas.net/content/all/?offset=1312" "Mozilla/5.0 (Linux; Android 6.0.1; Nexus 5X Build/MMB29P) AppleWebKit/537.36 (KHTML, like Gecko) Chrome/81.0.4044.108 Mobile Safari/537.36 (compatible; Googlebot/2.1; +http://www.google.com/bot.html)" 
66.249.64.176 - - [24/May/2020:05:26:25 -0700] "GET /service/web/unfurl/?url=https%3A%2F%2Fwww.tyme-app.com%2Fmac-2%2F&__bTk=07c4e1db903d5bfe641359a99e4529480b57642698e45f1e12668c9aee3c9dc8&__bTs=1588896000 HTTP/1.1" 403 1440 "https://www.stream.jeremycherfas.net/content/all/?offset=1312" "Mozilla/5.0 (Linux; Android 6.0.1; Nexus 5X Build/MMB29P) AppleWebKit/537.36 (KHTML, like Gecko) Chrome/81.0.4044.108 Mobile Safari/537.36 (compatible; Googlebot/2.1; +http://www.google.com/bot.html)" 
66.249.64.178 - - [24/May/2020:05:26:26 -0700] "GET /service/web/unfurl/?url=https%3A%2F%2Fmedium.com%2Fhumane-tech%2Funderscores-optimization-arms-races-b34f0dfa4357&__bTk=07c4e1db903d5bfe641359a99e4529480b57642698e45f1e12668c9aee3c9dc8&__bTs=1589020153 HTTP/1.1" 403 4805 "https://www.stream.jeremycherfas.net/content/all/?offset=1312" "Mozilla/5.0 (Linux; Android 6.0.1; Nexus 5X Build/MMB29P) AppleWebKit/537.36 (KHTML, like Gecko) Chrome/81.0.4044.108 Mobile Safari/537.36 (compatible; Googlebot/2.1; +http://www.google.com/bot.html)" 
66.249.64.176 - - [24/May/2020:05:26:26 -0700] "GET /service/web/unfurl/?url=https%3A%2F%2Fwww.tyme-app.com%2Fmac-2%2F&__bTk=07c4e1db903d5bfe641359a99e4529480b57642698e45f1e12668c9aee3c9dc8&__bTs=1589020153 HTTP/1.1" 403 1440 "https://www.stream.jeremycherfas.net/content/all/?offset=1312" "Mozilla/5.0 (Linux; Android 6.0.1; Nexus 5X Build/MMB29P) AppleWebKit/537.36 (KHTML, like Gecko) Chrome/81.0.4044.108 Mobile Safari/537.36 (compatible; Googlebot/2.1; +http://www.google.com/bot.html)" 
75.164.251.69 - - [24/May/2020:05:26:44 -0700] "GET /?_t=rss HTTP/1.1" 200 7397 "-" "Mozilla/5.0 (Windows NT 10.0; Win64; x64; rv:76.0) Gecko/20100101 Firefox/76.0" 
66.249.64.112 - - [24/May/2020:05:27:08 -0700] "GET /2017/a-followfriday-for-microblogs-is-certainly-a-good-idea-but HTTP/1.1" 304 3742 "-" "Mozilla/5.0 (Linux; Android 6.0.1; Nexus 5X Build/MMB29P) AppleWebKit/537.36 (KHTML, like Gecko) Chrome/80.0.3987.92 Mobile Safari/537.36 (compatible; Googlebot/2.1; +http://www.google.com/bot.html)" 
46.229.168.136 - - [24/May/2020:05:28:10 -0700] "GET /2019/untitled-30 HTTP/1.1" 200 9557 "-" "Mozilla/5.0 (compatible; SemrushBot/6~bl; +http://www.semrush.com/bot.html)" 
75.164.251.69 - - [24/May/2020:05:29:45 -0700] "GET /?_t=rss HTTP/1.1" 200 4218 "-" "Mozilla/5.0 (Windows NT 10.0; Win64; x64; rv:76.0) Gecko/20100101 Firefox/76.0" 
46.229.168.134 - - [24/May/2020:05:29:56 -0700] "GET /?q=%23%2B%23Http%3A%2F%2Fagro.biodiver.se%2F HTTP/1.1" 200 8536 "-" "Mozilla/5.0 (compatible; SemrushBot/6~bl; +http://www.semrush.com/bot.html)" 
114.119.166.46 - - [24/May/2020:05:30:02 -0700] "GET /content/photos?q=%23bread HTTP/1.1" 200 12481 "-" "Mozilla/5.0 (Linux; Android 7.0;) AppleWebKit/537.36 (KHTML, like Gecko) Mobile Safari/537.36 (compatible; PetalBot;+https://aspiegel.com/petalbot)" 
40.77.167.104 - - [24/May/2020:05:30:06 -0700] "GET /2019/happy-to-confirm-that-saut%C3%A9ed-radishes-with-the-tops-are?_t=rss HTTP/1.1" 200 5675 "-" "Mozilla/5.0 (compatible; bingbot/2.0; +http://www.bing.com/bingbot.htm)" 
46.229.168.154 - - [24/May/2020:05:30:56 -0700] "GET /2019/well-just-fancy-that HTTP/1.1" 200 9606 "-" "Mozilla/5.0 (compatible; SemrushBot/6~bl; +http://www.semrush.com/bot.html)" 
159.65.67.69 - - [24/May/2020:05:32:23 -0700] "GET /?_t=rss HTTP/1.1" 200 7130 "-" "Feedbin feed-id:1536727 - 1 subscribers" 
75.164.251.69 - - [24/May/2020:05:32:57 -0700] "GET /?_t=rss HTTP/1.1" 200 7397 "-" "Mozilla/5.0 (Windows NT 10.0; Win64; x64; rv:76.0) Gecko/20100101 Firefox/76.0" 
66.249.64.112 - - [24/May/2020:05:34:03 -0700] "GET /content/bookmarkedpages/?q=%23+%23ciwf&_t=rss HTTP/1.1" 200 5101 "-" "Mozilla/5.0 (Linux; Android 6.0.1; Nexus 5X Build/MMB29P) AppleWebKit/537.36 (KHTML, like Gecko) Chrome/80.0.3987.92 Mobile Safari/537.36 (compatible; Googlebot/2.1; +http://www.google.com/bot.html)" 
46.229.168.154 - - [24/May/2020:05:34:04 -0700] "GET /2018/chris-aldrichs-discussion-of-the-rewarding-discovery HTTP/1.1" 200 9983 "-" "Mozilla/5.0 (compatible; SemrushBot/6~bl; +http://www.semrush.com/bot.html)" 
77.88.5.71 - - [24/May/2020:05:34:04 -0700] "GET /2018/cn-lioncourt-vasta-should-be-fixed-now HTTP/1.1" 200 10061 "-" "Mozilla/5.0 (compatible; YandexBot/3.0; +http://yandex.com/bots)" 
66.249.64.108 - - [24/May/2020:05:34:47 -0700] "GET /2020/checked-into-museo-di-roma-in-trastevere HTTP/1.1" 304 3742 "-" "Mozilla/5.0 (Linux; Android 6.0.1; Nexus 5X Build/MMB29P) AppleWebKit/537.36 (KHTML, like Gecko) Chrome/80.0.3987.92 Mobile Safari/537.36 (compatible; Googlebot/2.1; +http://www.google.com/bot.html)" 
46.229.168.135 - - [24/May/2020:05:35:29 -0700] "GET /content/all/?offset=138&q=%23indieweb HTTP/1.1" 200 10423 "-" "Mozilla/5.0 (compatible; SemrushBot/6~bl; +http://www.semrush.com/bot.html)" 
75.164.251.69 - - [24/May/2020:05:35:49 -0700] "GET /?_t=rss HTTP/1.1" 200 4218 "-" "Mozilla/5.0 (Windows NT 10.0; Win64; x64; rv:76.0) Gecko/20100101 Firefox/76.0" 
46.229.168.131 - - [24/May/2020:05:35:57 -0700] "GET /2019/cactus-flower-bonanza-tomorrow-morning-i-believe HTTP/1.1" 200 9692 "-" "Mozilla/5.0 (compatible; SemrushBot/6~bl; +http://www.semrush.com/bot.html)" 
46.229.168.143 - - [24/May/2020:05:36:22 -0700] "GET /2018/i-really-do-not-understand-the-nofilter HTTP/1.1" 200 10758 "-" "Mozilla/5.0 (compatible; SemrushBot/6~bl; +http://www.semrush.com/bot.html)" 
46.229.168.147 - - [24/May/2020:05:36:46 -0700] "GET /content/locations/?q=%23%2B%23podcasting HTTP/1.1" 200 8516 "-" "Mozilla/5.0 (compatible; SemrushBot/6~bl; +http://www.semrush.com/bot.html)" 
114.119.165.105 - - [24/May/2020:05:37:22 -0700] "GET /tag/afternoontreat HTTP/1.1" 200 9019 "-" "Mozilla/5.0 (Linux; Android 7.0;) AppleWebKit/537.36 (KHTML, like Gecko) Mobile Safari/537.36 (compatible; PetalBot;+https://aspiegel.com/petalbot)" 
3.81.234.237 - - [24/May/2020:05:37:36 -0700] "GET /profile/jeremy?offset=0&_t=rss HTTP/1.1" 304 3480 "https://www.google.com/" "Mozilla/5.0 (Windows NT 10.0; Win64; x64) AppleWebKit/537.36 (KHTML, like Gecko) Chrome/79.0.3945.130 Safari/537.36" 
75.164.251.69 - - [24/May/2020:05:38:25 -0700] "GET /?_t=rss HTTP/1.1" 200 7397 "-" "Mozilla/5.0 (Windows NT 10.0; Win64; x64; rv:76.0) Gecko/20100101 Firefox/76.0" 
46.229.168.149 - - [24/May/2020:05:39:30 -0700] "GET /2017/its-a-world-wide-web-out-there-theres-plenty-of HTTP/1.1" 200 9650 "-" "Mozilla/5.0 (compatible; SemrushBot/6~bl; +http://www.semrush.com/bot.html)" 
34.230.15.217 - - [24/May/2020:05:39:35 -0700] "GET /?_t=rss HTTP/1.1" 200 7135 "https://www.google.com/" "Mozilla/5.0 (Macintosh; Intel Mac OS X 10_15_2) AppleWebKit/605.1.15 (KHTML, like Gecko) Version/13.0.4 Safari/605.1.15" 
46.229.168.138 - - [24/May/2020:05:39:54 -0700] "GET /?offset=80&q=%23IndieWeb HTTP/1.1" 200 14037 "-" "Mozilla/5.0 (compatible; SemrushBot/6~bl; +http://www.semrush.com/bot.html)" 
75.164.251.69 - - [24/May/2020:05:41:02 -0700] "GET /?_t=rss HTTP/1.1" 200 4218 "-" "Mozilla/5.0 (Windows NT 10.0; Win64; x64; rv:76.0) Gecko/20100101 Firefox/76.0" 
96.126.125.129 - - [24/May/2020:05:41:12 -0700] "GET /content/statusupdates/posts/photos/checkins/bookmarkedpages?_t=rss HTTP/1.1" 200 7734 "-" "Micro.blog/1.0" 
64.111.100.215 - - [24/May/2020:05:41:13 -0700] "GET /content/all?_t=rss HTTP/1.1" 200 14465 "-" "Mozilla/5.0 (X11; U; Linux i686; fr; rv:1.9.1.1) Gecko/20090715 Firefox/3.5.1" 
66.249.64.108 - - [24/May/2020:05:43:31 -0700] "GET /content/all?offset=996&_t=rss HTTP/1.1" 200 7516 "-" "Mozilla/5.0 (Linux; Android 6.0.1; Nexus 5X Build/MMB29P) AppleWebKit/537.36 (KHTML, like Gecko) Chrome/80.0.3987.92 Mobile Safari/537.36 (compatible; Googlebot/2.1; +http://www.google.com/bot.html)" 
66.30.233.77 - - [24/May/2020:05:43:55 -0700] "GET /file/ef801e05730eba56004c5b712ad84731/thumb.jpg HTTP/1.1" 200 25858 "https://fogknife.com/2019-03-22-i-bought-an-expensive-chair-and-i-love-it.html" "Mozilla/5.0 (iPhone; CPU iPhone OS 13_4 like Mac OS X) AppleWebKit/605.1.15 (KHTML, like Gecko) GSA/93.2.294114169 Mobile/15E148 Safari/604.1" 
46.229.168.134 - - [24/May/2020:05:43:59 -0700] "GET /content/photos/?q=%23indiewebcitizen HTTP/1.1" 200 8511 "-" "Mozilla/5.0 (compatible; SemrushBot/6~bl; +http://www.semrush.com/bot.html)" 
75.164.251.69 - - [24/May/2020:05:44:00 -0700] "GET /?_t=rss HTTP/1.1" 200 7397 "-" "Mozilla/5.0 (Windows NT 10.0; Win64; x64; rv:76.0) Gecko/20100101 Firefox/76.0" 
46.229.168.131 - - [24/May/2020:05:44:17 -0700] "GET /content/all/?q=%23%2B%23sourdough HTTP/1.1" 200 12302 "-" "Mozilla/5.0 (compatible; SemrushBot/6~bl; +http://www.semrush.com/bot.html)" 
114.119.160.61 - - [24/May/2020:05:44:44 -0700] "GET /tag/Indieweb?offset=112 HTTP/1.1" 200 12168 "-" "Mozilla/5.0 (Linux; Android 7.0;) AppleWebKit/537.36 (KHTML, like Gecko) Mobile Safari/537.36 (compatible; PetalBot;+https://aspiegel.com/petalbot)" 
46.229.168.163 - - [24/May/2020:05:45:27 -0700] "GET /content/all/?offset=40&q=%23%2B%23%23bread HTTP/1.1" 200 12358 "-" "Mozilla/5.0 (compatible; SemrushBot/6~bl; +http://www.semrush.com/bot.html)" 
40.77.167.26 - - [24/May/2020:05:46:31 -0700] "GET /2018/dreamy-conclusion-of-the-dreamy-palanga-rye-from-theryebaker-after?_t=rss HTTP/1.1" 200 5763 "-" "Mozilla/5.0 (compatible; bingbot/2.0; +http://www.bing.com/bingbot.htm)" 
75.164.251.69 - - [24/May/2020:05:46:34 -0700] "GET /?_t=rss HTTP/1.1" 200 4218 "-" "Mozilla/5.0 (Windows NT 10.0; Win64; x64; rv:76.0) Gecko/20100101 Firefox/76.0" 
96.126.125.129 - - [24/May/2020:05:47:19 -0700] "GET /content/statusupdates/posts/photos/checkins/bookmarkedpages?_t=rss HTTP/1.1" 200 7734 "-" "Micro.blog/1.0" 
157.55.39.201 - - [24/May/2020:05:49:25 -0700] "GET /css/1529070748/default.min.css HTTP/1.1" 404 7853 "-" "Mozilla/5.0 (compatible; bingbot/2.0; +http://www.bing.com/bingbot.htm)" 
75.164.251.69 - - [24/May/2020:05:49:25 -0700] "GET /?_t=rss HTTP/1.1" 200 7397 "-" "Mozilla/5.0 (Windows NT 10.0; Win64; x64; rv:76.0) Gecko/20100101 Firefox/76.0" 
157.55.39.201 - - [24/May/2020:05:49:27 -0700] "GET /external/fitvids/jquery.fitvids.min.js HTTP/1.1" 404 7846 "-" "Mozilla/5.0 (compatible; bingbot/2.0; +http://www.bing.com/bingbot.htm)" 
157.55.39.201 - - [24/May/2020:05:49:27 -0700] "GET /external/font-awesome/css/fontawesome-all.min.css HTTP/1.1" 404 4549 "-" "Mozilla/5.0 (compatible; bingbot/2.0; +http://www.bing.com/bingbot.htm)" 
157.55.39.201 - - [24/May/2020:05:49:28 -0700] "GET /external/mediaelement/build/mediaelementplayer.min.css HTTP/1.1" 404 4545 "-" "Mozilla/5.0 (compatible; bingbot/2.0; +http://www.bing.com/bingbot.htm)" 
157.55.39.201 - - [24/May/2020:05:49:28 -0700] "GET /external/paypal-bootstrap-accessibility-plugin/plugins/css/bootstrap-accessibility_1.0.3.css HTTP/1.1" 404 4568 "-" "Mozilla/5.0 (compatible; bingbot/2.0; +http://www.bing.com/bingbot.htm)" 
77.88.5.71 - - [24/May/2020:05:49:28 -0700] "GET /robots.txt HTTP/1.1" 200 4593 "-" "Mozilla/5.0 (compatible; YandexBot/3.0; +http://yandex.com/bots)" 
77.88.5.71 - - [24/May/2020:05:49:34 -0700] "GET /view/cf074a5fcf441abf49167ad17ea93659 HTTP/1.1" 200 9765 "-" "Mozilla/5.0 (compatible; YandexBot/3.0; +http://yandex.com/bots)" 
46.229.168.147 - - [24/May/2020:05:50:07 -0700] "GET /content/all/?offset=0&q=%23%2B%23indieweb HTTP/1.1" 200 14970 "-" "Mozilla/5.0 (compatible; SemrushBot/6~bl; +http://www.semrush.com/bot.html)" 
40.77.167.26 - - [24/May/2020:05:50:17 -0700] "GET /2017/really-interested-in-being-able-to-use-foursquare-to-log HTTP/1.1" 200 9704 "-" "Mozilla/5.0 (compatible; bingbot/2.0; +http://www.bing.com/bingbot.htm)" 
40.77.167.26 - - [24/May/2020:05:50:17 -0700] "GET /IdnoPlugins/Checkin/external/leaflet/leaflet.css HTTP/1.1" 200 2892 "-" "Mozilla/5.0 (compatible; bingbot/2.0; +http://www.bing.com/bingbot.htm)" 
40.77.167.26 - - [24/May/2020:05:50:17 -0700] "GET /css/1527153538/defaultb3.min.css HTTP/1.1" 404 4539 "-" "Mozilla/5.0 (compatible; bingbot/2.0; +http://www.bing.com/bingbot.htm)" 
40.77.167.26 - - [24/May/2020:05:50:17 -0700] "GET /external/bootstrap/assets/css/bootstrap.min.css HTTP/1.1" 404 4555 "-" "Mozilla/5.0 (compatible; bingbot/2.0; +http://www.bing.com/bingbot.htm)" 
40.77.167.26 - - [24/May/2020:05:50:17 -0700] "GET /external/bootstrap/assets/js/bootstrap.min.js HTTP/1.1" 404 4552 "-" "Mozilla/5.0 (compatible; bingbot/2.0; +http://www.bing.com/bingbot.htm)" 
40.77.167.26 - - [24/May/2020:05:50:17 -0700] "GET /external/fragmention/fragmention.min.js HTTP/1.1" 404 4530 "-" "Mozilla/5.0 (compatible; bingbot/2.0; +http://www.bing.com/bingbot.htm)" 
40.77.167.26 - - [24/May/2020:05:50:17 -0700] "GET /external/jquery-timeago/jquery.timeago.min.js HTTP/1.1" 404 4529 "-" "Mozilla/5.0 (compatible; bingbot/2.0; +http://www.bing.com/bingbot.htm)" 
40.77.167.26 - - [24/May/2020:05:50:17 -0700] "GET /external/jquery/jquery-3.2.1.min.js HTTP/1.1" 404 4532 "-" "Mozilla/5.0 (compatible; bingbot/2.0; +http://www.bing.com/bingbot.htm)" 
40.77.167.26 - - [24/May/2020:05:50:17 -0700] "GET /external/mediaelement/build/mediaelement-and-player.min.js HTTP/1.1" 404 4540 "-" "Mozilla/5.0 (compatible; bingbot/2.0; +http://www.bing.com/bingbot.htm)" 
40.77.167.26 - - [24/May/2020:05:50:17 -0700] "GET /external/paypal-bootstrap-accessibility-plugin/plugins/js/bootstrap-accessibility_1.0.3.min.js HTTP/1.1" 404 4571 "-" "Mozilla/5.0 (compatible; bingbot/2.0; +http://www.bing.com/bingbot.htm)" 
40.77.167.26 - - [24/May/2020:05:50:29 -0700] "GET /js/1529070748/templates/default/shell.min.js HTTP/1.1" 404 7881 "-" "Mozilla/5.0 (compatible; bingbot/2.0; +http://www.bing.com/bingbot.htm)" 
40.77.167.104 - - [24/May/2020:05:50:33 -0700] "GET /external/exif-js/exif.min.js HTTP/1.1" 404 7847 "-" "Mozilla/5.0 (compatible; bingbot/2.0; +http://www.bing.com/bingbot.htm)" 
40.77.167.104 - - [24/May/2020:05:50:33 -0700] "GET /2019/festa-di-san-vito HTTP/1.1" 200 8495 "-" "Mozilla/5.0 (compatible; bingbot/2.0; +http://www.bing.com/bingbot.htm)" 
40.77.167.104 - - [24/May/2020:05:50:33 -0700] "GET /2019/this-years-harvest-of-multiplier-onions-on-the-right-next HTTP/1.1" 200 6475 "-" "Mozilla/5.0 (compatible; bingbot/2.0; +http://www.bing.com/bingbot.htm)" 
40.77.167.104 - - [24/May/2020:05:50:33 -0700] "GET /external/mention/recommended-styles.css HTTP/1.1" 404 7844 "-" "Mozilla/5.0 (compatible; bingbot/2.0; +http://www.bing.com/bingbot.htm)" 
40.77.167.104 - - [24/May/2020:05:50:33 -0700] "GET /js/1527153539/default.min.js HTTP/1.1" 404 4533 "-" "Mozilla/5.0 (compatible; bingbot/2.0; +http://www.bing.com/bingbot.htm)" 
157.55.39.201 - - [24/May/2020:05:50:44 -0700] "GET /external/underscore/underscore-min.js HTTP/1.1" 404 7844 "-" "Mozilla/5.0 (compatible; bingbot/2.0; +http://www.bing.com/bingbot.htm)" 
157.55.39.201 - - [24/May/2020:05:50:44 -0700] "GET /js/1527153539/embeds.min.js HTTP/1.1" 404 4537 "-" "Mozilla/5.0 (compatible; bingbot/2.0; +http://www.bing.com/bingbot.htm)" 
157.55.39.201 - - [24/May/2020:05:50:44 -0700] "GET /js/image.min.js HTTP/1.1" 404 4516 "-" "Mozilla/5.0 (compatible; bingbot/2.0; +http://www.bing.com/bingbot.htm)" 
157.55.39.229 - - [24/May/2020:05:50:57 -0700] "GET /external/bootstrap-toggle/css/bootstrap-toggle.min.css HTTP/1.1" 404 7862 "-" "Mozilla/5.0 (compatible; bingbot/2.0; +http://www.bing.com/bingbot.htm)" 
157.55.39.229 - - [24/May/2020:05:50:58 -0700] "GET /external/bootstrap-toggle/js/bootstrap-toggle.js HTTP/1.1" 404 4541 "-" "Mozilla/5.0 (compatible; bingbot/2.0; +http://www.bing.com/bingbot.htm)" 
157.55.39.229 - - [24/May/2020:05:50:59 -0700] "GET /external/h5f/h5f.min.js HTTP/1.1" 404 4527 "-" "Mozilla/5.0 (compatible; bingbot/2.0; +http://www.bing.com/bingbot.htm)" 
45.79.26.51 - - [24/May/2020:05:51:50 -0700] "GET /content/statusupdates/posts/photos/checkins/bookmarkedpages?_t=rss HTTP/1.1" 200 7729 "-" "Micro.blog/1.0" 
114.119.166.46 - - [24/May/2020:05:52:03 -0700] "GET /tag/bread?offset=60 HTTP/1.1" 200 11697 "-" "Mozilla/5.0 (Linux; Android 7.0;) AppleWebKit/537.36 (KHTML, like Gecko) Mobile Safari/537.36 (compatible; PetalBot;+https://aspiegel.com/petalbot)" 
75.164.251.69 - - [24/May/2020:05:52:41 -0700] "GET /?_t=rss HTTP/1.1" 200 4218 "-" "Mozilla/5.0 (Windows NT 10.0; Win64; x64; rv:76.0) Gecko/20100101 Firefox/76.0" 
157.55.39.201 - - [24/May/2020:05:54:45 -0700] "GET /file/17d9dc901dfc412187becc2e0824115e/igaHPJmz.jpg HTTP/1.1" 200 136588 "-" "Mozilla/5.0 (compatible; bingbot/2.0; +http://www.bing.com/bingbot.htm)" 
45.79.26.51 - - [24/May/2020:05:55:20 -0700] "GET /content/statusupdates/posts/photos/checkins/bookmarkedpages?_t=rss HTTP/1.1" 200 7729 "-" "Micro.blog/1.0" 
75.164.251.69 - - [24/May/2020:05:55:29 -0700] "GET /?_t=rss HTTP/1.1" 200 7397 "-" "Mozilla/5.0 (Windows NT 10.0; Win64; x64; rv:76.0) Gecko/20100101 Firefox/76.0" 
46.229.168.141 - - [24/May/2020:05:56:32 -0700] "GET /tag/WithKnown?offset=39 HTTP/1.1" 200 11677 "-" "Mozilla/5.0 (compatible; SemrushBot/6~bl; +http://www.semrush.com/bot.html)" 
46.229.168.137 - - [24/May/2020:05:56:50 -0700] "GET /2020/rye-or-spelt HTTP/1.1" 200 9841 "-" "Mozilla/5.0 (compatible; SemrushBot/6~bl; +http://www.semrush.com/bot.html)" 
157.55.39.201 - - [24/May/2020:05:58:44 -0700] "GET /2017/ok-i-will-boycott-twitter-today-as-i-post-less HTTP/1.1" 200 10350 "-" "Mozilla/5.0 (compatible; bingbot/2.0; +http://www.bing.com/bingbot.htm)" 
75.164.251.69 - - [24/May/2020:05:58:51 -0700] "GET /?_t=rss HTTP/1.1" 200 4218 "-" "Mozilla/5.0 (Windows NT 10.0; Win64; x64; rv:76.0) Gecko/20100101 Firefox/76.0" 
46.229.168.145 - - [24/May/2020:05:58:57 -0700] "GET /tag/indieweb?offset=136 HTTP/1.1" 200 11150 "-" "Mozilla/5.0 (compatible; SemrushBot/6~bl; +http://www.semrush.com/bot.html)" 
173.230.155.197 - - [24/May/2020:05:59:11 -0700] "GET / HTTP/1.1" 200 56194 "-" "Mozilla/5.0 (Macintosh; Intel Mac OS X 10_12_1) AppleWebKit/537.36 (KHTML, like Gecko) Chrome/57.0.2987.133 Safari/537.36 p3k-http/0.1.5 p3k-watchtower/0.1" 
114.119.166.46 - - [24/May/2020:05:59:20 -0700] "GET /tag/IndieWeb?offset=71 HTTP/1.1" 200 12933 "-" "Mozilla/5.0 (Linux; Android 7.0;) AppleWebKit/537.36 (KHTML, like Gecko) Mobile Safari/537.36 (compatible; PetalBot;+https://aspiegel.com/petalbot)" 
96.126.125.129 - - [24/May/2020:05:59:22 -0700] "GET /content/statusupdates/posts/photos/checkins/bookmarkedpages?_t=rss HTTP/1.1" 200 7734 "-" "Micro.blog/1.0" 
64.111.100.215 - - [24/May/2020:05:59:24 -0700] "GET /content/all?_t=rss HTTP/1.1" 200 14465 "-" "Mozilla/5.0 (X11; U; Linux i686; fr; rv:1.9.1.1) Gecko/20090715 Firefox/3.5.1" 
34.239.157.133 - - [24/May/2020:06:00:18 -0700] "GET /?_t=rss HTTP/1.1" 200 7360 "-" "glitch-feeder/1.0 (+https://glitch.com/~lmo-feeder)" 
46.229.168.141 - - [24/May/2020:06:01:09 -0700] "GET /2019/checked-into-brighton-station HTTP/1.1" 200 9710 "-" "Mozilla/5.0 (compatible; SemrushBot/6~bl; +http://www.semrush.com/bot.html)" 
46.229.168.143 - - [24/May/2020:06:01:44 -0700] "GET /content/events/?q=%23%2B%23veal HTTP/1.1" 200 8503 "-" "Mozilla/5.0 (compatible; SemrushBot/6~bl; +http://www.semrush.com/bot.html)" 
75.164.251.69 - - [24/May/2020:06:01:53 -0700] "GET /?_t=rss HTTP/1.1" 200 7397 "-" "Mozilla/5.0 (Windows NT 10.0; Win64; x64; rv:76.0) Gecko/20100101 Firefox/76.0" 
109.77.187.126 - - [24/May/2020:06:02:05 -0700] "GET /file/78abb496530ac82526bbe8cf9600191d/thumb.jpg HTTP/1.1" 200 176017 "https://micro.blog/hybrid/posts/jeremycherfas?width=536&fontsize=17.000000&darkmode=0" "Mozilla/5.0 (iPad; CPU OS 13_4_1 like Mac OS X) AppleWebKit/605.1.15 (KHTML, like Gecko) Mobile/15E148" 
109.77.187.126 - - [24/May/2020:06:02:05 -0700] "GET /file/08e86f193404f12625b63f65a911b7d3/thumb.jpg HTTP/1.1" 200 151044 "https://micro.blog/hybrid/posts/jeremycherfas?width=536&fontsize=17.000000&darkmode=0" "Mozilla/5.0 (iPad; CPU OS 13_4_1 like Mac OS X) AppleWebKit/605.1.15 (KHTML, like Gecko) Mobile/15E148" 
66.249.64.110 - - [24/May/2020:06:02:27 -0700] "GET /content/all/?q=%23photo&offset=0&_t=rss HTTP/1.1" 200 8349 "-" "Mozilla/5.0 (Linux; Android 6.0.1; Nexus 5X Build/MMB29P) AppleWebKit/537.36 (KHTML, like Gecko) Chrome/80.0.3987.92 Mobile Safari/537.36 (compatible; Googlebot/2.1; +http://www.google.com/bot.html)" 
96.126.125.129 - - [24/May/2020:06:02:32 -0700] "GET /content/statusupdates/posts/photos/checkins/bookmarkedpages?_t=rss HTTP/1.1" 200 7734 "-" "Micro.blog/1.0" 
159.65.77.58 - - [24/May/2020:06:03:41 -0700] "GET /?_t=rss HTTP/1.1" 304 3475 "-" "Feedbin feed-id:1536727 - 1 subscribers" 
46.229.168.136 - - [24/May/2020:06:04:03 -0700] "GET /content/all/?offset=30&q=%23Indieweb HTTP/1.1" 200 13298 "-" "Mozilla/5.0 (compatible; SemrushBot/6~bl; +http://www.semrush.com/bot.html)" 
46.229.168.136 - - [24/May/2020:06:04:21 -0700] "GET /2019/pretty-and-tasty-and-fresh HTTP/1.1" 200 11476 "-" "Mozilla/5.0 (compatible; SemrushBot/6~bl; +http://www.semrush.com/bot.html)" 
46.229.168.150 - - [24/May/2020:06:04:29 -0700] "GET /content/audio/?q=%23Fiction HTTP/1.1" 200 8492 "-" "Mozilla/5.0 (compatible; SemrushBot/6~bl; +http://www.semrush.com/bot.html)" 
75.164.251.69 - - [24/May/2020:06:05:10 -0700] "GET /?_t=rss HTTP/1.1" 200 4218 "-" "Mozilla/5.0 (Windows NT 10.0; Win64; x64; rv:76.0) Gecko/20100101 Firefox/76.0" 
46.229.168.148 - - [24/May/2020:06:05:17 -0700] "GET /content/all?offset=50 HTTP/1.1" 200 11755 "-" "Mozilla/5.0 (compatible; SemrushBot/6~bl; +http://www.semrush.com/bot.html)" 
114.119.165.2 - - [24/May/2020:06:06:46 -0700] "GET /tag/Non HTTP/1.1" 200 8254 "-" "Mozilla/5.0 (Linux; Android 7.0;) AppleWebKit/537.36 (KHTML, like Gecko) Mobile Safari/537.36 (compatible; PetalBot;+https://aspiegel.com/petalbot)" 
45.79.26.51 - - [24/May/2020:06:06:48 -0700] "GET /content/statusupdates/posts/photos/checkins/bookmarkedpages?_t=rss HTTP/1.1" 200 7729 "-" "Micro.blog/1.0" 
75.164.251.69 - - [24/May/2020:06:08:08 -0700] "GET /?_t=rss HTTP/1.1" 200 7397 "-" "Mozilla/5.0 (Windows NT 10.0; Win64; x64; rv:76.0) Gecko/20100101 Firefox/76.0" 
46.229.168.163 - - [24/May/2020:06:08:18 -0700] "GET /2018/hey-jack-the-link-to-caption-all-of-my-photos HTTP/1.1" 200 10153 "-" "Mozilla/5.0 (compatible; SemrushBot/6~bl; +http://www.semrush.com/bot.html)" 
46.229.168.144 - - [24/May/2020:06:08:54 -0700] "GET /content/posts/?q=%23%2B%23Black_pepper HTTP/1.1" 200 8517 "-" "Mozilla/5.0 (compatible; SemrushBot/6~bl; +http://www.semrush.com/bot.html)" 
46.229.168.134 - - [24/May/2020:06:09:52 -0700] "GET /2020/youre-right-apologies-for-that-apparently-those HTTP/1.1" 200 9642 "-" "Mozilla/5.0 (compatible; SemrushBot/6~bl; +http://www.semrush.com/bot.html)" 
46.229.168.161 - - [24/May/2020:06:10:01 -0700] "GET /content/statusupdates/?offset=32&q=%23IndieWeb HTTP/1.1" 200 8735 "-" "Mozilla/5.0 (compatible; SemrushBot/6~bl; +http://www.semrush.com/bot.html)" 
45.79.26.51 - - [24/May/2020:06:10:42 -0700] "GET /content/statusupdates/posts/photos/checkins/bookmarkedpages?_t=rss HTTP/1.1" 200 7729 "-" "Micro.blog/1.0" 
75.164.251.69 - - [24/May/2020:06:10:45 -0700] "GET /?_t=rss HTTP/1.1" 200 4218 "-" "Mozilla/5.0 (Windows NT 10.0; Win64; x64; rv:76.0) Gecko/20100101 Firefox/76.0" 
66.249.64.112 - - [24/May/2020:06:11:55 -0700] "GET /robots.txt HTTP/1.1" 200 4589 "-" "Mozilla/5.0 (compatible; Googlebot/2.1; +http://www.google.com/bot.html)" 
66.249.64.110 - - [24/May/2020:06:11:55 -0700] "GET /content/all/?q=%23photo&offset=21 HTTP/1.1" 200 9354 "-" "Mozilla/5.0 (Linux; Android 6.0.1; Nexus 5X Build/MMB29P) AppleWebKit/537.36 (KHTML, like Gecko) Chrome/80.0.3987.92 Mobile Safari/537.36 (compatible; Googlebot/2.1; +http://www.google.com/bot.html)" 
40.77.167.104 - - [24/May/2020:06:12:58 -0700] "GET /2019/just-published-the-latest-eat-this-newsletter HTTP/1.1" 200 9651 "-" "Mozilla/5.0 (compatible; bingbot/2.0; +http://www.bing.com/bingbot.htm)" 
54.145.194.30 - - [24/May/2020:06:13:27 -0700] "GET /content/audio/?_t=rss HTTP/1.1" 304 3480 "https://www.google.com/" "Mozilla/5.0 (Windows NT 10.0; WOW64) AppleWebKit/537.36 (KHTML, like Gecko) Chrome/80.0.3987.132 Safari/537.36" 
66.249.64.112 - - [24/May/2020:06:13:49 -0700] "GET /content/locations/?q=%23known HTTP/1.1" 200 8528 "-" "Mozilla/5.0 (Linux; Android 6.0.1; Nexus 5X Build/MMB29P) AppleWebKit/537.36 (KHTML, like Gecko) Chrome/80.0.3987.92 Mobile Safari/537.36 (compatible; Googlebot/2.1; +http://www.google.com/bot.html)" 
75.164.251.69 - - [24/May/2020:06:14:01 -0700] "GET /?_t=rss HTTP/1.1" 200 7397 "-" "Mozilla/5.0 (Windows NT 10.0; Win64; x64; rv:76.0) Gecko/20100101 Firefox/76.0" 
114.119.160.143 - - [24/May/2020:06:14:04 -0700] "GET /tag/quill?offset=17 HTTP/1.1" 200 8496 "-" "Mozilla/5.0 (Linux; Android 7.0;) AppleWebKit/537.36 (KHTML, like Gecko) Mobile Safari/537.36 (compatible; PetalBot;+https://aspiegel.com/petalbot)" 
64.111.100.215 - - [24/May/2020:06:14:33 -0700] "GET /content/all?_t=rss HTTP/1.1" 200 14465 "-" "Mozilla/5.0 (X11; U; Linux i686; fr; rv:1.9.1.1) Gecko/20090715 Firefox/3.5.1" 
66.249.64.110 - - [24/May/2020:06:15:18 -0700] "GET /tag/sourdough HTTP/1.1" 304 3742 "-" "Mozilla/5.0 (Linux; Android 6.0.1; Nexus 5X Build/MMB29P) AppleWebKit/537.36 (KHTML, like Gecko) Chrome/80.0.3987.92 Mobile Safari/537.36 (compatible; Googlebot/2.1; +http://www.google.com/bot.html)" 
46.229.168.163 - - [24/May/2020:06:15:53 -0700] "GET /profile/jeremy?offset=110 HTTP/1.1" 200 18810 "-" "Mozilla/5.0 (compatible; SemrushBot/6~bl; +http://www.semrush.com/bot.html)" 
96.126.125.129 - - [24/May/2020:06:16:41 -0700] "GET /content/statusupdates/posts/photos/checkins/bookmarkedpages?_t=rss HTTP/1.1" 200 7734 "-" "Micro.blog/1.0" 
75.164.251.69 - - [24/May/2020:06:16:59 -0700] "GET /?_t=rss HTTP/1.1" 200 4218 "-" "Mozilla/5.0 (Windows NT 10.0; Win64; x64; rv:76.0) Gecko/20100101 Firefox/76.0" 
157.55.39.201 - - [24/May/2020:06:19:08 -0700] "GET /2018/about-webmentions HTTP/1.1" 200 11234 "-" "Mozilla/5.0 (compatible; bingbot/2.0; +http://www.bing.com/bingbot.htm)" 
75.164.251.69 - - [24/May/2020:06:19:57 -0700] "GET /?_t=rss HTTP/1.1" 200 7397 "-" "Mozilla/5.0 (Windows NT 10.0; Win64; x64; rv:76.0) Gecko/20100101 Firefox/76.0" 
96.126.125.129 - - [24/May/2020:06:20:41 -0700] "GET /content/statusupdates/posts/photos/checkins/bookmarkedpages?_t=rss HTTP/1.1" 200 7734 "-" "Micro.blog/1.0" 
114.119.160.61 - - [24/May/2020:06:21:23 -0700] "GET /tag/indieweb?offset=111 HTTP/1.1" 200 11931 "-" "Mozilla/5.0 (Linux; Android 7.0;) AppleWebKit/537.36 (KHTML, like Gecko) Mobile Safari/537.36 (compatible; PetalBot;+https://aspiegel.com/petalbot)" 
46.229.168.152 - - [24/May/2020:06:21:28 -0700] "GET /2017/tweetstorms-vs-publishing HTTP/1.1" 200 9799 "-" "Mozilla/5.0 (compatible; SemrushBot/6~bl; +http://www.semrush.com/bot.html)" 
46.229.168.130 - - [24/May/2020:06:21:46 -0700] "GET /2019/homeward-bound HTTP/1.1" 200 13594 "-" "Mozilla/5.0 (compatible; SemrushBot/6~bl; +http://www.semrush.com/bot.html)" 
75.164.251.69 - - [24/May/2020:06:22:34 -0700] "GET /?_t=rss HTTP/1.1" 200 4218 "-" "Mozilla/5.0 (Windows NT 10.0; Win64; x64; rv:76.0) Gecko/20100101 Firefox/76.0" 
40.77.167.104 - - [24/May/2020:06:22:45 -0700] "GET / HTTP/1.1" 200 11934 "-" "Mozilla/5.0 (compatible; bingbot/2.0; +http://www.bing.com/bingbot.htm)" 
46.229.168.139 - - [24/May/2020:06:23:43 -0700] "GET /2017/5050-with-five-grain-soaker HTTP/1.1" 200 10978 "-" "Mozilla/5.0 (compatible; SemrushBot/6~bl; +http://www.semrush.com/bot.html)" 
45.79.26.51 - - [24/May/2020:06:24:00 -0700] "GET /content/statusupdates/posts/photos/checkins/bookmarkedpages?_t=rss HTTP/1.1" 200 7729 "-" "Micro.blog/1.0" 
75.164.251.69 - - [24/May/2020:06:25:47 -0700] "GET /?_t=rss HTTP/1.1" 200 7397 "-" "Mozilla/5.0 (Windows NT 10.0; Win64; x64; rv:76.0) Gecko/20100101 Firefox/76.0" 
96.126.125.129 - - [24/May/2020:06:27:06 -0700] "GET /content/statusupdates/posts/photos/checkins/bookmarkedpages?_t=rss HTTP/1.1" 200 7734 "-" "Micro.blog/1.0" 
46.229.168.138 - - [24/May/2020:06:27:49 -0700] "GET /2019/waiting-for-our-sea-bream HTTP/1.1" 200 11811 "-" "Mozilla/5.0 (compatible; SemrushBot/6~bl; +http://www.semrush.com/bot.html)" 
75.164.251.69 - - [24/May/2020:06:28:23 -0700] "GET /?_t=rss HTTP/1.1" 200 4218 "-" "Mozilla/5.0 (Windows NT 10.0; Win64; x64; rv:76.0) Gecko/20100101 Firefox/76.0" 
66.249.64.108 - - [24/May/2020:06:28:25 -0700] "GET /2019/checked-into-not-only-wine HTTP/1.1" 200 9735 "-" "Mozilla/5.0 (Linux; Android 6.0.1; Nexus 5X Build/MMB29P) AppleWebKit/537.36 (KHTML, like Gecko) Chrome/80.0.3987.92 Mobile Safari/537.36 (compatible; Googlebot/2.1; +http://www.google.com/bot.html)" 
46.229.168.148 - - [24/May/2020:06:28:44 -0700] "GET /?offset=76&q=%23%2B%23%23bread HTTP/1.1" 200 12099 "-" "Mozilla/5.0 (compatible; SemrushBot/6~bl; +http://www.semrush.com/bot.html)" 
114.119.161.85 - - [24/May/2020:06:28:49 -0700] "GET /tag/+%23rye?offset=10 HTTP/1.1" 200 11966 "-" "Mozilla/5.0 (Linux; Android 7.0;) AppleWebKit/537.36 (KHTML, like Gecko) Mobile Safari/537.36 (compatible; PetalBot;+https://aspiegel.com/petalbot)" 
66.249.64.112 - - [24/May/2020:06:29:51 -0700] "GET /2019/checked-into-not-only-wine HTTP/1.1" 200 9735 "-" "Mozilla/5.0 (Linux; Android 6.0.1; Nexus 5X Build/MMB29P) AppleWebKit/537.36 (KHTML, like Gecko) Chrome/80.0.3987.92 Mobile Safari/537.36 (compatible; Googlebot/2.1; +http://www.google.com/bot.html)" 
64.111.100.215 - - [24/May/2020:06:30:03 -0700] "GET /content/all?_t=rss HTTP/1.1" 200 14465 "-" "Mozilla/5.0 (X11; U; Linux i686; fr; rv:1.9.1.1) Gecko/20090715 Firefox/3.5.1" 
66.249.64.108 - - [24/May/2020:06:30:25 -0700] "GET /2019/checked-into-not-only-wine HTTP/1.1" 200 9738 "-" "Mozilla/5.0 (Linux; Android 6.0.1; Nexus 5X Build/MMB29P) AppleWebKit/537.36 (KHTML, like Gecko) Chrome/80.0.3987.92 Mobile Safari/537.36 (compatible; Googlebot/2.1; +http://www.google.com/bot.html)" 
66.249.64.110 - - [24/May/2020:06:30:51 -0700] "GET /content/rsvp/?q=%23+%23ciwf&_t=rss HTTP/1.1" 200 5083 "-" "Mozilla/5.0 (Linux; Android 6.0.1; Nexus 5X Build/MMB29P) AppleWebKit/537.36 (KHTML, like Gecko) Chrome/80.0.3987.92 Mobile Safari/537.36 (compatible; Googlebot/2.1; +http://www.google.com/bot.html)" 
46.229.168.137 - - [24/May/2020:06:31:16 -0700] "GET /2019/ive-never-actually-paid-attention-to-the HTTP/1.1" 200 9645 "-" "Mozilla/5.0 (compatible; SemrushBot/6~bl; +http://www.semrush.com/bot.html)" 
46.229.168.163 - - [24/May/2020:06:31:20 -0700] "GET /content/locations/?q=%23%2B%23latergram HTTP/1.1" 200 8518 "-" "Mozilla/5.0 (compatible; SemrushBot/6~bl; +http://www.semrush.com/bot.html)" 
75.164.251.69 - - [24/May/2020:06:31:37 -0700] "GET /?_t=rss HTTP/1.1" 200 7397 "-" "Mozilla/5.0 (Windows NT 10.0; Win64; x64; rv:76.0) Gecko/20100101 Firefox/76.0" 
46.229.168.151 - - [24/May/2020:06:32:44 -0700] "GET /2018/last-of-the-sunshine-yesterday HTTP/1.1" 200 12165 "-" "Mozilla/5.0 (compatible; SemrushBot/6~bl; +http://www.semrush.com/bot.html)" 
75.164.251.69 - - [24/May/2020:06:34:19 -0700] "GET /?_t=rss HTTP/1.1" 200 4218 "-" "Mozilla/5.0 (Windows NT 10.0; Win64; x64; rv:76.0) Gecko/20100101 Firefox/76.0" 
5.188.210.58 - - [24/May/2020:06:34:54 -0700] "GET /2017/sunday-night-supper-maddhur-jeffrey-lentils-and-gujarati-carrot-salad HTTP/1.0" 200 43018 "https://stream.jeremycherfas.net/2017/sunday-night-supper-maddhur-jeffrey-lentils-and-gujarati-carrot-salad" "Mozilla/5.0 (Windows NT 6.3; Win64; x64) AppleWebKit/537.36 (KHTML, like Gecko) Chrome/67.0.3396.79 Safari/537.36" 
5.188.210.58 - - [24/May/2020:06:34:55 -0700] "POST /comments/post HTTP/1.0" 403 17067 "https://stream.jeremycherfas.net/2017/sunday-night-supper-maddhur-jeffrey-lentils-and-gujarati-carrot-salad" "Mozilla/5.0 (Windows NT 6.3; Win64; x64) AppleWebKit/537.36 (KHTML, like Gecko) Chrome/67.0.3396.79 Safari/537.36" 
167.172.219.142 - - [24/May/2020:06:35:31 -0700] "GET /?_t=rss HTTP/1.1" 304 3475 "-" "Feedbin feed-id:1536727 - 1 subscribers" 
96.126.125.129 - - [24/May/2020:06:35:39 -0700] "GET /content/statusupdates/posts/photos/checkins/bookmarkedpages?_t=rss HTTP/1.1" 200 7734 "-" "Micro.blog/1.0" 
46.229.168.150 - - [24/May/2020:06:36:13 -0700] "GET /content/posts/?offset=87 HTTP/1.1" 200 8743 "-" "Mozilla/5.0 (compatible; SemrushBot/6~bl; +http://www.semrush.com/bot.html)" 
114.119.165.37 - - [24/May/2020:06:36:16 -0700] "GET /tag/withknown HTTP/1.1" 200 14275 "-" "Mozilla/5.0 (Linux; Android 7.0;) AppleWebKit/537.36 (KHTML, like Gecko) Mobile Safari/537.36 (compatible; PetalBot;+https://aspiegel.com/petalbot)" 
5.188.210.58 - - [24/May/2020:06:36:28 -0700] "GET /2017/sunday-night-supper-maddhur-jeffrey-lentils-and-gujarati-carrot-salad HTTP/1.1" 200 10658 "-" "Mozilla/5.0 (Windows NT 6.1; Win64; x64; rv:62.0) Gecko/20100101 Firefox/62.0" 
46.229.168.137 - - [24/May/2020:06:37:00 -0700] "GET /content/statusupdates/?q=%23diet HTTP/1.1" 200 9128 "-" "Mozilla/5.0 (compatible; SemrushBot/6~bl; +http://www.semrush.com/bot.html)" 
46.229.168.154 - - [24/May/2020:06:37:02 -0700] "GET /2018/our-daily-bread-27---bread-and-political-circusessug530lz3uoan-enormous HTTP/1.1" 200 14100 "-" "Mozilla/5.0 (compatible; SemrushBot/6~bl; +http://www.semrush.com/bot.html)" 
75.164.251.69 - - [24/May/2020:06:37:17 -0700] "GET /?_t=rss HTTP/1.1" 200 7397 "-" "Mozilla/5.0 (Windows NT 10.0; Win64; x64; rv:76.0) Gecko/20100101 Firefox/76.0" 
66.249.64.112 - - [24/May/2020:06:40:19 -0700] "GET /content/posts/?q=%23+%23latteriastudio&_t=rss HTTP/1.1" 200 5101 "-" "Mozilla/5.0 (Linux; Android 6.0.1; Nexus 5X Build/MMB29P) AppleWebKit/537.36 (KHTML, like Gecko) Chrome/80.0.3987.92 Mobile Safari/537.36 (compatible; Googlebot/2.1; +http://www.google.com/bot.html)" 
75.164.251.69 - - [24/May/2020:06:40:37 -0700] "GET /?_t=rss HTTP/1.1" 200 4218 "-" "Mozilla/5.0 (Windows NT 10.0; Win64; x64; rv:76.0) Gecko/20100101 Firefox/76.0" 
46.229.168.130 - - [24/May/2020:06:40:44 -0700] "GET /content/photos/?q=%23%2B%23%23bread HTTP/1.1" 200 12654 "-" "Mozilla/5.0 (compatible; SemrushBot/6~bl; +http://www.semrush.com/bot.html)" 
46.229.168.146 - - [24/May/2020:06:40:59 -0700] "GET /content/posts/?offset=10&q=%23indieweb HTTP/1.1" 200 16879 "-" "Mozilla/5.0 (compatible; SemrushBot/6~bl; +http://www.semrush.com/bot.html)" 
45.79.26.51 - - [24/May/2020:06:41:06 -0700] "GET /content/statusupdates/posts/photos/checkins/bookmarkedpages?_t=rss HTTP/1.1" 200 7729 "-" "Micro.blog/1.0" 
46.229.168.139 - - [24/May/2020:06:41:45 -0700] "GET /2017/thanks-chris-im-using-099-the-likes-with-stars-are HTTP/1.1" 200 9623 "-" "Mozilla/5.0 (compatible; SemrushBot/6~bl; +http://www.semrush.com/bot.html)" 
46.229.168.129 - - [24/May/2020:06:42:52 -0700] "GET /content/all/?q=%23realbreadweek HTTP/1.1" 200 9549 "-" "Mozilla/5.0 (compatible; SemrushBot/6~bl; +http://www.semrush.com/bot.html)" 
114.119.164.86 - - [24/May/2020:06:43:39 -0700] "GET /content/all?q=%23Sourdough&offset=10 HTTP/1.1" 200 12148 "-" "Mozilla/5.0 (Linux; Android 7.0;) AppleWebKit/537.36 (KHTML, like Gecko) Mobile Safari/537.36 (compatible; PetalBot;+https://aspiegel.com/petalbot)" 
75.164.251.69 - - [24/May/2020:06:43:53 -0700] "GET /?_t=rss HTTP/1.1" 200 7397 "-" "Mozilla/5.0 (Windows NT 10.0; Win64; x64; rv:76.0) Gecko/20100101 Firefox/76.0" 
8.29.198.27 - - [24/May/2020:06:44:58 -0700] "GET /?_t=rss HTTP/1.1" 200 7149 "-" "Feedly/1.0 (+http://www.feedly.com/fetcher.html; 2 subscribers; like FeedFetcher-Google)" 
66.249.64.178 - - [24/May/2020:06:45:04 -0700] "GET /robots.txt HTTP/1.1" 200 4613 "-" "Mozilla/5.0 (compatible; Googlebot/2.1; +http://www.google.com/bot.html)" 
66.249.64.180 - - [24/May/2020:06:45:04 -0700] "GET /service/web/unfurl/?url=http%3A%2F%2Fwww.musicofsound.co.nz%2F&__bTk=07c4e1db903d5bfe641359a99e4529480b57642698e45f1e12668c9aee3c9dc8&__bTs=1588896000 HTTP/1.1" 403 4621 "https://www.stream.jeremycherfas.net/content/statusupdates/?offset=4" "Mozilla/5.0 (Linux; Android 6.0.1; Nexus 5X Build/MMB29P) AppleWebKit/537.36 (KHTML, like Gecko) Chrome/81.0.4044.108 Mobile Safari/537.36 (compatible; Googlebot/2.1; +http://www.google.com/bot.html)" 
66.249.64.180 - - [24/May/2020:06:45:04 -0700] "GET /service/web/unfurl/?url=http%3A%2F%2Fwww.fao.org%2Ffaostat%2Fen%2F%23home&__bTk=07c4e1db903d5bfe641359a99e4529480b57642698e45f1e12668c9aee3c9dc8&__bTs=1588896000 HTTP/1.1" 403 1315 "https://www.stream.jeremycherfas.net/content/statusupdates/?offset=4" "Mozilla/5.0 (Linux; Android 6.0.1; Nexus 5X Build/MMB29P) AppleWebKit/537.36 (KHTML, like Gecko) Chrome/81.0.4044.108 Mobile Safari/537.36 (compatible; Googlebot/2.1; +http://www.google.com/bot.html)" 
66.249.64.180 - - [24/May/2020:06:45:05 -0700] "GET /service/web/unfurl/?url=http%3A%2F%2Fwww.musicofsound.co.nz%2F&__bTk=07c4e1db903d5bfe641359a99e4529480b57642698e45f1e12668c9aee3c9dc8&__bTs=1589020153 HTTP/1.1" 403 1304 "https://www.stream.jeremycherfas.net/content/statusupdates/?offset=4" "Mozilla/5.0 (Linux; Android 6.0.1; Nexus 5X Build/MMB29P) AppleWebKit/537.36 (KHTML, like Gecko) Chrome/81.0.4044.108 Mobile Safari/537.36 (compatible; Googlebot/2.1; +http://www.google.com/bot.html)" 
66.249.64.176 - - [24/May/2020:06:45:05 -0700] "GET /service/web/unfurl/?url=http%3A%2F%2Fwww.fao.org%2Ffaostat%2Fen%2F%23home&__bTk=07c4e1db903d5bfe641359a99e4529480b57642698e45f1e12668c9aee3c9dc8&__bTs=1589020153 HTTP/1.1" 403 4632 "https://www.stream.jeremycherfas.net/content/statusupdates/?offset=4" "Mozilla/5.0 (Linux; Android 6.0.1; Nexus 5X Build/MMB29P) AppleWebKit/537.36 (KHTML, like Gecko) Chrome/81.0.4044.108 Mobile Safari/537.36 (compatible; Googlebot/2.1; +http://www.google.com/bot.html)" 
64.111.100.215 - - [24/May/2020:06:45:06 -0700] "GET /content/all?_t=rss HTTP/1.1" 200 14465 "-" "Mozilla/5.0 (X11; U; Linux i686; fr; rv:1.9.1.1) Gecko/20090715 Firefox/3.5.1" 
45.79.26.51 - - [24/May/2020:06:45:25 -0700] "GET /content/statusupdates/posts/photos/checkins/bookmarkedpages?_t=rss HTTP/1.1" 200 7729 "-" "Micro.blog/1.0" 
157.55.39.201 - - [24/May/2020:06:46:46 -0700] "GET /2020/mgraybosch-fine-sentiments-and-for-a-one-page HTTP/1.1" 200 9802 "-" "Mozilla/5.0 (compatible; bingbot/2.0; +http://www.bing.com/bingbot.htm)" 
75.164.251.69 - - [24/May/2020:06:46:54 -0700] "GET /?_t=rss HTTP/1.1" 200 4218 "-" "Mozilla/5.0 (Windows NT 10.0; Win64; x64; rv:76.0) Gecko/20100101 Firefox/76.0" 
35.175.228.34 - - [24/May/2020:06:48:54 -0700] "GET /profile/jeremy?_t=rss HTTP/1.1" 304 3480 "https://www.google.com/" "Mozilla/5.0 (Macintosh; Intel Mac OS X 10_13_6) AppleWebKit/537.36 (KHTML, like Gecko) Chrome/80.0.3987.132 Safari/537.36" 
96.126.125.129 - - [24/May/2020:06:49:06 -0700] "GET /content/statusupdates/posts/photos/checkins/bookmarkedpages?_t=rss HTTP/1.1" 200 7734 "-" "Micro.blog/1.0" 
75.164.251.69 - - [24/May/2020:06:49:31 -0700] "GET /?_t=rss HTTP/1.1" 200 7397 "-" "Mozilla/5.0 (Windows NT 10.0; Win64; x64; rv:76.0) Gecko/20100101 Firefox/76.0" 
66.249.64.110 - - [24/May/2020:06:49:47 -0700] "GET /content/all/?q=%23photo&offset=11&_t=rss HTTP/1.1" 200 9836 "-" "Mozilla/5.0 (Linux; Android 6.0.1; Nexus 5X Build/MMB29P) AppleWebKit/537.36 (KHTML, like Gecko) Chrome/80.0.3987.92 Mobile Safari/537.36 (compatible; Googlebot/2.1; +http://www.google.com/bot.html)" 
114.119.167.191 - - [24/May/2020:06:51:08 -0700] "GET /tag/withknown?offset=13 HTTP/1.1" 200 12045 "-" "Mozilla/5.0 (Linux; Android 7.0;) AppleWebKit/537.36 (KHTML, like Gecko) Mobile Safari/537.36 (compatible; PetalBot;+https://aspiegel.com/petalbot)" 
46.229.168.133 - - [24/May/2020:06:52:20 -0700] "GET /?offset=62&q=%23bread HTTP/1.1" 200 12313 "-" "Mozilla/5.0 (compatible; SemrushBot/6~bl; +http://www.semrush.com/bot.html)" 
75.164.251.69 - - [24/May/2020:06:52:50 -0700] "GET /?_t=rss HTTP/1.1" 200 4218 "-" "Mozilla/5.0 (Windows NT 10.0; Win64; x64; rv:76.0) Gecko/20100101 Firefox/76.0" 
46.229.168.161 - - [24/May/2020:06:53:07 -0700] "GET /content/all HTTP/1.1" 200 11851 "-" "Mozilla/5.0 (compatible; SemrushBot/6~bl; +http://www.semrush.com/bot.html)" 
96.126.125.129 - - [24/May/2020:06:53:14 -0700] "GET /content/statusupdates/posts/photos/checkins/bookmarkedpages?_t=rss HTTP/1.1" 200 7734 "-" "Micro.blog/1.0" 
77.88.5.71 - - [24/May/2020:06:54:38 -0700] "GET /view/b12dd81c57941c203185c388301a86b2 HTTP/1.1" 200 9569 "-" "Mozilla/5.0 (compatible; YandexBot/3.0; +http://yandex.com/bots)" 
46.229.168.138 - - [24/May/2020:06:54:51 -0700] "GET /2019/long-cooked-very-sweet-onions-and-bits-of-veal-unusual HTTP/1.1" 200 13333 "-" "Mozilla/5.0 (compatible; SemrushBot/6~bl; +http://www.semrush.com/bot.html)" 
66.249.64.110 - - [24/May/2020:06:55:19 -0700] "GET /tag/known HTTP/1.1" 304 12806 "-" "Mozilla/5.0 (Linux; Android 6.0.1; Nexus 5X Build/MMB29P) AppleWebKit/537.36 (KHTML, like Gecko) Chrome/80.0.3987.92 Mobile Safari/537.36 (compatible; Googlebot/2.1; +http://www.google.com/bot.html)" 
66.249.64.112 - - [24/May/2020:06:55:19 -0700] "GET /tag/known HTTP/1.1" 304 66785 "-" "Mozilla/5.0 (Linux; Android 6.0.1; Nexus 5X Build/MMB29P) AppleWebKit/537.36 (KHTML, like Gecko) Chrome/80.0.3987.92 Mobile Safari/537.36 (compatible; Googlebot/2.1; +http://www.google.com/bot.html)" 
66.249.64.110 - - [24/May/2020:06:55:23 -0700] "GET /service/web/unfurl/?url=https%3A%2F%2Fknown.stierand.org%2F&__bTk=9589125b0b635ea8ecadbc9dd50b5f9dd07da9556f1bb1175ea55912d813b26c&__bTs=1588896000 HTTP/1.1" 403 4594 "https://stream.jeremycherfas.net/tag/known" "Mozilla/5.0 (Linux; Android 6.0.1; Nexus 5X Build/MMB29P) AppleWebKit/537.36 (KHTML, like Gecko) Chrome/81.0.4044.108 Mobile Safari/537.36 (compatible; Googlebot/2.1; +http://www.google.com/bot.html)" 
66.249.64.108 - - [24/May/2020:06:55:23 -0700] "GET /service/web/unfurl/?url=https%3A%2F%2Fknown.stierand.org%2F&__bTk=9589125b0b635ea8ecadbc9dd50b5f9dd07da9556f1bb1175ea55912d813b26c&__bTs=1589291460 HTTP/1.1" 403 4594 "https://stream.jeremycherfas.net/tag/known" "Mozilla/5.0 (Linux; Android 6.0.1; Nexus 5X Build/MMB29P) AppleWebKit/537.36 (KHTML, like Gecko) Chrome/81.0.4044.108 Mobile Safari/537.36 (compatible; Googlebot/2.1; +http://www.google.com/bot.html)" 
75.164.251.69 - - [24/May/2020:06:55:42 -0700] "GET /?_t=rss HTTP/1.1" 200 7397 "-" "Mozilla/5.0 (Windows NT 10.0; Win64; x64; rv:76.0) Gecko/20100101 Firefox/76.0" 
46.229.168.133 - - [24/May/2020:06:57:09 -0700] "GET /content/photos?offset=80 HTTP/1.1" 200 11131 "-" "Mozilla/5.0 (compatible; SemrushBot/6~bl; +http://www.semrush.com/bot.html)" 
