46.229.168.161 - - [24/May/2020:06:57:17 -0700] "GET /content/locations/?q=%23micromonday HTTP/1.1" 200 8506 "-" "Mozilla/5.0 (compatible; SemrushBot/6~bl; +http://www.semrush.com/bot.html)" 
96.126.125.129 - - [24/May/2020:06:57:22 -0700] "GET /content/statusupdates/posts/photos/checkins/bookmarkedpages?_t=rss HTTP/1.1" 200 7734 "-" "Micro.blog/1.0" 
114.119.165.37 - - [24/May/2020:06:58:28 -0700] "GET /tag/podcast?offset=45 HTTP/1.1" 200 13235 "-" "Mozilla/5.0 (Linux; Android 7.0;) AppleWebKit/537.36 (KHTML, like Gecko) Mobile Safari/537.36 (compatible; PetalBot;+https://aspiegel.com/petalbot)" 
75.164.251.69 - - [24/May/2020:06:58:51 -0700] "GET /?_t=rss HTTP/1.1" 200 4218 "-" "Mozilla/5.0 (Windows NT 10.0; Win64; x64; rv:76.0) Gecko/20100101 Firefox/76.0" 
66.249.64.112 - - [24/May/2020:06:59:15 -0700] "GET /view/67b7bdd482388c8be33afe09476715af?_t=rss HTTP/1.1" 200 5403 "-" "Mozilla/5.0 (Linux; Android 6.0.1; Nexus 5X Build/MMB29P) AppleWebKit/537.36 (KHTML, like Gecko) Chrome/80.0.3987.92 Mobile Safari/537.36 (compatible; Googlebot/2.1; +http://www.google.com/bot.html)" 
64.111.100.215 - - [24/May/2020:07:00:05 -0700] "GET /content/all?_t=rss HTTP/1.1" 200 14465 "-" "Mozilla/5.0 (X11; U; Linux i686; fr; rv:1.9.1.1) Gecko/20090715 Firefox/3.5.1" 
173.230.155.197 - - [24/May/2020:07:00:13 -0700] "GET / HTTP/1.1" 200 56194 "-" "Mozilla/5.0 (Macintosh; Intel Mac OS X 10_12_1) AppleWebKit/537.36 (KHTML, like Gecko) Chrome/57.0.2987.133 Safari/537.36 p3k-http/0.1.5 p3k-watchtower/0.1" 
3.89.112.166 - - [24/May/2020:07:00:21 -0700] "GET /?_t=rss HTTP/1.1" 200 7360 "-" "glitch-feeder/1.0 (+https://glitch.com/~lmo-feeder)" 
45.79.26.51 - - [24/May/2020:07:00:45 -0700] "GET /content/statusupdates/posts/photos/checkins/bookmarkedpages?_t=rss HTTP/1.1" 200 7729 "-" "Micro.blog/1.0" 
40.77.167.104 - - [24/May/2020:07:00:56 -0700] "GET /2017/no-2-is-my-favourite HTTP/1.1" 200 9777 "-" "Mozilla/5.0 (compatible; bingbot/2.0; +http://www.bing.com/bingbot.htm)" 
54.89.93.21 - - [24/May/2020:07:01:15 -0700] "GET /?q=&_t=rss HTTP/1.1" 200 7145 "https://www.google.com/" "Mozilla/5.0 (Windows NT 10.0; Win64; x64; rv:73.0) Gecko/20100101 Firefox/73.0" 
75.164.251.69 - - [24/May/2020:07:01:25 -0700] "GET /?_t=rss HTTP/1.1" 200 7397 "-" "Mozilla/5.0 (Windows NT 10.0; Win64; x64; rv:76.0) Gecko/20100101 Firefox/76.0" 
46.229.168.139 - - [24/May/2020:07:02:03 -0700] "GET /2018/such-fun-to-read-this-and-others-like-it-i HTTP/1.1" 200 9954 "-" "Mozilla/5.0 (compatible; SemrushBot/6~bl; +http://www.semrush.com/bot.html)" 
203.133.169.112 - - [24/May/2020:07:02:54 -0700] "GET /robots.txt HTTP/1.1" 200 4345 "-" "Mozilla/5.0 (compatible; Daum/4.1; +http://cs.daum.net/faq/15/4118.html?faqId=28966)" 
92.16.31.124 - - [24/May/2020:07:02:56 -0700] "GET /2020/changing-diet-you-cant-outrun-a-shitty-diet---jeenanet HTTP/1.1" 200 9434 "-" "Mozilla/5.0 (X11; Ubuntu; Linux x86_64; rv:75.0) Gecko/20100101 Firefox/75.0" 
92.16.31.124 - - [24/May/2020:07:02:56 -0700] "GET /vendor/npm-asset/jquery/dist/jquery.min.js HTTP/1.1" 200 32009 "https://stream.jeremycherfas.net/2020/changing-diet-you-cant-outrun-a-shitty-diet---jeenanet" "Mozilla/5.0 (X11; Ubuntu; Linux x86_64; rv:75.0) Gecko/20100101 Firefox/75.0" 
203.133.169.112 - - [24/May/2020:07:02:56 -0700] "GET /2020/finished-reading-the-final-solution-by-michael HTTP/1.1" 200 27893 "-" "Mozilla/5.0 (compatible; Daum/4.1; +http://cs.daum.net/faq/15/4118.html?faqId=28966)" 
92.16.31.124 - - [24/May/2020:07:02:56 -0700] "GET /vendor/twbs/bootstrap/dist/css/bootstrap.min.css HTTP/1.1" 200 20915 "https://stream.jeremycherfas.net/2020/changing-diet-you-cant-outrun-a-shitty-diet---jeenanet" "Mozilla/5.0 (X11; Ubuntu; Linux x86_64; rv:75.0) Gecko/20100101 Firefox/75.0" 
92.16.31.124 - - [24/May/2020:07:02:56 -0700] "GET /vendor/forkawesome/fork-awesome/css/v5-compat.min.css HTTP/1.1" 200 2616 "https://stream.jeremycherfas.net/2020/changing-diet-you-cant-outrun-a-shitty-diet---jeenanet" "Mozilla/5.0 (X11; Ubuntu; Linux x86_64; rv:75.0) Gecko/20100101 Firefox/75.0" 
92.16.31.124 - - [24/May/2020:07:02:56 -0700] "GET /js/1579440966/known.min.js HTTP/1.1" 200 4924 "https://stream.jeremycherfas.net/2020/changing-diet-you-cant-outrun-a-shitty-diet---jeenanet" "Mozilla/5.0 (X11; Ubuntu; Linux x86_64; rv:75.0) Gecko/20100101 Firefox/75.0" 
92.16.31.124 - - [24/May/2020:07:02:56 -0700] "GET /vendor/npm-asset/bootstrap-toggle/js/bootstrap-toggle.js HTTP/1.1" 200 2106 "https://stream.jeremycherfas.net/2020/changing-diet-you-cant-outrun-a-shitty-diet---jeenanet" "Mozilla/5.0 (X11; Ubuntu; Linux x86_64; rv:75.0) Gecko/20100101 Firefox/75.0" 
92.16.31.124 - - [24/May/2020:07:02:57 -0700] "GET /css/1579440965/known.min.css HTTP/1.1" 200 7758 "https://stream.jeremycherfas.net/2020/changing-diet-you-cant-outrun-a-shitty-diet---jeenanet" "Mozilla/5.0 (X11; Ubuntu; Linux x86_64; rv:75.0) Gecko/20100101 Firefox/75.0" 
92.16.31.124 - - [24/May/2020:07:02:57 -0700] "GET /vendor/npm-asset/bootstrap-toggle/css/bootstrap-toggle.min.css HTTP/1.1" 200 1061 "https://stream.jeremycherfas.net/2020/changing-diet-you-cant-outrun-a-shitty-diet---jeenanet" "Mozilla/5.0 (X11; Ubuntu; Linux x86_64; rv:75.0) Gecko/20100101 Firefox/75.0" 
92.16.31.124 - - [24/May/2020:07:02:57 -0700] "GET /vendor/idno/mentionjs/recommended-styles.css HTTP/1.1" 200 682 "https://stream.jeremycherfas.net/2020/changing-diet-you-cant-outrun-a-shitty-diet---jeenanet" "Mozilla/5.0 (X11; Ubuntu; Linux x86_64; rv:75.0) Gecko/20100101 Firefox/75.0" 
92.16.31.124 - - [24/May/2020:07:02:57 -0700] "GET /IdnoPlugins/Checkin/external/leaflet/leaflet.min.css HTTP/1.1" 200 2556 "https://stream.jeremycherfas.net/2020/changing-diet-you-cant-outrun-a-shitty-diet---jeenanet" "Mozilla/5.0 (X11; Ubuntu; Linux x86_64; rv:75.0) Gecko/20100101 Firefox/75.0" 
92.16.31.124 - - [24/May/2020:07:02:57 -0700] "GET /vendor/twbs/bootstrap/dist/js/bootstrap.min.js HTTP/1.1" 200 11773 "https://stream.jeremycherfas.net/2020/changing-diet-you-cant-outrun-a-shitty-diet---jeenanet" "Mozilla/5.0 (X11; Ubuntu; Linux x86_64; rv:75.0) Gecko/20100101 Firefox/75.0" 
92.16.31.124 - - [24/May/2020:07:02:57 -0700] "GET /IdnoPlugins/Checkin/external/leaflet/leaflet.js HTTP/1.1" 200 34144 "https://stream.jeremycherfas.net/2020/changing-diet-you-cant-outrun-a-shitty-diet---jeenanet" "Mozilla/5.0 (X11; Ubuntu; Linux x86_64; rv:75.0) Gecko/20100101 Firefox/75.0" 
92.16.31.124 - - [24/May/2020:07:02:57 -0700] "GET /vendor/npm-asset/bootstrap-accessibility-plugin/plugins/js/bootstrap-accessibility.min.js HTTP/1.1" 200 4951 "https://stream.jeremycherfas.net/2020/changing-diet-you-cant-outrun-a-shitty-diet---jeenanet" "Mozilla/5.0 (X11; Ubuntu; Linux x86_64; rv:75.0) Gecko/20100101 Firefox/75.0" 
92.16.31.124 - - [24/May/2020:07:02:57 -0700] "GET /vendor/forkawesome/fork-awesome/css/fork-awesome.min.css HTTP/1.1" 200 9061 "https://stream.jeremycherfas.net/2020/changing-diet-you-cant-outrun-a-shitty-diet---jeenanet" "Mozilla/5.0 (X11; Ubuntu; Linux x86_64; rv:75.0) Gecko/20100101 Firefox/75.0" 
92.16.31.124 - - [24/May/2020:07:02:57 -0700] "GET /IdnoPlugins/Checkin/external/stamen-maps/tile.stamen.min.js HTTP/1.1" 200 2065 "https://stream.jeremycherfas.net/2020/changing-diet-you-cant-outrun-a-shitty-diet---jeenanet" "Mozilla/5.0 (X11; Ubuntu; Linux x86_64; rv:75.0) Gecko/20100101 Firefox/75.0" 
92.16.31.124 - - [24/May/2020:07:02:57 -0700] "GET /IdnoPlugins/Media/external/wavesurfer/dist/wavesurfer.min.js HTTP/1.1" 200 6858 "https://stream.jeremycherfas.net/2020/changing-diet-you-cant-outrun-a-shitty-diet---jeenanet" "Mozilla/5.0 (X11; Ubuntu; Linux x86_64; rv:75.0) Gecko/20100101 Firefox/75.0" 
92.16.31.124 - - [24/May/2020:07:02:57 -0700] "GET /Themes/Solo/css/default.min.css HTTP/1.1" 200 1045 "https://stream.jeremycherfas.net/2020/changing-diet-you-cant-outrun-a-shitty-diet---jeenanet" "Mozilla/5.0 (X11; Ubuntu; Linux x86_64; rv:75.0) Gecko/20100101 Firefox/75.0" 
92.16.31.124 - - [24/May/2020:07:02:57 -0700] "GET /vendor/npm-asset/mediaelement/build/mediaelement-and-player.min.js HTTP/1.1" 200 41590 "https://stream.jeremycherfas.net/2020/changing-diet-you-cant-outrun-a-shitty-diet---jeenanet" "Mozilla/5.0 (X11; Ubuntu; Linux x86_64; rv:75.0) Gecko/20100101 Firefox/75.0" 
92.16.31.124 - - [24/May/2020:07:02:57 -0700] "GET /vendor/npm-asset/mediaelement/build/mediaelementplayer.min.css HTTP/1.1" 200 3120 "https://stream.jeremycherfas.net/2020/changing-diet-you-cant-outrun-a-shitty-diet---jeenanet" "Mozilla/5.0 (X11; Ubuntu; Linux x86_64; rv:75.0) Gecko/20100101 Firefox/75.0" 
92.16.31.124 - - [24/May/2020:07:02:57 -0700] "GET /vendor/npm-asset/vanilla-fitvids/jquery.fitvids.js HTTP/1.1" 200 1873 "https://stream.jeremycherfas.net/2020/changing-diet-you-cant-outrun-a-shitty-diet---jeenanet" "Mozilla/5.0 (X11; Ubuntu; Linux x86_64; rv:75.0) Gecko/20100101 Firefox/75.0" 
92.16.31.124 - - [24/May/2020:07:02:57 -0700] "GET /vendor/rmm5t/jquery-timeago/jquery.timeago.js HTTP/1.1" 200 3015 "https://stream.jeremycherfas.net/2020/changing-diet-you-cant-outrun-a-shitty-diet---jeenanet" "Mozilla/5.0 (X11; Ubuntu; Linux x86_64; rv:75.0) Gecko/20100101 Firefox/75.0" 
92.16.31.124 - - [24/May/2020:07:02:57 -0700] "GET /vendor/rmm5t/jquery-timeago/locales/jquery.timeago.en.js HTTP/1.1" 200 886 "https://stream.jeremycherfas.net/2020/changing-diet-you-cant-outrun-a-shitty-diet---jeenanet" "Mozilla/5.0 (X11; Ubuntu; Linux x86_64; rv:75.0) Gecko/20100101 Firefox/75.0" 
92.16.31.124 - - [24/May/2020:07:02:57 -0700] "GET /vendor/npm-asset/underscore/underscore-min.js HTTP/1.1" 200 7059 "https://stream.jeremycherfas.net/2020/changing-diet-you-cant-outrun-a-shitty-diet---jeenanet" "Mozilla/5.0 (X11; Ubuntu; Linux x86_64; rv:75.0) Gecko/20100101 Firefox/75.0" 
92.16.31.124 - - [24/May/2020:07:02:57 -0700] "GET /vendor/npm-asset/exif-js/exif.js HTTP/1.1" 200 9962 "https://stream.jeremycherfas.net/2020/changing-diet-you-cant-outrun-a-shitty-diet---jeenanet" "Mozilla/5.0 (X11; Ubuntu; Linux x86_64; rv:75.0) Gecko/20100101 Firefox/75.0" 
46.229.168.141 - - [24/May/2020:07:02:58 -0700] "GET /2019/uses-this-jesse-kriss HTTP/1.1" 200 9707 "-" "Mozilla/5.0 (compatible; SemrushBot/6~bl; +http://www.semrush.com/bot.html)" 
92.16.31.124 - - [24/May/2020:07:02:58 -0700] "GET /vendor/npm-asset/bootstrap-accessibility-plugin/plugins/css/bootstrap-accessibility.css HTTP/1.1" 200 1159 "https://stream.jeremycherfas.net/2020/changing-diet-you-cant-outrun-a-shitty-diet---jeenanet" "Mozilla/5.0 (X11; Ubuntu; Linux x86_64; rv:75.0) Gecko/20100101 Firefox/75.0" 
92.16.31.124 - - [24/May/2020:07:02:58 -0700] "GET /gfx/users/default-00.png HTTP/1.1" 200 5798 "https://stream.jeremycherfas.net/2020/changing-diet-you-cant-outrun-a-shitty-diet---jeenanet" "Mozilla/5.0 (X11; Ubuntu; Linux x86_64; rv:75.0) Gecko/20100101 Firefox/75.0" 
92.16.31.124 - - [24/May/2020:07:02:58 -0700] "GET /file/ef801e05730eba56004c5b712ad84731/thumb.jpg HTTP/1.1" 200 22619 "https://stream.jeremycherfas.net/2020/changing-diet-you-cant-outrun-a-shitty-diet---jeenanet" "Mozilla/5.0 (X11; Ubuntu; Linux x86_64; rv:75.0) Gecko/20100101 Firefox/75.0" 
92.16.31.124 - - [24/May/2020:07:02:58 -0700] "GET /service/security/csrftoken/?url=https%3A%2F%2Fstream.jeremycherfas.net%2Fservice%2Fweb%2Funfurl%2F HTTP/1.1" 200 1361 "https://stream.jeremycherfas.net/2020/changing-diet-you-cant-outrun-a-shitty-diet---jeenanet" "Mozilla/5.0 (X11; Ubuntu; Linux x86_64; rv:75.0) Gecko/20100101 Firefox/75.0" 
92.16.31.124 - - [24/May/2020:07:02:58 -0700] "GET /vendor/forkawesome/fork-awesome/fonts/forkawesome-webfont.woff2?v=1.1.7 HTTP/1.1" 200 92205 "https://stream.jeremycherfas.net/vendor/forkawesome/fork-awesome/css/fork-awesome.min.css" "Mozilla/5.0 (X11; Ubuntu; Linux x86_64; rv:75.0) Gecko/20100101 Firefox/75.0" 
92.16.31.124 - - [24/May/2020:07:02:58 -0700] "GET /gfx/logos/apple-icon-144x144.png HTTP/1.1" 200 10316 "-" "Mozilla/5.0 (X11; Ubuntu; Linux x86_64; rv:75.0) Gecko/20100101 Firefox/75.0" 
92.16.31.124 - - [24/May/2020:07:02:58 -0700] "GET /service/web/unfurl/?url=https%3A%2F%2Fjeena.net%2Fposts%2F133&__bTk=be55c78a75c1307d49581ff3218db9346b188f432a2a51bdff9920acabde4fa6&__bTs=1590328978 HTTP/1.1" 200 29083 "https://stream.jeremycherfas.net/2020/changing-diet-you-cant-outrun-a-shitty-diet---jeenanet" "Mozilla/5.0 (X11; Ubuntu; Linux x86_64; rv:75.0) Gecko/20100101 Firefox/75.0" 
46.229.168.161 - - [24/May/2020:07:03:09 -0700] "GET /2018/the-value-of-charts----podcast-or HTTP/1.1" 200 10466 "-" "Mozilla/5.0 (compatible; SemrushBot/6~bl; +http://www.semrush.com/bot.html)" 
203.133.169.112 - - [24/May/2020:07:03:18 -0700] "GET /robots.txt HTTP/1.1" 200 4369 "-" "Mozilla/5.0 (compatible; Daum/4.1; +http://cs.daum.net/faq/15/4118.html?faqId=28966)" 
203.133.169.112 - - [24/May/2020:07:03:19 -0700] "GET /2017/matt-mullenweg-talking-to-james-altucher-kinda-sorta-gets-indieweb?_t=rss HTTP/1.1" 200 7521 "-" "Mozilla/5.0 (compatible; Daum/4.1; +http://cs.daum.net/faq/15/4118.html?faqId=28966)" 
203.133.169.112 - - [24/May/2020:07:03:31 -0700] "GET /file/43039d95c6bf86b95bb665b88bf5fe9f HTTP/1.1" 200 13050 "-" "Mozilla/5.0 (compatible; Daum/4.1; +http://cs.daum.net/faq/15/4118.html?faqId=28966)" 
46.229.168.148 - - [24/May/2020:07:03:36 -0700] "GET /2018/very-happy-to-report-that-existio-now HTTP/1.1" 200 9536 "-" "Mozilla/5.0 (compatible; SemrushBot/6~bl; +http://www.semrush.com/bot.html)" 
203.133.169.112 - - [24/May/2020:07:03:37 -0700] "GET /2019/galileo-and-failure---all-this HTTP/1.1" 200 29777 "-" "Mozilla/5.0 (compatible; Daum/4.1; +http://cs.daum.net/faq/15/4118.html?faqId=28966)" 
203.133.169.112 - - [24/May/2020:07:03:43 -0700] "GET /2019/hello-darkness-my-old-friend?_t=rss HTTP/1.1" 200 6827 "-" "Mozilla/5.0 (compatible; Daum/4.1; +http://cs.daum.net/faq/15/4118.html?faqId=28966)" 
203.133.169.112 - - [24/May/2020:07:03:49 -0700] "GET /content/events/?q=%23Rye HTTP/1.1" 200 21292 "-" "Mozilla/5.0 (compatible; Daum/4.1; +http://cs.daum.net/faq/15/4118.html?faqId=28966)" 
203.133.169.112 - - [24/May/2020:07:04:00 -0700] "GET /2020/finished-reading-the-final-solution-by-michael HTTP/1.1" 200 27893 "-" "Mozilla/5.0 (compatible; Daum/4.1; +http://cs.daum.net/faq/15/4118.html?faqId=28966)" 
203.133.169.112 - - [24/May/2020:07:04:17 -0700] "GET /2017/matt-mullenweg-talking-to-james-altucher-kinda-sorta-gets-indieweb?_t=rss HTTP/1.1" 200 7521 "-" "Mozilla/5.0 (compatible; Daum/4.1; +http://cs.daum.net/faq/15/4118.html?faqId=28966)" 
45.79.26.51 - - [24/May/2020:07:04:25 -0700] "GET /content/statusupdates/posts/photos/checkins/bookmarkedpages?_t=rss HTTP/1.1" 200 7729 "-" "Micro.blog/1.0" 
75.164.251.69 - - [24/May/2020:07:04:26 -0700] "GET /?_t=rss HTTP/1.1" 200 4218 "-" "Mozilla/5.0 (Windows NT 10.0; Win64; x64; rv:76.0) Gecko/20100101 Firefox/76.0" 
203.133.169.112 - - [24/May/2020:07:04:29 -0700] "GET /file/43039d95c6bf86b95bb665b88bf5fe9f HTTP/1.1" 200 13050 "-" "Mozilla/5.0 (compatible; Daum/4.1; +http://cs.daum.net/faq/15/4118.html?faqId=28966)" 
203.133.169.112 - - [24/May/2020:07:04:35 -0700] "GET /2019/galileo-and-failure---all-this HTTP/1.1" 200 29777 "-" "Mozilla/5.0 (compatible; Daum/4.1; +http://cs.daum.net/faq/15/4118.html?faqId=28966)" 
203.133.169.112 - - [24/May/2020:07:04:41 -0700] "GET /2019/hello-darkness-my-old-friend?_t=rss HTTP/1.1" 200 6827 "-" "Mozilla/5.0 (compatible; Daum/4.1; +http://cs.daum.net/faq/15/4118.html?faqId=28966)" 
203.133.169.112 - - [24/May/2020:07:04:47 -0700] "GET /content/events/?q=%23Rye HTTP/1.1" 200 21292 "-" "Mozilla/5.0 (compatible; Daum/4.1; +http://cs.daum.net/faq/15/4118.html?faqId=28966)" 
203.133.169.112 - - [24/May/2020:07:04:58 -0700] "GET /2020/finished-reading-the-final-solution-by-michael HTTP/1.1" 200 27893 "-" "Mozilla/5.0 (compatible; Daum/4.1; +http://cs.daum.net/faq/15/4118.html?faqId=28966)" 
203.133.169.112 - - [24/May/2020:07:05:32 -0700] "GET /2017/matt-mullenweg-talking-to-james-altucher-kinda-sorta-gets-indieweb?_t=rss HTTP/1.1" 200 7521 "-" "Mozilla/5.0 (compatible; Daum/4.1; +http://cs.daum.net/faq/15/4118.html?faqId=28966)" 
92.16.31.124 - - [24/May/2020:07:05:37 -0700] "GET /file/ef801e05730eba56004c5b712ad84731/thumb.jpg HTTP/1.1" 200 26069 "-" "Mozilla/5.0 (X11; Ubuntu; Linux x86_64; rv:75.0) Gecko/20100101 Firefox/75.0" 
92.16.31.124 - - [24/May/2020:07:05:37 -0700] "GET /favicon.ico HTTP/1.1" 200 534 "-" "Mozilla/5.0 (X11; Ubuntu; Linux x86_64; rv:75.0) Gecko/20100101 Firefox/75.0" 
203.133.169.112 - - [24/May/2020:07:05:44 -0700] "GET /file/43039d95c6bf86b95bb665b88bf5fe9f HTTP/1.1" 200 13050 "-" "Mozilla/5.0 (compatible; Daum/4.1; +http://cs.daum.net/faq/15/4118.html?faqId=28966)" 
203.133.169.112 - - [24/May/2020:07:05:50 -0700] "GET /2019/galileo-and-failure---all-this HTTP/1.1" 200 29777 "-" "Mozilla/5.0 (compatible; Daum/4.1; +http://cs.daum.net/faq/15/4118.html?faqId=28966)" 
114.119.162.106 - - [24/May/2020:07:05:51 -0700] "GET /tag/Indieweb?offset=130 HTTP/1.1" 200 12570 "-" "Mozilla/5.0 (Linux; Android 7.0;) AppleWebKit/537.36 (KHTML, like Gecko) Mobile Safari/537.36 (compatible; PetalBot;+https://aspiegel.com/petalbot)" 
203.133.169.112 - - [24/May/2020:07:06:09 -0700] "GET /2019/hello-darkness-my-old-friend?_t=rss HTTP/1.1" 200 6827 "-" "Mozilla/5.0 (compatible; Daum/4.1; +http://cs.daum.net/faq/15/4118.html?faqId=28966)" 
203.133.169.112 - - [24/May/2020:07:06:17 -0700] "GET /content/events/?q=%23Rye HTTP/1.1" 200 21292 "-" "Mozilla/5.0 (compatible; Daum/4.1; +http://cs.daum.net/faq/15/4118.html?faqId=28966)" 
75.164.251.69 - - [24/May/2020:07:07:17 -0700] "GET /?_t=rss HTTP/1.1" 200 7397 "-" "Mozilla/5.0 (Windows NT 10.0; Win64; x64; rv:76.0) Gecko/20100101 Firefox/76.0" 
46.229.168.140 - - [24/May/2020:07:07:30 -0700] "GET /?offset=15&q=%23withknown HTTP/1.1" 200 13473 "-" "Mozilla/5.0 (compatible; SemrushBot/6~bl; +http://www.semrush.com/bot.html)" 
46.229.168.150 - - [24/May/2020:07:08:08 -0700] "GET /content/statusupdates/?offset=11&q=%23%2B%23IndieWeb HTTP/1.1" 200 10995 "-" "Mozilla/5.0 (compatible; SemrushBot/6~bl; +http://www.semrush.com/bot.html)" 
46.229.168.133 - - [24/May/2020:07:08:30 -0700] "GET /2019/a-year-complete HTTP/1.1" 200 9442 "-" "Mozilla/5.0 (compatible; SemrushBot/6~bl; +http://www.semrush.com/bot.html)" 
66.249.64.110 - - [24/May/2020:07:08:43 -0700] "GET /view/2fe9693a5c8cf044e24f5dbe7d501a1d?_t=rss HTTP/1.1" 200 5465 "-" "Mozilla/5.0 (Linux; Android 6.0.1; Nexus 5X Build/MMB29P) AppleWebKit/537.36 (KHTML, like Gecko) Chrome/80.0.3987.92 Mobile Safari/537.36 (compatible; Googlebot/2.1; +http://www.google.com/bot.html)" 
46.229.168.133 - - [24/May/2020:07:08:44 -0700] "GET /?offset=35&q=%23sourdough HTTP/1.1" 200 11402 "-" "Mozilla/5.0 (compatible; SemrushBot/6~bl; +http://www.semrush.com/bot.html)" 
46.229.168.133 - - [24/May/2020:07:08:48 -0700] "GET /?offset=42&q=%23sourdough HTTP/1.1" 200 11669 "-" "Mozilla/5.0 (compatible; SemrushBot/6~bl; +http://www.semrush.com/bot.html)" 
54.235.17.83 - - [24/May/2020:07:09:26 -0700] "GET /content/all?_t=rss HTTP/1.1" 200 7177 "https://www.google.com/" "Mozilla/5.0 (Macintosh; Intel Mac OS X 10_14_6) AppleWebKit/605.1.15 (KHTML, like Gecko) Version/12.1.2 Safari/605.1.15" 
46.229.168.143 - - [24/May/2020:07:09:26 -0700] "GET /content/audio/?q=%23%2B%23veal HTTP/1.1" 200 8501 "-" "Mozilla/5.0 (compatible; SemrushBot/6~bl; +http://www.semrush.com/bot.html)" 
75.164.251.69 - - [24/May/2020:07:10:06 -0700] "GET /?_t=rss HTTP/1.1" 200 4218 "-" "Mozilla/5.0 (Windows NT 10.0; Win64; x64; rv:76.0) Gecko/20100101 Firefox/76.0" 
96.126.125.129 - - [24/May/2020:07:10:29 -0700] "GET /content/statusupdates/posts/photos/checkins/bookmarkedpages?_t=rss HTTP/1.1" 200 7734 "-" "Micro.blog/1.0" 
46.229.168.139 - - [24/May/2020:07:10:35 -0700] "GET /2018/who-we-are-8-india HTTP/1.1" 200 9880 "-" "Mozilla/5.0 (compatible; SemrushBot/6~bl; +http://www.semrush.com/bot.html)" 
159.65.67.230 - - [24/May/2020:07:11:21 -0700] "GET /?_t=rss HTTP/1.1" 200 7130 "-" "Feedbin feed-id:1536727 - 1 subscribers" 
157.55.39.114 - - [24/May/2020:07:12:00 -0700] "GET /2018/i-knew-id-forget-some-so-theres HTTP/1.1" 200 10305 "-" "Mozilla/5.0 (compatible; bingbot/2.0; +http://www.bing.com/bingbot.htm)" 
40.77.167.26 - - [24/May/2020:07:12:04 -0700] "GET /2018/indieweb-journalism-in-the-wild HTTP/1.1" 200 10828 "-" "Mozilla/5.0 (compatible; bingbot/2.0; +http://www.bing.com/bingbot.htm)" 
75.164.251.69 - - [24/May/2020:07:12:58 -0700] "GET /?_t=rss HTTP/1.1" 200 7397 "-" "Mozilla/5.0 (Windows NT 10.0; Win64; x64; rv:76.0) Gecko/20100101 Firefox/76.0" 
107.178.238.44 - - [24/May/2020:07:13:06 -0700] "HEAD / HTTP/1.1" 200 4525 "-" "Bridgy (https://brid.gy/about)" 
107.178.238.44 - - [24/May/2020:07:13:07 -0700] "GET / HTTP/1.1" 200 11870 "-" "Bridgy (https://brid.gy/about)" 
46.229.168.161 - - [24/May/2020:07:13:08 -0700] "GET /2018/about-webmentions HTTP/1.1" 200 11196 "-" "Mozilla/5.0 (compatible; SemrushBot/6~bl; +http://www.semrush.com/bot.html)" 
107.178.238.44 - - [24/May/2020:07:13:08 -0700] "HEAD /?_t=rss HTTP/1.1" 200 4496 "-" "Bridgy (https://brid.gy/about)" 
107.178.238.44 - - [24/May/2020:07:13:10 -0700] "HEAD /content/all?_t=rss HTTP/1.1" 200 4507 "-" "Bridgy (https://brid.gy/about)" 
107.178.238.44 - - [24/May/2020:07:13:11 -0700] "HEAD /content/all HTTP/1.1" 200 4536 "-" "Bridgy (https://brid.gy/about)" 
107.178.238.44 - - [24/May/2020:07:13:12 -0700] "GET /content/all HTTP/1.1" 200 11888 "-" "Bridgy (https://brid.gy/about)" 
114.119.165.105 - - [24/May/2020:07:13:13 -0700] "GET /tag/Fornacalia?offset=0 HTTP/1.1" 200 12905 "-" "Mozilla/5.0 (Linux; Android 7.0;) AppleWebKit/537.36 (KHTML, like Gecko) Mobile Safari/537.36 (compatible; PetalBot;+https://aspiegel.com/petalbot)" 
46.229.168.131 - - [24/May/2020:07:13:53 -0700] "GET /content/statusupdates/?q=%23%2B%23veal HTTP/1.1" 200 8513 "-" "Mozilla/5.0 (compatible; SemrushBot/6~bl; +http://www.semrush.com/bot.html)" 
5.188.210.56 - - [24/May/2020:07:14:02 -0700] "GET /profile/jeremy?offset=106 HTTP/1.0" 200 136892 "https://stream.jeremycherfas.net/profile/jeremy?offset=106" "Mozilla/5.0 (Windows NT 10.0; Win64; x64) AppleWebKit/537.36 (KHTML, like Gecko) Chrome/67.0.3396.79 Safari/537.36" 
5.188.210.56 - - [24/May/2020:07:14:05 -0700] "POST /comments/post HTTP/1.0" 403 17067 "https://stream.jeremycherfas.net/profile/jeremy?offset=106" "Mozilla/5.0 (Windows NT 10.0; Win64; x64) AppleWebKit/537.36 (KHTML, like Gecko) Chrome/67.0.3396.79 Safari/537.36" 
64.111.100.215 - - [24/May/2020:07:15:05 -0700] "GET /content/all?_t=rss HTTP/1.1" 200 14465 "-" "Mozilla/5.0 (X11; U; Linux i686; fr; rv:1.9.1.1) Gecko/20090715 Firefox/3.5.1" 
64.111.100.215 - - [24/May/2020:07:15:07 -0700] "GET /content/all?_t=rss HTTP/1.1" 200 14465 "-" "Mozilla/5.0 (X11; U; Linux i686; fr; rv:1.9.1.1) Gecko/20090715 Firefox/3.5.1" 
46.229.168.151 - - [24/May/2020:07:15:22 -0700] "GET /content/statusupdates/?offset=29&q=%23%2B%23%23indieweb HTTP/1.1" 200 9377 "-" "Mozilla/5.0 (compatible; SemrushBot/6~bl; +http://www.semrush.com/bot.html)" 
66.249.64.108 - - [24/May/2020:07:15:28 -0700] "GET /2018/latest-episode-looks-at-food-borne-illness-are-industrial-food-chains HTTP/1.1" 304 3742 "-" "Mozilla/5.0 (Linux; Android 6.0.1; Nexus 5X Build/MMB29P) AppleWebKit/537.36 (KHTML, like Gecko) Chrome/80.0.3987.92 Mobile Safari/537.36 (compatible; Googlebot/2.1; +http://www.google.com/bot.html)" 
66.249.64.108 - - [24/May/2020:07:15:28 -0700] "GET /robots.txt HTTP/1.1" 200 4589 "-" "Mozilla/5.0 (compatible; Googlebot/2.1; +http://www.google.com/bot.html)" 
96.126.125.129 - - [24/May/2020:07:15:49 -0700] "GET /content/statusupdates/posts/photos/checkins/bookmarkedpages?_t=rss HTTP/1.1" 200 7734 "-" "Micro.blog/1.0" 
75.164.251.69 - - [24/May/2020:07:16:01 -0700] "GET /?_t=rss HTTP/1.1" 200 4218 "-" "Mozilla/5.0 (Windows NT 10.0; Win64; x64; rv:76.0) Gecko/20100101 Firefox/76.0" 
40.77.167.104 - - [24/May/2020:07:16:02 -0700] "GET /file/af9670558c07b05ce3619fca54c01566 HTTP/1.1" 200 24936 "-" "Mozilla/5.0 (compatible; bingbot/2.0; +http://www.bing.com/bingbot.htm)" 
46.229.168.132 - - [24/May/2020:07:16:25 -0700] "GET /content/statusupdates/?q=%23lemonmarmalade HTTP/1.1" 200 8517 "-" "Mozilla/5.0 (compatible; SemrushBot/6~bl; +http://www.semrush.com/bot.html)" 
46.229.168.145 - - [24/May/2020:07:17:01 -0700] "GET /content/statusupdates/?offset=14&q=%23%2B%23%23indieweb HTTP/1.1" 200 11278 "-" "Mozilla/5.0 (compatible; SemrushBot/6~bl; +http://www.semrush.com/bot.html)" 
46.229.168.140 - - [24/May/2020:07:17:12 -0700] "GET /2019/dear-reporters-seeking-to-impress-meexponentially-does HTTP/1.1" 200 11252 "-" "Mozilla/5.0 (compatible; SemrushBot/6~bl; +http://www.semrush.com/bot.html)" 
40.77.167.26 - - [24/May/2020:07:18:03 -0700] "GET /2018/you-could-do-worse-than-look-at HTTP/1.1" 200 10563 "-" "Mozilla/5.0 (compatible; bingbot/2.0; +http://www.bing.com/bingbot.htm)" 
66.249.64.110 - - [24/May/2020:07:18:11 -0700] "GET /tag/IndieWeb?offset=132 HTTP/1.1" 200 12964 "-" "Mozilla/5.0 (Linux; Android 6.0.1; Nexus 5X Build/MMB29P) AppleWebKit/537.36 (KHTML, like Gecko) Chrome/80.0.3987.92 Mobile Safari/537.36 (compatible; Googlebot/2.1; +http://www.google.com/bot.html)" 
66.249.64.110 - - [24/May/2020:07:18:16 -0700] "GET /service/web/unfurl/?url=http%3A%2F%2Fwww.fornacalia.com%2F2017%2Fcornbread-for-fornacalia&__bTk=bd58caa4b2713b290636a75031479e1f348b31ab429e7a67492a0ef0f930b651&__bTs=1588094510 HTTP/1.1" 403 4624 "https://stream.jeremycherfas.net/tag/IndieWeb?offset=132" "Mozilla/5.0 (Linux; Android 6.0.1; Nexus 5X Build/MMB29P) AppleWebKit/537.36 (KHTML, like Gecko) Chrome/81.0.4044.108 Mobile Safari/537.36 (compatible; Googlebot/2.1; +http://www.google.com/bot.html)" 
66.249.64.110 - - [24/May/2020:07:18:17 -0700] "GET /service/web/unfurl/?url=https%3A%2F%2Findieweb.org%2Fgenerations&__bTk=bd58caa4b2713b290636a75031479e1f348b31ab429e7a67492a0ef0f930b651&__bTs=1588094510 HTTP/1.1" 403 1282 "https://stream.jeremycherfas.net/tag/IndieWeb?offset=132" "Mozilla/5.0 (Linux; Android 6.0.1; Nexus 5X Build/MMB29P) AppleWebKit/537.36 (KHTML, like Gecko) Chrome/81.0.4044.108 Mobile Safari/537.36 (compatible; Googlebot/2.1; +http://www.google.com/bot.html)" 
66.249.64.110 - - [24/May/2020:07:18:17 -0700] "GET /service/web/unfurl/?url=http%3A%2F%2Fwww.fornacalia.com%2F2017%2Fcornbread-for-fornacalia&__bTk=bd58caa4b2713b290636a75031479e1f348b31ab429e7a67492a0ef0f930b651&__bTs=1588094510 HTTP/1.1" 403 1307 "https://stream.jeremycherfas.net/tag/IndieWeb?offset=132" "Mozilla/5.0 (Linux; Android 6.0.1; Nexus 5X Build/MMB29P) AppleWebKit/537.36 (KHTML, like Gecko) Chrome/81.0.4044.108 Mobile Safari/537.36 (compatible; Googlebot/2.1; +http://www.google.com/bot.html)" 
5.188.210.56 - - [24/May/2020:07:18:19 -0700] "GET /profile/jeremy?offset=106 HTTP/1.1" 200 17567 "-" "Mozilla/5.0 (Windows NT 6.1; Win64; x64; rv:62.0) Gecko/20100101 Firefox/62.0" 
46.229.168.151 - - [24/May/2020:07:18:33 -0700] "GET /content/photos/?q=%23fornacalia HTTP/1.1" 200 11324 "-" "Mozilla/5.0 (compatible; SemrushBot/6~bl; +http://www.semrush.com/bot.html)" 
75.164.251.69 - - [24/May/2020:07:18:42 -0700] "GET /?_t=rss HTTP/1.1" 200 7397 "-" "Mozilla/5.0 (Windows NT 10.0; Win64; x64; rv:76.0) Gecko/20100101 Firefox/76.0" 
46.229.168.151 - - [24/May/2020:07:19:15 -0700] "GET /content/posts/?q=%23%2B%23rye HTTP/1.1" 200 9390 "-" "Mozilla/5.0 (compatible; SemrushBot/6~bl; +http://www.semrush.com/bot.html)" 
46.229.168.140 - - [24/May/2020:07:19:28 -0700] "GET /content/bookmarkedpages/?q=%23micromonday HTTP/1.1" 200 8516 "-" "Mozilla/5.0 (compatible; SemrushBot/6~bl; +http://www.semrush.com/bot.html)" 
46.229.168.134 - - [24/May/2020:07:19:30 -0700] "GET /account/export/ HTTP/1.1" 403 6429 "-" "Mozilla/5.0 (compatible; SemrushBot/6~bl; +http://www.semrush.com/bot.html)" 
77.88.5.71 - - [24/May/2020:07:20:14 -0700] "GET /robots.txt HTTP/1.1" 200 4593 "-" "Mozilla/5.0 (compatible; YandexBot/3.0; +http://yandex.com/bots)" 
77.88.5.71 - - [24/May/2020:07:20:18 -0700] "GET /view/53c24a2041af59390b687591906c9e84 HTTP/1.1" 200 9580 "-" "Mozilla/5.0 (compatible; YandexBot/3.0; +http://yandex.com/bots)" 
77.88.5.71 - - [24/May/2020:07:20:21 -0700] "GET /2017/-1?_t=amp HTTP/1.1" 200 9455 "-" "Mozilla/5.0 (compatible; YandexBot/3.0; +http://yandex.com/bots)" 
114.119.166.46 - - [24/May/2020:07:20:26 -0700] "GET /file/6e5d1037be013d3dfcead77e44b9e0d0/thumb.jpg HTTP/1.1" 404 7950 "-" "Mozilla/5.0 (Linux; Android 7.0;) AppleWebKit/537.36 (KHTML, like Gecko) Mobile Safari/537.36 (compatible; PetalBot;+https://aspiegel.com/petalbot)" 
46.229.168.149 - - [24/May/2020:07:20:57 -0700] "GET /2018/yikes-what-possible-reason-can-there-be HTTP/1.1" 200 9541 "-" "Mozilla/5.0 (compatible; SemrushBot/6~bl; +http://www.semrush.com/bot.html)" 
96.126.125.129 - - [24/May/2020:07:21:00 -0700] "GET /content/statusupdates/posts/photos/checkins/bookmarkedpages?_t=rss HTTP/1.1" 200 7734 "-" "Micro.blog/1.0" 
75.164.251.69 - - [24/May/2020:07:21:52 -0700] "GET /?_t=rss HTTP/1.1" 200 4218 "-" "Mozilla/5.0 (Windows NT 10.0; Win64; x64; rv:76.0) Gecko/20100101 Firefox/76.0" 
46.229.168.147 - - [24/May/2020:07:22:57 -0700] "GET /2018/aftermath HTTP/1.1" 200 13843 "-" "Mozilla/5.0 (compatible; SemrushBot/6~bl; +http://www.semrush.com/bot.html)" 
66.249.64.112 - - [24/May/2020:07:23:39 -0700] "GET /view/6b5fddc7f7ad737b1bdf003cef52f929 HTTP/1.1" 200 11857 "-" "Mozilla/5.0 (Linux; Android 6.0.1; Nexus 5X Build/MMB29P) AppleWebKit/537.36 (KHTML, like Gecko) Chrome/80.0.3987.92 Mobile Safari/537.36 (compatible; Googlebot/2.1; +http://www.google.com/bot.html)" 
45.79.26.51 - - [24/May/2020:07:24:42 -0700] "GET /content/statusupdates/posts/photos/checkins/bookmarkedpages?_t=rss HTTP/1.1" 200 7729 "-" "Micro.blog/1.0" 
69.142.95.100 - - [24/May/2020:07:24:42 -0700] "GET / HTTP/1.1" 200 11659 "-" "NetNewsWire (RSS Reader; https://ranchero.com/netnewswire/)" 
69.142.95.100 - - [24/May/2020:07:24:44 -0700] "GET /gfx/logos/apple-icon-144x144.png HTTP/1.1" 200 10316 "-" "NetNewsWire (RSS Reader; https://ranchero.com/netnewswire/)" 
46.229.168.146 - - [24/May/2020:07:25:06 -0700] "GET /content/rsvp/?q=%23FDA HTTP/1.1" 200 8485 "-" "Mozilla/5.0 (compatible; SemrushBot/6~bl; +http://www.semrush.com/bot.html)" 
75.164.251.69 - - [24/May/2020:07:25:08 -0700] "GET /?_t=rss HTTP/1.1" 200 7397 "-" "Mozilla/5.0 (Windows NT 10.0; Win64; x64; rv:76.0) Gecko/20100101 Firefox/76.0" 
66.249.64.112 - - [24/May/2020:07:25:29 -0700] "GET /2017/i-really-want-to-use-microblog-and-withknown-but HTTP/1.1" 304 13990 "-" "Mozilla/5.0 (Linux; Android 6.0.1; Nexus 5X Build/MMB29P) AppleWebKit/537.36 (KHTML, like Gecko) Chrome/80.0.3987.92 Mobile Safari/537.36 (compatible; Googlebot/2.1; +http://www.google.com/bot.html)" 
66.249.64.110 - - [24/May/2020:07:25:29 -0700] "GET /2017/i-really-want-to-use-microblog-and-withknown-but HTTP/1.1" 304 74028 "-" "Mozilla/5.0 (Linux; Android 6.0.1; Nexus 5X Build/MMB29P) AppleWebKit/537.36 (KHTML, like Gecko) Chrome/80.0.3987.92 Mobile Safari/537.36 (compatible; Googlebot/2.1; +http://www.google.com/bot.html)" 
77.88.5.71 - - [24/May/2020:07:25:34 -0700] "GET /2020/refreshing-my-memory HTTP/1.1" 200 9549 "-" "Mozilla/5.0 (compatible; YandexBot/3.0; +http://yandex.com/bots)" 
46.229.168.152 - - [24/May/2020:07:25:43 -0700] "GET /2020/the-technium HTTP/1.1" 200 9571 "-" "Mozilla/5.0 (compatible; SemrushBot/6~bl; +http://www.semrush.com/bot.html)" 
46.229.168.147 - - [24/May/2020:07:27:00 -0700] "GET /2019/tim-harford-should-we-take-a-few-long-holidays-or HTTP/1.1" 200 9648 "-" "Mozilla/5.0 (compatible; SemrushBot/6~bl; +http://www.semrush.com/bot.html)" 
66.249.64.110 - - [24/May/2020:07:27:24 -0700] "GET /2018/blimey-i-just-started-another-coursera-offering-this-morning-and?_t=rss HTTP/1.1" 200 5451 "-" "Mozilla/5.0 (Linux; Android 6.0.1; Nexus 5X Build/MMB29P) AppleWebKit/537.36 (KHTML, like Gecko) Chrome/80.0.3987.92 Mobile Safari/537.36 (compatible; Googlebot/2.1; +http://www.google.com/bot.html)" 
66.249.64.108 - - [24/May/2020:07:27:39 -0700] "GET /view/c17b2df84ceb04bbcbc48cc7f1e35bb4 HTTP/1.1" 200 9725 "-" "Mozilla/5.0 (Linux; Android 6.0.1; Nexus 5X Build/MMB29P) AppleWebKit/537.36 (KHTML, like Gecko) Chrome/80.0.3987.92 Mobile Safari/537.36 (compatible; Googlebot/2.1; +http://www.google.com/bot.html)" 
75.164.251.69 - - [24/May/2020:07:28:17 -0700] "GET /?_t=rss HTTP/1.1" 200 4218 "-" "Mozilla/5.0 (Windows NT 10.0; Win64; x64; rv:76.0) Gecko/20100101 Firefox/76.0" 
96.126.125.129 - - [24/May/2020:07:28:19 -0700] "GET /content/statusupdates/posts/photos/checkins/bookmarkedpages?_t=rss HTTP/1.1" 200 7734 "-" "Micro.blog/1.0" 
46.229.168.151 - - [24/May/2020:07:28:37 -0700] "GET /content/all/?offset=70&q=%23Indieweb HTTP/1.1" 200 12731 "-" "Mozilla/5.0 (compatible; SemrushBot/6~bl; +http://www.semrush.com/bot.html)" 
66.249.64.108 - - [24/May/2020:07:28:39 -0700] "GET /2018/ecce-roma-the-only-city-i-know-of-in-which HTTP/1.1" 200 12940 "-" "Googlebot-Image/1.0" 
64.111.100.215 - - [24/May/2020:07:30:08 -0700] "GET /content/all?_t=rss HTTP/1.1" 200 14465 "-" "Mozilla/5.0 (X11; U; Linux i686; fr; rv:1.9.1.1) Gecko/20090715 Firefox/3.5.1" 
3.92.162.53 - - [24/May/2020:07:30:35 -0700] "GET /content/all?_t=rss HTTP/1.1" 200 7151 "https://www.google.com/" "Mozilla/5.0 (Windows NT 10.0; Win64; x64; rv:72.0) Gecko/20100101 Firefox/72.0" 
54.165.43.238 - - [24/May/2020:07:30:37 -0700] "GET /?_t=rss HTTP/1.1" 200 7360 "-" "glitch-feeder/1.0 (+https://glitch.com/~lmo-feeder)" 
75.164.251.69 - - [24/May/2020:07:30:57 -0700] "GET /?_t=rss HTTP/1.1" 200 7397 "-" "Mozilla/5.0 (Windows NT 10.0; Win64; x64; rv:76.0) Gecko/20100101 Firefox/76.0" 
157.55.39.114 - - [24/May/2020:07:32:34 -0700] "GET /2018/i-dont-follow-dave-winer-religiously-so HTTP/1.1" 200 10429 "-" "Mozilla/5.0 (compatible; bingbot/2.0; +http://www.bing.com/bingbot.htm)" 
46.229.168.151 - - [24/May/2020:07:32:44 -0700] "GET /2017/i-think-ill-wait-until-cleverdevils-memory-thing-tweaks-are HTTP/1.1" 200 9578 "-" "Mozilla/5.0 (compatible; SemrushBot/6~bl; +http://www.semrush.com/bot.html)" 
46.229.168.161 - - [24/May/2020:07:33:17 -0700] "GET /content/all/?q=%23%2B%23WithKnown HTTP/1.1" 200 14566 "-" "Mozilla/5.0 (compatible; SemrushBot/6~bl; +http://www.semrush.com/bot.html)" 
75.164.251.69 - - [24/May/2020:07:33:47 -0700] "GET /?_t=rss HTTP/1.1" 200 4218 "-" "Mozilla/5.0 (Windows NT 10.0; Win64; x64; rv:76.0) Gecko/20100101 Firefox/76.0" 
5.188.210.57 - - [24/May/2020:07:33:56 -0700] "GET /2017/sunday-night-supper-maddhur-jeffrey-lentils-and-gujarati-carrot-salad HTTP/1.0" 200 43018 "https://stream.jeremycherfas.net/2017/sunday-night-supper-maddhur-jeffrey-lentils-and-gujarati-carrot-salad" "Mozilla/5.0 (Windows NT 10.0; Win64; x64) AppleWebKit/537.36 (KHTML, like Gecko) Chrome/64.0.3282.140 Safari/537.36 Edge/17.17134" 
5.188.210.57 - - [24/May/2020:07:33:57 -0700] "POST /comments/post HTTP/1.0" 403 17067 "https://stream.jeremycherfas.net/2017/sunday-night-supper-maddhur-jeffrey-lentils-and-gujarati-carrot-salad" "Mozilla/5.0 (Windows NT 10.0; Win64; x64) AppleWebKit/537.36 (KHTML, like Gecko) Chrome/64.0.3282.140 Safari/537.36 Edge/17.17134" 
46.229.168.163 - - [24/May/2020:07:34:14 -0700] "GET /content/statusupdates/?offset=180 HTTP/1.1" 200 10855 "-" "Mozilla/5.0 (compatible; SemrushBot/6~bl; +http://www.semrush.com/bot.html)" 
114.119.162.106 - - [24/May/2020:07:35:01 -0700] "GET /content/photos?q=%23%2B%23bread&offset=30 HTTP/1.1" 200 12262 "-" "Mozilla/5.0 (Linux; Android 7.0;) AppleWebKit/537.36 (KHTML, like Gecko) Mobile Safari/537.36 (compatible; PetalBot;+https://aspiegel.com/petalbot)" 
46.229.168.147 - - [24/May/2020:07:35:20 -0700] "GET /?offset=2&q=%23podcast HTTP/1.1" 200 12154 "-" "Mozilla/5.0 (compatible; SemrushBot/6~bl; +http://www.semrush.com/bot.html)" 
5.188.210.57 - - [24/May/2020:07:35:21 -0700] "GET /2017/sunday-night-supper-maddhur-jeffrey-lentils-and-gujarati-carrot-salad HTTP/1.1" 200 10659 "-" "Mozilla/5.0 (Windows NT 6.1; Win64; x64; rv:62.0) Gecko/20100101 Firefox/62.0" 
46.229.168.129 - - [24/May/2020:07:35:36 -0700] "GET /2017/the-cost-of-poor-food-safety-practices-36-million-in HTTP/1.1" 200 9868 "-" "Mozilla/5.0 (compatible; SemrushBot/6~bl; +http://www.semrush.com/bot.html)" 
75.164.251.69 - - [24/May/2020:07:36:30 -0700] "GET /?_t=rss HTTP/1.1" 200 7397 "-" "Mozilla/5.0 (Windows NT 10.0; Win64; x64; rv:76.0) Gecko/20100101 Firefox/76.0" 
46.229.168.138 - - [24/May/2020:07:36:47 -0700] "GET /content/all/?offset=110&q=%23indieweb HTTP/1.1" 200 12173 "-" "Mozilla/5.0 (compatible; SemrushBot/6~bl; +http://www.semrush.com/bot.html)" 
66.249.64.178 - - [24/May/2020:07:37:00 -0700] "GET /2017/checked-into-modesto-pettaciaros-farm-at-tratturo-celano-foggia HTTP/1.1" 304 3742 "-" "Mozilla/5.0 (Linux; Android 6.0.1; Nexus 5X Build/MMB29P) AppleWebKit/537.36 (KHTML, like Gecko) Chrome/80.0.3987.92 Mobile Safari/537.36 (compatible; Googlebot/2.1; +http://www.google.com/bot.html)" 
66.249.64.112 - - [24/May/2020:07:37:07 -0700] "GET /view/a500032055a7c0e82606041b949408d2 HTTP/1.1" 200 10453 "-" "Mozilla/5.0 (Linux; Android 6.0.1; Nexus 5X Build/MMB29P) AppleWebKit/537.36 (KHTML, like Gecko) Chrome/80.0.3987.92 Mobile Safari/537.36 (compatible; Googlebot/2.1; +http://www.google.com/bot.html)" 
96.126.125.129 - - [24/May/2020:07:37:46 -0700] "GET /content/statusupdates/posts/photos/checkins/bookmarkedpages?_t=rss HTTP/1.1" 200 7734 "-" "Micro.blog/1.0" 
54.36.148.204 - - [24/May/2020:07:37:56 -0700] "GET /2019/the-ux-design-case-of-closed-captions-for-everyone HTTP/1.1" 200 9386 "-" "Mozilla/5.0 (compatible; AhrefsBot/6.1; +http://ahrefs.com/robot/)" 
40.77.167.26 - - [24/May/2020:07:38:22 -0700] "GET /2019/i-just-backed-bokeh-private-independent-and HTTP/1.1" 200 9736 "-" "Mozilla/5.0 (compatible; bingbot/2.0; +http://www.bing.com/bingbot.htm)" 
46.229.168.140 - - [24/May/2020:07:38:49 -0700] "GET /2017/christmas-fun HTTP/1.1" 200 11145 "-" "Mozilla/5.0 (compatible; SemrushBot/6~bl; +http://www.semrush.com/bot.html)" 
75.164.251.69 - - [24/May/2020:07:39:13 -0700] "GET /?_t=rss HTTP/1.1" 200 4218 "-" "Mozilla/5.0 (Windows NT 10.0; Win64; x64; rv:76.0) Gecko/20100101 Firefox/76.0" 
46.229.168.147 - - [24/May/2020:07:39:50 -0700] "GET /account/password HTTP/1.1" 200 6871 "-" "Mozilla/5.0 (compatible; SemrushBot/6~bl; +http://www.semrush.com/bot.html)" 
46.229.168.161 - - [24/May/2020:07:41:21 -0700] "GET /content/all/?offset=18&q=%23%2B%23rye HTTP/1.1" 200 10967 "-" "Mozilla/5.0 (compatible; SemrushBot/6~bl; +http://www.semrush.com/bot.html)" 
167.172.211.255 - - [24/May/2020:07:41:40 -0700] "GET /?_t=rss HTTP/1.1" 304 3475 "-" "Feedbin feed-id:1536727 - 1 subscribers" 
114.119.162.106 - - [24/May/2020:07:42:14 -0700] "GET /tag/Sourdough?offset=15 HTTP/1.1" 200 11851 "-" "Mozilla/5.0 (Linux; Android 7.0;) AppleWebKit/537.36 (KHTML, like Gecko) Mobile Safari/537.36 (compatible; PetalBot;+https://aspiegel.com/petalbot)" 
75.164.251.69 - - [24/May/2020:07:42:17 -0700] "GET /?_t=rss HTTP/1.1" 200 7397 "-" "Mozilla/5.0 (Windows NT 10.0; Win64; x64; rv:76.0) Gecko/20100101 Firefox/76.0" 
46.229.168.150 - - [24/May/2020:07:43:09 -0700] "GET /content/all/?offset=30&q=%23indieweb HTTP/1.1" 200 13294 "-" "Mozilla/5.0 (compatible; SemrushBot/6~bl; +http://www.semrush.com/bot.html)" 
46.229.168.153 - - [24/May/2020:07:43:19 -0700] "GET /2020/since-getting-a-new-vpn-spotify-thinks HTTP/1.1" 200 9501 "-" "Mozilla/5.0 (compatible; SemrushBot/6~bl; +http://www.semrush.com/bot.html)" 
157.55.39.114 - - [24/May/2020:07:44:00 -0700] "GET /2018/another-reason-to-love-rss-or-feeds HTTP/1.1" 200 10233 "-" "Mozilla/5.0 (compatible; bingbot/2.0; +http://www.bing.com/bingbot.htm)" 
46.229.168.162 - - [24/May/2020:07:44:43 -0700] "GET /content/bookmarkedpages/?q=%23%2B%23e HTTP/1.1" 200 8509 "-" "Mozilla/5.0 (compatible; SemrushBot/6~bl; +http://www.semrush.com/bot.html)" 
75.164.251.69 - - [24/May/2020:07:45:06 -0700] "GET /?_t=rss HTTP/1.1" 200 4218 "-" "Mozilla/5.0 (Windows NT 10.0; Win64; x64; rv:76.0) Gecko/20100101 Firefox/76.0" 
96.126.125.129 - - [24/May/2020:07:45:08 -0700] "GET /content/statusupdates/posts/photos/checkins/bookmarkedpages?_t=rss HTTP/1.1" 200 7734 "-" "Micro.blog/1.0" 
64.111.100.215 - - [24/May/2020:07:45:16 -0700] "GET /content/all?_t=rss HTTP/1.1" 200 14465 "-" "Mozilla/5.0 (X11; U; Linux i686; fr; rv:1.9.1.1) Gecko/20090715 Firefox/3.5.1" 
46.229.168.138 - - [24/May/2020:07:45:36 -0700] "GET /content/statusupdates/?offset=32&q=%23%2B%23indieweb HTTP/1.1" 200 8747 "-" "Mozilla/5.0 (compatible; SemrushBot/6~bl; +http://www.semrush.com/bot.html)" 
66.249.64.108 - - [24/May/2020:07:46:35 -0700] "GET /view/627044f7c7008a1ef3777e50165501d8 HTTP/1.1" 200 14650 "-" "Mozilla/5.0 (Linux; Android 6.0.1; Nexus 5X Build/MMB29P) AppleWebKit/537.36 (KHTML, like Gecko) Chrome/80.0.3987.92 Mobile Safari/537.36 (compatible; Googlebot/2.1; +http://www.google.com/bot.html)" 
75.164.251.69 - - [24/May/2020:07:47:41 -0700] "GET /?_t=rss HTTP/1.1" 200 7397 "-" "Mozilla/5.0 (Windows NT 10.0; Win64; x64; rv:76.0) Gecko/20100101 Firefox/76.0" 
209.17.96.218 - - [24/May/2020:07:47:45 -0700] "GET / HTTP/1.1" 200 56951 "-" "Mozilla/5.0 (compatible; Nimbostratus-Bot/v1.3.2; http://cloudsystemnetworks.com)" 
46.5.154.208 - - [24/May/2020:07:48:33 -0700] "GET /2019/the-plain-text-life-note-taking-writing-and-life-organization HTTP/1.1" 200 9612 "https://www.google.com/" "Mozilla/5.0 (Linux; Android 4.4.3; KFTHWI Build/KTU84M) AppleWebKit/537.36 (KHTML, like Gecko) Chrome/67.0.3396.81 Safari/537.36" 
46.5.154.208 - - [24/May/2020:07:48:34 -0700] "GET /vendor/npm-asset/jquery/dist/jquery.min.js HTTP/1.1" 200 32009 "https://www.stream.jeremycherfas.net/2019/the-plain-text-life-note-taking-writing-and-life-organization" "Mozilla/5.0 (Linux; Android 4.4.3; KFTHWI Build/KTU84M) AppleWebKit/537.36 (KHTML, like Gecko) Chrome/67.0.3396.81 Safari/537.36" 
46.5.154.208 - - [24/May/2020:07:48:34 -0700] "GET /vendor/twbs/bootstrap/dist/css/bootstrap.min.css HTTP/1.1" 200 24094 "https://www.stream.jeremycherfas.net/2019/the-plain-text-life-note-taking-writing-and-life-organization" "Mozilla/5.0 (Linux; Android 4.4.3; KFTHWI Build/KTU84M) AppleWebKit/537.36 (KHTML, like Gecko) Chrome/67.0.3396.81 Safari/537.36" 
46.5.154.208 - - [24/May/2020:07:48:34 -0700] "GET /vendor/npm-asset/bootstrap-accessibility-plugin/plugins/css/bootstrap-accessibility.css HTTP/1.1" 200 1159 "https://www.stream.jeremycherfas.net/2019/the-plain-text-life-note-taking-writing-and-life-organization" "Mozilla/5.0 (Linux; Android 4.4.3; KFTHWI Build/KTU84M) AppleWebKit/537.36 (KHTML, like Gecko) Chrome/67.0.3396.81 Safari/537.36" 
46.5.154.208 - - [24/May/2020:07:48:34 -0700] "GET /vendor/forkawesome/fork-awesome/css/fork-awesome.min.css HTTP/1.1" 200 8923 "https://www.stream.jeremycherfas.net/2019/the-plain-text-life-note-taking-writing-and-life-organization" "Mozilla/5.0 (Linux; Android 4.4.3; KFTHWI Build/KTU84M) AppleWebKit/537.36 (KHTML, like Gecko) Chrome/67.0.3396.81 Safari/537.36" 
46.5.154.208 - - [24/May/2020:07:48:34 -0700] "GET /vendor/forkawesome/fork-awesome/css/v5-compat.min.css HTTP/1.1" 200 2616 "https://www.stream.jeremycherfas.net/2019/the-plain-text-life-note-taking-writing-and-life-organization" "Mozilla/5.0 (Linux; Android 4.4.3; KFTHWI Build/KTU84M) AppleWebKit/537.36 (KHTML, like Gecko) Chrome/67.0.3396.81 Safari/537.36" 
46.5.154.208 - - [24/May/2020:07:48:34 -0700] "GET /css/1579440965/known.min.css HTTP/1.1" 200 7758 "https://www.stream.jeremycherfas.net/2019/the-plain-text-life-note-taking-writing-and-life-organization" "Mozilla/5.0 (Linux; Android 4.4.3; KFTHWI Build/KTU84M) AppleWebKit/537.36 (KHTML, like Gecko) Chrome/67.0.3396.81 Safari/537.36" 
46.5.154.208 - - [24/May/2020:07:48:34 -0700] "GET /vendor/npm-asset/bootstrap-toggle/css/bootstrap-toggle.min.css HTTP/1.1" 200 1061 "https://www.stream.jeremycherfas.net/2019/the-plain-text-life-note-taking-writing-and-life-organization" "Mozilla/5.0 (Linux; Android 4.4.3; KFTHWI Build/KTU84M) AppleWebKit/537.36 (KHTML, like Gecko) Chrome/67.0.3396.81 Safari/537.36" 
46.5.154.208 - - [24/May/2020:07:48:34 -0700] "GET /vendor/idno/mentionjs/recommended-styles.css HTTP/1.1" 200 682 "https://www.stream.jeremycherfas.net/2019/the-plain-text-life-note-taking-writing-and-life-organization" "Mozilla/5.0 (Linux; Android 4.4.3; KFTHWI Build/KTU84M) AppleWebKit/537.36 (KHTML, like Gecko) Chrome/67.0.3396.81 Safari/537.36" 
46.5.154.208 - - [24/May/2020:07:48:34 -0700] "GET /IdnoPlugins/Checkin/external/leaflet/leaflet.min.css HTTP/1.1" 200 2556 "https://www.stream.jeremycherfas.net/2019/the-plain-text-life-note-taking-writing-and-life-organization" "Mozilla/5.0 (Linux; Android 4.4.3; KFTHWI Build/KTU84M) AppleWebKit/537.36 (KHTML, like Gecko) Chrome/67.0.3396.81 Safari/537.36" 
46.5.154.208 - - [24/May/2020:07:48:34 -0700] "GET /Themes/Solo/css/default.min.css HTTP/1.1" 200 1045 "https://www.stream.jeremycherfas.net/2019/the-plain-text-life-note-taking-writing-and-life-organization" "Mozilla/5.0 (Linux; Android 4.4.3; KFTHWI Build/KTU84M) AppleWebKit/537.36 (KHTML, like Gecko) Chrome/67.0.3396.81 Safari/537.36" 
46.5.154.208 - - [24/May/2020:07:48:34 -0700] "GET /vendor/npm-asset/mediaelement/build/mediaelementplayer.min.css HTTP/1.1" 200 3120 "https://www.stream.jeremycherfas.net/2019/the-plain-text-life-note-taking-writing-and-life-organization" "Mozilla/5.0 (Linux; Android 4.4.3; KFTHWI Build/KTU84M) AppleWebKit/537.36 (KHTML, like Gecko) Chrome/67.0.3396.81 Safari/537.36" 
46.5.154.208 - - [24/May/2020:07:48:34 -0700] "GET /vendor/twbs/bootstrap/dist/js/bootstrap.min.js HTTP/1.1" 200 11635 "https://www.stream.jeremycherfas.net/2019/the-plain-text-life-note-taking-writing-and-life-organization" "Mozilla/5.0 (Linux; Android 4.4.3; KFTHWI Build/KTU84M) AppleWebKit/537.36 (KHTML, like Gecko) Chrome/67.0.3396.81 Safari/537.36" 
46.5.154.208 - - [24/May/2020:07:48:34 -0700] "GET /vendor/npm-asset/bootstrap-accessibility-plugin/plugins/js/bootstrap-accessibility.min.js HTTP/1.1" 200 4951 "https://www.stream.jeremycherfas.net/2019/the-plain-text-life-note-taking-writing-and-life-organization" "Mozilla/5.0 (Linux; Android 4.4.3; KFTHWI Build/KTU84M) AppleWebKit/537.36 (KHTML, like Gecko) Chrome/67.0.3396.81 Safari/537.36" 
46.5.154.208 - - [24/May/2020:07:48:34 -0700] "GET /js/1579440966/known.min.js HTTP/1.1" 200 5062 "https://www.stream.jeremycherfas.net/2019/the-plain-text-life-note-taking-writing-and-life-organization" "Mozilla/5.0 (Linux; Android 4.4.3; KFTHWI Build/KTU84M) AppleWebKit/537.36 (KHTML, like Gecko) Chrome/67.0.3396.81 Safari/537.36" 
46.5.154.208 - - [24/May/2020:07:48:34 -0700] "GET /vendor/npm-asset/bootstrap-toggle/js/bootstrap-toggle.js HTTP/1.1" 200 2244 "https://www.stream.jeremycherfas.net/2019/the-plain-text-life-note-taking-writing-and-life-organization" "Mozilla/5.0 (Linux; Android 4.4.3; KFTHWI Build/KTU84M) AppleWebKit/537.36 (KHTML, like Gecko) Chrome/67.0.3396.81 Safari/537.36" 
46.5.154.208 - - [24/May/2020:07:48:34 -0700] "GET /IdnoPlugins/Checkin/external/leaflet/leaflet.js HTTP/1.1" 200 34144 "https://www.stream.jeremycherfas.net/2019/the-plain-text-life-note-taking-writing-and-life-organization" "Mozilla/5.0 (Linux; Android 4.4.3; KFTHWI Build/KTU84M) AppleWebKit/537.36 (KHTML, like Gecko) Chrome/67.0.3396.81 Safari/537.36" 
46.5.154.208 - - [24/May/2020:07:48:34 -0700] "GET /IdnoPlugins/Checkin/external/stamen-maps/tile.stamen.min.js HTTP/1.1" 200 2065 "https://www.stream.jeremycherfas.net/2019/the-plain-text-life-note-taking-writing-and-life-organization" "Mozilla/5.0 (Linux; Android 4.4.3; KFTHWI Build/KTU84M) AppleWebKit/537.36 (KHTML, like Gecko) Chrome/67.0.3396.81 Safari/537.36" 
46.5.154.208 - - [24/May/2020:07:48:34 -0700] "GET /IdnoPlugins/Media/external/wavesurfer/dist/wavesurfer.min.js HTTP/1.1" 200 6858 "https://www.stream.jeremycherfas.net/2019/the-plain-text-life-note-taking-writing-and-life-organization" "Mozilla/5.0 (Linux; Android 4.4.3; KFTHWI Build/KTU84M) AppleWebKit/537.36 (KHTML, like Gecko) Chrome/67.0.3396.81 Safari/537.36" 
46.5.154.208 - - [24/May/2020:07:48:34 -0700] "GET /vendor/npm-asset/vanilla-fitvids/jquery.fitvids.js HTTP/1.1" 200 1873 "https://www.stream.jeremycherfas.net/2019/the-plain-text-life-note-taking-writing-and-life-organization" "Mozilla/5.0 (Linux; Android 4.4.3; KFTHWI Build/KTU84M) AppleWebKit/537.36 (KHTML, like Gecko) Chrome/67.0.3396.81 Safari/537.36" 
46.5.154.208 - - [24/May/2020:07:48:34 -0700] "GET /vendor/npm-asset/mediaelement/build/mediaelement-and-player.min.js HTTP/1.1" 200 41590 "https://www.stream.jeremycherfas.net/2019/the-plain-text-life-note-taking-writing-and-life-organization" "Mozilla/5.0 (Linux; Android 4.4.3; KFTHWI Build/KTU84M) AppleWebKit/537.36 (KHTML, like Gecko) Chrome/67.0.3396.81 Safari/537.36" 
46.5.154.208 - - [24/May/2020:07:48:35 -0700] "GET /vendor/rmm5t/jquery-timeago/jquery.timeago.js HTTP/1.1" 200 3015 "https://www.stream.jeremycherfas.net/2019/the-plain-text-life-note-taking-writing-and-life-organization" "Mozilla/5.0 (Linux; Android 4.4.3; KFTHWI Build/KTU84M) AppleWebKit/537.36 (KHTML, like Gecko) Chrome/67.0.3396.81 Safari/537.36" 
46.5.154.208 - - [24/May/2020:07:48:35 -0700] "GET /vendor/rmm5t/jquery-timeago/locales/jquery.timeago.en.js HTTP/1.1" 200 886 "https://www.stream.jeremycherfas.net/2019/the-plain-text-life-note-taking-writing-and-life-organization" "Mozilla/5.0 (Linux; Android 4.4.3; KFTHWI Build/KTU84M) AppleWebKit/537.36 (KHTML, like Gecko) Chrome/67.0.3396.81 Safari/537.36" 
46.5.154.208 - - [24/May/2020:07:48:35 -0700] "GET /vendor/npm-asset/underscore/underscore-min.js HTTP/1.1" 200 7059 "https://www.stream.jeremycherfas.net/2019/the-plain-text-life-note-taking-writing-and-life-organization" "Mozilla/5.0 (Linux; Android 4.4.3; KFTHWI Build/KTU84M) AppleWebKit/537.36 (KHTML, like Gecko) Chrome/67.0.3396.81 Safari/537.36" 
