5.188.84.25 - - [05/Mar/2020:17:56:58 -0800] "GET /2013/pasta-madre-day-2013/ HTTP/1.0" 200 32926 "https://www.fornacalia.com/2013/pasta-madre-day-2013/#comment-1801/" "Mozilla/5.0 (Windows NT 6.1; Win64; x64) AppleWebKit/537.36 (KHTML, like Gecko) Chrome/67.0.3396.79 Safari/537.36" 
5.188.84.25 - - [05/Mar/2020:17:56:59 -0800] "POST /wp-comments-post.php HTTP/1.0" 302 4061 "https://www.fornacalia.com/2013/pasta-madre-day-2013/#comment-1801/" "Mozilla/5.0 (Windows NT 6.1; Win64; x64) AppleWebKit/537.36 (KHTML, like Gecko) Chrome/67.0.3396.79 Safari/537.36" 
5.188.84.15 - - [05/Mar/2020:18:05:28 -0800] "GET /2013/pasta-madre-day-2013/ HTTP/1.0" 200 32926 "https://www.fornacalia.com/2013/pasta-madre-day-2013/#comment-1801/" "Mozilla/5.0 (Windows NT 10.0; Win64; x64) AppleWebKit/537.36 (KHTML, like Gecko) Chrome/68.0.3440.106 Safari/537.36 OPR/55.0.2994.44" 
5.188.84.15 - - [05/Mar/2020:18:05:29 -0800] "POST /wp-comments-post.php HTTP/1.0" 302 4061 "https://www.fornacalia.com/2013/pasta-madre-day-2013/#comment-1801/" "Mozilla/5.0 (Windows NT 10.0; Win64; x64) AppleWebKit/537.36 (KHTML, like Gecko) Chrome/68.0.3440.106 Safari/537.36 OPR/55.0.2994.44" 
5.188.84.45 - - [05/Mar/2020:18:06:31 -0800] "GET /2013/pasta-madre-day-2013/ HTTP/1.0" 200 32926 "https://www.fornacalia.com/2013/pasta-madre-day-2013/#comment-1801/" "Mozilla/5.0 (Windows NT 6.3; Win64; x64) AppleWebKit/537.36 (KHTML, like Gecko) Chrome/67.0.3396.99 Safari/537.36" 
5.188.84.45 - - [05/Mar/2020:18:06:32 -0800] "POST /wp-comments-post.php HTTP/1.0" 302 4061 "https://www.fornacalia.com/2013/pasta-madre-day-2013/#comment-1801/" "Mozilla/5.0 (Windows NT 6.3; Win64; x64) AppleWebKit/537.36 (KHTML, like Gecko) Chrome/67.0.3396.99 Safari/537.36" 
77.75.79.109 - - [05/Mar/2020:18:08:17 -0800] "GET /robots.txt HTTP/1.1" 200 4295 "-" "Mozilla/5.0 (compatible; SeznamBot/3.2; +http://napoveda.seznam.cz/en/seznambot-intro/)" 
77.75.79.109 - - [05/Mar/2020:18:08:18 -0800] "GET /17/trackback/ HTTP/1.1" 302 4417 "-" "Mozilla/5.0 (compatible; SeznamBot/3.2; +http://napoveda.seznam.cz/en/seznambot-intro/)" 
5.188.84.233 - - [05/Mar/2020:18:09:09 -0800] "GET /2013/pasta-madre-day-2013/ HTTP/1.0" 200 32926 "https://www.fornacalia.com/2013/pasta-madre-day-2013/#comment-1801/" "Mozilla/5.0 (Windows NT 6.1; Win64; x64) AppleWebKit/537.36 (KHTML, like Gecko) Chrome/67.0.3396.99 Safari/537.36" 
5.188.84.233 - - [05/Mar/2020:18:09:10 -0800] "POST /wp-comments-post.php HTTP/1.0" 302 4061 "https://www.fornacalia.com/2013/pasta-madre-day-2013/#comment-1801/" "Mozilla/5.0 (Windows NT 6.1; Win64; x64) AppleWebKit/537.36 (KHTML, like Gecko) Chrome/67.0.3396.99 Safari/537.36" 
66.249.66.11 - - [05/Mar/2020:18:13:03 -0800] "GET /ads.txt HTTP/1.1" 301 3956 "-" "Mozilla/5.0 (compatible; Googlebot/2.1; +http://www.google.com/bot.html)" 
66.249.66.9 - - [05/Mar/2020:18:13:03 -0800] "GET /robots.txt HTTP/1.1" 301 3962 "-" "Mozilla/5.0 (compatible; Googlebot/2.1; +http://www.google.com/bot.html)" 
66.249.66.45 - - [05/Mar/2020:18:13:04 -0800] "GET /robots.txt HTTP/1.1" 200 4290 "-" "Mozilla/5.0 (compatible; Googlebot/2.1; +http://www.google.com/bot.html)" 
66.249.66.45 - - [05/Mar/2020:18:13:04 -0800] "GET /ads.txt HTTP/1.1" 404 6711 "-" "Mozilla/5.0 (compatible; Googlebot/2.1; +http://www.google.com/bot.html)" 
54.36.148.10 - - [05/Mar/2020:18:18:41 -0800] "GET /robots.txt HTTP/1.1" 200 4039 "-" "Mozilla/5.0 (compatible; AhrefsBot/6.1; +http://ahrefs.com/robot/)" 
54.36.150.162 - - [05/Mar/2020:18:18:42 -0800] "GET /10-150x112/ HTTP/1.1" 200 10077 "-" "Mozilla/5.0 (compatible; AhrefsBot/6.1; +http://ahrefs.com/robot/)" 
66.249.66.45 - - [05/Mar/2020:18:24:35 -0800] "GET /2015/me-and-burnt-flour/ HTTP/1.1" 200 12490 "-" "Mozilla/5.0 (Linux; Android 6.0.1; Nexus 5X Build/MMB29P) AppleWebKit/537.36 (KHTML, like Gecko) Chrome/41.0.2272.96 Mobile Safari/537.36 (compatible; Googlebot/2.1; +http://www.google.com/bot.html)" 
206.189.164.226 - - [05/Mar/2020:18:27:19 -0800] "GET /wp-login.php HTTP/1.1" 200 4828 "-" "Mozilla/5.0 (X11; Ubuntu; Linux x86_64; rv:62.0) Gecko/20100101 Firefox/62.0" 
206.189.164.226 - - [05/Mar/2020:18:27:19 -0800] "POST /wp-login.php HTTP/1.1" 200 5221 "-" "Mozilla/5.0 (X11; Ubuntu; Linux x86_64; rv:62.0) Gecko/20100101 Firefox/62.0" 
206.189.164.226 - - [05/Mar/2020:18:27:24 -0800] "POST /xmlrpc.php HTTP/1.1" 200 3695 "-" "Mozilla/5.0 (X11; Ubuntu; Linux x86_64; rv:62.0) Gecko/20100101 Firefox/62.0" 
94.139.226.129 - - [05/Mar/2020:18:32:57 -0800] "GET /2013/pasta-madre-day-2013/ HTTP/1.0" 200 32926 "https://www.fornacalia.com/2013/pasta-madre-day-2013/#comment-27236/" "Mozilla/5.0 (Windows NT 6.1; WOW64) AppleWebKit/537.36 (KHTML, like Gecko) Chrome/66.0.3359.170 Safari/537.36 OPR/53.0.2907.99" 
94.139.226.129 - - [05/Mar/2020:18:32:58 -0800] "POST /wp-comments-post.php HTTP/1.0" 302 4061 "https://www.fornacalia.com/2013/pasta-madre-day-2013/#comment-27236/" "Mozilla/5.0 (Windows NT 6.1; WOW64) AppleWebKit/537.36 (KHTML, like Gecko) Chrome/66.0.3359.170 Safari/537.36 OPR/53.0.2907.99" 
94.139.226.129 - - [05/Mar/2020:18:32:59 -0800] "GET /2013/pasta-madre-day-2013/ HTTP/1.0" 200 32926 "https://www.fornacalia.com/2013/pasta-madre-day-2013/#comment-28154" "Mozilla/5.0 (Windows NT 6.1; WOW64) AppleWebKit/537.36 (KHTML, like Gecko) Chrome/66.0.3359.170 Safari/537.36 OPR/53.0.2907.99" 
207.46.13.58 - - [05/Mar/2020:18:34:35 -0800] "GET /2014/another-kalonji-bread-to-bump-me-out-of-my-rut/ HTTP/1.1" 200 12374 "-" "Mozilla/5.0 (compatible; bingbot/2.0; +http://www.bing.com/bingbot.htm)" 
54.36.150.62 - - [05/Mar/2020:18:38:53 -0800] "GET /16-298x300/ HTTP/1.1" 200 10094 "-" "Mozilla/5.0 (compatible; AhrefsBot/6.1; +http://ahrefs.com/robot/)" 
207.46.13.2 - - [05/Mar/2020:18:41:50 -0800] "GET /2019/the-future-of-bread-a-course-in-wales/ HTTP/1.1" 200 12737 "-" "Mozilla/5.0 (compatible; bingbot/2.0; +http://www.bing.com/bingbot.htm)" 
64.111.100.215 - - [05/Mar/2020:18:41:50 -0800] "POST /wp-cron.php?doing_wp_cron=1583462510.6436328887939453125000 HTTP/1.1" 200 3492 "https://www.fornacalia.com/wp-cron.php?doing_wp_cron=1583462510.6436328887939453125000" "WordPress/5.2.5; https://www.fornacalia.com" 
5.188.84.80 - - [05/Mar/2020:18:43:46 -0800] "GET /2013/pasta-madre-day-2013/ HTTP/1.0" 200 32926 "https://www.fornacalia.com/2013/pasta-madre-day-2013/#comment-1801/" "Mozilla/5.0 (Windows NT 6.1; Win64; x64) AppleWebKit/537.36 (KHTML, like Gecko) Chrome/66.0.3359.170 Safari/537.36 OPR/53.0.2907.68" 
5.188.84.80 - - [05/Mar/2020:18:43:47 -0800] "POST /wp-comments-post.php HTTP/1.0" 302 4061 "https://www.fornacalia.com/2013/pasta-madre-day-2013/#comment-1801/" "Mozilla/5.0 (Windows NT 6.1; Win64; x64) AppleWebKit/537.36 (KHTML, like Gecko) Chrome/66.0.3359.170 Safari/537.36 OPR/53.0.2907.68" 
40.77.167.207 - - [05/Mar/2020:18:44:09 -0800] "GET /wp-includes/js/mediaelement/wp-mediaelement.min.js?ver=5.2.5 HTTP/1.1" 200 4278 "-" "msnbot/2.0b (+http://search.msn.com/msnbot.htm)" 
207.46.13.2 - - [05/Mar/2020:18:44:18 -0800] "GET /wp-includes/js/jquery/jquery-migrate.min.js?ver=1.4.1 HTTP/1.1" 200 7873 "-" "msnbot/2.0b (+http://search.msn.com/msnbot.htm)" 
157.55.39.225 - - [05/Mar/2020:18:44:13 -0800] "GET /wp-content/uploads/2018/02/2018-02-09-11.02.37.mp4?_=1 HTTP/1.1" 200 12179266 "-" "msnbot/2.0b (+http://search.msn.com/msnbot.htm)" 
149.129.104.140 - - [05/Mar/2020:18:44:23 -0800] "GET /wp-login.php HTTP/1.1" 200 4809 "-" "Mozilla/5.0 (Windows NT 6.1) AppleWebKit/537.36 (KHTML, like Gecko) Chrome/63.0.3239.84 Safari/537.36" 
149.129.104.140 - - [05/Mar/2020:18:44:24 -0800] "POST /wp-login.php HTTP/1.1" 200 2128 "-" "Mozilla/5.0 (Windows NT 6.1) AppleWebKit/537.36 (KHTML, like Gecko) Chrome/63.0.3239.84 Safari/537.36" 
157.55.39.225 - - [05/Mar/2020:18:44:29 -0800] "GET /wp-includes/js/comment-reply.min.js?ver=5.2.5 HTTP/1.1" 200 4891 "-" "msnbot/2.0b (+http://search.msn.com/msnbot.htm)" 
157.55.39.225 - - [05/Mar/2020:18:44:29 -0800] "GET /wp-includes/js/mediaelement/mediaelementplayer-legacy.min.css?ver=4.2.6-78496d1 HTTP/1.1" 200 3102 "-" "msnbot/2.0b (+http://search.msn.com/msnbot.htm)" 
5.188.84.80 - - [05/Mar/2020:18:45:47 -0800] "GET /2013/pasta-madre-day-2013/ HTTP/1.0" 200 32926 "https://www.fornacalia.com/2013/pasta-madre-day-2013/#comment-1801/" "Mozilla/5.0 (Windows NT 10.0; Win64; x64) AppleWebKit/537.36 (KHTML, like Gecko) Chrome/67.0.3396.87 Safari/537.36 OPR/54.0.2952.71" 
5.188.84.80 - - [05/Mar/2020:18:45:48 -0800] "POST /wp-comments-post.php HTTP/1.0" 302 4061 "https://www.fornacalia.com/2013/pasta-madre-day-2013/#comment-1801/" "Mozilla/5.0 (Windows NT 10.0; Win64; x64) AppleWebKit/537.36 (KHTML, like Gecko) Chrome/67.0.3396.87 Safari/537.36 OPR/54.0.2952.71" 
5.188.84.65 - - [05/Mar/2020:18:50:10 -0800] "GET /2013/pasta-madre-day-2013/ HTTP/1.0" 200 32926 "https://www.fornacalia.com/2013/pasta-madre-day-2013/#comment-1801/" "Mozilla/5.0 (Windows NT 6.1) AppleWebKit/537.36 (KHTML, like Gecko) Chrome/67.0.3396.99 Safari/537.36" 
5.188.84.65 - - [05/Mar/2020:18:50:11 -0800] "POST /wp-comments-post.php HTTP/1.0" 302 4061 "https://www.fornacalia.com/2013/pasta-madre-day-2013/#comment-1801/" "Mozilla/5.0 (Windows NT 6.1) AppleWebKit/537.36 (KHTML, like Gecko) Chrome/67.0.3396.99 Safari/537.36" 
195.154.35.120 - - [05/Mar/2020:18:56:50 -0800] "GET /wp-login.php HTTP/1.1" 200 4828 "-" "Mozilla/5.0 (X11; Ubuntu; Linux x86_64; rv:62.0) Gecko/20100101 Firefox/62.0" 
195.154.35.120 - - [05/Mar/2020:18:56:51 -0800] "POST /wp-login.php HTTP/1.1" 200 5221 "-" "Mozilla/5.0 (X11; Ubuntu; Linux x86_64; rv:62.0) Gecko/20100101 Firefox/62.0" 
195.154.35.120 - - [05/Mar/2020:18:56:52 -0800] "POST /xmlrpc.php HTTP/1.1" 200 3695 "-" "Mozilla/5.0 (X11; Ubuntu; Linux x86_64; rv:62.0) Gecko/20100101 Firefox/62.0" 
5.188.84.65 - - [05/Mar/2020:18:58:03 -0800] "GET /2013/pasta-madre-day-2013/ HTTP/1.0" 200 32926 "https://www.fornacalia.com/2013/pasta-madre-day-2013/#comment-1801/" "Mozilla/5.0 (Windows NT 6.3; Win64; x64) AppleWebKit/537.36 (KHTML, like Gecko) Chrome/68.0.3440.84 Safari/537.36" 
5.188.84.65 - - [05/Mar/2020:18:58:04 -0800] "POST /wp-comments-post.php HTTP/1.0" 302 4061 "https://www.fornacalia.com/2013/pasta-madre-day-2013/#comment-1801/" "Mozilla/5.0 (Windows NT 6.3; Win64; x64) AppleWebKit/537.36 (KHTML, like Gecko) Chrome/68.0.3440.84 Safari/537.36" 
5.188.84.35 - - [05/Mar/2020:19:09:16 -0800] "GET /2013/pasta-madre-day-2013/ HTTP/1.0" 200 32926 "https://www.fornacalia.com/2013/pasta-madre-day-2013/#comment-1801/" "Mozilla/5.0 (Windows NT 10.0; Win64; x64) AppleWebKit/537.36 (KHTML, like Gecko) Chrome/67.0.3396.87 Safari/537.36" 
5.188.84.35 - - [05/Mar/2020:19:09:17 -0800] "POST /wp-comments-post.php HTTP/1.0" 302 4061 "https://www.fornacalia.com/2013/pasta-madre-day-2013/#comment-1801/" "Mozilla/5.0 (Windows NT 10.0; Win64; x64) AppleWebKit/537.36 (KHTML, like Gecko) Chrome/67.0.3396.87 Safari/537.36" 
192.241.151.151 - - [05/Mar/2020:19:09:52 -0800] "GET /wp-login.php HTTP/1.1" 200 4809 "-" "Mozilla/5.0 (Windows NT 6.1) AppleWebKit/537.36 (KHTML, like Gecko) Chrome/63.0.3239.84 Safari/537.36" 
192.241.151.151 - - [05/Mar/2020:19:09:52 -0800] "POST /wp-login.php HTTP/1.1" 200 2128 "-" "Mozilla/5.0 (Windows NT 6.1) AppleWebKit/537.36 (KHTML, like Gecko) Chrome/63.0.3239.84 Safari/537.36" 
17.58.96.249 - - [05/Mar/2020:19:13:01 -0800] "GET /author/jeremy HTTP/1.1" 301 4015 "-" "Mozilla/5.0 (Macintosh; Intel Mac OS X 10_10_1) AppleWebKit/600.2.5 (KHTML, like Gecko) Version/8.0.2 Safari/600.2.5 (Applebot/0.1; +http://www.apple.com/go/applebot)" 
17.58.96.249 - - [05/Mar/2020:19:13:01 -0800] "GET /author/jeremy/ HTTP/1.1" 200 14072 "-" "Mozilla/5.0 (Macintosh; Intel Mac OS X 10_10_1) AppleWebKit/600.2.5 (KHTML, like Gecko) Version/8.0.2 Safari/600.2.5 (Applebot/0.1; +http://www.apple.com/go/applebot)" 
51.91.196.150 - - [05/Mar/2020:19:19:02 -0800] "GET /baked/ HTTP/1.1" 200 10361 "https://www.fornacalia.com" "Mozilla/5.0 (Windows NT 10.0; Win64; x64) AppleWebKit/537.36 (KHTML, like Gecko) Chrome/62.0.3202.94 Safari/537.36" 
51.91.196.150 - - [05/Mar/2020:19:19:03 -0800] "POST /wp-comments-post.php HTTP/1.1" 302 4210 "https://www.fornacalia.com" "Mozilla/5.0 (Windows NT 10.0; Win64; x64) AppleWebKit/537.36 (KHTML, like Gecko) Chrome/62.0.3202.94 Safari/537.36" 
51.91.196.150 - - [05/Mar/2020:19:19:04 -0800] "GET /baked/ HTTP/1.1" 200 10376 "https://www.fornacalia.com" "Mozilla/4.0 (compatible; MSIE 6.0; Windows NT 5.1; en) Opera 8.50" 
5.188.84.15 - - [05/Mar/2020:19:19:28 -0800] "GET /2013/pasta-madre-day-2013/ HTTP/1.0" 200 32926 "https://www.fornacalia.com/2013/pasta-madre-day-2013/#comment-1801/" "Mozilla/5.0 (Windows NT 10.0; Win64; x64) AppleWebKit/537.36 (KHTML, like Gecko) Chrome/67.0.3396.87 Safari/537.36" 
5.188.84.15 - - [05/Mar/2020:19:19:29 -0800] "POST /wp-comments-post.php HTTP/1.0" 302 4061 "https://www.fornacalia.com/2013/pasta-madre-day-2013/#comment-1801/" "Mozilla/5.0 (Windows NT 10.0; Win64; x64) AppleWebKit/537.36 (KHTML, like Gecko) Chrome/67.0.3396.87 Safari/537.36" 
5.188.84.25 - - [05/Mar/2020:19:25:09 -0800] "GET /2013/pasta-madre-day-2013/ HTTP/1.0" 200 32926 "https://www.fornacalia.com/2013/pasta-madre-day-2013/#comment-1801/" "Mozilla/5.0 (Windows NT 6.3; Win64; x64) AppleWebKit/537.36 (KHTML, like Gecko) Chrome/66.0.3359.181 Safari/537.36" 
5.188.84.25 - - [05/Mar/2020:19:25:11 -0800] "POST /wp-comments-post.php HTTP/1.0" 302 4061 "https://www.fornacalia.com/2013/pasta-madre-day-2013/#comment-1801/" "Mozilla/5.0 (Windows NT 6.3; Win64; x64) AppleWebKit/537.36 (KHTML, like Gecko) Chrome/66.0.3359.181 Safari/537.36" 
5.188.84.233 - - [05/Mar/2020:19:25:34 -0800] "GET /2013/pasta-madre-day-2013/ HTTP/1.0" 200 32926 "https://www.fornacalia.com/2013/pasta-madre-day-2013/#comment-1801/" "Mozilla/5.0 (Windows NT 6.1; Win64; x64) AppleWebKit/537.36 (KHTML, like Gecko) Chrome/68.0.3440.84 Safari/537.36" 
5.188.84.233 - - [05/Mar/2020:19:25:35 -0800] "POST /wp-comments-post.php HTTP/1.0" 302 4061 "https://www.fornacalia.com/2013/pasta-madre-day-2013/#comment-1801/" "Mozilla/5.0 (Windows NT 6.1; Win64; x64) AppleWebKit/537.36 (KHTML, like Gecko) Chrome/68.0.3440.84 Safari/537.36" 
165.22.94.219 - - [05/Mar/2020:19:26:07 -0800] "GET /wp-login.php HTTP/1.1" 200 4828 "-" "Mozilla/5.0 (X11; Ubuntu; Linux x86_64; rv:62.0) Gecko/20100101 Firefox/62.0" 
165.22.94.219 - - [05/Mar/2020:19:26:07 -0800] "POST /wp-login.php HTTP/1.1" 200 5221 "-" "Mozilla/5.0 (X11; Ubuntu; Linux x86_64; rv:62.0) Gecko/20100101 Firefox/62.0" 
165.22.94.219 - - [05/Mar/2020:19:26:08 -0800] "POST /xmlrpc.php HTTP/1.1" 200 3695 "-" "Mozilla/5.0 (X11; Ubuntu; Linux x86_64; rv:62.0) Gecko/20100101 Firefox/62.0" 
77.75.76.167 - - [05/Mar/2020:19:26:21 -0800] "GET /robots.txt HTTP/1.1" 200 4295 "-" "Mozilla/5.0 (compatible; SeznamBot/3.2; +http://napoveda.seznam.cz/en/seznambot-intro/)" 
77.75.76.167 - - [05/Mar/2020:19:26:26 -0800] "GET /wp-content/uploads/2020/01/fifth-build.jpg HTTP/1.1" 304 3586 "-" "Mozilla/5.0 (compatible; SeznamBot/3.2; +http://napoveda.seznam.cz/en/seznambot-intro/)" 
5.188.84.45 - - [05/Mar/2020:19:28:09 -0800] "GET /2013/pasta-madre-day-2013/ HTTP/1.0" 200 32926 "https://www.fornacalia.com/2013/pasta-madre-day-2013/#comment-1801/" "Mozilla/5.0 (Windows NT 6.3; Win64; x64) AppleWebKit/537.36 (KHTML, like Gecko) Chrome/67.0.3396.99 Safari/537.36" 
5.188.84.45 - - [05/Mar/2020:19:28:10 -0800] "POST /wp-comments-post.php HTTP/1.0" 302 4061 "https://www.fornacalia.com/2013/pasta-madre-day-2013/#comment-1801/" "Mozilla/5.0 (Windows NT 6.3; Win64; x64) AppleWebKit/537.36 (KHTML, like Gecko) Chrome/67.0.3396.99 Safari/537.36" 
5.188.84.220 - - [05/Mar/2020:19:32:36 -0800] "GET /2013/pasta-madre-day-2013/ HTTP/1.0" 200 32926 "https://www.fornacalia.com/2013/pasta-madre-day-2013/#comment-1801/" "Mozilla/5.0 (Windows NT 6.1) AppleWebKit/537.36 (KHTML, like Gecko) Chrome/67.0.3396.99 Safari/537.36" 
5.188.84.220 - - [05/Mar/2020:19:32:37 -0800] "POST /wp-comments-post.php HTTP/1.0" 302 4061 "https://www.fornacalia.com/2013/pasta-madre-day-2013/#comment-1801/" "Mozilla/5.0 (Windows NT 6.1) AppleWebKit/537.36 (KHTML, like Gecko) Chrome/67.0.3396.99 Safari/537.36" 
5.188.84.220 - - [05/Mar/2020:19:37:18 -0800] "GET /2013/pasta-madre-day-2013/ HTTP/1.0" 200 32926 "https://www.fornacalia.com/2013/pasta-madre-day-2013/#comment-1801/" "Mozilla/5.0 (Windows NT 10.0; Win64; x64) AppleWebKit/537.36 (KHTML, like Gecko) Chrome/66.0.3359.170 Safari/537.36 OPR/53.0.2907.68" 
5.188.84.220 - - [05/Mar/2020:19:37:20 -0800] "POST /wp-comments-post.php HTTP/1.0" 302 4061 "https://www.fornacalia.com/2013/pasta-madre-day-2013/#comment-1801/" "Mozilla/5.0 (Windows NT 10.0; Win64; x64) AppleWebKit/537.36 (KHTML, like Gecko) Chrome/66.0.3359.170 Safari/537.36 OPR/53.0.2907.68" 
5.188.84.35 - - [05/Mar/2020:19:40:45 -0800] "GET /2013/pasta-madre-day-2013/ HTTP/1.0" 200 32926 "https://www.fornacalia.com/2013/pasta-madre-day-2013/#comment-1801/" "Mozilla/5.0 (Windows NT 6.1; WOW64) AppleWebKit/537.36 (KHTML, like Gecko) Chrome/67.0.3396.87 Safari/537.36 OPR/54.0.2952.64 (Edition Yx)" 
5.188.84.35 - - [05/Mar/2020:19:40:46 -0800] "POST /wp-comments-post.php HTTP/1.0" 302 4061 "https://www.fornacalia.com/2013/pasta-madre-day-2013/#comment-1801/" "Mozilla/5.0 (Windows NT 6.1; WOW64) AppleWebKit/537.36 (KHTML, like Gecko) Chrome/67.0.3396.87 Safari/537.36 OPR/54.0.2952.64 (Edition Yx)" 
46.229.168.129 - - [05/Mar/2020:19:45:01 -0800] "GET /robots.txt HTTP/1.1" 200 4253 "-" "Mozilla/5.0 (compatible; SemrushBot/6~bl; +http://www.semrush.com/bot.html)" 
64.111.100.215 - - [05/Mar/2020:19:45:01 -0800] "POST /wp-cron.php?doing_wp_cron=1583466301.6213929653167724609375 HTTP/1.1" 200 3492 "https://www.fornacalia.com/wp-cron.php?doing_wp_cron=1583466301.6213929653167724609375" "WordPress/5.2.5; https://www.fornacalia.com" 
46.229.168.161 - - [05/Mar/2020:19:45:03 -0800] "GET /category/courses/ HTTP/1.1" 200 15891 "-" "Mozilla/5.0 (compatible; SemrushBot/6~bl; +http://www.semrush.com/bot.html)" 
5.188.84.25 - - [05/Mar/2020:19:45:53 -0800] "GET /2013/pasta-madre-day-2013/ HTTP/1.0" 200 32926 "https://www.fornacalia.com/2013/pasta-madre-day-2013/#comment-1801/" "Mozilla/5.0 (Windows NT 10.0; Win64; x64) AppleWebKit/537.36 (KHTML, like Gecko) Chrome/65.0.3325.181 Safari/537.36" 
5.188.84.25 - - [05/Mar/2020:19:45:54 -0800] "POST /wp-comments-post.php HTTP/1.0" 302 4061 "https://www.fornacalia.com/2013/pasta-madre-day-2013/#comment-1801/" "Mozilla/5.0 (Windows NT 10.0; Win64; x64) AppleWebKit/537.36 (KHTML, like Gecko) Chrome/65.0.3325.181 Safari/537.36" 
178.175.142.134 - - [05/Mar/2020:19:50:01 -0800] "GET /2013/pasta-madre-day-2013/ HTTP/1.0" 200 32926 "https://www.fornacalia.com/2013/pasta-madre-day-2013/#comment-28169" "Mozilla/5.0 (Windows NT 6.1) AppleWebKit/537.36 (KHTML, like Gecko) Chrome/67.0.3396.99 Safari/537.36" 
40.77.189.124 - - [05/Mar/2020:19:51:32 -0800] "GET /wp-content/uploads/2018/02/2018-02-09-11.02.37.mp4?_=1 HTTP/1.1" 200 12048037 "-" "Mozilla/5.0 (Windows NT 6.1; WOW64) AppleWebKit/534+ (KHTML, like Gecko) BingPreview/1.0b" 
40.77.189.124 - - [05/Mar/2020:19:51:34 -0800] "GET /wp-content/uploads/2018/02/2018-02-09-11.02.37.mp4?_=1 HTTP/1.1" 200 9873689 "-" "Mozilla/5.0 (Windows NT 6.1; WOW64) AppleWebKit/534+ (KHTML, like Gecko) BingPreview/1.0b" 
5.188.84.45 - - [05/Mar/2020:19:55:24 -0800] "GET /2013/pasta-madre-day-2013/ HTTP/1.0" 200 32926 "https://www.fornacalia.com/2013/pasta-madre-day-2013/#comment-1801/" "Mozilla/5.0 (Windows NT 10.0; Win64; x64) AppleWebKit/537.36 (KHTML, like Gecko) Chrome/66.0.3359.181 Safari/537.36" 
5.188.84.45 - - [05/Mar/2020:19:55:26 -0800] "POST /wp-comments-post.php HTTP/1.0" 302 4061 "https://www.fornacalia.com/2013/pasta-madre-day-2013/#comment-1801/" "Mozilla/5.0 (Windows NT 10.0; Win64; x64) AppleWebKit/537.36 (KHTML, like Gecko) Chrome/66.0.3359.181 Safari/537.36" 
165.227.50.73 - - [05/Mar/2020:19:57:01 -0800] "GET /wp-login.php HTTP/1.1" 200 4828 "-" "Mozilla/5.0 (X11; Ubuntu; Linux x86_64; rv:62.0) Gecko/20100101 Firefox/62.0" 
165.227.50.73 - - [05/Mar/2020:19:57:02 -0800] "POST /wp-login.php HTTP/1.1" 200 5221 "-" "Mozilla/5.0 (X11; Ubuntu; Linux x86_64; rv:62.0) Gecko/20100101 Firefox/62.0" 
165.227.50.73 - - [05/Mar/2020:19:57:02 -0800] "POST /xmlrpc.php HTTP/1.1" 200 3695 "-" "Mozilla/5.0 (X11; Ubuntu; Linux x86_64; rv:62.0) Gecko/20100101 Firefox/62.0" 
77.75.77.72 - - [05/Mar/2020:19:59:43 -0800] "GET /robots.txt HTTP/1.1" 200 4295 "-" "Mozilla/5.0 (compatible; SeznamBot/3.2; +http://napoveda.seznam.cz/en/seznambot-intro/)" 
77.75.77.72 - - [05/Mar/2020:19:59:45 -0800] "GET /2012/special-challah-for-rosh-hashana/ HTTP/1.1" 200 11419 "-" "Mozilla/5.0 (compatible; SeznamBot/3.2; +http://napoveda.seznam.cz/en/seznambot-intro/)" 
77.75.77.72 - - [05/Mar/2020:19:59:46 -0800] "GET /2020/sourdough-revival/ HTTP/1.1" 200 9885 "-" "Mozilla/5.0 (compatible; SeznamBot/3.2; +http://napoveda.seznam.cz/en/seznambot-intro/)" 
5.188.84.45 - - [05/Mar/2020:20:03:13 -0800] "GET /2013/pasta-madre-day-2013/ HTTP/1.0" 200 32926 "https://www.fornacalia.com/2013/pasta-madre-day-2013/#comment-1801/" "Mozilla/5.0 (Windows NT 6.1; Win64; x64) AppleWebKit/537.36 (KHTML, like Gecko) Chrome/67.0.3396.87 Safari/537.36 OPR/54.0.2952.71" 
5.188.84.45 - - [05/Mar/2020:20:03:15 -0800] "POST /wp-comments-post.php HTTP/1.0" 302 4061 "https://www.fornacalia.com/2013/pasta-madre-day-2013/#comment-1801/" "Mozilla/5.0 (Windows NT 6.1; Win64; x64) AppleWebKit/537.36 (KHTML, like Gecko) Chrome/67.0.3396.87 Safari/537.36 OPR/54.0.2952.71" 
5.188.84.45 - - [05/Mar/2020:20:14:00 -0800] "GET /2013/pasta-madre-day-2013/ HTTP/1.0" 200 32926 "https://www.fornacalia.com/2013/pasta-madre-day-2013/#comment-1801/" "Mozilla/5.0 (Windows NT 6.1) AppleWebKit/537.36 (KHTML, like Gecko) Chrome/67.0.3396.99 Safari/537.36 Kinza/4.8.2" 
5.188.84.45 - - [05/Mar/2020:20:14:01 -0800] "POST /wp-comments-post.php HTTP/1.0" 302 4061 "https://www.fornacalia.com/2013/pasta-madre-day-2013/#comment-1801/" "Mozilla/5.0 (Windows NT 6.1) AppleWebKit/537.36 (KHTML, like Gecko) Chrome/67.0.3396.99 Safari/537.36 Kinza/4.8.2" 
54.36.150.52 - - [05/Mar/2020:20:16:10 -0800] "GET /2017/weigh-in/feed/ HTTP/1.1" 200 4580 "-" "Mozilla/5.0 (compatible; AhrefsBot/6.1; +http://ahrefs.com/robot/)" 
157.55.39.225 - - [05/Mar/2020:20:19:26 -0800] "GET /author/jeremy/feed/ HTTP/1.1" 200 18240 "-" "msnbot/2.0b (+http://search.msn.com/msnbot.htm)" 
54.36.150.45 - - [05/Mar/2020:20:25:03 -0800] "GET /2018/gearing-up-for-fornacalia/feed/ HTTP/1.1" 200 4595 "-" "Mozilla/5.0 (compatible; AhrefsBot/6.1; +http://ahrefs.com/robot/)" 
66.249.66.49 - - [05/Mar/2020:20:25:31 -0800] "GET /2017/a-long-bake-for-real-bread-week/ HTTP/1.1" 200 11328 "-" "Mozilla/5.0 (Linux; Android 6.0.1; Nexus 5X Build/MMB29P) AppleWebKit/537.36 (KHTML, like Gecko) Chrome/41.0.2272.96 Mobile Safari/537.36 (compatible; Googlebot/2.1; +http://www.google.com/bot.html)" 
5.188.84.233 - - [05/Mar/2020:20:26:55 -0800] "GET /2013/pasta-madre-day-2013/ HTTP/1.0" 200 32926 "https://www.fornacalia.com/2013/pasta-madre-day-2013/#comment-1801/" "Mozilla/5.0 (Windows NT 6.1; Win64; x64) AppleWebKit/537.36 (KHTML, like Gecko) Chrome/67.0.3396.79 Safari/537.36" 
5.188.84.233 - - [05/Mar/2020:20:26:56 -0800] "POST /wp-comments-post.php HTTP/1.0" 302 4061 "https://www.fornacalia.com/2013/pasta-madre-day-2013/#comment-1801/" "Mozilla/5.0 (Windows NT 6.1; Win64; x64) AppleWebKit/537.36 (KHTML, like Gecko) Chrome/67.0.3396.79 Safari/537.36" 
34.91.230.23 - - [05/Mar/2020:20:27:35 -0800] "GET /wp-content/uploads/2017/12/focaccia.png HTTP/1.1" 200 605259 "-" "Mozilla/5.0 (compatible; tracemyfile/1.0)" 
173.208.234.202 - - [05/Mar/2020:20:31:15 -0800] "GET /wp-login.php HTTP/1.1" 200 4809 "-" "Mozilla/5.0 (Windows NT 6.1) AppleWebKit/537.36 (KHTML, like Gecko) Chrome/63.0.3239.84 Safari/537.36" 
173.208.234.202 - - [05/Mar/2020:20:31:15 -0800] "POST /wp-login.php HTTP/1.1" 200 2128 "-" "Mozilla/5.0 (Windows NT 6.1) AppleWebKit/537.36 (KHTML, like Gecko) Chrome/63.0.3239.84 Safari/537.36" 
54.36.150.88 - - [05/Mar/2020:20:31:35 -0800] "GET /wp-content/uploads/2018/02/rustic-bread.png HTTP/1.1" 200 116954 "-" "Mozilla/5.0 (compatible; AhrefsBot/6.1; +http://ahrefs.com/robot/)" 
114.119.165.219 - - [05/Mar/2020:20:32:04 -0800] "GET / HTTP/1.1" 301 3710 "-" "Mozilla/5.0 (compatible;AspiegelBot)" 
114.119.165.219 - - [05/Mar/2020:20:32:05 -0800] "GET / HTTP/1.1" 200 17193 "-" "Mozilla/5.0 (compatible;AspiegelBot)" 
5.188.84.25 - - [05/Mar/2020:20:33:47 -0800] "GET /2013/pasta-madre-day-2013/ HTTP/1.0" 200 32926 "https://www.fornacalia.com/2013/pasta-madre-day-2013/#comment-1801/" "Mozilla/5.0 (Windows NT 10.0; Win64; x64) AppleWebKit/537.36 (KHTML, like Gecko) Chrome/67.0.3396.99 Safari/537.36" 
5.188.84.25 - - [05/Mar/2020:20:33:48 -0800] "POST /wp-comments-post.php HTTP/1.0" 302 4061 "https://www.fornacalia.com/2013/pasta-madre-day-2013/#comment-1801/" "Mozilla/5.0 (Windows NT 10.0; Win64; x64) AppleWebKit/537.36 (KHTML, like Gecko) Chrome/67.0.3396.99 Safari/537.36" 
5.188.84.15 - - [05/Mar/2020:20:35:38 -0800] "GET /2013/pasta-madre-day-2013/ HTTP/1.0" 200 32926 "https://www.fornacalia.com/2013/pasta-madre-day-2013/#comment-1801/" "Mozilla/5.0 (Windows NT 6.1) AppleWebKit/537.36 (KHTML, like Gecko) Chrome/67.0.3396.87 Safari/537.36" 
5.188.84.15 - - [05/Mar/2020:20:35:39 -0800] "POST /wp-comments-post.php HTTP/1.0" 302 4061 "https://www.fornacalia.com/2013/pasta-madre-day-2013/#comment-1801/" "Mozilla/5.0 (Windows NT 6.1) AppleWebKit/537.36 (KHTML, like Gecko) Chrome/67.0.3396.87 Safari/537.36" 
114.119.164.139 - - [05/Mar/2020:20:38:25 -0800] "GET /2017/igbreadclub HTTP/1.1" 301 4037 "-" "Mozilla/5.0 (compatible;AspiegelBot)" 
114.119.164.139 - - [05/Mar/2020:20:38:26 -0800] "GET /2017/igbreadclub/ HTTP/1.1" 200 11726 "-" "Mozilla/5.0 (compatible;AspiegelBot)" 
54.36.148.76 - - [05/Mar/2020:20:41:59 -0800] "GET /2017/weigh-in/ HTTP/1.1" 200 11786 "-" "Mozilla/5.0 (compatible; AhrefsBot/6.1; +http://ahrefs.com/robot/)" 
64.111.100.215 - - [05/Mar/2020:20:42:00 -0800] "POST /wp-cron.php?doing_wp_cron=1583469719.9767808914184570312500 HTTP/1.1" 200 3492 "https://www.fornacalia.com/wp-cron.php?doing_wp_cron=1583469719.9767808914184570312500" "WordPress/5.2.5; https://www.fornacalia.com" 
114.119.164.139 - - [05/Mar/2020:20:44:41 -0800] "GET /author/jeremy/page/5 HTTP/1.1" 301 4041 "-" "Mozilla/5.0 (compatible;AspiegelBot)" 
114.119.164.139 - - [05/Mar/2020:20:44:42 -0800] "GET /author/jeremy/page/5/ HTTP/1.1" 200 13318 "-" "Mozilla/5.0 (compatible;AspiegelBot)" 
66.249.66.47 - - [05/Mar/2020:20:47:48 -0800] "GET /wp-content/themes/Autonomie-child/css/wide-width.css?ver=1.0.0 HTTP/1.1" 404 9981 "https://www.fornacalia.com/page/14/" "Mozilla/5.0 (Linux; Android 6.0.1; Nexus 5X Build/MMB29P) AppleWebKit/537.36 (KHTML, like Gecko) Chrome/80.0.3987.92 Mobile Safari/537.36 (compatible; Googlebot/2.1; +http://www.google.com/bot.html)" 
5.188.84.220 - - [05/Mar/2020:20:50:27 -0800] "GET /2013/pasta-madre-day-2013/ HTTP/1.0" 200 32926 "https://www.fornacalia.com/2013/pasta-madre-day-2013/#comment-1801/" "Mozilla/5.0 (Windows NT 6.1; Win64; x64) AppleWebKit/537.36 (KHTML, like Gecko) Chrome/68.0.3440.106 Safari/537.36" 
5.188.84.220 - - [05/Mar/2020:20:50:28 -0800] "POST /wp-comments-post.php HTTP/1.0" 302 4061 "https://www.fornacalia.com/2013/pasta-madre-day-2013/#comment-1801/" "Mozilla/5.0 (Windows NT 6.1; Win64; x64) AppleWebKit/537.36 (KHTML, like Gecko) Chrome/68.0.3440.106 Safari/537.36" 
17.58.96.249 - - [05/Mar/2020:20:50:32 -0800] "GET /wp-content/uploads/2017/12/cropped-forno-favicon-180x180.png HTTP/1.1" 200 22203 "-" "Mozilla/5.0 (Macintosh; Intel Mac OS X 10_10_1) AppleWebKit/600.2.5 (KHTML, like Gecko) Version/8.0.2 Safari/600.2.5 (Applebot/0.1; +http://www.apple.com/go/applebot)" 
17.58.96.249 - - [05/Mar/2020:20:50:32 -0800] "GET /wp-content/plugins/all-in-one-seo-pack/images/default-user-image.png HTTP/1.1" 200 2012 "-" "Mozilla/5.0 (Macintosh; Intel Mac OS X 10_10_1) AppleWebKit/600.2.5 (KHTML, like Gecko) Version/8.0.2 Safari/600.2.5 (Applebot/0.1; +http://www.apple.com/go/applebot)" 
5.188.84.15 - - [05/Mar/2020:20:50:43 -0800] "GET /2013/pasta-madre-day-2013/ HTTP/1.0" 200 32926 "https://www.fornacalia.com/2013/pasta-madre-day-2013/#comment-1801/" "Mozilla/5.0 (Windows NT 6.1) AppleWebKit/537.36 (KHTML, like Gecko) Chrome/66.0.3359.181 Safari/537.36" 
5.188.84.15 - - [05/Mar/2020:20:50:44 -0800] "POST /wp-comments-post.php HTTP/1.0" 302 4061 "https://www.fornacalia.com/2013/pasta-madre-day-2013/#comment-1801/" "Mozilla/5.0 (Windows NT 6.1) AppleWebKit/537.36 (KHTML, like Gecko) Chrome/66.0.3359.181 Safari/537.36" 
13.59.69.138 - - [05/Mar/2020:20:51:02 -0800] "GET /2013/pasta-madre-day-2013/ HTTP/1.0" 200 32926 "https://www.fornacalia.com/2013/pasta-madre-day-2013/#comment-28178" "Mozilla/5.0 (Windows NT 6.2; Win64; x64) AppleWebKit/537.36 (KHTML, like Gecko) Chrome/68.0.3440.106 Safari/537.36" 
13.59.69.138 - - [05/Mar/2020:20:51:02 -0800] "GET /2013/pasta-madre-day-2013/ HTTP/1.0" 200 32926 "https://www.fornacalia.com/2013/pasta-madre-day-2013/#comment-28178" "Mozilla/5.0 (Windows NT 6.2; Win64; x64) AppleWebKit/537.36 (KHTML, like Gecko) Chrome/68.0.3440.106 Safari/537.36" 
13.59.69.138 - - [05/Mar/2020:20:51:02 -0800] "GET /author/jeremy/ HTTP/1.0" 200 54073 "https://www.fornacalia.com/author/jeremy/" "Mozilla/5.0 (Windows NT 6.2; Win64; x64) AppleWebKit/537.36 (KHTML, like Gecko) Chrome/68.0.3440.106 Safari/537.36" 
114.119.160.9 - - [05/Mar/2020:20:51:11 -0800] "GET /2015/cracking-rye-crackers HTTP/1.1" 301 4098 "-" "Mozilla/5.0 (compatible;AspiegelBot)" 
114.119.160.9 - - [05/Mar/2020:20:51:12 -0800] "GET /2015/cracking-rye-crackers/ HTTP/1.1" 200 14073 "-" "Mozilla/5.0 (compatible;AspiegelBot)" 
5.255.250.33 - - [05/Mar/2020:20:52:46 -0800] "GET /robots.txt HTTP/1.1" 200 4317 "-" "Mozilla/5.0 (compatible; YandexBot/3.0; +http://yandex.com/bots)" 
5.255.250.33 - - [05/Mar/2020:20:52:50 -0800] "GET /wp-content/uploads/2017/12/cropped-forno-favicon-32x32.png HTTP/1.1" 200 4711 "-" "Mozilla/5.0 (compatible; YandexBot/3.0; +http://yandex.com/bots)" 
159.89.82.79 - - [05/Mar/2020:20:55:42 -0800] "GET /wp-login.php HTTP/1.1" 200 4828 "-" "Mozilla/5.0 (X11; Ubuntu; Linux x86_64; rv:62.0) Gecko/20100101 Firefox/62.0" 
159.89.82.79 - - [05/Mar/2020:20:55:42 -0800] "POST /wp-login.php HTTP/1.1" 200 5221 "-" "Mozilla/5.0 (X11; Ubuntu; Linux x86_64; rv:62.0) Gecko/20100101 Firefox/62.0" 
159.89.82.79 - - [05/Mar/2020:20:55:42 -0800] "POST /xmlrpc.php HTTP/1.1" 200 3695 "-" "Mozilla/5.0 (X11; Ubuntu; Linux x86_64; rv:62.0) Gecko/20100101 Firefox/62.0" 
5.255.250.33 - - [05/Mar/2020:20:55:55 -0800] "GET /itunesartwork1x/ HTTP/1.1" 200 10273 "-" "Mozilla/5.0 (compatible; YandexBot/3.0; +http://yandex.com/bots)" 
5.188.84.35 - - [05/Mar/2020:20:57:20 -0800] "GET /2013/pasta-madre-day-2013/ HTTP/1.0" 200 32926 "https://www.fornacalia.com/2013/pasta-madre-day-2013/#comment-1801/" "Mozilla/5.0 (Windows NT 6.1) AppleWebKit/537.36 (KHTML, like Gecko) Chrome/67.0.3396.99 Safari/537.36" 
5.188.84.35 - - [05/Mar/2020:20:57:21 -0800] "POST /wp-comments-post.php HTTP/1.0" 302 4061 "https://www.fornacalia.com/2013/pasta-madre-day-2013/#comment-1801/" "Mozilla/5.0 (Windows NT 6.1) AppleWebKit/537.36 (KHTML, like Gecko) Chrome/67.0.3396.99 Safari/537.36" 
114.119.164.131 - - [05/Mar/2020:20:57:47 -0800] "GET /2017/weigh-in HTTP/1.1" 301 4034 "-" "Mozilla/5.0 (compatible;AspiegelBot)" 
114.119.164.131 - - [05/Mar/2020:20:57:48 -0800] "GET /2017/weigh-in/ HTTP/1.1" 200 11804 "-" "Mozilla/5.0 (compatible;AspiegelBot)" 
52.23.182.188 - - [05/Mar/2020:20:59:45 -0800] "GET /2020/the-starter-leaven-pipeline/ HTTP/1.1" 200 12708 "-" "Mozilla/5.0 (Macintosh; Intel Mac OS X 10.11; rv:49.0) Gecko/20100101 Firefox/49.0 (FlipboardProxy/1.2; +http://flipboard.com/browserproxy)" 
52.23.182.188 - - [05/Mar/2020:20:59:45 -0800] "GET /wp-content/uploads/2020/03/starter-workflow-1-1024x577.png HTTP/1.1" 200 1074897 "-" "Mozilla/5.0 (Macintosh; Intel Mac OS X 10.11; rv:49.0) Gecko/20100101 Firefox/49.0 (FlipboardProxy/1.2; +http://flipboard.com/browserproxy)" 
49.212.183.66 - - [05/Mar/2020:21:00:10 -0800] "GET /wp-login.php HTTP/1.1" 200 4809 "-" "Mozilla/5.0 (Windows NT 6.1) AppleWebKit/537.36 (KHTML, like Gecko) Chrome/63.0.3239.84 Safari/537.36" 
49.212.183.66 - - [05/Mar/2020:21:00:10 -0800] "POST /wp-login.php HTTP/1.1" 200 2128 "-" "Mozilla/5.0 (Windows NT 6.1) AppleWebKit/537.36 (KHTML, like Gecko) Chrome/63.0.3239.84 Safari/537.36" 
178.137.95.29 - - [05/Mar/2020:21:01:06 -0800] "GET /2013/pasta-madre-day-2013/ HTTP/1.0" 200 32926 "https://www.fornacalia.com/2013/pasta-madre-day-2013/#comment-28180" "Mozilla/5.0 (Windows NT 6.3; Win64; x64) AppleWebKit/537.36 (KHTML, like Gecko) Chrome/66.0.3359.181 Safari/537.36" 
5.188.84.80 - - [05/Mar/2020:21:01:08 -0800] "GET /2013/pasta-madre-day-2013/ HTTP/1.0" 200 32926 "https://www.fornacalia.com/2013/pasta-madre-day-2013/#comment-1801/" "Mozilla/5.0 (Windows NT 10.0) AppleWebKit/537.36 (KHTML, like Gecko) Chrome/67.0.3396.99 Safari/537.36" 
5.188.84.80 - - [05/Mar/2020:21:01:09 -0800] "POST /wp-comments-post.php HTTP/1.0" 302 4061 "https://www.fornacalia.com/2013/pasta-madre-day-2013/#comment-1801/" "Mozilla/5.0 (Windows NT 10.0) AppleWebKit/537.36 (KHTML, like Gecko) Chrome/67.0.3396.99 Safari/537.36" 
207.46.13.58 - - [05/Mar/2020:21:03:07 -0800] "GET /2013/dan-lepards-walnut-bread/feed/ HTTP/1.1" 200 4912 "-" "msnbot/2.0b (+http://search.msn.com/msnbot.htm)" 
5.188.84.25 - - [05/Mar/2020:21:03:59 -0800] "GET /2013/pasta-madre-day-2013/ HTTP/1.0" 200 32926 "https://www.fornacalia.com/2013/pasta-madre-day-2013/#comment-1801/" "Mozilla/5.0 (Windows NT 6.3; Win64; x64) AppleWebKit/537.36 (KHTML, like Gecko) Chrome/65.0.3325.146 Safari/537.36" 
5.188.84.25 - - [05/Mar/2020:21:04:00 -0800] "POST /wp-comments-post.php HTTP/1.0" 302 4061 "https://www.fornacalia.com/2013/pasta-madre-day-2013/#comment-1801/" "Mozilla/5.0 (Windows NT 6.3; Win64; x64) AppleWebKit/537.36 (KHTML, like Gecko) Chrome/65.0.3325.146 Safari/537.36" 
114.119.167.55 - - [05/Mar/2020:21:10:50 -0800] "GET /category/courses/ HTTP/1.1" 200 15696 "-" "Mozilla/5.0 (compatible;AspiegelBot)" 
66.249.66.49 - - [05/Mar/2020:21:15:39 -0800] "GET /2018/gearing-up-for-fornacalia/ HTTP/1.1" 200 11943 "-" "Mozilla/5.0 (Linux; Android 6.0.1; Nexus 5X Build/MMB29P) AppleWebKit/537.36 (KHTML, like Gecko) Chrome/41.0.2272.96 Mobile Safari/537.36 (compatible; Googlebot/2.1; +http://www.google.com/bot.html)" 
66.249.66.47 - - [05/Mar/2020:21:15:51 -0800] "GET /wp-content/themes/Autonomie-child/css/wide-width.css?ver=1.0.0 HTTP/1.1" 404 9981 "https://www.fornacalia.com/2018/gearing-up-for-fornacalia/" "Mozilla/5.0 (Linux; Android 6.0.1; Nexus 5X Build/MMB29P) AppleWebKit/537.36 (KHTML, like Gecko) Chrome/80.0.3987.92 Mobile Safari/537.36 (compatible; Googlebot/2.1; +http://www.google.com/bot.html)" 
114.119.164.139 - - [05/Mar/2020:21:17:04 -0800] "GET /2013/100-wholemeal-sourdough/ HTTP/1.1" 200 14726 "-" "Mozilla/5.0 (compatible;AspiegelBot)" 
207.46.13.5 - - [05/Mar/2020:21:17:31 -0800] "GET /wp-content/uploads/2016/10/50-percent-farro-1.png HTTP/1.1" 200 1320592 "-" "Mozilla/5.0 (compatible; bingbot/2.0; +http://www.bing.com/bingbot.htm)" 
5.188.84.80 - - [05/Mar/2020:21:18:14 -0800] "GET /2013/pasta-madre-day-2013/ HTTP/1.0" 200 32926 "https://www.fornacalia.com/2013/pasta-madre-day-2013/#comment-1801/" "Mozilla/5.0 (Windows NT 6.3; Win64; x64) AppleWebKit/537.36 (KHTML, like Gecko) Chrome/67.0.3396.99 Safari/537.36" 
5.188.84.80 - - [05/Mar/2020:21:18:15 -0800] "POST /wp-comments-post.php HTTP/1.0" 302 4061 "https://www.fornacalia.com/2013/pasta-madre-day-2013/#comment-1801/" "Mozilla/5.0 (Windows NT 6.3; Win64; x64) AppleWebKit/537.36 (KHTML, like Gecko) Chrome/67.0.3396.99 Safari/537.36" 
207.46.13.5 - - [05/Mar/2020:21:20:36 -0800] "GET /wp-content/uploads/2017/01/pancake.png HTTP/1.1" 200 524983 "-" "Mozilla/5.0 (compatible; bingbot/2.0; +http://www.bing.com/bingbot.htm)" 
5.188.84.65 - - [05/Mar/2020:21:21:53 -0800] "GET /2013/pasta-madre-day-2013/ HTTP/1.0" 200 32926 "https://www.fornacalia.com/2013/pasta-madre-day-2013/#comment-1801/" "Mozilla/5.0 (Windows NT 10.0; Win64; x64) AppleWebKit/537.36 (KHTML, like Gecko) Chrome/66.0.3359.170 Safari/537.36 OPR/53.0.2907.68" 
5.188.84.65 - - [05/Mar/2020:21:21:54 -0800] "POST /wp-comments-post.php HTTP/1.0" 302 4061 "https://www.fornacalia.com/2013/pasta-madre-day-2013/#comment-1801/" "Mozilla/5.0 (Windows NT 10.0; Win64; x64) AppleWebKit/537.36 (KHTML, like Gecko) Chrome/66.0.3359.170 Safari/537.36 OPR/53.0.2907.68" 
188.243.178.215 - - [05/Mar/2020:21:22:32 -0800] "GET /2013/pasta-madre-day-2013/ HTTP/1.0" 200 32926 "https://www.fornacalia.com/2013/pasta-madre-day-2013/#comment-28185" "Mozilla/5.0 (Windows NT 6.1; Win64; x64) AppleWebKit/537.36 (KHTML, like Gecko) Chrome/67.0.3396.99 Safari/537.36" 
188.243.178.215 - - [05/Mar/2020:21:22:32 -0800] "GET /2013/pasta-madre-day-2013/ HTTP/1.0" 200 32926 "https://www.fornacalia.com/2013/pasta-madre-day-2013/#comment-28185" "Mozilla/5.0 (Windows NT 6.1; Win64; x64) AppleWebKit/537.36 (KHTML, like Gecko) Chrome/67.0.3396.99 Safari/537.36" 
188.243.178.215 - - [05/Mar/2020:21:22:33 -0800] "GET /author/jeremy/ HTTP/1.0" 200 54073 "https://www.fornacalia.com/author/jeremy/" "Mozilla/5.0 (Windows NT 6.1; Win64; x64) AppleWebKit/537.36 (KHTML, like Gecko) Chrome/67.0.3396.99 Safari/537.36" 
114.119.161.162 - - [05/Mar/2020:21:23:15 -0800] "GET /2019/a-sourdough-workshop-in-rome-on-17-november HTTP/1.1" 301 4120 "-" "Mozilla/5.0 (compatible;AspiegelBot)" 
114.119.161.162 - - [05/Mar/2020:21:23:16 -0800] "GET /2019/a-sourdough-workshop-in-rome-on-17-november/ HTTP/1.1" 200 12824 "-" "Mozilla/5.0 (compatible;AspiegelBot)" 
5.188.84.220 - - [05/Mar/2020:21:24:23 -0800] "GET /2013/pasta-madre-day-2013/ HTTP/1.0" 200 32926 "https://www.fornacalia.com/2013/pasta-madre-day-2013/#comment-1801/" "Mozilla/5.0 (Windows NT 6.3; Win64; x64) AppleWebKit/537.36 (KHTML, like Gecko) Chrome/67.0.3396.99 Safari/537.36" 
5.188.84.220 - - [05/Mar/2020:21:24:24 -0800] "POST /wp-comments-post.php HTTP/1.0" 302 4061 "https://www.fornacalia.com/2013/pasta-madre-day-2013/#comment-1801/" "Mozilla/5.0 (Windows NT 6.3; Win64; x64) AppleWebKit/537.36 (KHTML, like Gecko) Chrome/67.0.3396.99 Safari/537.36" 
5.188.84.65 - - [05/Mar/2020:21:27:00 -0800] "GET /2013/pasta-madre-day-2013/ HTTP/1.0" 200 32926 "https://www.fornacalia.com/2013/pasta-madre-day-2013/#comment-1801/" "Mozilla/5.0 (Windows NT 10.0; Win64; x64) AppleWebKit/537.36 (KHTML, like Gecko) Chrome/68.0.3440.84 Safari/537.36" 
5.188.84.65 - - [05/Mar/2020:21:27:01 -0800] "POST /wp-comments-post.php HTTP/1.0" 302 4061 "https://www.fornacalia.com/2013/pasta-madre-day-2013/#comment-1801/" "Mozilla/5.0 (Windows NT 10.0; Win64; x64) AppleWebKit/537.36 (KHTML, like Gecko) Chrome/68.0.3440.84 Safari/537.36" 
5.188.84.233 - - [05/Mar/2020:21:29:14 -0800] "GET /2013/pasta-madre-day-2013/ HTTP/1.0" 200 32926 "https://www.fornacalia.com/2013/pasta-madre-day-2013/#comment-1801/" "Mozilla/5.0 (Windows NT 10.0; Win64; x64) AppleWebKit/537.36 (KHTML, like Gecko) Chrome/67.0.3396.87 Safari/537.36 OPR/54.0.2952.51" 
5.188.84.233 - - [05/Mar/2020:21:29:15 -0800] "POST /wp-comments-post.php HTTP/1.0" 302 4061 "https://www.fornacalia.com/2013/pasta-madre-day-2013/#comment-1801/" "Mozilla/5.0 (Windows NT 10.0; Win64; x64) AppleWebKit/537.36 (KHTML, like Gecko) Chrome/67.0.3396.87 Safari/537.36 OPR/54.0.2952.51" 
114.119.164.139 - - [05/Mar/2020:21:29:39 -0800] "GET /2014/another-kalonji-bread-to-bump-me-out-of-my-rut HTTP/1.1" 301 4072 "-" "Mozilla/5.0 (compatible;AspiegelBot)" 
114.119.164.139 - - [05/Mar/2020:21:29:41 -0800] "GET /2014/another-kalonji-bread-to-bump-me-out-of-my-rut/ HTTP/1.1" 200 12141 "-" "Mozilla/5.0 (compatible;AspiegelBot)" 
35.203.245.221 - - [05/Mar/2020:21:36:10 -0800] "HEAD /2020/the-starter-leaven-pipeline/ HTTP/1.1" 200 4234 "-" "Bridgy (https://brid.gy/about)" 
114.119.165.86 - - [05/Mar/2020:21:37:25 -0800] "GET /page/2/ HTTP/1.1" 200 17556 "-" "Mozilla/5.0 (compatible;AspiegelBot)" 
5.188.84.35 - - [05/Mar/2020:21:40:29 -0800] "GET /2013/pasta-madre-day-2013/ HTTP/1.0" 200 32926 "https://www.fornacalia.com/2013/pasta-madre-day-2013/#comment-1801/" "Mozilla/5.0 (Windows NT 10.0; Win64; x64) AppleWebKit/537.36 (KHTML, like Gecko) Chrome/67.0.3396.87 Safari/537.36" 
5.188.84.35 - - [05/Mar/2020:21:40:30 -0800] "POST /wp-comments-post.php HTTP/1.0" 302 4061 "https://www.fornacalia.com/2013/pasta-madre-day-2013/#comment-1801/" "Mozilla/5.0 (Windows NT 10.0; Win64; x64) AppleWebKit/537.36 (KHTML, like Gecko) Chrome/67.0.3396.87 Safari/537.36" 
114.119.165.86 - - [05/Mar/2020:21:44:32 -0800] "GET /2017/weigh-in/ HTTP/1.1" 200 11805 "-" "Mozilla/5.0 (compatible;AspiegelBot)" 
207.46.13.2 - - [05/Mar/2020:21:49:26 -0800] "GET /wp-content/uploads/2019/01/do-nothing-risen.jpg HTTP/1.1" 200 379000 "-" "Mozilla/5.0 (compatible; bingbot/2.0; +http://www.bing.com/bingbot.htm)" 
114.119.167.55 - - [05/Mar/2020:21:51:22 -0800] "GET /2017/the-woodfired-baker/ HTTP/1.1" 200 10837 "-" "Mozilla/5.0 (compatible;AspiegelBot)" 
138.246.253.15 - - [05/Mar/2020:21:52:25 -0800] "HEAD / HTTP/1.1" 301 3560 "-" "Mozilla/5.0 (Windows NT 6.1; Win64; x64) AppleWebKit/537.36 (KHTML, like Gecko) Chrome/40.0.2214.85 Safari/537.36" 
82.132.228.61 - - [05/Mar/2020:21:53:18 -0800] "GET /2019/respect-to-respectus-panis/ HTTP/1.1" 200 13122 "https://www.google.co.uk/" "Mozilla/5.0 (iPhone; CPU iPhone OS 13_3_1 like Mac OS X) AppleWebKit/605.1.15 (KHTML, like Gecko) Version/13.0.5 Mobile/15E148 Safari/604.1" 
82.132.228.61 - - [05/Mar/2020:21:53:19 -0800] "GET /wp-includes/css/dist/block-library/style.min.css?ver=5.2.5 HTTP/1.1" 200 5391 "https://www.fornacalia.com/2019/respect-to-respectus-panis/" "Mozilla/5.0 (iPhone; CPU iPhone OS 13_3_1 like Mac OS X) AppleWebKit/605.1.15 (KHTML, like Gecko) Version/13.0.5 Mobile/15E148 Safari/604.1" 
82.132.228.61 - - [05/Mar/2020:21:53:19 -0800] "GET /wp-content/themes/Autonomie-child/style.css?ver=1.0.0 HTTP/1.1" 200 1492 "https://www.fornacalia.com/2019/respect-to-respectus-panis/" "Mozilla/5.0 (iPhone; CPU iPhone OS 13_3_1 like Mac OS X) AppleWebKit/605.1.15 (KHTML, like Gecko) Version/13.0.5 Mobile/15E148 Safari/604.1" 
82.132.228.61 - - [05/Mar/2020:21:53:19 -0800] "GET /wp-content/themes/Autonomie-child/css/narrow-width.css?ver=1.0.0 HTTP/1.1" 200 1064 "https://www.fornacalia.com/2019/respect-to-respectus-panis/" "Mozilla/5.0 (iPhone; CPU iPhone OS 13_3_1 like Mac OS X) AppleWebKit/605.1.15 (KHTML, like Gecko) Version/13.0.5 Mobile/15E148 Safari/604.1" 
82.132.228.61 - - [05/Mar/2020:21:53:19 -0800] "GET /wp-content/themes/autonomie/style.css?ver=5.2.5 HTTP/1.1" 200 9716 "https://www.fornacalia.com/2019/respect-to-respectus-panis/" "Mozilla/5.0 (iPhone; CPU iPhone OS 13_3_1 like Mac OS X) AppleWebKit/605.1.15 (KHTML, like Gecko) Version/13.0.5 Mobile/15E148 Safari/604.1" 
82.132.228.61 - - [05/Mar/2020:21:53:19 -0800] "GET /wp-includes/js/jquery/jquery.js?ver=1.12.4-wp HTTP/1.1" 200 35203 "https://www.fornacalia.com/2019/respect-to-respectus-panis/" "Mozilla/5.0 (iPhone; CPU iPhone OS 13_3_1 like Mac OS X) AppleWebKit/605.1.15 (KHTML, like Gecko) Version/13.0.5 Mobile/15E148 Safari/604.1" 
82.132.228.61 - - [05/Mar/2020:21:53:19 -0800] "GET /wp-includes/js/jquery/jquery-migrate.min.js?ver=1.4.1 HTTP/1.1" 200 4603 "https://www.fornacalia.com/2019/respect-to-respectus-panis/" "Mozilla/5.0 (iPhone; CPU iPhone OS 13_3_1 like Mac OS X) AppleWebKit/605.1.15 (KHTML, like Gecko) Version/13.0.5 Mobile/15E148 Safari/604.1" 
82.132.228.61 - - [05/Mar/2020:21:53:19 -0800] "GET /wp-content/plugins/indieweb/static/css/indieweb.css?ver=3.4.1 HTTP/1.1" 200 9931 "https://www.fornacalia.com/2019/respect-to-respectus-panis/" "Mozilla/5.0 (iPhone; CPU iPhone OS 13_3_1 like Mac OS X) AppleWebKit/605.1.15 (KHTML, like Gecko) Version/13.0.5 Mobile/15E148 Safari/604.1" 
82.132.228.61 - - [05/Mar/2020:21:53:19 -0800] "GET /wp-content/plugins/semantic-linkbacks/js/semantic-linkbacks.js?ver=3.8.1 HTTP/1.1" 200 675 "https://www.fornacalia.com/2019/respect-to-respectus-panis/" "Mozilla/5.0 (iPhone; CPU iPhone OS 13_3_1 like Mac OS X) AppleWebKit/605.1.15 (KHTML, like Gecko) Version/13.0.5 Mobile/15E148 Safari/604.1" 
82.132.228.61 - - [05/Mar/2020:21:53:19 -0800] "GET /wp-includes/js/comment-reply.min.js?ver=5.2.5 HTTP/1.1" 200 1621 "https://www.fornacalia.com/2019/respect-to-respectus-panis/" "Mozilla/5.0 (iPhone; CPU iPhone OS 13_3_1 like Mac OS X) AppleWebKit/605.1.15 (KHTML, like Gecko) Version/13.0.5 Mobile/15E148 Safari/604.1" 
82.132.228.61 - - [05/Mar/2020:21:53:19 -0800] "GET /wp-content/themes/autonomie/js/navigation.js?ver=1.0.0 HTTP/1.1" 200 1408 "https://www.fornacalia.com/2019/respect-to-respectus-panis/" "Mozilla/5.0 (iPhone; CPU iPhone OS 13_3_1 like Mac OS X) AppleWebKit/605.1.15 (KHTML, like Gecko) Version/13.0.5 Mobile/15E148 Safari/604.1" 
82.132.228.61 - - [05/Mar/2020:21:53:19 -0800] "GET /wp-content/themes/autonomie/js/skip-link-focus-fix.js?ver=1.0.0 HTTP/1.1" 200 1010 "https://www.fornacalia.com/2019/respect-to-respectus-panis/" "Mozilla/5.0 (iPhone; CPU iPhone OS 13_3_1 like Mac OS X) AppleWebKit/605.1.15 (KHTML, like Gecko) Version/13.0.5 Mobile/15E148 Safari/604.1" 
82.132.228.61 - - [05/Mar/2020:21:53:19 -0800] "GET /wp-includes/js/wp-embed.min.js?ver=5.2.5 HTTP/1.1" 200 1280 "https://www.fornacalia.com/2019/respect-to-respectus-panis/" "Mozilla/5.0 (iPhone; CPU iPhone OS 13_3_1 like Mac OS X) AppleWebKit/605.1.15 (KHTML, like Gecko) Version/13.0.5 Mobile/15E148 Safari/604.1" 
82.132.228.61 - - [05/Mar/2020:21:53:20 -0800] "GET /wp-content/plugins/semantic-linkbacks/css/semantic-linkbacks.css?ver=3.8.1 HTTP/1.1" 200 3895 "https://www.fornacalia.com/2019/respect-to-respectus-panis/" "Mozilla/5.0 (iPhone; CPU iPhone OS 13_3_1 like Mac OS X) AppleWebKit/605.1.15 (KHTML, like Gecko) Version/13.0.5 Mobile/15E148 Safari/604.1" 
82.132.228.61 - - [05/Mar/2020:21:53:19 -0800] "GET /wp-content/uploads/2019/01/do-nothing-risen.jpg HTTP/1.1" 200 375730 "https://www.fornacalia.com/2019/respect-to-respectus-panis/" "Mozilla/5.0 (iPhone; CPU iPhone OS 13_3_1 like Mac OS X) AppleWebKit/605.1.15 (KHTML, like Gecko) Version/13.0.5 Mobile/15E148 Safari/604.1" 
82.132.228.61 - - [05/Mar/2020:21:53:19 -0800] "GET /wp-content/uploads/2019/01/do-nothing-scored.jpg HTTP/1.1" 200 322044 "https://www.fornacalia.com/2019/respect-to-respectus-panis/" "Mozilla/5.0 (iPhone; CPU iPhone OS 13_3_1 like Mac OS X) AppleWebKit/605.1.15 (KHTML, like Gecko) Version/13.0.5 Mobile/15E148 Safari/604.1" 
82.132.228.61 - - [05/Mar/2020:21:53:20 -0800] "GET /wp-content/uploads/2019/01/do-nothing-baked.jpg HTTP/1.1" 200 393617 "https://www.fornacalia.com/2019/respect-to-respectus-panis/" "Mozilla/5.0 (iPhone; CPU iPhone OS 13_3_1 like Mac OS X) AppleWebKit/605.1.15 (KHTML, like Gecko) Version/13.0.5 Mobile/15E148 Safari/604.1" 
82.132.228.61 - - [05/Mar/2020:21:53:20 -0800] "GET /wp-content/uploads/2019/01/do-nothing-baked-side.jpg HTTP/1.1" 200 316584 "https://www.fornacalia.com/2019/respect-to-respectus-panis/" "Mozilla/5.0 (iPhone; CPU iPhone OS 13_3_1 like Mac OS X) AppleWebKit/605.1.15 (KHTML, like Gecko) Version/13.0.5 Mobile/15E148 Safari/604.1" 
82.132.228.61 - - [05/Mar/2020:21:53:20 -0800] "GET /wp-content/themes/autonomie/font/merriweather/merriweather-v15-latin-300.woff2 HTTP/1.1" 200 18992 "https://www.fornacalia.com/2019/respect-to-respectus-panis/" "Mozilla/5.0 (iPhone; CPU iPhone OS 13_3_1 like Mac OS X) AppleWebKit/605.1.15 (KHTML, like Gecko) Version/13.0.5 Mobile/15E148 Safari/604.1" 
82.132.228.61 - - [05/Mar/2020:21:53:20 -0800] "GET /wp-content/themes/autonomie/font/lato/lato-v13-latin-700.woff2 HTTP/1.1" 200 23120 "https://www.fornacalia.com/2019/respect-to-respectus-panis/" "Mozilla/5.0 (iPhone; CPU iPhone OS 13_3_1 like Mac OS X) AppleWebKit/605.1.15 (KHTML, like Gecko) Version/13.0.5 Mobile/15E148 Safari/604.1" 
82.132.228.61 - - [05/Mar/2020:21:53:20 -0800] "GET /wp-content/themes/autonomie/font/merriweather/merriweather-v15-latin-300italic.woff2 HTTP/1.1" 200 20144 "https://www.fornacalia.com/2019/respect-to-respectus-panis/" "Mozilla/5.0 (iPhone; CPU iPhone OS 13_3_1 like Mac OS X) AppleWebKit/605.1.15 (KHTML, like Gecko) Version/13.0.5 Mobile/15E148 Safari/604.1" 
82.132.228.61 - - [05/Mar/2020:21:53:20 -0800] "GET /wp-content/themes/autonomie/font/lato/lato-v13-latin-300italic.woff2 HTTP/1.1" 200 17948 "https://www.fornacalia.com/2019/respect-to-respectus-panis/" "Mozilla/5.0 (iPhone; CPU iPhone OS 13_3_1 like Mac OS X) AppleWebKit/605.1.15 (KHTML, like Gecko) Version/13.0.5 Mobile/15E148 Safari/604.1" 
82.132.228.61 - - [05/Mar/2020:21:53:20 -0800] "GET /wp-content/themes/autonomie/font/lato/lato-v13-latin-300.woff2 HTTP/1.1" 200 23476 "https://www.fornacalia.com/2019/respect-to-respectus-panis/" "Mozilla/5.0 (iPhone; CPU iPhone OS 13_3_1 like Mac OS X) AppleWebKit/605.1.15 (KHTML, like Gecko) Version/13.0.5 Mobile/15E148 Safari/604.1" 
82.132.228.61 - - [05/Mar/2020:21:53:20 -0800] "GET /wp-content/uploads/2019/01/do-nothing-baked-crumb.jpg HTTP/1.1" 200 312037 "https://www.fornacalia.com/2019/respect-to-respectus-panis/" "Mozilla/5.0 (iPhone; CPU iPhone OS 13_3_1 like Mac OS X) AppleWebKit/605.1.15 (KHTML, like Gecko) Version/13.0.5 Mobile/15E148 Safari/604.1" 
82.132.228.61 - - [05/Mar/2020:21:53:20 -0800] "GET /wp-content/themes/Autonomie-child/css/print.css?ver=1.0.0 HTTP/1.1" 200 836 "https://www.fornacalia.com/2019/respect-to-respectus-panis/" "Mozilla/5.0 (iPhone; CPU iPhone OS 13_3_1 like Mac OS X) AppleWebKit/605.1.15 (KHTML, like Gecko) Version/13.0.5 Mobile/15E148 Safari/604.1" 
