173.212.199.55 - - [29/Feb/2020:03:24:01 -0800] "GET /wp-login.php HTTP/1.1" 200 4828 "-" "Mozilla/5.0 (X11; Ubuntu; Linux x86_64; rv:62.0) Gecko/20100101 Firefox/62.0" 
173.212.199.55 - - [29/Feb/2020:03:24:01 -0800] "POST /wp-login.php HTTP/1.1" 200 5203 "-" "Mozilla/5.0 (X11; Ubuntu; Linux x86_64; rv:62.0) Gecko/20100101 Firefox/62.0" 
173.212.199.55 - - [29/Feb/2020:03:24:02 -0800] "POST /xmlrpc.php HTTP/1.1" 200 3695 "-" "Mozilla/5.0 (X11; Ubuntu; Linux x86_64; rv:62.0) Gecko/20100101 Firefox/62.0" 
5.188.84.220 - - [29/Feb/2020:03:28:04 -0800] "GET /2013/pasta-madre-day-2013/ HTTP/1.0" 200 32926 "https://www.fornacalia.com/2013/pasta-madre-day-2013/#comment-1801/" "Mozilla/5.0 (Windows NT 6.1; Win64; x64) AppleWebKit/537.36 (KHTML, like Gecko) Chrome/66.0.3359.170 Safari/537.36 OPR/53.0.2907.99" 
5.188.84.220 - - [29/Feb/2020:03:28:05 -0800] "POST /wp-comments-post.php HTTP/1.0" 302 4061 "https://www.fornacalia.com/2013/pasta-madre-day-2013/#comment-1801/" "Mozilla/5.0 (Windows NT 6.1; Win64; x64) AppleWebKit/537.36 (KHTML, like Gecko) Chrome/66.0.3359.170 Safari/537.36 OPR/53.0.2907.99" 
5.255.250.33 - - [29/Feb/2020:03:32:28 -0800] "GET /robots.txt HTTP/1.1" 200 4317 "-" "Mozilla/5.0 (compatible; YandexBot/3.0; +http://yandex.com/bots)" 
5.255.250.33 - - [29/Feb/2020:03:32:32 -0800] "GET /9-300x140/ HTTP/1.1" 200 10365 "-" "Mozilla/5.0 (compatible; YandexBot/3.0; +http://yandex.com/bots)" 
5.188.84.65 - - [29/Feb/2020:03:32:59 -0800] "GET /2013/pasta-madre-day-2013/ HTTP/1.0" 200 32926 "https://www.fornacalia.com/2013/pasta-madre-day-2013/#comment-1801/" "Mozilla/5.0 (Windows NT 10.0; Win64; x64) AppleWebKit/537.36 (KHTML, like Gecko) Chrome/58.0.3029.110 Safari/537.36 Edge/16.16299" 
5.188.84.65 - - [29/Feb/2020:03:33:00 -0800] "POST /wp-comments-post.php HTTP/1.0" 302 4061 "https://www.fornacalia.com/2013/pasta-madre-day-2013/#comment-1801/" "Mozilla/5.0 (Windows NT 10.0; Win64; x64) AppleWebKit/537.36 (KHTML, like Gecko) Chrome/58.0.3029.110 Safari/537.36 Edge/16.16299" 
5.188.84.45 - - [29/Feb/2020:03:33:41 -0800] "GET /2013/pasta-madre-day-2013/ HTTP/1.0" 200 32926 "https://www.fornacalia.com/2013/pasta-madre-day-2013/#comment-1801/" "Mozilla/5.0 (Windows NT 10.0; Win64; x64) AppleWebKit/537.36 (KHTML, like Gecko) Chrome/64.0.3282.140 Safari/537.36 Edge/17.17134" 
5.188.84.45 - - [29/Feb/2020:03:33:42 -0800] "POST /wp-comments-post.php HTTP/1.0" 302 4061 "https://www.fornacalia.com/2013/pasta-madre-day-2013/#comment-1801/" "Mozilla/5.0 (Windows NT 10.0; Win64; x64) AppleWebKit/537.36 (KHTML, like Gecko) Chrome/64.0.3282.140 Safari/537.36 Edge/17.17134" 
144.217.12.123 - - [29/Feb/2020:03:33:54 -0800] "GET /wp-login.php HTTP/1.1" 200 4828 "-" "Mozilla/5.0 (X11; Ubuntu; Linux x86_64; rv:62.0) Gecko/20100101 Firefox/62.0" 
144.217.12.123 - - [29/Feb/2020:03:33:54 -0800] "POST /wp-login.php HTTP/1.1" 200 5203 "-" "Mozilla/5.0 (X11; Ubuntu; Linux x86_64; rv:62.0) Gecko/20100101 Firefox/62.0" 
144.217.12.123 - - [29/Feb/2020:03:33:54 -0800] "POST /xmlrpc.php HTTP/1.1" 200 3695 "-" "Mozilla/5.0 (X11; Ubuntu; Linux x86_64; rv:62.0) Gecko/20100101 Firefox/62.0" 
167.172.77.153 - - [29/Feb/2020:03:33:59 -0800] "GET /wp-login.php HTTP/1.1" 200 4828 "-" "Mozilla/5.0 (X11; Ubuntu; Linux x86_64; rv:62.0) Gecko/20100101 Firefox/62.0" 
167.172.77.153 - - [29/Feb/2020:03:34:00 -0800] "POST /wp-login.php HTTP/1.1" 200 5221 "-" "Mozilla/5.0 (X11; Ubuntu; Linux x86_64; rv:62.0) Gecko/20100101 Firefox/62.0" 
167.172.77.153 - - [29/Feb/2020:03:34:06 -0800] "GET /wp-login.php HTTP/1.1" 200 4828 "-" "Mozilla/5.0 (X11; Ubuntu; Linux x86_64; rv:62.0) Gecko/20100101 Firefox/62.0" 
167.172.77.153 - - [29/Feb/2020:03:34:07 -0800] "POST /wp-login.php HTTP/1.1" 200 5199 "-" "Mozilla/5.0 (X11; Ubuntu; Linux x86_64; rv:62.0) Gecko/20100101 Firefox/62.0" 
167.172.77.153 - - [29/Feb/2020:03:34:13 -0800] "POST /xmlrpc.php HTTP/1.1" 200 3695 "-" "Mozilla/5.0 (X11; Ubuntu; Linux x86_64; rv:62.0) Gecko/20100101 Firefox/62.0" 
178.62.10.75 - - [29/Feb/2020:03:39:03 -0800] "GET /wp-login.php HTTP/1.1" 200 4828 "-" "Mozilla/5.0 (X11; Ubuntu; Linux x86_64; rv:62.0) Gecko/20100101 Firefox/62.0" 
178.62.10.75 - - [29/Feb/2020:03:39:05 -0800] "POST /wp-login.php HTTP/1.1" 200 5203 "-" "Mozilla/5.0 (X11; Ubuntu; Linux x86_64; rv:62.0) Gecko/20100101 Firefox/62.0" 
178.62.10.75 - - [29/Feb/2020:03:39:07 -0800] "POST /xmlrpc.php HTTP/1.1" 200 3695 "-" "Mozilla/5.0 (X11; Ubuntu; Linux x86_64; rv:62.0) Gecko/20100101 Firefox/62.0" 
5.188.84.45 - - [29/Feb/2020:03:40:08 -0800] "GET /2013/pasta-madre-day-2013/ HTTP/1.0" 200 32926 "https://www.fornacalia.com/2013/pasta-madre-day-2013/#comment-1801/" "Mozilla/5.0 (Windows NT 6.1; Win64; x64) AppleWebKit/537.36 (KHTML, like Gecko) Chrome/66.0.3359.170 Safari/537.36 OPR/53.0.2907.68" 
5.188.84.45 - - [29/Feb/2020:03:40:09 -0800] "POST /wp-comments-post.php HTTP/1.0" 302 4061 "https://www.fornacalia.com/2013/pasta-madre-day-2013/#comment-1801/" "Mozilla/5.0 (Windows NT 6.1; Win64; x64) AppleWebKit/537.36 (KHTML, like Gecko) Chrome/66.0.3359.170 Safari/537.36 OPR/53.0.2907.68" 
5.188.84.15 - - [29/Feb/2020:03:43:44 -0800] "GET /2013/pasta-madre-day-2013/ HTTP/1.0" 200 32926 "https://www.fornacalia.com/2013/pasta-madre-day-2013/#comment-1801/" "Mozilla/5.0 (Windows NT 6.1; Win64; x64) AppleWebKit/537.36 (KHTML, like Gecko) Chrome/68.0.3440.106 Safari/537.36" 
64.111.100.215 - - [29/Feb/2020:03:43:44 -0800] "POST /wp-cron.php?doing_wp_cron=1582976624.1739349365234375000000 HTTP/1.1" 200 3492 "https://www.fornacalia.com/wp-cron.php?doing_wp_cron=1582976624.1739349365234375000000" "WordPress/5.2.5; https://www.fornacalia.com" 
5.188.84.15 - - [29/Feb/2020:03:43:45 -0800] "POST /wp-comments-post.php HTTP/1.0" 302 4061 "https://www.fornacalia.com/2013/pasta-madre-day-2013/#comment-1801/" "Mozilla/5.0 (Windows NT 6.1; Win64; x64) AppleWebKit/537.36 (KHTML, like Gecko) Chrome/68.0.3440.106 Safari/537.36" 
144.217.12.123 - - [29/Feb/2020:03:44:24 -0800] "GET /wp-login.php HTTP/1.1" 200 4828 "-" "Mozilla/5.0 (X11; Ubuntu; Linux x86_64; rv:62.0) Gecko/20100101 Firefox/62.0" 
144.217.12.123 - - [29/Feb/2020:03:44:24 -0800] "POST /wp-login.php HTTP/1.1" 200 5203 "-" "Mozilla/5.0 (X11; Ubuntu; Linux x86_64; rv:62.0) Gecko/20100101 Firefox/62.0" 
144.217.12.123 - - [29/Feb/2020:03:44:24 -0800] "POST /xmlrpc.php HTTP/1.1" 200 3695 "-" "Mozilla/5.0 (X11; Ubuntu; Linux x86_64; rv:62.0) Gecko/20100101 Firefox/62.0" 
138.197.141.124 - - [29/Feb/2020:03:45:05 -0800] "GET /wp-login.php HTTP/1.1" 200 4809 "-" "Mozilla/5.0 (Windows NT 6.1) AppleWebKit/537.36 (KHTML, like Gecko) Chrome/63.0.3239.84 Safari/537.36" 
138.197.141.124 - - [29/Feb/2020:03:45:05 -0800] "POST /wp-login.php HTTP/1.1" 200 2128 "-" "Mozilla/5.0 (Windows NT 6.1) AppleWebKit/537.36 (KHTML, like Gecko) Chrome/63.0.3239.84 Safari/537.36" 
5.39.7.93 - - [29/Feb/2020:03:47:06 -0800] "GET /2020/sourdough-u-one-day-course-in-rome-5-april/ HTTP/1.1" 200 13636 "-" "Mozilla/5.0 (Macintosh; Intel Mac OS X 10_14_1) AppleWebKit/537.36 (KHTML, like Gecko) Chrome/71.0.3578.62 Safari/537.36" 
178.33.158.109 - - [29/Feb/2020:03:47:09 -0800] "GET /2020/sourdough-u-one-day-course-in-rome-5-april/ HTTP/1.1" 200 13635 "-" "Mozilla/5.0 (Macintosh; Intel Mac OS X 10_14_1) AppleWebKit/537.36 (KHTML, like Gecko) Chrome/71.0.3578.62 Safari/537.36" 
37.59.253.53 - - [29/Feb/2020:03:47:10 -0800] "GET /2020/sourdough-u-one-day-course-in-rome-5-april/ HTTP/1.1" 200 13635 "-" "Mozilla/5.0 (Macintosh; Intel Mac OS X 10_14_1) AppleWebKit/537.36 (KHTML, like Gecko) Chrome/71.0.3578.62 Safari/537.36" 
178.33.168.208 - - [29/Feb/2020:03:47:12 -0800] "GET /2020/sourdough-u-one-day-course-in-rome-5-april/ HTTP/1.1" 200 13633 "-" "Mozilla/5.0 (Macintosh; Intel Mac OS X 10_14_1) AppleWebKit/537.36 (KHTML, like Gecko) Chrome/71.0.3578.62 Safari/537.36" 
178.128.244.166 - - [29/Feb/2020:03:48:40 -0800] "GET /wp-login.php HTTP/1.1" 200 4828 "-" "Mozilla/5.0 (X11; Ubuntu; Linux x86_64; rv:62.0) Gecko/20100101 Firefox/62.0" 
178.128.244.166 - - [29/Feb/2020:03:48:40 -0800] "POST /wp-login.php HTTP/1.1" 200 5221 "-" "Mozilla/5.0 (X11; Ubuntu; Linux x86_64; rv:62.0) Gecko/20100101 Firefox/62.0" 
178.128.244.166 - - [29/Feb/2020:03:48:40 -0800] "GET /wp-login.php HTTP/1.1" 200 4828 "-" "Mozilla/5.0 (X11; Ubuntu; Linux x86_64; rv:62.0) Gecko/20100101 Firefox/62.0" 
178.128.244.166 - - [29/Feb/2020:03:48:41 -0800] "POST /wp-login.php HTTP/1.1" 200 5199 "-" "Mozilla/5.0 (X11; Ubuntu; Linux x86_64; rv:62.0) Gecko/20100101 Firefox/62.0" 
178.128.244.166 - - [29/Feb/2020:03:48:41 -0800] "POST /xmlrpc.php HTTP/1.1" 200 3695 "-" "Mozilla/5.0 (X11; Ubuntu; Linux x86_64; rv:62.0) Gecko/20100101 Firefox/62.0" 
209.124.88.26 - - [29/Feb/2020:03:49:36 -0800] "GET /wp-login.php HTTP/1.1" 200 4828 "-" "Mozilla/5.0 (X11; Ubuntu; Linux x86_64; rv:62.0) Gecko/20100101 Firefox/62.0" 
209.124.88.26 - - [29/Feb/2020:03:49:36 -0800] "POST /wp-login.php HTTP/1.1" 200 5203 "-" "Mozilla/5.0 (X11; Ubuntu; Linux x86_64; rv:62.0) Gecko/20100101 Firefox/62.0" 
209.124.88.26 - - [29/Feb/2020:03:49:36 -0800] "POST /xmlrpc.php HTTP/1.1" 200 3695 "-" "Mozilla/5.0 (X11; Ubuntu; Linux x86_64; rv:62.0) Gecko/20100101 Firefox/62.0" 
5.188.84.233 - - [29/Feb/2020:03:50:58 -0800] "GET /2013/pasta-madre-day-2013/ HTTP/1.0" 200 32926 "https://www.fornacalia.com/2013/pasta-madre-day-2013/#comment-1801/" "Mozilla/5.0 (Windows NT 6.1; Win64; x64) AppleWebKit/537.36 (KHTML, like Gecko) Chrome/68.0.3440.106 Safari/537.36" 
5.188.84.233 - - [29/Feb/2020:03:50:59 -0800] "POST /wp-comments-post.php HTTP/1.0" 302 4061 "https://www.fornacalia.com/2013/pasta-madre-day-2013/#comment-1801/" "Mozilla/5.0 (Windows NT 6.1; Win64; x64) AppleWebKit/537.36 (KHTML, like Gecko) Chrome/68.0.3440.106 Safari/537.36" 
35.200.161.138 - - [29/Feb/2020:03:54:34 -0800] "GET /wp-login.php HTTP/1.1" 200 4828 "-" "Mozilla/5.0 (X11; Ubuntu; Linux x86_64; rv:62.0) Gecko/20100101 Firefox/62.0" 
35.200.161.138 - - [29/Feb/2020:03:54:35 -0800] "POST /wp-login.php HTTP/1.1" 200 5203 "-" "Mozilla/5.0 (X11; Ubuntu; Linux x86_64; rv:62.0) Gecko/20100101 Firefox/62.0" 
35.200.161.138 - - [29/Feb/2020:03:54:36 -0800] "POST /xmlrpc.php HTTP/1.1" 200 3695 "-" "Mozilla/5.0 (X11; Ubuntu; Linux x86_64; rv:62.0) Gecko/20100101 Firefox/62.0" 
67.205.31.136 - - [29/Feb/2020:04:04:36 -0800] "GET /wp-login.php HTTP/1.1" 200 4828 "-" "Mozilla/5.0 (X11; Ubuntu; Linux x86_64; rv:62.0) Gecko/20100101 Firefox/62.0" 
67.205.31.136 - - [29/Feb/2020:04:04:36 -0800] "POST /wp-login.php HTTP/1.1" 200 5221 "-" "Mozilla/5.0 (X11; Ubuntu; Linux x86_64; rv:62.0) Gecko/20100101 Firefox/62.0" 
67.205.31.136 - - [29/Feb/2020:04:04:36 -0800] "GET /wp-login.php HTTP/1.1" 200 4828 "-" "Mozilla/5.0 (X11; Ubuntu; Linux x86_64; rv:62.0) Gecko/20100101 Firefox/62.0" 
67.205.31.136 - - [29/Feb/2020:04:04:36 -0800] "POST /wp-login.php HTTP/1.1" 200 5199 "-" "Mozilla/5.0 (X11; Ubuntu; Linux x86_64; rv:62.0) Gecko/20100101 Firefox/62.0" 
67.205.31.136 - - [29/Feb/2020:04:04:37 -0800] "POST /xmlrpc.php HTTP/1.1" 200 3695 "-" "Mozilla/5.0 (X11; Ubuntu; Linux x86_64; rv:62.0) Gecko/20100101 Firefox/62.0" 
157.245.251.22 - - [29/Feb/2020:04:04:51 -0800] "GET /wp-login.php HTTP/1.1" 200 4828 "-" "Mozilla/5.0 (X11; Ubuntu; Linux x86_64; rv:62.0) Gecko/20100101 Firefox/62.0" 
157.245.251.22 - - [29/Feb/2020:04:04:51 -0800] "POST /wp-login.php HTTP/1.1" 200 5203 "-" "Mozilla/5.0 (X11; Ubuntu; Linux x86_64; rv:62.0) Gecko/20100101 Firefox/62.0" 
157.245.251.22 - - [29/Feb/2020:04:04:51 -0800] "POST /xmlrpc.php HTTP/1.1" 200 3695 "-" "Mozilla/5.0 (X11; Ubuntu; Linux x86_64; rv:62.0) Gecko/20100101 Firefox/62.0" 
125.212.217.250 - - [29/Feb/2020:04:09:54 -0800] "GET /wp-login.php HTTP/1.1" 200 4828 "-" "Mozilla/5.0 (X11; Ubuntu; Linux x86_64; rv:62.0) Gecko/20100101 Firefox/62.0" 
125.212.217.250 - - [29/Feb/2020:04:09:56 -0800] "POST /wp-login.php HTTP/1.1" 200 5203 "-" "Mozilla/5.0 (X11; Ubuntu; Linux x86_64; rv:62.0) Gecko/20100101 Firefox/62.0" 
125.212.217.250 - - [29/Feb/2020:04:09:57 -0800] "POST /xmlrpc.php HTTP/1.1" 200 3695 "-" "Mozilla/5.0 (X11; Ubuntu; Linux x86_64; rv:62.0) Gecko/20100101 Firefox/62.0" 
45.252.250.106 - - [29/Feb/2020:04:15:46 -0800] "GET /wp-login.php HTTP/1.1" 200 4828 "-" "Mozilla/5.0 (X11; Ubuntu; Linux x86_64; rv:62.0) Gecko/20100101 Firefox/62.0" 
45.252.250.106 - - [29/Feb/2020:04:15:49 -0800] "POST /wp-login.php HTTP/1.1" 200 5203 "-" "Mozilla/5.0 (X11; Ubuntu; Linux x86_64; rv:62.0) Gecko/20100101 Firefox/62.0" 
45.252.250.106 - - [29/Feb/2020:04:15:51 -0800] "POST /xmlrpc.php HTTP/1.1" 200 3695 "-" "Mozilla/5.0 (X11; Ubuntu; Linux x86_64; rv:62.0) Gecko/20100101 Firefox/62.0" 
5.188.84.25 - - [29/Feb/2020:04:19:56 -0800] "GET /2013/pasta-madre-day-2013/ HTTP/1.0" 200 32926 "https://www.fornacalia.com/2013/pasta-madre-day-2013/#comment-1801/" "Mozilla/5.0 (Windows NT 10.0; Win64; x64) AppleWebKit/537.36 (KHTML, like Gecko) Chrome/68.0.3440.84 Safari/537.36" 
5.188.84.25 - - [29/Feb/2020:04:19:57 -0800] "POST /wp-comments-post.php HTTP/1.0" 302 4061 "https://www.fornacalia.com/2013/pasta-madre-day-2013/#comment-1801/" "Mozilla/5.0 (Windows NT 10.0; Win64; x64) AppleWebKit/537.36 (KHTML, like Gecko) Chrome/68.0.3440.84 Safari/537.36" 
94.127.135.210 - - [29/Feb/2020:04:20:40 -0800] "GET /wp-login.php HTTP/1.1" 200 4828 "-" "Mozilla/5.0 (X11; Ubuntu; Linux x86_64; rv:62.0) Gecko/20100101 Firefox/62.0" 
94.127.135.210 - - [29/Feb/2020:04:20:41 -0800] "POST /wp-login.php HTTP/1.1" 200 5203 "-" "Mozilla/5.0 (X11; Ubuntu; Linux x86_64; rv:62.0) Gecko/20100101 Firefox/62.0" 
94.127.135.210 - - [29/Feb/2020:04:20:41 -0800] "POST /xmlrpc.php HTTP/1.1" 200 3695 "-" "Mozilla/5.0 (X11; Ubuntu; Linux x86_64; rv:62.0) Gecko/20100101 Firefox/62.0" 
142.93.204.221 - - [29/Feb/2020:04:21:03 -0800] "GET /wp-login.php HTTP/1.1" 200 4828 "-" "Mozilla/5.0 (X11; Ubuntu; Linux x86_64; rv:62.0) Gecko/20100101 Firefox/62.0" 
142.93.204.221 - - [29/Feb/2020:04:21:08 -0800] "POST /wp-login.php HTTP/1.1" 200 5221 "-" "Mozilla/5.0 (X11; Ubuntu; Linux x86_64; rv:62.0) Gecko/20100101 Firefox/62.0" 
142.93.204.221 - - [29/Feb/2020:04:21:13 -0800] "GET /wp-login.php HTTP/1.1" 200 4828 "-" "Mozilla/5.0 (X11; Ubuntu; Linux x86_64; rv:62.0) Gecko/20100101 Firefox/62.0" 
142.93.204.221 - - [29/Feb/2020:04:21:13 -0800] "POST /wp-login.php HTTP/1.1" 200 5199 "-" "Mozilla/5.0 (X11; Ubuntu; Linux x86_64; rv:62.0) Gecko/20100101 Firefox/62.0" 
142.93.204.221 - - [29/Feb/2020:04:21:18 -0800] "POST /xmlrpc.php HTTP/1.1" 200 3695 "-" "Mozilla/5.0 (X11; Ubuntu; Linux x86_64; rv:62.0) Gecko/20100101 Firefox/62.0" 
157.245.160.74 - - [29/Feb/2020:04:21:41 -0800] "GET /wp-login.php HTTP/1.1" 200 4809 "-" "Mozilla/5.0 (Windows NT 6.1) AppleWebKit/537.36 (KHTML, like Gecko) Chrome/63.0.3239.84 Safari/537.36" 
157.245.160.74 - - [29/Feb/2020:04:21:41 -0800] "POST /wp-login.php HTTP/1.1" 200 2128 "-" "Mozilla/5.0 (Windows NT 6.1) AppleWebKit/537.36 (KHTML, like Gecko) Chrome/63.0.3239.84 Safari/537.36" 
5.188.84.65 - - [29/Feb/2020:04:22:38 -0800] "GET /2013/pasta-madre-day-2013/ HTTP/1.0" 200 32926 "https://www.fornacalia.com/2013/pasta-madre-day-2013/#comment-1801/" "Mozilla/5.0 (Windows NT 6.1) AppleWebKit/537.36 (KHTML, like Gecko) Chrome/68.0.3440.106 Safari/537.36 Kinza/4.9.1" 
5.188.84.65 - - [29/Feb/2020:04:22:39 -0800] "POST /wp-comments-post.php HTTP/1.0" 302 4061 "https://www.fornacalia.com/2013/pasta-madre-day-2013/#comment-1801/" "Mozilla/5.0 (Windows NT 6.1) AppleWebKit/537.36 (KHTML, like Gecko) Chrome/68.0.3440.106 Safari/537.36 Kinza/4.9.1" 
88.87.139.88 - - [29/Feb/2020:04:25:53 -0800] "GET /wp-login.php HTTP/1.1" 200 4828 "-" "Mozilla/5.0 (X11; Ubuntu; Linux x86_64; rv:62.0) Gecko/20100101 Firefox/62.0" 
88.87.139.88 - - [29/Feb/2020:04:25:54 -0800] "POST /wp-login.php HTTP/1.1" 200 5203 "-" "Mozilla/5.0 (X11; Ubuntu; Linux x86_64; rv:62.0) Gecko/20100101 Firefox/62.0" 
88.87.139.88 - - [29/Feb/2020:04:25:54 -0800] "POST /xmlrpc.php HTTP/1.1" 200 3695 "-" "Mozilla/5.0 (X11; Ubuntu; Linux x86_64; rv:62.0) Gecko/20100101 Firefox/62.0" 
5.188.84.233 - - [29/Feb/2020:04:29:06 -0800] "GET /2013/pasta-madre-day-2013/ HTTP/1.0" 200 32926 "https://www.fornacalia.com/2013/pasta-madre-day-2013/#comment-1801/" "Mozilla/5.0 (Windows NT 5.1) AppleWebKit/537.36 (KHTML, like Gecko) Chrome/49.0.2623.112 Safari/537.36" 
5.188.84.233 - - [29/Feb/2020:04:29:07 -0800] "POST /wp-comments-post.php HTTP/1.0" 302 4061 "https://www.fornacalia.com/2013/pasta-madre-day-2013/#comment-1801/" "Mozilla/5.0 (Windows NT 5.1) AppleWebKit/537.36 (KHTML, like Gecko) Chrome/49.0.2623.112 Safari/537.36" 
66.249.70.15 - - [29/Feb/2020:04:37:18 -0800] "GET /2020/sourdough-u-one-day-course-in-rome-5-april/ HTTP/1.1" 200 13866 "-" "Mozilla/5.0 (Linux; Android 6.0.1; Nexus 5X Build/MMB29P) AppleWebKit/537.36 (KHTML, like Gecko) Chrome/80.0.3987.92 Mobile Safari/537.36 (compatible; Googlebot/2.1; +http://www.google.com/bot.html)" 
163.172.60.213 - - [29/Feb/2020:04:37:28 -0800] "GET /wp-login.php HTTP/1.1" 200 4828 "-" "Mozilla/5.0 (X11; Ubuntu; Linux x86_64; rv:62.0) Gecko/20100101 Firefox/62.0" 
163.172.60.213 - - [29/Feb/2020:04:37:29 -0800] "POST /wp-login.php HTTP/1.1" 200 5221 "-" "Mozilla/5.0 (X11; Ubuntu; Linux x86_64; rv:62.0) Gecko/20100101 Firefox/62.0" 
163.172.60.213 - - [29/Feb/2020:04:37:29 -0800] "GET /wp-login.php HTTP/1.1" 200 4828 "-" "Mozilla/5.0 (X11; Ubuntu; Linux x86_64; rv:62.0) Gecko/20100101 Firefox/62.0" 
163.172.60.213 - - [29/Feb/2020:04:37:29 -0800] "POST /wp-login.php HTTP/1.1" 200 5199 "-" "Mozilla/5.0 (X11; Ubuntu; Linux x86_64; rv:62.0) Gecko/20100101 Firefox/62.0" 
163.172.60.213 - - [29/Feb/2020:04:37:30 -0800] "POST /xmlrpc.php HTTP/1.1" 200 3695 "-" "Mozilla/5.0 (X11; Ubuntu; Linux x86_64; rv:62.0) Gecko/20100101 Firefox/62.0" 
66.249.70.15 - - [29/Feb/2020:04:40:12 -0800] "GET /wp-content/uploads/2019/11/resting-1024x502.png HTTP/1.1" 304 3571 "-" "Googlebot-Image/1.0" 
157.230.98.203 - - [29/Feb/2020:04:41:25 -0800] "GET /wp-login.php HTTP/1.1" 200 4828 "-" "Mozilla/5.0 (X11; Ubuntu; Linux x86_64; rv:62.0) Gecko/20100101 Firefox/62.0" 
64.111.100.215 - - [29/Feb/2020:04:41:25 -0800] "POST /wp-cron.php?doing_wp_cron=1582980085.3005011081695556640625 HTTP/1.1" 200 3492 "https://www.fornacalia.com/wp-cron.php?doing_wp_cron=1582980085.3005011081695556640625" "WordPress/5.2.5; https://www.fornacalia.com" 
157.230.98.203 - - [29/Feb/2020:04:41:26 -0800] "POST /wp-login.php HTTP/1.1" 200 5203 "-" "Mozilla/5.0 (X11; Ubuntu; Linux x86_64; rv:62.0) Gecko/20100101 Firefox/62.0" 
157.230.98.203 - - [29/Feb/2020:04:41:28 -0800] "POST /xmlrpc.php HTTP/1.1" 200 3695 "-" "Mozilla/5.0 (X11; Ubuntu; Linux x86_64; rv:62.0) Gecko/20100101 Firefox/62.0" 
5.188.84.220 - - [29/Feb/2020:04:45:00 -0800] "GET /2013/pasta-madre-day-2013/ HTTP/1.0" 200 32926 "https://www.fornacalia.com/2013/pasta-madre-day-2013/#comment-1801/" "Mozilla/5.0 (Windows NT 10.0; Win64; x64) AppleWebKit/537.36 (KHTML, like Gecko) Chrome/66.0.3359.181 Safari/537.36" 
64.111.100.215 - - [29/Feb/2020:04:45:00 -0800] "POST /wp-cron.php?doing_wp_cron=1582980300.3302059173583984375000 HTTP/1.1" 200 3492 "https://www.fornacalia.com/wp-cron.php?doing_wp_cron=1582980300.3302059173583984375000" "WordPress/5.2.5; https://www.fornacalia.com" 
5.188.84.220 - - [29/Feb/2020:04:45:02 -0800] "POST /wp-comments-post.php HTTP/1.0" 302 4061 "https://www.fornacalia.com/2013/pasta-madre-day-2013/#comment-1801/" "Mozilla/5.0 (Windows NT 10.0; Win64; x64) AppleWebKit/537.36 (KHTML, like Gecko) Chrome/66.0.3359.181 Safari/537.36" 
128.199.171.89 - - [29/Feb/2020:04:46:38 -0800] "GET /wp-login.php HTTP/1.1" 200 4828 "-" "Mozilla/5.0 (X11; Ubuntu; Linux x86_64; rv:62.0) Gecko/20100101 Firefox/62.0" 
128.199.171.89 - - [29/Feb/2020:04:46:39 -0800] "POST /wp-login.php HTTP/1.1" 200 5203 "-" "Mozilla/5.0 (X11; Ubuntu; Linux x86_64; rv:62.0) Gecko/20100101 Firefox/62.0" 
128.199.171.89 - - [29/Feb/2020:04:46:40 -0800] "POST /xmlrpc.php HTTP/1.1" 200 3695 "-" "Mozilla/5.0 (X11; Ubuntu; Linux x86_64; rv:62.0) Gecko/20100101 Firefox/62.0" 
167.172.76.253 - - [29/Feb/2020:04:51:42 -0800] "GET /wp-login.php HTTP/1.1" 200 4828 "-" "Mozilla/5.0 (X11; Ubuntu; Linux x86_64; rv:62.0) Gecko/20100101 Firefox/62.0" 
167.172.76.253 - - [29/Feb/2020:04:51:43 -0800] "POST /wp-login.php HTTP/1.1" 200 5203 "-" "Mozilla/5.0 (X11; Ubuntu; Linux x86_64; rv:62.0) Gecko/20100101 Firefox/62.0" 
167.172.76.253 - - [29/Feb/2020:04:51:44 -0800] "POST /xmlrpc.php HTTP/1.1" 200 3695 "-" "Mozilla/5.0 (X11; Ubuntu; Linux x86_64; rv:62.0) Gecko/20100101 Firefox/62.0" 
5.188.84.35 - - [29/Feb/2020:04:52:47 -0800] "GET /2013/pasta-madre-day-2013/ HTTP/1.0" 200 32926 "https://www.fornacalia.com/2013/pasta-madre-day-2013/#comment-1801/" "Mozilla/5.0 (Windows NT 10.0; Win64; x64) AppleWebKit/537.36 (KHTML, like Gecko) Chrome/68.0.3440.84 Safari/537.36" 
5.188.84.35 - - [29/Feb/2020:04:52:48 -0800] "POST /wp-comments-post.php HTTP/1.0" 302 4061 "https://www.fornacalia.com/2013/pasta-madre-day-2013/#comment-1801/" "Mozilla/5.0 (Windows NT 10.0; Win64; x64) AppleWebKit/537.36 (KHTML, like Gecko) Chrome/68.0.3440.84 Safari/537.36" 
142.93.59.35 - - [29/Feb/2020:04:53:06 -0800] "GET /wp-login.php HTTP/1.1" 200 4828 "-" "Mozilla/5.0 (X11; Ubuntu; Linux x86_64; rv:62.0) Gecko/20100101 Firefox/62.0" 
142.93.59.35 - - [29/Feb/2020:04:53:06 -0800] "POST /wp-login.php HTTP/1.1" 200 5221 "-" "Mozilla/5.0 (X11; Ubuntu; Linux x86_64; rv:62.0) Gecko/20100101 Firefox/62.0" 
142.93.59.35 - - [29/Feb/2020:04:53:06 -0800] "GET /wp-login.php HTTP/1.1" 200 4828 "-" "Mozilla/5.0 (X11; Ubuntu; Linux x86_64; rv:62.0) Gecko/20100101 Firefox/62.0" 
142.93.59.35 - - [29/Feb/2020:04:53:06 -0800] "POST /wp-login.php HTTP/1.1" 200 5199 "-" "Mozilla/5.0 (X11; Ubuntu; Linux x86_64; rv:62.0) Gecko/20100101 Firefox/62.0" 
142.93.59.35 - - [29/Feb/2020:04:53:06 -0800] "POST /xmlrpc.php HTTP/1.1" 200 3695 "-" "Mozilla/5.0 (X11; Ubuntu; Linux x86_64; rv:62.0) Gecko/20100101 Firefox/62.0" 
192.251.238.4 - - [29/Feb/2020:04:57:05 -0800] "GET /wp-login.php HTTP/1.1" 200 4828 "-" "Mozilla/5.0 (X11; Ubuntu; Linux x86_64; rv:62.0) Gecko/20100101 Firefox/62.0" 
192.251.238.4 - - [29/Feb/2020:04:57:06 -0800] "POST /wp-login.php HTTP/1.1" 200 5203 "-" "Mozilla/5.0 (X11; Ubuntu; Linux x86_64; rv:62.0) Gecko/20100101 Firefox/62.0" 
192.251.238.4 - - [29/Feb/2020:04:57:06 -0800] "POST /xmlrpc.php HTTP/1.1" 200 3695 "-" "Mozilla/5.0 (X11; Ubuntu; Linux x86_64; rv:62.0) Gecko/20100101 Firefox/62.0" 
128.199.70.211 - - [29/Feb/2020:05:02:27 -0800] "GET /wp-login.php HTTP/1.1" 200 4828 "-" "Mozilla/5.0 (X11; Ubuntu; Linux x86_64; rv:62.0) Gecko/20100101 Firefox/62.0" 
128.199.70.211 - - [29/Feb/2020:05:02:29 -0800] "POST /wp-login.php HTTP/1.1" 200 5203 "-" "Mozilla/5.0 (X11; Ubuntu; Linux x86_64; rv:62.0) Gecko/20100101 Firefox/62.0" 
128.199.70.211 - - [29/Feb/2020:05:02:30 -0800] "POST /xmlrpc.php HTTP/1.1" 200 3695 "-" "Mozilla/5.0 (X11; Ubuntu; Linux x86_64; rv:62.0) Gecko/20100101 Firefox/62.0" 
5.188.84.80 - - [29/Feb/2020:05:02:32 -0800] "GET /2013/pasta-madre-day-2013/ HTTP/1.0" 200 32926 "https://www.fornacalia.com/2013/pasta-madre-day-2013/#comment-1801/" "Mozilla/5.0 (Windows NT 10.0; Win64; x64) AppleWebKit/537.36 (KHTML, like Gecko) Chrome/58.0.3029.110 Safari/537.36 Edge/16.16299" 
5.188.84.80 - - [29/Feb/2020:05:02:33 -0800] "POST /wp-comments-post.php HTTP/1.0" 302 4061 "https://www.fornacalia.com/2013/pasta-madre-day-2013/#comment-1801/" "Mozilla/5.0 (Windows NT 10.0; Win64; x64) AppleWebKit/537.36 (KHTML, like Gecko) Chrome/58.0.3029.110 Safari/537.36 Edge/16.16299" 
139.59.28.60 - - [29/Feb/2020:05:07:45 -0800] "GET /wp-login.php HTTP/1.1" 200 4828 "-" "Mozilla/5.0 (X11; Ubuntu; Linux x86_64; rv:62.0) Gecko/20100101 Firefox/62.0" 
139.59.28.60 - - [29/Feb/2020:05:07:47 -0800] "POST /wp-login.php HTTP/1.1" 200 5203 "-" "Mozilla/5.0 (X11; Ubuntu; Linux x86_64; rv:62.0) Gecko/20100101 Firefox/62.0" 
139.59.28.60 - - [29/Feb/2020:05:07:48 -0800] "POST /xmlrpc.php HTTP/1.1" 200 3695 "-" "Mozilla/5.0 (X11; Ubuntu; Linux x86_64; rv:62.0) Gecko/20100101 Firefox/62.0" 
207.154.224.103 - - [29/Feb/2020:05:09:30 -0800] "GET /wp-login.php HTTP/1.1" 200 4828 "-" "Mozilla/5.0 (X11; Ubuntu; Linux x86_64; rv:62.0) Gecko/20100101 Firefox/62.0" 
207.154.224.103 - - [29/Feb/2020:05:09:31 -0800] "POST /wp-login.php HTTP/1.1" 200 5221 "-" "Mozilla/5.0 (X11; Ubuntu; Linux x86_64; rv:62.0) Gecko/20100101 Firefox/62.0" 
207.154.224.103 - - [29/Feb/2020:05:09:31 -0800] "GET /wp-login.php HTTP/1.1" 200 4828 "-" "Mozilla/5.0 (X11; Ubuntu; Linux x86_64; rv:62.0) Gecko/20100101 Firefox/62.0" 
207.154.224.103 - - [29/Feb/2020:05:09:32 -0800] "POST /wp-login.php HTTP/1.1" 200 5199 "-" "Mozilla/5.0 (X11; Ubuntu; Linux x86_64; rv:62.0) Gecko/20100101 Firefox/62.0" 
207.154.224.103 - - [29/Feb/2020:05:09:32 -0800] "POST /xmlrpc.php HTTP/1.1" 200 3695 "-" "Mozilla/5.0 (X11; Ubuntu; Linux x86_64; rv:62.0) Gecko/20100101 Firefox/62.0" 
178.62.96.66 - - [29/Feb/2020:05:13:02 -0800] "GET /wp-login.php HTTP/1.1" 200 4828 "-" "Mozilla/5.0 (X11; Ubuntu; Linux x86_64; rv:62.0) Gecko/20100101 Firefox/62.0" 
178.62.96.66 - - [29/Feb/2020:05:13:03 -0800] "POST /wp-login.php HTTP/1.1" 200 5203 "-" "Mozilla/5.0 (X11; Ubuntu; Linux x86_64; rv:62.0) Gecko/20100101 Firefox/62.0" 
178.62.96.66 - - [29/Feb/2020:05:13:03 -0800] "POST /xmlrpc.php HTTP/1.1" 200 3695 "-" "Mozilla/5.0 (X11; Ubuntu; Linux x86_64; rv:62.0) Gecko/20100101 Firefox/62.0" 
5.188.84.80 - - [29/Feb/2020:05:17:18 -0800] "GET /2013/pasta-madre-day-2013/ HTTP/1.0" 200 32926 "https://www.fornacalia.com/2013/pasta-madre-day-2013/#comment-1801/" "Mozilla/5.0 (Windows NT 6.1; WOW64) AppleWebKit/537.36 (KHTML, like Gecko) Chrome/66.0.3359.170 Safari/537.36 OPR/53.0.2907.99" 
5.188.84.80 - - [29/Feb/2020:05:17:19 -0800] "POST /wp-comments-post.php HTTP/1.0" 302 4061 "https://www.fornacalia.com/2013/pasta-madre-day-2013/#comment-1801/" "Mozilla/5.0 (Windows NT 6.1; WOW64) AppleWebKit/537.36 (KHTML, like Gecko) Chrome/66.0.3359.170 Safari/537.36 OPR/53.0.2907.99" 
62.210.100.192 - - [29/Feb/2020:05:18:09 -0800] "GET /wp-login.php HTTP/1.1" 200 4828 "-" "Mozilla/5.0 (X11; Ubuntu; Linux x86_64; rv:62.0) Gecko/20100101 Firefox/62.0" 
62.210.100.192 - - [29/Feb/2020:05:18:09 -0800] "POST /wp-login.php HTTP/1.1" 200 5203 "-" "Mozilla/5.0 (X11; Ubuntu; Linux x86_64; rv:62.0) Gecko/20100101 Firefox/62.0" 
62.210.100.192 - - [29/Feb/2020:05:18:15 -0800] "POST /xmlrpc.php HTTP/1.1" 200 3695 "-" "Mozilla/5.0 (X11; Ubuntu; Linux x86_64; rv:62.0) Gecko/20100101 Firefox/62.0" 
5.188.84.25 - - [29/Feb/2020:05:18:56 -0800] "GET /2013/pasta-madre-day-2013/ HTTP/1.0" 200 32926 "https://www.fornacalia.com/2013/pasta-madre-day-2013/#comment-1801/" "Mozilla/5.0 (Windows NT 10.0; Win64; x64) AppleWebKit/537.36 (KHTML, like Gecko) Chrome/68.0.3440.106 Safari/537.36" 
5.188.84.25 - - [29/Feb/2020:05:18:57 -0800] "POST /wp-comments-post.php HTTP/1.0" 302 4061 "https://www.fornacalia.com/2013/pasta-madre-day-2013/#comment-1801/" "Mozilla/5.0 (Windows NT 10.0; Win64; x64) AppleWebKit/537.36 (KHTML, like Gecko) Chrome/68.0.3440.106 Safari/537.36" 
5.188.84.35 - - [29/Feb/2020:05:19:55 -0800] "GET /2013/pasta-madre-day-2013/ HTTP/1.0" 200 32926 "https://www.fornacalia.com/2013/pasta-madre-day-2013/#comment-1801/" "Mozilla/5.0 (Windows NT 10.0; Win64; x64) AppleWebKit/537.36 (KHTML, like Gecko) Chrome/64.0.3282.140 Safari/537.36 Edge/17.17134" 
5.188.84.35 - - [29/Feb/2020:05:19:56 -0800] "POST /wp-comments-post.php HTTP/1.0" 302 4061 "https://www.fornacalia.com/2013/pasta-madre-day-2013/#comment-1801/" "Mozilla/5.0 (Windows NT 10.0; Win64; x64) AppleWebKit/537.36 (KHTML, like Gecko) Chrome/64.0.3282.140 Safari/537.36 Edge/17.17134" 
206.189.146.232 - - [29/Feb/2020:05:22:57 -0800] "GET /wp-login.php HTTP/1.1" 200 4828 "-" "Mozilla/5.0 (X11; Ubuntu; Linux x86_64; rv:62.0) Gecko/20100101 Firefox/62.0" 
206.189.146.232 - - [29/Feb/2020:05:22:58 -0800] "POST /wp-login.php HTTP/1.1" 200 5203 "-" "Mozilla/5.0 (X11; Ubuntu; Linux x86_64; rv:62.0) Gecko/20100101 Firefox/62.0" 
206.189.146.232 - - [29/Feb/2020:05:22:59 -0800] "POST /xmlrpc.php HTTP/1.1" 200 3695 "-" "Mozilla/5.0 (X11; Ubuntu; Linux x86_64; rv:62.0) Gecko/20100101 Firefox/62.0" 
5.255.250.33 - - [29/Feb/2020:05:23:06 -0800] "GET /author/jeremy/ HTTP/1.1" 200 17439 "-" "Mozilla/5.0 (compatible; YandexBot/3.0; +http://yandex.com/bots)" 
5.188.84.15 - - [29/Feb/2020:05:26:48 -0800] "GET /2013/pasta-madre-day-2013/ HTTP/1.0" 200 32926 "https://www.fornacalia.com/2013/pasta-madre-day-2013/#comment-1801/" "Mozilla/5.0 (Windows NT 10.0; Win64; x64) AppleWebKit/537.36 (KHTML, like Gecko) Chrome/64.0.3282.140 Safari/537.36 Edge/17.17134" 
5.188.84.15 - - [29/Feb/2020:05:26:49 -0800] "POST /wp-comments-post.php HTTP/1.0" 302 4061 "https://www.fornacalia.com/2013/pasta-madre-day-2013/#comment-1801/" "Mozilla/5.0 (Windows NT 10.0; Win64; x64) AppleWebKit/537.36 (KHTML, like Gecko) Chrome/64.0.3282.140 Safari/537.36 Edge/17.17134" 
165.22.107.243 - - [29/Feb/2020:05:27:52 -0800] "GET /wp-login.php HTTP/1.1" 200 4828 "http://www.fornacalia.com/wp-login.php" "Mozilla/5.0 (X11; Ubuntu; Linux x86_64; rv:62.0) Gecko/20100101 Firefox/62.0" 
165.22.107.243 - - [29/Feb/2020:05:27:54 -0800] "GET /author/jeremy/ HTTP/1.1" 200 17202 "http://www.fornacalia.com/?author=1" "Mozilla/5.0 (X11; Ubuntu; Linux x86_64; rv:62.0) Gecko/20100101 Firefox/62.0" 
142.93.119.123 - - [29/Feb/2020:05:28:53 -0800] "GET /wp-login.php HTTP/1.1" 200 4828 "-" "Mozilla/5.0 (X11; Ubuntu; Linux x86_64; rv:62.0) Gecko/20100101 Firefox/62.0" 
142.93.119.123 - - [29/Feb/2020:05:28:56 -0800] "POST /wp-login.php HTTP/1.1" 200 5203 "-" "Mozilla/5.0 (X11; Ubuntu; Linux x86_64; rv:62.0) Gecko/20100101 Firefox/62.0" 
142.93.119.123 - - [29/Feb/2020:05:28:59 -0800] "POST /xmlrpc.php HTTP/1.1" 200 3695 "-" "Mozilla/5.0 (X11; Ubuntu; Linux x86_64; rv:62.0) Gecko/20100101 Firefox/62.0" 
5.188.84.220 - - [29/Feb/2020:05:37:27 -0800] "GET /2013/pasta-madre-day-2013/ HTTP/1.0" 200 32926 "https://www.fornacalia.com/2013/pasta-madre-day-2013/#comment-1801/" "Mozilla/5.0 (Windows NT 6.1; Win64; x64) AppleWebKit/537.36 (KHTML, like Gecko) Chrome/67.0.3396.87 Safari/537.36 OPR/54.0.2952.64" 
5.188.84.220 - - [29/Feb/2020:05:37:29 -0800] "POST /wp-comments-post.php HTTP/1.0" 302 4061 "https://www.fornacalia.com/2013/pasta-madre-day-2013/#comment-1801/" "Mozilla/5.0 (Windows NT 6.1; Win64; x64) AppleWebKit/537.36 (KHTML, like Gecko) Chrome/67.0.3396.87 Safari/537.36 OPR/54.0.2952.64" 
188.165.219.217 - - [29/Feb/2020:05:37:31 -0800] "GET /wp-login.php HTTP/1.1" 200 4828 "-" "Mozilla/5.0 (X11; Ubuntu; Linux x86_64; rv:62.0) Gecko/20100101 Firefox/62.0" 
188.165.219.217 - - [29/Feb/2020:05:37:32 -0800] "POST /wp-login.php HTTP/1.1" 200 5221 "-" "Mozilla/5.0 (X11; Ubuntu; Linux x86_64; rv:62.0) Gecko/20100101 Firefox/62.0" 
188.165.219.217 - - [29/Feb/2020:05:37:32 -0800] "GET /wp-login.php HTTP/1.1" 200 4828 "-" "Mozilla/5.0 (X11; Ubuntu; Linux x86_64; rv:62.0) Gecko/20100101 Firefox/62.0" 
188.165.219.217 - - [29/Feb/2020:05:37:32 -0800] "POST /wp-login.php HTTP/1.1" 200 5199 "-" "Mozilla/5.0 (X11; Ubuntu; Linux x86_64; rv:62.0) Gecko/20100101 Firefox/62.0" 
188.165.219.217 - - [29/Feb/2020:05:37:33 -0800] "POST /xmlrpc.php HTTP/1.1" 200 3695 "-" "Mozilla/5.0 (X11; Ubuntu; Linux x86_64; rv:62.0) Gecko/20100101 Firefox/62.0" 
47.91.229.187 - - [29/Feb/2020:05:37:42 -0800] "GET /wp-login.php HTTP/1.1" 200 4809 "-" "Mozilla/5.0 (Windows NT 6.1) AppleWebKit/537.36 (KHTML, like Gecko) Chrome/63.0.3239.84 Safari/537.36" 
47.91.229.187 - - [29/Feb/2020:05:37:42 -0800] "POST /wp-login.php HTTP/1.1" 200 2128 "-" "Mozilla/5.0 (Windows NT 6.1) AppleWebKit/537.36 (KHTML, like Gecko) Chrome/63.0.3239.84 Safari/537.36" 
188.165.228.86 - - [29/Feb/2020:05:38:56 -0800] "GET /wp-login.php HTTP/1.1" 200 4828 "-" "Mozilla/5.0 (X11; Ubuntu; Linux x86_64; rv:62.0) Gecko/20100101 Firefox/62.0" 
188.165.228.86 - - [29/Feb/2020:05:38:57 -0800] "POST /wp-login.php HTTP/1.1" 200 5221 "-" "Mozilla/5.0 (X11; Ubuntu; Linux x86_64; rv:62.0) Gecko/20100101 Firefox/62.0" 
188.165.228.86 - - [29/Feb/2020:05:38:57 -0800] "GET /wp-login.php HTTP/1.1" 200 4828 "-" "Mozilla/5.0 (X11; Ubuntu; Linux x86_64; rv:62.0) Gecko/20100101 Firefox/62.0" 
188.165.228.86 - - [29/Feb/2020:05:38:57 -0800] "POST /wp-login.php HTTP/1.1" 200 5199 "-" "Mozilla/5.0 (X11; Ubuntu; Linux x86_64; rv:62.0) Gecko/20100101 Firefox/62.0" 
188.165.228.86 - - [29/Feb/2020:05:38:58 -0800] "POST /xmlrpc.php HTTP/1.1" 200 3695 "-" "Mozilla/5.0 (X11; Ubuntu; Linux x86_64; rv:62.0) Gecko/20100101 Firefox/62.0" 
159.65.161.61 - - [29/Feb/2020:05:39:08 -0800] "GET /wp-login.php HTTP/1.1" 200 4828 "-" "Mozilla/5.0 (X11; Ubuntu; Linux x86_64; rv:62.0) Gecko/20100101 Firefox/62.0" 
159.65.161.61 - - [29/Feb/2020:05:39:08 -0800] "POST /wp-login.php HTTP/1.1" 200 5203 "-" "Mozilla/5.0 (X11; Ubuntu; Linux x86_64; rv:62.0) Gecko/20100101 Firefox/62.0" 
159.65.161.61 - - [29/Feb/2020:05:39:08 -0800] "POST /xmlrpc.php HTTP/1.1" 200 3695 "-" "Mozilla/5.0 (X11; Ubuntu; Linux x86_64; rv:62.0) Gecko/20100101 Firefox/62.0" 
5.188.84.45 - - [29/Feb/2020:05:39:42 -0800] "GET /2013/pasta-madre-day-2013/ HTTP/1.0" 200 32926 "https://www.fornacalia.com/2013/pasta-madre-day-2013/#comment-1801/" "Mozilla/5.0 (Windows NT 10.0; Win64; x64) AppleWebKit/537.36 (KHTML, like Gecko) Chrome/67.0.3396.87 Safari/537.36 OPR/54.0.2952.54" 
5.188.84.45 - - [29/Feb/2020:05:39:43 -0800] "POST /wp-comments-post.php HTTP/1.0" 302 4061 "https://www.fornacalia.com/2013/pasta-madre-day-2013/#comment-1801/" "Mozilla/5.0 (Windows NT 10.0; Win64; x64) AppleWebKit/537.36 (KHTML, like Gecko) Chrome/67.0.3396.87 Safari/537.36 OPR/54.0.2952.54" 
5.188.84.65 - - [29/Feb/2020:05:41:22 -0800] "GET /2013/pasta-madre-day-2013/ HTTP/1.0" 200 32926 "https://www.fornacalia.com/2013/pasta-madre-day-2013/#comment-1801/" "Mozilla/5.0 (Windows NT 6.1; Win64; x64) AppleWebKit/537.36 (KHTML, like Gecko) Chrome/66.0.3359.170 Safari/537.36 OPR/53.0.2907.106" 
5.188.84.65 - - [29/Feb/2020:05:41:23 -0800] "POST /wp-comments-post.php HTTP/1.0" 302 4061 "https://www.fornacalia.com/2013/pasta-madre-day-2013/#comment-1801/" "Mozilla/5.0 (Windows NT 6.1; Win64; x64) AppleWebKit/537.36 (KHTML, like Gecko) Chrome/66.0.3359.170 Safari/537.36 OPR/53.0.2907.106" 
94.127.135.210 - - [29/Feb/2020:05:44:12 -0800] "GET /wp-login.php HTTP/1.1" 200 4828 "-" "Mozilla/5.0 (X11; Ubuntu; Linux x86_64; rv:62.0) Gecko/20100101 Firefox/62.0" 
64.111.100.215 - - [29/Feb/2020:05:44:12 -0800] "POST /wp-cron.php?doing_wp_cron=1582983852.3448719978332519531250 HTTP/1.1" 200 3492 "https://www.fornacalia.com/wp-cron.php?doing_wp_cron=1582983852.3448719978332519531250" "WordPress/5.2.5; https://www.fornacalia.com" 
94.127.135.210 - - [29/Feb/2020:05:44:13 -0800] "POST /wp-login.php HTTP/1.1" 200 5203 "-" "Mozilla/5.0 (X11; Ubuntu; Linux x86_64; rv:62.0) Gecko/20100101 Firefox/62.0" 
94.127.135.210 - - [29/Feb/2020:05:44:14 -0800] "POST /xmlrpc.php HTTP/1.1" 200 3695 "-" "Mozilla/5.0 (X11; Ubuntu; Linux x86_64; rv:62.0) Gecko/20100101 Firefox/62.0" 
5.188.84.45 - - [29/Feb/2020:05:45:08 -0800] "GET /2013/pasta-madre-day-2013/ HTTP/1.0" 200 32926 "https://www.fornacalia.com/2013/pasta-madre-day-2013/#comment-1801/" "Mozilla/5.0 (Windows NT 6.1; Win64; x64) AppleWebKit/537.36 (KHTML, like Gecko) Chrome/66.0.3359.170 Safari/537.36 OPR/53.0.2907.106" 
5.188.84.45 - - [29/Feb/2020:05:45:09 -0800] "POST /wp-comments-post.php HTTP/1.0" 302 4061 "https://www.fornacalia.com/2013/pasta-madre-day-2013/#comment-1801/" "Mozilla/5.0 (Windows NT 6.1; Win64; x64) AppleWebKit/537.36 (KHTML, like Gecko) Chrome/66.0.3359.170 Safari/537.36 OPR/53.0.2907.106" 
5.188.84.15 - - [29/Feb/2020:05:48:48 -0800] "GET /2013/pasta-madre-day-2013/ HTTP/1.0" 200 32926 "https://www.fornacalia.com/2013/pasta-madre-day-2013/#comment-1801/" "Mozilla/5.0 (Windows NT 10.0; Win64; x64) AppleWebKit/537.36 (KHTML, like Gecko) Chrome/67.0.3396.87 Safari/537.36 OPR/54.0.2952.54" 
5.188.84.15 - - [29/Feb/2020:05:48:50 -0800] "POST /wp-comments-post.php HTTP/1.0" 302 4061 "https://www.fornacalia.com/2013/pasta-madre-day-2013/#comment-1801/" "Mozilla/5.0 (Windows NT 10.0; Win64; x64) AppleWebKit/537.36 (KHTML, like Gecko) Chrome/67.0.3396.87 Safari/537.36 OPR/54.0.2952.54" 
68.183.182.101 - - [29/Feb/2020:05:49:20 -0800] "GET /wp-login.php HTTP/1.1" 200 4828 "-" "Mozilla/5.0 (X11; Ubuntu; Linux x86_64; rv:62.0) Gecko/20100101 Firefox/62.0" 
68.183.182.101 - - [29/Feb/2020:05:49:21 -0800] "POST /wp-login.php HTTP/1.1" 200 5203 "-" "Mozilla/5.0 (X11; Ubuntu; Linux x86_64; rv:62.0) Gecko/20100101 Firefox/62.0" 
68.183.182.101 - - [29/Feb/2020:05:49:22 -0800] "POST /xmlrpc.php HTTP/1.1" 200 3695 "-" "Mozilla/5.0 (X11; Ubuntu; Linux x86_64; rv:62.0) Gecko/20100101 Firefox/62.0" 
157.55.39.147 - - [29/Feb/2020:05:50:30 -0800] "GET /2019/mysterious-ear-problem-partially-solved/ HTTP/1.1" 200 12066 "-" "Mozilla/5.0 (compatible; bingbot/2.0; +http://www.bing.com/bingbot.htm)" 
5.188.84.125 - - [29/Feb/2020:05:54:53 -0800] "GET /wp-login.php?action=register HTTP/1.1" 302 3691 "-" "Mozilla/5.0 (Windows NT 6.3; Win64; x64) AppleWebKit/537.36 (KHTML, like Gecko) Chrome/38.0.2125.104 Safari/537.36" 
5.188.84.125 - - [29/Feb/2020:05:54:54 -0800] "GET /wp-login.php?registration=disabled HTTP/1.1" 200 4869 "-" "Mozilla/5.0 (Windows NT 6.3; Win64; x64) AppleWebKit/537.36 (KHTML, like Gecko) Chrome/38.0.2125.104 Safari/537.36" 
5.188.84.233 - - [29/Feb/2020:05:55:49 -0800] "GET /2013/pasta-madre-day-2013/ HTTP/1.0" 200 32926 "https://www.fornacalia.com/2013/pasta-madre-day-2013/#comment-1801/" "Mozilla/5.0 (Windows NT 10.0; Win64; x64) AppleWebKit/537.36 (KHTML, like Gecko) Chrome/67.0.3396.79 Safari/537.36" 
5.188.84.233 - - [29/Feb/2020:05:55:51 -0800] "POST /wp-comments-post.php HTTP/1.0" 302 4061 "https://www.fornacalia.com/2013/pasta-madre-day-2013/#comment-1801/" "Mozilla/5.0 (Windows NT 10.0; Win64; x64) AppleWebKit/537.36 (KHTML, like Gecko) Chrome/67.0.3396.79 Safari/537.36" 
185.8.174.170 - - [29/Feb/2020:06:00:43 -0800] "GET /wp-login.php HTTP/1.1" 200 4828 "-" "Mozilla/5.0 (X11; Ubuntu; Linux x86_64; rv:62.0) Gecko/20100101 Firefox/62.0" 
185.8.174.170 - - [29/Feb/2020:06:00:44 -0800] "POST /wp-login.php HTTP/1.1" 200 5203 "-" "Mozilla/5.0 (X11; Ubuntu; Linux x86_64; rv:62.0) Gecko/20100101 Firefox/62.0" 
185.8.174.170 - - [29/Feb/2020:06:00:45 -0800] "POST /xmlrpc.php HTTP/1.1" 200 3695 "-" "Mozilla/5.0 (X11; Ubuntu; Linux x86_64; rv:62.0) Gecko/20100101 Firefox/62.0" 
17.58.96.249 - - [29/Feb/2020:06:05:25 -0800] "GET /category/gleanings/ HTTP/1.1" 200 13038 "-" "Mozilla/5.0 (Macintosh; Intel Mac OS X 10_10_1) AppleWebKit/600.2.5 (KHTML, like Gecko) Version/8.0.2 Safari/600.2.5 (Applebot/0.1; +http://www.apple.com/go/applebot)" 
13.236.216.19 - - [29/Feb/2020:06:10:49 -0800] "GET /wp-login.php HTTP/1.1" 200 4828 "-" "Mozilla/5.0 (X11; Ubuntu; Linux x86_64; rv:62.0) Gecko/20100101 Firefox/62.0" 
13.236.216.19 - - [29/Feb/2020:06:10:51 -0800] "POST /wp-login.php HTTP/1.1" 200 5203 "-" "Mozilla/5.0 (X11; Ubuntu; Linux x86_64; rv:62.0) Gecko/20100101 Firefox/62.0" 
13.236.216.19 - - [29/Feb/2020:06:10:52 -0800] "POST /xmlrpc.php HTTP/1.1" 200 3695 "-" "Mozilla/5.0 (X11; Ubuntu; Linux x86_64; rv:62.0) Gecko/20100101 Firefox/62.0" 
45.55.62.60 - - [29/Feb/2020:06:12:18 -0800] "GET /wp-login.php HTTP/1.1" 200 4828 "-" "Mozilla/5.0 (X11; Ubuntu; Linux x86_64; rv:62.0) Gecko/20100101 Firefox/62.0" 
45.55.62.60 - - [29/Feb/2020:06:12:18 -0800] "POST /wp-login.php HTTP/1.1" 200 5221 "-" "Mozilla/5.0 (X11; Ubuntu; Linux x86_64; rv:62.0) Gecko/20100101 Firefox/62.0" 
45.55.62.60 - - [29/Feb/2020:06:12:19 -0800] "GET /wp-login.php HTTP/1.1" 200 4828 "-" "Mozilla/5.0 (X11; Ubuntu; Linux x86_64; rv:62.0) Gecko/20100101 Firefox/62.0" 
45.55.62.60 - - [29/Feb/2020:06:12:22 -0800] "POST /wp-login.php HTTP/1.1" 200 5199 "-" "Mozilla/5.0 (X11; Ubuntu; Linux x86_64; rv:62.0) Gecko/20100101 Firefox/62.0" 
45.55.62.60 - - [29/Feb/2020:06:12:23 -0800] "POST /xmlrpc.php HTTP/1.1" 200 3695 "-" "Mozilla/5.0 (X11; Ubuntu; Linux x86_64; rv:62.0) Gecko/20100101 Firefox/62.0" 
210.16.102.75 - - [29/Feb/2020:06:13:21 -0800] "GET /wp-login.php HTTP/1.1" 200 4828 "-" "Mozilla/5.0 (X11; Ubuntu; Linux x86_64; rv:62.0) Gecko/20100101 Firefox/62.0" 
210.16.102.75 - - [29/Feb/2020:06:13:22 -0800] "POST /wp-login.php HTTP/1.1" 200 5221 "-" "Mozilla/5.0 (X11; Ubuntu; Linux x86_64; rv:62.0) Gecko/20100101 Firefox/62.0" 
210.16.102.75 - - [29/Feb/2020:06:13:22 -0800] "GET /wp-login.php HTTP/1.1" 200 4828 "-" "Mozilla/5.0 (X11; Ubuntu; Linux x86_64; rv:62.0) Gecko/20100101 Firefox/62.0" 
210.16.102.75 - - [29/Feb/2020:06:13:22 -0800] "POST /wp-login.php HTTP/1.1" 200 5199 "-" "Mozilla/5.0 (X11; Ubuntu; Linux x86_64; rv:62.0) Gecko/20100101 Firefox/62.0" 
210.16.102.75 - - [29/Feb/2020:06:13:22 -0800] "POST /xmlrpc.php HTTP/1.1" 200 3695 "-" "Mozilla/5.0 (X11; Ubuntu; Linux x86_64; rv:62.0) Gecko/20100101 Firefox/62.0" 
34.89.65.19 - - [29/Feb/2020:06:15:28 -0800] "GET /wp-login.php HTTP/1.1" 200 4828 "-" "Mozilla/5.0 (X11; Ubuntu; Linux x86_64; rv:62.0) Gecko/20100101 Firefox/62.0" 
34.89.65.19 - - [29/Feb/2020:06:15:28 -0800] "POST /wp-login.php HTTP/1.1" 200 5203 "-" "Mozilla/5.0 (X11; Ubuntu; Linux x86_64; rv:62.0) Gecko/20100101 Firefox/62.0" 
34.89.65.19 - - [29/Feb/2020:06:15:28 -0800] "POST /xmlrpc.php HTTP/1.1" 200 3695 "-" "Mozilla/5.0 (X11; Ubuntu; Linux x86_64; rv:62.0) Gecko/20100101 Firefox/62.0" 
157.245.160.74 - - [29/Feb/2020:06:15:32 -0800] "GET /wp-login.php HTTP/1.1" 200 4809 "-" "Mozilla/5.0 (Windows NT 6.1) AppleWebKit/537.36 (KHTML, like Gecko) Chrome/63.0.3239.84 Safari/537.36" 
157.245.160.74 - - [29/Feb/2020:06:15:32 -0800] "POST /wp-login.php HTTP/1.1" 200 2128 "-" "Mozilla/5.0 (Windows NT 6.1) AppleWebKit/537.36 (KHTML, like Gecko) Chrome/63.0.3239.84 Safari/537.36" 
54.36.148.244 - - [29/Feb/2020:06:16:31 -0800] "GET /wp-content/uploads/2006/11/8-150x112.jpg HTTP/1.1" 301 3770 "-" "Mozilla/5.0 (compatible; AhrefsBot/6.1; +http://ahrefs.com/robot/)" 
159.89.232.5 - - [29/Feb/2020:06:21:22 -0800] "GET /wp-login.php HTTP/1.1" 200 4828 "-" "Mozilla/5.0 (X11; Ubuntu; Linux x86_64; rv:62.0) Gecko/20100101 Firefox/62.0" 
159.89.232.5 - - [29/Feb/2020:06:21:23 -0800] "POST /wp-login.php HTTP/1.1" 200 5203 "-" "Mozilla/5.0 (X11; Ubuntu; Linux x86_64; rv:62.0) Gecko/20100101 Firefox/62.0" 
159.89.232.5 - - [29/Feb/2020:06:21:23 -0800] "POST /xmlrpc.php HTTP/1.1" 200 3695 "-" "Mozilla/5.0 (X11; Ubuntu; Linux x86_64; rv:62.0) Gecko/20100101 Firefox/62.0" 
64.111.100.215 - - [29/Feb/2020:06:21:22 -0800] "POST /wp-cron.php?doing_wp_cron=1582986082.6245009899139404296875 HTTP/1.1" 200 3492 "https://www.fornacalia.com/wp-cron.php?doing_wp_cron=1582986082.6245009899139404296875" "WordPress/5.2.5; https://www.fornacalia.com" 
5.188.84.25 - - [29/Feb/2020:06:25:00 -0800] "GET /2013/pasta-madre-day-2013/ HTTP/1.0" 200 32926 "https://www.fornacalia.com/2013/pasta-madre-day-2013/#comment-1801/" "Mozilla/5.0 (Windows NT 6.1) AppleWebKit/537.36 (KHTML, like Gecko) Chrome/67.0.3396.99 Safari/537.36" 
5.188.84.25 - - [29/Feb/2020:06:25:02 -0800] "POST /wp-comments-post.php HTTP/1.0" 302 4061 "https://www.fornacalia.com/2013/pasta-madre-day-2013/#comment-1801/" "Mozilla/5.0 (Windows NT 6.1) AppleWebKit/537.36 (KHTML, like Gecko) Chrome/67.0.3396.99 Safari/537.36" 
159.65.161.61 - - [29/Feb/2020:06:26:49 -0800] "GET /wp-login.php HTTP/1.1" 200 4828 "-" "Mozilla/5.0 (X11; Ubuntu; Linux x86_64; rv:62.0) Gecko/20100101 Firefox/62.0" 
159.65.161.61 - - [29/Feb/2020:06:26:54 -0800] "POST /wp-login.php HTTP/1.1" 200 5203 "-" "Mozilla/5.0 (X11; Ubuntu; Linux x86_64; rv:62.0) Gecko/20100101 Firefox/62.0" 
159.65.161.61 - - [29/Feb/2020:06:26:54 -0800] "POST /xmlrpc.php HTTP/1.1" 200 3695 "-" "Mozilla/5.0 (X11; Ubuntu; Linux x86_64; rv:62.0) Gecko/20100101 Firefox/62.0" 
5.188.84.65 - - [29/Feb/2020:06:30:18 -0800] "GET /2013/pasta-madre-day-2013/ HTTP/1.0" 200 32926 "https://www.fornacalia.com/2013/pasta-madre-day-2013/#comment-1801/" "Mozilla/5.0 (Windows NT 10.0; Win64; x64) AppleWebKit/537.36 (KHTML, like Gecko) Chrome/67.0.3396.87 Safari/537.36 OPR/54.0.2952.54" 
5.188.84.65 - - [29/Feb/2020:06:30:19 -0800] "POST /wp-comments-post.php HTTP/1.0" 302 4061 "https://www.fornacalia.com/2013/pasta-madre-day-2013/#comment-1801/" "Mozilla/5.0 (Windows NT 10.0; Win64; x64) AppleWebKit/537.36 (KHTML, like Gecko) Chrome/67.0.3396.87 Safari/537.36 OPR/54.0.2952.54" 
5.188.84.233 - - [29/Feb/2020:06:33:13 -0800] "GET /2013/pasta-madre-day-2013/ HTTP/1.0" 200 32926 "https://www.fornacalia.com/2013/pasta-madre-day-2013/#comment-1801/" "Mozilla/5.0 (Windows NT 6.3; Win64; x64) AppleWebKit/537.36 (KHTML, like Gecko) Chrome/65.0.3325.146 Safari/537.36" 
5.188.84.233 - - [29/Feb/2020:06:33:14 -0800] "POST /wp-comments-post.php HTTP/1.0" 302 4061 "https://www.fornacalia.com/2013/pasta-madre-day-2013/#comment-1801/" "Mozilla/5.0 (Windows NT 6.3; Win64; x64) AppleWebKit/537.36 (KHTML, like Gecko) Chrome/65.0.3325.146 Safari/537.36" 
162.243.143.222 - - [29/Feb/2020:06:33:50 -0800] "GET /wp-login.php HTTP/1.1" 200 4809 "-" "Mozilla/5.0 (Windows NT 6.1) AppleWebKit/537.36 (KHTML, like Gecko) Chrome/63.0.3239.84 Safari/537.36" 
162.243.143.222 - - [29/Feb/2020:06:33:50 -0800] "POST /wp-login.php HTTP/1.1" 200 2128 "-" "Mozilla/5.0 (Windows NT 6.1) AppleWebKit/537.36 (KHTML, like Gecko) Chrome/63.0.3239.84 Safari/537.36" 
157.55.39.132 - - [29/Feb/2020:06:36:44 -0800] "GET /2017/black-pepper-rye/feed/ HTTP/1.1" 200 5432 "-" "msnbot/2.0b (+http://search.msn.com/msnbot.htm)" 
103.27.61.222 - - [29/Feb/2020:06:37:10 -0800] "GET /wp-login.php HTTP/1.1" 200 4828 "-" "Mozilla/5.0 (X11; Ubuntu; Linux x86_64; rv:62.0) Gecko/20100101 Firefox/62.0" 
103.27.61.222 - - [29/Feb/2020:06:37:11 -0800] "POST /wp-login.php HTTP/1.1" 200 5203 "-" "Mozilla/5.0 (X11; Ubuntu; Linux x86_64; rv:62.0) Gecko/20100101 Firefox/62.0" 
103.27.61.222 - - [29/Feb/2020:06:37:17 -0800] "POST /xmlrpc.php HTTP/1.1" 200 3695 "-" "Mozilla/5.0 (X11; Ubuntu; Linux x86_64; rv:62.0) Gecko/20100101 Firefox/62.0" 
66.249.70.17 - - [29/Feb/2020:06:37:48 -0800] "GET /wp-content/themes/Autonomie-child/css/wide-width.css?ver=1.0.0 HTTP/1.1" 404 9992 "http://www.fornacalia.com/page/2/" "Mozilla/5.0 (Linux; Android 6.0.1; Nexus 5X Build/MMB29P) AppleWebKit/537.36 (KHTML, like Gecko) Chrome/80.0.3987.92 Mobile Safari/537.36 (compatible; Googlebot/2.1; +http://www.google.com/bot.html)" 
45.252.250.106 - - [29/Feb/2020:06:42:40 -0800] "GET /wp-login.php HTTP/1.1" 200 4828 "-" "Mozilla/5.0 (X11; Ubuntu; Linux x86_64; rv:62.0) Gecko/20100101 Firefox/62.0" 
64.111.100.215 - - [29/Feb/2020:06:42:40 -0800] "POST /wp-cron.php?doing_wp_cron=1582987360.4494650363922119140625 HTTP/1.1" 200 3492 "https://www.fornacalia.com/wp-cron.php?doing_wp_cron=1582987360.4494650363922119140625" "WordPress/5.2.5; https://www.fornacalia.com" 
45.252.250.106 - - [29/Feb/2020:06:42:43 -0800] "POST /wp-login.php HTTP/1.1" 200 5203 "-" "Mozilla/5.0 (X11; Ubuntu; Linux x86_64; rv:62.0) Gecko/20100101 Firefox/62.0" 
45.252.250.106 - - [29/Feb/2020:06:42:46 -0800] "POST /xmlrpc.php HTTP/1.1" 200 3695 "-" "Mozilla/5.0 (X11; Ubuntu; Linux x86_64; rv:62.0) Gecko/20100101 Firefox/62.0" 
46.229.168.143 - - [29/Feb/2020:06:43:24 -0800] "GET /robots.txt HTTP/1.1" 200 4253 "-" "Mozilla/5.0 (compatible; SemrushBot/6~bl; +http://www.semrush.com/bot.html)" 
46.229.168.141 - - [29/Feb/2020:06:43:25 -0800] "GET /i-can-teach-you-to-make-good-bread/ HTTP/1.1" 200 10264 "-" "Mozilla/5.0 (compatible; SemrushBot/6~bl; +http://www.semrush.com/bot.html)" 
192.169.227.134 - - [29/Feb/2020:06:46:27 -0800] "GET /wp-login.php HTTP/1.1" 200 4828 "-" "Mozilla/5.0 (X11; Ubuntu; Linux x86_64; rv:62.0) Gecko/20100101 Firefox/62.0" 
192.169.227.134 - - [29/Feb/2020:06:46:27 -0800] "POST /wp-login.php HTTP/1.1" 200 5221 "-" "Mozilla/5.0 (X11; Ubuntu; Linux x86_64; rv:62.0) Gecko/20100101 Firefox/62.0" 
192.169.227.134 - - [29/Feb/2020:06:46:28 -0800] "GET /wp-login.php HTTP/1.1" 200 4828 "-" "Mozilla/5.0 (X11; Ubuntu; Linux x86_64; rv:62.0) Gecko/20100101 Firefox/62.0" 
192.169.227.134 - - [29/Feb/2020:06:46:28 -0800] "POST /wp-login.php HTTP/1.1" 200 5199 "-" "Mozilla/5.0 (X11; Ubuntu; Linux x86_64; rv:62.0) Gecko/20100101 Firefox/62.0" 
192.169.227.134 - - [29/Feb/2020:06:46:28 -0800] "POST /xmlrpc.php HTTP/1.1" 200 3695 "-" "Mozilla/5.0 (X11; Ubuntu; Linux x86_64; rv:62.0) Gecko/20100101 Firefox/62.0" 
165.227.204.0 - - [29/Feb/2020:06:47:44 -0800] "GET /wp-login.php HTTP/1.1" 200 4828 "-" "Mozilla/5.0 (X11; Ubuntu; Linux x86_64; rv:62.0) Gecko/20100101 Firefox/62.0" 
165.227.204.0 - - [29/Feb/2020:06:47:45 -0800] "POST /wp-login.php HTTP/1.1" 200 5203 "-" "Mozilla/5.0 (X11; Ubuntu; Linux x86_64; rv:62.0) Gecko/20100101 Firefox/62.0" 
165.227.204.0 - - [29/Feb/2020:06:47:45 -0800] "POST /xmlrpc.php HTTP/1.1" 200 3695 "-" "Mozilla/5.0 (X11; Ubuntu; Linux x86_64; rv:62.0) Gecko/20100101 Firefox/62.0" 
116.62.49.96 - - [29/Feb/2020:06:47:54 -0800] "GET /wp-login.php HTTP/1.1" 200 4828 "-" "Mozilla/5.0 (X11; Ubuntu; Linux x86_64; rv:62.0) Gecko/20100101 Firefox/62.0" 
116.62.49.96 - - [29/Feb/2020:06:47:56 -0800] "POST /wp-login.php HTTP/1.1" 200 5221 "-" "Mozilla/5.0 (X11; Ubuntu; Linux x86_64; rv:62.0) Gecko/20100101 Firefox/62.0" 
116.62.49.96 - - [29/Feb/2020:06:48:00 -0800] "GET /wp-login.php HTTP/1.1" 200 4828 "-" "Mozilla/5.0 (X11; Ubuntu; Linux x86_64; rv:62.0) Gecko/20100101 Firefox/62.0" 
116.62.49.96 - - [29/Feb/2020:06:48:04 -0800] "POST /wp-login.php HTTP/1.1" 200 5199 "-" "Mozilla/5.0 (X11; Ubuntu; Linux x86_64; rv:62.0) Gecko/20100101 Firefox/62.0" 
116.62.49.96 - - [29/Feb/2020:06:48:05 -0800] "POST /xmlrpc.php HTTP/1.1" 200 3695 "-" "Mozilla/5.0 (X11; Ubuntu; Linux x86_64; rv:62.0) Gecko/20100101 Firefox/62.0" 
