5.188.84.220 - - [23/Feb/2020:05:56:48 -0800] "GET /2013/pasta-madre-day-2013/ HTTP/1.0" 200 32824 "https://www.fornacalia.com/2013/pasta-madre-day-2013/#comment-1801/" "Mozilla/5.0 (Windows NT 6.1; Win64; x64) AppleWebKit/537.36 (KHTML, like Gecko) Chrome/67.0.3396.87 Safari/537.36 OPR/54.0.2952.54" 
5.188.84.220 - - [23/Feb/2020:05:56:49 -0800] "POST /wp-comments-post.php HTTP/1.0" 302 4027 "https://www.fornacalia.com/2013/pasta-madre-day-2013/#comment-1801/" "Mozilla/5.0 (Windows NT 6.1; Win64; x64) AppleWebKit/537.36 (KHTML, like Gecko) Chrome/67.0.3396.87 Safari/537.36 OPR/54.0.2952.54" 
66.249.70.17 - - [23/Feb/2020:06:07:38 -0800] "GET /2013/dan-lepards-walnut-bread/ HTTP/1.1" 200 30740 "-" "Mozilla/5.0 (Linux; Android 6.0.1; Nexus 5X Build/MMB29P) AppleWebKit/537.36 (KHTML, like Gecko) Chrome/41.0.2272.96 Mobile Safari/537.36 (compatible; Googlebot/2.1; +http://www.google.com/bot.html)" 
66.249.70.13 - - [23/Feb/2020:06:17:53 -0800] "GET /2017/black-pepper-rye/ HTTP/1.1" 200 36525 "-" "Mozilla/5.0 (Linux; Android 6.0.1; Nexus 5X Build/MMB29P) AppleWebKit/537.36 (KHTML, like Gecko) Chrome/41.0.2272.96 Mobile Safari/537.36 (compatible; Googlebot/2.1; +http://www.google.com/bot.html)" 
64.111.100.215 - - [23/Feb/2020:06:17:54 -0800] "POST /wp-cron.php?doing_wp_cron=1582467473.9584069252014160156250 HTTP/1.1" 200 3258 "https://www.fornacalia.com/wp-cron.php?doing_wp_cron=1582467473.9584069252014160156250" "WordPress/5.2.5; https://www.fornacalia.com" 
5.188.84.25 - - [23/Feb/2020:06:18:20 -0800] "GET /2013/pasta-madre-day-2013/ HTTP/1.0" 200 32824 "https://www.fornacalia.com/2013/pasta-madre-day-2013/#comment-1801/" "Mozilla/5.0 (Windows NT 6.1) AppleWebKit/537.36 (KHTML, like Gecko) Chrome/67.0.3396.87 Safari/537.36" 
5.188.84.25 - - [23/Feb/2020:06:18:21 -0800] "POST /wp-comments-post.php HTTP/1.0" 302 4027 "https://www.fornacalia.com/2013/pasta-madre-day-2013/#comment-1801/" "Mozilla/5.0 (Windows NT 6.1) AppleWebKit/537.36 (KHTML, like Gecko) Chrome/67.0.3396.87 Safari/537.36" 
157.55.39.29 - - [23/Feb/2020:06:20:13 -0800] "GET /robots.txt HTTP/1.1" 200 2447 "-" "Mozilla/5.0 (compatible; bingbot/2.0; +http://www.bing.com/bingbot.htm)" 
157.55.39.29 - - [23/Feb/2020:06:20:13 -0800] "GET /robots.txt HTTP/1.1" 200 4207 "-" "Mozilla/5.0 (compatible; bingbot/2.0; +http://www.bing.com/bingbot.htm)" 
40.77.167.5 - - [23/Feb/2020:06:20:18 -0800] "GET /2017/igbreadclub/feed/ HTTP/1.1" 200 5105 "-" "msnbot/2.0b (+http://search.msn.com/msnbot.htm)" 
5.188.84.80 - - [23/Feb/2020:06:20:38 -0800] "GET /2013/pasta-madre-day-2013/ HTTP/1.0" 200 32824 "https://www.fornacalia.com/2013/pasta-madre-day-2013/#comment-1801/" "Mozilla/5.0 (Windows NT 10.0; Win64; x64) AppleWebKit/537.36 (KHTML, like Gecko) Chrome/66.0.3359.170 Safari/537.36 OPR/53.0.2907.99" 
5.188.84.80 - - [23/Feb/2020:06:20:39 -0800] "POST /wp-comments-post.php HTTP/1.0" 302 4027 "https://www.fornacalia.com/2013/pasta-madre-day-2013/#comment-1801/" "Mozilla/5.0 (Windows NT 10.0; Win64; x64) AppleWebKit/537.36 (KHTML, like Gecko) Chrome/66.0.3359.170 Safari/537.36 OPR/53.0.2907.99" 
49.79.44.95 - - [23/Feb/2020:06:23:43 -0800] "GET /author/jeremy/feed HTTP/1.1" 301 3903 "-" "Mozilla/5.0(Linux;Android 5.1.1;OPPO A33 Build/LMY47V;wv) AppleWebKit/537.36(KHTML,link Gecko) Version/4.0 Chrome/42.0.2311.138 Mobile Safari/537.36" 
49.79.44.95 - - [23/Feb/2020:06:23:53 -0800] "GET /author/jeremy/feed/ HTTP/1.1" 200 57465 "-" "Mozilla/5.0(Linux;Android 5.1.1;OPPO A33 Build/LMY47V;wv) AppleWebKit/537.36(KHTML,link Gecko) Version/4.0 Chrome/42.0.2311.138 Mobile Safari/537.36" 
5.188.84.80 - - [23/Feb/2020:06:32:21 -0800] "GET /2013/pasta-madre-day-2013/ HTTP/1.0" 200 32824 "https://www.fornacalia.com/2013/pasta-madre-day-2013/#comment-1801/" "Mozilla/5.0 (Windows NT 10.0; Win64; x64) AppleWebKit/537.36 (KHTML, like Gecko) Chrome/66.0.3359.170 Safari/537.36 OPR/53.0.2907.99" 
5.188.84.80 - - [23/Feb/2020:06:32:22 -0800] "POST /wp-comments-post.php HTTP/1.0" 302 4027 "https://www.fornacalia.com/2013/pasta-madre-day-2013/#comment-1801/" "Mozilla/5.0 (Windows NT 10.0; Win64; x64) AppleWebKit/537.36 (KHTML, like Gecko) Chrome/66.0.3359.170 Safari/537.36 OPR/53.0.2907.99" 
158.140.133.94 - - [23/Feb/2020:06:35:26 -0800] "GET /wp-login.php HTTP/1.1" 200 6905 "-" "Mozilla/5.0 (Windows NT 6.1) AppleWebKit/537.36 (KHTML, like Gecko) Chrome/63.0.3239.84 Safari/537.36" 
158.140.133.94 - - [23/Feb/2020:06:35:26 -0800] "POST /wp-login.php HTTP/1.1" 200 4827 "-" "Mozilla/5.0 (Windows NT 6.1) AppleWebKit/537.36 (KHTML, like Gecko) Chrome/63.0.3239.84 Safari/537.36" 
46.229.168.143 - - [23/Feb/2020:06:35:44 -0800] "GET /robots.txt HTTP/1.1" 200 4170 "-" "Mozilla/5.0 (compatible; SemrushBot/6~bl; +http://www.semrush.com/bot.html)" 
46.229.168.150 - - [23/Feb/2020:06:35:44 -0800] "GET /page/3/ HTTP/1.1" 200 59114 "-" "Mozilla/5.0 (compatible; SemrushBot/6~bl; +http://www.semrush.com/bot.html)" 
66.249.70.17 - - [23/Feb/2020:06:37:58 -0800] "GET /2019/respect-to-respectus-panis/ HTTP/1.1" 200 33727 "-" "Mozilla/5.0 (compatible; Googlebot/2.1; +http://www.google.com/bot.html)" 
5.188.84.233 - - [23/Feb/2020:06:39:22 -0800] "GET /2013/pasta-madre-day-2013/ HTTP/1.0" 200 32824 "https://www.fornacalia.com/2013/pasta-madre-day-2013/#comment-1801/" "Mozilla/5.0 (Windows NT 10.0; Win64; x64) AppleWebKit/537.36 (KHTML, like Gecko) Chrome/65.0.3325.181 Safari/537.36" 
5.188.84.233 - - [23/Feb/2020:06:39:23 -0800] "POST /wp-comments-post.php HTTP/1.0" 302 4027 "https://www.fornacalia.com/2013/pasta-madre-day-2013/#comment-1801/" "Mozilla/5.0 (Windows NT 10.0; Win64; x64) AppleWebKit/537.36 (KHTML, like Gecko) Chrome/65.0.3325.181 Safari/537.36" 
66.249.70.17 - - [23/Feb/2020:06:48:11 -0800] "GET /2015/me-and-burnt-flour/ HTTP/1.1" 200 32072 "-" "Mozilla/5.0 (Linux; Android 6.0.1; Nexus 5X Build/MMB29P) AppleWebKit/537.36 (KHTML, like Gecko) Chrome/41.0.2272.96 Mobile Safari/537.36 (compatible; Googlebot/2.1; +http://www.google.com/bot.html)" 
64.111.100.215 - - [23/Feb/2020:06:48:12 -0800] "POST /wp-cron.php?doing_wp_cron=1582469291.9206418991088867187500 HTTP/1.1" 200 3258 "https://www.fornacalia.com/wp-cron.php?doing_wp_cron=1582469291.9206418991088867187500" "WordPress/5.2.5; https://www.fornacalia.com" 
5.188.84.15 - - [23/Feb/2020:06:48:31 -0800] "GET /2013/pasta-madre-day-2013/ HTTP/1.0" 200 32824 "https://www.fornacalia.com/2013/pasta-madre-day-2013/#comment-1801/" "Mozilla/5.0 (Windows NT 6.1; Win64; x64) AppleWebKit/537.36 (KHTML, like Gecko) Chrome/66.0.3359.181 Safari/537.36" 
5.188.84.15 - - [23/Feb/2020:06:48:32 -0800] "POST /wp-comments-post.php HTTP/1.0" 302 4027 "https://www.fornacalia.com/2013/pasta-madre-day-2013/#comment-1801/" "Mozilla/5.0 (Windows NT 6.1; Win64; x64) AppleWebKit/537.36 (KHTML, like Gecko) Chrome/66.0.3359.181 Safari/537.36" 
124.171.64.236 - - [23/Feb/2020:06:48:58 -0800] "GET /wp-login.php HTTP/1.1" 200 6905 "-" "Mozilla/5.0 (Windows NT 6.1) AppleWebKit/537.36 (KHTML, like Gecko) Chrome/63.0.3239.84 Safari/537.36" 
124.171.64.236 - - [23/Feb/2020:06:48:58 -0800] "POST /wp-login.php HTTP/1.1" 200 4827 "-" "Mozilla/5.0 (Windows NT 6.1) AppleWebKit/537.36 (KHTML, like Gecko) Chrome/63.0.3239.84 Safari/537.36" 
5.188.84.45 - - [23/Feb/2020:06:51:19 -0800] "GET /2013/pasta-madre-day-2013/ HTTP/1.0" 200 32824 "https://www.fornacalia.com/2013/pasta-madre-day-2013/#comment-1801/" "Mozilla/5.0 (Windows NT 6.3; Win64; x64) AppleWebKit/537.36 (KHTML, like Gecko) Chrome/68.0.3440.106 Safari/537.36" 
5.188.84.45 - - [23/Feb/2020:06:51:20 -0800] "POST /wp-comments-post.php HTTP/1.0" 302 4027 "https://www.fornacalia.com/2013/pasta-madre-day-2013/#comment-1801/" "Mozilla/5.0 (Windows NT 6.3; Win64; x64) AppleWebKit/537.36 (KHTML, like Gecko) Chrome/68.0.3440.106 Safari/537.36" 
54.36.150.161 - - [23/Feb/2020:06:54:04 -0800] "GET /18-150x150/ HTTP/1.1" 200 23359 "-" "Mozilla/5.0 (compatible; AhrefsBot/6.1; +http://ahrefs.com/robot/)" 
5.188.84.25 - - [23/Feb/2020:06:59:00 -0800] "GET /2013/pasta-madre-day-2013/ HTTP/1.0" 200 32824 "https://www.fornacalia.com/2013/pasta-madre-day-2013/#comment-1801/" "Mozilla/5.0 (Windows NT 10.0; Win64; x64) AppleWebKit/537.36 (KHTML, like Gecko) Chrome/66.0.3359.170 Safari/537.36 OPR/53.0.2907.68" 
5.188.84.25 - - [23/Feb/2020:06:59:01 -0800] "POST /wp-comments-post.php HTTP/1.0" 302 4027 "https://www.fornacalia.com/2013/pasta-madre-day-2013/#comment-1801/" "Mozilla/5.0 (Windows NT 10.0; Win64; x64) AppleWebKit/537.36 (KHTML, like Gecko) Chrome/66.0.3359.170 Safari/537.36 OPR/53.0.2907.68" 
49.82.159.249 - - [23/Feb/2020:06:59:43 -0800] "GET / HTTP/1.1" 200 53210 "-" "Mozilla/5.0 (iPad; CPU OS 7_0 like Mac OS X) AppleWebKit/537.51.1 (KHTML, like Gecko) Version/7.0 Mobile/11A465 Safari/9537.53" 
54.36.150.96 - - [23/Feb/2020:07:05:31 -0800] "GET /?feed=comments-rss2 HTTP/1.1" 301 3884 "-" "Mozilla/5.0 (compatible; AhrefsBot/6.1; +http://ahrefs.com/robot/)" 
5.188.84.35 - - [23/Feb/2020:07:07:59 -0800] "GET /2013/pasta-madre-day-2013/ HTTP/1.0" 200 32824 "https://www.fornacalia.com/2013/pasta-madre-day-2013/#comment-1801/" "Mozilla/5.0 (Windows NT 6.1; Win64; x64) AppleWebKit/537.36 (KHTML, like Gecko) Chrome/67.0.3396.87 Safari/537.36 OPR/54.0.2952.51" 
5.188.84.35 - - [23/Feb/2020:07:08:00 -0800] "POST /wp-comments-post.php HTTP/1.0" 302 4027 "https://www.fornacalia.com/2013/pasta-madre-day-2013/#comment-1801/" "Mozilla/5.0 (Windows NT 6.1; Win64; x64) AppleWebKit/537.36 (KHTML, like Gecko) Chrome/67.0.3396.87 Safari/537.36 OPR/54.0.2952.51" 
5.255.250.33 - - [23/Feb/2020:07:12:44 -0800] "GET /page/4/ HTTP/1.1" 200 49231 "-" "Mozilla/5.0 (compatible; YandexBot/3.0; +http://yandex.com/bots)" 
5.188.84.45 - - [23/Feb/2020:07:20:07 -0800] "GET /2013/pasta-madre-day-2013/ HTTP/1.0" 200 32824 "https://www.fornacalia.com/2013/pasta-madre-day-2013/#comment-1801/" "Mozilla/5.0 (Windows NT 6.1; Win64; x64) AppleWebKit/537.36 (KHTML, like Gecko) Chrome/66.0.3359.181 Safari/537.36" 
5.188.84.45 - - [23/Feb/2020:07:20:09 -0800] "POST /wp-comments-post.php HTTP/1.0" 302 4027 "https://www.fornacalia.com/2013/pasta-madre-day-2013/#comment-1801/" "Mozilla/5.0 (Windows NT 6.1; Win64; x64) AppleWebKit/537.36 (KHTML, like Gecko) Chrome/66.0.3359.181 Safari/537.36" 
66.249.64.205 - - [23/Feb/2020:07:28:10 -0800] "GET / HTTP/1.1" 301 3810 "-" "Mozilla/5.0 (Linux; Android 6.0.1; Nexus 5X Build/MMB29P) AppleWebKit/537.36 (KHTML, like Gecko) Chrome/41.0.2272.96 Mobile Safari/537.36 (compatible; Googlebot/2.1; +http://www.google.com/bot.html)" 
66.249.70.15 - - [23/Feb/2020:07:28:11 -0800] "GET / HTTP/1.1" 200 53442 "-" "Mozilla/5.0 (Linux; Android 6.0.1; Nexus 5X Build/MMB29P) AppleWebKit/537.36 (KHTML, like Gecko) Chrome/41.0.2272.96 Mobile Safari/537.36 (compatible; Googlebot/2.1; +http://www.google.com/bot.html)" 
5.188.84.233 - - [23/Feb/2020:07:31:05 -0800] "GET /2013/pasta-madre-day-2013/ HTTP/1.0" 200 32824 "https://www.fornacalia.com/2013/pasta-madre-day-2013/#comment-1801/" "Mozilla/5.0 (Windows NT 10.0; Win64; x64) AppleWebKit/537.36 (KHTML, like Gecko) Chrome/67.0.3396.87 Safari/537.36 OPR/54.0.2952.64" 
5.188.84.233 - - [23/Feb/2020:07:31:06 -0800] "POST /wp-comments-post.php HTTP/1.0" 302 4027 "https://www.fornacalia.com/2013/pasta-madre-day-2013/#comment-1801/" "Mozilla/5.0 (Windows NT 10.0; Win64; x64) AppleWebKit/537.36 (KHTML, like Gecko) Chrome/67.0.3396.87 Safari/537.36 OPR/54.0.2952.64" 
5.188.84.65 - - [23/Feb/2020:07:34:22 -0800] "GET /2013/pasta-madre-day-2013/ HTTP/1.0" 200 32824 "https://www.fornacalia.com/2013/pasta-madre-day-2013/#comment-1801/" "Mozilla/5.0 (Windows NT 10.0; Win64; x64) AppleWebKit/537.36 (KHTML, like Gecko) Chrome/68.0.3440.106 Safari/537.36 OPR/55.0.2994.44" 
5.188.84.65 - - [23/Feb/2020:07:34:23 -0800] "POST /wp-comments-post.php HTTP/1.0" 302 4027 "https://www.fornacalia.com/2013/pasta-madre-day-2013/#comment-1801/" "Mozilla/5.0 (Windows NT 10.0; Win64; x64) AppleWebKit/537.36 (KHTML, like Gecko) Chrome/68.0.3440.106 Safari/537.36 OPR/55.0.2994.44" 
146.255.103.9 - - [23/Feb/2020:07:41:13 -0800] "GET /wp-login.php HTTP/1.1" 200 6905 "-" "Mozilla/5.0 (Windows NT 6.1) AppleWebKit/537.36 (KHTML, like Gecko) Chrome/63.0.3239.84 Safari/537.36" 
146.255.103.9 - - [23/Feb/2020:07:41:13 -0800] "POST /wp-login.php HTTP/1.1" 200 4827 "-" "Mozilla/5.0 (Windows NT 6.1) AppleWebKit/537.36 (KHTML, like Gecko) Chrome/63.0.3239.84 Safari/537.36" 
5.188.84.15 - - [23/Feb/2020:07:42:42 -0800] "GET /2013/pasta-madre-day-2013/ HTTP/1.0" 200 32824 "https://www.fornacalia.com/2013/pasta-madre-day-2013/#comment-1801/" "Mozilla/5.0 (Windows NT 6.1) AppleWebKit/537.36 (KHTML, like Gecko) Chrome/68.0.3440.106 Safari/537.36 Kinza/4.9.1" 
64.111.100.215 - - [23/Feb/2020:07:42:42 -0800] "POST /wp-cron.php?doing_wp_cron=1582472562.0301930904388427734375 HTTP/1.1" 200 3258 "https://www.fornacalia.com/wp-cron.php?doing_wp_cron=1582472562.0301930904388427734375" "WordPress/5.2.5; https://www.fornacalia.com" 
5.188.84.15 - - [23/Feb/2020:07:42:44 -0800] "POST /wp-comments-post.php HTTP/1.0" 302 4027 "https://www.fornacalia.com/2013/pasta-madre-day-2013/#comment-1801/" "Mozilla/5.0 (Windows NT 6.1) AppleWebKit/537.36 (KHTML, like Gecko) Chrome/68.0.3440.106 Safari/537.36 Kinza/4.9.1" 
37.115.204.215 - - [23/Feb/2020:07:47:06 -0800] "GET /2013/pasta-madre-day-2013/ HTTP/1.0" 200 32824 "https://www.fornacalia.com/2013/pasta-madre-day-2013/#comment-26207" "Mozilla/5.0 (Windows NT 10.0; Win64; x64) AppleWebKit/537.36 (KHTML, like Gecko) Chrome/68.0.3440.84 Safari/537.36" 
37.115.204.215 - - [23/Feb/2020:07:47:08 -0800] "GET /2013/pasta-madre-day-2013/ HTTP/1.0" 200 32824 "https://www.fornacalia.com/2013/pasta-madre-day-2013/#comment-26207" "Mozilla/5.0 (Windows NT 10.0; Win64; x64) AppleWebKit/537.36 (KHTML, like Gecko) Chrome/68.0.3440.84 Safari/537.36" 
37.115.204.215 - - [23/Feb/2020:07:47:09 -0800] "GET /author/jeremy/ HTTP/1.0" 200 53350 "https://www.fornacalia.com/author/jeremy/" "Mozilla/5.0 (Windows NT 10.0; Win64; x64) AppleWebKit/537.36 (KHTML, like Gecko) Chrome/68.0.3440.84 Safari/537.36" 
66.249.70.15 - - [23/Feb/2020:07:48:12 -0800] "GET / HTTP/1.1" 200 53442 "-" "Mozilla/5.0 (compatible; Googlebot/2.1; +http://www.google.com/bot.html)" 
5.188.84.220 - - [23/Feb/2020:07:50:58 -0800] "GET /2013/pasta-madre-day-2013/ HTTP/1.0" 200 32824 "https://www.fornacalia.com/2013/pasta-madre-day-2013/#comment-1801/" "Mozilla/5.0 (Windows NT 6.1; Win64; x64) AppleWebKit/537.36 (KHTML, like Gecko) Chrome/67.0.3396.87 Safari/537.36 OPR/54.0.2952.64" 
5.188.84.220 - - [23/Feb/2020:07:50:59 -0800] "POST /wp-comments-post.php HTTP/1.0" 302 4027 "https://www.fornacalia.com/2013/pasta-madre-day-2013/#comment-1801/" "Mozilla/5.0 (Windows NT 6.1; Win64; x64) AppleWebKit/537.36 (KHTML, like Gecko) Chrome/67.0.3396.87 Safari/537.36 OPR/54.0.2952.64" 
37.179.42.33 - - [23/Feb/2020:07:52:02 -0800] "GET /wp-content/uploads/2020/01/starters-dirty.jpg HTTP/1.1" 200 539083 "http://www.fornacalia.com/" "Mozilla/5.0 (X11; Linux x86_64) AppleWebKit/537.36 (KHTML, like Gecko) HeadlessChrome/77.0.3827.0 Safari/537.36" 
37.179.42.33 - - [23/Feb/2020:07:52:03 -0800] "GET /wp-content/uploads/2020/01/starters-build.jpg HTTP/1.1" 200 286521 "http://www.fornacalia.com/" "Mozilla/5.0 (X11; Linux x86_64) AppleWebKit/537.36 (KHTML, like Gecko) HeadlessChrome/77.0.3827.0 Safari/537.36" 
37.179.42.33 - - [23/Feb/2020:07:52:03 -0800] "GET /wp-content/uploads/2020/01/second-build.jpg HTTP/1.1" 200 383673 "http://www.fornacalia.com/" "Mozilla/5.0 (X11; Linux x86_64) AppleWebKit/537.36 (KHTML, like Gecko) HeadlessChrome/77.0.3827.0 Safari/537.36" 
37.179.42.33 - - [23/Feb/2020:07:52:04 -0800] "GET /wp-content/uploads/2019/11/resting-1024x502.png HTTP/1.1" 200 627417 "http://www.fornacalia.com/" "Mozilla/5.0 (X11; Linux x86_64) AppleWebKit/537.36 (KHTML, like Gecko) HeadlessChrome/77.0.3827.0 Safari/537.36" 
37.179.42.33 - - [23/Feb/2020:07:52:03 -0800] "GET /wp-content/uploads/2020/01/fifth-build.jpg HTTP/1.1" 200 298879 "http://www.fornacalia.com/" "Mozilla/5.0 (X11; Linux x86_64) AppleWebKit/537.36 (KHTML, like Gecko) HeadlessChrome/77.0.3827.0 Safari/537.36" 
37.179.42.33 - - [23/Feb/2020:07:52:03 -0800] "GET /wp-content/uploads/2019/11/starter-1024x1024.png HTTP/1.1" 200 1347226 "http://www.fornacalia.com/" "Mozilla/5.0 (X11; Linux x86_64) AppleWebKit/537.36 (KHTML, like Gecko) HeadlessChrome/77.0.3827.0 Safari/537.36" 
37.179.42.33 - - [23/Feb/2020:07:52:03 -0800] "GET /wp-content/uploads/2020/01/loaves.jpg HTTP/1.1" 200 398235 "http://www.fornacalia.com/" "Mozilla/5.0 (X11; Linux x86_64) AppleWebKit/537.36 (KHTML, like Gecko) HeadlessChrome/77.0.3827.0 Safari/537.36" 
37.179.42.33 - - [23/Feb/2020:07:52:03 -0800] "GET /wp-content/uploads/2020/01/starter-dirty.jpg HTTP/1.1" 200 437886 "http://www.fornacalia.com/" "Mozilla/5.0 (X11; Linux x86_64) AppleWebKit/537.36 (KHTML, like Gecko) HeadlessChrome/77.0.3827.0 Safari/537.36" 
37.179.42.33 - - [23/Feb/2020:07:52:03 -0800] "GET /wp-content/uploads/2019/11/first-build-1024x1024.png HTTP/1.1" 200 1123061 "http://www.fornacalia.com/" "Mozilla/5.0 (X11; Linux x86_64) AppleWebKit/537.36 (KHTML, like Gecko) HeadlessChrome/77.0.3827.0 Safari/537.36" 
37.179.42.33 - - [23/Feb/2020:07:52:05 -0800] "GET /wp-content/uploads/2019/11/rustic-1.png HTTP/1.1" 200 571714 "http://www.fornacalia.com/" "Mozilla/5.0 (X11; Linux x86_64) AppleWebKit/537.36 (KHTML, like Gecko) HeadlessChrome/77.0.3827.0 Safari/537.36" 
37.179.42.33 - - [23/Feb/2020:07:52:04 -0800] "GET /wp-content/uploads/2019/11/happy-bakers-1024x631.png HTTP/1.1" 200 999100 "http://www.fornacalia.com/" "Mozilla/5.0 (X11; Linux x86_64) AppleWebKit/537.36 (KHTML, like Gecko) HeadlessChrome/77.0.3827.0 Safari/537.36" 
37.179.42.33 - - [23/Feb/2020:07:52:06 -0800] "GET /wp-content/uploads/2019/04/hand-300x300.png HTTP/1.1" 200 129969 "http://www.fornacalia.com/" "Mozilla/5.0 (X11; Linux x86_64) AppleWebKit/537.36 (KHTML, like Gecko) HeadlessChrome/77.0.3827.0 Safari/537.36" 
37.179.42.33 - - [23/Feb/2020:07:52:07 -0800] "GET /wp-content/uploads/2019/04/banneton-300x182.png HTTP/1.1" 200 91487 "http://www.fornacalia.com/" "Mozilla/5.0 (X11; Linux x86_64) AppleWebKit/537.36 (KHTML, like Gecko) HeadlessChrome/77.0.3827.0 Safari/537.36" 
37.179.42.33 - - [23/Feb/2020:07:52:07 -0800] "GET /wp-content/uploads/2019/04/jeremy-with-sign-thumb.png HTTP/1.1" 200 203439 "http://www.fornacalia.com/" "Mozilla/5.0 (X11; Linux x86_64) AppleWebKit/537.36 (KHTML, like Gecko) HeadlessChrome/77.0.3827.0 Safari/537.36" 
37.179.42.33 - - [23/Feb/2020:07:52:05 -0800] "GET /wp-content/uploads/2019/11/rustic-3.png HTTP/1.1" 200 554949 "http://www.fornacalia.com/" "Mozilla/5.0 (X11; Linux x86_64) AppleWebKit/537.36 (KHTML, like Gecko) HeadlessChrome/77.0.3827.0 Safari/537.36" 
37.179.42.33 - - [23/Feb/2020:07:52:05 -0800] "GET /wp-content/uploads/2019/04/four-students-1024x616.png HTTP/1.1" 200 956401 "http://www.fornacalia.com/" "Mozilla/5.0 (X11; Linux x86_64) AppleWebKit/537.36 (KHTML, like Gecko) HeadlessChrome/77.0.3827.0 Safari/537.36" 
37.179.42.33 - - [23/Feb/2020:07:52:05 -0800] "GET /wp-content/uploads/2019/11/mise-en-place-774x1024.png HTTP/1.1" 200 1391756 "http://www.fornacalia.com/" "Mozilla/5.0 (X11; Linux x86_64) AppleWebKit/537.36 (KHTML, like Gecko) HeadlessChrome/77.0.3827.0 Safari/537.36" 
139.59.121.38 - - [23/Feb/2020:07:53:28 -0800] "GET /wp-login.php HTTP/1.1" 200 6905 "-" "Mozilla/5.0 (Windows NT 6.1) AppleWebKit/537.36 (KHTML, like Gecko) Chrome/63.0.3239.84 Safari/537.36" 
139.59.121.38 - - [23/Feb/2020:07:53:29 -0800] "POST /wp-login.php HTTP/1.1" 200 4827 "-" "Mozilla/5.0 (Windows NT 6.1) AppleWebKit/537.36 (KHTML, like Gecko) Chrome/63.0.3239.84 Safari/537.36" 
66.249.70.17 - - [23/Feb/2020:07:58:11 -0800] "GET /2020/sourdough-revival/ HTTP/1.1" 200 34167 "-" "Mozilla/5.0 (Linux; Android 6.0.1; Nexus 5X Build/MMB29P) AppleWebKit/537.36 (KHTML, like Gecko) Chrome/41.0.2272.96 Mobile Safari/537.36 (compatible; Googlebot/2.1; +http://www.google.com/bot.html)" 
5.188.84.35 - - [23/Feb/2020:08:01:02 -0800] "GET /2013/pasta-madre-day-2013/ HTTP/1.0" 200 32824 "https://www.fornacalia.com/2013/pasta-madre-day-2013/#comment-1801/" "Mozilla/5.0 (Windows NT 10.0; Win64; x64) AppleWebKit/537.36 (KHTML, like Gecko) Chrome/67.0.3396.87 Safari/537.36 OPR/54.0.2952.54" 
5.188.84.35 - - [23/Feb/2020:08:01:03 -0800] "POST /wp-comments-post.php HTTP/1.0" 302 4027 "https://www.fornacalia.com/2013/pasta-madre-day-2013/#comment-1801/" "Mozilla/5.0 (Windows NT 10.0; Win64; x64) AppleWebKit/537.36 (KHTML, like Gecko) Chrome/67.0.3396.87 Safari/537.36 OPR/54.0.2952.54" 
5.188.84.65 - - [23/Feb/2020:08:02:04 -0800] "GET /2013/pasta-madre-day-2013/ HTTP/1.0" 200 32824 "https://www.fornacalia.com/2013/pasta-madre-day-2013/#comment-1801/" "Mozilla/5.0 (Windows NT 10.0; Win64; x64) AppleWebKit/537.36 (KHTML, like Gecko) Chrome/67.0.3396.79 Safari/537.36" 
5.188.84.65 - - [23/Feb/2020:08:02:05 -0800] "POST /wp-comments-post.php HTTP/1.0" 302 4027 "https://www.fornacalia.com/2013/pasta-madre-day-2013/#comment-1801/" "Mozilla/5.0 (Windows NT 10.0; Win64; x64) AppleWebKit/537.36 (KHTML, like Gecko) Chrome/67.0.3396.79 Safari/537.36" 
5.188.84.220 - - [23/Feb/2020:08:03:23 -0800] "GET /2013/pasta-madre-day-2013/ HTTP/1.0" 200 32824 "https://www.fornacalia.com/2013/pasta-madre-day-2013/#comment-1801/" "Mozilla/5.0 (Windows NT 10.0; Win64; x64) AppleWebKit/537.36 (KHTML, like Gecko) Chrome/68.0.3440.106 Safari/537.36" 
5.188.84.220 - - [23/Feb/2020:08:03:24 -0800] "POST /wp-comments-post.php HTTP/1.0" 302 4027 "https://www.fornacalia.com/2013/pasta-madre-day-2013/#comment-1801/" "Mozilla/5.0 (Windows NT 10.0; Win64; x64) AppleWebKit/537.36 (KHTML, like Gecko) Chrome/68.0.3440.106 Safari/537.36" 
77.123.146.25 - - [23/Feb/2020:08:07:13 -0800] "GET /2019/first-course-in-rome/ HTTP/1.0" 200 29479 "https://www.fornacalia.com/2019/first-course-in-rome/" "Mozilla/5.0 (Windows NT 6.1) AppleWebKit/537.36 (KHTML, like Gecko) Chrome/66.0.3359.181 Safari/537.36 Kinza/4.7.2" 
77.123.146.25 - - [23/Feb/2020:08:07:14 -0800] "POST /wp-comments-post.php HTTP/1.0" 302 4027 "https://www.fornacalia.com/2019/first-course-in-rome/" "Mozilla/5.0 (Windows NT 6.1) AppleWebKit/537.36 (KHTML, like Gecko) Chrome/66.0.3359.181 Safari/537.36 Kinza/4.7.2" 
77.123.146.25 - - [23/Feb/2020:08:07:15 -0800] "GET /2019/first-course-in-rome/ HTTP/1.0" 200 29479 "https://www.fornacalia.com/2019/first-course-in-rome/#comment-26212" "Mozilla/5.0 (Windows NT 6.1) AppleWebKit/537.36 (KHTML, like Gecko) Chrome/66.0.3359.181 Safari/537.36 Kinza/4.7.2" 
54.36.148.141 - - [23/Feb/2020:08:11:53 -0800] "GET /robots.txt HTTP/1.1" 200 3961 "-" "Mozilla/5.0 (compatible; AhrefsBot/6.1; +http://ahrefs.com/robot/)" 
54.36.148.77 - - [23/Feb/2020:08:11:54 -0800] "GET /2013/chestnut-bread/ HTTP/1.1" 200 29023 "-" "Mozilla/5.0 (compatible; AhrefsBot/6.1; +http://ahrefs.com/robot/)" 
66.249.70.15 - - [23/Feb/2020:08:18:10 -0800] "GET /2018/palanga-rye-bread/ HTTP/1.1" 200 38293 "-" "Mozilla/5.0 (Linux; Android 6.0.1; Nexus 5X Build/MMB29P) AppleWebKit/537.36 (KHTML, like Gecko) Chrome/41.0.2272.96 Mobile Safari/537.36 (compatible; Googlebot/2.1; +http://www.google.com/bot.html)" 
139.59.121.38 - - [23/Feb/2020:08:18:14 -0800] "GET /wp-login.php HTTP/1.1" 200 6905 "-" "Mozilla/5.0 (Windows NT 6.1) AppleWebKit/537.36 (KHTML, like Gecko) Chrome/63.0.3239.84 Safari/537.36" 
139.59.121.38 - - [23/Feb/2020:08:18:14 -0800] "POST /wp-login.php HTTP/1.1" 200 4827 "-" "Mozilla/5.0 (Windows NT 6.1) AppleWebKit/537.36 (KHTML, like Gecko) Chrome/63.0.3239.84 Safari/537.36" 
5.188.84.25 - - [23/Feb/2020:08:24:22 -0800] "GET /2013/pasta-madre-day-2013/ HTTP/1.0" 200 32824 "https://www.fornacalia.com/2013/pasta-madre-day-2013/#comment-1801/" "Mozilla/5.0 (Windows NT 6.1; Win64; x64) AppleWebKit/537.36 (KHTML, like Gecko) Chrome/67.0.3396.87 Safari/537.36 OPR/54.0.2952.54" 
5.188.84.25 - - [23/Feb/2020:08:24:24 -0800] "POST /wp-comments-post.php HTTP/1.0" 302 4027 "https://www.fornacalia.com/2013/pasta-madre-day-2013/#comment-1801/" "Mozilla/5.0 (Windows NT 6.1; Win64; x64) AppleWebKit/537.36 (KHTML, like Gecko) Chrome/67.0.3396.87 Safari/537.36 OPR/54.0.2952.54" 
5.188.84.80 - - [23/Feb/2020:08:27:10 -0800] "GET /2013/pasta-madre-day-2013/ HTTP/1.0" 200 32824 "https://www.fornacalia.com/2013/pasta-madre-day-2013/#comment-1801/" "Mozilla/5.0 (Windows NT 10.0; Win64; x64) AppleWebKit/537.36 (KHTML, like Gecko) Chrome/68.0.3440.106 Safari/537.36" 
5.188.84.80 - - [23/Feb/2020:08:27:11 -0800] "POST /wp-comments-post.php HTTP/1.0" 302 4027 "https://www.fornacalia.com/2013/pasta-madre-day-2013/#comment-1801/" "Mozilla/5.0 (Windows NT 10.0; Win64; x64) AppleWebKit/537.36 (KHTML, like Gecko) Chrome/68.0.3440.106 Safari/537.36" 
157.55.39.29 - - [23/Feb/2020:08:28:32 -0800] "GET /robots.txt HTTP/1.1" 200 2447 "-" "Mozilla/5.0 (compatible; bingbot/2.0; +http://www.bing.com/bingbot.htm)" 
157.55.39.29 - - [23/Feb/2020:08:28:36 -0800] "GET /robots.txt HTTP/1.1" 200 4207 "-" "Mozilla/5.0 (compatible; bingbot/2.0; +http://www.bing.com/bingbot.htm)" 
40.77.167.15 - - [23/Feb/2020:08:28:42 -0800] "GET /category/gleanings/feed/ HTTP/1.1" 200 25079 "-" "msnbot/2.0b (+http://search.msn.com/msnbot.htm)" 
5.188.84.80 - - [23/Feb/2020:08:38:48 -0800] "GET /2013/pasta-madre-day-2013/ HTTP/1.0" 200 32824 "https://www.fornacalia.com/2013/pasta-madre-day-2013/#comment-1801/" "Mozilla/5.0 (Windows NT 6.1) AppleWebKit/537.36 (KHTML, like Gecko) Chrome/66.0.3359.181 Safari/537.36 Kinza/4.7.2" 
5.188.84.80 - - [23/Feb/2020:08:38:50 -0800] "POST /wp-comments-post.php HTTP/1.0" 302 4027 "https://www.fornacalia.com/2013/pasta-madre-day-2013/#comment-1801/" "Mozilla/5.0 (Windows NT 6.1) AppleWebKit/537.36 (KHTML, like Gecko) Chrome/66.0.3359.181 Safari/537.36 Kinza/4.7.2" 
112.224.71.81 - - [23/Feb/2020:08:38:49 -0800] "GET /2019/sourdough-u-one-day-course-17-november-2019 HTTP/1.1" 301 3886 "-" "Mozilla/5.0(Linux;U;Android 5.1.1;zh-CN;OPPO A33 Build/LMY47V) AppleWebKit/537.36(KHTML,like Gecko) Version/4.0 Chrome/40.0.2214.89 Mobile Safari/537.36" 
112.224.71.81 - - [23/Feb/2020:08:38:52 -0800] "GET /2019/sourdough-u-one-day-course-17-november-2019/ HTTP/1.1" 200 31148 "-" "Mozilla/5.0(Linux;U;Android 5.1.1;zh-CN;OPPO A33 Build/LMY47V) AppleWebKit/537.36(KHTML,like Gecko) Version/4.0 Chrome/40.0.2214.89 Mobile Safari/537.36" 
159.65.7.153 - - [23/Feb/2020:08:42:52 -0800] "GET /wp-login.php HTTP/1.1" 200 6905 "-" "Mozilla/5.0 (Windows NT 6.1) AppleWebKit/537.36 (KHTML, like Gecko) Chrome/63.0.3239.84 Safari/537.36" 
159.65.7.153 - - [23/Feb/2020:08:42:53 -0800] "POST /wp-login.php HTTP/1.1" 200 4827 "-" "Mozilla/5.0 (Windows NT 6.1) AppleWebKit/537.36 (KHTML, like Gecko) Chrome/63.0.3239.84 Safari/537.36" 
64.111.100.215 - - [23/Feb/2020:08:42:52 -0800] "POST /wp-cron.php?doing_wp_cron=1582476172.6315960884094238281250 HTTP/1.1" 200 3258 "https://www.fornacalia.com/wp-cron.php?doing_wp_cron=1582476172.6315960884094238281250" "WordPress/5.2.5; https://www.fornacalia.com" 
5.188.84.233 - - [23/Feb/2020:08:43:37 -0800] "GET /2013/pasta-madre-day-2013/ HTTP/1.0" 200 32824 "https://www.fornacalia.com/2013/pasta-madre-day-2013/#comment-1801/" "Mozilla/5.0 (Windows NT 6.1) AppleWebKit/537.36 (KHTML, like Gecko) Chrome/66.0.3359.181 Safari/537.36" 
5.188.84.233 - - [23/Feb/2020:08:43:38 -0800] "POST /wp-comments-post.php HTTP/1.0" 302 4027 "https://www.fornacalia.com/2013/pasta-madre-day-2013/#comment-1801/" "Mozilla/5.0 (Windows NT 6.1) AppleWebKit/537.36 (KHTML, like Gecko) Chrome/66.0.3359.181 Safari/537.36" 
34.236.55.223 - - [23/Feb/2020:08:48:07 -0800] "GET /wp-login.php HTTP/1.1" 200 6905 "-" "Mozilla/5.0 (Windows; U; Windows NT 5.2; en-US) AppleWebKit/532.0 (KHTML, like Gecko) Chrome/4.0.203.2 Safari/532.0" 
34.236.55.223 - - [23/Feb/2020:08:48:07 -0800] "POST /wp-login.php HTTP/1.1" 200 4827 "-" "Mozilla/5.0 (Windows; U; Windows NT 5.2; en-US) AppleWebKit/532.0 (KHTML, like Gecko) Chrome/4.0.203.2 Safari/532.0" 
46.229.168.131 - - [23/Feb/2020:08:50:34 -0800] "GET /robots.txt HTTP/1.1" 200 4170 "-" "Mozilla/5.0 (compatible; SemrushBot/6~bl; +http://www.semrush.com/bot.html)" 
46.229.168.147 - - [23/Feb/2020:08:50:34 -0800] "GET /2004/really-sour-dough/ HTTP/1.1" 200 27882 "-" "Mozilla/5.0 (compatible; SemrushBot/6~bl; +http://www.semrush.com/bot.html)" 
5.188.84.15 - - [23/Feb/2020:08:53:33 -0800] "GET /2013/pasta-madre-day-2013/ HTTP/1.0" 200 32824 "https://www.fornacalia.com/2013/pasta-madre-day-2013/#comment-1801/" "Mozilla/5.0 (Windows NT 6.1; Win64; x64) AppleWebKit/537.36 (KHTML, like Gecko) Chrome/66.0.3359.170 Safari/537.36 OPR/53.0.2907.106" 
5.188.84.15 - - [23/Feb/2020:08:53:34 -0800] "POST /wp-comments-post.php HTTP/1.0" 302 4027 "https://www.fornacalia.com/2013/pasta-madre-day-2013/#comment-1801/" "Mozilla/5.0 (Windows NT 6.1; Win64; x64) AppleWebKit/537.36 (KHTML, like Gecko) Chrome/66.0.3359.170 Safari/537.36 OPR/53.0.2907.106" 
158.69.249.21 - - [23/Feb/2020:08:55:12 -0800] "GET /wp-login.php HTTP/1.1" 200 6905 "-" "Mozilla/5.0 (Windows NT 6.1) AppleWebKit/537.36 (KHTML, like Gecko) Chrome/63.0.3239.84 Safari/537.36" 
158.69.249.21 - - [23/Feb/2020:08:55:13 -0800] "POST /wp-login.php HTTP/1.1" 200 4827 "-" "Mozilla/5.0 (Windows NT 6.1) AppleWebKit/537.36 (KHTML, like Gecko) Chrome/63.0.3239.84 Safari/537.36" 
5.188.84.45 - - [23/Feb/2020:08:57:47 -0800] "GET /2013/pasta-madre-day-2013/ HTTP/1.0" 200 32824 "https://www.fornacalia.com/2013/pasta-madre-day-2013/#comment-1801/" "Mozilla/5.0 (Windows NT 10.0; Win64; x64) AppleWebKit/537.36 (KHTML, like Gecko) Chrome/67.0.3396.87 Safari/537.36 OPR/54.0.2952.71" 
5.188.84.45 - - [23/Feb/2020:08:57:48 -0800] "POST /wp-comments-post.php HTTP/1.0" 302 4027 "https://www.fornacalia.com/2013/pasta-madre-day-2013/#comment-1801/" "Mozilla/5.0 (Windows NT 10.0; Win64; x64) AppleWebKit/537.36 (KHTML, like Gecko) Chrome/67.0.3396.87 Safari/537.36 OPR/54.0.2952.71" 
66.249.70.17 - - [23/Feb/2020:08:58:22 -0800] "GET /2019/learn-to-bake-sourdough-bread-in-rome/ HTTP/1.1" 200 44444 "-" "Mozilla/5.0 (compatible; Googlebot/2.1; +http://www.google.com/bot.html)" 
54.36.148.216 - - [23/Feb/2020:09:03:07 -0800] "GET /2019/5363/feed/ HTTP/1.1" 200 4726 "-" "Mozilla/5.0 (compatible; AhrefsBot/6.1; +http://ahrefs.com/robot/)" 
5.188.84.25 - - [23/Feb/2020:09:04:51 -0800] "GET /2013/pasta-madre-day-2013/ HTTP/1.0" 200 32824 "https://www.fornacalia.com/2013/pasta-madre-day-2013/#comment-1801/" "Mozilla/5.0 (Windows NT 6.1; Win64; x64) AppleWebKit/537.36 (KHTML, like Gecko) Chrome/68.0.3440.106 Safari/537.36 OPR/55.0.2994.44" 
5.188.84.25 - - [23/Feb/2020:09:04:52 -0800] "POST /wp-comments-post.php HTTP/1.0" 302 4027 "https://www.fornacalia.com/2013/pasta-madre-day-2013/#comment-1801/" "Mozilla/5.0 (Windows NT 6.1; Win64; x64) AppleWebKit/537.36 (KHTML, like Gecko) Chrome/68.0.3440.106 Safari/537.36 OPR/55.0.2994.44" 
54.36.150.160 - - [23/Feb/2020:09:11:53 -0800] "GET /2015/me-and-burnt-flour/pane-con-grano-arso-6/ HTTP/1.1" 200 23786 "-" "Mozilla/5.0 (compatible; AhrefsBot/6.1; +http://ahrefs.com/robot/)" 
5.188.84.35 - - [23/Feb/2020:09:15:50 -0800] "GET /2013/pasta-madre-day-2013/ HTTP/1.0" 200 32824 "https://www.fornacalia.com/2013/pasta-madre-day-2013/#comment-1801/" "Mozilla/5.0 (Windows NT 6.1; Win64; x64) AppleWebKit/537.36 (KHTML, like Gecko) Chrome/67.0.3396.79 Safari/537.36" 
5.188.84.35 - - [23/Feb/2020:09:15:51 -0800] "POST /wp-comments-post.php HTTP/1.0" 302 4027 "https://www.fornacalia.com/2013/pasta-madre-day-2013/#comment-1801/" "Mozilla/5.0 (Windows NT 6.1; Win64; x64) AppleWebKit/537.36 (KHTML, like Gecko) Chrome/67.0.3396.79 Safari/537.36" 
5.188.84.45 - - [23/Feb/2020:09:25:27 -0800] "GET /2013/pasta-madre-day-2013/ HTTP/1.0" 200 32824 "https://www.fornacalia.com/2013/pasta-madre-day-2013/#comment-1801/" "Mozilla/5.0 (Windows NT 6.1) AppleWebKit/537.36 (KHTML, like Gecko) Chrome/67.0.3396.87 Safari/537.36" 
5.188.84.45 - - [23/Feb/2020:09:25:29 -0800] "POST /wp-comments-post.php HTTP/1.0" 302 4027 "https://www.fornacalia.com/2013/pasta-madre-day-2013/#comment-1801/" "Mozilla/5.0 (Windows NT 6.1) AppleWebKit/537.36 (KHTML, like Gecko) Chrome/67.0.3396.87 Safari/537.36" 
114.101.247.156 - - [23/Feb/2020:09:32:41 -0800] "GET /2017/my-goto-wholemeal/%23fn2-5209 HTTP/1.1" 404 24500 "-" "Mozilla/5.0(Linux;U;Android 5.1.1;zh-CN;OPPO A33 Build/LMY47V) AppleWebKit/537.36(KHTML,like Gecko) Version/4.0 Chrome/40.0.2214.89 Mobile Safari/537.36" 
158.69.249.21 - - [23/Feb/2020:09:33:09 -0800] "GET /wp-login.php HTTP/1.1" 200 6905 "-" "Mozilla/5.0 (Windows NT 6.1) AppleWebKit/537.36 (KHTML, like Gecko) Chrome/63.0.3239.84 Safari/537.36" 
158.69.249.21 - - [23/Feb/2020:09:33:09 -0800] "POST /wp-login.php HTTP/1.1" 200 4827 "-" "Mozilla/5.0 (Windows NT 6.1) AppleWebKit/537.36 (KHTML, like Gecko) Chrome/63.0.3239.84 Safari/537.36" 
5.188.84.233 - - [23/Feb/2020:09:35:03 -0800] "GET /2013/pasta-madre-day-2013/ HTTP/1.0" 200 32824 "https://www.fornacalia.com/2013/pasta-madre-day-2013/#comment-1801/" "Mozilla/5.0 (Windows NT 10.0; Win64; x64) AppleWebKit/537.36 (KHTML, like Gecko) Chrome/68.0.3440.106 Safari/537.36" 
5.188.84.233 - - [23/Feb/2020:09:35:04 -0800] "POST /wp-comments-post.php HTTP/1.0" 302 4027 "https://www.fornacalia.com/2013/pasta-madre-day-2013/#comment-1801/" "Mozilla/5.0 (Windows NT 10.0; Win64; x64) AppleWebKit/537.36 (KHTML, like Gecko) Chrome/68.0.3440.106 Safari/537.36" 
66.249.70.17 - - [23/Feb/2020:09:38:11 -0800] "GET /2014/in-which-a-croissant-recipe-makes-me-cross/ HTTP/1.1" 200 36107 "-" "Mozilla/5.0 (Linux; Android 6.0.1; Nexus 5X Build/MMB29P) AppleWebKit/537.36 (KHTML, like Gecko) Chrome/41.0.2272.96 Mobile Safari/537.36 (compatible; Googlebot/2.1; +http://www.google.com/bot.html)" 
5.188.84.65 - - [23/Feb/2020:09:43:10 -0800] "GET /2013/pasta-madre-day-2013/ HTTP/1.0" 200 32824 "https://www.fornacalia.com/2013/pasta-madre-day-2013/#comment-1801/" "Mozilla/5.0 (Windows NT 10.0; Win64; x64) AppleWebKit/537.36 (KHTML, like Gecko) Chrome/67.0.3396.87 Safari/537.36 OPR/54.0.2952.54" 
64.111.100.215 - - [23/Feb/2020:09:43:11 -0800] "POST /wp-cron.php?doing_wp_cron=1582479790.7979240417480468750000 HTTP/1.1" 200 3258 "https://www.fornacalia.com/wp-cron.php?doing_wp_cron=1582479790.7979240417480468750000" "WordPress/5.2.5; https://www.fornacalia.com" 
5.188.84.65 - - [23/Feb/2020:09:43:12 -0800] "POST /wp-comments-post.php HTTP/1.0" 302 4027 "https://www.fornacalia.com/2013/pasta-madre-day-2013/#comment-1801/" "Mozilla/5.0 (Windows NT 10.0; Win64; x64) AppleWebKit/537.36 (KHTML, like Gecko) Chrome/67.0.3396.87 Safari/537.36 OPR/54.0.2952.54" 
192.241.151.151 - - [23/Feb/2020:09:45:17 -0800] "GET /wp-login.php HTTP/1.1" 200 6905 "-" "Mozilla/5.0 (Windows NT 6.1) AppleWebKit/537.36 (KHTML, like Gecko) Chrome/63.0.3239.84 Safari/537.36" 
192.241.151.151 - - [23/Feb/2020:09:45:17 -0800] "POST /wp-login.php HTTP/1.1" 200 4827 "-" "Mozilla/5.0 (Windows NT 6.1) AppleWebKit/537.36 (KHTML, like Gecko) Chrome/63.0.3239.84 Safari/537.36" 
5.188.84.15 - - [23/Feb/2020:09:47:11 -0800] "GET /2013/pasta-madre-day-2013/ HTTP/1.0" 200 32824 "https://www.fornacalia.com/2013/pasta-madre-day-2013/#comment-1801/" "Mozilla/5.0 (Windows NT 10.0; Win64; x64) AppleWebKit/537.36 (KHTML, like Gecko) Chrome/65.0.3325.181 Safari/537.36" 
5.188.84.15 - - [23/Feb/2020:09:47:12 -0800] "POST /wp-comments-post.php HTTP/1.0" 302 4027 "https://www.fornacalia.com/2013/pasta-madre-day-2013/#comment-1801/" "Mozilla/5.0 (Windows NT 10.0; Win64; x64) AppleWebKit/537.36 (KHTML, like Gecko) Chrome/65.0.3325.181 Safari/537.36" 
54.36.149.96 - - [23/Feb/2020:09:47:53 -0800] "GET /2007/practical-microbiology-101/ HTTP/1.1" 200 31212 "-" "Mozilla/5.0 (compatible; AhrefsBot/6.1; +http://ahrefs.com/robot/)" 
114.119.141.129 - - [23/Feb/2020:09:48:59 -0800] "GET /category/crumbs/page/3 HTTP/1.1" 301 3809 "-" "Mozilla/5.0(Linux;Android 5.1.1;OPPO A33 Build/LMY47V;wv) AppleWebKit/537.36(KHTML,link Gecko) Version/4.0 Chrome/43.0.2357.121 Mobile Safari/537.36" 
114.119.141.129 - - [23/Feb/2020:09:49:00 -0800] "GET /category/crumbs/page/3/ HTTP/1.1" 200 41355 "-" "Mozilla/5.0(Linux;Android 5.1.1;OPPO A33 Build/LMY47V;wv) AppleWebKit/537.36(KHTML,link Gecko) Version/4.0 Chrome/43.0.2357.121 Mobile Safari/537.36" 
114.119.143.95 - - [23/Feb/2020:09:50:00 -0800] "GET /2019/hot-cross-buns/ HTTP/1.1" 200 34268 "-" "Mozilla/5.0(Linux;Android 5.1.1;OPPO A33 Build/LMY47V;wv) AppleWebKit/537.36(KHTML,link Gecko) Version/4.0 Chrome/43.0.2357.121 Mobile Safari/537.36" 
114.119.128.120 - - [23/Feb/2020:09:52:04 -0800] "GET /author/jeremy/page/2/ HTTP/1.1" 200 52771 "-" "Mozilla/5.0(Linux;U;Android 5.1.1;zh-CN;OPPO A33 Build/LMY47V) AppleWebKit/537.36(KHTML,like Gecko) Version/4.0 Chrome/40.0.2214.89 Mobile Safari/537.36" 
5.188.84.220 - - [23/Feb/2020:09:57:14 -0800] "GET /2013/pasta-madre-day-2013/ HTTP/1.0" 200 32824 "https://www.fornacalia.com/2013/pasta-madre-day-2013/#comment-1801/" "Mozilla/5.0 (Windows NT 6.3; Win64; x64) AppleWebKit/537.36 (KHTML, like Gecko) Chrome/65.0.3325.146 Safari/537.36" 
5.188.84.220 - - [23/Feb/2020:09:57:14 -0800] "POST /wp-comments-post.php HTTP/1.0" 302 4027 "https://www.fornacalia.com/2013/pasta-madre-day-2013/#comment-1801/" "Mozilla/5.0 (Windows NT 6.3; Win64; x64) AppleWebKit/537.36 (KHTML, like Gecko) Chrome/65.0.3325.146 Safari/537.36" 
114.119.131.130 - - [23/Feb/2020:10:00:19 -0800] "GET /2012/apple-cider-levain-loaf/ HTTP/1.1" 200 33061 "-" "Mozilla/5.0(Linux;Android 5.1.1;OPPO A33 Build/LMY47V;wv) AppleWebKit/537.36(KHTML,link Gecko) Version/4.0 Chrome/42.0.2311.138 Mobile Safari/537.36" 
114.119.140.86 - - [23/Feb/2020:10:00:27 -0800] "GET /2004/it-is-risen-again/ HTTP/1.1" 200 27325 "-" "Mozilla/5.0(Linux;U;Android 5.1.1;zh-CN;OPPO A33 Build/LMY47V) AppleWebKit/537.36(KHTML,like Gecko) Version/4.0 Chrome/40.0.2214.89 Mobile Safari/537.36" 
114.119.162.149 - - [23/Feb/2020:10:05:54 -0800] "GET /2017/help-for-the-harassed-sourdough-baker HTTP/1.1" 301 3829 "-" "Mozilla/5.0(Linux;Android 5.1.1;OPPO A33 Build/LMY47V;wv) AppleWebKit/537.36(KHTML,link Gecko) Version/4.0 Chrome/43.0.2357.121 Mobile Safari/537.36" 
114.119.162.149 - - [23/Feb/2020:10:05:55 -0800] "GET /2017/help-for-the-harassed-sourdough-baker/ HTTP/1.1" 200 27483 "-" "Mozilla/5.0(Linux;Android 5.1.1;OPPO A33 Build/LMY47V;wv) AppleWebKit/537.36(KHTML,link Gecko) Version/4.0 Chrome/43.0.2357.121 Mobile Safari/537.36" 
114.119.145.242 - - [23/Feb/2020:10:07:58 -0800] "GET /2018/a-rustic-bread-for-fornacalia/ HTTP/1.1" 200 36233 "-" "Mozilla/5.0(Linux;U;Android 5.1.1;zh-CN;OPPO A33 Build/LMY47V) AppleWebKit/537.36(KHTML,like Gecko) Version/4.0 Chrome/40.0.2214.89 Mobile Safari/537.36" 
5.188.84.35 - - [23/Feb/2020:10:09:30 -0800] "GET /2013/pasta-madre-day-2013/ HTTP/1.0" 200 32824 "https://www.fornacalia.com/2013/pasta-madre-day-2013/#comment-1801/" "Mozilla/5.0 (Windows NT 10.0; Win64; x64) AppleWebKit/537.36 (KHTML, like Gecko) Chrome/68.0.3440.84 Safari/537.36" 
5.188.84.35 - - [23/Feb/2020:10:09:31 -0800] "POST /wp-comments-post.php HTTP/1.0" 302 4027 "https://www.fornacalia.com/2013/pasta-madre-day-2013/#comment-1801/" "Mozilla/5.0 (Windows NT 10.0; Win64; x64) AppleWebKit/537.36 (KHTML, like Gecko) Chrome/68.0.3440.84 Safari/537.36" 
5.188.84.220 - - [23/Feb/2020:10:09:47 -0800] "GET /2013/pasta-madre-day-2013/ HTTP/1.0" 200 32824 "https://www.fornacalia.com/2013/pasta-madre-day-2013/#comment-1801/" "Mozilla/5.0 (Windows NT 6.3; Win64; x64) AppleWebKit/537.36 (KHTML, like Gecko) Chrome/65.0.3325.146 Safari/537.36" 
5.188.84.220 - - [23/Feb/2020:10:09:48 -0800] "POST /wp-comments-post.php HTTP/1.0" 302 4027 "https://www.fornacalia.com/2013/pasta-madre-day-2013/#comment-1801/" "Mozilla/5.0 (Windows NT 6.3; Win64; x64) AppleWebKit/537.36 (KHTML, like Gecko) Chrome/65.0.3325.146 Safari/537.36" 
188.241.114.187 - - [23/Feb/2020:10:10:05 -0800] "GET /wp-login.php HTTP/1.1" 200 6905 "-" "Mozilla/5.0 (Windows NT 6.1) AppleWebKit/537.36 (KHTML, like Gecko) Chrome/63.0.3239.84 Safari/537.36" 
188.241.114.187 - - [23/Feb/2020:10:10:05 -0800] "POST /wp-login.php HTTP/1.1" 200 4827 "-" "Mozilla/5.0 (Windows NT 6.1) AppleWebKit/537.36 (KHTML, like Gecko) Chrome/63.0.3239.84 Safari/537.36" 
5.188.84.65 - - [23/Feb/2020:10:10:20 -0800] "GET /2013/pasta-madre-day-2013/ HTTP/1.0" 200 32824 "https://www.fornacalia.com/2013/pasta-madre-day-2013/#comment-1801/" "Mozilla/5.0 (Windows NT 10.0; Win64; x64) AppleWebKit/537.36 (KHTML, like Gecko) Chrome/67.0.3396.87 Safari/537.36" 
5.188.84.65 - - [23/Feb/2020:10:10:21 -0800] "POST /wp-comments-post.php HTTP/1.0" 302 4027 "https://www.fornacalia.com/2013/pasta-madre-day-2013/#comment-1801/" "Mozilla/5.0 (Windows NT 10.0; Win64; x64) AppleWebKit/537.36 (KHTML, like Gecko) Chrome/67.0.3396.87 Safari/537.36" 
40.77.167.15 - - [23/Feb/2020:10:11:02 -0800] "GET / HTTP/1.1" 200 53442 "-" "Mozilla/5.0 (compatible; bingbot/2.0; +http://www.bing.com/bingbot.htm)" 
114.119.160.203 - - [23/Feb/2020:10:24:26 -0800] "GET /2018/palanga-rye?replytocom=1150 HTTP/1.1" 301 3819 "-" "Mozilla/5.0(Linux;Android 5.1.1;OPPO A33 Build/LMY47V;wv) AppleWebKit/537.36(KHTML,link Gecko) Version/4.0 Chrome/43.0.2357.121 Mobile Safari/537.36" 
114.119.160.203 - - [23/Feb/2020:10:24:28 -0800] "GET /2018/palanga-rye/?replytocom=1150 HTTP/1.1" 200 13690 "-" "Mozilla/5.0(Linux;Android 5.1.1;OPPO A33 Build/LMY47V;wv) AppleWebKit/537.36(KHTML,link Gecko) Version/4.0 Chrome/43.0.2357.121 Mobile Safari/537.36" 
114.119.148.188 - - [23/Feb/2020:10:27:34 -0800] "GET /2017/a-new-look HTTP/1.1" 301 3853 "-" "Mozilla/5.0 (iPad; CPU OS 7_0 like Mac OS X) AppleWebKit/537.51.1 (KHTML, like Gecko) Version/7.0 Mobile/11A465 Safari/9537.53" 
114.119.148.188 - - [23/Feb/2020:10:27:35 -0800] "GET /2017/a-new-look/ HTTP/1.1" 200 26613 "-" "Mozilla/5.0 (iPad; CPU OS 7_0 like Mac OS X) AppleWebKit/537.51.1 (KHTML, like Gecko) Version/7.0 Mobile/11A465 Safari/9537.53" 
5.188.84.25 - - [23/Feb/2020:10:30:13 -0800] "GET /2013/pasta-madre-day-2013/ HTTP/1.0" 200 32824 "https://www.fornacalia.com/2013/pasta-madre-day-2013/#comment-1801/" "Mozilla/5.0 (Windows NT 6.2; Win64; x64) AppleWebKit/537.36 (KHTML, like Gecko) Chrome/68.0.3440.106 Safari/537.36" 
5.188.84.25 - - [23/Feb/2020:10:30:14 -0800] "POST /wp-comments-post.php HTTP/1.0" 302 4027 "https://www.fornacalia.com/2013/pasta-madre-day-2013/#comment-1801/" "Mozilla/5.0 (Windows NT 6.2; Win64; x64) AppleWebKit/537.36 (KHTML, like Gecko) Chrome/68.0.3440.106 Safari/537.36" 
46.229.168.143 - - [23/Feb/2020:10:31:32 -0800] "GET /robots.txt HTTP/1.1" 200 4170 "-" "Mozilla/5.0 (compatible; SemrushBot/6~bl; +http://www.semrush.com/bot.html)" 
46.229.168.161 - - [23/Feb/2020:10:31:32 -0800] "GET /2019/respect-to-respectus-panis/ HTTP/1.1" 200 33690 "-" "Mozilla/5.0 (compatible; SemrushBot/6~bl; +http://www.semrush.com/bot.html)" 
5.188.84.80 - - [23/Feb/2020:10:33:43 -0800] "GET /2013/pasta-madre-day-2013/ HTTP/1.0" 200 32824 "https://www.fornacalia.com/2013/pasta-madre-day-2013/#comment-1801/" "Mozilla/5.0 (Windows NT 6.1; Win64; x64) AppleWebKit/537.36 (KHTML, like Gecko) Chrome/67.0.3396.99 Safari/537.36" 
5.188.84.80 - - [23/Feb/2020:10:33:44 -0800] "POST /wp-comments-post.php HTTP/1.0" 302 4027 "https://www.fornacalia.com/2013/pasta-madre-day-2013/#comment-1801/" "Mozilla/5.0 (Windows NT 6.1; Win64; x64) AppleWebKit/537.36 (KHTML, like Gecko) Chrome/67.0.3396.99 Safari/537.36" 
109.234.38.61 - - [23/Feb/2020:10:34:28 -0800] "GET /2013/pasta-madre-day-2013/ HTTP/1.0" 200 32824 "https://www.fornacalia.com/2013/pasta-madre-day-2013/#comment-26231" "Mozilla/5.0 (Windows NT 6.2; Win64; x64) AppleWebKit/537.36 (KHTML, like Gecko) Chrome/68.0.3440.106 Safari/537.36" 
172.245.229.167 - - [23/Feb/2020:10:40:48 -0800] "GET /wp-login.php?action=register HTTP/1.1" 302 3781 "-" "Mozilla/5.0 (Windows NT 6.1; Win64; x64) AppleWebKit/537.36 (KHTML, like Gecko) Chrome/67.0.3396.79 Safari/537.36" 
172.245.229.167 - - [23/Feb/2020:10:40:49 -0800] "GET /wp-login.php?registration=disabled HTTP/1.1" 200 7303 "https://www.fornacalia.com/wp-login.php?action=register" "Mozilla/5.0 (Windows NT 6.1; Win64; x64) AppleWebKit/537.36 (KHTML, like Gecko) Chrome/67.0.3396.79 Safari/537.36" 
5.188.84.80 - - [23/Feb/2020:10:45:18 -0800] "GET /2013/pasta-madre-day-2013/ HTTP/1.0" 200 32824 "https://www.fornacalia.com/2013/pasta-madre-day-2013/#comment-1801/" "Mozilla/5.0 (Windows NT 6.1) AppleWebKit/537.36 (KHTML, like Gecko) Chrome/67.0.3396.99 Safari/537.36 Kinza/4.8.2" 
5.188.84.80 - - [23/Feb/2020:10:45:19 -0800] "POST /wp-comments-post.php HTTP/1.0" 302 4027 "https://www.fornacalia.com/2013/pasta-madre-day-2013/#comment-1801/" "Mozilla/5.0 (Windows NT 6.1) AppleWebKit/537.36 (KHTML, like Gecko) Chrome/67.0.3396.99 Safari/537.36 Kinza/4.8.2" 
5.188.84.233 - - [23/Feb/2020:10:48:24 -0800] "GET /2013/pasta-madre-day-2013/ HTTP/1.0" 200 32824 "https://www.fornacalia.com/2013/pasta-madre-day-2013/#comment-1801/" "Mozilla/5.0 (Windows NT 10.0; Win64; x64) AppleWebKit/537.36 (KHTML, like Gecko) Chrome/67.0.3396.79 Safari/537.36" 
5.188.84.233 - - [23/Feb/2020:10:48:25 -0800] "POST /wp-comments-post.php HTTP/1.0" 302 4027 "https://www.fornacalia.com/2013/pasta-madre-day-2013/#comment-1801/" "Mozilla/5.0 (Windows NT 10.0; Win64; x64) AppleWebKit/537.36 (KHTML, like Gecko) Chrome/67.0.3396.79 Safari/537.36" 
5.188.84.15 - - [23/Feb/2020:10:58:03 -0800] "GET /2013/pasta-madre-day-2013/ HTTP/1.0" 200 32824 "https://www.fornacalia.com/2013/pasta-madre-day-2013/#comment-1801/" "Mozilla/5.0 (Windows NT 6.3; Win64; x64) AppleWebKit/537.36 (KHTML, like Gecko) Chrome/65.0.3325.146 Safari/537.36" 
5.188.84.15 - - [23/Feb/2020:10:58:04 -0800] "POST /wp-comments-post.php HTTP/1.0" 302 4027 "https://www.fornacalia.com/2013/pasta-madre-day-2013/#comment-1801/" "Mozilla/5.0 (Windows NT 6.3; Win64; x64) AppleWebKit/537.36 (KHTML, like Gecko) Chrome/65.0.3325.146 Safari/537.36" 
5.188.84.45 - - [23/Feb/2020:11:04:23 -0800] "GET /2013/pasta-madre-day-2013/ HTTP/1.0" 200 32824 "https://www.fornacalia.com/2013/pasta-madre-day-2013/#comment-1801/" "Mozilla/5.0 (Windows NT 10.0; Win64; x64) AppleWebKit/537.36 (KHTML, like Gecko) Chrome/67.0.3396.87 Safari/537.36 OPR/54.0.2952.54" 
5.188.84.45 - - [23/Feb/2020:11:04:25 -0800] "POST /wp-comments-post.php HTTP/1.0" 302 4027 "https://www.fornacalia.com/2013/pasta-madre-day-2013/#comment-1801/" "Mozilla/5.0 (Windows NT 10.0; Win64; x64) AppleWebKit/537.36 (KHTML, like Gecko) Chrome/67.0.3396.87 Safari/537.36 OPR/54.0.2952.54" 
40.77.167.15 - - [23/Feb/2020:11:05:44 -0800] "GET /2018/palanga-rye-bread/ HTTP/1.1" 200 38293 "-" "Mozilla/5.0 (compatible; bingbot/2.0; +http://www.bing.com/bingbot.htm)" 
114.119.159.225 - - [23/Feb/2020:11:06:43 -0800] "GET /2017/cornbread-for-fornacalia HTTP/1.1" 301 3867 "-" "Mozilla/5.0(Linux;U;Android 5.1.1;zh-CN;OPPO A33 Build/LMY47V) AppleWebKit/537.36(KHTML,like Gecko) Version/4.0 Chrome/40.0.2214.89 Mobile Safari/537.36" 
114.119.159.225 - - [23/Feb/2020:11:06:44 -0800] "GET /2017/cornbread-for-fornacalia/ HTTP/1.1" 200 30156 "-" "Mozilla/5.0(Linux;U;Android 5.1.1;zh-CN;OPPO A33 Build/LMY47V) AppleWebKit/537.36(KHTML,like Gecko) Version/4.0 Chrome/40.0.2214.89 Mobile Safari/537.36" 
112.64.53.212 - - [23/Feb/2020:11:08:46 -0800] "GET /2019/building-a-leaven HTTP/1.1" 301 3860 "-" "Mozilla/5.0 (iPad; CPU OS 7_0 like Mac OS X) AppleWebKit/537.51.1 (KHTML, like Gecko) Version/7.0 Mobile/11A465 Safari/9537.53" 
112.64.53.212 - - [23/Feb/2020:11:08:47 -0800] "GET /2019/building-a-leaven/ HTTP/1.1" 200 30870 "-" "Mozilla/5.0 (iPad; CPU OS 7_0 like Mac OS X) AppleWebKit/537.51.1 (KHTML, like Gecko) Version/7.0 Mobile/11A465 Safari/9537.53" 
5.188.84.25 - - [23/Feb/2020:11:10:30 -0800] "GET /2013/pasta-madre-day-2013/ HTTP/1.0" 200 32824 "https://www.fornacalia.com/2013/pasta-madre-day-2013/#comment-1801/" "Mozilla/5.0 (Windows NT 6.1; Win64; x64) AppleWebKit/537.36 (KHTML, like Gecko) Chrome/66.0.3359.170 Safari/537.36 OPR/53.0.2907.106" 
5.188.84.25 - - [23/Feb/2020:11:10:31 -0800] "POST /wp-comments-post.php HTTP/1.0" 302 4027 "https://www.fornacalia.com/2013/pasta-madre-day-2013/#comment-1801/" "Mozilla/5.0 (Windows NT 6.1; Win64; x64) AppleWebKit/537.36 (KHTML, like Gecko) Chrome/66.0.3359.170 Safari/537.36 OPR/53.0.2907.106" 
223.244.152.69 - - [23/Feb/2020:11:14:47 -0800] "GET /2019/mysterious-ear-problem-partially-solved HTTP/1.1" 301 3831 "-" "Mozilla/5.0(Linux;U;Android 5.1.1;zh-CN;OPPO A33 Build/LMY47V) AppleWebKit/537.36(KHTML,like Gecko) Version/4.0 Chrome/40.0.2214.89 Mobile Safari/537.36" 
223.244.152.69 - - [23/Feb/2020:11:14:49 -0800] "GET /2019/mysterious-ear-problem-partially-solved/ HTTP/1.1" 200 29272 "-" "Mozilla/5.0(Linux;U;Android 5.1.1;zh-CN;OPPO A33 Build/LMY47V) AppleWebKit/537.36(KHTML,like Gecko) Version/4.0 Chrome/40.0.2214.89 Mobile Safari/537.36" 
146.255.103.9 - - [23/Feb/2020:11:16:12 -0800] "GET /wp-login.php HTTP/1.1" 200 6905 "-" "Mozilla/5.0 (Windows NT 6.1) AppleWebKit/537.36 (KHTML, like Gecko) Chrome/63.0.3239.84 Safari/537.36" 
146.255.103.9 - - [23/Feb/2020:11:16:12 -0800] "POST /wp-login.php HTTP/1.1" 200 4827 "-" "Mozilla/5.0 (Windows NT 6.1) AppleWebKit/537.36 (KHTML, like Gecko) Chrome/63.0.3239.84 Safari/537.36" 
203.133.169.112 - - [23/Feb/2020:11:16:58 -0800] "GET /robots.txt HTTP/1.1" 200 3975 "-" "Mozilla/5.0 (compatible; Daum/4.1; +http://cs.daum.net/faq/15/4118.html?faqId=28966)" 
203.133.169.112 - - [23/Feb/2020:11:16:59 -0800] "GET /wp-json/oembed/1.0/embed?url=https%3A%2F%2Fwww.fornacalia.com%2F2017%2Fa-new-look%2F&format=xml HTTP/1.1" 200 5981 "-" "Mozilla/5.0 (compatible; Daum/4.1; +http://cs.daum.net/faq/15/4118.html?faqId=28966)" 
203.133.169.112 - - [23/Feb/2020:11:18:00 -0800] "GET /wp-json/oembed/1.0/embed?url=https%3A%2F%2Fwww.fornacalia.com%2F2017%2Fa-new-look%2F&format=xml HTTP/1.1" 200 5981 "-" "Mozilla/5.0 (compatible; Daum/4.1; +http://cs.daum.net/faq/15/4118.html?faqId=28966)" 
