203.133.169.112 - - [07/Mar/2020:07:24:14 -0800] "GET /wp-json/oembed/1.0/embed?url=https%3A%2F%2Fwww.fornacalia.com%2F2013%2Fchestnut-bread%2F&format=xml HTTP/1.1" 200 6106 "-" "Mozilla/5.0 (compatible; Daum/4.1; +http://cs.daum.net/faq/15/4118.html?faqId=28966)" 
185.79.115.147 - - [07/Mar/2020:07:33:20 -0800] "GET /wp-login.php HTTP/1.1" 200 4828 "-" "Mozilla/5.0 (X11; Ubuntu; Linux x86_64; rv:62.0) Gecko/20100101 Firefox/62.0" 
185.79.115.147 - - [07/Mar/2020:07:33:21 -0800] "POST /wp-login.php HTTP/1.1" 200 5221 "-" "Mozilla/5.0 (X11; Ubuntu; Linux x86_64; rv:62.0) Gecko/20100101 Firefox/62.0" 
185.79.115.147 - - [07/Mar/2020:07:33:22 -0800] "GET /wp-login.php HTTP/1.1" 200 4828 "-" "Mozilla/5.0 (X11; Ubuntu; Linux x86_64; rv:62.0) Gecko/20100101 Firefox/62.0" 
185.79.115.147 - - [07/Mar/2020:07:33:22 -0800] "POST /wp-login.php HTTP/1.1" 200 5199 "-" "Mozilla/5.0 (X11; Ubuntu; Linux x86_64; rv:62.0) Gecko/20100101 Firefox/62.0" 
185.79.115.147 - - [07/Mar/2020:07:33:23 -0800] "POST /xmlrpc.php HTTP/1.1" 200 3695 "-" "Mozilla/5.0 (X11; Ubuntu; Linux x86_64; rv:62.0) Gecko/20100101 Firefox/62.0" 
114.119.167.251 - - [07/Mar/2020:07:40:39 -0800] "GET /2004/it-is-risen-again HTTP/1.1" 301 4094 "-" "Mozilla/5.0 (Linux; Android 7.0;) AppleWebKit/537.36 (KHTML, like Gecko) Mobile Safari/537.36 (compatible; AspiegelBot)" 
198.57.167.49 - - [07/Mar/2020:07:40:39 -0800] "GET /wp-login.php HTTP/1.1" 200 4809 "-" "Mozilla/5.0 (Windows NT 6.1) AppleWebKit/537.36 (KHTML, like Gecko) Chrome/63.0.3239.84 Safari/537.36" 
198.57.167.49 - - [07/Mar/2020:07:40:40 -0800] "POST /wp-login.php HTTP/1.1" 200 2128 "-" "Mozilla/5.0 (Windows NT 6.1) AppleWebKit/537.36 (KHTML, like Gecko) Chrome/63.0.3239.84 Safari/537.36" 
114.119.167.251 - - [07/Mar/2020:07:40:40 -0800] "GET /2004/it-is-risen-again/ HTTP/1.1" 200 11175 "-" "Mozilla/5.0 (Linux; Android 7.0;) AppleWebKit/537.36 (KHTML, like Gecko) Mobile Safari/537.36 (compatible; AspiegelBot)" 
88.129.16.88 - - [07/Mar/2020:07:41:18 -0800] "GET /wp-login.php HTTP/1.1" 200 4828 "-" "Mozilla/5.0 (X11; Ubuntu; Linux x86_64; rv:62.0) Gecko/20100101 Firefox/62.0" 
88.129.16.88 - - [07/Mar/2020:07:41:18 -0800] "POST /wp-login.php HTTP/1.1" 200 5221 "-" "Mozilla/5.0 (X11; Ubuntu; Linux x86_64; rv:62.0) Gecko/20100101 Firefox/62.0" 
88.129.16.88 - - [07/Mar/2020:07:41:19 -0800] "GET /wp-login.php HTTP/1.1" 200 4828 "-" "Mozilla/5.0 (X11; Ubuntu; Linux x86_64; rv:62.0) Gecko/20100101 Firefox/62.0" 
88.129.16.88 - - [07/Mar/2020:07:41:19 -0800] "POST /wp-login.php HTTP/1.1" 200 5199 "-" "Mozilla/5.0 (X11; Ubuntu; Linux x86_64; rv:62.0) Gecko/20100101 Firefox/62.0" 
88.129.16.88 - - [07/Mar/2020:07:41:20 -0800] "POST /xmlrpc.php HTTP/1.1" 200 3695 "-" "Mozilla/5.0 (X11; Ubuntu; Linux x86_64; rv:62.0) Gecko/20100101 Firefox/62.0" 
128.199.212.82 - - [07/Mar/2020:07:48:49 -0800] "GET /wp-login.php HTTP/1.1" 200 4828 "-" "Mozilla/5.0 (X11; Ubuntu; Linux x86_64; rv:62.0) Gecko/20100101 Firefox/62.0" 
128.199.212.82 - - [07/Mar/2020:07:48:51 -0800] "POST /wp-login.php HTTP/1.1" 200 5221 "-" "Mozilla/5.0 (X11; Ubuntu; Linux x86_64; rv:62.0) Gecko/20100101 Firefox/62.0" 
128.199.212.82 - - [07/Mar/2020:07:48:52 -0800] "GET /wp-login.php HTTP/1.1" 200 4828 "-" "Mozilla/5.0 (X11; Ubuntu; Linux x86_64; rv:62.0) Gecko/20100101 Firefox/62.0" 
128.199.212.82 - - [07/Mar/2020:07:48:54 -0800] "POST /wp-login.php HTTP/1.1" 200 5199 "-" "Mozilla/5.0 (X11; Ubuntu; Linux x86_64; rv:62.0) Gecko/20100101 Firefox/62.0" 
128.199.212.82 - - [07/Mar/2020:07:48:55 -0800] "POST /xmlrpc.php HTTP/1.1" 200 3695 "-" "Mozilla/5.0 (X11; Ubuntu; Linux x86_64; rv:62.0) Gecko/20100101 Firefox/62.0" 
167.71.118.16 - - [07/Mar/2020:07:57:16 -0800] "GET /wp-login.php HTTP/1.1" 200 4828 "-" "Mozilla/5.0 (X11; Ubuntu; Linux x86_64; rv:62.0) Gecko/20100101 Firefox/62.0" 
167.71.118.16 - - [07/Mar/2020:07:57:17 -0800] "POST /wp-login.php HTTP/1.1" 200 5221 "-" "Mozilla/5.0 (X11; Ubuntu; Linux x86_64; rv:62.0) Gecko/20100101 Firefox/62.0" 
167.71.118.16 - - [07/Mar/2020:07:57:18 -0800] "GET /wp-login.php HTTP/1.1" 200 4828 "-" "Mozilla/5.0 (X11; Ubuntu; Linux x86_64; rv:62.0) Gecko/20100101 Firefox/62.0" 
167.71.118.16 - - [07/Mar/2020:07:57:18 -0800] "POST /wp-login.php HTTP/1.1" 200 5199 "-" "Mozilla/5.0 (X11; Ubuntu; Linux x86_64; rv:62.0) Gecko/20100101 Firefox/62.0" 
167.71.118.16 - - [07/Mar/2020:07:57:18 -0800] "POST /xmlrpc.php HTTP/1.1" 200 3695 "-" "Mozilla/5.0 (X11; Ubuntu; Linux x86_64; rv:62.0) Gecko/20100101 Firefox/62.0" 
5.188.84.45 - - [07/Mar/2020:08:00:38 -0800] "GET /2013/pasta-madre-day-2013/ HTTP/1.0" 200 32926 "https://www.fornacalia.com/2013/pasta-madre-day-2013/#comment-1801/" "Mozilla/5.0 (Windows NT 6.1) AppleWebKit/537.36 (KHTML, like Gecko) Chrome/68.0.3440.106 Safari/537.36" 
5.188.84.45 - - [07/Mar/2020:08:00:39 -0800] "POST /wp-comments-post.php HTTP/1.0" 302 4061 "https://www.fornacalia.com/2013/pasta-madre-day-2013/#comment-1801/" "Mozilla/5.0 (Windows NT 6.1) AppleWebKit/537.36 (KHTML, like Gecko) Chrome/68.0.3440.106 Safari/537.36" 
114.119.166.39 - - [07/Mar/2020:08:03:37 -0800] "GET /author/jeremy/feed HTTP/1.1" 301 4140 "-" "Mozilla/5.0 (Linux; Android 7.0;) AppleWebKit/537.36 (KHTML, like Gecko) Mobile Safari/537.36 (compatible; AspiegelBot)" 
114.119.166.39 - - [07/Mar/2020:08:03:38 -0800] "GET /author/jeremy/feed/ HTTP/1.1" 200 18008 "-" "Mozilla/5.0 (Linux; Android 7.0;) AppleWebKit/537.36 (KHTML, like Gecko) Mobile Safari/537.36 (compatible; AspiegelBot)" 
93.113.111.193 - - [07/Mar/2020:08:04:53 -0800] "GET /wp-login.php HTTP/1.1" 200 4828 "-" "Mozilla/5.0 (X11; Ubuntu; Linux x86_64; rv:62.0) Gecko/20100101 Firefox/62.0" 
93.113.111.193 - - [07/Mar/2020:08:04:53 -0800] "POST /wp-login.php HTTP/1.1" 200 5221 "-" "Mozilla/5.0 (X11; Ubuntu; Linux x86_64; rv:62.0) Gecko/20100101 Firefox/62.0" 
93.113.111.193 - - [07/Mar/2020:08:04:54 -0800] "GET /wp-login.php HTTP/1.1" 200 4828 "-" "Mozilla/5.0 (X11; Ubuntu; Linux x86_64; rv:62.0) Gecko/20100101 Firefox/62.0" 
93.113.111.193 - - [07/Mar/2020:08:04:54 -0800] "POST /wp-login.php HTTP/1.1" 200 5199 "-" "Mozilla/5.0 (X11; Ubuntu; Linux x86_64; rv:62.0) Gecko/20100101 Firefox/62.0" 
93.113.111.193 - - [07/Mar/2020:08:04:54 -0800] "POST /xmlrpc.php HTTP/1.1" 200 3695 "-" "Mozilla/5.0 (X11; Ubuntu; Linux x86_64; rv:62.0) Gecko/20100101 Firefox/62.0" 
5.188.84.45 - - [07/Mar/2020:08:10:46 -0800] "GET /2013/pasta-madre-day-2013/ HTTP/1.0" 200 32926 "https://www.fornacalia.com/2013/pasta-madre-day-2013/#comment-1801/" "Mozilla/5.0 (Windows NT 6.1) AppleWebKit/537.36 (KHTML, like Gecko) Chrome/68.0.3440.106 Safari/537.36 Kinza/4.9.1" 
5.188.84.45 - - [07/Mar/2020:08:10:48 -0800] "POST /wp-comments-post.php HTTP/1.0" 302 4061 "https://www.fornacalia.com/2013/pasta-madre-day-2013/#comment-1801/" "Mozilla/5.0 (Windows NT 6.1) AppleWebKit/537.36 (KHTML, like Gecko) Chrome/68.0.3440.106 Safari/537.36 Kinza/4.9.1" 
37.115.124.3 - - [07/Mar/2020:08:12:14 -0800] "GET /2013/pasta-madre-day-2013/ HTTP/1.0" 200 32926 "https://www.fornacalia.com/2013/pasta-madre-day-2013/#comment-28389" "Mozilla/5.0 (Windows NT 6.1) AppleWebKit/537.36 (KHTML, like Gecko) Chrome/67.0.3396.99 Safari/537.36 Kinza/4.8.2" 
5.188.84.233 - - [07/Mar/2020:08:20:09 -0800] "GET /2013/pasta-madre-day-2013/ HTTP/1.0" 200 32926 "https://www.fornacalia.com/2013/pasta-madre-day-2013/#comment-1801/" "Mozilla/5.0 (Windows NT 10.0) AppleWebKit/537.36 (KHTML, like Gecko) Chrome/67.0.3396.99 Safari/537.36" 
5.188.84.233 - - [07/Mar/2020:08:20:10 -0800] "POST /wp-comments-post.php HTTP/1.0" 302 4061 "https://www.fornacalia.com/2013/pasta-madre-day-2013/#comment-1801/" "Mozilla/5.0 (Windows NT 10.0) AppleWebKit/537.36 (KHTML, like Gecko) Chrome/67.0.3396.99 Safari/537.36" 
72.51.28.75 - - [07/Mar/2020:08:21:01 -0800] "POST /wp-login.php HTTP/1.1" 418 3737 "-" "-" 
72.51.28.75 - - [07/Mar/2020:08:21:17 -0800] "POST /wp-login.php HTTP/1.1" 418 3737 "-" "-" 
72.51.28.75 - - [07/Mar/2020:08:21:33 -0800] "POST /wp-login.php HTTP/1.1" 418 3737 "-" "-" 
72.51.28.75 - - [07/Mar/2020:08:21:49 -0800] "POST /wp-login.php HTTP/1.1" 418 3737 "-" "-" 
5.188.84.25 - - [07/Mar/2020:08:24:42 -0800] "GET /2013/pasta-madre-day-2013/ HTTP/1.0" 200 32926 "https://www.fornacalia.com/2013/pasta-madre-day-2013/#comment-1801/" "Mozilla/5.0 (Macintosh; Intel Mac OS X 10_13_5) AppleWebKit/537.36 (KHTML, like Gecko) Chrome/67.0.3396.99 Safari/537.36" 
5.188.84.25 - - [07/Mar/2020:08:24:43 -0800] "POST /wp-comments-post.php HTTP/1.0" 302 4061 "https://www.fornacalia.com/2013/pasta-madre-day-2013/#comment-1801/" "Mozilla/5.0 (Macintosh; Intel Mac OS X 10_13_5) AppleWebKit/537.36 (KHTML, like Gecko) Chrome/67.0.3396.99 Safari/537.36" 
66.249.66.47 - - [07/Mar/2020:08:26:05 -0800] "GET /category/gleanings/ HTTP/1.1" 200 13289 "-" "Mozilla/5.0 (compatible; Googlebot/2.1; +http://www.google.com/bot.html)" 
66.249.66.45 - - [07/Mar/2020:08:26:54 -0800] "GET /wp-content/themes/Autonomie-child/css/wide-width.css?ver=1.0.0 HTTP/1.1" 404 9981 "https://www.fornacalia.com/category/gleanings/" "Mozilla/5.0 AppleWebKit/537.36 (KHTML, like Gecko; compatible; Googlebot/2.1; +http://www.google.com/bot.html) Chrome/80.0.3987.92 Safari/537.36" 
66.249.66.45 - - [07/Mar/2020:08:27:55 -0800] "GET /xmlrpc.php HTTP/1.1" 405 3791 "-" "Mozilla/5.0 (Linux; Android 6.0.1; Nexus 5X Build/MMB29P) AppleWebKit/537.36 (KHTML, like Gecko) Chrome/41.0.2272.96 Mobile Safari/537.36 (compatible; Googlebot/2.1; +http://www.google.com/bot.html)" 
157.55.39.227 - - [07/Mar/2020:08:32:06 -0800] "GET /tag/wholemeal/ HTTP/1.1" 200 12474 "-" "Mozilla/5.0 (compatible; bingbot/2.0; +http://www.bing.com/bingbot.htm)" 
207.46.13.120 - - [07/Mar/2020:08:32:13 -0800] "GET /category/recipes/page/2/ HTTP/1.1" 200 12164 "-" "Mozilla/5.0 (compatible; bingbot/2.0; +http://www.bing.com/bingbot.htm)" 
5.188.84.15 - - [07/Mar/2020:08:32:19 -0800] "GET /2013/pasta-madre-day-2013/ HTTP/1.0" 200 32926 "https://www.fornacalia.com/2013/pasta-madre-day-2013/#comment-1801/" "Mozilla/5.0 (Windows NT 10.0; Win64; x64) AppleWebKit/537.36 (KHTML, like Gecko) Chrome/66.0.3359.170 Safari/537.36 OPR/53.0.2907.68" 
5.188.84.15 - - [07/Mar/2020:08:32:20 -0800] "POST /wp-comments-post.php HTTP/1.0" 302 4061 "https://www.fornacalia.com/2013/pasta-madre-day-2013/#comment-1801/" "Mozilla/5.0 (Windows NT 10.0; Win64; x64) AppleWebKit/537.36 (KHTML, like Gecko) Chrome/66.0.3359.170 Safari/537.36 OPR/53.0.2907.68" 
5.188.84.35 - - [07/Mar/2020:08:35:14 -0800] "GET /2013/pasta-madre-day-2013/ HTTP/1.0" 200 32926 "https://www.fornacalia.com/2013/pasta-madre-day-2013/#comment-1801/" "Mozilla/5.0 (Windows NT 6.2; Win64; x64) AppleWebKit/537.36 (KHTML, like Gecko) Chrome/68.0.3440.106 Safari/537.36" 
5.188.84.35 - - [07/Mar/2020:08:35:15 -0800] "POST /wp-comments-post.php HTTP/1.0" 302 4061 "https://www.fornacalia.com/2013/pasta-madre-day-2013/#comment-1801/" "Mozilla/5.0 (Windows NT 6.2; Win64; x64) AppleWebKit/537.36 (KHTML, like Gecko) Chrome/68.0.3440.106 Safari/537.36" 
66.249.66.49 - - [07/Mar/2020:08:35:54 -0800] "GET /i-can-teach-you-to-make-good-bread/ HTTP/1.1" 200 10301 "-" "Mozilla/5.0 (compatible; Googlebot/2.1; +http://www.google.com/bot.html)" 
114.119.165.86 - - [07/Mar/2020:08:36:41 -0800] "GET /2018/palanga-rye/ HTTP/1.1" 200 11469 "-" "Mozilla/5.0 (Linux; Android 7.0;) AppleWebKit/537.36 (KHTML, like Gecko) Mobile Safari/537.36 (compatible; AspiegelBot)" 
5.188.84.80 - - [07/Mar/2020:08:38:07 -0800] "GET /2013/pasta-madre-day-2013/ HTTP/1.0" 200 32926 "https://www.fornacalia.com/2013/pasta-madre-day-2013/#comment-1801/" "Mozilla/5.0 (Windows NT 6.1) AppleWebKit/537.36 (KHTML, like Gecko) Chrome/67.0.3396.99 Safari/537.36" 
5.188.84.80 - - [07/Mar/2020:08:38:08 -0800] "POST /wp-comments-post.php HTTP/1.0" 302 4061 "https://www.fornacalia.com/2013/pasta-madre-day-2013/#comment-1801/" "Mozilla/5.0 (Windows NT 6.1) AppleWebKit/537.36 (KHTML, like Gecko) Chrome/67.0.3396.99 Safari/537.36" 
5.188.84.220 - - [07/Mar/2020:08:39:41 -0800] "GET /2013/pasta-madre-day-2013/ HTTP/1.0" 200 32926 "https://www.fornacalia.com/2013/pasta-madre-day-2013/#comment-1801/" "Mozilla/5.0 (Windows NT 6.1; Win64; x64) AppleWebKit/537.36 (KHTML, like Gecko) Chrome/67.0.3396.87 Safari/537.36 OPR/54.0.2952.71" 
5.188.84.220 - - [07/Mar/2020:08:39:42 -0800] "POST /wp-comments-post.php HTTP/1.0" 302 4061 "https://www.fornacalia.com/2013/pasta-madre-day-2013/#comment-1801/" "Mozilla/5.0 (Windows NT 6.1; Win64; x64) AppleWebKit/537.36 (KHTML, like Gecko) Chrome/67.0.3396.87 Safari/537.36 OPR/54.0.2952.71" 
114.119.161.162 - - [07/Mar/2020:08:41:48 -0800] "GET /2013/poppyseed-cake HTTP/1.1" 301 4091 "-" "Mozilla/5.0 (Linux; Android 7.0;) AppleWebKit/537.36 (KHTML, like Gecko) Mobile Safari/537.36 (compatible; AspiegelBot)" 
64.111.100.215 - - [07/Mar/2020:08:41:48 -0800] "POST /wp-cron.php?doing_wp_cron=1583599308.2114629745483398437500 HTTP/1.1" 200 3492 "https://www.fornacalia.com/wp-cron.php?doing_wp_cron=1583599308.2114629745483398437500" "WordPress/5.2.5; https://www.fornacalia.com" 
114.119.161.162 - - [07/Mar/2020:08:41:50 -0800] "GET /2013/poppyseed-cake/ HTTP/1.1" 200 11942 "-" "Mozilla/5.0 (Linux; Android 7.0;) AppleWebKit/537.36 (KHTML, like Gecko) Mobile Safari/537.36 (compatible; AspiegelBot)" 
5.188.84.15 - - [07/Mar/2020:08:47:54 -0800] "GET /2013/pasta-madre-day-2013/ HTTP/1.0" 200 32926 "https://www.fornacalia.com/2013/pasta-madre-day-2013/#comment-1801/" "Mozilla/5.0 (Windows NT 6.1; Win64; x64) AppleWebKit/537.36 (KHTML, like Gecko) Chrome/68.0.3440.84 Safari/537.36" 
5.188.84.15 - - [07/Mar/2020:08:47:55 -0800] "POST /wp-comments-post.php HTTP/1.0" 302 4061 "https://www.fornacalia.com/2013/pasta-madre-day-2013/#comment-1801/" "Mozilla/5.0 (Windows NT 6.1; Win64; x64) AppleWebKit/537.36 (KHTML, like Gecko) Chrome/68.0.3440.84 Safari/537.36" 
5.188.84.80 - - [07/Mar/2020:08:55:40 -0800] "GET /2013/pasta-madre-day-2013/ HTTP/1.0" 200 32926 "https://www.fornacalia.com/2013/pasta-madre-day-2013/#comment-1801/" "Mozilla/5.0 (Windows NT 6.1; Win64; x64) AppleWebKit/537.36 (KHTML, like Gecko) Chrome/66.0.3359.170 Safari/537.36 OPR/53.0.2907.106" 
5.188.84.80 - - [07/Mar/2020:08:55:42 -0800] "POST /wp-comments-post.php HTTP/1.0" 302 4061 "https://www.fornacalia.com/2013/pasta-madre-day-2013/#comment-1801/" "Mozilla/5.0 (Windows NT 6.1; Win64; x64) AppleWebKit/537.36 (KHTML, like Gecko) Chrome/66.0.3359.170 Safari/537.36 OPR/53.0.2907.106" 
66.249.66.45 - - [07/Mar/2020:08:56:07 -0800] "GET /2017/black-pepper-rye/ HTTP/1.1" 200 14283 "-" "Mozilla/5.0 (Linux; Android 6.0.1; Nexus 5X Build/MMB29P) AppleWebKit/537.36 (KHTML, like Gecko) Chrome/41.0.2272.96 Mobile Safari/537.36 (compatible; Googlebot/2.1; +http://www.google.com/bot.html)" 
5.188.84.25 - - [07/Mar/2020:08:57:24 -0800] "GET /2013/pasta-madre-day-2013/ HTTP/1.0" 200 32926 "https://www.fornacalia.com/2013/pasta-madre-day-2013/#comment-1801/" "Mozilla/5.0 (Windows NT 6.1; WOW64) AppleWebKit/537.36 (KHTML, like Gecko) Chrome/66.0.3359.170 Safari/537.36 OPR/53.0.2907.99" 
5.188.84.25 - - [07/Mar/2020:08:57:25 -0800] "POST /wp-comments-post.php HTTP/1.0" 302 4061 "https://www.fornacalia.com/2013/pasta-madre-day-2013/#comment-1801/" "Mozilla/5.0 (Windows NT 6.1; WOW64) AppleWebKit/537.36 (KHTML, like Gecko) Chrome/66.0.3359.170 Safari/537.36 OPR/53.0.2907.99" 
5.188.84.65 - - [07/Mar/2020:09:00:22 -0800] "GET /2013/pasta-madre-day-2013/ HTTP/1.0" 200 32926 "https://www.fornacalia.com/2013/pasta-madre-day-2013/#comment-1801/" "Mozilla/5.0 (Windows NT 10.0; Win64; x64) AppleWebKit/537.36 (KHTML, like Gecko) Chrome/65.0.3325.181 Safari/537.36" 
5.188.84.65 - - [07/Mar/2020:09:00:23 -0800] "POST /wp-comments-post.php HTTP/1.0" 302 4061 "https://www.fornacalia.com/2013/pasta-madre-day-2013/#comment-1801/" "Mozilla/5.0 (Windows NT 10.0; Win64; x64) AppleWebKit/537.36 (KHTML, like Gecko) Chrome/65.0.3325.181 Safari/537.36" 
134.209.150.200 - - [07/Mar/2020:09:04:51 -0800] "GET /wp-login.php HTTP/1.1" 200 4809 "-" "Mozilla/5.0 (Windows NT 6.1) AppleWebKit/537.36 (KHTML, like Gecko) Chrome/63.0.3239.84 Safari/537.36" 
134.209.150.200 - - [07/Mar/2020:09:04:52 -0800] "POST /wp-login.php HTTP/1.1" 200 2128 "-" "Mozilla/5.0 (Windows NT 6.1) AppleWebKit/537.36 (KHTML, like Gecko) Chrome/63.0.3239.84 Safari/537.36" 
5.188.84.65 - - [07/Mar/2020:09:05:10 -0800] "GET /2013/pasta-madre-day-2013/ HTTP/1.0" 200 32926 "https://www.fornacalia.com/2013/pasta-madre-day-2013/#comment-1801/" "Mozilla/5.0 (Windows NT 6.3; Win64; x64) AppleWebKit/537.36 (KHTML, like Gecko) Chrome/65.0.3325.146 Safari/537.36" 
5.188.84.65 - - [07/Mar/2020:09:05:10 -0800] "POST /wp-comments-post.php HTTP/1.0" 302 4061 "https://www.fornacalia.com/2013/pasta-madre-day-2013/#comment-1801/" "Mozilla/5.0 (Windows NT 6.3; Win64; x64) AppleWebKit/537.36 (KHTML, like Gecko) Chrome/65.0.3325.146 Safari/537.36" 
66.249.66.47 - - [07/Mar/2020:09:06:04 -0800] "GET /2016/a-very-good-carrot-cake/ HTTP/1.1" 200 12524 "-" "Mozilla/5.0 (compatible; Googlebot/2.1; +http://www.google.com/bot.html)" 
114.119.164.139 - - [07/Mar/2020:09:09:32 -0800] "GET /2019/the-future-of-bread-a-course-in-wales HTTP/1.1" 301 4114 "-" "Mozilla/5.0 (Linux; Android 7.0;) AppleWebKit/537.36 (KHTML, like Gecko) Mobile Safari/537.36 (compatible; AspiegelBot)" 
114.119.164.139 - - [07/Mar/2020:09:09:33 -0800] "GET /2019/the-future-of-bread-a-course-in-wales/ HTTP/1.1" 200 12506 "-" "Mozilla/5.0 (Linux; Android 7.0;) AppleWebKit/537.36 (KHTML, like Gecko) Mobile Safari/537.36 (compatible; AspiegelBot)" 
5.188.84.220 - - [07/Mar/2020:09:13:53 -0800] "GET /2013/pasta-madre-day-2013/ HTTP/1.0" 200 32926 "https://www.fornacalia.com/2013/pasta-madre-day-2013/#comment-1801/" "Mozilla/5.0 (Windows NT 6.1) AppleWebKit/537.36 (KHTML, like Gecko) Chrome/66.0.3359.181 Safari/537.36" 
5.188.84.220 - - [07/Mar/2020:09:13:54 -0800] "POST /wp-comments-post.php HTTP/1.0" 302 4061 "https://www.fornacalia.com/2013/pasta-madre-day-2013/#comment-1801/" "Mozilla/5.0 (Windows NT 6.1) AppleWebKit/537.36 (KHTML, like Gecko) Chrome/66.0.3359.181 Safari/537.36" 
5.188.84.35 - - [07/Mar/2020:09:18:29 -0800] "GET /2013/pasta-madre-day-2013/ HTTP/1.0" 200 32926 "https://www.fornacalia.com/2013/pasta-madre-day-2013/#comment-1801/" "Mozilla/5.0 (Windows NT 6.1; WOW64) AppleWebKit/537.36 (KHTML, like Gecko) Chrome/66.0.3359.170 Safari/537.36 OPR/53.0.2907.99" 
5.188.84.35 - - [07/Mar/2020:09:18:31 -0800] "POST /wp-comments-post.php HTTP/1.0" 302 4061 "https://www.fornacalia.com/2013/pasta-madre-day-2013/#comment-1801/" "Mozilla/5.0 (Windows NT 6.1; WOW64) AppleWebKit/537.36 (KHTML, like Gecko) Chrome/66.0.3359.170 Safari/537.36 OPR/53.0.2907.99" 
173.212.228.208 - - [07/Mar/2020:09:20:57 -0800] "POST /wp-login.php HTTP/1.1" 418 3737 "-" "-" 
173.212.228.208 - - [07/Mar/2020:09:21:09 -0800] "POST /wp-login.php HTTP/1.1" 418 3737 "-" "-" 
173.212.228.208 - - [07/Mar/2020:09:21:24 -0800] "POST /wp-login.php HTTP/1.1" 418 3737 "-" "-" 
173.212.228.208 - - [07/Mar/2020:09:21:41 -0800] "POST /wp-login.php HTTP/1.1" 418 3737 "-" "-" 
5.188.84.233 - - [07/Mar/2020:09:23:08 -0800] "GET /2013/pasta-madre-day-2013/ HTTP/1.0" 200 32926 "https://www.fornacalia.com/2013/pasta-madre-day-2013/#comment-1801/" "Mozilla/5.0 (Windows NT 6.3; Win64; x64) AppleWebKit/537.36 (KHTML, like Gecko) Chrome/67.0.3396.87 Safari/537.36" 
114.119.165.219 - - [07/Mar/2020:09:23:08 -0800] "GET /wp-content/uploads/2020/03/starter-workflow-1-1024x577.png HTTP/1.1" 200 1074716 "-" "Mozilla/5.0 (Linux; Android 7.0;) AppleWebKit/537.36 (KHTML, like Gecko) Mobile Safari/537.36 (compatible; AspiegelBot)" 
5.188.84.233 - - [07/Mar/2020:09:23:09 -0800] "POST /wp-comments-post.php HTTP/1.0" 302 4061 "https://www.fornacalia.com/2013/pasta-madre-day-2013/#comment-1801/" "Mozilla/5.0 (Windows NT 6.3; Win64; x64) AppleWebKit/537.36 (KHTML, like Gecko) Chrome/67.0.3396.87 Safari/537.36" 
157.55.39.227 - - [07/Mar/2020:09:24:33 -0800] "GET /wp-content/uploads/2016/08/slice.png HTTP/1.1" 200 822555 "-" "Mozilla/5.0 (compatible; bingbot/2.0; +http://www.bing.com/bingbot.htm)" 
114.119.164.131 - - [07/Mar/2020:09:28:15 -0800] "GET /author/jeremy/page/3 HTTP/1.1" 301 4041 "-" "Mozilla/5.0 (Linux; Android 7.0;) AppleWebKit/537.36 (KHTML, like Gecko) Mobile Safari/537.36 (compatible; AspiegelBot)" 
114.119.164.131 - - [07/Mar/2020:09:28:16 -0800] "GET /author/jeremy/page/3/ HTTP/1.1" 200 19848 "-" "Mozilla/5.0 (Linux; Android 7.0;) AppleWebKit/537.36 (KHTML, like Gecko) Mobile Safari/537.36 (compatible; AspiegelBot)" 
138.197.141.124 - - [07/Mar/2020:09:31:33 -0800] "GET /wp-login.php HTTP/1.1" 200 4809 "-" "Mozilla/5.0 (Windows NT 6.1) AppleWebKit/537.36 (KHTML, like Gecko) Chrome/63.0.3239.84 Safari/537.36" 
138.197.141.124 - - [07/Mar/2020:09:31:33 -0800] "POST /wp-login.php HTTP/1.1" 200 2128 "-" "Mozilla/5.0 (Windows NT 6.1) AppleWebKit/537.36 (KHTML, like Gecko) Chrome/63.0.3239.84 Safari/537.36" 
46.188.98.10 - - [07/Mar/2020:09:32:37 -0800] "GET /2013/pasta-madre-day-2013/ HTTP/1.0" 200 32926 "https://www.fornacalia.com/2013/pasta-madre-day-2013/#comment-28404" "Mozilla/5.0 (Windows NT 6.3; Win64; x64) AppleWebKit/537.36 (KHTML, like Gecko) Chrome/68.0.3440.106 Safari/537.36" 
45.82.68.15 - - [07/Mar/2020:09:33:34 -0800] "GET /2013/pasta-madre-day-2013/ HTTP/1.0" 200 32926 "https://www.fornacalia.com/2013/pasta-madre-day-2013/#comment-28405" "Mozilla/5.0 (Windows NT 6.1; Win64; x64) AppleWebKit/537.36 (KHTML, like Gecko) Chrome/67.0.3396.79 Safari/537.36" 
17.58.96.249 - - [07/Mar/2020:09:49:39 -0800] "GET /2017/black-pepper-rye HTTP/1.1" 301 4074 "-" "Mozilla/5.0 (Macintosh; Intel Mac OS X 10_10_1) AppleWebKit/600.2.5 (KHTML, like Gecko) Version/8.0.2 Safari/600.2.5 (Applebot/0.1; +http://www.apple.com/go/applebot)" 
17.58.96.249 - - [07/Mar/2020:09:49:39 -0800] "GET /2017/black-pepper-rye/ HTTP/1.1" 200 10960 "-" "Mozilla/5.0 (Macintosh; Intel Mac OS X 10_10_1) AppleWebKit/600.2.5 (KHTML, like Gecko) Version/8.0.2 Safari/600.2.5 (Applebot/0.1; +http://www.apple.com/go/applebot)" 
5.188.84.45 - - [07/Mar/2020:09:50:38 -0800] "GET /2013/pasta-madre-day-2013/ HTTP/1.0" 200 32926 "https://www.fornacalia.com/2013/pasta-madre-day-2013/#comment-1801/" "Mozilla/5.0 (Windows NT 6.1; Win64; x64) AppleWebKit/537.36 (KHTML, like Gecko) Chrome/66.0.3359.170 Safari/537.36 OPR/53.0.2907.106" 
5.188.84.45 - - [07/Mar/2020:09:50:39 -0800] "POST /wp-comments-post.php HTTP/1.0" 302 4061 "https://www.fornacalia.com/2013/pasta-madre-day-2013/#comment-1801/" "Mozilla/5.0 (Windows NT 6.1; Win64; x64) AppleWebKit/537.36 (KHTML, like Gecko) Chrome/66.0.3359.170 Safari/537.36 OPR/53.0.2907.106" 
173.208.234.202 - - [07/Mar/2020:09:57:40 -0800] "GET /wp-login.php HTTP/1.1" 200 4809 "-" "Mozilla/5.0 (Windows NT 6.1) AppleWebKit/537.36 (KHTML, like Gecko) Chrome/63.0.3239.84 Safari/537.36" 
173.208.234.202 - - [07/Mar/2020:09:57:41 -0800] "POST /wp-login.php HTTP/1.1" 200 2128 "-" "Mozilla/5.0 (Windows NT 6.1) AppleWebKit/537.36 (KHTML, like Gecko) Chrome/63.0.3239.84 Safari/537.36" 
5.188.84.45 - - [07/Mar/2020:10:00:37 -0800] "GET /2013/pasta-madre-day-2013/ HTTP/1.0" 200 32926 "https://www.fornacalia.com/2013/pasta-madre-day-2013/#comment-1801/" "Mozilla/5.0 (Windows NT 10.0; Win64; x64) AppleWebKit/537.36 (KHTML, like Gecko) Chrome/68.0.3440.106 Safari/537.36 OPR/55.0.2994.44" 
5.188.84.45 - - [07/Mar/2020:10:00:37 -0800] "POST /wp-comments-post.php HTTP/1.0" 302 4061 "https://www.fornacalia.com/2013/pasta-madre-day-2013/#comment-1801/" "Mozilla/5.0 (Windows NT 10.0; Win64; x64) AppleWebKit/537.36 (KHTML, like Gecko) Chrome/68.0.3440.106 Safari/537.36 OPR/55.0.2994.44" 
114.119.165.86 - - [07/Mar/2020:10:00:45 -0800] "GET /2018/gearing-up-for-fornacalia HTTP/1.1" 301 4051 "-" "Mozilla/5.0 (Linux; Android 7.0;) AppleWebKit/537.36 (KHTML, like Gecko) Mobile Safari/537.36 (compatible; AspiegelBot)" 
114.119.165.86 - - [07/Mar/2020:10:00:46 -0800] "GET /2018/gearing-up-for-fornacalia/ HTTP/1.1" 200 11708 "-" "Mozilla/5.0 (Linux; Android 7.0;) AppleWebKit/537.36 (KHTML, like Gecko) Mobile Safari/537.36 (compatible; AspiegelBot)" 
5.188.84.233 - - [07/Mar/2020:10:09:16 -0800] "GET /2013/pasta-madre-day-2013/ HTTP/1.0" 200 32926 "https://www.fornacalia.com/2013/pasta-madre-day-2013/#comment-1801/" "Mozilla/5.0 (Windows NT 10.0; Win64; x64) AppleWebKit/537.36 (KHTML, like Gecko) Chrome/67.0.3396.87 Safari/537.36 OPR/54.0.2952.54" 
5.188.84.233 - - [07/Mar/2020:10:09:18 -0800] "POST /wp-comments-post.php HTTP/1.0" 302 4061 "https://www.fornacalia.com/2013/pasta-madre-day-2013/#comment-1801/" "Mozilla/5.0 (Windows NT 10.0; Win64; x64) AppleWebKit/537.36 (KHTML, like Gecko) Chrome/67.0.3396.87 Safari/537.36 OPR/54.0.2952.54" 
54.36.148.128 - - [07/Mar/2020:10:11:21 -0800] "GET /8-399x300/trackback/ HTTP/1.1" 302 4168 "-" "Mozilla/5.0 (compatible; AhrefsBot/6.1; +http://ahrefs.com/robot/)" 
5.188.84.25 - - [07/Mar/2020:10:15:49 -0800] "GET /2013/pasta-madre-day-2013/ HTTP/1.0" 200 32926 "https://www.fornacalia.com/2013/pasta-madre-day-2013/#comment-1801/" "Mozilla/5.0 (Windows NT 6.1; Win64; x64) AppleWebKit/537.36 (KHTML, like Gecko) Chrome/68.0.3440.106 Safari/537.36 OPR/55.0.2994.44" 
5.188.84.25 - - [07/Mar/2020:10:15:50 -0800] "POST /wp-comments-post.php HTTP/1.0" 302 4061 "https://www.fornacalia.com/2013/pasta-madre-day-2013/#comment-1801/" "Mozilla/5.0 (Windows NT 6.1; Win64; x64) AppleWebKit/537.36 (KHTML, like Gecko) Chrome/68.0.3440.106 Safari/537.36 OPR/55.0.2994.44" 
170.75.248.247 - - [07/Mar/2020:10:21:07 -0800] "POST /wp-login.php HTTP/1.1" 418 3737 "-" "-" 
170.75.248.247 - - [07/Mar/2020:10:21:23 -0800] "POST /wp-login.php HTTP/1.1" 418 3737 "-" "-" 
170.75.248.247 - - [07/Mar/2020:10:21:39 -0800] "POST /wp-login.php HTTP/1.1" 418 3737 "-" "-" 
170.75.248.247 - - [07/Mar/2020:10:21:55 -0800] "POST /wp-login.php HTTP/1.1" 418 3737 "-" "-" 
5.188.84.15 - - [07/Mar/2020:10:23:08 -0800] "GET /2013/pasta-madre-day-2013/ HTTP/1.0" 200 32926 "https://www.fornacalia.com/2013/pasta-madre-day-2013/#comment-1801/" "Mozilla/5.0 (Windows NT 6.3; Win64; x64) AppleWebKit/537.36 (KHTML, like Gecko) Chrome/67.0.3396.87 Safari/537.36" 
5.188.84.15 - - [07/Mar/2020:10:23:11 -0800] "POST /wp-comments-post.php HTTP/1.0" 302 4061 "https://www.fornacalia.com/2013/pasta-madre-day-2013/#comment-1801/" "Mozilla/5.0 (Windows NT 6.3; Win64; x64) AppleWebKit/537.36 (KHTML, like Gecko) Chrome/67.0.3396.87 Safari/537.36" 
5.188.84.35 - - [07/Mar/2020:10:24:42 -0800] "GET /2013/pasta-madre-day-2013/ HTTP/1.0" 200 32926 "https://www.fornacalia.com/2013/pasta-madre-day-2013/#comment-1801/" "Mozilla/5.0 (Windows NT 6.3; Win64; x64) AppleWebKit/537.36 (KHTML, like Gecko) Chrome/67.0.3396.87 Safari/537.36" 
5.188.84.35 - - [07/Mar/2020:10:24:43 -0800] "POST /wp-comments-post.php HTTP/1.0" 302 4061 "https://www.fornacalia.com/2013/pasta-madre-day-2013/#comment-1801/" "Mozilla/5.0 (Windows NT 6.3; Win64; x64) AppleWebKit/537.36 (KHTML, like Gecko) Chrome/67.0.3396.87 Safari/537.36" 
5.188.84.80 - - [07/Mar/2020:10:29:50 -0800] "GET /2013/pasta-madre-day-2013/ HTTP/1.0" 200 32926 "https://www.fornacalia.com/2013/pasta-madre-day-2013/#comment-1801/" "Mozilla/5.0 (Windows NT 6.1; WOW64) AppleWebKit/537.36 (KHTML, like Gecko) Chrome/67.0.3396.87 Safari/537.36 OPR/54.0.2952.64 (Edition Yx)" 
5.188.84.80 - - [07/Mar/2020:10:29:52 -0800] "POST /wp-comments-post.php HTTP/1.0" 302 4061 "https://www.fornacalia.com/2013/pasta-madre-day-2013/#comment-1801/" "Mozilla/5.0 (Windows NT 6.1; WOW64) AppleWebKit/537.36 (KHTML, like Gecko) Chrome/67.0.3396.87 Safari/537.36 OPR/54.0.2952.64 (Edition Yx)" 
5.188.84.220 - - [07/Mar/2020:10:31:15 -0800] "GET /2013/pasta-madre-day-2013/ HTTP/1.0" 200 32926 "https://www.fornacalia.com/2013/pasta-madre-day-2013/#comment-1801/" "Mozilla/5.0 (Windows NT 6.1; Win64; x64) AppleWebKit/537.36 (KHTML, like Gecko) Chrome/66.0.3359.170 Safari/537.36 OPR/53.0.2907.99" 
5.188.84.220 - - [07/Mar/2020:10:31:16 -0800] "POST /wp-comments-post.php HTTP/1.0" 302 4061 "https://www.fornacalia.com/2013/pasta-madre-day-2013/#comment-1801/" "Mozilla/5.0 (Windows NT 6.1; Win64; x64) AppleWebKit/537.36 (KHTML, like Gecko) Chrome/66.0.3359.170 Safari/537.36 OPR/53.0.2907.99" 
178.62.33.222 - - [07/Mar/2020:10:35:03 -0800] "GET /wp-login.php HTTP/1.1" 200 4828 "-" "Mozilla/5.0 (X11; Ubuntu; Linux x86_64; rv:62.0) Gecko/20100101 Firefox/62.0" 
178.62.33.222 - - [07/Mar/2020:10:35:04 -0800] "POST /wp-login.php HTTP/1.1" 200 5221 "-" "Mozilla/5.0 (X11; Ubuntu; Linux x86_64; rv:62.0) Gecko/20100101 Firefox/62.0" 
178.62.33.222 - - [07/Mar/2020:10:35:04 -0800] "GET /wp-login.php HTTP/1.1" 200 4828 "-" "Mozilla/5.0 (X11; Ubuntu; Linux x86_64; rv:62.0) Gecko/20100101 Firefox/62.0" 
178.62.33.222 - - [07/Mar/2020:10:35:05 -0800] "POST /wp-login.php HTTP/1.1" 200 5199 "-" "Mozilla/5.0 (X11; Ubuntu; Linux x86_64; rv:62.0) Gecko/20100101 Firefox/62.0" 
178.62.33.222 - - [07/Mar/2020:10:35:10 -0800] "POST /xmlrpc.php HTTP/1.1" 200 3695 "-" "Mozilla/5.0 (X11; Ubuntu; Linux x86_64; rv:62.0) Gecko/20100101 Firefox/62.0" 
5.188.84.15 - - [07/Mar/2020:10:38:54 -0800] "GET /2013/pasta-madre-day-2013/ HTTP/1.0" 200 32926 "https://www.fornacalia.com/2013/pasta-madre-day-2013/#comment-1801/" "Mozilla/5.0 (Windows NT 6.1; Win64; x64) AppleWebKit/537.36 (KHTML, like Gecko) Chrome/66.0.3359.170 Safari/537.36 OPR/53.0.2907.106" 
5.188.84.15 - - [07/Mar/2020:10:38:55 -0800] "POST /wp-comments-post.php HTTP/1.0" 302 4061 "https://www.fornacalia.com/2013/pasta-madre-day-2013/#comment-1801/" "Mozilla/5.0 (Windows NT 6.1; Win64; x64) AppleWebKit/537.36 (KHTML, like Gecko) Chrome/66.0.3359.170 Safari/537.36 OPR/53.0.2907.106" 
146.185.142.200 - - [07/Mar/2020:10:39:10 -0800] "GET /wp-login.php HTTP/1.1" 200 4828 "-" "Mozilla/5.0 (X11; Ubuntu; Linux x86_64; rv:62.0) Gecko/20100101 Firefox/62.0" 
146.185.142.200 - - [07/Mar/2020:10:39:11 -0800] "POST /wp-login.php HTTP/1.1" 200 5221 "-" "Mozilla/5.0 (X11; Ubuntu; Linux x86_64; rv:62.0) Gecko/20100101 Firefox/62.0" 
146.185.142.200 - - [07/Mar/2020:10:39:11 -0800] "GET /wp-login.php HTTP/1.1" 200 4828 "-" "Mozilla/5.0 (X11; Ubuntu; Linux x86_64; rv:62.0) Gecko/20100101 Firefox/62.0" 
146.185.142.200 - - [07/Mar/2020:10:39:12 -0800] "POST /wp-login.php HTTP/1.1" 200 5199 "-" "Mozilla/5.0 (X11; Ubuntu; Linux x86_64; rv:62.0) Gecko/20100101 Firefox/62.0" 
146.185.142.200 - - [07/Mar/2020:10:39:12 -0800] "POST /xmlrpc.php HTTP/1.1" 200 3695 "-" "Mozilla/5.0 (X11; Ubuntu; Linux x86_64; rv:62.0) Gecko/20100101 Firefox/62.0" 
37.59.47.80 - - [07/Mar/2020:10:45:55 -0800] "GET /wp-login.php HTTP/1.1" 200 4828 "-" "Mozilla/5.0 (X11; Ubuntu; Linux x86_64; rv:62.0) Gecko/20100101 Firefox/62.0" 
37.59.47.80 - - [07/Mar/2020:10:45:56 -0800] "POST /wp-login.php HTTP/1.1" 200 5221 "-" "Mozilla/5.0 (X11; Ubuntu; Linux x86_64; rv:62.0) Gecko/20100101 Firefox/62.0" 
37.59.47.80 - - [07/Mar/2020:10:45:57 -0800] "GET /wp-login.php HTTP/1.1" 200 4828 "-" "Mozilla/5.0 (X11; Ubuntu; Linux x86_64; rv:62.0) Gecko/20100101 Firefox/62.0" 
37.59.47.80 - - [07/Mar/2020:10:45:58 -0800] "POST /wp-login.php HTTP/1.1" 200 5199 "-" "Mozilla/5.0 (X11; Ubuntu; Linux x86_64; rv:62.0) Gecko/20100101 Firefox/62.0" 
37.59.47.80 - - [07/Mar/2020:10:45:59 -0800] "POST /xmlrpc.php HTTP/1.1" 200 3695 "-" "Mozilla/5.0 (X11; Ubuntu; Linux x86_64; rv:62.0) Gecko/20100101 Firefox/62.0" 
5.188.84.80 - - [07/Mar/2020:10:47:19 -0800] "GET /2013/pasta-madre-day-2013/ HTTP/1.0" 200 32926 "https://www.fornacalia.com/2013/pasta-madre-day-2013/#comment-1801/" "Mozilla/5.0 (Windows NT 5.1) AppleWebKit/537.36 (KHTML, like Gecko) Chrome/49.0.2623.112 Safari/537.36" 
5.188.84.80 - - [07/Mar/2020:10:47:20 -0800] "POST /wp-comments-post.php HTTP/1.0" 302 4061 "https://www.fornacalia.com/2013/pasta-madre-day-2013/#comment-1801/" "Mozilla/5.0 (Windows NT 5.1) AppleWebKit/537.36 (KHTML, like Gecko) Chrome/49.0.2623.112 Safari/537.36" 
5.188.84.25 - - [07/Mar/2020:10:48:20 -0800] "GET /2013/pasta-madre-day-2013/ HTTP/1.0" 200 32926 "https://www.fornacalia.com/2013/pasta-madre-day-2013/#comment-1801/" "Mozilla/5.0 (Windows NT 10.0; Win64; x64) AppleWebKit/537.36 (KHTML, like Gecko) Chrome/68.0.3440.84 Safari/537.36" 
5.188.84.25 - - [07/Mar/2020:10:48:21 -0800] "POST /wp-comments-post.php HTTP/1.0" 302 4061 "https://www.fornacalia.com/2013/pasta-madre-day-2013/#comment-1801/" "Mozilla/5.0 (Windows NT 10.0; Win64; x64) AppleWebKit/537.36 (KHTML, like Gecko) Chrome/68.0.3440.84 Safari/537.36" 
46.101.177.241 - - [07/Mar/2020:10:50:18 -0800] "GET /wp-login.php HTTP/1.1" 200 4828 "-" "Mozilla/5.0 (X11; Ubuntu; Linux x86_64; rv:62.0) Gecko/20100101 Firefox/62.0" 
46.101.177.241 - - [07/Mar/2020:10:50:19 -0800] "POST /wp-login.php HTTP/1.1" 200 5221 "-" "Mozilla/5.0 (X11; Ubuntu; Linux x86_64; rv:62.0) Gecko/20100101 Firefox/62.0" 
46.101.177.241 - - [07/Mar/2020:10:50:21 -0800] "GET /wp-login.php HTTP/1.1" 200 4828 "-" "Mozilla/5.0 (X11; Ubuntu; Linux x86_64; rv:62.0) Gecko/20100101 Firefox/62.0" 
46.101.177.241 - - [07/Mar/2020:10:50:23 -0800] "POST /wp-login.php HTTP/1.1" 200 5199 "-" "Mozilla/5.0 (X11; Ubuntu; Linux x86_64; rv:62.0) Gecko/20100101 Firefox/62.0" 
46.101.177.241 - - [07/Mar/2020:10:50:25 -0800] "POST /xmlrpc.php HTTP/1.1" 200 3695 "-" "Mozilla/5.0 (X11; Ubuntu; Linux x86_64; rv:62.0) Gecko/20100101 Firefox/62.0" 
5.188.84.65 - - [07/Mar/2020:10:50:34 -0800] "GET /2013/pasta-madre-day-2013/ HTTP/1.0" 200 32926 "https://www.fornacalia.com/2013/pasta-madre-day-2013/#comment-1801/" "Mozilla/5.0 (Windows NT 6.1) AppleWebKit/537.36 (KHTML, like Gecko) Chrome/68.0.3440.106 Safari/537.36 Kinza/4.9.1" 
5.188.84.65 - - [07/Mar/2020:10:50:35 -0800] "POST /wp-comments-post.php HTTP/1.0" 302 4061 "https://www.fornacalia.com/2013/pasta-madre-day-2013/#comment-1801/" "Mozilla/5.0 (Windows NT 6.1) AppleWebKit/537.36 (KHTML, like Gecko) Chrome/68.0.3440.106 Safari/537.36 Kinza/4.9.1" 
114.119.164.131 - - [07/Mar/2020:10:54:20 -0800] "GET /2012/thanksgiving-special HTTP/1.1" 301 4097 "-" "Mozilla/5.0 (Linux; Android 7.0;) AppleWebKit/537.36 (KHTML, like Gecko) Mobile Safari/537.36 (compatible; AspiegelBot)" 
114.119.164.131 - - [07/Mar/2020:10:54:21 -0800] "GET /2012/thanksgiving-special/ HTTP/1.1" 200 13038 "-" "Mozilla/5.0 (Linux; Android 7.0;) AppleWebKit/537.36 (KHTML, like Gecko) Mobile Safari/537.36 (compatible; AspiegelBot)" 
5.188.84.65 - - [07/Mar/2020:10:55:27 -0800] "GET /2013/pasta-madre-day-2013/ HTTP/1.0" 200 32926 "https://www.fornacalia.com/2013/pasta-madre-day-2013/#comment-1801/" "Mozilla/5.0 (Windows NT 10.0; Win64; x64) AppleWebKit/537.36 (KHTML, like Gecko) Chrome/68.0.3440.84 Safari/537.36" 
5.188.84.65 - - [07/Mar/2020:10:55:28 -0800] "POST /wp-comments-post.php HTTP/1.0" 302 4061 "https://www.fornacalia.com/2013/pasta-madre-day-2013/#comment-1801/" "Mozilla/5.0 (Windows NT 10.0; Win64; x64) AppleWebKit/537.36 (KHTML, like Gecko) Chrome/68.0.3440.84 Safari/537.36" 
134.209.239.115 - - [07/Mar/2020:10:58:36 -0800] "GET /wp-login.php HTTP/1.1" 200 4828 "-" "Mozilla/5.0 (X11; Ubuntu; Linux x86_64; rv:62.0) Gecko/20100101 Firefox/62.0" 
134.209.239.115 - - [07/Mar/2020:10:58:41 -0800] "POST /wp-login.php HTTP/1.1" 200 5221 "-" "Mozilla/5.0 (X11; Ubuntu; Linux x86_64; rv:62.0) Gecko/20100101 Firefox/62.0" 
134.209.239.115 - - [07/Mar/2020:10:58:41 -0800] "GET /wp-login.php HTTP/1.1" 200 4828 "-" "Mozilla/5.0 (X11; Ubuntu; Linux x86_64; rv:62.0) Gecko/20100101 Firefox/62.0" 
134.209.239.115 - - [07/Mar/2020:10:58:47 -0800] "POST /wp-login.php HTTP/1.1" 200 5199 "-" "Mozilla/5.0 (X11; Ubuntu; Linux x86_64; rv:62.0) Gecko/20100101 Firefox/62.0" 
134.209.239.115 - - [07/Mar/2020:10:58:52 -0800] "POST /xmlrpc.php HTTP/1.1" 200 3695 "-" "Mozilla/5.0 (X11; Ubuntu; Linux x86_64; rv:62.0) Gecko/20100101 Firefox/62.0" 
77.75.76.171 - - [07/Mar/2020:10:59:17 -0800] "GET /robots.txt HTTP/1.1" 200 4295 "-" "Mozilla/5.0 (compatible; SeznamBot/3.2; +http://napoveda.seznam.cz/en/seznambot-intro/)" 
77.75.76.171 - - [07/Mar/2020:10:59:20 -0800] "GET /wp-content/uploads/2020/01/starters-build.jpg HTTP/1.1" 304 3586 "-" "Mozilla/5.0 (compatible; SeznamBot/3.2; +http://napoveda.seznam.cz/en/seznambot-intro/)" 
77.75.76.171 - - [07/Mar/2020:10:59:22 -0800] "GET /forno-favicon/ HTTP/1.1" 200 7103 "-" "Mozilla/5.0 (compatible; SeznamBot/3.2; +http://napoveda.seznam.cz/en/seznambot-intro/)" 
114.119.160.9 - - [07/Mar/2020:11:02:29 -0800] "GET /tag/wholemeal HTTP/1.1" 301 4034 "-" "Mozilla/5.0 (Linux; Android 7.0;) AppleWebKit/537.36 (KHTML, like Gecko) Mobile Safari/537.36 (compatible; AspiegelBot)" 
114.119.160.9 - - [07/Mar/2020:11:02:30 -0800] "GET /tag/wholemeal/ HTTP/1.1" 200 12242 "-" "Mozilla/5.0 (Linux; Android 7.0;) AppleWebKit/537.36 (KHTML, like Gecko) Mobile Safari/537.36 (compatible; AspiegelBot)" 
157.245.106.153 - - [07/Mar/2020:11:04:13 -0800] "GET /wp-login.php HTTP/1.1" 200 4828 "-" "Mozilla/5.0 (X11; Ubuntu; Linux x86_64; rv:62.0) Gecko/20100101 Firefox/62.0" 
157.245.106.153 - - [07/Mar/2020:11:04:14 -0800] "POST /wp-login.php HTTP/1.1" 200 5221 "-" "Mozilla/5.0 (X11; Ubuntu; Linux x86_64; rv:62.0) Gecko/20100101 Firefox/62.0" 
157.245.106.153 - - [07/Mar/2020:11:04:16 -0800] "GET /wp-login.php HTTP/1.1" 200 4828 "-" "Mozilla/5.0 (X11; Ubuntu; Linux x86_64; rv:62.0) Gecko/20100101 Firefox/62.0" 
157.245.106.153 - - [07/Mar/2020:11:04:17 -0800] "POST /wp-login.php HTTP/1.1" 200 5199 "-" "Mozilla/5.0 (X11; Ubuntu; Linux x86_64; rv:62.0) Gecko/20100101 Firefox/62.0" 
157.245.106.153 - - [07/Mar/2020:11:04:18 -0800] "POST /xmlrpc.php HTTP/1.1" 200 3695 "-" "Mozilla/5.0 (X11; Ubuntu; Linux x86_64; rv:62.0) Gecko/20100101 Firefox/62.0" 
5.188.84.220 - - [07/Mar/2020:11:05:30 -0800] "GET /2013/pasta-madre-day-2013/ HTTP/1.0" 200 32926 "https://www.fornacalia.com/2013/pasta-madre-day-2013/#comment-1801/" "Mozilla/5.0 (Windows NT 6.1; Win64; x64) AppleWebKit/537.36 (KHTML, like Gecko) Chrome/67.0.3396.87 Safari/537.36 OPR/54.0.2952.54" 
5.188.84.220 - - [07/Mar/2020:11:05:31 -0800] "POST /wp-comments-post.php HTTP/1.0" 302 4061 "https://www.fornacalia.com/2013/pasta-madre-day-2013/#comment-1801/" "Mozilla/5.0 (Windows NT 6.1; Win64; x64) AppleWebKit/537.36 (KHTML, like Gecko) Chrome/67.0.3396.87 Safari/537.36 OPR/54.0.2952.54" 
5.188.84.35 - - [07/Mar/2020:11:07:29 -0800] "GET /2013/pasta-madre-day-2013/ HTTP/1.0" 200 32926 "https://www.fornacalia.com/2013/pasta-madre-day-2013/#comment-1801/" "Mozilla/5.0 (Windows NT 6.3; Win64; x64) AppleWebKit/537.36 (KHTML, like Gecko) Chrome/67.0.3396.99 Safari/537.36" 
5.188.84.35 - - [07/Mar/2020:11:07:30 -0800] "POST /wp-comments-post.php HTTP/1.0" 302 4061 "https://www.fornacalia.com/2013/pasta-madre-day-2013/#comment-1801/" "Mozilla/5.0 (Windows NT 6.3; Win64; x64) AppleWebKit/537.36 (KHTML, like Gecko) Chrome/67.0.3396.99 Safari/537.36" 
114.119.165.219 - - [07/Mar/2020:11:07:53 -0800] "GET /tag/fornacalia HTTP/1.1" 301 4035 "-" "Mozilla/5.0 (Linux; Android 7.0;) AppleWebKit/537.36 (KHTML, like Gecko) Mobile Safari/537.36 (compatible; AspiegelBot)" 
114.119.165.219 - - [07/Mar/2020:11:07:54 -0800] "GET /tag/fornacalia/ HTTP/1.1" 200 13494 "-" "Mozilla/5.0 (Linux; Android 7.0;) AppleWebKit/537.36 (KHTML, like Gecko) Mobile Safari/537.36 (compatible; AspiegelBot)" 
77.123.146.30 - - [07/Mar/2020:11:10:29 -0800] "GET /2019/first-course-in-rome/ HTTP/1.0" 200 29581 "https://www.fornacalia.com/2019/first-course-in-rome/" "Mozilla/5.0 (Windows NT 6.1; Win64; x64) AppleWebKit/537.36 (KHTML, like Gecko) Chrome/68.0.3440.106 Safari/537.36" 
77.123.146.30 - - [07/Mar/2020:11:10:30 -0800] "POST /wp-comments-post.php HTTP/1.0" 302 4061 "https://www.fornacalia.com/2019/first-course-in-rome/" "Mozilla/5.0 (Windows NT 6.1; Win64; x64) AppleWebKit/537.36 (KHTML, like Gecko) Chrome/68.0.3440.106 Safari/537.36" 
77.123.146.30 - - [07/Mar/2020:11:10:30 -0800] "GET /2019/first-course-in-rome/ HTTP/1.0" 200 29581 "https://www.fornacalia.com/2019/first-course-in-rome/#comment-28421" "Mozilla/5.0 (Windows NT 6.1; Win64; x64) AppleWebKit/537.36 (KHTML, like Gecko) Chrome/68.0.3440.106 Safari/537.36" 
35.225.211.131 - - [07/Mar/2020:11:10:56 -0800] "GET /wp-login.php HTTP/1.1" 200 4828 "-" "Mozilla/5.0 (X11; Ubuntu; Linux x86_64; rv:62.0) Gecko/20100101 Firefox/62.0" 
35.225.211.131 - - [07/Mar/2020:11:10:56 -0800] "POST /wp-login.php HTTP/1.1" 200 5221 "-" "Mozilla/5.0 (X11; Ubuntu; Linux x86_64; rv:62.0) Gecko/20100101 Firefox/62.0" 
35.225.211.131 - - [07/Mar/2020:11:10:56 -0800] "GET /wp-login.php HTTP/1.1" 200 4828 "-" "Mozilla/5.0 (X11; Ubuntu; Linux x86_64; rv:62.0) Gecko/20100101 Firefox/62.0" 
35.225.211.131 - - [07/Mar/2020:11:10:57 -0800] "POST /wp-login.php HTTP/1.1" 200 5199 "-" "Mozilla/5.0 (X11; Ubuntu; Linux x86_64; rv:62.0) Gecko/20100101 Firefox/62.0" 
35.225.211.131 - - [07/Mar/2020:11:10:57 -0800] "POST /xmlrpc.php HTTP/1.1" 200 3695 "-" "Mozilla/5.0 (X11; Ubuntu; Linux x86_64; rv:62.0) Gecko/20100101 Firefox/62.0" 
5.188.84.233 - - [07/Mar/2020:11:11:59 -0800] "GET /2013/pasta-madre-day-2013/ HTTP/1.0" 200 32926 "https://www.fornacalia.com/2013/pasta-madre-day-2013/#comment-1801/" "Mozilla/5.0 (Windows NT 6.1; WOW64) AppleWebKit/537.36 (KHTML, like Gecko) Chrome/67.0.3396.87 Safari/537.36 OPR/54.0.2952.64 (Edition Yx)" 
5.188.84.233 - - [07/Mar/2020:11:12:00 -0800] "POST /wp-comments-post.php HTTP/1.0" 302 4061 "https://www.fornacalia.com/2013/pasta-madre-day-2013/#comment-1801/" "Mozilla/5.0 (Windows NT 6.1; WOW64) AppleWebKit/537.36 (KHTML, like Gecko) Chrome/67.0.3396.87 Safari/537.36 OPR/54.0.2952.64 (Edition Yx)" 
209.97.175.191 - - [07/Mar/2020:11:17:51 -0800] "GET /wp-login.php HTTP/1.1" 200 4828 "-" "Mozilla/5.0 (X11; Ubuntu; Linux x86_64; rv:62.0) Gecko/20100101 Firefox/62.0" 
209.97.175.191 - - [07/Mar/2020:11:17:58 -0800] "POST /wp-login.php HTTP/1.1" 200 5221 "-" "Mozilla/5.0 (X11; Ubuntu; Linux x86_64; rv:62.0) Gecko/20100101 Firefox/62.0" 
209.97.175.191 - - [07/Mar/2020:11:17:59 -0800] "GET /wp-login.php HTTP/1.1" 200 4828 "-" "Mozilla/5.0 (X11; Ubuntu; Linux x86_64; rv:62.0) Gecko/20100101 Firefox/62.0" 
209.97.175.191 - - [07/Mar/2020:11:18:00 -0800] "POST /wp-login.php HTTP/1.1" 200 5199 "-" "Mozilla/5.0 (X11; Ubuntu; Linux x86_64; rv:62.0) Gecko/20100101 Firefox/62.0" 
209.97.175.191 - - [07/Mar/2020:11:18:01 -0800] "POST /xmlrpc.php HTTP/1.1" 200 3695 "-" "Mozilla/5.0 (X11; Ubuntu; Linux x86_64; rv:62.0) Gecko/20100101 Firefox/62.0" 
164.160.91.12 - - [07/Mar/2020:11:20:22 -0800] "POST /wp-login.php HTTP/1.1" 418 3737 "-" "-" 
164.160.91.12 - - [07/Mar/2020:11:20:38 -0800] "POST /wp-login.php HTTP/1.1" 418 3737 "-" "-" 
164.160.91.12 - - [07/Mar/2020:11:20:54 -0800] "POST /wp-login.php HTTP/1.1" 418 3737 "-" "-" 
164.160.91.12 - - [07/Mar/2020:11:21:09 -0800] "POST /wp-login.php HTTP/1.1" 418 3737 "-" "-" 
134.209.184.77 - - [07/Mar/2020:11:21:21 -0800] "GET /wp-login.php HTTP/1.1" 200 4809 "-" "Mozilla/5.0 (Windows NT 6.1) AppleWebKit/537.36 (KHTML, like Gecko) Chrome/63.0.3239.84 Safari/537.36" 
134.209.184.77 - - [07/Mar/2020:11:21:21 -0800] "POST /wp-login.php HTTP/1.1" 200 2128 "-" "Mozilla/5.0 (Windows NT 6.1) AppleWebKit/537.36 (KHTML, like Gecko) Chrome/63.0.3239.84 Safari/537.36" 
188.166.158.153 - - [07/Mar/2020:11:23:19 -0800] "GET /wp-login.php HTTP/1.1" 200 4828 "-" "Mozilla/5.0 (X11; Ubuntu; Linux x86_64; rv:62.0) Gecko/20100101 Firefox/62.0" 
188.166.158.153 - - [07/Mar/2020:11:23:20 -0800] "POST /wp-login.php HTTP/1.1" 200 5221 "-" "Mozilla/5.0 (X11; Ubuntu; Linux x86_64; rv:62.0) Gecko/20100101 Firefox/62.0" 
188.166.158.153 - - [07/Mar/2020:11:23:25 -0800] "GET /wp-login.php HTTP/1.1" 200 4828 "-" "Mozilla/5.0 (X11; Ubuntu; Linux x86_64; rv:62.0) Gecko/20100101 Firefox/62.0" 
188.166.158.153 - - [07/Mar/2020:11:23:30 -0800] "POST /wp-login.php HTTP/1.1" 200 5199 "-" "Mozilla/5.0 (X11; Ubuntu; Linux x86_64; rv:62.0) Gecko/20100101 Firefox/62.0" 
188.166.158.153 - - [07/Mar/2020:11:23:31 -0800] "POST /xmlrpc.php HTTP/1.1" 200 3695 "-" "Mozilla/5.0 (X11; Ubuntu; Linux x86_64; rv:62.0) Gecko/20100101 Firefox/62.0" 
137.74.206.80 - - [07/Mar/2020:11:29:22 -0800] "GET /wp-login.php HTTP/1.1" 200 4828 "-" "Mozilla/5.0 (X11; Ubuntu; Linux x86_64; rv:62.0) Gecko/20100101 Firefox/62.0" 
137.74.206.80 - - [07/Mar/2020:11:29:23 -0800] "POST /wp-login.php HTTP/1.1" 200 5221 "-" "Mozilla/5.0 (X11; Ubuntu; Linux x86_64; rv:62.0) Gecko/20100101 Firefox/62.0" 
137.74.206.80 - - [07/Mar/2020:11:29:23 -0800] "GET /wp-login.php HTTP/1.1" 200 4828 "-" "Mozilla/5.0 (X11; Ubuntu; Linux x86_64; rv:62.0) Gecko/20100101 Firefox/62.0" 
137.74.206.80 - - [07/Mar/2020:11:29:24 -0800] "POST /wp-login.php HTTP/1.1" 200 5199 "-" "Mozilla/5.0 (X11; Ubuntu; Linux x86_64; rv:62.0) Gecko/20100101 Firefox/62.0" 
137.74.206.80 - - [07/Mar/2020:11:29:24 -0800] "POST /xmlrpc.php HTTP/1.1" 200 3695 "-" "Mozilla/5.0 (X11; Ubuntu; Linux x86_64; rv:62.0) Gecko/20100101 Firefox/62.0" 
54.36.150.74 - - [07/Mar/2020:11:33:23 -0800] "GET /9-150x150/trackback/ HTTP/1.1" 302 4168 "-" "Mozilla/5.0 (compatible; AhrefsBot/6.1; +http://ahrefs.com/robot/)" 
54.36.148.81 - - [07/Mar/2020:11:34:02 -0800] "GET /feed/?attachment_id=5290 HTTP/1.1" 200 4603 "-" "Mozilla/5.0 (compatible; AhrefsBot/6.1; +http://ahrefs.com/robot/)" 
188.166.68.149 - - [07/Mar/2020:11:37:22 -0800] "GET /wp-login.php HTTP/1.1" 200 4828 "-" "Mozilla/5.0 (X11; Ubuntu; Linux x86_64; rv:62.0) Gecko/20100101 Firefox/62.0" 
188.166.68.149 - - [07/Mar/2020:11:37:22 -0800] "POST /wp-login.php HTTP/1.1" 200 5221 "-" "Mozilla/5.0 (X11; Ubuntu; Linux x86_64; rv:62.0) Gecko/20100101 Firefox/62.0" 
188.166.68.149 - - [07/Mar/2020:11:37:23 -0800] "GET /wp-login.php HTTP/1.1" 200 4828 "-" "Mozilla/5.0 (X11; Ubuntu; Linux x86_64; rv:62.0) Gecko/20100101 Firefox/62.0" 
188.166.68.149 - - [07/Mar/2020:11:37:23 -0800] "POST /wp-login.php HTTP/1.1" 200 5199 "-" "Mozilla/5.0 (X11; Ubuntu; Linux x86_64; rv:62.0) Gecko/20100101 Firefox/62.0" 
188.166.68.149 - - [07/Mar/2020:11:37:24 -0800] "POST /xmlrpc.php HTTP/1.1" 200 3695 "-" "Mozilla/5.0 (X11; Ubuntu; Linux x86_64; rv:62.0) Gecko/20100101 Firefox/62.0" 
5.188.84.45 - - [07/Mar/2020:11:39:24 -0800] "GET /2013/pasta-madre-day-2013/ HTTP/1.0" 200 32926 "https://www.fornacalia.com/2013/pasta-madre-day-2013/#comment-1801/" "Mozilla/5.0 (Windows NT 5.1) AppleWebKit/537.36 (KHTML, like Gecko) Chrome/49.0.2623.112 Safari/537.36" 
5.188.84.45 - - [07/Mar/2020:11:39:25 -0800] "POST /wp-comments-post.php HTTP/1.0" 302 4061 "https://www.fornacalia.com/2013/pasta-madre-day-2013/#comment-1801/" "Mozilla/5.0 (Windows NT 5.1) AppleWebKit/537.36 (KHTML, like Gecko) Chrome/49.0.2623.112 Safari/537.36" 
5.102.173.71 - - [07/Mar/2020:11:44:17 -0800] "GET /robots.txt HTTP/1.1" 200 4234 "-" "Mozilla/5.0 (compatible; MojeekBot/0.7; +https://www.mojeek.com/bot.html)" 
5.102.173.71 - - [07/Mar/2020:11:44:19 -0800] "GET /2019/first-course-in-rome/ HTTP/1.1" 200 8946 "-" "Mozilla/5.0 (compatible; MojeekBot/0.7; +https://www.mojeek.com/bot.html)" 
64.111.100.215 - - [07/Mar/2020:11:44:18 -0800] "POST /wp-cron.php?doing_wp_cron=1583610257.8814179897308349609375 HTTP/1.1" 200 3492 "https://www.fornacalia.com/wp-cron.php?doing_wp_cron=1583610257.8814179897308349609375" "WordPress/5.2.5; https://www.fornacalia.com" 
54.36.148.3 - - [07/Mar/2020:11:45:17 -0800] "GET /2014/01/ HTTP/1.1" 200 16532 "-" "Mozilla/5.0 (compatible; AhrefsBot/6.1; +http://ahrefs.com/robot/)" 
5.188.84.45 - - [07/Mar/2020:11:49:24 -0800] "GET /2013/pasta-madre-day-2013/ HTTP/1.0" 200 32926 "https://www.fornacalia.com/2013/pasta-madre-day-2013/#comment-1801/" "Mozilla/5.0 (Windows NT 6.1) AppleWebKit/537.36 (KHTML, like Gecko) Chrome/68.0.3440.106 Safari/537.36 Kinza/4.9.1" 
5.188.84.45 - - [07/Mar/2020:11:49:25 -0800] "POST /wp-comments-post.php HTTP/1.0" 302 4061 "https://www.fornacalia.com/2013/pasta-madre-day-2013/#comment-1801/" "Mozilla/5.0 (Windows NT 6.1) AppleWebKit/537.36 (KHTML, like Gecko) Chrome/68.0.3440.106 Safari/537.36 Kinza/4.9.1" 
5.188.84.233 - - [07/Mar/2020:11:57:13 -0800] "GET /2013/pasta-madre-day-2013/ HTTP/1.0" 200 32926 "https://www.fornacalia.com/2013/pasta-madre-day-2013/#comment-1801/" "Mozilla/5.0 (Windows NT 10.0; Win64; x64) AppleWebKit/537.36 (KHTML, like Gecko) Chrome/66.0.3359.170 Safari/537.36 OPR/53.0.2907.99" 
5.188.84.233 - - [07/Mar/2020:11:57:14 -0800] "POST /wp-comments-post.php HTTP/1.0" 302 4061 "https://www.fornacalia.com/2013/pasta-madre-day-2013/#comment-1801/" "Mozilla/5.0 (Windows NT 10.0; Win64; x64) AppleWebKit/537.36 (KHTML, like Gecko) Chrome/66.0.3359.170 Safari/537.36 OPR/53.0.2907.99" 
5.188.84.25 - - [07/Mar/2020:12:05:32 -0800] "GET /2013/pasta-madre-day-2013/ HTTP/1.0" 200 32926 "https://www.fornacalia.com/2013/pasta-madre-day-2013/#comment-1801/" "Mozilla/5.0 (Windows NT 10.0; Win64; x64) AppleWebKit/537.36 (KHTML, like Gecko) Chrome/67.0.3396.87 Safari/537.36 OPR/54.0.2952.71" 
5.188.84.25 - - [07/Mar/2020:12:05:33 -0800] "POST /wp-comments-post.php HTTP/1.0" 302 4061 "https://www.fornacalia.com/2013/pasta-madre-day-2013/#comment-1801/" "Mozilla/5.0 (Windows NT 10.0; Win64; x64) AppleWebKit/537.36 (KHTML, like Gecko) Chrome/67.0.3396.87 Safari/537.36 OPR/54.0.2952.71" 
5.188.84.15 - - [07/Mar/2020:12:12:39 -0800] "GET /2013/pasta-madre-day-2013/ HTTP/1.0" 200 32926 "https://www.fornacalia.com/2013/pasta-madre-day-2013/#comment-1801/" "Mozilla/5.0 (Windows NT 10.0; Win64; x64) AppleWebKit/537.36 (KHTML, like Gecko) Chrome/67.0.3396.87 Safari/537.36 OPR/54.0.2952.51" 
5.188.84.15 - - [07/Mar/2020:12:12:40 -0800] "POST /wp-comments-post.php HTTP/1.0" 302 4061 "https://www.fornacalia.com/2013/pasta-madre-day-2013/#comment-1801/" "Mozilla/5.0 (Windows NT 10.0; Win64; x64) AppleWebKit/537.36 (KHTML, like Gecko) Chrome/67.0.3396.87 Safari/537.36 OPR/54.0.2952.51" 
5.188.84.35 - - [07/Mar/2020:12:13:53 -0800] "GET /2013/pasta-madre-day-2013/ HTTP/1.0" 200 32926 "https://www.fornacalia.com/2013/pasta-madre-day-2013/#comment-1801/" "Mozilla/5.0 (Windows NT 6.3; Win64; x64) AppleWebKit/537.36 (KHTML, like Gecko) Chrome/67.0.3396.87 Safari/537.36" 
