173.208.234.202 - - [28/Feb/2020:15:11:35 -0800] "GET /wp-login.php HTTP/1.1" 200 4809 "-" "Mozilla/5.0 (Windows NT 6.1) AppleWebKit/537.36 (KHTML, like Gecko) Chrome/63.0.3239.84 Safari/537.36" 
173.208.234.202 - - [28/Feb/2020:15:11:36 -0800] "POST /wp-login.php HTTP/1.1" 200 2128 "-" "Mozilla/5.0 (Windows NT 6.1) AppleWebKit/537.36 (KHTML, like Gecko) Chrome/63.0.3239.84 Safari/537.36" 
114.119.152.33 - - [28/Feb/2020:15:11:48 -0800] "GET /author/jeremy/page/12/ HTTP/1.1" 200 17671 "-" "Mozilla/5.0(Linux;U;Android 5.1.1;zh-CN;OPPO A33 Build/LMY47V) AppleWebKit/537.36(KHTML,like Gecko) Version/4.0 Chrome/40.0.2214.89 Mobile Safari/537.36" 
5.188.84.15 - - [28/Feb/2020:15:12:36 -0800] "GET /2013/pasta-madre-day-2013/ HTTP/1.0" 200 32926 "https://www.fornacalia.com/2013/pasta-madre-day-2013/#comment-1801/" "Mozilla/5.0 (Windows NT 6.1) AppleWebKit/537.36 (KHTML, like Gecko) Chrome/66.0.3359.181 Safari/537.36" 
5.188.84.15 - - [28/Feb/2020:15:12:37 -0800] "POST /wp-comments-post.php HTTP/1.0" 302 4061 "https://www.fornacalia.com/2013/pasta-madre-day-2013/#comment-1801/" "Mozilla/5.0 (Windows NT 6.1) AppleWebKit/537.36 (KHTML, like Gecko) Chrome/66.0.3359.181 Safari/537.36" 
157.230.23.229 - - [28/Feb/2020:15:13:47 -0800] "GET /wp-login.php HTTP/1.1" 200 4828 "-" "Mozilla/5.0 (X11; Ubuntu; Linux x86_64; rv:62.0) Gecko/20100101 Firefox/62.0" 
157.230.23.229 - - [28/Feb/2020:15:13:47 -0800] "POST /wp-login.php HTTP/1.1" 200 5203 "-" "Mozilla/5.0 (X11; Ubuntu; Linux x86_64; rv:62.0) Gecko/20100101 Firefox/62.0" 
157.230.23.229 - - [28/Feb/2020:15:13:47 -0800] "POST /xmlrpc.php HTTP/1.1" 200 3695 "-" "Mozilla/5.0 (X11; Ubuntu; Linux x86_64; rv:62.0) Gecko/20100101 Firefox/62.0" 
5.188.84.45 - - [28/Feb/2020:15:16:02 -0800] "GET /2013/pasta-madre-day-2013/ HTTP/1.0" 200 32926 "https://www.fornacalia.com/2013/pasta-madre-day-2013/#comment-1801/" "Mozilla/5.0 (Windows NT 6.1; Win64; x64) AppleWebKit/537.36 (KHTML, like Gecko) Chrome/68.0.3440.106 Safari/537.36 OPR/55.0.2994.44" 
5.188.84.45 - - [28/Feb/2020:15:16:03 -0800] "POST /wp-comments-post.php HTTP/1.0" 302 4061 "https://www.fornacalia.com/2013/pasta-madre-day-2013/#comment-1801/" "Mozilla/5.0 (Windows NT 6.1; Win64; x64) AppleWebKit/537.36 (KHTML, like Gecko) Chrome/68.0.3440.106 Safari/537.36 OPR/55.0.2994.44" 
114.119.130.157 - - [28/Feb/2020:15:19:51 -0800] "GET /2019/first-course-in-rome HTTP/1.1" 301 4097 "-" "Mozilla/5.0(Linux;U;Android 5.1.1;zh-CN;OPPO A33 Build/LMY47V) AppleWebKit/537.36(KHTML,like Gecko) Version/4.0 Chrome/40.0.2214.89 Mobile Safari/537.36" 
114.119.130.157 - - [28/Feb/2020:15:19:52 -0800] "GET /2019/first-course-in-rome/ HTTP/1.1" 200 12040 "-" "Mozilla/5.0(Linux;U;Android 5.1.1;zh-CN;OPPO A33 Build/LMY47V) AppleWebKit/537.36(KHTML,like Gecko) Version/4.0 Chrome/40.0.2214.89 Mobile Safari/537.36" 
104.197.75.152 - - [28/Feb/2020:15:20:59 -0800] "GET /wp-login.php HTTP/1.1" 200 4828 "-" "Mozilla/5.0 (X11; Ubuntu; Linux x86_64; rv:62.0) Gecko/20100101 Firefox/62.0" 
104.197.75.152 - - [28/Feb/2020:15:20:59 -0800] "POST /wp-login.php HTTP/1.1" 200 5221 "-" "Mozilla/5.0 (X11; Ubuntu; Linux x86_64; rv:62.0) Gecko/20100101 Firefox/62.0" 
104.197.75.152 - - [28/Feb/2020:15:20:59 -0800] "GET /wp-login.php HTTP/1.1" 200 4828 "-" "Mozilla/5.0 (X11; Ubuntu; Linux x86_64; rv:62.0) Gecko/20100101 Firefox/62.0" 
104.197.75.152 - - [28/Feb/2020:15:21:00 -0800] "POST /wp-login.php HTTP/1.1" 200 5199 "-" "Mozilla/5.0 (X11; Ubuntu; Linux x86_64; rv:62.0) Gecko/20100101 Firefox/62.0" 
104.197.75.152 - - [28/Feb/2020:15:21:00 -0800] "POST /xmlrpc.php HTTP/1.1" 200 3695 "-" "Mozilla/5.0 (X11; Ubuntu; Linux x86_64; rv:62.0) Gecko/20100101 Firefox/62.0" 
34.90.54.216 - - [28/Feb/2020:15:21:43 -0800] "GET /wp-login.php HTTP/1.1" 200 4828 "-" "Mozilla/5.0 (X11; Ubuntu; Linux x86_64; rv:62.0) Gecko/20100101 Firefox/62.0" 
34.90.54.216 - - [28/Feb/2020:15:21:58 -0800] "POST /wp-login.php HTTP/1.1" 200 5203 "-" "Mozilla/5.0 (X11; Ubuntu; Linux x86_64; rv:62.0) Gecko/20100101 Firefox/62.0" 
34.90.54.216 - - [28/Feb/2020:15:22:14 -0800] "POST /xmlrpc.php HTTP/1.1" 200 3695 "-" "Mozilla/5.0 (X11; Ubuntu; Linux x86_64; rv:62.0) Gecko/20100101 Firefox/62.0" 
167.71.204.246 - - [28/Feb/2020:15:24:41 -0800] "GET /wp-login.php HTTP/1.1" 200 4828 "-" "Mozilla/5.0 (X11; Ubuntu; Linux x86_64; rv:62.0) Gecko/20100101 Firefox/62.0" 
167.71.204.246 - - [28/Feb/2020:15:24:42 -0800] "POST /wp-login.php HTTP/1.1" 200 5203 "-" "Mozilla/5.0 (X11; Ubuntu; Linux x86_64; rv:62.0) Gecko/20100101 Firefox/62.0" 
167.71.204.246 - - [28/Feb/2020:15:24:46 -0800] "POST /xmlrpc.php HTTP/1.1" 200 3695 "-" "Mozilla/5.0 (X11; Ubuntu; Linux x86_64; rv:62.0) Gecko/20100101 Firefox/62.0" 
193.70.72.117 - - [28/Feb/2020:15:28:29 -0800] "GET /wp-login.php HTTP/1.1" 200 4828 "-" "Mozilla/5.0 (X11; Ubuntu; Linux x86_64; rv:62.0) Gecko/20100101 Firefox/62.0" 
193.70.72.117 - - [28/Feb/2020:15:28:30 -0800] "POST /wp-login.php HTTP/1.1" 200 5203 "-" "Mozilla/5.0 (X11; Ubuntu; Linux x86_64; rv:62.0) Gecko/20100101 Firefox/62.0" 
193.70.72.117 - - [28/Feb/2020:15:28:30 -0800] "POST /xmlrpc.php HTTP/1.1" 200 3695 "-" "Mozilla/5.0 (X11; Ubuntu; Linux x86_64; rv:62.0) Gecko/20100101 Firefox/62.0" 
5.188.84.233 - - [28/Feb/2020:15:30:14 -0800] "GET /2013/pasta-madre-day-2013/ HTTP/1.0" 200 32926 "https://www.fornacalia.com/2013/pasta-madre-day-2013/#comment-1801/" "Mozilla/5.0 (Windows NT 6.1; WOW64) AppleWebKit/537.36 (KHTML, like Gecko) Chrome/67.0.3396.87 Safari/537.36 OPR/54.0.2952.64 (Edition Yx)" 
5.188.84.233 - - [28/Feb/2020:15:30:15 -0800] "POST /wp-comments-post.php HTTP/1.0" 302 4061 "https://www.fornacalia.com/2013/pasta-madre-day-2013/#comment-1801/" "Mozilla/5.0 (Windows NT 6.1; WOW64) AppleWebKit/537.36 (KHTML, like Gecko) Chrome/67.0.3396.87 Safari/537.36 OPR/54.0.2952.64 (Edition Yx)" 
109.228.47.76 - - [28/Feb/2020:15:33:34 -0800] "GET /wp-login.php HTTP/1.1" 200 4828 "-" "Mozilla/5.0 (X11; Ubuntu; Linux x86_64; rv:62.0) Gecko/20100101 Firefox/62.0" 
109.228.47.76 - - [28/Feb/2020:15:33:34 -0800] "POST /wp-login.php HTTP/1.1" 200 5203 "-" "Mozilla/5.0 (X11; Ubuntu; Linux x86_64; rv:62.0) Gecko/20100101 Firefox/62.0" 
109.228.47.76 - - [28/Feb/2020:15:33:35 -0800] "POST /xmlrpc.php HTTP/1.1" 200 3695 "-" "Mozilla/5.0 (X11; Ubuntu; Linux x86_64; rv:62.0) Gecko/20100101 Firefox/62.0" 
5.188.84.65 - - [28/Feb/2020:15:35:58 -0800] "GET /2013/pasta-madre-day-2013/ HTTP/1.0" 200 32926 "https://www.fornacalia.com/2013/pasta-madre-day-2013/#comment-1801/" "Mozilla/5.0 (Windows NT 6.3; Win64; x64) AppleWebKit/537.36 (KHTML, like Gecko) Chrome/67.0.3396.87 Safari/537.36" 
5.188.84.65 - - [28/Feb/2020:15:35:59 -0800] "POST /wp-comments-post.php HTTP/1.0" 302 4061 "https://www.fornacalia.com/2013/pasta-madre-day-2013/#comment-1801/" "Mozilla/5.0 (Windows NT 6.3; Win64; x64) AppleWebKit/537.36 (KHTML, like Gecko) Chrome/67.0.3396.87 Safari/537.36" 
94.101.94.131 - - [28/Feb/2020:15:38:38 -0800] "GET /wp-login.php HTTP/1.1" 200 4828 "-" "Mozilla/5.0 (X11; Ubuntu; Linux x86_64; rv:62.0) Gecko/20100101 Firefox/62.0" 
94.101.94.131 - - [28/Feb/2020:15:38:39 -0800] "POST /wp-login.php HTTP/1.1" 200 5203 "-" "Mozilla/5.0 (X11; Ubuntu; Linux x86_64; rv:62.0) Gecko/20100101 Firefox/62.0" 
94.101.94.131 - - [28/Feb/2020:15:38:39 -0800] "POST /xmlrpc.php HTTP/1.1" 200 3695 "-" "Mozilla/5.0 (X11; Ubuntu; Linux x86_64; rv:62.0) Gecko/20100101 Firefox/62.0" 
5.188.84.25 - - [28/Feb/2020:15:41:12 -0800] "GET /2013/pasta-madre-day-2013/ HTTP/1.0" 200 32926 "https://www.fornacalia.com/2013/pasta-madre-day-2013/#comment-1801/" "Mozilla/5.0 (Windows NT 5.1) AppleWebKit/537.36 (KHTML, like Gecko) Chrome/49.0.2623.112 Safari/537.36" 
5.188.84.25 - - [28/Feb/2020:15:41:13 -0800] "POST /wp-comments-post.php HTTP/1.0" 302 4061 "https://www.fornacalia.com/2013/pasta-madre-day-2013/#comment-1801/" "Mozilla/5.0 (Windows NT 5.1) AppleWebKit/537.36 (KHTML, like Gecko) Chrome/49.0.2623.112 Safari/537.36" 
27.123.221.197 - - [28/Feb/2020:15:42:15 -0800] "GET /wp-login.php HTTP/1.1" 200 4828 "-" "Mozilla/5.0 (X11; Ubuntu; Linux x86_64; rv:62.0) Gecko/20100101 Firefox/62.0" 
64.111.100.215 - - [28/Feb/2020:15:42:15 -0800] "POST /wp-cron.php?doing_wp_cron=1582933335.7906599044799804687500 HTTP/1.1" 200 3492 "https://www.fornacalia.com/wp-cron.php?doing_wp_cron=1582933335.7906599044799804687500" "WordPress/5.2.5; https://www.fornacalia.com" 
27.123.221.197 - - [28/Feb/2020:15:42:17 -0800] "POST /wp-login.php HTTP/1.1" 200 5221 "-" "Mozilla/5.0 (X11; Ubuntu; Linux x86_64; rv:62.0) Gecko/20100101 Firefox/62.0" 
27.123.221.197 - - [28/Feb/2020:15:42:18 -0800] "GET /wp-login.php HTTP/1.1" 200 4828 "-" "Mozilla/5.0 (X11; Ubuntu; Linux x86_64; rv:62.0) Gecko/20100101 Firefox/62.0" 
27.123.221.197 - - [28/Feb/2020:15:42:19 -0800] "POST /wp-login.php HTTP/1.1" 200 5199 "-" "Mozilla/5.0 (X11; Ubuntu; Linux x86_64; rv:62.0) Gecko/20100101 Firefox/62.0" 
27.123.221.197 - - [28/Feb/2020:15:42:20 -0800] "POST /xmlrpc.php HTTP/1.1" 200 3695 "-" "Mozilla/5.0 (X11; Ubuntu; Linux x86_64; rv:62.0) Gecko/20100101 Firefox/62.0" 
34.248.245.27 - - [28/Feb/2020:15:43:26 -0800] "GET /wp-login.php HTTP/1.1" 200 4828 "-" "Mozilla/5.0 (X11; Ubuntu; Linux x86_64; rv:62.0) Gecko/20100101 Firefox/62.0" 
34.248.245.27 - - [28/Feb/2020:15:43:29 -0800] "POST /wp-login.php HTTP/1.1" 200 5203 "-" "Mozilla/5.0 (X11; Ubuntu; Linux x86_64; rv:62.0) Gecko/20100101 Firefox/62.0" 
34.248.245.27 - - [28/Feb/2020:15:43:31 -0800] "POST /xmlrpc.php HTTP/1.1" 200 3695 "-" "Mozilla/5.0 (X11; Ubuntu; Linux x86_64; rv:62.0) Gecko/20100101 Firefox/62.0" 
106.13.226.16 - - [28/Feb/2020:16:02:46 -0800] "GET /wp-login.php HTTP/1.1" 200 4828 "-" "Mozilla/5.0 (X11; Ubuntu; Linux x86_64; rv:62.0) Gecko/20100101 Firefox/62.0" 
106.13.226.16 - - [28/Feb/2020:16:02:50 -0800] "POST /wp-login.php HTTP/1.1" 200 5221 "-" "Mozilla/5.0 (X11; Ubuntu; Linux x86_64; rv:62.0) Gecko/20100101 Firefox/62.0" 
106.13.226.16 - - [28/Feb/2020:16:02:53 -0800] "GET /wp-login.php HTTP/1.1" 200 4828 "-" "Mozilla/5.0 (X11; Ubuntu; Linux x86_64; rv:62.0) Gecko/20100101 Firefox/62.0" 
106.13.226.16 - - [28/Feb/2020:16:02:54 -0800] "POST /wp-login.php HTTP/1.1" 200 5199 "-" "Mozilla/5.0 (X11; Ubuntu; Linux x86_64; rv:62.0) Gecko/20100101 Firefox/62.0" 
106.13.226.16 - - [28/Feb/2020:16:02:55 -0800] "POST /xmlrpc.php HTTP/1.1" 200 3695 "-" "Mozilla/5.0 (X11; Ubuntu; Linux x86_64; rv:62.0) Gecko/20100101 Firefox/62.0" 
75.149.219.169 - - [28/Feb/2020:16:03:32 -0800] "GET /wp-login.php HTTP/1.1" 200 4828 "-" "Mozilla/5.0 (X11; Ubuntu; Linux x86_64; rv:62.0) Gecko/20100101 Firefox/62.0" 
75.149.219.169 - - [28/Feb/2020:16:03:32 -0800] "POST /wp-login.php HTTP/1.1" 200 5203 "-" "Mozilla/5.0 (X11; Ubuntu; Linux x86_64; rv:62.0) Gecko/20100101 Firefox/62.0" 
75.149.219.169 - - [28/Feb/2020:16:03:32 -0800] "POST /xmlrpc.php HTTP/1.1" 200 3695 "-" "Mozilla/5.0 (X11; Ubuntu; Linux x86_64; rv:62.0) Gecko/20100101 Firefox/62.0" 
149.129.104.140 - - [28/Feb/2020:16:10:33 -0800] "GET /wp-login.php HTTP/1.1" 200 4809 "-" "Mozilla/5.0 (Windows NT 6.1) AppleWebKit/537.36 (KHTML, like Gecko) Chrome/63.0.3239.84 Safari/537.36" 
149.129.104.140 - - [28/Feb/2020:16:10:34 -0800] "POST /wp-login.php HTTP/1.1" 200 2128 "-" "Mozilla/5.0 (Windows NT 6.1) AppleWebKit/537.36 (KHTML, like Gecko) Chrome/63.0.3239.84 Safari/537.36" 
84.16.224.10 - - [28/Feb/2020:16:12:34 -0800] "GET /2020/sourdough-u-one-day-course-in-rome-5-april/ HTTP/1.0" 200 36909 "https://www.fornacalia.com/2020/sourdough-u-one-day-course-in-rome-5-april/" "Mozilla/5.0 (Windows NT 6.1) AppleWebKit/537.36 (KHTML, like Gecko) Chrome/67.0.3396.99 Safari/537.36 Kinza/4.8.2" 
84.16.224.10 - - [28/Feb/2020:16:12:35 -0800] "POST /wp-comments-post.php HTTP/1.0" 302 4083 "https://www.fornacalia.com/2020/sourdough-u-one-day-course-in-rome-5-april/" "Mozilla/5.0 (Windows NT 6.1) AppleWebKit/537.36 (KHTML, like Gecko) Chrome/67.0.3396.99 Safari/537.36 Kinza/4.8.2" 
84.16.224.10 - - [28/Feb/2020:16:12:36 -0800] "GET /2020/sourdough-u-one-day-course-in-rome-5-april/ HTTP/1.0" 200 36909 "https://www.fornacalia.com/2020/sourdough-u-one-day-course-in-rome-5-april/#comment-27023" "Mozilla/5.0 (Windows NT 6.1) AppleWebKit/537.36 (KHTML, like Gecko) Chrome/67.0.3396.99 Safari/537.36 Kinza/4.8.2" 
139.59.87.40 - - [28/Feb/2020:16:13:20 -0800] "GET /wp-login.php HTTP/1.1" 200 4828 "-" "Mozilla/5.0 (X11; Ubuntu; Linux x86_64; rv:62.0) Gecko/20100101 Firefox/62.0" 
139.59.87.40 - - [28/Feb/2020:16:13:21 -0800] "POST /wp-login.php HTTP/1.1" 200 5203 "-" "Mozilla/5.0 (X11; Ubuntu; Linux x86_64; rv:62.0) Gecko/20100101 Firefox/62.0" 
139.59.87.40 - - [28/Feb/2020:16:13:22 -0800] "POST /xmlrpc.php HTTP/1.1" 200 3695 "-" "Mozilla/5.0 (X11; Ubuntu; Linux x86_64; rv:62.0) Gecko/20100101 Firefox/62.0" 
5.188.84.35 - - [28/Feb/2020:16:15:27 -0800] "GET /2013/pasta-madre-day-2013/ HTTP/1.0" 200 32926 "https://www.fornacalia.com/2013/pasta-madre-day-2013/#comment-1801/" "Mozilla/5.0 (Windows NT 10.0; Win64; x64) AppleWebKit/537.36 (KHTML, like Gecko) Chrome/68.0.3440.84 Safari/537.36" 
5.188.84.35 - - [28/Feb/2020:16:15:28 -0800] "POST /wp-comments-post.php HTTP/1.0" 302 4061 "https://www.fornacalia.com/2013/pasta-madre-day-2013/#comment-1801/" "Mozilla/5.0 (Windows NT 10.0; Win64; x64) AppleWebKit/537.36 (KHTML, like Gecko) Chrome/68.0.3440.84 Safari/537.36" 
114.119.130.6 - - [28/Feb/2020:16:16:35 -0800] "GET /2013/sourdough-ciabatta/ HTTP/1.1" 200 14413 "-" "Mozilla/5.0 (iPad; CPU OS 7_0 like Mac OS X) AppleWebKit/537.51.1 (KHTML, like Gecko) Version/7.0 Mobile/11A465 Safari/9537.53" 
204.48.19.241 - - [28/Feb/2020:16:18:00 -0800] "GET /wp-login.php HTTP/1.1" 200 4828 "-" "Mozilla/5.0 (X11; Ubuntu; Linux x86_64; rv:62.0) Gecko/20100101 Firefox/62.0" 
204.48.19.241 - - [28/Feb/2020:16:18:00 -0800] "POST /wp-login.php HTTP/1.1" 200 5203 "-" "Mozilla/5.0 (X11; Ubuntu; Linux x86_64; rv:62.0) Gecko/20100101 Firefox/62.0" 
204.48.19.241 - - [28/Feb/2020:16:18:00 -0800] "POST /xmlrpc.php HTTP/1.1" 200 3695 "-" "Mozilla/5.0 (X11; Ubuntu; Linux x86_64; rv:62.0) Gecko/20100101 Firefox/62.0" 
5.188.84.220 - - [28/Feb/2020:16:21:05 -0800] "GET /2013/pasta-madre-day-2013/ HTTP/1.0" 200 32926 "https://www.fornacalia.com/2013/pasta-madre-day-2013/#comment-1801/" "Mozilla/5.0 (Windows NT 10.0; Win64; x64) AppleWebKit/537.36 (KHTML, like Gecko) Chrome/68.0.3440.106 Safari/537.36 OPR/55.0.2994.44" 
5.188.84.220 - - [28/Feb/2020:16:21:06 -0800] "POST /wp-comments-post.php HTTP/1.0" 302 4061 "https://www.fornacalia.com/2013/pasta-madre-day-2013/#comment-1801/" "Mozilla/5.0 (Windows NT 10.0; Win64; x64) AppleWebKit/537.36 (KHTML, like Gecko) Chrome/68.0.3440.106 Safari/537.36 OPR/55.0.2994.44" 
134.209.147.54 - - [28/Feb/2020:16:23:10 -0800] "GET /wp-login.php HTTP/1.1" 200 4828 "-" "Mozilla/5.0 (X11; Ubuntu; Linux x86_64; rv:62.0) Gecko/20100101 Firefox/62.0" 
134.209.147.54 - - [28/Feb/2020:16:23:14 -0800] "POST /wp-login.php HTTP/1.1" 200 5203 "-" "Mozilla/5.0 (X11; Ubuntu; Linux x86_64; rv:62.0) Gecko/20100101 Firefox/62.0" 
134.209.147.54 - - [28/Feb/2020:16:23:16 -0800] "POST /xmlrpc.php HTTP/1.1" 200 3695 "-" "Mozilla/5.0 (X11; Ubuntu; Linux x86_64; rv:62.0) Gecko/20100101 Firefox/62.0" 
47.100.240.129 - - [28/Feb/2020:16:25:15 -0800] "GET /wp-login.php HTTP/1.1" 200 4828 "-" "Mozilla/5.0 (X11; Ubuntu; Linux x86_64; rv:62.0) Gecko/20100101 Firefox/62.0" 
47.100.240.129 - - [28/Feb/2020:16:25:16 -0800] "POST /wp-login.php HTTP/1.1" 200 5221 "-" "Mozilla/5.0 (X11; Ubuntu; Linux x86_64; rv:62.0) Gecko/20100101 Firefox/62.0" 
47.100.240.129 - - [28/Feb/2020:16:25:17 -0800] "GET /wp-login.php HTTP/1.1" 200 4828 "-" "Mozilla/5.0 (X11; Ubuntu; Linux x86_64; rv:62.0) Gecko/20100101 Firefox/62.0" 
47.100.240.129 - - [28/Feb/2020:16:25:18 -0800] "POST /wp-login.php HTTP/1.1" 200 5199 "-" "Mozilla/5.0 (X11; Ubuntu; Linux x86_64; rv:62.0) Gecko/20100101 Firefox/62.0" 
47.100.240.129 - - [28/Feb/2020:16:25:19 -0800] "POST /xmlrpc.php HTTP/1.1" 200 3695 "-" "Mozilla/5.0 (X11; Ubuntu; Linux x86_64; rv:62.0) Gecko/20100101 Firefox/62.0" 
5.188.84.80 - - [28/Feb/2020:16:31:38 -0800] "GET /2013/pasta-madre-day-2013/ HTTP/1.0" 200 32926 "https://www.fornacalia.com/2013/pasta-madre-day-2013/#comment-1801/" "Mozilla/5.0 (Windows NT 6.1) AppleWebKit/537.36 (KHTML, like Gecko) Chrome/68.0.3440.106 Safari/537.36 Kinza/4.9.1" 
5.188.84.80 - - [28/Feb/2020:16:31:40 -0800] "POST /wp-comments-post.php HTTP/1.0" 302 4061 "https://www.fornacalia.com/2013/pasta-madre-day-2013/#comment-1801/" "Mozilla/5.0 (Windows NT 6.1) AppleWebKit/537.36 (KHTML, like Gecko) Chrome/68.0.3440.106 Safari/537.36 Kinza/4.9.1" 
159.89.34.107 - - [28/Feb/2020:16:32:41 -0800] "GET /wp-login.php HTTP/1.1" 200 4828 "-" "Mozilla/5.0 (X11; Ubuntu; Linux x86_64; rv:62.0) Gecko/20100101 Firefox/62.0" 
159.89.34.107 - - [28/Feb/2020:16:32:41 -0800] "POST /wp-login.php HTTP/1.1" 200 5203 "-" "Mozilla/5.0 (X11; Ubuntu; Linux x86_64; rv:62.0) Gecko/20100101 Firefox/62.0" 
159.89.34.107 - - [28/Feb/2020:16:32:41 -0800] "POST /xmlrpc.php HTTP/1.1" 200 3695 "-" "Mozilla/5.0 (X11; Ubuntu; Linux x86_64; rv:62.0) Gecko/20100101 Firefox/62.0" 
5.188.84.35 - - [28/Feb/2020:16:41:20 -0800] "GET /2013/pasta-madre-day-2013/ HTTP/1.0" 200 32926 "https://www.fornacalia.com/2013/pasta-madre-day-2013/#comment-1801/" "Mozilla/5.0 (Windows NT 10.0; Win64; x64) AppleWebKit/537.36 (KHTML, like Gecko) Chrome/68.0.3440.75 Safari/537.36" 
5.188.84.25 - - [28/Feb/2020:16:41:20 -0800] "GET /2013/pasta-madre-day-2013/ HTTP/1.0" 200 32926 "https://www.fornacalia.com/2013/pasta-madre-day-2013/#comment-1801/" "Mozilla/5.0 (Windows NT 10.0; Win64; x64) AppleWebKit/537.36 (KHTML, like Gecko) Chrome/67.0.3396.87 Safari/537.36 OPR/54.0.2952.51" 
5.188.84.25 - - [28/Feb/2020:16:41:22 -0800] "POST /wp-comments-post.php HTTP/1.0" 302 4061 "https://www.fornacalia.com/2013/pasta-madre-day-2013/#comment-1801/" "Mozilla/5.0 (Windows NT 10.0; Win64; x64) AppleWebKit/537.36 (KHTML, like Gecko) Chrome/67.0.3396.87 Safari/537.36 OPR/54.0.2952.51" 
5.188.84.35 - - [28/Feb/2020:16:41:21 -0800] "POST /wp-comments-post.php HTTP/1.0" 302 4061 "https://www.fornacalia.com/2013/pasta-madre-day-2013/#comment-1801/" "Mozilla/5.0 (Windows NT 10.0; Win64; x64) AppleWebKit/537.36 (KHTML, like Gecko) Chrome/68.0.3440.75 Safari/537.36" 
192.81.210.176 - - [28/Feb/2020:16:42:46 -0800] "GET /wp-login.php HTTP/1.1" 200 4828 "-" "Mozilla/5.0 (X11; Ubuntu; Linux x86_64; rv:62.0) Gecko/20100101 Firefox/62.0" 
192.81.210.176 - - [28/Feb/2020:16:42:47 -0800] "POST /wp-login.php HTTP/1.1" 200 5203 "-" "Mozilla/5.0 (X11; Ubuntu; Linux x86_64; rv:62.0) Gecko/20100101 Firefox/62.0" 
192.81.210.176 - - [28/Feb/2020:16:42:47 -0800] "POST /xmlrpc.php HTTP/1.1" 200 3695 "-" "Mozilla/5.0 (X11; Ubuntu; Linux x86_64; rv:62.0) Gecko/20100101 Firefox/62.0" 
64.111.100.215 - - [28/Feb/2020:16:42:46 -0800] "POST /wp-cron.php?doing_wp_cron=1582936966.3794460296630859375000 HTTP/1.1" 200 3492 "https://www.fornacalia.com/wp-cron.php?doing_wp_cron=1582936966.3794460296630859375000" "WordPress/5.2.5; https://www.fornacalia.com" 
5.188.84.15 - - [28/Feb/2020:16:44:19 -0800] "GET /2013/pasta-madre-day-2013/ HTTP/1.0" 200 32926 "https://www.fornacalia.com/2013/pasta-madre-day-2013/#comment-1801/" "Mozilla/5.0 (Windows NT 10.0; Win64; x64) AppleWebKit/537.36 (KHTML, like Gecko) Chrome/66.0.3359.181 Safari/537.36" 
5.188.84.15 - - [28/Feb/2020:16:44:20 -0800] "POST /wp-comments-post.php HTTP/1.0" 302 4061 "https://www.fornacalia.com/2013/pasta-madre-day-2013/#comment-1801/" "Mozilla/5.0 (Windows NT 10.0; Win64; x64) AppleWebKit/537.36 (KHTML, like Gecko) Chrome/66.0.3359.181 Safari/537.36" 
47.91.229.187 - - [28/Feb/2020:16:45:27 -0800] "GET /wp-login.php HTTP/1.1" 200 4809 "-" "Mozilla/5.0 (Windows NT 6.1) AppleWebKit/537.36 (KHTML, like Gecko) Chrome/63.0.3239.84 Safari/537.36" 
47.91.229.187 - - [28/Feb/2020:16:45:27 -0800] "POST /wp-login.php HTTP/1.1" 200 2128 "-" "Mozilla/5.0 (Windows NT 6.1) AppleWebKit/537.36 (KHTML, like Gecko) Chrome/63.0.3239.84 Safari/537.36" 
27.123.221.197 - - [28/Feb/2020:16:45:59 -0800] "GET /wp-login.php HTTP/1.1" 200 4828 "-" "Mozilla/5.0 (X11; Ubuntu; Linux x86_64; rv:62.0) Gecko/20100101 Firefox/62.0" 
27.123.221.197 - - [28/Feb/2020:16:46:00 -0800] "POST /wp-login.php HTTP/1.1" 200 5221 "-" "Mozilla/5.0 (X11; Ubuntu; Linux x86_64; rv:62.0) Gecko/20100101 Firefox/62.0" 
27.123.221.197 - - [28/Feb/2020:16:46:01 -0800] "GET /wp-login.php HTTP/1.1" 200 4828 "-" "Mozilla/5.0 (X11; Ubuntu; Linux x86_64; rv:62.0) Gecko/20100101 Firefox/62.0" 
27.123.221.197 - - [28/Feb/2020:16:46:02 -0800] "POST /wp-login.php HTTP/1.1" 200 5199 "-" "Mozilla/5.0 (X11; Ubuntu; Linux x86_64; rv:62.0) Gecko/20100101 Firefox/62.0" 
27.123.221.197 - - [28/Feb/2020:16:46:03 -0800] "POST /xmlrpc.php HTTP/1.1" 200 3695 "-" "Mozilla/5.0 (X11; Ubuntu; Linux x86_64; rv:62.0) Gecko/20100101 Firefox/62.0" 
5.188.84.80 - - [28/Feb/2020:16:47:45 -0800] "GET /2013/pasta-madre-day-2013/ HTTP/1.0" 200 32926 "https://www.fornacalia.com/2013/pasta-madre-day-2013/#comment-1801/" "Mozilla/5.0 (Windows NT 6.1; WOW64) AppleWebKit/537.36 (KHTML, like Gecko) Chrome/66.0.3359.170 Safari/537.36 OPR/53.0.2907.99" 
5.188.84.80 - - [28/Feb/2020:16:47:46 -0800] "POST /wp-comments-post.php HTTP/1.0" 302 4061 "https://www.fornacalia.com/2013/pasta-madre-day-2013/#comment-1801/" "Mozilla/5.0 (Windows NT 6.1; WOW64) AppleWebKit/537.36 (KHTML, like Gecko) Chrome/66.0.3359.170 Safari/537.36 OPR/53.0.2907.99" 
68.183.184.130 - - [28/Feb/2020:16:47:51 -0800] "GET /wp-login.php HTTP/1.1" 200 4828 "-" "Mozilla/5.0 (X11; Ubuntu; Linux x86_64; rv:62.0) Gecko/20100101 Firefox/62.0" 
68.183.184.130 - - [28/Feb/2020:16:47:53 -0800] "POST /wp-login.php HTTP/1.1" 200 5203 "-" "Mozilla/5.0 (X11; Ubuntu; Linux x86_64; rv:62.0) Gecko/20100101 Firefox/62.0" 
68.183.184.130 - - [28/Feb/2020:16:47:54 -0800] "POST /xmlrpc.php HTTP/1.1" 200 3695 "-" "Mozilla/5.0 (X11; Ubuntu; Linux x86_64; rv:62.0) Gecko/20100101 Firefox/62.0" 
5.188.84.65 - - [28/Feb/2020:16:50:39 -0800] "GET /2013/pasta-madre-day-2013/ HTTP/1.0" 200 32926 "https://www.fornacalia.com/2013/pasta-madre-day-2013/#comment-1801/" "Mozilla/5.0 (Windows NT 6.3; Win64; x64) AppleWebKit/537.36 (KHTML, like Gecko) Chrome/67.0.3396.79 Safari/537.36" 
5.188.84.65 - - [28/Feb/2020:16:50:40 -0800] "POST /wp-comments-post.php HTTP/1.0" 302 4061 "https://www.fornacalia.com/2013/pasta-madre-day-2013/#comment-1801/" "Mozilla/5.0 (Windows NT 6.3; Win64; x64) AppleWebKit/537.36 (KHTML, like Gecko) Chrome/67.0.3396.79 Safari/537.36" 
167.71.241.213 - - [28/Feb/2020:16:52:29 -0800] "GET /wp-login.php HTTP/1.1" 200 4828 "-" "Mozilla/5.0 (X11; Ubuntu; Linux x86_64; rv:62.0) Gecko/20100101 Firefox/62.0" 
167.71.241.213 - - [28/Feb/2020:16:52:29 -0800] "POST /wp-login.php HTTP/1.1" 200 5203 "-" "Mozilla/5.0 (X11; Ubuntu; Linux x86_64; rv:62.0) Gecko/20100101 Firefox/62.0" 
167.71.241.213 - - [28/Feb/2020:16:52:29 -0800] "POST /xmlrpc.php HTTP/1.1" 200 3695 "-" "Mozilla/5.0 (X11; Ubuntu; Linux x86_64; rv:62.0) Gecko/20100101 Firefox/62.0" 
185.86.15.106 - - [28/Feb/2020:16:55:24 -0800] "POST /xmlrpc.php HTTP/1.1" 200 3695 "-" "Mozilla/5.0 (X11; Ubuntu; Linux x86_64; rv:62.0) Gecko/20100101 Firefox/62.0" 
5.255.250.33 - - [28/Feb/2020:17:00:27 -0800] "GET /robots.txt HTTP/1.1" 200 4317 "-" "Mozilla/5.0 (compatible; YandexBot/3.0; +http://yandex.com/bots)" 
5.255.250.33 - - [28/Feb/2020:17:00:30 -0800] "GET /page/15/ HTTP/1.1" 200 13502 "-" "Mozilla/5.0 (compatible; YandexBot/3.0; +http://yandex.com/bots)" 
173.212.199.55 - - [28/Feb/2020:17:02:38 -0800] "GET /wp-login.php HTTP/1.1" 200 4828 "-" "Mozilla/5.0 (X11; Ubuntu; Linux x86_64; rv:62.0) Gecko/20100101 Firefox/62.0" 
173.212.199.55 - - [28/Feb/2020:17:02:39 -0800] "POST /wp-login.php HTTP/1.1" 200 5203 "-" "Mozilla/5.0 (X11; Ubuntu; Linux x86_64; rv:62.0) Gecko/20100101 Firefox/62.0" 
173.212.199.55 - - [28/Feb/2020:17:02:39 -0800] "POST /xmlrpc.php HTTP/1.1" 200 3695 "-" "Mozilla/5.0 (X11; Ubuntu; Linux x86_64; rv:62.0) Gecko/20100101 Firefox/62.0" 
5.188.84.233 - - [28/Feb/2020:17:03:51 -0800] "GET /2013/pasta-madre-day-2013/ HTTP/1.0" 200 32926 "https://www.fornacalia.com/2013/pasta-madre-day-2013/#comment-1801/" "Mozilla/5.0 (Windows NT 6.1; Win64; x64) AppleWebKit/537.36 (KHTML, like Gecko) Chrome/66.0.3359.170 Safari/537.36 OPR/53.0.2907.106" 
5.188.84.233 - - [28/Feb/2020:17:03:52 -0800] "POST /wp-comments-post.php HTTP/1.0" 302 4061 "https://www.fornacalia.com/2013/pasta-madre-day-2013/#comment-1801/" "Mozilla/5.0 (Windows NT 6.1; Win64; x64) AppleWebKit/537.36 (KHTML, like Gecko) Chrome/66.0.3359.170 Safari/537.36 OPR/53.0.2907.106" 
157.55.39.50 - - [28/Feb/2020:17:03:54 -0800] "GET /author/jeremy/ HTTP/1.1" 200 17434 "-" "Mozilla/5.0 (compatible; bingbot/2.0; +http://www.bing.com/bingbot.htm)" 
54.37.22.148 - - [28/Feb/2020:17:06:08 -0800] "GET /wp-content/uploads/2019/11/mise-en-place-774x1024.png HTTP/1.1" 200 1395081 "-" "-" 
54.37.22.148 - - [28/Feb/2020:17:06:29 -0800] "GET /wp-content/uploads/2019/04/hand-300x300.png HTTP/1.1" 200 133294 "-" "-" 
54.37.22.148 - - [28/Feb/2020:17:06:50 -0800] "GET /wp-content/uploads/2019/05/two-of-four-rustic-loaves.png HTTP/1.1" 200 747712 "-" "-" 
54.37.22.148 - - [28/Feb/2020:17:07:14 -0800] "GET /wp-content/uploads/2019/05/banneton.png HTTP/1.1" 200 612900 "-" "-" 
142.4.7.212 - - [28/Feb/2020:17:07:27 -0800] "GET /wp-login.php HTTP/1.1" 200 4828 "-" "Mozilla/5.0 (X11; Ubuntu; Linux x86_64; rv:62.0) Gecko/20100101 Firefox/62.0" 
142.4.7.212 - - [28/Feb/2020:17:07:28 -0800] "POST /wp-login.php HTTP/1.1" 200 5221 "-" "Mozilla/5.0 (X11; Ubuntu; Linux x86_64; rv:62.0) Gecko/20100101 Firefox/62.0" 
142.4.7.212 - - [28/Feb/2020:17:07:28 -0800] "GET /wp-login.php HTTP/1.1" 200 4828 "-" "Mozilla/5.0 (X11; Ubuntu; Linux x86_64; rv:62.0) Gecko/20100101 Firefox/62.0" 
142.4.7.212 - - [28/Feb/2020:17:07:29 -0800] "POST /wp-login.php HTTP/1.1" 200 5199 "-" "Mozilla/5.0 (X11; Ubuntu; Linux x86_64; rv:62.0) Gecko/20100101 Firefox/62.0" 
142.4.7.212 - - [28/Feb/2020:17:07:29 -0800] "POST /xmlrpc.php HTTP/1.1" 200 3695 "-" "Mozilla/5.0 (X11; Ubuntu; Linux x86_64; rv:62.0) Gecko/20100101 Firefox/62.0" 
173.249.45.241 - - [28/Feb/2020:17:07:33 -0800] "GET /wp-login.php HTTP/1.1" 200 4828 "-" "Mozilla/5.0 (X11; Ubuntu; Linux x86_64; rv:62.0) Gecko/20100101 Firefox/62.0" 
173.249.45.241 - - [28/Feb/2020:17:07:34 -0800] "POST /wp-login.php HTTP/1.1" 200 5203 "-" "Mozilla/5.0 (X11; Ubuntu; Linux x86_64; rv:62.0) Gecko/20100101 Firefox/62.0" 
173.249.45.241 - - [28/Feb/2020:17:07:34 -0800] "POST /xmlrpc.php HTTP/1.1" 200 3695 "-" "Mozilla/5.0 (X11; Ubuntu; Linux x86_64; rv:62.0) Gecko/20100101 Firefox/62.0" 
54.37.22.148 - - [28/Feb/2020:17:07:35 -0800] "GET /wp-content/uploads/2019/06/2019-06-09-lunch-1024x580.png HTTP/1.1" 200 1055054 "-" "-" 
54.37.22.148 - - [28/Feb/2020:17:08:19 -0800] "GET /wp-content/uploads/2019/04/four-students-1024x616.png HTTP/1.1" 200 959726 "-" "-" 
54.37.22.148 - - [28/Feb/2020:17:08:48 -0800] "GET /wp-content/uploads/2019/11/happy-bakers-1024x631.png HTTP/1.1" 200 1002425 "-" "-" 
54.37.22.148 - - [28/Feb/2020:17:09:11 -0800] "GET /wp-content/uploads/2019/05/brown-starter-300x300.png HTTP/1.1" 200 177149 "-" "-" 
5.188.84.220 - - [28/Feb/2020:17:09:17 -0800] "GET /2013/pasta-madre-day-2013/ HTTP/1.0" 200 32926 "https://www.fornacalia.com/2013/pasta-madre-day-2013/#comment-1801/" "Mozilla/5.0 (Windows NT 10.0; Win64; x64) AppleWebKit/537.36 (KHTML, like Gecko) Chrome/68.0.3440.84 Safari/537.36" 
5.188.84.220 - - [28/Feb/2020:17:09:18 -0800] "POST /wp-comments-post.php HTTP/1.0" 302 4061 "https://www.fornacalia.com/2013/pasta-madre-day-2013/#comment-1801/" "Mozilla/5.0 (Windows NT 10.0; Win64; x64) AppleWebKit/537.36 (KHTML, like Gecko) Chrome/68.0.3440.84 Safari/537.36" 
167.172.127.89 - - [28/Feb/2020:17:12:18 -0800] "GET /wp-login.php HTTP/1.1" 200 4828 "-" "Mozilla/5.0 (X11; Ubuntu; Linux x86_64; rv:62.0) Gecko/20100101 Firefox/62.0" 
167.172.127.89 - - [28/Feb/2020:17:12:19 -0800] "POST /wp-login.php HTTP/1.1" 200 5203 "-" "Mozilla/5.0 (X11; Ubuntu; Linux x86_64; rv:62.0) Gecko/20100101 Firefox/62.0" 
167.172.127.89 - - [28/Feb/2020:17:12:19 -0800] "POST /xmlrpc.php HTTP/1.1" 200 3695 "-" "Mozilla/5.0 (X11; Ubuntu; Linux x86_64; rv:62.0) Gecko/20100101 Firefox/62.0" 
40.77.167.87 - - [28/Feb/2020:17:14:06 -0800] "GET /author/jeremy/feed/ HTTP/1.1" 200 17760 "-" "msnbot/2.0b (+http://search.msn.com/msnbot.htm)" 
5.188.84.45 - - [28/Feb/2020:17:15:12 -0800] "GET /2013/pasta-madre-day-2013/ HTTP/1.0" 200 32926 "https://www.fornacalia.com/2013/pasta-madre-day-2013/#comment-1801/" "Mozilla/5.0 (Windows NT 10.0; Win64; x64) AppleWebKit/537.36 (KHTML, like Gecko) Chrome/67.0.3396.79 Safari/537.36" 
5.188.84.45 - - [28/Feb/2020:17:15:13 -0800] "POST /wp-comments-post.php HTTP/1.0" 302 4061 "https://www.fornacalia.com/2013/pasta-madre-day-2013/#comment-1801/" "Mozilla/5.0 (Windows NT 10.0; Win64; x64) AppleWebKit/537.36 (KHTML, like Gecko) Chrome/67.0.3396.79 Safari/537.36" 
134.209.58.45 - - [28/Feb/2020:17:17:32 -0800] "GET /wp-login.php HTTP/1.1" 200 4828 "-" "Mozilla/5.0 (X11; Ubuntu; Linux x86_64; rv:62.0) Gecko/20100101 Firefox/62.0" 
134.209.58.45 - - [28/Feb/2020:17:17:32 -0800] "POST /wp-login.php HTTP/1.1" 200 5203 "-" "Mozilla/5.0 (X11; Ubuntu; Linux x86_64; rv:62.0) Gecko/20100101 Firefox/62.0" 
134.209.58.45 - - [28/Feb/2020:17:17:32 -0800] "POST /xmlrpc.php HTTP/1.1" 200 3695 "-" "Mozilla/5.0 (X11; Ubuntu; Linux x86_64; rv:62.0) Gecko/20100101 Firefox/62.0" 
5.188.84.15 - - [28/Feb/2020:17:18:14 -0800] "GET /2013/pasta-madre-day-2013/ HTTP/1.0" 200 32926 "https://www.fornacalia.com/2013/pasta-madre-day-2013/#comment-1801/" "Mozilla/5.0 (Windows NT 10.0; Win64; x64) AppleWebKit/537.36 (KHTML, like Gecko) Chrome/64.0.3282.140 Safari/537.36 Edge/17.17134" 
5.188.84.15 - - [28/Feb/2020:17:18:15 -0800] "POST /wp-comments-post.php HTTP/1.0" 302 4061 "https://www.fornacalia.com/2013/pasta-madre-day-2013/#comment-1801/" "Mozilla/5.0 (Windows NT 10.0; Win64; x64) AppleWebKit/537.36 (KHTML, like Gecko) Chrome/64.0.3282.140 Safari/537.36 Edge/17.17134" 
46.229.168.150 - - [28/Feb/2020:17:20:21 -0800] "GET /robots.txt HTTP/1.1" 200 4253 "-" "Mozilla/5.0 (compatible; SemrushBot/6~bl; +http://www.semrush.com/bot.html)" 
46.229.168.154 - - [28/Feb/2020:17:20:21 -0800] "GET /author/jeremy/page/9/ HTTP/1.1" 200 17690 "-" "Mozilla/5.0 (compatible; SemrushBot/6~bl; +http://www.semrush.com/bot.html)" 
192.227.158.62 - - [28/Feb/2020:17:22:34 -0800] "GET /wp-login.php HTTP/1.1" 200 4828 "-" "Mozilla/5.0 (X11; Ubuntu; Linux x86_64; rv:62.0) Gecko/20100101 Firefox/62.0" 
192.227.158.62 - - [28/Feb/2020:17:22:35 -0800] "POST /wp-login.php HTTP/1.1" 200 5203 "-" "Mozilla/5.0 (X11; Ubuntu; Linux x86_64; rv:62.0) Gecko/20100101 Firefox/62.0" 
192.227.158.62 - - [28/Feb/2020:17:22:35 -0800] "POST /xmlrpc.php HTTP/1.1" 200 3695 "-" "Mozilla/5.0 (X11; Ubuntu; Linux x86_64; rv:62.0) Gecko/20100101 Firefox/62.0" 
5.188.84.45 - - [28/Feb/2020:17:24:31 -0800] "GET /2013/pasta-madre-day-2013/ HTTP/1.0" 200 32926 "https://www.fornacalia.com/2013/pasta-madre-day-2013/#comment-1801/" "Mozilla/5.0 (Windows NT 6.1; Win64; x64) AppleWebKit/537.36 (KHTML, like Gecko) Chrome/68.0.3440.106 Safari/537.36 OPR/55.0.2994.44" 
5.188.84.45 - - [28/Feb/2020:17:24:32 -0800] "POST /wp-comments-post.php HTTP/1.0" 302 4061 "https://www.fornacalia.com/2013/pasta-madre-day-2013/#comment-1801/" "Mozilla/5.0 (Windows NT 6.1; Win64; x64) AppleWebKit/537.36 (KHTML, like Gecko) Chrome/68.0.3440.106 Safari/537.36 OPR/55.0.2994.44" 
149.129.104.140 - - [28/Feb/2020:17:25:25 -0800] "GET /wp-login.php HTTP/1.1" 200 4809 "-" "Mozilla/5.0 (Windows NT 6.1) AppleWebKit/537.36 (KHTML, like Gecko) Chrome/63.0.3239.84 Safari/537.36" 
149.129.104.140 - - [28/Feb/2020:17:25:25 -0800] "POST /wp-login.php HTTP/1.1" 200 2128 "-" "Mozilla/5.0 (Windows NT 6.1) AppleWebKit/537.36 (KHTML, like Gecko) Chrome/63.0.3239.84 Safari/537.36" 
209.124.88.26 - - [28/Feb/2020:17:27:29 -0800] "GET /wp-login.php HTTP/1.1" 200 4828 "-" "Mozilla/5.0 (X11; Ubuntu; Linux x86_64; rv:62.0) Gecko/20100101 Firefox/62.0" 
209.124.88.26 - - [28/Feb/2020:17:27:29 -0800] "POST /wp-login.php HTTP/1.1" 200 5203 "-" "Mozilla/5.0 (X11; Ubuntu; Linux x86_64; rv:62.0) Gecko/20100101 Firefox/62.0" 
209.124.88.26 - - [28/Feb/2020:17:27:29 -0800] "POST /xmlrpc.php HTTP/1.1" 200 3695 "-" "Mozilla/5.0 (X11; Ubuntu; Linux x86_64; rv:62.0) Gecko/20100101 Firefox/62.0" 
41.226.28.41 - - [28/Feb/2020:17:29:06 -0800] "GET /wp-login.php HTTP/1.1" 200 4828 "-" "Mozilla/5.0 (X11; Ubuntu; Linux x86_64; rv:62.0) Gecko/20100101 Firefox/62.0" 
41.226.28.41 - - [28/Feb/2020:17:29:07 -0800] "POST /wp-login.php HTTP/1.1" 200 5221 "-" "Mozilla/5.0 (X11; Ubuntu; Linux x86_64; rv:62.0) Gecko/20100101 Firefox/62.0" 
41.226.28.41 - - [28/Feb/2020:17:29:07 -0800] "GET /wp-login.php HTTP/1.1" 200 4828 "-" "Mozilla/5.0 (X11; Ubuntu; Linux x86_64; rv:62.0) Gecko/20100101 Firefox/62.0" 
41.226.28.41 - - [28/Feb/2020:17:29:08 -0800] "POST /wp-login.php HTTP/1.1" 200 5199 "-" "Mozilla/5.0 (X11; Ubuntu; Linux x86_64; rv:62.0) Gecko/20100101 Firefox/62.0" 
41.226.28.41 - - [28/Feb/2020:17:29:08 -0800] "POST /xmlrpc.php HTTP/1.1" 200 3695 "-" "Mozilla/5.0 (X11; Ubuntu; Linux x86_64; rv:62.0) Gecko/20100101 Firefox/62.0" 
173.249.45.241 - - [28/Feb/2020:17:31:53 -0800] "GET /wp-login.php HTTP/1.1" 200 4828 "-" "Mozilla/5.0 (X11; Ubuntu; Linux x86_64; rv:62.0) Gecko/20100101 Firefox/62.0" 
173.249.45.241 - - [28/Feb/2020:17:31:54 -0800] "POST /wp-login.php HTTP/1.1" 200 5203 "-" "Mozilla/5.0 (X11; Ubuntu; Linux x86_64; rv:62.0) Gecko/20100101 Firefox/62.0" 
173.249.45.241 - - [28/Feb/2020:17:31:54 -0800] "POST /xmlrpc.php HTTP/1.1" 200 3695 "-" "Mozilla/5.0 (X11; Ubuntu; Linux x86_64; rv:62.0) Gecko/20100101 Firefox/62.0" 
66.249.70.13 - - [28/Feb/2020:17:32:01 -0800] "GET /wp-content/themes/zenpress/js/navigation.js?ver=1.0.0 HTTP/1.1" 404 9992 "https://www.fornacalia.com/2015/linseed-crackers-snatched-from-the-jaws-of-defeat/" "Mozilla/5.0 AppleWebKit/537.36 (KHTML, like Gecko; compatible; Googlebot/2.1; +http://www.google.com/bot.html) Chrome/80.0.3987.92 Safari/537.36" 
66.249.70.15 - - [28/Feb/2020:17:32:02 -0800] "GET /wp-content/themes/zenpress/js/skip-link-focus-fix.js?ver=1.0.0 HTTP/1.1" 404 9992 "https://www.fornacalia.com/2015/linseed-crackers-snatched-from-the-jaws-of-defeat/" "Mozilla/5.0 AppleWebKit/537.36 (KHTML, like Gecko; compatible; Googlebot/2.1; +http://www.google.com/bot.html) Chrome/80.0.3987.92 Safari/537.36" 
66.249.70.13 - - [28/Feb/2020:17:32:02 -0800] "GET /wp-content/themes/zenpress/style.css?ver=4.9.4 HTTP/1.1" 404 9992 "https://www.fornacalia.com/2015/linseed-crackers-snatched-from-the-jaws-of-defeat/" "Mozilla/5.0 AppleWebKit/537.36 (KHTML, like Gecko; compatible; Googlebot/2.1; +http://www.google.com/bot.html) Chrome/80.0.3987.92 Safari/537.36" 
66.249.70.15 - - [28/Feb/2020:17:32:03 -0800] "GET /wp-content/themes/ZenPress-child/css/print.css?ver=1.0.0 HTTP/1.1" 404 6722 "https://www.fornacalia.com/2015/linseed-crackers-snatched-from-the-jaws-of-defeat/" "Mozilla/5.0 AppleWebKit/537.36 (KHTML, like Gecko; compatible; Googlebot/2.1; +http://www.google.com/bot.html) Chrome/80.0.3987.92 Safari/537.36" 
66.249.70.13 - - [28/Feb/2020:17:32:03 -0800] "GET /wp-content/themes/ZenPress-child/style.css?ver=2.0.8 HTTP/1.1" 404 6722 "https://www.fornacalia.com/2015/linseed-crackers-snatched-from-the-jaws-of-defeat/" "Mozilla/5.0 AppleWebKit/537.36 (KHTML, like Gecko; compatible; Googlebot/2.1; +http://www.google.com/bot.html) Chrome/80.0.3987.92 Safari/537.36" 
66.249.70.15 - - [28/Feb/2020:17:32:03 -0800] "GET /wp-content/themes/ZenPress-child/css/narrow-width.css?ver=1.0.0 HTTP/1.1" 404 6722 "https://www.fornacalia.com/2015/linseed-crackers-snatched-from-the-jaws-of-defeat/" "Mozilla/5.0 AppleWebKit/537.36 (KHTML, like Gecko; compatible; Googlebot/2.1; +http://www.google.com/bot.html) Chrome/80.0.3987.92 Safari/537.36" 
66.249.70.17 - - [28/Feb/2020:17:32:04 -0800] "GET /wp-includes/js/comment-reply.min.js?ver=4.9.4 HTTP/1.1" 200 4891 "https://www.fornacalia.com/2015/linseed-crackers-snatched-from-the-jaws-of-defeat/" "Mozilla/5.0 AppleWebKit/537.36 (KHTML, like Gecko; compatible; Googlebot/2.1; +http://www.google.com/bot.html) Chrome/80.0.3987.92 Safari/537.36" 
66.249.70.15 - - [28/Feb/2020:17:32:04 -0800] "GET /wp-content/themes/ZenPress-child/css/default-width.css?ver=1.0.0 HTTP/1.1" 404 6722 "https://www.fornacalia.com/2015/linseed-crackers-snatched-from-the-jaws-of-defeat/" "Mozilla/5.0 AppleWebKit/537.36 (KHTML, like Gecko; compatible; Googlebot/2.1; +http://www.google.com/bot.html) Chrome/80.0.3987.92 Safari/537.36" 
173.249.45.241 - - [28/Feb/2020:17:42:17 -0800] "GET /wp-login.php HTTP/1.1" 200 4828 "-" "Mozilla/5.0 (X11; Ubuntu; Linux x86_64; rv:62.0) Gecko/20100101 Firefox/62.0" 
64.111.100.215 - - [28/Feb/2020:17:42:18 -0800] "POST /wp-cron.php?doing_wp_cron=1582940538.5007019042968750000000 HTTP/1.1" 200 3492 "https://www.fornacalia.com/wp-cron.php?doing_wp_cron=1582940538.5007019042968750000000" "WordPress/5.2.5; https://www.fornacalia.com" 
173.249.45.241 - - [28/Feb/2020:17:42:19 -0800] "POST /wp-login.php HTTP/1.1" 200 5203 "-" "Mozilla/5.0 (X11; Ubuntu; Linux x86_64; rv:62.0) Gecko/20100101 Firefox/62.0" 
173.249.45.241 - - [28/Feb/2020:17:42:20 -0800] "POST /xmlrpc.php HTTP/1.1" 200 3695 "-" "Mozilla/5.0 (X11; Ubuntu; Linux x86_64; rv:62.0) Gecko/20100101 Firefox/62.0" 
128.199.255.81 - - [28/Feb/2020:17:51:46 -0800] "GET /wp-login.php HTTP/1.1" 200 4828 "-" "Mozilla/5.0 (X11; Ubuntu; Linux x86_64; rv:62.0) Gecko/20100101 Firefox/62.0" 
128.199.255.81 - - [28/Feb/2020:17:51:47 -0800] "POST /wp-login.php HTTP/1.1" 200 5221 "-" "Mozilla/5.0 (X11; Ubuntu; Linux x86_64; rv:62.0) Gecko/20100101 Firefox/62.0" 
128.199.255.81 - - [28/Feb/2020:17:51:48 -0800] "GET /wp-login.php HTTP/1.1" 200 4828 "-" "Mozilla/5.0 (X11; Ubuntu; Linux x86_64; rv:62.0) Gecko/20100101 Firefox/62.0" 
128.199.255.81 - - [28/Feb/2020:17:51:49 -0800] "POST /wp-login.php HTTP/1.1" 200 5199 "-" "Mozilla/5.0 (X11; Ubuntu; Linux x86_64; rv:62.0) Gecko/20100101 Firefox/62.0" 
128.199.255.81 - - [28/Feb/2020:17:51:55 -0800] "POST /xmlrpc.php HTTP/1.1" 200 3695 "-" "Mozilla/5.0 (X11; Ubuntu; Linux x86_64; rv:62.0) Gecko/20100101 Firefox/62.0" 
114.119.134.206 - - [28/Feb/2020:17:53:11 -0800] "GET /2016/a-very-good-carrot-cake HTTP/1.1" 301 4049 "-" "Mozilla/5.0(Linux;U;Android 5.1.1;zh-CN;OPPO A33 Build/LMY47V) AppleWebKit/537.36(KHTML,like Gecko) Version/4.0 Chrome/40.0.2214.89 Mobile Safari/537.36" 
114.119.134.206 - - [28/Feb/2020:17:53:12 -0800] "GET /2016/a-very-good-carrot-cake/ HTTP/1.1" 200 12294 "-" "Mozilla/5.0(Linux;U;Android 5.1.1;zh-CN;OPPO A33 Build/LMY47V) AppleWebKit/537.36(KHTML,like Gecko) Version/4.0 Chrome/40.0.2214.89 Mobile Safari/537.36" 
192.81.210.176 - - [28/Feb/2020:17:57:20 -0800] "GET /wp-login.php HTTP/1.1" 200 4828 "-" "Mozilla/5.0 (X11; Ubuntu; Linux x86_64; rv:62.0) Gecko/20100101 Firefox/62.0" 
192.81.210.176 - - [28/Feb/2020:17:57:20 -0800] "POST /wp-login.php HTTP/1.1" 200 5203 "-" "Mozilla/5.0 (X11; Ubuntu; Linux x86_64; rv:62.0) Gecko/20100101 Firefox/62.0" 
192.81.210.176 - - [28/Feb/2020:17:57:20 -0800] "POST /xmlrpc.php HTTP/1.1" 200 3695 "-" "Mozilla/5.0 (X11; Ubuntu; Linux x86_64; rv:62.0) Gecko/20100101 Firefox/62.0" 
104.236.86.160 - - [28/Feb/2020:18:02:48 -0800] "GET /wp-login.php HTTP/1.1" 200 4828 "-" "Mozilla/5.0 (X11; Ubuntu; Linux x86_64; rv:62.0) Gecko/20100101 Firefox/62.0" 
104.236.86.160 - - [28/Feb/2020:18:02:54 -0800] "POST /wp-login.php HTTP/1.1" 200 5203 "-" "Mozilla/5.0 (X11; Ubuntu; Linux x86_64; rv:62.0) Gecko/20100101 Firefox/62.0" 
104.236.86.160 - - [28/Feb/2020:18:02:54 -0800] "POST /xmlrpc.php HTTP/1.1" 200 3695 "-" "Mozilla/5.0 (X11; Ubuntu; Linux x86_64; rv:62.0) Gecko/20100101 Firefox/62.0" 
188.19.144.186 - - [28/Feb/2020:18:08:20 -0800] "GET /2013/pasta-madre-day-2013/ HTTP/1.0" 200 32926 "https://www.fornacalia.com/2013/pasta-madre-day-2013/#comment-21548/" "Mozilla/5.0 (Windows NT 6.1; Win64; x64) AppleWebKit/537.36 (KHTML, like Gecko) Chrome/67.0.3396.87 Safari/537.36 OPR/54.0.2952.54" 
188.19.144.186 - - [28/Feb/2020:18:08:20 -0800] "GET /2013/pasta-madre-day-2013/ HTTP/1.0" 200 32926 "https://www.fornacalia.com/2013/pasta-madre-day-2013/#comment-21548/" "Mozilla/5.0 (Windows NT 5.1) AppleWebKit/537.36 (KHTML, like Gecko) Chrome/49.0.2623.112 Safari/537.36" 
188.19.144.186 - - [28/Feb/2020:18:08:22 -0800] "POST /wp-comments-post.php HTTP/1.0" 302 4061 "https://www.fornacalia.com/2013/pasta-madre-day-2013/#comment-21548/" "Mozilla/5.0 (Windows NT 5.1) AppleWebKit/537.36 (KHTML, like Gecko) Chrome/49.0.2623.112 Safari/537.36" 
188.19.144.186 - - [28/Feb/2020:18:08:22 -0800] "POST /wp-comments-post.php HTTP/1.0" 429 6452 "https://www.fornacalia.com/2013/pasta-madre-day-2013/#comment-21548/" "Mozilla/5.0 (Windows NT 6.1; Win64; x64) AppleWebKit/537.36 (KHTML, like Gecko) Chrome/67.0.3396.87 Safari/537.36 OPR/54.0.2952.54" 
188.19.144.186 - - [28/Feb/2020:18:08:23 -0800] "GET /2013/pasta-madre-day-2013/ HTTP/1.0" 200 32926 "https://www.fornacalia.com/2013/pasta-madre-day-2013/#comment-27037" "Mozilla/5.0 (Windows NT 5.1) AppleWebKit/537.36 (KHTML, like Gecko) Chrome/49.0.2623.112 Safari/537.36" 
66.249.64.205 - - [28/Feb/2020:18:09:58 -0800] "GET /robots.txt HTTP/1.1" 301 3962 "-" "Mozilla/5.0 (compatible; Googlebot/2.1; +http://www.google.com/bot.html)" 
66.249.70.13 - - [28/Feb/2020:18:10:00 -0800] "GET /robots.txt HTTP/1.1" 200 4290 "-" "Mozilla/5.0 (compatible; Googlebot/2.1; +http://www.google.com/bot.html)" 
66.249.70.17 - - [28/Feb/2020:18:10:00 -0800] "GET /ads.txt HTTP/1.1" 404 9992 "-" "Mozilla/5.0 (compatible; Googlebot/2.1; +http://www.google.com/bot.html)" 
66.249.64.203 - - [28/Feb/2020:18:10:00 -0800] "GET /ads.txt HTTP/1.1" 301 3956 "-" "Mozilla/5.0 (compatible; Googlebot/2.1; +http://www.google.com/bot.html)" 
45.64.1.90 - - [28/Feb/2020:18:14:36 -0800] "GET /wp-login.php HTTP/1.1" 200 4828 "-" "Mozilla/5.0 (X11; Ubuntu; Linux x86_64; rv:62.0) Gecko/20100101 Firefox/62.0" 
45.64.1.90 - - [28/Feb/2020:18:14:37 -0800] "POST /wp-login.php HTTP/1.1" 200 5221 "-" "Mozilla/5.0 (X11; Ubuntu; Linux x86_64; rv:62.0) Gecko/20100101 Firefox/62.0" 
45.64.1.90 - - [28/Feb/2020:18:14:38 -0800] "GET /wp-login.php HTTP/1.1" 200 4828 "-" "Mozilla/5.0 (X11; Ubuntu; Linux x86_64; rv:62.0) Gecko/20100101 Firefox/62.0" 
45.64.1.90 - - [28/Feb/2020:18:14:40 -0800] "POST /wp-login.php HTTP/1.1" 200 5199 "-" "Mozilla/5.0 (X11; Ubuntu; Linux x86_64; rv:62.0) Gecko/20100101 Firefox/62.0" 
45.64.1.90 - - [28/Feb/2020:18:14:41 -0800] "POST /xmlrpc.php HTTP/1.1" 200 3695 "-" "Mozilla/5.0 (X11; Ubuntu; Linux x86_64; rv:62.0) Gecko/20100101 Firefox/62.0" 
157.55.39.50 - - [28/Feb/2020:18:15:30 -0800] "GET /wp-content/uploads/2016/10/wholewheat-01.png HTTP/1.1" 200 607764 "-" "Mozilla/5.0 (compatible; bingbot/2.0; +http://www.bing.com/bingbot.htm)" 
157.55.39.177 - - [28/Feb/2020:18:17:17 -0800] "GET /category/recipes/feed/ HTTP/1.1" 200 25424 "-" "msnbot/2.0b (+http://search.msn.com/msnbot.htm)" 
46.229.168.144 - - [28/Feb/2020:18:23:03 -0800] "GET /robots.txt HTTP/1.1" 200 4253 "-" "Mozilla/5.0 (compatible; SemrushBot/6~bl; +http://www.semrush.com/bot.html)" 
46.229.168.135 - - [28/Feb/2020:18:23:04 -0800] "GET /page/8/ HTTP/1.1" 200 13712 "-" "Mozilla/5.0 (compatible; SemrushBot/6~bl; +http://www.semrush.com/bot.html)" 
142.93.119.123 - - [28/Feb/2020:18:23:55 -0800] "GET /wp-login.php HTTP/1.1" 200 4809 "-" "Mozilla/5.0 (Windows NT 6.1) AppleWebKit/537.36 (KHTML, like Gecko) Chrome/63.0.3239.84 Safari/537.36" 
142.93.119.123 - - [28/Feb/2020:18:23:55 -0800] "POST /wp-login.php HTTP/1.1" 200 2128 "-" "Mozilla/5.0 (Windows NT 6.1) AppleWebKit/537.36 (KHTML, like Gecko) Chrome/63.0.3239.84 Safari/537.36" 
109.228.47.76 - - [28/Feb/2020:18:27:08 -0800] "GET /wp-login.php HTTP/1.1" 200 4828 "-" "Mozilla/5.0 (X11; Ubuntu; Linux x86_64; rv:62.0) Gecko/20100101 Firefox/62.0" 
109.228.47.76 - - [28/Feb/2020:18:27:08 -0800] "POST /wp-login.php HTTP/1.1" 200 5203 "-" "Mozilla/5.0 (X11; Ubuntu; Linux x86_64; rv:62.0) Gecko/20100101 Firefox/62.0" 
109.228.47.76 - - [28/Feb/2020:18:27:09 -0800] "POST /xmlrpc.php HTTP/1.1" 200 3695 "-" "Mozilla/5.0 (X11; Ubuntu; Linux x86_64; rv:62.0) Gecko/20100101 Firefox/62.0" 
134.209.147.54 - - [28/Feb/2020:18:32:18 -0800] "GET /wp-login.php HTTP/1.1" 200 4828 "-" "Mozilla/5.0 (X11; Ubuntu; Linux x86_64; rv:62.0) Gecko/20100101 Firefox/62.0" 
134.209.147.54 - - [28/Feb/2020:18:32:22 -0800] "POST /wp-login.php HTTP/1.1" 200 5203 "-" "Mozilla/5.0 (X11; Ubuntu; Linux x86_64; rv:62.0) Gecko/20100101 Firefox/62.0" 
134.209.147.54 - - [28/Feb/2020:18:32:23 -0800] "POST /xmlrpc.php HTTP/1.1" 200 3695 "-" "Mozilla/5.0 (X11; Ubuntu; Linux x86_64; rv:62.0) Gecko/20100101 Firefox/62.0" 
114.119.134.12 - - [28/Feb/2020:18:33:03 -0800] "GET /category/crumbs HTTP/1.1" 301 4036 "-" "Mozilla/5.0 (iPad; CPU OS 7_0 like Mac OS X) AppleWebKit/537.51.1 (KHTML, like Gecko) Version/7.0 Mobile/11A465 Safari/9537.53" 
114.119.134.12 - - [28/Feb/2020:18:33:05 -0800] "GET /category/crumbs/ HTTP/1.1" 200 16176 "-" "Mozilla/5.0 (iPad; CPU OS 7_0 like Mac OS X) AppleWebKit/537.51.1 (KHTML, like Gecko) Version/7.0 Mobile/11A465 Safari/9537.53" 
157.245.13.204 - - [28/Feb/2020:18:35:29 -0800] "GET /wp-login.php HTTP/1.1" 200 4828 "-" "Mozilla/5.0 (X11; Ubuntu; Linux x86_64; rv:62.0) Gecko/20100101 Firefox/62.0" 
157.245.13.204 - - [28/Feb/2020:18:35:29 -0800] "POST /wp-login.php HTTP/1.1" 200 5221 "-" "Mozilla/5.0 (X11; Ubuntu; Linux x86_64; rv:62.0) Gecko/20100101 Firefox/62.0" 
157.245.13.204 - - [28/Feb/2020:18:35:29 -0800] "GET /wp-login.php HTTP/1.1" 200 4828 "-" "Mozilla/5.0 (X11; Ubuntu; Linux x86_64; rv:62.0) Gecko/20100101 Firefox/62.0" 
157.245.13.204 - - [28/Feb/2020:18:35:30 -0800] "POST /wp-login.php HTTP/1.1" 200 5199 "-" "Mozilla/5.0 (X11; Ubuntu; Linux x86_64; rv:62.0) Gecko/20100101 Firefox/62.0" 
157.245.13.204 - - [28/Feb/2020:18:35:30 -0800] "POST /xmlrpc.php HTTP/1.1" 200 3695 "-" "Mozilla/5.0 (X11; Ubuntu; Linux x86_64; rv:62.0) Gecko/20100101 Firefox/62.0" 
139.59.28.60 - - [28/Feb/2020:18:41:46 -0800] "GET /wp-login.php HTTP/1.1" 200 4828 "-" "Mozilla/5.0 (X11; Ubuntu; Linux x86_64; rv:62.0) Gecko/20100101 Firefox/62.0" 
139.59.28.60 - - [28/Feb/2020:18:41:48 -0800] "POST /wp-login.php HTTP/1.1" 200 5203 "-" "Mozilla/5.0 (X11; Ubuntu; Linux x86_64; rv:62.0) Gecko/20100101 Firefox/62.0" 
64.111.100.215 - - [28/Feb/2020:18:41:48 -0800] "POST /wp-cron.php?doing_wp_cron=1582944108.1112649440765380859375 HTTP/1.1" 200 3492 "https://www.fornacalia.com/wp-cron.php?doing_wp_cron=1582944108.1112649440765380859375" "WordPress/5.2.5; https://www.fornacalia.com" 
139.59.28.60 - - [28/Feb/2020:18:41:50 -0800] "POST /xmlrpc.php HTTP/1.1" 200 3695 "-" "Mozilla/5.0 (X11; Ubuntu; Linux x86_64; rv:62.0) Gecko/20100101 Firefox/62.0" 
40.77.167.203 - - [28/Feb/2020:18:44:55 -0800] "GET /category/gleanings/ HTTP/1.1" 200 13289 "-" "Mozilla/5.0 (compatible; bingbot/2.0; +http://www.bing.com/bingbot.htm)" 
195.154.87.159 - - [28/Feb/2020:18:46:37 -0800] "GET /wp-login.php HTTP/1.1" 200 4828 "-" "Mozilla/5.0 (X11; Ubuntu; Linux x86_64; rv:62.0) Gecko/20100101 Firefox/62.0" 
195.154.87.159 - - [28/Feb/2020:18:46:38 -0800] "POST /wp-login.php HTTP/1.1" 200 5203 "-" "Mozilla/5.0 (X11; Ubuntu; Linux x86_64; rv:62.0) Gecko/20100101 Firefox/62.0" 
195.154.87.159 - - [28/Feb/2020:18:46:38 -0800] "POST /xmlrpc.php HTTP/1.1" 200 3695 "-" "Mozilla/5.0 (X11; Ubuntu; Linux x86_64; rv:62.0) Gecko/20100101 Firefox/62.0" 
114.119.147.156 - - [28/Feb/2020:18:47:31 -0800] "GET /2019/sourdough-u-one-day-course-17-november-2019 HTTP/1.1" 301 4120 "-" "Mozilla/5.0(Linux;U;Android 5.1.1;zh-CN;OPPO A33 Build/LMY47V) AppleWebKit/537.36(KHTML,like Gecko) Version/4.0 Chrome/40.0.2214.89 Mobile Safari/537.36" 
114.119.147.156 - - [28/Feb/2020:18:47:32 -0800] "GET /2019/sourdough-u-one-day-course-17-november-2019/ HTTP/1.1" 200 12518 "-" "Mozilla/5.0(Linux;U;Android 5.1.1;zh-CN;OPPO A33 Build/LMY47V) AppleWebKit/537.36(KHTML,like Gecko) Version/4.0 Chrome/40.0.2214.89 Mobile Safari/537.36" 
40.77.167.87 - - [28/Feb/2020:18:48:18 -0800] "GET /category/gleanings/ HTTP/1.1" 200 13289 "-" "msnbot/2.0b (+http://search.msn.com/msnbot.htm)" 
157.55.39.50 - - [28/Feb/2020:18:48:53 -0800] "GET /2016/baking-that-dark-sour-bread/feed/ HTTP/1.1" 200 4910 "-" "msnbot/2.0b (+http://search.msn.com/msnbot.htm)" 
198.20.127.216 - - [28/Feb/2020:18:51:37 -0800] "GET /wp-login.php HTTP/1.1" 200 4828 "-" "Mozilla/5.0 (X11; Ubuntu; Linux x86_64; rv:62.0) Gecko/20100101 Firefox/62.0" 
198.20.127.216 - - [28/Feb/2020:18:51:38 -0800] "POST /wp-login.php HTTP/1.1" 200 5203 "-" "Mozilla/5.0 (X11; Ubuntu; Linux x86_64; rv:62.0) Gecko/20100101 Firefox/62.0" 
198.20.127.216 - - [28/Feb/2020:18:51:38 -0800] "POST /xmlrpc.php HTTP/1.1" 200 3695 "-" "Mozilla/5.0 (X11; Ubuntu; Linux x86_64; rv:62.0) Gecko/20100101 Firefox/62.0" 
217.107.219.12 - - [28/Feb/2020:18:53:40 -0800] "GET /wp-login.php HTTP/1.1" 200 4828 "-" "Mozilla/5.0 (X11; Ubuntu; Linux x86_64; rv:62.0) Gecko/20100101 Firefox/62.0" 
217.107.219.12 - - [28/Feb/2020:18:53:40 -0800] "POST /wp-login.php HTTP/1.1" 200 5221 "-" "Mozilla/5.0 (X11; Ubuntu; Linux x86_64; rv:62.0) Gecko/20100101 Firefox/62.0" 
217.107.219.12 - - [28/Feb/2020:18:53:41 -0800] "GET /wp-login.php HTTP/1.1" 200 4828 "-" "Mozilla/5.0 (X11; Ubuntu; Linux x86_64; rv:62.0) Gecko/20100101 Firefox/62.0" 
217.107.219.12 - - [28/Feb/2020:18:53:42 -0800] "POST /wp-login.php HTTP/1.1" 200 5199 "-" "Mozilla/5.0 (X11; Ubuntu; Linux x86_64; rv:62.0) Gecko/20100101 Firefox/62.0" 
217.107.219.12 - - [28/Feb/2020:18:53:42 -0800] "POST /xmlrpc.php HTTP/1.1" 200 3695 "-" "Mozilla/5.0 (X11; Ubuntu; Linux x86_64; rv:62.0) Gecko/20100101 Firefox/62.0" 
