209.61.195.40 - - [08/Nov/2019:01:35:21 -0800] "GET /stream HTTP/1.1" 301 4111 "https://indieweb.org/listen" "Mozilla/5.0 (Windows NT 6.2; WOW64; Trident/7.0; rv:11.0) like Gecko" 
162.158.69.157 - - [08/Nov/2019:02:23:22 -0800] "HEAD / HTTP/1.1" 301 3538 "-" "Mozilla/5.0 (compatible; CloudFlare-AlwaysOnline/1.0;+http://www.cloudflare.com/always-online)" 
216.244.66.237 - - [08/Nov/2019:02:39:28 -0800] "GET /wp/Archive/2007/10/16/dickie-the-turd/ HTTP/1.1" 301 3656 "-" "Mozilla/5.0 (compatible; DotBot/1.1; http://www.opensiteexplorer.org/dotbot, help@moz.com)" 
216.244.66.237 - - [08/Nov/2019:02:39:30 -0800] "GET /wp/archives/2005/11/22/san-luis-blues/ HTTP/1.1" 301 3656 "-" "Mozilla/5.0 (compatible; DotBot/1.1; http://www.opensiteexplorer.org/dotbot, help@moz.com)" 
216.244.66.237 - - [08/Nov/2019:03:24:44 -0800] "GET /wp/Archive/2006/10/17/food-news-15/ HTTP/1.1" 301 3650 "-" "Mozilla/5.0 (compatible; DotBot/1.1; http://www.opensiteexplorer.org/dotbot, help@moz.com)" 
93.48.241.48 - - [08/Nov/2019:03:51:03 -0800] "GET /stream HTTP/1.1" 301 3864 "-" "Mozilla/5.0 (Macintosh; Intel Mac OS X 10.13; rv:70.0) Gecko/20100101 Firefox/70.0" 
93.48.241.48 - - [08/Nov/2019:03:55:31 -0800] "GET / HTTP/1.1" 301 684 "-" "Mozilla/5.0 (Macintosh; Intel Mac OS X 10.13; rv:70.0) Gecko/20100101 Firefox/70.0" 
216.244.66.237 - - [08/Nov/2019:04:11:35 -0800] "GET /wp/Archive/2004/08/24/changing-horses/ HTTP/1.1" 301 3656 "-" "Mozilla/5.0 (compatible; DotBot/1.1; http://www.opensiteexplorer.org/dotbot, help@moz.com)" 
66.249.66.198 - - [08/Nov/2019:04:21:53 -0800] "GET /robots.txt HTTP/1.1" 301 3846 "-" "Mozilla/5.0 (compatible; Googlebot/2.1; +http://www.google.com/bot.html)" 
66.249.66.193 - - [08/Nov/2019:04:21:54 -0800] "GET /ads.txt HTTP/1.1" 301 3866 "-" "Mozilla/5.0 (compatible; Googlebot/2.1; +http://www.google.com/bot.html)" 
216.244.66.237 - - [08/Nov/2019:04:57:13 -0800] "GET /wp/Archive/2007/06/28/recursive-spam/feed/ HTTP/1.1" 301 3664 "-" "Mozilla/5.0 (compatible; DotBot/1.1; http://www.opensiteexplorer.org/dotbot, help@moz.com)" 
216.244.66.237 - - [08/Nov/2019:05:41:21 -0800] "GET /wp/Archive/2007/03/21/eat-animals-because-you-love-them/ HTTP/1.1" 301 3692 "-" "Mozilla/5.0 (compatible; DotBot/1.1; http://www.opensiteexplorer.org/dotbot, help@moz.com)" 
216.244.66.237 - - [08/Nov/2019:05:41:22 -0800] "GET /wp/Archive/2012/08/16/chronicle-of-a-death-foretold-mine/ HTTP/1.1" 301 3694 "-" "Mozilla/5.0 (compatible; DotBot/1.1; http://www.opensiteexplorer.org/dotbot, help@moz.com)" 
216.244.66.237 - - [08/Nov/2019:05:41:25 -0800] "GET /wp/archives/2006/02/17/chipper-about-giving-up/ HTTP/1.1" 301 3674 "-" "Mozilla/5.0 (compatible; DotBot/1.1; http://www.opensiteexplorer.org/dotbot, help@moz.com)" 
216.244.66.237 - - [08/Nov/2019:05:42:22 -0800] "GET /wp/Archive/2012/01/05/what-is-farro-an-ancient-italian-grain-sorting-out-the-confusion/feed/ HTTP/1.1" 301 3764 "-" "Mozilla/5.0 (compatible; DotBot/1.1; http://www.opensiteexplorer.org/dotbot, help@moz.com)" 
216.244.66.237 - - [08/Nov/2019:06:09:32 -0800] "GET /wp/Archive/2005/11/14/easyjet-set/ HTTP/1.1" 301 3648 "-" "Mozilla/5.0 (compatible; DotBot/1.1; http://www.opensiteexplorer.org/dotbot, help@moz.com)" 
66.249.66.198 - - [08/Nov/2019:06:49:35 -0800] "GET / HTTP/1.1" 301 3826 "-" "Mozilla/5.0 (Linux; Android 6.0.1; Nexus 5X Build/MMB29P) AppleWebKit/537.36 (KHTML, like Gecko) Chrome/41.0.2272.96 Mobile Safari/537.36 (compatible; Googlebot/2.1; +http://www.google.com/bot.html)" 
216.244.66.237 - - [08/Nov/2019:07:11:16 -0800] "GET /wp/Archive/2004/08/28/tweaking/ HTTP/1.1" 301 3642 "-" "Mozilla/5.0 (compatible; DotBot/1.1; http://www.opensiteexplorer.org/dotbot, help@moz.com)" 
216.244.66.237 - - [08/Nov/2019:07:11:56 -0800] "GET /wp/Archive/2005/08/07/secure-orchard/feed/ HTTP/1.1" 301 3664 "-" "Mozilla/5.0 (compatible; DotBot/1.1; http://www.opensiteexplorer.org/dotbot, help@moz.com)" 
216.244.66.237 - - [08/Nov/2019:07:11:57 -0800] "GET /wp/Archive/2008/08/19/now-thats-what-i-call-saving-seeds/feed/ HTTP/1.1" 301 3730 "-" "Mozilla/5.0 (compatible; DotBot/1.1; http://www.opensiteexplorer.org/dotbot, help@moz.com)" 
68.100.137.176 - - [08/Nov/2019:07:45:03 -0800] "GET / HTTP/1.1" 301 3631 "https://www.fornacalia.com/2019/a-sourdough-workshop-in-rome-on-17-november/" "Mozilla/5.0 (iPad; CPU OS 13_1_3 like Mac OS X) AppleWebKit/605.1.15 (KHTML, like Gecko) Mobile/15E148 [FBAN/FBIOS;FBDV/iPad7,4;FBMD/iPad;FBSN/iOS;FBSV/13.1.3;FBSS/2;FBID/tablet;FBLC/en_US;FBOP/5;FBCR/AT&T]" 
216.244.66.237 - - [08/Nov/2019:07:56:38 -0800] "GET /wp/Archive/2005/08/21/tidy-tidy-tidy/ HTTP/1.1" 301 3654 "-" "Mozilla/5.0 (compatible; DotBot/1.1; http://www.opensiteexplorer.org/dotbot, help@moz.com)" 
216.244.66.237 - - [08/Nov/2019:07:57:15 -0800] "GET /wp/Archive/2009/03/30/i-wouldnt-boast/feed/ HTTP/1.1" 301 3666 "-" "Mozilla/5.0 (compatible; DotBot/1.1; http://www.opensiteexplorer.org/dotbot, help@moz.com)" 
201.43.150.164 - - [08/Nov/2019:08:17:36 -0800] "GET / HTTP/1.1" 301 3826 "https://indieweb.org/2019/Utrecht" "Mozilla/5.0 (Windows NT 6.2; WOW64; Trident/7.0; rv:11.0) like Gecko" 
216.244.66.237 - - [08/Nov/2019:08:42:01 -0800] "GET /wp/Archive/2010/04/13/cities-that-live-on-thin-air/ HTTP/1.1" 301 3682 "-" "Mozilla/5.0 (compatible; DotBot/1.1; http://www.opensiteexplorer.org/dotbot, help@moz.com)" 
216.244.66.237 - - [08/Nov/2019:08:42:04 -0800] "GET /wp/archives/2004/09/19/easter-at-crossways/ HTTP/1.1" 301 3666 "-" "Mozilla/5.0 (compatible; DotBot/1.1; http://www.opensiteexplorer.org/dotbot, help@moz.com)" 
216.244.66.237 - - [08/Nov/2019:08:42:20 -0800] "GET /wp/?p=2034 HTTP/1.1" 301 3600 "-" "Mozilla/5.0 (compatible; DotBot/1.1; http://www.opensiteexplorer.org/dotbot, help@moz.com)" 
54.36.149.67 - - [08/Nov/2019:08:49:35 -0800] "GET /robots.txt HTTP/1.1" 301 3600 "-" "Mozilla/5.0 (compatible; AhrefsBot/6.1; +http://ahrefs.com/robot/)" 
35.239.58.193 - - [08/Nov/2019:09:23:48 -0800] "GET /robots.txt HTTP/1.1" 301 3809 "-" "ltx71 - (http://ltx71.com/)" 
216.244.66.237 - - [08/Nov/2019:09:25:24 -0800] "GET /wp/Archive/2007/02/15/light-shed-on-ancient-heat/ HTTP/1.1" 301 3678 "-" "Mozilla/5.0 (compatible; DotBot/1.1; http://www.opensiteexplorer.org/dotbot, help@moz.com)" 
216.244.66.237 - - [08/Nov/2019:10:15:48 -0800] "GET /wp/Archive/2007/08/12/lord-jim/ HTTP/1.1" 301 3642 "-" "Mozilla/5.0 (compatible; DotBot/1.1; http://www.opensiteexplorer.org/dotbot, help@moz.com)" 
35.239.58.193 - - [08/Nov/2019:10:20:06 -0800] "GET /robots.txt HTTP/1.1" 301 3809 "-" "ltx71 - (http://ltx71.com/)" 
35.239.58.193 - - [08/Nov/2019:10:21:10 -0800] "GET / HTTP/1.1" 301 3789 "-" "ltx71 - (http://ltx71.com/)" 
216.244.66.237 - - [08/Nov/2019:10:59:23 -0800] "GET /wp/Archive/2007/07/19/dont-eat-drive/ HTTP/1.1" 301 3654 "-" "Mozilla/5.0 (compatible; DotBot/1.1; http://www.opensiteexplorer.org/dotbot, help@moz.com)" 
80.130.147.45 - - [08/Nov/2019:11:02:54 -0800] "GET /robots.txt HTTP/1.1" 301 1860 "-" "yacybot (/global; amd64 Windows 10 10.0; java 10.0.2; Europe/de) http://yacy.net/bot.html" 
216.244.66.237 - - [08/Nov/2019:11:45:55 -0800] "GET /wp/Archive/2005/07/06/more-on-that-pizza/ HTTP/1.1" 301 3662 "-" "Mozilla/5.0 (compatible; DotBot/1.1; http://www.opensiteexplorer.org/dotbot, help@moz.com)" 
216.244.66.237 - - [08/Nov/2019:12:25:53 -0800] "GET / HTTP/1.1" 301 3580 "-" "Mozilla/5.0 (compatible; DotBot/1.1; http://www.opensiteexplorer.org/dotbot, help@moz.com)" 
216.244.66.237 - - [08/Nov/2019:12:31:33 -0800] "GET /wp/Archive/2007/07/13/too-weird-for-words/ HTTP/1.1" 301 3664 "-" "Mozilla/5.0 (compatible; DotBot/1.1; http://www.opensiteexplorer.org/dotbot, help@moz.com)" 
216.244.66.237 - - [08/Nov/2019:12:31:37 -0800] "GET /wp/Archive/2012/10/06/map-this/ HTTP/1.1" 301 3642 "-" "Mozilla/5.0 (compatible; DotBot/1.1; http://www.opensiteexplorer.org/dotbot, help@moz.com)" 
46.229.168.129 - - [08/Nov/2019:12:46:24 -0800] "GET /robots.txt HTTP/1.1" 301 3809 "-" "Mozilla/5.0 (compatible; SemrushBot/6~bl; +http://www.semrush.com/bot.html)" 
46.229.168.145 - - [08/Nov/2019:12:46:34 -0800] "GET /blog/my-head-on-a-plate HTTP/1.1" 301 3835 "-" "Mozilla/5.0 (compatible; SemrushBot/6~bl; +http://www.semrush.com/bot.html)" 
216.244.66.237 - - [08/Nov/2019:13:12:08 -0800] "GET /wp/Archive/2009/01/06/mendels-garden-no-27/ HTTP/1.1" 301 3666 "-" "Mozilla/5.0 (compatible; DotBot/1.1; http://www.opensiteexplorer.org/dotbot, help@moz.com)" 
216.244.66.237 - - [08/Nov/2019:14:00:38 -0800] "GET /wp/Archive/2008/10/06/no-nobel-for-gallo/ HTTP/1.1" 301 3662 "-" "Mozilla/5.0 (compatible; DotBot/1.1; http://www.opensiteexplorer.org/dotbot, help@moz.com)" 
216.244.66.237 - - [08/Nov/2019:14:02:35 -0800] "GET /wp/Archive/2008/03/18/dont-defer-it-again-do-it/ HTTP/1.1" 301 3676 "-" "Mozilla/5.0 (compatible; DotBot/1.1; http://www.opensiteexplorer.org/dotbot, help@moz.com)" 
216.244.66.237 - - [08/Nov/2019:14:02:37 -0800] "GET /wp/Archive/2009/01/12/come-in-please-no-13-your-time-is-up/ HTTP/1.1" 301 3698 "-" "Mozilla/5.0 (compatible; DotBot/1.1; http://www.opensiteexplorer.org/dotbot, help@moz.com)" 
216.244.66.237 - - [08/Nov/2019:14:03:44 -0800] "GET /wp/Archive/2009/07/10/best-pancakes-evah/feed/ HTTP/1.1" 301 3672 "-" "Mozilla/5.0 (compatible; DotBot/1.1; http://www.opensiteexplorer.org/dotbot, help@moz.com)" 
103.131.71.41 - - [08/Nov/2019:14:16:34 -0800] "GET /robots.txt HTTP/1.1" 200 3571 "-" "Mozilla/5.0 (compatible; coccocbot-image/1.0; +http://help.coccoc.com/searchengine)" 
46.229.161.131 - - [08/Nov/2019:14:26:26 -0800] "HEAD / HTTP/1.1" 301 3306 "-" "SEMrushBot" 
46.229.161.131 - - [08/Nov/2019:14:26:26 -0800] "HEAD / HTTP/1.1" 301 3306 "-" "SEMrushBot" 
46.229.161.131 - - [08/Nov/2019:14:26:26 -0800] "HEAD / HTTP/1.1" 301 3306 "-" "SEMrushBot" 
46.229.161.131 - - [08/Nov/2019:14:26:26 -0800] "HEAD / HTTP/1.1" 301 3306 "-" "SEMrushBot" 
216.244.66.237 - - [08/Nov/2019:14:47:34 -0800] "GET /wp/Archive/2007/04/16/youre-never-alone-with-a-paintbox/ HTTP/1.1" 301 3692 "-" "Mozilla/5.0 (compatible; DotBot/1.1; http://www.opensiteexplorer.org/dotbot, help@moz.com)" 
216.244.66.237 - - [08/Nov/2019:14:47:37 -0800] "GET /wp/Archive/2010/03/07/comments-who-needs-em/ HTTP/1.1" 301 3668 "-" "Mozilla/5.0 (compatible; DotBot/1.1; http://www.opensiteexplorer.org/dotbot, help@moz.com)" 
216.244.66.237 - - [08/Nov/2019:14:48:54 -0800] "GET /wp/Archive/2006/06/22/tosh-or-not/feed/ HTTP/1.1" 301 3658 "-" "Mozilla/5.0 (compatible; DotBot/1.1; http://www.opensiteexplorer.org/dotbot, help@moz.com)" 
216.244.66.237 - - [08/Nov/2019:15:32:50 -0800] "GET /wp/Archive/2009/03/12/it-is-worse-than-we-imagined/feed/ HTTP/1.1" 301 3692 "-" "Mozilla/5.0 (compatible; DotBot/1.1; http://www.opensiteexplorer.org/dotbot, help@moz.com)" 
216.244.66.237 - - [08/Nov/2019:16:17:35 -0800] "GET /wp/Archive/2009/02/20/look-at-the-teeth-on-this-nag/ HTTP/1.1" 301 3684 "-" "Mozilla/5.0 (compatible; DotBot/1.1; http://www.opensiteexplorer.org/dotbot, help@moz.com)" 
216.244.66.237 - - [08/Nov/2019:16:17:36 -0800] "GET /wp/Archive/2010/12/03/give/ HTTP/1.1" 301 3634 "-" "Mozilla/5.0 (compatible; DotBot/1.1; http://www.opensiteexplorer.org/dotbot, help@moz.com)" 
207.241.230.131 - - [08/Nov/2019:17:03:43 -0800] "GET / HTTP/1.1" 301 3794 "-" "Mozilla/5.0 (Windows NT 10.0; Win64; x64) AppleWebKit/537.36 (KHTML, like Gecko) Chrome/74.0.3729.169 Safari/537.36" 
207.241.230.131 - - [08/Nov/2019:17:03:48 -0800] "GET / HTTP/1.1" 301 3775 "-" "Mozilla/5.0 (Windows NT 10.0; Win64; x64) AppleWebKit/537.36 (KHTML, like Gecko) Chrome/74.0.3729.169 Safari/537.36" 
216.244.66.237 - - [08/Nov/2019:17:49:48 -0800] "GET /wp/Archive/2004/09/13/raptures-of-the-deep/ HTTP/1.1" 301 3666 "-" "Mozilla/5.0 (compatible; DotBot/1.1; http://www.opensiteexplorer.org/dotbot, help@moz.com)" 
216.244.66.237 - - [08/Nov/2019:17:49:51 -0800] "GET /wp/Archive/2013/01/06/who-is-bailey/ HTTP/1.1" 301 3652 "-" "Mozilla/5.0 (compatible; DotBot/1.1; http://www.opensiteexplorer.org/dotbot, help@moz.com)" 
216.244.66.237 - - [08/Nov/2019:17:50:57 -0800] "GET /wp/Archive/2007/06/27/dear-god/feed/ HTTP/1.1" 301 3652 "-" "Mozilla/5.0 (compatible; DotBot/1.1; http://www.opensiteexplorer.org/dotbot, help@moz.com)" 
216.244.66.237 - - [08/Nov/2019:17:51:00 -0800] "GET /wp/Archive/2011/02/01/coins-arent-random-thumbs-are/feed/ HTTP/1.1" 301 3694 "-" "Mozilla/5.0 (compatible; DotBot/1.1; http://www.opensiteexplorer.org/dotbot, help@moz.com)" 
5.196.87.174 - - [08/Nov/2019:17:56:49 -0800] "GET /robots.txt HTTP/1.1" 301 3600 "-" "Mozilla/5.0 (compatible; AhrefsBot/6.1; +http://ahrefs.com/robot/)" 
207.46.13.160 - - [08/Nov/2019:19:15:38 -0800] "GET / HTTP/1.1" 301 3826 "-" "Mozilla/5.0 (compatible; bingbot/2.0; +http://www.bing.com/bingbot.htm)" 
38.140.46.186 - - [08/Nov/2019:19:20:29 -0800] "GET / HTTP/1.1" 301 3826 "http://www.wildyeastblog.com/a-mea-culpa-a-question-and-a-bribe/" "Mozilla/5.0 (Macintosh; Intel Mac OS X 10_11_1) AppleWebKit/537.36 (KHTML, like Gecko) Chrome/48.0.2564.109 Safari/537.36" 
45.227.253.206 - - [08/Nov/2019:20:59:24 -0800] "GET / HTTP/1.1" 301 3826 "-" "Mozilla/5.0 (Windows NT 10.0; WOW64) AppleWebKit/537.36 (KHTML, like Gecko) Chrome/55.0.2883.87 Safari/537.36 OPR/42.0.2393.94" 
203.133.169.112 - - [08/Nov/2019:21:51:38 -0800] "GET /robots.txt HTTP/1.1" 301 3614 "-" "Mozilla/5.0 (compatible; Daum/4.1; +http://cs.daum.net/faq/15/4118.html?faqId=28966)" 
203.133.169.112 - - [08/Nov/2019:21:51:40 -0800] "GET / HTTP/1.1" 301 3831 "-" "Mozilla/5.0 (Unknown; Linux x86_64) AppleWebKit/538.1 (KHTML, like Gecko) Safari/538.1 Daum/4.1" 
203.133.169.112 - - [08/Nov/2019:21:51:44 -0800] "GET /grav-admin/about HTTP/1.1" 301 3863 "-" "Mozilla/5.0 (Unknown; Linux x86_64) AppleWebKit/538.1 (KHTML, like Gecko) Safari/538.1 Daum/4.1" 
103.131.71.41 - - [09/Nov/2019:00:10:01 -0800] "GET /robots.txt HTTP/1.1" 200 3571 "-" "Mozilla/5.0 (compatible; coccocbot-image/1.0; +http://help.coccoc.com/searchengine)" 
