157.55.39.1 - - [22/Jan/2020:00:14:52 -0800] "GET /robots.txt HTTP/1.1" 301 2076 "-" "Mozilla/5.0 (compatible; bingbot/2.0; +http://www.bing.com/bingbot.htm)" 
157.55.39.1 - - [22/Jan/2020:00:14:53 -0800] "GET /robots.txt HTTP/1.1" 301 3845 "-" "Mozilla/5.0 (compatible; bingbot/2.0; +http://www.bing.com/bingbot.htm)" 
207.46.13.23 - - [22/Jan/2020:00:15:12 -0800] "GET /stream/2019-5-17-1 HTTP/1.1" 301 3861 "-" "Mozilla/5.0 (compatible; bingbot/2.0; +http://www.bing.com/bingbot.htm)" 
216.244.66.237 - - [22/Jan/2020:00:30:28 -0800] "GET /wp/Archive/2006/04/21/who-knew-shoe-news/feed/ HTTP/1.1" 301 3671 "-" "Mozilla/5.0 (compatible; DotBot/1.1; http://www.opensiteexplorer.org/dotbot, help@moz.com)" 
216.244.66.237 - - [22/Jan/2020:00:30:30 -0800] "GET /wp/Archive/2007/09/06/science-fiction/feed/ HTTP/1.1" 301 3665 "-" "Mozilla/5.0 (compatible; DotBot/1.1; http://www.opensiteexplorer.org/dotbot, help@moz.com)" 
216.244.66.237 - - [22/Jan/2020:00:30:32 -0800] "GET /wp/Archive/2008/02/03/distinct-asian-pussies/feed/ HTTP/1.1" 301 3679 "-" "Mozilla/5.0 (compatible; DotBot/1.1; http://www.opensiteexplorer.org/dotbot, help@moz.com)" 
216.244.66.237 - - [22/Jan/2020:00:30:44 -0800] "GET /wp/Archive/2012/08/17/software-grief/feed/ HTTP/1.1" 301 3663 "-" "Mozilla/5.0 (compatible; DotBot/1.1; http://www.opensiteexplorer.org/dotbot, help@moz.com)" 
216.244.66.237 - - [22/Jan/2020:00:30:56 -0800] "GET /wp/Archive/2008/12/15/the-story-so-far-and-tid-8-climbed-a-mountain/feed/ HTTP/1.1" 301 3725 "-" "Mozilla/5.0 (compatible; DotBot/1.1; http://www.opensiteexplorer.org/dotbot, help@moz.com)" 
216.244.66.237 - - [22/Jan/2020:00:30:58 -0800] "GET /wp/Archive/2010/09/20/web-of-stories-youtube-for-the-rest-of-us/feed/ HTTP/1.1" 301 3717 "-" "Mozilla/5.0 (compatible; DotBot/1.1; http://www.opensiteexplorer.org/dotbot, help@moz.com)" 
103.131.71.52 - - [22/Jan/2020:00:49:45 -0800] "GET /robots.txt HTTP/1.1" 200 3570 "-" "Mozilla/5.0 (compatible; coccocbot-image/1.0; +http://help.coccoc.com/searchengine)" 
157.55.39.97 - - [22/Jan/2020:00:57:22 -0800] "GET /stream/2019-5-11-1 HTTP/1.1" 301 3861 "-" "Mozilla/5.0 (compatible; bingbot/2.0; +http://www.bing.com/bingbot.htm)" 
213.159.213.137 - - [22/Jan/2020:01:06:07 -0800] "GET / HTTP/1.1" 301 3788 "-" "Mozilla/5.0 (Windows NT 6.1; WOW64) AppleWebKit/537.36 (KHTML, like Gecko) Chrome/47.0.2526.111 Safari/537.36" 
216.244.66.237 - - [22/Jan/2020:01:27:58 -0800] "GET /wp/Archive/2005/11/17/go-get-em-paul/feed HTTP/1.1" 301 3661 "-" "Mozilla/5.0 (compatible; DotBot/1.1; http://www.opensiteexplorer.org/dotbot, help@moz.com)" 
216.244.66.237 - - [22/Jan/2020:01:28:00 -0800] "GET /wp/Archive/2006/01/11/another-modest-suggestion/ HTTP/1.1" 301 3675 "-" "Mozilla/5.0 (compatible; DotBot/1.1; http://www.opensiteexplorer.org/dotbot, help@moz.com)" 
216.244.66.237 - - [22/Jan/2020:01:28:02 -0800] "GET /wp/Archive/2006/09/06/cry-baby-die-baby/ HTTP/1.1" 301 3659 "-" "Mozilla/5.0 (compatible; DotBot/1.1; http://www.opensiteexplorer.org/dotbot, help@moz.com)" 
216.244.66.237 - - [22/Jan/2020:01:28:05 -0800] "GET /wp/Archive/2006/09/12/food-news-10/ HTTP/1.1" 301 3649 "-" "Mozilla/5.0 (compatible; DotBot/1.1; http://www.opensiteexplorer.org/dotbot, help@moz.com)" 
216.244.66.237 - - [22/Jan/2020:01:28:06 -0800] "GET /wp/Archive/2011/01/11/thanks-for-nothing/ HTTP/1.1" 301 3661 "-" "Mozilla/5.0 (compatible; DotBot/1.1; http://www.opensiteexplorer.org/dotbot, help@moz.com)" 
216.244.66.237 - - [22/Jan/2020:01:28:44 -0800] "GET /wp/Archive/2005/03/03/sometimes-things-just-work/feed HTTP/1.1" 301 3685 "-" "Mozilla/5.0 (compatible; DotBot/1.1; http://www.opensiteexplorer.org/dotbot, help@moz.com)" 
216.244.66.237 - - [22/Jan/2020:01:28:45 -0800] "GET /wp/Archive/2007/03/28/life-imitates-art-and-vice-versa/feed HTTP/1.1" 301 3697 "-" "Mozilla/5.0 (compatible; DotBot/1.1; http://www.opensiteexplorer.org/dotbot, help@moz.com)" 
216.244.66.237 - - [22/Jan/2020:01:28:49 -0800] "GET /wp/Archive/2008/03/12/its-the-hypocrisy-stupid/feed HTTP/1.1" 301 3681 "-" "Mozilla/5.0 (compatible; DotBot/1.1; http://www.opensiteexplorer.org/dotbot, help@moz.com)" 
216.244.66.237 - - [22/Jan/2020:01:28:51 -0800] "GET /wp/Archive/2011/03/14/in-praise-of-rule-benders-and-giotto/ HTTP/1.1" 301 3697 "-" "Mozilla/5.0 (compatible; DotBot/1.1; http://www.opensiteexplorer.org/dotbot, help@moz.com)" 
216.244.66.237 - - [22/Jan/2020:01:29:21 -0800] "GET /wp/Archive/2005/11/18/stoat-riot/feed/ HTTP/1.1" 301 3655 "-" "Mozilla/5.0 (compatible; DotBot/1.1; http://www.opensiteexplorer.org/dotbot, help@moz.com)" 
216.244.66.237 - - [22/Jan/2020:01:29:24 -0800] "GET /wp/Archive/2009/01/22/statc/feed/ HTTP/1.1" 301 3645 "-" "Mozilla/5.0 (compatible; DotBot/1.1; http://www.opensiteexplorer.org/dotbot, help@moz.com)" 
216.244.66.237 - - [22/Jan/2020:01:29:24 -0800] "GET /wp/Archive/2006/08/14/scenes-from-roman-life-7/feed/ HTTP/1.1" 301 3683 "-" "Mozilla/5.0 (compatible; DotBot/1.1; http://www.opensiteexplorer.org/dotbot, help@moz.com)" 
159.65.237.112 - - [22/Jan/2020:01:56:00 -0800] "GET /blog.atom HTTP/1.1" 301 3843 "-" "NewsBlur Feed Fetcher - 1 subscriber - http://www.newsblur.com/site/7674568/jeremy-cherfas-posts (Mozilla/5.0 (Macintosh; Intel Mac OS X 10_12_3) AppleWebKit/537.36 (KHTML, like Gecko) Chrome/56.0.2924.87 Safari/537.36)" 
54.39.188.170 - - [22/Jan/2020:02:10:28 -0800] "GET /blog.atom HTTP/1.1" 301 3592 "-" "Mozilla/5.0 (compatible; YaK/1.0; http://linkfluence.com/; bot@linkfluence.com)" 
216.244.66.237 - - [22/Jan/2020:02:13:10 -0800] "GET /wp/Archive/2008/03/12/its-the-hypocrisy-stupid/feed/ HTTP/1.1" 301 3683 "-" "Mozilla/5.0 (compatible; DotBot/1.1; http://www.opensiteexplorer.org/dotbot, help@moz.com)" 
216.244.66.237 - - [22/Jan/2020:02:13:14 -0800] "GET /wp/Archive/2009/02/09/mo-better-cheese/feed/ HTTP/1.1" 301 3667 "-" "Mozilla/5.0 (compatible; DotBot/1.1; http://www.opensiteexplorer.org/dotbot, help@moz.com)" 
216.244.66.237 - - [22/Jan/2020:02:13:17 -0800] "GET /wp/Archive/2009/04/05/migration-test/feed/ HTTP/1.1" 301 3663 "-" "Mozilla/5.0 (compatible; DotBot/1.1; http://www.opensiteexplorer.org/dotbot, help@moz.com)" 
216.244.66.237 - - [22/Jan/2020:02:13:20 -0800] "GET /wp/Archive/2012/04/19/nilsson-newman-and-parks/feed/ HTTP/1.1" 301 3683 "-" "Mozilla/5.0 (compatible; DotBot/1.1; http://www.opensiteexplorer.org/dotbot, help@moz.com)" 
216.244.66.237 - - [22/Jan/2020:02:13:46 -0800] "GET /wp/Archive/2008/03/24/im-like-totally-freaked-out-here/feed/ HTTP/1.1" 301 3699 "-" "Mozilla/5.0 (compatible; DotBot/1.1; http://www.opensiteexplorer.org/dotbot, help@moz.com)" 
216.244.66.237 - - [22/Jan/2020:02:13:52 -0800] "GET /wp/Archive/2009/03/04/so-many-variables-so-little-time/feed/ HTTP/1.1" 301 3699 "-" "Mozilla/5.0 (compatible; DotBot/1.1; http://www.opensiteexplorer.org/dotbot, help@moz.com)" 
216.244.66.237 - - [22/Jan/2020:02:13:54 -0800] "GET /wp/Archive/2010/01/31/hamelmans-semolina-with-a-whole-grain-soaker/feed/ HTTP/1.1" 301 3723 "-" "Mozilla/5.0 (compatible; DotBot/1.1; http://www.opensiteexplorer.org/dotbot, help@moz.com)" 
216.244.66.237 - - [22/Jan/2020:02:13:58 -0800] "GET /wp/Archive/2011/07/13/wrong-about-cucumber-pickles/feed/ HTTP/1.1" 301 3691 "-" "Mozilla/5.0 (compatible; DotBot/1.1; http://www.opensiteexplorer.org/dotbot, help@moz.com)" 
212.58.103.204 - - [22/Jan/2020:03:01:20 -0800] "GET /?fbclid=IwAR2MfJ0Cb9V2XE9YxlsIAKAOg2pSY8CPnN2AU5ajbRyftXMS6ez1uyQWhkM HTTP/1.1" 301 3963 "https://www.facebook.com/" "Mozilla/5.0 (Windows NT 10.0; Win64; x64) AppleWebKit/537.36 (KHTML, like Gecko) Chrome/79.0.3945.117 Safari/537.36" 
216.244.66.237 - - [22/Jan/2020:03:20:40 -0800] "GET /wp/Archive/2004/10/03/game-over-i-think-not/feed/ HTTP/1.1" 301 3677 "-" "Mozilla/5.0 (compatible; DotBot/1.1; http://www.opensiteexplorer.org/dotbot, help@moz.com)" 
216.244.66.237 - - [22/Jan/2020:03:20:44 -0800] "GET /wp/Archive/2007/10/21/messin-about/feed/ HTTP/1.1" 301 3659 "-" "Mozilla/5.0 (compatible; DotBot/1.1; http://www.opensiteexplorer.org/dotbot, help@moz.com)" 
216.244.66.237 - - [22/Jan/2020:03:20:47 -0800] "GET /wp/Archive/2010/01/24/food-in-the-movies/feed/ HTTP/1.1" 301 3671 "-" "Mozilla/5.0 (compatible; DotBot/1.1; http://www.opensiteexplorer.org/dotbot, help@moz.com)" 
216.244.66.237 - - [22/Jan/2020:03:21:04 -0800] "GET /wp/Archive/2009/09/17/gutta-percha-pecha-kucha-whats-the-difference/feed/ HTTP/1.1" 301 3725 "-" "Mozilla/5.0 (compatible; DotBot/1.1; http://www.opensiteexplorer.org/dotbot, help@moz.com)" 
54.39.188.170 - - [22/Jan/2020:03:51:19 -0800] "GET /blog.rss HTTP/1.1" 301 3590 "-" "Mozilla/5.0 (compatible; YaK/1.0; http://linkfluence.com/; bot@linkfluence.com)" 
35.175.201.14 - - [22/Jan/2020:03:55:59 -0800] "GET /robots.txt HTTP/1.1" 301 3650 "-" "CCBot/2.0 (https://commoncrawl.org/faq/)" 
35.175.201.14 - - [22/Jan/2020:03:55:59 -0800] "GET /blog/a-tale-of-two-coffee-stories HTTP/1.1" 301 3696 "-" "CCBot/2.0 (https://commoncrawl.org/faq/)" 
82.196.0.116 - - [22/Jan/2020:04:33:36 -0800] "GET / HTTP/1.1" 301 3579 "-" "Huffduffer" 
54.39.188.170 - - [22/Jan/2020:04:41:01 -0800] "GET /.atom HTTP/1.1" 301 3584 "-" "Mozilla/5.0 (compatible; YaK/1.0; http://linkfluence.com/; bot@linkfluence.com)" 
216.244.66.237 - - [22/Jan/2020:04:59:32 -0800] "GET /wp/Archive/2012/03/13/need-a-new-angle-on-email/feed/ HTTP/1.1" 301 3685 "-" "Mozilla/5.0 (compatible; DotBot/1.1; http://www.opensiteexplorer.org/dotbot, help@moz.com)" 
216.244.66.237 - - [22/Jan/2020:05:46:29 -0800] "GET /wp/Archive/2009/06/03/the-price-of-gardening-on-a-patio/feed/ HTTP/1.1" 301 3701 "-" "Mozilla/5.0 (compatible; DotBot/1.1; http://www.opensiteexplorer.org/dotbot, help@moz.com)" 
216.244.66.237 - - [22/Jan/2020:05:46:36 -0800] "GET /wp/Archive/2009/08/22/aesthetic-disaster-taste-triumph/feed/ HTTP/1.1" 301 3699 "-" "Mozilla/5.0 (compatible; DotBot/1.1; http://www.opensiteexplorer.org/dotbot, help@moz.com)" 
109.172.54.45 - - [22/Jan/2020:05:52:37 -0800] "GET / HTTP/1.0" 301 3793 "-" "Mozilla/5.0 (Windows NT 6.1) AppleWebKit/537.36 (KHTML, like Gecko) Chrome/67.0.3396.99 Safari/537.36" 
167.99.159.145 - - [22/Jan/2020:06:23:45 -0800] "GET /blog.atom HTTP/1.1" 301 3843 "-" "NewsBlur Feed Fetcher - 1 subscriber - http://www.newsblur.com/site/7674568/jeremy-cherfas-posts (Mozilla/5.0 (Macintosh; Intel Mac OS X 10_12_3) AppleWebKit/537.36 (KHTML, like Gecko) Chrome/56.0.2924.87 Safari/537.36)" 
216.244.66.237 - - [22/Jan/2020:06:26:05 -0800] "GET /wp/Archive/2008/09/22/nourishing-arguments/feed/ HTTP/1.1" 301 3675 "-" "Mozilla/5.0 (compatible; DotBot/1.1; http://www.opensiteexplorer.org/dotbot, help@moz.com)" 
216.244.66.237 - - [22/Jan/2020:06:27:08 -0800] "GET /wp/Archive/2011/10/07/steve-jobs-forecasts-the-future/feed/ HTTP/1.1" 301 3697 "-" "Mozilla/5.0 (compatible; DotBot/1.1; http://www.opensiteexplorer.org/dotbot, help@moz.com)" 
216.244.66.237 - - [22/Jan/2020:07:11:07 -0800] "GET /wp/Archive/2005/04/14/rats/feed/ HTTP/1.1" 301 3643 "-" "Mozilla/5.0 (compatible; DotBot/1.1; http://www.opensiteexplorer.org/dotbot, help@moz.com)" 
216.244.66.237 - - [22/Jan/2020:07:11:10 -0800] "GET /wp/Archive/2006/08/17/all-change/feed/ HTTP/1.1" 301 3655 "-" "Mozilla/5.0 (compatible; DotBot/1.1; http://www.opensiteexplorer.org/dotbot, help@moz.com)" 
5.196.87.174 - - [22/Jan/2020:07:35:17 -0800] "GET /robots.txt HTTP/1.1" 301 3594 "-" "Mozilla/5.0 (compatible; AhrefsBot/6.1; +http://ahrefs.com/robot/)" 
216.244.66.237 - - [22/Jan/2020:08:24:21 -0800] "GET /wp/Archive/2009/01/27/chinese-food-deconstructed/ HTTP/1.1" 301 3677 "-" "Mozilla/5.0 (compatible; DotBot/1.1; http://www.opensiteexplorer.org/dotbot, help@moz.com)" 
216.244.66.237 - - [22/Jan/2020:08:28:10 -0800] "GET /wp/Archive/2007/02/13/and-yet/feed/ HTTP/1.1" 301 3649 "-" "Mozilla/5.0 (compatible; DotBot/1.1; http://www.opensiteexplorer.org/dotbot, help@moz.com)" 
216.244.66.237 - - [22/Jan/2020:08:28:14 -0800] "GET /wp/Archive/2008/04/14/shes-at-it-again/feed/ HTTP/1.1" 301 3667 "-" "Mozilla/5.0 (compatible; DotBot/1.1; http://www.opensiteexplorer.org/dotbot, help@moz.com)" 
216.244.66.237 - - [22/Jan/2020:08:28:26 -0800] "GET /wp/Archive/2009/01/15/tid-21-had-a-pillow-fight/feed/ HTTP/1.1" 301 3685 "-" "Mozilla/5.0 (compatible; DotBot/1.1; http://www.opensiteexplorer.org/dotbot, help@moz.com)" 
216.244.66.237 - - [22/Jan/2020:08:29:22 -0800] "GET /wp/Archive/2006/05/31/absurdities-of-the-internet/feed/ HTTP/1.1" 301 3689 "-" "Mozilla/5.0 (compatible; DotBot/1.1; http://www.opensiteexplorer.org/dotbot, help@moz.com)" 
216.244.66.237 - - [22/Jan/2020:08:29:25 -0800] "GET /wp/Archive/2006/06/27/shangri-la-an-introduction/ HTTP/1.1" 301 3677 "-" "Mozilla/5.0 (compatible; DotBot/1.1; http://www.opensiteexplorer.org/dotbot, help@moz.com)" 
43.241.39.58 - - [22/Jan/2020:08:44:27 -0800] "GET / HTTP/1.1" 301 4267 "-" "-" 
43.241.39.58 - - [22/Jan/2020:08:44:30 -0800] "GET / HTTP/1.1" 301 4211 "-" "-" 
17.58.101.69 - - [22/Jan/2020:10:03:51 -0800] "GET /robots.txt HTTP/1.1" 301 3594 "-" "Mozilla/5.0 (Macintosh; Intel Mac OS X 10_10_1) AppleWebKit/600.2.5 (KHTML, like Gecko) Version/8.0.2 Safari/600.2.5 (Applebot/0.1; +http://www.apple.com/go/applebot)" 
17.58.96.249 - - [22/Jan/2020:10:03:52 -0800] "GET /blog/a-pox-on-spammers HTTP/1.1" 301 3618 "-" "Mozilla/5.0 (Macintosh; Intel Mac OS X 10_10_1) AppleWebKit/600.2.5 (KHTML, like Gecko) Version/8.0.2 Safari/600.2.5 (Applebot/0.1; +http://www.apple.com/go/applebot)" 
216.244.66.237 - - [22/Jan/2020:10:16:02 -0800] "GET /wp/Archive/2005/04/07/more-pope-news/feed/ HTTP/1.1" 301 3663 "-" "Mozilla/5.0 (compatible; DotBot/1.1; http://www.opensiteexplorer.org/dotbot, help@moz.com)" 
216.244.66.237 - - [22/Jan/2020:10:16:05 -0800] "GET /wp/Archive/2006/10/04/waterworld-not/feed/ HTTP/1.1" 301 3663 "-" "Mozilla/5.0 (compatible; DotBot/1.1; http://www.opensiteexplorer.org/dotbot, help@moz.com)" 
216.244.66.237 - - [22/Jan/2020:10:16:09 -0800] "GET /wp/Archive/2010/03/06/the-fornacalia-breads/feed/ HTTP/1.1" 301 3677 "-" "Mozilla/5.0 (compatible; DotBot/1.1; http://www.opensiteexplorer.org/dotbot, help@moz.com)" 
216.244.66.237 - - [22/Jan/2020:10:17:11 -0800] "GET /wp/Archive/2008/12/18/tid-14-taught-yourself-an-art-from-scratch/feed/ HTTP/1.1" 301 3719 "-" "Mozilla/5.0 (compatible; DotBot/1.1; http://www.opensiteexplorer.org/dotbot, help@moz.com)" 
216.244.66.237 - - [22/Jan/2020:10:17:12 -0800] "GET /wp/Archive/2009/08/30/hot-weather-sourdough-there/feed/ HTTP/1.1" 301 3689 "-" "Mozilla/5.0 (compatible; DotBot/1.1; http://www.opensiteexplorer.org/dotbot, help@moz.com)" 
216.244.66.237 - - [22/Jan/2020:10:17:14 -0800] "GET /wp/Archive/2010/11/03/writing-fast-on-small-devices/feed/ HTTP/1.1" 301 3693 "-" "Mozilla/5.0 (compatible; DotBot/1.1; http://www.opensiteexplorer.org/dotbot, help@moz.com)" 
216.244.66.237 - - [22/Jan/2020:10:17:15 -0800] "GET /wp/Archive/2011/01/16/two-kinds-of-messing-about-come-together/feed/ HTTP/1.1" 301 3715 "-" "Mozilla/5.0 (compatible; DotBot/1.1; http://www.opensiteexplorer.org/dotbot, help@moz.com)" 
206.189.206.130 - - [22/Jan/2020:10:27:10 -0800] "GET /blog.atom HTTP/1.1" 301 3843 "-" "NewsBlur Feed Fetcher - 1 subscriber - http://www.newsblur.com/site/7674568/jeremy-cherfas-posts (Mozilla/5.0 (Macintosh; Intel Mac OS X 10_12_3) AppleWebKit/537.36 (KHTML, like Gecko) Chrome/56.0.2924.87 Safari/537.36)" 
54.39.188.170 - - [22/Jan/2020:10:58:22 -0800] "GET /blog.atom HTTP/1.1" 301 3592 "-" "Mozilla/5.0 (compatible; YaK/1.0; http://linkfluence.com/; bot@linkfluence.com)" 
216.244.66.237 - - [22/Jan/2020:11:15:34 -0800] "GET /wp/Archive/2011/11/14/last-of-the-autumn-pickles/ HTTP/1.1" 301 3677 "-" "Mozilla/5.0 (compatible; DotBot/1.1; http://www.opensiteexplorer.org/dotbot, help@moz.com)" 
216.244.66.237 - - [22/Jan/2020:11:17:44 -0800] "GET /wp/Archive/2007/12/11/an-inconvenient-truth/feed/ HTTP/1.1" 301 3677 "-" "Mozilla/5.0 (compatible; DotBot/1.1; http://www.opensiteexplorer.org/dotbot, help@moz.com)" 
216.244.66.237 - - [22/Jan/2020:11:18:45 -0800] "GET /wp/Archive/2010/01/19/food-news-new-series-20-eats/feed/ HTTP/1.1" 301 3691 "-" "Mozilla/5.0 (compatible; DotBot/1.1; http://www.opensiteexplorer.org/dotbot, help@moz.com)" 
216.244.66.237 - - [22/Jan/2020:11:18:47 -0800] "GET /wp/Archive/2011/05/01/trite-hackneyed-and-quite-fun/feed/ HTTP/1.1" 301 3693 "-" "Mozilla/5.0 (compatible; DotBot/1.1; http://www.opensiteexplorer.org/dotbot, help@moz.com)" 
114.119.135.200 - - [22/Jan/2020:11:58:05 -0800] "GET /blog/snap HTTP/1.1" 301 3611 "-" "Mozilla/5.0(Linux;Android 5.1.1;OPPO A33 Build/LMY47V;wv) AppleWebKit/537.36(KHTML,link Gecko) Version/4.0 Chrome/42.0.2311.138 Mobile Safari/537.36 Mb2345Browser/9.0" 
216.244.66.237 - - [22/Jan/2020:12:01:01 -0800] "GET /wp/Archive/2005/08/12/sensible/feed/ HTTP/1.1" 301 3651 "-" "Mozilla/5.0 (compatible; DotBot/1.1; http://www.opensiteexplorer.org/dotbot, help@moz.com)" 
216.244.66.237 - - [22/Jan/2020:12:01:04 -0800] "GET /wp/Archive/2006/03/03/gene-flow-again/feed/ HTTP/1.1" 301 3665 "-" "Mozilla/5.0 (compatible; DotBot/1.1; http://www.opensiteexplorer.org/dotbot, help@moz.com)" 
54.39.188.170 - - [22/Jan/2020:12:15:53 -0800] "GET /.rss HTTP/1.1" 301 3582 "-" "Mozilla/5.0 (compatible; YaK/1.0; http://linkfluence.com/; bot@linkfluence.com)" 
54.39.188.170 - - [22/Jan/2020:12:39:18 -0800] "GET /blog.rss HTTP/1.1" 301 3590 "-" "Mozilla/5.0 (compatible; YaK/1.0; http://linkfluence.com/; bot@linkfluence.com)" 
216.244.66.237 - - [22/Jan/2020:12:43:04 -0800] "GET /blog/have-they-no-shame HTTP/1.1" 301 3625 "-" "Mozilla/5.0 (compatible; DotBot/1.1; http://www.opensiteexplorer.org/dotbot, help@moz.com)" 
209.17.97.34 - - [22/Jan/2020:12:46:34 -0800] "GET / HTTP/1.1" 301 3579 "-" "Mozilla/5.0 (compatible; Nimbostratus-Bot/v1.3.2; http://cloudsystemnetworks.com)" 
199.58.86.209 - - [22/Jan/2020:13:52:37 -0800] "GET /robots.txt HTTP/1.1" 301 3845 "-" "Mozilla/5.0 (compatible; MJ12bot/v1.4.8; http://mj12bot.com/)" 
199.58.86.209 - - [22/Jan/2020:13:52:39 -0800] "GET / HTTP/1.1" 301 3769 "-" "Mozilla/5.0 (compatible; MJ12bot/v1.4.8; http://mj12bot.com/)" 
103.131.71.92 - - [22/Jan/2020:14:45:19 -0800] "GET /robots.txt HTTP/1.1" 200 3570 "-" "Mozilla/5.0 (compatible; coccocbot-web/1.0; +http://help.coccoc.com/searchengine)" 
159.65.237.205 - - [22/Jan/2020:15:20:42 -0800] "GET /blog.atom HTTP/1.1" 301 3843 "-" "NewsBlur Feed Fetcher - 1 subscriber - http://www.newsblur.com/site/7674568/jeremy-cherfas-posts (Mozilla/5.0 (Macintosh; Intel Mac OS X 10_12_3) AppleWebKit/537.36 (KHTML, like Gecko) Chrome/56.0.2924.87 Safari/537.36)" 
174.114.171.33 - - [22/Jan/2020:15:40:44 -0800] "GET / HTTP/1.1" 301 3825 "https://indieweb.org/Micro.blog" "Mozilla/5.0 (Android 9; Mobile; rv:68.0) Gecko/68.0 Firefox/68.0" 
212.92.114.138 - - [22/Jan/2020:16:09:07 -0800] "GET /robots.txt HTTP/1.1" 301 1860 "-" "yacybot (/global; amd64 Windows 10 10.0; java 1.8.0_212; Europe/de) http://yacy.net/bot.html" 
66.249.79.53 - - [22/Jan/2020:16:40:10 -0800] "GET /robots.txt HTTP/1.1" 301 3845 "-" "Mozilla/5.0 (compatible; Googlebot/2.1; +http://www.google.com/bot.html)" 
66.249.79.56 - - [22/Jan/2020:16:40:11 -0800] "GET / HTTP/1.1" 301 3825 "-" "Mozilla/5.0 (compatible; Googlebot/2.1; +http://www.google.com/bot.html)" 
66.249.79.50 - - [22/Jan/2020:17:00:13 -0800] "GET /ads.txt HTTP/1.1" 301 3865 "-" "Mozilla/5.0 (compatible; Googlebot/2.1; +http://www.google.com/bot.html)" 
114.119.143.245 - - [22/Jan/2020:17:51:53 -0800] "GET /blog/mentuccia-is-not-pennyroyal HTTP/1.1" 301 3657 "-" "Mozilla/5.0(Linux;U;Android 5.1.1;zh-CN;OPPO A33 Build/LMY47V) AppleWebKit/537.36(KHTML,like Gecko) Version/4.0 Chrome/40.0.2214.89 UCBrowser/11.7.0.953 Mobile Safari/537.36" 
212.92.114.138 - - [22/Jan/2020:17:55:09 -0800] "GET / HTTP/1.1" 301 1840 "https://indieweb.org/Micro.blog" "yacybot (/global; amd64 Windows 10 10.0; java 1.8.0_212; Europe/de) http://yacy.net/bot.html" 
66.249.79.53 - - [22/Jan/2020:17:58:09 -0800] "GET /sitemap HTTP/1.1" 301 3865 "-" "Mozilla/5.0 (compatible; Googlebot/2.1; +http://www.google.com/bot.html)" 
94.130.237.96 - - [22/Jan/2020:18:39:34 -0800] "GET / HTTP/1.1" 301 3630 "-" "Mozilla/5.0 (compatible; BLEXBot/1.0; +http://webmeup-crawler.com/)" 
94.130.237.96 - - [22/Jan/2020:18:41:39 -0800] "GET /blog/a-tale-of-two-coffee-stories HTTP/1.1" 301 750 "-" "Mozilla/5.0 (compatible; BLEXBot/1.0; +http://webmeup-crawler.com/)" 
176.9.5.87 - - [22/Jan/2020:19:10:07 -0800] "GET / HTTP/1.1" 301 3630 "-" "Mozilla/5.0 (compatible; BLEXBot/1.0; +http://webmeup-crawler.com/)" 
176.9.5.87 - - [22/Jan/2020:19:11:05 -0800] "GET /blog/a-tale-of-two-coffee-stories HTTP/1.1" 301 750 "-" "Mozilla/5.0 (compatible; BLEXBot/1.0; +http://webmeup-crawler.com/)" 
54.39.188.170 - - [22/Jan/2020:19:46:23 -0800] "GET /blog.atom HTTP/1.1" 301 3592 "-" "Mozilla/5.0 (compatible; YaK/1.0; http://linkfluence.com/; bot@linkfluence.com)" 
40.77.167.211 - - [22/Jan/2020:20:01:15 -0800] "GET / HTTP/1.1" 301 3825 "-" "Mozilla/5.0 (compatible; bingbot/2.0; +http://www.bing.com/bingbot.htm)" 
159.65.228.169 - - [22/Jan/2020:20:04:01 -0800] "GET /blog.atom HTTP/1.1" 301 3843 "-" "NewsBlur Feed Fetcher - 1 subscriber - http://www.newsblur.com/site/7674568/jeremy-cherfas-posts (Mozilla/5.0 (Macintosh; Intel Mac OS X 10_12_3) AppleWebKit/537.36 (KHTML, like Gecko) Chrome/56.0.2924.87 Safari/537.36)" 
54.39.188.170 - - [22/Jan/2020:21:27:19 -0800] "GET /blog.rss HTTP/1.1" 301 3590 "-" "Mozilla/5.0 (compatible; YaK/1.0; http://linkfluence.com/; bot@linkfluence.com)" 
