204.12.197.234 - - [03/Apr/2020:03:21:44 -0700] "GET /content/bookmarkedpages/?q=%23%20%23Http://www.marigoldroma.com/&offset=161 HTTP/1.1" 200 4745 "-" "Mozilla/5.0 (compatible; MJ12bot/v1.4.8; http://mj12bot.com/)" 
148.251.41.239 - - [03/Apr/2020:03:21:45 -0700] "GET /2018/pankaj-mishra-reviews-we-were-eight-years-in-power-by/annotations/be8a1639f501b09efab3edca3bfb7c47 HTTP/1.1" 200 8749 "-" "Mozilla/5.0 (compatible; MJ12bot/v1.4.8; http://mj12bot.com/)" 
204.12.197.234 - - [03/Apr/2020:03:21:47 -0700] "GET /content/bookmarkedpages/?q=%23%20%23Http://www.marigoldroma.com/&offset=161&_t=rss HTTP/1.1" 200 5126 "-" "Mozilla/5.0 (compatible; MJ12bot/v1.4.8; http://mj12bot.com/)" 
148.251.41.239 - - [03/Apr/2020:03:21:47 -0700] "GET /2018/pankaj-mishra-reviews-we-were-eight-years-in-power-by?_t=rss HTTP/1.1" 200 2462 "-" "Mozilla/5.0 (compatible; MJ12bot/v1.4.8; http://mj12bot.com/)" 
204.12.197.234 - - [03/Apr/2020:03:21:50 -0700] "GET /content/bookmarkedpages/?q=%23%20%23Http://www.marigoldroma.com/&offset=169 HTTP/1.1" 200 8061 "-" "Mozilla/5.0 (compatible; MJ12bot/v1.4.8; http://mj12bot.com/)" 
204.12.197.234 - - [03/Apr/2020:03:21:54 -0700] "GET /content/bookmarkedpages/?q=%23%20%23Http://www.marigoldroma.com/&offset=169&_t=rss HTTP/1.1" 200 5126 "-" "Mozilla/5.0 (compatible; MJ12bot/v1.4.8; http://mj12bot.com/)" 
148.251.41.239 - - [03/Apr/2020:03:21:55 -0700] "GET /2018/people-of-the-interwebs-i-know-someone-famous-said-something?_t=rss HTTP/1.1" 200 5429 "-" "Mozilla/5.0 (compatible; MJ12bot/v1.4.8; http://mj12bot.com/)" 
204.12.197.234 - - [03/Apr/2020:03:21:58 -0700] "GET /content/bookmarkedpages/?q=%23%20%23Http://www.marigoldroma.com/&offset=170&_t=rss HTTP/1.1" 200 5126 "-" "Mozilla/5.0 (compatible; MJ12bot/v1.4.8; http://mj12bot.com/)" 
148.251.41.239 - - [03/Apr/2020:03:22:01 -0700] "GET /2018/perfect-summers-evening HTTP/1.1" 200 10604 "-" "Mozilla/5.0 (compatible; MJ12bot/v1.4.8; http://mj12bot.com/)" 
204.12.197.234 - - [03/Apr/2020:03:22:02 -0700] "GET /content/bookmarkedpages/?q=%23%20%23Http://www.marigoldroma.com/&offset=171 HTTP/1.1" 200 8060 "-" "Mozilla/5.0 (compatible; MJ12bot/v1.4.8; http://mj12bot.com/)" 
204.12.197.234 - - [03/Apr/2020:03:22:03 -0700] "GET /content/bookmarkedpages/?q=%23%20%23Http://www.marigoldroma.com/&offset=171&_t=rss HTTP/1.1" 200 1810 "-" "Mozilla/5.0 (compatible; MJ12bot/v1.4.8; http://mj12bot.com/)" 
204.12.197.234 - - [03/Apr/2020:03:22:07 -0700] "GET /content/bookmarkedpages/?q=%23%20%23Http://www.marigoldroma.com/&offset=179 HTTP/1.1" 200 8061 "-" "Mozilla/5.0 (compatible; MJ12bot/v1.4.8; http://mj12bot.com/)" 
148.251.41.239 - - [03/Apr/2020:03:22:07 -0700] "GET /2018/perfect-summers-evening?_t=rss HTTP/1.1" 200 5358 "-" "Mozilla/5.0 (compatible; MJ12bot/v1.4.8; http://mj12bot.com/)" 
204.12.197.234 - - [03/Apr/2020:03:22:10 -0700] "GET /content/bookmarkedpages/?q=%23%20%23Http://www.marigoldroma.com/&offset=179&_t=rss HTTP/1.1" 200 5126 "-" "Mozilla/5.0 (compatible; MJ12bot/v1.4.8; http://mj12bot.com/)" 
148.251.41.239 - - [03/Apr/2020:03:22:15 -0700] "GET /2018/phoneboy-as-you-cross-posted-here-i?_t=rss HTTP/1.1" 200 5440 "-" "Mozilla/5.0 (compatible; MJ12bot/v1.4.8; http://mj12bot.com/)" 
204.12.197.234 - - [03/Apr/2020:03:22:15 -0700] "GET /content/bookmarkedpages/?q=%23%20%23Http://www.marigoldroma.com/&offset=180&_t=rss HTTP/1.1" 200 5125 "-" "Mozilla/5.0 (compatible; MJ12bot/v1.4.8; http://mj12bot.com/)" 
148.251.41.239 - - [03/Apr/2020:03:22:18 -0700] "GET /2018/phoneboy-i-see-you-had-to-delete/annotations/fbdd54b6979a1dcd61322783738443c7 HTTP/1.1" 200 8200 "-" "Mozilla/5.0 (compatible; MJ12bot/v1.4.8; http://mj12bot.com/)" 
204.12.197.234 - - [03/Apr/2020:03:22:19 -0700] "GET /content/bookmarkedpages/?q=%23%20%23Http://www.marigoldroma.com/&offset=181 HTTP/1.1" 200 8061 "-" "Mozilla/5.0 (compatible; MJ12bot/v1.4.8; http://mj12bot.com/)" 
148.251.41.239 - - [03/Apr/2020:03:22:20 -0700] "GET /2018/phoneboy-i-see-you-had-to-delete/annotations/fbdd54b6979a1dcd61322783738443c7?_t=rss HTTP/1.1" 200 2189 "-" "Mozilla/5.0 (compatible; MJ12bot/v1.4.8; http://mj12bot.com/)" 
204.12.197.234 - - [03/Apr/2020:03:22:22 -0700] "GET /content/bookmarkedpages/?q=%23%20%23Http://www.marigoldroma.com/&offset=181&_t=rss HTTP/1.1" 200 5125 "-" "Mozilla/5.0 (compatible; MJ12bot/v1.4.8; http://mj12bot.com/)" 
204.12.197.234 - - [03/Apr/2020:03:22:24 -0700] "GET /content/bookmarkedpages/?q=%23%20%23Http://www.marigoldroma.com/&offset=185 HTTP/1.1" 200 4745 "-" "Mozilla/5.0 (compatible; MJ12bot/v1.4.8; http://mj12bot.com/)" 
148.251.41.239 - - [03/Apr/2020:03:22:25 -0700] "GET /2018/photos-for-mac-isnt-a-long-term-photo-library-option/annotations/ef9614c0dc3ee135054b3ad556658259 HTTP/1.1" 200 8345 "-" "Mozilla/5.0 (compatible; MJ12bot/v1.4.8; http://mj12bot.com/)" 
204.12.197.234 - - [03/Apr/2020:03:22:26 -0700] "GET /content/bookmarkedpages/?q=%23%20%23Http://www.marigoldroma.com/&offset=188 HTTP/1.1" 200 4745 "-" "Mozilla/5.0 (compatible; MJ12bot/v1.4.8; http://mj12bot.com/)" 
54.36.148.40 - - [03/Apr/2020:03:22:26 -0700] "GET /content/statusupdates/?offset=257&_t=rss HTTP/1.1" 200 7081 "-" "Mozilla/5.0 (compatible; AhrefsBot/6.1; +http://ahrefs.com/robot/)" 
204.12.197.234 - - [03/Apr/2020:03:22:27 -0700] "GET /content/bookmarkedpages/?q=%23%20%23Http://www.marigoldroma.com/&offset=188&_t=rss HTTP/1.1" 200 1810 "-" "Mozilla/5.0 (compatible; MJ12bot/v1.4.8; http://mj12bot.com/)" 
204.12.197.234 - - [03/Apr/2020:03:22:31 -0700] "GET /content/bookmarkedpages/?q=%23%20%23Http://www.marigoldroma.com/&offset=189 HTTP/1.1" 200 8061 "-" "Mozilla/5.0 (compatible; MJ12bot/v1.4.8; http://mj12bot.com/)" 
204.12.197.234 - - [03/Apr/2020:03:22:35 -0700] "GET /content/bookmarkedpages/?q=%23%20%23Http://www.marigoldroma.com/&offset=189&_t=rss HTTP/1.1" 200 5126 "-" "Mozilla/5.0 (compatible; MJ12bot/v1.4.8; http://mj12bot.com/)" 
204.12.197.234 - - [03/Apr/2020:03:22:36 -0700] "GET /content/bookmarkedpages/?q=%23%20%23Http://www.marigoldroma.com/&offset=19 HTTP/1.1" 200 7436 "-" "Mozilla/5.0 (compatible; MJ12bot/v1.4.8; http://mj12bot.com/)" 
148.251.41.239 - - [03/Apr/2020:03:22:37 -0700] "GET /2018/photos-for-mac-isnt-a-long-term-photo-library-option?_t=rss HTTP/1.1" 200 5563 "-" "Mozilla/5.0 (compatible; MJ12bot/v1.4.8; http://mj12bot.com/)" 
204.12.197.234 - - [03/Apr/2020:03:22:38 -0700] "GET /content/bookmarkedpages/?q=%23%20%23Http://www.marigoldroma.com/&offset=19&_t=rss HTTP/1.1" 200 3396 "-" "Mozilla/5.0 (compatible; MJ12bot/v1.4.8; http://mj12bot.com/)" 
204.12.197.234 - - [03/Apr/2020:03:22:42 -0700] "GET /content/bookmarkedpages/?q=%23%20%23Http://www.marigoldroma.com/&offset=190 HTTP/1.1" 200 8061 "-" "Mozilla/5.0 (compatible; MJ12bot/v1.4.8; http://mj12bot.com/)" 
148.251.41.239 - - [03/Apr/2020:03:22:43 -0700] "GET /2018/playing-hookey-with-the-main-squeeze HTTP/1.1" 200 11510 "-" "Mozilla/5.0 (compatible; MJ12bot/v1.4.8; http://mj12bot.com/)" 
204.12.197.234 - - [03/Apr/2020:03:22:46 -0700] "GET /content/bookmarkedpages/?q=%23%20%23Http://www.marigoldroma.com/&offset=190&_t=rss HTTP/1.1" 200 5126 "-" "Mozilla/5.0 (compatible; MJ12bot/v1.4.8; http://mj12bot.com/)" 
148.251.41.239 - - [03/Apr/2020:03:22:49 -0700] "GET /2018/playing-hookey-with-the-main-squeeze?_t=rss HTTP/1.1" 200 5580 "-" "Mozilla/5.0 (compatible; MJ12bot/v1.4.8; http://mj12bot.com/)" 
204.12.197.234 - - [03/Apr/2020:03:22:49 -0700] "GET /content/bookmarkedpages/?q=%23%20%23Http://www.marigoldroma.com/&offset=191 HTTP/1.1" 200 8061 "-" "Mozilla/5.0 (compatible; MJ12bot/v1.4.8; http://mj12bot.com/)" 
204.12.197.234 - - [03/Apr/2020:03:22:53 -0700] "GET /content/bookmarkedpages/?q=%23%20%23Http://www.marigoldroma.com/&offset=191&_t=rss HTTP/1.1" 200 5126 "-" "Mozilla/5.0 (compatible; MJ12bot/v1.4.8; http://mj12bot.com/)" 
204.12.197.234 - - [03/Apr/2020:03:22:55 -0700] "GET /content/bookmarkedpages/?q=%23%20%23Http://www.marigoldroma.com/&offset=195 HTTP/1.1" 200 4745 "-" "Mozilla/5.0 (compatible; MJ12bot/v1.4.8; http://mj12bot.com/)" 
148.251.41.239 - - [03/Apr/2020:03:22:55 -0700] "GET /2018/poor-farmers HTTP/1.1" 200 9536 "-" "Mozilla/5.0 (compatible; MJ12bot/v1.4.8; http://mj12bot.com/)" 
204.12.197.234 - - [03/Apr/2020:03:22:56 -0700] "GET /content/bookmarkedpages/?q=%23%20%23Http://www.marigoldroma.com/&offset=195&_t=rss HTTP/1.1" 200 1810 "-" "Mozilla/5.0 (compatible; MJ12bot/v1.4.8; http://mj12bot.com/)" 
204.12.197.234 - - [03/Apr/2020:03:22:58 -0700] "GET /content/bookmarkedpages/?q=%23%20%23Http://www.marigoldroma.com/&offset=198 HTTP/1.1" 200 4745 "-" "Mozilla/5.0 (compatible; MJ12bot/v1.4.8; http://mj12bot.com/)" 
148.251.41.239 - - [03/Apr/2020:03:22:58 -0700] "GET /2018/poor-farmers?_t=rss HTTP/1.1" 200 5337 "-" "Mozilla/5.0 (compatible; MJ12bot/v1.4.8; http://mj12bot.com/)" 
204.12.197.234 - - [03/Apr/2020:03:23:00 -0700] "GET /content/bookmarkedpages/?q=%23%20%23Http://www.marigoldroma.com/&offset=198&_t=rss HTTP/1.1" 200 1810 "-" "Mozilla/5.0 (compatible; MJ12bot/v1.4.8; http://mj12bot.com/)" 
54.36.149.54 - - [03/Apr/2020:03:23:00 -0700] "GET /profile/jeremy?offset=163&_t=rss HTTP/1.1" 200 7710 "-" "Mozilla/5.0 (compatible; AhrefsBot/6.1; +http://ahrefs.com/robot/)" 
148.251.41.239 - - [03/Apr/2020:03:23:01 -0700] "GET /2018/prepping-for-an-imminent-interview-by-reading-npis-birds-per-minute-from-newfoodeconomy?_t=rss HTTP/1.1" 200 5492 "-" "Mozilla/5.0 (compatible; MJ12bot/v1.4.8; http://mj12bot.com/)" 
204.12.197.234 - - [03/Apr/2020:03:23:04 -0700] "GET /content/bookmarkedpages/?q=%23%20%23Http://www.marigoldroma.com/&offset=199 HTTP/1.1" 200 8061 "-" "Mozilla/5.0 (compatible; MJ12bot/v1.4.8; http://mj12bot.com/)" 
54.36.148.40 - - [03/Apr/2020:03:23:05 -0700] "GET /content/photos/warmup/?offset=755 HTTP/1.1" 200 10223 "-" "Mozilla/5.0 (compatible; AhrefsBot/6.1; +http://ahrefs.com/robot/)" 
204.12.197.234 - - [03/Apr/2020:03:23:07 -0700] "GET /content/bookmarkedpages/?q=%23%20%23Http://www.marigoldroma.com/&offset=199&_t=rss HTTP/1.1" 200 5126 "-" "Mozilla/5.0 (compatible; MJ12bot/v1.4.8; http://mj12bot.com/)" 
148.251.41.239 - - [03/Apr/2020:03:23:08 -0700] "GET /2018/progress HTTP/1.1" 200 11354 "-" "Mozilla/5.0 (compatible; MJ12bot/v1.4.8; http://mj12bot.com/)" 
54.36.149.30 - - [03/Apr/2020:03:23:09 -0700] "GET /content/photos/warmup/?offset=635&_t=rss HTTP/1.1" 200 6947 "-" "Mozilla/5.0 (compatible; AhrefsBot/6.1; +http://ahrefs.com/robot/)" 
148.251.41.239 - - [03/Apr/2020:03:23:12 -0700] "GET /2018/progress?_t=rss HTTP/1.1" 200 5434 "-" "Mozilla/5.0 (compatible; MJ12bot/v1.4.8; http://mj12bot.com/)" 
204.12.197.234 - - [03/Apr/2020:03:23:15 -0700] "GET /content/bookmarkedpages/?q=%23%20%23Http://www.marigoldroma.com/&offset=200 HTTP/1.1" 200 8060 "-" "Mozilla/5.0 (compatible; MJ12bot/v1.4.8; http://mj12bot.com/)" 
148.251.41.239 - - [03/Apr/2020:03:23:17 -0700] "GET /2018/proofed-and-shaped-and-read-for-the-oven HTTP/1.1" 200 10562 "-" "Mozilla/5.0 (compatible; MJ12bot/v1.4.8; http://mj12bot.com/)" 
204.12.197.234 - - [03/Apr/2020:03:23:18 -0700] "GET /content/bookmarkedpages/?q=%23%20%23Http://www.marigoldroma.com/&offset=200&_t=rss HTTP/1.1" 200 5124 "-" "Mozilla/5.0 (compatible; MJ12bot/v1.4.8; http://mj12bot.com/)" 
148.251.41.239 - - [03/Apr/2020:03:23:19 -0700] "GET /2018/proofed-and-shaped-and-read-for-the-oven?_t=rss HTTP/1.1" 200 2191 "-" "Mozilla/5.0 (compatible; MJ12bot/v1.4.8; http://mj12bot.com/)" 
204.12.197.234 - - [03/Apr/2020:03:23:21 -0700] "GET /content/bookmarkedpages/?q=%23%20%23Http://www.marigoldroma.com/&offset=201 HTTP/1.1" 200 8060 "-" "Mozilla/5.0 (compatible; MJ12bot/v1.4.8; http://mj12bot.com/)" 
66.249.70.16 - - [03/Apr/2020:03:23:22 -0700] "GET /robots.txt HTTP/1.1" 200 4589 "-" "Mozilla/5.0 (compatible; Googlebot/2.1; +http://www.google.com/bot.html)" 
66.249.70.12 - - [03/Apr/2020:03:23:22 -0700] "GET /2019/just-seen-a-beautiful-little-grebe-on?_t=rss HTTP/1.1" 200 5353 "-" "Mozilla/5.0 (Linux; Android 6.0.1; Nexus 5X Build/MMB29P) AppleWebKit/537.36 (KHTML, like Gecko) Chrome/80.0.3987.92 Mobile Safari/537.36 (compatible; Googlebot/2.1; +http://www.google.com/bot.html)" 
148.251.41.239 - - [03/Apr/2020:03:23:25 -0700] "GET /2018/quick-reminder-virtual-homebrew-website-club-to?_t=rss HTTP/1.1" 200 5426 "-" "Mozilla/5.0 (compatible; MJ12bot/v1.4.8; http://mj12bot.com/)" 
204.12.197.234 - - [03/Apr/2020:03:23:25 -0700] "GET /content/bookmarkedpages/?q=%23%20%23Http://www.marigoldroma.com/&offset=201&_t=rss HTTP/1.1" 200 5125 "-" "Mozilla/5.0 (compatible; MJ12bot/v1.4.8; http://mj12bot.com/)" 
204.12.197.234 - - [03/Apr/2020:03:23:26 -0700] "GET /content/bookmarkedpages/?q=%23%20%23Http://www.marigoldroma.com/&offset=205 HTTP/1.1" 200 4745 "-" "Mozilla/5.0 (compatible; MJ12bot/v1.4.8; http://mj12bot.com/)" 
204.12.197.234 - - [03/Apr/2020:03:23:28 -0700] "GET /content/bookmarkedpages/?q=%23%20%23Http://www.marigoldroma.com/&offset=205&_t=rss HTTP/1.1" 200 1809 "-" "Mozilla/5.0 (compatible; MJ12bot/v1.4.8; http://mj12bot.com/)" 
148.251.41.239 - - [03/Apr/2020:03:23:28 -0700] "GET /2018/quick-thank-you-to-fiona-for-posting-the/annotations/da0ac99ebee80a1174641e6b2834a24e?_t=rss HTTP/1.1" 200 5448 "-" "Mozilla/5.0 (compatible; MJ12bot/v1.4.8; http://mj12bot.com/)" 
204.12.197.234 - - [03/Apr/2020:03:23:29 -0700] "GET /content/bookmarkedpages/?q=%23%20%23Http://www.marigoldroma.com/&offset=208 HTTP/1.1" 200 4745 "-" "Mozilla/5.0 (compatible; MJ12bot/v1.4.8; http://mj12bot.com/)" 
204.12.197.234 - - [03/Apr/2020:03:23:31 -0700] "GET /content/bookmarkedpages/?q=%23%20%23Http://www.marigoldroma.com/&offset=208&_t=rss HTTP/1.1" 200 1809 "-" "Mozilla/5.0 (compatible; MJ12bot/v1.4.8; http://mj12bot.com/)" 
204.12.197.234 - - [03/Apr/2020:03:23:34 -0700] "GET /content/bookmarkedpages/?q=%23%20%23Http://www.marigoldroma.com/&offset=209 HTTP/1.1" 200 8061 "-" "Mozilla/5.0 (compatible; MJ12bot/v1.4.8; http://mj12bot.com/)" 
148.251.41.239 - - [03/Apr/2020:03:23:36 -0700] "GET /2018/quick-thank-you-to-fiona-for-posting-the?_t=rss HTTP/1.1" 200 5412 "-" "Mozilla/5.0 (compatible; MJ12bot/v1.4.8; http://mj12bot.com/)" 
204.12.197.234 - - [03/Apr/2020:03:23:38 -0700] "GET /content/bookmarkedpages/?q=%23%20%23Http://www.marigoldroma.com/&offset=209&_t=rss HTTP/1.1" 200 5125 "-" "Mozilla/5.0 (compatible; MJ12bot/v1.4.8; http://mj12bot.com/)" 
148.251.41.239 - - [03/Apr/2020:03:23:39 -0700] "GET /2018/rachellaudan-tone-of-voice-failure-i-was?_t=rss HTTP/1.1" 200 5402 "-" "Mozilla/5.0 (compatible; MJ12bot/v1.4.8; http://mj12bot.com/)" 
204.12.197.234 - - [03/Apr/2020:03:23:41 -0700] "GET /content/bookmarkedpages/?q=%23%20%23Http://www.marigoldroma.com/&offset=21 HTTP/1.1" 200 10730 "-" "Mozilla/5.0 (compatible; MJ12bot/v1.4.8; http://mj12bot.com/)" 
204.12.197.234 - - [03/Apr/2020:03:23:44 -0700] "GET /content/bookmarkedpages/?q=%23%20%23Http://www.marigoldroma.com/&offset=21&_t=rss HTTP/1.1" 200 6682 "-" "Mozilla/5.0 (compatible; MJ12bot/v1.4.8; http://mj12bot.com/)" 
148.251.41.239 - - [03/Apr/2020:03:23:46 -0700] "GET /2018/rachellaudan-what-i-really-want-to-know-is-how-close HTTP/1.1" 200 9572 "-" "Mozilla/5.0 (compatible; MJ12bot/v1.4.8; http://mj12bot.com/)" 
204.12.197.234 - - [03/Apr/2020:03:23:48 -0700] "GET /content/bookmarkedpages/?q=%23%20%23Http://www.marigoldroma.com/&offset=210 HTTP/1.1" 200 8060 "-" "Mozilla/5.0 (compatible; MJ12bot/v1.4.8; http://mj12bot.com/)" 
204.12.197.234 - - [03/Apr/2020:03:23:51 -0700] "GET /content/bookmarkedpages/?q=%23%20%23Http://www.marigoldroma.com/&offset=210&_t=rss HTTP/1.1" 200 5125 "-" "Mozilla/5.0 (compatible; MJ12bot/v1.4.8; http://mj12bot.com/)" 
204.12.197.234 - - [03/Apr/2020:03:23:53 -0700] "GET /content/bookmarkedpages/?q=%23%20%23Http://www.marigoldroma.com/&offset=211 HTTP/1.1" 200 4744 "-" "Mozilla/5.0 (compatible; MJ12bot/v1.4.8; http://mj12bot.com/)" 
148.251.41.239 - - [03/Apr/2020:03:23:54 -0700] "GET /2018/rachellaudan-what-i-really-want-to-know-is-how-close?_t=rss HTTP/1.1" 200 5375 "-" "Mozilla/5.0 (compatible; MJ12bot/v1.4.8; http://mj12bot.com/)" 
204.12.197.234 - - [03/Apr/2020:03:23:56 -0700] "GET /content/bookmarkedpages/?q=%23%20%23Http://www.marigoldroma.com/&offset=211&_t=rss HTTP/1.1" 200 5125 "-" "Mozilla/5.0 (compatible; MJ12bot/v1.4.8; http://mj12bot.com/)" 
204.12.197.234 - - [03/Apr/2020:03:23:58 -0700] "GET /content/bookmarkedpages/?q=%23%20%23Http://www.marigoldroma.com/&offset=215 HTTP/1.1" 200 4744 "-" "Mozilla/5.0 (compatible; MJ12bot/v1.4.8; http://mj12bot.com/)" 
148.251.41.239 - - [03/Apr/2020:03:23:59 -0700] "GET /2018/read-it-and-weep-tears-of-joy-bonnie-ohara-of?_t=rss HTTP/1.1" 200 5548 "-" "Mozilla/5.0 (compatible; MJ12bot/v1.4.8; http://mj12bot.com/)" 
204.12.197.234 - - [03/Apr/2020:03:23:59 -0700] "GET /content/bookmarkedpages/?q=%23%20%23Http://www.marigoldroma.com/&offset=215&_t=rss HTTP/1.1" 200 1809 "-" "Mozilla/5.0 (compatible; MJ12bot/v1.4.8; http://mj12bot.com/)" 
204.12.197.234 - - [03/Apr/2020:03:24:01 -0700] "GET /content/bookmarkedpages/?q=%23%20%23Http://www.marigoldroma.com/&offset=218 HTTP/1.1" 200 4745 "-" "Mozilla/5.0 (compatible; MJ12bot/v1.4.8; http://mj12bot.com/)" 
204.12.197.234 - - [03/Apr/2020:03:24:03 -0700] "GET /content/bookmarkedpages/?q=%23%20%23Http://www.marigoldroma.com/&offset=218&_t=rss HTTP/1.1" 200 1809 "-" "Mozilla/5.0 (compatible; MJ12bot/v1.4.8; http://mj12bot.com/)" 
148.251.41.239 - - [03/Apr/2020:03:24:05 -0700] "GET /2018/reclaiming-your-social-life-online?_t=rss HTTP/1.1" 200 5413 "-" "Mozilla/5.0 (compatible; MJ12bot/v1.4.8; http://mj12bot.com/)" 
204.12.197.234 - - [03/Apr/2020:03:24:06 -0700] "GET /content/bookmarkedpages/?q=%23%20%23Http://www.marigoldroma.com/&offset=219 HTTP/1.1" 200 8061 "-" "Mozilla/5.0 (compatible; MJ12bot/v1.4.8; http://mj12bot.com/)" 
204.12.197.234 - - [03/Apr/2020:03:24:11 -0700] "GET /content/bookmarkedpages/?q=%23%20%23Http://www.marigoldroma.com/&offset=219&_t=rss HTTP/1.1" 200 5125 "-" "Mozilla/5.0 (compatible; MJ12bot/v1.4.8; http://mj12bot.com/)" 
148.251.41.239 - - [03/Apr/2020:03:24:13 -0700] "GET /2018/remarkable-high-school-students-prefer-vegetables-seasoned-with-herbs-and?_t=rss HTTP/1.1" 200 5618 "-" "Mozilla/5.0 (compatible; MJ12bot/v1.4.8; http://mj12bot.com/)" 
204.12.197.234 - - [03/Apr/2020:03:24:14 -0700] "GET /content/bookmarkedpages/?q=%23%20%23Http://www.marigoldroma.com/&offset=220 HTTP/1.1" 200 8061 "-" "Mozilla/5.0 (compatible; MJ12bot/v1.4.8; http://mj12bot.com/)" 
204.12.197.234 - - [03/Apr/2020:03:24:17 -0700] "GET /content/bookmarkedpages/?q=%23%20%23Http://www.marigoldroma.com/&offset=220&_t=rss HTTP/1.1" 200 5125 "-" "Mozilla/5.0 (compatible; MJ12bot/v1.4.8; http://mj12bot.com/)" 
204.12.197.234 - - [03/Apr/2020:03:24:21 -0700] "GET /content/bookmarkedpages/?q=%23%20%23Http://www.marigoldroma.com/&offset=221 HTTP/1.1" 200 8060 "-" "Mozilla/5.0 (compatible; MJ12bot/v1.4.8; http://mj12bot.com/)" 
148.251.41.239 - - [03/Apr/2020:03:24:22 -0700] "GET /2018/result HTTP/1.1" 200 11905 "-" "Mozilla/5.0 (compatible; MJ12bot/v1.4.8; http://mj12bot.com/)" 
204.12.197.234 - - [03/Apr/2020:03:24:22 -0700] "GET /content/bookmarkedpages/?q=%23%20%23Http://www.marigoldroma.com/&offset=221&_t=rss HTTP/1.1" 200 1809 "-" "Mozilla/5.0 (compatible; MJ12bot/v1.4.8; http://mj12bot.com/)" 
204.12.197.234 - - [03/Apr/2020:03:24:24 -0700] "GET /content/bookmarkedpages/?q=%23%20%23Http://www.marigoldroma.com/&offset=225 HTTP/1.1" 200 4745 "-" "Mozilla/5.0 (compatible; MJ12bot/v1.4.8; http://mj12bot.com/)" 
204.12.197.234 - - [03/Apr/2020:03:24:25 -0700] "GET /content/bookmarkedpages/?q=%23%20%23Http://www.marigoldroma.com/&offset=225&_t=rss HTTP/1.1" 200 1809 "-" "Mozilla/5.0 (compatible; MJ12bot/v1.4.8; http://mj12bot.com/)" 
204.12.197.234 - - [03/Apr/2020:03:24:27 -0700] "GET /content/bookmarkedpages/?q=%23%20%23Http://www.marigoldroma.com/&offset=228 HTTP/1.1" 200 4745 "-" "Mozilla/5.0 (compatible; MJ12bot/v1.4.8; http://mj12bot.com/)" 
204.12.197.234 - - [03/Apr/2020:03:24:29 -0700] "GET /content/bookmarkedpages/?q=%23%20%23Http://www.marigoldroma.com/&offset=228&_t=rss HTTP/1.1" 200 1809 "-" "Mozilla/5.0 (compatible; MJ12bot/v1.4.8; http://mj12bot.com/)" 
148.251.41.239 - - [03/Apr/2020:03:24:31 -0700] "GET /2018/risk-taking HTTP/1.1" 200 9481 "-" "Mozilla/5.0 (compatible; MJ12bot/v1.4.8; http://mj12bot.com/)" 
159.65.237.194 - - [03/Apr/2020:03:24:31 -0700] "GET /?_t=rss HTTP/1.1" 304 3742 "-" "NewsBlur Feed Fetcher - 1 subscriber - http://www.newsblur.com/site/7603923/jeremy-cherfas (Mozilla/5.0 (Macintosh; Intel Mac OS X 10_12_3) AppleWebKit/537.36 (KHTML, like Gecko) Chrome/56.0.2924.87 Safari/537.36)" 
204.12.197.234 - - [03/Apr/2020:03:24:32 -0700] "GET /content/bookmarkedpages/?q=%23%20%23Http://www.marigoldroma.com/&offset=229 HTTP/1.1" 200 8061 "-" "Mozilla/5.0 (compatible; MJ12bot/v1.4.8; http://mj12bot.com/)" 
159.65.237.194 - - [03/Apr/2020:03:24:31 -0700] "GET /?_t=rss HTTP/1.1" 304 3710 "-" "NewsBlur Feed Fetcher - 1 subscriber - http://www.newsblur.com/site/7603923/jeremy-cherfas (Mozilla/5.0 (Macintosh; Intel Mac OS X 10_12_3) AppleWebKit/537.36 (KHTML, like Gecko) Chrome/56.0.2924.87 Safari/537.36)" 
159.65.237.194 - - [03/Apr/2020:03:24:32 -0700] "GET / HTTP/1.1" 200 11820 "-" "NewsBlur Page Fetcher - 1 subscriber - http://www.newsblur.com/site/7603923/jeremy-cherfas (Mozilla/5.0 (Macintosh; Intel Mac OS X 10_7_1) AppleWebKit/534.48.3 (KHTML, like Gecko) Version/5.1 Safari/534.48.3)" 
148.251.41.239 - - [03/Apr/2020:03:24:34 -0700] "GET /2018/risk-taking?_t=rss HTTP/1.1" 200 5317 "-" "Mozilla/5.0 (compatible; MJ12bot/v1.4.8; http://mj12bot.com/)" 
204.12.197.234 - - [03/Apr/2020:03:24:36 -0700] "GET /content/bookmarkedpages/?q=%23%20%23Http://www.marigoldroma.com/&offset=229&_t=rss HTTP/1.1" 200 5125 "-" "Mozilla/5.0 (compatible; MJ12bot/v1.4.8; http://mj12bot.com/)" 
204.12.197.234 - - [03/Apr/2020:03:24:39 -0700] "GET /content/bookmarkedpages/?q=%23%20%23Http://www.marigoldroma.com/&offset=230 HTTP/1.1" 200 8061 "-" "Mozilla/5.0 (compatible; MJ12bot/v1.4.8; http://mj12bot.com/)" 
204.12.197.234 - - [03/Apr/2020:03:24:43 -0700] "GET /content/bookmarkedpages/?q=%23%20%23Http://www.marigoldroma.com/&offset=230&_t=rss HTTP/1.1" 200 5125 "-" "Mozilla/5.0 (compatible; MJ12bot/v1.4.8; http://mj12bot.com/)" 
204.12.197.234 - - [03/Apr/2020:03:24:46 -0700] "GET /content/bookmarkedpages/?q=%23%20%23Http://www.marigoldroma.com/&offset=231 HTTP/1.1" 200 8061 "-" "Mozilla/5.0 (compatible; MJ12bot/v1.4.8; http://mj12bot.com/)" 
204.12.197.234 - - [03/Apr/2020:03:24:50 -0700] "GET /content/bookmarkedpages/?q=%23%20%23Http://www.marigoldroma.com/&offset=231&_t=rss HTTP/1.1" 200 5125 "-" "Mozilla/5.0 (compatible; MJ12bot/v1.4.8; http://mj12bot.com/)" 
204.12.197.234 - - [03/Apr/2020:03:24:51 -0700] "GET /content/bookmarkedpages/?q=%23%20%23Http://www.marigoldroma.com/&offset=235 HTTP/1.1" 200 4745 "-" "Mozilla/5.0 (compatible; MJ12bot/v1.4.8; http://mj12bot.com/)" 
204.12.197.234 - - [03/Apr/2020:03:24:53 -0700] "GET /content/bookmarkedpages/?q=%23%20%23Http://www.marigoldroma.com/&offset=235&_t=rss HTTP/1.1" 200 1809 "-" "Mozilla/5.0 (compatible; MJ12bot/v1.4.8; http://mj12bot.com/)" 
204.12.197.234 - - [03/Apr/2020:03:24:55 -0700] "GET /content/bookmarkedpages/?q=%23%20%23Http://www.marigoldroma.com/&offset=238 HTTP/1.1" 200 4744 "-" "Mozilla/5.0 (compatible; MJ12bot/v1.4.8; http://mj12bot.com/)" 
204.12.197.234 - - [03/Apr/2020:03:24:56 -0700] "GET /content/bookmarkedpages/?q=%23%20%23Http://www.marigoldroma.com/&offset=238&_t=rss HTTP/1.1" 200 1809 "-" "Mozilla/5.0 (compatible; MJ12bot/v1.4.8; http://mj12bot.com/)" 
54.36.149.58 - - [03/Apr/2020:03:24:59 -0700] "GET /tag/indieweb?offset=105 HTTP/1.1" 200 11785 "-" "Mozilla/5.0 (compatible; AhrefsBot/6.1; +http://ahrefs.com/robot/)" 
204.12.197.234 - - [03/Apr/2020:03:25:00 -0700] "GET /content/bookmarkedpages/?q=%23%20%23Http://www.marigoldroma.com/&offset=239 HTTP/1.1" 200 8061 "-" "Mozilla/5.0 (compatible; MJ12bot/v1.4.8; http://mj12bot.com/)" 
204.12.197.234 - - [03/Apr/2020:03:25:05 -0700] "GET /content/bookmarkedpages/?q=%23%20%23Http://www.marigoldroma.com/&offset=239&_t=rss HTTP/1.1" 200 5125 "-" "Mozilla/5.0 (compatible; MJ12bot/v1.4.8; http://mj12bot.com/)" 
204.12.197.234 - - [03/Apr/2020:03:25:08 -0700] "GET /content/bookmarkedpages/?q=%23%20%23Http://www.marigoldroma.com/&offset=240 HTTP/1.1" 200 8061 "-" "Mozilla/5.0 (compatible; MJ12bot/v1.4.8; http://mj12bot.com/)" 
204.12.197.234 - - [03/Apr/2020:03:25:11 -0700] "GET /content/bookmarkedpages/?q=%23%20%23Http://www.marigoldroma.com/&offset=240&_t=rss HTTP/1.1" 200 5125 "-" "Mozilla/5.0 (compatible; MJ12bot/v1.4.8; http://mj12bot.com/)" 
204.12.197.234 - - [03/Apr/2020:03:25:15 -0700] "GET /content/bookmarkedpages/?q=%23%20%23Http://www.marigoldroma.com/&offset=241 HTTP/1.1" 200 8060 "-" "Mozilla/5.0 (compatible; MJ12bot/v1.4.8; http://mj12bot.com/)" 
34.229.112.125 - - [03/Apr/2020:03:28:37 -0700] "GET /feed/ HTTP/1.1" 304 3480 "https://www.google.com/" "Mozilla/5.0 (Windows NT 10.0; Win64; x64) AppleWebKit/537.36 (KHTML, like Gecko) Chrome/78.0.3904.108 Safari/537.36" 
207.46.13.191 - - [03/Apr/2020:03:28:48 -0700] "GET /2020/john-naughton-asks-also-isnt-herd-immunity HTTP/1.1" 200 9739 "-" "Mozilla/5.0 (compatible; bingbot/2.0; +http://www.bing.com/bingbot.htm)" 
46.229.168.150 - - [03/Apr/2020:03:28:57 -0700] "GET /content/rsvp/?q=%23micromonday HTTP/1.1" 200 8497 "-" "Mozilla/5.0 (compatible; SemrushBot/6~bl; +http://www.semrush.com/bot.html)" 
54.36.149.54 - - [03/Apr/2020:03:29:57 -0700] "GET /content/photos/?offset=627&_t=rss HTTP/1.1" 200 6662 "-" "Mozilla/5.0 (compatible; AhrefsBot/6.1; +http://ahrefs.com/robot/)" 
46.229.168.146 - - [03/Apr/2020:03:30:27 -0700] "GET /2018/language-log-has-set-out-its-stall-and-its-intentions HTTP/1.1" 200 9679 "-" "Mozilla/5.0 (compatible; SemrushBot/6~bl; +http://www.semrush.com/bot.html)" 
17.58.98.110 - - [03/Apr/2020:03:30:32 -0700] "GET /robots.txt HTTP/1.1" 200 4322 "-" "Mozilla/5.0 (Macintosh; Intel Mac OS X 10_10_1) AppleWebKit/600.2.5 (KHTML, like Gecko) Version/8.0.2 Safari/600.2.5 (Applebot/0.1; +http://www.apple.com/go/applebot)" 
17.58.96.249 - - [03/Apr/2020:03:30:32 -0700] "GET /2018/anyone-using-ownyourgram-with-the-latest-master HTTP/1.1" 200 10104 "-" "Mozilla/5.0 (Macintosh; Intel Mac OS X 10_10_1) AppleWebKit/600.2.5 (KHTML, like Gecko) Version/8.0.2 Safari/600.2.5 (Applebot/0.1; +http://www.apple.com/go/applebot)" 
54.36.150.36 - - [03/Apr/2020:03:30:37 -0700] "GET /content/statusupdates/?offset=365&_t=rss HTTP/1.1" 200 6465 "-" "Mozilla/5.0 (compatible; AhrefsBot/6.1; +http://ahrefs.com/robot/)" 
54.36.150.163 - - [03/Apr/2020:03:30:46 -0700] "GET /content/all/?offset=10 HTTP/1.1" 200 11691 "-" "Mozilla/5.0 (compatible; AhrefsBot/6.1; +http://ahrefs.com/robot/)" 
54.36.148.76 - - [03/Apr/2020:03:31:00 -0700] "GET /content/bookmarkedpages/?offset=327&_t=rss HTTP/1.1" 200 6757 "-" "Mozilla/5.0 (compatible; AhrefsBot/6.1; +http://ahrefs.com/robot/)" 
34.227.14.114 - - [03/Apr/2020:03:31:57 -0700] "GET /2018/about-webmentions HTTP/1.1" 200 10965 "-" "Mozilla/5.0 (Windows NT 6.1; rv:15.0) Gecko/20120716 Firefox/15.0a2" 
54.36.150.115 - - [03/Apr/2020:03:32:03 -0700] "GET /tag/Sourdough?offset=3&_t=rss HTTP/1.1" 200 8012 "-" "Mozilla/5.0 (compatible; AhrefsBot/6.1; +http://ahrefs.com/robot/)" 
34.227.14.114 - - [03/Apr/2020:03:32:09 -0700] "GET /tag/IndieWeb HTTP/1.1" 200 11814 "-" "Mozilla/5.0 (Windows NT 6.1; rv:15.0) Gecko/20120716 Firefox/15.0a2" 
54.36.149.81 - - [03/Apr/2020:03:32:21 -0700] "GET /content/photos/?offset=4&_t=rss HTTP/1.1" 200 7256 "-" "Mozilla/5.0 (compatible; AhrefsBot/6.1; +http://ahrefs.com/robot/)" 
54.36.150.181 - - [03/Apr/2020:03:32:42 -0700] "GET /?q=%23IndieWeb&offset=120 HTTP/1.1" 200 11723 "-" "Mozilla/5.0 (compatible; AhrefsBot/6.1; +http://ahrefs.com/robot/)" 
46.229.168.144 - - [03/Apr/2020:03:32:51 -0700] "GET /2019/so-pleased-to-be-able-to-announce-that-sourdough-u HTTP/1.1" 200 16104 "-" "Mozilla/5.0 (compatible; SemrushBot/6~bl; +http://www.semrush.com/bot.html)" 
54.36.150.30 - - [03/Apr/2020:03:33:47 -0700] "GET /content/statusupdates/warmup/?offset=197&_t=rss HTTP/1.1" 200 7520 "-" "Mozilla/5.0 (compatible; AhrefsBot/6.1; +http://ahrefs.com/robot/)" 
114.119.165.105 - - [03/Apr/2020:03:33:55 -0700] "GET /content/all?q=%23%2B%23bread HTTP/1.1" 200 12412 "-" "Mozilla/5.0 (Linux; Android 7.0;) AppleWebKit/537.36 (KHTML, like Gecko) Mobile Safari/537.36 (compatible; AspiegelBot)" 
46.229.168.144 - - [03/Apr/2020:03:34:20 -0700] "GET /tag/indieweb?offset=70 HTTP/1.1" 200 13138 "-" "Mozilla/5.0 (compatible; SemrushBot/6~bl; +http://www.semrush.com/bot.html)" 
54.36.150.173 - - [03/Apr/2020:03:35:24 -0700] "GET /?q=%23IndieWeb&offset=35 HTTP/1.1" 200 11264 "-" "Mozilla/5.0 (compatible; AhrefsBot/6.1; +http://ahrefs.com/robot/)" 
46.229.168.145 - - [03/Apr/2020:03:35:35 -0700] "GET /content/locations/?offset=10 HTTP/1.1" 200 10945 "-" "Mozilla/5.0 (compatible; SemrushBot/6~bl; +http://www.semrush.com/bot.html)" 
77.88.5.71 - - [03/Apr/2020:03:35:49 -0700] "GET /robots.txt HTTP/1.1" 200 4593 "-" "Mozilla/5.0 (compatible; YandexBot/3.0; +http://yandex.com/bots)" 
77.88.5.71 - - [03/Apr/2020:03:35:53 -0700] "GET /file/a19e01401da6487d99880e07b7395341/thumb.jpg HTTP/1.1" 304 3726 "-" "Mozilla/5.0 (compatible; YandexImages/3.0; +http://yandex.com/bots)" 
54.36.150.1 - - [03/Apr/2020:03:36:14 -0700] "GET /content/replies/?offset=188&_t=rss HTTP/1.1" 200 7365 "-" "Mozilla/5.0 (compatible; AhrefsBot/6.1; +http://ahrefs.com/robot/)" 
141.98.255.145 - - [03/Apr/2020:03:36:25 -0700] "POST /micropub/endpoint HTTP/1.1" 403 4185 "-" "Mozilla/5.0 (Macintosh; Intel Mac OS X 10.13; rv:74.0) Gecko/20100101 Firefox/74.0" 
173.230.155.197 - - [03/Apr/2020:03:36:57 -0700] "POST /micropub/endpoint HTTP/1.1" 400 4257 "-" "-" 
54.36.148.79 - - [03/Apr/2020:03:37:03 -0700] "GET /content/photos/?q=%23bread&offset=25 HTTP/1.1" 200 12372 "-" "Mozilla/5.0 (compatible; AhrefsBot/6.1; +http://ahrefs.com/robot/)" 
54.36.149.78 - - [03/Apr/2020:03:37:10 -0700] "GET /tag/WithKnown?offset=22 HTTP/1.1" 200 13763 "-" "Mozilla/5.0 (compatible; AhrefsBot/6.1; +http://ahrefs.com/robot/)" 
64.111.100.215 - - [03/Apr/2020:03:38:00 -0700] "GET /content/all?_t=rss HTTP/1.1" 200 16497 "-" "Mozilla/5.0 (X11; U; Linux i686; fr; rv:1.9.1.1) Gecko/20090715 Firefox/3.5.1" 
54.36.148.3 - - [03/Apr/2020:03:38:34 -0700] "GET /content/photos/?offset=308 HTTP/1.1" 200 10951 "-" "Mozilla/5.0 (compatible; AhrefsBot/6.1; +http://ahrefs.com/robot/)" 
54.36.148.245 - - [03/Apr/2020:03:39:13 -0700] "GET /profile/jeremy?offset=165&_t=rss HTTP/1.1" 200 7255 "-" "Mozilla/5.0 (compatible; AhrefsBot/6.1; +http://ahrefs.com/robot/)" 
54.36.150.37 - - [03/Apr/2020:03:39:31 -0700] "GET /tag/Indieweb?offset=134&_t=rss HTTP/1.1" 200 7364 "-" "Mozilla/5.0 (compatible; AhrefsBot/6.1; +http://ahrefs.com/robot/)" 
54.36.148.207 - - [03/Apr/2020:03:39:33 -0700] "GET /content/bookmarkedpages/?offset=174 HTTP/1.1" 200 10594 "-" "Mozilla/5.0 (compatible; AhrefsBot/6.1; +http://ahrefs.com/robot/)" 
54.36.150.17 - - [03/Apr/2020:03:39:41 -0700] "GET /content/all?offset=870 HTTP/1.1" 200 11199 "-" "Mozilla/5.0 (compatible; AhrefsBot/6.1; +http://ahrefs.com/robot/)" 
114.119.160.143 - - [03/Apr/2020:03:39:58 -0700] "GET /tag/Fornacalia?offset=0 HTTP/1.1" 200 12905 "-" "Mozilla/5.0 (Linux; Android 7.0;) AppleWebKit/537.36 (KHTML, like Gecko) Mobile Safari/537.36 (compatible; AspiegelBot)" 
54.36.150.30 - - [03/Apr/2020:03:40:20 -0700] "GET /?offset=420&_t=rss HTTP/1.1" 200 6846 "-" "Mozilla/5.0 (compatible; AhrefsBot/6.1; +http://ahrefs.com/robot/)" 
54.36.148.138 - - [03/Apr/2020:03:41:04 -0700] "GET /?q=%23+%23Rome&offset=1 HTTP/1.1" 200 12818 "-" "Mozilla/5.0 (compatible; AhrefsBot/6.1; +http://ahrefs.com/robot/)" 
46.229.168.163 - - [03/Apr/2020:03:41:10 -0700] "GET /?offset=110 HTTP/1.1" 200 11571 "-" "Mozilla/5.0 (compatible; SemrushBot/6~bl; +http://www.semrush.com/bot.html)" 
46.229.168.148 - - [03/Apr/2020:03:41:54 -0700] "GET /?offset=70 HTTP/1.1" 200 11315 "-" "Mozilla/5.0 (compatible; SemrushBot/6~bl; +http://www.semrush.com/bot.html)" 
54.36.150.32 - - [03/Apr/2020:03:42:15 -0700] "GET /content/bookmarkedpages/?offset=125&_t=rss HTTP/1.1" 200 6779 "-" "Mozilla/5.0 (compatible; AhrefsBot/6.1; +http://ahrefs.com/robot/)" 
46.229.168.129 - - [03/Apr/2020:03:43:00 -0700] "GET /2018/journeymanhisto-i-find-it-incomprehensible-why-anyone HTTP/1.1" 200 10512 "-" "Mozilla/5.0 (compatible; SemrushBot/6~bl; +http://www.semrush.com/bot.html)" 
207.46.13.134 - - [03/Apr/2020:03:43:28 -0700] "GET /2018/i-really-do-not-understand-the-nofilter HTTP/1.1" 200 10794 "-" "Mozilla/5.0 (compatible; bingbot/2.0; +http://www.bing.com/bingbot.htm)" 
54.36.148.58 - - [03/Apr/2020:03:44:19 -0700] "GET /content/all/?offset=950&_t=rss HTTP/1.1" 200 7278 "-" "Mozilla/5.0 (compatible; AhrefsBot/6.1; +http://ahrefs.com/robot/)" 
66.249.70.18 - - [03/Apr/2020:03:46:05 -0700] "GET /robots.txt HTTP/1.1" 200 4613 "-" "Mozilla/5.0 (compatible; Googlebot/2.1; +http://www.google.com/bot.html)" 
66.249.70.16 - - [03/Apr/2020:03:46:05 -0700] "GET /2017/wheres-the-romance-in-milking-300-sheep-by-hand-twice HTTP/1.1" 200 9981 "-" "Mozilla/5.0 (Linux; Android 6.0.1; Nexus 5X Build/MMB29P) AppleWebKit/537.36 (KHTML, like Gecko) Chrome/41.0.2272.96 Mobile Safari/537.36 (compatible; Googlebot/2.1; +http://www.google.com/bot.html)" 
114.119.164.86 - - [03/Apr/2020:03:46:09 -0700] "GET /tag/IndieWeb?offset=40 HTTP/1.1" 200 10997 "-" "Mozilla/5.0 (Linux; Android 7.0;) AppleWebKit/537.36 (KHTML, like Gecko) Mobile Safari/537.36 (compatible; AspiegelBot)" 
66.249.70.18 - - [03/Apr/2020:03:46:10 -0700] "GET /service/web/unfurl/?url=http%3A%2F%2Fwww.eatthispodcast.com%2Fgood-industrial-food&__bTk=5d263e457835db7ba81b873177a7e005da29eef04256b8dda8075a3cdd967a49&__bTs=1583712000 HTTP/1.1" 403 4641 "https://www.stream.jeremycherfas.net/2017/wheres-the-romance-in-milking-300-sheep-by-hand-twice" "Mozilla/5.0 (Linux; Android 6.0.1; Nexus 5X Build/MMB29P) AppleWebKit/537.36 (KHTML, like Gecko) Chrome/80.0.3987.92 Mobile Safari/537.36 (compatible; Googlebot/2.1; +http://www.google.com/bot.html)" 
66.249.70.18 - - [03/Apr/2020:03:46:10 -0700] "GET /service/web/unfurl/?url=http%3A%2F%2Fwww.eatthispodcast.com%2Fgood-industrial-food&__bTk=5d263e457835db7ba81b873177a7e005da29eef04256b8dda8075a3cdd967a49&__bTs=1584996771 HTTP/1.1" 403 1324 "https://www.stream.jeremycherfas.net/2017/wheres-the-romance-in-milking-300-sheep-by-hand-twice" "Mozilla/5.0 (Linux; Android 6.0.1; Nexus 5X Build/MMB29P) AppleWebKit/537.36 (KHTML, like Gecko) Chrome/80.0.3987.92 Mobile Safari/537.36 (compatible; Googlebot/2.1; +http://www.google.com/bot.html)" 
96.126.125.129 - - [03/Apr/2020:03:46:31 -0700] "GET /content/statusupdates/posts/photos/checkins/bookmarkedpages?_t=rss HTTP/1.1" 200 7707 "-" "Micro.blog/1.0" 
66.249.70.16 - - [03/Apr/2020:03:46:37 -0700] "GET /content/all/?offset=531&_t=amp HTTP/1.1" 200 11409 "-" "Mozilla/5.0 (Linux; Android 6.0.1; Nexus 5X Build/MMB29P) AppleWebKit/537.36 (KHTML, like Gecko) Chrome/41.0.2272.96 Mobile Safari/537.36 (compatible; Googlebot/2.1; +http://www.google.com/bot.html)" 
46.229.168.133 - - [03/Apr/2020:03:46:41 -0700] "GET /2019/finished-reading-the-cockroach-by-ian-mcewan HTTP/1.1" 200 9434 "-" "Mozilla/5.0 (compatible; SemrushBot/6~bl; +http://www.semrush.com/bot.html)" 
66.249.70.16 - - [03/Apr/2020:03:46:57 -0700] "GET /content/all/?offset=1571 HTTP/1.1" 200 11999 "-" "Mozilla/5.0 (Linux; Android 6.0.1; Nexus 5X Build/MMB29P) AppleWebKit/537.36 (KHTML, like Gecko) Chrome/41.0.2272.96 Mobile Safari/537.36 (compatible; Googlebot/2.1; +http://www.google.com/bot.html)" 
66.249.70.20 - - [03/Apr/2020:03:47:09 -0700] "GET /service/web/unfurl/?url=https%3A%2F%2Fwww.eatthispodcast.com%2Fthose-farmer-suicides%2F&__bTk=c4fedfcdfd46662d2bf57eef621d592430cd12ad270b35ef55f84e362f208636&__bTs=1583439488 HTTP/1.1" 403 4646 "https://www.stream.jeremycherfas.net/content/all/?offset=1571" "Mozilla/5.0 (Linux; Android 6.0.1; Nexus 5X Build/MMB29P) AppleWebKit/537.36 (KHTML, like Gecko) Chrome/80.0.3987.92 Mobile Safari/537.36 (compatible; Googlebot/2.1; +http://www.google.com/bot.html)" 
66.249.70.20 - - [03/Apr/2020:03:47:09 -0700] "GET /service/web/unfurl/?url=https%3A%2F%2Fwww.eatthispodcast.com%2Fthose-farmer-suicides%2F&__bTk=c4fedfcdfd46662d2bf57eef621d592430cd12ad270b35ef55f84e362f208636&__bTs=1583439488 HTTP/1.1" 403 1329 "https://www.stream.jeremycherfas.net/content/all/?offset=1571" "Mozilla/5.0 (Linux; Android 6.0.1; Nexus 5X Build/MMB29P) AppleWebKit/537.36 (KHTML, like Gecko) Chrome/80.0.3987.92 Mobile Safari/537.36 (compatible; Googlebot/2.1; +http://www.google.com/bot.html)" 
66.249.70.18 - - [03/Apr/2020:03:47:13 -0700] "GET /content/all/?offset=563&_t=amp HTTP/1.1" 200 12098 "-" "Mozilla/5.0 (Linux; Android 6.0.1; Nexus 5X Build/MMB29P) AppleWebKit/537.36 (KHTML, like Gecko) Chrome/41.0.2272.96 Mobile Safari/537.36 (compatible; Googlebot/2.1; +http://www.google.com/bot.html)" 
66.249.70.16 - - [03/Apr/2020:03:47:18 -0700] "GET /service/web/unfurl/?url=https%3A%2F%2Fbrettterpstra.com%2F2019%2F04%2F10%2Fcodename-nvultra%2F&__bTk=9bfe14af5f4e9e4706a147864eff39af45bf60c8c5e5c5c9538cfcf33e2e293b&__bTs=1583712000 HTTP/1.1" 403 4653 "https://www.stream.jeremycherfas.net/content/all/?offset=563&_t=amp" "Mozilla/5.0 (Linux; Android 6.0.1; Nexus 5X Build/MMB29P) AppleWebKit/537.36 (KHTML, like Gecko) Chrome/80.0.3987.92 Mobile Safari/537.36 (compatible; Googlebot/2.1; +http://www.google.com/bot.html)" 
66.249.70.16 - - [03/Apr/2020:03:47:19 -0700] "GET /service/web/unfurl/?url=https%3A%2F%2Fbrettterpstra.com%2F2019%2F04%2F10%2Fcodename-nvultra%2F&__bTk=9bfe14af5f4e9e4706a147864eff39af45bf60c8c5e5c5c9538cfcf33e2e293b&__bTs=1583819872 HTTP/1.1" 403 1336 "https://www.stream.jeremycherfas.net/content/all/?offset=563&_t=amp" "Mozilla/5.0 (Linux; Android 6.0.1; Nexus 5X Build/MMB29P) AppleWebKit/537.36 (KHTML, like Gecko) Chrome/80.0.3987.92 Mobile Safari/537.36 (compatible; Googlebot/2.1; +http://www.google.com/bot.html)" 
66.249.70.12 - - [03/Apr/2020:03:47:27 -0700] "GET /content/all/?q=%23+%23indieweb&offset=42 HTTP/1.1" 200 11843 "-" "Mozilla/5.0 (Linux; Android 6.0.1; Nexus 5X Build/MMB29P) AppleWebKit/537.36 (KHTML, like Gecko) Chrome/41.0.2272.96 Mobile Safari/537.36 (compatible; Googlebot/2.1; +http://www.google.com/bot.html)" 
66.249.70.12 - - [03/Apr/2020:03:47:43 -0700] "GET /?offset=1811&_t=amp HTTP/1.1" 200 12264 "-" "Mozilla/5.0 (Linux; Android 6.0.1; Nexus 5X Build/MMB29P) AppleWebKit/537.36 (KHTML, like Gecko) Chrome/41.0.2272.96 Mobile Safari/537.36 (compatible; Googlebot/2.1; +http://www.google.com/bot.html)" 
54.36.148.164 - - [03/Apr/2020:03:47:45 -0700] "GET /content/all/?q=%23IndieWeb&offset=70 HTTP/1.1" 200 12894 "-" "Mozilla/5.0 (compatible; AhrefsBot/6.1; +http://ahrefs.com/robot/)" 
66.249.70.12 - - [03/Apr/2020:03:47:58 -0700] "GET /content/all?offset=1823&_t=rss HTTP/1.1" 200 8265 "-" "Mozilla/5.0 (Linux; Android 6.0.1; Nexus 5X Build/MMB29P) AppleWebKit/537.36 (KHTML, like Gecko) Chrome/41.0.2272.96 Mobile Safari/537.36 (compatible; Googlebot/2.1; +http://www.google.com/bot.html)" 
96.126.125.129 - - [03/Apr/2020:03:48:02 -0700] "GET /content/statusupdates/posts/photos/checkins/bookmarkedpages?_t=rss HTTP/1.1" 200 7707 "-" "Micro.blog/1.0" 
54.36.148.12 - - [03/Apr/2020:03:48:07 -0700] "GET /profile/jeremy?offset=456 HTTP/1.1" 200 15228 "-" "Mozilla/5.0 (compatible; AhrefsBot/6.1; +http://ahrefs.com/robot/)" 
54.36.148.54 - - [03/Apr/2020:03:48:15 -0700] "GET /2020/100%25-wholewheat-sourdough-to-be-savoured-with-soup-for-lunch?_t=rss HTTP/1.1" 200 5336 "-" "Mozilla/5.0 (compatible; AhrefsBot/6.1; +http://ahrefs.com/robot/)" 
66.249.70.14 - - [03/Apr/2020:03:48:16 -0700] "GET /content/statusupdates/?q=%23flower&_t=rss HTTP/1.1" 200 5093 "-" "Mozilla/5.0 (Linux; Android 6.0.1; Nexus 5X Build/MMB29P) AppleWebKit/537.36 (KHTML, like Gecko) Chrome/41.0.2272.96 Mobile Safari/537.36 (compatible; Googlebot/2.1; +http://www.google.com/bot.html)" 
54.36.150.110 - - [03/Apr/2020:03:48:19 -0700] "GET /content/photos/?offset=440 HTTP/1.1" 200 10249 "-" "Mozilla/5.0 (compatible; AhrefsBot/6.1; +http://ahrefs.com/robot/)" 
46.229.168.133 - - [03/Apr/2020:03:48:33 -0700] "GET /content/statusupdates/?q=%23%2B%23Http%3A%2F%2Fagro.biodiver.se%2F HTTP/1.1" 200 8576 "-" "Mozilla/5.0 (compatible; SemrushBot/6~bl; +http://www.semrush.com/bot.html)" 
66.249.70.12 - - [03/Apr/2020:03:48:36 -0700] "GET /profile/jeremy?offset=348&_t=rss HTTP/1.1" 200 8318 "-" "Mozilla/5.0 (Linux; Android 6.0.1; Nexus 5X Build/MMB29P) AppleWebKit/537.36 (KHTML, like Gecko) Chrome/41.0.2272.96 Mobile Safari/537.36 (compatible; Googlebot/2.1; +http://www.google.com/bot.html)" 
66.249.70.12 - - [03/Apr/2020:03:48:48 -0700] "GET /content/all/?q=%23+%23indieweb&offset=32&_t=rss HTTP/1.1" 200 8162 "-" "Mozilla/5.0 (Linux; Android 6.0.1; Nexus 5X Build/MMB29P) AppleWebKit/537.36 (KHTML, like Gecko) Chrome/41.0.2272.96 Mobile Safari/537.36 (compatible; Googlebot/2.1; +http://www.google.com/bot.html)" 
66.249.70.12 - - [03/Apr/2020:03:49:03 -0700] "GET /?offset=1367 HTTP/1.1" 200 11529 "-" "Mozilla/5.0 (Linux; Android 6.0.1; Nexus 5X Build/MMB29P) AppleWebKit/537.36 (KHTML, like Gecko) Chrome/41.0.2272.96 Mobile Safari/537.36 (compatible; Googlebot/2.1; +http://www.google.com/bot.html)" 
207.46.13.134 - - [03/Apr/2020:03:49:06 -0700] "GET /content/audio/?q=%23sourdough&_t=rss HTTP/1.1" 200 5085 "-" "msnbot/2.0b (+http://search.msn.com/msnbot.htm)" 
66.249.70.12 - - [03/Apr/2020:03:49:28 -0700] "GET /?offset=477&_t=amp HTTP/1.1" 200 11307 "-" "Mozilla/5.0 (Linux; Android 6.0.1; Nexus 5X Build/MMB29P) AppleWebKit/537.36 (KHTML, like Gecko) Chrome/41.0.2272.96 Mobile Safari/537.36 (compatible; Googlebot/2.1; +http://www.google.com/bot.html)" 
46.229.168.143 - - [03/Apr/2020:03:49:35 -0700] "GET /content/rsvp/?q=%23seeded HTTP/1.1" 200 8492 "-" "Mozilla/5.0 (compatible; SemrushBot/6~bl; +http://www.semrush.com/bot.html)" 
66.249.70.12 - - [03/Apr/2020:03:49:42 -0700] "GET /content/all?offset=1843 HTTP/1.1" 200 11028 "-" "Mozilla/5.0 (Linux; Android 6.0.1; Nexus 5X Build/MMB29P) AppleWebKit/537.36 (KHTML, like Gecko) Chrome/41.0.2272.96 Mobile Safari/537.36 (compatible; Googlebot/2.1; +http://www.google.com/bot.html)" 
66.249.70.12 - - [03/Apr/2020:03:49:51 -0700] "GET /?offset=1377&_t=rss HTTP/1.1" 200 7478 "-" "Mozilla/5.0 (Linux; Android 6.0.1; Nexus 5X Build/MMB29P) AppleWebKit/537.36 (KHTML, like Gecko) Chrome/41.0.2272.96 Mobile Safari/537.36 (compatible; Googlebot/2.1; +http://www.google.com/bot.html)" 
66.249.70.12 - - [03/Apr/2020:03:50:12 -0700] "GET /IdnoPlugins/Media/external/wavesurfer/dist/wavesurfer.min.js HTTP/1.1" 200 10175 "https://stream.jeremycherfas.net/content/all?offset=1843" "Mozilla/5.0 (Linux; Android 6.0.1; Nexus 5X Build/MMB29P) AppleWebKit/537.36 (KHTML, like Gecko) Chrome/80.0.3987.92 Mobile Safari/537.36 (compatible; Googlebot/2.1; +http://www.google.com/bot.html)" 
66.249.70.12 - - [03/Apr/2020:03:50:12 -0700] "GET /service/web/unfurl/?url=http%3A%2F%2Fstream.withknown.com%2F2015%2Fa-short-note-about-web-standards-from-your-friends-at&__bTk=0f30efa28bb0b6caef7c8da5fe7d09bacfa3d5476b82565ac3968e35fad579d6&__bTs=1583712000 HTTP/1.1" 403 1338 "https://stream.jeremycherfas.net/content/all?offset=1843" "Mozilla/5.0 (Linux; Android 6.0.1; Nexus 5X Build/MMB29P) AppleWebKit/537.36 (KHTML, like Gecko) Chrome/80.0.3987.92 Mobile Safari/537.36 (compatible; Googlebot/2.1; +http://www.google.com/bot.html)" 
66.249.70.20 - - [03/Apr/2020:03:50:13 -0700] "GET /service/web/unfurl/?url=http%3A%2F%2Fxylellacodiro.blogspot.it%2F2017%2F07%2Fpuglia-has-failed-to-halt-xylella-eu.html&__bTk=c4fedfcdfd46662d2bf57eef621d592430cd12ad270b35ef55f84e362f208636&__bTs=1583439488 HTTP/1.1" 403 4677 "https://stream.jeremycherfas.net/content/all?offset=1843" "Mozilla/5.0 (Linux; Android 6.0.1; Nexus 5X Build/MMB29P) AppleWebKit/537.36 (KHTML, like Gecko) Chrome/80.0.3987.92 Mobile Safari/537.36 (compatible; Googlebot/2.1; +http://www.google.com/bot.html)" 
66.249.70.16 - - [03/Apr/2020:03:50:13 -0700] "GET /service/web/unfurl/?url=https%3A%2F%2Fwww.kateraworth.com%2F2017%2F07%2F14%2Ffor-21st-century-progress-pick-your-paradigm%2F&__bTk=c4fedfcdfd46662d2bf57eef621d592430cd12ad270b35ef55f84e362f208636&__bTs=1583439488 HTTP/1.1" 403 4683 "https://stream.jeremycherfas.net/content/all?offset=1843" "Mozilla/5.0 (Linux; Android 6.0.1; Nexus 5X Build/MMB29P) AppleWebKit/537.36 (KHTML, like Gecko) Chrome/80.0.3987.92 Mobile Safari/537.36 (compatible; Googlebot/2.1; +http://www.google.com/bot.html)" 
66.249.70.16 - - [03/Apr/2020:03:50:14 -0700] "GET /service/web/unfurl/?url=http%3A%2F%2Fstream.withknown.com%2F2015%2Fa-short-note-about-web-standards-from-your-friends-at&__bTk=0f30efa28bb0b6caef7c8da5fe7d09bacfa3d5476b82565ac3968e35fad579d6&__bTs=1585483630 HTTP/1.1" 403 4655 "https://stream.jeremycherfas.net/content/all?offset=1843" "Mozilla/5.0 (Linux; Android 6.0.1; Nexus 5X Build/MMB29P) AppleWebKit/537.36 (KHTML, like Gecko) Chrome/80.0.3987.92 Mobile Safari/537.36 (compatible; Googlebot/2.1; +http://www.google.com/bot.html)" 
66.249.70.12 - - [03/Apr/2020:03:50:14 -0700] "GET /service/web/unfurl/?url=http%3A%2F%2Fxylellacodiro.blogspot.it%2F2017%2F07%2Fpuglia-has-failed-to-halt-xylella-eu.html&__bTk=0f30efa28bb0b6caef7c8da5fe7d09bacfa3d5476b82565ac3968e35fad579d6&__bTs=1585483630 HTTP/1.1" 403 4653 "https://stream.jeremycherfas.net/content/all?offset=1843" "Mozilla/5.0 (Linux; Android 6.0.1; Nexus 5X Build/MMB29P) AppleWebKit/537.36 (KHTML, like Gecko) Chrome/80.0.3987.92 Mobile Safari/537.36 (compatible; Googlebot/2.1; +http://www.google.com/bot.html)" 
66.249.70.16 - - [03/Apr/2020:03:50:15 -0700] "GET /service/web/unfurl/?url=https%3A%2F%2Fwww.kateraworth.com%2F2017%2F07%2F14%2Ffor-21st-century-progress-pick-your-paradigm%2F&__bTk=0f30efa28bb0b6caef7c8da5fe7d09bacfa3d5476b82565ac3968e35fad579d6&__bTs=1585483630 HTTP/1.1" 403 4659 "https://stream.jeremycherfas.net/content/all?offset=1843" "Mozilla/5.0 (Linux; Android 6.0.1; Nexus 5X Build/MMB29P) AppleWebKit/537.36 (KHTML, like Gecko) Chrome/80.0.3987.92 Mobile Safari/537.36 (compatible; Googlebot/2.1; +http://www.google.com/bot.html)" 
66.249.70.14 - - [03/Apr/2020:03:50:18 -0700] "GET /service/web/unfurl/?url=https%3A%2F%2Ftwitter.com%2Ftimberners_lee%2Fstatus%2F976623318941003776&__bTk=0f30efa28bb0b6caef7c8da5fe7d09bacfa3d5476b82565ac3968e35fad579d6&__bTs=1583712000 HTTP/1.1" 403 4631 "https://stream.jeremycherfas.net/?offset=1367" "Mozilla/5.0 (Linux; Android 6.0.1; Nexus 5X Build/MMB29P) AppleWebKit/537.36 (KHTML, like Gecko) Chrome/80.0.3987.92 Mobile Safari/537.36 (compatible; Googlebot/2.1; +http://www.google.com/bot.html)" 
54.36.149.88 - - [03/Apr/2020:03:50:18 -0700] "GET /content/all?offset=680 HTTP/1.1" 200 11236 "-" "Mozilla/5.0 (compatible; AhrefsBot/6.1; +http://ahrefs.com/robot/)" 
66.249.70.14 - - [03/Apr/2020:03:50:19 -0700] "GET /service/web/unfurl/?url=https%3A%2F%2Fwww.jeremycherfas.net%2Fblog%2Fputting-my-house-in-order-phase-2&__bTk=0f30efa28bb0b6caef7c8da5fe7d09bacfa3d5476b82565ac3968e35fad579d6&__bTs=1583712000 HTTP/1.1" 403 1320 "https://stream.jeremycherfas.net/?offset=1367" "Mozilla/5.0 (Linux; Android 6.0.1; Nexus 5X Build/MMB29P) AppleWebKit/537.36 (KHTML, like Gecko) Chrome/80.0.3987.92 Mobile Safari/537.36 (compatible; Googlebot/2.1; +http://www.google.com/bot.html)" 
66.249.70.14 - - [03/Apr/2020:03:50:19 -0700] "GET /service/web/unfurl/?url=https%3A%2F%2Fchrisbeckstrom.com%2Fstream%2F2018%2F03%2F22%2Fabout-this-website%2F&__bTk=0f30efa28bb0b6caef7c8da5fe7d09bacfa3d5476b82565ac3968e35fad579d6&__bTs=1583712000 HTTP/1.1" 403 1324 "https://stream.jeremycherfas.net/?offset=1367" "Mozilla/5.0 (Linux; Android 6.0.1; Nexus 5X Build/MMB29P) AppleWebKit/537.36 (KHTML, like Gecko) Chrome/80.0.3987.92 Mobile Safari/537.36 (compatible; Googlebot/2.1; +http://www.google.com/bot.html)" 
66.249.70.12 - - [03/Apr/2020:03:50:20 -0700] "GET /service/web/unfurl/?url=https%3A%2F%2Fadactio.com%2Fjournal%2F7698&__bTk=0f30efa28bb0b6caef7c8da5fe7d09bacfa3d5476b82565ac3968e35fad579d6&__bTs=1583712000 HTTP/1.1" 403 4601 "https://stream.jeremycherfas.net/?offset=1367" "Mozilla/5.0 (Linux; Android 6.0.1; Nexus 5X Build/MMB29P) AppleWebKit/537.36 (KHTML, like Gecko) Chrome/80.0.3987.92 Mobile Safari/537.36 (compatible; Googlebot/2.1; +http://www.google.com/bot.html)" 
66.249.70.14 - - [03/Apr/2020:03:50:21 -0700] "GET /service/web/unfurl/?url=https%3A%2F%2Fwww.npr.org%2Fsections%2Fed%2F2018%2F03%2F21%2F591691009%2Fteachers-and-those-magical-ok-go-videos-a-match-made-in-science%3Futm_medium%3DRSS%26utm_campaign%3Dmusic&__bTk=0f30efa28bb0b6caef7c8da5fe7d09bacfa3d5476b82565ac3968e35fad579d6&__bTs=1583712000 HTTP/1.1" 403 4737 "https://stream.jeremycherfas.net/?offset=1367" "Mozilla/5.0 (Linux; Android 6.0.1; Nexus 5X Build/MMB29P) AppleWebKit/537.36 (KHTML, like Gecko) Chrome/80.0.3987.92 Mobile Safari/537.36 (compatible; Googlebot/2.1; +http://www.google.com/bot.html)" 
66.249.70.14 - - [03/Apr/2020:03:50:21 -0700] "GET /service/web/unfurl/?url=https%3A%2F%2Ftwitter.com%2Ftimberners_lee%2Fstatus%2F976623318941003776&__bTk=0f30efa28bb0b6caef7c8da5fe7d09bacfa3d5476b82565ac3968e35fad579d6&__bTs=1585483630 HTTP/1.1" 403 1314 "https://stream.jeremycherfas.net/?offset=1367" "Mozilla/5.0 (Linux; Android 6.0.1; Nexus 5X Build/MMB29P) AppleWebKit/537.36 (KHTML, like Gecko) Chrome/80.0.3987.92 Mobile Safari/537.36 (compatible; Googlebot/2.1; +http://www.google.com/bot.html)" 
66.249.70.14 - - [03/Apr/2020:03:50:22 -0700] "GET /service/web/unfurl/?url=https%3A%2F%2Fwww.jeremycherfas.net%2Fblog%2Fputting-my-house-in-order-phase-2&__bTk=0f30efa28bb0b6caef7c8da5fe7d09bacfa3d5476b82565ac3968e35fad579d6&__bTs=1585483630 HTTP/1.1" 403 1320 "https://stream.jeremycherfas.net/?offset=1367" "Mozilla/5.0 (Linux; Android 6.0.1; Nexus 5X Build/MMB29P) AppleWebKit/537.36 (KHTML, like Gecko) Chrome/80.0.3987.92 Mobile Safari/537.36 (compatible; Googlebot/2.1; +http://www.google.com/bot.html)" 
