164.68.106.61 - - [06/Apr/2020:04:14:14 -0700] "GET /content/statusupdates/?offset=281&_t=rss HTTP/1.1" 200 6952 "-" "Mozilla/5.0 (compatible; MJ12bot/v1.4.8; http://mj12bot.com/)" 
164.68.106.61 - - [06/Apr/2020:04:14:26 -0700] "GET /content/statusupdates/?offset=287 HTTP/1.1" 200 10607 "-" "Mozilla/5.0 (compatible; MJ12bot/v1.4.8; http://mj12bot.com/)" 
164.68.106.61 - - [06/Apr/2020:04:14:40 -0700] "GET /content/statusupdates/?offset=287&_t=rss HTTP/1.1" 200 6910 "-" "Mozilla/5.0 (compatible; MJ12bot/v1.4.8; http://mj12bot.com/)" 
164.68.106.61 - - [06/Apr/2020:04:14:54 -0700] "GET /content/statusupdates/?offset=288 HTTP/1.1" 200 10657 "-" "Mozilla/5.0 (compatible; MJ12bot/v1.4.8; http://mj12bot.com/)" 
164.68.106.61 - - [06/Apr/2020:04:15:14 -0700] "GET /content/statusupdates/?offset=288&_t=rss HTTP/1.1" 200 6963 "-" "Mozilla/5.0 (compatible; MJ12bot/v1.4.8; http://mj12bot.com/)" 
54.36.150.64 - - [06/Apr/2020:04:15:29 -0700] "GET /content/all/?q=%23WithKnown&offset=6 HTTP/1.1" 200 11041 "-" "Mozilla/5.0 (compatible; AhrefsBot/6.1; +http://ahrefs.com/robot/)" 
164.68.106.61 - - [06/Apr/2020:04:15:37 -0700] "GET /content/statusupdates/?offset=290 HTTP/1.1" 200 10818 "-" "Mozilla/5.0 (compatible; MJ12bot/v1.4.8; http://mj12bot.com/)" 
114.119.166.46 - - [06/Apr/2020:04:15:39 -0700] "GET /2017/all-hail-the-new-graduates-of-u-day-2-much HTTP/1.1" 200 11093 "-" "Mozilla/5.0 (Linux; Android 7.0;) AppleWebKit/537.36 (KHTML, like Gecko) Mobile Safari/537.36 (compatible; AspiegelBot)" 
134.122.57.241 - - [06/Apr/2020:04:15:52 -0700] "GET /file/a27c14ed53e63d4ba6f2179f5cf3275b/79B0D51C-5E48-4E09-B371-384D89504D5E.jpeg HTTP/1.1" 200 67740 "https://micro.blog/hybrid/discover?width=375&fontsize=17.000000" "Mozilla/5.0 (iPhone; CPU iPhone OS 13_4 like Mac OS X) AppleWebKit/605.1.15 (KHTML, like Gecko) Mobile/15E148" 
164.68.106.61 - - [06/Apr/2020:04:16:01 -0700] "GET /content/statusupdates/?offset=291 HTTP/1.1" 200 10995 "-" "Mozilla/5.0 (compatible; MJ12bot/v1.4.8; http://mj12bot.com/)" 
54.36.148.103 - - [06/Apr/2020:04:16:08 -0700] "GET /content/photos/warmup/?offset=230&_t=rss HTTP/1.1" 200 7160 "-" "Mozilla/5.0 (compatible; AhrefsBot/6.1; +http://ahrefs.com/robot/)" 
164.68.106.61 - - [06/Apr/2020:04:16:13 -0700] "GET /content/statusupdates/?offset=291&_t=rss HTTP/1.1" 200 7286 "-" "Mozilla/5.0 (compatible; MJ12bot/v1.4.8; http://mj12bot.com/)" 
46.229.168.142 - - [06/Apr/2020:04:16:14 -0700] "GET /?q=%23cooking HTTP/1.1" 200 10680 "-" "Mozilla/5.0 (compatible; SemrushBot/6~bl; +http://www.semrush.com/bot.html)" 
164.68.106.61 - - [06/Apr/2020:04:16:30 -0700] "GET /content/statusupdates/?offset=292 HTTP/1.1" 200 11314 "-" "Mozilla/5.0 (compatible; MJ12bot/v1.4.8; http://mj12bot.com/)" 
164.68.106.61 - - [06/Apr/2020:04:16:54 -0700] "GET /content/statusupdates/?offset=297 HTTP/1.1" 200 11331 "-" "Mozilla/5.0 (compatible; MJ12bot/v1.4.8; http://mj12bot.com/)" 
46.229.168.150 - - [06/Apr/2020:04:17:04 -0700] "GET /2020/i-find-it-curious-that-strava-offers HTTP/1.1" 200 9575 "-" "Mozilla/5.0 (compatible; SemrushBot/6~bl; +http://www.semrush.com/bot.html)" 
164.68.106.61 - - [06/Apr/2020:04:17:07 -0700] "GET /content/statusupdates/?offset=298 HTTP/1.1" 200 11453 "-" "Mozilla/5.0 (compatible; MJ12bot/v1.4.8; http://mj12bot.com/)" 
164.68.106.61 - - [06/Apr/2020:04:17:28 -0700] "GET /content/statusupdates/?offset=298&_t=rss HTTP/1.1" 200 7723 "-" "Mozilla/5.0 (compatible; MJ12bot/v1.4.8; http://mj12bot.com/)" 
164.68.106.61 - - [06/Apr/2020:04:17:53 -0700] "GET /content/statusupdates/?offset=30 HTTP/1.1" 200 11374 "-" "Mozilla/5.0 (compatible; MJ12bot/v1.4.8; http://mj12bot.com/)" 
164.68.106.61 - - [06/Apr/2020:04:18:07 -0700] "GET /content/statusupdates/?offset=300 HTTP/1.1" 200 11316 "-" "Mozilla/5.0 (compatible; MJ12bot/v1.4.8; http://mj12bot.com/)" 
164.68.106.61 - - [06/Apr/2020:04:18:24 -0700] "GET /content/statusupdates/?offset=300&_t=rss HTTP/1.1" 200 7613 "-" "Mozilla/5.0 (compatible; MJ12bot/v1.4.8; http://mj12bot.com/)" 
46.229.168.154 - - [06/Apr/2020:04:18:26 -0700] "GET /robots.txt HTTP/1.1" 200 4552 "-" "Mozilla/5.0 (compatible; SemrushBot/6~bl; +http://www.semrush.com/bot.html)" 
46.229.168.154 - - [06/Apr/2020:04:18:26 -0700] "GET /2019/and-a-pair-of-grebes-with-chicks-trust-me HTTP/1.1" 200 10037 "-" "Mozilla/5.0 (compatible; SemrushBot/6~bl; +http://www.semrush.com/bot.html)" 
164.68.106.61 - - [06/Apr/2020:04:18:42 -0700] "GET /content/statusupdates/?offset=301 HTTP/1.1" 200 11168 "-" "Mozilla/5.0 (compatible; MJ12bot/v1.4.8; http://mj12bot.com/)" 
54.36.150.19 - - [06/Apr/2020:04:18:44 -0700] "GET /content/all?offset=950&_t=rss HTTP/1.1" 200 7129 "-" "Mozilla/5.0 (compatible; AhrefsBot/6.1; +http://ahrefs.com/robot/)" 
164.68.106.61 - - [06/Apr/2020:04:18:50 -0700] "GET /content/statusupdates/?offset=301&_t=rss HTTP/1.1" 200 7492 "-" "Mozilla/5.0 (compatible; MJ12bot/v1.4.8; http://mj12bot.com/)" 
46.229.168.137 - - [06/Apr/2020:04:18:53 -0700] "GET /content/events/?q=%23London HTTP/1.1" 200 8519 "-" "Mozilla/5.0 (compatible; SemrushBot/6~bl; +http://www.semrush.com/bot.html)" 
54.36.150.137 - - [06/Apr/2020:04:18:59 -0700] "GET /content/all?offset=990 HTTP/1.1" 200 10690 "-" "Mozilla/5.0 (compatible; AhrefsBot/6.1; +http://ahrefs.com/robot/)" 
164.68.106.61 - - [06/Apr/2020:04:19:08 -0700] "GET /content/statusupdates/?offset=302 HTTP/1.1" 200 10968 "-" "Mozilla/5.0 (compatible; MJ12bot/v1.4.8; http://mj12bot.com/)" 
164.68.106.61 - - [06/Apr/2020:04:19:20 -0700] "GET /content/statusupdates/?offset=307 HTTP/1.1" 200 11199 "-" "Mozilla/5.0 (compatible; MJ12bot/v1.4.8; http://mj12bot.com/)" 
54.36.148.205 - - [06/Apr/2020:04:19:23 -0700] "GET /content/bookmarkedpages/warmup/?offset=471 HTTP/1.1" 200 12620 "-" "Mozilla/5.0 (compatible; AhrefsBot/6.1; +http://ahrefs.com/robot/)" 
164.68.106.61 - - [06/Apr/2020:04:19:41 -0700] "GET /content/statusupdates/?offset=307&_t=rss HTTP/1.1" 200 7406 "-" "Mozilla/5.0 (compatible; MJ12bot/v1.4.8; http://mj12bot.com/)" 
164.68.106.61 - - [06/Apr/2020:04:19:59 -0700] "GET /content/statusupdates/?offset=308 HTTP/1.1" 200 11083 "-" "Mozilla/5.0 (compatible; MJ12bot/v1.4.8; http://mj12bot.com/)" 
164.68.106.61 - - [06/Apr/2020:04:20:18 -0700] "GET /content/statusupdates/?offset=308&_t=rss HTTP/1.1" 200 7359 "-" "Mozilla/5.0 (compatible; MJ12bot/v1.4.8; http://mj12bot.com/)" 
54.36.149.26 - - [06/Apr/2020:04:20:24 -0700] "GET /content/photos/?offset=620&_t=rss HTTP/1.1" 200 6792 "-" "Mozilla/5.0 (compatible; AhrefsBot/6.1; +http://ahrefs.com/robot/)" 
40.77.167.110 - - [06/Apr/2020:04:20:36 -0700] "GET /file/c5c4c797cf4709ba4b7ef95b66de2def HTTP/1.1" 200 13747 "-" "Mozilla/5.0 (compatible; bingbot/2.0; +http://www.bing.com/bingbot.htm)" 
54.36.150.86 - - [06/Apr/2020:04:20:38 -0700] "GET /content/photos/?offset=152&_t=rss HTTP/1.1" 200 7836 "-" "Mozilla/5.0 (compatible; AhrefsBot/6.1; +http://ahrefs.com/robot/)" 
54.36.148.245 - - [06/Apr/2020:04:20:48 -0700] "GET /content/photos/?offset=702&_t=rss HTTP/1.1" 200 7098 "-" "Mozilla/5.0 (compatible; AhrefsBot/6.1; +http://ahrefs.com/robot/)" 
164.68.106.61 - - [06/Apr/2020:04:21:00 -0700] "GET /content/statusupdates/?offset=311 HTTP/1.1" 200 11108 "-" "Mozilla/5.0 (compatible; MJ12bot/v1.4.8; http://mj12bot.com/)" 
164.68.106.61 - - [06/Apr/2020:04:21:25 -0700] "GET /content/statusupdates/?offset=311&_t=rss HTTP/1.1" 200 7420 "-" "Mozilla/5.0 (compatible; MJ12bot/v1.4.8; http://mj12bot.com/)" 
54.36.150.166 - - [06/Apr/2020:04:21:29 -0700] "GET /?offset=1110&_t=rss HTTP/1.1" 200 6633 "-" "Mozilla/5.0 (compatible; AhrefsBot/6.1; +http://ahrefs.com/robot/)" 
46.229.168.138 - - [06/Apr/2020:04:21:33 -0700] "GET /content/all/?offset=80&q=%23%2B%23%23indieweb HTTP/1.1" 200 14623 "-" "Mozilla/5.0 (compatible; SemrushBot/6~bl; +http://www.semrush.com/bot.html)" 
46.229.168.140 - - [06/Apr/2020:04:21:41 -0700] "GET /?offset=120 HTTP/1.1" 200 11053 "-" "Mozilla/5.0 (compatible; SemrushBot/6~bl; +http://www.semrush.com/bot.html)" 
164.68.106.61 - - [06/Apr/2020:04:21:48 -0700] "GET /content/statusupdates/?offset=317 HTTP/1.1" 200 10586 "-" "Mozilla/5.0 (compatible; MJ12bot/v1.4.8; http://mj12bot.com/)" 
54.36.148.41 - - [06/Apr/2020:04:21:50 -0700] "GET /2019/domestic-cozy-9 HTTP/1.1" 200 9477 "-" "Mozilla/5.0 (compatible; AhrefsBot/6.1; +http://ahrefs.com/robot/)" 
46.229.168.148 - - [06/Apr/2020:04:21:58 -0700] "GET /content/all/?offset=74&q=%23%2B%23bread HTTP/1.1" 200 11951 "-" "Mozilla/5.0 (compatible; SemrushBot/6~bl; +http://www.semrush.com/bot.html)" 
164.68.106.61 - - [06/Apr/2020:04:22:03 -0700] "GET /content/statusupdates/?offset=317&_t=rss HTTP/1.1" 200 7142 "-" "Mozilla/5.0 (compatible; MJ12bot/v1.4.8; http://mj12bot.com/)" 
46.229.168.143 - - [06/Apr/2020:04:22:14 -0700] "GET /?offset=130&q=%23%2B%23IndieWeb HTTP/1.1" 200 12694 "-" "Mozilla/5.0 (compatible; SemrushBot/6~bl; +http://www.semrush.com/bot.html)" 
40.77.167.110 - - [06/Apr/2020:04:22:20 -0700] "GET /2019/festa-di-san-vito?_t=rss HTTP/1.1" 200 5529 "-" "msnbot/2.0b (+http://search.msn.com/msnbot.htm)" 
164.68.106.61 - - [06/Apr/2020:04:22:32 -0700] "GET /content/statusupdates/?offset=318 HTTP/1.1" 200 10496 "-" "Mozilla/5.0 (compatible; MJ12bot/v1.4.8; http://mj12bot.com/)" 
54.36.150.170 - - [06/Apr/2020:04:22:38 -0700] "GET /2018/gettin-purified HTTP/1.1" 200 13791 "-" "Mozilla/5.0 (compatible; AhrefsBot/6.1; +http://ahrefs.com/robot/)" 
164.68.106.61 - - [06/Apr/2020:04:22:59 -0700] "GET /content/statusupdates/?offset=32 HTTP/1.1" 200 11366 "-" "Mozilla/5.0 (compatible; MJ12bot/v1.4.8; http://mj12bot.com/)" 
54.36.148.122 - - [06/Apr/2020:04:23:15 -0700] "GET /content/posts/?offset=55&_t=rss HTTP/1.1" 200 11533 "-" "Mozilla/5.0 (compatible; AhrefsBot/6.1; +http://ahrefs.com/robot/)" 
164.68.106.61 - - [06/Apr/2020:04:23:21 -0700] "GET /content/statusupdates/?offset=32&_t=rss HTTP/1.1" 200 7423 "-" "Mozilla/5.0 (compatible; MJ12bot/v1.4.8; http://mj12bot.com/)" 
46.229.168.129 - - [06/Apr/2020:04:23:31 -0700] "GET /?offset=0&q=%23withknown HTTP/1.1" 200 11976 "-" "Mozilla/5.0 (compatible; SemrushBot/6~bl; +http://www.semrush.com/bot.html)" 
54.36.149.53 - - [06/Apr/2020:04:23:43 -0700] "GET /profile/jeremy?offset=74&_t=rss HTTP/1.1" 200 6674 "-" "Mozilla/5.0 (compatible; AhrefsBot/6.1; +http://ahrefs.com/robot/)" 
164.68.106.61 - - [06/Apr/2020:04:23:53 -0700] "GET /content/statusupdates/?offset=321 HTTP/1.1" 200 10697 "-" "Mozilla/5.0 (compatible; MJ12bot/v1.4.8; http://mj12bot.com/)" 
40.77.167.110 - - [06/Apr/2020:04:23:55 -0700] "GET /2019/wish-i-could-decide-which-of-these-covers-to-use?_t=rss HTTP/1.1" 200 5594 "-" "msnbot/2.0b (+http://search.msn.com/msnbot.htm)" 
164.68.106.61 - - [06/Apr/2020:04:24:15 -0700] "GET /content/statusupdates/?offset=322 HTTP/1.1" 200 10778 "-" "Mozilla/5.0 (compatible; MJ12bot/v1.4.8; http://mj12bot.com/)" 
54.36.150.92 - - [06/Apr/2020:04:24:28 -0700] "GET /file/501773789a9bf472fd7e64183241ecc6 HTTP/1.1" 404 7906 "-" "Mozilla/5.0 (compatible; AhrefsBot/6.1; +http://ahrefs.com/robot/)" 
164.68.106.61 - - [06/Apr/2020:04:24:33 -0700] "GET /content/statusupdates/?offset=327 HTTP/1.1" 200 10951 "-" "Mozilla/5.0 (compatible; MJ12bot/v1.4.8; http://mj12bot.com/)" 
54.36.150.132 - - [06/Apr/2020:04:24:38 -0700] "GET /content/all/?q=%23IndieWeb&offset=103 HTTP/1.1" 200 12567 "-" "Mozilla/5.0 (compatible; AhrefsBot/6.1; +http://ahrefs.com/robot/)" 
164.68.106.61 - - [06/Apr/2020:04:24:44 -0700] "GET /content/statusupdates/?offset=327&_t=rss HTTP/1.1" 200 7219 "-" "Mozilla/5.0 (compatible; MJ12bot/v1.4.8; http://mj12bot.com/)" 
46.4.77.121 - - [06/Apr/2020:04:25:08 -0700] "GET /robots.txt HTTP/1.1" 200 4382 "-" "Java/11.0.6" 
46.229.168.134 - - [06/Apr/2020:04:25:10 -0700] "GET /2019/textpattern-mrkapowski HTTP/1.1" 200 9498 "-" "Mozilla/5.0 (compatible; SemrushBot/6~bl; +http://www.semrush.com/bot.html)" 
116.202.237.42 - - [06/Apr/2020:04:25:25 -0700] "GET /robots.txt HTTP/1.1" 200 4382 "-" "Java/11.0.6" 
46.229.168.149 - - [06/Apr/2020:04:25:27 -0700] "GET /?q=%23Washington HTTP/1.1" 200 10212 "-" "Mozilla/5.0 (compatible; SemrushBot/6~bl; +http://www.semrush.com/bot.html)" 
144.76.60.198 - - [06/Apr/2020:04:25:38 -0700] "GET /robots.txt HTTP/1.1" 200 4593 "-" "Mozilla/5.0 (compatible; MJ12bot/v1.4.8; http://mj12bot.com/)" 
144.76.60.198 - - [06/Apr/2020:04:25:40 -0700] "GET /content/locations/?q=%2523goats&_t=rss HTTP/1.1" 200 1715 "-" "Mozilla/5.0 (compatible; MJ12bot/v1.4.8; http://mj12bot.com/)" 
144.76.60.198 - - [06/Apr/2020:04:25:41 -0700] "GET /content/locations/?q=%2523tentaclelove&_t=rss HTTP/1.1" 200 1726 "-" "Mozilla/5.0 (compatible; MJ12bot/v1.4.8; http://mj12bot.com/)" 
144.76.60.198 - - [06/Apr/2020:04:25:45 -0700] "GET /content/locations/?q=%2523viola&_t=rss HTTP/1.1" 200 5031 "-" "Mozilla/5.0 (compatible; MJ12bot/v1.4.8; http://mj12bot.com/)" 
144.76.60.198 - - [06/Apr/2020:04:25:46 -0700] "GET /content/photos/?offset=100 HTTP/1.1" 200 7590 "-" "Mozilla/5.0 (compatible; MJ12bot/v1.4.8; http://mj12bot.com/)" 
144.76.60.198 - - [06/Apr/2020:04:25:52 -0700] "GET /content/photos/?offset=108 HTTP/1.1" 200 11059 "-" "Mozilla/5.0 (compatible; MJ12bot/v1.4.8; http://mj12bot.com/)" 
144.76.60.198 - - [06/Apr/2020:04:25:53 -0700] "GET /content/photos/?offset=108&_t=rss HTTP/1.1" 200 4116 "-" "Mozilla/5.0 (compatible; MJ12bot/v1.4.8; http://mj12bot.com/)" 
144.76.60.198 - - [06/Apr/2020:04:25:55 -0700] "GET /content/photos/?offset=118 HTTP/1.1" 200 7372 "-" "Mozilla/5.0 (compatible; MJ12bot/v1.4.8; http://mj12bot.com/)" 
144.76.60.198 - - [06/Apr/2020:04:25:57 -0700] "GET /content/photos/?offset=118&_t=rss HTTP/1.1" 200 3825 "-" "Mozilla/5.0 (compatible; MJ12bot/v1.4.8; http://mj12bot.com/)" 
164.68.106.61 - - [06/Apr/2020:04:25:57 -0700] "GET /content/statusupdates/?offset=331 HTTP/1.1" 200 10765 "-" "Mozilla/5.0 (compatible; MJ12bot/v1.4.8; http://mj12bot.com/)" 
144.76.60.198 - - [06/Apr/2020:04:25:59 -0700] "GET /content/photos/?offset=120 HTTP/1.1" 200 7536 "-" "Mozilla/5.0 (compatible; MJ12bot/v1.4.8; http://mj12bot.com/)" 
164.68.106.61 - - [06/Apr/2020:04:26:02 -0700] "GET /content/statusupdates/?offset=331&_t=rss HTTP/1.1" 200 7042 "-" "Mozilla/5.0 (compatible; MJ12bot/v1.4.8; http://mj12bot.com/)" 
144.76.60.198 - - [06/Apr/2020:04:26:02 -0700] "GET /content/photos/?offset=128 HTTP/1.1" 200 11258 "-" "Mozilla/5.0 (compatible; MJ12bot/v1.4.8; http://mj12bot.com/)" 
144.76.60.198 - - [06/Apr/2020:04:26:04 -0700] "GET /content/photos/?offset=128&_t=rss HTTP/1.1" 200 4261 "-" "Mozilla/5.0 (compatible; MJ12bot/v1.4.8; http://mj12bot.com/)" 
96.126.125.129 - - [06/Apr/2020:04:26:05 -0700] "GET /content/statusupdates/posts/photos/checkins/bookmarkedpages?_t=rss HTTP/1.1" 200 7933 "-" "Micro.blog/1.0" 
144.76.60.198 - - [06/Apr/2020:04:26:06 -0700] "GET /content/photos/?offset=130 HTTP/1.1" 200 7835 "-" "Mozilla/5.0 (compatible; MJ12bot/v1.4.8; http://mj12bot.com/)" 
144.76.60.198 - - [06/Apr/2020:04:26:08 -0700] "GET /content/photos/?offset=130&_t=rss HTTP/1.1" 200 4173 "-" "Mozilla/5.0 (compatible; MJ12bot/v1.4.8; http://mj12bot.com/)" 
54.36.148.201 - - [06/Apr/2020:04:26:09 -0700] "GET /profile/jeremy?offset=258&_t=rss HTTP/1.1" 200 7051 "-" "Mozilla/5.0 (compatible; AhrefsBot/6.1; +http://ahrefs.com/robot/)" 
116.202.237.49 - - [06/Apr/2020:04:26:11 -0700] "GET /robots.txt HTTP/1.1" 200 4382 "-" "Java/11.0.6" 
144.76.60.198 - - [06/Apr/2020:04:26:12 -0700] "GET /content/photos/?offset=138&_t=rss HTTP/1.1" 200 7253 "-" "Mozilla/5.0 (compatible; MJ12bot/v1.4.8; http://mj12bot.com/)" 
144.76.60.198 - - [06/Apr/2020:04:26:17 -0700] "GET /content/photos/?offset=140 HTTP/1.1" 200 11091 "-" "Mozilla/5.0 (compatible; MJ12bot/v1.4.8; http://mj12bot.com/)" 
164.68.106.61 - - [06/Apr/2020:04:26:17 -0700] "GET /content/statusupdates/?offset=332 HTTP/1.1" 200 10534 "-" "Mozilla/5.0 (compatible; MJ12bot/v1.4.8; http://mj12bot.com/)" 
144.76.60.198 - - [06/Apr/2020:04:26:18 -0700] "GET /content/photos/?offset=148 HTTP/1.1" 200 8264 "-" "Mozilla/5.0 (compatible; MJ12bot/v1.4.8; http://mj12bot.com/)" 
144.76.60.198 - - [06/Apr/2020:04:26:20 -0700] "GET /content/photos/?offset=148&_t=rss HTTP/1.1" 200 4598 "-" "Mozilla/5.0 (compatible; MJ12bot/v1.4.8; http://mj12bot.com/)" 
144.76.60.198 - - [06/Apr/2020:04:26:24 -0700] "GET /content/photos/?offset=150 HTTP/1.1" 200 11392 "-" "Mozilla/5.0 (compatible; MJ12bot/v1.4.8; http://mj12bot.com/)" 
144.76.60.198 - - [06/Apr/2020:04:26:26 -0700] "GET /content/photos/?offset=150&_t=rss HTTP/1.1" 200 4399 "-" "Mozilla/5.0 (compatible; MJ12bot/v1.4.8; http://mj12bot.com/)" 
144.76.60.198 - - [06/Apr/2020:04:26:28 -0700] "GET /content/photos/?offset=158 HTTP/1.1" 200 8059 "-" "Mozilla/5.0 (compatible; MJ12bot/v1.4.8; http://mj12bot.com/)" 
144.76.60.198 - - [06/Apr/2020:04:26:30 -0700] "GET /content/photos/?offset=158&_t=rss HTTP/1.1" 200 4419 "-" "Mozilla/5.0 (compatible; MJ12bot/v1.4.8; http://mj12bot.com/)" 
164.68.106.61 - - [06/Apr/2020:04:26:31 -0700] "GET /content/statusupdates/?offset=332&_t=rss HTTP/1.1" 200 6755 "-" "Mozilla/5.0 (compatible; MJ12bot/v1.4.8; http://mj12bot.com/)" 
144.76.60.198 - - [06/Apr/2020:04:26:35 -0700] "GET /content/photos/?offset=160 HTTP/1.1" 200 11369 "-" "Mozilla/5.0 (compatible; MJ12bot/v1.4.8; http://mj12bot.com/)" 
64.111.100.215 - - [06/Apr/2020:04:26:36 -0700] "GET /content/all?_t=rss HTTP/1.1" 200 15565 "-" "Mozilla/5.0 (X11; U; Linux i686; fr; rv:1.9.1.1) Gecko/20090715 Firefox/3.5.1" 
144.76.60.198 - - [06/Apr/2020:04:26:38 -0700] "GET /content/photos/?offset=168 HTTP/1.1" 200 11173 "-" "Mozilla/5.0 (compatible; MJ12bot/v1.4.8; http://mj12bot.com/)" 
144.76.60.198 - - [06/Apr/2020:04:26:40 -0700] "GET /content/photos/?offset=168&_t=rss HTTP/1.1" 200 4209 "-" "Mozilla/5.0 (compatible; MJ12bot/v1.4.8; http://mj12bot.com/)" 
144.76.60.198 - - [06/Apr/2020:04:26:41 -0700] "GET /content/photos/?offset=178 HTTP/1.1" 200 8529 "-" "Mozilla/5.0 (compatible; MJ12bot/v1.4.8; http://mj12bot.com/)" 
144.76.60.198 - - [06/Apr/2020:04:26:43 -0700] "GET /content/photos/?offset=178&_t=rss HTTP/1.1" 200 4891 "-" "Mozilla/5.0 (compatible; MJ12bot/v1.4.8; http://mj12bot.com/)" 
144.76.60.198 - - [06/Apr/2020:04:26:45 -0700] "GET /content/photos/?offset=188 HTTP/1.1" 200 7885 "-" "Mozilla/5.0 (compatible; MJ12bot/v1.4.8; http://mj12bot.com/)" 
114.119.165.2 - - [06/Apr/2020:04:26:46 -0700] "GET /2017/kitchenbee-on-the-dangers-of-demonising-whole-food-groups-while HTTP/1.1" 200 9611 "-" "Mozilla/5.0 (Linux; Android 7.0;) AppleWebKit/537.36 (KHTML, like Gecko) Mobile Safari/537.36 (compatible; AspiegelBot)" 
144.76.60.198 - - [06/Apr/2020:04:26:47 -0700] "GET /content/photos/?offset=188&_t=rss HTTP/1.1" 200 4247 "-" "Mozilla/5.0 (compatible; MJ12bot/v1.4.8; http://mj12bot.com/)" 
144.76.60.198 - - [06/Apr/2020:04:26:49 -0700] "GET /content/photos/?offset=198&_t=rss HTTP/1.1" 200 4753 "-" "Mozilla/5.0 (compatible; MJ12bot/v1.4.8; http://mj12bot.com/)" 
116.202.228.243 - - [06/Apr/2020:04:26:50 -0700] "GET /robots.txt HTTP/1.1" 200 4382 "-" "Java/11.0.6" 
144.76.60.198 - - [06/Apr/2020:04:26:51 -0700] "GET /content/photos/?offset=208 HTTP/1.1" 200 8190 "-" "Mozilla/5.0 (compatible; MJ12bot/v1.4.8; http://mj12bot.com/)" 
96.126.125.129 - - [06/Apr/2020:04:26:52 -0700] "GET /content/statusupdates/posts/photos/checkins/bookmarkedpages?_t=rss HTTP/1.1" 200 7933 "-" "Micro.blog/1.0" 
144.76.60.198 - - [06/Apr/2020:04:26:53 -0700] "GET /content/photos/?offset=218 HTTP/1.1" 200 8237 "-" "Mozilla/5.0 (compatible; MJ12bot/v1.4.8; http://mj12bot.com/)" 
164.68.106.61 - - [06/Apr/2020:04:26:53 -0700] "GET /content/statusupdates/?offset=337 HTTP/1.1" 200 10743 "-" "Mozilla/5.0 (compatible; MJ12bot/v1.4.8; http://mj12bot.com/)" 
144.76.60.198 - - [06/Apr/2020:04:26:55 -0700] "GET /content/photos/?offset=218&_t=rss HTTP/1.1" 200 4560 "-" "Mozilla/5.0 (compatible; MJ12bot/v1.4.8; http://mj12bot.com/)" 
144.76.60.198 - - [06/Apr/2020:04:26:59 -0700] "GET /content/photos/?offset=228 HTTP/1.1" 200 11099 "-" "Mozilla/5.0 (compatible; MJ12bot/v1.4.8; http://mj12bot.com/)" 
144.76.60.198 - - [06/Apr/2020:04:27:01 -0700] "GET /content/photos/?offset=238&_t=rss HTTP/1.1" 200 3936 "-" "Mozilla/5.0 (compatible; MJ12bot/v1.4.8; http://mj12bot.com/)" 
144.76.60.198 - - [06/Apr/2020:04:27:03 -0700] "GET /content/photos/?offset=240 HTTP/1.1" 200 7756 "-" "Mozilla/5.0 (compatible; MJ12bot/v1.4.8; http://mj12bot.com/)" 
144.76.60.198 - - [06/Apr/2020:04:27:10 -0700] "GET /content/photos/?offset=250 HTTP/1.1" 200 11573 "-" "Mozilla/5.0 (compatible; MJ12bot/v1.4.8; http://mj12bot.com/)" 
144.76.60.198 - - [06/Apr/2020:04:27:15 -0700] "GET /content/photos/?offset=258&_t=rss HTTP/1.1" 200 7861 "-" "Mozilla/5.0 (compatible; MJ12bot/v1.4.8; http://mj12bot.com/)" 
144.76.60.198 - - [06/Apr/2020:04:27:19 -0700] "GET /content/photos/?offset=260 HTTP/1.1" 200 11440 "-" "Mozilla/5.0 (compatible; MJ12bot/v1.4.8; http://mj12bot.com/)" 
144.76.60.198 - - [06/Apr/2020:04:27:23 -0700] "GET /content/photos/?offset=268&_t=rss HTTP/1.1" 200 7507 "-" "Mozilla/5.0 (compatible; MJ12bot/v1.4.8; http://mj12bot.com/)" 
164.68.106.61 - - [06/Apr/2020:04:27:27 -0700] "GET /content/statusupdates/?offset=341 HTTP/1.1" 200 11184 "-" "Mozilla/5.0 (compatible; MJ12bot/v1.4.8; http://mj12bot.com/)" 
144.76.60.198 - - [06/Apr/2020:04:27:38 -0700] "GET /content/photos/?offset=308 HTTP/1.1" 200 11080 "-" "Mozilla/5.0 (compatible; MJ12bot/v1.4.8; http://mj12bot.com/)" 
46.229.168.149 - - [06/Apr/2020:04:27:40 -0700] "GET /robots.txt HTTP/1.1" 200 4576 "-" "Mozilla/5.0 (compatible; SemrushBot/6~bl; +http://www.semrush.com/bot.html)" 
46.229.168.145 - - [06/Apr/2020:04:27:41 -0700] "GET /2018/our-daily-bread-25---traditionwcss30lxhflthe-one-thing-to-be HTTP/1.1" 200 14327 "-" "Mozilla/5.0 (compatible; SemrushBot/6~bl; +http://www.semrush.com/bot.html)" 
144.76.60.198 - - [06/Apr/2020:04:27:42 -0700] "GET /content/photos/?offset=310 HTTP/1.1" 200 11150 "-" "Mozilla/5.0 (compatible; MJ12bot/v1.4.8; http://mj12bot.com/)" 
164.68.106.61 - - [06/Apr/2020:04:27:48 -0700] "GET /content/statusupdates/?offset=342 HTTP/1.1" 200 11192 "-" "Mozilla/5.0 (compatible; MJ12bot/v1.4.8; http://mj12bot.com/)" 
144.76.60.198 - - [06/Apr/2020:04:27:50 -0700] "GET /content/photos/?offset=320 HTTP/1.1" 200 11372 "-" "Mozilla/5.0 (compatible; MJ12bot/v1.4.8; http://mj12bot.com/)" 
144.76.60.198 - - [06/Apr/2020:04:27:57 -0700] "GET /content/photos/?offset=330 HTTP/1.1" 200 10481 "-" "Mozilla/5.0 (compatible; MJ12bot/v1.4.8; http://mj12bot.com/)" 
144.76.60.198 - - [06/Apr/2020:04:28:14 -0700] "GET /content/photos/?offset=360&_t=rss HTTP/1.1" 200 6623 "-" "Mozilla/5.0 (compatible; MJ12bot/v1.4.8; http://mj12bot.com/)" 
116.202.237.211 - - [06/Apr/2020:04:28:18 -0700] "GET /robots.txt HTTP/1.1" 200 4382 "-" "Java/11.0.6" 
164.68.106.61 - - [06/Apr/2020:04:28:23 -0700] "GET /content/statusupdates/?offset=351 HTTP/1.1" 200 10562 "-" "Mozilla/5.0 (compatible; MJ12bot/v1.4.8; http://mj12bot.com/)" 
144.76.60.198 - - [06/Apr/2020:04:28:25 -0700] "GET /content/photos/?offset=380&_t=rss HTTP/1.1" 200 8129 "-" "Mozilla/5.0 (compatible; MJ12bot/v1.4.8; http://mj12bot.com/)" 
144.76.60.198 - - [06/Apr/2020:04:28:32 -0700] "GET /content/photos/?offset=390&_t=rss HTTP/1.1" 200 8532 "-" "Mozilla/5.0 (compatible; MJ12bot/v1.4.8; http://mj12bot.com/)" 
54.39.177.92 - - [06/Apr/2020:04:28:35 -0700] "GET /content/all?_t=rss HTTP/1.1" 200 7304 "-" "Mozilla/5.0 (compatible; YaK/1.0; http://linkfluence.com/; bot@linkfluence.com)" 
144.76.60.198 - - [06/Apr/2020:04:28:40 -0700] "GET /content/photos/?offset=400&_t=rss HTTP/1.1" 200 7654 "-" "Mozilla/5.0 (compatible; MJ12bot/v1.4.8; http://mj12bot.com/)" 
164.68.106.61 - - [06/Apr/2020:04:28:41 -0700] "GET /content/statusupdates/?offset=352 HTTP/1.1" 200 10572 "-" "Mozilla/5.0 (compatible; MJ12bot/v1.4.8; http://mj12bot.com/)" 
144.76.60.198 - - [06/Apr/2020:04:28:45 -0700] "GET /content/photos/?offset=410&_t=rss HTTP/1.1" 200 6617 "-" "Mozilla/5.0 (compatible; MJ12bot/v1.4.8; http://mj12bot.com/)" 
144.76.60.198 - - [06/Apr/2020:04:28:48 -0700] "GET /content/photos/?offset=420 HTTP/1.1" 200 10336 "-" "Mozilla/5.0 (compatible; MJ12bot/v1.4.8; http://mj12bot.com/)" 
144.76.60.198 - - [06/Apr/2020:04:28:54 -0700] "GET /content/photos/?offset=420&_t=rss HTTP/1.1" 200 6589 "-" "Mozilla/5.0 (compatible; MJ12bot/v1.4.8; http://mj12bot.com/)" 
164.68.106.61 - - [06/Apr/2020:04:29:00 -0700] "GET /content/statusupdates/?offset=357 HTTP/1.1" 200 10823 "-" "Mozilla/5.0 (compatible; MJ12bot/v1.4.8; http://mj12bot.com/)" 
144.76.60.198 - - [06/Apr/2020:04:29:00 -0700] "GET /content/photos/?offset=430 HTTP/1.1" 200 10027 "-" "Mozilla/5.0 (compatible; MJ12bot/v1.4.8; http://mj12bot.com/)" 
178.63.87.197 - - [06/Apr/2020:04:29:01 -0700] "GET /robots.txt HTTP/1.1" 200 4593 "-" "Mozilla/5.0 (compatible; MJ12bot/v1.4.8; http://mj12bot.com/)" 
178.63.87.197 - - [06/Apr/2020:04:29:04 -0700] "GET /content/statusupdates/?q=%23WithKnown&offset=5&_t=rss HTTP/1.1" 200 6914 "-" "Mozilla/5.0 (compatible; MJ12bot/v1.4.8; http://mj12bot.com/)" 
144.76.60.198 - - [06/Apr/2020:04:29:09 -0700] "GET /content/photos/?offset=440 HTTP/1.1" 200 10428 "-" "Mozilla/5.0 (compatible; MJ12bot/v1.4.8; http://mj12bot.com/)" 
178.63.87.197 - - [06/Apr/2020:04:29:12 -0700] "GET /content/statusupdates/?q=%23WithKnown&offset=6 HTTP/1.1" 200 10790 "-" "Mozilla/5.0 (compatible; MJ12bot/v1.4.8; http://mj12bot.com/)" 
144.76.60.198 - - [06/Apr/2020:04:29:14 -0700] "GET /content/photos/?offset=450&_t=rss HTTP/1.1" 200 6518 "-" "Mozilla/5.0 (compatible; MJ12bot/v1.4.8; http://mj12bot.com/)" 
144.76.60.198 - - [06/Apr/2020:04:29:16 -0700] "GET /content/photos/?offset=460 HTTP/1.1" 200 7499 "-" "Mozilla/5.0 (compatible; MJ12bot/v1.4.8; http://mj12bot.com/)" 
144.76.60.198 - - [06/Apr/2020:04:29:18 -0700] "GET /content/photos/?offset=460&_t=rss HTTP/1.1" 200 3889 "-" "Mozilla/5.0 (compatible; MJ12bot/v1.4.8; http://mj12bot.com/)" 
178.63.87.197 - - [06/Apr/2020:04:29:19 -0700] "GET /content/statusupdates/?q=%23antibiotics&_t=rss HTTP/1.1" 200 5045 "-" "Mozilla/5.0 (compatible; MJ12bot/v1.4.8; http://mj12bot.com/)" 
144.76.60.198 - - [06/Apr/2020:04:29:22 -0700] "GET /content/photos/?offset=470&_t=rss HTTP/1.1" 200 7676 "-" "Mozilla/5.0 (compatible; MJ12bot/v1.4.8; http://mj12bot.com/)" 
144.76.60.198 - - [06/Apr/2020:04:29:24 -0700] "GET /content/photos/?offset=480&_t=rss HTTP/1.1" 200 4280 "-" "Mozilla/5.0 (compatible; MJ12bot/v1.4.8; http://mj12bot.com/)" 
164.68.106.61 - - [06/Apr/2020:04:29:24 -0700] "GET /content/statusupdates/?offset=361 HTTP/1.1" 200 10818 "-" "Mozilla/5.0 (compatible; MJ12bot/v1.4.8; http://mj12bot.com/)" 
144.76.60.198 - - [06/Apr/2020:04:29:26 -0700] "GET /content/photos/?offset=490 HTTP/1.1" 200 8129 "-" "Mozilla/5.0 (compatible; MJ12bot/v1.4.8; http://mj12bot.com/)" 
144.76.60.198 - - [06/Apr/2020:04:29:28 -0700] "GET /content/photos/?offset=490&_t=rss HTTP/1.1" 200 4559 "-" "Mozilla/5.0 (compatible; MJ12bot/v1.4.8; http://mj12bot.com/)" 
178.63.87.197 - - [06/Apr/2020:04:29:29 -0700] "GET /content/statusupdates/?q=%23goats&_t=rss HTTP/1.1" 200 5035 "-" "Mozilla/5.0 (compatible; MJ12bot/v1.4.8; http://mj12bot.com/)" 
144.76.60.198 - - [06/Apr/2020:04:29:30 -0700] "GET /content/photos/?offset=500&_t=rss HTTP/1.1" 200 4425 "-" "Mozilla/5.0 (compatible; MJ12bot/v1.4.8; http://mj12bot.com/)" 
96.126.125.129 - - [06/Apr/2020:04:29:30 -0700] "GET /content/statusupdates/posts/photos/checkins/bookmarkedpages?_t=rss HTTP/1.1" 200 7933 "-" "Micro.blog/1.0" 
144.76.60.198 - - [06/Apr/2020:04:29:32 -0700] "GET /content/photos/?offset=510 HTTP/1.1" 200 7722 "-" "Mozilla/5.0 (compatible; MJ12bot/v1.4.8; http://mj12bot.com/)" 
144.76.60.198 - - [06/Apr/2020:04:29:34 -0700] "GET /content/photos/?offset=510&_t=rss HTTP/1.1" 200 4130 "-" "Mozilla/5.0 (compatible; MJ12bot/v1.4.8; http://mj12bot.com/)" 
144.76.60.198 - - [06/Apr/2020:04:29:36 -0700] "GET /content/photos/?offset=519 HTTP/1.1" 200 7900 "-" "Mozilla/5.0 (compatible; MJ12bot/v1.4.8; http://mj12bot.com/)" 
178.63.87.197 - - [06/Apr/2020:04:29:36 -0700] "GET /content/statusupdates/?q=%23graingathering2017&_t=rss HTTP/1.1" 200 5538 "-" "Mozilla/5.0 (compatible; MJ12bot/v1.4.8; http://mj12bot.com/)" 
144.76.60.198 - - [06/Apr/2020:04:29:38 -0700] "GET /content/photos/?offset=519&_t=rss HTTP/1.1" 200 4351 "-" "Mozilla/5.0 (compatible; MJ12bot/v1.4.8; http://mj12bot.com/)" 
164.68.106.61 - - [06/Apr/2020:04:29:38 -0700] "GET /content/statusupdates/?offset=362 HTTP/1.1" 200 10788 "-" "Mozilla/5.0 (compatible; MJ12bot/v1.4.8; http://mj12bot.com/)" 
144.76.60.198 - - [06/Apr/2020:04:29:39 -0700] "GET /content/photos/?offset=520 HTTP/1.1" 200 7963 "-" "Mozilla/5.0 (compatible; MJ12bot/v1.4.8; http://mj12bot.com/)" 
144.76.60.198 - - [06/Apr/2020:04:29:41 -0700] "GET /content/photos/?offset=520&_t=rss HTTP/1.1" 200 4401 "-" "Mozilla/5.0 (compatible; MJ12bot/v1.4.8; http://mj12bot.com/)" 
144.76.60.198 - - [06/Apr/2020:04:29:43 -0700] "GET /content/photos/?offset=529&_t=rss HTTP/1.1" 200 4228 "-" "Mozilla/5.0 (compatible; MJ12bot/v1.4.8; http://mj12bot.com/)" 
144.76.60.198 - - [06/Apr/2020:04:29:45 -0700] "GET /content/photos/?offset=530 HTTP/1.1" 200 7855 "-" "Mozilla/5.0 (compatible; MJ12bot/v1.4.8; http://mj12bot.com/)" 
178.63.87.197 - - [06/Apr/2020:04:29:47 -0700] "GET /content/statusupdates/?q=%23indieweb&offset=1 HTTP/1.1" 200 11728 "-" "Mozilla/5.0 (compatible; MJ12bot/v1.4.8; http://mj12bot.com/)" 
144.76.60.198 - - [06/Apr/2020:04:29:49 -0700] "GET /content/photos/?offset=539&_t=rss HTTP/1.1" 200 7566 "-" "Mozilla/5.0 (compatible; MJ12bot/v1.4.8; http://mj12bot.com/)" 
144.76.60.198 - - [06/Apr/2020:04:29:51 -0700] "GET /content/photos/?offset=540 HTTP/1.1" 200 7844 "-" "Mozilla/5.0 (compatible; MJ12bot/v1.4.8; http://mj12bot.com/)" 
144.76.60.198 - - [06/Apr/2020:04:29:53 -0700] "GET /content/photos/?offset=540&_t=rss HTTP/1.1" 200 4249 "-" "Mozilla/5.0 (compatible; MJ12bot/v1.4.8; http://mj12bot.com/)" 
144.76.60.198 - - [06/Apr/2020:04:29:56 -0700] "GET /content/photos/?offset=549 HTTP/1.1" 200 10922 "-" "Mozilla/5.0 (compatible; MJ12bot/v1.4.8; http://mj12bot.com/)" 
178.63.87.197 - - [06/Apr/2020:04:29:58 -0700] "GET /content/statusupdates/?q=%23indieweb&offset=10&_t=rss HTTP/1.1" 200 7517 "-" "Mozilla/5.0 (compatible; MJ12bot/v1.4.8; http://mj12bot.com/)" 
144.76.60.198 - - [06/Apr/2020:04:29:59 -0700] "GET /content/photos/?offset=549&_t=rss HTTP/1.1" 200 7376 "-" "Mozilla/5.0 (compatible; MJ12bot/v1.4.8; http://mj12bot.com/)" 
144.76.60.198 - - [06/Apr/2020:04:30:02 -0700] "GET /content/photos/?offset=550 HTTP/1.1" 200 10859 "-" "Mozilla/5.0 (compatible; MJ12bot/v1.4.8; http://mj12bot.com/)" 
144.76.60.198 - - [06/Apr/2020:04:30:04 -0700] "GET /content/photos/?offset=560 HTTP/1.1" 200 7829 "-" "Mozilla/5.0 (compatible; MJ12bot/v1.4.8; http://mj12bot.com/)" 
144.76.60.198 - - [06/Apr/2020:04:30:07 -0700] "GET /content/photos/?offset=570&_t=rss HTTP/1.1" 200 7389 "-" "Mozilla/5.0 (compatible; MJ12bot/v1.4.8; http://mj12bot.com/)" 
178.63.87.197 - - [06/Apr/2020:04:30:08 -0700] "GET /content/statusupdates/?q=%23indieweb&offset=20 HTTP/1.1" 200 11405 "-" "Mozilla/5.0 (compatible; MJ12bot/v1.4.8; http://mj12bot.com/)" 
144.76.60.198 - - [06/Apr/2020:04:30:09 -0700] "GET /content/photos/?offset=58 HTTP/1.1" 200 8294 "-" "Mozilla/5.0 (compatible; MJ12bot/v1.4.8; http://mj12bot.com/)" 
144.76.60.198 - - [06/Apr/2020:04:30:11 -0700] "GET /content/photos/?offset=58&_t=rss HTTP/1.1" 200 4690 "-" "Mozilla/5.0 (compatible; MJ12bot/v1.4.8; http://mj12bot.com/)" 
178.63.87.197 - - [06/Apr/2020:04:30:11 -0700] "GET /content/statusupdates/?q=%23indieweb&offset=20&_t=rss HTTP/1.1" 200 7378 "-" "Mozilla/5.0 (compatible; MJ12bot/v1.4.8; http://mj12bot.com/)" 
164.68.106.61 - - [06/Apr/2020:04:30:13 -0700] "GET /content/statusupdates/?offset=38 HTTP/1.1" 200 11631 "-" "Mozilla/5.0 (compatible; MJ12bot/v1.4.8; http://mj12bot.com/)" 
144.76.60.198 - - [06/Apr/2020:04:30:14 -0700] "GET /content/photos/?offset=580&_t=rss HTTP/1.1" 200 7549 "-" "Mozilla/5.0 (compatible; MJ12bot/v1.4.8; http://mj12bot.com/)" 
144.76.60.198 - - [06/Apr/2020:04:30:16 -0700] "GET /content/photos/?offset=68&_t=rss HTTP/1.1" 200 4194 "-" "Mozilla/5.0 (compatible; MJ12bot/v1.4.8; http://mj12bot.com/)" 
178.63.87.197 - - [06/Apr/2020:04:30:16 -0700] "GET /content/statusupdates/?q=%23indieweb&offset=21 HTTP/1.1" 200 11324 "-" "Mozilla/5.0 (compatible; MJ12bot/v1.4.8; http://mj12bot.com/)" 
144.76.60.198 - - [06/Apr/2020:04:30:18 -0700] "GET /content/photos/?offset=78&_t=rss HTTP/1.1" 200 7392 "-" "Mozilla/5.0 (compatible; MJ12bot/v1.4.8; http://mj12bot.com/)" 
144.76.60.198 - - [06/Apr/2020:04:30:20 -0700] "GET /content/photos/?offset=88&_t=rss HTTP/1.1" 200 4143 "-" "Mozilla/5.0 (compatible; MJ12bot/v1.4.8; http://mj12bot.com/)" 
164.68.106.61 - - [06/Apr/2020:04:30:21 -0700] "GET /content/statusupdates/?offset=38&_t=rss HTTP/1.1" 200 7592 "-" "Mozilla/5.0 (compatible; MJ12bot/v1.4.8; http://mj12bot.com/)" 
144.76.60.198 - - [06/Apr/2020:04:30:22 -0700] "GET /content/photos/?offset=98 HTTP/1.1" 200 7533 "-" "Mozilla/5.0 (compatible; MJ12bot/v1.4.8; http://mj12bot.com/)" 
178.63.87.197 - - [06/Apr/2020:04:30:30 -0700] "GET /content/statusupdates/?q=%23indieweb&offset=23&_t=rss HTTP/1.1" 200 6829 "-" "Mozilla/5.0 (compatible; MJ12bot/v1.4.8; http://mj12bot.com/)" 
164.68.106.61 - - [06/Apr/2020:04:30:35 -0700] "GET /content/statusupdates/?offset=40 HTTP/1.1" 200 11713 "-" "Mozilla/5.0 (compatible; MJ12bot/v1.4.8; http://mj12bot.com/)" 
96.126.125.129 - - [06/Apr/2020:04:30:36 -0700] "GET /content/statusupdates/posts/photos/checkins/bookmarkedpages?_t=rss HTTP/1.1" 200 7933 "-" "Micro.blog/1.0" 
178.63.87.197 - - [06/Apr/2020:04:30:37 -0700] "GET /content/statusupdates/?q=%23indieweb&offset=30 HTTP/1.1" 200 9034 "-" "Mozilla/5.0 (compatible; MJ12bot/v1.4.8; http://mj12bot.com/)" 
178.63.87.197 - - [06/Apr/2020:04:30:45 -0700] "GET /content/statusupdates/?q=%23indieweb&offset=31 HTTP/1.1" 200 8930 "-" "Mozilla/5.0 (compatible; MJ12bot/v1.4.8; http://mj12bot.com/)" 
178.63.87.197 - - [06/Apr/2020:04:30:50 -0700] "GET /content/statusupdates/?q=%23indieweb&offset=31&_t=rss HTTP/1.1" 200 5582 "-" "Mozilla/5.0 (compatible; MJ12bot/v1.4.8; http://mj12bot.com/)" 
144.76.60.198 - - [06/Apr/2020:04:30:51 -0700] "GET /content/photos/?q=%23%20%238482&_t=rss HTTP/1.1" 200 5827 "-" "Mozilla/5.0 (compatible; MJ12bot/v1.4.8; http://mj12bot.com/)" 
144.76.60.198 - - [06/Apr/2020:04:30:54 -0700] "GET /content/photos/?q=%23%20%23Http://agro.biodiver.se/&offset=0 HTTP/1.1" 200 13449 "-" "Mozilla/5.0 (compatible; MJ12bot/v1.4.8; http://mj12bot.com/)" 
144.76.60.198 - - [06/Apr/2020:04:30:57 -0700] "GET /content/photos/?q=%23%20%23Http://agro.biodiver.se/&offset=0&_t=rss HTTP/1.1" 200 9023 "-" "Mozilla/5.0 (compatible; MJ12bot/v1.4.8; http://mj12bot.com/)" 
178.63.87.197 - - [06/Apr/2020:04:30:59 -0700] "GET /content/statusupdates/?q=%23podcast%26quot&offset=14 HTTP/1.1" 200 9447 "-" "Mozilla/5.0 (compatible; MJ12bot/v1.4.8; http://mj12bot.com/)" 
178.63.87.197 - - [06/Apr/2020:04:31:03 -0700] "GET /content/statusupdates/?q=%23podcast%26quot&offset=3 HTTP/1.1" 200 11481 "-" "Mozilla/5.0 (compatible; MJ12bot/v1.4.8; http://mj12bot.com/)" 
164.68.106.61 - - [06/Apr/2020:04:31:04 -0700] "GET /content/statusupdates/?offset=42 HTTP/1.1" 200 11729 "-" "Mozilla/5.0 (compatible; MJ12bot/v1.4.8; http://mj12bot.com/)" 
178.63.87.197 - - [06/Apr/2020:04:31:08 -0700] "GET /content/statusupdates/?q=%23podcast%26quot&offset=4 HTTP/1.1" 200 11143 "-" "Mozilla/5.0 (compatible; MJ12bot/v1.4.8; http://mj12bot.com/)" 
46.4.77.27 - - [06/Apr/2020:04:31:10 -0700] "GET /robots.txt HTTP/1.1" 200 4382 "-" "Java/11.0.6" 
178.63.87.197 - - [06/Apr/2020:04:31:12 -0700] "GET /content/statusupdates/?q=%23podcast%26quot&offset=4&_t=rss HTTP/1.1" 200 7266 "-" "Mozilla/5.0 (compatible; MJ12bot/v1.4.8; http://mj12bot.com/)" 
178.63.87.197 - - [06/Apr/2020:04:31:20 -0700] "GET /content/statusupdates/?q=%23tentaclelove&_t=rss HTTP/1.1" 200 5046 "-" "Mozilla/5.0 (compatible; MJ12bot/v1.4.8; http://mj12bot.com/)" 
178.63.87.197 - - [06/Apr/2020:04:31:32 -0700] "GET /content/statusupdates/?q=%23viola&_t=rss HTTP/1.1" 200 5035 "-" "Mozilla/5.0 (compatible; MJ12bot/v1.4.8; http://mj12bot.com/)" 
164.68.106.61 - - [06/Apr/2020:04:31:41 -0700] "GET /content/statusupdates/?offset=48 HTTP/1.1" 200 11210 "-" "Mozilla/5.0 (compatible; MJ12bot/v1.4.8; http://mj12bot.com/)" 
144.76.60.198 - - [06/Apr/2020:04:31:44 -0700] "GET /content/photos/?q=%23%20%23bagels&_t=rss HTTP/1.1" 200 5811 "-" "Mozilla/5.0 (compatible; MJ12bot/v1.4.8; http://mj12bot.com/)" 
178.63.87.197 - - [06/Apr/2020:04:31:45 -0700] "GET /content/statusupdates/?q=%23withknown&offset=19 HTTP/1.1" 200 8929 "-" "Mozilla/5.0 (compatible; MJ12bot/v1.4.8; http://mj12bot.com/)" 
178.63.87.197 - - [06/Apr/2020:04:31:51 -0700] "GET /content/statusupdates/?q=%23withknown&offset=19&_t=rss HTTP/1.1" 200 5584 "-" "Mozilla/5.0 (compatible; MJ12bot/v1.4.8; http://mj12bot.com/)" 
178.63.87.197 - - [06/Apr/2020:04:31:55 -0700] "GET /content/statusupdates/?q=%23withknown&offset=6 HTTP/1.1" 200 10791 "-" "Mozilla/5.0 (compatible; MJ12bot/v1.4.8; http://mj12bot.com/)" 
178.63.87.197 - - [06/Apr/2020:04:32:01 -0700] "GET /content/statusupdates/?q=%23withknown&offset=6&_t=rss HTTP/1.1" 200 6876 "-" "Mozilla/5.0 (compatible; MJ12bot/v1.4.8; http://mj12bot.com/)" 
164.68.106.61 - - [06/Apr/2020:04:32:07 -0700] "GET /content/statusupdates/?offset=48&_t=rss HTTP/1.1" 200 7264 "-" "Mozilla/5.0 (compatible; MJ12bot/v1.4.8; http://mj12bot.com/)" 
178.63.87.197 - - [06/Apr/2020:04:32:09 -0700] "GET /content/statusupdates/?q=%23withknown&offset=9 HTTP/1.1" 200 10708 "-" "Mozilla/5.0 (compatible; MJ12bot/v1.4.8; http://mj12bot.com/)" 
178.63.87.197 - - [06/Apr/2020:04:32:15 -0700] "GET /content/statusupdates/?q=%23withknown&offset=9&_t=rss HTTP/1.1" 200 6781 "-" "Mozilla/5.0 (compatible; MJ12bot/v1.4.8; http://mj12bot.com/)" 
178.63.87.197 - - [06/Apr/2020:04:32:19 -0700] "GET /content/statusupdates/?q=%2523goats&_t=rss HTTP/1.1" 200 5039 "-" "Mozilla/5.0 (compatible; MJ12bot/v1.4.8; http://mj12bot.com/)" 
178.63.87.197 - - [06/Apr/2020:04:32:23 -0700] "GET /content/statusupdates/?q=%2523viola&_t=rss HTTP/1.1" 200 5040 "-" "Mozilla/5.0 (compatible; MJ12bot/v1.4.8; http://mj12bot.com/)" 
178.63.87.197 - - [06/Apr/2020:04:32:25 -0700] "GET /file/b087279664a93f1e85ec827f569c129b/8f503b120a58b1c681a354bcc3315851 HTTP/1.1" 200 114371 "-" "Mozilla/5.0 (compatible; MJ12bot/v1.4.8; http://mj12bot.com/)" 
54.36.150.138 - - [06/Apr/2020:04:32:29 -0700] "GET /2017/working-my-way-through-chris-aldrichs-guide-to-bringing-twitter?_t=rss HTTP/1.1" 200 5260 "-" "Mozilla/5.0 (compatible; AhrefsBot/6.1; +http://ahrefs.com/robot/)" 
178.63.87.197 - - [06/Apr/2020:04:32:29 -0700] "GET /tag/+%23rustic HTTP/1.1" 200 10342 "-" "Mozilla/5.0 (compatible; MJ12bot/v1.4.8; http://mj12bot.com/)" 
164.68.106.61 - - [06/Apr/2020:04:32:30 -0700] "GET /content/statusupdates/?offset=50 HTTP/1.1" 200 10976 "-" "Mozilla/5.0 (compatible; MJ12bot/v1.4.8; http://mj12bot.com/)" 
178.63.87.197 - - [06/Apr/2020:04:32:33 -0700] "GET /tag/+%23sourdough HTTP/1.1" 200 12209 "-" "Mozilla/5.0 (compatible; MJ12bot/v1.4.8; http://mj12bot.com/)" 
164.68.106.61 - - [06/Apr/2020:04:33:51 -0700] "GET /content/statusupdates/?offset=58 HTTP/1.1" 200 11034 "-" "Mozilla/5.0 (compatible; MJ12bot/v1.4.8; http://mj12bot.com/)" 
157.55.39.203 - - [06/Apr/2020:04:34:11 -0700] "GET /2019/excellent-news-10centuries-now-has-a-clickable?_t=rss HTTP/1.1" 200 5385 "-" "msnbot/2.0b (+http://search.msn.com/msnbot.htm)" 
144.76.60.198 - - [06/Apr/2020:04:34:27 -0700] "GET /content/photos/?q=%23%20%23indieweb&_t=rss HTTP/1.1" 200 5687 "-" "Mozilla/5.0 (compatible; MJ12bot/v1.4.8; http://mj12bot.com/)" 
144.76.60.198 - - [06/Apr/2020:04:34:32 -0700] "GET /content/photos/?q=%23%20%23makrut&_t=rss HTTP/1.1" 200 5040 "-" "Mozilla/5.0 (compatible; MJ12bot/v1.4.8; http://mj12bot.com/)" 
144.76.60.198 - - [06/Apr/2020:04:34:40 -0700] "GET /content/photos/?q=%23%20%23podcast&offset=0 HTTP/1.1" 200 12844 "-" "Mozilla/5.0 (compatible; MJ12bot/v1.4.8; http://mj12bot.com/)" 
144.76.60.198 - - [06/Apr/2020:04:34:42 -0700] "GET /content/photos/?q=%23%20%23podcast&offset=0&_t=rss HTTP/1.1" 200 5312 "-" "Mozilla/5.0 (compatible; MJ12bot/v1.4.8; http://mj12bot.com/)" 
144.76.60.198 - - [06/Apr/2020:04:34:45 -0700] "GET /content/photos/?q=%23%20%23podcast&offset=9 HTTP/1.1" 200 9374 "-" "Mozilla/5.0 (compatible; MJ12bot/v1.4.8; http://mj12bot.com/)" 
46.229.168.138 - - [06/Apr/2020:04:34:49 -0700] "GET /content/all/?q=%23antibiotics HTTP/1.1" 200 9986 "-" "Mozilla/5.0 (compatible; SemrushBot/6~bl; +http://www.semrush.com/bot.html)" 
164.68.106.61 - - [06/Apr/2020:04:34:53 -0700] "GET /content/statusupdates/?offset=68 HTTP/1.1" 200 10850 "-" "Mozilla/5.0 (compatible; MJ12bot/v1.4.8; http://mj12bot.com/)" 
46.229.168.134 - - [06/Apr/2020:04:34:58 -0700] "GET /content/posts/?q=%23leaven HTTP/1.1" 200 8490 "-" "Mozilla/5.0 (compatible; SemrushBot/6~bl; +http://www.semrush.com/bot.html)" 
157.55.39.239 - - [06/Apr/2020:04:35:26 -0700] "GET /file/ae93d09a91bf2f75b94f21d35e6dafc9/igaj5dPA.jpg HTTP/1.1" 200 188217 "-" "Mozilla/5.0 (compatible; bingbot/2.0; +http://www.bing.com/bingbot.htm)" 
164.68.106.61 - - [06/Apr/2020:04:35:33 -0700] "GET /content/statusupdates/?offset=70 HTTP/1.1" 200 10773 "-" "Mozilla/5.0 (compatible; MJ12bot/v1.4.8; http://mj12bot.com/)" 
54.36.148.218 - - [06/Apr/2020:04:35:49 -0700] "GET /content/photos/?offset=714&_t=rss HTTP/1.1" 200 6702 "-" "Mozilla/5.0 (compatible; AhrefsBot/6.1; +http://ahrefs.com/robot/)" 
54.36.149.75 - - [06/Apr/2020:04:35:55 -0700] "GET /content/photos/?offset=166&_t=rss HTTP/1.1" 200 7300 "-" "Mozilla/5.0 (compatible; AhrefsBot/6.1; +http://ahrefs.com/robot/)" 
144.76.60.198 - - [06/Apr/2020:04:36:02 -0700] "GET /content/photos/?q=%23Rye&offset=9&_t=rss HTTP/1.1" 200 5671 "-" "Mozilla/5.0 (compatible; MJ12bot/v1.4.8; http://mj12bot.com/)" 
46.229.168.161 - - [06/Apr/2020:04:36:03 -0700] "GET /2018/liquid-author-looks-like-an-interesting HTTP/1.1" 200 9673 "-" "Mozilla/5.0 (compatible; SemrushBot/6~bl; +http://www.semrush.com/bot.html)" 
164.68.106.61 - - [06/Apr/2020:04:36:35 -0700] "GET /content/statusupdates/?offset=78 HTTP/1.1" 200 10516 "-" "Mozilla/5.0 (compatible; MJ12bot/v1.4.8; http://mj12bot.com/)" 
144.76.60.198 - - [06/Apr/2020:04:36:50 -0700] "GET /content/photos/?q=%23antibiotics&_t=rss HTTP/1.1" 200 5034 "-" "Mozilla/5.0 (compatible; MJ12bot/v1.4.8; http://mj12bot.com/)" 
157.55.39.239 - - [06/Apr/2020:04:36:50 -0700] "GET /content/all/?offset=0&_t=rss HTTP/1.1" 200 7595 "-" "msnbot/2.0b (+http://search.msn.com/msnbot.htm)" 
54.36.149.8 - - [06/Apr/2020:04:36:52 -0700] "GET /content/posts/?offset=66&_t=rss HTTP/1.1" 200 10450 "-" "Mozilla/5.0 (compatible; AhrefsBot/6.1; +http://ahrefs.com/robot/)" 
164.68.106.61 - - [06/Apr/2020:04:36:59 -0700] "GET /content/statusupdates/?offset=78&_t=rss HTTP/1.1" 200 6656 "-" "Mozilla/5.0 (compatible; MJ12bot/v1.4.8; http://mj12bot.com/)" 
144.76.60.198 - - [06/Apr/2020:04:37:00 -0700] "GET /content/photos/?q=%23bread&_t=rss HTTP/1.1" 200 8406 "-" "Mozilla/5.0 (compatible; MJ12bot/v1.4.8; http://mj12bot.com/)" 
144.76.60.198 - - [06/Apr/2020:04:37:04 -0700] "GET /content/photos/?q=%23bread&offset=0&_t=rss HTTP/1.1" 200 8423 "-" "Mozilla/5.0 (compatible; MJ12bot/v1.4.8; http://mj12bot.com/)" 
144.76.60.198 - - [06/Apr/2020:04:37:06 -0700] "GET /content/photos/?q=%23bread&offset=1 HTTP/1.1" 200 8623 "-" "Mozilla/5.0 (compatible; MJ12bot/v1.4.8; http://mj12bot.com/)" 
54.36.149.6 - - [06/Apr/2020:04:37:09 -0700] "GET /content/all/?offset=80 HTTP/1.1" 200 11202 "-" "Mozilla/5.0 (compatible; AhrefsBot/6.1; +http://ahrefs.com/robot/)" 
144.76.60.198 - - [06/Apr/2020:04:37:09 -0700] "GET /content/photos/?q=%23bread&offset=10&_t=rss HTTP/1.1" 200 8516 "-" "Mozilla/5.0 (compatible; MJ12bot/v1.4.8; http://mj12bot.com/)" 
144.76.60.198 - - [06/Apr/2020:04:37:13 -0700] "GET /content/photos/?q=%23bread&offset=11&_t=rss HTTP/1.1" 200 8440 "-" "Mozilla/5.0 (compatible; MJ12bot/v1.4.8; http://mj12bot.com/)" 
144.76.60.198 - - [06/Apr/2020:04:37:15 -0700] "GET /content/photos/?q=%23bread&offset=14 HTTP/1.1" 200 8712 "-" "Mozilla/5.0 (compatible; MJ12bot/v1.4.8; http://mj12bot.com/)" 
144.76.60.198 - - [06/Apr/2020:04:37:17 -0700] "GET /content/photos/?q=%23bread&offset=16 HTTP/1.1" 200 9109 "-" "Mozilla/5.0 (compatible; MJ12bot/v1.4.8; http://mj12bot.com/)" 
144.76.60.198 - - [06/Apr/2020:04:37:20 -0700] "GET /content/photos/?q=%23bread&offset=16&_t=rss HTTP/1.1" 200 8636 "-" "Mozilla/5.0 (compatible; MJ12bot/v1.4.8; http://mj12bot.com/)" 
144.76.60.198 - - [06/Apr/2020:04:37:22 -0700] "GET /content/photos/?q=%23bread&offset=17&_t=rss HTTP/1.1" 200 8648 "-" "Mozilla/5.0 (compatible; MJ12bot/v1.4.8; http://mj12bot.com/)" 
144.76.60.198 - - [06/Apr/2020:04:37:24 -0700] "GET /content/photos/?q=%23bread&offset=20&_t=rss HTTP/1.1" 200 5503 "-" "Mozilla/5.0 (compatible; MJ12bot/v1.4.8; http://mj12bot.com/)" 
144.76.60.198 - - [06/Apr/2020:04:37:26 -0700] "GET /content/photos/?q=%23bread&offset=24 HTTP/1.1" 200 9370 "-" "Mozilla/5.0 (compatible; MJ12bot/v1.4.8; http://mj12bot.com/)" 
164.68.106.61 - - [06/Apr/2020:04:37:27 -0700] "GET /content/statusupdates/?offset=80 HTTP/1.1" 200 10794 "-" "Mozilla/5.0 (compatible; MJ12bot/v1.4.8; http://mj12bot.com/)" 
114.119.165.105 - - [06/Apr/2020:04:37:48 -0700] "GET /2018/2018-01-15 HTTP/1.1" 200 10149 "-" "Mozilla/5.0 (Linux; Android 7.0;) AppleWebKit/537.36 (KHTML, like Gecko) Mobile Safari/537.36 (compatible; AspiegelBot)" 
164.68.106.61 - - [06/Apr/2020:04:37:53 -0700] "GET /content/statusupdates/?offset=82 HTTP/1.1" 200 11002 "-" "Mozilla/5.0 (compatible; MJ12bot/v1.4.8; http://mj12bot.com/)" 
164.68.106.61 - - [06/Apr/2020:04:38:26 -0700] "GET /content/statusupdates/?offset=88&_t=rss HTTP/1.1" 200 7260 "-" "Mozilla/5.0 (compatible; MJ12bot/v1.4.8; http://mj12bot.com/)" 
40.77.167.110 - - [06/Apr/2020:04:38:30 -0700] "GET /file/76bd7f122c01c82d7a7a8830aa24c76b HTTP/1.1" 200 22024 "-" "Mozilla/5.0 (compatible; bingbot/2.0; +http://www.bing.com/bingbot.htm)" 
77.120.205.69 - - [06/Apr/2020:04:38:37 -0700] "GET /file/a27c14ed53e63d4ba6f2179f5cf3275b/79B0D51C-5E48-4E09-B371-384D89504D5E.jpeg HTTP/1.1" 200 67951 "https://micro.blog/discover" "Mozilla/5.0 (X11; Ubuntu; Linux x86_64; rv:74.0) Gecko/20100101 Firefox/74.0" 
164.68.106.61 - - [06/Apr/2020:04:39:13 -0700] "GET /content/statusupdates/?q=%23%20%238482&_t=rss HTTP/1.1" 200 5049 "-" "Mozilla/5.0 (compatible; MJ12bot/v1.4.8; http://mj12bot.com/)" 
164.68.106.61 - - [06/Apr/2020:04:39:27 -0700] "GET /content/statusupdates/?q=%23%20%23Http://agro.biodiver.se/&offset=0&_t=rss HTTP/1.1" 200 7993 "-" "Mozilla/5.0 (compatible; MJ12bot/v1.4.8; http://mj12bot.com/)" 
164.68.106.61 - - [06/Apr/2020:04:39:39 -0700] "GET /content/statusupdates/?q=%23%20%23Http://agro.biodiver.se/&offset=10&_t=rss HTTP/1.1" 200 7891 "-" "Mozilla/5.0 (compatible; MJ12bot/v1.4.8; http://mj12bot.com/)" 
54.36.149.3 - - [06/Apr/2020:04:39:43 -0700] "GET /2018/2018-05-17-02 HTTP/1.1" 200 9455 "-" "Mozilla/5.0 (compatible; AhrefsBot/6.1; +http://ahrefs.com/robot/)" 
46.229.168.154 - - [06/Apr/2020:04:39:44 -0700] "GET /2018/leaving-trieste-on-a-glorious-day-blue HTTP/1.1" 200 10046 "-" "Mozilla/5.0 (compatible; SemrushBot/6~bl; +http://www.semrush.com/bot.html)" 
46.229.168.154 - - [06/Apr/2020:04:39:47 -0700] "GET /content/photos/?q=%23food HTTP/1.1" 200 9847 "-" "Mozilla/5.0 (compatible; SemrushBot/6~bl; +http://www.semrush.com/bot.html)" 
46.229.168.154 - - [06/Apr/2020:04:39:49 -0700] "GET /content/posts/?q=%23non HTTP/1.1" 200 8483 "-" "Mozilla/5.0 (compatible; SemrushBot/6~bl; +http://www.semrush.com/bot.html)" 
164.68.106.61 - - [06/Apr/2020:04:39:57 -0700] "GET /content/statusupdates/?q=%23%20%23Http://agro.biodiver.se/&offset=15 HTTP/1.1" 200 11796 "-" "Mozilla/5.0 (compatible; MJ12bot/v1.4.8; http://mj12bot.com/)" 
46.229.168.137 - - [06/Apr/2020:04:40:07 -0700] "GET /content/rsvp/?q=%23leaven HTTP/1.1" 200 8490 "-" "Mozilla/5.0 (compatible; SemrushBot/6~bl; +http://www.semrush.com/bot.html)" 
157.55.39.239 - - [06/Apr/2020:04:40:53 -0700] "GET /file/bfcf424ae22f26b701fa5aa8e9994aa3 HTTP/1.1" 200 13894 "-" "Mozilla/5.0 (compatible; bingbot/2.0; +http://www.bing.com/bingbot.htm)" 
54.36.150.75 - - [06/Apr/2020:04:41:35 -0700] "GET /profile/jeremy?offset=33&_t=rss HTTP/1.1" 200 7262 "-" "Mozilla/5.0 (compatible; AhrefsBot/6.1; +http://ahrefs.com/robot/)" 
40.77.167.110 - - [06/Apr/2020:04:42:16 -0700] "GET /2020/this-morning-twitter-kissed-culture-hard-on-the-mouth-cultureby HTTP/1.1" 304 3726 "-" "Mozilla/5.0 (compatible; bingbot/2.0; +http://www.bing.com/bingbot.htm)" 
64.111.100.215 - - [06/Apr/2020:04:42:33 -0700] "GET /content/all?_t=rss HTTP/1.1" 200 15565 "-" "Mozilla/5.0 (X11; U; Linux i686; fr; rv:1.9.1.1) Gecko/20090715 Firefox/3.5.1" 
46.229.168.145 - - [06/Apr/2020:04:42:56 -0700] "GET /?offset=45&q=%23sourdough HTTP/1.1" 200 11773 "-" "Mozilla/5.0 (compatible; SemrushBot/6~bl; +http://www.semrush.com/bot.html)" 
46.229.168.140 - - [06/Apr/2020:04:42:58 -0700] "GET /content/posts/?offset=0&q=%23quill HTTP/1.1" 200 13972 "-" "Mozilla/5.0 (compatible; SemrushBot/6~bl; +http://www.semrush.com/bot.html)" 
46.229.168.146 - - [06/Apr/2020:04:43:02 -0700] "GET /2017/virtual-hwc-europe HTTP/1.1" 200 9840 "-" "Mozilla/5.0 (compatible; SemrushBot/6~bl; +http://www.semrush.com/bot.html)" 
114.119.166.46 - - [06/Apr/2020:04:43:21 -0700] "GET /content/events?q=%23Automators HTTP/1.1" 200 8308 "-" "Mozilla/5.0 (Linux; Android 7.0;) AppleWebKit/537.36 (KHTML, like Gecko) Mobile Safari/537.36 (compatible; AspiegelBot)" 
54.36.150.99 - - [06/Apr/2020:04:43:56 -0700] "GET /tag/WithKnown?offset=5 HTTP/1.1" 200 10866 "-" "Mozilla/5.0 (compatible; AhrefsBot/6.1; +http://ahrefs.com/robot/)" 
