66.249.70.12 - - [01/Apr/2020:02:59:05 -0700] "GET /service/web/unfurl/?url=http%3A%2F%2Fdobianchi.com%2F2018%2F10%2F10%2Fhow-many-master-sommeliers-texas%2F&__bTk=e749a8d6db3902ca6785f67a2ee2212e968b21f50c70879db9a01b3070a8d93d&__bTs=1583580603 HTTP/1.1" 403 4640 "https://stream.jeremycherfas.net/view/281c9d57f56921202b9e85d2875aabdc" "Mozilla/5.0 (Linux; Android 6.0.1; Nexus 5X Build/MMB29P) AppleWebKit/537.36 (KHTML, like Gecko) Chrome/80.0.3987.92 Mobile Safari/537.36 (compatible; Googlebot/2.1; +http://www.google.com/bot.html)" 
51.6.254.217 - - [01/Apr/2020:02:59:38 -0700] "GET /service/security/csrftoken/?url=annotation%2Fpost HTTP/1.1" 200 4418 "https://stream.jeremycherfas.net/2020/untitled-36" "Mozilla/5.0 (Macintosh; Intel Mac OS X 10_12_6) AppleWebKit/605.1.15 (KHTML, like Gecko) Version/12.0.3 Safari/605.1.15" 
51.6.254.217 - - [01/Apr/2020:02:59:39 -0700] "GET /service/security/csrftoken/ HTTP/1.1" 500 4786 "https://stream.jeremycherfas.net/2020/untitled-36" "Mozilla/5.0 (Macintosh; Intel Mac OS X 10_12_6) AppleWebKit/605.1.15 (KHTML, like Gecko) Version/12.0.3 Safari/605.1.15" 
114.119.166.46 - - [01/Apr/2020:03:00:24 -0700] "GET /2019/reddits-best-mindblowing-facts-of-all-time HTTP/1.1" 200 9452 "-" "Mozilla/5.0 (Linux; Android 7.0;) AppleWebKit/537.36 (KHTML, like Gecko) Mobile Safari/537.36 (compatible; AspiegelBot)" 
96.126.125.129 - - [01/Apr/2020:03:01:04 -0700] "GET /content/statusupdates/posts/photos/checkins/bookmarkedpages?_t=rss HTTP/1.1" 200 7773 "-" "Micro.blog/1.0" 
46.229.168.145 - - [01/Apr/2020:03:02:09 -0700] "GET /2018/-after-authenticity HTTP/1.1" 200 9574 "-" "Mozilla/5.0 (compatible; SemrushBot/6~bl; +http://www.semrush.com/bot.html)" 
66.249.70.14 - - [01/Apr/2020:03:02:12 -0700] "GET /view/281c9d57f56921202b9e85d2875aabdc?_t=rss HTTP/1.1" 200 5498 "-" "Mozilla/5.0 (Linux; Android 6.0.1; Nexus 5X Build/MMB29P) AppleWebKit/537.36 (KHTML, like Gecko) Chrome/41.0.2272.96 Mobile Safari/537.36 (compatible; Googlebot/2.1; +http://www.google.com/bot.html)" 
157.230.173.27 - - [01/Apr/2020:03:02:49 -0700] "GET /?_t=rss HTTP/1.1" 200 7448 "-" "Feedbin feed-id:1536727 - 1 subscribers" 
46.229.168.139 - - [01/Apr/2020:03:03:15 -0700] "GET /tag/WithKnown?offset=10 HTTP/1.1" 200 12134 "-" "Mozilla/5.0 (compatible; SemrushBot/6~bl; +http://www.semrush.com/bot.html)" 
46.229.168.131 - - [01/Apr/2020:03:03:22 -0700] "GET /2018/airlines-and-airports-the-brooks-review HTTP/1.1" 200 10020 "-" "Mozilla/5.0 (compatible; SemrushBot/6~bl; +http://www.semrush.com/bot.html)" 
46.229.168.136 - - [01/Apr/2020:03:05:04 -0700] "GET /2020/i-hope-you-enjoyed-it-just-to HTTP/1.1" 200 9648 "-" "Mozilla/5.0 (compatible; SemrushBot/6~bl; +http://www.semrush.com/bot.html)" 
3.84.237.164 - - [01/Apr/2020:03:05:33 -0700] "GET /?_t=rss HTTP/1.1" 200 7678 "-" "glitch-feeder/1.0 (+https://glitch.com/~lmo-feeder)" 
64.111.100.215 - - [01/Apr/2020:03:06:03 -0700] "GET /content/all?_t=rss HTTP/1.1" 200 17007 "-" "Mozilla/5.0 (X11; U; Linux i686; fr; rv:1.9.1.1) Gecko/20090715 Firefox/3.5.1" 
142.44.167.43 - - [01/Apr/2020:03:07:17 -0700] "GET /2020/untitled-36 HTTP/1.1" 200 10031 "-" "Mozilla/5.0 (compatible; YaK/1.0; http://linkfluence.com/; bot@linkfluence.com)" 
114.119.165.37 - - [01/Apr/2020:03:08:18 -0700] "GET /2018/checked-into-burg-sch%C3%A4nke HTTP/1.1" 200 9615 "-" "Mozilla/5.0 (Linux; Android 7.0;) AppleWebKit/537.36 (KHTML, like Gecko) Mobile Safari/537.36 (compatible; AspiegelBot)" 
157.55.39.186 - - [01/Apr/2020:03:08:51 -0700] "GET /2018/the-mixed-scald-and-starter-ready-for-overnight-ferment-last HTTP/1.1" 200 11040 "-" "Mozilla/5.0 (compatible; bingbot/2.0; +http://www.bing.com/bingbot.htm)" 
35.203.245.186 - - [01/Apr/2020:03:10:47 -0700] "HEAD /2020/hey-faostatistics-faostatenhome-has-been-unreachable-for HTTP/1.1" 200 4586 "-" "Bridgy (https://brid.gy/about)" 
46.229.168.147 - - [01/Apr/2020:03:11:31 -0700] "GET /content/all/?offset=14&q=%23%2B%23sourdough HTTP/1.1" 200 12157 "-" "Mozilla/5.0 (compatible; SemrushBot/6~bl; +http://www.semrush.com/bot.html)" 
51.6.254.217 - - [01/Apr/2020:03:12:18 -0700] "GET /service/security/csrftoken/?url=annotation%2Fpost HTTP/1.1" 200 4418 "https://stream.jeremycherfas.net/2020/untitled-36" "Mozilla/5.0 (Macintosh; Intel Mac OS X 10_12_6) AppleWebKit/605.1.15 (KHTML, like Gecko) Version/12.0.3 Safari/605.1.15" 
51.6.254.217 - - [01/Apr/2020:03:12:18 -0700] "GET /service/security/csrftoken/ HTTP/1.1" 500 4786 "https://stream.jeremycherfas.net/2020/untitled-36" "Mozilla/5.0 (Macintosh; Intel Mac OS X 10_12_6) AppleWebKit/605.1.15 (KHTML, like Gecko) Version/12.0.3 Safari/605.1.15" 
157.55.39.190 - - [01/Apr/2020:03:12:35 -0700] "GET /file/5323e86f4819ad962c270ffe7abdb3f4 HTTP/1.1" 404 8173 "-" "msnbot/2.0b (+http://search.msn.com/msnbot.htm)" 
66.249.70.16 - - [01/Apr/2020:03:13:39 -0700] "GET /robots.txt HTTP/1.1" 200 4589 "-" "Mozilla/5.0 (compatible; Googlebot/2.1; +http://www.google.com/bot.html)" 
66.249.70.14 - - [01/Apr/2020:03:13:39 -0700] "GET /tag/Sourdough?_t=rss&offset=44 HTTP/1.1" 200 7786 "-" "Mozilla/5.0 (Linux; Android 6.0.1; Nexus 5X Build/MMB29P) AppleWebKit/537.36 (KHTML, like Gecko) Chrome/41.0.2272.96 Mobile Safari/537.36 (compatible; Googlebot/2.1; +http://www.google.com/bot.html)" 
198.58.103.160 - - [01/Apr/2020:03:14:20 -0700] "GET /content/photos?_t=rss HTTP/1.1" 200 7569 "-" "Superfeedr bot/2.0 http://superfeedr.com - Make your feeds realtime: get in touch - feed-id:1324303946" 
198.58.103.160 - - [01/Apr/2020:03:14:21 -0700] "GET /content/photos?_t=rss HTTP/1.1" 200 7569 "-" "Superfeedr bot/2.0 http://superfeedr.com - Make your feeds realtime: get in touch - feed-id:1324303946" 
207.46.13.12 - - [01/Apr/2020:03:15:15 -0700] "GET /file/bdbfef2e9bb356c2e2726b866154ad70 HTTP/1.1" 200 12066 "-" "Mozilla/5.0 (compatible; bingbot/2.0; +http://www.bing.com/bingbot.htm)" 
66.249.70.14 - - [01/Apr/2020:03:15:35 -0700] "GET /tag/Sourdough?_t=amp&offset=44 HTTP/1.1" 200 11700 "-" "Mozilla/5.0 (Linux; Android 6.0.1; Nexus 5X Build/MMB29P) AppleWebKit/537.36 (KHTML, like Gecko) Chrome/41.0.2272.96 Mobile Safari/537.36 (compatible; Googlebot/2.1; +http://www.google.com/bot.html)" 
66.249.70.14 - - [01/Apr/2020:03:16:05 -0700] "GET /tag/Sourdough?offset=44 HTTP/1.1" 200 11682 "-" "Mozilla/5.0 (Linux; Android 6.0.1; Nexus 5X Build/MMB29P) AppleWebKit/537.36 (KHTML, like Gecko) Chrome/41.0.2272.96 Mobile Safari/537.36 (compatible; Googlebot/2.1; +http://www.google.com/bot.html)" 
114.119.165.37 - - [01/Apr/2020:03:16:10 -0700] "GET /tag/indieweb?offset=70 HTTP/1.1" 200 12861 "-" "Mozilla/5.0 (Linux; Android 7.0;) AppleWebKit/537.36 (KHTML, like Gecko) Mobile Safari/537.36 (compatible; AspiegelBot)" 
54.198.162.216 - - [01/Apr/2020:03:16:39 -0700] "GET /feed/ HTTP/1.1" 200 7694 "https://www.google.com/" "Mozilla/5.0 (Windows NT 6.1; Win64; x64) AppleWebKit/537.36 (KHTML, like Gecko) Chrome/80.0.3987.122 Safari/537.36" 
46.229.168.161 - - [01/Apr/2020:03:16:43 -0700] "GET /robots.txt HTTP/1.1" 200 4576 "-" "Mozilla/5.0 (compatible; SemrushBot/6~bl; +http://www.semrush.com/bot.html)" 
46.229.168.137 - - [01/Apr/2020:03:16:44 -0700] "GET /2019/coming-along-nicely-1 HTTP/1.1" 200 12524 "-" "Mozilla/5.0 (compatible; SemrushBot/6~bl; +http://www.semrush.com/bot.html)" 
193.138.218.163 - - [01/Apr/2020:03:17:08 -0700] "GET /service-worker.min.js HTTP/1.1" 200 1355 "-" "Mozilla/5.0 (Macintosh; Intel Mac OS X 10.13; rv:74.0) Gecko/20100101 Firefox/74.0" 
193.138.218.163 - - [01/Apr/2020:03:17:08 -0700] "GET / HTTP/1.1" 200 15274 "-" "Mozilla/5.0 (Macintosh; Intel Mac OS X 10.13; rv:74.0) Gecko/20100101 Firefox/74.0" 
193.138.218.163 - - [01/Apr/2020:03:17:09 -0700] "GET /vendor/npm-asset/bootstrap-accessibility-plugin/plugins/css/bootstrap-accessibility.css HTTP/1.1" 200 1021 "https://stream.jeremycherfas.net/" "Mozilla/5.0 (Macintosh; Intel Mac OS X 10.13; rv:74.0) Gecko/20100101 Firefox/74.0" 
193.138.218.163 - - [01/Apr/2020:03:17:09 -0700] "GET /vendor/twbs/bootstrap/dist/css/bootstrap.min.css HTTP/1.1" 200 20777 "https://stream.jeremycherfas.net/" "Mozilla/5.0 (Macintosh; Intel Mac OS X 10.13; rv:74.0) Gecko/20100101 Firefox/74.0" 
193.138.218.163 - - [01/Apr/2020:03:17:10 -0700] "GET /vendor/idno/mentionjs/recommended-styles.css HTTP/1.1" 200 682 "https://stream.jeremycherfas.net/" "Mozilla/5.0 (Macintosh; Intel Mac OS X 10.13; rv:74.0) Gecko/20100101 Firefox/74.0" 
193.138.218.163 - - [01/Apr/2020:03:17:10 -0700] "GET /vendor/forkawesome/fork-awesome/css/fork-awesome.min.css HTTP/1.1" 200 8923 "https://stream.jeremycherfas.net/" "Mozilla/5.0 (Macintosh; Intel Mac OS X 10.13; rv:74.0) Gecko/20100101 Firefox/74.0" 
193.138.218.163 - - [01/Apr/2020:03:17:10 -0700] "GET /css/1579440965/known.min.css HTTP/1.1" 200 7896 "https://stream.jeremycherfas.net/" "Mozilla/5.0 (Macintosh; Intel Mac OS X 10.13; rv:74.0) Gecko/20100101 Firefox/74.0" 
193.138.218.163 - - [01/Apr/2020:03:17:10 -0700] "GET /vendor/forkawesome/fork-awesome/css/v5-compat.min.css HTTP/1.1" 200 2754 "https://stream.jeremycherfas.net/" "Mozilla/5.0 (Macintosh; Intel Mac OS X 10.13; rv:74.0) Gecko/20100101 Firefox/74.0" 
193.138.218.163 - - [01/Apr/2020:03:17:10 -0700] "GET /vendor/npm-asset/bootstrap-toggle/css/bootstrap-toggle.min.css HTTP/1.1" 200 1199 "https://stream.jeremycherfas.net/" "Mozilla/5.0 (Macintosh; Intel Mac OS X 10.13; rv:74.0) Gecko/20100101 Firefox/74.0" 
193.138.218.163 - - [01/Apr/2020:03:17:10 -0700] "GET /vendor/twbs/bootstrap/dist/js/bootstrap.min.js HTTP/1.1" 200 11635 "https://stream.jeremycherfas.net/" "Mozilla/5.0 (Macintosh; Intel Mac OS X 10.13; rv:74.0) Gecko/20100101 Firefox/74.0" 
193.138.218.163 - - [01/Apr/2020:03:17:10 -0700] "GET /vendor/npm-asset/jquery/dist/jquery.min.js HTTP/1.1" 200 32009 "https://stream.jeremycherfas.net/" "Mozilla/5.0 (Macintosh; Intel Mac OS X 10.13; rv:74.0) Gecko/20100101 Firefox/74.0" 
193.138.218.163 - - [01/Apr/2020:03:17:10 -0700] "GET /vendor/npm-asset/bootstrap-accessibility-plugin/plugins/js/bootstrap-accessibility.min.js HTTP/1.1" 200 4813 "https://stream.jeremycherfas.net/" "Mozilla/5.0 (Macintosh; Intel Mac OS X 10.13; rv:74.0) Gecko/20100101 Firefox/74.0" 
193.138.218.163 - - [01/Apr/2020:03:17:10 -0700] "GET /IdnoPlugins/Checkin/external/stamen-maps/tile.stamen.min.js HTTP/1.1" 200 2065 "https://stream.jeremycherfas.net/" "Mozilla/5.0 (Macintosh; Intel Mac OS X 10.13; rv:74.0) Gecko/20100101 Firefox/74.0" 
193.138.218.163 - - [01/Apr/2020:03:17:10 -0700] "GET /vendor/npm-asset/bootstrap-toggle/js/bootstrap-toggle.js HTTP/1.1" 200 2106 "https://stream.jeremycherfas.net/" "Mozilla/5.0 (Macintosh; Intel Mac OS X 10.13; rv:74.0) Gecko/20100101 Firefox/74.0" 
193.138.218.163 - - [01/Apr/2020:03:17:10 -0700] "GET /js/1579440966/known.min.js HTTP/1.1" 200 4924 "https://stream.jeremycherfas.net/" "Mozilla/5.0 (Macintosh; Intel Mac OS X 10.13; rv:74.0) Gecko/20100101 Firefox/74.0" 
193.138.218.163 - - [01/Apr/2020:03:17:10 -0700] "GET /IdnoPlugins/Checkin/external/leaflet/leaflet.min.css HTTP/1.1" 200 2694 "https://stream.jeremycherfas.net/" "Mozilla/5.0 (Macintosh; Intel Mac OS X 10.13; rv:74.0) Gecko/20100101 Firefox/74.0" 
193.138.218.163 - - [01/Apr/2020:03:17:10 -0700] "GET /IdnoPlugins/Checkin/external/leaflet/leaflet.js HTTP/1.1" 200 34144 "https://stream.jeremycherfas.net/" "Mozilla/5.0 (Macintosh; Intel Mac OS X 10.13; rv:74.0) Gecko/20100101 Firefox/74.0" 
193.138.218.163 - - [01/Apr/2020:03:17:10 -0700] "GET /IdnoPlugins/Media/external/wavesurfer/dist/wavesurfer.min.js HTTP/1.1" 200 6858 "https://stream.jeremycherfas.net/" "Mozilla/5.0 (Macintosh; Intel Mac OS X 10.13; rv:74.0) Gecko/20100101 Firefox/74.0" 
193.138.218.163 - - [01/Apr/2020:03:17:10 -0700] "GET /Themes/Solo/css/default.min.css HTTP/1.1" 200 1045 "https://stream.jeremycherfas.net/" "Mozilla/5.0 (Macintosh; Intel Mac OS X 10.13; rv:74.0) Gecko/20100101 Firefox/74.0" 
193.138.218.163 - - [01/Apr/2020:03:17:10 -0700] "GET /vendor/npm-asset/mediaelement/build/mediaelementplayer.min.css HTTP/1.1" 200 3120 "https://stream.jeremycherfas.net/" "Mozilla/5.0 (Macintosh; Intel Mac OS X 10.13; rv:74.0) Gecko/20100101 Firefox/74.0" 
193.138.218.163 - - [01/Apr/2020:03:17:10 -0700] "GET /vendor/npm-asset/vanilla-fitvids/jquery.fitvids.js HTTP/1.1" 200 1873 "https://stream.jeremycherfas.net/" "Mozilla/5.0 (Macintosh; Intel Mac OS X 10.13; rv:74.0) Gecko/20100101 Firefox/74.0" 
193.138.218.163 - - [01/Apr/2020:03:17:10 -0700] "GET /vendor/npm-asset/mediaelement/build/mediaelement-and-player.min.js HTTP/1.1" 200 41590 "https://stream.jeremycherfas.net/" "Mozilla/5.0 (Macintosh; Intel Mac OS X 10.13; rv:74.0) Gecko/20100101 Firefox/74.0" 
193.138.218.163 - - [01/Apr/2020:03:17:10 -0700] "GET /vendor/tinymce/tinymce/jquery.tinymce.min.js HTTP/1.1" 200 3493 "https://stream.jeremycherfas.net/" "Mozilla/5.0 (Macintosh; Intel Mac OS X 10.13; rv:74.0) Gecko/20100101 Firefox/74.0" 
193.138.218.163 - - [01/Apr/2020:03:17:10 -0700] "GET /vendor/rmm5t/jquery-timeago/jquery.timeago.js HTTP/1.1" 200 3015 "https://stream.jeremycherfas.net/" "Mozilla/5.0 (Macintosh; Intel Mac OS X 10.13; rv:74.0) Gecko/20100101 Firefox/74.0" 
193.138.218.163 - - [01/Apr/2020:03:17:10 -0700] "GET /vendor/rmm5t/jquery-timeago/locales/jquery.timeago.en.js HTTP/1.1" 200 886 "https://stream.jeremycherfas.net/" "Mozilla/5.0 (Macintosh; Intel Mac OS X 10.13; rv:74.0) Gecko/20100101 Firefox/74.0" 
193.138.218.163 - - [01/Apr/2020:03:17:10 -0700] "GET /vendor/npm-asset/underscore/underscore-min.js HTTP/1.1" 200 7059 "https://stream.jeremycherfas.net/" "Mozilla/5.0 (Macintosh; Intel Mac OS X 10.13; rv:74.0) Gecko/20100101 Firefox/74.0" 
193.138.218.163 - - [01/Apr/2020:03:17:10 -0700] "GET /vendor/npm-asset/exif-js/exif.js HTTP/1.1" 200 9962 "https://stream.jeremycherfas.net/" "Mozilla/5.0 (Macintosh; Intel Mac OS X 10.13; rv:74.0) Gecko/20100101 Firefox/74.0" 
193.138.218.163 - - [01/Apr/2020:03:17:10 -0700] "GET /vendor/tinymce/tinymce/tinymce.min.js HTTP/1.1" 200 146213 "https://stream.jeremycherfas.net/" "Mozilla/5.0 (Macintosh; Intel Mac OS X 10.13; rv:74.0) Gecko/20100101 Firefox/74.0" 
193.138.218.163 - - [01/Apr/2020:03:17:10 -0700] "GET /file/94fe3abe928fa4673c59bd6de1c4eade/russian-food-cover.jpg HTTP/1.1" 200 46135 "https://stream.jeremycherfas.net/" "Mozilla/5.0 (Macintosh; Intel Mac OS X 10.13; rv:74.0) Gecko/20100101 Firefox/74.0" 
193.138.218.163 - - [01/Apr/2020:03:17:10 -0700] "GET /file/ef801e05730eba56004c5b712ad84731/thumb.jpg HTTP/1.1" 200 22619 "https://stream.jeremycherfas.net/" "Mozilla/5.0 (Macintosh; Intel Mac OS X 10.13; rv:74.0) Gecko/20100101 Firefox/74.0" 
193.138.218.163 - - [01/Apr/2020:03:17:11 -0700] "GET /file/aab690b2124d5ac8d25f56836afc7bc6/884F9D30-5E57-4DF2-ADC9-ADE034D0AFBF.jpeg HTTP/1.1" 200 106352 "https://stream.jeremycherfas.net/" "Mozilla/5.0 (Macintosh; Intel Mac OS X 10.13; rv:74.0) Gecko/20100101 Firefox/74.0" 
193.138.218.163 - - [01/Apr/2020:03:17:11 -0700] "GET /vendor/forkawesome/fork-awesome/fonts/forkawesome-webfont.woff2?v=1.1.7 HTTP/1.1" 200 92205 "https://stream.jeremycherfas.net/vendor/forkawesome/fork-awesome/css/fork-awesome.min.css" "Mozilla/5.0 (Macintosh; Intel Mac OS X 10.13; rv:74.0) Gecko/20100101 Firefox/74.0" 
193.138.218.163 - - [01/Apr/2020:03:17:11 -0700] "GET /service/security/csrftoken/?url=https%3A%2F%2Fstream.jeremycherfas.net%2Fservice%2Fweb%2Funfurl%2F HTTP/1.1" 200 1361 "https://stream.jeremycherfas.net/" "Mozilla/5.0 (Macintosh; Intel Mac OS X 10.13; rv:74.0) Gecko/20100101 Firefox/74.0" 
193.138.218.163 - - [01/Apr/2020:03:17:11 -0700] "GET /service/security/csrftoken/?url=https%3A%2F%2Fstream.jeremycherfas.net%2Fservice%2Fweb%2Funfurl%2F HTTP/1.1" 200 1361 "https://stream.jeremycherfas.net/" "Mozilla/5.0 (Macintosh; Intel Mac OS X 10.13; rv:74.0) Gecko/20100101 Firefox/74.0" 
193.138.218.163 - - [01/Apr/2020:03:17:11 -0700] "GET /service/web/unfurl/?url=https%3A%2F%2Fdefinitely.cn%2F2020%2Fsocietal-distancing&__bTk=726e2b1181cda2feb9839291e401917e8ce78fe0d94fb2cdc7a7b8002f4ce120&__bTs=1585736231 HTTP/1.1" 200 18426 "https://stream.jeremycherfas.net/" "Mozilla/5.0 (Macintosh; Intel Mac OS X 10.13; rv:74.0) Gecko/20100101 Firefox/74.0" 
193.138.218.163 - - [01/Apr/2020:03:17:11 -0700] "GET /service/web/unfurl/?url=http%3A%2F%2Fwww.fao.org%2Ffaostat%2Fen%2F%23home&__bTk=726e2b1181cda2feb9839291e401917e8ce78fe0d94fb2cdc7a7b8002f4ce120&__bTs=1585736231 HTTP/1.1" 200 9658 "https://stream.jeremycherfas.net/" "Mozilla/5.0 (Macintosh; Intel Mac OS X 10.13; rv:74.0) Gecko/20100101 Firefox/74.0" 
193.138.218.163 - - [01/Apr/2020:03:17:11 -0700] "GET /service/web/imageproxy/aHR0cHM6Ly9kZWZpbml0ZWx5LmNuL2ZpbGUvODBlOTVjMWU3NzM5ZmY2Y2QxMWEyNGMzNTdiY2JjODMvdGh1bWIuanBn HTTP/1.1" 200 20442 "https://stream.jeremycherfas.net/" "Mozilla/5.0 (Macintosh; Intel Mac OS X 10.13; rv:74.0) Gecko/20100101 Firefox/74.0" 
193.138.218.163 - - [01/Apr/2020:03:17:11 -0700] "GET /service-worker.min.js HTTP/1.1" 200 1217 "-" "Mozilla/5.0 (Macintosh; Intel Mac OS X 10.13; rv:74.0) Gecko/20100101 Firefox/74.0" 
193.138.218.163 - - [01/Apr/2020:03:17:10 -0700] "GET /file/d60e7ea303bd0b3472f9cc634a096a64/317C3579-5A85-4923-8CE7-4235993C9A06.jpeg HTTP/1.1" 200 39420 "https://stream.jeremycherfas.net/" "Mozilla/5.0 (Macintosh; Intel Mac OS X 10.13; rv:74.0) Gecko/20100101 Firefox/74.0" 
193.138.218.163 - - [01/Apr/2020:03:17:12 -0700] "GET /gfx/logos/apple-icon-144x144.png HTTP/1.1" 200 10316 "-" "Mozilla/5.0 (Macintosh; Intel Mac OS X 10.13; rv:74.0) Gecko/20100101 Firefox/74.0" 
193.138.218.163 - - [01/Apr/2020:03:17:10 -0700] "GET /file/b8c525cc5dc95868c73037dfc17a477f/7A59E04B-30D1-48A4-AFA6-3D09C85201DA.jpeg HTTP/1.1" 200 80476 "https://stream.jeremycherfas.net/" "Mozilla/5.0 (Macintosh; Intel Mac OS X 10.13; rv:74.0) Gecko/20100101 Firefox/74.0" 
193.138.218.163 - - [01/Apr/2020:03:17:15 -0700] "GET /status/edit HTTP/1.1" 200 8715 "https://stream.jeremycherfas.net/" "Mozilla/5.0 (Macintosh; Intel Mac OS X 10.13; rv:74.0) Gecko/20100101 Firefox/74.0" 
193.138.218.163 - - [01/Apr/2020:03:17:16 -0700] "GET /IdnoPlugins/Status/external/brevity-js/brevity.js HTTP/1.1" 200 6618 "https://stream.jeremycherfas.net/" "Mozilla/5.0 (Macintosh; Intel Mac OS X 10.13; rv:74.0) Gecko/20100101 Firefox/74.0" 
193.138.218.163 - - [01/Apr/2020:03:17:22 -0700] "GET /service/security/csrftoken/?url=https%3A%2F%2Fstream.jeremycherfas.net%2Fservice%2Fsystem%2Flog%2F HTTP/1.1" 200 1499 "https://stream.jeremycherfas.net/" "Mozilla/5.0 (Macintosh; Intel Mac OS X 10.13; rv:74.0) Gecko/20100101 Firefox/74.0" 
193.138.218.163 - - [01/Apr/2020:03:17:22 -0700] "POST /service/system/log/ HTTP/1.1" 200 1041 "https://stream.jeremycherfas.net/" "Mozilla/5.0 (Macintosh; Intel Mac OS X 10.13; rv:74.0) Gecko/20100101 Firefox/74.0" 
207.241.226.219 - - [01/Apr/2020:03:17:42 -0700] "GET /2020/you-forgot-to-say-how-bad-it HTTP/1.1" 200 9287 "-" "Known https://withknown.com" 
198.58.103.115 - - [01/Apr/2020:03:17:43 -0700] "GET / HTTP/1.1" 200 11959 "-" "Superfeedr bot/2.0 http://superfeedr.com - Make your feeds realtime: get in touch - feed-id:1396476126" 
198.58.103.115 - - [01/Apr/2020:03:17:45 -0700] "GET /content/all/?_t=rss HTTP/1.1" 200 7644 "-" "Superfeedr bot/2.0 http://superfeedr.com - Make your feeds realtime: get in touch - feed-id:1122325712" 
198.58.103.115 - - [01/Apr/2020:03:17:44 -0700] "GET /content/all/?_t=rss HTTP/1.1" 200 7644 "-" "Superfeedr bot/2.0 http://superfeedr.com - Make your feeds realtime: get in touch - feed-id:1122325712" 
198.58.103.115 - - [01/Apr/2020:03:17:45 -0700] "GET / HTTP/1.1" 200 11959 "-" "Superfeedr bot/2.0 http://superfeedr.com - Make your feeds realtime: get in touch - feed-id:1396476126" 
198.58.103.115 - - [01/Apr/2020:03:17:45 -0700] "GET /?_t=rss HTTP/1.1" 200 7625 "-" "Superfeedr bot/2.0 http://superfeedr.com - Make your feeds realtime: get in touch - feed-id:1112274260" 
198.58.103.115 - - [01/Apr/2020:03:17:47 -0700] "GET /content/photos?_t=rss HTTP/1.1" 200 7569 "-" "Superfeedr bot/2.0 http://superfeedr.com - Make your feeds realtime: get in touch - feed-id:1324303946" 
198.58.103.115 - - [01/Apr/2020:03:17:46 -0700] "GET /content/statusupdates/posts/photos/checkins/bookmarkedpages?_t=rss HTTP/1.1" 200 7824 "-" "Superfeedr bot/2.0 http://superfeedr.com - Make your feeds realtime: get in touch - feed-id:1395929608" 
118.106.177.214 - - [01/Apr/2020:03:17:46 -0700] "GET /2020/you-forgot-to-say-how-bad-it HTTP/1.1" 200 27707 "-" "-" 
198.58.103.115 - - [01/Apr/2020:03:17:47 -0700] "GET /content/photos?_t=rss HTTP/1.1" 200 7569 "-" "Superfeedr bot/2.0 http://superfeedr.com - Make your feeds realtime: get in touch - feed-id:1324303946" 
198.58.103.115 - - [01/Apr/2020:03:17:46 -0700] "GET /?_t=rss HTTP/1.1" 200 7625 "-" "Superfeedr bot/2.0 http://superfeedr.com - Make your feeds realtime: get in touch - feed-id:1112274260" 
198.58.103.115 - - [01/Apr/2020:03:17:46 -0700] "GET /content/statusupdates/posts/photos/checkins/bookmarkedpages?_t=rss HTTP/1.1" 200 7824 "-" "Superfeedr bot/2.0 http://superfeedr.com - Make your feeds realtime: get in touch - feed-id:1395929608" 
198.58.103.115 - - [01/Apr/2020:03:17:46 -0700] "GET / HTTP/1.1" 200 11959 "-" "Superfeedr bot/2.0 http://superfeedr.com - Make your feeds realtime: get in touch - feed-id:1396476126" 
193.138.218.163 - - [01/Apr/2020:03:17:41 -0700] "POST /status/edit/ HTTP/1.1" 302 1315 "https://stream.jeremycherfas.net/" "Mozilla/5.0 (Macintosh; Intel Mac OS X 10.13; rv:74.0) Gecko/20100101 Firefox/74.0" 
198.58.103.115 - - [01/Apr/2020:03:17:48 -0700] "GET /content/statusupdates/posts/bookmarkedpages?_t=rss HTTP/1.1" 200 7770 "-" "Superfeedr bot/2.0 http://superfeedr.com - Make your feeds realtime: get in touch - feed-id:1247440030" 
198.58.103.115 - - [01/Apr/2020:03:17:47 -0700] "GET /content/statusupdates/posts/photos/checkins/bookmarkedpages?_t=rss HTTP/1.1" 200 7824 "-" "Superfeedr bot/2.0 http://superfeedr.com - Make your feeds realtime: get in touch - feed-id:1395929608" 
165.22.170.20 - - [01/Apr/2020:03:17:47 -0700] "GET /2020/you-forgot-to-say-how-bad-it HTTP/1.1" 200 9501 "-" "Ruby" 
198.58.103.115 - - [01/Apr/2020:03:17:48 -0700] "GET /content/all?_t=rss HTTP/1.1" 200 7641 "-" "Superfeedr bot/2.0 http://superfeedr.com - Make your feeds realtime: get in touch - feed-id:1319424208" 
193.138.218.163 - - [01/Apr/2020:03:17:48 -0700] "GET /content/all/ HTTP/1.1" 200 11846 "https://stream.jeremycherfas.net/" "Mozilla/5.0 (Macintosh; Intel Mac OS X 10.13; rv:74.0) Gecko/20100101 Firefox/74.0" 
165.22.170.20 - - [01/Apr/2020:03:17:49 -0700] "GET /file/ef801e05730eba56004c5b712ad84731/thumb.jpg HTTP/1.1" 200 26037 "-" "http.rb/4.0.0" 
198.58.103.115 - - [01/Apr/2020:03:17:48 -0700] "GET /?offset=10&_t=rss HTTP/1.1" 200 7896 "-" "Superfeedr bot/2.0 http://superfeedr.com - Make your feeds realtime: get in touch - feed-id:1214543370" 
198.58.103.115 - - [01/Apr/2020:03:17:48 -0700] "GET / HTTP/1.1" 200 11959 "-" "Superfeedr bot/2.0 http://superfeedr.com - Make your feeds realtime: get in touch - feed-id:1396476126" 
198.58.103.115 - - [01/Apr/2020:03:17:49 -0700] "GET /content/all?_t=rss HTTP/1.1" 200 7641 "-" "Superfeedr bot/2.0 http://superfeedr.com - Make your feeds realtime: get in touch - feed-id:1319424208" 
193.138.218.163 - - [01/Apr/2020:03:17:50 -0700] "GET /gfx/logos/apple-icon-144x144.png HTTP/1.1" 200 10316 "-" "Mozilla/5.0 (Macintosh; Intel Mac OS X 10.13; rv:74.0) Gecko/20100101 Firefox/74.0" 
193.138.218.163 - - [01/Apr/2020:03:17:50 -0700] "GET /service/security/csrftoken/?url=https%3A%2F%2Fstream.jeremycherfas.net%2Fservice%2Fweb%2Funfurl%2F HTTP/1.1" 200 1499 "https://stream.jeremycherfas.net/content/all/" "Mozilla/5.0 (Macintosh; Intel Mac OS X 10.13; rv:74.0) Gecko/20100101 Firefox/74.0" 
193.138.218.163 - - [01/Apr/2020:03:17:50 -0700] "GET /service/security/csrftoken/?url=https%3A%2F%2Fstream.jeremycherfas.net%2Fservice%2Fweb%2Funfurl%2F HTTP/1.1" 200 1499 "https://stream.jeremycherfas.net/content/all/" "Mozilla/5.0 (Macintosh; Intel Mac OS X 10.13; rv:74.0) Gecko/20100101 Firefox/74.0" 
198.58.103.115 - - [01/Apr/2020:03:17:49 -0700] "GET / HTTP/1.1" 200 11959 "-" "Superfeedr bot/2.0 http://superfeedr.com - Make your feeds realtime: get in touch - feed-id:1396476126" 
198.58.103.115 - - [01/Apr/2020:03:17:49 -0700] "GET /content/all?_t=rss HTTP/1.1" 200 7641 "-" "Superfeedr bot/2.0 http://superfeedr.com - Make your feeds realtime: get in touch - feed-id:1319424208" 
193.138.218.163 - - [01/Apr/2020:03:17:50 -0700] "GET /service/web/unfurl/?url=https%3A%2F%2Fdefinitely.cn%2F2020%2Fsocietal-distancing&__bTk=6114f2bb595543961251d4528780d7d82c3c01cd95c2fe892e8d9af7e7738aa2&__bTs=1585736270 HTTP/1.1" 200 18426 "https://stream.jeremycherfas.net/content/all/" "Mozilla/5.0 (Macintosh; Intel Mac OS X 10.13; rv:74.0) Gecko/20100101 Firefox/74.0" 
193.138.218.163 - - [01/Apr/2020:03:17:50 -0700] "GET /service-worker.min.js HTTP/1.1" 200 1217 "-" "Mozilla/5.0 (Macintosh; Intel Mac OS X 10.13; rv:74.0) Gecko/20100101 Firefox/74.0" 
193.138.218.163 - - [01/Apr/2020:03:17:50 -0700] "GET /service/web/unfurl/?url=http%3A%2F%2Fwww.fao.org%2Ffaostat%2Fen%2F%23home&__bTk=6114f2bb595543961251d4528780d7d82c3c01cd95c2fe892e8d9af7e7738aa2&__bTs=1585736270 HTTP/1.1" 200 9658 "https://stream.jeremycherfas.net/content/all/" "Mozilla/5.0 (Macintosh; Intel Mac OS X 10.13; rv:74.0) Gecko/20100101 Firefox/74.0" 
198.58.103.115 - - [01/Apr/2020:03:17:50 -0700] "GET /?offset=10&_t=rss HTTP/1.1" 200 7896 "-" "Superfeedr bot/2.0 http://superfeedr.com - Make your feeds realtime: get in touch - feed-id:1214543370" 
198.58.103.115 - - [01/Apr/2020:03:17:50 -0700] "GET / HTTP/1.1" 200 11959 "-" "Superfeedr bot/2.0 http://superfeedr.com - Make your feeds realtime: get in touch - feed-id:1396476126" 
66.249.70.12 - - [01/Apr/2020:03:17:51 -0700] "GET /?_t=rss HTTP/1.1" 200 7625 "-" "Mozilla/5.0 (compatible; Googlebot/2.1; +http://www.google.com/bot.html)" 
198.58.103.115 - - [01/Apr/2020:03:17:52 -0700] "GET /content/statusupdates/posts/bookmarkedpages?_t=rss HTTP/1.1" 200 7770 "-" "Superfeedr bot/2.0 http://superfeedr.com - Make your feeds realtime: get in touch - feed-id:1247440030" 
198.58.103.115 - - [01/Apr/2020:03:17:52 -0700] "GET /?offset=10&_t=rss HTTP/1.1" 200 7896 "-" "Superfeedr bot/2.0 http://superfeedr.com - Make your feeds realtime: get in touch - feed-id:1214543370" 
198.58.103.115 - - [01/Apr/2020:03:17:53 -0700] "GET /content/photos?_t=rss HTTP/1.1" 200 7569 "-" "Superfeedr bot/2.0 http://superfeedr.com - Make your feeds realtime: get in touch - feed-id:1324303946" 
198.58.103.115 - - [01/Apr/2020:03:17:53 -0700] "GET /?_t=rss HTTP/1.1" 200 7625 "-" "Superfeedr bot/2.0 http://superfeedr.com - Make your feeds realtime: get in touch - feed-id:1112274260" 
198.58.103.115 - - [01/Apr/2020:03:17:54 -0700] "GET /content/all?_t=rss HTTP/1.1" 200 7641 "-" "Superfeedr bot/2.0 http://superfeedr.com - Make your feeds realtime: get in touch - feed-id:1319424208" 
198.58.103.115 - - [01/Apr/2020:03:17:54 -0700] "GET /content/statusupdates/posts/bookmarkedpages?_t=rss HTTP/1.1" 200 7770 "-" "Superfeedr bot/2.0 http://superfeedr.com - Make your feeds realtime: get in touch - feed-id:1247440030" 
198.58.103.115 - - [01/Apr/2020:03:17:55 -0700] "GET /content/all/?_t=rss HTTP/1.1" 200 7644 "-" "Superfeedr bot/2.0 http://superfeedr.com - Make your feeds realtime: get in touch - feed-id:1122325712" 
198.58.103.115 - - [01/Apr/2020:03:17:55 -0700] "GET /?offset=10&_t=rss HTTP/1.1" 200 7896 "-" "Superfeedr bot/2.0 http://superfeedr.com - Make your feeds realtime: get in touch - feed-id:1214543370" 
198.58.103.115 - - [01/Apr/2020:03:17:56 -0700] "GET / HTTP/1.1" 200 11959 "-" "Superfeedr bot/2.0 http://superfeedr.com - Make your feeds realtime: get in touch - feed-id:1396476126" 
198.58.103.115 - - [01/Apr/2020:03:17:56 -0700] "GET /?_t=rss HTTP/1.1" 200 7625 "-" "Superfeedr bot/2.0 http://superfeedr.com - Make your feeds realtime: get in touch - feed-id:1112274260" 
46.229.168.141 - - [01/Apr/2020:03:18:37 -0700] "GET /content/posts/?q=%23%23testtag HTTP/1.1" 200 8526 "-" "Mozilla/5.0 (compatible; SemrushBot/6~bl; +http://www.semrush.com/bot.html)" 
66.249.70.14 - - [01/Apr/2020:03:18:39 -0700] "GET /2020/you-forgot-to-say-how-bad-it HTTP/1.1" 200 9536 "-" "Mozilla/5.0 (compatible; Googlebot/2.1; +http://www.google.com/bot.html)" 
66.249.70.14 - - [01/Apr/2020:03:18:39 -0700] "GET /2020/you-forgot-to-say-how-bad-it HTTP/1.1" 200 6221 "-" "Mozilla/5.0 (Linux; Android 6.0.1; Nexus 5X Build/MMB29P) AppleWebKit/537.36 (KHTML, like Gecko) Chrome/41.0.2272.96 Mobile Safari/537.36 (compatible; Googlebot/2.1; +http://www.google.com/bot.html)" 
66.249.70.16 - - [01/Apr/2020:03:19:02 -0700] "GET /view/415f1db752f29425765f7abc492b00ed HTTP/1.1" 200 9544 "-" "Mozilla/5.0 (Linux; Android 6.0.1; Nexus 5X Build/MMB29P) AppleWebKit/537.36 (KHTML, like Gecko) Chrome/41.0.2272.96 Mobile Safari/537.36 (compatible; Googlebot/2.1; +http://www.google.com/bot.html)" 
54.173.4.84 - - [01/Apr/2020:03:19:38 -0700] "GET /2018/the-garden-and-the-stream-a-technopastoral-hapgood HTTP/1.1" 200 9525 "-" "Mozilla/5.0 (Windows NT 6.1; rv:15.0) Gecko/20120716 Firefox/15.0a2" 
66.249.70.12 - - [01/Apr/2020:03:19:43 -0700] "GET /2020/you-forgot-to-say-how-bad-it?_t=rss HTTP/1.1" 200 5330 "-" "Mozilla/5.0 (Linux; Android 6.0.1; Nexus 5X Build/MMB29P) AppleWebKit/537.36 (KHTML, like Gecko) Chrome/41.0.2272.96 Mobile Safari/537.36 (compatible; Googlebot/2.1; +http://www.google.com/bot.html)" 
54.173.4.84 - - [01/Apr/2020:03:19:51 -0700] "GET / HTTP/1.1" 200 11692 "-" "Mozilla/5.0 (Windows NT 6.1; rv:15.0) Gecko/20120716 Firefox/15.0a2" 
54.39.177.92 - - [01/Apr/2020:03:19:58 -0700] "GET /?_t=rss HTTP/1.1" 200 7358 "-" "Mozilla/5.0 (compatible; YaK/1.0; http://linkfluence.com/; bot@linkfluence.com)" 
54.39.177.48 - - [01/Apr/2020:03:20:10 -0700] "GET /2020/you-forgot-to-say-how-bad-it HTTP/1.1" 200 9268 "-" "Mozilla/5.0 (compatible; YaK/1.0; http://linkfluence.com/; bot@linkfluence.com)" 
66.249.70.16 - - [01/Apr/2020:03:22:01 -0700] "GET /tag/Sourdough?_t=amp&offset=54 HTTP/1.1" 200 9582 "-" "Mozilla/5.0 (Linux; Android 6.0.1; Nexus 5X Build/MMB29P) AppleWebKit/537.36 (KHTML, like Gecko) Chrome/41.0.2272.96 Mobile Safari/537.36 (compatible; Googlebot/2.1; +http://www.google.com/bot.html)" 
66.249.70.12 - - [01/Apr/2020:03:22:38 -0700] "GET /tag/Sourdough?offset=34 HTTP/1.1" 200 11422 "-" "Mozilla/5.0 (Linux; Android 6.0.1; Nexus 5X Build/MMB29P) AppleWebKit/537.36 (KHTML, like Gecko) Chrome/41.0.2272.96 Mobile Safari/537.36 (compatible; Googlebot/2.1; +http://www.google.com/bot.html)" 
66.249.70.12 - - [01/Apr/2020:03:22:52 -0700] "GET /tag/Sourdough?_t=amp&offset=56 HTTP/1.1" 200 9062 "-" "Mozilla/5.0 (Linux; Android 6.0.1; Nexus 5X Build/MMB29P) AppleWebKit/537.36 (KHTML, like Gecko) Chrome/41.0.2272.96 Mobile Safari/537.36 (compatible; Googlebot/2.1; +http://www.google.com/bot.html)" 
66.249.70.16 - - [01/Apr/2020:03:23:01 -0700] "GET /tag/Sourdough?_t=rss&offset=54 HTTP/1.1" 200 6129 "-" "Mozilla/5.0 (Linux; Android 6.0.1; Nexus 5X Build/MMB29P) AppleWebKit/537.36 (KHTML, like Gecko) Chrome/41.0.2272.96 Mobile Safari/537.36 (compatible; Googlebot/2.1; +http://www.google.com/bot.html)" 
64.111.100.215 - - [01/Apr/2020:03:23:05 -0700] "GET /content/all?_t=rss HTTP/1.1" 200 16722 "-" "Mozilla/5.0 (X11; U; Linux i686; fr; rv:1.9.1.1) Gecko/20090715 Firefox/3.5.1" 
66.249.70.12 - - [01/Apr/2020:03:23:18 -0700] "GET /tag/Sourdough?offset=44&_t=rss HTTP/1.1" 200 7784 "-" "Mozilla/5.0 (Linux; Android 6.0.1; Nexus 5X Build/MMB29P) AppleWebKit/537.36 (KHTML, like Gecko) Chrome/41.0.2272.96 Mobile Safari/537.36 (compatible; Googlebot/2.1; +http://www.google.com/bot.html)" 
66.249.70.12 - - [01/Apr/2020:03:23:24 -0700] "GET /tag/Sourdough?offset=54 HTTP/1.1" 200 9570 "-" "Mozilla/5.0 (Linux; Android 6.0.1; Nexus 5X Build/MMB29P) AppleWebKit/537.36 (KHTML, like Gecko) Chrome/41.0.2272.96 Mobile Safari/537.36 (compatible; Googlebot/2.1; +http://www.google.com/bot.html)" 
66.249.70.12 - - [01/Apr/2020:03:23:36 -0700] "GET /view/415f1db752f29425765f7abc492b00ed?_t=rss HTTP/1.1" 200 5337 "-" "Mozilla/5.0 (Linux; Android 6.0.1; Nexus 5X Build/MMB29P) AppleWebKit/537.36 (KHTML, like Gecko) Chrome/41.0.2272.96 Mobile Safari/537.36 (compatible; Googlebot/2.1; +http://www.google.com/bot.html)" 
114.119.165.37 - - [01/Apr/2020:03:24:04 -0700] "GET /tag/IndieWeb?offset=60 HTTP/1.1" 200 10958 "-" "Mozilla/5.0 (Linux; Android 7.0;) AppleWebKit/537.36 (KHTML, like Gecko) Mobile Safari/537.36 (compatible; AspiegelBot)" 
51.6.254.217 - - [01/Apr/2020:03:24:58 -0700] "GET /service/security/csrftoken/?url=annotation%2Fpost HTTP/1.1" 200 4418 "https://stream.jeremycherfas.net/2020/untitled-36" "Mozilla/5.0 (Macintosh; Intel Mac OS X 10_12_6) AppleWebKit/605.1.15 (KHTML, like Gecko) Version/12.0.3 Safari/605.1.15" 
51.6.254.217 - - [01/Apr/2020:03:24:58 -0700] "GET /service/security/csrftoken/ HTTP/1.1" 500 4786 "https://stream.jeremycherfas.net/2020/untitled-36" "Mozilla/5.0 (Macintosh; Intel Mac OS X 10_12_6) AppleWebKit/605.1.15 (KHTML, like Gecko) Version/12.0.3 Safari/605.1.15" 
66.249.70.16 - - [01/Apr/2020:03:25:31 -0700] "GET /tag/Sourdough?offset=56 HTTP/1.1" 200 9051 "-" "Mozilla/5.0 (Linux; Android 6.0.1; Nexus 5X Build/MMB29P) AppleWebKit/537.36 (KHTML, like Gecko) Chrome/41.0.2272.96 Mobile Safari/537.36 (compatible; Googlebot/2.1; +http://www.google.com/bot.html)" 
142.44.167.43 - - [01/Apr/2020:03:25:55 -0700] "GET /?_t=rss HTTP/1.1" 200 7358 "-" "Mozilla/5.0 (compatible; YaK/1.0; http://linkfluence.com/; bot@linkfluence.com)" 
66.249.70.14 - - [01/Apr/2020:03:26:43 -0700] "GET /tag/Sourdough?offset=54&_t=rss HTTP/1.1" 200 6127 "-" "Mozilla/5.0 (Linux; Android 6.0.1; Nexus 5X Build/MMB29P) AppleWebKit/537.36 (KHTML, like Gecko) Chrome/41.0.2272.96 Mobile Safari/537.36 (compatible; Googlebot/2.1; +http://www.google.com/bot.html)" 
46.229.168.132 - - [01/Apr/2020:03:26:45 -0700] "GET /content/photos/?q=%23AMRhub HTTP/1.1" 200 8496 "-" "Mozilla/5.0 (compatible; SemrushBot/6~bl; +http://www.semrush.com/bot.html)" 
17.58.96.249 - - [01/Apr/2020:03:26:50 -0700] "GET /2019/ive-just-had-occasion-to-remember-what HTTP/1.1" 200 9311 "-" "Mozilla/5.0 (Macintosh; Intel Mac OS X 10_10_1) AppleWebKit/600.2.5 (KHTML, like Gecko) Version/8.0.2 Safari/600.2.5 (Applebot/0.1; +http://www.apple.com/go/applebot)" 
66.249.70.14 - - [01/Apr/2020:03:28:11 -0700] "GET /2019/spathe HTTP/1.1" 304 3742 "-" "Mozilla/5.0 (Linux; Android 6.0.1; Nexus 5X Build/MMB29P) AppleWebKit/537.36 (KHTML, like Gecko) Chrome/41.0.2272.96 Mobile Safari/537.36 (compatible; Googlebot/2.1; +http://www.google.com/bot.html)" 
66.249.70.14 - - [01/Apr/2020:03:28:11 -0700] "GET /tag/Sourdough?_t=rss&offset=56 HTTP/1.1" 200 2405 "-" "Mozilla/5.0 (Linux; Android 6.0.1; Nexus 5X Build/MMB29P) AppleWebKit/537.36 (KHTML, like Gecko) Chrome/41.0.2272.96 Mobile Safari/537.36 (compatible; Googlebot/2.1; +http://www.google.com/bot.html)" 
207.46.13.137 - - [01/Apr/2020:03:28:23 -0700] "GET /2018/sarahtaber_bww-yet-another-fascinating-thread-that-really HTTP/1.1" 200 10374 "-" "Mozilla/5.0 (compatible; bingbot/2.0; +http://www.bing.com/bingbot.htm)" 
66.249.70.14 - - [01/Apr/2020:03:28:57 -0700] "GET /service/web/unfurl/?url=http%3A%2F%2Ftimharford.com%2F2019%2F07%2Fhow-the-brexit-debate-was-flushed-down-the-drain%2F&__bTk=e749a8d6db3902ca6785f67a2ee2212e968b21f50c70879db9a01b3070a8d93d&__bTs=1583580603 HTTP/1.1" 403 4785 "https://stream.jeremycherfas.net/view/676024cee8427d600c62f24bc800ebf6" "Mozilla/5.0 (Linux; Android 6.0.1; Nexus 5X Build/MMB29P) AppleWebKit/537.36 (KHTML, like Gecko) Chrome/80.0.3987.92 Mobile Safari/537.36 (compatible; Googlebot/2.1; +http://www.google.com/bot.html)" 
188.138.194.229 - - [01/Apr/2020:03:30:01 -0700] "GET /2018/and-tom-jaine-with-the-hard-working-maC3ADrtC3ADn-mac-con-iomaire-1 HTTP/1.1" 410 8169 "https://stream.jeremycherfas.net/" "Mozilla/5.0 (Windows NT 6.1; WOW64) AppleWebKit/537.36 (KHTML, like Gecko) Chrome/56.0.2924.90 Safari/537.36 2345Explorer/9.3.1.17322" 
188.138.194.229 - - [01/Apr/2020:03:30:02 -0700] "GET / HTTP/1.1" 200 11831 "https://stream.jeremycherfas.net" "Mozilla/5.0 (Windows NT 6.1; WOW64) AppleWebKit/537.36 (KHTML, like Gecko) Chrome/56.0.2924.90 Safari/537.36 2345Explorer/9.3.1.17322" 
157.230.173.25 - - [01/Apr/2020:03:31:13 -0700] "GET /?_t=rss HTTP/1.1" 200 7358 "-" "Feedbin feed-id:1536727 - 1 subscribers" 
46.229.168.138 - - [01/Apr/2020:03:31:41 -0700] "GET /tag/bread?offset=76 HTTP/1.1" 200 12193 "-" "Mozilla/5.0 (compatible; SemrushBot/6~bl; +http://www.semrush.com/bot.html)" 
66.249.70.14 - - [01/Apr/2020:03:31:52 -0700] "GET /tag/Sourdough?_t=amp&offset=46 HTTP/1.1" 200 11959 "-" "Mozilla/5.0 (Linux; Android 6.0.1; Nexus 5X Build/MMB29P) AppleWebKit/537.36 (KHTML, like Gecko) Chrome/41.0.2272.96 Mobile Safari/537.36 (compatible; Googlebot/2.1; +http://www.google.com/bot.html)" 
114.119.162.106 - - [01/Apr/2020:03:31:57 -0700] "GET /2018/checked-into-vintage-bar HTTP/1.1" 200 9569 "-" "Mozilla/5.0 (Linux; Android 7.0;) AppleWebKit/537.36 (KHTML, like Gecko) Mobile Safari/537.36 (compatible; AspiegelBot)" 
66.249.70.16 - - [01/Apr/2020:03:32:14 -0700] "GET /tag/Sourdough?offset=46 HTTP/1.1" 200 11942 "-" "Mozilla/5.0 (Linux; Android 6.0.1; Nexus 5X Build/MMB29P) AppleWebKit/537.36 (KHTML, like Gecko) Chrome/41.0.2272.96 Mobile Safari/537.36 (compatible; Googlebot/2.1; +http://www.google.com/bot.html)" 
66.249.70.14 - - [01/Apr/2020:03:33:18 -0700] "GET /tag/Sourdough?offset=56&_t=rss HTTP/1.1" 200 5720 "-" "Mozilla/5.0 (Linux; Android 6.0.1; Nexus 5X Build/MMB29P) AppleWebKit/537.36 (KHTML, like Gecko) Chrome/41.0.2272.96 Mobile Safari/537.36 (compatible; Googlebot/2.1; +http://www.google.com/bot.html)" 
66.249.70.12 - - [01/Apr/2020:03:33:24 -0700] "GET /tag/Sourdough?offset=36 HTTP/1.1" 200 11392 "-" "Mozilla/5.0 (Linux; Android 6.0.1; Nexus 5X Build/MMB29P) AppleWebKit/537.36 (KHTML, like Gecko) Chrome/41.0.2272.96 Mobile Safari/537.36 (compatible; Googlebot/2.1; +http://www.google.com/bot.html)" 
66.249.70.12 - - [01/Apr/2020:03:33:33 -0700] "GET /tag/Sourdough?offset=46&_t=rss HTTP/1.1" 200 7988 "-" "Mozilla/5.0 (Linux; Android 6.0.1; Nexus 5X Build/MMB29P) AppleWebKit/537.36 (KHTML, like Gecko) Chrome/41.0.2272.96 Mobile Safari/537.36 (compatible; Googlebot/2.1; +http://www.google.com/bot.html)" 
17.58.96.249 - - [01/Apr/2020:03:33:43 -0700] "GET /2018/stranded HTTP/1.1" 200 11206 "-" "Mozilla/5.0 (Macintosh; Intel Mac OS X 10_10_1) AppleWebKit/600.2.5 (KHTML, like Gecko) Version/8.0.2 Safari/600.2.5 (Applebot/0.1; +http://www.apple.com/go/applebot)" 
46.229.168.139 - - [01/Apr/2020:03:34:12 -0700] "GET /2019/culture-day HTTP/1.1" 200 13321 "-" "Mozilla/5.0 (compatible; SemrushBot/6~bl; +http://www.semrush.com/bot.html)" 
46.229.168.137 - - [01/Apr/2020:03:34:48 -0700] "GET /2018/checked-into-dc-tower-1 HTTP/1.1" 200 10305 "-" "Mozilla/5.0 (compatible; SemrushBot/6~bl; +http://www.semrush.com/bot.html)" 
66.249.70.12 - - [01/Apr/2020:03:34:57 -0700] "GET /tag/Sourdough?offset=24 HTTP/1.1" 200 11853 "-" "Mozilla/5.0 (Linux; Android 6.0.1; Nexus 5X Build/MMB29P) AppleWebKit/537.36 (KHTML, like Gecko) Chrome/41.0.2272.96 Mobile Safari/537.36 (compatible; Googlebot/2.1; +http://www.google.com/bot.html)" 
96.126.125.129 - - [01/Apr/2020:03:35:58 -0700] "GET /content/statusupdates/posts/photos/checkins/bookmarkedpages?_t=rss HTTP/1.1" 200 7773 "-" "Micro.blog/1.0" 
54.39.177.92 - - [01/Apr/2020:03:36:57 -0700] "GET /2020/this-morning-twitter-kissed-culture-hard-on-the-mouth-cultureby?_t=rss HTTP/1.1" 200 5319 "-" "Mozilla/5.0 (compatible; YaK/1.0; http://linkfluence.com/; bot@linkfluence.com)" 
96.126.125.129 - - [01/Apr/2020:03:37:27 -0700] "GET /content/statusupdates/posts/photos/checkins/bookmarkedpages?_t=rss HTTP/1.1" 200 7773 "-" "Micro.blog/1.0" 
51.6.254.217 - - [01/Apr/2020:03:37:38 -0700] "GET /service/security/csrftoken/?url=annotation%2Fpost HTTP/1.1" 200 4418 "https://stream.jeremycherfas.net/2020/untitled-36" "Mozilla/5.0 (Macintosh; Intel Mac OS X 10_12_6) AppleWebKit/605.1.15 (KHTML, like Gecko) Version/12.0.3 Safari/605.1.15" 
51.6.254.217 - - [01/Apr/2020:03:37:38 -0700] "GET /service/security/csrftoken/ HTTP/1.1" 500 4786 "https://stream.jeremycherfas.net/2020/untitled-36" "Mozilla/5.0 (Macintosh; Intel Mac OS X 10_12_6) AppleWebKit/605.1.15 (KHTML, like Gecko) Version/12.0.3 Safari/605.1.15" 
46.229.168.147 - - [01/Apr/2020:03:37:40 -0700] "GET /content/audio/?q=%23%2B%23kalonji HTTP/1.1" 200 8508 "-" "Mozilla/5.0 (compatible; SemrushBot/6~bl; +http://www.semrush.com/bot.html)" 
46.229.168.131 - - [01/Apr/2020:03:37:45 -0700] "GET /content/photos/?offset=62&q=%23bread HTTP/1.1" 200 10749 "-" "Mozilla/5.0 (compatible; SemrushBot/6~bl; +http://www.semrush.com/bot.html)" 
114.119.165.105 - - [01/Apr/2020:03:39:49 -0700] "GET /robots.txt HTTP/1.1" 200 4341 "-" "Mozilla/5.0 (Linux; Android 7.0;) AppleWebKit/537.36 (KHTML, like Gecko) Mobile Safari/537.36 (compatible; AspiegelBot)" 
66.249.70.14 - - [01/Apr/2020:03:39:57 -0700] "GET /tag/Sourdough?offset=34&_t=rss HTTP/1.1" 200 7869 "-" "Mozilla/5.0 (Linux; Android 6.0.1; Nexus 5X Build/MMB29P) AppleWebKit/537.36 (KHTML, like Gecko) Chrome/41.0.2272.96 Mobile Safari/537.36 (compatible; Googlebot/2.1; +http://www.google.com/bot.html)" 
66.249.70.12 - - [01/Apr/2020:03:40:00 -0700] "GET /tag/Sourdough?offset=26 HTTP/1.1" 200 11498 "-" "Mozilla/5.0 (Linux; Android 6.0.1; Nexus 5X Build/MMB29P) AppleWebKit/537.36 (KHTML, like Gecko) Chrome/41.0.2272.96 Mobile Safari/537.36 (compatible; Googlebot/2.1; +http://www.google.com/bot.html)" 
64.111.100.215 - - [01/Apr/2020:03:40:02 -0700] "GET /content/all?_t=rss HTTP/1.1" 200 16722 "-" "Mozilla/5.0 (X11; U; Linux i686; fr; rv:1.9.1.1) Gecko/20090715 Firefox/3.5.1" 
66.249.70.14 - - [01/Apr/2020:03:40:43 -0700] "GET /tag/Sourdough?_t=rss&offset=46 HTTP/1.1" 200 7990 "-" "Mozilla/5.0 (Linux; Android 6.0.1; Nexus 5X Build/MMB29P) AppleWebKit/537.36 (KHTML, like Gecko) Chrome/41.0.2272.96 Mobile Safari/537.36 (compatible; Googlebot/2.1; +http://www.google.com/bot.html)" 
46.229.168.145 - - [01/Apr/2020:03:40:58 -0700] "GET /content/rsvp/?q=%23hearsay2017 HTTP/1.1" 200 8500 "-" "Mozilla/5.0 (compatible; SemrushBot/6~bl; +http://www.semrush.com/bot.html)" 
66.249.70.12 - - [01/Apr/2020:03:41:09 -0700] "GET /tag/Sourdough?offset=36&_t=rss HTTP/1.1" 200 7831 "-" "Mozilla/5.0 (Linux; Android 6.0.1; Nexus 5X Build/MMB29P) AppleWebKit/537.36 (KHTML, like Gecko) Chrome/41.0.2272.96 Mobile Safari/537.36 (compatible; Googlebot/2.1; +http://www.google.com/bot.html)" 
66.249.70.12 - - [01/Apr/2020:03:41:58 -0700] "GET /tag/Sourdough?_t=amp&offset=36 HTTP/1.1" 200 11407 "-" "Mozilla/5.0 (Linux; Android 6.0.1; Nexus 5X Build/MMB29P) AppleWebKit/537.36 (KHTML, like Gecko) Chrome/41.0.2272.96 Mobile Safari/537.36 (compatible; Googlebot/2.1; +http://www.google.com/bot.html)" 
66.249.70.12 - - [01/Apr/2020:03:42:34 -0700] "GET /tag/Sourdough?offset=14 HTTP/1.1" 200 12057 "-" "Mozilla/5.0 (Linux; Android 6.0.1; Nexus 5X Build/MMB29P) AppleWebKit/537.36 (KHTML, like Gecko) Chrome/41.0.2272.96 Mobile Safari/537.36 (compatible; Googlebot/2.1; +http://www.google.com/bot.html)" 
66.249.70.12 - - [01/Apr/2020:03:43:25 -0700] "GET /tag/Sourdough?offset=24&_t=rss HTTP/1.1" 200 8225 "-" "Mozilla/5.0 (Linux; Android 6.0.1; Nexus 5X Build/MMB29P) AppleWebKit/537.36 (KHTML, like Gecko) Chrome/41.0.2272.96 Mobile Safari/537.36 (compatible; Googlebot/2.1; +http://www.google.com/bot.html)" 
173.230.155.197 - - [01/Apr/2020:03:44:05 -0700] "GET / HTTP/1.1" 200 56997 "-" "Mozilla/5.0 (Macintosh; Intel Mac OS X 10_12_1) AppleWebKit/537.36 (KHTML, like Gecko) Chrome/57.0.2987.133 Safari/537.36 p3k-http/0.1.5 p3k-watchtower/0.1" 
142.44.167.43 - - [01/Apr/2020:03:45:10 -0700] "GET /content/all?_t=rss HTTP/1.1" 200 7374 "-" "Mozilla/5.0 (compatible; YaK/1.0; http://linkfluence.com/; bot@linkfluence.com)" 
46.229.168.145 - - [01/Apr/2020:03:45:25 -0700] "GET /content/audio/?q=%23%2B%23indieweb HTTP/1.1" 200 8532 "-" "Mozilla/5.0 (compatible; SemrushBot/6~bl; +http://www.semrush.com/bot.html)" 
46.229.168.131 - - [01/Apr/2020:03:47:34 -0700] "GET /2018/how-to-deliver-separate-wordpress-category-rss-feeds---greengeeks HTTP/1.1" 200 10034 "-" "Mozilla/5.0 (compatible; SemrushBot/6~bl; +http://www.semrush.com/bot.html)" 
114.119.167.191 - - [01/Apr/2020:03:47:39 -0700] "GET /file/d60e7ea303bd0b3472f9cc634a096a64/317C3579-5A85-4923-8CE7-4235993C9A06.jpeg HTTP/1.1" 200 42651 "-" "Mozilla/5.0 (Linux; Android 7.0;) AppleWebKit/537.36 (KHTML, like Gecko) Mobile Safari/537.36 (compatible; AspiegelBot)" 
157.55.39.190 - - [01/Apr/2020:03:47:43 -0700] "GET /2020/the-weakest-link-in-my-spectacles HTTP/1.1" 200 9608 "-" "Mozilla/5.0 (compatible; bingbot/2.0; +http://www.bing.com/bingbot.htm)" 
66.249.70.14 - - [01/Apr/2020:03:48:26 -0700] "GET /tag/Sourdough?_t=amp&offset=26 HTTP/1.1" 200 11517 "-" "Mozilla/5.0 (Linux; Android 6.0.1; Nexus 5X Build/MMB29P) AppleWebKit/537.36 (KHTML, like Gecko) Chrome/41.0.2272.96 Mobile Safari/537.36 (compatible; Googlebot/2.1; +http://www.google.com/bot.html)" 
116.202.237.44 - - [01/Apr/2020:03:48:32 -0700] "GET /robots.txt HTTP/1.1" 200 4382 "-" "Java/11.0.6" 
66.249.70.14 - - [01/Apr/2020:03:49:32 -0700] "GET /tag/Sourdough?offset=4 HTTP/1.1" 200 12284 "-" "Mozilla/5.0 (Linux; Android 6.0.1; Nexus 5X Build/MMB29P) AppleWebKit/537.36 (KHTML, like Gecko) Chrome/41.0.2272.96 Mobile Safari/537.36 (compatible; Googlebot/2.1; +http://www.google.com/bot.html)" 
66.249.70.12 - - [01/Apr/2020:03:50:15 -0700] "GET /tag/Sourdough?offset=14&_t=rss HTTP/1.1" 200 8269 "-" "Mozilla/5.0 (Linux; Android 6.0.1; Nexus 5X Build/MMB29P) AppleWebKit/537.36 (KHTML, like Gecko) Chrome/41.0.2272.96 Mobile Safari/537.36 (compatible; Googlebot/2.1; +http://www.google.com/bot.html)" 
51.6.254.217 - - [01/Apr/2020:03:50:18 -0700] "GET /service/security/csrftoken/?url=annotation%2Fpost HTTP/1.1" 200 4418 "https://stream.jeremycherfas.net/2020/untitled-36" "Mozilla/5.0 (Macintosh; Intel Mac OS X 10_12_6) AppleWebKit/605.1.15 (KHTML, like Gecko) Version/12.0.3 Safari/605.1.15" 
51.6.254.217 - - [01/Apr/2020:03:50:18 -0700] "GET /service/security/csrftoken/ HTTP/1.1" 500 4786 "https://stream.jeremycherfas.net/2020/untitled-36" "Mozilla/5.0 (Macintosh; Intel Mac OS X 10_12_6) AppleWebKit/605.1.15 (KHTML, like Gecko) Version/12.0.3 Safari/605.1.15" 
31.4.190.126 - - [01/Apr/2020:03:51:09 -0700] "GET /file/a6f4dfa62eab028827bbf9df2ba1eb2f/thumb.jpg HTTP/1.1" 200 178054 "https://www.google.es/" "Mozilla/5.0 (iPhone; CPU iPhone OS 13_3_1 like Mac OS X) AppleWebKit/605.1.15 (KHTML, like Gecko) Version/13.0.5 Mobile/15E148 Safari/604.1" 
66.249.70.14 - - [01/Apr/2020:03:51:20 -0700] "GET /tag/Sourdough?_t=rss&offset=36 HTTP/1.1" 200 7834 "-" "Mozilla/5.0 (Linux; Android 6.0.1; Nexus 5X Build/MMB29P) AppleWebKit/537.36 (KHTML, like Gecko) Chrome/41.0.2272.96 Mobile Safari/537.36 (compatible; Googlebot/2.1; +http://www.google.com/bot.html)" 
66.249.70.16 - - [01/Apr/2020:03:52:10 -0700] "GET /tag/Sourdough?offset=16 HTTP/1.1" 200 11906 "-" "Mozilla/5.0 (Linux; Android 6.0.1; Nexus 5X Build/MMB29P) AppleWebKit/537.36 (KHTML, like Gecko) Chrome/41.0.2272.96 Mobile Safari/537.36 (compatible; Googlebot/2.1; +http://www.google.com/bot.html)" 
46.229.168.145 - - [01/Apr/2020:03:53:18 -0700] "GET /profile/jeremy?offset=10 HTTP/1.1" 200 16360 "-" "Mozilla/5.0 (compatible; SemrushBot/6~bl; +http://www.semrush.com/bot.html)" 
66.249.70.16 - - [01/Apr/2020:03:53:18 -0700] "GET /tag/Sourdough?offset=26&_t=rss HTTP/1.1" 200 7929 "-" "Mozilla/5.0 (Linux; Android 6.0.1; Nexus 5X Build/MMB29P) AppleWebKit/537.36 (KHTML, like Gecko) Chrome/41.0.2272.96 Mobile Safari/537.36 (compatible; Googlebot/2.1; +http://www.google.com/bot.html)" 
207.46.13.137 - - [01/Apr/2020:03:53:28 -0700] "GET /2017/i-looked-briefly-at-60db-when-it-was-announced-and HTTP/1.1" 200 9748 "-" "Mozilla/5.0 (compatible; bingbot/2.0; +http://www.bing.com/bingbot.htm)" 
66.249.70.12 - - [01/Apr/2020:03:53:32 -0700] "GET /tag/Sourdough?offset=4&_t=rss HTTP/1.1" 200 8592 "-" "Mozilla/5.0 (Linux; Android 6.0.1; Nexus 5X Build/MMB29P) AppleWebKit/537.36 (KHTML, like Gecko) Chrome/41.0.2272.96 Mobile Safari/537.36 (compatible; Googlebot/2.1; +http://www.google.com/bot.html)" 
46.229.168.131 - - [01/Apr/2020:03:54:18 -0700] "GET /content/photos/?q=%23Fornacalia HTTP/1.1" 200 11326 "-" "Mozilla/5.0 (compatible; SemrushBot/6~bl; +http://www.semrush.com/bot.html)" 
46.229.168.132 - - [01/Apr/2020:03:54:18 -0700] "GET /content/photos/?offset=35&q=%23%2B%23%23bread HTTP/1.1" 200 12626 "-" "Mozilla/5.0 (compatible; SemrushBot/6~bl; +http://www.semrush.com/bot.html)" 
66.249.70.16 - - [01/Apr/2020:03:54:20 -0700] "GET /2020/100%25-wholewheat-sourdough-to-be-savoured-with-soup-for-lunch HTTP/1.1" 200 10459 "-" "Mozilla/5.0 (Linux; Android 6.0.1; Nexus 5X Build/MMB29P) AppleWebKit/537.36 (KHTML, like Gecko) Chrome/80.0.3987.92 Mobile Safari/537.36 (compatible; Googlebot/2.1; +http://www.google.com/bot.html)" 
116.202.237.215 - - [01/Apr/2020:03:54:24 -0700] "GET /robots.txt HTTP/1.1" 200 4382 "-" "Java/11.0.6" 
66.249.70.14 - - [01/Apr/2020:03:54:32 -0700] "GET /tag/Sourdough?_t=amp&offset=16 HTTP/1.1" 200 11924 "-" "Mozilla/5.0 (Linux; Android 6.0.1; Nexus 5X Build/MMB29P) AppleWebKit/537.36 (KHTML, like Gecko) Chrome/41.0.2272.96 Mobile Safari/537.36 (compatible; Googlebot/2.1; +http://www.google.com/bot.html)" 
66.249.70.12 - - [01/Apr/2020:03:54:37 -0700] "GET /service/web/unfurl/?url=https%3A%2F%2Fwww.sourdough.co.uk%2Fcan-real-sourdough-identified%2F&__bTk=ba0a8091621f3d998f174094005779b747ece139918d916b55a545738c009ee1&__bTs=1583637010 HTTP/1.1" 403 4627 "https://stream.jeremycherfas.net/tag/Sourdough?_t=amp&offset=16" "Mozilla/5.0 (Linux; Android 6.0.1; Nexus 5X Build/MMB29P) AppleWebKit/537.36 (KHTML, like Gecko) Chrome/80.0.3987.92 Mobile Safari/537.36 (compatible; Googlebot/2.1; +http://www.google.com/bot.html)" 
