3.89.130.91 - - [06/Apr/2020:00:29:19 -0700] "GET /profile/jeremy?offset=10&_t=rss HTTP/1.1" 304 3480 "https://www.google.com/" "Mozilla/5.0 (Macintosh; Intel Mac OS X 10_15_3) AppleWebKit/537.36 (KHTML, like Gecko) Chrome/80.0.3987.122 Safari/537.36" 
96.126.125.129 - - [06/Apr/2020:00:29:29 -0700] "GET /content/statusupdates/posts/photos/checkins/bookmarkedpages?_t=rss HTTP/1.1" 200 7933 "-" "Micro.blog/1.0" 
86.24.87.222 - - [06/Apr/2020:00:29:48 -0700] "GET /service/security/csrftoken/?url=annotation%2Fpost HTTP/1.1" 200 4629 "https://stream.jeremycherfas.net/2020/pizza-night" "Mozilla/5.0 (X11; Linux x86_64; rv:68.0) Gecko/20100101 Firefox/68.0" 
86.24.87.222 - - [06/Apr/2020:00:29:48 -0700] "GET /service/security/csrftoken/ HTTP/1.1" 500 7965 "https://stream.jeremycherfas.net/2020/pizza-night" "Mozilla/5.0 (X11; Linux x86_64; rv:68.0) Gecko/20100101 Firefox/68.0" 
54.39.177.92 - - [06/Apr/2020:00:32:41 -0700] "GET /2020/this-morning-twitter-kissed-culture-hard-on-the-mouth-cultureby?_t=rss HTTP/1.1" 200 5319 "-" "Mozilla/5.0 (compatible; YaK/1.0; http://linkfluence.com/; bot@linkfluence.com)" 
144.76.91.79 - - [06/Apr/2020:00:32:52 -0700] "GET /robots.txt HTTP/1.1" 200 4593 "-" "Mozilla/5.0 (compatible; MJ12bot/v1.4.8; http://mj12bot.com/)" 
144.76.91.79 - - [06/Apr/2020:00:32:56 -0700] "GET /2017/pretty-exciting-paris-green-pickling HTTP/1.1" 200 10586 "-" "Mozilla/5.0 (compatible; MJ12bot/v1.4.8; http://mj12bot.com/)" 
64.111.100.215 - - [06/Apr/2020:00:33:21 -0700] "GET /content/all?_t=rss HTTP/1.1" 200 15565 "-" "Mozilla/5.0 (X11; U; Linux i686; fr; rv:1.9.1.1) Gecko/20090715 Firefox/3.5.1" 
144.76.91.79 - - [06/Apr/2020:00:33:38 -0700] "GET /2019/the-last-decade-10-things-we-got-right-wrong-givedirectly HTTP/1.1" 200 9546 "-" "Mozilla/5.0 (compatible; MJ12bot/v1.4.8; http://mj12bot.com/)" 
144.76.91.79 - - [06/Apr/2020:00:33:43 -0700] "GET /2019/the-smartphone-tracking-industry-has-been-rumbled-when-will-we HTTP/1.1" 200 9714 "-" "Mozilla/5.0 (compatible; MJ12bot/v1.4.8; http://mj12bot.com/)" 
144.76.91.79 - - [06/Apr/2020:00:33:49 -0700] "GET /2020/adactio-journalwords-i-wrote-in-2019 HTTP/1.1" 200 9692 "-" "Mozilla/5.0 (compatible; MJ12bot/v1.4.8; http://mj12bot.com/)" 
144.76.91.79 - - [06/Apr/2020:00:33:58 -0700] "GET /2020/im-prompted-to-note-that-the-sounds HTTP/1.1" 200 9669 "-" "Mozilla/5.0 (compatible; MJ12bot/v1.4.8; http://mj12bot.com/)" 
144.76.91.79 - - [06/Apr/2020:00:34:03 -0700] "GET /?q=%23%20%23Http://agro.biodiver.se/&offset=54 HTTP/1.1" 200 12810 "-" "Mozilla/5.0 (compatible; MJ12bot/v1.4.8; http://mj12bot.com/)" 
144.76.91.79 - - [06/Apr/2020:00:34:10 -0700] "GET /?q=%23%20%23Http://agro.biodiver.se/&offset=54&_t=rss HTTP/1.1" 200 8747 "-" "Mozilla/5.0 (compatible; MJ12bot/v1.4.8; http://mj12bot.com/)" 
144.76.91.79 - - [06/Apr/2020:00:34:22 -0700] "GET /?q=%23Sourdough HTTP/1.1" 200 12248 "-" "Mozilla/5.0 (compatible; MJ12bot/v1.4.8; http://mj12bot.com/)" 
144.76.91.79 - - [06/Apr/2020:00:34:44 -0700] "GET /content/all/?q=%23WithKnown%26quot&offset=20 HTTP/1.1" 200 12686 "-" "Mozilla/5.0 (compatible; MJ12bot/v1.4.8; http://mj12bot.com/)" 
86.24.87.222 - - [06/Apr/2020:00:34:48 -0700] "GET /service/security/csrftoken/?url=annotation%2Fpost HTTP/1.1" 200 1450 "https://stream.jeremycherfas.net/2020/pizza-night" "Mozilla/5.0 (X11; Linux x86_64; rv:68.0) Gecko/20100101 Firefox/68.0" 
144.76.91.79 - - [06/Apr/2020:00:34:49 -0700] "GET /content/all/?q=%23WithKnown%26quot&offset=27 HTTP/1.1" 200 13614 "-" "Mozilla/5.0 (compatible; MJ12bot/v1.4.8; http://mj12bot.com/)" 
86.24.87.222 - - [06/Apr/2020:00:34:48 -0700] "GET /service/security/csrftoken/ HTTP/1.1" 500 4786 "https://stream.jeremycherfas.net/2020/pizza-night" "Mozilla/5.0 (X11; Linux x86_64; rv:68.0) Gecko/20100101 Firefox/68.0" 
144.76.91.79 - - [06/Apr/2020:00:34:55 -0700] "GET /content/all/?q=%23WithKnown%26quot&offset=48&_t=rss HTTP/1.1" 200 6875 "-" "Mozilla/5.0 (compatible; MJ12bot/v1.4.8; http://mj12bot.com/)" 
144.76.91.79 - - [06/Apr/2020:00:35:01 -0700] "GET /content/all/?q=%23WithKnown&offset=0 HTTP/1.1" 200 11938 "-" "Mozilla/5.0 (compatible; MJ12bot/v1.4.8; http://mj12bot.com/)" 
144.76.91.79 - - [06/Apr/2020:00:35:07 -0700] "GET /content/all/?q=%23WithKnown&offset=10&_t=rss HTTP/1.1" 200 8233 "-" "Mozilla/5.0 (compatible; MJ12bot/v1.4.8; http://mj12bot.com/)" 
185.65.135.178 - - [06/Apr/2020:00:35:10 -0700] "GET /2018/anyone-using-ownyourgram-with-the-latest-master HTTP/1.1" 200 10593 "-" "Mozilla/5.0 (Macintosh; Intel Mac OS X 10.13; rv:74.0) Gecko/20100101 Firefox/74.0" 
185.65.135.178 - - [06/Apr/2020:00:35:10 -0700] "GET /service-worker.min.js HTTP/1.1" 200 1355 "-" "Mozilla/5.0 (Macintosh; Intel Mac OS X 10.13; rv:74.0) Gecko/20100101 Firefox/74.0" 
185.65.135.178 - - [06/Apr/2020:00:35:10 -0700] "GET /gfx/users/default-04.png HTTP/1.1" 200 6442 "https://stream.jeremycherfas.net/2018/anyone-using-ownyourgram-with-the-latest-master" "Mozilla/5.0 (Macintosh; Intel Mac OS X 10.13; rv:74.0) Gecko/20100101 Firefox/74.0" 
185.65.135.178 - - [06/Apr/2020:00:35:10 -0700] "GET /service/web/imageproxy/aHR0cHM6Ly9wYnMudHdpbWcuY29tL3Byb2ZpbGVfaW1hZ2VzLzY0MDg4MjQ4NjA2NzYzMDA4MS9JeURzR1kwQy5qcGc,/300/square HTTP/1.1" 500 1214 "https://stream.jeremycherfas.net/2018/anyone-using-ownyourgram-with-the-latest-master" "Mozilla/5.0 (Macintosh; Intel Mac OS X 10.13; rv:74.0) Gecko/20100101 Firefox/74.0" 
185.65.135.178 - - [06/Apr/2020:00:35:10 -0700] "GET /gfx/users/default-03.png HTTP/1.1" 200 6648 "https://stream.jeremycherfas.net/2018/anyone-using-ownyourgram-with-the-latest-master" "Mozilla/5.0 (Macintosh; Intel Mac OS X 10.13; rv:74.0) Gecko/20100101 Firefox/74.0" 
185.65.135.178 - - [06/Apr/2020:00:35:10 -0700] "GET /gfx/users/default-01.png HTTP/1.1" 200 5936 "https://stream.jeremycherfas.net/2018/anyone-using-ownyourgram-with-the-latest-master" "Mozilla/5.0 (Macintosh; Intel Mac OS X 10.13; rv:74.0) Gecko/20100101 Firefox/74.0" 
185.65.135.178 - - [06/Apr/2020:00:35:11 -0700] "GET /service-worker.min.js HTTP/1.1" 200 1217 "-" "Mozilla/5.0 (Macintosh; Intel Mac OS X 10.13; rv:74.0) Gecko/20100101 Firefox/74.0" 
144.76.91.79 - - [06/Apr/2020:00:35:14 -0700] "GET /content/all/?q=%23WithKnown&offset=20 HTTP/1.1" 200 12657 "-" "Mozilla/5.0 (compatible; MJ12bot/v1.4.8; http://mj12bot.com/)" 
185.65.135.178 - - [06/Apr/2020:00:35:16 -0700] "GET /session/login HTTP/1.1" 200 4946 "https://stream.jeremycherfas.net/2018/anyone-using-ownyourgram-with-the-latest-master" "Mozilla/5.0 (Macintosh; Intel Mac OS X 10.13; rv:74.0) Gecko/20100101 Firefox/74.0" 
185.65.135.178 - - [06/Apr/2020:00:35:16 -0700] "GET /gfx/logos/logo_k.png HTTP/1.1" 200 3769 "-" "Mozilla/5.0 (Macintosh; Intel Mac OS X 10.13; rv:74.0) Gecko/20100101 Firefox/74.0" 
185.65.135.178 - - [06/Apr/2020:00:35:17 -0700] "GET /service-worker.min.js HTTP/1.1" 200 1217 "-" "Mozilla/5.0 (Macintosh; Intel Mac OS X 10.13; rv:74.0) Gecko/20100101 Firefox/74.0" 
185.65.135.178 - - [06/Apr/2020:00:35:18 -0700] "POST /session/login HTTP/1.1" 302 1362 "https://stream.jeremycherfas.net/session/login" "Mozilla/5.0 (Macintosh; Intel Mac OS X 10.13; rv:74.0) Gecko/20100101 Firefox/74.0" 
185.65.135.178 - - [06/Apr/2020:00:35:19 -0700] "GET /session/login/?fwd=aHR0cHM6Ly9zdHJlYW0uamVyZW15Y2hlcmZhcy5uZXQv HTTP/1.1" 302 1216 "https://stream.jeremycherfas.net/session/login" "Mozilla/5.0 (Macintosh; Intel Mac OS X 10.13; rv:74.0) Gecko/20100101 Firefox/74.0" 
185.65.135.178 - - [06/Apr/2020:00:35:19 -0700] "GET / HTTP/1.1" 200 11695 "https://stream.jeremycherfas.net/session/login" "Mozilla/5.0 (Macintosh; Intel Mac OS X 10.13; rv:74.0) Gecko/20100101 Firefox/74.0" 
185.65.135.178 - - [06/Apr/2020:00:35:20 -0700] "GET /file/d60e7ea303bd0b3472f9cc634a096a64/317C3579-5A85-4923-8CE7-4235993C9A06.jpeg HTTP/1.1" 200 39558 "https://stream.jeremycherfas.net/" "Mozilla/5.0 (Macintosh; Intel Mac OS X 10.13; rv:74.0) Gecko/20100101 Firefox/74.0" 
185.65.135.178 - - [06/Apr/2020:00:35:20 -0700] "GET /file/94fe3abe928fa4673c59bd6de1c4eade/russian-food-cover.jpg HTTP/1.1" 200 46135 "https://stream.jeremycherfas.net/" "Mozilla/5.0 (Macintosh; Intel Mac OS X 10.13; rv:74.0) Gecko/20100101 Firefox/74.0" 
185.65.135.178 - - [06/Apr/2020:00:35:20 -0700] "GET /vendor/tinymce/tinymce/jquery.tinymce.min.js HTTP/1.1" 200 3631 "https://stream.jeremycherfas.net/" "Mozilla/5.0 (Macintosh; Intel Mac OS X 10.13; rv:74.0) Gecko/20100101 Firefox/74.0" 
144.76.91.79 - - [06/Apr/2020:00:35:20 -0700] "GET /content/all/?q=%23bread&offset=13&_t=rss HTTP/1.1" 200 8272 "-" "Mozilla/5.0 (compatible; MJ12bot/v1.4.8; http://mj12bot.com/)" 
185.65.135.178 - - [06/Apr/2020:00:35:21 -0700] "GET /vendor/tinymce/tinymce/tinymce.min.js HTTP/1.1" 200 146351 "https://stream.jeremycherfas.net/" "Mozilla/5.0 (Macintosh; Intel Mac OS X 10.13; rv:74.0) Gecko/20100101 Firefox/74.0" 
185.65.135.178 - - [06/Apr/2020:00:35:22 -0700] "GET /service/security/csrftoken/?url=https%3A%2F%2Fstream.jeremycherfas.net%2Fservice%2Fweb%2Funfurl%2F HTTP/1.1" 200 1361 "https://stream.jeremycherfas.net/" "Mozilla/5.0 (Macintosh; Intel Mac OS X 10.13; rv:74.0) Gecko/20100101 Firefox/74.0" 
185.65.135.178 - - [06/Apr/2020:00:35:22 -0700] "GET /service/security/csrftoken/?url=https%3A%2F%2Fstream.jeremycherfas.net%2Fservice%2Fweb%2Funfurl%2F HTTP/1.1" 200 1361 "https://stream.jeremycherfas.net/" "Mozilla/5.0 (Macintosh; Intel Mac OS X 10.13; rv:74.0) Gecko/20100101 Firefox/74.0" 
185.65.135.178 - - [06/Apr/2020:00:35:22 -0700] "GET /service/web/unfurl/?url=https%3A%2F%2Fdefinitely.cn%2F2020%2Fsocietal-distancing&__bTk=eb1ab95eccbb16e9dfba2a30738a94d1bdca4e054cf28726947355e8d13c3869&__bTs=1586158522 HTTP/1.1" 200 18426 "https://stream.jeremycherfas.net/" "Mozilla/5.0 (Macintosh; Intel Mac OS X 10.13; rv:74.0) Gecko/20100101 Firefox/74.0" 
185.65.135.178 - - [06/Apr/2020:00:35:22 -0700] "GET /service/web/unfurl/?url=https%3A%2F%2Fwww.theguardian.com%2Fculture%2F2020%2Fmar%2F28%2Frachel-cooke-on-criticism-what-is-the-point-of-a-critic-if-not-to-tell-the-truth&__bTk=eb1ab95eccbb16e9dfba2a30738a94d1bdca4e054cf28726947355e8d13c3869&__bTs=1586158522 HTTP/1.1" 200 13540 "https://stream.jeremycherfas.net/" "Mozilla/5.0 (Macintosh; Intel Mac OS X 10.13; rv:74.0) Gecko/20100101 Firefox/74.0" 
185.65.135.178 - - [06/Apr/2020:00:35:23 -0700] "GET /service/web/imageproxy/aHR0cHM6Ly9kZWZpbml0ZWx5LmNuL2ZpbGUvODBlOTVjMWU3NzM5ZmY2Y2QxMWEyNGMzNTdiY2JjODMvdGh1bWIuanBn HTTP/1.1" 200 20442 "https://stream.jeremycherfas.net/" "Mozilla/5.0 (Macintosh; Intel Mac OS X 10.13; rv:74.0) Gecko/20100101 Firefox/74.0" 
185.65.135.178 - - [06/Apr/2020:00:35:23 -0700] "GET /service/web/imageproxy/aHR0cHM6Ly9pLmd1aW0uY28udWsvaW1nL21lZGlhL2Q1ZjQwNTE4YTU3Y2JiNjkwMDkwZTQ3YzEwY2RiMjVlMjA0MTc5NTQvM18wXzU1MzdfMzMyNC9tYXN0ZXIvNTUzNy5wbmc_d2lkdGg9MTIwMCZoZWlnaHQ9NjMwJnF1YWxpdHk9ODUmYXV0bz1mb3JtYXQmZml0PWNyb3Amb3ZlcmxheS1hbGlnbj1ib3R0b20lMkNsZWZ0Jm92ZXJsYXktd2lkdGg9MTAwcCZvdmVybGF5LWJhc2U2ND1MMmx0Wnk5emRHRjBhV012YjNabGNteGhlWE12ZEc4dFpHVm1ZWFZzZEM1d2JtYyZlbmFibGU9dXBzY2FsZSZzPTk4NGUyY2RjMjUzYWRjM2I0OTJjN2M4MmZiYjc0MGEy HTTP/1.1" 200 136604 "https://stream.jeremycherfas.net/" "Mozilla/5.0 (Macintosh; Intel Mac OS X 10.13; rv:74.0) Gecko/20100101 Firefox/74.0" 
185.65.135.178 - - [06/Apr/2020:00:35:23 -0700] "GET /service-worker.min.js HTTP/1.1" 200 1355 "-" "Mozilla/5.0 (Macintosh; Intel Mac OS X 10.13; rv:74.0) Gecko/20100101 Firefox/74.0" 
144.76.91.79 - - [06/Apr/2020:00:35:28 -0700] "GET /content/all/?q=%23bread&offset=23 HTTP/1.1" 200 12795 "-" "Mozilla/5.0 (compatible; MJ12bot/v1.4.8; http://mj12bot.com/)" 
185.65.135.178 - - [06/Apr/2020:00:35:29 -0700] "GET /content/all/?q=ownyourgram HTTP/1.1" 200 9870 "https://stream.jeremycherfas.net/" "Mozilla/5.0 (Macintosh; Intel Mac OS X 10.13; rv:74.0) Gecko/20100101 Firefox/74.0" 
185.65.135.178 - - [06/Apr/2020:00:35:31 -0700] "GET /service-worker.min.js HTTP/1.1" 200 1217 "-" "Mozilla/5.0 (Macintosh; Intel Mac OS X 10.13; rv:74.0) Gecko/20100101 Firefox/74.0" 
144.76.91.79 - - [06/Apr/2020:00:35:34 -0700] "GET /content/all/?q=%23bread&offset=43 HTTP/1.1" 200 12357 "-" "Mozilla/5.0 (compatible; MJ12bot/v1.4.8; http://mj12bot.com/)" 
144.76.91.79 - - [06/Apr/2020:00:35:44 -0700] "GET /content/all/?q=%23podcast&offset=18 HTTP/1.1" 200 12256 "-" "Mozilla/5.0 (compatible; MJ12bot/v1.4.8; http://mj12bot.com/)" 
185.65.135.178 - - [06/Apr/2020:00:35:45 -0700] "GET /2018/anyone-using-ownyourgram-with-the-latest-master HTTP/1.1" 200 8608 "https://stream.jeremycherfas.net/content/all/?q=ownyourgram" "Mozilla/5.0 (Macintosh; Intel Mac OS X 10.13; rv:74.0) Gecko/20100101 Firefox/74.0" 
185.65.135.178 - - [06/Apr/2020:00:35:46 -0700] "GET /service/web/imageproxy/aHR0cHM6Ly9wYnMudHdpbWcuY29tL3Byb2ZpbGVfaW1hZ2VzLzY0MDg4MjQ4NjA2NzYzMDA4MS9JeURzR1kwQy5qcGc,/300/square HTTP/1.1" 500 1214 "https://stream.jeremycherfas.net/2018/anyone-using-ownyourgram-with-the-latest-master" "Mozilla/5.0 (Macintosh; Intel Mac OS X 10.13; rv:74.0) Gecko/20100101 Firefox/74.0" 
185.65.135.178 - - [06/Apr/2020:00:35:46 -0700] "GET /gfx/users/default.png HTTP/1.1" 200 2908 "https://stream.jeremycherfas.net/2018/anyone-using-ownyourgram-with-the-latest-master" "Mozilla/5.0 (Macintosh; Intel Mac OS X 10.13; rv:74.0) Gecko/20100101 Firefox/74.0" 
185.65.135.178 - - [06/Apr/2020:00:35:47 -0700] "GET /service-worker.min.js HTTP/1.1" 200 1217 "-" "Mozilla/5.0 (Macintosh; Intel Mac OS X 10.13; rv:74.0) Gecko/20100101 Firefox/74.0" 
144.76.91.79 - - [06/Apr/2020:00:35:52 -0700] "GET /content/all/?q=%23podcast&offset=2&_t=rss HTTP/1.1" 200 8070 "-" "Mozilla/5.0 (compatible; MJ12bot/v1.4.8; http://mj12bot.com/)" 
144.76.91.79 - - [06/Apr/2020:00:35:59 -0700] "GET /content/all/?q=%23podcast&offset=23&_t=rss HTTP/1.1" 200 8166 "-" "Mozilla/5.0 (compatible; MJ12bot/v1.4.8; http://mj12bot.com/)" 
144.76.91.79 - - [06/Apr/2020:00:36:07 -0700] "GET /content/all/?q=%23podcast&offset=27 HTTP/1.1" 200 12442 "-" "Mozilla/5.0 (compatible; MJ12bot/v1.4.8; http://mj12bot.com/)" 
207.241.232.120 - - [06/Apr/2020:00:36:10 -0700] "GET /2018/anyone-using-ownyourgram-with-the-latest-master HTTP/1.1" 200 10248 "-" "Known https://withknown.com" 
185.65.135.178 - - [06/Apr/2020:00:36:07 -0700] "POST /2018/anyone-using-ownyourgram-with-the-latest-master/annotation/delete?permalink=aHR0cHM6Ly9zdHJlYW0uamVyZW15Y2hlcmZhcy5uZXQvMjAxOC9hbnlvbmUtdXNpbmctb3dueW91cmdyYW0td2l0aC10aGUtbGF0ZXN0LW1hc3Rlci9hbm5vdGF0aW9ucy9lMTZjMTIxMDY3N2Y3YjE0ODA3MTkwZTRkZTdhY2UyYw,, HTTP/1.1" 302 1609 "https://stream.jeremycherfas.net/2018/anyone-using-ownyourgram-with-the-latest-master" "Mozilla/5.0 (Macintosh; Intel Mac OS X 10.13; rv:74.0) Gecko/20100101 Firefox/74.0" 
185.65.135.178 - - [06/Apr/2020:00:36:10 -0700] "GET /2018/anyone-using-ownyourgram-with-the-latest-master HTTP/1.1" 200 8168 "https://stream.jeremycherfas.net/2018/anyone-using-ownyourgram-with-the-latest-master" "Mozilla/5.0 (Macintosh; Intel Mac OS X 10.13; rv:74.0) Gecko/20100101 Firefox/74.0" 
185.65.135.178 - - [06/Apr/2020:00:36:11 -0700] "GET /service/web/imageproxy/aHR0cHM6Ly9wYnMudHdpbWcuY29tL3Byb2ZpbGVfaW1hZ2VzLzY0MDg4MjQ4NjA2NzYzMDA4MS9JeURzR1kwQy5qcGc,/300/square HTTP/1.1" 500 1214 "https://stream.jeremycherfas.net/2018/anyone-using-ownyourgram-with-the-latest-master" "Mozilla/5.0 (Macintosh; Intel Mac OS X 10.13; rv:74.0) Gecko/20100101 Firefox/74.0" 
185.65.135.178 - - [06/Apr/2020:00:36:12 -0700] "GET /service-worker.min.js HTTP/1.1" 200 1355 "-" "Mozilla/5.0 (Macintosh; Intel Mac OS X 10.13; rv:74.0) Gecko/20100101 Firefox/74.0" 
207.241.232.121 - - [06/Apr/2020:00:36:13 -0700] "GET /2018/anyone-using-ownyourgram-with-the-latest-master HTTP/1.1" 200 10060 "-" "Known https://withknown.com" 
185.65.135.178 - - [06/Apr/2020:00:36:12 -0700] "POST /2018/anyone-using-ownyourgram-with-the-latest-master/annotation/delete?permalink=aHR0cHM6Ly9zdHJlYW0uamVyZW15Y2hlcmZhcy5uZXQvMjAxOC9hbnlvbmUtdXNpbmctb3dueW91cmdyYW0td2l0aC10aGUtbGF0ZXN0LW1hc3Rlci9hbm5vdGF0aW9ucy81MzliNzdlMmY4NjFmMTliNjg1ZGQxOGU2YTY0ZmUzMQ,, HTTP/1.1" 302 1471 "https://stream.jeremycherfas.net/2018/anyone-using-ownyourgram-with-the-latest-master" "Mozilla/5.0 (Macintosh; Intel Mac OS X 10.13; rv:74.0) Gecko/20100101 Firefox/74.0" 
185.65.135.178 - - [06/Apr/2020:00:36:13 -0700] "GET /2018/anyone-using-ownyourgram-with-the-latest-master HTTP/1.1" 200 7870 "https://stream.jeremycherfas.net/2018/anyone-using-ownyourgram-with-the-latest-master" "Mozilla/5.0 (Macintosh; Intel Mac OS X 10.13; rv:74.0) Gecko/20100101 Firefox/74.0" 
185.65.135.178 - - [06/Apr/2020:00:36:13 -0700] "GET /service/web/imageproxy/aHR0cHM6Ly9wYnMudHdpbWcuY29tL3Byb2ZpbGVfaW1hZ2VzLzY0MDg4MjQ4NjA2NzYzMDA4MS9JeURzR1kwQy5qcGc,/300/square HTTP/1.1" 500 1214 "https://stream.jeremycherfas.net/2018/anyone-using-ownyourgram-with-the-latest-master" "Mozilla/5.0 (Macintosh; Intel Mac OS X 10.13; rv:74.0) Gecko/20100101 Firefox/74.0" 
185.65.135.178 - - [06/Apr/2020:00:36:14 -0700] "GET /service-worker.min.js HTTP/1.1" 200 1355 "-" "Mozilla/5.0 (Macintosh; Intel Mac OS X 10.13; rv:74.0) Gecko/20100101 Firefox/74.0" 
144.76.91.79 - - [06/Apr/2020:00:36:14 -0700] "GET /content/all/?q=%23podcast&offset=33&_t=rss HTTP/1.1" 200 9864 "-" "Mozilla/5.0 (compatible; MJ12bot/v1.4.8; http://mj12bot.com/)" 
207.241.226.219 - - [06/Apr/2020:00:36:15 -0700] "GET /2018/anyone-using-ownyourgram-with-the-latest-master HTTP/1.1" 200 9793 "-" "Known https://withknown.com" 
185.65.135.178 - - [06/Apr/2020:00:36:14 -0700] "POST /2018/anyone-using-ownyourgram-with-the-latest-master/annotation/delete?permalink=aHR0cHM6Ly9zdHJlYW0uamVyZW15Y2hlcmZhcy5uZXQvMjAxOC9hbnlvbmUtdXNpbmctb3dueW91cmdyYW0td2l0aC10aGUtbGF0ZXN0LW1hc3Rlci9hbm5vdGF0aW9ucy8wM2Q4ODRhNWUzNWE3ZmUwNzNlNjVjYWMyMTdkZTcwZQ,, HTTP/1.1" 302 1471 "https://stream.jeremycherfas.net/2018/anyone-using-ownyourgram-with-the-latest-master" "Mozilla/5.0 (Macintosh; Intel Mac OS X 10.13; rv:74.0) Gecko/20100101 Firefox/74.0" 
185.65.135.178 - - [06/Apr/2020:00:36:16 -0700] "GET /2018/anyone-using-ownyourgram-with-the-latest-master HTTP/1.1" 200 7298 "https://stream.jeremycherfas.net/2018/anyone-using-ownyourgram-with-the-latest-master" "Mozilla/5.0 (Macintosh; Intel Mac OS X 10.13; rv:74.0) Gecko/20100101 Firefox/74.0" 
185.65.135.178 - - [06/Apr/2020:00:36:16 -0700] "GET /service/web/imageproxy/aHR0cHM6Ly9wYnMudHdpbWcuY29tL3Byb2ZpbGVfaW1hZ2VzLzY0MDg4MjQ4NjA2NzYzMDA4MS9JeURzR1kwQy5qcGc,/300/square HTTP/1.1" 500 1214 "https://stream.jeremycherfas.net/2018/anyone-using-ownyourgram-with-the-latest-master" "Mozilla/5.0 (Macintosh; Intel Mac OS X 10.13; rv:74.0) Gecko/20100101 Firefox/74.0" 
185.65.135.178 - - [06/Apr/2020:00:36:17 -0700] "GET /service-worker.min.js HTTP/1.1" 200 1355 "-" "Mozilla/5.0 (Macintosh; Intel Mac OS X 10.13; rv:74.0) Gecko/20100101 Firefox/74.0" 
144.76.91.79 - - [06/Apr/2020:00:36:22 -0700] "GET /content/all/?q=%23podcast&offset=43&_t=rss HTTP/1.1" 200 8710 "-" "Mozilla/5.0 (compatible; MJ12bot/v1.4.8; http://mj12bot.com/)" 
144.76.91.79 - - [06/Apr/2020:00:36:30 -0700] "GET /content/all/?q=%23podcast&offset=50 HTTP/1.1" 200 12185 "-" "Mozilla/5.0 (compatible; MJ12bot/v1.4.8; http://mj12bot.com/)" 
144.76.91.79 - - [06/Apr/2020:00:36:44 -0700] "GET /content/audio/?q=%23Sourdough HTTP/1.1" 200 8477 "-" "Mozilla/5.0 (compatible; MJ12bot/v1.4.8; http://mj12bot.com/)" 
144.76.91.79 - - [06/Apr/2020:00:37:13 -0700] "GET /content/bookmarkedpages/?q=%23Sourdough HTTP/1.1" 200 8495 "-" "Mozilla/5.0 (compatible; MJ12bot/v1.4.8; http://mj12bot.com/)" 
46.229.168.129 - - [06/Apr/2020:00:37:20 -0700] "GET /content/locations/?q=%23micromonday HTTP/1.1" 200 8534 "-" "Mozilla/5.0 (compatible; SemrushBot/6~bl; +http://www.semrush.com/bot.html)" 
114.119.161.85 - - [06/Apr/2020:00:37:22 -0700] "GET /content/events?q=%23indiewebcitizen HTTP/1.1" 200 8317 "-" "Mozilla/5.0 (Linux; Android 7.0;) AppleWebKit/537.36 (KHTML, like Gecko) Mobile Safari/537.36 (compatible; AspiegelBot)" 
46.229.168.145 - - [06/Apr/2020:00:37:42 -0700] "GET /profile/jeremy?offset=0 HTTP/1.1" 200 16699 "-" "Mozilla/5.0 (compatible; SemrushBot/6~bl; +http://www.semrush.com/bot.html)" 
144.76.91.79 - - [06/Apr/2020:00:38:50 -0700] "GET /content/events/?q=%23Quinoa&_t=rss HTTP/1.1" 200 5025 "-" "Mozilla/5.0 (compatible; MJ12bot/v1.4.8; http://mj12bot.com/)" 
46.229.168.139 - - [06/Apr/2020:00:39:01 -0700] "GET /2019/tim-harford-article-how-the-brexit-debate-was-flushed-down HTTP/1.1" 200 9682 "-" "Mozilla/5.0 (compatible; SemrushBot/6~bl; +http://www.semrush.com/bot.html)" 
144.76.91.79 - - [06/Apr/2020:00:39:10 -0700] "GET /content/events/?q=%23gazpacho&_t=rss HTTP/1.1" 200 5029 "-" "Mozilla/5.0 (compatible; MJ12bot/v1.4.8; http://mj12bot.com/)" 
144.76.91.79 - - [06/Apr/2020:00:39:15 -0700] "GET /content/events/?q=%23goats&_t=rss HTTP/1.1" 200 5023 "-" "Mozilla/5.0 (compatible; MJ12bot/v1.4.8; http://mj12bot.com/)" 
46.229.168.151 - - [06/Apr/2020:00:39:27 -0700] "GET /content/photos/?offset=90 HTTP/1.1" 200 11086 "-" "Mozilla/5.0 (compatible; SemrushBot/6~bl; +http://www.semrush.com/bot.html)" 
185.65.135.178 - - [06/Apr/2020:00:39:39 -0700] "GET /file/ef801e05730eba56004c5b712ad84731/thumb.jpg HTTP/1.1" 200 26069 "-" "Mozilla/5.0 (Macintosh; Intel Mac OS X 10.13; rv:74.0) Gecko/20100101 Firefox/74.0" 
185.65.135.178 - - [06/Apr/2020:00:39:39 -0700] "GET /favicon.ico HTTP/1.1" 200 534 "-" "Mozilla/5.0 (Macintosh; Intel Mac OS X 10.13; rv:74.0) Gecko/20100101 Firefox/74.0" 
86.24.87.222 - - [06/Apr/2020:00:39:48 -0700] "GET /service/security/csrftoken/?url=annotation%2Fpost HTTP/1.1" 200 4629 "https://stream.jeremycherfas.net/2020/pizza-night" "Mozilla/5.0 (X11; Linux x86_64; rv:68.0) Gecko/20100101 Firefox/68.0" 
86.24.87.222 - - [06/Apr/2020:00:39:48 -0700] "GET /service/security/csrftoken/ HTTP/1.1" 500 7965 "https://stream.jeremycherfas.net/2020/pizza-night" "Mozilla/5.0 (X11; Linux x86_64; rv:68.0) Gecko/20100101 Firefox/68.0" 
144.76.91.79 - - [06/Apr/2020:00:39:52 -0700] "GET /content/events/?q=%23withknown&_t=rss HTTP/1.1" 200 5023 "-" "Mozilla/5.0 (compatible; MJ12bot/v1.4.8; http://mj12bot.com/)" 
144.76.91.79 - - [06/Apr/2020:00:39:58 -0700] "GET /content/events/?q=%2523diet&_t=rss HTTP/1.1" 200 5025 "-" "Mozilla/5.0 (compatible; MJ12bot/v1.4.8; http://mj12bot.com/)" 
144.76.91.79 - - [06/Apr/2020:00:40:14 -0700] "GET /content/locations/?q=%23Audiogram&_t=rss HTTP/1.1" 200 5034 "-" "Mozilla/5.0 (compatible; MJ12bot/v1.4.8; http://mj12bot.com/)" 
144.76.91.79 - - [06/Apr/2020:00:40:35 -0700] "GET /content/locations/?q=%23goats&_t=rss HTTP/1.1" 200 5027 "-" "Mozilla/5.0 (compatible; MJ12bot/v1.4.8; http://mj12bot.com/)" 
144.76.91.79 - - [06/Apr/2020:00:41:25 -0700] "GET /content/locations/?q=%23realbreadweek&_t=rss HTTP/1.1" 200 5041 "-" "Mozilla/5.0 (compatible; MJ12bot/v1.4.8; http://mj12bot.com/)" 
144.76.91.79 - - [06/Apr/2020:00:41:34 -0700] "GET /content/locations/?q=%2523Corfu&_t=rss HTTP/1.1" 200 5031 "-" "Mozilla/5.0 (compatible; MJ12bot/v1.4.8; http://mj12bot.com/)" 
144.76.91.79 - - [06/Apr/2020:00:41:39 -0700] "GET /content/locations/?q=%2523FDA&_t=rss HTTP/1.1" 200 5028 "-" "Mozilla/5.0 (compatible; MJ12bot/v1.4.8; http://mj12bot.com/)" 
144.76.91.79 - - [06/Apr/2020:00:41:46 -0700] "GET /content/locations/?q=%2523Quinoa&_t=rss HTTP/1.1" 200 5033 "-" "Mozilla/5.0 (compatible; MJ12bot/v1.4.8; http://mj12bot.com/)" 
144.76.91.79 - - [06/Apr/2020:00:41:52 -0700] "GET /content/locations/?q=%2523Rye&_t=rss HTTP/1.1" 200 5028 "-" "Mozilla/5.0 (compatible; MJ12bot/v1.4.8; http://mj12bot.com/)" 
144.76.91.79 - - [06/Apr/2020:00:41:59 -0700] "GET /content/locations/?q=%2523borderterrier&_t=rss HTTP/1.1" 200 5044 "-" "Mozilla/5.0 (compatible; MJ12bot/v1.4.8; http://mj12bot.com/)" 
144.76.91.79 - - [06/Apr/2020:00:42:06 -0700] "GET /content/locations/?q=%2523diet&_t=rss HTTP/1.1" 200 5029 "-" "Mozilla/5.0 (compatible; MJ12bot/v1.4.8; http://mj12bot.com/)" 
144.76.91.79 - - [06/Apr/2020:00:42:11 -0700] "GET /content/locations/?q=%2523heritageapples&_t=rss HTTP/1.1" 200 5044 "-" "Mozilla/5.0 (compatible; MJ12bot/v1.4.8; http://mj12bot.com/)" 
82.62.171.242 - - [06/Apr/2020:00:42:12 -0700] "GET /file/ef801e05730eba56004c5b712ad84731/thumb.jpg HTTP/1.1" 200 26069 "https://fogknife.com/2019-09-26-lets-rename-the-7-minute-workout-to-the-klika-jordan-workout.html" "Mozilla/5.0 (Windows NT 10.0; Win64; x64) AppleWebKit/537.36 (KHTML, like Gecko) Chrome/80.0.3987.149 Safari/537.36" 
144.76.91.79 - - [06/Apr/2020:00:42:16 -0700] "GET /content/locations/?q=%2523indieweb&_t=rss HTTP/1.1" 200 5033 "-" "Mozilla/5.0 (compatible; MJ12bot/v1.4.8; http://mj12bot.com/)" 
144.76.91.79 - - [06/Apr/2020:00:42:20 -0700] "GET /content/locations/?q=%2523pestcontrol&_t=rss HTTP/1.1" 200 5040 "-" "Mozilla/5.0 (compatible; MJ12bot/v1.4.8; http://mj12bot.com/)" 
144.76.91.79 - - [06/Apr/2020:00:42:24 -0700] "GET /content/locations/?q=%2523plumeria&_t=rss HTTP/1.1" 200 5036 "-" "Mozilla/5.0 (compatible; MJ12bot/v1.4.8; http://mj12bot.com/)" 
144.76.91.79 - - [06/Apr/2020:00:42:32 -0700] "GET /content/locations/?q=%2523realbreadweek&_t=rss HTTP/1.1" 200 5045 "-" "Mozilla/5.0 (compatible; MJ12bot/v1.4.8; http://mj12bot.com/)" 
144.76.91.79 - - [06/Apr/2020:00:42:41 -0700] "GET /content/photos/?offset=0&_t=rss HTTP/1.1" 200 7469 "-" "Mozilla/5.0 (compatible; MJ12bot/v1.4.8; http://mj12bot.com/)" 
144.76.91.79 - - [06/Apr/2020:00:42:47 -0700] "GET /content/photos/?offset=10&_t=rss HTTP/1.1" 200 7445 "-" "Mozilla/5.0 (compatible; MJ12bot/v1.4.8; http://mj12bot.com/)" 
144.76.91.79 - - [06/Apr/2020:00:43:00 -0700] "GET /content/photos/?offset=30&_t=rss HTTP/1.1" 200 7107 "-" "Mozilla/5.0 (compatible; MJ12bot/v1.4.8; http://mj12bot.com/)" 
144.76.91.79 - - [06/Apr/2020:00:43:15 -0700] "GET /content/photos/?offset=60&_t=rss HTTP/1.1" 200 7798 "-" "Mozilla/5.0 (compatible; MJ12bot/v1.4.8; http://mj12bot.com/)" 
46.229.168.146 - - [06/Apr/2020:00:43:17 -0700] "GET /content/all/?offset=10&q=%23%2B%23WithKnown HTTP/1.1" 200 12205 "-" "Mozilla/5.0 (compatible; SemrushBot/6~bl; +http://www.semrush.com/bot.html)" 
114.119.165.2 - - [06/Apr/2020:00:43:21 -0700] "GET /content/statusupdates?q=%23IndieWeb&offset=0 HTTP/1.1" 200 11811 "-" "Mozilla/5.0 (Linux; Android 7.0;) AppleWebKit/537.36 (KHTML, like Gecko) Mobile Safari/537.36 (compatible; AspiegelBot)" 
144.76.91.79 - - [06/Apr/2020:00:43:37 -0700] "GET /content/photos/?q=%23%20%23%23bread&offset=18&_t=rss HTTP/1.1" 200 8795 "-" "Mozilla/5.0 (compatible; MJ12bot/v1.4.8; http://mj12bot.com/)" 
144.76.91.79 - - [06/Apr/2020:00:44:10 -0700] "GET /content/photos/?q=%23%20%23%23bread&offset=30&_t=rss HTTP/1.1" 200 8498 "-" "Mozilla/5.0 (compatible; MJ12bot/v1.4.8; http://mj12bot.com/)" 
46.229.168.135 - - [06/Apr/2020:00:44:21 -0700] "GET /2018/well-this-is-exciting-and-a-little HTTP/1.1" 200 12164 "-" "Mozilla/5.0 (compatible; SemrushBot/6~bl; +http://www.semrush.com/bot.html)" 
185.58.5.18 - - [06/Apr/2020:00:44:45 -0700] "GET /file/ef801e05730eba56004c5b712ad84731/thumb.jpg HTTP/1.1" 200 26069 "https://fogknife.com/2019-09-26-lets-rename-the-7-minute-workout-to-the-klika-jordan-workout.html" "Mozilla/5.0 (Windows NT 10.0; Win64; x64) AppleWebKit/537.36 (KHTML, like Gecko) Chrome/80.0.3987.149 Safari/537.36" 
144.76.91.79 - - [06/Apr/2020:00:44:45 -0700] "GET /content/photos/?q=%23%20%23%23bread&offset=40&_t=rss HTTP/1.1" 200 8784 "-" "Mozilla/5.0 (compatible; MJ12bot/v1.4.8; http://mj12bot.com/)" 
86.24.87.222 - - [06/Apr/2020:00:44:48 -0700] "GET /service/security/csrftoken/?url=annotation%2Fpost HTTP/1.1" 200 1450 "https://stream.jeremycherfas.net/2020/pizza-night" "Mozilla/5.0 (X11; Linux x86_64; rv:68.0) Gecko/20100101 Firefox/68.0" 
86.24.87.222 - - [06/Apr/2020:00:44:48 -0700] "GET /service/security/csrftoken/ HTTP/1.1" 500 4786 "https://stream.jeremycherfas.net/2020/pizza-night" "Mozilla/5.0 (X11; Linux x86_64; rv:68.0) Gecko/20100101 Firefox/68.0" 
144.76.91.79 - - [06/Apr/2020:00:44:57 -0700] "GET /content/photos/?q=%23%20%23%23bread&offset=50&_t=rss HTTP/1.1" 200 7998 "-" "Mozilla/5.0 (compatible; MJ12bot/v1.4.8; http://mj12bot.com/)" 
144.76.91.79 - - [06/Apr/2020:00:45:11 -0700] "GET /content/photos/?q=%23%20%23%23bread&offset=60&_t=rss HTTP/1.1" 200 7697 "-" "Mozilla/5.0 (compatible; MJ12bot/v1.4.8; http://mj12bot.com/)" 
144.76.91.79 - - [06/Apr/2020:00:45:17 -0700] "GET /content/photos/?q=%23Quinoa HTTP/1.1" 200 8475 "-" "Mozilla/5.0 (compatible; MJ12bot/v1.4.8; http://mj12bot.com/)" 
144.76.91.79 - - [06/Apr/2020:00:45:31 -0700] "GET /content/photos/?q=%23Quinoa&_t=rss HTTP/1.1" 200 5026 "-" "Mozilla/5.0 (compatible; MJ12bot/v1.4.8; http://mj12bot.com/)" 
144.76.91.79 - - [06/Apr/2020:00:45:46 -0700] "GET /content/photos/?q=%23Rye&_t=rss HTTP/1.1" 200 8164 "-" "Mozilla/5.0 (compatible; MJ12bot/v1.4.8; http://mj12bot.com/)" 
144.76.91.79 - - [06/Apr/2020:00:45:50 -0700] "GET /content/photos/?q=%23Rye&offset=0 HTTP/1.1" 200 12368 "-" "Mozilla/5.0 (compatible; MJ12bot/v1.4.8; http://mj12bot.com/)" 
144.76.91.79 - - [06/Apr/2020:00:45:57 -0700] "GET /content/photos/?q=%23Rye&offset=0&_t=rss HTTP/1.1" 200 8181 "-" "Mozilla/5.0 (compatible; MJ12bot/v1.4.8; http://mj12bot.com/)" 
144.76.91.79 - - [06/Apr/2020:00:46:05 -0700] "GET /content/photos/?q=%23Rye&offset=9 HTTP/1.1" 200 9014 "-" "Mozilla/5.0 (compatible; MJ12bot/v1.4.8; http://mj12bot.com/)" 
144.76.91.79 - - [06/Apr/2020:00:46:14 -0700] "GET /content/photos/?q=%23bread&offset=0 HTTP/1.1" 200 12620 "-" "Mozilla/5.0 (compatible; MJ12bot/v1.4.8; http://mj12bot.com/)" 
144.76.91.79 - - [06/Apr/2020:00:46:20 -0700] "GET /content/photos/?q=%23bread&offset=10 HTTP/1.1" 200 12271 "-" "Mozilla/5.0 (compatible; MJ12bot/v1.4.8; http://mj12bot.com/)" 
144.76.91.79 - - [06/Apr/2020:00:46:28 -0700] "GET /content/photos/?q=%23bread&offset=20 HTTP/1.1" 200 12695 "-" "Mozilla/5.0 (compatible; MJ12bot/v1.4.8; http://mj12bot.com/)" 
144.76.91.79 - - [06/Apr/2020:00:46:37 -0700] "GET /content/photos/?q=%23brocolletti&_t=rss HTTP/1.1" 200 5521 "-" "Mozilla/5.0 (compatible; MJ12bot/v1.4.8; http://mj12bot.com/)" 
144.76.91.79 - - [06/Apr/2020:00:46:58 -0700] "GET /content/photos/?q=%23fermentation HTTP/1.1" 200 9532 "-" "Mozilla/5.0 (compatible; MJ12bot/v1.4.8; http://mj12bot.com/)" 
144.76.91.79 - - [06/Apr/2020:00:47:31 -0700] "GET /content/photos/?q=%23indiewebcamp&_t=rss HTTP/1.1" 200 5033 "-" "Mozilla/5.0 (compatible; MJ12bot/v1.4.8; http://mj12bot.com/)" 
144.76.91.79 - - [06/Apr/2020:00:48:31 -0700] "GET /content/photos/?q=%23plumeria HTTP/1.1" 200 9265 "-" "Mozilla/5.0 (compatible; MJ12bot/v1.4.8; http://mj12bot.com/)" 
144.76.91.79 - - [06/Apr/2020:00:48:41 -0700] "GET /content/photos/?q=%23podcast&offset=0 HTTP/1.1" 200 12821 "-" "Mozilla/5.0 (compatible; MJ12bot/v1.4.8; http://mj12bot.com/)" 
64.111.100.215 - - [06/Apr/2020:00:48:50 -0700] "GET /content/all?_t=rss HTTP/1.1" 200 15565 "-" "Mozilla/5.0 (X11; U; Linux i686; fr; rv:1.9.1.1) Gecko/20090715 Firefox/3.5.1" 
144.76.91.79 - - [06/Apr/2020:00:48:54 -0700] "GET /content/photos/?q=%23podcast&offset=9 HTTP/1.1" 200 9352 "-" "Mozilla/5.0 (compatible; MJ12bot/v1.4.8; http://mj12bot.com/)" 
144.76.91.79 - - [06/Apr/2020:00:49:01 -0700] "GET /content/photos/?q=%23realbreadweek HTTP/1.1" 200 9548 "-" "Mozilla/5.0 (compatible; MJ12bot/v1.4.8; http://mj12bot.com/)" 
144.76.91.79 - - [06/Apr/2020:00:49:15 -0700] "GET /content/photos/?q=%23rye&_t=rss HTTP/1.1" 200 8163 "-" "Mozilla/5.0 (compatible; MJ12bot/v1.4.8; http://mj12bot.com/)" 
144.76.91.79 - - [06/Apr/2020:00:49:23 -0700] "GET /content/photos/?q=%23rye&offset=9 HTTP/1.1" 200 9013 "-" "Mozilla/5.0 (compatible; MJ12bot/v1.4.8; http://mj12bot.com/)" 
46.229.168.132 - - [06/Apr/2020:00:49:23 -0700] "GET /content/photos/?q=%23%2B%23norovirus HTTP/1.1" 200 8518 "-" "Mozilla/5.0 (compatible; SemrushBot/6~bl; +http://www.semrush.com/bot.html)" 
144.76.91.79 - - [06/Apr/2020:00:49:34 -0700] "GET /content/photos/?q=%23sauerkraut HTTP/1.1" 200 9250 "-" "Mozilla/5.0 (compatible; MJ12bot/v1.4.8; http://mj12bot.com/)" 
144.76.91.79 - - [06/Apr/2020:00:49:44 -0700] "GET /content/photos/?q=%23sourdough&offset=10 HTTP/1.1" 200 12298 "-" "Mozilla/5.0 (compatible; MJ12bot/v1.4.8; http://mj12bot.com/)" 
86.24.87.222 - - [06/Apr/2020:00:49:48 -0700] "GET /service/security/csrftoken/?url=annotation%2Fpost HTTP/1.1" 200 4629 "https://stream.jeremycherfas.net/2020/pizza-night" "Mozilla/5.0 (X11; Linux x86_64; rv:68.0) Gecko/20100101 Firefox/68.0" 
86.24.87.222 - - [06/Apr/2020:00:49:48 -0700] "GET /service/security/csrftoken/ HTTP/1.1" 500 7965 "https://stream.jeremycherfas.net/2020/pizza-night" "Mozilla/5.0 (X11; Linux x86_64; rv:68.0) Gecko/20100101 Firefox/68.0" 
144.76.91.79 - - [06/Apr/2020:00:49:50 -0700] "GET /content/photos/?q=%23sourdough&offset=10&_t=rss HTTP/1.1" 200 8512 "-" "Mozilla/5.0 (compatible; MJ12bot/v1.4.8; http://mj12bot.com/)" 
46.229.168.151 - - [06/Apr/2020:00:50:01 -0700] "GET /content/photos/?offset=6&q=%23bread HTTP/1.1" 200 12480 "-" "Mozilla/5.0 (compatible; SemrushBot/6~bl; +http://www.semrush.com/bot.html)" 
144.76.91.79 - - [06/Apr/2020:00:50:02 -0700] "GET /content/photos/?q=%23testtag HTTP/1.1" 200 8478 "-" "Mozilla/5.0 (compatible; MJ12bot/v1.4.8; http://mj12bot.com/)" 
144.76.91.79 - - [06/Apr/2020:00:50:12 -0700] "GET /content/photos/?q=%23testtag&_t=rss HTTP/1.1" 200 5027 "-" "Mozilla/5.0 (compatible; MJ12bot/v1.4.8; http://mj12bot.com/)" 
144.76.91.79 - - [06/Apr/2020:00:50:18 -0700] "GET /content/photos/?q=%23viola&_t=rss HTTP/1.1" 200 5606 "-" "Mozilla/5.0 (compatible; MJ12bot/v1.4.8; http://mj12bot.com/)" 
144.76.91.79 - - [06/Apr/2020:00:50:27 -0700] "GET /content/photos/?q=%23withknown&_t=rss HTTP/1.1" 200 6213 "-" "Mozilla/5.0 (compatible; MJ12bot/v1.4.8; http://mj12bot.com/)" 
144.76.91.79 - - [06/Apr/2020:00:50:33 -0700] "GET /content/photos/?q=%2523Corfu HTTP/1.1" 200 8480 "-" "Mozilla/5.0 (compatible; MJ12bot/v1.4.8; http://mj12bot.com/)" 
144.76.91.79 - - [06/Apr/2020:00:50:46 -0700] "GET /content/photos/?q=%2523FDA HTTP/1.1" 200 8475 "-" "Mozilla/5.0 (compatible; MJ12bot/v1.4.8; http://mj12bot.com/)" 
144.76.91.79 - - [06/Apr/2020:00:50:54 -0700] "GET /content/photos/?q=%2523FDA&_t=rss HTTP/1.1" 200 5025 "-" "Mozilla/5.0 (compatible; MJ12bot/v1.4.8; http://mj12bot.com/)" 
144.76.91.79 - - [06/Apr/2020:00:51:03 -0700] "GET /content/photos/?q=%2523IndieWeb&_t=rss HTTP/1.1" 200 5033 "-" "Mozilla/5.0 (compatible; MJ12bot/v1.4.8; http://mj12bot.com/)" 
144.76.91.79 - - [06/Apr/2020:00:51:14 -0700] "GET /content/photos/?q=%2523Quinoa&_t=rss HTTP/1.1" 200 5030 "-" "Mozilla/5.0 (compatible; MJ12bot/v1.4.8; http://mj12bot.com/)" 
144.76.91.79 - - [06/Apr/2020:00:51:21 -0700] "GET /content/photos/?q=%2523borderterrier&_t=rss HTTP/1.1" 200 5041 "-" "Mozilla/5.0 (compatible; MJ12bot/v1.4.8; http://mj12bot.com/)" 
144.76.91.79 - - [06/Apr/2020:00:51:30 -0700] "GET /content/photos/?q=%2523diet&_t=rss HTTP/1.1" 200 5026 "-" "Mozilla/5.0 (compatible; MJ12bot/v1.4.8; http://mj12bot.com/)" 
144.76.91.79 - - [06/Apr/2020:00:51:35 -0700] "GET /content/photos/?q=%2523heritageapples&_t=rss HTTP/1.1" 200 5042 "-" "Mozilla/5.0 (compatible; MJ12bot/v1.4.8; http://mj12bot.com/)" 
144.76.91.79 - - [06/Apr/2020:00:51:42 -0700] "GET /content/photos/?q=%2523pestcontrol HTTP/1.1" 200 8489 "-" "Mozilla/5.0 (compatible; MJ12bot/v1.4.8; http://mj12bot.com/)" 
144.76.91.79 - - [06/Apr/2020:00:51:48 -0700] "GET /content/photos/?q=%2523pestcontrol&_t=rss HTTP/1.1" 200 5037 "-" "Mozilla/5.0 (compatible; MJ12bot/v1.4.8; http://mj12bot.com/)" 
144.76.91.79 - - [06/Apr/2020:00:51:55 -0700] "GET /content/photos/?q=%2523plumeria&_t=rss HTTP/1.1" 200 5033 "-" "Mozilla/5.0 (compatible; MJ12bot/v1.4.8; http://mj12bot.com/)" 
144.76.91.79 - - [06/Apr/2020:00:52:02 -0700] "GET /content/photos/?q=%2523realbreadweek HTTP/1.1" 200 8496 "-" "Mozilla/5.0 (compatible; MJ12bot/v1.4.8; http://mj12bot.com/)" 
144.76.91.79 - - [06/Apr/2020:00:52:09 -0700] "GET /content/photos/?q=%2523realbreadweek&_t=rss HTTP/1.1" 200 5042 "-" "Mozilla/5.0 (compatible; MJ12bot/v1.4.8; http://mj12bot.com/)" 
144.76.91.79 - - [06/Apr/2020:00:52:21 -0700] "GET /content/photos/?q=%2523withknown&_t=rss HTTP/1.1" 200 5028 "-" "Mozilla/5.0 (compatible; MJ12bot/v1.4.8; http://mj12bot.com/)" 
144.76.91.79 - - [06/Apr/2020:00:52:33 -0700] "GET /content/posts/?offset=0&_t=rss HTTP/1.1" 200 8396 "-" "Mozilla/5.0 (compatible; MJ12bot/v1.4.8; http://mj12bot.com/)" 
144.76.91.79 - - [06/Apr/2020:00:52:51 -0700] "GET /content/posts/?offset=19 HTTP/1.1" 200 13526 "-" "Mozilla/5.0 (compatible; MJ12bot/v1.4.8; http://mj12bot.com/)" 
144.76.91.79 - - [06/Apr/2020:00:53:04 -0700] "GET /content/posts/?offset=20 HTTP/1.1" 200 12744 "-" "Mozilla/5.0 (compatible; MJ12bot/v1.4.8; http://mj12bot.com/)" 
144.76.91.79 - - [06/Apr/2020:00:53:14 -0700] "GET /content/posts/?offset=27 HTTP/1.1" 200 13687 "-" "Mozilla/5.0 (compatible; MJ12bot/v1.4.8; http://mj12bot.com/)" 
144.76.91.79 - - [06/Apr/2020:00:53:20 -0700] "GET /content/posts/?offset=29 HTTP/1.1" 200 13783 "-" "Mozilla/5.0 (compatible; MJ12bot/v1.4.8; http://mj12bot.com/)" 
144.76.91.79 - - [06/Apr/2020:00:53:36 -0700] "GET /content/posts/?offset=30 HTTP/1.1" 200 13483 "-" "Mozilla/5.0 (compatible; MJ12bot/v1.4.8; http://mj12bot.com/)" 
144.76.91.79 - - [06/Apr/2020:00:53:41 -0700] "GET /content/posts/?offset=30&_t=rss HTTP/1.1" 200 9725 "-" "Mozilla/5.0 (compatible; MJ12bot/v1.4.8; http://mj12bot.com/)" 
144.76.91.79 - - [06/Apr/2020:00:53:49 -0700] "GET /content/posts/?offset=37 HTTP/1.1" 200 13308 "-" "Mozilla/5.0 (compatible; MJ12bot/v1.4.8; http://mj12bot.com/)" 
144.76.91.79 - - [06/Apr/2020:00:53:56 -0700] "GET /content/posts/?offset=39 HTTP/1.1" 200 12683 "-" "Mozilla/5.0 (compatible; MJ12bot/v1.4.8; http://mj12bot.com/)" 
144.76.91.79 - - [06/Apr/2020:00:54:14 -0700] "GET /content/posts/?offset=40 HTTP/1.1" 200 13073 "-" "Mozilla/5.0 (compatible; MJ12bot/v1.4.8; http://mj12bot.com/)" 
144.76.91.79 - - [06/Apr/2020:00:54:20 -0700] "GET /content/posts/?offset=47 HTTP/1.1" 200 15300 "-" "Mozilla/5.0 (compatible; MJ12bot/v1.4.8; http://mj12bot.com/)" 
144.76.91.79 - - [06/Apr/2020:00:54:27 -0700] "GET /content/posts/?offset=49 HTTP/1.1" 200 16897 "-" "Mozilla/5.0 (compatible; MJ12bot/v1.4.8; http://mj12bot.com/)" 
144.76.91.79 - - [06/Apr/2020:00:54:41 -0700] "GET /content/posts/?offset=50 HTTP/1.1" 200 16478 "-" "Mozilla/5.0 (compatible; MJ12bot/v1.4.8; http://mj12bot.com/)" 
86.24.87.222 - - [06/Apr/2020:00:54:48 -0700] "GET /service/security/csrftoken/?url=annotation%2Fpost HTTP/1.1" 200 1450 "https://stream.jeremycherfas.net/2020/pizza-night" "Mozilla/5.0 (X11; Linux x86_64; rv:68.0) Gecko/20100101 Firefox/68.0" 
86.24.87.222 - - [06/Apr/2020:00:54:48 -0700] "GET /service/security/csrftoken/ HTTP/1.1" 500 4786 "https://stream.jeremycherfas.net/2020/pizza-night" "Mozilla/5.0 (X11; Linux x86_64; rv:68.0) Gecko/20100101 Firefox/68.0" 
144.76.91.79 - - [06/Apr/2020:00:54:57 -0700] "GET /content/posts/?offset=50&_t=rss HTTP/1.1" 200 12303 "-" "Mozilla/5.0 (compatible; MJ12bot/v1.4.8; http://mj12bot.com/)" 
144.76.91.79 - - [06/Apr/2020:00:55:06 -0700] "GET /content/posts/?offset=57 HTTP/1.1" 200 16612 "-" "Mozilla/5.0 (compatible; MJ12bot/v1.4.8; http://mj12bot.com/)" 
114.119.165.37 - - [06/Apr/2020:00:55:17 -0700] "GET /2018/9-inconvenient-truths-about-jewish-food-that-nobody-wants-to HTTP/1.1" 200 9425 "-" "Mozilla/5.0 (Linux; Android 7.0;) AppleWebKit/537.36 (KHTML, like Gecko) Mobile Safari/537.36 (compatible; AspiegelBot)" 
144.76.91.79 - - [06/Apr/2020:00:55:21 -0700] "GET /content/posts/?offset=59 HTTP/1.1" 200 15902 "-" "Mozilla/5.0 (compatible; MJ12bot/v1.4.8; http://mj12bot.com/)" 
144.76.91.79 - - [06/Apr/2020:00:55:28 -0700] "GET /content/posts/?offset=60 HTTP/1.1" 200 15851 "-" "Mozilla/5.0 (compatible; MJ12bot/v1.4.8; http://mj12bot.com/)" 
144.76.91.79 - - [06/Apr/2020:00:55:35 -0700] "GET /content/posts/?offset=60&_t=rss HTTP/1.1" 200 11737 "-" "Mozilla/5.0 (compatible; MJ12bot/v1.4.8; http://mj12bot.com/)" 
144.76.91.79 - - [06/Apr/2020:00:55:40 -0700] "GET /content/posts/?offset=67 HTTP/1.1" 200 13669 "-" "Mozilla/5.0 (compatible; MJ12bot/v1.4.8; http://mj12bot.com/)" 
157.230.173.27 - - [06/Apr/2020:00:55:39 -0700] "GET /?_t=rss HTTP/1.1" 200 7287 "-" "Feedbin feed-id:1536727 - 1 subscribers" 
144.76.91.79 - - [06/Apr/2020:00:55:49 -0700] "GET /content/posts/?offset=67&_t=rss HTTP/1.1" 200 9698 "-" "Mozilla/5.0 (compatible; MJ12bot/v1.4.8; http://mj12bot.com/)" 
144.76.91.79 - - [06/Apr/2020:00:56:05 -0700] "GET /content/posts/?offset=69 HTTP/1.1" 200 13020 "-" "Mozilla/5.0 (compatible; MJ12bot/v1.4.8; http://mj12bot.com/)" 
144.76.91.79 - - [06/Apr/2020:00:56:17 -0700] "GET /content/posts/?offset=69&_t=rss HTTP/1.1" 200 9001 "-" "Mozilla/5.0 (compatible; MJ12bot/v1.4.8; http://mj12bot.com/)" 
144.76.91.79 - - [06/Apr/2020:00:56:23 -0700] "GET /content/posts/?offset=7 HTTP/1.1" 200 11789 "-" "Mozilla/5.0 (compatible; MJ12bot/v1.4.8; http://mj12bot.com/)" 
144.76.91.79 - - [06/Apr/2020:00:56:28 -0700] "GET /content/posts/?offset=70 HTTP/1.1" 200 13616 "-" "Mozilla/5.0 (compatible; MJ12bot/v1.4.8; http://mj12bot.com/)" 
144.76.91.79 - - [06/Apr/2020:00:56:35 -0700] "GET /content/posts/?offset=70&_t=rss HTTP/1.1" 200 9527 "-" "Mozilla/5.0 (compatible; MJ12bot/v1.4.8; http://mj12bot.com/)" 
144.76.91.79 - - [06/Apr/2020:00:56:41 -0700] "GET /content/posts/?offset=77 HTTP/1.1" 200 11801 "-" "Mozilla/5.0 (compatible; MJ12bot/v1.4.8; http://mj12bot.com/)" 
46.229.168.133 - - [06/Apr/2020:00:56:45 -0700] "GET /content/rsvp/?q=%23courses HTTP/1.1" 200 8492 "-" "Mozilla/5.0 (compatible; SemrushBot/6~bl; +http://www.semrush.com/bot.html)" 
144.76.91.79 - - [06/Apr/2020:00:56:48 -0700] "GET /content/posts/?offset=77&_t=rss HTTP/1.1" 200 7938 "-" "Mozilla/5.0 (compatible; MJ12bot/v1.4.8; http://mj12bot.com/)" 
46.229.168.134 - - [06/Apr/2020:00:56:55 -0700] "GET /content/photos/?q=%23%2B%23Black_pepper HTTP/1.1" 200 8551 "-" "Mozilla/5.0 (compatible; SemrushBot/6~bl; +http://www.semrush.com/bot.html)" 
144.76.91.79 - - [06/Apr/2020:00:56:55 -0700] "GET /content/posts/?offset=79 HTTP/1.1" 200 11140 "-" "Mozilla/5.0 (compatible; MJ12bot/v1.4.8; http://mj12bot.com/)" 
144.76.91.79 - - [06/Apr/2020:00:57:09 -0700] "GET /content/posts/?offset=79&_t=rss HTTP/1.1" 200 7477 "-" "Mozilla/5.0 (compatible; MJ12bot/v1.4.8; http://mj12bot.com/)" 
144.76.91.79 - - [06/Apr/2020:00:57:15 -0700] "GET /content/posts/?offset=9 HTTP/1.1" 200 11661 "-" "Mozilla/5.0 (compatible; MJ12bot/v1.4.8; http://mj12bot.com/)" 
46.229.168.154 - - [06/Apr/2020:00:57:18 -0700] "GET /content/locations/?q=%23leaven HTTP/1.1" 200 8523 "-" "Mozilla/5.0 (compatible; SemrushBot/6~bl; +http://www.semrush.com/bot.html)" 
144.76.91.79 - - [06/Apr/2020:00:57:23 -0700] "GET /content/posts/?offset=9&_t=rss HTTP/1.1" 200 8006 "-" "Mozilla/5.0 (compatible; MJ12bot/v1.4.8; http://mj12bot.com/)" 
46.229.168.142 - - [06/Apr/2020:00:58:12 -0700] "GET /content/photos/?offset=9&q=%23podcast HTTP/1.1" 200 9377 "-" "Mozilla/5.0 (compatible; SemrushBot/6~bl; +http://www.semrush.com/bot.html)" 
144.76.91.79 - - [06/Apr/2020:00:58:33 -0700] "GET /content/posts/?q=%23%20%23WithKnown&offset=0&_t=rss HTTP/1.1" 200 11209 "-" "Mozilla/5.0 (compatible; MJ12bot/v1.4.8; http://mj12bot.com/)" 
144.76.91.79 - - [06/Apr/2020:00:58:37 -0700] "GET /content/posts/?q=%23%20%23WithKnown&offset=10&_t=rss HTTP/1.1" 200 6071 "-" "Mozilla/5.0 (compatible; MJ12bot/v1.4.8; http://mj12bot.com/)" 
144.76.91.79 - - [06/Apr/2020:00:58:51 -0700] "GET /content/posts/?q=%23%20%23ciwf&_t=rss HTTP/1.1" 200 5035 "-" "Mozilla/5.0 (compatible; MJ12bot/v1.4.8; http://mj12bot.com/)" 
144.76.91.79 - - [06/Apr/2020:00:59:11 -0700] "GET /content/posts/?q=%23Corfu&_t=rss HTTP/1.1" 200 5022 "-" "Mozilla/5.0 (compatible; MJ12bot/v1.4.8; http://mj12bot.com/)" 
46.229.168.152 - - [06/Apr/2020:00:59:22 -0700] "GET /content/statusupdates/?offset=50 HTTP/1.1" 200 11046 "-" "Mozilla/5.0 (compatible; SemrushBot/6~bl; +http://www.semrush.com/bot.html)" 
144.76.91.79 - - [06/Apr/2020:00:59:25 -0700] "GET /content/posts/?q=%23IndieWeb&offset=8&_t=rss HTTP/1.1" 200 12378 "-" "Mozilla/5.0 (compatible; MJ12bot/v1.4.8; http://mj12bot.com/)" 
144.76.91.79 - - [06/Apr/2020:00:59:38 -0700] "GET /content/posts/?q=%23IndieWeb&offset=9 HTTP/1.1" 200 16860 "-" "Mozilla/5.0 (compatible; MJ12bot/v1.4.8; http://mj12bot.com/)" 
86.24.87.222 - - [06/Apr/2020:00:59:48 -0700] "GET /service/security/csrftoken/?url=annotation%2Fpost HTTP/1.1" 200 4629 "https://stream.jeremycherfas.net/2020/pizza-night" "Mozilla/5.0 (X11; Linux x86_64; rv:68.0) Gecko/20100101 Firefox/68.0" 
86.24.87.222 - - [06/Apr/2020:00:59:48 -0700] "GET /service/security/csrftoken/ HTTP/1.1" 500 7965 "https://stream.jeremycherfas.net/2020/pizza-night" "Mozilla/5.0 (X11; Linux x86_64; rv:68.0) Gecko/20100101 Firefox/68.0" 
144.76.91.79 - - [06/Apr/2020:00:59:51 -0700] "GET /content/posts/?q=%23Quinoa HTTP/1.1" 200 8471 "-" "Mozilla/5.0 (compatible; MJ12bot/v1.4.8; http://mj12bot.com/)" 
46.229.168.135 - - [06/Apr/2020:00:59:52 -0700] "GET /2018/after-enjoying-a-lovely-day-off-yesterday/annotations/6cf88ec4d019d143c10a3f441906699e HTTP/1.1" 200 8673 "-" "Mozilla/5.0 (compatible; SemrushBot/6~bl; +http://www.semrush.com/bot.html)" 
46.229.168.133 - - [06/Apr/2020:01:00:12 -0700] "GET /?offset=2&q=%23%2B%23sourdough HTTP/1.1" 200 12043 "-" "Mozilla/5.0 (compatible; SemrushBot/6~bl; +http://www.semrush.com/bot.html)" 
144.76.91.79 - - [06/Apr/2020:01:00:31 -0700] "GET /content/posts/?q=%23gazpacho HTTP/1.1" 200 8476 "-" "Mozilla/5.0 (compatible; MJ12bot/v1.4.8; http://mj12bot.com/)" 
144.76.91.79 - - [06/Apr/2020:01:00:39 -0700] "GET /content/posts/?q=%23realbreadweek HTTP/1.1" 200 8485 "-" "Mozilla/5.0 (compatible; MJ12bot/v1.4.8; http://mj12bot.com/)" 
46.229.168.145 - - [06/Apr/2020:01:00:43 -0700] "GET /?offset=0&q=%23%2B%23bread HTTP/1.1" 200 12625 "-" "Mozilla/5.0 (compatible; SemrushBot/6~bl; +http://www.semrush.com/bot.html)" 
144.76.91.79 - - [06/Apr/2020:01:00:47 -0700] "GET /content/posts/?q=%2523Corfu HTTP/1.1" 200 8473 "-" "Mozilla/5.0 (compatible; MJ12bot/v1.4.8; http://mj12bot.com/)" 
18.212.238.5 - - [06/Apr/2020:01:00:48 -0700] "GET /?_t=rss HTTP/1.1" 200 7517 "-" "glitch-feeder/1.0 (+https://glitch.com/~lmo-feeder)" 
144.76.91.79 - - [06/Apr/2020:01:00:54 -0700] "GET /content/posts/?q=%2523FDA HTTP/1.1" 200 8471 "-" "Mozilla/5.0 (compatible; MJ12bot/v1.4.8; http://mj12bot.com/)" 
144.76.91.79 - - [06/Apr/2020:01:01:00 -0700] "GET /content/posts/?q=%2523pestcontrol HTTP/1.1" 200 8483 "-" "Mozilla/5.0 (compatible; MJ12bot/v1.4.8; http://mj12bot.com/)" 
144.76.91.79 - - [06/Apr/2020:01:01:08 -0700] "GET /content/posts/?q=%2523realbreadweek HTTP/1.1" 200 8490 "-" "Mozilla/5.0 (compatible; MJ12bot/v1.4.8; http://mj12bot.com/)" 
114.119.165.2 - - [06/Apr/2020:01:01:12 -0700] "GET /2017/if-its-interesting-ill-listen-regardless-of-audio-quality HTTP/1.1" 200 10598 "-" "Mozilla/5.0 (Linux; Android 7.0;) AppleWebKit/537.36 (KHTML, like Gecko) Mobile Safari/537.36 (compatible; AspiegelBot)" 
144.76.91.79 - - [06/Apr/2020:01:01:23 -0700] "GET /content/rsvp/?q=%23Quinoa HTTP/1.1" 200 8471 "-" "Mozilla/5.0 (compatible; MJ12bot/v1.4.8; http://mj12bot.com/)" 
144.76.91.79 - - [06/Apr/2020:01:01:34 -0700] "GET /content/rsvp/?q=%23Quinoa&_t=rss HTTP/1.1" 200 5023 "-" "Mozilla/5.0 (compatible; MJ12bot/v1.4.8; http://mj12bot.com/)" 
144.76.91.79 - - [06/Apr/2020:01:01:46 -0700] "GET /content/rsvp/?q=%23Sourdough HTTP/1.1" 200 8478 "-" "Mozilla/5.0 (compatible; MJ12bot/v1.4.8; http://mj12bot.com/)" 
144.76.91.79 - - [06/Apr/2020:01:02:36 -0700] "GET /content/rsvp/?q=%23brocolletti&_t=rss HTTP/1.1" 200 5031 "-" "Mozilla/5.0 (compatible; MJ12bot/v1.4.8; http://mj12bot.com/)" 
144.76.91.79 - - [06/Apr/2020:01:02:50 -0700] "GET /content/rsvp/?q=%23gazpacho HTTP/1.1" 200 8475 "-" "Mozilla/5.0 (compatible; MJ12bot/v1.4.8; http://mj12bot.com/)" 
144.76.91.79 - - [06/Apr/2020:01:03:26 -0700] "GET /content/rsvp/?q=%23realbreadweek HTTP/1.1" 200 8485 "-" "Mozilla/5.0 (compatible; MJ12bot/v1.4.8; http://mj12bot.com/)" 
144.76.91.79 - - [06/Apr/2020:01:03:38 -0700] "GET /content/rsvp/?q=%23realbreadweek&_t=rss HTTP/1.1" 200 5035 "-" "Mozilla/5.0 (compatible; MJ12bot/v1.4.8; http://mj12bot.com/)" 
144.76.91.79 - - [06/Apr/2020:01:03:42 -0700] "GET /content/rsvp/?q=%2523FDA&_t=rss HTTP/1.1" 200 5022 "-" "Mozilla/5.0 (compatible; MJ12bot/v1.4.8; http://mj12bot.com/)" 
144.76.91.79 - - [06/Apr/2020:01:03:47 -0700] "GET /content/rsvp/?q=%2523IndieWeb&_t=rss HTTP/1.1" 200 5030 "-" "Mozilla/5.0 (compatible; MJ12bot/v1.4.8; http://mj12bot.com/)" 
46.229.168.147 - - [06/Apr/2020:01:03:50 -0700] "GET /content/audio/?q=%23changingglobaldiets HTTP/1.1" 200 8514 "-" "Mozilla/5.0 (compatible; SemrushBot/6~bl; +http://www.semrush.com/bot.html)" 
144.76.91.79 - - [06/Apr/2020:01:03:57 -0700] "GET /content/rsvp/?q=%2523Rye&_t=rss HTTP/1.1" 200 5021 "-" "Mozilla/5.0 (compatible; MJ12bot/v1.4.8; http://mj12bot.com/)" 
144.76.91.79 - - [06/Apr/2020:01:04:01 -0700] "GET /content/rsvp/?q=%2523borderterrier&_t=rss HTTP/1.1" 200 5038 "-" "Mozilla/5.0 (compatible; MJ12bot/v1.4.8; http://mj12bot.com/)" 
144.76.91.79 - - [06/Apr/2020:01:04:07 -0700] "GET /content/rsvp/?q=%2523brocolletti&_t=rss HTTP/1.1" 200 5035 "-" "Mozilla/5.0 (compatible; MJ12bot/v1.4.8; http://mj12bot.com/)" 
144.76.91.79 - - [06/Apr/2020:01:04:14 -0700] "GET /content/rsvp/?q=%2523diet&_t=rss HTTP/1.1" 200 5022 "-" "Mozilla/5.0 (compatible; MJ12bot/v1.4.8; http://mj12bot.com/)" 
144.76.91.79 - - [06/Apr/2020:01:04:21 -0700] "GET /content/rsvp/?q=%2523heritageapples&_t=rss HTTP/1.1" 200 5039 "-" "Mozilla/5.0 (compatible; MJ12bot/v1.4.8; http://mj12bot.com/)" 
144.76.91.79 - - [06/Apr/2020:01:04:28 -0700] "GET /content/rsvp/?q=%2523plumeria&_t=rss HTTP/1.1" 200 5030 "-" "Mozilla/5.0 (compatible; MJ12bot/v1.4.8; http://mj12bot.com/)" 
86.24.87.222 - - [06/Apr/2020:01:04:48 -0700] "GET /service/security/csrftoken/?url=annotation%2Fpost HTTP/1.1" 200 1450 "https://stream.jeremycherfas.net/2020/pizza-night" "Mozilla/5.0 (X11; Linux x86_64; rv:68.0) Gecko/20100101 Firefox/68.0" 
