66.249.70.12 - - [06/Apr/2020:05:18:04 -0700] "GET /service/web/unfurl/?url=https%3A%2F%2Fwww.tbray.org%2Fongoing%2FWhen%2F201x%2F2017%2F09%2F03%2FMurder-chez-Hitler&__bTk=e749a8d6db3902ca6785f67a2ee2212e968b21f50c70879db9a01b3070a8d93d&__bTs=1583580603 HTTP/1.1" 403 4648 "https://stream.jeremycherfas.net/?offset=1484" "Mozilla/5.0 (Linux; Android 6.0.1; Nexus 5X Build/MMB29P) AppleWebKit/537.36 (KHTML, like Gecko) Chrome/80.0.3987.92 Mobile Safari/537.36 (compatible; Googlebot/2.1; +http://www.google.com/bot.html)" 
66.249.70.16 - - [06/Apr/2020:05:18:05 -0700] "GET /service/web/unfurl/?url=https%3A%2F%2Fgregorlove.com%2F2017%2F12%2Findieweb-wordpress-feedback%2F&__bTk=d58d194e9c6dc63c47fec935930ec99d8405f18fed30f78c0fda5f502aa40aa7&__bTs=1586173549 HTTP/1.1" 403 4632 "https://stream.jeremycherfas.net/?offset=1484" "Mozilla/5.0 (Linux; Android 6.0.1; Nexus 5X Build/MMB29P) AppleWebKit/537.36 (KHTML, like Gecko) Chrome/80.0.3987.92 Mobile Safari/537.36 (compatible; Googlebot/2.1; +http://www.google.com/bot.html)" 
66.249.70.14 - - [06/Apr/2020:05:18:05 -0700] "GET /service/web/unfurl/?url=http%3A%2F%2Fcweiske.de%2Fshpub.htm&__bTk=d58d194e9c6dc63c47fec935930ec99d8405f18fed30f78c0fda5f502aa40aa7&__bTs=1586173549 HTTP/1.1" 403 4594 "https://stream.jeremycherfas.net/?offset=1484" "Mozilla/5.0 (Linux; Android 6.0.1; Nexus 5X Build/MMB29P) AppleWebKit/537.36 (KHTML, like Gecko) Chrome/80.0.3987.92 Mobile Safari/537.36 (compatible; Googlebot/2.1; +http://www.google.com/bot.html)" 
66.249.70.14 - - [06/Apr/2020:05:18:06 -0700] "GET /service/web/unfurl/?url=https%3A%2F%2Findieweb.org%2Fbookmark&__bTk=d58d194e9c6dc63c47fec935930ec99d8405f18fed30f78c0fda5f502aa40aa7&__bTs=1586173549 HTTP/1.1" 403 1279 "https://stream.jeremycherfas.net/?offset=1484" "Mozilla/5.0 (Linux; Android 6.0.1; Nexus 5X Build/MMB29P) AppleWebKit/537.36 (KHTML, like Gecko) Chrome/80.0.3987.92 Mobile Safari/537.36 (compatible; Googlebot/2.1; +http://www.google.com/bot.html)" 
66.249.70.12 - - [06/Apr/2020:05:18:07 -0700] "GET /service/web/unfurl/?url=https%3A%2F%2Fascraeus.org%2Fthoughts-on-identity%2F&__bTk=d58d194e9c6dc63c47fec935930ec99d8405f18fed30f78c0fda5f502aa40aa7&__bTs=1586173549 HTTP/1.1" 403 4611 "https://stream.jeremycherfas.net/?offset=1484" "Mozilla/5.0 (Linux; Android 6.0.1; Nexus 5X Build/MMB29P) AppleWebKit/537.36 (KHTML, like Gecko) Chrome/80.0.3987.92 Mobile Safari/537.36 (compatible; Googlebot/2.1; +http://www.google.com/bot.html)" 
66.249.70.12 - - [06/Apr/2020:05:18:07 -0700] "GET /service/web/unfurl/?url=https%3A%2F%2Findieweb.org%2Fbookmark&__bTk=d58d194e9c6dc63c47fec935930ec99d8405f18fed30f78c0fda5f502aa40aa7&__bTs=1586173549 HTTP/1.1" 403 1279 "https://stream.jeremycherfas.net/?offset=1484" "Mozilla/5.0 (Linux; Android 6.0.1; Nexus 5X Build/MMB29P) AppleWebKit/537.36 (KHTML, like Gecko) Chrome/80.0.3987.92 Mobile Safari/537.36 (compatible; Googlebot/2.1; +http://www.google.com/bot.html)" 
66.249.70.14 - - [06/Apr/2020:05:18:08 -0700] "GET /service/web/unfurl/?url=https%3A%2F%2Fwww.tbray.org%2Fongoing%2FWhen%2F201x%2F2017%2F09%2F03%2FMurder-chez-Hitler&__bTk=d58d194e9c6dc63c47fec935930ec99d8405f18fed30f78c0fda5f502aa40aa7&__bTs=1586173549 HTTP/1.1" 403 4648 "https://stream.jeremycherfas.net/?offset=1484" "Mozilla/5.0 (Linux; Android 6.0.1; Nexus 5X Build/MMB29P) AppleWebKit/537.36 (KHTML, like Gecko) Chrome/80.0.3987.92 Mobile Safari/537.36 (compatible; Googlebot/2.1; +http://www.google.com/bot.html)" 
66.249.70.12 - - [06/Apr/2020:05:18:08 -0700] "GET /?offset=1339&_t=rss HTTP/1.1" 200 7433 "-" "Mozilla/5.0 (Linux; Android 6.0.1; Nexus 5X Build/MMB29P) AppleWebKit/537.36 (KHTML, like Gecko) Chrome/41.0.2272.96 Mobile Safari/537.36 (compatible; Googlebot/2.1; +http://www.google.com/bot.html)" 
35.164.36.60 - - [06/Apr/2020:05:18:09 -0700] "GET /tag/+%23IndieWeb HTTP/1.1" 200 12314 "-" "Mozilla/5.0 (X11; Linux x86_64; rv:55.0) Gecko/20100101 Firefox/55.0" 
66.249.70.12 - - [06/Apr/2020:05:18:12 -0700] "GET /?offset=1749 HTTP/1.1" 200 10717 "-" "Mozilla/5.0 (Linux; Android 6.0.1; Nexus 5X Build/MMB29P) AppleWebKit/537.36 (KHTML, like Gecko) Chrome/41.0.2272.96 Mobile Safari/537.36 (compatible; Googlebot/2.1; +http://www.google.com/bot.html)" 
66.249.70.12 - - [06/Apr/2020:05:18:21 -0700] "GET /?offset=1759&_t=amp HTTP/1.1" 200 12185 "-" "Mozilla/5.0 (Linux; Android 6.0.1; Nexus 5X Build/MMB29P) AppleWebKit/537.36 (KHTML, like Gecko) Chrome/41.0.2272.96 Mobile Safari/537.36 (compatible; Googlebot/2.1; +http://www.google.com/bot.html)" 
66.249.70.12 - - [06/Apr/2020:05:18:23 -0700] "GET /content/all?offset=64 HTTP/1.1" 200 12033 "-" "Mozilla/5.0 (Linux; Android 6.0.1; Nexus 5X Build/MMB29P) AppleWebKit/537.36 (KHTML, like Gecko) Chrome/41.0.2272.96 Mobile Safari/537.36 (compatible; Googlebot/2.1; +http://www.google.com/bot.html)" 
66.249.70.12 - - [06/Apr/2020:05:18:52 -0700] "GET /service/web/unfurl/?url=https%3A%2F%2Fwww.reading.am%2Fp%2F4NiA%2Fhttp%3A%2F%2Fer.educause.edu%2Farticles%2F2017%2F8%2Foer-the-future-of-education-is-open&__bTk=237bb59b20987519caab2b6be0c2b847a31e453cb8d49c5b11aa5617e0d92b46&__bTs=1583712000 HTTP/1.1" 403 4689 "https://stream.jeremycherfas.net/?offset=1749" "Mozilla/5.0 (Linux; Android 6.0.1; Nexus 5X Build/MMB29P) AppleWebKit/537.36 (KHTML, like Gecko) Chrome/80.0.3987.92 Mobile Safari/537.36 (compatible; Googlebot/2.1; +http://www.google.com/bot.html)" 
66.249.70.12 - - [06/Apr/2020:05:18:53 -0700] "GET /service/web/unfurl/?url=https%3A%2F%2Fwww.reading.am%2Fp%2F4Niu%2Fhttps%3A%2F%2Fwww.washingtonpost.com%2Fopinions%2Fi-grew-up-in-poverty-in-appalachia-jd-vances-hillbilly-elegy-doesnt-speak-for-me%2F2017%2F08%2F30%2F734abb38-891d-11e7-961d-2f373b3977ee_story.html&__bTk=237bb59b20987519caab2b6be0c2b847a31e453cb8d49c5b11aa5617e0d92b46&__bTs=1583712000 HTTP/1.1" 403 1481 "https://stream.jeremycherfas.net/?offset=1749" "Mozilla/5.0 (Linux; Android 6.0.1; Nexus 5X Build/MMB29P) AppleWebKit/537.36 (KHTML, like Gecko) Chrome/80.0.3987.92 Mobile Safari/537.36 (compatible; Googlebot/2.1; +http://www.google.com/bot.html)" 
66.249.70.12 - - [06/Apr/2020:05:18:53 -0700] "GET /service/web/unfurl/?url=https%3A%2F%2Fwww.reading.am%2Fp%2F4Nix%2Fhttp%3A%2F%2Fwww.nejm.org%2Fdoi%2Ffull%2F10.1056%2FNEJMsa1202099%23t%3Darticle&__bTk=237bb59b20987519caab2b6be0c2b847a31e453cb8d49c5b11aa5617e0d92b46&__bTs=1583712000 HTTP/1.1" 403 1362 "https://stream.jeremycherfas.net/?offset=1749" "Mozilla/5.0 (Linux; Android 6.0.1; Nexus 5X Build/MMB29P) AppleWebKit/537.36 (KHTML, like Gecko) Chrome/80.0.3987.92 Mobile Safari/537.36 (compatible; Googlebot/2.1; +http://www.google.com/bot.html)" 
66.249.70.12 - - [06/Apr/2020:05:18:54 -0700] "GET /service/web/unfurl/?url=https%3A%2F%2Fwww.reading.am%2Fp%2F4Nit%2Fhttp%3A%2F%2Fwww.kabaq.io%2F&__bTk=237bb59b20987519caab2b6be0c2b847a31e453cb8d49c5b11aa5617e0d92b46&__bTs=1583712000 HTTP/1.1" 403 1312 "https://stream.jeremycherfas.net/?offset=1749" "Mozilla/5.0 (Linux; Android 6.0.1; Nexus 5X Build/MMB29P) AppleWebKit/537.36 (KHTML, like Gecko) Chrome/80.0.3987.92 Mobile Safari/537.36 (compatible; Googlebot/2.1; +http://www.google.com/bot.html)" 
66.249.70.12 - - [06/Apr/2020:05:18:54 -0700] "GET /service/web/unfurl/?url=https%3A%2F%2Fwww.reading.am%2Fp%2F4Niw%2Fhttp%3A%2F%2Fwww.kff.org%2Fmedicaid%2Ffact-sheet%2Fmedicaid-pocket-primer%2F&__bTk=237bb59b20987519caab2b6be0c2b847a31e453cb8d49c5b11aa5617e0d92b46&__bTs=1583712000 HTTP/1.1" 403 1360 "https://stream.jeremycherfas.net/?offset=1749" "Mozilla/5.0 (Linux; Android 6.0.1; Nexus 5X Build/MMB29P) AppleWebKit/537.36 (KHTML, like Gecko) Chrome/80.0.3987.92 Mobile Safari/537.36 (compatible; Googlebot/2.1; +http://www.google.com/bot.html)" 
66.249.70.12 - - [06/Apr/2020:05:18:55 -0700] "GET /service/web/unfurl/?url=https%3A%2F%2Fwww.reading.am%2Fp%2F4Niv%2Fhttp%3A%2F%2Fwww.kff.org%2Fmedicaid%2Fissue-brief%2Funderstanding-the-intersection-of-medicaid-and-work%2F&__bTk=237bb59b20987519caab2b6be0c2b847a31e453cb8d49c5b11aa5617e0d92b46&__bTs=1583712000 HTTP/1.1" 403 1390 "https://stream.jeremycherfas.net/?offset=1749" "Mozilla/5.0 (Linux; Android 6.0.1; Nexus 5X Build/MMB29P) AppleWebKit/537.36 (KHTML, like Gecko) Chrome/80.0.3987.92 Mobile Safari/537.36 (compatible; Googlebot/2.1; +http://www.google.com/bot.html)" 
66.249.70.12 - - [06/Apr/2020:05:18:56 -0700] "GET /service/web/unfurl/?url=https%3A%2F%2Fwww.reading.am%2Fp%2F4NiA%2Fhttp%3A%2F%2Fer.educause.edu%2Farticles%2F2017%2F8%2Foer-the-future-of-education-is-open&__bTk=237bb59b20987519caab2b6be0c2b847a31e453cb8d49c5b11aa5617e0d92b46&__bTs=1584089974 HTTP/1.1" 403 1372 "https://stream.jeremycherfas.net/?offset=1749" "Mozilla/5.0 (Linux; Android 6.0.1; Nexus 5X Build/MMB29P) AppleWebKit/537.36 (KHTML, like Gecko) Chrome/80.0.3987.92 Mobile Safari/537.36 (compatible; Googlebot/2.1; +http://www.google.com/bot.html)" 
66.249.70.12 - - [06/Apr/2020:05:18:56 -0700] "GET /service/web/unfurl/?url=https%3A%2F%2Fwww.reading.am%2Fp%2F4Niu%2Fhttps%3A%2F%2Fwww.washingtonpost.com%2Fopinions%2Fi-grew-up-in-poverty-in-appalachia-jd-vances-hillbilly-elegy-doesnt-speak-for-me%2F2017%2F08%2F30%2F734abb38-891d-11e7-961d-2f373b3977ee_story.html&__bTk=237bb59b20987519caab2b6be0c2b847a31e453cb8d49c5b11aa5617e0d92b46&__bTs=1584089974 HTTP/1.1" 403 1481 "https://stream.jeremycherfas.net/?offset=1749" "Mozilla/5.0 (Linux; Android 6.0.1; Nexus 5X Build/MMB29P) AppleWebKit/537.36 (KHTML, like Gecko) Chrome/80.0.3987.92 Mobile Safari/537.36 (compatible; Googlebot/2.1; +http://www.google.com/bot.html)" 
66.249.70.12 - - [06/Apr/2020:05:18:57 -0700] "GET /service/web/unfurl/?url=https%3A%2F%2Fwww.reading.am%2Fp%2F4Nix%2Fhttp%3A%2F%2Fwww.nejm.org%2Fdoi%2Ffull%2F10.1056%2FNEJMsa1202099%23t%3Darticle&__bTk=237bb59b20987519caab2b6be0c2b847a31e453cb8d49c5b11aa5617e0d92b46&__bTs=1584089974 HTTP/1.1" 403 1362 "https://stream.jeremycherfas.net/?offset=1749" "Mozilla/5.0 (Linux; Android 6.0.1; Nexus 5X Build/MMB29P) AppleWebKit/537.36 (KHTML, like Gecko) Chrome/80.0.3987.92 Mobile Safari/537.36 (compatible; Googlebot/2.1; +http://www.google.com/bot.html)" 
66.249.70.12 - - [06/Apr/2020:05:18:57 -0700] "GET /service/web/unfurl/?url=https%3A%2F%2Fwww.reading.am%2Fp%2F4Nit%2Fhttp%3A%2F%2Fwww.kabaq.io%2F&__bTk=237bb59b20987519caab2b6be0c2b847a31e453cb8d49c5b11aa5617e0d92b46&__bTs=1584089974 HTTP/1.1" 403 1312 "https://stream.jeremycherfas.net/?offset=1749" "Mozilla/5.0 (Linux; Android 6.0.1; Nexus 5X Build/MMB29P) AppleWebKit/537.36 (KHTML, like Gecko) Chrome/80.0.3987.92 Mobile Safari/537.36 (compatible; Googlebot/2.1; +http://www.google.com/bot.html)" 
66.249.70.12 - - [06/Apr/2020:05:18:58 -0700] "GET /service/web/unfurl/?url=https%3A%2F%2Fwww.reading.am%2Fp%2F4Niw%2Fhttp%3A%2F%2Fwww.kff.org%2Fmedicaid%2Ffact-sheet%2Fmedicaid-pocket-primer%2F&__bTk=237bb59b20987519caab2b6be0c2b847a31e453cb8d49c5b11aa5617e0d92b46&__bTs=1584089974 HTTP/1.1" 403 1360 "https://stream.jeremycherfas.net/?offset=1749" "Mozilla/5.0 (Linux; Android 6.0.1; Nexus 5X Build/MMB29P) AppleWebKit/537.36 (KHTML, like Gecko) Chrome/80.0.3987.92 Mobile Safari/537.36 (compatible; Googlebot/2.1; +http://www.google.com/bot.html)" 
66.249.70.12 - - [06/Apr/2020:05:18:59 -0700] "GET /service/web/unfurl/?url=https%3A%2F%2Fwww.reading.am%2Fp%2F4Niv%2Fhttp%3A%2F%2Fwww.kff.org%2Fmedicaid%2Fissue-brief%2Funderstanding-the-intersection-of-medicaid-and-work%2F&__bTk=237bb59b20987519caab2b6be0c2b847a31e453cb8d49c5b11aa5617e0d92b46&__bTs=1584089974 HTTP/1.1" 403 1390 "https://stream.jeremycherfas.net/?offset=1749" "Mozilla/5.0 (Linux; Android 6.0.1; Nexus 5X Build/MMB29P) AppleWebKit/537.36 (KHTML, like Gecko) Chrome/80.0.3987.92 Mobile Safari/537.36 (compatible; Googlebot/2.1; +http://www.google.com/bot.html)" 
66.249.70.12 - - [06/Apr/2020:05:19:03 -0700] "GET /service/web/unfurl/?url=https%3A%2F%2Fmedium.com%2F%40webby2001%2Fpodcastings-biggest-mistake-12183fee4e33&__bTk=d58d194e9c6dc63c47fec935930ec99d8405f18fed30f78c0fda5f502aa40aa7&__bTs=1583712000 HTTP/1.1" 403 4641 "https://stream.jeremycherfas.net/content/all?offset=64" "Mozilla/5.0 (Linux; Android 6.0.1; Nexus 5X Build/MMB29P) AppleWebKit/537.36 (KHTML, like Gecko) Chrome/80.0.3987.92 Mobile Safari/537.36 (compatible; Googlebot/2.1; +http://www.google.com/bot.html)" 
66.249.70.16 - - [06/Apr/2020:05:19:03 -0700] "GET /service/web/unfurl/?url=https%3A%2F%2Fmedium.com%2F%40webby2001%2Fpodcastings-biggest-mistake-12183fee4e33&__bTk=d58d194e9c6dc63c47fec935930ec99d8405f18fed30f78c0fda5f502aa40aa7&__bTs=1586173549 HTTP/1.1" 403 4641 "https://stream.jeremycherfas.net/content/all?offset=64" "Mozilla/5.0 (Linux; Android 6.0.1; Nexus 5X Build/MMB29P) AppleWebKit/537.36 (KHTML, like Gecko) Chrome/80.0.3987.92 Mobile Safari/537.36 (compatible; Googlebot/2.1; +http://www.google.com/bot.html)" 
54.213.178.70 - - [06/Apr/2020:05:19:25 -0700] "GET /content/statusupdates/?q=%23+%23indieweb HTTP/1.1" 200 12240 "-" "Mozilla/5.0 (Macintosh; PPC Mac OS X 10.8; rv:49.0) Gecko/20100101 Firefox/49.0" 
46.229.168.144 - - [06/Apr/2020:05:19:44 -0700] "GET /robots.txt HTTP/1.1" 200 4576 "-" "Mozilla/5.0 (compatible; SemrushBot/6~bl; +http://www.semrush.com/bot.html)" 
46.229.168.146 - - [06/Apr/2020:05:19:45 -0700] "GET /content/all/?q=%23%2B%23Hearsay19 HTTP/1.1" 200 8528 "-" "Mozilla/5.0 (compatible; SemrushBot/6~bl; +http://www.semrush.com/bot.html)" 
46.229.168.153 - - [06/Apr/2020:05:19:47 -0700] "GET /tag/podcasting HTTP/1.1" 200 13493 "-" "Mozilla/5.0 (compatible; SemrushBot/6~bl; +http://www.semrush.com/bot.html)" 
66.249.70.12 - - [06/Apr/2020:05:19:47 -0700] "GET /2017/site-updates-tags-and-media-fragments HTTP/1.1" 200 9528 "-" "Mozilla/5.0 (Linux; Android 6.0.1; Nexus 5X Build/MMB29P) AppleWebKit/537.36 (KHTML, like Gecko) Chrome/41.0.2272.96 Mobile Safari/537.36 (compatible; Googlebot/2.1; +http://www.google.com/bot.html)" 
17.58.96.249 - - [06/Apr/2020:05:19:53 -0700] "GET /tag/indieweb HTTP/1.1" 200 11816 "-" "Mozilla/5.0 (Macintosh; Intel Mac OS X 10_10_1) AppleWebKit/600.2.5 (KHTML, like Gecko) Version/8.0.2 Safari/600.2.5 (Applebot/0.1; +http://www.apple.com/go/applebot)" 
34.211.158.22 - - [06/Apr/2020:05:19:58 -0700] "GET /content/events/?q=%23+%23indieweb HTTP/1.1" 200 8769 "-" "Mozilla/5.0 (Windows NT 6.1; WOW64; rv:49.0) Gecko/20100101 Firefox/49.0" 
34.222.153.164 - - [06/Apr/2020:05:19:59 -0700] "GET /2019/seems-to-me-that-your-home-page HTTP/1.1" 200 11144 "-" "Mozilla/5.0 (Macintosh; PPC Mac OS X 10.9; rv:54.0) Gecko/20100101 Firefox/54.0" 
66.249.70.16 - - [06/Apr/2020:05:20:05 -0700] "GET /tag/Indieweb?offset=90&_t=rss HTTP/1.1" 200 11273 "-" "Mozilla/5.0 (Linux; Android 6.0.1; Nexus 5X Build/MMB29P) AppleWebKit/537.36 (KHTML, like Gecko) Chrome/41.0.2272.96 Mobile Safari/537.36 (compatible; Googlebot/2.1; +http://www.google.com/bot.html)" 
66.249.70.12 - - [06/Apr/2020:05:20:16 -0700] "GET /content/all?offset=74&_t=rss HTTP/1.1" 200 7569 "-" "Mozilla/5.0 (Linux; Android 6.0.1; Nexus 5X Build/MMB29P) AppleWebKit/537.36 (KHTML, like Gecko) Chrome/41.0.2272.96 Mobile Safari/537.36 (compatible; Googlebot/2.1; +http://www.google.com/bot.html)" 
66.249.70.12 - - [06/Apr/2020:05:20:23 -0700] "GET /content/posts/?q=%23+%23e&_t=rss HTTP/1.1" 200 5079 "-" "Mozilla/5.0 (Linux; Android 6.0.1; Nexus 5X Build/MMB29P) AppleWebKit/537.36 (KHTML, like Gecko) Chrome/41.0.2272.96 Mobile Safari/537.36 (compatible; Googlebot/2.1; +http://www.google.com/bot.html)" 
66.249.70.12 - - [06/Apr/2020:05:20:31 -0700] "GET /content/all?_t=amp&offset=165 HTTP/1.1" 200 11866 "-" "Mozilla/5.0 (Linux; Android 6.0.1; Nexus 5X Build/MMB29P) AppleWebKit/537.36 (KHTML, like Gecko) Chrome/41.0.2272.96 Mobile Safari/537.36 (compatible; Googlebot/2.1; +http://www.google.com/bot.html)" 
66.249.70.12 - - [06/Apr/2020:05:20:37 -0700] "GET /service/web/unfurl/?url=https%3A%2F%2Fwww.eurekalert.org%2Fpub_releases%2F2019-11%2Fsrc-pcm112219.php&__bTk=237bb59b20987519caab2b6be0c2b847a31e453cb8d49c5b11aa5617e0d92b46&__bTs=1583712000 HTTP/1.1" 403 4636 "https://stream.jeremycherfas.net/content/all?_t=amp&offset=165" "Mozilla/5.0 (Linux; Android 6.0.1; Nexus 5X Build/MMB29P) AppleWebKit/537.36 (KHTML, like Gecko) Chrome/80.0.3987.92 Mobile Safari/537.36 (compatible; Googlebot/2.1; +http://www.google.com/bot.html)" 
66.249.70.12 - - [06/Apr/2020:05:20:37 -0700] "GET /service/web/unfurl/?url=https%3A%2F%2Fwww.eatthispodcast.com%2Fin-praise-of-meat-milk-and-eggs%2F&__bTk=237bb59b20987519caab2b6be0c2b847a31e453cb8d49c5b11aa5617e0d92b46&__bTs=1583712000 HTTP/1.1" 403 1315 "https://stream.jeremycherfas.net/content/all?_t=amp&offset=165" "Mozilla/5.0 (Linux; Android 6.0.1; Nexus 5X Build/MMB29P) AppleWebKit/537.36 (KHTML, like Gecko) Chrome/80.0.3987.92 Mobile Safari/537.36 (compatible; Googlebot/2.1; +http://www.google.com/bot.html)" 
66.249.70.12 - - [06/Apr/2020:05:20:38 -0700] "GET /service/web/unfurl/?url=https%3A%2F%2Fwww.eurekalert.org%2Fpub_releases%2F2019-11%2Fsrc-pcm112219.php&__bTk=237bb59b20987519caab2b6be0c2b847a31e453cb8d49c5b11aa5617e0d92b46&__bTs=1584089974 HTTP/1.1" 403 4636 "https://stream.jeremycherfas.net/content/all?_t=amp&offset=165" "Mozilla/5.0 (Linux; Android 6.0.1; Nexus 5X Build/MMB29P) AppleWebKit/537.36 (KHTML, like Gecko) Chrome/80.0.3987.92 Mobile Safari/537.36 (compatible; Googlebot/2.1; +http://www.google.com/bot.html)" 
66.249.70.12 - - [06/Apr/2020:05:20:39 -0700] "GET /service/web/unfurl/?url=https%3A%2F%2Fwww.eatthispodcast.com%2Fin-praise-of-meat-milk-and-eggs%2F&__bTk=237bb59b20987519caab2b6be0c2b847a31e453cb8d49c5b11aa5617e0d92b46&__bTs=1584089974 HTTP/1.1" 403 1315 "https://stream.jeremycherfas.net/content/all?_t=amp&offset=165" "Mozilla/5.0 (Linux; Android 6.0.1; Nexus 5X Build/MMB29P) AppleWebKit/537.36 (KHTML, like Gecko) Chrome/80.0.3987.92 Mobile Safari/537.36 (compatible; Googlebot/2.1; +http://www.google.com/bot.html)" 
66.249.70.12 - - [06/Apr/2020:05:20:40 -0700] "GET /service/web/unfurl/?url=https%3A%2F%2Fwww.outpan.com%2Fapp%2F3ef086df04%2Fmusical-chord-progression-arpeggiator&__bTk=237bb59b20987519caab2b6be0c2b847a31e453cb8d49c5b11aa5617e0d92b46&__bTs=1584089974 HTTP/1.1" 403 1329 "https://stream.jeremycherfas.net/content/all?_t=amp&offset=165" "Mozilla/5.0 (Linux; Android 6.0.1; Nexus 5X Build/MMB29P) AppleWebKit/537.36 (KHTML, like Gecko) Chrome/80.0.3987.92 Mobile Safari/537.36 (compatible; Googlebot/2.1; +http://www.google.com/bot.html)" 
66.249.70.16 - - [06/Apr/2020:05:21:00 -0700] "GET /view/c9e48db348eb537400751c7a0c7a7f0e?_t=rss HTTP/1.1" 200 5410 "-" "Mozilla/5.0 (Linux; Android 6.0.1; Nexus 5X Build/MMB29P) AppleWebKit/537.36 (KHTML, like Gecko) Chrome/41.0.2272.96 Mobile Safari/537.36 (compatible; Googlebot/2.1; +http://www.google.com/bot.html)" 
66.249.70.14 - - [06/Apr/2020:05:21:03 -0700] "GET /?offset=1444&_t=rss HTTP/1.1" 200 9016 "-" "Mozilla/5.0 (Linux; Android 6.0.1; Nexus 5X Build/MMB29P) AppleWebKit/537.36 (KHTML, like Gecko) Chrome/41.0.2272.96 Mobile Safari/537.36 (compatible; Googlebot/2.1; +http://www.google.com/bot.html)" 
46.229.168.149 - - [06/Apr/2020:05:21:05 -0700] "GET /?q=%23%2B%23174 HTTP/1.1" 200 9462 "-" "Mozilla/5.0 (compatible; SemrushBot/6~bl; +http://www.semrush.com/bot.html)" 
66.249.70.14 - - [06/Apr/2020:05:21:07 -0700] "GET /?offset=1474&_t=rss HTTP/1.1" 200 7837 "-" "Mozilla/5.0 (Linux; Android 6.0.1; Nexus 5X Build/MMB29P) AppleWebKit/537.36 (KHTML, like Gecko) Chrome/41.0.2272.96 Mobile Safari/537.36 (compatible; Googlebot/2.1; +http://www.google.com/bot.html)" 
46.223.250.237 - - [06/Apr/2020:05:21:07 -0700] "GET /file/a27c14ed53e63d4ba6f2179f5cf3275b/79B0D51C-5E48-4E09-B371-384D89504D5E.jpeg HTTP/1.1" 200 67922 "https://micro.blog/discover" "Mozilla/5.0 (Linux; Android 10; LYA-L29) AppleWebKit/537.36 (KHTML, like Gecko) Chrome/80.0.3987.162 Mobile Safari/537.36" 
46.223.250.237 - - [06/Apr/2020:05:21:17 -0700] "GET /file/a27c14ed53e63d4ba6f2179f5cf3275b/79B0D51C-5E48-4E09-B371-384D89504D5E.jpeg HTTP/1.1" 200 67818 "https://micro.blog/discover" "Mozilla/5.0 (X11; Linux x86_64) AppleWebKit/537.36 (KHTML, like Gecko) Chrome/80.0.3987.162 Safari/537.36" 
46.229.168.132 - - [06/Apr/2020:05:21:18 -0700] "GET /2019/ive-been-doing-this-too-since-you HTTP/1.1" 200 9611 "-" "Mozilla/5.0 (compatible; SemrushBot/6~bl; +http://www.semrush.com/bot.html)" 
46.229.168.141 - - [06/Apr/2020:05:21:40 -0700] "GET /?offset=150 HTTP/1.1" 200 11776 "-" "Mozilla/5.0 (compatible; SemrushBot/6~bl; +http://www.semrush.com/bot.html)" 
66.249.70.16 - - [06/Apr/2020:05:21:43 -0700] "GET /content/all/?offset=433&_t=rss HTTP/1.1" 200 7868 "-" "Mozilla/5.0 (Linux; Android 6.0.1; Nexus 5X Build/MMB29P) AppleWebKit/537.36 (KHTML, like Gecko) Chrome/41.0.2272.96 Mobile Safari/537.36 (compatible; Googlebot/2.1; +http://www.google.com/bot.html)" 
66.249.70.20 - - [06/Apr/2020:05:22:08 -0700] "GET /content/all/?offset=413 HTTP/1.1" 200 11443 "-" "Mozilla/5.0 (Linux; Android 6.0.1; Nexus 5X Build/MMB29P) AppleWebKit/537.36 (KHTML, like Gecko) Chrome/41.0.2272.96 Mobile Safari/537.36 (compatible; Googlebot/2.1; +http://www.google.com/bot.html)" 
114.119.165.105 - - [06/Apr/2020:05:22:19 -0700] "GET /2019/eat-this-newsletter-115-is-up-full HTTP/1.1" 200 10226 "-" "Mozilla/5.0 (Linux; Android 7.0;) AppleWebKit/537.36 (KHTML, like Gecko) Mobile Safari/537.36 (compatible; AspiegelBot)" 
66.249.70.18 - - [06/Apr/2020:05:22:50 -0700] "GET /content/all/?offset=964&_t=rss HTTP/1.1" 200 6807 "-" "Mozilla/5.0 (Linux; Android 6.0.1; Nexus 5X Build/MMB29P) AppleWebKit/537.36 (KHTML, like Gecko) Chrome/41.0.2272.96 Mobile Safari/537.36 (compatible; Googlebot/2.1; +http://www.google.com/bot.html)" 
34.213.55.238 - - [06/Apr/2020:05:22:57 -0700] "GET /2019/the-very-few-occasions-on-which-someones HTTP/1.1" 200 10466 "-" "Mozilla/5.0 (Windows NT 6.1; WOW64; rv:52.0) Gecko/20100101 Firefox/52.0" 
66.249.70.12 - - [06/Apr/2020:05:23:04 -0700] "GET /2017/i-wasnt-aware-of-the-limited-offensive-unit-before-but?_t=rss HTTP/1.1" 200 5380 "-" "Mozilla/5.0 (Linux; Android 6.0.1; Nexus 5X Build/MMB29P) AppleWebKit/537.36 (KHTML, like Gecko) Chrome/41.0.2272.96 Mobile Safari/537.36 (compatible; Googlebot/2.1; +http://www.google.com/bot.html)" 
34.216.140.132 - - [06/Apr/2020:05:23:15 -0700] "GET /tag/IndieWeb_challenge HTTP/1.1" 200 9310 "-" "Mozilla/5.0 (Windows NT 6.1; WOW64; rv:51.0) Gecko/20100101 Firefox/51.0" 
66.249.70.12 - - [06/Apr/2020:05:23:47 -0700] "GET /2017/aral-balkanencouraging-individual-sovereignty-and-a-healthy-commons?_t=rss HTTP/1.1" 200 5483 "-" "Mozilla/5.0 (Linux; Android 6.0.1; Nexus 5X Build/MMB29P) AppleWebKit/537.36 (KHTML, like Gecko) Chrome/41.0.2272.96 Mobile Safari/537.36 (compatible; Googlebot/2.1; +http://www.google.com/bot.html)" 
18.236.91.47 - - [06/Apr/2020:05:23:50 -0700] "GET /tag/+%23indieweb?offset=10 HTTP/1.1" 200 12332 "-" "Mozilla/5.0 (Macintosh; PPC Mac OS X 10.10; rv:51.0) Gecko/20100101 Firefox/51.0" 
66.249.70.14 - - [06/Apr/2020:05:23:51 -0700] "GET /2018/the-only-way-is-ethics?_t=rss HTTP/1.1" 200 5445 "-" "Mozilla/5.0 (Linux; Android 6.0.1; Nexus 5X Build/MMB29P) AppleWebKit/537.36 (KHTML, like Gecko) Chrome/41.0.2272.96 Mobile Safari/537.36 (compatible; Googlebot/2.1; +http://www.google.com/bot.html)" 
54.189.188.136 - - [06/Apr/2020:05:23:55 -0700] "GET /tag/ HTTP/1.1" 404 8054 "-" "Mozilla/5.0 (X11; Linux x86_64; rv:55.0) Gecko/20100101 Firefox/55.0" 
34.209.250.133 - - [06/Apr/2020:05:24:12 -0700] "GET /content/rsvp/?q=%23+%23indieweb HTTP/1.1" 200 9450 "-" "Mozilla/5.0 (Windows NT 6.1; WOW64; rv:46.0) Gecko/20100101 Firefox/46.0" 
34.222.36.118 - - [06/Apr/2020:05:24:19 -0700] "GET /content/audio/?q=%23+%23indieweb HTTP/1.1" 200 8766 "-" "Mozilla/5.0 (Macintosh; PPC Mac OS X 10.8; rv:50.0) Gecko/20100101 Firefox/50.0" 
66.249.70.12 - - [06/Apr/2020:05:24:26 -0700] "GET /view/5ae629196213920601259cae5b315d03?_t=rss HTTP/1.1" 200 5677 "-" "Mozilla/5.0 (Linux; Android 6.0.1; Nexus 5X Build/MMB29P) AppleWebKit/537.36 (KHTML, like Gecko) Chrome/41.0.2272.96 Mobile Safari/537.36 (compatible; Googlebot/2.1; +http://www.google.com/bot.html)" 
52.36.8.83 - - [06/Apr/2020:05:24:29 -0700] "GET /2019/im-a-late-adopter-on-indieweb-readers HTTP/1.1" 200 9915 "-" "Mozilla/5.0 (Windows NT 6.1; WOW64; rv:50.0) Gecko/20100101 Firefox/50.0" 
66.249.70.12 - - [06/Apr/2020:05:24:37 -0700] "GET /content/all?offset=54 HTTP/1.1" 200 11050 "-" "Mozilla/5.0 (Linux; Android 6.0.1; Nexus 5X Build/MMB29P) AppleWebKit/537.36 (KHTML, like Gecko) Chrome/41.0.2272.96 Mobile Safari/537.36 (compatible; Googlebot/2.1; +http://www.google.com/bot.html)" 
34.221.168.95 - - [06/Apr/2020:05:24:40 -0700] "GET /2020/mgraybosch-fine-sentiments-and-for-a-one-page HTTP/1.1" 200 10030 "-" "Mozilla/5.0 (Macintosh; PPC Mac OS X 10.11; rv:54.0) Gecko/20100101 Firefox/54.0" 
46.229.168.146 - - [06/Apr/2020:05:24:51 -0700] "GET /?offset=56&q=%23%2B%23bread HTTP/1.1" 200 11674 "-" "Mozilla/5.0 (compatible; SemrushBot/6~bl; +http://www.semrush.com/bot.html)" 
54.200.167.141 - - [06/Apr/2020:05:24:53 -0700] "GET /2019/noffle-i-know-absolutely-nothing-about-server HTTP/1.1" 200 10779 "-" "Mozilla/5.0 (Windows NT 6.1; WOW64; rv:48.0) Gecko/20100101 Firefox/48.0" 
34.218.225.86 - - [06/Apr/2020:05:24:59 -0700] "GET /content/bookmarkedpages/?q=%23+%23indieweb HTTP/1.1" 200 11360 "-" "Mozilla/5.0 (X11; Linux i686 on x86_64; rv:54.0) Gecko/20100101 Firefox/54.0" 
34.217.148.182 - - [06/Apr/2020:05:25:07 -0700] "GET /tag/IndieWeb HTTP/1.1" 200 12312 "-" "Mozilla/5.0 (X11; Linux i686 on x86_64; rv:54.0) Gecko/20100101 Firefox/54.0" 
66.249.70.12 - - [06/Apr/2020:05:25:13 -0700] "GET /2017/for-the-sake-of-completeness-and-as-a-necessary-stage?_t=rss HTTP/1.1" 200 5529 "-" "Mozilla/5.0 (Linux; Android 6.0.1; Nexus 5X Build/MMB29P) AppleWebKit/537.36 (KHTML, like Gecko) Chrome/41.0.2272.96 Mobile Safari/537.36 (compatible; Googlebot/2.1; +http://www.google.com/bot.html)" 
52.32.51.94 - - [06/Apr/2020:05:25:17 -0700] "GET /2019/it-worked-well-done-are-you-also HTTP/1.1" 200 10255 "-" "Mozilla/5.0 (Windows NT 6.1; WOW64; rv:50.0) Gecko/20100101 Firefox/50.0" 
46.229.168.138 - - [06/Apr/2020:05:25:21 -0700] "GET /2018/quick-reminder-that-a-3-hour-virtual-homebrew/annotations/580d698b1dfa14943eb1acb909838266 HTTP/1.1" 200 8632 "-" "Mozilla/5.0 (compatible; SemrushBot/6~bl; +http://www.semrush.com/bot.html)" 
66.249.70.16 - - [06/Apr/2020:05:25:22 -0700] "GET /content/all/?offset=423&_t=rss HTTP/1.1" 200 7150 "-" "Mozilla/5.0 (Linux; Android 6.0.1; Nexus 5X Build/MMB29P) AppleWebKit/537.36 (KHTML, like Gecko) Chrome/41.0.2272.96 Mobile Safari/537.36 (compatible; Googlebot/2.1; +http://www.google.com/bot.html)" 
18.236.91.47 - - [06/Apr/2020:05:25:30 -0700] "GET /content/posts/?q=%23+%23indieweb HTTP/1.1" 200 12406 "-" "Mozilla/5.0 (Macintosh; PPC Mac OS X 10.11; rv:49.0) Gecko/20100101 Firefox/49.0" 
66.249.70.12 - - [06/Apr/2020:05:25:40 -0700] "GET /?offset=1424 HTTP/1.1" 200 12707 "-" "Mozilla/5.0 (Linux; Android 6.0.1; Nexus 5X Build/MMB29P) AppleWebKit/537.36 (KHTML, like Gecko) Chrome/41.0.2272.96 Mobile Safari/537.36 (compatible; Googlebot/2.1; +http://www.google.com/bot.html)" 
66.249.70.12 - - [06/Apr/2020:05:25:44 -0700] "GET /?offset=1494 HTTP/1.1" 200 12087 "-" "Mozilla/5.0 (Linux; Android 6.0.1; Nexus 5X Build/MMB29P) AppleWebKit/537.36 (KHTML, like Gecko) Chrome/41.0.2272.96 Mobile Safari/537.36 (compatible; Googlebot/2.1; +http://www.google.com/bot.html)" 
54.185.216.133 - - [06/Apr/2020:05:25:45 -0700] "GET /content/photos/?q=%23+%23indieweb HTTP/1.1" 200 9560 "-" "Mozilla/5.0 (Macintosh; PPC Mac OS X 10.11; rv:46.0) Gecko/20100101 Firefox/46.0" 
34.222.36.118 - - [06/Apr/2020:05:25:45 -0700] "GET /?q=%23+%23indieweb HTTP/1.1" 200 8946 "-" "Mozilla/5.0 (Macintosh; PPC Mac OS X 10.11; rv:49.0) Gecko/20100101 Firefox/49.0" 
66.249.70.12 - - [06/Apr/2020:05:25:48 -0700] "GET /service/web/unfurl/?url=https%3A%2F%2Fwww.tbray.org%2Fongoing%2FWhen%2F201x%2F2017%2F09%2F03%2FMurder-chez-Hitler&__bTk=237bb59b20987519caab2b6be0c2b847a31e453cb8d49c5b11aa5617e0d92b46&__bTs=1583712000 HTTP/1.1" 403 4648 "https://stream.jeremycherfas.net/?offset=1494" "Mozilla/5.0 (Linux; Android 6.0.1; Nexus 5X Build/MMB29P) AppleWebKit/537.36 (KHTML, like Gecko) Chrome/80.0.3987.92 Mobile Safari/537.36 (compatible; Googlebot/2.1; +http://www.google.com/bot.html)" 
66.249.70.12 - - [06/Apr/2020:05:25:48 -0700] "GET /service/web/unfurl/?url=https%3A%2F%2Fwww.tbray.org%2Fongoing%2FWhen%2F201x%2F2017%2F09%2F03%2FMurder-chez-Hitler&__bTk=237bb59b20987519caab2b6be0c2b847a31e453cb8d49c5b11aa5617e0d92b46&__bTs=1583712000 HTTP/1.1" 403 1331 "https://stream.jeremycherfas.net/?offset=1494" "Mozilla/5.0 (Linux; Android 6.0.1; Nexus 5X Build/MMB29P) AppleWebKit/537.36 (KHTML, like Gecko) Chrome/80.0.3987.92 Mobile Safari/537.36 (compatible; Googlebot/2.1; +http://www.google.com/bot.html)" 
66.249.70.12 - - [06/Apr/2020:05:25:49 -0700] "GET /service/web/unfurl/?url=https%3A%2F%2Fwww.tbray.org%2Fongoing%2FWhen%2F201x%2F2017%2F09%2F03%2FMurder-chez-Hitler&__bTk=237bb59b20987519caab2b6be0c2b847a31e453cb8d49c5b11aa5617e0d92b46&__bTs=1584089974 HTTP/1.1" 403 1331 "https://stream.jeremycherfas.net/?offset=1494" "Mozilla/5.0 (Linux; Android 6.0.1; Nexus 5X Build/MMB29P) AppleWebKit/537.36 (KHTML, like Gecko) Chrome/80.0.3987.92 Mobile Safari/537.36 (compatible; Googlebot/2.1; +http://www.google.com/bot.html)" 
66.249.70.12 - - [06/Apr/2020:05:25:50 -0700] "GET /service/web/unfurl/?url=https%3A%2F%2Fwww.tbray.org%2Fongoing%2FWhen%2F201x%2F2017%2F09%2F03%2FMurder-chez-Hitler&__bTk=237bb59b20987519caab2b6be0c2b847a31e453cb8d49c5b11aa5617e0d92b46&__bTs=1584089974 HTTP/1.1" 403 1331 "https://stream.jeremycherfas.net/?offset=1494" "Mozilla/5.0 (Linux; Android 6.0.1; Nexus 5X Build/MMB29P) AppleWebKit/537.36 (KHTML, like Gecko) Chrome/80.0.3987.92 Mobile Safari/537.36 (compatible; Googlebot/2.1; +http://www.google.com/bot.html)" 
66.249.70.12 - - [06/Apr/2020:05:25:51 -0700] "GET /service/web/unfurl/?url=https%3A%2F%2Fwww.theatlantic.com%2Fmagazine%2Farchive%2F2018%2F03%2Fstealing-from-self-checkout%2F550940&__bTk=d58d194e9c6dc63c47fec935930ec99d8405f18fed30f78c0fda5f502aa40aa7&__bTs=1583712000 HTTP/1.1" 403 4664 "https://stream.jeremycherfas.net/?offset=1424" "Mozilla/5.0 (Linux; Android 6.0.1; Nexus 5X Build/MMB29P) AppleWebKit/537.36 (KHTML, like Gecko) Chrome/80.0.3987.92 Mobile Safari/537.36 (compatible; Googlebot/2.1; +http://www.google.com/bot.html)" 
66.249.70.12 - - [06/Apr/2020:05:25:52 -0700] "GET /service/web/unfurl/?url=https%3A%2F%2Fmailchi.mp%2Fhotpodmedia%2Fweeee52342-398289%3Fe%3D07840946c7&__bTk=d58d194e9c6dc63c47fec935930ec99d8405f18fed30f78c0fda5f502aa40aa7&__bTs=1583712000 HTTP/1.1" 403 1317 "https://stream.jeremycherfas.net/?offset=1424" "Mozilla/5.0 (Linux; Android 6.0.1; Nexus 5X Build/MMB29P) AppleWebKit/537.36 (KHTML, like Gecko) Chrome/80.0.3987.92 Mobile Safari/537.36 (compatible; Googlebot/2.1; +http://www.google.com/bot.html)" 
66.249.70.12 - - [06/Apr/2020:05:25:53 -0700] "GET /service/web/unfurl/?url=http%3A%2F%2Flanguagelog.ldc.upenn.edu%2Fnll%2F%3Fp%3D37022&__bTk=d58d194e9c6dc63c47fec935930ec99d8405f18fed30f78c0fda5f502aa40aa7&__bTs=1583712000 HTTP/1.1" 403 1301 "https://stream.jeremycherfas.net/?offset=1424" "Mozilla/5.0 (Linux; Android 6.0.1; Nexus 5X Build/MMB29P) AppleWebKit/537.36 (KHTML, like Gecko) Chrome/80.0.3987.92 Mobile Safari/537.36 (compatible; Googlebot/2.1; +http://www.google.com/bot.html)" 
66.249.70.12 - - [06/Apr/2020:05:25:53 -0700] "GET /service/web/unfurl/?url=https%3A%2F%2Fwww.theatlantic.com%2Fmagazine%2Farchive%2F2018%2F03%2Fstealing-from-self-checkout%2F550940&__bTk=d58d194e9c6dc63c47fec935930ec99d8405f18fed30f78c0fda5f502aa40aa7&__bTs=1586173549 HTTP/1.1" 403 1347 "https://stream.jeremycherfas.net/?offset=1424" "Mozilla/5.0 (Linux; Android 6.0.1; Nexus 5X Build/MMB29P) AppleWebKit/537.36 (KHTML, like Gecko) Chrome/80.0.3987.92 Mobile Safari/537.36 (compatible; Googlebot/2.1; +http://www.google.com/bot.html)" 
66.249.70.12 - - [06/Apr/2020:05:25:54 -0700] "GET /service/web/unfurl/?url=https%3A%2F%2Fmailchi.mp%2Fhotpodmedia%2Fweeee52342-398289%3Fe%3D07840946c7&__bTk=d58d194e9c6dc63c47fec935930ec99d8405f18fed30f78c0fda5f502aa40aa7&__bTs=1586173549 HTTP/1.1" 403 1317 "https://stream.jeremycherfas.net/?offset=1424" "Mozilla/5.0 (Linux; Android 6.0.1; Nexus 5X Build/MMB29P) AppleWebKit/537.36 (KHTML, like Gecko) Chrome/80.0.3987.92 Mobile Safari/537.36 (compatible; Googlebot/2.1; +http://www.google.com/bot.html)" 
66.249.70.12 - - [06/Apr/2020:05:25:54 -0700] "GET /service/web/unfurl/?url=http%3A%2F%2Flanguagelog.ldc.upenn.edu%2Fnll%2F%3Fp%3D37022&__bTk=d58d194e9c6dc63c47fec935930ec99d8405f18fed30f78c0fda5f502aa40aa7&__bTs=1586173549 HTTP/1.1" 403 1301 "https://stream.jeremycherfas.net/?offset=1424" "Mozilla/5.0 (Linux; Android 6.0.1; Nexus 5X Build/MMB29P) AppleWebKit/537.36 (KHTML, like Gecko) Chrome/80.0.3987.92 Mobile Safari/537.36 (compatible; Googlebot/2.1; +http://www.google.com/bot.html)" 
66.249.70.20 - - [06/Apr/2020:05:26:02 -0700] "GET /content/all/?offset=974&_t=rss HTTP/1.1" 200 7268 "-" "Mozilla/5.0 (Linux; Android 6.0.1; Nexus 5X Build/MMB29P) AppleWebKit/537.36 (KHTML, like Gecko) Chrome/41.0.2272.96 Mobile Safari/537.36 (compatible; Googlebot/2.1; +http://www.google.com/bot.html)" 
66.249.70.14 - - [06/Apr/2020:05:26:16 -0700] "GET /content/all?offset=64&_t=rss HTTP/1.1" 200 7840 "-" "Mozilla/5.0 (Linux; Android 6.0.1; Nexus 5X Build/MMB29P) AppleWebKit/537.36 (KHTML, like Gecko) Chrome/41.0.2272.96 Mobile Safari/537.36 (compatible; Googlebot/2.1; +http://www.google.com/bot.html)" 
66.249.70.14 - - [06/Apr/2020:05:26:23 -0700] "GET /service/web/unfurl/?url=https%3A%2F%2Fpetermolnar.net%2Ffu-xr%2F&__bTk=d58d194e9c6dc63c47fec935930ec99d8405f18fed30f78c0fda5f502aa40aa7&__bTs=1583712000 HTTP/1.1" 403 4599 "https://stream.jeremycherfas.net/content/all?offset=54" "Mozilla/5.0 (Linux; Android 6.0.1; Nexus 5X Build/MMB29P) AppleWebKit/537.36 (KHTML, like Gecko) Chrome/80.0.3987.92 Mobile Safari/537.36 (compatible; Googlebot/2.1; +http://www.google.com/bot.html)" 
66.249.70.12 - - [06/Apr/2020:05:26:24 -0700] "GET /service/web/unfurl/?url=https%3A%2F%2Fpetermolnar.net%2Ffu-xr%2F&__bTk=d58d194e9c6dc63c47fec935930ec99d8405f18fed30f78c0fda5f502aa40aa7&__bTs=1586173549 HTTP/1.1" 403 4599 "https://stream.jeremycherfas.net/content/all?offset=54" "Mozilla/5.0 (Linux; Android 6.0.1; Nexus 5X Build/MMB29P) AppleWebKit/537.36 (KHTML, like Gecko) Chrome/80.0.3987.92 Mobile Safari/537.36 (compatible; Googlebot/2.1; +http://www.google.com/bot.html)" 
66.249.70.12 - - [06/Apr/2020:05:26:39 -0700] "GET /view/b7e474547d60bd17e3e0dce3ad8b8c31 HTTP/1.1" 200 9763 "-" "Mozilla/5.0 (Linux; Android 6.0.1; Nexus 5X Build/MMB29P) AppleWebKit/537.36 (KHTML, like Gecko) Chrome/41.0.2272.96 Mobile Safari/537.36 (compatible; Googlebot/2.1; +http://www.google.com/bot.html)" 
217.255.198.128 - - [06/Apr/2020:05:26:57 -0700] "GET /file/a27c14ed53e63d4ba6f2179f5cf3275b/79B0D51C-5E48-4E09-B371-384D89504D5E.jpeg HTTP/1.1" 200 67922 "-" "Dalvik/2.1.0 (Linux; U; Android 10; Pixel 3 Build/QQ2A.200305.002)" 
45.83.32.182 - - [06/Apr/2020:05:26:58 -0700] "GET /file/ef801e05730eba56004c5b712ad84731/thumb.jpg HTTP/1.1" 200 26069 "https://boffosocko.com/2020/03/06/indieweb-idea-for-the-extension-of-threadreaderapp/" "Mozilla/5.0 (Windows NT 10.0; Win64; x64) AppleWebKit/537.36 (KHTML, like Gecko) Chrome/80.0.3987.149 Safari/537.36" 
66.249.70.12 - - [06/Apr/2020:05:27:10 -0700] "GET /?offset=1239&_t=amp HTTP/1.1" 200 10673 "-" "Mozilla/5.0 (Linux; Android 6.0.1; Nexus 5X Build/MMB29P) AppleWebKit/537.36 (KHTML, like Gecko) Chrome/41.0.2272.96 Mobile Safari/537.36 (compatible; Googlebot/2.1; +http://www.google.com/bot.html)" 
66.249.70.12 - - [06/Apr/2020:05:27:13 -0700] "GET /2017/earlier-this-morning--1?_t=rss HTTP/1.1" 200 5497 "-" "Mozilla/5.0 (Linux; Android 6.0.1; Nexus 5X Build/MMB29P) AppleWebKit/537.36 (KHTML, like Gecko) Chrome/41.0.2272.96 Mobile Safari/537.36 (compatible; Googlebot/2.1; +http://www.google.com/bot.html)" 
66.249.70.12 - - [06/Apr/2020:05:27:14 -0700] "GET /service/web/unfurl/?url=https%3A%2F%2Fpushpullfork.com%2Ftruth-in-an-age-of-truthiness-when-bot-fueled-psyops-meet-internet-spam%2F&__bTk=237bb59b20987519caab2b6be0c2b847a31e453cb8d49c5b11aa5617e0d92b46&__bTs=1583712000 HTTP/1.1" 403 4666 "https://stream.jeremycherfas.net/?offset=1239&_t=amp" "Mozilla/5.0 (Linux; Android 6.0.1; Nexus 5X Build/MMB29P) AppleWebKit/537.36 (KHTML, like Gecko) Chrome/80.0.3987.92 Mobile Safari/537.36 (compatible; Googlebot/2.1; +http://www.google.com/bot.html)" 
66.249.70.12 - - [06/Apr/2020:05:27:15 -0700] "GET /service/web/unfurl/?url=https%3A%2F%2Fblogs.harvard.edu%2Fdoc%2F2018%2F05%2F12%2Fgdpr%2F&__bTk=237bb59b20987519caab2b6be0c2b847a31e453cb8d49c5b11aa5617e0d92b46&__bTs=1583712000 HTTP/1.1" 403 1306 "https://stream.jeremycherfas.net/?offset=1239&_t=amp" "Mozilla/5.0 (Linux; Android 6.0.1; Nexus 5X Build/MMB29P) AppleWebKit/537.36 (KHTML, like Gecko) Chrome/80.0.3987.92 Mobile Safari/537.36 (compatible; Googlebot/2.1; +http://www.google.com/bot.html)" 
66.249.70.12 - - [06/Apr/2020:05:27:15 -0700] "GET /service/web/unfurl/?url=https%3A%2F%2Fwww.theopennotebook.com%2F2018%2F05%2F15%2Fjacqui-banaszynskis-literary-forensics-a-diagnostic-tool-to-improve-writing%2F&__bTk=237bb59b20987519caab2b6be0c2b847a31e453cb8d49c5b11aa5617e0d92b46&__bTs=1583712000 HTTP/1.1" 403 1377 "https://stream.jeremycherfas.net/?offset=1239&_t=amp" "Mozilla/5.0 (Linux; Android 6.0.1; Nexus 5X Build/MMB29P) AppleWebKit/537.36 (KHTML, like Gecko) Chrome/80.0.3987.92 Mobile Safari/537.36 (compatible; Googlebot/2.1; +http://www.google.com/bot.html)" 
66.249.70.12 - - [06/Apr/2020:05:27:16 -0700] "GET /service/web/unfurl/?url=http%3A%2F%2Ftheonlinephotographer.typepad.com%2Fthe_online_photographer%2F2018%2F05%2Fwednesday-open-mike-tom-wolfe-to-read.html&__bTk=237bb59b20987519caab2b6be0c2b847a31e453cb8d49c5b11aa5617e0d92b46&__bTs=1583712000 HTTP/1.1" 403 1371 "https://stream.jeremycherfas.net/?offset=1239&_t=amp" "Mozilla/5.0 (Linux; Android 6.0.1; Nexus 5X Build/MMB29P) AppleWebKit/537.36 (KHTML, like Gecko) Chrome/80.0.3987.92 Mobile Safari/537.36 (compatible; Googlebot/2.1; +http://www.google.com/bot.html)" 
66.249.70.12 - - [06/Apr/2020:05:27:16 -0700] "GET /service/web/unfurl/?url=https%3A%2F%2Fwww.theguardian.com%2Fcommentisfree%2F2018%2Fmay%2F20%2Fas-facebook-becomes-better-policed-bad-actors-are-turning-to-whatsapp&__bTk=237bb59b20987519caab2b6be0c2b847a31e453cb8d49c5b11aa5617e0d92b46&__bTs=1583712000 HTTP/1.1" 403 1381 "https://stream.jeremycherfas.net/?offset=1239&_t=amp" "Mozilla/5.0 (Linux; Android 6.0.1; Nexus 5X Build/MMB29P) AppleWebKit/537.36 (KHTML, like Gecko) Chrome/80.0.3987.92 Mobile Safari/537.36 (compatible; Googlebot/2.1; +http://www.google.com/bot.html)" 
66.249.70.12 - - [06/Apr/2020:05:27:17 -0700] "GET /service/web/unfurl/?url=https%3A%2F%2Fpushpullfork.com%2Ftruth-in-an-age-of-truthiness-when-bot-fueled-psyops-meet-internet-spam%2F&__bTk=237bb59b20987519caab2b6be0c2b847a31e453cb8d49c5b11aa5617e0d92b46&__bTs=1584089974 HTTP/1.1" 403 1349 "https://stream.jeremycherfas.net/?offset=1239&_t=amp" "Mozilla/5.0 (Linux; Android 6.0.1; Nexus 5X Build/MMB29P) AppleWebKit/537.36 (KHTML, like Gecko) Chrome/80.0.3987.92 Mobile Safari/537.36 (compatible; Googlebot/2.1; +http://www.google.com/bot.html)" 
66.249.70.12 - - [06/Apr/2020:05:27:18 -0700] "GET /service/web/unfurl/?url=https%3A%2F%2Fblogs.harvard.edu%2Fdoc%2F2018%2F05%2F12%2Fgdpr%2F&__bTk=237bb59b20987519caab2b6be0c2b847a31e453cb8d49c5b11aa5617e0d92b46&__bTs=1584089974 HTTP/1.1" 403 1306 "https://stream.jeremycherfas.net/?offset=1239&_t=amp" "Mozilla/5.0 (Linux; Android 6.0.1; Nexus 5X Build/MMB29P) AppleWebKit/537.36 (KHTML, like Gecko) Chrome/80.0.3987.92 Mobile Safari/537.36 (compatible; Googlebot/2.1; +http://www.google.com/bot.html)" 
66.249.70.12 - - [06/Apr/2020:05:27:18 -0700] "GET /service/web/unfurl/?url=https%3A%2F%2Fwww.theopennotebook.com%2F2018%2F05%2F15%2Fjacqui-banaszynskis-literary-forensics-a-diagnostic-tool-to-improve-writing%2F&__bTk=237bb59b20987519caab2b6be0c2b847a31e453cb8d49c5b11aa5617e0d92b46&__bTs=1584089974 HTTP/1.1" 403 1377 "https://stream.jeremycherfas.net/?offset=1239&_t=amp" "Mozilla/5.0 (Linux; Android 6.0.1; Nexus 5X Build/MMB29P) AppleWebKit/537.36 (KHTML, like Gecko) Chrome/80.0.3987.92 Mobile Safari/537.36 (compatible; Googlebot/2.1; +http://www.google.com/bot.html)" 
46.229.168.162 - - [06/Apr/2020:05:27:19 -0700] "GET /content/all/?offset=14&q=%23Sourdough HTTP/1.1" 200 12141 "-" "Mozilla/5.0 (compatible; SemrushBot/6~bl; +http://www.semrush.com/bot.html)" 
66.249.70.12 - - [06/Apr/2020:05:27:19 -0700] "GET /service/web/unfurl/?url=http%3A%2F%2Ftheonlinephotographer.typepad.com%2Fthe_online_photographer%2F2018%2F05%2Fwednesday-open-mike-tom-wolfe-to-read.html&__bTk=237bb59b20987519caab2b6be0c2b847a31e453cb8d49c5b11aa5617e0d92b46&__bTs=1584089974 HTTP/1.1" 403 1371 "https://stream.jeremycherfas.net/?offset=1239&_t=amp" "Mozilla/5.0 (Linux; Android 6.0.1; Nexus 5X Build/MMB29P) AppleWebKit/537.36 (KHTML, like Gecko) Chrome/80.0.3987.92 Mobile Safari/537.36 (compatible; Googlebot/2.1; +http://www.google.com/bot.html)" 
66.249.70.18 - - [06/Apr/2020:05:27:20 -0700] "GET /content/all/?offset=403 HTTP/1.1" 200 11918 "-" "Mozilla/5.0 (Linux; Android 6.0.1; Nexus 5X Build/MMB29P) AppleWebKit/537.36 (KHTML, like Gecko) Chrome/41.0.2272.96 Mobile Safari/537.36 (compatible; Googlebot/2.1; +http://www.google.com/bot.html)" 
66.249.70.12 - - [06/Apr/2020:05:27:21 -0700] "GET /service/web/unfurl/?url=https%3A%2F%2Fwww.theguardian.com%2Fcommentisfree%2F2018%2Fmay%2F20%2Fas-facebook-becomes-better-policed-bad-actors-are-turning-to-whatsapp&__bTk=237bb59b20987519caab2b6be0c2b847a31e453cb8d49c5b11aa5617e0d92b46&__bTs=1584089974 HTTP/1.1" 403 1381 "https://stream.jeremycherfas.net/?offset=1239&_t=amp" "Mozilla/5.0 (Linux; Android 6.0.1; Nexus 5X Build/MMB29P) AppleWebKit/537.36 (KHTML, like Gecko) Chrome/80.0.3987.92 Mobile Safari/537.36 (compatible; Googlebot/2.1; +http://www.google.com/bot.html)" 
46.229.168.137 - - [06/Apr/2020:05:27:23 -0700] "GET /2017/what-with-the-london-and-dublin-podcast-festivals-i-reckon HTTP/1.1" 200 9883 "-" "Mozilla/5.0 (compatible; SemrushBot/6~bl; +http://www.semrush.com/bot.html)" 
66.249.70.16 - - [06/Apr/2020:05:27:24 -0700] "GET /IdnoPlugins/Checkin/external/stamen-maps/tile.stamen.min.js HTTP/1.1" 200 5382 "https://www.stream.jeremycherfas.net/content/all/?offset=403" "Mozilla/5.0 (Linux; Android 6.0.1; Nexus 5X Build/MMB29P) AppleWebKit/537.36 (KHTML, like Gecko) Chrome/80.0.3987.92 Mobile Safari/537.36 (compatible; Googlebot/2.1; +http://www.google.com/bot.html)" 
66.249.70.18 - - [06/Apr/2020:05:27:27 -0700] "GET /service/web/unfurl/?url=https%3A%2F%2Fcolinwalker.blog%2F2017%2F11%2F12%2Flearning-from-the-past%2F&__bTk=5d263e457835db7ba81b873177a7e005da29eef04256b8dda8075a3cdd967a49&__bTs=1583712000 HTTP/1.1" 403 4791 "https://www.stream.jeremycherfas.net/content/all/?offset=1552" "Mozilla/5.0 (Linux; Android 6.0.1; Nexus 5X Build/MMB29P) AppleWebKit/537.36 (KHTML, like Gecko) Chrome/80.0.3987.92 Mobile Safari/537.36 (compatible; Googlebot/2.1; +http://www.google.com/bot.html)" 
66.249.70.16 - - [06/Apr/2020:05:27:27 -0700] "GET /service/web/unfurl/?url=https%3A%2F%2Fcolinwalker.blog%2F2017%2F11%2F12%2Flearning-from-the-past%2F&__bTk=5d263e457835db7ba81b873177a7e005da29eef04256b8dda8075a3cdd967a49&__bTs=1584996771 HTTP/1.1" 403 4791 "https://www.stream.jeremycherfas.net/content/all/?offset=1552" "Mozilla/5.0 (Linux; Android 6.0.1; Nexus 5X Build/MMB29P) AppleWebKit/537.36 (KHTML, like Gecko) Chrome/80.0.3987.92 Mobile Safari/537.36 (compatible; Googlebot/2.1; +http://www.google.com/bot.html)" 
185.213.155.163 - - [06/Apr/2020:05:27:31 -0700] "GET /file/ef801e05730eba56004c5b712ad84731/thumb.jpg HTTP/1.1" 200 25858 "https://desmondrivet.com/blog/" "Mozilla/5.0 (iPad; CPU OS 11_2_5 like Mac OS X) AppleWebKit/604.5.6 (KHTML, like Gecko) Version/11.0 Mobile/15D60 Safari/604.1" 
114.119.167.191 - - [06/Apr/2020:05:27:57 -0700] "GET /2019/happy-to-confirm-that-saut%C3%A9ed-radishes-with-the-tops-are HTTP/1.1" 200 13872 "-" "Mozilla/5.0 (Linux; Android 7.0;) AppleWebKit/537.36 (KHTML, like Gecko) Mobile Safari/537.36 (compatible; AspiegelBot)" 
66.249.70.20 - - [06/Apr/2020:05:28:02 -0700] "GET /content/all/?offset=413&_t=rss HTTP/1.1" 200 7396 "-" "Mozilla/5.0 (Linux; Android 6.0.1; Nexus 5X Build/MMB29P) AppleWebKit/537.36 (KHTML, like Gecko) Chrome/41.0.2272.96 Mobile Safari/537.36 (compatible; Googlebot/2.1; +http://www.google.com/bot.html)" 
46.223.250.237 - - [06/Apr/2020:05:28:14 -0700] "GET /file/a27c14ed53e63d4ba6f2179f5cf3275b/79B0D51C-5E48-4E09-B371-384D89504D5E.jpeg HTTP/1.1" 200 67789 "https://micro.blog/discover" "Mozilla/5.0 (Linux; Android 10; LYA-L29) AppleWebKit/537.36 (KHTML, like Gecko) Chrome/80.0.3987.162 Mobile Safari/537.36" 
66.249.70.12 - - [06/Apr/2020:05:28:28 -0700] "GET /?offset=1627 HTTP/1.1" 200 11699 "-" "Mozilla/5.0 (Linux; Android 6.0.1; Nexus 5X Build/MMB29P) AppleWebKit/537.36 (KHTML, like Gecko) Chrome/41.0.2272.96 Mobile Safari/537.36 (compatible; Googlebot/2.1; +http://www.google.com/bot.html)" 
66.249.70.18 - - [06/Apr/2020:05:28:35 -0700] "GET /content/all/?offset=984 HTTP/1.1" 200 10953 "-" "Mozilla/5.0 (Linux; Android 6.0.1; Nexus 5X Build/MMB29P) AppleWebKit/537.36 (KHTML, like Gecko) Chrome/41.0.2272.96 Mobile Safari/537.36 (compatible; Googlebot/2.1; +http://www.google.com/bot.html)" 
3.85.132.142 - - [06/Apr/2020:05:28:51 -0700] "GET /rss.xml HTTP/1.1" 200 7538 "https://www.google.com/" "Mozilla/5.0 (Macintosh; Intel Mac OS X 10_12_6) AppleWebKit/537.36 (KHTML, like Gecko) Chrome/80.0.3987.132 Safari/537.36" 
66.249.70.14 - - [06/Apr/2020:05:29:04 -0700] "GET /?offset=1434&_t=rss HTTP/1.1" 200 8359 "-" "Mozilla/5.0 (Linux; Android 6.0.1; Nexus 5X Build/MMB29P) AppleWebKit/537.36 (KHTML, like Gecko) Chrome/41.0.2272.96 Mobile Safari/537.36 (compatible; Googlebot/2.1; +http://www.google.com/bot.html)" 
46.229.168.146 - - [06/Apr/2020:05:29:16 -0700] "GET /content/all/?offset=100&q=%23IndieWeb HTTP/1.1" 200 13695 "-" "Mozilla/5.0 (compatible; SemrushBot/6~bl; +http://www.semrush.com/bot.html)" 
108.39.238.236 - - [06/Apr/2020:05:29:21 -0700] "GET /file/a27c14ed53e63d4ba6f2179f5cf3275b/79B0D51C-5E48-4E09-B371-384D89504D5E.jpeg HTTP/1.1" 200 67740 "-" "Icro/344 CFNetwork/1125.2 Darwin/19.4.0" 
64.111.100.215 - - [06/Apr/2020:05:29:28 -0700] "GET /content/all?_t=rss HTTP/1.1" 200 15565 "-" "Mozilla/5.0 (X11; U; Linux i686; fr; rv:1.9.1.1) Gecko/20090715 Firefox/3.5.1" 
46.229.168.154 - - [06/Apr/2020:05:30:02 -0700] "GET /content/photos?offset=160 HTTP/1.1" 200 11381 "-" "Mozilla/5.0 (compatible; SemrushBot/6~bl; +http://www.semrush.com/bot.html)" 
66.249.70.14 - - [06/Apr/2020:05:30:13 -0700] "GET /?offset=1759&_t=rss HTTP/1.1" 200 8172 "-" "Mozilla/5.0 (Linux; Android 6.0.1; Nexus 5X Build/MMB29P) AppleWebKit/537.36 (KHTML, like Gecko) Chrome/41.0.2272.96 Mobile Safari/537.36 (compatible; Googlebot/2.1; +http://www.google.com/bot.html)" 
46.229.168.134 - - [06/Apr/2020:05:30:39 -0700] "GET /2019/sparkline-sound-off-chris-burnell/annotations/2c10b865fe0261f9145b95de944cd22a HTTP/1.1" 200 8610 "-" "Mozilla/5.0 (compatible; SemrushBot/6~bl; +http://www.semrush.com/bot.html)" 
66.249.70.12 - - [06/Apr/2020:05:30:42 -0700] "GET /2018/not-that-he-needs-it-but-let HTTP/1.1" 200 10055 "-" "Mozilla/5.0 (Linux; Android 6.0.1; Nexus 5X Build/MMB29P) AppleWebKit/537.36 (KHTML, like Gecko) Chrome/80.0.3987.92 Mobile Safari/537.36 (compatible; Googlebot/2.1; +http://www.google.com/bot.html)" 
66.249.70.12 - - [06/Apr/2020:05:30:43 -0700] "GET /2020/currently-reading-the-secret-pilgrim-by-john HTTP/1.1" 304 3742 "-" "Mozilla/5.0 (Linux; Android 6.0.1; Nexus 5X Build/MMB29P) AppleWebKit/537.36 (KHTML, like Gecko) Chrome/41.0.2272.96 Mobile Safari/537.36 (compatible; Googlebot/2.1; +http://www.google.com/bot.html)" 
46.229.168.143 - - [06/Apr/2020:05:31:01 -0700] "GET /2019/removing-google-analytics-phil-gyfords-website HTTP/1.1" 200 9505 "-" "Mozilla/5.0 (compatible; SemrushBot/6~bl; +http://www.semrush.com/bot.html)" 
66.249.70.12 - - [06/Apr/2020:05:31:14 -0700] "GET /content/all?_t=amp&offset=1177 HTTP/1.1" 200 11768 "-" "Mozilla/5.0 (Linux; Android 6.0.1; Nexus 5X Build/MMB29P) AppleWebKit/537.36 (KHTML, like Gecko) Chrome/41.0.2272.96 Mobile Safari/537.36 (compatible; Googlebot/2.1; +http://www.google.com/bot.html)" 
66.249.70.12 - - [06/Apr/2020:05:31:17 -0700] "GET /service/web/unfurl/?url=http%3A%2F%2Fwww.niemanlab.org%2F2018%2F06%2Fdid-you-even-read-the-piece-this-startup-wants-to-make-that-question-obsolete-for-commenters%2F&__bTk=237bb59b20987519caab2b6be0c2b847a31e453cb8d49c5b11aa5617e0d92b46&__bTs=1583712000 HTTP/1.1" 403 4699 "https://stream.jeremycherfas.net/content/all?_t=amp&offset=1177" "Mozilla/5.0 (Linux; Android 6.0.1; Nexus 5X Build/MMB29P) AppleWebKit/537.36 (KHTML, like Gecko) Chrome/80.0.3987.92 Mobile Safari/537.36 (compatible; Googlebot/2.1; +http://www.google.com/bot.html)" 
66.249.70.12 - - [06/Apr/2020:05:31:19 -0700] "GET /service/web/unfurl/?url=http%3A%2F%2Fwww.niemanlab.org%2F2018%2F06%2Fdid-you-even-read-the-piece-this-startup-wants-to-make-that-question-obsolete-for-commenters%2F&__bTk=237bb59b20987519caab2b6be0c2b847a31e453cb8d49c5b11aa5617e0d92b46&__bTs=1584089974 HTTP/1.1" 403 4699 "https://stream.jeremycherfas.net/content/all?_t=amp&offset=1177" "Mozilla/5.0 (Linux; Android 6.0.1; Nexus 5X Build/MMB29P) AppleWebKit/537.36 (KHTML, like Gecko) Chrome/80.0.3987.92 Mobile Safari/537.36 (compatible; Googlebot/2.1; +http://www.google.com/bot.html)" 
66.249.70.12 - - [06/Apr/2020:05:31:19 -0700] "GET /service/web/unfurl/?url=https%3A%2F%2Findieweb.org&__bTk=237bb59b20987519caab2b6be0c2b847a31e453cb8d49c5b11aa5617e0d92b46&__bTs=1584089974 HTTP/1.1" 403 1268 "https://stream.jeremycherfas.net/content/all?_t=amp&offset=1177" "Mozilla/5.0 (Linux; Android 6.0.1; Nexus 5X Build/MMB29P) AppleWebKit/537.36 (KHTML, like Gecko) Chrome/80.0.3987.92 Mobile Safari/537.36 (compatible; Googlebot/2.1; +http://www.google.com/bot.html)" 
