66.249.70.12 - - [01/Apr/2020:03:54:37 -0700] "GET /service/web/unfurl/?url=https%3A%2F%2Fwww.sourdough.co.uk%2Fcan-real-sourdough-identified%2F&__bTk=ba0a8091621f3d998f174094005779b747ece139918d916b55a545738c009ee1&__bTs=1583637010 HTTP/1.1" 403 1310 "https://stream.jeremycherfas.net/tag/Sourdough?_t=amp&offset=16" "Mozilla/5.0 (Linux; Android 6.0.1; Nexus 5X Build/MMB29P) AppleWebKit/537.36 (KHTML, like Gecko) Chrome/80.0.3987.92 Mobile Safari/537.36 (compatible; Googlebot/2.1; +http://www.google.com/bot.html)" 
157.55.39.186 - - [01/Apr/2020:03:54:40 -0700] "GET /content/audio/?q=%23campbellsdoughknife HTTP/1.1" 200 8553 "-" "Mozilla/5.0 (compatible; bingbot/2.0; +http://www.bing.com/bingbot.htm)" 
46.229.168.161 - - [01/Apr/2020:03:54:43 -0700] "GET /content/bookmarkedpages/?q=%23indieweb HTTP/1.1" 200 11128 "-" "Mozilla/5.0 (compatible; SemrushBot/6~bl; +http://www.semrush.com/bot.html)" 
46.229.168.133 - - [01/Apr/2020:03:55:00 -0700] "GET /?q=%23Fornacalia HTTP/1.1" 200 13178 "-" "Mozilla/5.0 (compatible; SemrushBot/6~bl; +http://www.semrush.com/bot.html)" 
114.119.165.105 - - [01/Apr/2020:03:55:24 -0700] "GET /tag/Sourdough?offset=10 HTTP/1.1" 200 12106 "-" "Mozilla/5.0 (Linux; Android 7.0;) AppleWebKit/537.36 (KHTML, like Gecko) Mobile Safari/537.36 (compatible; AspiegelBot)" 
64.111.100.215 - - [01/Apr/2020:03:55:22 -0700] "GET /content/all?_t=rss HTTP/1.1" 200 16722 "-" "Mozilla/5.0 (X11; U; Linux i686; fr; rv:1.9.1.1) Gecko/20090715 Firefox/3.5.1" 
104.149.236.2 - - [01/Apr/2020:03:56:56 -0700] "GET /file/d60e7ea303bd0b3472f9cc634a096a64/317C3579-5A85-4923-8CE7-4235993C9A06.jpeg HTTP/1.1" 200 42899 "https://micro.blog/jeremycherfas" "Mozilla/5.0 (Macintosh; Intel Mac OS X 10_12_6) AppleWebKit/537.36 (KHTML, like Gecko) Chrome/80.0.3987.149 Safari/537.36" 
104.149.236.2 - - [01/Apr/2020:03:56:56 -0700] "GET /file/b8c525cc5dc95868c73037dfc17a477f/7A59E04B-30D1-48A4-AFA6-3D09C85201DA.jpeg HTTP/1.1" 200 83926 "https://micro.blog/jeremycherfas" "Mozilla/5.0 (Macintosh; Intel Mac OS X 10_12_6) AppleWebKit/537.36 (KHTML, like Gecko) Chrome/80.0.3987.149 Safari/537.36" 
104.149.236.2 - - [01/Apr/2020:03:56:57 -0700] "GET /file/aab690b2124d5ac8d25f56836afc7bc6/884F9D30-5E57-4DF2-ADC9-ADE034D0AFBF.jpeg HTTP/1.1" 200 106427 "https://micro.blog/jeremycherfas" "Mozilla/5.0 (Macintosh; Intel Mac OS X 10_12_6) AppleWebKit/537.36 (KHTML, like Gecko) Chrome/80.0.3987.149 Safari/537.36" 
104.149.236.2 - - [01/Apr/2020:03:56:57 -0700] "GET /file/2fefa4e6eff586f074a89562e26005e2/F8465228-66DD-4B9D-B315-F3EB8BF2C7F0.jpeg HTTP/1.1" 200 45485 "https://micro.blog/jeremycherfas" "Mozilla/5.0 (Macintosh; Intel Mac OS X 10_12_6) AppleWebKit/537.36 (KHTML, like Gecko) Chrome/80.0.3987.149 Safari/537.36" 
104.149.236.2 - - [01/Apr/2020:03:56:58 -0700] "GET /file/c6d642b8baad8e7c55a1872bdd3db67e/EB4A94F4-E3D9-4A9A-B8AA-E3CFC05C9E93.jpeg HTTP/1.1" 200 63481 "https://micro.blog/jeremycherfas" "Mozilla/5.0 (Macintosh; Intel Mac OS X 10_12_6) AppleWebKit/537.36 (KHTML, like Gecko) Chrome/80.0.3987.149 Safari/537.36" 
66.249.70.12 - - [01/Apr/2020:03:57:52 -0700] "GET /tag/Sourdough?_t=rss&offset=26 HTTP/1.1" 200 7934 "-" "Mozilla/5.0 (Linux; Android 6.0.1; Nexus 5X Build/MMB29P) AppleWebKit/537.36 (KHTML, like Gecko) Chrome/41.0.2272.96 Mobile Safari/537.36 (compatible; Googlebot/2.1; +http://www.google.com/bot.html)" 
77.75.79.36 - - [01/Apr/2020:03:58:15 -0700] "GET /robots.txt HTTP/1.1" 200 4594 "-" "Mozilla/5.0 (compatible; SeznamBot/3.2; +http://napoveda.seznam.cz/en/seznambot-intro/)" 
77.75.79.36 - - [01/Apr/2020:03:58:16 -0700] "GET /content/posts/ HTTP/1.1" 304 3747 "-" "Mozilla/5.0 (compatible; SeznamBot/3.2; +http://napoveda.seznam.cz/en/seznambot-intro/)" 
157.230.173.35 - - [01/Apr/2020:03:58:27 -0700] "GET /?_t=rss HTTP/1.1" 304 3475 "-" "Feedbin feed-id:1536727 - 1 subscribers" 
46.229.168.138 - - [01/Apr/2020:03:58:28 -0700] "GET /2018/feeling-good-about-the-changes-at-flickr HTTP/1.1" 200 10167 "-" "Mozilla/5.0 (compatible; SemrushBot/6~bl; +http://www.semrush.com/bot.html)" 
66.249.70.16 - - [01/Apr/2020:03:58:37 -0700] "GET /tag/Sourdough?offset=16&_t=rss HTTP/1.1" 200 8164 "-" "Mozilla/5.0 (Linux; Android 6.0.1; Nexus 5X Build/MMB29P) AppleWebKit/537.36 (KHTML, like Gecko) Chrome/41.0.2272.96 Mobile Safari/537.36 (compatible; Googlebot/2.1; +http://www.google.com/bot.html)" 
207.46.13.12 - - [01/Apr/2020:03:59:21 -0700] "GET /file/08cd6f717d07d3431e35751291b3bc51 HTTP/1.1" 200 11312 "-" "Mozilla/5.0 (compatible; bingbot/2.0; +http://www.bing.com/bingbot.htm)" 
66.249.70.16 - - [01/Apr/2020:04:00:18 -0700] "GET /tag/Sourdough?offset=6 HTTP/1.1" 200 12693 "-" "Mozilla/5.0 (Linux; Android 6.0.1; Nexus 5X Build/MMB29P) AppleWebKit/537.36 (KHTML, like Gecko) Chrome/41.0.2272.96 Mobile Safari/537.36 (compatible; Googlebot/2.1; +http://www.google.com/bot.html)" 
54.162.9.187 - - [01/Apr/2020:04:01:07 -0700] "GET /?_t=rss HTTP/1.1" 200 7588 "-" "glitch-feeder/1.0 (+https://glitch.com/~lmo-feeder)" 
54.162.9.187 - - [01/Apr/2020:04:01:08 -0700] "GET /2020/you-forgot-to-say-how-bad-it HTTP/1.1" 200 24758 "-" "-" 
66.249.70.12 - - [01/Apr/2020:04:01:27 -0700] "GET /tag/Sourdough?_t=amp&offset=6 HTTP/1.1" 200 12712 "-" "Mozilla/5.0 (Linux; Android 6.0.1; Nexus 5X Build/MMB29P) AppleWebKit/537.36 (KHTML, like Gecko) Chrome/41.0.2272.96 Mobile Safari/537.36 (compatible; Googlebot/2.1; +http://www.google.com/bot.html)" 
66.249.70.12 - - [01/Apr/2020:04:01:35 -0700] "GET /service/web/unfurl/?url=https%3A%2F%2Fti.to%2Fsourdough-u%2F2019-11&__bTk=237bb59b20987519caab2b6be0c2b847a31e453cb8d49c5b11aa5617e0d92b46&__bTs=1583712000 HTTP/1.1" 403 4602 "https://stream.jeremycherfas.net/tag/Sourdough?_t=amp&offset=6" "Mozilla/5.0 (Linux; Android 6.0.1; Nexus 5X Build/MMB29P) AppleWebKit/537.36 (KHTML, like Gecko) Chrome/80.0.3987.92 Mobile Safari/537.36 (compatible; Googlebot/2.1; +http://www.google.com/bot.html)" 
66.249.70.14 - - [01/Apr/2020:04:01:36 -0700] "GET /service/web/unfurl/?url=https%3A%2F%2Fti.to%2Fsourdough-u%2F2019-11&__bTk=237bb59b20987519caab2b6be0c2b847a31e453cb8d49c5b11aa5617e0d92b46&__bTs=1584089974 HTTP/1.1" 403 4602 "https://stream.jeremycherfas.net/tag/Sourdough?_t=amp&offset=6" "Mozilla/5.0 (Linux; Android 6.0.1; Nexus 5X Build/MMB29P) AppleWebKit/537.36 (KHTML, like Gecko) Chrome/80.0.3987.92 Mobile Safari/537.36 (compatible; Googlebot/2.1; +http://www.google.com/bot.html)" 
207.46.13.137 - - [01/Apr/2020:04:02:51 -0700] "GET /2018/people-of-europes-timezonesthere-will-be-a HTTP/1.1" 200 9614 "-" "Mozilla/5.0 (compatible; bingbot/2.0; +http://www.bing.com/bingbot.htm)" 
51.6.254.217 - - [01/Apr/2020:04:02:58 -0700] "GET /service/security/csrftoken/?url=annotation%2Fpost HTTP/1.1" 200 4418 "https://stream.jeremycherfas.net/2020/untitled-36" "Mozilla/5.0 (Macintosh; Intel Mac OS X 10_12_6) AppleWebKit/605.1.15 (KHTML, like Gecko) Version/12.0.3 Safari/605.1.15" 
51.6.254.217 - - [01/Apr/2020:04:02:59 -0700] "GET /service/security/csrftoken/ HTTP/1.1" 500 4786 "https://stream.jeremycherfas.net/2020/untitled-36" "Mozilla/5.0 (Macintosh; Intel Mac OS X 10_12_6) AppleWebKit/605.1.15 (KHTML, like Gecko) Version/12.0.3 Safari/605.1.15" 
207.46.13.137 - - [01/Apr/2020:04:03:06 -0700] "GET /file/c3f0b52dbefbbecf7d3a46f708fbec2b/thumb.jpg HTTP/1.1" 200 140584 "-" "Mozilla/5.0 (compatible; bingbot/2.0; +http://www.bing.com/bingbot.htm)" 
66.249.70.16 - - [01/Apr/2020:04:03:08 -0700] "GET /tag/Sourdough?_t=rss&offset=16 HTTP/1.1" 200 8166 "-" "Mozilla/5.0 (Linux; Android 6.0.1; Nexus 5X Build/MMB29P) AppleWebKit/537.36 (KHTML, like Gecko) Chrome/41.0.2272.96 Mobile Safari/537.36 (compatible; Googlebot/2.1; +http://www.google.com/bot.html)" 
114.119.164.86 - - [01/Apr/2020:04:03:09 -0700] "GET /tag/bread?offset=40 HTTP/1.1" 200 12284 "-" "Mozilla/5.0 (Linux; Android 7.0;) AppleWebKit/537.36 (KHTML, like Gecko) Mobile Safari/537.36 (compatible; AspiegelBot)" 
46.229.168.148 - - [01/Apr/2020:04:03:16 -0700] "GET /?offset=0&q=%23%2B%23indieweb HTTP/1.1" 200 12115 "-" "Mozilla/5.0 (compatible; SemrushBot/6~bl; +http://www.semrush.com/bot.html)" 
46.229.168.135 - - [01/Apr/2020:04:03:44 -0700] "GET /2019/an-afternoon-with-the-stars-eminchilli-helping-pastagrannies-to-promote HTTP/1.1" 200 9780 "-" "Mozilla/5.0 (compatible; SemrushBot/6~bl; +http://www.semrush.com/bot.html)" 
46.229.168.163 - - [01/Apr/2020:04:04:50 -0700] "GET /content/photos/?q=%23micromonday HTTP/1.1" 200 8532 "-" "Mozilla/5.0 (compatible; SemrushBot/6~bl; +http://www.semrush.com/bot.html)" 
46.229.168.141 - - [01/Apr/2020:04:04:59 -0700] "GET /?offset=0&q=%23sourdough HTTP/1.1" 200 12276 "-" "Mozilla/5.0 (compatible; SemrushBot/6~bl; +http://www.semrush.com/bot.html)" 
46.229.168.150 - - [01/Apr/2020:04:05:01 -0700] "GET /?offset=84&q=%23IndieWeb HTTP/1.1" 200 15694 "-" "Mozilla/5.0 (compatible; SemrushBot/6~bl; +http://www.semrush.com/bot.html)" 
46.229.168.150 - - [01/Apr/2020:04:06:05 -0700] "GET /content/statusupdates/?q=%23Lithuania HTTP/1.1" 200 8509 "-" "Mozilla/5.0 (compatible; SemrushBot/6~bl; +http://www.semrush.com/bot.html)" 
46.229.168.147 - - [01/Apr/2020:04:06:38 -0700] "GET /robots.txt HTTP/1.1" 200 4576 "-" "Mozilla/5.0 (compatible; SemrushBot/6~bl; +http://www.semrush.com/bot.html)" 
46.229.168.145 - - [01/Apr/2020:04:06:38 -0700] "GET /content/statusupdates/?q=%23%2B%238482 HTTP/1.1" 200 8544 "-" "Mozilla/5.0 (compatible; SemrushBot/6~bl; +http://www.semrush.com/bot.html)" 
46.229.168.143 - - [01/Apr/2020:04:07:13 -0700] "GET /content/photos/?offset=0&q=%23rye HTTP/1.1" 200 12388 "-" "Mozilla/5.0 (compatible; SemrushBot/6~bl; +http://www.semrush.com/bot.html)" 
66.249.70.16 - - [01/Apr/2020:04:07:26 -0700] "GET /tag/Sourdough?_t=rss&offset=6 HTTP/1.1" 200 9001 "-" "Mozilla/5.0 (Linux; Android 6.0.1; Nexus 5X Build/MMB29P) AppleWebKit/537.36 (KHTML, like Gecko) Chrome/41.0.2272.96 Mobile Safari/537.36 (compatible; Googlebot/2.1; +http://www.google.com/bot.html)" 
46.229.168.134 - - [01/Apr/2020:04:07:37 -0700] "GET /?offset=61&q=%23bread HTTP/1.1" 200 12314 "-" "Mozilla/5.0 (compatible; SemrushBot/6~bl; +http://www.semrush.com/bot.html)" 
66.249.70.12 - - [01/Apr/2020:04:08:01 -0700] "GET /2018/the-remarkable-thing-about-taking-the-frangipani-outside-is-that HTTP/1.1" 304 3742 "-" "Mozilla/5.0 (Linux; Android 6.0.1; Nexus 5X Build/MMB29P) AppleWebKit/537.36 (KHTML, like Gecko) Chrome/41.0.2272.96 Mobile Safari/537.36 (compatible; Googlebot/2.1; +http://www.google.com/bot.html)" 
46.229.168.136 - - [01/Apr/2020:04:09:57 -0700] "GET /content/bookmarkedpages/?q=%23rye HTTP/1.1" 200 8495 "-" "Mozilla/5.0 (compatible; SemrushBot/6~bl; +http://www.semrush.com/bot.html)" 
46.229.168.154 - - [01/Apr/2020:04:10:10 -0700] "GET /content/locations/?q=%2310DoT HTTP/1.1" 200 8522 "-" "Mozilla/5.0 (compatible; SemrushBot/6~bl; +http://www.semrush.com/bot.html)" 
66.249.70.16 - - [01/Apr/2020:04:10:12 -0700] "GET /tag/Sourdough?_t=amp&offset=0 HTTP/1.1" 200 12314 "-" "Mozilla/5.0 (Linux; Android 6.0.1; Nexus 5X Build/MMB29P) AppleWebKit/537.36 (KHTML, like Gecko) Chrome/41.0.2272.96 Mobile Safari/537.36 (compatible; Googlebot/2.1; +http://www.google.com/bot.html)" 
66.249.70.14 - - [01/Apr/2020:04:10:17 -0700] "GET /service/web/unfurl/?url=https%3A%2F%2Fwww.fornacalia.com%2F2020%2Fsourdough-revival%2F&__bTk=eeebfad334d124a9383e169516aae8080d9de96b468d6e3b3425445585023ff2&__bTs=1582881149 HTTP/1.1" 403 4621 "https://stream.jeremycherfas.net/tag/Sourdough?_t=amp&offset=0" "Mozilla/5.0 (Linux; Android 6.0.1; Nexus 5X Build/MMB29P) AppleWebKit/537.36 (KHTML, like Gecko) Chrome/80.0.3987.92 Mobile Safari/537.36 (compatible; Googlebot/2.1; +http://www.google.com/bot.html)" 
66.249.70.12 - - [01/Apr/2020:04:10:18 -0700] "GET /service/web/unfurl/?url=https%3A%2F%2Fwww.fornacalia.com%2F2020%2Fsourdough-revival%2F&__bTk=0f30efa28bb0b6caef7c8da5fe7d09bacfa3d5476b82565ac3968e35fad579d6&__bTs=1585483630 HTTP/1.1" 403 4621 "https://stream.jeremycherfas.net/tag/Sourdough?_t=amp&offset=0" "Mozilla/5.0 (Linux; Android 6.0.1; Nexus 5X Build/MMB29P) AppleWebKit/537.36 (KHTML, like Gecko) Chrome/80.0.3987.92 Mobile Safari/537.36 (compatible; Googlebot/2.1; +http://www.google.com/bot.html)" 
46.229.168.162 - - [01/Apr/2020:04:10:23 -0700] "GET /?q=%23micromonday HTTP/1.1" 200 9143 "-" "Mozilla/5.0 (compatible; SemrushBot/6~bl; +http://www.semrush.com/bot.html)" 
114.119.161.85 - - [01/Apr/2020:04:11:00 -0700] "GET /tag/borderterrier HTTP/1.1" 200 8966 "-" "Mozilla/5.0 (Linux; Android 7.0;) AppleWebKit/537.36 (KHTML, like Gecko) Mobile Safari/537.36 (compatible; AspiegelBot)" 
66.249.70.14 - - [01/Apr/2020:04:11:18 -0700] "GET /tag/Sourdough?_t=rss&offset=0 HTTP/1.1" 200 8182 "-" "Mozilla/5.0 (Linux; Android 6.0.1; Nexus 5X Build/MMB29P) AppleWebKit/537.36 (KHTML, like Gecko) Chrome/41.0.2272.96 Mobile Safari/537.36 (compatible; Googlebot/2.1; +http://www.google.com/bot.html)" 
46.229.168.129 - - [01/Apr/2020:04:11:48 -0700] "GET /2019/thanks-aaron-i-havent-given-up-yet HTTP/1.1" 200 9629 "-" "Mozilla/5.0 (compatible; SemrushBot/6~bl; +http://www.semrush.com/bot.html)" 
64.111.100.215 - - [01/Apr/2020:04:11:49 -0700] "GET /content/all?_t=rss HTTP/1.1" 200 16722 "-" "Mozilla/5.0 (X11; U; Linux i686; fr; rv:1.9.1.1) Gecko/20090715 Firefox/3.5.1" 
64.111.100.215 - - [01/Apr/2020:04:11:55 -0700] "GET /content/all?_t=rss HTTP/1.1" 200 16722 "-" "Mozilla/5.0 (X11; U; Linux i686; fr; rv:1.9.1.1) Gecko/20090715 Firefox/3.5.1" 
66.249.70.12 - - [01/Apr/2020:04:11:55 -0700] "GET /tag/Sourdough?offset=6&_t=rss HTTP/1.1" 200 8998 "-" "Mozilla/5.0 (Linux; Android 6.0.1; Nexus 5X Build/MMB29P) AppleWebKit/537.36 (KHTML, like Gecko) Chrome/41.0.2272.96 Mobile Safari/537.36 (compatible; Googlebot/2.1; +http://www.google.com/bot.html)" 
159.65.229.127 - - [01/Apr/2020:04:12:05 -0700] "GET /?_t=rss HTTP/1.1" 200 7625 "-" "NewsBlur Feed Fetcher - 1 subscriber - http://www.newsblur.com/site/7603923/jeremy-cherfas (Mozilla/5.0 (Macintosh; Intel Mac OS X 10_12_3) AppleWebKit/537.36 (KHTML, like Gecko) Chrome/56.0.2924.87 Safari/537.36)" 
198.58.103.115 - - [01/Apr/2020:04:12:07 -0700] "GET /?_t=rss HTTP/1.1" 200 7625 "-" "Superfeedr bot/2.0 http://superfeedr.com - Make your feeds realtime: get in touch - feed-id:undefined" 
159.65.229.127 - - [01/Apr/2020:04:12:08 -0700] "GET / HTTP/1.1" 200 11959 "-" "NewsBlur Page Fetcher - 1 subscriber - http://www.newsblur.com/site/7603923/jeremy-cherfas (Mozilla/5.0 (Macintosh; Intel Mac OS X 10_7_1) AppleWebKit/534.48.3 (KHTML, like Gecko) Version/5.1 Safari/534.48.3)" 
207.5.160.195 - - [01/Apr/2020:04:12:23 -0700] "GET /robots.txt HTTP/1.0" 200 4509 "-" "WF search/Nutch-1.12" 
207.5.160.195 - - [01/Apr/2020:04:12:23 -0700] "GET /2020/100%25-wholewheat-sourdough-to-be-savoured-with-soup-for-lunch HTTP/1.0" 200 10402 "-" "WF search/Nutch-1.12" 
66.249.70.14 - - [01/Apr/2020:04:12:50 -0700] "GET /tag/Sourdough?_t=amp&offset=10 HTTP/1.1" 200 12372 "-" "Mozilla/5.0 (Linux; Android 6.0.1; Nexus 5X Build/MMB29P) AppleWebKit/537.36 (KHTML, like Gecko) Chrome/41.0.2272.96 Mobile Safari/537.36 (compatible; Googlebot/2.1; +http://www.google.com/bot.html)" 
207.46.13.12 - - [01/Apr/2020:04:13:52 -0700] "GET /2018/the-infallible-standby-multigrain-seedy-wholewheatsourdough?_t=rss HTTP/1.1" 200 5610 "-" "msnbot/2.0b (+http://search.msn.com/msnbot.htm)" 
46.229.168.133 - - [01/Apr/2020:04:14:00 -0700] "GET /content/locations/?q=%23Food_history HTTP/1.1" 200 8512 "-" "Mozilla/5.0 (compatible; SemrushBot/6~bl; +http://www.semrush.com/bot.html)" 
46.229.168.129 - - [01/Apr/2020:04:15:19 -0700] "GET /2018/i-have-a-feeling-i-saw-this HTTP/1.1" 200 10337 "-" "Mozilla/5.0 (compatible; SemrushBot/6~bl; +http://www.semrush.com/bot.html)" 
46.229.168.137 - - [01/Apr/2020:04:15:36 -0700] "GET /2019/im-a-late-adopter-on-indieweb-readers HTTP/1.1" 200 9696 "-" "Mozilla/5.0 (compatible; SemrushBot/6~bl; +http://www.semrush.com/bot.html)" 
51.6.254.217 - - [01/Apr/2020:04:15:38 -0700] "GET /service/security/csrftoken/?url=annotation%2Fpost HTTP/1.1" 200 4418 "https://stream.jeremycherfas.net/2020/untitled-36" "Mozilla/5.0 (Macintosh; Intel Mac OS X 10_12_6) AppleWebKit/605.1.15 (KHTML, like Gecko) Version/12.0.3 Safari/605.1.15" 
51.6.254.217 - - [01/Apr/2020:04:15:39 -0700] "GET /service/security/csrftoken/ HTTP/1.1" 500 4786 "https://stream.jeremycherfas.net/2020/untitled-36" "Mozilla/5.0 (Macintosh; Intel Mac OS X 10_12_6) AppleWebKit/605.1.15 (KHTML, like Gecko) Version/12.0.3 Safari/605.1.15" 
66.249.70.12 - - [01/Apr/2020:04:18:02 -0700] "GET /robots.txt HTTP/1.1" 200 4589 "-" "Mozilla/5.0 (compatible; Googlebot/2.1; +http://www.google.com/bot.html)" 
66.249.70.14 - - [01/Apr/2020:04:18:02 -0700] "GET /2018/just-part-of-this-mornings-fun-yvette-klein-reflects-on HTTP/1.1" 304 3742 "-" "Mozilla/5.0 (Linux; Android 6.0.1; Nexus 5X Build/MMB29P) AppleWebKit/537.36 (KHTML, like Gecko) Chrome/41.0.2272.96 Mobile Safari/537.36 (compatible; Googlebot/2.1; +http://www.google.com/bot.html)" 
66.249.70.14 - - [01/Apr/2020:04:19:21 -0700] "GET /tag/Sourdough?_t=amp&offset=20 HTTP/1.1" 200 11934 "-" "Mozilla/5.0 (Linux; Android 6.0.1; Nexus 5X Build/MMB29P) AppleWebKit/537.36 (KHTML, like Gecko) Chrome/41.0.2272.96 Mobile Safari/537.36 (compatible; Googlebot/2.1; +http://www.google.com/bot.html)" 
46.229.168.149 - - [01/Apr/2020:04:20:11 -0700] "GET /content/statusupdates/?q=%23quill HTTP/1.1" 200 10143 "-" "Mozilla/5.0 (compatible; SemrushBot/6~bl; +http://www.semrush.com/bot.html)" 
207.46.13.137 - - [01/Apr/2020:04:20:29 -0700] "GET /file/b619cc8fe8b57c7945e2dfc24baa38b5 HTTP/1.1" 200 10716 "-" "Mozilla/5.0 (compatible; bingbot/2.0; +http://www.bing.com/bingbot.htm)" 
66.249.70.12 - - [01/Apr/2020:04:20:32 -0700] "GET /service/web/unfurl/?url=https%3A%2F%2Fwww.sourdough.co.uk%2Fcan-real-sourdough-identified%2F&__bTk=eeebfad334d124a9383e169516aae8080d9de96b468d6e3b3425445585023ff2&__bTs=1582881149 HTTP/1.1" 403 4627 "https://stream.jeremycherfas.net/tag/Sourdough?_t=amp&offset=20" "Mozilla/5.0 (Linux; Android 6.0.1; Nexus 5X Build/MMB29P) AppleWebKit/537.36 (KHTML, like Gecko) Chrome/80.0.3987.92 Mobile Safari/537.36 (compatible; Googlebot/2.1; +http://www.google.com/bot.html)" 
66.249.70.14 - - [01/Apr/2020:04:20:32 -0700] "GET /service/web/unfurl/?url=https%3A%2F%2Fwww.sourdough.co.uk%2Fcan-real-sourdough-identified%2F&__bTk=0f30efa28bb0b6caef7c8da5fe7d09bacfa3d5476b82565ac3968e35fad579d6&__bTs=1585483630 HTTP/1.1" 403 4627 "https://stream.jeremycherfas.net/tag/Sourdough?_t=amp&offset=20" "Mozilla/5.0 (Linux; Android 6.0.1; Nexus 5X Build/MMB29P) AppleWebKit/537.36 (KHTML, like Gecko) Chrome/80.0.3987.92 Mobile Safari/537.36 (compatible; Googlebot/2.1; +http://www.google.com/bot.html)" 
66.249.70.14 - - [01/Apr/2020:04:21:19 -0700] "GET /tag/Sourdough?_t=amp&offset=30 HTTP/1.1" 200 11516 "-" "Mozilla/5.0 (Linux; Android 6.0.1; Nexus 5X Build/MMB29P) AppleWebKit/537.36 (KHTML, like Gecko) Chrome/41.0.2272.96 Mobile Safari/537.36 (compatible; Googlebot/2.1; +http://www.google.com/bot.html)" 
66.249.70.14 - - [01/Apr/2020:04:21:55 -0700] "GET /tag/Sourdough?_t=rss&offset=20 HTTP/1.1" 200 8190 "-" "Mozilla/5.0 (Linux; Android 6.0.1; Nexus 5X Build/MMB29P) AppleWebKit/537.36 (KHTML, like Gecko) Chrome/41.0.2272.96 Mobile Safari/537.36 (compatible; Googlebot/2.1; +http://www.google.com/bot.html)" 
66.249.70.12 - - [01/Apr/2020:04:22:50 -0700] "GET /tag/Sourdough?_t=rss&offset=10 HTTP/1.1" 200 8575 "-" "Mozilla/5.0 (Linux; Android 6.0.1; Nexus 5X Build/MMB29P) AppleWebKit/537.36 (KHTML, like Gecko) Chrome/41.0.2272.96 Mobile Safari/537.36 (compatible; Googlebot/2.1; +http://www.google.com/bot.html)" 
66.249.70.16 - - [01/Apr/2020:04:23:14 -0700] "GET /file/332eb8b00e01737e87e8224c7aaff919/749f709e317d17375807f4feaa3609dc HTTP/1.1" 200 73739 "-" "Googlebot-Image/1.0" 
66.249.70.14 - - [01/Apr/2020:04:23:54 -0700] "GET /service/web/unfurl/?url=http%3A%2F%2Fschaechter.asmblog.org%2Fschaechter%2F2018%2F10%2Fvaccines-and-the-fight-against-antibiotic-resistance.html&__bTk=e749a8d6db3902ca6785f67a2ee2212e968b21f50c70879db9a01b3070a8d93d&__bTs=1583580603 HTTP/1.1" 403 4679 "https://stream.jeremycherfas.net/view/2683f4df799a6be7c4a149ef1c6a1259" "Mozilla/5.0 (Linux; Android 6.0.1; Nexus 5X Build/MMB29P) AppleWebKit/537.36 (KHTML, like Gecko) Chrome/80.0.3987.92 Mobile Safari/537.36 (compatible; Googlebot/2.1; +http://www.google.com/bot.html)" 
46.229.168.140 - - [01/Apr/2020:04:25:20 -0700] "GET /content/statusupdates/?offset=11&q=%23%2B%23indieweb HTTP/1.1" 200 11039 "-" "Mozilla/5.0 (compatible; SemrushBot/6~bl; +http://www.semrush.com/bot.html)" 
114.119.167.191 - - [01/Apr/2020:04:27:04 -0700] "GET /tag/WithKnown?offset=31 HTTP/1.1" 200 12299 "-" "Mozilla/5.0 (Linux; Android 7.0;) AppleWebKit/537.36 (KHTML, like Gecko) Mobile Safari/537.36 (compatible; AspiegelBot)" 
64.111.100.215 - - [01/Apr/2020:04:27:15 -0700] "GET /content/all?_t=rss HTTP/1.1" 200 16722 "-" "Mozilla/5.0 (X11; U; Linux i686; fr; rv:1.9.1.1) Gecko/20090715 Firefox/3.5.1" 
66.249.70.18 - - [01/Apr/2020:04:27:19 -0700] "GET /view/2683f4df799a6be7c4a149ef1c6a1259?_t=rss HTTP/1.1" 200 5485 "-" "Mozilla/5.0 (Linux; Android 6.0.1; Nexus 5X Build/MMB29P) AppleWebKit/537.36 (KHTML, like Gecko) Chrome/41.0.2272.96 Mobile Safari/537.36 (compatible; Googlebot/2.1; +http://www.google.com/bot.html)" 
157.230.173.27 - - [01/Apr/2020:04:27:24 -0700] "GET /?_t=rss HTTP/1.1" 200 7358 "-" "Feedbin feed-id:1536727 - 1 subscribers" 
46.229.168.145 - - [01/Apr/2020:04:27:27 -0700] "GET /?offset=90 HTTP/1.1" 200 11464 "-" "Mozilla/5.0 (compatible; SemrushBot/6~bl; +http://www.semrush.com/bot.html)" 
51.6.254.217 - - [01/Apr/2020:04:28:18 -0700] "GET /service/security/csrftoken/?url=annotation%2Fpost HTTP/1.1" 200 4418 "https://stream.jeremycherfas.net/2020/untitled-36" "Mozilla/5.0 (Macintosh; Intel Mac OS X 10_12_6) AppleWebKit/605.1.15 (KHTML, like Gecko) Version/12.0.3 Safari/605.1.15" 
51.6.254.217 - - [01/Apr/2020:04:28:18 -0700] "GET /service/security/csrftoken/ HTTP/1.1" 500 4786 "https://stream.jeremycherfas.net/2020/untitled-36" "Mozilla/5.0 (Macintosh; Intel Mac OS X 10_12_6) AppleWebKit/605.1.15 (KHTML, like Gecko) Version/12.0.3 Safari/605.1.15" 
46.229.161.131 - - [01/Apr/2020:04:28:27 -0700] "GET /2018/thanks-aaron-for-your-mention-of-my HTTP/1.1" 200 9638 "-" "Mozilla/5.0 (compatible; SemrushBot; +http://www.semrush.com/bot.html)" 
96.126.125.129 - - [01/Apr/2020:04:28:31 -0700] "GET /content/statusupdates/posts/photos/checkins/bookmarkedpages?_t=rss HTTP/1.1" 200 7773 "-" "Micro.blog/1.0" 
35.203.245.122 - - [01/Apr/2020:04:29:02 -0700] "HEAD /2020/hey-faostatistics-faostatenhome-has-been-unreachable-for HTTP/1.1" 200 4586 "-" "Bridgy (https://brid.gy/about)" 
35.203.245.122 - - [01/Apr/2020:04:29:05 -0700] "HEAD / HTTP/1.1" 200 4525 "-" "Bridgy (https://brid.gy/about)" 
35.203.245.122 - - [01/Apr/2020:04:29:06 -0700] "GET / HTTP/1.1" 200 11959 "-" "Bridgy (https://brid.gy/about)" 
35.203.245.122 - - [01/Apr/2020:04:29:07 -0700] "HEAD /?_t=rss HTTP/1.1" 200 4496 "-" "Bridgy (https://brid.gy/about)" 
35.203.245.122 - - [01/Apr/2020:04:29:07 -0700] "HEAD /content/all?_t=rss HTTP/1.1" 200 4507 "-" "Bridgy (https://brid.gy/about)" 
35.203.245.122 - - [01/Apr/2020:04:29:08 -0700] "HEAD /content/all HTTP/1.1" 200 4536 "-" "Bridgy (https://brid.gy/about)" 
35.203.245.122 - - [01/Apr/2020:04:29:09 -0700] "GET /content/all HTTP/1.1" 200 11979 "-" "Bridgy (https://brid.gy/about)" 
35.203.245.122 - - [01/Apr/2020:04:29:10 -0700] "HEAD /2020/you-forgot-to-say-how-bad-it HTTP/1.1" 200 4558 "-" "Bridgy (https://brid.gy/about)" 
35.203.245.122 - - [01/Apr/2020:04:29:11 -0700] "HEAD /2020/untitled-36 HTTP/1.1" 200 4541 "-" "Bridgy (https://brid.gy/about)" 
35.203.245.122 - - [01/Apr/2020:04:29:11 -0700] "HEAD /2020/strange-ambiences-for-strange-times-music-of-sound HTTP/1.1" 200 4580 "-" "Bridgy (https://brid.gy/about)" 
46.229.168.151 - - [01/Apr/2020:04:29:11 -0700] "GET /2019/snap HTTP/1.1" 200 9594 "-" "Mozilla/5.0 (compatible; SemrushBot/6~bl; +http://www.semrush.com/bot.html)" 
35.203.245.122 - - [01/Apr/2020:04:29:12 -0700] "HEAD /2020/brunch-in-the-time-of-quarantine HTTP/1.1" 200 4562 "-" "Bridgy (https://brid.gy/about)" 
35.203.245.122 - - [01/Apr/2020:04:29:14 -0700] "HEAD /2020/societal-distancing HTTP/1.1" 200 4549 "-" "Bridgy (https://brid.gy/about)" 
35.203.245.122 - - [01/Apr/2020:04:29:14 -0700] "HEAD /2020/as-foreseen-and-very-tasty-too-though-i-say-so HTTP/1.1" 200 4576 "-" "Bridgy (https://brid.gy/about)" 
35.203.245.122 - - [01/Apr/2020:04:29:14 -0700] "HEAD /2020/working-from-home-can-be-magical---brettterpstracom HTTP/1.1" 200 4581 "-" "Bridgy (https://brid.gy/about)" 
35.203.245.122 - - [01/Apr/2020:04:29:14 -0700] "HEAD /2020/i-think-it-is-a-splendid-idea HTTP/1.1" 200 4559 "-" "Bridgy (https://brid.gy/about)" 
35.203.245.122 - - [01/Apr/2020:04:29:14 -0700] "HEAD /2020/100%25-wholewheat-sourdough-to-be-savoured-with-soup-for-lunch HTTP/1.1" 200 4592 "-" "Bridgy (https://brid.gy/about)" 
66.249.70.12 - - [01/Apr/2020:04:29:21 -0700] "GET /tag/Sourdough?_t=rss&offset=30 HTTP/1.1" 200 7949 "-" "Mozilla/5.0 (Linux; Android 6.0.1; Nexus 5X Build/MMB29P) AppleWebKit/537.36 (KHTML, like Gecko) Chrome/41.0.2272.96 Mobile Safari/537.36 (compatible; Googlebot/2.1; +http://www.google.com/bot.html)" 
96.126.125.129 - - [01/Apr/2020:04:30:19 -0700] "GET /content/statusupdates/posts/photos/checkins/bookmarkedpages?_t=rss HTTP/1.1" 200 7773 "-" "Micro.blog/1.0" 
46.229.168.130 - - [01/Apr/2020:04:30:48 -0700] "GET /content/all/?q=%23%2B%23rustic HTTP/1.1" 200 10423 "-" "Mozilla/5.0 (compatible; SemrushBot/6~bl; +http://www.semrush.com/bot.html)" 
46.229.168.163 - - [01/Apr/2020:04:31:06 -0700] "GET /robots.txt HTTP/1.1" 200 4576 "-" "Mozilla/5.0 (compatible; SemrushBot/6~bl; +http://www.semrush.com/bot.html)" 
46.229.168.163 - - [01/Apr/2020:04:31:06 -0700] "GET /content/bookmarkedpages?offset=160 HTTP/1.1" 200 10844 "-" "Mozilla/5.0 (compatible; SemrushBot/6~bl; +http://www.semrush.com/bot.html)" 
46.229.168.133 - - [01/Apr/2020:04:31:43 -0700] "GET /content/posts/?q=%2310DoT HTTP/1.1" 200 8515 "-" "Mozilla/5.0 (compatible; SemrushBot/6~bl; +http://www.semrush.com/bot.html)" 
96.126.125.129 - - [01/Apr/2020:04:32:00 -0700] "GET /content/statusupdates/posts/photos/checkins/bookmarkedpages?_t=rss HTTP/1.1" 200 7773 "-" "Micro.blog/1.0" 
66.249.70.16 - - [01/Apr/2020:04:33:10 -0700] "GET /tag/Sourdough?_t=amp&offset=40 HTTP/1.1" 200 11555 "-" "Mozilla/5.0 (Linux; Android 6.0.1; Nexus 5X Build/MMB29P) AppleWebKit/537.36 (KHTML, like Gecko) Chrome/41.0.2272.96 Mobile Safari/537.36 (compatible; Googlebot/2.1; +http://www.google.com/bot.html)" 
114.119.160.61 - - [01/Apr/2020:04:35:00 -0700] "GET /tag/trypod HTTP/1.1" 200 9282 "-" "Mozilla/5.0 (Linux; Android 7.0;) AppleWebKit/537.36 (KHTML, like Gecko) Mobile Safari/537.36 (compatible; AspiegelBot)" 
46.229.168.134 - - [01/Apr/2020:04:35:02 -0700] "GET /?offset=100&q=%23%2B%23indieweb HTTP/1.1" 200 13755 "-" "Mozilla/5.0 (compatible; SemrushBot/6~bl; +http://www.semrush.com/bot.html)" 
157.55.39.190 - - [01/Apr/2020:04:35:16 -0700] "GET /2018/feeling-good-about-the-changes-at-flickr HTTP/1.1" 200 10165 "-" "Mozilla/5.0 (compatible; bingbot/2.0; +http://www.bing.com/bingbot.htm)" 
17.58.96.249 - - [01/Apr/2020:04:36:21 -0700] "GET /file/ef801e05730eba56004c5b712ad84731/thumb.jpg HTTP/1.1" 200 25802 "-" "Mozilla/5.0 (Macintosh; Intel Mac OS X 10_10_1) AppleWebKit/600.2.5 (KHTML, like Gecko) Version/8.0.2 Safari/600.2.5 (Applebot/0.1; +http://www.apple.com/go/applebot)" 
17.58.96.249 - - [01/Apr/2020:04:37:06 -0700] "GET /2017/well-lets-start-with-a-retail-fact-that-2016-was HTTP/1.1" 200 6504 "-" "Mozilla/5.0 (Macintosh; Intel Mac OS X 10_10_1) AppleWebKit/600.2.5 (KHTML, like Gecko) Version/8.0.2 Safari/600.2.5 (Applebot/0.1; +http://www.apple.com/go/applebot)" 
157.55.39.186 - - [01/Apr/2020:04:37:48 -0700] "GET /content/statusupdates/?q=%23+%23IndieWeb&_t=rss HTTP/1.1" 200 7524 "-" "msnbot/2.0b (+http://search.msn.com/msnbot.htm)" 
46.229.168.163 - - [01/Apr/2020:04:37:50 -0700] "GET /?offset=136&q=%23%2B%23indieweb HTTP/1.1" 200 10688 "-" "Mozilla/5.0 (compatible; SemrushBot/6~bl; +http://www.semrush.com/bot.html)" 
207.46.13.12 - - [01/Apr/2020:04:38:28 -0700] "GET /2017/pride-goeth?_t=rss HTTP/1.1" 200 5605 "-" "msnbot/2.0b (+http://search.msn.com/msnbot.htm)" 
51.6.254.217 - - [01/Apr/2020:04:40:58 -0700] "GET /service/security/csrftoken/?url=annotation%2Fpost HTTP/1.1" 200 4418 "https://stream.jeremycherfas.net/2020/untitled-36" "Mozilla/5.0 (Macintosh; Intel Mac OS X 10_12_6) AppleWebKit/605.1.15 (KHTML, like Gecko) Version/12.0.3 Safari/605.1.15" 
51.6.254.217 - - [01/Apr/2020:04:40:58 -0700] "GET /service/security/csrftoken/ HTTP/1.1" 500 4786 "https://stream.jeremycherfas.net/2020/untitled-36" "Mozilla/5.0 (Macintosh; Intel Mac OS X 10_12_6) AppleWebKit/605.1.15 (KHTML, like Gecko) Version/12.0.3 Safari/605.1.15" 
46.229.168.133 - - [01/Apr/2020:04:40:59 -0700] "GET /content/bookmarkedpages/?q=%23%2B%23nigella HTTP/1.1" 200 8524 "-" "Mozilla/5.0 (compatible; SemrushBot/6~bl; +http://www.semrush.com/bot.html)" 
46.229.168.154 - - [01/Apr/2020:04:41:42 -0700] "GET /2017/site-deaths-where-you-least-expect-them HTTP/1.1" 200 11245 "-" "Mozilla/5.0 (compatible; SemrushBot/6~bl; +http://www.semrush.com/bot.html)" 
64.111.100.215 - - [01/Apr/2020:04:42:29 -0700] "GET /content/all?_t=rss HTTP/1.1" 200 16722 "-" "Mozilla/5.0 (X11; U; Linux i686; fr; rv:1.9.1.1) Gecko/20090715 Firefox/3.5.1" 
46.229.168.143 - - [01/Apr/2020:04:42:29 -0700] "GET /content/all/?q=%23%2B%23freersackler HTTP/1.1" 200 8533 "-" "Mozilla/5.0 (compatible; SemrushBot/6~bl; +http://www.semrush.com/bot.html)" 
66.249.70.4 - - [01/Apr/2020:04:42:32 -0700] "GET /tag/Sourdough?_t=amp&offset=50 HTTP/1.1" 200 10869 "-" "Mozilla/5.0 (Linux; Android 6.0.1; Nexus 5X Build/MMB29P) AppleWebKit/537.36 (KHTML, like Gecko) Chrome/41.0.2272.96 Mobile Safari/537.36 (compatible; Googlebot/2.1; +http://www.google.com/bot.html)" 
114.119.160.143 - - [01/Apr/2020:04:42:42 -0700] "GET /tag/+%23kalonji HTTP/1.1" 200 10537 "-" "Mozilla/5.0 (Linux; Android 7.0;) AppleWebKit/537.36 (KHTML, like Gecko) Mobile Safari/537.36 (compatible; AspiegelBot)" 
109.102.111.20 - - [01/Apr/2020:04:44:05 -0700] "GET /chrome/manifest.json HTTP/1.1" 200 5877 "https://stream.jeremycherfas.net/content/photos/?offset=550" "Mozilla/5.0 (Windows NT 6.2; WOW64; Trident/7.0; rv:11.0) like Gecko" 
109.102.111.20 - - [01/Apr/2020:04:44:06 -0700] "GET /vendor/twbs/bootstrap/dist/css/bootstrap.min.css HTTP/1.1" 200 21159 "https://stream.jeremycherfas.net/content/photos/?offset=550" "Mozilla/5.0 (Windows NT 6.2; WOW64; Trident/7.0; rv:11.0) like Gecko" 
109.102.111.20 - - [01/Apr/2020:04:44:07 -0700] "GET /vendor/twbs/bootstrap/dist/css/bootstrap-theme.min.css HTTP/1.1" 200 3508 "https://stream.jeremycherfas.net/content/photos/?offset=550" "Mozilla/5.0 (Windows NT 6.2; WOW64; Trident/7.0; rv:11.0) like Gecko" 
109.102.111.20 - - [01/Apr/2020:04:44:10 -0700] "GET /vendor/npm-asset/bootstrap-accessibility-plugin/plugins/css/bootstrap-accessibility.css HTTP/1.1" 200 1285 "https://stream.jeremycherfas.net/content/photos/?offset=550" "Mozilla/5.0 (Windows NT 6.2; WOW64; Trident/7.0; rv:11.0) like Gecko" 
109.102.111.20 - - [01/Apr/2020:04:44:14 -0700] "GET /vendor/forkawesome/fork-awesome/css/fork-awesome.min.css HTTP/1.1" 200 9226 "https://stream.jeremycherfas.net/content/photos/?offset=550" "Mozilla/5.0 (Windows NT 6.2; WOW64; Trident/7.0; rv:11.0) like Gecko" 
109.102.111.20 - - [01/Apr/2020:04:44:15 -0700] "GET /vendor/forkawesome/fork-awesome/css/v5-compat.min.css HTTP/1.1" 200 2740 "https://stream.jeremycherfas.net/content/photos/?offset=550" "Mozilla/5.0 (Windows NT 6.2; WOW64; Trident/7.0; rv:11.0) like Gecko" 
109.102.111.20 - - [01/Apr/2020:04:44:17 -0700] "GET /css/1579440965/known.min.css HTTP/1.1" 200 8074 "https://stream.jeremycherfas.net/content/photos/?offset=550" "Mozilla/5.0 (Windows NT 6.2; WOW64; Trident/7.0; rv:11.0) like Gecko" 
109.102.111.20 - - [01/Apr/2020:04:44:20 -0700] "GET /vendor/npm-asset/bootstrap-toggle/css/bootstrap-toggle.min.css HTTP/1.1" 200 1333 "https://stream.jeremycherfas.net/content/photos/?offset=550" "Mozilla/5.0 (Windows NT 6.2; WOW64; Trident/7.0; rv:11.0) like Gecko" 
109.102.111.20 - - [01/Apr/2020:04:44:22 -0700] "GET /vendor/idno/mentionjs/recommended-styles.css HTTP/1.1" 200 804 "https://stream.jeremycherfas.net/content/photos/?offset=550" "Mozilla/5.0 (Windows NT 6.2; WOW64; Trident/7.0; rv:11.0) like Gecko" 
109.102.111.20 - - [01/Apr/2020:04:44:23 -0700] "GET /content/photos/?offset=550&_t=rss HTTP/1.1" 200 4201 "https://stream.jeremycherfas.net/content/photos/?offset=550" "Mozilla/5.0 (Windows NT 6.2; WOW64; Trident/7.0; rv:11.0) like Gecko" 
109.102.111.20 - - [01/Apr/2020:04:44:25 -0700] "GET /content/all?_t=rss HTTP/1.1" 200 4345 "https://stream.jeremycherfas.net/content/photos/?offset=550" "Mozilla/5.0 (Windows NT 6.2; WOW64; Trident/7.0; rv:11.0) like Gecko" 
109.102.111.20 - - [01/Apr/2020:04:44:27 -0700] "GET /content/all HTTP/1.1" 200 8681 "https://stream.jeremycherfas.net/content/photos/?offset=550" "Mozilla/5.0 (Windows NT 6.2; WOW64; Trident/7.0; rv:11.0) like Gecko" 
109.102.111.20 - - [01/Apr/2020:04:44:29 -0700] "GET /webmention/ HTTP/1.1" 200 4505 "https://stream.jeremycherfas.net/content/photos/?offset=550" "Mozilla/5.0 (Windows NT 6.2; WOW64; Trident/7.0; rv:11.0) like Gecko" 
109.102.111.20 - - [01/Apr/2020:04:44:30 -0700] "GET /IdnoPlugins/Checkin/external/leaflet/leaflet.min.css HTTP/1.1" 200 2676 "https://stream.jeremycherfas.net/content/photos/?offset=550" "Mozilla/5.0 (Windows NT 6.2; WOW64; Trident/7.0; rv:11.0) like Gecko" 
109.102.111.20 - - [01/Apr/2020:04:44:32 -0700] "GET /IdnoPlugins/Checkin/external/leaflet/leaflet.min.ie.css HTTP/1.1" 404 4585 "https://stream.jeremycherfas.net/content/photos/?offset=550" "Mozilla/5.0 (Windows NT 6.2; WOW64; Trident/7.0; rv:11.0) like Gecko" 
109.102.111.20 - - [01/Apr/2020:04:44:34 -0700] "GET / HTTP/1.1" 200 8665 "https://stream.jeremycherfas.net/content/photos/?offset=550" "Mozilla/5.0 (Windows NT 6.2; WOW64; Trident/7.0; rv:11.0) like Gecko" 
109.102.111.20 - - [01/Apr/2020:04:44:36 -0700] "GET /indieauth/auth HTTP/1.1" 403 1332 "https://stream.jeremycherfas.net/content/photos/?offset=550" "Mozilla/5.0 (Windows NT 6.2; WOW64; Trident/7.0; rv:11.0) like Gecko" 
91.50.31.174 - - [01/Apr/2020:04:44:36 -0700] "GET /2020/you-forgot-to-say-how-bad-it HTTP/1.1" 200 9538 "https://www.inoreader.com/" "Mozilla/5.0 (Windows NT 10.0; Win64; x64) AppleWebKit/537.36 (KHTML, like Gecko) Chrome/83.0.4086.0 Safari/537.36 Edg/83.0.461.1" 
91.50.31.174 - - [01/Apr/2020:04:44:36 -0700] "GET /vendor/npm-asset/jquery/dist/jquery.min.js HTTP/1.1" 200 32009 "https://stream.jeremycherfas.net/2020/you-forgot-to-say-how-bad-it" "Mozilla/5.0 (Windows NT 10.0; Win64; x64) AppleWebKit/537.36 (KHTML, like Gecko) Chrome/83.0.4086.0 Safari/537.36 Edg/83.0.461.1" 
91.50.31.174 - - [01/Apr/2020:04:44:36 -0700] "GET /vendor/twbs/bootstrap/dist/css/bootstrap.min.css HTTP/1.1" 200 24094 "https://stream.jeremycherfas.net/2020/you-forgot-to-say-how-bad-it" "Mozilla/5.0 (Windows NT 10.0; Win64; x64) AppleWebKit/537.36 (KHTML, like Gecko) Chrome/83.0.4086.0 Safari/537.36 Edg/83.0.461.1" 
91.50.31.174 - - [01/Apr/2020:04:44:36 -0700] "GET /vendor/twbs/bootstrap/dist/js/bootstrap.min.js HTTP/1.1" 200 11773 "https://stream.jeremycherfas.net/2020/you-forgot-to-say-how-bad-it" "Mozilla/5.0 (Windows NT 10.0; Win64; x64) AppleWebKit/537.36 (KHTML, like Gecko) Chrome/83.0.4086.0 Safari/537.36 Edg/83.0.461.1" 
91.50.31.174 - - [01/Apr/2020:04:44:36 -0700] "GET /vendor/forkawesome/fork-awesome/css/fork-awesome.min.css HTTP/1.1" 200 8923 "https://stream.jeremycherfas.net/2020/you-forgot-to-say-how-bad-it" "Mozilla/5.0 (Windows NT 10.0; Win64; x64) AppleWebKit/537.36 (KHTML, like Gecko) Chrome/83.0.4086.0 Safari/537.36 Edg/83.0.461.1" 
91.50.31.174 - - [01/Apr/2020:04:44:36 -0700] "GET /vendor/npm-asset/bootstrap-accessibility-plugin/plugins/css/bootstrap-accessibility.css HTTP/1.1" 200 1021 "https://stream.jeremycherfas.net/2020/you-forgot-to-say-how-bad-it" "Mozilla/5.0 (Windows NT 10.0; Win64; x64) AppleWebKit/537.36 (KHTML, like Gecko) Chrome/83.0.4086.0 Safari/537.36 Edg/83.0.461.1" 
91.50.31.174 - - [01/Apr/2020:04:44:36 -0700] "GET /vendor/forkawesome/fork-awesome/css/v5-compat.min.css HTTP/1.1" 200 2616 "https://stream.jeremycherfas.net/2020/you-forgot-to-say-how-bad-it" "Mozilla/5.0 (Windows NT 10.0; Win64; x64) AppleWebKit/537.36 (KHTML, like Gecko) Chrome/83.0.4086.0 Safari/537.36 Edg/83.0.461.1" 
91.50.31.174 - - [01/Apr/2020:04:44:37 -0700] "GET /vendor/npm-asset/bootstrap-toggle/css/bootstrap-toggle.min.css HTTP/1.1" 200 1061 "https://stream.jeremycherfas.net/2020/you-forgot-to-say-how-bad-it" "Mozilla/5.0 (Windows NT 10.0; Win64; x64) AppleWebKit/537.36 (KHTML, like Gecko) Chrome/83.0.4086.0 Safari/537.36 Edg/83.0.461.1" 
91.50.31.174 - - [01/Apr/2020:04:44:37 -0700] "GET /css/1579440965/known.min.css HTTP/1.1" 200 7758 "https://stream.jeremycherfas.net/2020/you-forgot-to-say-how-bad-it" "Mozilla/5.0 (Windows NT 10.0; Win64; x64) AppleWebKit/537.36 (KHTML, like Gecko) Chrome/83.0.4086.0 Safari/537.36 Edg/83.0.461.1" 
91.50.31.174 - - [01/Apr/2020:04:44:37 -0700] "GET /vendor/idno/mentionjs/recommended-styles.css HTTP/1.1" 200 682 "https://stream.jeremycherfas.net/2020/you-forgot-to-say-how-bad-it" "Mozilla/5.0 (Windows NT 10.0; Win64; x64) AppleWebKit/537.36 (KHTML, like Gecko) Chrome/83.0.4086.0 Safari/537.36 Edg/83.0.461.1" 
91.50.31.174 - - [01/Apr/2020:04:44:37 -0700] "GET /Themes/Solo/css/default.min.css HTTP/1.1" 200 1045 "https://stream.jeremycherfas.net/2020/you-forgot-to-say-how-bad-it" "Mozilla/5.0 (Windows NT 10.0; Win64; x64) AppleWebKit/537.36 (KHTML, like Gecko) Chrome/83.0.4086.0 Safari/537.36 Edg/83.0.461.1" 
91.50.31.174 - - [01/Apr/2020:04:44:37 -0700] "GET /IdnoPlugins/Checkin/external/leaflet/leaflet.min.css HTTP/1.1" 200 2556 "https://stream.jeremycherfas.net/2020/you-forgot-to-say-how-bad-it" "Mozilla/5.0 (Windows NT 10.0; Win64; x64) AppleWebKit/537.36 (KHTML, like Gecko) Chrome/83.0.4086.0 Safari/537.36 Edg/83.0.461.1" 
91.50.31.174 - - [01/Apr/2020:04:44:37 -0700] "GET /vendor/npm-asset/bootstrap-accessibility-plugin/plugins/js/bootstrap-accessibility.min.js HTTP/1.1" 200 4813 "https://stream.jeremycherfas.net/2020/you-forgot-to-say-how-bad-it" "Mozilla/5.0 (Windows NT 10.0; Win64; x64) AppleWebKit/537.36 (KHTML, like Gecko) Chrome/83.0.4086.0 Safari/537.36 Edg/83.0.461.1" 
91.50.31.174 - - [01/Apr/2020:04:44:37 -0700] "GET /js/1579440966/known.min.js HTTP/1.1" 200 4924 "https://stream.jeremycherfas.net/2020/you-forgot-to-say-how-bad-it" "Mozilla/5.0 (Windows NT 10.0; Win64; x64) AppleWebKit/537.36 (KHTML, like Gecko) Chrome/83.0.4086.0 Safari/537.36 Edg/83.0.461.1" 
91.50.31.174 - - [01/Apr/2020:04:44:37 -0700] "GET /vendor/npm-asset/bootstrap-toggle/js/bootstrap-toggle.js HTTP/1.1" 200 2106 "https://stream.jeremycherfas.net/2020/you-forgot-to-say-how-bad-it" "Mozilla/5.0 (Windows NT 10.0; Win64; x64) AppleWebKit/537.36 (KHTML, like Gecko) Chrome/83.0.4086.0 Safari/537.36 Edg/83.0.461.1" 
91.50.31.174 - - [01/Apr/2020:04:44:37 -0700] "GET /IdnoPlugins/Checkin/external/leaflet/leaflet.js HTTP/1.1" 200 34144 "https://stream.jeremycherfas.net/2020/you-forgot-to-say-how-bad-it" "Mozilla/5.0 (Windows NT 10.0; Win64; x64) AppleWebKit/537.36 (KHTML, like Gecko) Chrome/83.0.4086.0 Safari/537.36 Edg/83.0.461.1" 
91.50.31.174 - - [01/Apr/2020:04:44:37 -0700] "GET /IdnoPlugins/Checkin/external/stamen-maps/tile.stamen.min.js HTTP/1.1" 200 2065 "https://stream.jeremycherfas.net/2020/you-forgot-to-say-how-bad-it" "Mozilla/5.0 (Windows NT 10.0; Win64; x64) AppleWebKit/537.36 (KHTML, like Gecko) Chrome/83.0.4086.0 Safari/537.36 Edg/83.0.461.1" 
91.50.31.174 - - [01/Apr/2020:04:44:37 -0700] "GET /IdnoPlugins/Media/external/wavesurfer/dist/wavesurfer.min.js HTTP/1.1" 200 6858 "https://stream.jeremycherfas.net/2020/you-forgot-to-say-how-bad-it" "Mozilla/5.0 (Windows NT 10.0; Win64; x64) AppleWebKit/537.36 (KHTML, like Gecko) Chrome/83.0.4086.0 Safari/537.36 Edg/83.0.461.1" 
91.50.31.174 - - [01/Apr/2020:04:44:37 -0700] "GET /vendor/npm-asset/vanilla-fitvids/jquery.fitvids.js HTTP/1.1" 200 1873 "https://stream.jeremycherfas.net/2020/you-forgot-to-say-how-bad-it" "Mozilla/5.0 (Windows NT 10.0; Win64; x64) AppleWebKit/537.36 (KHTML, like Gecko) Chrome/83.0.4086.0 Safari/537.36 Edg/83.0.461.1" 
91.50.31.174 - - [01/Apr/2020:04:44:37 -0700] "GET /vendor/npm-asset/mediaelement/build/mediaelementplayer.min.css HTTP/1.1" 200 3120 "https://stream.jeremycherfas.net/2020/you-forgot-to-say-how-bad-it" "Mozilla/5.0 (Windows NT 10.0; Win64; x64) AppleWebKit/537.36 (KHTML, like Gecko) Chrome/83.0.4086.0 Safari/537.36 Edg/83.0.461.1" 
91.50.31.174 - - [01/Apr/2020:04:44:37 -0700] "GET /vendor/npm-asset/mediaelement/build/mediaelement-and-player.min.js HTTP/1.1" 200 41590 "https://stream.jeremycherfas.net/2020/you-forgot-to-say-how-bad-it" "Mozilla/5.0 (Windows NT 10.0; Win64; x64) AppleWebKit/537.36 (KHTML, like Gecko) Chrome/83.0.4086.0 Safari/537.36 Edg/83.0.461.1" 
91.50.31.174 - - [01/Apr/2020:04:44:37 -0700] "GET /vendor/forkawesome/fork-awesome/fonts/forkawesome-webfont.woff2?v=1.1.7 HTTP/1.1" 200 92205 "https://stream.jeremycherfas.net/vendor/forkawesome/fork-awesome/css/fork-awesome.min.css" "Mozilla/5.0 (Windows NT 10.0; Win64; x64) AppleWebKit/537.36 (KHTML, like Gecko) Chrome/83.0.4086.0 Safari/537.36 Edg/83.0.461.1" 
91.50.31.174 - - [01/Apr/2020:04:44:37 -0700] "GET /gfx/users/default-00.png HTTP/1.1" 200 5798 "https://stream.jeremycherfas.net/2020/you-forgot-to-say-how-bad-it" "Mozilla/5.0 (Windows NT 10.0; Win64; x64) AppleWebKit/537.36 (KHTML, like Gecko) Chrome/83.0.4086.0 Safari/537.36 Edg/83.0.461.1" 
91.50.31.174 - - [01/Apr/2020:04:44:37 -0700] "GET /vendor/rmm5t/jquery-timeago/jquery.timeago.js HTTP/1.1" 200 3015 "https://stream.jeremycherfas.net/2020/you-forgot-to-say-how-bad-it" "Mozilla/5.0 (Windows NT 10.0; Win64; x64) AppleWebKit/537.36 (KHTML, like Gecko) Chrome/83.0.4086.0 Safari/537.36 Edg/83.0.461.1" 
91.50.31.174 - - [01/Apr/2020:04:44:37 -0700] "GET /vendor/rmm5t/jquery-timeago/locales/jquery.timeago.en.js HTTP/1.1" 200 886 "https://stream.jeremycherfas.net/2020/you-forgot-to-say-how-bad-it" "Mozilla/5.0 (Windows NT 10.0; Win64; x64) AppleWebKit/537.36 (KHTML, like Gecko) Chrome/83.0.4086.0 Safari/537.36 Edg/83.0.461.1" 
91.50.31.174 - - [01/Apr/2020:04:44:37 -0700] "GET /vendor/npm-asset/underscore/underscore-min.js HTTP/1.1" 200 7059 "https://stream.jeremycherfas.net/2020/you-forgot-to-say-how-bad-it" "Mozilla/5.0 (Windows NT 10.0; Win64; x64) AppleWebKit/537.36 (KHTML, like Gecko) Chrome/83.0.4086.0 Safari/537.36 Edg/83.0.461.1" 
91.50.31.174 - - [01/Apr/2020:04:44:37 -0700] "GET /vendor/npm-asset/exif-js/exif.js HTTP/1.1" 200 9962 "https://stream.jeremycherfas.net/2020/you-forgot-to-say-how-bad-it" "Mozilla/5.0 (Windows NT 10.0; Win64; x64) AppleWebKit/537.36 (KHTML, like Gecko) Chrome/83.0.4086.0 Safari/537.36 Edg/83.0.461.1" 
91.50.31.174 - - [01/Apr/2020:04:44:37 -0700] "GET /file/ef801e05730eba56004c5b712ad84731/thumb.jpg HTTP/1.1" 200 22619 "https://stream.jeremycherfas.net/2020/you-forgot-to-say-how-bad-it" "Mozilla/5.0 (Windows NT 10.0; Win64; x64) AppleWebKit/537.36 (KHTML, like Gecko) Chrome/83.0.4086.0 Safari/537.36 Edg/83.0.461.1" 
109.102.111.20 - - [01/Apr/2020:04:44:37 -0700] "GET /indieauth/auth HTTP/1.1" 403 1332 "https://stream.jeremycherfas.net/content/photos/?offset=550" "Mozilla/5.0 (Windows NT 6.2; WOW64; Trident/7.0; rv:11.0) like Gecko" 
91.50.31.174 - - [01/Apr/2020:04:44:38 -0700] "GET /chrome/manifest.json HTTP/1.1" 200 5793 "https://stream.jeremycherfas.net/2020/you-forgot-to-say-how-bad-it" "Mozilla/5.0 (Windows NT 10.0; Win64; x64) AppleWebKit/537.36 (KHTML, like Gecko) Chrome/83.0.4086.0 Safari/537.36 Edg/83.0.461.1" 
91.50.31.174 - - [01/Apr/2020:04:44:39 -0700] "GET /gfx/logos/apple-icon-144x144.png HTTP/1.1" 200 10316 "https://stream.jeremycherfas.net/2020/you-forgot-to-say-how-bad-it" "Mozilla/5.0 (Windows NT 10.0; Win64; x64) AppleWebKit/537.36 (KHTML, like Gecko) Chrome/83.0.4086.0 Safari/537.36 Edg/83.0.461.1" 
109.102.111.20 - - [01/Apr/2020:04:44:39 -0700] "GET /indieauth/token HTTP/1.1" 404 1012 "https://stream.jeremycherfas.net/content/photos/?offset=550" "Mozilla/5.0 (Windows NT 6.2; WOW64; Trident/7.0; rv:11.0) like Gecko" 
109.102.111.20 - - [01/Apr/2020:04:44:41 -0700] "GET /micropub/endpoint HTTP/1.1" 403 906 "https://stream.jeremycherfas.net/content/photos/?offset=550" "Mozilla/5.0 (Windows NT 6.2; WOW64; Trident/7.0; rv:11.0) like Gecko" 
109.102.111.20 - - [01/Apr/2020:04:44:42 -0700] "GET /micropub/endpoint HTTP/1.1" 403 906 "https://stream.jeremycherfas.net/content/photos/?offset=550" "Mozilla/5.0 (Windows NT 6.2; WOW64; Trident/7.0; rv:11.0) like Gecko" 
109.102.111.20 - - [01/Apr/2020:04:44:44 -0700] "GET /Themes/Solo/css/default.min.css HTTP/1.1" 200 1172 "https://stream.jeremycherfas.net/content/photos/?offset=550" "Mozilla/5.0 (Windows NT 6.2; WOW64; Trident/7.0; rv:11.0) like Gecko" 
109.102.111.20 - - [01/Apr/2020:04:44:46 -0700] "GET /content/all/ HTTP/1.1" 200 8842 "https://stream.jeremycherfas.net/content/photos/?offset=550" "Mozilla/5.0 (Windows NT 6.2; WOW64; Trident/7.0; rv:11.0) like Gecko" 
109.102.111.20 - - [01/Apr/2020:04:44:48 -0700] "GET /content/posts/ HTTP/1.1" 200 9433 "https://stream.jeremycherfas.net/content/photos/?offset=550" "Mozilla/5.0 (Windows NT 6.2; WOW64; Trident/7.0; rv:11.0) like Gecko" 
109.102.111.20 - - [01/Apr/2020:04:44:49 -0700] "GET /content/statusupdates/ HTTP/1.1" 200 8857 "https://stream.jeremycherfas.net/content/photos/?offset=550" "Mozilla/5.0 (Windows NT 6.2; WOW64; Trident/7.0; rv:11.0) like Gecko" 
109.102.111.20 - - [01/Apr/2020:04:44:51 -0700] "GET /content/locations/ HTTP/1.1" 200 8361 "https://stream.jeremycherfas.net/content/photos/?offset=550" "Mozilla/5.0 (Windows NT 6.2; WOW64; Trident/7.0; rv:11.0) like Gecko" 
109.102.111.20 - - [01/Apr/2020:04:44:53 -0700] "GET /content/photos/ HTTP/1.1" 200 8329 "https://stream.jeremycherfas.net/content/photos/?offset=550" "Mozilla/5.0 (Windows NT 6.2; WOW64; Trident/7.0; rv:11.0) like Gecko" 
109.102.111.20 - - [01/Apr/2020:04:44:55 -0700] "GET /content/bookmarkedpages/ HTTP/1.1" 200 8569 "https://stream.jeremycherfas.net/content/photos/?offset=550" "Mozilla/5.0 (Windows NT 6.2; WOW64; Trident/7.0; rv:11.0) like Gecko" 
109.102.111.20 - - [01/Apr/2020:04:44:56 -0700] "GET /content/events/ HTTP/1.1" 200 6313 "https://stream.jeremycherfas.net/content/photos/?offset=550" "Mozilla/5.0 (Windows NT 6.2; WOW64; Trident/7.0; rv:11.0) like Gecko" 
109.102.111.20 - - [01/Apr/2020:04:44:58 -0700] "GET /content/rsvp/ HTTP/1.1" 200 6873 "https://stream.jeremycherfas.net/content/photos/?offset=550" "Mozilla/5.0 (Windows NT 6.2; WOW64; Trident/7.0; rv:11.0) like Gecko" 
109.102.111.20 - - [01/Apr/2020:04:44:59 -0700] "GET /content/audio/ HTTP/1.1" 200 6825 "https://stream.jeremycherfas.net/content/photos/?offset=550" "Mozilla/5.0 (Windows NT 6.2; WOW64; Trident/7.0; rv:11.0) like Gecko" 
109.102.111.20 - - [01/Apr/2020:04:45:01 -0700] "GET /session/login HTTP/1.1" 200 4953 "https://stream.jeremycherfas.net/content/photos/?offset=550" "Mozilla/5.0 (Windows NT 6.2; WOW64; Trident/7.0; rv:11.0) like Gecko" 
109.102.111.20 - - [01/Apr/2020:04:45:02 -0700] "GET /profile/jeremy HTTP/1.1" 200 13820 "https://stream.jeremycherfas.net/content/photos/?offset=550" "Mozilla/5.0 (Windows NT 6.2; WOW64; Trident/7.0; rv:11.0) like Gecko" 
109.102.111.20 - - [01/Apr/2020:04:45:06 -0700] "GET /2017/score-thanks-atmelissasbnb HTTP/1.1" 200 7754 "https://stream.jeremycherfas.net/content/photos/?offset=550" "Mozilla/5.0 (Windows NT 6.2; WOW64; Trident/7.0; rv:11.0) like Gecko" 
109.102.111.20 - - [01/Apr/2020:04:45:07 -0700] "GET /2017/christmas-fun HTTP/1.1" 200 7897 "https://stream.jeremycherfas.net/content/photos/?offset=550" "Mozilla/5.0 (Windows NT 6.2; WOW64; Trident/7.0; rv:11.0) like Gecko" 
109.102.111.20 - - [01/Apr/2020:04:45:08 -0700] "GET /2017/how-they-serve-an-espresso HTTP/1.1" 200 8233 "https://stream.jeremycherfas.net/content/photos/?offset=550" "Mozilla/5.0 (Windows NT 6.2; WOW64; Trident/7.0; rv:11.0) like Gecko" 
109.102.111.20 - - [01/Apr/2020:04:45:10 -0700] "GET /2017/one-skein-of-the-hundreds-of-snow-geese-brightening-the HTTP/1.1" 200 7577 "https://stream.jeremycherfas.net/content/photos/?offset=550" "Mozilla/5.0 (Windows NT 6.2; WOW64; Trident/7.0; rv:11.0) like Gecko" 
109.102.111.20 - - [01/Apr/2020:04:45:12 -0700] "GET /2017/mackerel-sky-over-crystal-city HTTP/1.1" 200 7369 "https://stream.jeremycherfas.net/content/photos/?offset=550" "Mozilla/5.0 (Windows NT 6.2; WOW64; Trident/7.0; rv:11.0) like Gecko" 
109.102.111.20 - - [01/Apr/2020:04:45:13 -0700] "GET /2017/no-getting-away-from-it HTTP/1.1" 200 7593 "https://stream.jeremycherfas.net/content/photos/?offset=550" "Mozilla/5.0 (Windows NT 6.2; WOW64; Trident/7.0; rv:11.0) like Gecko" 
109.102.111.20 - - [01/Apr/2020:04:45:15 -0700] "GET /2017/all-hail-the-new-graduates-of-u-day-2-much HTTP/1.1" 200 8009 "https://stream.jeremycherfas.net/content/photos/?offset=550" "Mozilla/5.0 (Windows NT 6.2; WOW64; Trident/7.0; rv:11.0) like Gecko" 
109.102.111.20 - - [01/Apr/2020:04:45:16 -0700] "GET /tag/Sourdough HTTP/1.1" 200 9001 "https://stream.jeremycherfas.net/content/photos/?offset=550" "Mozilla/5.0 (Windows NT 6.2; WOW64; Trident/7.0; rv:11.0) like Gecko" 
109.102.111.20 - - [01/Apr/2020:04:45:18 -0700] "GET /2017/a-demonstration-loaf-for-u-day-2-went-very-well HTTP/1.1" 200 7465 "https://stream.jeremycherfas.net/content/photos/?offset=550" "Mozilla/5.0 (Windows NT 6.2; WOW64; Trident/7.0; rv:11.0) like Gecko" 
