165.22.180.224 - - [20/Feb/2020:00:20:32 -0800] "GET /blog.atom HTTP/1.1" 301 3843 "-" "NewsBlur Feed Fetcher - 1 subscriber - http://www.newsblur.com/site/7674568/jeremy-cherfas-posts (Mozilla/5.0 (Macintosh; Intel Mac OS X 10_12_3) AppleWebKit/537.36 (KHTML, like Gecko) Chrome/56.0.2924.87 Safari/537.36)" 
219.91.196.11 - - [20/Feb/2020:00:29:31 -0800] "HEAD / HTTP/1.1" 301 3416 "-" "CyotekWebCopy/1.7 CyotekHTTP/2.0" 
54.36.149.64 - - [20/Feb/2020:01:17:46 -0800] "GET /blog/lagging-behind HTTP/1.1" 301 3612 "-" "Mozilla/5.0 (compatible; AhrefsBot/6.1; +http://ahrefs.com/robot/)" 
157.55.39.225 - - [20/Feb/2020:01:45:41 -0800] "GET / HTTP/1.1" 301 3825 "-" "Mozilla/5.0 (compatible; bingbot/2.0; +http://www.bing.com/bingbot.htm)" 
54.39.188.170 - - [20/Feb/2020:02:45:55 -0800] "GET /blog.atom HTTP/1.1" 301 3592 "-" "Mozilla/5.0 (compatible; YaK/1.0; http://linkfluence.com/; bot@linkfluence.com)" 
159.65.237.194 - - [20/Feb/2020:05:11:22 -0800] "GET /blog.atom HTTP/1.1" 301 3843 "-" "NewsBlur Feed Fetcher - 1 subscriber - http://www.newsblur.com/site/7674568/jeremy-cherfas-posts (Mozilla/5.0 (Macintosh; Intel Mac OS X 10_12_3) AppleWebKit/537.36 (KHTML, like Gecko) Chrome/56.0.2924.87 Safari/537.36)" 
54.36.149.8 - - [20/Feb/2020:05:55:43 -0800] "GET /robots.txt HTTP/1.1" 301 3599 "-" "Mozilla/5.0 (compatible; AhrefsBot/6.1; +http://ahrefs.com/robot/)" 
46.228.255.4 - - [20/Feb/2020:06:02:54 -0800] "GET /robots.txt HTTP/1.1" 301 3594 "-" "My Nutch Spider/Nutch-1.15" 
46.228.255.4 - - [20/Feb/2020:06:03:00 -0800] "GET / HTTP/1.1" 301 3574 "-" "My Nutch Spider/Nutch-1.15" 
216.244.66.237 - - [20/Feb/2020:06:29:06 -0800] "GET /wp/Archive/2006/03/18/indefensible/ HTTP/1.1" 301 3649 "-" "Mozilla/5.0 (compatible; DotBot/1.1; http://www.opensiteexplorer.org/dotbot, help@moz.com)" 
103.131.71.96 - - [20/Feb/2020:06:54:21 -0800] "GET /robots.txt HTTP/1.1" 200 3570 "-" "Mozilla/5.0 (compatible; coccocbot-web/1.0; +http://help.coccoc.com/searchengine)" 
216.244.66.237 - - [20/Feb/2020:07:06:28 -0800] "GET /blog/blog/snap HTTP/1.1" 301 3607 "-" "Mozilla/5.0 (compatible; DotBot/1.1; http://www.opensiteexplorer.org/dotbot, help@moz.com)" 
216.244.66.237 - - [20/Feb/2020:07:06:48 -0800] "GET /blog/blog/have-they-no-shame HTTP/1.1" 301 3635 "-" "Mozilla/5.0 (compatible; DotBot/1.1; http://www.opensiteexplorer.org/dotbot, help@moz.com)" 
114.119.161.96 - - [20/Feb/2020:08:20:39 -0800] "GET / HTTP/1.1" 301 3593 "-" "Mozilla/5.0(Linux;Android 5.1.1;OPPO A33 Build/LMY47V;wv) AppleWebKit/537.36(KHTML,link Gecko) Version/4.0 Chrome/42.0.2311.138 Mobile Safari/537.36" 
216.244.66.237 - - [20/Feb/2020:08:47:55 -0800] "GET /wp/Archive/2006/01/12/lost-in-the-geekosphere/ HTTP/1.1" 301 3671 "-" "Mozilla/5.0 (compatible; DotBot/1.1; http://www.opensiteexplorer.org/dotbot, help@moz.com)" 
159.65.225.40 - - [20/Feb/2020:09:24:31 -0800] "GET /blog.atom HTTP/1.1" 301 3843 "-" "NewsBlur Feed Fetcher - 1 subscriber - http://www.newsblur.com/site/7674568/jeremy-cherfas-posts (Mozilla/5.0 (Macintosh; Intel Mac OS X 10_12_3) AppleWebKit/537.36 (KHTML, like Gecko) Chrome/56.0.2924.87 Safari/537.36)" 
216.244.66.237 - - [20/Feb/2020:09:27:00 -0800] "GET /wp/Archive/2008/03/27/how-long-is-the-long-run/?replytocom=9503 HTTP/1.1" 301 3731 "-" "Mozilla/5.0 (compatible; DotBot/1.1; http://www.opensiteexplorer.org/dotbot, help@moz.com)" 
216.244.66.237 - - [20/Feb/2020:10:09:55 -0800] "GET /wp/Archive/2005/10/25/no-more-to-say/?replytocom=967 HTTP/1.1" 301 3683 "-" "Mozilla/5.0 (compatible; DotBot/1.1; http://www.opensiteexplorer.org/dotbot, help@moz.com)" 
216.244.66.237 - - [20/Feb/2020:10:11:05 -0800] "GET /wp/Archive/2006/11/02/garden-state/?replytocom=6075 HTTP/1.1" 301 3681 "-" "Mozilla/5.0 (compatible; DotBot/1.1; http://www.opensiteexplorer.org/dotbot, help@moz.com)" 
216.244.66.237 - - [20/Feb/2020:10:11:10 -0800] "GET /wp/Archive/2007/06/28/goosed/?replytocom=8234 HTTP/1.1" 301 3669 "-" "Mozilla/5.0 (compatible; DotBot/1.1; http://www.opensiteexplorer.org/dotbot, help@moz.com)" 
216.244.66.237 - - [20/Feb/2020:10:36:13 -0800] "GET /blog/blog/if-this-blog-... HTTP/1.1" 301 3631 "-" "Mozilla/5.0 (compatible; DotBot/1.1; http://www.opensiteexplorer.org/dotbot, help@moz.com)" 
116.193.170.50 - - [20/Feb/2020:11:08:44 -0800] "GET / HTTP/1.1" 301 3825 "-" "Mozilla/5.0 (Windows NT 6.2; WOW64) AppleWebKit/537.36 (KHTML, like Gecko) Chrome/27.0.1453.94 Safari/537.36" 
103.131.71.50 - - [20/Feb/2020:11:19:20 -0800] "GET /robots.txt HTTP/1.1" 200 3570 "-" "Mozilla/5.0 (compatible; coccocbot-image/1.0; +http://help.coccoc.com/searchengine)" 
216.244.66.237 - - [20/Feb/2020:13:00:40 -0800] "GET /wp/Archive/2008/05/11/who-is-that-guy/?replytocom=9860 HTTP/1.1" 301 3687 "-" "Mozilla/5.0 (compatible; DotBot/1.1; http://www.opensiteexplorer.org/dotbot, help@moz.com)" 
216.244.66.237 - - [20/Feb/2020:13:00:44 -0800] "GET /wp/Archive/2012/02/13/bread-is-for-real/?replytocom=75041 HTTP/1.1" 301 3693 "-" "Mozilla/5.0 (compatible; DotBot/1.1; http://www.opensiteexplorer.org/dotbot, help@moz.com)" 
216.244.66.237 - - [20/Feb/2020:13:02:31 -0800] "GET /wp/Archive/2008/09/19/so-i-know-that-so-what/?replytocom=11029 HTTP/1.1" 301 3729 "-" "Mozilla/5.0 (compatible; DotBot/1.1; http://www.opensiteexplorer.org/dotbot, help@moz.com)" 
159.65.238.174 - - [20/Feb/2020:13:25:02 -0800] "GET /blog.atom HTTP/1.1" 301 3843 "-" "NewsBlur Feed Fetcher - 1 subscriber - http://www.newsblur.com/site/7674568/jeremy-cherfas-posts (Mozilla/5.0 (Macintosh; Intel Mac OS X 10_12_3) AppleWebKit/537.36 (KHTML, like Gecko) Chrome/56.0.2924.87 Safari/537.36)" 
216.244.66.237 - - [20/Feb/2020:13:42:09 -0800] "GET /wp/Archive/2006/08/29/food-news-8/?replytocom=2468 HTTP/1.1" 301 3679 "-" "Mozilla/5.0 (compatible; DotBot/1.1; http://www.opensiteexplorer.org/dotbot, help@moz.com)" 
216.244.66.237 - - [20/Feb/2020:13:43:56 -0800] "GET /wp/Archive/2008/08/19/now-thats-what-i-call-saving-seeds/?replytocom=10959 HTTP/1.1" 301 3727 "-" "Mozilla/5.0 (compatible; DotBot/1.1; http://www.opensiteexplorer.org/dotbot, help@moz.com)" 
216.244.66.237 - - [20/Feb/2020:14:30:33 -0800] "GET /wp/Archive/2007/07/23/unabbreviated-bliss/?replytocom=8368 HTTP/1.1" 301 3695 "-" "Mozilla/5.0 (compatible; DotBot/1.1; http://www.opensiteexplorer.org/dotbot, help@moz.com)" 
216.244.66.237 - - [20/Feb/2020:14:30:36 -0800] "GET /wp/Archive/2008/03/06/simply-amazing-2/?replytocom=9409 HTTP/1.1" 301 3689 "-" "Mozilla/5.0 (compatible; DotBot/1.1; http://www.opensiteexplorer.org/dotbot, help@moz.com)" 
216.244.66.237 - - [20/Feb/2020:14:30:39 -0800] "GET /wp/Archive/2008/11/08/belter/?replytocom=11282 HTTP/1.1" 301 3671 "-" "Mozilla/5.0 (compatible; DotBot/1.1; http://www.opensiteexplorer.org/dotbot, help@moz.com)" 
216.244.66.237 - - [20/Feb/2020:15:12:31 -0800] "GET /wp/Archive/2006/06/22/ombre-del-lupercale/?replytocom=2088 HTTP/1.1" 301 3695 "-" "Mozilla/5.0 (compatible; DotBot/1.1; http://www.opensiteexplorer.org/dotbot, help@moz.com)" 
216.244.66.237 - - [20/Feb/2020:15:12:34 -0800] "GET /wp/Archive/2006/07/11/food-news-2/?replytocom=2180 HTTP/1.1" 301 3679 "-" "Mozilla/5.0 (compatible; DotBot/1.1; http://www.opensiteexplorer.org/dotbot, help@moz.com)" 
216.244.66.237 - - [20/Feb/2020:15:12:37 -0800] "GET /wp/Archive/2006/08/29/where-are-we-on-metadata/?replytocom=2417 HTTP/1.1" 301 3731 "-" "Mozilla/5.0 (compatible; DotBot/1.1; http://www.opensiteexplorer.org/dotbot, help@moz.com)" 
216.244.66.237 - - [20/Feb/2020:15:12:39 -0800] "GET /wp/Archive/2007/01/15/a-day-to-remember/?replytocom=8757 HTTP/1.1" 301 3691 "-" "Mozilla/5.0 (compatible; DotBot/1.1; http://www.opensiteexplorer.org/dotbot, help@moz.com)" 
216.244.66.237 - - [20/Feb/2020:15:12:46 -0800] "GET /wp/Archive/2012/02/13/bread-is-for-real/?replytocom=74988 HTTP/1.1" 301 3693 "-" "Mozilla/5.0 (compatible; DotBot/1.1; http://www.opensiteexplorer.org/dotbot, help@moz.com)" 
216.244.66.237 - - [20/Feb/2020:15:13:46 -0800] "GET /wp/Archive/2008/07/21/ill-equipped-for-walkies/?replytocom=10893 HTTP/1.1" 301 3733 "-" "Mozilla/5.0 (compatible; DotBot/1.1; http://www.opensiteexplorer.org/dotbot, help@moz.com)" 
216.244.66.237 - - [20/Feb/2020:15:54:10 -0800] "GET /wp/Archive/2006/10/04/waterworld-not/?replytocom=3352 HTTP/1.1" 301 3685 "-" "Mozilla/5.0 (compatible; DotBot/1.1; http://www.opensiteexplorer.org/dotbot, help@moz.com)" 
216.244.66.237 - - [20/Feb/2020:15:54:14 -0800] "GET /wp/Archive/2006/11/24/nutrition-genes-feed-fantasy/?replytocom=6104 HTTP/1.1" 301 3713 "-" "Mozilla/5.0 (compatible; DotBot/1.1; http://www.opensiteexplorer.org/dotbot, help@moz.com)" 
216.244.66.237 - - [20/Feb/2020:15:54:17 -0800] "GET /wp/Archive/2007/12/18/a-goliath-of-a-film/?replytocom=9217 HTTP/1.1" 301 3695 "-" "Mozilla/5.0 (compatible; DotBot/1.1; http://www.opensiteexplorer.org/dotbot, help@moz.com)" 
216.244.66.237 - - [20/Feb/2020:15:55:23 -0800] "GET /wp/Archive/2012/02/14/the-art-of-making-bread/?replytocom=75148 HTTP/1.1" 301 3731 "-" "Mozilla/5.0 (compatible; DotBot/1.1; http://www.opensiteexplorer.org/dotbot, help@moz.com)" 
216.244.66.237 - - [20/Feb/2020:16:37:41 -0800] "GET /wp/Archive/2008/07/24/scenes-from-roman-life-15-is-this-ironic-or-what/?replytocom=10914 HTTP/1.1" 301 3755 "-" "Mozilla/5.0 (compatible; DotBot/1.1; http://www.opensiteexplorer.org/dotbot, help@moz.com)" 
216.244.66.237 - - [20/Feb/2020:16:37:45 -0800] "GET /wp/Archive/2010/01/31/hamelmans-semolina-with-a-whole-grain-soaker/?replytocom=30858 HTTP/1.1" 301 3747 "-" "Mozilla/5.0 (compatible; DotBot/1.1; http://www.opensiteexplorer.org/dotbot, help@moz.com)" 
216.244.66.237 - - [20/Feb/2020:17:18:54 -0800] "GET /wp/Archive/2008/04/07/did-you-notice/?replytocom=9580 HTTP/1.1" 301 3685 "-" "Mozilla/5.0 (compatible; DotBot/1.1; http://www.opensiteexplorer.org/dotbot, help@moz.com)" 
206.189.206.93 - - [20/Feb/2020:17:35:17 -0800] "GET /blog.atom HTTP/1.1" 301 3843 "-" "NewsBlur Feed Fetcher - 1 subscriber - http://www.newsblur.com/site/7674568/jeremy-cherfas-posts (Mozilla/5.0 (Macintosh; Intel Mac OS X 10_12_3) AppleWebKit/537.36 (KHTML, like Gecko) Chrome/56.0.2924.87 Safari/537.36)" 
216.244.66.237 - - [20/Feb/2020:18:01:45 -0800] "GET /wp/Archive/2008/06/25/does-my-blog-look-good-in-this/?replytocom=10834 HTTP/1.1" 301 3719 "-" "Mozilla/5.0 (compatible; DotBot/1.1; http://www.opensiteexplorer.org/dotbot, help@moz.com)" 
216.244.66.237 - - [20/Feb/2020:18:01:48 -0800] "GET /wp/Archive/2011/05/01/trite-hackneyed-and-quite-fun/?replytocom=61732 HTTP/1.1" 301 3717 "-" "Mozilla/5.0 (compatible; DotBot/1.1; http://www.opensiteexplorer.org/dotbot, help@moz.com)" 
82.196.0.116 - - [20/Feb/2020:18:04:59 -0800] "GET / HTTP/1.1" 301 3579 "-" "Huffduffer" 
216.244.66.237 - - [20/Feb/2020:18:42:48 -0800] "GET /wp/Archive/2005/11/09/were-still-in-kansas-and-the-stone-age/?replytocom=1248 HTTP/1.1" 301 3733 "-" "Mozilla/5.0 (compatible; DotBot/1.1; http://www.opensiteexplorer.org/dotbot, help@moz.com)" 
216.244.66.237 - - [20/Feb/2020:18:42:51 -0800] "GET /wp/Archive/2006/12/19/a-slightly-closer-look-at-bio-energy-part-2/?replytocom=6285 HTTP/1.1" 301 3743 "-" "Mozilla/5.0 (compatible; DotBot/1.1; http://www.opensiteexplorer.org/dotbot, help@moz.com)" 
216.244.66.237 - - [20/Feb/2020:18:42:54 -0800] "GET /wp/Archive/2008/07/01/you-speak-i-listen/?replytocom=10855 HTTP/1.1" 301 3695 "-" "Mozilla/5.0 (compatible; DotBot/1.1; http://www.opensiteexplorer.org/dotbot, help@moz.com)" 
157.55.39.225 - - [20/Feb/2020:18:49:28 -0800] "GET / HTTP/1.1" 301 3825 "-" "Mozilla/5.0 (compatible; bingbot/2.0; +http://www.bing.com/bingbot.htm)" 
66.249.70.36 - - [20/Feb/2020:19:02:51 -0800] "GET /robots.txt HTTP/1.1" 301 3845 "-" "Mozilla/5.0 (compatible; Googlebot/2.1; +http://www.google.com/bot.html)" 
66.249.70.36 - - [20/Feb/2020:19:02:52 -0800] "GET /ads.txt HTTP/1.1" 301 586 "-" "Mozilla/5.0 (compatible; Googlebot/2.1; +http://www.google.com/bot.html)" 
216.244.66.237 - - [20/Feb/2020:19:23:52 -0800] "GET /wp/Archive/2007/09/22/marketing-triumph/?replytocom=8752 HTTP/1.1" 301 3691 "-" "Mozilla/5.0 (compatible; DotBot/1.1; http://www.opensiteexplorer.org/dotbot, help@moz.com)" 
216.244.66.237 - - [20/Feb/2020:19:23:55 -0800] "GET /wp/Archive/2012/08/17/software-grief/?replytocom=98786 HTTP/1.1" 301 3687 "-" "Mozilla/5.0 (compatible; DotBot/1.1; http://www.opensiteexplorer.org/dotbot, help@moz.com)" 
54.39.177.198 - - [20/Feb/2020:19:42:03 -0800] "GET /.rss HTTP/1.1" 301 3582 "-" "Mozilla/5.0 (compatible; YaK/1.0; http://linkfluence.com/; bot@linkfluence.com)" 
64.111.100.215 - - [20/Feb/2020:20:05:01 -0800] "GET /user/themes/tailwind/images/zoot.jpg HTTP/1.1" 301 3651 "-" "Known https://withknown.com" 
216.244.66.237 - - [20/Feb/2020:20:08:18 -0800] "GET /wp/Archive/2009/12/01/food-news-new-series-17-spoiled-by-choice/?replytocom=22461 HTTP/1.1" 301 3741 "-" "Mozilla/5.0 (compatible; DotBot/1.1; http://www.opensiteexplorer.org/dotbot, help@moz.com)" 
216.244.66.237 - - [20/Feb/2020:20:08:20 -0800] "GET /wp/Archive/2012/08/04/whey-hey-stoned-sesame-sourdough/?replytocom=96443 HTTP/1.1" 301 3723 "-" "Mozilla/5.0 (compatible; DotBot/1.1; http://www.opensiteexplorer.org/dotbot, help@moz.com)" 
216.244.66.237 - - [20/Feb/2020:20:08:23 -0800] "GET /wp/Archive/2013/02/23/mentuccia-is-not-pennyroyal/?replytocom=116419 HTTP/1.1" 301 3715 "-" "Mozilla/5.0 (compatible; DotBot/1.1; http://www.opensiteexplorer.org/dotbot, help@moz.com)" 
159.138.153.168 - - [20/Feb/2020:20:25:31 -0800] "GET / HTTP/1.1" 301 3593 "-" "Mozilla/5.0 (iPad; CPU OS 7_0 like Mac OS X) AppleWebKit/537.51.1 (KHTML, like Gecko) Version/7.0 Mobile/11A465 Safari/9537.53" 
54.39.177.198 - - [20/Feb/2020:20:31:50 -0800] "GET /.atom HTTP/1.1" 301 3584 "-" "Mozilla/5.0 (compatible; YaK/1.0; http://linkfluence.com/; bot@linkfluence.com)" 
5.196.87.174 - - [20/Feb/2020:20:33:43 -0800] "GET /robots.txt HTTP/1.1" 301 3594 "-" "Mozilla/5.0 (compatible; AhrefsBot/6.1; +http://ahrefs.com/robot/)" 
5.196.87.171 - - [20/Feb/2020:20:33:54 -0800] "GET / HTTP/1.1" 301 3574 "-" "Mozilla/5.0 (compatible; AhrefsBot/6.1; +http://ahrefs.com/robot/)" 
216.244.66.237 - - [20/Feb/2020:20:49:41 -0800] "GET /wp/Archive/2010/11/15/its-a-bear-got-that-a-friggin-bear-not-a-raccoon/?replytocom=53232 HTTP/1.1" 301 3755 "-" "Mozilla/5.0 (compatible; DotBot/1.1; http://www.opensiteexplorer.org/dotbot, help@moz.com)" 
216.244.66.237 - - [20/Feb/2020:20:49:44 -0800] "GET /wp/Archive/2010/11/15/its-a-bear-got-that-a-friggin-bear-not-a-raccoon/?replytocom=53235 HTTP/1.1" 301 3755 "-" "Mozilla/5.0 (compatible; DotBot/1.1; http://www.opensiteexplorer.org/dotbot, help@moz.com)" 
216.244.66.237 - - [20/Feb/2020:20:49:47 -0800] "GET /wp/Archive/2011/10/30/not-stiff-enough-my-pain-de-beaucaire/?replytocom=70181 HTTP/1.1" 301 3733 "-" "Mozilla/5.0 (compatible; DotBot/1.1; http://www.opensiteexplorer.org/dotbot, help@moz.com)" 
54.36.149.53 - - [20/Feb/2020:21:27:44 -0800] "GET /robots.txt HTTP/1.1" 301 3599 "-" "Mozilla/5.0 (compatible; AhrefsBot/6.1; +http://ahrefs.com/robot/)" 
216.244.66.237 - - [20/Feb/2020:21:32:15 -0800] "GET /wp/Archive/2006/07/18/food-news-3/?replytocom=2188 HTTP/1.1" 301 3679 "-" "Mozilla/5.0 (compatible; DotBot/1.1; http://www.opensiteexplorer.org/dotbot, help@moz.com)" 
216.244.66.237 - - [20/Feb/2020:21:32:17 -0800] "GET /wp/Archive/2010/03/06/the-fornacalia-breads/?replytocom=35954 HTTP/1.1" 301 3701 "-" "Mozilla/5.0 (compatible; DotBot/1.1; http://www.opensiteexplorer.org/dotbot, help@moz.com)" 
216.244.66.237 - - [20/Feb/2020:21:32:20 -0800] "GET /wp/Archive/2011/05/06/more-on-burnt-flour/?replytocom=73522 HTTP/1.1" 301 3697 "-" "Mozilla/5.0 (compatible; DotBot/1.1; http://www.opensiteexplorer.org/dotbot, help@moz.com)" 
216.244.66.237 - - [20/Feb/2020:21:33:38 -0800] "GET /wp/Archive/2008/07/20/i-got-a-bee-in-my-urinal/?replytocom=63835 HTTP/1.1" 301 3733 "-" "Mozilla/5.0 (compatible; DotBot/1.1; http://www.opensiteexplorer.org/dotbot, help@moz.com)" 
103.131.71.91 - - [20/Feb/2020:21:43:49 -0800] "GET /robots.txt HTTP/1.1" 200 3570 "-" "Mozilla/5.0 (compatible; coccocbot-web/1.0; +http://help.coccoc.com/searchengine)" 
206.189.206.114 - - [20/Feb/2020:22:12:57 -0800] "GET /blog.atom HTTP/1.1" 301 3843 "-" "NewsBlur Feed Fetcher - 1 subscriber - http://www.newsblur.com/site/7674568/jeremy-cherfas-posts (Mozilla/5.0 (Macintosh; Intel Mac OS X 10_12_3) AppleWebKit/537.36 (KHTML, like Gecko) Chrome/56.0.2924.87 Safari/537.36)" 
216.244.66.237 - - [20/Feb/2020:22:13:23 -0800] "GET /wp/Archive/2005/02/24/photo-foibles/?replytocom=169 HTTP/1.1" 301 3681 "-" "Mozilla/5.0 (compatible; DotBot/1.1; http://www.opensiteexplorer.org/dotbot, help@moz.com)" 
216.244.66.237 - - [20/Feb/2020:22:14:53 -0800] "GET /wp/Archive/2007/01/15/a-day-to-remember/?replytocom=7454 HTTP/1.1" 301 3691 "-" "Mozilla/5.0 (compatible; DotBot/1.1; http://www.opensiteexplorer.org/dotbot, help@moz.com)" 
216.244.66.237 - - [20/Feb/2020:22:14:56 -0800] "GET /wp/Archive/2011/07/30/ceci-nest-pas-un-blog/?replytocom=65442 HTTP/1.1" 301 3701 "-" "Mozilla/5.0 (compatible; DotBot/1.1; http://www.opensiteexplorer.org/dotbot, help@moz.com)" 
216.244.66.237 - - [20/Feb/2020:22:58:02 -0800] "GET /wp/Archive/2007/03/25/sunday-morning-special/?replytocom=7069 HTTP/1.1" 301 3701 "-" "Mozilla/5.0 (compatible; DotBot/1.1; http://www.opensiteexplorer.org/dotbot, help@moz.com)" 
216.244.66.237 - - [20/Feb/2020:22:58:15 -0800] "GET /wp/Archive/2008/03/26/it-is-if-i-say-it-is/?replytocom=9498 HTTP/1.1" 301 3697 "-" "Mozilla/5.0 (compatible; DotBot/1.1; http://www.opensiteexplorer.org/dotbot, help@moz.com)" 
216.244.66.237 - - [20/Feb/2020:22:58:18 -0800] "GET /wp/Archive/2008/03/26/melancholia-i-dont-think-so/?replytocom=9501 HTTP/1.1" 301 3711 "-" "Mozilla/5.0 (compatible; DotBot/1.1; http://www.opensiteexplorer.org/dotbot, help@moz.com)" 
216.244.66.237 - - [20/Feb/2020:22:58:23 -0800] "GET /wp/Archive/2008/07/03/obliging-as-ever/?replytocom=10847 HTTP/1.1" 301 3691 "-" "Mozilla/5.0 (compatible; DotBot/1.1; http://www.opensiteexplorer.org/dotbot, help@moz.com)" 
216.244.66.237 - - [20/Feb/2020:22:58:25 -0800] "GET /wp/Archive/2009/01/29/gnarly-science/?replytocom=11903 HTTP/1.1" 301 3687 "-" "Mozilla/5.0 (compatible; DotBot/1.1; http://www.opensiteexplorer.org/dotbot, help@moz.com)" 
54.39.177.198 - - [20/Feb/2020:23:11:05 -0800] "GET /blog.rss HTTP/1.1" 301 3590 "-" "Mozilla/5.0 (compatible; YaK/1.0; http://linkfluence.com/; bot@linkfluence.com)" 
216.244.66.237 - - [20/Feb/2020:23:39:33 -0800] "GET /wp/Archive/2008/07/06/a-crap-comment/?replytocom=10859 HTTP/1.1" 301 3687 "-" "Mozilla/5.0 (compatible; DotBot/1.1; http://www.opensiteexplorer.org/dotbot, help@moz.com)" 
