114.119.160.143 - - [25/May/2020:00:32:50 -0700] "GET /robots.txt HTTP/1.1" 301 3676 "-" "Mozilla/5.0 (Linux; Android 7.0;) AppleWebKit/537.36 (KHTML, like Gecko) Mobile Safari/537.36 (compatible; PetalBot;+https://aspiegel.com/petalbot)" 
216.244.66.237 - - [25/May/2020:00:37:05 -0700] "GET /wp/Archive/2005/10/25/no-more-to-say/?replytocom=967 HTTP/1.1" 301 3707 "-" "Mozilla/5.0 (compatible; DotBot/1.1; http://www.opensiteexplorer.org/dotbot, help@moz.com)" 
216.244.66.237 - - [25/May/2020:00:37:10 -0700] "GET /wp/Archive/2006/11/02/garden-state/?replytocom=6075 HTTP/1.1" 301 3705 "-" "Mozilla/5.0 (compatible; DotBot/1.1; http://www.opensiteexplorer.org/dotbot, help@moz.com)" 
216.244.66.237 - - [25/May/2020:00:37:14 -0700] "GET /wp/Archive/2007/06/28/goosed/?replytocom=8234 HTTP/1.1" 301 3693 "-" "Mozilla/5.0 (compatible; DotBot/1.1; http://www.opensiteexplorer.org/dotbot, help@moz.com)" 
216.244.66.237 - - [25/May/2020:00:57:46 -0700] "GET /blog/blog/if-this-blog-... HTTP/1.1" 301 3655 "-" "Mozilla/5.0 (compatible; DotBot/1.1; http://www.opensiteexplorer.org/dotbot, help@moz.com)" 
51.143.8.175 - - [25/May/2020:01:34:47 -0700] "GET / HTTP/1.1" 301 3888 "-" "Priceonomics Content Tracker - Fetch/1.0" 
114.119.161.85 - - [25/May/2020:01:50:13 -0700] "GET /robots.txt HTTP/1.1" 301 3676 "-" "Mozilla/5.0 (Linux; Android 7.0;) AppleWebKit/537.36 (KHTML, like Gecko) Mobile Safari/537.36 (compatible; PetalBot;+https://aspiegel.com/petalbot)" 
103.131.71.201 - - [25/May/2020:02:00:25 -0700] "GET /robots.txt HTTP/1.1" 200 3673 "-" "Mozilla/5.0 (compatible; coccocbot-image/1.0; +http://help.coccoc.com/searchengine)" 
54.162.102.36 - - [25/May/2020:02:48:59 -0700] "GET /robots.txt HTTP/1.1" 301 3713 "-" "MixnodeCache/1.8(+https://cache.mixnode.com/)" 
54.162.102.36 - - [25/May/2020:02:55:04 -0700] "GET /ads.txt HTTP/1.1" 301 3708 "-" "MixnodeCache/1.8(+https://cache.mixnode.com/)" 
54.36.149.104 - - [25/May/2020:02:55:23 -0700] "GET /blog/easter-monday HTTP/1.1" 301 3671 "-" "Mozilla/5.0 (compatible; AhrefsBot/6.1; +http://ahrefs.com/robot/)" 
54.36.148.75 - - [25/May/2020:02:55:26 -0700] "GET / HTTP/1.1" 301 3637 "-" "Mozilla/5.0 (compatible; AhrefsBot/6.1; +http://ahrefs.com/robot/)" 
216.244.66.237 - - [25/May/2020:03:25:42 -0700] "GET /wp/Archive/2008/05/11/who-is-that-guy/?replytocom=9860 HTTP/1.1" 301 3711 "-" "Mozilla/5.0 (compatible; DotBot/1.1; http://www.opensiteexplorer.org/dotbot, help@moz.com)" 
216.244.66.237 - - [25/May/2020:03:27:16 -0700] "GET /wp/Archive/2008/09/19/so-i-know-that-so-what/?replytocom=11029 HTTP/1.1" 301 3727 "-" "Mozilla/5.0 (compatible; DotBot/1.1; http://www.opensiteexplorer.org/dotbot, help@moz.com)" 
216.244.66.237 - - [25/May/2020:03:27:23 -0700] "GET /wp/Archive/2012/02/13/bread-is-for-real/?replytocom=75041 HTTP/1.1" 301 3717 "-" "Mozilla/5.0 (compatible; DotBot/1.1; http://www.opensiteexplorer.org/dotbot, help@moz.com)" 
66.249.64.82 - - [25/May/2020:03:54:09 -0700] "GET / HTTP/1.1" 301 3888 "-" "Mozilla/5.0 (compatible; Googlebot/2.1; +http://www.google.com/bot.html)" 
216.244.66.237 - - [25/May/2020:04:07:30 -0700] "GET /wp/Archive/2006/08/29/food-news-8/?replytocom=2468 HTTP/1.1" 301 3703 "-" "Mozilla/5.0 (compatible; DotBot/1.1; http://www.opensiteexplorer.org/dotbot, help@moz.com)" 
216.244.66.237 - - [25/May/2020:04:09:03 -0700] "GET /wp/Archive/2008/08/19/now-thats-what-i-call-saving-seeds/?replytocom=10959 HTTP/1.1" 301 3751 "-" "Mozilla/5.0 (compatible; DotBot/1.1; http://www.opensiteexplorer.org/dotbot, help@moz.com)" 
54.39.177.92 - - [25/May/2020:04:10:14 -0700] "GET /blog.atom HTTP/1.1" 301 3653 "-" "Mozilla/5.0 (compatible; YaK/1.0; http://linkfluence.com/; bot@linkfluence.com)" 
131.220.6.152 - - [25/May/2020:04:16:07 -0700] "GET / HTTP/1.1" 301 3832 "-" "Mozilla/5.0 (X11; Linux x86_64) AppleWebKit/537.36 (KHTML, like Gecko) Chrome/79.0.3945.79 Safari/537.36" 
216.244.66.237 - - [25/May/2020:04:53:33 -0700] "GET /wp/Archive/2007/07/23/unabbreviated-bliss/?replytocom=8368 HTTP/1.1" 301 3719 "-" "Mozilla/5.0 (compatible; DotBot/1.1; http://www.opensiteexplorer.org/dotbot, help@moz.com)" 
216.244.66.237 - - [25/May/2020:04:53:36 -0700] "GET /wp/Archive/2008/03/06/simply-amazing-2/?replytocom=9409 HTTP/1.1" 301 3713 "-" "Mozilla/5.0 (compatible; DotBot/1.1; http://www.opensiteexplorer.org/dotbot, help@moz.com)" 
216.244.66.237 - - [25/May/2020:04:54:55 -0700] "GET /wp/Archive/2008/11/08/belter/?replytocom=11282 HTTP/1.1" 301 3695 "-" "Mozilla/5.0 (compatible; DotBot/1.1; http://www.opensiteexplorer.org/dotbot, help@moz.com)" 
216.244.66.237 - - [25/May/2020:05:36:43 -0700] "GET /wp/Archive/2006/06/22/ombre-del-lupercale/?replytocom=2088 HTTP/1.1" 301 3719 "-" "Mozilla/5.0 (compatible; DotBot/1.1; http://www.opensiteexplorer.org/dotbot, help@moz.com)" 
216.244.66.237 - - [25/May/2020:05:36:46 -0700] "GET /wp/Archive/2006/07/11/food-news-2/?replytocom=2180 HTTP/1.1" 301 3703 "-" "Mozilla/5.0 (compatible; DotBot/1.1; http://www.opensiteexplorer.org/dotbot, help@moz.com)" 
216.244.66.237 - - [25/May/2020:05:36:48 -0700] "GET /wp/Archive/2007/01/15/a-day-to-remember/?replytocom=8757 HTTP/1.1" 301 3715 "-" "Mozilla/5.0 (compatible; DotBot/1.1; http://www.opensiteexplorer.org/dotbot, help@moz.com)" 
216.244.66.237 - - [25/May/2020:05:38:12 -0700] "GET /wp/Archive/2006/08/29/where-are-we-on-metadata/?replytocom=2417 HTTP/1.1" 301 3729 "-" "Mozilla/5.0 (compatible; DotBot/1.1; http://www.opensiteexplorer.org/dotbot, help@moz.com)" 
216.244.66.237 - - [25/May/2020:05:38:13 -0700] "GET /wp/Archive/2008/07/21/ill-equipped-for-walkies/?replytocom=10893 HTTP/1.1" 301 3731 "-" "Mozilla/5.0 (compatible; DotBot/1.1; http://www.opensiteexplorer.org/dotbot, help@moz.com)" 
216.244.66.237 - - [25/May/2020:05:38:15 -0700] "GET /wp/Archive/2012/02/13/bread-is-for-real/?replytocom=74988 HTTP/1.1" 301 3717 "-" "Mozilla/5.0 (compatible; DotBot/1.1; http://www.opensiteexplorer.org/dotbot, help@moz.com)" 
192.0.100.59 - - [25/May/2020:06:10:57 -0700] "GET /user/plugins/aboutme/assets/avatars/zoot.jpg HTTP/1.1" 301 3686 "-" "Photon/1.0" 
216.244.66.237 - - [25/May/2020:06:16:03 -0700] "GET /wp/Archive/2006/10/04/waterworld-not/?replytocom=3352 HTTP/1.1" 301 3709 "-" "Mozilla/5.0 (compatible; DotBot/1.1; http://www.opensiteexplorer.org/dotbot, help@moz.com)" 
216.244.66.237 - - [25/May/2020:06:16:05 -0700] "GET /wp/Archive/2007/06/28/goosed/?replytocom=8233 HTTP/1.1" 301 3693 "-" "Mozilla/5.0 (compatible; DotBot/1.1; http://www.opensiteexplorer.org/dotbot, help@moz.com)" 
216.244.66.237 - - [25/May/2020:06:16:09 -0700] "GET /wp/Archive/2007/12/18/a-goliath-of-a-film/?replytocom=9217 HTTP/1.1" 301 3719 "-" "Mozilla/5.0 (compatible; DotBot/1.1; http://www.opensiteexplorer.org/dotbot, help@moz.com)" 
46.229.168.139 - - [25/May/2020:06:16:30 -0700] "GET /robots.txt HTTP/1.1" 301 3871 "-" "Mozilla/5.0 (compatible; SemrushBot/6~bl; +http://www.semrush.com/bot.html)" 
46.229.168.151 - - [25/May/2020:06:16:34 -0700] "GET /blog/sheepish HTTP/1.1" 301 3876 "-" "Mozilla/5.0 (compatible; SemrushBot/6~bl; +http://www.semrush.com/bot.html)" 
216.244.66.237 - - [25/May/2020:06:17:30 -0700] "GET /wp/Archive/2006/11/24/nutrition-genes-feed-fantasy/?replytocom=6104 HTTP/1.1" 301 3737 "-" "Mozilla/5.0 (compatible; DotBot/1.1; http://www.opensiteexplorer.org/dotbot, help@moz.com)" 
216.244.66.237 - - [25/May/2020:06:17:32 -0700] "GET /wp/Archive/2012/02/14/the-art-of-making-bread/?replytocom=75148 HTTP/1.1" 301 3729 "-" "Mozilla/5.0 (compatible; DotBot/1.1; http://www.opensiteexplorer.org/dotbot, help@moz.com)" 
54.39.177.92 - - [25/May/2020:06:44:48 -0700] "GET /blog.rss HTTP/1.1" 301 3654 "-" "Mozilla/5.0 (compatible; YaK/1.0; http://linkfluence.com/; bot@linkfluence.com)" 
216.244.66.237 - - [25/May/2020:06:59:56 -0700] "GET /wp/Archive/2006/09/27/found-in-cyberspace/?replytocom=2996 HTTP/1.1" 301 3719 "-" "Mozilla/5.0 (compatible; DotBot/1.1; http://www.opensiteexplorer.org/dotbot, help@moz.com)" 
216.244.66.237 - - [25/May/2020:07:01:31 -0700] "GET /wp/Archive/2007/10/08/an-old-geezer-reminisces-about-situation/?replytocom=8841 HTTP/1.1" 301 3761 "-" "Mozilla/5.0 (compatible; DotBot/1.1; http://www.opensiteexplorer.org/dotbot, help@moz.com)" 
111.206.250.204 - - [25/May/2020:07:04:00 -0700] "GET / HTTP/1.0" 301 2042 "-" "-" 
111.206.250.236 - - [25/May/2020:07:04:04 -0700] "GET / HTTP/1.1" 301 3888 "-" "Mozilla/5.0 (Macintosh; Intel Mac OS X 10_14_6) AppleWebKit/537.36 (KHTML, like Gecko) Chrome/81.0.4044.138 Safari/537.36" 
111.206.250.203 - - [25/May/2020:07:04:06 -0700] "POST /dns-query HTTP/1.1" 301 3830 "-" "Python-urllib/3.7" 
66.249.64.84 - - [25/May/2020:07:35:14 -0700] "GET /ads.txt HTTP/1.1" 301 3903 "-" "Mozilla/5.0 (compatible; Googlebot/2.1; +http://www.google.com/bot.html)" 
216.244.66.237 - - [25/May/2020:07:42:53 -0700] "GET /wp/Archive/2006/04/04/damn-2/?replytocom=1922 HTTP/1.1" 301 3693 "-" "Mozilla/5.0 (compatible; DotBot/1.1; http://www.opensiteexplorer.org/dotbot, help@moz.com)" 
216.244.66.237 - - [25/May/2020:07:42:56 -0700] "GET /wp/Archive/2008/04/07/did-you-notice/?replytocom=9580 HTTP/1.1" 301 3709 "-" "Mozilla/5.0 (compatible; DotBot/1.1; http://www.opensiteexplorer.org/dotbot, help@moz.com)" 
46.229.168.139 - - [25/May/2020:08:01:19 -0700] "GET /robots.txt HTTP/1.1" 301 3871 "-" "Mozilla/5.0 (compatible; SemrushBot/6~bl; +http://www.semrush.com/bot.html)" 
46.229.168.154 - - [25/May/2020:08:01:21 -0700] "GET /blog/what-we-need-to-be-satisfied HTTP/1.1" 301 3911 "-" "Mozilla/5.0 (compatible; SemrushBot/6~bl; +http://www.semrush.com/bot.html)" 
216.244.66.237 - - [25/May/2020:08:26:05 -0700] "GET /wp/Archive/2008/06/25/does-my-blog-look-good-in-this/?replytocom=10834 HTTP/1.1" 301 3743 "-" "Mozilla/5.0 (compatible; DotBot/1.1; http://www.opensiteexplorer.org/dotbot, help@moz.com)" 
216.244.66.237 - - [25/May/2020:08:26:12 -0700] "GET /wp/Archive/2008/07/20/i-got-a-bee-in-my-urinal/?replytocom=10891 HTTP/1.1" 301 3731 "-" "Mozilla/5.0 (compatible; DotBot/1.1; http://www.opensiteexplorer.org/dotbot, help@moz.com)" 
216.244.66.237 - - [25/May/2020:08:26:16 -0700] "GET /wp/Archive/2009/11/23/weekly-treat/?replytocom=20419 HTTP/1.1" 301 3707 "-" "Mozilla/5.0 (compatible; DotBot/1.1; http://www.opensiteexplorer.org/dotbot, help@moz.com)" 
216.244.66.237 - - [25/May/2020:08:26:19 -0700] "GET /wp/Archive/2010/04/07/its-so-big-and-so-cheap/?replytocom=38581 HTTP/1.1" 301 3729 "-" "Mozilla/5.0 (compatible; DotBot/1.1; http://www.opensiteexplorer.org/dotbot, help@moz.com)" 
216.244.66.237 - - [25/May/2020:08:26:22 -0700] "GET /wp/Archive/2011/05/01/trite-hackneyed-and-quite-fun/?replytocom=61732 HTTP/1.1" 301 3741 "-" "Mozilla/5.0 (compatible; DotBot/1.1; http://www.opensiteexplorer.org/dotbot, help@moz.com)" 
103.131.71.47 - - [25/May/2020:09:03:36 -0700] "GET /robots.txt HTTP/1.1" 200 3673 "-" "Mozilla/5.0 (compatible; coccocbot-image/1.0; +http://help.coccoc.com/searchengine)" 
216.244.66.237 - - [25/May/2020:09:07:01 -0700] "GET /wp/Archive/2005/11/09/were-still-in-kansas-and-the-stone-age/?replytocom=1248 HTTP/1.1" 301 3757 "-" "Mozilla/5.0 (compatible; DotBot/1.1; http://www.opensiteexplorer.org/dotbot, help@moz.com)" 
216.244.66.237 - - [25/May/2020:09:07:03 -0700] "GET /wp/Archive/2006/12/19/a-slightly-closer-look-at-bio-energy-part-2/?replytocom=6285 HTTP/1.1" 301 3767 "-" "Mozilla/5.0 (compatible; DotBot/1.1; http://www.opensiteexplorer.org/dotbot, help@moz.com)" 
216.244.66.237 - - [25/May/2020:09:07:05 -0700] "GET /wp/Archive/2008/07/01/you-speak-i-listen/?replytocom=10855 HTTP/1.1" 301 3719 "-" "Mozilla/5.0 (compatible; DotBot/1.1; http://www.opensiteexplorer.org/dotbot, help@moz.com)" 
216.244.66.237 - - [25/May/2020:09:50:17 -0700] "GET /wp/Archive/2007/09/22/marketing-triumph/?replytocom=8752 HTTP/1.1" 301 3715 "-" "Mozilla/5.0 (compatible; DotBot/1.1; http://www.opensiteexplorer.org/dotbot, help@moz.com)" 
103.131.71.207 - - [25/May/2020:10:13:30 -0700] "GET /robots.txt HTTP/1.1" 200 3673 "-" "Mozilla/5.0 (compatible; coccocbot-image/1.0; +http://help.coccoc.com/searchengine)" 
216.244.66.237 - - [25/May/2020:10:32:44 -0700] "GET /wp/Archive/2009/12/01/food-news-new-series-17-spoiled-by-choice/?replytocom=22461 HTTP/1.1" 301 3765 "-" "Mozilla/5.0 (compatible; DotBot/1.1; http://www.opensiteexplorer.org/dotbot, help@moz.com)" 
216.244.66.237 - - [25/May/2020:10:32:58 -0700] "GET /wp/Archive/2012/08/04/whey-hey-stoned-sesame-sourdough/?replytocom=96443 HTTP/1.1" 301 3747 "-" "Mozilla/5.0 (compatible; DotBot/1.1; http://www.opensiteexplorer.org/dotbot, help@moz.com)" 
216.244.66.237 - - [25/May/2020:11:14:14 -0700] "GET /wp/Archive/2011/10/30/not-stiff-enough-my-pain-de-beaucaire/?replytocom=70181 HTTP/1.1" 301 3757 "-" "Mozilla/5.0 (compatible; DotBot/1.1; http://www.opensiteexplorer.org/dotbot, help@moz.com)" 
54.39.177.92 - - [25/May/2020:11:16:33 -0700] "GET /blog.atom HTTP/1.1" 301 3653 "-" "Mozilla/5.0 (compatible; YaK/1.0; http://linkfluence.com/; bot@linkfluence.com)" 
216.244.66.237 - - [25/May/2020:11:54:15 -0700] "GET /wp/Archive/2006/07/18/food-news-3/?replytocom=2188 HTTP/1.1" 301 3703 "-" "Mozilla/5.0 (compatible; DotBot/1.1; http://www.opensiteexplorer.org/dotbot, help@moz.com)" 
216.244.66.237 - - [25/May/2020:11:56:16 -0700] "GET /wp/Archive/2008/07/20/i-got-a-bee-in-my-urinal/?replytocom=63835 HTTP/1.1" 301 3731 "-" "Mozilla/5.0 (compatible; DotBot/1.1; http://www.opensiteexplorer.org/dotbot, help@moz.com)" 
216.244.66.237 - - [25/May/2020:11:56:20 -0700] "GET /wp/Archive/2010/03/06/the-fornacalia-breads/?replytocom=35954 HTTP/1.1" 301 3725 "-" "Mozilla/5.0 (compatible; DotBot/1.1; http://www.opensiteexplorer.org/dotbot, help@moz.com)" 
216.244.66.237 - - [25/May/2020:11:56:24 -0700] "GET /wp/Archive/2011/05/06/more-on-burnt-flour/?replytocom=73522 HTTP/1.1" 301 3721 "-" "Mozilla/5.0 (compatible; DotBot/1.1; http://www.opensiteexplorer.org/dotbot, help@moz.com)" 
216.244.66.237 - - [25/May/2020:11:56:27 -0700] "GET /wp/Archive/2011/12/24/how-yahoo-helped-me-regain-my-love/?replytocom=73328 HTTP/1.1" 301 3751 "-" "Mozilla/5.0 (compatible; DotBot/1.1; http://www.opensiteexplorer.org/dotbot, help@moz.com)" 
66.249.64.82 - - [25/May/2020:12:15:56 -0700] "GET /robots.txt HTTP/1.1" 301 3908 "-" "Mozilla/5.0 (compatible; Googlebot/2.1; +http://www.google.com/bot.html)" 
66.249.64.84 - - [25/May/2020:12:15:57 -0700] "GET /sitemap HTTP/1.1" 301 3900 "-" "Mozilla/5.0 (compatible; Googlebot/2.1; +http://www.google.com/bot.html)" 
216.244.66.237 - - [25/May/2020:12:35:43 -0700] "GET /wp/Archive/2005/02/24/photo-foibles/?replytocom=169 HTTP/1.1" 301 3705 "-" "Mozilla/5.0 (compatible; DotBot/1.1; http://www.opensiteexplorer.org/dotbot, help@moz.com)" 
216.244.66.237 - - [25/May/2020:12:35:48 -0700] "GET /wp/Archive/2007/01/15/a-day-to-remember/?replytocom=7454 HTTP/1.1" 301 3715 "-" "Mozilla/5.0 (compatible; DotBot/1.1; http://www.opensiteexplorer.org/dotbot, help@moz.com)" 
216.244.66.237 - - [25/May/2020:12:37:35 -0700] "GET /wp/Archive/2011/02/02/a-short-review-by-a-tall-reader/?replytocom=57752 HTTP/1.1" 301 3745 "-" "Mozilla/5.0 (compatible; DotBot/1.1; http://www.opensiteexplorer.org/dotbot, help@moz.com)" 
216.244.66.237 - - [25/May/2020:12:37:39 -0700] "GET /wp/Archive/2011/07/30/ceci-nest-pas-un-blog/?replytocom=65442 HTTP/1.1" 301 3725 "-" "Mozilla/5.0 (compatible; DotBot/1.1; http://www.opensiteexplorer.org/dotbot, help@moz.com)" 
216.244.66.237 - - [25/May/2020:13:18:49 -0700] "GET /wp/Archive/2007/03/25/sunday-morning-special/?replytocom=7069 HTTP/1.1" 301 3725 "-" "Mozilla/5.0 (compatible; DotBot/1.1; http://www.opensiteexplorer.org/dotbot, help@moz.com)" 
216.244.66.237 - - [25/May/2020:13:18:56 -0700] "GET /wp/Archive/2008/03/26/it-is-if-i-say-it-is/?replytocom=9498 HTTP/1.1" 301 3721 "-" "Mozilla/5.0 (compatible; DotBot/1.1; http://www.opensiteexplorer.org/dotbot, help@moz.com)" 
216.244.66.237 - - [25/May/2020:13:20:04 -0700] "GET /wp/Archive/2008/03/26/melancholia-i-dont-think-so/?replytocom=9501 HTTP/1.1" 301 3735 "-" "Mozilla/5.0 (compatible; DotBot/1.1; http://www.opensiteexplorer.org/dotbot, help@moz.com)" 
54.39.177.92 - - [25/May/2020:13:51:03 -0700] "GET /blog.rss HTTP/1.1" 301 3654 "-" "Mozilla/5.0 (compatible; YaK/1.0; http://linkfluence.com/; bot@linkfluence.com)" 
216.244.66.237 - - [25/May/2020:14:39:43 -0700] "GET /wp/Archive/2005/08/05/listen-up/?replytocom=245 HTTP/1.1" 301 3697 "-" "Mozilla/5.0 (compatible; DotBot/1.1; http://www.opensiteexplorer.org/dotbot, help@moz.com)" 
216.244.66.237 - - [25/May/2020:14:41:45 -0700] "GET /wp/Archive/2006/08/08/food-news-5-a-review/?replytocom=2327 HTTP/1.1" 301 3721 "-" "Mozilla/5.0 (compatible; DotBot/1.1; http://www.opensiteexplorer.org/dotbot, help@moz.com)" 
216.244.66.237 - - [25/May/2020:15:23:15 -0700] "GET /wp/Archive/2006/05/08/i-love-latin/?replytocom=1991 HTTP/1.1" 301 3705 "-" "Mozilla/5.0 (compatible; DotBot/1.1; http://www.opensiteexplorer.org/dotbot, help@moz.com)" 
216.244.66.237 - - [25/May/2020:16:02:00 -0700] "GET /wp/Archive/2006/05/08/i-love-latin/?replytocom=1995 HTTP/1.1" 301 3705 "-" "Mozilla/5.0 (compatible; DotBot/1.1; http://www.opensiteexplorer.org/dotbot, help@moz.com)" 
216.244.66.237 - - [25/May/2020:16:02:04 -0700] "GET /wp/Archive/2006/11/20/yeah-right/?replytocom=6086 HTTP/1.1" 301 3701 "-" "Mozilla/5.0 (compatible; DotBot/1.1; http://www.opensiteexplorer.org/dotbot, help@moz.com)" 
216.244.66.237 - - [25/May/2020:16:02:06 -0700] "GET /wp/Archive/2007/07/16/lifelong-learning/?replytocom=8342 HTTP/1.1" 301 3715 "-" "Mozilla/5.0 (compatible; DotBot/1.1; http://www.opensiteexplorer.org/dotbot, help@moz.com)" 
216.244.66.237 - - [25/May/2020:16:04:12 -0700] "GET /wp/Archive/2008/05/29/is-it-rolling-van/?replytocom=10018 HTTP/1.1" 301 3717 "-" "Mozilla/5.0 (compatible; DotBot/1.1; http://www.opensiteexplorer.org/dotbot, help@moz.com)" 
216.244.66.237 - - [25/May/2020:16:04:15 -0700] "GET /wp/Archive/2009/09/18/gutta-percha-snaps-back/?replytocom=16988 HTTP/1.1" 301 3729 "-" "Mozilla/5.0 (compatible; DotBot/1.1; http://www.opensiteexplorer.org/dotbot, help@moz.com)" 
216.244.66.237 - - [25/May/2020:16:04:16 -0700] "GET /wp/Archive/2010/04/13/a-manifesto-for-change/?replytocom=38580 HTTP/1.1" 301 3727 "-" "Mozilla/5.0 (compatible; DotBot/1.1; http://www.opensiteexplorer.org/dotbot, help@moz.com)" 
216.244.66.237 - - [25/May/2020:16:04:18 -0700] "GET /wp/Archive/2010/11/16/some-leavening-thoughts/?replytocom=53522 HTTP/1.1" 301 3729 "-" "Mozilla/5.0 (compatible; DotBot/1.1; http://www.opensiteexplorer.org/dotbot, help@moz.com)" 
216.244.66.237 - - [25/May/2020:16:04:20 -0700] "GET /wp/Archive/2011/08/07/well-whaddaya-know-im-curating-content/?replytocom=66023 HTTP/1.1" 301 3759 "-" "Mozilla/5.0 (compatible; DotBot/1.1; http://www.opensiteexplorer.org/dotbot, help@moz.com)" 
216.244.66.237 - - [25/May/2020:16:13:28 -0700] "GET /wp/Archive/2010/03/06/the-fornacalia-breads/ HTTP/1.1" 301 3691 "-" "Mozilla/5.0 (compatible; DotBot/1.1; http://www.opensiteexplorer.org/dotbot, help@moz.com)" 
176.9.5.87 - - [25/May/2020:16:25:46 -0700] "GET /grav-admin/about HTTP/1.1" 301 3725 "-" "Mozilla/5.0 (compatible; BLEXBot/1.0; +http://webmeup-crawler.com/)" 
103.131.71.36 - - [25/May/2020:16:36:08 -0700] "GET /robots.txt HTTP/1.1" 200 3673 "-" "Mozilla/5.0 (compatible; coccocbot-image/1.0; +http://help.coccoc.com/searchengine)" 
103.131.71.213 - - [25/May/2020:16:40:17 -0700] "GET /robots.txt HTTP/1.1" 200 3673 "-" "Mozilla/5.0 (compatible; coccocbot-image/1.0; +http://help.coccoc.com/searchengine)" 
13.59.12.187 - - [25/May/2020:16:52:09 -0700] "GET / HTTP/1.1" 301 3793 "-" "HealthCheckBot/0.2" 
216.244.66.237 - - [25/May/2020:17:29:06 -0700] "GET /wp/Archive/2007/05/22/food-news-46/?replytocom=7540 HTTP/1.1" 301 3705 "-" "Mozilla/5.0 (compatible; DotBot/1.1; http://www.opensiteexplorer.org/dotbot, help@moz.com)" 
216.244.66.237 - - [25/May/2020:17:51:37 -0700] "GET /wp/Archive/2008/03/16/radicchio-rossa-di-treviso/?replytocom=9491 HTTP/1.1" 301 3733 "-" "Mozilla/5.0 (compatible; DotBot/1.1; http://www.opensiteexplorer.org/dotbot, help@moz.com)" 
54.39.177.92 - - [25/May/2020:18:22:36 -0700] "GET /blog.atom HTTP/1.1" 301 3653 "-" "Mozilla/5.0 (compatible; YaK/1.0; http://linkfluence.com/; bot@linkfluence.com)" 
216.244.66.237 - - [25/May/2020:18:32:39 -0700] "GET /wp/Archive/2007/07/23/unabbreviated-bliss/?replytocom=8366 HTTP/1.1" 301 3719 "-" "Mozilla/5.0 (compatible; DotBot/1.1; http://www.opensiteexplorer.org/dotbot, help@moz.com)" 
216.244.66.237 - - [25/May/2020:18:33:28 -0700] "GET /wp/Archive/2010/03/30/a-food-community/?replytocom=37444 HTTP/1.1" 301 3715 "-" "Mozilla/5.0 (compatible; DotBot/1.1; http://www.opensiteexplorer.org/dotbot, help@moz.com)" 
216.244.66.237 - - [25/May/2020:19:14:09 -0700] "GET /wp/Archive/2006/03/09/a-peoples-history-of-what/?replytocom=1907 HTTP/1.1" 301 3731 "-" "Mozilla/5.0 (compatible; DotBot/1.1; http://www.opensiteexplorer.org/dotbot, help@moz.com)" 
216.244.66.237 - - [25/May/2020:19:14:13 -0700] "GET /wp/Archive/2006/05/16/gm-on-the-runs/?replytocom=2026 HTTP/1.1" 301 3709 "-" "Mozilla/5.0 (compatible; DotBot/1.1; http://www.opensiteexplorer.org/dotbot, help@moz.com)" 
216.244.66.237 - - [25/May/2020:19:14:16 -0700] "GET /wp/Archive/2008/04/08/good-news-everyone/?replytocom=9581 HTTP/1.1" 301 3717 "-" "Mozilla/5.0 (compatible; DotBot/1.1; http://www.opensiteexplorer.org/dotbot, help@moz.com)" 
207.46.13.74 - - [25/May/2020:19:29:13 -0700] "GET /stream/2019-5-13 HTTP/1.1" 301 3919 "-" "Mozilla/5.0 (compatible; bingbot/2.0; +http://www.bing.com/bingbot.htm)" 
83.247.131.25 - - [25/May/2020:19:38:18 -0700] "GET / HTTP/1.1" 301 3693 "-" "Mozilla/5.0 (Windows NT 6.1) AppleWebKit/537.36 (KHTML, like Gecko) Chrome/31.0.1650.16 Safari/537.36" 
192.0.100.59 - - [25/May/2020:19:49:20 -0700] "GET /user/plugins/aboutme/assets/avatars/zoot.jpg HTTP/1.1" 301 3686 "-" "Photon/1.0" 
216.244.66.237 - - [25/May/2020:20:36:13 -0700] "GET /wp/Archive/2008/11/19/a-blatant-attempt-to-fix-something/?replytocom=11293 HTTP/1.1" 301 3751 "-" "Mozilla/5.0 (compatible; DotBot/1.1; http://www.opensiteexplorer.org/dotbot, help@moz.com)" 
54.39.177.92 - - [25/May/2020:20:57:21 -0700] "GET /blog.rss HTTP/1.1" 301 3654 "-" "Mozilla/5.0 (compatible; YaK/1.0; http://linkfluence.com/; bot@linkfluence.com)" 
216.244.66.237 - - [25/May/2020:21:02:06 -0700] "GET /wp/Archive/2009/12/03/everything-old-is-new-again-cold-start-cloche-baking/ HTTP/1.1" 301 3753 "-" "Mozilla/5.0 (compatible; DotBot/1.1; http://www.opensiteexplorer.org/dotbot, help@moz.com)" 
103.131.71.209 - - [25/May/2020:21:30:21 -0700] "GET /robots.txt HTTP/1.1" 200 3673 "-" "Mozilla/5.0 (compatible; coccocbot-image/1.0; +http://help.coccoc.com/searchengine)" 
157.55.39.56 - - [25/May/2020:21:38:48 -0700] "GET /stream/2019-2-26 HTTP/1.1" 301 3921 "-" "Mozilla/5.0 (compatible; bingbot/2.0; +http://www.bing.com/bingbot.htm)" 
85.191.202.86 - - [25/May/2020:22:00:13 -0700] "GET /stream HTTP/1.1" 301 3898 "-" "Leap" 
85.191.202.86 - - [25/May/2020:22:00:13 -0700] "GET /about HTTP/1.1" 301 3896 "-" "Leap" 
85.191.202.86 - - [25/May/2020:22:00:13 -0700] "GET /reviews HTTP/1.1" 301 3900 "-" "Leap" 
216.244.66.237 - - [25/May/2020:22:26:16 -0700] "GET /wp/Archive/2004/03/06/garden-joy/ HTTP/1.1" 301 3669 "-" "Mozilla/5.0 (compatible; DotBot/1.1; http://www.opensiteexplorer.org/dotbot, help@moz.com)" 
159.203.188.81 - - [25/May/2020:22:29:02 -0700] "HEAD / HTTP/1.1" 301 3329 "https://readwriterespond.com" "Mozilla/5.0 (Windows NT 10.0; Win64; x64) AppleWebKit/537.36 (KHTML, like Gecko) Chrome/70.0.3538.102 Safari/537.36" 
159.203.188.81 - - [25/May/2020:22:29:50 -0700] "HEAD / HTTP/1.1" 301 3329 "https://readwriterespond.com" "Mozilla/5.0 (Windows NT 10.0; Win64; x64) AppleWebKit/537.36 (KHTML, like Gecko) Chrome/70.0.3538.102 Safari/537.36" 
216.244.66.237 - - [25/May/2020:22:41:37 -0700] "GET /wp/Archive/2008/09/04/the-man-who-invented-the-cowboy-shirt/?replytocom=11007 HTTP/1.1" 301 3757 "-" "Mozilla/5.0 (compatible; DotBot/1.1; http://www.opensiteexplorer.org/dotbot, help@moz.com)" 
54.36.148.98 - - [25/May/2020:22:59:50 -0700] "GET /robots.txt HTTP/1.1" 301 3657 "-" "Mozilla/5.0 (compatible; AhrefsBot/6.1; +http://ahrefs.com/robot/)" 
216.244.66.237 - - [26/May/2020:00:02:20 -0700] "GET /wp/Archive/2005/05/11/dna-scientist-francis-crick-dies-at-88/?replytocom=217 HTTP/1.1" 301 3755 "-" "Mozilla/5.0 (compatible; DotBot/1.1; http://www.opensiteexplorer.org/dotbot, help@moz.com)" 
216.244.66.237 - - [26/May/2020:00:02:25 -0700] "GET /wp/Archive/2006/01/27/oh-no-british-idiots/?replytocom=1810 HTTP/1.1" 301 3721 "-" "Mozilla/5.0 (compatible; DotBot/1.1; http://www.opensiteexplorer.org/dotbot, help@moz.com)" 
216.244.66.237 - - [26/May/2020:00:02:31 -0700] "GET /wp/Archive/2007/05/25/confirmation/?replytocom=7567 HTTP/1.1" 301 3705 "-" "Mozilla/5.0 (compatible; DotBot/1.1; http://www.opensiteexplorer.org/dotbot, help@moz.com)" 
216.244.66.237 - - [26/May/2020:00:02:36 -0700] "GET /wp/Archive/2008/01/05/santas-little-helper-20/?replytocom=9274 HTTP/1.1" 301 3727 "-" "Mozilla/5.0 (compatible; DotBot/1.1; http://www.opensiteexplorer.org/dotbot, help@moz.com)" 
