39.33.47.99 - - [15/Jun/2020:04:14:47 -0700] "POST /xmlrpc.php HTTP/1.1" 301 4152 "-" "Mozilla/4.0 (compatible; MSIE 6.0; Windows NT 5.0)" 
39.33.47.99 - - [15/Jun/2020:04:14:48 -0700] "GET /xmlrpc.php HTTP/1.1" 405 3948 "-" "Mozilla/4.0 (compatible; MSIE 6.0; Windows NT 5.0)" 
206.189.110.22 - - [15/Jun/2020:04:15:11 -0700] "GET /wp-login.php HTTP/1.1" 200 5309 "-" "Mozilla/5.0 (X11; Ubuntu; Linux x86_64; rv:62.0) Gecko/20100101 Firefox/62.0" 
206.189.110.22 - - [15/Jun/2020:04:15:26 -0700] "POST /wp-login.php HTTP/1.1" 200 5731 "-" "Mozilla/5.0 (X11; Ubuntu; Linux x86_64; rv:62.0) Gecko/20100101 Firefox/62.0" 
206.189.110.22 - - [15/Jun/2020:04:15:31 -0700] "POST /xmlrpc.php HTTP/1.1" 200 4188 "-" "Mozilla/5.0 (X11; Ubuntu; Linux x86_64; rv:62.0) Gecko/20100101 Firefox/62.0" 
66.249.66.47 - - [15/Jun/2020:04:16:10 -0700] "GET /tag/sourdough/ HTTP/1.1" 200 21517 "-" "Mozilla/5.0 (Linux; Android 6.0.1; Nexus 5X Build/MMB29P) AppleWebKit/537.36 (KHTML, like Gecko) Chrome/80.0.3987.92 Mobile Safari/537.36 (compatible; Googlebot/2.1; +http://www.google.com/bot.html)" 
139.59.87.229 - - [15/Jun/2020:04:18:06 -0700] "GET /wp-login.php HTTP/1.1" 200 5309 "-" "Mozilla/5.0 (X11; Ubuntu; Linux x86_64; rv:62.0) Gecko/20100101 Firefox/62.0" 
139.59.87.229 - - [15/Jun/2020:04:18:12 -0700] "POST /wp-login.php HTTP/1.1" 200 5731 "-" "Mozilla/5.0 (X11; Ubuntu; Linux x86_64; rv:62.0) Gecko/20100101 Firefox/62.0" 
139.59.87.229 - - [15/Jun/2020:04:18:14 -0700] "POST /xmlrpc.php HTTP/1.1" 200 4188 "-" "Mozilla/5.0 (X11; Ubuntu; Linux x86_64; rv:62.0) Gecko/20100101 Firefox/62.0" 
39.33.47.99 - - [15/Jun/2020:04:21:37 -0700] "POST /xmlrpc.php HTTP/1.1" 301 4152 "-" "Mozilla/4.0 (compatible; MSIE 6.0; Windows NT 5.0)" 
39.33.47.99 - - [15/Jun/2020:04:21:38 -0700] "GET /xmlrpc.php HTTP/1.1" 405 3948 "-" "Mozilla/4.0 (compatible; MSIE 6.0; Windows NT 5.0)" 
39.33.47.99 - - [15/Jun/2020:04:22:54 -0700] "POST /xmlrpc.php HTTP/1.1" 301 4152 "-" "Mozilla/4.0 (compatible; MSIE 6.0; Windows NT 5.0)" 
39.33.47.99 - - [15/Jun/2020:04:22:55 -0700] "GET /xmlrpc.php HTTP/1.1" 405 3948 "-" "Mozilla/4.0 (compatible; MSIE 6.0; Windows NT 5.0)" 
167.172.110.159 - - [15/Jun/2020:04:24:19 -0700] "GET /wp-login.php HTTP/1.1" 200 5309 "-" "Mozilla/5.0 (X11; Ubuntu; Linux x86_64; rv:62.0) Gecko/20100101 Firefox/62.0" 
167.172.110.159 - - [15/Jun/2020:04:24:19 -0700] "POST /wp-login.php HTTP/1.1" 200 5731 "-" "Mozilla/5.0 (X11; Ubuntu; Linux x86_64; rv:62.0) Gecko/20100101 Firefox/62.0" 
167.172.110.159 - - [15/Jun/2020:04:24:20 -0700] "POST /xmlrpc.php HTTP/1.1" 200 4188 "-" "Mozilla/5.0 (X11; Ubuntu; Linux x86_64; rv:62.0) Gecko/20100101 Firefox/62.0" 
46.229.168.145 - - [15/Jun/2020:04:24:20 -0700] "GET /category/gleanings/ HTTP/1.1" 200 12878 "-" "Mozilla/5.0 (compatible; SemrushBot/6~bl; +http://www.semrush.com/bot.html)" 
202.9.46.69 - - [15/Jun/2020:04:26:30 -0700] "POST /xmlrpc.php HTTP/1.1" 301 4152 "-" "Mozilla/4.0 (compatible; MSIE 6.0; Windows NT 5.0)" 
202.9.46.69 - - [15/Jun/2020:04:26:32 -0700] "GET /xmlrpc.php HTTP/1.1" 405 3948 "-" "Mozilla/4.0 (compatible; MSIE 6.0; Windows NT 5.0)" 
159.89.121.79 - - [15/Jun/2020:04:27:11 -0700] "GET /wp-login.php HTTP/1.1" 200 5309 "-" "Mozilla/5.0 (X11; Ubuntu; Linux x86_64; rv:62.0) Gecko/20100101 Firefox/62.0" 
159.89.121.79 - - [15/Jun/2020:04:27:11 -0700] "POST /wp-login.php HTTP/1.1" 200 5731 "-" "Mozilla/5.0 (X11; Ubuntu; Linux x86_64; rv:62.0) Gecko/20100101 Firefox/62.0" 
159.89.121.79 - - [15/Jun/2020:04:27:12 -0700] "POST /xmlrpc.php HTTP/1.1" 200 4188 "-" "Mozilla/5.0 (X11; Ubuntu; Linux x86_64; rv:62.0) Gecko/20100101 Firefox/62.0" 
5.188.84.45 - - [15/Jun/2020:04:31:07 -0700] "GET /2013/pasta-madre-day-2013/ HTTP/1.0" 200 32755 "https://www.fornacalia.com/2013/pasta-madre-day-2013/#comment-1801/" "Mozilla/5.0 (Windows NT 10.0; Win64; x64) AppleWebKit/537.36 (KHTML, like Gecko) Chrome/64.0.3282.140 Safari/537.36 Edge/17.17134" 
5.188.84.45 - - [15/Jun/2020:04:31:08 -0700] "POST /wp-comments-post.php HTTP/1.0" 302 3874 "https://www.fornacalia.com/2013/pasta-madre-day-2013/#comment-1801/" "Mozilla/5.0 (Windows NT 10.0; Win64; x64) AppleWebKit/537.36 (KHTML, like Gecko) Chrome/64.0.3282.140 Safari/537.36 Edge/17.17134" 
66.249.66.47 - - [15/Jun/2020:04:32:27 -0700] "GET /2014/in-which-a-croissant-recipe-makes-me-cross/ HTTP/1.1" 200 14084 "-" "Mozilla/5.0 (compatible; Googlebot/2.1; +http://www.google.com/bot.html)" 
66.249.66.43 - - [15/Jun/2020:04:32:30 -0700] "GET /wp-content/themes/Autonomie-child/css/wide-width.css?ver=1.0.0 HTTP/1.1" 404 25785 "https://www.fornacalia.com/2014/in-which-a-croissant-recipe-makes-me-cross/" "Mozilla/5.0 AppleWebKit/537.36 (KHTML, like Gecko; compatible; Googlebot/2.1; +http://www.google.com/bot.html) Chrome/83.0.4103.93 Safari/537.36" 
150.95.58.159 - - [15/Jun/2020:04:33:11 -0700] "GET /wp-login.php HTTP/1.1" 200 5309 "-" "Mozilla/5.0 (X11; Ubuntu; Linux x86_64; rv:62.0) Gecko/20100101 Firefox/62.0" 
150.95.58.159 - - [15/Jun/2020:04:33:12 -0700] "POST /wp-login.php HTTP/1.1" 200 5731 "-" "Mozilla/5.0 (X11; Ubuntu; Linux x86_64; rv:62.0) Gecko/20100101 Firefox/62.0" 
150.95.58.159 - - [15/Jun/2020:04:33:13 -0700] "POST /xmlrpc.php HTTP/1.1" 200 4188 "-" "Mozilla/5.0 (X11; Ubuntu; Linux x86_64; rv:62.0) Gecko/20100101 Firefox/62.0" 
173.236.245.199 - - [15/Jun/2020:04:35:40 -0700] "GET /wp-login.php HTTP/1.1" 200 5309 "-" "Mozilla/5.0 (X11; Ubuntu; Linux x86_64; rv:62.0) Gecko/20100101 Firefox/62.0" 
173.236.245.199 - - [15/Jun/2020:04:35:40 -0700] "POST /wp-login.php HTTP/1.1" 200 5731 "-" "Mozilla/5.0 (X11; Ubuntu; Linux x86_64; rv:62.0) Gecko/20100101 Firefox/62.0" 
173.236.245.199 - - [15/Jun/2020:04:35:40 -0700] "POST /xmlrpc.php HTTP/1.1" 200 4188 "-" "Mozilla/5.0 (X11; Ubuntu; Linux x86_64; rv:62.0) Gecko/20100101 Firefox/62.0" 
5.188.84.233 - - [15/Jun/2020:04:39:46 -0700] "GET /2013/pasta-madre-day-2013/ HTTP/1.0" 200 32755 "https://www.fornacalia.com/2013/pasta-madre-day-2013/#comment-1801/" "Mozilla/5.0 (Windows NT 10.0; Win64; x64) AppleWebKit/537.36 (KHTML, like Gecko) Chrome/68.0.3440.106 Safari/537.36" 
5.188.84.233 - - [15/Jun/2020:04:39:47 -0700] "POST /wp-comments-post.php HTTP/1.0" 302 3874 "https://www.fornacalia.com/2013/pasta-madre-day-2013/#comment-1801/" "Mozilla/5.0 (Windows NT 10.0; Win64; x64) AppleWebKit/537.36 (KHTML, like Gecko) Chrome/68.0.3440.106 Safari/537.36" 
36.91.206.130 - - [15/Jun/2020:04:40:03 -0700] "GET /wp-login.php HTTP/1.1" 200 5309 "-" "Mozilla/5.0 (X11; Ubuntu; Linux x86_64; rv:62.0) Gecko/20100101 Firefox/62.0" 
36.91.206.130 - - [15/Jun/2020:04:40:05 -0700] "POST /wp-login.php HTTP/1.1" 200 5731 "-" "Mozilla/5.0 (X11; Ubuntu; Linux x86_64; rv:62.0) Gecko/20100101 Firefox/62.0" 
36.91.206.130 - - [15/Jun/2020:04:40:08 -0700] "POST /xmlrpc.php HTTP/1.1" 200 4188 "-" "Mozilla/5.0 (X11; Ubuntu; Linux x86_64; rv:62.0) Gecko/20100101 Firefox/62.0" 
159.89.167.22 - - [15/Jun/2020:04:43:03 -0700] "GET /wp-login.php HTTP/1.1" 200 5309 "-" "Mozilla/5.0 (X11; Ubuntu; Linux x86_64; rv:62.0) Gecko/20100101 Firefox/62.0" 
159.89.167.22 - - [15/Jun/2020:04:43:08 -0700] "POST /wp-login.php HTTP/1.1" 200 5731 "-" "Mozilla/5.0 (X11; Ubuntu; Linux x86_64; rv:62.0) Gecko/20100101 Firefox/62.0" 
159.89.167.22 - - [15/Jun/2020:04:43:12 -0700] "POST /xmlrpc.php HTTP/1.1" 200 4188 "-" "Mozilla/5.0 (X11; Ubuntu; Linux x86_64; rv:62.0) Gecko/20100101 Firefox/62.0" 
167.99.236.89 - - [15/Jun/2020:04:46:54 -0700] "GET /wp-login.php HTTP/1.1" 200 5309 "-" "Mozilla/5.0 (X11; Ubuntu; Linux x86_64; rv:62.0) Gecko/20100101 Firefox/62.0" 
167.99.236.89 - - [15/Jun/2020:04:46:55 -0700] "POST /wp-login.php HTTP/1.1" 200 5731 "-" "Mozilla/5.0 (X11; Ubuntu; Linux x86_64; rv:62.0) Gecko/20100101 Firefox/62.0" 
64.111.100.215 - - [15/Jun/2020:04:46:54 -0700] "POST /wp-cron.php?doing_wp_cron=1592221614.7387239933013916015625 HTTP/1.1" 200 3383 "https://www.fornacalia.com/wp-cron.php?doing_wp_cron=1592221614.7387239933013916015625" "WordPress/5.2.7; https://www.fornacalia.com" 
167.99.236.89 - - [15/Jun/2020:04:46:55 -0700] "POST /xmlrpc.php HTTP/1.1" 200 4188 "-" "Mozilla/5.0 (X11; Ubuntu; Linux x86_64; rv:62.0) Gecko/20100101 Firefox/62.0" 
5.188.84.25 - - [15/Jun/2020:04:48:31 -0700] "GET /2013/pasta-madre-day-2013/ HTTP/1.0" 200 32755 "https://www.fornacalia.com/2013/pasta-madre-day-2013/#comment-1801/" "Mozilla/5.0 (Windows NT 6.1; Win64; x64) AppleWebKit/537.36 (KHTML, like Gecko) Chrome/68.0.3440.106 Safari/537.36" 
5.188.84.25 - - [15/Jun/2020:04:48:32 -0700] "POST /wp-comments-post.php HTTP/1.0" 302 3874 "https://www.fornacalia.com/2013/pasta-madre-day-2013/#comment-1801/" "Mozilla/5.0 (Windows NT 6.1; Win64; x64) AppleWebKit/537.36 (KHTML, like Gecko) Chrome/68.0.3440.106 Safari/537.36" 
8.210.55.246 - - [15/Jun/2020:04:48:55 -0700] "GET /wp-login.php HTTP/1.1" 200 5309 "-" "Mozilla/5.0 (X11; Ubuntu; Linux x86_64; rv:62.0) Gecko/20100101 Firefox/62.0" 
8.210.55.246 - - [15/Jun/2020:04:48:56 -0700] "POST /wp-login.php HTTP/1.1" 200 5731 "-" "Mozilla/5.0 (X11; Ubuntu; Linux x86_64; rv:62.0) Gecko/20100101 Firefox/62.0" 
8.210.55.246 - - [15/Jun/2020:04:48:57 -0700] "POST /xmlrpc.php HTTP/1.1" 200 4188 "-" "Mozilla/5.0 (X11; Ubuntu; Linux x86_64; rv:62.0) Gecko/20100101 Firefox/62.0" 
5.188.84.45 - - [15/Jun/2020:04:49:43 -0700] "GET /2013/pasta-madre-day-2013/ HTTP/1.0" 200 32755 "https://www.fornacalia.com/2013/pasta-madre-day-2013/#comment-1801/" "Mozilla/5.0 (Windows NT 6.1) AppleWebKit/537.36 (KHTML, like Gecko) Chrome/67.0.3396.99 Safari/537.36 Kinza/4.8.2" 
5.188.84.45 - - [15/Jun/2020:04:49:44 -0700] "POST /wp-comments-post.php HTTP/1.0" 302 3874 "https://www.fornacalia.com/2013/pasta-madre-day-2013/#comment-1801/" "Mozilla/5.0 (Windows NT 6.1) AppleWebKit/537.36 (KHTML, like Gecko) Chrome/67.0.3396.99 Safari/537.36 Kinza/4.8.2" 
157.55.39.231 - - [15/Jun/2020:04:50:06 -0700] "GET /wp-content/uploads/2019/11/starter-1024x1024.png HTTP/1.1" 200 1350975 "-" "Mozilla/5.0 (compatible; bingbot/2.0; +http://www.bing.com/bingbot.htm)" 
167.172.252.248 - - [15/Jun/2020:04:52:07 -0700] "GET /wp-login.php HTTP/1.1" 200 5309 "-" "Mozilla/5.0 (X11; Ubuntu; Linux x86_64; rv:62.0) Gecko/20100101 Firefox/62.0" 
167.172.252.248 - - [15/Jun/2020:04:52:07 -0700] "POST /wp-login.php HTTP/1.1" 200 5731 "-" "Mozilla/5.0 (X11; Ubuntu; Linux x86_64; rv:62.0) Gecko/20100101 Firefox/62.0" 
167.172.252.248 - - [15/Jun/2020:04:52:12 -0700] "POST /xmlrpc.php HTTP/1.1" 200 4188 "-" "Mozilla/5.0 (X11; Ubuntu; Linux x86_64; rv:62.0) Gecko/20100101 Firefox/62.0" 
105.178.42.45 - - [15/Jun/2020:04:52:20 -0700] "POST /xmlrpc.php HTTP/1.1" 301 4152 "-" "Mozilla/4.0 (compatible; MSIE 6.0; Windows NT 5.0)" 
105.178.42.45 - - [15/Jun/2020:04:52:21 -0700] "GET /xmlrpc.php HTTP/1.1" 405 3948 "-" "Mozilla/4.0 (compatible; MSIE 6.0; Windows NT 5.0)" 
5.188.84.147 - - [15/Jun/2020:04:54:20 -0700] "GET /2013/pasta-madre-day-2013/ HTTP/1.0" 200 32755 "https://www.fornacalia.com/2013/pasta-madre-day-2013/#comment-1801/" "Mozilla/5.0 (Windows NT 6.1; Win64; x64) AppleWebKit/537.36 (KHTML, like Gecko) Chrome/66.0.3359.170 Safari/537.36 OPR/53.0.2907.68" 
5.188.84.147 - - [15/Jun/2020:04:54:21 -0700] "POST /wp-comments-post.php HTTP/1.0" 302 3874 "https://www.fornacalia.com/2013/pasta-madre-day-2013/#comment-1801/" "Mozilla/5.0 (Windows NT 6.1; Win64; x64) AppleWebKit/537.36 (KHTML, like Gecko) Chrome/66.0.3359.170 Safari/537.36 OPR/53.0.2907.68" 
112.134.210.144 - - [15/Jun/2020:04:54:31 -0700] "POST /xmlrpc.php HTTP/1.1" 301 4152 "-" "Mozilla/4.0 (compatible; MSIE 6.0; Windows NT 5.0)" 
112.134.210.144 - - [15/Jun/2020:04:54:32 -0700] "GET /xmlrpc.php HTTP/1.1" 405 3948 "-" "Mozilla/4.0 (compatible; MSIE 6.0; Windows NT 5.0)" 
167.114.67.196 - - [15/Jun/2020:04:54:37 -0700] "POST /xmlrpc.php HTTP/1.1" 200 4188 "-" "Mozilla/5.0 (X11; Ubuntu; Linux x86_64; rv:62.0) Gecko/20100101 Firefox/62.0" 
124.120.218.94 - - [15/Jun/2020:04:54:42 -0700] "POST /xmlrpc.php HTTP/1.1" 301 4152 "-" "Mozilla/4.0 (compatible; MSIE 6.0; Windows NT 5.0)" 
124.120.218.94 - - [15/Jun/2020:04:54:43 -0700] "GET /xmlrpc.php HTTP/1.1" 405 3948 "-" "Mozilla/4.0 (compatible; MSIE 6.0; Windows NT 5.0)" 
105.178.42.45 - - [15/Jun/2020:04:55:13 -0700] "POST /xmlrpc.php HTTP/1.1" 301 4152 "-" "Mozilla/4.0 (compatible; MSIE 6.0; Windows NT 5.0)" 
105.178.42.45 - - [15/Jun/2020:04:55:15 -0700] "GET /xmlrpc.php HTTP/1.1" 405 3948 "-" "Mozilla/4.0 (compatible; MSIE 6.0; Windows NT 5.0)" 
167.86.117.194 - - [15/Jun/2020:04:58:47 -0700] "GET /wp-login.php HTTP/1.1" 200 5309 "-" "Mozilla/5.0 (X11; Ubuntu; Linux x86_64; rv:62.0) Gecko/20100101 Firefox/62.0" 
167.86.117.194 - - [15/Jun/2020:04:58:47 -0700] "POST /wp-login.php HTTP/1.1" 200 5731 "-" "Mozilla/5.0 (X11; Ubuntu; Linux x86_64; rv:62.0) Gecko/20100101 Firefox/62.0" 
167.86.117.194 - - [15/Jun/2020:04:58:48 -0700] "POST /xmlrpc.php HTTP/1.1" 200 4188 "-" "Mozilla/5.0 (X11; Ubuntu; Linux x86_64; rv:62.0) Gecko/20100101 Firefox/62.0" 
5.188.84.233 - - [15/Jun/2020:04:59:06 -0700] "GET /2013/pasta-madre-day-2013/ HTTP/1.0" 200 32755 "https://www.fornacalia.com/2013/pasta-madre-day-2013/#comment-1801/" "Mozilla/5.0 (Windows NT 6.1; Win64; x64) AppleWebKit/537.36 (KHTML, like Gecko) Chrome/68.0.3440.84 Safari/537.36" 
5.188.84.233 - - [15/Jun/2020:04:59:07 -0700] "POST /wp-comments-post.php HTTP/1.0" 302 3874 "https://www.fornacalia.com/2013/pasta-madre-day-2013/#comment-1801/" "Mozilla/5.0 (Windows NT 6.1; Win64; x64) AppleWebKit/537.36 (KHTML, like Gecko) Chrome/68.0.3440.84 Safari/537.36" 
202.9.46.69 - - [15/Jun/2020:05:02:59 -0700] "POST /xmlrpc.php HTTP/1.1" 301 4152 "-" "Mozilla/4.0 (compatible; MSIE 6.0; Windows NT 5.0)" 
202.9.46.69 - - [15/Jun/2020:05:03:00 -0700] "GET /xmlrpc.php HTTP/1.1" 405 3948 "-" "Mozilla/4.0 (compatible; MSIE 6.0; Windows NT 5.0)" 
5.188.84.15 - - [15/Jun/2020:05:03:19 -0700] "GET /2013/pasta-madre-day-2013/ HTTP/1.0" 200 32755 "https://www.fornacalia.com/2013/pasta-madre-day-2013/#comment-1801/" "Mozilla/5.0 (Windows NT 6.1; WOW64) AppleWebKit/537.36 (KHTML, like Gecko) Chrome/66.0.3359.170 Safari/537.36 OPR/53.0.2907.99" 
5.188.84.15 - - [15/Jun/2020:05:03:20 -0700] "POST /wp-comments-post.php HTTP/1.0" 302 3874 "https://www.fornacalia.com/2013/pasta-madre-day-2013/#comment-1801/" "Mozilla/5.0 (Windows NT 6.1; WOW64) AppleWebKit/537.36 (KHTML, like Gecko) Chrome/66.0.3359.170 Safari/537.36 OPR/53.0.2907.99" 
138.197.100.151 - - [15/Jun/2020:05:03:23 -0700] "GET /wp-login.php HTTP/1.1" 200 5309 "-" "Mozilla/5.0 (X11; Ubuntu; Linux x86_64; rv:62.0) Gecko/20100101 Firefox/62.0" 
138.197.100.151 - - [15/Jun/2020:05:03:24 -0700] "POST /wp-login.php HTTP/1.1" 200 5731 "-" "Mozilla/5.0 (X11; Ubuntu; Linux x86_64; rv:62.0) Gecko/20100101 Firefox/62.0" 
138.197.100.151 - - [15/Jun/2020:05:03:25 -0700] "POST /xmlrpc.php HTTP/1.1" 200 4188 "-" "Mozilla/5.0 (X11; Ubuntu; Linux x86_64; rv:62.0) Gecko/20100101 Firefox/62.0" 
5.188.84.220 - - [15/Jun/2020:05:04:04 -0700] "GET /2013/pasta-madre-day-2013/ HTTP/1.0" 200 32755 "https://www.fornacalia.com/2013/pasta-madre-day-2013/#comment-1801/" "Mozilla/5.0 (Windows NT 6.1; Win64; x64) AppleWebKit/537.36 (KHTML, like Gecko) Chrome/66.0.3359.170 Safari/537.36 OPR/53.0.2907.68" 
5.188.84.220 - - [15/Jun/2020:05:04:05 -0700] "POST /wp-comments-post.php HTTP/1.0" 302 3874 "https://www.fornacalia.com/2013/pasta-madre-day-2013/#comment-1801/" "Mozilla/5.0 (Windows NT 6.1; Win64; x64) AppleWebKit/537.36 (KHTML, like Gecko) Chrome/66.0.3359.170 Safari/537.36 OPR/53.0.2907.68" 
5.188.84.15 - - [15/Jun/2020:05:07:03 -0700] "GET /2013/pasta-madre-day-2013/ HTTP/1.0" 200 32755 "https://www.fornacalia.com/2013/pasta-madre-day-2013/#comment-1801/" "Mozilla/5.0 (Windows NT 6.1; Win64; x64) AppleWebKit/537.36 (KHTML, like Gecko) Chrome/67.0.3396.79 Safari/537.36" 
5.188.84.15 - - [15/Jun/2020:05:07:04 -0700] "POST /wp-comments-post.php HTTP/1.0" 302 3874 "https://www.fornacalia.com/2013/pasta-madre-day-2013/#comment-1801/" "Mozilla/5.0 (Windows NT 6.1; Win64; x64) AppleWebKit/537.36 (KHTML, like Gecko) Chrome/67.0.3396.79 Safari/537.36" 
51.255.80.230 - - [15/Jun/2020:05:07:09 -0700] "GET /wp-login.php HTTP/1.1" 200 5309 "-" "Mozilla/5.0 (X11; Ubuntu; Linux x86_64; rv:62.0) Gecko/20100101 Firefox/62.0" 
51.255.80.230 - - [15/Jun/2020:05:07:09 -0700] "POST /wp-login.php HTTP/1.1" 200 5731 "-" "Mozilla/5.0 (X11; Ubuntu; Linux x86_64; rv:62.0) Gecko/20100101 Firefox/62.0" 
51.255.80.230 - - [15/Jun/2020:05:07:10 -0700] "POST /xmlrpc.php HTTP/1.1" 200 4188 "-" "Mozilla/5.0 (X11; Ubuntu; Linux x86_64; rv:62.0) Gecko/20100101 Firefox/62.0" 
157.55.39.37 - - [15/Jun/2020:05:07:18 -0700] "GET /robots.txt HTTP/1.1" 200 2286 "-" "Mozilla/5.0 (compatible; bingbot/2.0; +http://www.bing.com/bingbot.htm)" 
157.55.39.37 - - [15/Jun/2020:05:07:19 -0700] "GET /robots.txt HTTP/1.1" 200 4576 "-" "Mozilla/5.0 (compatible; bingbot/2.0; +http://www.bing.com/bingbot.htm)" 
5.188.84.65 - - [15/Jun/2020:05:09:58 -0700] "GET /2013/pasta-madre-day-2013/ HTTP/1.0" 200 32755 "https://www.fornacalia.com/2013/pasta-madre-day-2013/#comment-1801/" "Mozilla/5.0 (Windows NT 6.1) AppleWebKit/537.36 (KHTML, like Gecko) Chrome/66.0.3359.181 Safari/537.36 Kinza/4.7.2" 
5.188.84.65 - - [15/Jun/2020:05:09:59 -0700] "POST /wp-comments-post.php HTTP/1.0" 302 3874 "https://www.fornacalia.com/2013/pasta-madre-day-2013/#comment-1801/" "Mozilla/5.0 (Windows NT 6.1) AppleWebKit/537.36 (KHTML, like Gecko) Chrome/66.0.3359.181 Safari/537.36 Kinza/4.7.2" 
93.115.10.25 - - [15/Jun/2020:05:10:54 -0700] "GET /wp-login.php HTTP/1.1" 200 5309 "-" "Mozilla/5.0 (X11; Ubuntu; Linux x86_64; rv:62.0) Gecko/20100101 Firefox/62.0" 
93.115.10.25 - - [15/Jun/2020:05:10:54 -0700] "POST /wp-login.php HTTP/1.1" 200 5731 "-" "Mozilla/5.0 (X11; Ubuntu; Linux x86_64; rv:62.0) Gecko/20100101 Firefox/62.0" 
93.115.10.25 - - [15/Jun/2020:05:10:55 -0700] "POST /xmlrpc.php HTTP/1.1" 200 4188 "-" "Mozilla/5.0 (X11; Ubuntu; Linux x86_64; rv:62.0) Gecko/20100101 Firefox/62.0" 
66.249.66.15 - - [15/Jun/2020:05:12:27 -0700] "GET /ads.txt HTTP/1.1" 301 4146 "-" "Mozilla/5.0 (compatible; Googlebot/2.1; +http://www.google.com/bot.html)" 
112.134.210.144 - - [15/Jun/2020:05:13:42 -0700] "POST /xmlrpc.php HTTP/1.1" 301 4152 "-" "Mozilla/4.0 (compatible; MSIE 6.0; Windows NT 5.0)" 
112.134.210.144 - - [15/Jun/2020:05:13:44 -0700] "GET /xmlrpc.php HTTP/1.1" 405 3948 "-" "Mozilla/4.0 (compatible; MSIE 6.0; Windows NT 5.0)" 
5.188.84.25 - - [15/Jun/2020:05:13:55 -0700] "GET /2013/pasta-madre-day-2013/ HTTP/1.0" 200 32755 "https://www.fornacalia.com/2013/pasta-madre-day-2013/#comment-1801/" "Mozilla/5.0 (Windows NT 6.3; Win64; x64) AppleWebKit/537.36 (KHTML, like Gecko) Chrome/68.0.3440.84 Safari/537.36" 
5.188.84.25 - - [15/Jun/2020:05:13:56 -0700] "POST /wp-comments-post.php HTTP/1.0" 302 3874 "https://www.fornacalia.com/2013/pasta-madre-day-2013/#comment-1801/" "Mozilla/5.0 (Windows NT 6.3; Win64; x64) AppleWebKit/537.36 (KHTML, like Gecko) Chrome/68.0.3440.84 Safari/537.36" 
212.150.246.98 - - [15/Jun/2020:05:15:01 -0700] "GET /wp-login.php HTTP/1.1" 200 5309 "-" "Mozilla/5.0 (X11; Ubuntu; Linux x86_64; rv:62.0) Gecko/20100101 Firefox/62.0" 
212.150.246.98 - - [15/Jun/2020:05:15:01 -0700] "POST /wp-login.php HTTP/1.1" 200 5731 "-" "Mozilla/5.0 (X11; Ubuntu; Linux x86_64; rv:62.0) Gecko/20100101 Firefox/62.0" 
212.150.246.98 - - [15/Jun/2020:05:15:02 -0700] "POST /xmlrpc.php HTTP/1.1" 200 4188 "-" "Mozilla/5.0 (X11; Ubuntu; Linux x86_64; rv:62.0) Gecko/20100101 Firefox/62.0" 
183.181.85.69 - - [15/Jun/2020:05:19:57 -0700] "GET /wp-login.php HTTP/1.1" 200 5309 "-" "Mozilla/5.0 (X11; Ubuntu; Linux x86_64; rv:62.0) Gecko/20100101 Firefox/62.0" 
183.181.85.69 - - [15/Jun/2020:05:19:58 -0700] "POST /wp-login.php HTTP/1.1" 200 5731 "-" "Mozilla/5.0 (X11; Ubuntu; Linux x86_64; rv:62.0) Gecko/20100101 Firefox/62.0" 
183.181.85.69 - - [15/Jun/2020:05:19:59 -0700] "POST /xmlrpc.php HTTP/1.1" 200 4188 "-" "Mozilla/5.0 (X11; Ubuntu; Linux x86_64; rv:62.0) Gecko/20100101 Firefox/62.0" 
44.230.242.71 - - [15/Jun/2020:05:20:54 -0700] "GET /wp-login.php HTTP/1.1" 200 5309 "-" "Mozilla/5.0 (X11; Ubuntu; Linux x86_64; rv:62.0) Gecko/20100101 Firefox/62.0" 
44.230.242.71 - - [15/Jun/2020:05:20:57 -0700] "POST /wp-login.php HTTP/1.1" 200 5731 "-" "Mozilla/5.0 (X11; Ubuntu; Linux x86_64; rv:62.0) Gecko/20100101 Firefox/62.0" 
44.230.242.71 - - [15/Jun/2020:05:21:00 -0700] "POST /xmlrpc.php HTTP/1.1" 200 4188 "-" "Mozilla/5.0 (X11; Ubuntu; Linux x86_64; rv:62.0) Gecko/20100101 Firefox/62.0" 
134.122.27.195 - - [15/Jun/2020:05:24:53 -0700] "GET /wp-login.php HTTP/1.1" 200 5309 "-" "Mozilla/5.0 (X11; Ubuntu; Linux x86_64; rv:62.0) Gecko/20100101 Firefox/62.0" 
134.122.27.195 - - [15/Jun/2020:05:24:53 -0700] "POST /wp-login.php HTTP/1.1" 200 5731 "-" "Mozilla/5.0 (X11; Ubuntu; Linux x86_64; rv:62.0) Gecko/20100101 Firefox/62.0" 
134.122.27.195 - - [15/Jun/2020:05:24:53 -0700] "POST /xmlrpc.php HTTP/1.1" 200 4188 "-" "Mozilla/5.0 (X11; Ubuntu; Linux x86_64; rv:62.0) Gecko/20100101 Firefox/62.0" 
5.188.84.65 - - [15/Jun/2020:05:25:16 -0700] "GET /2013/pasta-madre-day-2013/ HTTP/1.0" 200 32755 "https://www.fornacalia.com/2013/pasta-madre-day-2013/#comment-1801/" "Mozilla/5.0 (Windows NT 6.1; Win64; x64) AppleWebKit/537.36 (KHTML, like Gecko) Chrome/66.0.3359.170 Safari/537.36 OPR/53.0.2907.99" 
5.188.84.65 - - [15/Jun/2020:05:25:17 -0700] "POST /wp-comments-post.php HTTP/1.0" 302 3874 "https://www.fornacalia.com/2013/pasta-madre-day-2013/#comment-1801/" "Mozilla/5.0 (Windows NT 6.1; Win64; x64) AppleWebKit/537.36 (KHTML, like Gecko) Chrome/66.0.3359.170 Safari/537.36 OPR/53.0.2907.99" 
5.188.84.35 - - [15/Jun/2020:05:28:21 -0700] "GET /2013/pasta-madre-day-2013/ HTTP/1.0" 200 32755 "https://www.fornacalia.com/2013/pasta-madre-day-2013/#comment-1801/" "Mozilla/5.0 (Windows NT 10.0; Win64; x64) AppleWebKit/537.36 (KHTML, like Gecko) Chrome/68.0.3440.84 Safari/537.36" 
5.188.84.35 - - [15/Jun/2020:05:28:22 -0700] "POST /wp-comments-post.php HTTP/1.0" 302 3874 "https://www.fornacalia.com/2013/pasta-madre-day-2013/#comment-1801/" "Mozilla/5.0 (Windows NT 10.0; Win64; x64) AppleWebKit/537.36 (KHTML, like Gecko) Chrome/68.0.3440.84 Safari/537.36" 
112.134.210.144 - - [15/Jun/2020:05:29:32 -0700] "POST /xmlrpc.php HTTP/1.1" 301 4152 "-" "Mozilla/4.0 (compatible; MSIE 6.0; Windows NT 5.0)" 
112.134.210.144 - - [15/Jun/2020:05:29:32 -0700] "GET /xmlrpc.php HTTP/1.1" 405 3948 "-" "Mozilla/4.0 (compatible; MSIE 6.0; Windows NT 5.0)" 
5.188.84.220 - - [15/Jun/2020:05:30:25 -0700] "GET /2013/pasta-madre-day-2013/ HTTP/1.0" 200 32755 "https://www.fornacalia.com/2013/pasta-madre-day-2013/#comment-1801/" "Mozilla/5.0 (Windows NT 5.1) AppleWebKit/537.36 (KHTML, like Gecko) Chrome/49.0.2623.112 Safari/537.36" 
5.188.84.220 - - [15/Jun/2020:05:30:27 -0700] "POST /wp-comments-post.php HTTP/1.0" 302 3874 "https://www.fornacalia.com/2013/pasta-madre-day-2013/#comment-1801/" "Mozilla/5.0 (Windows NT 5.1) AppleWebKit/537.36 (KHTML, like Gecko) Chrome/49.0.2623.112 Safari/537.36" 
5.188.84.147 - - [15/Jun/2020:05:30:42 -0700] "GET /2013/pasta-madre-day-2013/ HTTP/1.0" 200 32755 "https://www.fornacalia.com/2013/pasta-madre-day-2013/#comment-1801/" "Mozilla/5.0 (Windows NT 10.0; Win64; x64) AppleWebKit/537.36 (KHTML, like Gecko) Chrome/65.0.3325.181 Safari/537.36" 
5.188.84.147 - - [15/Jun/2020:05:30:42 -0700] "POST /wp-comments-post.php HTTP/1.0" 302 3874 "https://www.fornacalia.com/2013/pasta-madre-day-2013/#comment-1801/" "Mozilla/5.0 (Windows NT 10.0; Win64; x64) AppleWebKit/537.36 (KHTML, like Gecko) Chrome/65.0.3325.181 Safari/537.36" 
5.188.84.35 - - [15/Jun/2020:05:32:00 -0700] "GET /2013/pasta-madre-day-2013/ HTTP/1.0" 200 32755 "https://www.fornacalia.com/2013/pasta-madre-day-2013/#comment-1801/" "Mozilla/5.0 (Windows NT 6.1) AppleWebKit/537.36 (KHTML, like Gecko) Chrome/68.0.3440.106 Safari/537.36" 
5.188.84.35 - - [15/Jun/2020:05:32:01 -0700] "POST /wp-comments-post.php HTTP/1.0" 302 3874 "https://www.fornacalia.com/2013/pasta-madre-day-2013/#comment-1801/" "Mozilla/5.0 (Windows NT 6.1) AppleWebKit/537.36 (KHTML, like Gecko) Chrome/68.0.3440.106 Safari/537.36" 
18.185.126.64 - - [15/Jun/2020:05:32:58 -0700] "GET /wp-login.php HTTP/1.1" 200 5309 "-" "Mozilla/5.0 (X11; Ubuntu; Linux x86_64; rv:62.0) Gecko/20100101 Firefox/62.0" 
18.185.126.64 - - [15/Jun/2020:05:33:34 -0700] "POST /wp-login.php HTTP/1.1" 200 5731 "-" "Mozilla/5.0 (X11; Ubuntu; Linux x86_64; rv:62.0) Gecko/20100101 Firefox/62.0" 
18.185.126.64 - - [15/Jun/2020:05:34:00 -0700] "POST /xmlrpc.php HTTP/1.1" 200 4188 "-" "Mozilla/5.0 (X11; Ubuntu; Linux x86_64; rv:62.0) Gecko/20100101 Firefox/62.0" 
157.55.39.231 - - [15/Jun/2020:05:35:23 -0700] "GET /2019/respect-to-respectus-panis/ HTTP/1.1" 200 13485 "-" "Mozilla/5.0 (iPhone; CPU iPhone OS 7_0 like Mac OS X) AppleWebKit/537.51.1 (KHTML, like Gecko) Version/7.0 Mobile/11A465 Safari/9537.53 (compatible; bingbot/2.0; +http://www.bing.com/bingbot.htm)" 
202.9.46.69 - - [15/Jun/2020:05:35:44 -0700] "POST /xmlrpc.php HTTP/1.1" 301 4152 "-" "Mozilla/4.0 (compatible; MSIE 6.0; Windows NT 5.0)" 
5.62.61.22 - - [15/Jun/2020:05:35:45 -0700] "GET /2013/pasta-madre-day-2013/ HTTP/1.0" 200 32755 "https://www.fornacalia.com/2013/pasta-madre-day-2013/#comment-45968" "Mozilla/5.0 (Windows NT 10.0; Win64; x64) AppleWebKit/537.36 (KHTML, like Gecko) Chrome/65.0.3325.181 Safari/537.36" 
5.62.61.22 - - [15/Jun/2020:05:35:46 -0700] "POST /wp-comments-post.php HTTP/1.0" 302 3874 "https://www.fornacalia.com/2013/pasta-madre-day-2013/#comment-45968" "Mozilla/5.0 (Windows NT 10.0; Win64; x64) AppleWebKit/537.36 (KHTML, like Gecko) Chrome/65.0.3325.181 Safari/537.36" 
5.62.61.22 - - [15/Jun/2020:05:35:47 -0700] "GET /2013/pasta-madre-day-2013/ HTTP/1.0" 200 32755 "https://www.fornacalia.com/2013/pasta-madre-day-2013/#comment-51532" "Mozilla/5.0 (Windows NT 10.0; Win64; x64) AppleWebKit/537.36 (KHTML, like Gecko) Chrome/65.0.3325.181 Safari/537.36" 
202.9.46.69 - - [15/Jun/2020:05:35:47 -0700] "GET /xmlrpc.php HTTP/1.1" 405 3948 "-" "Mozilla/4.0 (compatible; MSIE 6.0; Windows NT 5.0)" 
165.22.107.13 - - [15/Jun/2020:05:37:03 -0700] "GET /wp-login.php HTTP/1.1" 200 5309 "-" "Mozilla/5.0 (X11; Ubuntu; Linux x86_64; rv:62.0) Gecko/20100101 Firefox/62.0" 
165.22.107.13 - - [15/Jun/2020:05:37:05 -0700] "POST /wp-login.php HTTP/1.1" 200 5731 "-" "Mozilla/5.0 (X11; Ubuntu; Linux x86_64; rv:62.0) Gecko/20100101 Firefox/62.0" 
165.22.107.13 - - [15/Jun/2020:05:37:06 -0700] "POST /xmlrpc.php HTTP/1.1" 200 4188 "-" "Mozilla/5.0 (X11; Ubuntu; Linux x86_64; rv:62.0) Gecko/20100101 Firefox/62.0" 
105.178.42.45 - - [15/Jun/2020:05:37:54 -0700] "POST /xmlrpc.php HTTP/1.1" 301 4152 "-" "Mozilla/4.0 (compatible; MSIE 6.0; Windows NT 5.0)" 
105.178.42.45 - - [15/Jun/2020:05:37:55 -0700] "GET /xmlrpc.php HTTP/1.1" 405 3948 "-" "Mozilla/4.0 (compatible; MSIE 6.0; Windows NT 5.0)" 
46.229.168.141 - - [15/Jun/2020:05:38:58 -0700] "GET /2016/maybe-the-best-50-wholemeal-ever/ HTTP/1.1" 200 12054 "-" "Mozilla/5.0 (compatible; SemrushBot/6~bl; +http://www.semrush.com/bot.html)" 
45.252.248.16 - - [15/Jun/2020:05:41:34 -0700] "GET /wp-login.php HTTP/1.1" 200 5309 "-" "Mozilla/5.0 (X11; Ubuntu; Linux x86_64; rv:62.0) Gecko/20100101 Firefox/62.0" 
64.111.100.215 - - [15/Jun/2020:05:41:34 -0700] "POST /wp-cron.php?doing_wp_cron=1592224894.3906090259552001953125 HTTP/1.1" 200 3383 "https://www.fornacalia.com/wp-cron.php?doing_wp_cron=1592224894.3906090259552001953125" "WordPress/5.2.7; https://www.fornacalia.com" 
45.252.248.16 - - [15/Jun/2020:05:41:36 -0700] "POST /wp-login.php HTTP/1.1" 200 5731 "-" "Mozilla/5.0 (X11; Ubuntu; Linux x86_64; rv:62.0) Gecko/20100101 Firefox/62.0" 
45.252.248.16 - - [15/Jun/2020:05:41:38 -0700] "POST /xmlrpc.php HTTP/1.1" 200 4188 "-" "Mozilla/5.0 (X11; Ubuntu; Linux x86_64; rv:62.0) Gecko/20100101 Firefox/62.0" 
39.33.47.99 - - [15/Jun/2020:05:43:13 -0700] "POST /xmlrpc.php HTTP/1.1" 301 4152 "-" "Mozilla/4.0 (compatible; MSIE 6.0; Windows NT 5.0)" 
39.33.47.99 - - [15/Jun/2020:05:43:14 -0700] "GET /xmlrpc.php HTTP/1.1" 405 3948 "-" "Mozilla/4.0 (compatible; MSIE 6.0; Windows NT 5.0)" 
64.111.100.215 - - [15/Jun/2020:05:43:14 -0700] "POST /wp-cron.php?doing_wp_cron=1592224994.8054440021514892578125 HTTP/1.1" 200 3383 "https://www.fornacalia.com/wp-cron.php?doing_wp_cron=1592224994.8054440021514892578125" "WordPress/5.2.7; https://www.fornacalia.com" 
207.46.13.103 - - [15/Jun/2020:05:44:01 -0700] "GET /page/2/ HTTP/1.1" 200 17086 "-" "Mozilla/5.0 (compatible; bingbot/2.0; +http://www.bing.com/bingbot.htm)" 
103.81.84.173 - - [15/Jun/2020:05:44:40 -0700] "GET /wp-login.php HTTP/1.1" 200 5309 "-" "Mozilla/5.0 (X11; Ubuntu; Linux x86_64; rv:62.0) Gecko/20100101 Firefox/62.0" 
103.81.84.173 - - [15/Jun/2020:05:44:43 -0700] "POST /wp-login.php HTTP/1.1" 200 5731 "-" "Mozilla/5.0 (X11; Ubuntu; Linux x86_64; rv:62.0) Gecko/20100101 Firefox/62.0" 
103.81.84.173 - - [15/Jun/2020:05:44:45 -0700] "POST /xmlrpc.php HTTP/1.1" 200 4188 "-" "Mozilla/5.0 (X11; Ubuntu; Linux x86_64; rv:62.0) Gecko/20100101 Firefox/62.0" 
39.33.47.99 - - [15/Jun/2020:05:45:37 -0700] "POST /xmlrpc.php HTTP/1.1" 301 4152 "-" "Mozilla/4.0 (compatible; MSIE 6.0; Windows NT 5.0)" 
39.33.47.99 - - [15/Jun/2020:05:45:39 -0700] "GET /xmlrpc.php HTTP/1.1" 405 3948 "-" "Mozilla/4.0 (compatible; MSIE 6.0; Windows NT 5.0)" 
5.188.84.45 - - [15/Jun/2020:05:50:52 -0700] "GET /2013/pasta-madre-day-2013/ HTTP/1.0" 200 32755 "https://www.fornacalia.com/2013/pasta-madre-day-2013/#comment-1801/" "Mozilla/5.0 (Windows NT 10.0; Win64; x64) AppleWebKit/537.36 (KHTML, like Gecko) Chrome/67.0.3396.87 Safari/537.36 OPR/54.0.2952.54" 
5.188.84.45 - - [15/Jun/2020:05:50:54 -0700] "POST /wp-comments-post.php HTTP/1.0" 302 3874 "https://www.fornacalia.com/2013/pasta-madre-day-2013/#comment-1801/" "Mozilla/5.0 (Windows NT 10.0; Win64; x64) AppleWebKit/537.36 (KHTML, like Gecko) Chrome/67.0.3396.87 Safari/537.36 OPR/54.0.2952.54" 
39.33.47.99 - - [15/Jun/2020:05:51:28 -0700] "POST /xmlrpc.php HTTP/1.1" 301 4152 "-" "Mozilla/4.0 (compatible; MSIE 6.0; Windows NT 5.0)" 
39.33.47.99 - - [15/Jun/2020:05:51:30 -0700] "GET /xmlrpc.php HTTP/1.1" 405 3948 "-" "Mozilla/4.0 (compatible; MSIE 6.0; Windows NT 5.0)" 
185.95.0.197 - - [15/Jun/2020:05:52:18 -0700] "GET /wp-login.php HTTP/1.1" 200 5309 "-" "Mozilla/5.0 (X11; Ubuntu; Linux x86_64; rv:62.0) Gecko/20100101 Firefox/62.0" 
185.95.0.197 - - [15/Jun/2020:05:52:21 -0700] "POST /wp-login.php HTTP/1.1" 200 5731 "-" "Mozilla/5.0 (X11; Ubuntu; Linux x86_64; rv:62.0) Gecko/20100101 Firefox/62.0" 
185.95.0.197 - - [15/Jun/2020:05:52:22 -0700] "POST /xmlrpc.php HTTP/1.1" 200 4188 "-" "Mozilla/5.0 (X11; Ubuntu; Linux x86_64; rv:62.0) Gecko/20100101 Firefox/62.0" 
49.233.67.11 - - [15/Jun/2020:05:54:35 -0700] "GET /wp-login.php HTTP/1.1" 200 5309 "-" "Mozilla/5.0 (X11; Ubuntu; Linux x86_64; rv:62.0) Gecko/20100101 Firefox/62.0" 
49.233.67.11 - - [15/Jun/2020:05:54:37 -0700] "POST /wp-login.php HTTP/1.1" 200 5731 "-" "Mozilla/5.0 (X11; Ubuntu; Linux x86_64; rv:62.0) Gecko/20100101 Firefox/62.0" 
49.233.67.11 - - [15/Jun/2020:05:54:39 -0700] "POST /xmlrpc.php HTTP/1.1" 200 4188 "-" "Mozilla/5.0 (X11; Ubuntu; Linux x86_64; rv:62.0) Gecko/20100101 Firefox/62.0" 
46.49.3.10 - - [15/Jun/2020:05:55:53 -0700] "POST /xmlrpc.php HTTP/1.1" 301 4152 "-" "Mozilla/4.0 (compatible; MSIE 6.0; Windows NT 5.0)" 
46.49.3.10 - - [15/Jun/2020:05:55:54 -0700] "GET /xmlrpc.php HTTP/1.1" 405 3948 "-" "Mozilla/4.0 (compatible; MSIE 6.0; Windows NT 5.0)" 
66.249.66.45 - - [15/Jun/2020:05:56:11 -0700] "GET /2019/mysterious-ear-problem-partially-solved/ HTTP/1.1" 200 12411 "-" "Mozilla/5.0 (compatible; Googlebot/2.1; +http://www.google.com/bot.html)" 
188.68.47.123 - - [15/Jun/2020:05:56:51 -0700] "GET /wp-login.php HTTP/1.1" 200 5309 "-" "Mozilla/5.0 (X11; Ubuntu; Linux x86_64; rv:62.0) Gecko/20100101 Firefox/62.0" 
188.68.47.123 - - [15/Jun/2020:05:56:52 -0700] "POST /wp-login.php HTTP/1.1" 200 5731 "-" "Mozilla/5.0 (X11; Ubuntu; Linux x86_64; rv:62.0) Gecko/20100101 Firefox/62.0" 
188.68.47.123 - - [15/Jun/2020:05:56:52 -0700] "POST /xmlrpc.php HTTP/1.1" 200 4188 "-" "Mozilla/5.0 (X11; Ubuntu; Linux x86_64; rv:62.0) Gecko/20100101 Firefox/62.0" 
5.188.84.233 - - [15/Jun/2020:05:57:44 -0700] "GET /2013/pasta-madre-day-2013/ HTTP/1.0" 200 32755 "https://www.fornacalia.com/2013/pasta-madre-day-2013/#comment-1801/" "Mozilla/5.0 (Windows NT 6.3; Win64; x64) AppleWebKit/537.36 (KHTML, like Gecko) Chrome/65.0.3325.146 Safari/537.36" 
5.188.84.233 - - [15/Jun/2020:05:57:45 -0700] "POST /wp-comments-post.php HTTP/1.0" 302 3874 "https://www.fornacalia.com/2013/pasta-madre-day-2013/#comment-1801/" "Mozilla/5.0 (Windows NT 6.3; Win64; x64) AppleWebKit/537.36 (KHTML, like Gecko) Chrome/65.0.3325.146 Safari/537.36" 
54.39.23.55 - - [15/Jun/2020:05:59:41 -0700] "GET /wp-login.php HTTP/1.1" 200 5309 "-" "Mozilla/5.0 (X11; Ubuntu; Linux x86_64; rv:62.0) Gecko/20100101 Firefox/62.0" 
54.39.23.55 - - [15/Jun/2020:05:59:43 -0700] "POST /wp-login.php HTTP/1.1" 200 5731 "-" "Mozilla/5.0 (X11; Ubuntu; Linux x86_64; rv:62.0) Gecko/20100101 Firefox/62.0" 
54.39.23.55 - - [15/Jun/2020:05:59:44 -0700] "POST /xmlrpc.php HTTP/1.1" 200 4188 "-" "Mozilla/5.0 (X11; Ubuntu; Linux x86_64; rv:62.0) Gecko/20100101 Firefox/62.0" 
95.43.208.98 - - [15/Jun/2020:06:03:28 -0700] "GET /wp-login.php HTTP/1.1" 200 5309 "-" "Mozilla/5.0 (X11; Ubuntu; Linux x86_64; rv:62.0) Gecko/20100101 Firefox/62.0" 
95.43.208.98 - - [15/Jun/2020:06:03:28 -0700] "POST /wp-login.php HTTP/1.1" 200 5731 "-" "Mozilla/5.0 (X11; Ubuntu; Linux x86_64; rv:62.0) Gecko/20100101 Firefox/62.0" 
95.43.208.98 - - [15/Jun/2020:06:03:29 -0700] "POST /xmlrpc.php HTTP/1.1" 200 4188 "-" "Mozilla/5.0 (X11; Ubuntu; Linux x86_64; rv:62.0) Gecko/20100101 Firefox/62.0" 
167.71.105.41 - - [15/Jun/2020:06:04:30 -0700] "GET /wp-login.php HTTP/1.1" 200 5309 "-" "Mozilla/5.0 (X11; Ubuntu; Linux x86_64; rv:62.0) Gecko/20100101 Firefox/62.0" 
167.71.105.41 - - [15/Jun/2020:06:04:35 -0700] "POST /wp-login.php HTTP/1.1" 200 5731 "-" "Mozilla/5.0 (X11; Ubuntu; Linux x86_64; rv:62.0) Gecko/20100101 Firefox/62.0" 
167.71.105.41 - - [15/Jun/2020:06:04:40 -0700] "POST /xmlrpc.php HTTP/1.1" 200 4188 "-" "Mozilla/5.0 (X11; Ubuntu; Linux x86_64; rv:62.0) Gecko/20100101 Firefox/62.0" 
178.159.37.85 - - [15/Jun/2020:06:05:02 -0700] "GET /2013/pasta-madre-day-2013/ HTTP/1.0" 200 32755 "https://www.fornacalia.com/2013/pasta-madre-day-2013/#comment-51535" "Mozilla/5.0 (Windows NT 10.0; Win64; x64) AppleWebKit/537.36 (KHTML, like Gecko) Chrome/66.0.3359.170 Safari/537.36 OPR/53.0.2907.99" 
178.159.37.85 - - [15/Jun/2020:06:05:03 -0700] "GET /2013/pasta-madre-day-2013/ HTTP/1.0" 200 32755 "https://www.fornacalia.com/2013/pasta-madre-day-2013/#comment-51535" "Mozilla/5.0 (Windows NT 10.0; Win64; x64) AppleWebKit/537.36 (KHTML, like Gecko) Chrome/66.0.3359.170 Safari/537.36 OPR/53.0.2907.99" 
178.159.37.85 - - [15/Jun/2020:06:05:03 -0700] "GET /author/jeremy/ HTTP/1.0" 200 58281 "https://www.fornacalia.com/author/jeremy/" "Mozilla/5.0 (Windows NT 10.0; Win64; x64) AppleWebKit/537.36 (KHTML, like Gecko) Chrome/66.0.3359.170 Safari/537.36 OPR/53.0.2907.99" 
35.228.46.111 - - [15/Jun/2020:06:06:28 -0700] "GET /wp-login.php HTTP/1.1" 200 4758 "http://www.fornacalia.com/wp-login.php" "Mozilla/5.0 (Macintosh; Intel Mac OS X 10_12_6) AppleWebKit/537.36 (KHTML, like Gecko) Chrome/70.0.3538.110 Safari/537.36" 
35.228.46.111 - - [15/Jun/2020:06:06:28 -0700] "GET /wp-login.php HTTP/1.1" 200 1648 "https://www.fornacalia.com/wp-login.php" "Mozilla/5.0 (Macintosh; Intel Mac OS X 10_12_6) AppleWebKit/537.36 (KHTML, like Gecko) Chrome/70.0.3538.110 Safari/537.36" 
35.228.46.111 - - [15/Jun/2020:06:06:28 -0700] "POST /wp-login.php HTTP/1.1" 200 2049 "https://www.arcierifivizzano.it/wp-login.php" "Mozilla/5.0 (Macintosh; Intel Mac OS X 10_12_6) AppleWebKit/537.36 (KHTML, like Gecko) Chrome/70.0.3538.110 Safari/537.36" 
202.9.46.69 - - [15/Jun/2020:06:07:01 -0700] "POST /xmlrpc.php HTTP/1.1" 301 4152 "-" "Mozilla/4.0 (compatible; MSIE 6.0; Windows NT 5.0)" 
202.9.46.69 - - [15/Jun/2020:06:07:06 -0700] "GET /xmlrpc.php HTTP/1.1" 405 3948 "-" "Mozilla/4.0 (compatible; MSIE 6.0; Windows NT 5.0)" 
167.172.241.107 - - [15/Jun/2020:06:07:13 -0700] "GET /wp-login.php HTTP/1.1" 200 5309 "-" "Mozilla/5.0 (X11; Ubuntu; Linux x86_64; rv:62.0) Gecko/20100101 Firefox/62.0" 
167.172.241.107 - - [15/Jun/2020:06:07:14 -0700] "POST /wp-login.php HTTP/1.1" 200 5731 "-" "Mozilla/5.0 (X11; Ubuntu; Linux x86_64; rv:62.0) Gecko/20100101 Firefox/62.0" 
167.172.241.107 - - [15/Jun/2020:06:07:15 -0700] "POST /xmlrpc.php HTTP/1.1" 200 4188 "-" "Mozilla/5.0 (X11; Ubuntu; Linux x86_64; rv:62.0) Gecko/20100101 Firefox/62.0" 
5.188.84.25 - - [15/Jun/2020:06:07:39 -0700] "GET /2013/pasta-madre-day-2013/ HTTP/1.0" 200 32755 "https://www.fornacalia.com/2013/pasta-madre-day-2013/#comment-1801/" "Mozilla/5.0 (Windows NT 6.1; Win64; x64) AppleWebKit/537.36 (KHTML, like Gecko) Chrome/67.0.3396.87 Safari/537.36 OPR/54.0.2952.64" 
5.188.84.25 - - [15/Jun/2020:06:07:40 -0700] "POST /wp-comments-post.php HTTP/1.0" 302 3874 "https://www.fornacalia.com/2013/pasta-madre-day-2013/#comment-1801/" "Mozilla/5.0 (Windows NT 6.1; Win64; x64) AppleWebKit/537.36 (KHTML, like Gecko) Chrome/67.0.3396.87 Safari/537.36 OPR/54.0.2952.64" 
5.188.84.45 - - [15/Jun/2020:06:09:59 -0700] "GET /2013/pasta-madre-day-2013/ HTTP/1.0" 200 32755 "https://www.fornacalia.com/2013/pasta-madre-day-2013/#comment-1801/" "Mozilla/5.0 (Windows NT 6.3; Win64; x64) AppleWebKit/537.36 (KHTML, like Gecko) Chrome/66.0.3359.181 Safari/537.36" 
5.188.84.45 - - [15/Jun/2020:06:10:00 -0700] "POST /wp-comments-post.php HTTP/1.0" 302 3874 "https://www.fornacalia.com/2013/pasta-madre-day-2013/#comment-1801/" "Mozilla/5.0 (Windows NT 6.3; Win64; x64) AppleWebKit/537.36 (KHTML, like Gecko) Chrome/66.0.3359.181 Safari/537.36" 
77.75.76.172 - - [15/Jun/2020:06:13:39 -0700] "GET /robots.txt HTTP/1.1" 200 4037 "-" "Mozilla/5.0 (compatible; SeznamBot/3.2; +http://napoveda.seznam.cz/en/seznambot-intro/)" 
77.75.76.172 - - [15/Jun/2020:06:13:41 -0700] "GET /2013/poppyseed-cake/ HTTP/1.1" 200 11978 "-" "Mozilla/5.0 (compatible; SeznamBot/3.2; +http://napoveda.seznam.cz/en/seznambot-intro/)" 
37.187.77.121 - - [15/Jun/2020:06:13:56 -0700] "GET /wp-login.php HTTP/1.1" 200 5309 "-" "Mozilla/5.0 (X11; Ubuntu; Linux x86_64; rv:62.0) Gecko/20100101 Firefox/62.0" 
37.187.77.121 - - [15/Jun/2020:06:13:57 -0700] "POST /wp-login.php HTTP/1.1" 200 5731 "-" "Mozilla/5.0 (X11; Ubuntu; Linux x86_64; rv:62.0) Gecko/20100101 Firefox/62.0" 
37.187.77.121 - - [15/Jun/2020:06:13:57 -0700] "POST /xmlrpc.php HTTP/1.1" 200 4188 "-" "Mozilla/5.0 (X11; Ubuntu; Linux x86_64; rv:62.0) Gecko/20100101 Firefox/62.0" 
46.229.168.147 - - [15/Jun/2020:06:15:53 -0700] "GET /robots.txt HTTP/1.1" 200 3995 "-" "Mozilla/5.0 (compatible; SemrushBot/6~bl; +http://www.semrush.com/bot.html)" 
139.59.25.111 - - [15/Jun/2020:06:15:54 -0700] "GET /wp-login.php HTTP/1.1" 200 5309 "-" "Mozilla/5.0 (X11; Ubuntu; Linux x86_64; rv:62.0) Gecko/20100101 Firefox/62.0" 
46.229.168.144 - - [15/Jun/2020:06:15:54 -0700] "GET /tag/flatbread/ HTTP/1.1" 200 13825 "-" "Mozilla/5.0 (compatible; SemrushBot/6~bl; +http://www.semrush.com/bot.html)" 
66.249.66.47 - - [15/Jun/2020:06:15:58 -0700] "GET /2017/olive-levain/ HTTP/1.1" 200 12398 "-" "Mozilla/5.0 (compatible; Googlebot/2.1; +http://www.google.com/bot.html)" 
139.59.25.111 - - [15/Jun/2020:06:16:00 -0700] "POST /wp-login.php HTTP/1.1" 200 5731 "-" "Mozilla/5.0 (X11; Ubuntu; Linux x86_64; rv:62.0) Gecko/20100101 Firefox/62.0" 
139.59.25.111 - - [15/Jun/2020:06:16:01 -0700] "POST /xmlrpc.php HTTP/1.1" 200 4188 "-" "Mozilla/5.0 (X11; Ubuntu; Linux x86_64; rv:62.0) Gecko/20100101 Firefox/62.0" 
5.188.84.147 - - [15/Jun/2020:06:16:05 -0700] "GET /2013/pasta-madre-day-2013/ HTTP/1.0" 200 32755 "https://www.fornacalia.com/2013/pasta-madre-day-2013/#comment-1801/" "Mozilla/5.0 (Windows NT 6.1) AppleWebKit/537.36 (KHTML, like Gecko) Chrome/66.0.3359.181 Safari/537.36" 
5.188.84.147 - - [15/Jun/2020:06:16:06 -0700] "POST /wp-comments-post.php HTTP/1.0" 302 3874 "https://www.fornacalia.com/2013/pasta-madre-day-2013/#comment-1801/" "Mozilla/5.0 (Windows NT 6.1) AppleWebKit/537.36 (KHTML, like Gecko) Chrome/66.0.3359.181 Safari/537.36" 
5.188.84.233 - - [15/Jun/2020:06:17:13 -0700] "GET /2013/pasta-madre-day-2013/ HTTP/1.0" 200 32755 "https://www.fornacalia.com/2013/pasta-madre-day-2013/#comment-1801/" "Mozilla/5.0 (Windows NT 10.0; Win64; x64) AppleWebKit/537.36 (KHTML, like Gecko) Chrome/68.0.3440.84 Safari/537.36" 
5.188.84.233 - - [15/Jun/2020:06:17:14 -0700] "POST /wp-comments-post.php HTTP/1.0" 302 3874 "https://www.fornacalia.com/2013/pasta-madre-day-2013/#comment-1801/" "Mozilla/5.0 (Windows NT 10.0; Win64; x64) AppleWebKit/537.36 (KHTML, like Gecko) Chrome/68.0.3440.84 Safari/537.36" 
179.108.192.140 - - [15/Jun/2020:06:18:31 -0700] "GET /wp-login.php HTTP/1.1" 200 5309 "-" "Mozilla/5.0 (X11; Ubuntu; Linux x86_64; rv:62.0) Gecko/20100101 Firefox/62.0" 
179.108.192.140 - - [15/Jun/2020:06:18:32 -0700] "POST /wp-login.php HTTP/1.1" 200 5731 "-" "Mozilla/5.0 (X11; Ubuntu; Linux x86_64; rv:62.0) Gecko/20100101 Firefox/62.0" 
179.108.192.140 - - [15/Jun/2020:06:18:32 -0700] "POST /xmlrpc.php HTTP/1.1" 200 4188 "-" "Mozilla/5.0 (X11; Ubuntu; Linux x86_64; rv:62.0) Gecko/20100101 Firefox/62.0" 
190.117.62.241 - - [15/Jun/2020:06:21:48 -0700] "GET /wp-login.php HTTP/1.1" 200 5309 "-" "Mozilla/5.0 (X11; Ubuntu; Linux x86_64; rv:62.0) Gecko/20100101 Firefox/62.0" 
190.117.62.241 - - [15/Jun/2020:06:21:49 -0700] "POST /wp-login.php HTTP/1.1" 200 5731 "-" "Mozilla/5.0 (X11; Ubuntu; Linux x86_64; rv:62.0) Gecko/20100101 Firefox/62.0" 
190.117.62.241 - - [15/Jun/2020:06:21:52 -0700] "POST /xmlrpc.php HTTP/1.1" 200 4188 "-" "Mozilla/5.0 (X11; Ubuntu; Linux x86_64; rv:62.0) Gecko/20100101 Firefox/62.0" 
5.188.84.15 - - [15/Jun/2020:06:21:54 -0700] "GET /2013/pasta-madre-day-2013/ HTTP/1.0" 200 32755 "https://www.fornacalia.com/2013/pasta-madre-day-2013/#comment-1801/" "Mozilla/5.0 (Windows NT 6.3; Win64; x64) AppleWebKit/537.36 (KHTML, like Gecko) Chrome/66.0.3359.181 Safari/537.36" 
5.188.84.15 - - [15/Jun/2020:06:21:55 -0700] "POST /wp-comments-post.php HTTP/1.0" 302 3874 "https://www.fornacalia.com/2013/pasta-madre-day-2013/#comment-1801/" "Mozilla/5.0 (Windows NT 6.3; Win64; x64) AppleWebKit/537.36 (KHTML, like Gecko) Chrome/66.0.3359.181 Safari/537.36" 
105.178.42.45 - - [15/Jun/2020:06:22:30 -0700] "POST /xmlrpc.php HTTP/1.1" 301 4152 "-" "Mozilla/4.0 (compatible; MSIE 6.0; Windows NT 5.0)" 
105.178.42.45 - - [15/Jun/2020:06:22:31 -0700] "GET /xmlrpc.php HTTP/1.1" 405 3948 "-" "Mozilla/4.0 (compatible; MSIE 6.0; Windows NT 5.0)" 
5.188.84.220 - - [15/Jun/2020:06:23:51 -0700] "GET /2013/pasta-madre-day-2013/ HTTP/1.0" 200 32755 "https://www.fornacalia.com/2013/pasta-madre-day-2013/#comment-1801/" "Mozilla/5.0 (Windows NT 6.1) AppleWebKit/537.36 (KHTML, like Gecko) Chrome/68.0.3440.106 Safari/537.36" 
5.188.84.220 - - [15/Jun/2020:06:23:52 -0700] "POST /wp-comments-post.php HTTP/1.0" 302 3874 "https://www.fornacalia.com/2013/pasta-madre-day-2013/#comment-1801/" "Mozilla/5.0 (Windows NT 6.1) AppleWebKit/537.36 (KHTML, like Gecko) Chrome/68.0.3440.106 Safari/537.36" 
128.199.189.9 - - [15/Jun/2020:06:24:19 -0700] "GET /wp-login.php HTTP/1.1" 200 5309 "-" "Mozilla/5.0 (X11; Ubuntu; Linux x86_64; rv:62.0) Gecko/20100101 Firefox/62.0" 
128.199.189.9 - - [15/Jun/2020:06:24:20 -0700] "POST /wp-login.php HTTP/1.1" 200 5731 "-" "Mozilla/5.0 (X11; Ubuntu; Linux x86_64; rv:62.0) Gecko/20100101 Firefox/62.0" 
128.199.189.9 - - [15/Jun/2020:06:24:21 -0700] "POST /xmlrpc.php HTTP/1.1" 200 4188 "-" "Mozilla/5.0 (X11; Ubuntu; Linux x86_64; rv:62.0) Gecko/20100101 Firefox/62.0" 
5.188.84.15 - - [15/Jun/2020:06:26:01 -0700] "GET /2013/pasta-madre-day-2013/ HTTP/1.0" 200 32755 "https://www.fornacalia.com/2013/pasta-madre-day-2013/#comment-1801/" "Mozilla/5.0 (Windows NT 6.1) AppleWebKit/537.36 (KHTML, like Gecko) Chrome/66.0.3359.181 Safari/537.36 Kinza/4.7.2" 
5.188.84.15 - - [15/Jun/2020:06:26:02 -0700] "POST /wp-comments-post.php HTTP/1.0" 302 3874 "https://www.fornacalia.com/2013/pasta-madre-day-2013/#comment-1801/" "Mozilla/5.0 (Windows NT 6.1) AppleWebKit/537.36 (KHTML, like Gecko) Chrome/66.0.3359.181 Safari/537.36 Kinza/4.7.2" 
105.178.42.45 - - [15/Jun/2020:06:26:20 -0700] "POST /xmlrpc.php HTTP/1.1" 301 4152 "-" "Mozilla/4.0 (compatible; MSIE 6.0; Windows NT 5.0)" 
105.178.42.45 - - [15/Jun/2020:06:26:21 -0700] "GET /xmlrpc.php HTTP/1.1" 405 3948 "-" "Mozilla/4.0 (compatible; MSIE 6.0; Windows NT 5.0)" 
105.178.42.45 - - [15/Jun/2020:06:28:14 -0700] "POST /xmlrpc.php HTTP/1.1" 301 4152 "-" "Mozilla/4.0 (compatible; MSIE 6.0; Windows NT 5.0)" 
105.178.42.45 - - [15/Jun/2020:06:28:15 -0700] "GET /xmlrpc.php HTTP/1.1" 405 3948 "-" "Mozilla/4.0 (compatible; MSIE 6.0; Windows NT 5.0)" 
82.137.50.167 - - [15/Jun/2020:06:28:19 -0700] "GET /2019/respect-to-respectus-panis/ HTTP/1.1" 200 13500 "https://www.google.ro/" "Mozilla/5.0 (Windows NT 10.0; Win64; x64) AppleWebKit/537.36 (KHTML, like Gecko) Chrome/83.0.4103.97 Safari/537.36" 
82.137.50.167 - - [15/Jun/2020:06:28:19 -0700] "GET /wp-includes/css/dist/block-library/style.min.css?ver=5.2.7 HTTP/1.1" 200 5367 "https://www.fornacalia.com/2019/respect-to-respectus-panis/" "Mozilla/5.0 (Windows NT 10.0; Win64; x64) AppleWebKit/537.36 (KHTML, like Gecko) Chrome/83.0.4103.97 Safari/537.36" 
82.137.50.167 - - [15/Jun/2020:06:28:19 -0700] "GET /wp-content/plugins/indieweb/static/css/indieweb.css?ver=3.4.1 HTTP/1.1" 200 10490 "https://www.fornacalia.com/2019/respect-to-respectus-panis/" "Mozilla/5.0 (Windows NT 10.0; Win64; x64) AppleWebKit/537.36 (KHTML, like Gecko) Chrome/83.0.4103.97 Safari/537.36" 
82.137.50.167 - - [15/Jun/2020:06:28:19 -0700] "GET /wp-content/plugins/semantic-linkbacks/css/semantic-linkbacks.css?ver=3.8.1 HTTP/1.1" 200 4396 "https://www.fornacalia.com/2019/respect-to-respectus-panis/" "Mozilla/5.0 (Windows NT 10.0; Win64; x64) AppleWebKit/537.36 (KHTML, like Gecko) Chrome/83.0.4103.97 Safari/537.36" 
82.137.50.167 - - [15/Jun/2020:06:28:19 -0700] "GET /wp-content/themes/autonomie/style.css?ver=5.2.7 HTTP/1.1" 200 9554 "https://www.fornacalia.com/2019/respect-to-respectus-panis/" "Mozilla/5.0 (Windows NT 10.0; Win64; x64) AppleWebKit/537.36 (KHTML, like Gecko) Chrome/83.0.4103.97 Safari/537.36" 
82.137.50.167 - - [15/Jun/2020:06:28:19 -0700] "GET /wp-content/themes/Autonomie-child/style.css?ver=1.0.0 HTTP/1.1" 200 1410 "https://www.fornacalia.com/2019/respect-to-respectus-panis/" "Mozilla/5.0 (Windows NT 10.0; Win64; x64) AppleWebKit/537.36 (KHTML, like Gecko) Chrome/83.0.4103.97 Safari/537.36" 
82.137.50.167 - - [15/Jun/2020:06:28:19 -0700] "GET /wp-content/themes/Autonomie-child/css/default-width.css?ver=1.0.0 HTTP/1.1" 200 868 "https://www.fornacalia.com/2019/respect-to-respectus-panis/" "Mozilla/5.0 (Windows NT 10.0; Win64; x64) AppleWebKit/537.36 (KHTML, like Gecko) Chrome/83.0.4103.97 Safari/537.36" 
82.137.50.167 - - [15/Jun/2020:06:28:19 -0700] "GET /wp-content/themes/Autonomie-child/css/wide-width.css?ver=1.0.0 HTTP/1.1" 404 22317 "https://www.fornacalia.com/2019/respect-to-respectus-panis/" "Mozilla/5.0 (Windows NT 10.0; Win64; x64) AppleWebKit/537.36 (KHTML, like Gecko) Chrome/83.0.4103.97 Safari/537.36" 
82.137.50.167 - - [15/Jun/2020:06:28:19 -0700] "GET /wp-includes/js/jquery/jquery-migrate.min.js?ver=1.4.1 HTTP/1.1" 200 4579 "https://www.fornacalia.com/2019/respect-to-respectus-panis/" "Mozilla/5.0 (Windows NT 10.0; Win64; x64) AppleWebKit/537.36 (KHTML, like Gecko) Chrome/83.0.4103.97 Safari/537.36" 
82.137.50.167 - - [15/Jun/2020:06:28:19 -0700] "GET /wp-includes/js/jquery/jquery.js?ver=1.12.4-wp HTTP/1.1" 200 35150 "https://www.fornacalia.com/2019/respect-to-respectus-panis/" "Mozilla/5.0 (Windows NT 10.0; Win64; x64) AppleWebKit/537.36 (KHTML, like Gecko) Chrome/83.0.4103.97 Safari/537.36" 
82.137.50.167 - - [15/Jun/2020:06:28:20 -0700] "GET /wp-content/plugins/semantic-linkbacks/js/semantic-linkbacks.js?ver=3.8.1 HTTP/1.1" 200 593 "https://www.fornacalia.com/2019/respect-to-respectus-panis/" "Mozilla/5.0 (Windows NT 10.0; Win64; x64) AppleWebKit/537.36 (KHTML, like Gecko) Chrome/83.0.4103.97 Safari/537.36" 
82.137.50.167 - - [15/Jun/2020:06:28:20 -0700] "GET /wp-includes/js/comment-reply.min.js?ver=5.2.7 HTTP/1.1" 200 1539 "https://www.fornacalia.com/2019/respect-to-respectus-panis/" "Mozilla/5.0 (Windows NT 10.0; Win64; x64) AppleWebKit/537.36 (KHTML, like Gecko) Chrome/83.0.4103.97 Safari/537.36" 
82.137.50.167 - - [15/Jun/2020:06:28:20 -0700] "GET /wp-content/themes/autonomie/js/navigation.js?ver=1.0.0 HTTP/1.1" 200 1326 "https://www.fornacalia.com/2019/respect-to-respectus-panis/" "Mozilla/5.0 (Windows NT 10.0; Win64; x64) AppleWebKit/537.36 (KHTML, like Gecko) Chrome/83.0.4103.97 Safari/537.36" 
82.137.50.167 - - [15/Jun/2020:06:28:20 -0700] "GET /wp-content/themes/autonomie/js/skip-link-focus-fix.js?ver=1.0.0 HTTP/1.1" 200 1103 "https://www.fornacalia.com/2019/respect-to-respectus-panis/" "Mozilla/5.0 (Windows NT 10.0; Win64; x64) AppleWebKit/537.36 (KHTML, like Gecko) Chrome/83.0.4103.97 Safari/537.36" 
82.137.50.167 - - [15/Jun/2020:06:28:20 -0700] "GET /wp-content/themes/autonomie/font/merriweather/merriweather-v15-latin-300.woff2 HTTP/1.1" 200 18966 "https://www.fornacalia.com/wp-content/themes/autonomie/style.css?ver=5.2.7" "Mozilla/5.0 (Windows NT 10.0; Win64; x64) AppleWebKit/537.36 (KHTML, like Gecko) Chrome/83.0.4103.97 Safari/537.36" 
82.137.50.167 - - [15/Jun/2020:06:28:20 -0700] "GET /wp-content/themes/autonomie/font/lato/lato-v13-latin-700.woff2 HTTP/1.1" 200 23094 "https://www.fornacalia.com/wp-content/themes/autonomie/style.css?ver=5.2.7" "Mozilla/5.0 (Windows NT 10.0; Win64; x64) AppleWebKit/537.36 (KHTML, like Gecko) Chrome/83.0.4103.97 Safari/537.36" 
