5.188.84.45 - - [23/Jun/2020:06:15:46 -0700] "GET /2013/pasta-madre-day-2013/ HTTP/1.0" 200 32496 "https://www.fornacalia.com/2013/pasta-madre-day-2013/#comment-1801/" "Mozilla/5.0 (Windows NT 6.1; Win64; x64) AppleWebKit/537.36 (KHTML, like Gecko) Chrome/67.0.3396.99 Safari/537.36" 
5.188.84.45 - - [23/Jun/2020:06:15:47 -0700] "POST /wp-comments-post.php HTTP/1.0" 302 3874 "https://www.fornacalia.com/2013/pasta-madre-day-2013/#comment-1801/" "Mozilla/5.0 (Windows NT 6.1; Win64; x64) AppleWebKit/537.36 (KHTML, like Gecko) Chrome/67.0.3396.99 Safari/537.36" 
114.119.167.55 - - [23/Jun/2020:06:22:03 -0700] "GET /2020/sourdough-revival/ HTTP/1.1" 200 12899 "-" "Mozilla/5.0 (Linux; Android 7.0;) AppleWebKit/537.36 (KHTML, like Gecko) Mobile Safari/537.36 (compatible; PetalBot;+https://aspiegel.com/petalbot)" 
157.55.39.70 - - [23/Jun/2020:06:27:49 -0700] "GET /wp-content/uploads/2020/05/dough-1920.jpg HTTP/1.1" 200 656689 "-" "Mozilla/5.0 (compatible; bingbot/2.0; +http://www.bing.com/bingbot.htm)" 
5.188.84.65 - - [23/Jun/2020:06:31:46 -0700] "GET /2013/pasta-madre-day-2013/ HTTP/1.0" 200 32496 "https://www.fornacalia.com/2013/pasta-madre-day-2013/#comment-1801/" "Mozilla/5.0 (Windows NT 6.3; Win64; x64) AppleWebKit/537.36 (KHTML, like Gecko) Chrome/68.0.3440.84 Safari/537.36" 
5.188.84.65 - - [23/Jun/2020:06:31:47 -0700] "POST /wp-comments-post.php HTTP/1.0" 302 3874 "https://www.fornacalia.com/2013/pasta-madre-day-2013/#comment-1801/" "Mozilla/5.0 (Windows NT 6.3; Win64; x64) AppleWebKit/537.36 (KHTML, like Gecko) Chrome/68.0.3440.84 Safari/537.36" 
5.188.84.45 - - [23/Jun/2020:06:36:18 -0700] "GET /2013/pasta-madre-day-2013/ HTTP/1.0" 200 32496 "https://www.fornacalia.com/2013/pasta-madre-day-2013/#comment-1801/" "Mozilla/5.0 (Windows NT 10.0; Win64; x64) AppleWebKit/537.36 (KHTML, like Gecko) Chrome/68.0.3440.106 Safari/537.36" 
5.188.84.45 - - [23/Jun/2020:06:36:19 -0700] "POST /wp-comments-post.php HTTP/1.0" 302 3874 "https://www.fornacalia.com/2013/pasta-madre-day-2013/#comment-1801/" "Mozilla/5.0 (Windows NT 10.0; Win64; x64) AppleWebKit/537.36 (KHTML, like Gecko) Chrome/68.0.3440.106 Safari/537.36" 
5.188.84.35 - - [23/Jun/2020:06:37:47 -0700] "GET /2013/pasta-madre-day-2013/ HTTP/1.0" 200 32496 "https://www.fornacalia.com/2013/pasta-madre-day-2013/#comment-1801/" "Mozilla/5.0 (Windows NT 10.0; Win64; x64) AppleWebKit/537.36 (KHTML, like Gecko) Chrome/67.0.3396.79 Safari/537.36" 
5.188.84.35 - - [23/Jun/2020:06:37:48 -0700] "POST /wp-comments-post.php HTTP/1.0" 302 3874 "https://www.fornacalia.com/2013/pasta-madre-day-2013/#comment-1801/" "Mozilla/5.0 (Windows NT 10.0; Win64; x64) AppleWebKit/537.36 (KHTML, like Gecko) Chrome/67.0.3396.79 Safari/537.36" 
5.188.84.233 - - [23/Jun/2020:06:38:15 -0700] "GET /2013/pasta-madre-day-2013/ HTTP/1.0" 200 32496 "https://www.fornacalia.com/2013/pasta-madre-day-2013/#comment-1801/" "Mozilla/5.0 (Windows NT 10.0; Win64; x64) AppleWebKit/537.36 (KHTML, like Gecko) Chrome/67.0.3396.87 Safari/537.36" 
5.188.84.233 - - [23/Jun/2020:06:38:16 -0700] "POST /wp-comments-post.php HTTP/1.0" 302 3874 "https://www.fornacalia.com/2013/pasta-madre-day-2013/#comment-1801/" "Mozilla/5.0 (Windows NT 10.0; Win64; x64) AppleWebKit/537.36 (KHTML, like Gecko) Chrome/67.0.3396.87 Safari/537.36" 
5.188.84.220 - - [23/Jun/2020:06:40:05 -0700] "GET /2013/pasta-madre-day-2013/ HTTP/1.0" 200 32496 "https://www.fornacalia.com/2013/pasta-madre-day-2013/#comment-1801/" "Mozilla/5.0 (Windows NT 10.0; Win64; x64) AppleWebKit/537.36 (KHTML, like Gecko) Chrome/67.0.3396.99 Safari/537.36" 
5.188.84.220 - - [23/Jun/2020:06:40:06 -0700] "POST /wp-comments-post.php HTTP/1.0" 302 3874 "https://www.fornacalia.com/2013/pasta-madre-day-2013/#comment-1801/" "Mozilla/5.0 (Windows NT 10.0; Win64; x64) AppleWebKit/537.36 (KHTML, like Gecko) Chrome/67.0.3396.99 Safari/537.36" 
5.188.84.25 - - [23/Jun/2020:06:40:45 -0700] "GET /2013/pasta-madre-day-2013/ HTTP/1.0" 200 32496 "https://www.fornacalia.com/2013/pasta-madre-day-2013/#comment-1801/" "Mozilla/5.0 (Windows NT 10.0; Win64; x64) AppleWebKit/537.36 (KHTML, like Gecko) Chrome/67.0.3396.79 Safari/537.36" 
5.188.84.25 - - [23/Jun/2020:06:40:46 -0700] "POST /wp-comments-post.php HTTP/1.0" 302 3874 "https://www.fornacalia.com/2013/pasta-madre-day-2013/#comment-1801/" "Mozilla/5.0 (Windows NT 10.0; Win64; x64) AppleWebKit/537.36 (KHTML, like Gecko) Chrome/67.0.3396.79 Safari/537.36" 
114.119.165.86 - - [23/Jun/2020:06:42:14 -0700] "GET /tag/bagels HTTP/1.1" 301 3735 "-" "Mozilla/5.0 (Linux; Android 7.0;) AppleWebKit/537.36 (KHTML, like Gecko) Mobile Safari/537.36 (compatible; PetalBot;+https://aspiegel.com/petalbot)" 
64.111.100.215 - - [23/Jun/2020:06:42:14 -0700] "POST /wp-cron.php?doing_wp_cron=1592919734.3010790348052978515625 HTTP/1.1" 200 3383 "https://www.fornacalia.com/wp-cron.php?doing_wp_cron=1592919734.3010790348052978515625" "WordPress/5.2.7; https://www.fornacalia.com" 
114.119.165.86 - - [23/Jun/2020:06:42:16 -0700] "GET /tag/bagels/ HTTP/1.1" 200 11806 "-" "Mozilla/5.0 (Linux; Android 7.0;) AppleWebKit/537.36 (KHTML, like Gecko) Mobile Safari/537.36 (compatible; PetalBot;+https://aspiegel.com/petalbot)" 
5.188.84.15 - - [23/Jun/2020:06:43:58 -0700] "GET /2013/pasta-madre-day-2013/ HTTP/1.0" 200 32496 "https://www.fornacalia.com/2013/pasta-madre-day-2013/#comment-1801/" "Mozilla/5.0 (Windows NT 6.1) AppleWebKit/537.36 (KHTML, like Gecko) Chrome/68.0.3440.106 Safari/537.36" 
5.188.84.15 - - [23/Jun/2020:06:43:59 -0700] "POST /wp-comments-post.php HTTP/1.0" 302 3874 "https://www.fornacalia.com/2013/pasta-madre-day-2013/#comment-1801/" "Mozilla/5.0 (Windows NT 6.1) AppleWebKit/537.36 (KHTML, like Gecko) Chrome/68.0.3440.106 Safari/537.36" 
5.188.84.35 - - [23/Jun/2020:06:49:23 -0700] "GET /2013/pasta-madre-day-2013/ HTTP/1.0" 200 32496 "https://www.fornacalia.com/2013/pasta-madre-day-2013/#comment-1801/" "Mozilla/5.0 (Windows NT 6.1; Win64; x64) AppleWebKit/537.36 (KHTML, like Gecko) Chrome/67.0.3396.87 Safari/537.36 OPR/54.0.2952.51" 
5.188.84.35 - - [23/Jun/2020:06:49:24 -0700] "POST /wp-comments-post.php HTTP/1.0" 302 3874 "https://www.fornacalia.com/2013/pasta-madre-day-2013/#comment-1801/" "Mozilla/5.0 (Windows NT 6.1; Win64; x64) AppleWebKit/537.36 (KHTML, like Gecko) Chrome/67.0.3396.87 Safari/537.36 OPR/54.0.2952.51" 
5.188.84.220 - - [23/Jun/2020:06:49:36 -0700] "GET /2013/pasta-madre-day-2013/ HTTP/1.0" 200 32496 "https://www.fornacalia.com/2013/pasta-madre-day-2013/#comment-1801/" "Mozilla/5.0 (Windows NT 10.0) AppleWebKit/537.36 (KHTML, like Gecko) Chrome/67.0.3396.99 Safari/537.36" 
5.188.84.220 - - [23/Jun/2020:06:49:37 -0700] "POST /wp-comments-post.php HTTP/1.0" 302 3874 "https://www.fornacalia.com/2013/pasta-madre-day-2013/#comment-1801/" "Mozilla/5.0 (Windows NT 10.0) AppleWebKit/537.36 (KHTML, like Gecko) Chrome/67.0.3396.99 Safari/537.36" 
54.36.148.63 - - [23/Jun/2020:06:51:09 -0700] "GET /2012/does-fresh-bread-smell-make-people-nicer/ HTTP/1.1" 200 11641 "-" "Mozilla/5.0 (compatible; AhrefsBot/6.1; +http://ahrefs.com/robot/)" 
181.29.220.165 - - [23/Jun/2020:06:57:22 -0700] "GET /wp-content/uploads/2018/01/palanga-slices.jpg HTTP/1.1" 200 228167 "https://www.google.com/" "Mozilla/5.0 (Macintosh; Intel Mac OS X 10_14_6) AppleWebKit/537.36 (KHTML, like Gecko) Chrome/83.0.4103.106 Safari/537.36" 
5.188.84.15 - - [23/Jun/2020:06:57:28 -0700] "GET /2013/pasta-madre-day-2013/ HTTP/1.0" 200 32496 "https://www.fornacalia.com/2013/pasta-madre-day-2013/#comment-1801/" "Mozilla/5.0 (Windows NT 6.1) AppleWebKit/537.36 (KHTML, like Gecko) Chrome/66.0.3359.181 Safari/537.36" 
5.188.84.15 - - [23/Jun/2020:06:57:30 -0700] "POST /wp-comments-post.php HTTP/1.0" 302 3874 "https://www.fornacalia.com/2013/pasta-madre-day-2013/#comment-1801/" "Mozilla/5.0 (Windows NT 6.1) AppleWebKit/537.36 (KHTML, like Gecko) Chrome/66.0.3359.181 Safari/537.36" 
114.119.164.131 - - [23/Jun/2020:07:03:32 -0700] "GET /2017/workshops-update HTTP/1.1" 301 3797 "-" "Mozilla/5.0 (Linux; Android 7.0;) AppleWebKit/537.36 (KHTML, like Gecko) Mobile Safari/537.36 (compatible; PetalBot;+https://aspiegel.com/petalbot)" 
114.119.164.131 - - [23/Jun/2020:07:03:34 -0700] "GET /2017/workshops-update/ HTTP/1.1" 200 11019 "-" "Mozilla/5.0 (Linux; Android 7.0;) AppleWebKit/537.36 (KHTML, like Gecko) Mobile Safari/537.36 (compatible; PetalBot;+https://aspiegel.com/petalbot)" 
5.188.84.25 - - [23/Jun/2020:07:04:28 -0700] "GET /2013/pasta-madre-day-2013/ HTTP/1.0" 200 32496 "https://www.fornacalia.com/2013/pasta-madre-day-2013/#comment-1801/" "Mozilla/5.0 (Windows NT 6.1) AppleWebKit/537.36 (KHTML, like Gecko) Chrome/67.0.3396.99 Safari/537.36 Kinza/4.8.2" 
5.188.84.25 - - [23/Jun/2020:07:04:29 -0700] "POST /wp-comments-post.php HTTP/1.0" 302 3874 "https://www.fornacalia.com/2013/pasta-madre-day-2013/#comment-1801/" "Mozilla/5.0 (Windows NT 6.1) AppleWebKit/537.36 (KHTML, like Gecko) Chrome/67.0.3396.99 Safari/537.36 Kinza/4.8.2" 
195.176.3.23 - - [23/Jun/2020:07:07:26 -0700] "GET /wp-content/uploads/2020/06/flax-currant-crumb-960.jpg HTTP/1.1" 200 1029349 "http://www.fornacalia.com/" "Mozilla/5.0 (X11; Linux x86_64) AppleWebKit/537.36 (KHTML, like Gecko) Chrome/71.0.3563.0 Safari/537.36" 
195.176.3.23 - - [23/Jun/2020:07:07:27 -0700] "GET /wp-content/uploads/2020/06/flax-currant-couche-960.jpg HTTP/1.1" 200 668600 "http://www.fornacalia.com/" "Mozilla/5.0 (X11; Linux x86_64) AppleWebKit/537.36 (KHTML, like Gecko) Chrome/71.0.3563.0 Safari/537.36" 
195.176.3.23 - - [23/Jun/2020:07:07:27 -0700] "GET /wp-content/uploads/2020/06/flax-currant-dough-960.jpg HTTP/1.1" 200 942365 "http://www.fornacalia.com/" "Mozilla/5.0 (X11; Linux x86_64) AppleWebKit/537.36 (KHTML, like Gecko) Chrome/71.0.3563.0 Safari/537.36" 
195.176.3.23 - - [23/Jun/2020:07:07:28 -0700] "GET /wp-content/uploads/2020/05/dough-1920-1024x473.jpg HTTP/1.1" 200 138918 "http://www.fornacalia.com/" "Mozilla/5.0 (X11; Linux x86_64) AppleWebKit/537.36 (KHTML, like Gecko) Chrome/71.0.3563.0 Safari/537.36" 
195.176.3.23 - - [23/Jun/2020:07:07:28 -0700] "GET /wp-content/uploads/2020/05/sandwich-1920-1024x447.jpg HTTP/1.1" 200 99344 "http://www.fornacalia.com/" "Mozilla/5.0 (X11; Linux x86_64) AppleWebKit/537.36 (KHTML, like Gecko) Chrome/71.0.3563.0 Safari/537.36" 
195.176.3.23 - - [23/Jun/2020:07:07:28 -0700] "GET /wp-content/uploads/2020/05/slices-1920-1024x470.jpg HTTP/1.1" 200 121080 "http://www.fornacalia.com/" "Mozilla/5.0 (X11; Linux x86_64) AppleWebKit/537.36 (KHTML, like Gecko) Chrome/71.0.3563.0 Safari/537.36" 
195.176.3.23 - - [23/Jun/2020:07:07:28 -0700] "GET /wp-content/uploads/2020/06/flax-currant-baked-960.jpg HTTP/1.1" 200 881823 "http://www.fornacalia.com/" "Mozilla/5.0 (X11; Linux x86_64) AppleWebKit/537.36 (KHTML, like Gecko) Chrome/71.0.3563.0 Safari/537.36" 
195.176.3.23 - - [23/Jun/2020:07:07:29 -0700] "GET /wp-content/uploads/2020/04/bagel-dough.jpg HTTP/1.1" 200 120890 "http://www.fornacalia.com/" "Mozilla/5.0 (X11; Linux x86_64) AppleWebKit/537.36 (KHTML, like Gecko) Chrome/71.0.3563.0 Safari/537.36" 
195.176.3.23 - - [23/Jun/2020:07:07:29 -0700] "GET /wp-content/uploads/2020/04/lunch.jpg HTTP/1.1" 200 174990 "http://www.fornacalia.com/" "Mozilla/5.0 (X11; Linux x86_64) AppleWebKit/537.36 (KHTML, like Gecko) Chrome/71.0.3563.0 Safari/537.36" 
195.176.3.23 - - [23/Jun/2020:07:07:29 -0700] "GET /wp-content/uploads/2020/04/breakfast.jpg HTTP/1.1" 200 173778 "http://www.fornacalia.com/" "Mozilla/5.0 (X11; Linux x86_64) AppleWebKit/537.36 (KHTML, like Gecko) Chrome/71.0.3563.0 Safari/537.36" 
195.176.3.23 - - [23/Jun/2020:07:07:30 -0700] "GET /wp-content/uploads/2020/04/pizza-starter.png HTTP/1.1" 200 404169 "http://www.fornacalia.com/" "Mozilla/5.0 (X11; Linux x86_64) AppleWebKit/537.36 (KHTML, like Gecko) Chrome/71.0.3563.0 Safari/537.36" 
195.176.3.23 - - [23/Jun/2020:07:07:30 -0700] "GET /wp-content/uploads/2020/04/pizza-raw.png HTTP/1.1" 200 486375 "http://www.fornacalia.com/" "Mozilla/5.0 (X11; Linux x86_64) AppleWebKit/537.36 (KHTML, like Gecko) Chrome/71.0.3563.0 Safari/537.36" 
195.176.3.23 - - [23/Jun/2020:07:07:29 -0700] "GET /wp-content/uploads/2020/06/knead.mp4 HTTP/1.1" 206 2458640 "http://www.fornacalia.com/" "Mozilla/5.0 (X11; Linux x86_64) AppleWebKit/537.36 (KHTML, like Gecko) Chrome/71.0.3563.0 Safari/537.36" 
195.176.3.23 - - [23/Jun/2020:07:07:30 -0700] "GET /wp-content/uploads/2020/06/hydrate.mp4 HTTP/1.1" 206 3066799 "http://www.fornacalia.com/" "Mozilla/5.0 (X11; Linux x86_64) AppleWebKit/537.36 (KHTML, like Gecko) Chrome/71.0.3563.0 Safari/537.36" 
195.176.3.23 - - [23/Jun/2020:07:07:31 -0700] "GET /wp-content/uploads/2020/04/pizza-cooked.jpg HTTP/1.1" 200 315742 "http://www.fornacalia.com/" "Mozilla/5.0 (X11; Linux x86_64) AppleWebKit/537.36 (KHTML, like Gecko) Chrome/71.0.3563.0 Safari/537.36" 
195.176.3.23 - - [23/Jun/2020:07:07:32 -0700] "GET /wp-content/uploads/2020/04/pizza-slice.png HTTP/1.1" 200 432413 "http://www.fornacalia.com/" "Mozilla/5.0 (X11; Linux x86_64) AppleWebKit/537.36 (KHTML, like Gecko) Chrome/71.0.3563.0 Safari/537.36" 
195.176.3.23 - - [23/Jun/2020:07:07:32 -0700] "GET /wp-content/uploads/2020/03/starter-workflow-1-1024x577.png HTTP/1.1" 200 1071853 "http://www.fornacalia.com/" "Mozilla/5.0 (X11; Linux x86_64) AppleWebKit/537.36 (KHTML, like Gecko) Chrome/71.0.3563.0 Safari/537.36" 
5.188.84.147 - - [23/Jun/2020:07:08:36 -0700] "GET /2013/pasta-madre-day-2013/ HTTP/1.0" 200 32496 "https://www.fornacalia.com/2013/pasta-madre-day-2013/#comment-1801/" "Mozilla/5.0 (Windows NT 10.0; Win64; x64) AppleWebKit/537.36 (KHTML, like Gecko) Chrome/67.0.3396.87 Safari/537.36 OPR/54.0.2952.64" 
5.188.84.147 - - [23/Jun/2020:07:08:37 -0700] "POST /wp-comments-post.php HTTP/1.0" 302 3874 "https://www.fornacalia.com/2013/pasta-madre-day-2013/#comment-1801/" "Mozilla/5.0 (Windows NT 10.0; Win64; x64) AppleWebKit/537.36 (KHTML, like Gecko) Chrome/67.0.3396.87 Safari/537.36 OPR/54.0.2952.64" 
114.119.167.251 - - [23/Jun/2020:07:08:54 -0700] "GET /wp-content/uploads/2017/12/Grano-arso-2-1.png HTTP/1.1" 200 683141 "-" "Mozilla/5.0 (Linux; Android 7.0;) AppleWebKit/537.36 (KHTML, like Gecko) Mobile Safari/537.36 (compatible; PetalBot;+https://aspiegel.com/petalbot)" 
5.188.84.233 - - [23/Jun/2020:07:12:49 -0700] "GET /2013/pasta-madre-day-2013/ HTTP/1.0" 200 32496 "https://www.fornacalia.com/2013/pasta-madre-day-2013/#comment-1801/" "Mozilla/5.0 (Windows NT 6.1; Win64; x64) AppleWebKit/537.36 (KHTML, like Gecko) Chrome/67.0.3396.87 Safari/537.36" 
5.188.84.233 - - [23/Jun/2020:07:12:50 -0700] "POST /wp-comments-post.php HTTP/1.0" 302 3874 "https://www.fornacalia.com/2013/pasta-madre-day-2013/#comment-1801/" "Mozilla/5.0 (Windows NT 6.1; Win64; x64) AppleWebKit/537.36 (KHTML, like Gecko) Chrome/67.0.3396.87 Safari/537.36" 
5.188.84.147 - - [23/Jun/2020:07:14:12 -0700] "GET /2013/pasta-madre-day-2013/ HTTP/1.0" 200 32496 "https://www.fornacalia.com/2013/pasta-madre-day-2013/#comment-1801/" "Mozilla/5.0 (Windows NT 6.1) AppleWebKit/537.36 (KHTML, like Gecko) Chrome/68.0.3440.106 Safari/537.36" 
5.188.84.147 - - [23/Jun/2020:07:14:13 -0700] "POST /wp-comments-post.php HTTP/1.0" 302 3874 "https://www.fornacalia.com/2013/pasta-madre-day-2013/#comment-1801/" "Mozilla/5.0 (Windows NT 6.1) AppleWebKit/537.36 (KHTML, like Gecko) Chrome/68.0.3440.106 Safari/537.36" 
5.188.84.65 - - [23/Jun/2020:07:19:42 -0700] "GET /2013/pasta-madre-day-2013/ HTTP/1.0" 200 32496 "https://www.fornacalia.com/2013/pasta-madre-day-2013/#comment-1801/" "Mozilla/5.0 (Windows NT 10.0; Win64; x64) AppleWebKit/537.36 (KHTML, like Gecko) Chrome/66.0.3359.181 Safari/537.36" 
64.111.100.215 - - [23/Jun/2020:07:19:43 -0700] "POST /wp-cron.php?doing_wp_cron=1592921982.6673190593719482421875 HTTP/1.1" 200 3383 "https://www.fornacalia.com/wp-cron.php?doing_wp_cron=1592921982.6673190593719482421875" "WordPress/5.2.7; https://www.fornacalia.com" 
5.188.84.65 - - [23/Jun/2020:07:19:44 -0700] "POST /wp-comments-post.php HTTP/1.0" 302 3874 "https://www.fornacalia.com/2013/pasta-madre-day-2013/#comment-1801/" "Mozilla/5.0 (Windows NT 10.0; Win64; x64) AppleWebKit/537.36 (KHTML, like Gecko) Chrome/66.0.3359.181 Safari/537.36" 
157.55.39.90 - - [23/Jun/2020:07:19:45 -0700] "GET / HTTP/1.1" 200 19630 "-" "Mozilla/5.0 (compatible; bingbot/2.0; +http://www.bing.com/bingbot.htm)" 
114.119.164.131 - - [23/Jun/2020:07:21:27 -0700] "GET /2017/pain-au-levain-with-mixed-sourdough-starters/1 HTTP/1.1" 301 3774 "-" "Mozilla/5.0 (Linux; Android 7.0;) AppleWebKit/537.36 (KHTML, like Gecko) Mobile Safari/537.36 (compatible; PetalBot;+https://aspiegel.com/petalbot)" 
114.119.164.131 - - [23/Jun/2020:07:21:28 -0700] "GET /2017/pain-au-levain-with-mixed-sourdough-starters/ HTTP/1.1" 200 12198 "-" "Mozilla/5.0 (Linux; Android 7.0;) AppleWebKit/537.36 (KHTML, like Gecko) Mobile Safari/537.36 (compatible; PetalBot;+https://aspiegel.com/petalbot)" 
5.188.84.45 - - [23/Jun/2020:07:34:57 -0700] "GET /2013/pasta-madre-day-2013/ HTTP/1.0" 200 32496 "https://www.fornacalia.com/2013/pasta-madre-day-2013/#comment-1801/" "Mozilla/5.0 (Windows NT 6.1; Win64; x64) AppleWebKit/537.36 (KHTML, like Gecko) Chrome/66.0.3359.170 Safari/537.36 OPR/53.0.2907.106" 
5.188.84.45 - - [23/Jun/2020:07:34:59 -0700] "POST /wp-comments-post.php HTTP/1.0" 302 3874 "https://www.fornacalia.com/2013/pasta-madre-day-2013/#comment-1801/" "Mozilla/5.0 (Windows NT 6.1; Win64; x64) AppleWebKit/537.36 (KHTML, like Gecko) Chrome/66.0.3359.170 Safari/537.36 OPR/53.0.2907.106" 
5.183.94.94 - - [23/Jun/2020:07:39:29 -0700] "GET /2013/pasta-madre-day-2013/ HTTP/1.0" 200 32496 "https://www.fornacalia.com/2013/pasta-madre-day-2013/#comment-53234" "Mozilla/5.0 (Windows NT 10.0; Win64; x64) AppleWebKit/537.36 (KHTML, like Gecko) Chrome/66.0.3359.170 Safari/537.36 OPR/53.0.2907.68" 
114.119.167.55 - - [23/Jun/2020:07:52:13 -0700] "GET /wp-content/uploads/2020/01/loaves.jpg HTTP/1.1" 200 398117 "-" "Mozilla/5.0 (Linux; Android 7.0;) AppleWebKit/537.36 (KHTML, like Gecko) Mobile Safari/537.36 (compatible; PetalBot;+https://aspiegel.com/petalbot)" 
5.188.84.65 - - [23/Jun/2020:07:52:18 -0700] "GET /2013/pasta-madre-day-2013/ HTTP/1.0" 200 32496 "https://www.fornacalia.com/2013/pasta-madre-day-2013/#comment-1801/" "Mozilla/5.0 (Windows NT 6.1) AppleWebKit/537.36 (KHTML, like Gecko) Chrome/67.0.3396.99 Safari/537.36" 
5.188.84.65 - - [23/Jun/2020:07:52:20 -0700] "POST /wp-comments-post.php HTTP/1.0" 302 3874 "https://www.fornacalia.com/2013/pasta-madre-day-2013/#comment-1801/" "Mozilla/5.0 (Windows NT 6.1) AppleWebKit/537.36 (KHTML, like Gecko) Chrome/67.0.3396.99 Safari/537.36" 
5.188.84.45 - - [23/Jun/2020:07:54:59 -0700] "GET /2013/pasta-madre-day-2013/ HTTP/1.0" 200 32496 "https://www.fornacalia.com/2013/pasta-madre-day-2013/#comment-1801/" "Mozilla/5.0 (Windows NT 10.0; Win64; x64) AppleWebKit/537.36 (KHTML, like Gecko) Chrome/66.0.3359.170 Safari/537.36 OPR/53.0.2907.99" 
5.188.84.45 - - [23/Jun/2020:07:55:00 -0700] "POST /wp-comments-post.php HTTP/1.0" 302 3874 "https://www.fornacalia.com/2013/pasta-madre-day-2013/#comment-1801/" "Mozilla/5.0 (Windows NT 10.0; Win64; x64) AppleWebKit/537.36 (KHTML, like Gecko) Chrome/66.0.3359.170 Safari/537.36 OPR/53.0.2907.99" 
5.188.84.233 - - [23/Jun/2020:07:56:39 -0700] "GET /2013/pasta-madre-day-2013/ HTTP/1.0" 200 32496 "https://www.fornacalia.com/2013/pasta-madre-day-2013/#comment-1801/" "Mozilla/5.0 (Windows NT 6.1) AppleWebKit/537.36 (KHTML, like Gecko) Chrome/66.0.3359.181 Safari/537.36 Kinza/4.7.2" 
5.188.84.233 - - [23/Jun/2020:07:56:40 -0700] "POST /wp-comments-post.php HTTP/1.0" 302 3874 "https://www.fornacalia.com/2013/pasta-madre-day-2013/#comment-1801/" "Mozilla/5.0 (Windows NT 6.1) AppleWebKit/537.36 (KHTML, like Gecko) Chrome/66.0.3359.181 Safari/537.36 Kinza/4.7.2" 
5.188.84.35 - - [23/Jun/2020:07:57:25 -0700] "GET /2013/pasta-madre-day-2013/ HTTP/1.0" 200 32496 "https://www.fornacalia.com/2013/pasta-madre-day-2013/#comment-1801/" "Mozilla/5.0 (Windows NT 10.0; Win64; x64) AppleWebKit/537.36 (KHTML, like Gecko) Chrome/67.0.3396.87 Safari/537.36 OPR/54.0.2952.64" 
5.188.84.35 - - [23/Jun/2020:07:57:26 -0700] "POST /wp-comments-post.php HTTP/1.0" 302 3874 "https://www.fornacalia.com/2013/pasta-madre-day-2013/#comment-1801/" "Mozilla/5.0 (Windows NT 10.0; Win64; x64) AppleWebKit/537.36 (KHTML, like Gecko) Chrome/67.0.3396.87 Safari/537.36 OPR/54.0.2952.64" 
114.119.167.251 - - [23/Jun/2020:07:57:35 -0700] "GET /2012/bbc-radio-four-discovers-sourdough/ HTTP/1.1" 200 11979 "-" "Mozilla/5.0 (Linux; Android 7.0;) AppleWebKit/537.36 (KHTML, like Gecko) Mobile Safari/537.36 (compatible; PetalBot;+https://aspiegel.com/petalbot)" 
5.188.84.25 - - [23/Jun/2020:08:00:29 -0700] "GET /2013/pasta-madre-day-2013/ HTTP/1.0" 200 32496 "https://www.fornacalia.com/2013/pasta-madre-day-2013/#comment-1801/" "Mozilla/5.0 (Windows NT 10.0; Win64; x64) AppleWebKit/537.36 (KHTML, like Gecko) Chrome/65.0.3325.181 Safari/537.36" 
5.188.84.25 - - [23/Jun/2020:08:00:30 -0700] "POST /wp-comments-post.php HTTP/1.0" 302 3874 "https://www.fornacalia.com/2013/pasta-madre-day-2013/#comment-1801/" "Mozilla/5.0 (Windows NT 10.0; Win64; x64) AppleWebKit/537.36 (KHTML, like Gecko) Chrome/65.0.3325.181 Safari/537.36" 
5.188.84.220 - - [23/Jun/2020:08:00:34 -0700] "GET /2013/pasta-madre-day-2013/ HTTP/1.0" 200 32496 "https://www.fornacalia.com/2013/pasta-madre-day-2013/#comment-1801/" "Mozilla/5.0 (Windows NT 6.3; Win64; x64) AppleWebKit/537.36 (KHTML, like Gecko) Chrome/67.0.3396.79 Safari/537.36" 
5.188.84.220 - - [23/Jun/2020:08:00:35 -0700] "POST /wp-comments-post.php HTTP/1.0" 302 3874 "https://www.fornacalia.com/2013/pasta-madre-day-2013/#comment-1801/" "Mozilla/5.0 (Windows NT 6.3; Win64; x64) AppleWebKit/537.36 (KHTML, like Gecko) Chrome/67.0.3396.79 Safari/537.36" 
5.188.84.15 - - [23/Jun/2020:08:01:58 -0700] "GET /2013/pasta-madre-day-2013/ HTTP/1.0" 200 32496 "https://www.fornacalia.com/2013/pasta-madre-day-2013/#comment-1801/" "Mozilla/5.0 (Windows NT 6.1; Win64; x64) AppleWebKit/537.36 (KHTML, like Gecko) Chrome/67.0.3396.87 Safari/537.36 OPR/54.0.2952.71" 
5.188.84.15 - - [23/Jun/2020:08:01:59 -0700] "POST /wp-comments-post.php HTTP/1.0" 302 3874 "https://www.fornacalia.com/2013/pasta-madre-day-2013/#comment-1801/" "Mozilla/5.0 (Windows NT 6.1; Win64; x64) AppleWebKit/537.36 (KHTML, like Gecko) Chrome/67.0.3396.87 Safari/537.36 OPR/54.0.2952.71" 
114.119.161.162 - - [23/Jun/2020:08:02:57 -0700] "GET /2015/linseed-crackers-snatched-from-the-jaws-of-defeat HTTP/1.1" 301 3830 "-" "Mozilla/5.0 (Linux; Android 7.0;) AppleWebKit/537.36 (KHTML, like Gecko) Mobile Safari/537.36 (compatible; PetalBot;+https://aspiegel.com/petalbot)" 
114.119.161.162 - - [23/Jun/2020:08:02:58 -0700] "GET /2015/linseed-crackers-snatched-from-the-jaws-of-defeat/ HTTP/1.1" 200 12622 "-" "Mozilla/5.0 (Linux; Android 7.0;) AppleWebKit/537.36 (KHTML, like Gecko) Mobile Safari/537.36 (compatible; PetalBot;+https://aspiegel.com/petalbot)" 
5.188.84.35 - - [23/Jun/2020:08:09:07 -0700] "GET /2013/pasta-madre-day-2013/ HTTP/1.0" 200 32496 "https://www.fornacalia.com/2013/pasta-madre-day-2013/#comment-1801/" "Mozilla/5.0 (Windows NT 5.1) AppleWebKit/537.36 (KHTML, like Gecko) Chrome/49.0.2623.112 Safari/537.36" 
5.188.84.35 - - [23/Jun/2020:08:09:09 -0700] "POST /wp-comments-post.php HTTP/1.0" 302 3874 "https://www.fornacalia.com/2013/pasta-madre-day-2013/#comment-1801/" "Mozilla/5.0 (Windows NT 5.1) AppleWebKit/537.36 (KHTML, like Gecko) Chrome/49.0.2623.112 Safari/537.36" 
5.188.84.220 - - [23/Jun/2020:08:10:22 -0700] "GET /2013/pasta-madre-day-2013/ HTTP/1.0" 200 32496 "https://www.fornacalia.com/2013/pasta-madre-day-2013/#comment-1801/" "Mozilla/5.0 (Windows NT 10.0; Win64; x64) AppleWebKit/537.36 (KHTML, like Gecko) Chrome/67.0.3396.99 Safari/537.36" 
5.188.84.220 - - [23/Jun/2020:08:10:23 -0700] "POST /wp-comments-post.php HTTP/1.0" 302 3874 "https://www.fornacalia.com/2013/pasta-madre-day-2013/#comment-1801/" "Mozilla/5.0 (Windows NT 10.0; Win64; x64) AppleWebKit/537.36 (KHTML, like Gecko) Chrome/67.0.3396.99 Safari/537.36" 
54.36.149.47 - - [23/Jun/2020:08:12:38 -0700] "GET /2015/linseed-crackers-snatched-from-the-jaws-of-defeat/ HTTP/1.1" 200 12632 "-" "Mozilla/5.0 (compatible; AhrefsBot/6.1; +http://ahrefs.com/robot/)" 
203.133.169.112 - - [23/Jun/2020:08:15:27 -0700] "GET /robots.txt HTTP/1.1" 200 3816 "-" "Mozilla/5.0 (compatible; Daum/4.1; +http://cs.daum.net/faq/15/4118.html?faqId=28966)" 
203.133.169.112 - - [23/Jun/2020:08:15:28 -0700] "GET /2019/first-course-in-rome/ HTTP/1.1" 200 29245 "-" "Mozilla/5.0 (compatible; Daum/4.1; +http://cs.daum.net/faq/15/4118.html?faqId=28966)" 
5.188.84.15 - - [23/Jun/2020:08:15:47 -0700] "GET /2013/pasta-madre-day-2013/ HTTP/1.0" 200 32496 "https://www.fornacalia.com/2013/pasta-madre-day-2013/#comment-1801/" "Mozilla/5.0 (Windows NT 10.0; Win64; x64) AppleWebKit/537.36 (KHTML, like Gecko) Chrome/58.0.3029.110 Safari/537.36 Edge/16.16299" 
5.188.84.15 - - [23/Jun/2020:08:15:48 -0700] "POST /wp-comments-post.php HTTP/1.0" 302 3874 "https://www.fornacalia.com/2013/pasta-madre-day-2013/#comment-1801/" "Mozilla/5.0 (Windows NT 10.0; Win64; x64) AppleWebKit/537.36 (KHTML, like Gecko) Chrome/58.0.3029.110 Safari/537.36 Edge/16.16299" 
203.133.169.112 - - [23/Jun/2020:08:16:24 -0700] "GET /2019/first-course-in-rome/ HTTP/1.1" 200 29245 "-" "Mozilla/5.0 (compatible; Daum/4.1; +http://cs.daum.net/faq/15/4118.html?faqId=28966)" 
203.133.169.112 - - [23/Jun/2020:08:17:14 -0700] "GET /2019/first-course-in-rome/ HTTP/1.1" 200 29245 "-" "Mozilla/5.0 (compatible; Daum/4.1; +http://cs.daum.net/faq/15/4118.html?faqId=28966)" 
5.188.84.25 - - [23/Jun/2020:08:23:59 -0700] "GET /2013/pasta-madre-day-2013/ HTTP/1.0" 200 32496 "https://www.fornacalia.com/2013/pasta-madre-day-2013/#comment-1801/" "Mozilla/5.0 (Windows NT 6.1; Win64; x64) AppleWebKit/537.36 (KHTML, like Gecko) Chrome/67.0.3396.87 Safari/537.36 OPR/54.0.2952.64" 
5.188.84.25 - - [23/Jun/2020:08:24:01 -0700] "POST /wp-comments-post.php HTTP/1.0" 302 3874 "https://www.fornacalia.com/2013/pasta-madre-day-2013/#comment-1801/" "Mozilla/5.0 (Windows NT 6.1; Win64; x64) AppleWebKit/537.36 (KHTML, like Gecko) Chrome/67.0.3396.87 Safari/537.36 OPR/54.0.2952.64" 
157.55.39.90 - - [23/Jun/2020:08:26:43 -0700] "GET /2013/going-for-100-wholemeal/ HTTP/1.1" 200 11686 "-" "Mozilla/5.0 (compatible; bingbot/2.0; +http://www.bing.com/bingbot.htm)" 
114.119.161.162 - - [23/Jun/2020:08:28:44 -0700] "GET /wp-content/uploads/2017/12/Grano-arso-4.png HTTP/1.1" 200 731455 "-" "Mozilla/5.0 (Linux; Android 7.0;) AppleWebKit/537.36 (KHTML, like Gecko) Mobile Safari/537.36 (compatible; PetalBot;+https://aspiegel.com/petalbot)" 
5.188.84.147 - - [23/Jun/2020:08:30:31 -0700] "GET /2013/pasta-madre-day-2013/ HTTP/1.0" 200 32496 "https://www.fornacalia.com/2013/pasta-madre-day-2013/#comment-1801/" "Mozilla/5.0 (Windows NT 6.1) AppleWebKit/537.36 (KHTML, like Gecko) Chrome/68.0.3440.106 Safari/537.36" 
5.188.84.147 - - [23/Jun/2020:08:30:32 -0700] "POST /wp-comments-post.php HTTP/1.0" 302 3874 "https://www.fornacalia.com/2013/pasta-madre-day-2013/#comment-1801/" "Mozilla/5.0 (Windows NT 6.1) AppleWebKit/537.36 (KHTML, like Gecko) Chrome/68.0.3440.106 Safari/537.36" 
5.188.84.233 - - [23/Jun/2020:08:30:56 -0700] "GET /2013/pasta-madre-day-2013/ HTTP/1.0" 200 32496 "https://www.fornacalia.com/2013/pasta-madre-day-2013/#comment-1801/" "Mozilla/5.0 (Windows NT 10.0; Win64; x64) AppleWebKit/537.36 (KHTML, like Gecko) Chrome/67.0.3396.99 Safari/537.36" 
5.188.84.233 - - [23/Jun/2020:08:30:57 -0700] "POST /wp-comments-post.php HTTP/1.0" 302 3874 "https://www.fornacalia.com/2013/pasta-madre-day-2013/#comment-1801/" "Mozilla/5.0 (Windows NT 10.0; Win64; x64) AppleWebKit/537.36 (KHTML, like Gecko) Chrome/67.0.3396.99 Safari/537.36" 
157.55.39.32 - - [23/Jun/2020:08:34:11 -0700] "GET /robots.txt HTTP/1.1" 200 2114 "-" "Mozilla/5.0 (compatible; bingbot/2.0; +http://www.bing.com/bingbot.htm)" 
157.55.39.32 - - [23/Jun/2020:08:34:11 -0700] "GET /robots.txt HTTP/1.1" 200 4404 "-" "Mozilla/5.0 (compatible; bingbot/2.0; +http://www.bing.com/bingbot.htm)" 
5.188.84.147 - - [23/Jun/2020:08:35:54 -0700] "GET /2013/pasta-madre-day-2013/ HTTP/1.0" 200 32496 "https://www.fornacalia.com/2013/pasta-madre-day-2013/#comment-1801/" "Mozilla/5.0 (Windows NT 10.0; Win64; x64) AppleWebKit/537.36 (KHTML, like Gecko) Chrome/67.0.3396.99 Safari/537.36" 
5.188.84.147 - - [23/Jun/2020:08:35:55 -0700] "POST /wp-comments-post.php HTTP/1.0" 302 3874 "https://www.fornacalia.com/2013/pasta-madre-day-2013/#comment-1801/" "Mozilla/5.0 (Windows NT 10.0; Win64; x64) AppleWebKit/537.36 (KHTML, like Gecko) Chrome/67.0.3396.99 Safari/537.36" 
5.188.84.65 - - [23/Jun/2020:08:39:21 -0700] "GET /2013/pasta-madre-day-2013/ HTTP/1.0" 200 32496 "https://www.fornacalia.com/2013/pasta-madre-day-2013/#comment-1801/" "Mozilla/5.0 (Windows NT 10.0; Win64; x64) AppleWebKit/537.36 (KHTML, like Gecko) Chrome/67.0.3396.62 Safari/537.36" 
5.188.84.65 - - [23/Jun/2020:08:39:22 -0700] "POST /wp-comments-post.php HTTP/1.0" 302 3874 "https://www.fornacalia.com/2013/pasta-madre-day-2013/#comment-1801/" "Mozilla/5.0 (Windows NT 10.0; Win64; x64) AppleWebKit/537.36 (KHTML, like Gecko) Chrome/67.0.3396.62 Safari/537.36" 
157.55.39.70 - - [23/Jun/2020:08:44:37 -0700] "GET /category/courses/page/2/ HTTP/1.1" 404 25737 "-" "Mozilla/5.0 (compatible; bingbot/2.0; +http://www.bing.com/bingbot.htm)" 
64.111.100.215 - - [23/Jun/2020:08:44:37 -0700] "POST /wp-cron.php?doing_wp_cron=1592927077.2984709739685058593750 HTTP/1.1" 200 3383 "https://www.fornacalia.com/wp-cron.php?doing_wp_cron=1592927077.2984709739685058593750" "WordPress/5.2.7; https://www.fornacalia.com" 
114.119.164.139 - - [23/Jun/2020:08:46:40 -0700] "GET /2012/dan-lepard-on-flour/ HTTP/1.1" 200 11261 "-" "Mozilla/5.0 (Linux; Android 7.0;) AppleWebKit/537.36 (KHTML, like Gecko) Mobile Safari/537.36 (compatible; PetalBot;+https://aspiegel.com/petalbot)" 
5.188.84.45 - - [23/Jun/2020:08:54:15 -0700] "GET /2013/pasta-madre-day-2013/ HTTP/1.0" 200 32496 "https://www.fornacalia.com/2013/pasta-madre-day-2013/#comment-1801/" "Mozilla/5.0 (Windows NT 10.0; Win64; x64) AppleWebKit/537.36 (KHTML, like Gecko) Chrome/64.0.3282.140 Safari/537.36 Edge/17.17134" 
5.188.84.45 - - [23/Jun/2020:08:54:16 -0700] "POST /wp-comments-post.php HTTP/1.0" 302 3874 "https://www.fornacalia.com/2013/pasta-madre-day-2013/#comment-1801/" "Mozilla/5.0 (Windows NT 10.0; Win64; x64) AppleWebKit/537.36 (KHTML, like Gecko) Chrome/64.0.3282.140 Safari/537.36 Edge/17.17134" 
46.229.168.138 - - [23/Jun/2020:08:56:38 -0700] "GET /robots.txt HTTP/1.1" 200 3823 "-" "Mozilla/5.0 (compatible; SemrushBot/6~bl; +http://www.semrush.com/bot.html)" 
46.229.168.135 - - [23/Jun/2020:08:56:38 -0700] "GET /2019/the-future-of-bread-a-course-in-wales/ HTTP/1.1" 200 12962 "-" "Mozilla/5.0 (compatible; SemrushBot/6~bl; +http://www.semrush.com/bot.html)" 
114.119.160.9 - - [23/Jun/2020:09:01:01 -0700] "GET /2014/in-which-a-croissant-recipe-makes-me-cross HTTP/1.1" 301 3772 "-" "Mozilla/5.0 (Linux; Android 7.0;) AppleWebKit/537.36 (KHTML, like Gecko) Mobile Safari/537.36 (compatible; PetalBot;+https://aspiegel.com/petalbot)" 
114.119.160.9 - - [23/Jun/2020:09:01:02 -0700] "GET /2014/in-which-a-croissant-recipe-makes-me-cross/ HTTP/1.1" 200 13038 "-" "Mozilla/5.0 (Linux; Android 7.0;) AppleWebKit/537.36 (KHTML, like Gecko) Mobile Safari/537.36 (compatible; PetalBot;+https://aspiegel.com/petalbot)" 
5.188.84.65 - - [23/Jun/2020:09:12:47 -0700] "GET /2013/pasta-madre-day-2013/ HTTP/1.0" 200 32496 "https://www.fornacalia.com/2013/pasta-madre-day-2013/#comment-1801/" "Mozilla/5.0 (Windows NT 5.1) AppleWebKit/537.36 (KHTML, like Gecko) Chrome/49.0.2623.112 Safari/537.36" 
5.188.84.65 - - [23/Jun/2020:09:12:49 -0700] "POST /wp-comments-post.php HTTP/1.0" 302 3874 "https://www.fornacalia.com/2013/pasta-madre-day-2013/#comment-1801/" "Mozilla/5.0 (Windows NT 5.1) AppleWebKit/537.36 (KHTML, like Gecko) Chrome/49.0.2623.112 Safari/537.36" 
5.188.84.45 - - [23/Jun/2020:09:13:15 -0700] "GET /2013/pasta-madre-day-2013/ HTTP/1.0" 200 32496 "https://www.fornacalia.com/2013/pasta-madre-day-2013/#comment-1801/" "Mozilla/5.0 (Windows NT 6.3; Win64; x64) AppleWebKit/537.36 (KHTML, like Gecko) Chrome/65.0.3325.146 Safari/537.36" 
5.188.84.45 - - [23/Jun/2020:09:13:16 -0700] "POST /wp-comments-post.php HTTP/1.0" 302 3874 "https://www.fornacalia.com/2013/pasta-madre-day-2013/#comment-1801/" "Mozilla/5.0 (Windows NT 6.3; Win64; x64) AppleWebKit/537.36 (KHTML, like Gecko) Chrome/65.0.3325.146 Safari/537.36" 
5.188.84.233 - - [23/Jun/2020:09:14:47 -0700] "GET /2013/pasta-madre-day-2013/ HTTP/1.0" 200 32496 "https://www.fornacalia.com/2013/pasta-madre-day-2013/#comment-1801/" "Mozilla/5.0 (Windows NT 10.0; Win64; x64) AppleWebKit/537.36 (KHTML, like Gecko) Chrome/68.0.3440.106 Safari/537.36" 
5.188.84.233 - - [23/Jun/2020:09:14:48 -0700] "POST /wp-comments-post.php HTTP/1.0" 302 3874 "https://www.fornacalia.com/2013/pasta-madre-day-2013/#comment-1801/" "Mozilla/5.0 (Windows NT 10.0; Win64; x64) AppleWebKit/537.36 (KHTML, like Gecko) Chrome/68.0.3440.106 Safari/537.36" 
77.75.79.11 - - [23/Jun/2020:09:16:34 -0700] "GET /robots.txt HTTP/1.1" 200 3865 "-" "Mozilla/5.0 (compatible; SeznamBot/3.2; +http://napoveda.seznam.cz/en/seznambot-intro/)" 
77.75.79.11 - - [23/Jun/2020:09:16:36 -0700] "GET /page/6/ HTTP/1.1" 200 11878 "-" "Mozilla/5.0 (compatible; SeznamBot/3.2; +http://napoveda.seznam.cz/en/seznambot-intro/)" 
5.188.84.35 - - [23/Jun/2020:09:17:15 -0700] "GET /2013/pasta-madre-day-2013/ HTTP/1.0" 200 32496 "https://www.fornacalia.com/2013/pasta-madre-day-2013/#comment-1801/" "Mozilla/5.0 (Windows NT 10.0; Win64; x64) AppleWebKit/537.36 (KHTML, like Gecko) Chrome/67.0.3396.99 Safari/537.36" 
5.188.84.35 - - [23/Jun/2020:09:17:16 -0700] "POST /wp-comments-post.php HTTP/1.0" 302 3874 "https://www.fornacalia.com/2013/pasta-madre-day-2013/#comment-1801/" "Mozilla/5.0 (Windows NT 10.0; Win64; x64) AppleWebKit/537.36 (KHTML, like Gecko) Chrome/67.0.3396.99 Safari/537.36" 
5.188.84.25 - - [23/Jun/2020:09:19:53 -0700] "GET /2013/pasta-madre-day-2013/ HTTP/1.0" 200 32496 "https://www.fornacalia.com/2013/pasta-madre-day-2013/#comment-1801/" "Mozilla/5.0 (Windows NT 10.0; Win64; x64) AppleWebKit/537.36 (KHTML, like Gecko) Chrome/67.0.3396.62 Safari/537.36" 
5.188.84.25 - - [23/Jun/2020:09:19:54 -0700] "POST /wp-comments-post.php HTTP/1.0" 302 3874 "https://www.fornacalia.com/2013/pasta-madre-day-2013/#comment-1801/" "Mozilla/5.0 (Windows NT 10.0; Win64; x64) AppleWebKit/537.36 (KHTML, like Gecko) Chrome/67.0.3396.62 Safari/537.36" 
5.188.84.15 - - [23/Jun/2020:09:19:59 -0700] "GET /2013/pasta-madre-day-2013/ HTTP/1.0" 200 32496 "https://www.fornacalia.com/2013/pasta-madre-day-2013/#comment-1801/" "Mozilla/5.0 (Windows NT 10.0; Win64; x64) AppleWebKit/537.36 (KHTML, like Gecko) Chrome/58.0.3029.110 Safari/537.36 Edge/16.16299" 
5.188.84.15 - - [23/Jun/2020:09:20:00 -0700] "POST /wp-comments-post.php HTTP/1.0" 302 3874 "https://www.fornacalia.com/2013/pasta-madre-day-2013/#comment-1801/" "Mozilla/5.0 (Windows NT 10.0; Win64; x64) AppleWebKit/537.36 (KHTML, like Gecko) Chrome/58.0.3029.110 Safari/537.36 Edge/16.16299" 
5.188.84.220 - - [23/Jun/2020:09:20:58 -0700] "GET /2013/pasta-madre-day-2013/ HTTP/1.0" 200 32496 "https://www.fornacalia.com/2013/pasta-madre-day-2013/#comment-1801/" "Mozilla/5.0 (Windows NT 6.3; Win64; x64) AppleWebKit/537.36 (KHTML, like Gecko) Chrome/68.0.3440.84 Safari/537.36" 
5.188.84.220 - - [23/Jun/2020:09:20:59 -0700] "POST /wp-comments-post.php HTTP/1.0" 302 3874 "https://www.fornacalia.com/2013/pasta-madre-day-2013/#comment-1801/" "Mozilla/5.0 (Windows NT 6.3; Win64; x64) AppleWebKit/537.36 (KHTML, like Gecko) Chrome/68.0.3440.84 Safari/537.36" 
5.188.84.35 - - [23/Jun/2020:09:28:56 -0700] "GET /2013/pasta-madre-day-2013/ HTTP/1.0" 200 32496 "https://www.fornacalia.com/2013/pasta-madre-day-2013/#comment-1801/" "Mozilla/5.0 (Windows NT 10.0; Win64; x64) AppleWebKit/537.36 (KHTML, like Gecko) Chrome/66.0.3359.170 Safari/537.36 OPR/53.0.2907.68" 
5.188.84.35 - - [23/Jun/2020:09:28:58 -0700] "POST /wp-comments-post.php HTTP/1.0" 302 3874 "https://www.fornacalia.com/2013/pasta-madre-day-2013/#comment-1801/" "Mozilla/5.0 (Windows NT 10.0; Win64; x64) AppleWebKit/537.36 (KHTML, like Gecko) Chrome/66.0.3359.170 Safari/537.36 OPR/53.0.2907.68" 
5.188.84.220 - - [23/Jun/2020:09:30:55 -0700] "GET /2013/pasta-madre-day-2013/ HTTP/1.0" 200 32496 "https://www.fornacalia.com/2013/pasta-madre-day-2013/#comment-1801/" "Mozilla/5.0 (Windows NT 6.1; WOW64) AppleWebKit/537.36 (KHTML, like Gecko) Chrome/66.0.3359.170 Safari/537.36 OPR/53.0.2907.99" 
5.188.84.220 - - [23/Jun/2020:09:30:56 -0700] "POST /wp-comments-post.php HTTP/1.0" 302 3874 "https://www.fornacalia.com/2013/pasta-madre-day-2013/#comment-1801/" "Mozilla/5.0 (Windows NT 6.1; WOW64) AppleWebKit/537.36 (KHTML, like Gecko) Chrome/66.0.3359.170 Safari/537.36 OPR/53.0.2907.99" 
5.188.84.15 - - [23/Jun/2020:09:33:42 -0700] "GET /2013/pasta-madre-day-2013/ HTTP/1.0" 200 32496 "https://www.fornacalia.com/2013/pasta-madre-day-2013/#comment-1801/" "Mozilla/5.0 (Windows NT 6.1; Win64; x64) AppleWebKit/537.36 (KHTML, like Gecko) Chrome/67.0.3396.87 Safari/537.36 OPR/54.0.2952.51" 
5.188.84.15 - - [23/Jun/2020:09:33:43 -0700] "POST /wp-comments-post.php HTTP/1.0" 302 3874 "https://www.fornacalia.com/2013/pasta-madre-day-2013/#comment-1801/" "Mozilla/5.0 (Windows NT 6.1; Win64; x64) AppleWebKit/537.36 (KHTML, like Gecko) Chrome/67.0.3396.87 Safari/537.36 OPR/54.0.2952.51" 
5.188.84.25 - - [23/Jun/2020:09:43:24 -0700] "GET /2013/pasta-madre-day-2013/ HTTP/1.0" 200 32496 "https://www.fornacalia.com/2013/pasta-madre-day-2013/#comment-1801/" "Mozilla/5.0 (Windows NT 10.0; Win64; x64) AppleWebKit/537.36 (KHTML, like Gecko) Chrome/67.0.3396.87 Safari/537.36 OPR/54.0.2952.51" 
64.111.100.215 - - [23/Jun/2020:09:43:25 -0700] "POST /wp-cron.php?doing_wp_cron=1592930605.4166970252990722656250 HTTP/1.1" 200 3383 "https://www.fornacalia.com/wp-cron.php?doing_wp_cron=1592930605.4166970252990722656250" "WordPress/5.2.7; https://www.fornacalia.com" 
5.188.84.25 - - [23/Jun/2020:09:43:27 -0700] "POST /wp-comments-post.php HTTP/1.0" 302 3874 "https://www.fornacalia.com/2013/pasta-madre-day-2013/#comment-1801/" "Mozilla/5.0 (Windows NT 10.0; Win64; x64) AppleWebKit/537.36 (KHTML, like Gecko) Chrome/67.0.3396.87 Safari/537.36 OPR/54.0.2952.51" 
54.36.148.63 - - [23/Jun/2020:09:44:00 -0700] "GET /2012/bbc-radio-four-discovers-sourdough/ HTTP/1.1" 200 11988 "-" "Mozilla/5.0 (compatible; AhrefsBot/6.1; +http://ahrefs.com/robot/)" 
5.188.84.233 - - [23/Jun/2020:09:48:58 -0700] "GET /2013/pasta-madre-day-2013/ HTTP/1.0" 200 32496 "https://www.fornacalia.com/2013/pasta-madre-day-2013/#comment-1801/" "Mozilla/5.0 (Windows NT 10.0; Win64; x64) AppleWebKit/537.36 (KHTML, like Gecko) Chrome/67.0.3396.62 Safari/537.36" 
5.188.84.233 - - [23/Jun/2020:09:48:59 -0700] "POST /wp-comments-post.php HTTP/1.0" 302 3874 "https://www.fornacalia.com/2013/pasta-madre-day-2013/#comment-1801/" "Mozilla/5.0 (Windows NT 10.0; Win64; x64) AppleWebKit/537.36 (KHTML, like Gecko) Chrome/67.0.3396.62 Safari/537.36" 
5.188.84.147 - - [23/Jun/2020:09:52:24 -0700] "GET /2013/pasta-madre-day-2013/ HTTP/1.0" 200 32496 "https://www.fornacalia.com/2013/pasta-madre-day-2013/#comment-1801/" "Mozilla/5.0 (Windows NT 6.1; WOW64) AppleWebKit/537.36 (KHTML, like Gecko) Chrome/66.0.3359.170 Safari/537.36 OPR/53.0.2907.99" 
5.188.84.147 - - [23/Jun/2020:09:52:25 -0700] "POST /wp-comments-post.php HTTP/1.0" 302 3874 "https://www.fornacalia.com/2013/pasta-madre-day-2013/#comment-1801/" "Mozilla/5.0 (Windows NT 6.1; WOW64) AppleWebKit/537.36 (KHTML, like Gecko) Chrome/66.0.3359.170 Safari/537.36 OPR/53.0.2907.99" 
5.188.84.147 - - [23/Jun/2020:09:57:37 -0700] "GET /2013/pasta-madre-day-2013/ HTTP/1.0" 200 32496 "https://www.fornacalia.com/2013/pasta-madre-day-2013/#comment-1801/" "Mozilla/5.0 (Windows NT 5.1) AppleWebKit/537.36 (KHTML, like Gecko) Chrome/49.0.2623.112 Safari/537.36" 
5.188.84.147 - - [23/Jun/2020:09:57:38 -0700] "POST /wp-comments-post.php HTTP/1.0" 302 3874 "https://www.fornacalia.com/2013/pasta-madre-day-2013/#comment-1801/" "Mozilla/5.0 (Windows NT 5.1) AppleWebKit/537.36 (KHTML, like Gecko) Chrome/49.0.2623.112 Safari/537.36" 
5.188.84.65 - - [23/Jun/2020:09:59:06 -0700] "GET /2013/pasta-madre-day-2013/ HTTP/1.0" 200 32496 "https://www.fornacalia.com/2013/pasta-madre-day-2013/#comment-1801/" "Mozilla/5.0 (Windows NT 10.0; Win64; x64) AppleWebKit/537.36 (KHTML, like Gecko) Chrome/65.0.3325.181 Safari/537.36" 
5.188.84.65 - - [23/Jun/2020:09:59:08 -0700] "POST /wp-comments-post.php HTTP/1.0" 302 3874 "https://www.fornacalia.com/2013/pasta-madre-day-2013/#comment-1801/" "Mozilla/5.0 (Windows NT 10.0; Win64; x64) AppleWebKit/537.36 (KHTML, like Gecko) Chrome/65.0.3325.181 Safari/537.36" 
157.55.39.90 - - [23/Jun/2020:09:59:55 -0700] "GET /page/14/ HTTP/1.1" 200 14586 "-" "Mozilla/5.0 (compatible; bingbot/2.0; +http://www.bing.com/bingbot.htm)" 
220.181.108.144 - - [23/Jun/2020:10:07:15 -0700] "GET /feed/ HTTP/1.1" 200 64545 "-" "Mozilla/5.0 (compatible; Baiduspider/2.0; +http://www.baidu.com/search/spider.html)" 
5.188.84.45 - - [23/Jun/2020:10:13:36 -0700] "GET /2013/pasta-madre-day-2013/ HTTP/1.0" 200 32496 "https://www.fornacalia.com/2013/pasta-madre-day-2013/#comment-1801/" "Mozilla/5.0 (Windows NT 10.0; Win64; x64) AppleWebKit/537.36 (KHTML, like Gecko) Chrome/67.0.3396.87 Safari/537.36 OPR/54.0.2952.71" 
5.188.84.45 - - [23/Jun/2020:10:13:38 -0700] "POST /wp-comments-post.php HTTP/1.0" 302 3874 "https://www.fornacalia.com/2013/pasta-madre-day-2013/#comment-1801/" "Mozilla/5.0 (Windows NT 10.0; Win64; x64) AppleWebKit/537.36 (KHTML, like Gecko) Chrome/67.0.3396.87 Safari/537.36 OPR/54.0.2952.71" 
114.119.167.55 - - [23/Jun/2020:10:18:31 -0700] "GET /2017/the-woodfired-baker HTTP/1.1" 301 3800 "-" "Mozilla/5.0 (Linux; Android 7.0;) AppleWebKit/537.36 (KHTML, like Gecko) Mobile Safari/537.36 (compatible; PetalBot;+https://aspiegel.com/petalbot)" 
114.119.167.55 - - [23/Jun/2020:10:18:32 -0700] "GET /2017/the-woodfired-baker/ HTTP/1.1" 200 10842 "-" "Mozilla/5.0 (Linux; Android 7.0;) AppleWebKit/537.36 (KHTML, like Gecko) Mobile Safari/537.36 (compatible; PetalBot;+https://aspiegel.com/petalbot)" 
38.99.62.94 - - [23/Jun/2020:10:25:09 -0700] "GET /robots.txt HTTP/1.1" 301 3552 "-" "Mozilla/5.0 (compatible; evc-batch/2.0)" 
38.99.62.94 - - [23/Jun/2020:10:25:10 -0700] "GET /robots.txt HTTP/1.1" 200 3809 "https://fornacalia.com/robots.txt" "Mozilla/5.0 (compatible; evc-batch/2.0)" 
46.229.168.132 - - [23/Jun/2020:10:25:53 -0700] "GET /robots.txt HTTP/1.1" 200 3823 "-" "Mozilla/5.0 (compatible; SemrushBot/6~bl; +http://www.semrush.com/bot.html)" 
46.229.168.161 - - [23/Jun/2020:10:25:54 -0700] "GET /2012/does-fresh-bread-smell-make-people-nicer/ HTTP/1.1" 200 11634 "-" "Mozilla/5.0 (compatible; SemrushBot/6~bl; +http://www.semrush.com/bot.html)" 
5.188.84.45 - - [23/Jun/2020:10:31:36 -0700] "GET /2013/pasta-madre-day-2013/ HTTP/1.0" 200 32496 "https://www.fornacalia.com/2013/pasta-madre-day-2013/#comment-1801/" "Mozilla/5.0 (Windows NT 6.3; Win64; x64) AppleWebKit/537.36 (KHTML, like Gecko) Chrome/68.0.3440.84 Safari/537.36" 
5.188.84.45 - - [23/Jun/2020:10:31:37 -0700] "POST /wp-comments-post.php HTTP/1.0" 302 3874 "https://www.fornacalia.com/2013/pasta-madre-day-2013/#comment-1801/" "Mozilla/5.0 (Windows NT 6.3; Win64; x64) AppleWebKit/537.36 (KHTML, like Gecko) Chrome/68.0.3440.84 Safari/537.36" 
5.188.84.233 - - [23/Jun/2020:10:32:40 -0700] "GET /2013/pasta-madre-day-2013/ HTTP/1.0" 200 32496 "https://www.fornacalia.com/2013/pasta-madre-day-2013/#comment-1801/" "Mozilla/5.0 (Windows NT 10.0; Win64; x64) AppleWebKit/537.36 (KHTML, like Gecko) Chrome/65.0.3325.181 Safari/537.36" 
5.188.84.233 - - [23/Jun/2020:10:32:41 -0700] "POST /wp-comments-post.php HTTP/1.0" 302 3874 "https://www.fornacalia.com/2013/pasta-madre-day-2013/#comment-1801/" "Mozilla/5.0 (Windows NT 10.0; Win64; x64) AppleWebKit/537.36 (KHTML, like Gecko) Chrome/65.0.3325.181 Safari/537.36" 
5.188.84.65 - - [23/Jun/2020:10:33:14 -0700] "GET /2013/pasta-madre-day-2013/ HTTP/1.0" 200 32496 "https://www.fornacalia.com/2013/pasta-madre-day-2013/#comment-1801/" "Mozilla/5.0 (Windows NT 10.0; Win64; x64) AppleWebKit/537.36 (KHTML, like Gecko) Chrome/67.0.3396.87 Safari/537.36 OPR/54.0.2952.64" 
5.188.84.65 - - [23/Jun/2020:10:33:15 -0700] "POST /wp-comments-post.php HTTP/1.0" 302 3874 "https://www.fornacalia.com/2013/pasta-madre-day-2013/#comment-1801/" "Mozilla/5.0 (Windows NT 10.0; Win64; x64) AppleWebKit/537.36 (KHTML, like Gecko) Chrome/67.0.3396.87 Safari/537.36 OPR/54.0.2952.64" 
90.151.46.204 - - [23/Jun/2020:10:34:04 -0700] "GET /2019/first-course-in-rome/ HTTP/1.0" 200 29151 "-" "Mozilla/5.0 (Windows NT 6.3; Win64; x64) AppleWebKit/537.36 (KHTML, like Gecko) Chrome/75.0.3770.100 Safari/537.36" 
54.39.177.92 - - [23/Jun/2020:10:34:12 -0700] "GET /2020/turmeric-breadan-experiment/feed/ HTTP/1.1" 301 3649 "-" "Mozilla/5.0 (compatible; YaK/1.0; http://linkfluence.com/; bot@linkfluence.com)" 
5.188.84.35 - - [23/Jun/2020:10:36:54 -0700] "GET /2013/pasta-madre-day-2013/ HTTP/1.0" 200 32496 "https://www.fornacalia.com/2013/pasta-madre-day-2013/#comment-1801/" "Mozilla/5.0 (Windows NT 10.0; Win64; x64) AppleWebKit/537.36 (KHTML, like Gecko) Chrome/67.0.3396.99 Safari/537.36" 
5.188.84.35 - - [23/Jun/2020:10:36:56 -0700] "POST /wp-comments-post.php HTTP/1.0" 302 3874 "https://www.fornacalia.com/2013/pasta-madre-day-2013/#comment-1801/" "Mozilla/5.0 (Windows NT 10.0; Win64; x64) AppleWebKit/537.36 (KHTML, like Gecko) Chrome/67.0.3396.99 Safari/537.36" 
5.188.84.15 - - [23/Jun/2020:10:38:01 -0700] "GET /2013/pasta-madre-day-2013/ HTTP/1.0" 200 32496 "https://www.fornacalia.com/2013/pasta-madre-day-2013/#comment-1801/" "Mozilla/5.0 (Windows NT 10.0; Win64; x64) AppleWebKit/537.36 (KHTML, like Gecko) Chrome/67.0.3396.79 Safari/537.36" 
5.188.84.15 - - [23/Jun/2020:10:38:02 -0700] "POST /wp-comments-post.php HTTP/1.0" 302 3874 "https://www.fornacalia.com/2013/pasta-madre-day-2013/#comment-1801/" "Mozilla/5.0 (Windows NT 10.0; Win64; x64) AppleWebKit/537.36 (KHTML, like Gecko) Chrome/67.0.3396.79 Safari/537.36" 
5.188.84.25 - - [23/Jun/2020:10:38:59 -0700] "GET /2013/pasta-madre-day-2013/ HTTP/1.0" 200 32496 "https://www.fornacalia.com/2013/pasta-madre-day-2013/#comment-1801/" "Mozilla/5.0 (Windows NT 10.0; Win64; x64) AppleWebKit/537.36 (KHTML, like Gecko) Chrome/67.0.3396.87 Safari/537.36 OPR/54.0.2952.54" 
5.188.84.25 - - [23/Jun/2020:10:39:00 -0700] "POST /wp-comments-post.php HTTP/1.0" 302 3874 "https://www.fornacalia.com/2013/pasta-madre-day-2013/#comment-1801/" "Mozilla/5.0 (Windows NT 10.0; Win64; x64) AppleWebKit/537.36 (KHTML, like Gecko) Chrome/67.0.3396.87 Safari/537.36 OPR/54.0.2952.54" 
5.188.84.220 - - [23/Jun/2020:10:41:07 -0700] "GET /2013/pasta-madre-day-2013/ HTTP/1.0" 200 32496 "https://www.fornacalia.com/2013/pasta-madre-day-2013/#comment-1801/" "Mozilla/5.0 (Windows NT 10.0; Win64; x64) AppleWebKit/537.36 (KHTML, like Gecko) Chrome/67.0.3396.62 Safari/537.36" 
5.188.84.220 - - [23/Jun/2020:10:41:08 -0700] "POST /wp-comments-post.php HTTP/1.0" 302 3874 "https://www.fornacalia.com/2013/pasta-madre-day-2013/#comment-1801/" "Mozilla/5.0 (Windows NT 10.0; Win64; x64) AppleWebKit/537.36 (KHTML, like Gecko) Chrome/67.0.3396.62 Safari/537.36" 
5.188.84.35 - - [23/Jun/2020:10:48:45 -0700] "GET /2013/pasta-madre-day-2013/ HTTP/1.0" 200 32496 "https://www.fornacalia.com/2013/pasta-madre-day-2013/#comment-1801/" "Mozilla/5.0 (Windows NT 6.1; Win64; x64) AppleWebKit/537.36 (KHTML, like Gecko) Chrome/67.0.3396.79 Safari/537.36" 
64.111.100.215 - - [23/Jun/2020:10:48:46 -0700] "POST /wp-cron.php?doing_wp_cron=1592934526.1129419803619384765625 HTTP/1.1" 200 3383 "https://www.fornacalia.com/wp-cron.php?doing_wp_cron=1592934526.1129419803619384765625" "WordPress/5.2.7; https://www.fornacalia.com" 
5.188.84.35 - - [23/Jun/2020:10:48:48 -0700] "POST /wp-comments-post.php HTTP/1.0" 302 3874 "https://www.fornacalia.com/2013/pasta-madre-day-2013/#comment-1801/" "Mozilla/5.0 (Windows NT 6.1; Win64; x64) AppleWebKit/537.36 (KHTML, like Gecko) Chrome/67.0.3396.79 Safari/537.36" 
5.188.84.220 - - [23/Jun/2020:10:51:20 -0700] "GET /2013/pasta-madre-day-2013/ HTTP/1.0" 200 32496 "https://www.fornacalia.com/2013/pasta-madre-day-2013/#comment-1801/" "Mozilla/5.0 (Windows NT 10.0; Win64; x64) AppleWebKit/537.36 (KHTML, like Gecko) Chrome/67.0.3396.79 Safari/537.36" 
5.188.84.220 - - [23/Jun/2020:10:51:21 -0700] "POST /wp-comments-post.php HTTP/1.0" 302 3874 "https://www.fornacalia.com/2013/pasta-madre-day-2013/#comment-1801/" "Mozilla/5.0 (Windows NT 10.0; Win64; x64) AppleWebKit/537.36 (KHTML, like Gecko) Chrome/67.0.3396.79 Safari/537.36" 
5.188.84.15 - - [23/Jun/2020:10:51:28 -0700] "GET /2013/pasta-madre-day-2013/ HTTP/1.0" 200 32496 "https://www.fornacalia.com/2013/pasta-madre-day-2013/#comment-1801/" "Mozilla/5.0 (Windows NT 10.0; Win64; x64) AppleWebKit/537.36 (KHTML, like Gecko) Chrome/67.0.3396.99 Safari/537.36" 
5.188.84.15 - - [23/Jun/2020:10:51:29 -0700] "POST /wp-comments-post.php HTTP/1.0" 302 3874 "https://www.fornacalia.com/2013/pasta-madre-day-2013/#comment-1801/" "Mozilla/5.0 (Windows NT 10.0; Win64; x64) AppleWebKit/537.36 (KHTML, like Gecko) Chrome/67.0.3396.99 Safari/537.36" 
5.188.84.25 - - [23/Jun/2020:11:03:04 -0700] "GET /2013/pasta-madre-day-2013/ HTTP/1.0" 200 32496 "https://www.fornacalia.com/2013/pasta-madre-day-2013/#comment-1801/" "Mozilla/5.0 (Windows NT 10.0; Win64; x64) AppleWebKit/537.36 (KHTML, like Gecko) Chrome/68.0.3440.106 Safari/537.36 OPR/55.0.2994.44" 
5.188.84.25 - - [23/Jun/2020:11:03:05 -0700] "POST /wp-comments-post.php HTTP/1.0" 302 3874 "https://www.fornacalia.com/2013/pasta-madre-day-2013/#comment-1801/" "Mozilla/5.0 (Windows NT 10.0; Win64; x64) AppleWebKit/537.36 (KHTML, like Gecko) Chrome/68.0.3440.106 Safari/537.36 OPR/55.0.2994.44" 
