5.188.84.35 - - [22/Jun/2020:01:40:02 -0700] "GET /2013/pasta-madre-day-2013/ HTTP/1.0" 200 32496 "https://www.fornacalia.com/2013/pasta-madre-day-2013/#comment-1801/" "Mozilla/5.0 (Windows NT 10.0; Win64; x64) AppleWebKit/537.36 (KHTML, like Gecko) Chrome/68.0.3440.106 Safari/537.36 OPR/55.0.2994.44" 
5.188.84.35 - - [22/Jun/2020:01:40:03 -0700] "POST /wp-comments-post.php HTTP/1.0" 302 3874 "https://www.fornacalia.com/2013/pasta-madre-day-2013/#comment-1801/" "Mozilla/5.0 (Windows NT 10.0; Win64; x64) AppleWebKit/537.36 (KHTML, like Gecko) Chrome/68.0.3440.106 Safari/537.36 OPR/55.0.2994.44" 
5.188.84.45 - - [22/Jun/2020:01:41:25 -0700] "GET /2013/pasta-madre-day-2013/ HTTP/1.0" 200 32496 "https://www.fornacalia.com/2013/pasta-madre-day-2013/#comment-1801/" "Mozilla/5.0 (Windows NT 6.1; Win64; x64) AppleWebKit/537.36 (KHTML, like Gecko) Chrome/66.0.3359.170 Safari/537.36 OPR/53.0.2907.68" 
5.188.84.45 - - [22/Jun/2020:01:41:26 -0700] "POST /wp-comments-post.php HTTP/1.0" 302 3874 "https://www.fornacalia.com/2013/pasta-madre-day-2013/#comment-1801/" "Mozilla/5.0 (Windows NT 6.1; Win64; x64) AppleWebKit/537.36 (KHTML, like Gecko) Chrome/66.0.3359.170 Safari/537.36 OPR/53.0.2907.68" 
5.188.84.220 - - [22/Jun/2020:01:42:20 -0700] "GET /2013/pasta-madre-day-2013/ HTTP/1.0" 200 32496 "https://www.fornacalia.com/2013/pasta-madre-day-2013/#comment-1801/" "Mozilla/5.0 (Windows NT 10.0; Win64; x64) AppleWebKit/537.36 (KHTML, like Gecko) Chrome/65.0.3325.181 Safari/537.36" 
5.188.84.220 - - [22/Jun/2020:01:42:21 -0700] "POST /wp-comments-post.php HTTP/1.0" 302 3874 "https://www.fornacalia.com/2013/pasta-madre-day-2013/#comment-1801/" "Mozilla/5.0 (Windows NT 10.0; Win64; x64) AppleWebKit/537.36 (KHTML, like Gecko) Chrome/65.0.3325.181 Safari/537.36" 
5.188.84.15 - - [22/Jun/2020:01:42:33 -0700] "GET /2013/pasta-madre-day-2013/ HTTP/1.0" 200 32496 "https://www.fornacalia.com/2013/pasta-madre-day-2013/#comment-1801/" "Mozilla/5.0 (Windows NT 6.3; Win64; x64) AppleWebKit/537.36 (KHTML, like Gecko) Chrome/68.0.3440.106 Safari/537.36" 
5.188.84.15 - - [22/Jun/2020:01:42:34 -0700] "POST /wp-comments-post.php HTTP/1.0" 302 3874 "https://www.fornacalia.com/2013/pasta-madre-day-2013/#comment-1801/" "Mozilla/5.0 (Windows NT 6.3; Win64; x64) AppleWebKit/537.36 (KHTML, like Gecko) Chrome/68.0.3440.106 Safari/537.36" 
5.188.84.25 - - [22/Jun/2020:01:45:34 -0700] "GET /2013/pasta-madre-day-2013/ HTTP/1.0" 200 32496 "https://www.fornacalia.com/2013/pasta-madre-day-2013/#comment-1801/" "Mozilla/5.0 (Windows NT 6.1; Win64; x64) AppleWebKit/537.36 (KHTML, like Gecko) Chrome/67.0.3396.79 Safari/537.36" 
5.188.84.25 - - [22/Jun/2020:01:45:35 -0700] "POST /wp-comments-post.php HTTP/1.0" 302 3874 "https://www.fornacalia.com/2013/pasta-madre-day-2013/#comment-1801/" "Mozilla/5.0 (Windows NT 6.1; Win64; x64) AppleWebKit/537.36 (KHTML, like Gecko) Chrome/67.0.3396.79 Safari/537.36" 
157.55.39.90 - - [22/Jun/2020:01:50:36 -0700] "GET / HTTP/1.1" 200 19630 "-" "Mozilla/5.0 (compatible; bingbot/2.0; +http://www.bing.com/bingbot.htm)" 
5.188.84.147 - - [22/Jun/2020:01:55:22 -0700] "GET /2013/pasta-madre-day-2013/ HTTP/1.0" 200 32496 "https://www.fornacalia.com/2013/pasta-madre-day-2013/#comment-1801/" "Mozilla/5.0 (Windows NT 6.1; WOW64) AppleWebKit/537.36 (KHTML, like Gecko) Chrome/67.0.3396.87 Safari/537.36 OPR/54.0.2952.64 (Edition Yx)" 
5.188.84.147 - - [22/Jun/2020:01:55:23 -0700] "POST /wp-comments-post.php HTTP/1.0" 302 3874 "https://www.fornacalia.com/2013/pasta-madre-day-2013/#comment-1801/" "Mozilla/5.0 (Windows NT 6.1; WOW64) AppleWebKit/537.36 (KHTML, like Gecko) Chrome/67.0.3396.87 Safari/537.36 OPR/54.0.2952.64 (Edition Yx)" 
202.9.46.219 - - [22/Jun/2020:01:56:14 -0700] "POST /xmlrpc.php HTTP/1.1" 301 4152 "-" "Mozilla/4.0 (compatible; MSIE 6.0; Windows NT 5.0)" 
202.9.46.219 - - [22/Jun/2020:01:56:15 -0700] "GET /xmlrpc.php HTTP/1.1" 405 3948 "-" "Mozilla/4.0 (compatible; MSIE 6.0; Windows NT 5.0)" 
5.188.84.220 - - [22/Jun/2020:01:59:07 -0700] "GET /2013/pasta-madre-day-2013/ HTTP/1.0" 200 32496 "https://www.fornacalia.com/2013/pasta-madre-day-2013/#comment-1801/" "Mozilla/5.0 (Windows NT 10.0; Win64; x64) AppleWebKit/537.36 (KHTML, like Gecko) Chrome/67.0.3396.62 Safari/537.36" 
5.188.84.220 - - [22/Jun/2020:01:59:08 -0700] "POST /wp-comments-post.php HTTP/1.0" 302 3874 "https://www.fornacalia.com/2013/pasta-madre-day-2013/#comment-1801/" "Mozilla/5.0 (Windows NT 10.0; Win64; x64) AppleWebKit/537.36 (KHTML, like Gecko) Chrome/67.0.3396.62 Safari/537.36" 
5.188.84.233 - - [22/Jun/2020:01:59:20 -0700] "GET /2013/pasta-madre-day-2013/ HTTP/1.0" 200 32496 "https://www.fornacalia.com/2013/pasta-madre-day-2013/#comment-1801/" "Mozilla/5.0 (Windows NT 6.3; Win64; x64) AppleWebKit/537.36 (KHTML, like Gecko) Chrome/68.0.3440.106 Safari/537.36" 
5.188.84.233 - - [22/Jun/2020:01:59:21 -0700] "POST /wp-comments-post.php HTTP/1.0" 302 3874 "https://www.fornacalia.com/2013/pasta-madre-day-2013/#comment-1801/" "Mozilla/5.0 (Windows NT 6.3; Win64; x64) AppleWebKit/537.36 (KHTML, like Gecko) Chrome/68.0.3440.106 Safari/537.36" 
98.101.31.115 - - [22/Jun/2020:02:10:22 -0700] "POST /xmlrpc.php HTTP/1.1" 301 4152 "-" "Mozilla/4.0 (compatible; MSIE 6.0; Windows NT 5.0)" 
98.101.31.115 - - [22/Jun/2020:02:10:23 -0700] "GET /xmlrpc.php HTTP/1.1" 405 3948 "-" "Mozilla/4.0 (compatible; MSIE 6.0; Windows NT 5.0)" 
5.188.84.233 - - [22/Jun/2020:02:10:38 -0700] "GET /2013/pasta-madre-day-2013/ HTTP/1.0" 200 32496 "https://www.fornacalia.com/2013/pasta-madre-day-2013/#comment-1801/" "Mozilla/5.0 (Windows NT 10.0; Win64; x64) AppleWebKit/537.36 (KHTML, like Gecko) Chrome/58.0.3029.110 Safari/537.36 Edge/16.16299" 
5.188.84.233 - - [22/Jun/2020:02:10:39 -0700] "POST /wp-comments-post.php HTTP/1.0" 302 3874 "https://www.fornacalia.com/2013/pasta-madre-day-2013/#comment-1801/" "Mozilla/5.0 (Windows NT 10.0; Win64; x64) AppleWebKit/537.36 (KHTML, like Gecko) Chrome/58.0.3029.110 Safari/537.36 Edge/16.16299" 
5.188.84.45 - - [22/Jun/2020:02:13:41 -0700] "GET /2013/pasta-madre-day-2013/ HTTP/1.0" 200 32496 "https://www.fornacalia.com/2013/pasta-madre-day-2013/#comment-1801/" "Mozilla/5.0 (Windows NT 6.3; Win64; x64) AppleWebKit/537.36 (KHTML, like Gecko) Chrome/67.0.3396.87 Safari/537.36" 
5.188.84.45 - - [22/Jun/2020:02:13:42 -0700] "POST /wp-comments-post.php HTTP/1.0" 302 3874 "https://www.fornacalia.com/2013/pasta-madre-day-2013/#comment-1801/" "Mozilla/5.0 (Windows NT 6.3; Win64; x64) AppleWebKit/537.36 (KHTML, like Gecko) Chrome/67.0.3396.87 Safari/537.36" 
5.188.84.147 - - [22/Jun/2020:02:14:17 -0700] "GET /2013/pasta-madre-day-2013/ HTTP/1.0" 200 32496 "https://www.fornacalia.com/2013/pasta-madre-day-2013/#comment-1801/" "Mozilla/5.0 (Windows NT 10.0; Win64; x64) AppleWebKit/537.36 (KHTML, like Gecko) Chrome/67.0.3396.62 Safari/537.36" 
5.188.84.147 - - [22/Jun/2020:02:14:18 -0700] "POST /wp-comments-post.php HTTP/1.0" 302 3874 "https://www.fornacalia.com/2013/pasta-madre-day-2013/#comment-1801/" "Mozilla/5.0 (Windows NT 10.0; Win64; x64) AppleWebKit/537.36 (KHTML, like Gecko) Chrome/67.0.3396.62 Safari/537.36" 
5.188.84.65 - - [22/Jun/2020:02:15:21 -0700] "GET /2013/pasta-madre-day-2013/ HTTP/1.0" 200 32496 "https://www.fornacalia.com/2013/pasta-madre-day-2013/#comment-1801/" "Mozilla/5.0 (Windows NT 6.1; Win64; x64) AppleWebKit/537.36 (KHTML, like Gecko) Chrome/67.0.3396.87 Safari/537.36" 
5.188.84.65 - - [22/Jun/2020:02:15:22 -0700] "POST /wp-comments-post.php HTTP/1.0" 302 3874 "https://www.fornacalia.com/2013/pasta-madre-day-2013/#comment-1801/" "Mozilla/5.0 (Windows NT 6.1; Win64; x64) AppleWebKit/537.36 (KHTML, like Gecko) Chrome/67.0.3396.87 Safari/537.36" 
202.9.46.219 - - [22/Jun/2020:02:20:37 -0700] "POST /xmlrpc.php HTTP/1.1" 301 4152 "-" "Mozilla/4.0 (compatible; MSIE 6.0; Windows NT 5.0)" 
202.9.46.219 - - [22/Jun/2020:02:20:38 -0700] "GET /xmlrpc.php HTTP/1.1" 405 3948 "-" "Mozilla/4.0 (compatible; MSIE 6.0; Windows NT 5.0)" 
202.9.46.219 - - [22/Jun/2020:02:21:43 -0700] "POST /xmlrpc.php HTTP/1.1" 301 4152 "-" "Mozilla/4.0 (compatible; MSIE 6.0; Windows NT 5.0)" 
202.9.46.219 - - [22/Jun/2020:02:21:44 -0700] "GET /xmlrpc.php HTTP/1.1" 405 3948 "-" "Mozilla/4.0 (compatible; MSIE 6.0; Windows NT 5.0)" 
5.197.247.241 - - [22/Jun/2020:02:23:25 -0700] "POST /xmlrpc.php HTTP/1.1" 301 4152 "-" "Mozilla/4.0 (compatible; MSIE 6.0; Windows NT 5.0)" 
5.197.247.241 - - [22/Jun/2020:02:23:27 -0700] "GET /xmlrpc.php HTTP/1.1" 405 3948 "-" "Mozilla/4.0 (compatible; MSIE 6.0; Windows NT 5.0)" 
5.188.84.65 - - [22/Jun/2020:02:27:35 -0700] "GET /2013/pasta-madre-day-2013/ HTTP/1.0" 200 32496 "https://www.fornacalia.com/2013/pasta-madre-day-2013/#comment-1801/" "Mozilla/5.0 (Windows NT 10.0; Win64; x64) AppleWebKit/537.36 (KHTML, like Gecko) Chrome/67.0.3396.87 Safari/537.36 OPR/54.0.2952.71" 
5.188.84.65 - - [22/Jun/2020:02:27:36 -0700] "POST /wp-comments-post.php HTTP/1.0" 302 3874 "https://www.fornacalia.com/2013/pasta-madre-day-2013/#comment-1801/" "Mozilla/5.0 (Windows NT 10.0; Win64; x64) AppleWebKit/537.36 (KHTML, like Gecko) Chrome/67.0.3396.87 Safari/537.36 OPR/54.0.2952.71" 
5.188.84.15 - - [22/Jun/2020:02:27:44 -0700] "GET /2013/pasta-madre-day-2013/ HTTP/1.0" 200 32496 "https://www.fornacalia.com/2013/pasta-madre-day-2013/#comment-1801/" "Mozilla/5.0 (Windows NT 6.1; Win64; x64) AppleWebKit/537.36 (KHTML, like Gecko) Chrome/67.0.3396.87 Safari/537.36 OPR/54.0.2952.54" 
5.188.84.15 - - [22/Jun/2020:02:27:46 -0700] "POST /wp-comments-post.php HTTP/1.0" 302 3874 "https://www.fornacalia.com/2013/pasta-madre-day-2013/#comment-1801/" "Mozilla/5.0 (Windows NT 6.1; Win64; x64) AppleWebKit/537.36 (KHTML, like Gecko) Chrome/67.0.3396.87 Safari/537.36 OPR/54.0.2952.54" 
5.81.116.50 - - [22/Jun/2020:02:32:28 -0700] "POST /xmlrpc.php HTTP/1.1" 301 4152 "-" "Mozilla/4.0 (compatible; MSIE 6.0; Windows NT 5.0)" 
5.81.116.50 - - [22/Jun/2020:02:32:29 -0700] "GET /xmlrpc.php HTTP/1.1" 405 3948 "-" "Mozilla/4.0 (compatible; MSIE 6.0; Windows NT 5.0)" 
196.196.216.187 - - [22/Jun/2020:02:40:33 -0700] "GET /2013/pasta-madre-day-2013/ HTTP/1.0" 200 32496 "https://www.fornacalia.com/2013/pasta-madre-day-2013/#comment-52920" "Mozilla/5.0 (Windows NT 10.0; Win64; x64) AppleWebKit/537.36 (KHTML, like Gecko) Chrome/67.0.3396.99 Safari/537.36" 
5.188.84.35 - - [22/Jun/2020:02:42:07 -0700] "GET /2013/pasta-madre-day-2013/ HTTP/1.0" 200 32496 "https://www.fornacalia.com/2013/pasta-madre-day-2013/#comment-1801/" "Mozilla/5.0 (Windows NT 10.0; Win64; x64) AppleWebKit/537.36 (KHTML, like Gecko) Chrome/68.0.3440.106 Safari/537.36 OPR/55.0.2994.44" 
64.111.100.215 - - [22/Jun/2020:02:42:08 -0700] "POST /wp-cron.php?doing_wp_cron=1592818927.6458768844604492187500 HTTP/1.1" 200 3383 "https://www.fornacalia.com/wp-cron.php?doing_wp_cron=1592818927.6458768844604492187500" "WordPress/5.2.7; https://www.fornacalia.com" 
5.188.84.35 - - [22/Jun/2020:02:42:09 -0700] "POST /wp-comments-post.php HTTP/1.0" 302 3874 "https://www.fornacalia.com/2013/pasta-madre-day-2013/#comment-1801/" "Mozilla/5.0 (Windows NT 10.0; Win64; x64) AppleWebKit/537.36 (KHTML, like Gecko) Chrome/68.0.3440.106 Safari/537.36 OPR/55.0.2994.44" 
66.249.66.45 - - [22/Jun/2020:02:44:23 -0700] "GET /ads.txt HTTP/1.1" 404 25737 "-" "Mozilla/5.0 (compatible; Googlebot/2.1; +http://www.google.com/bot.html)" 
185.220.101.16 - - [22/Jun/2020:02:47:13 -0700] "POST /xmlrpc.php HTTP/1.0" 200 3803 "-" "Mozilla/5.0 (Windows NT 6.1; WOW64) AppleWebKit/537.36 (KHTML, like Gecko) Chrome/36.0.1985.125 Safari/537.36" 
5.81.116.50 - - [22/Jun/2020:02:47:21 -0700] "POST /xmlrpc.php HTTP/1.1" 301 4152 "-" "Mozilla/4.0 (compatible; MSIE 6.0; Windows NT 5.0)" 
5.81.116.50 - - [22/Jun/2020:02:47:22 -0700] "GET /xmlrpc.php HTTP/1.1" 405 3948 "-" "Mozilla/4.0 (compatible; MSIE 6.0; Windows NT 5.0)" 
157.55.39.90 - - [22/Jun/2020:02:48:23 -0700] "GET /category/recipes/ HTTP/1.1" 200 20831 "-" "Mozilla/5.0 (compatible; bingbot/2.0; +http://www.bing.com/bingbot.htm)" 
176.107.183.146 - - [22/Jun/2020:02:48:29 -0700] "GET /2013/pasta-madre-day-2013/ HTTP/1.0" 200 32496 "https://www.fornacalia.com/2013/pasta-madre-day-2013/#comment-52922" "Mozilla/5.0 (Windows NT 6.1; WOW64) AppleWebKit/537.36 (KHTML, like Gecko) Chrome/66.0.3359.170 Safari/537.36 OPR/53.0.2907.99" 
54.36.149.47 - - [22/Jun/2020:02:49:00 -0700] "GET /tag/millet/ HTTP/1.1" 200 10404 "-" "Mozilla/5.0 (compatible; AhrefsBot/6.1; +http://ahrefs.com/robot/)" 
5.81.116.50 - - [22/Jun/2020:02:51:11 -0700] "POST /xmlrpc.php HTTP/1.1" 301 4152 "-" "Mozilla/4.0 (compatible; MSIE 6.0; Windows NT 5.0)" 
5.81.116.50 - - [22/Jun/2020:02:51:13 -0700] "GET /xmlrpc.php HTTP/1.1" 405 3948 "-" "Mozilla/4.0 (compatible; MSIE 6.0; Windows NT 5.0)" 
54.36.148.76 - - [22/Jun/2020:02:51:23 -0700] "GET /robots.txt HTTP/1.1" 301 3567 "-" "Mozilla/5.0 (compatible; AhrefsBot/6.1; +http://ahrefs.com/robot/)" 
54.36.148.76 - - [22/Jun/2020:02:51:24 -0700] "GET /robots.txt HTTP/1.1" 200 3831 "-" "Mozilla/5.0 (compatible; AhrefsBot/6.1; +http://ahrefs.com/robot/)" 
92.38.136.69 - - [22/Jun/2020:02:56:29 -0700] "GET /2013/pasta-madre-day-2013/ HTTP/1.0" 200 32496 "-" "Mozilla/5.0 (Windows NT 6.3; Win64; x64) AppleWebKit/537.36 (KHTML, like Gecko) Chrome/75.0.3770.100 Safari/537.36" 
5.188.84.25 - - [22/Jun/2020:02:57:22 -0700] "GET /2013/pasta-madre-day-2013/ HTTP/1.0" 200 32496 "https://www.fornacalia.com/2013/pasta-madre-day-2013/#comment-1801/" "Mozilla/5.0 (Windows NT 6.1; Win64; x64) AppleWebKit/537.36 (KHTML, like Gecko) Chrome/67.0.3396.87 Safari/537.36 OPR/54.0.2952.64" 
5.188.84.25 - - [22/Jun/2020:02:57:23 -0700] "POST /wp-comments-post.php HTTP/1.0" 302 3874 "https://www.fornacalia.com/2013/pasta-madre-day-2013/#comment-1801/" "Mozilla/5.0 (Windows NT 6.1; Win64; x64) AppleWebKit/537.36 (KHTML, like Gecko) Chrome/67.0.3396.87 Safari/537.36 OPR/54.0.2952.64" 
89.144.12.17 - - [22/Jun/2020:02:59:20 -0700] "GET /2013/pasta-madre-day-2013/ HTTP/1.0" 200 32496 "https://www.fornacalia.com/2013/pasta-madre-day-2013/#comment-52924" "Mozilla/5.0 (Windows NT 10.0; Win64; x64) AppleWebKit/537.36 (KHTML, like Gecko) Chrome/67.0.3396.79 Safari/537.36" 
5.188.84.35 - - [22/Jun/2020:02:59:59 -0700] "GET /2013/pasta-madre-day-2013/ HTTP/1.0" 200 32496 "https://www.fornacalia.com/2013/pasta-madre-day-2013/#comment-1801/" "Mozilla/5.0 (Windows NT 6.3; Win64; x64) AppleWebKit/537.36 (KHTML, like Gecko) Chrome/66.0.3359.181 Safari/537.36" 
5.188.84.35 - - [22/Jun/2020:03:00:00 -0700] "POST /wp-comments-post.php HTTP/1.0" 302 3874 "https://www.fornacalia.com/2013/pasta-madre-day-2013/#comment-1801/" "Mozilla/5.0 (Windows NT 6.3; Win64; x64) AppleWebKit/537.36 (KHTML, like Gecko) Chrome/66.0.3359.181 Safari/537.36" 
199.16.157.182 - - [22/Jun/2020:03:00:01 -0700] "GET /robots.txt HTTP/1.1" 200 3809 "-" "Twitterbot/1.0" 
199.16.157.182 - - [22/Jun/2020:03:00:01 -0700] "GET /2020/sourdough-revival/ HTTP/1.1" 200 9780 "-" "Twitterbot/1.0" 
5.188.84.45 - - [22/Jun/2020:03:00:31 -0700] "GET /2013/pasta-madre-day-2013/ HTTP/1.0" 200 32496 "https://www.fornacalia.com/2013/pasta-madre-day-2013/#comment-1801/" "Mozilla/5.0 (Windows NT 6.1; Win64; x64) AppleWebKit/537.36 (KHTML, like Gecko) Chrome/67.0.3396.87 Safari/537.36" 
5.188.84.45 - - [22/Jun/2020:03:00:32 -0700] "POST /wp-comments-post.php HTTP/1.0" 302 3874 "https://www.fornacalia.com/2013/pasta-madre-day-2013/#comment-1801/" "Mozilla/5.0 (Windows NT 6.1; Win64; x64) AppleWebKit/537.36 (KHTML, like Gecko) Chrome/67.0.3396.87 Safari/537.36" 
5.188.84.15 - - [22/Jun/2020:03:01:44 -0700] "GET /2013/pasta-madre-day-2013/ HTTP/1.0" 200 32496 "https://www.fornacalia.com/2013/pasta-madre-day-2013/#comment-1801/" "Mozilla/5.0 (Windows NT 10.0; Win64; x64) AppleWebKit/537.36 (KHTML, like Gecko) Chrome/67.0.3396.87 Safari/537.36 OPR/54.0.2952.51" 
5.188.84.15 - - [22/Jun/2020:03:01:45 -0700] "POST /wp-comments-post.php HTTP/1.0" 302 3874 "https://www.fornacalia.com/2013/pasta-madre-day-2013/#comment-1801/" "Mozilla/5.0 (Windows NT 10.0; Win64; x64) AppleWebKit/537.36 (KHTML, like Gecko) Chrome/67.0.3396.87 Safari/537.36 OPR/54.0.2952.51" 
5.188.84.220 - - [22/Jun/2020:03:02:17 -0700] "GET /2013/pasta-madre-day-2013/ HTTP/1.0" 200 32496 "https://www.fornacalia.com/2013/pasta-madre-day-2013/#comment-1801/" "Mozilla/5.0 (Windows NT 10.0; Win64; x64) AppleWebKit/537.36 (KHTML, like Gecko) Chrome/68.0.3440.106 Safari/537.36" 
5.188.84.220 - - [22/Jun/2020:03:02:18 -0700] "POST /wp-comments-post.php HTTP/1.0" 302 3874 "https://www.fornacalia.com/2013/pasta-madre-day-2013/#comment-1801/" "Mozilla/5.0 (Windows NT 10.0; Win64; x64) AppleWebKit/537.36 (KHTML, like Gecko) Chrome/68.0.3440.106 Safari/537.36" 
5.188.84.25 - - [22/Jun/2020:03:03:38 -0700] "GET /2013/pasta-madre-day-2013/ HTTP/1.0" 200 32496 "https://www.fornacalia.com/2013/pasta-madre-day-2013/#comment-1801/" "Mozilla/5.0 (Windows NT 10.0; Win64; x64) AppleWebKit/537.36 (KHTML, like Gecko) Chrome/67.0.3396.87 Safari/537.36 OPR/54.0.2952.51" 
5.188.84.25 - - [22/Jun/2020:03:03:40 -0700] "POST /wp-comments-post.php HTTP/1.0" 302 3874 "https://www.fornacalia.com/2013/pasta-madre-day-2013/#comment-1801/" "Mozilla/5.0 (Windows NT 10.0; Win64; x64) AppleWebKit/537.36 (KHTML, like Gecko) Chrome/67.0.3396.87 Safari/537.36 OPR/54.0.2952.51" 
202.9.46.219 - - [22/Jun/2020:03:09:54 -0700] "POST /xmlrpc.php HTTP/1.1" 301 4152 "-" "Mozilla/4.0 (compatible; MSIE 6.0; Windows NT 5.0)" 
202.9.46.219 - - [22/Jun/2020:03:09:55 -0700] "GET /xmlrpc.php HTTP/1.1" 405 3948 "-" "Mozilla/4.0 (compatible; MSIE 6.0; Windows NT 5.0)" 
202.9.46.219 - - [22/Jun/2020:03:10:56 -0700] "POST /xmlrpc.php HTTP/1.1" 301 4152 "-" "Mozilla/4.0 (compatible; MSIE 6.0; Windows NT 5.0)" 
202.9.46.219 - - [22/Jun/2020:03:10:57 -0700] "GET /xmlrpc.php HTTP/1.1" 405 3948 "-" "Mozilla/4.0 (compatible; MSIE 6.0; Windows NT 5.0)" 
40.77.167.0 - - [22/Jun/2020:03:14:55 -0700] "GET /wp-content/uploads/2017/02/olives.png HTTP/1.1" 200 1100116 "-" "Mozilla/5.0 (compatible; bingbot/2.0; +http://www.bing.com/bingbot.htm)" 
5.188.84.233 - - [22/Jun/2020:03:18:00 -0700] "GET /2013/pasta-madre-day-2013/ HTTP/1.0" 200 32496 "https://www.fornacalia.com/2013/pasta-madre-day-2013/#comment-1801/" "Mozilla/5.0 (Windows NT 10.0; Win64; x64) AppleWebKit/537.36 (KHTML, like Gecko) Chrome/67.0.3396.87 Safari/537.36" 
5.188.84.233 - - [22/Jun/2020:03:18:02 -0700] "POST /wp-comments-post.php HTTP/1.0" 302 3874 "https://www.fornacalia.com/2013/pasta-madre-day-2013/#comment-1801/" "Mozilla/5.0 (Windows NT 10.0; Win64; x64) AppleWebKit/537.36 (KHTML, like Gecko) Chrome/67.0.3396.87 Safari/537.36" 
199.16.157.182 - - [22/Jun/2020:03:18:22 -0700] "GET /robots.txt HTTP/1.1" 200 3809 "-" "Twitterbot/1.0" 
199.16.157.182 - - [22/Jun/2020:03:18:22 -0700] "GET /wp-content/uploads/2020/01/starters-dirty.jpg HTTP/1.1" 200 535848 "-" "Twitterbot/1.0" 
5.188.84.220 - - [22/Jun/2020:03:19:17 -0700] "GET /2013/pasta-madre-day-2013/ HTTP/1.0" 200 32496 "https://www.fornacalia.com/2013/pasta-madre-day-2013/#comment-1801/" "Mozilla/5.0 (Windows NT 6.1; Win64; x64) AppleWebKit/537.36 (KHTML, like Gecko) Chrome/66.0.3359.170 Safari/537.36 OPR/53.0.2907.106" 
5.188.84.220 - - [22/Jun/2020:03:19:18 -0700] "POST /wp-comments-post.php HTTP/1.0" 302 3874 "https://www.fornacalia.com/2013/pasta-madre-day-2013/#comment-1801/" "Mozilla/5.0 (Windows NT 6.1; Win64; x64) AppleWebKit/537.36 (KHTML, like Gecko) Chrome/66.0.3359.170 Safari/537.36 OPR/53.0.2907.106" 
5.188.84.147 - - [22/Jun/2020:03:20:40 -0700] "GET /2013/pasta-madre-day-2013/ HTTP/1.0" 200 32496 "https://www.fornacalia.com/2013/pasta-madre-day-2013/#comment-1801/" "Mozilla/5.0 (Windows NT 6.1; Win64; x64) AppleWebKit/537.36 (KHTML, like Gecko) Chrome/67.0.3396.87 Safari/537.36 OPR/54.0.2952.71" 
5.188.84.147 - - [22/Jun/2020:03:20:41 -0700] "POST /wp-comments-post.php HTTP/1.0" 302 3874 "https://www.fornacalia.com/2013/pasta-madre-day-2013/#comment-1801/" "Mozilla/5.0 (Windows NT 6.1; Win64; x64) AppleWebKit/537.36 (KHTML, like Gecko) Chrome/67.0.3396.87 Safari/537.36 OPR/54.0.2952.71" 
17.58.102.79 - - [22/Jun/2020:03:21:14 -0700] "GET /2020/the-starter-leaven-pipeline/ HTTP/1.1" 200 13132 "-" "Mozilla/5.0 (Macintosh; Intel Mac OS X 10_15_5) AppleWebKit/605.1.15 (KHTML, like Gecko) Version/13.1.1 Safari/605.1.15 (Applebot/0.1; +http://www.apple.com/go/applebot)" 
202.9.46.219 - - [22/Jun/2020:03:22:32 -0700] "POST /xmlrpc.php HTTP/1.1" 301 4152 "-" "Mozilla/4.0 (compatible; MSIE 6.0; Windows NT 5.0)" 
202.9.46.219 - - [22/Jun/2020:03:22:33 -0700] "GET /xmlrpc.php HTTP/1.1" 405 3948 "-" "Mozilla/4.0 (compatible; MSIE 6.0; Windows NT 5.0)" 
5.81.116.50 - - [22/Jun/2020:03:22:40 -0700] "POST /xmlrpc.php HTTP/1.1" 301 4152 "-" "Mozilla/4.0 (compatible; MSIE 6.0; Windows NT 5.0)" 
5.81.116.50 - - [22/Jun/2020:03:22:42 -0700] "GET /xmlrpc.php HTTP/1.1" 405 3948 "-" "Mozilla/4.0 (compatible; MSIE 6.0; Windows NT 5.0)" 
98.101.31.115 - - [22/Jun/2020:03:24:13 -0700] "POST /xmlrpc.php HTTP/1.1" 301 4152 "-" "Mozilla/4.0 (compatible; MSIE 6.0; Windows NT 5.0)" 
98.101.31.115 - - [22/Jun/2020:03:24:14 -0700] "GET /xmlrpc.php HTTP/1.1" 405 3948 "-" "Mozilla/4.0 (compatible; MSIE 6.0; Windows NT 5.0)" 
5.81.116.50 - - [22/Jun/2020:03:25:41 -0700] "POST /xmlrpc.php HTTP/1.1" 301 4152 "-" "Mozilla/4.0 (compatible; MSIE 6.0; Windows NT 5.0)" 
5.81.116.50 - - [22/Jun/2020:03:25:41 -0700] "GET /xmlrpc.php HTTP/1.1" 405 3948 "-" "Mozilla/4.0 (compatible; MSIE 6.0; Windows NT 5.0)" 
202.9.46.219 - - [22/Jun/2020:03:28:55 -0700] "POST /xmlrpc.php HTTP/1.1" 301 4152 "-" "Mozilla/4.0 (compatible; MSIE 6.0; Windows NT 5.0)" 
202.9.46.219 - - [22/Jun/2020:03:28:56 -0700] "GET /xmlrpc.php HTTP/1.1" 405 3948 "-" "Mozilla/4.0 (compatible; MSIE 6.0; Windows NT 5.0)" 
157.55.39.70 - - [22/Jun/2020:03:29:06 -0700] "GET /wp-content/uploads/2016/08/02-dough.png HTTP/1.1" 200 751105 "-" "Mozilla/5.0 (compatible; bingbot/2.0; +http://www.bing.com/bingbot.htm)" 
5.188.84.233 - - [22/Jun/2020:03:29:40 -0700] "GET /2013/pasta-madre-day-2013/ HTTP/1.0" 200 32496 "https://www.fornacalia.com/2013/pasta-madre-day-2013/#comment-1801/" "Mozilla/5.0 (Windows NT 6.3; Win64; x64) AppleWebKit/537.36 (KHTML, like Gecko) Chrome/67.0.3396.99 Safari/537.36" 
5.188.84.233 - - [22/Jun/2020:03:29:41 -0700] "POST /wp-comments-post.php HTTP/1.0" 302 3874 "https://www.fornacalia.com/2013/pasta-madre-day-2013/#comment-1801/" "Mozilla/5.0 (Windows NT 6.3; Win64; x64) AppleWebKit/537.36 (KHTML, like Gecko) Chrome/67.0.3396.99 Safari/537.36" 
202.9.46.219 - - [22/Jun/2020:03:31:29 -0700] "POST /xmlrpc.php HTTP/1.1" 301 4152 "-" "Mozilla/4.0 (compatible; MSIE 6.0; Windows NT 5.0)" 
202.9.46.219 - - [22/Jun/2020:03:31:30 -0700] "GET /xmlrpc.php HTTP/1.1" 405 3948 "-" "Mozilla/4.0 (compatible; MSIE 6.0; Windows NT 5.0)" 
5.188.84.45 - - [22/Jun/2020:03:32:32 -0700] "GET /2013/pasta-madre-day-2013/ HTTP/1.0" 200 32496 "https://www.fornacalia.com/2013/pasta-madre-day-2013/#comment-1801/" "Mozilla/5.0 (Windows NT 5.1) AppleWebKit/537.36 (KHTML, like Gecko) Chrome/49.0.2623.112 Safari/537.36" 
5.188.84.45 - - [22/Jun/2020:03:32:33 -0700] "POST /wp-comments-post.php HTTP/1.0" 302 3874 "https://www.fornacalia.com/2013/pasta-madre-day-2013/#comment-1801/" "Mozilla/5.0 (Windows NT 5.1) AppleWebKit/537.36 (KHTML, like Gecko) Chrome/49.0.2623.112 Safari/537.36" 
98.101.31.115 - - [22/Jun/2020:03:35:35 -0700] "POST /xmlrpc.php HTTP/1.1" 301 4152 "-" "Mozilla/4.0 (compatible; MSIE 6.0; Windows NT 5.0)" 
98.101.31.115 - - [22/Jun/2020:03:35:36 -0700] "GET /xmlrpc.php HTTP/1.1" 405 3948 "-" "Mozilla/4.0 (compatible; MSIE 6.0; Windows NT 5.0)" 
5.188.84.65 - - [22/Jun/2020:03:36:17 -0700] "GET /2013/pasta-madre-day-2013/ HTTP/1.0" 200 32496 "https://www.fornacalia.com/2013/pasta-madre-day-2013/#comment-1801/" "Mozilla/5.0 (Windows NT 6.1; Win64; x64) AppleWebKit/537.36 (KHTML, like Gecko) Chrome/66.0.3359.181 Safari/537.36" 
5.188.84.65 - - [22/Jun/2020:03:36:18 -0700] "POST /wp-comments-post.php HTTP/1.0" 302 3874 "https://www.fornacalia.com/2013/pasta-madre-day-2013/#comment-1801/" "Mozilla/5.0 (Windows NT 6.1; Win64; x64) AppleWebKit/537.36 (KHTML, like Gecko) Chrome/66.0.3359.181 Safari/537.36" 
5.81.116.50 - - [22/Jun/2020:03:39:09 -0700] "POST /xmlrpc.php HTTP/1.1" 301 4152 "-" "Mozilla/4.0 (compatible; MSIE 6.0; Windows NT 5.0)" 
5.81.116.50 - - [22/Jun/2020:03:39:10 -0700] "GET /xmlrpc.php HTTP/1.1" 405 3948 "-" "Mozilla/4.0 (compatible; MSIE 6.0; Windows NT 5.0)" 
5.188.84.147 - - [22/Jun/2020:03:39:27 -0700] "GET /2013/pasta-madre-day-2013/ HTTP/1.0" 200 32496 "https://www.fornacalia.com/2013/pasta-madre-day-2013/#comment-1801/" "Mozilla/5.0 (Windows NT 6.2; Win64; x64) AppleWebKit/537.36 (KHTML, like Gecko) Chrome/68.0.3440.106 Safari/537.36" 
5.188.84.147 - - [22/Jun/2020:03:39:28 -0700] "POST /wp-comments-post.php HTTP/1.0" 302 3874 "https://www.fornacalia.com/2013/pasta-madre-day-2013/#comment-1801/" "Mozilla/5.0 (Windows NT 6.2; Win64; x64) AppleWebKit/537.36 (KHTML, like Gecko) Chrome/68.0.3440.106 Safari/537.36" 
5.81.116.50 - - [22/Jun/2020:03:42:24 -0700] "POST /xmlrpc.php HTTP/1.1" 301 4152 "-" "Mozilla/4.0 (compatible; MSIE 6.0; Windows NT 5.0)" 
5.81.116.50 - - [22/Jun/2020:03:42:25 -0700] "GET /xmlrpc.php HTTP/1.1" 405 3948 "-" "Mozilla/4.0 (compatible; MSIE 6.0; Windows NT 5.0)" 
64.111.100.215 - - [22/Jun/2020:03:42:25 -0700] "POST /wp-cron.php?doing_wp_cron=1592822545.2220199108123779296875 HTTP/1.1" 200 3383 "https://www.fornacalia.com/wp-cron.php?doing_wp_cron=1592822545.2220199108123779296875" "WordPress/5.2.7; https://www.fornacalia.com" 
5.188.84.15 - - [22/Jun/2020:03:46:52 -0700] "GET /2013/pasta-madre-day-2013/ HTTP/1.0" 200 32496 "https://www.fornacalia.com/2013/pasta-madre-day-2013/#comment-1801/" "Mozilla/5.0 (Windows NT 10.0; Win64; x64) AppleWebKit/537.36 (KHTML, like Gecko) Chrome/68.0.3440.75 Safari/537.36" 
5.188.84.15 - - [22/Jun/2020:03:46:53 -0700] "POST /wp-comments-post.php HTTP/1.0" 302 3874 "https://www.fornacalia.com/2013/pasta-madre-day-2013/#comment-1801/" "Mozilla/5.0 (Windows NT 10.0; Win64; x64) AppleWebKit/537.36 (KHTML, like Gecko) Chrome/68.0.3440.75 Safari/537.36" 
5.188.84.65 - - [22/Jun/2020:03:47:59 -0700] "GET /2013/pasta-madre-day-2013/ HTTP/1.0" 200 32496 "https://www.fornacalia.com/2013/pasta-madre-day-2013/#comment-1801/" "Mozilla/5.0 (Windows NT 6.1; Win64; x64) AppleWebKit/537.36 (KHTML, like Gecko) Chrome/66.0.3359.170 Safari/537.36 OPR/53.0.2907.68" 
5.188.84.65 - - [22/Jun/2020:03:48:00 -0700] "POST /wp-comments-post.php HTTP/1.0" 302 3874 "https://www.fornacalia.com/2013/pasta-madre-day-2013/#comment-1801/" "Mozilla/5.0 (Windows NT 6.1; Win64; x64) AppleWebKit/537.36 (KHTML, like Gecko) Chrome/66.0.3359.170 Safari/537.36 OPR/53.0.2907.68" 
98.101.31.115 - - [22/Jun/2020:03:58:26 -0700] "POST /xmlrpc.php HTTP/1.1" 301 4152 "-" "Mozilla/4.0 (compatible; MSIE 6.0; Windows NT 5.0)" 
98.101.31.115 - - [22/Jun/2020:03:58:26 -0700] "GET /xmlrpc.php HTTP/1.1" 405 3948 "-" "Mozilla/4.0 (compatible; MSIE 6.0; Windows NT 5.0)" 
45.139.48.27 - - [22/Jun/2020:03:59:06 -0700] "GET /2013/pasta-madre-day-2013/ HTTP/1.0" 200 32496 "https://www.fornacalia.com/2013/pasta-madre-day-2013/#comment-52939" "Mozilla/5.0 (Windows NT 6.1; Win64; x64) AppleWebKit/537.36 (KHTML, like Gecko) Chrome/67.0.3396.87 Safari/537.36 OPR/54.0.2952.71" 
5.188.84.35 - - [22/Jun/2020:04:01:49 -0700] "GET /2013/pasta-madre-day-2013/ HTTP/1.0" 200 32496 "https://www.fornacalia.com/2013/pasta-madre-day-2013/#comment-1801/" "Mozilla/5.0 (Windows NT 6.3; Win64; x64) AppleWebKit/537.36 (KHTML, like Gecko) Chrome/66.0.3359.181 Safari/537.36" 
5.188.84.35 - - [22/Jun/2020:04:01:50 -0700] "POST /wp-comments-post.php HTTP/1.0" 302 3874 "https://www.fornacalia.com/2013/pasta-madre-day-2013/#comment-1801/" "Mozilla/5.0 (Windows NT 6.3; Win64; x64) AppleWebKit/537.36 (KHTML, like Gecko) Chrome/66.0.3359.181 Safari/537.36" 
5.188.84.25 - - [22/Jun/2020:04:16:00 -0700] "GET /2013/pasta-madre-day-2013/ HTTP/1.0" 200 32496 "https://www.fornacalia.com/2013/pasta-madre-day-2013/#comment-1801/" "Mozilla/5.0 (Windows NT 6.3; Win64; x64) AppleWebKit/537.36 (KHTML, like Gecko) Chrome/67.0.3396.87 Safari/537.36" 
5.188.84.25 - - [22/Jun/2020:04:16:02 -0700] "POST /wp-comments-post.php HTTP/1.0" 302 3874 "https://www.fornacalia.com/2013/pasta-madre-day-2013/#comment-1801/" "Mozilla/5.0 (Windows NT 6.3; Win64; x64) AppleWebKit/537.36 (KHTML, like Gecko) Chrome/67.0.3396.87 Safari/537.36" 
54.36.148.63 - - [22/Jun/2020:04:18:38 -0700] "GET /2020/sourdough-u-one-day-course-in-rome-5-april/ HTTP/1.1" 404 25164 "-" "Mozilla/5.0 (compatible; AhrefsBot/6.1; +http://ahrefs.com/robot/)" 
5.188.84.45 - - [22/Jun/2020:04:19:41 -0700] "GET /2013/pasta-madre-day-2013/ HTTP/1.0" 200 32496 "https://www.fornacalia.com/2013/pasta-madre-day-2013/#comment-1801/" "Mozilla/5.0 (Windows NT 6.1; Win64; x64) AppleWebKit/537.36 (KHTML, like Gecko) Chrome/67.0.3396.87 Safari/537.36" 
5.188.84.45 - - [22/Jun/2020:04:19:42 -0700] "POST /wp-comments-post.php HTTP/1.0" 302 3874 "https://www.fornacalia.com/2013/pasta-madre-day-2013/#comment-1801/" "Mozilla/5.0 (Windows NT 6.1; Win64; x64) AppleWebKit/537.36 (KHTML, like Gecko) Chrome/67.0.3396.87 Safari/537.36" 
5.188.84.35 - - [22/Jun/2020:04:19:59 -0700] "GET /2013/pasta-madre-day-2013/ HTTP/1.0" 200 32496 "https://www.fornacalia.com/2013/pasta-madre-day-2013/#comment-1801/" "Mozilla/5.0 (Windows NT 10.0; Win64; x64) AppleWebKit/537.36 (KHTML, like Gecko) Chrome/58.0.3029.110 Safari/537.36 Edge/16.16299" 
5.188.84.35 - - [22/Jun/2020:04:20:00 -0700] "POST /wp-comments-post.php HTTP/1.0" 302 3874 "https://www.fornacalia.com/2013/pasta-madre-day-2013/#comment-1801/" "Mozilla/5.0 (Windows NT 10.0; Win64; x64) AppleWebKit/537.36 (KHTML, like Gecko) Chrome/58.0.3029.110 Safari/537.36 Edge/16.16299" 
5.188.84.15 - - [22/Jun/2020:04:21:01 -0700] "GET /2013/pasta-madre-day-2013/ HTTP/1.0" 200 32496 "https://www.fornacalia.com/2013/pasta-madre-day-2013/#comment-1801/" "Mozilla/5.0 (Windows NT 6.1) AppleWebKit/537.36 (KHTML, like Gecko) Chrome/66.0.3359.181 Safari/537.36" 
5.188.84.15 - - [22/Jun/2020:04:21:02 -0700] "POST /wp-comments-post.php HTTP/1.0" 302 3874 "https://www.fornacalia.com/2013/pasta-madre-day-2013/#comment-1801/" "Mozilla/5.0 (Windows NT 6.1) AppleWebKit/537.36 (KHTML, like Gecko) Chrome/66.0.3359.181 Safari/537.36" 
5.188.84.25 - - [22/Jun/2020:04:21:50 -0700] "GET /2013/pasta-madre-day-2013/ HTTP/1.0" 200 32496 "https://www.fornacalia.com/2013/pasta-madre-day-2013/#comment-1801/" "Mozilla/5.0 (Windows NT 10.0; Win64; x64) AppleWebKit/537.36 (KHTML, like Gecko) Chrome/67.0.3396.87 Safari/537.36 OPR/54.0.2952.71" 
5.188.84.25 - - [22/Jun/2020:04:21:51 -0700] "POST /wp-comments-post.php HTTP/1.0" 302 3874 "https://www.fornacalia.com/2013/pasta-madre-day-2013/#comment-1801/" "Mozilla/5.0 (Windows NT 10.0; Win64; x64) AppleWebKit/537.36 (KHTML, like Gecko) Chrome/67.0.3396.87 Safari/537.36 OPR/54.0.2952.71" 
5.188.84.220 - - [22/Jun/2020:04:22:23 -0700] "GET /2013/pasta-madre-day-2013/ HTTP/1.0" 200 32496 "https://www.fornacalia.com/2013/pasta-madre-day-2013/#comment-1801/" "Mozilla/5.0 (Windows NT 6.1) AppleWebKit/537.36 (KHTML, like Gecko) Chrome/68.0.3440.106 Safari/537.36" 
5.188.84.220 - - [22/Jun/2020:04:22:24 -0700] "POST /wp-comments-post.php HTTP/1.0" 302 3874 "https://www.fornacalia.com/2013/pasta-madre-day-2013/#comment-1801/" "Mozilla/5.0 (Windows NT 6.1) AppleWebKit/537.36 (KHTML, like Gecko) Chrome/68.0.3440.106 Safari/537.36" 
66.249.66.17 - - [22/Jun/2020:04:24:23 -0700] "GET /ads.txt HTTP/1.1" 301 4146 "-" "Mozilla/5.0 (compatible; Googlebot/2.1; +http://www.google.com/bot.html)" 
46.188.98.10 - - [22/Jun/2020:04:30:37 -0700] "GET /2013/pasta-madre-day-2013/ HTTP/1.0" 200 32496 "https://www.fornacalia.com/2013/pasta-madre-day-2013/#comment-52947" "Mozilla/5.0 (Windows NT 6.1; Win64; x64) AppleWebKit/537.36 (KHTML, like Gecko) Chrome/66.0.3359.170 Safari/537.36 OPR/53.0.2907.106" 
5.188.84.233 - - [22/Jun/2020:04:37:06 -0700] "GET /2013/pasta-madre-day-2013/ HTTP/1.0" 200 32496 "https://www.fornacalia.com/2013/pasta-madre-day-2013/#comment-1801/" "Mozilla/5.0 (Windows NT 6.1; Win64; x64) AppleWebKit/537.36 (KHTML, like Gecko) Chrome/67.0.3396.87 Safari/537.36 OPR/54.0.2952.71" 
5.188.84.233 - - [22/Jun/2020:04:37:07 -0700] "POST /wp-comments-post.php HTTP/1.0" 302 3874 "https://www.fornacalia.com/2013/pasta-madre-day-2013/#comment-1801/" "Mozilla/5.0 (Windows NT 6.1; Win64; x64) AppleWebKit/537.36 (KHTML, like Gecko) Chrome/67.0.3396.87 Safari/537.36 OPR/54.0.2952.71" 
5.188.84.220 - - [22/Jun/2020:04:39:21 -0700] "GET /2013/pasta-madre-day-2013/ HTTP/1.0" 200 32496 "https://www.fornacalia.com/2013/pasta-madre-day-2013/#comment-1801/" "Mozilla/5.0 (Windows NT 10.0; Win64; x64) AppleWebKit/537.36 (KHTML, like Gecko) Chrome/64.0.3282.140 Safari/537.36 Edge/17.17134" 
5.188.84.220 - - [22/Jun/2020:04:39:22 -0700] "POST /wp-comments-post.php HTTP/1.0" 302 3874 "https://www.fornacalia.com/2013/pasta-madre-day-2013/#comment-1801/" "Mozilla/5.0 (Windows NT 10.0; Win64; x64) AppleWebKit/537.36 (KHTML, like Gecko) Chrome/64.0.3282.140 Safari/537.36 Edge/17.17134" 
5.188.84.147 - - [22/Jun/2020:04:45:34 -0700] "GET /2013/pasta-madre-day-2013/ HTTP/1.0" 200 32496 "https://www.fornacalia.com/2013/pasta-madre-day-2013/#comment-1801/" "Mozilla/5.0 (Windows NT 10.0; Win64; x64) AppleWebKit/537.36 (KHTML, like Gecko) Chrome/66.0.3359.170 Safari/537.36 OPR/53.0.2907.99" 
5.188.84.147 - - [22/Jun/2020:04:45:35 -0700] "POST /wp-comments-post.php HTTP/1.0" 302 3874 "https://www.fornacalia.com/2013/pasta-madre-day-2013/#comment-1801/" "Mozilla/5.0 (Windows NT 10.0; Win64; x64) AppleWebKit/537.36 (KHTML, like Gecko) Chrome/66.0.3359.170 Safari/537.36 OPR/53.0.2907.99" 
5.188.84.233 - - [22/Jun/2020:04:48:32 -0700] "GET /2013/pasta-madre-day-2013/ HTTP/1.0" 200 32496 "https://www.fornacalia.com/2013/pasta-madre-day-2013/#comment-1801/" "Mozilla/5.0 (Windows NT 6.1; WOW64) AppleWebKit/537.36 (KHTML, like Gecko) Chrome/67.0.3396.87 Safari/537.36 OPR/54.0.2952.64 (Edition Yx)" 
5.188.84.233 - - [22/Jun/2020:04:48:33 -0700] "POST /wp-comments-post.php HTTP/1.0" 302 3874 "https://www.fornacalia.com/2013/pasta-madre-day-2013/#comment-1801/" "Mozilla/5.0 (Windows NT 6.1; WOW64) AppleWebKit/537.36 (KHTML, like Gecko) Chrome/67.0.3396.87 Safari/537.36 OPR/54.0.2952.64 (Edition Yx)" 
5.188.84.45 - - [22/Jun/2020:04:51:12 -0700] "GET /2013/pasta-madre-day-2013/ HTTP/1.0" 200 32496 "https://www.fornacalia.com/2013/pasta-madre-day-2013/#comment-1801/" "Mozilla/5.0 (Windows NT 6.1) AppleWebKit/537.36 (KHTML, like Gecko) Chrome/67.0.3396.87 Safari/537.36" 
5.188.84.45 - - [22/Jun/2020:04:51:13 -0700] "POST /wp-comments-post.php HTTP/1.0" 302 3874 "https://www.fornacalia.com/2013/pasta-madre-day-2013/#comment-1801/" "Mozilla/5.0 (Windows NT 6.1) AppleWebKit/537.36 (KHTML, like Gecko) Chrome/67.0.3396.87 Safari/537.36" 
157.55.39.70 - - [22/Jun/2020:04:51:35 -0700] "GET /2017/olive-levain/ HTTP/1.1" 200 11922 "-" "Mozilla/5.0 (compatible; bingbot/2.0; +http://www.bing.com/bingbot.htm)" 
202.9.46.219 - - [22/Jun/2020:04:56:25 -0700] "POST /xmlrpc.php HTTP/1.1" 301 4152 "-" "Mozilla/4.0 (compatible; MSIE 6.0; Windows NT 5.0)" 
202.9.46.219 - - [22/Jun/2020:04:56:27 -0700] "GET /xmlrpc.php HTTP/1.1" 405 3948 "-" "Mozilla/4.0 (compatible; MSIE 6.0; Windows NT 5.0)" 
5.188.84.65 - - [22/Jun/2020:04:57:06 -0700] "GET /2013/pasta-madre-day-2013/ HTTP/1.0" 200 32496 "https://www.fornacalia.com/2013/pasta-madre-day-2013/#comment-1801/" "Mozilla/5.0 (Windows NT 10.0; Win64; x64) AppleWebKit/537.36 (KHTML, like Gecko) Chrome/67.0.3396.99 Safari/537.36" 
5.188.84.65 - - [22/Jun/2020:04:57:07 -0700] "POST /wp-comments-post.php HTTP/1.0" 302 3874 "https://www.fornacalia.com/2013/pasta-madre-day-2013/#comment-1801/" "Mozilla/5.0 (Windows NT 10.0; Win64; x64) AppleWebKit/537.36 (KHTML, like Gecko) Chrome/67.0.3396.99 Safari/537.36" 
202.9.46.219 - - [22/Jun/2020:04:58:04 -0700] "POST /xmlrpc.php HTTP/1.1" 301 4152 "-" "Mozilla/4.0 (compatible; MSIE 6.0; Windows NT 5.0)" 
202.9.46.219 - - [22/Jun/2020:04:58:05 -0700] "GET /xmlrpc.php HTTP/1.1" 405 3948 "-" "Mozilla/4.0 (compatible; MSIE 6.0; Windows NT 5.0)" 
149.202.238.204 - - [22/Jun/2020:04:58:07 -0700] "POST /xmlrpc.php HTTP/1.0" 200 3803 "-" "Mozilla/5.0 (Windows NT 6.1; WOW64) AppleWebKit/537.36 (KHTML, like Gecko) Chrome/36.0.1985.125 Safari/537.36" 
46.49.3.10 - - [22/Jun/2020:04:58:37 -0700] "POST /xmlrpc.php HTTP/1.1" 301 4152 "-" "Mozilla/4.0 (compatible; MSIE 6.0; Windows NT 5.0)" 
46.49.3.10 - - [22/Jun/2020:04:58:38 -0700] "GET /xmlrpc.php HTTP/1.1" 405 3948 "-" "Mozilla/4.0 (compatible; MSIE 6.0; Windows NT 5.0)" 
46.8.247.3 - - [22/Jun/2020:05:00:04 -0700] "GET /wp-login.php?action=register HTTP/1.1" 302 3628 "-" "Mozilla/5.0 (Windows NT 6.3; Win64; x64) AppleWebKit/537.36 (KHTML, like Gecko) Chrome/66.0.3359.181 Safari/537.36" 
46.8.247.3 - - [22/Jun/2020:05:00:06 -0700] "GET /wp-login.php?registration=disabled HTTP/1.1" 200 4867 "https://www.fornacalia.com/wp-login.php?action=register" "Mozilla/5.0 (Windows NT 6.3; Win64; x64) AppleWebKit/537.36 (KHTML, like Gecko) Chrome/66.0.3359.181 Safari/537.36" 
5.188.84.147 - - [22/Jun/2020:05:03:20 -0700] "GET /2013/pasta-madre-day-2013/ HTTP/1.0" 200 32496 "https://www.fornacalia.com/2013/pasta-madre-day-2013/#comment-1801/" "Mozilla/5.0 (Windows NT 6.1; WOW64) AppleWebKit/537.36 (KHTML, like Gecko) Chrome/67.0.3396.87 Safari/537.36 OPR/54.0.2952.64 (Edition Yx)" 
5.188.84.147 - - [22/Jun/2020:05:03:21 -0700] "POST /wp-comments-post.php HTTP/1.0" 302 3874 "https://www.fornacalia.com/2013/pasta-madre-day-2013/#comment-1801/" "Mozilla/5.0 (Windows NT 6.1; WOW64) AppleWebKit/537.36 (KHTML, like Gecko) Chrome/67.0.3396.87 Safari/537.36 OPR/54.0.2952.64 (Edition Yx)" 
46.49.3.10 - - [22/Jun/2020:05:03:40 -0700] "POST /xmlrpc.php HTTP/1.1" 301 4152 "-" "Mozilla/4.0 (compatible; MSIE 6.0; Windows NT 5.0)" 
46.49.3.10 - - [22/Jun/2020:05:03:41 -0700] "GET /xmlrpc.php HTTP/1.1" 405 3948 "-" "Mozilla/4.0 (compatible; MSIE 6.0; Windows NT 5.0)" 
46.229.168.144 - - [22/Jun/2020:05:04:38 -0700] "GET /page/13/ HTTP/1.1" 200 14658 "-" "Mozilla/5.0 (compatible; SemrushBot/6~bl; +http://www.semrush.com/bot.html)" 
5.188.84.15 - - [22/Jun/2020:05:05:58 -0700] "GET /2013/pasta-madre-day-2013/ HTTP/1.0" 200 32496 "https://www.fornacalia.com/2013/pasta-madre-day-2013/#comment-1801/" "Mozilla/5.0 (Windows NT 6.3; Win64; x64) AppleWebKit/537.36 (KHTML, like Gecko) Chrome/67.0.3396.79 Safari/537.36" 
5.188.84.15 - - [22/Jun/2020:05:05:59 -0700] "POST /wp-comments-post.php HTTP/1.0" 302 3874 "https://www.fornacalia.com/2013/pasta-madre-day-2013/#comment-1801/" "Mozilla/5.0 (Windows NT 6.3; Win64; x64) AppleWebKit/537.36 (KHTML, like Gecko) Chrome/67.0.3396.79 Safari/537.36" 
5.188.84.65 - - [22/Jun/2020:05:08:18 -0700] "GET /2013/pasta-madre-day-2013/ HTTP/1.0" 200 32496 "https://www.fornacalia.com/2013/pasta-madre-day-2013/#comment-1801/" "Mozilla/5.0 (Windows NT 6.2; Win64; x64) AppleWebKit/537.36 (KHTML, like Gecko) Chrome/68.0.3440.106 Safari/537.36" 
5.188.84.65 - - [22/Jun/2020:05:08:19 -0700] "POST /wp-comments-post.php HTTP/1.0" 302 3874 "https://www.fornacalia.com/2013/pasta-madre-day-2013/#comment-1801/" "Mozilla/5.0 (Windows NT 6.2; Win64; x64) AppleWebKit/537.36 (KHTML, like Gecko) Chrome/68.0.3440.106 Safari/537.36" 
80.233.39.170 - - [22/Jun/2020:05:15:40 -0700] "GET /wp-content/uploads/2018/01/palanga-starters-1024x587.jpg HTTP/1.1" 200 87109 "https://www.google.ie/" "Mozilla/5.0 (Macintosh; Intel Mac OS X 10_15_4) AppleWebKit/605.1.15 (KHTML, like Gecko) Version/13.1.1 Safari/605.1.15" 
202.9.46.219 - - [22/Jun/2020:05:16:56 -0700] "POST /xmlrpc.php HTTP/1.1" 301 4152 "-" "Mozilla/4.0 (compatible; MSIE 6.0; Windows NT 5.0)" 
202.9.46.219 - - [22/Jun/2020:05:16:57 -0700] "GET /xmlrpc.php HTTP/1.1" 405 3948 "-" "Mozilla/4.0 (compatible; MSIE 6.0; Windows NT 5.0)" 
157.55.39.121 - - [22/Jun/2020:05:17:53 -0700] "GET /wp-content/uploads/2013/09/DSC00106.jpg HTTP/1.1" 200 61530 "-" "Mozilla/5.0 (compatible; bingbot/2.0; +http://www.bing.com/bingbot.htm)" 
5.188.84.35 - - [22/Jun/2020:05:21:30 -0700] "GET /2013/pasta-madre-day-2013/ HTTP/1.0" 200 32496 "https://www.fornacalia.com/2013/pasta-madre-day-2013/#comment-1801/" "Mozilla/5.0 (Windows NT 10.0; Win64; x64) AppleWebKit/537.36 (KHTML, like Gecko) Chrome/67.0.3396.87 Safari/537.36" 
5.188.84.35 - - [22/Jun/2020:05:21:31 -0700] "POST /wp-comments-post.php HTTP/1.0" 302 3874 "https://www.fornacalia.com/2013/pasta-madre-day-2013/#comment-1801/" "Mozilla/5.0 (Windows NT 10.0; Win64; x64) AppleWebKit/537.36 (KHTML, like Gecko) Chrome/67.0.3396.87 Safari/537.36" 
5.140.65.218 - - [22/Jun/2020:05:32:30 -0700] "GET /2019/first-course-in-rome/ HTTP/1.0" 200 29151 "-" "Mozilla/5.0 (Windows NT 6.3; Win64; x64) AppleWebKit/537.36 (KHTML, like Gecko) Chrome/75.0.3770.100 Safari/537.36" 
5.188.84.25 - - [22/Jun/2020:05:34:32 -0700] "GET /2013/pasta-madre-day-2013/ HTTP/1.0" 200 32496 "https://www.fornacalia.com/2013/pasta-madre-day-2013/#comment-1801/" "Mozilla/5.0 (Windows NT 6.1) AppleWebKit/537.36 (KHTML, like Gecko) Chrome/68.0.3440.106 Safari/537.36" 
5.188.84.25 - - [22/Jun/2020:05:34:33 -0700] "POST /wp-comments-post.php HTTP/1.0" 302 3874 "https://www.fornacalia.com/2013/pasta-madre-day-2013/#comment-1801/" "Mozilla/5.0 (Windows NT 6.1) AppleWebKit/537.36 (KHTML, like Gecko) Chrome/68.0.3440.106 Safari/537.36" 
5.188.84.45 - - [22/Jun/2020:05:38:51 -0700] "GET /2013/pasta-madre-day-2013/ HTTP/1.0" 200 32496 "https://www.fornacalia.com/2013/pasta-madre-day-2013/#comment-1801/" "Mozilla/5.0 (Windows NT 10.0; Win64; x64) AppleWebKit/537.36 (KHTML, like Gecko) Chrome/68.0.3440.106 Safari/537.36" 
5.188.84.45 - - [22/Jun/2020:05:38:52 -0700] "POST /wp-comments-post.php HTTP/1.0" 302 3874 "https://www.fornacalia.com/2013/pasta-madre-day-2013/#comment-1801/" "Mozilla/5.0 (Windows NT 10.0; Win64; x64) AppleWebKit/537.36 (KHTML, like Gecko) Chrome/68.0.3440.106 Safari/537.36" 
5.188.84.35 - - [22/Jun/2020:05:39:55 -0700] "GET /2013/pasta-madre-day-2013/ HTTP/1.0" 200 32496 "https://www.fornacalia.com/2013/pasta-madre-day-2013/#comment-1801/" "Mozilla/5.0 (Windows NT 6.1; Win64; x64) AppleWebKit/537.36 (KHTML, like Gecko) Chrome/68.0.3440.84 Safari/537.36" 
5.188.84.35 - - [22/Jun/2020:05:39:56 -0700] "POST /wp-comments-post.php HTTP/1.0" 302 3874 "https://www.fornacalia.com/2013/pasta-madre-day-2013/#comment-1801/" "Mozilla/5.0 (Windows NT 6.1; Win64; x64) AppleWebKit/537.36 (KHTML, like Gecko) Chrome/68.0.3440.84 Safari/537.36" 
5.188.84.25 - - [22/Jun/2020:05:40:00 -0700] "GET /2013/pasta-madre-day-2013/ HTTP/1.0" 200 32496 "https://www.fornacalia.com/2013/pasta-madre-day-2013/#comment-1801/" "Mozilla/5.0 (Windows NT 6.1; Win64; x64) AppleWebKit/537.36 (KHTML, like Gecko) Chrome/67.0.3396.87 Safari/537.36 OPR/54.0.2952.64" 
5.188.84.25 - - [22/Jun/2020:05:40:02 -0700] "POST /wp-comments-post.php HTTP/1.0" 302 3874 "https://www.fornacalia.com/2013/pasta-madre-day-2013/#comment-1801/" "Mozilla/5.0 (Windows NT 6.1; Win64; x64) AppleWebKit/537.36 (KHTML, like Gecko) Chrome/67.0.3396.87 Safari/537.36 OPR/54.0.2952.64" 
64.111.100.215 - - [22/Jun/2020:05:40:00 -0700] "POST /wp-cron.php?doing_wp_cron=1592829600.8507061004638671875000 HTTP/1.1" 200 3383 "https://www.fornacalia.com/wp-cron.php?doing_wp_cron=1592829600.8507061004638671875000" "WordPress/5.2.7; https://www.fornacalia.com" 
64.111.100.215 - - [22/Jun/2020:05:40:20 -0700] "POST /wp-cron.php?doing_wp_cron=1592829619.6872909069061279296875 HTTP/1.1" 200 3383 "https://www.fornacalia.com/wp-cron.php?doing_wp_cron=1592829619.6872909069061279296875" "WordPress/5.2.7; https://www.fornacalia.com" 
5.188.84.15 - - [22/Jun/2020:05:40:19 -0700] "GET /2013/pasta-madre-day-2013/ HTTP/1.0" 200 32496 "https://www.fornacalia.com/2013/pasta-madre-day-2013/#comment-1801/" "Mozilla/5.0 (Windows NT 6.1; Win64; x64) AppleWebKit/537.36 (KHTML, like Gecko) Chrome/66.0.3359.181 Safari/537.36" 
5.188.84.15 - - [22/Jun/2020:05:40:21 -0700] "POST /wp-comments-post.php HTTP/1.0" 302 3874 "https://www.fornacalia.com/2013/pasta-madre-day-2013/#comment-1801/" "Mozilla/5.0 (Windows NT 6.1; Win64; x64) AppleWebKit/537.36 (KHTML, like Gecko) Chrome/66.0.3359.181 Safari/537.36" 
202.9.46.219 - - [22/Jun/2020:05:41:03 -0700] "POST /xmlrpc.php HTTP/1.1" 301 4152 "-" "Mozilla/4.0 (compatible; MSIE 6.0; Windows NT 5.0)" 
202.9.46.219 - - [22/Jun/2020:05:41:04 -0700] "GET /xmlrpc.php HTTP/1.1" 405 3948 "-" "Mozilla/4.0 (compatible; MSIE 6.0; Windows NT 5.0)" 
64.111.100.215 - - [22/Jun/2020:05:42:27 -0700] "POST /wp-cron.php?doing_wp_cron=1592829747.0189540386199951171875 HTTP/1.1" 200 3383 "https://www.fornacalia.com/wp-cron.php?doing_wp_cron=1592829747.0189540386199951171875" "WordPress/5.2.7; https://www.fornacalia.com" 
5.188.84.220 - - [22/Jun/2020:05:42:26 -0700] "GET /2013/pasta-madre-day-2013/ HTTP/1.0" 200 32496 "https://www.fornacalia.com/2013/pasta-madre-day-2013/#comment-1801/" "Mozilla/5.0 (Windows NT 10.0; Win64; x64) AppleWebKit/537.36 (KHTML, like Gecko) Chrome/67.0.3396.87 Safari/537.36" 
5.188.84.220 - - [22/Jun/2020:05:42:28 -0700] "POST /wp-comments-post.php HTTP/1.0" 302 3874 "https://www.fornacalia.com/2013/pasta-madre-day-2013/#comment-1801/" "Mozilla/5.0 (Windows NT 10.0; Win64; x64) AppleWebKit/537.36 (KHTML, like Gecko) Chrome/67.0.3396.87 Safari/537.36" 
54.36.149.47 - - [22/Jun/2020:05:43:01 -0700] "GET /author/jeremy/ HTTP/1.1" 200 19165 "-" "Mozilla/5.0 (compatible; AhrefsBot/6.1; +http://ahrefs.com/robot/)" 
5.188.84.233 - - [22/Jun/2020:05:55:54 -0700] "GET /2013/pasta-madre-day-2013/ HTTP/1.0" 200 32496 "https://www.fornacalia.com/2013/pasta-madre-day-2013/#comment-1801/" "Mozilla/5.0 (Windows NT 10.0; Win64; x64) AppleWebKit/537.36 (KHTML, like Gecko) Chrome/67.0.3396.87 Safari/537.36 OPR/54.0.2952.51" 
5.188.84.233 - - [22/Jun/2020:05:55:56 -0700] "POST /wp-comments-post.php HTTP/1.0" 302 3874 "https://www.fornacalia.com/2013/pasta-madre-day-2013/#comment-1801/" "Mozilla/5.0 (Windows NT 10.0; Win64; x64) AppleWebKit/537.36 (KHTML, like Gecko) Chrome/67.0.3396.87 Safari/537.36 OPR/54.0.2952.51" 
5.188.84.220 - - [22/Jun/2020:05:59:28 -0700] "GET /2013/pasta-madre-day-2013/ HTTP/1.0" 200 32496 "https://www.fornacalia.com/2013/pasta-madre-day-2013/#comment-1801/" "Mozilla/5.0 (Windows NT 6.3; Win64; x64) AppleWebKit/537.36 (KHTML, like Gecko) Chrome/65.0.3325.146 Safari/537.36" 
5.188.84.220 - - [22/Jun/2020:05:59:29 -0700] "POST /wp-comments-post.php HTTP/1.0" 302 3874 "https://www.fornacalia.com/2013/pasta-madre-day-2013/#comment-1801/" "Mozilla/5.0 (Windows NT 6.3; Win64; x64) AppleWebKit/537.36 (KHTML, like Gecko) Chrome/65.0.3325.146 Safari/537.36" 
5.188.84.233 - - [22/Jun/2020:06:07:26 -0700] "GET /2013/pasta-madre-day-2013/ HTTP/1.0" 200 32496 "https://www.fornacalia.com/2013/pasta-madre-day-2013/#comment-1801/" "Mozilla/5.0 (Windows NT 10.0; Win64; x64) AppleWebKit/537.36 (KHTML, like Gecko) Chrome/67.0.3396.87 Safari/537.36 OPR/54.0.2952.54" 
5.188.84.233 - - [22/Jun/2020:06:07:28 -0700] "POST /wp-comments-post.php HTTP/1.0" 302 3874 "https://www.fornacalia.com/2013/pasta-madre-day-2013/#comment-1801/" "Mozilla/5.0 (Windows NT 10.0; Win64; x64) AppleWebKit/537.36 (KHTML, like Gecko) Chrome/67.0.3396.87 Safari/537.36 OPR/54.0.2952.54" 
5.188.84.147 - - [22/Jun/2020:06:09:09 -0700] "GET /2013/pasta-madre-day-2013/ HTTP/1.0" 200 32496 "https://www.fornacalia.com/2013/pasta-madre-day-2013/#comment-1801/" "Mozilla/5.0 (Windows NT 10.0; Win64; x64) AppleWebKit/537.36 (KHTML, like Gecko) Chrome/58.0.3029.110 Safari/537.36 Edge/16.16299" 
5.188.84.147 - - [22/Jun/2020:06:09:09 -0700] "POST /wp-comments-post.php HTTP/1.0" 302 3874 "https://www.fornacalia.com/2013/pasta-madre-day-2013/#comment-1801/" "Mozilla/5.0 (Windows NT 10.0; Win64; x64) AppleWebKit/537.36 (KHTML, like Gecko) Chrome/58.0.3029.110 Safari/537.36 Edge/16.16299" 
5.188.84.45 - - [22/Jun/2020:06:10:05 -0700] "GET /2013/pasta-madre-day-2013/ HTTP/1.0" 200 32496 "https://www.fornacalia.com/2013/pasta-madre-day-2013/#comment-1801/" "Mozilla/5.0 (Windows NT 10.0; Win64; x64) AppleWebKit/537.36 (KHTML, like Gecko) Chrome/67.0.3396.62 Safari/537.36" 
5.188.84.45 - - [22/Jun/2020:06:10:06 -0700] "POST /wp-comments-post.php HTTP/1.0" 302 3874 "https://www.fornacalia.com/2013/pasta-madre-day-2013/#comment-1801/" "Mozilla/5.0 (Windows NT 10.0; Win64; x64) AppleWebKit/537.36 (KHTML, like Gecko) Chrome/67.0.3396.62 Safari/537.36" 
5.188.84.65 - - [22/Jun/2020:06:18:05 -0700] "GET /2013/pasta-madre-day-2013/ HTTP/1.0" 200 32496 "https://www.fornacalia.com/2013/pasta-madre-day-2013/#comment-1801/" "Mozilla/5.0 (Windows NT 6.3; Win64; x64) AppleWebKit/537.36 (KHTML, like Gecko) Chrome/67.0.3396.87 Safari/537.36" 
5.188.84.65 - - [22/Jun/2020:06:18:07 -0700] "POST /wp-comments-post.php HTTP/1.0" 302 3874 "https://www.fornacalia.com/2013/pasta-madre-day-2013/#comment-1801/" "Mozilla/5.0 (Windows NT 6.3; Win64; x64) AppleWebKit/537.36 (KHTML, like Gecko) Chrome/67.0.3396.87 Safari/537.36" 
46.229.168.147 - - [22/Jun/2020:06:19:52 -0700] "GET /robots.txt HTTP/1.1" 200 3823 "-" "Mozilla/5.0 (compatible; SemrushBot/6~bl; +http://www.semrush.com/bot.html)" 
46.229.168.138 - - [22/Jun/2020:06:19:52 -0700] "GET /2019/mysterious-ear-problem-partially-solved/ HTTP/1.1" 200 11358 "-" "Mozilla/5.0 (compatible; SemrushBot/6~bl; +http://www.semrush.com/bot.html)" 
202.9.46.219 - - [22/Jun/2020:06:22:40 -0700] "POST /xmlrpc.php HTTP/1.1" 301 4152 "-" "Mozilla/4.0 (compatible; MSIE 6.0; Windows NT 5.0)" 
202.9.46.219 - - [22/Jun/2020:06:22:41 -0700] "GET /xmlrpc.php HTTP/1.1" 405 3948 "-" "Mozilla/4.0 (compatible; MSIE 6.0; Windows NT 5.0)" 
5.188.84.15 - - [22/Jun/2020:06:25:07 -0700] "GET /2013/pasta-madre-day-2013/ HTTP/1.0" 200 32496 "https://www.fornacalia.com/2013/pasta-madre-day-2013/#comment-1801/" "Mozilla/5.0 (Windows NT 6.1; Win64; x64) AppleWebKit/537.36 (KHTML, like Gecko) Chrome/67.0.3396.79 Safari/537.36" 
