114.119.165.86 - - [17/Jun/2020:20:24:12 -0700] "GET /wp-content/uploads/2016/10/wholewheat-04.png HTTP/1.1" 200 654144 "-" "Mozilla/5.0 (Linux; Android 7.0;) AppleWebKit/537.36 (KHTML, like Gecko) Mobile Safari/537.36 (compatible; PetalBot;+https://aspiegel.com/petalbot)" 
202.9.46.0 - - [17/Jun/2020:20:31:18 -0700] "POST /xmlrpc.php HTTP/1.1" 301 4152 "-" "Mozilla/4.0 (compatible; MSIE 6.0; Windows NT 5.0)" 
202.9.46.0 - - [17/Jun/2020:20:31:19 -0700] "GET /xmlrpc.php HTTP/1.1" 405 3948 "-" "Mozilla/4.0 (compatible; MSIE 6.0; Windows NT 5.0)" 
114.119.160.9 - - [17/Jun/2020:20:31:56 -0700] "GET /wp-content/uploads/2019/11/rustic-3.png HTTP/1.1" 200 558117 "-" "Mozilla/5.0 (Linux; Android 7.0;) AppleWebKit/537.36 (KHTML, like Gecko) Mobile Safari/537.36 (compatible; PetalBot;+https://aspiegel.com/petalbot)" 
39.98.74.39 - - [17/Jun/2020:20:33:43 -0700] "GET /wp-login.php HTTP/1.1" 200 5309 "-" "Mozilla/5.0 (X11; Ubuntu; Linux x86_64; rv:62.0) Gecko/20100101 Firefox/62.0" 
39.98.74.39 - - [17/Jun/2020:20:33:50 -0700] "POST /wp-login.php HTTP/1.1" 200 5731 "-" "Mozilla/5.0 (X11; Ubuntu; Linux x86_64; rv:62.0) Gecko/20100101 Firefox/62.0" 
39.98.74.39 - - [17/Jun/2020:20:33:58 -0700] "GET /wp-login.php HTTP/1.1" 200 5309 "-" "Mozilla/5.0 (X11; Ubuntu; Linux x86_64; rv:62.0) Gecko/20100101 Firefox/62.0" 
39.98.74.39 - - [17/Jun/2020:20:34:04 -0700] "POST /wp-login.php HTTP/1.1" 200 5680 "-" "Mozilla/5.0 (X11; Ubuntu; Linux x86_64; rv:62.0) Gecko/20100101 Firefox/62.0" 
39.98.74.39 - - [17/Jun/2020:20:34:11 -0700] "POST /xmlrpc.php HTTP/1.1" 200 4188 "-" "Mozilla/5.0 (X11; Ubuntu; Linux x86_64; rv:62.0) Gecko/20100101 Firefox/62.0" 
114.119.167.160 - - [17/Jun/2020:20:39:33 -0700] "GET /wp-content/uploads/2020/05/dough-1920-1024x473.jpg HTTP/1.1" 200 138322 "-" "Mozilla/5.0 (Linux; Android 7.0;) AppleWebKit/537.36 (KHTML, like Gecko) Mobile Safari/537.36 (compatible; PetalBot;+https://aspiegel.com/petalbot)" 
40.77.202.166 - - [17/Jun/2020:20:39:40 -0700] "GET /2017/workshops-update/ HTTP/1.1" 200 11607 "-" "Mozilla/5.0 (iPhone; CPU iPhone OS 7_0 like Mac OS X) AppleWebKit/537.51.1 (KHTML, like Gecko) Version/7.0 Mobile/11A465 Safari/9537.53 BingPreview/1.0b" 
40.77.202.166 - - [17/Jun/2020:20:39:41 -0700] "GET /wp-includes/js/jquery/jquery-migrate.min.js?ver=1.4.1 HTTP/1.1" 200 4579 "https://www.fornacalia.com/2017/workshops-update/" "Mozilla/5.0 (iPhone; CPU iPhone OS 7_0 like Mac OS X) AppleWebKit/537.51.1 (KHTML, like Gecko) Version/7.0 Mobile/11A465 Safari/9537.53 BingPreview/1.0b" 
40.77.202.166 - - [17/Jun/2020:20:39:42 -0700] "GET /wp-content/themes/Autonomie-child/css/print.css?ver=1.0.0 HTTP/1.1" 200 754 "https://www.fornacalia.com/2017/workshops-update/" "Mozilla/5.0 (iPhone; CPU iPhone OS 7_0 like Mac OS X) AppleWebKit/537.51.1 (KHTML, like Gecko) Version/7.0 Mobile/11A465 Safari/9537.53 BingPreview/1.0b" 
111.65.56.251 - - [17/Jun/2020:20:41:24 -0700] "GET /2019/respect-to-respectus-panis/ HTTP/1.1" 200 13502 "https://www.google.com.sg/" "Mozilla/5.0 (iPhone; CPU iPhone OS 13_5_1 like Mac OS X) AppleWebKit/605.1.15 (KHTML, like Gecko) Version/13.1.1 Mobile/15E148 Safari/604.1" 
111.65.56.251 - - [17/Jun/2020:20:41:25 -0700] "GET /wp-includes/css/dist/block-library/style.min.css?ver=5.2.7 HTTP/1.1" 200 5367 "https://www.fornacalia.com/2019/respect-to-respectus-panis/" "Mozilla/5.0 (iPhone; CPU iPhone OS 13_5_1 like Mac OS X) AppleWebKit/605.1.15 (KHTML, like Gecko) Version/13.1.1 Mobile/15E148 Safari/604.1" 
111.65.56.251 - - [17/Jun/2020:20:41:25 -0700] "GET /wp-content/themes/Autonomie-child/style.css?ver=1.0.0 HTTP/1.1" 200 1410 "https://www.fornacalia.com/2019/respect-to-respectus-panis/" "Mozilla/5.0 (iPhone; CPU iPhone OS 13_5_1 like Mac OS X) AppleWebKit/605.1.15 (KHTML, like Gecko) Version/13.1.1 Mobile/15E148 Safari/604.1" 
111.65.56.251 - - [17/Jun/2020:20:41:25 -0700] "GET /wp-content/themes/Autonomie-child/css/narrow-width.css?ver=1.0.0 HTTP/1.1" 200 982 "https://www.fornacalia.com/2019/respect-to-respectus-panis/" "Mozilla/5.0 (iPhone; CPU iPhone OS 13_5_1 like Mac OS X) AppleWebKit/605.1.15 (KHTML, like Gecko) Version/13.1.1 Mobile/15E148 Safari/604.1" 
111.65.56.251 - - [17/Jun/2020:20:41:25 -0700] "GET /wp-content/themes/autonomie/style.css?ver=5.2.7 HTTP/1.1" 200 9729 "https://www.fornacalia.com/2019/respect-to-respectus-panis/" "Mozilla/5.0 (iPhone; CPU iPhone OS 13_5_1 like Mac OS X) AppleWebKit/605.1.15 (KHTML, like Gecko) Version/13.1.1 Mobile/15E148 Safari/604.1" 
111.65.56.251 - - [17/Jun/2020:20:41:25 -0700] "GET /wp-content/plugins/indieweb/static/css/indieweb.css?ver=3.4.1 HTTP/1.1" 200 10490 "https://www.fornacalia.com/2019/respect-to-respectus-panis/" "Mozilla/5.0 (iPhone; CPU iPhone OS 13_5_1 like Mac OS X) AppleWebKit/605.1.15 (KHTML, like Gecko) Version/13.1.1 Mobile/15E148 Safari/604.1" 
111.65.56.251 - - [17/Jun/2020:20:41:25 -0700] "GET /wp-content/plugins/semantic-linkbacks/css/semantic-linkbacks.css?ver=3.8.1 HTTP/1.1" 200 4396 "https://www.fornacalia.com/2019/respect-to-respectus-panis/" "Mozilla/5.0 (iPhone; CPU iPhone OS 13_5_1 like Mac OS X) AppleWebKit/605.1.15 (KHTML, like Gecko) Version/13.1.1 Mobile/15E148 Safari/604.1" 
111.65.56.251 - - [17/Jun/2020:20:41:25 -0700] "GET /wp-includes/js/jquery/jquery.js?ver=1.12.4-wp HTTP/1.1" 200 35150 "https://www.fornacalia.com/2019/respect-to-respectus-panis/" "Mozilla/5.0 (iPhone; CPU iPhone OS 13_5_1 like Mac OS X) AppleWebKit/605.1.15 (KHTML, like Gecko) Version/13.1.1 Mobile/15E148 Safari/604.1" 
111.65.56.251 - - [17/Jun/2020:20:41:26 -0700] "GET /wp-includes/js/jquery/jquery-migrate.min.js?ver=1.4.1 HTTP/1.1" 200 4579 "https://www.fornacalia.com/2019/respect-to-respectus-panis/" "Mozilla/5.0 (iPhone; CPU iPhone OS 13_5_1 like Mac OS X) AppleWebKit/605.1.15 (KHTML, like Gecko) Version/13.1.1 Mobile/15E148 Safari/604.1" 
111.65.56.251 - - [17/Jun/2020:20:41:26 -0700] "GET /wp-content/plugins/semantic-linkbacks/js/semantic-linkbacks.js?ver=3.8.1 HTTP/1.1" 200 593 "https://www.fornacalia.com/2019/respect-to-respectus-panis/" "Mozilla/5.0 (iPhone; CPU iPhone OS 13_5_1 like Mac OS X) AppleWebKit/605.1.15 (KHTML, like Gecko) Version/13.1.1 Mobile/15E148 Safari/604.1" 
111.65.56.251 - - [17/Jun/2020:20:41:26 -0700] "GET /wp-includes/js/comment-reply.min.js?ver=5.2.7 HTTP/1.1" 200 1539 "https://www.fornacalia.com/2019/respect-to-respectus-panis/" "Mozilla/5.0 (iPhone; CPU iPhone OS 13_5_1 like Mac OS X) AppleWebKit/605.1.15 (KHTML, like Gecko) Version/13.1.1 Mobile/15E148 Safari/604.1" 
111.65.56.251 - - [17/Jun/2020:20:41:26 -0700] "GET /wp-content/themes/autonomie/js/navigation.js?ver=1.0.0 HTTP/1.1" 200 1326 "https://www.fornacalia.com/2019/respect-to-respectus-panis/" "Mozilla/5.0 (iPhone; CPU iPhone OS 13_5_1 like Mac OS X) AppleWebKit/605.1.15 (KHTML, like Gecko) Version/13.1.1 Mobile/15E148 Safari/604.1" 
111.65.56.251 - - [17/Jun/2020:20:41:26 -0700] "GET /wp-content/themes/autonomie/js/skip-link-focus-fix.js?ver=1.0.0 HTTP/1.1" 200 928 "https://www.fornacalia.com/2019/respect-to-respectus-panis/" "Mozilla/5.0 (iPhone; CPU iPhone OS 13_5_1 like Mac OS X) AppleWebKit/605.1.15 (KHTML, like Gecko) Version/13.1.1 Mobile/15E148 Safari/604.1" 
111.65.56.251 - - [17/Jun/2020:20:41:26 -0700] "GET /wp-includes/js/wp-embed.min.js?ver=5.2.7 HTTP/1.1" 200 1198 "https://www.fornacalia.com/2019/respect-to-respectus-panis/" "Mozilla/5.0 (iPhone; CPU iPhone OS 13_5_1 like Mac OS X) AppleWebKit/605.1.15 (KHTML, like Gecko) Version/13.1.1 Mobile/15E148 Safari/604.1" 
111.65.56.251 - - [17/Jun/2020:20:41:26 -0700] "GET /wp-content/themes/Autonomie-child/css/print.css?ver=1.0.0 HTTP/1.1" 200 754 "https://www.fornacalia.com/2019/respect-to-respectus-panis/" "Mozilla/5.0 (iPhone; CPU iPhone OS 13_5_1 like Mac OS X) AppleWebKit/605.1.15 (KHTML, like Gecko) Version/13.1.1 Mobile/15E148 Safari/604.1" 
111.65.56.251 - - [17/Jun/2020:20:41:26 -0700] "GET /wp-content/themes/autonomie/font/merriweather/merriweather-v15-latin-300.woff2 HTTP/1.1" 200 18966 "https://www.fornacalia.com/2019/respect-to-respectus-panis/" "Mozilla/5.0 (iPhone; CPU iPhone OS 13_5_1 like Mac OS X) AppleWebKit/605.1.15 (KHTML, like Gecko) Version/13.1.1 Mobile/15E148 Safari/604.1" 
111.65.56.251 - - [17/Jun/2020:20:41:26 -0700] "GET /wp-content/themes/autonomie/font/lato/lato-v13-latin-300.woff2 HTTP/1.1" 200 23450 "https://www.fornacalia.com/2019/respect-to-respectus-panis/" "Mozilla/5.0 (iPhone; CPU iPhone OS 13_5_1 like Mac OS X) AppleWebKit/605.1.15 (KHTML, like Gecko) Version/13.1.1 Mobile/15E148 Safari/604.1" 
111.65.56.251 - - [17/Jun/2020:20:41:26 -0700] "GET /wp-content/themes/autonomie/font/lato/lato-v13-latin-700.woff2 HTTP/1.1" 200 23094 "https://www.fornacalia.com/2019/respect-to-respectus-panis/" "Mozilla/5.0 (iPhone; CPU iPhone OS 13_5_1 like Mac OS X) AppleWebKit/605.1.15 (KHTML, like Gecko) Version/13.1.1 Mobile/15E148 Safari/604.1" 
111.65.56.251 - - [17/Jun/2020:20:41:26 -0700] "GET /wp-content/themes/autonomie/font/merriweather/merriweather-v15-latin-300italic.woff2 HTTP/1.1" 200 20118 "https://www.fornacalia.com/2019/respect-to-respectus-panis/" "Mozilla/5.0 (iPhone; CPU iPhone OS 13_5_1 like Mac OS X) AppleWebKit/605.1.15 (KHTML, like Gecko) Version/13.1.1 Mobile/15E148 Safari/604.1" 
111.65.56.251 - - [17/Jun/2020:20:41:26 -0700] "GET /wp-content/themes/autonomie/font/lato/lato-v13-latin-300italic.woff2 HTTP/1.1" 200 17922 "https://www.fornacalia.com/2019/respect-to-respectus-panis/" "Mozilla/5.0 (iPhone; CPU iPhone OS 13_5_1 like Mac OS X) AppleWebKit/605.1.15 (KHTML, like Gecko) Version/13.1.1 Mobile/15E148 Safari/604.1" 
111.65.56.251 - - [17/Jun/2020:20:41:27 -0700] "GET /wp-content/themes/Autonomie-child/css/default-width.css?ver=1.0.0 HTTP/1.1" 200 868 "https://www.fornacalia.com/2019/respect-to-respectus-panis/" "Mozilla/5.0 (iPhone; CPU iPhone OS 13_5_1 like Mac OS X) AppleWebKit/605.1.15 (KHTML, like Gecko) Version/13.1.1 Mobile/15E148 Safari/604.1" 
111.65.56.251 - - [17/Jun/2020:20:41:27 -0700] "GET /wp-content/themes/Autonomie-child/css/wide-width.css?ver=1.0.0 HTTP/1.1" 404 22142 "https://www.fornacalia.com/2019/respect-to-respectus-panis/" "Mozilla/5.0 (iPhone; CPU iPhone OS 13_5_1 like Mac OS X) AppleWebKit/605.1.15 (KHTML, like Gecko) Version/13.1.1 Mobile/15E148 Safari/604.1" 
111.65.56.251 - - [17/Jun/2020:20:41:27 -0700] "GET /wp-content/uploads/2019/01/do-nothing-risen.jpg HTTP/1.1" 200 375730 "https://www.fornacalia.com/2019/respect-to-respectus-panis/" "Mozilla/5.0 (iPhone; CPU iPhone OS 13_5_1 like Mac OS X) AppleWebKit/605.1.15 (KHTML, like Gecko) Version/13.1.1 Mobile/15E148 Safari/604.1" 
111.65.56.251 - - [17/Jun/2020:20:41:27 -0700] "GET /wp-content/uploads/2019/01/do-nothing-scored.jpg HTTP/1.1" 200 322044 "https://www.fornacalia.com/2019/respect-to-respectus-panis/" "Mozilla/5.0 (iPhone; CPU iPhone OS 13_5_1 like Mac OS X) AppleWebKit/605.1.15 (KHTML, like Gecko) Version/13.1.1 Mobile/15E148 Safari/604.1" 
111.65.56.251 - - [17/Jun/2020:20:41:27 -0700] "GET /wp-content/uploads/2019/01/do-nothing-baked-1024x659.jpg HTTP/1.1" 200 165106 "https://www.fornacalia.com/2019/respect-to-respectus-panis/" "Mozilla/5.0 (iPhone; CPU iPhone OS 13_5_1 like Mac OS X) AppleWebKit/605.1.15 (KHTML, like Gecko) Version/13.1.1 Mobile/15E148 Safari/604.1" 
111.65.56.251 - - [17/Jun/2020:20:41:27 -0700] "GET /wp-content/uploads/2019/01/do-nothing-baked-side-1024x620.jpg HTTP/1.1" 200 133251 "https://www.fornacalia.com/2019/respect-to-respectus-panis/" "Mozilla/5.0 (iPhone; CPU iPhone OS 13_5_1 like Mac OS X) AppleWebKit/605.1.15 (KHTML, like Gecko) Version/13.1.1 Mobile/15E148 Safari/604.1" 
111.65.56.251 - - [17/Jun/2020:20:41:28 -0700] "GET /wp-content/uploads/2019/01/do-nothing-baked-crumb-1024x649.jpg HTTP/1.1" 200 127782 "https://www.fornacalia.com/2019/respect-to-respectus-panis/" "Mozilla/5.0 (iPhone; CPU iPhone OS 13_5_1 like Mac OS X) AppleWebKit/605.1.15 (KHTML, like Gecko) Version/13.1.1 Mobile/15E148 Safari/604.1" 
111.65.56.251 - - [17/Jun/2020:20:41:29 -0700] "GET /wp-content/uploads/2017/12/cropped-forno-favicon-192x192.png HTTP/1.1" 200 25302 "https://www.fornacalia.com/2019/respect-to-respectus-panis/" "Mozilla/5.0 (iPhone; CPU iPhone OS 13_5_1 like Mac OS X) AppleWebKit/605.1.15 (KHTML, like Gecko) Version/13.1.1 Mobile/15E148 Safari/604.1" 
111.65.56.251 - - [17/Jun/2020:20:41:29 -0700] "GET /wp-content/uploads/2017/12/cropped-forno-favicon-32x32.png HTTP/1.1" 200 1582 "https://www.fornacalia.com/2019/respect-to-respectus-panis/" "Mozilla/5.0 (iPhone; CPU iPhone OS 13_5_1 like Mac OS X) AppleWebKit/605.1.15 (KHTML, like Gecko) Version/13.1.1 Mobile/15E148 Safari/604.1" 
192.254.207.43 - - [17/Jun/2020:20:46:40 -0700] "GET /wp-login.php HTTP/1.1" 200 5309 "-" "Mozilla/5.0 (X11; Ubuntu; Linux x86_64; rv:62.0) Gecko/20100101 Firefox/62.0" 
192.254.207.43 - - [17/Jun/2020:20:46:41 -0700] "POST /wp-login.php HTTP/1.1" 200 5731 "-" "Mozilla/5.0 (X11; Ubuntu; Linux x86_64; rv:62.0) Gecko/20100101 Firefox/62.0" 
192.254.207.43 - - [17/Jun/2020:20:46:41 -0700] "GET /wp-login.php HTTP/1.1" 200 5309 "-" "Mozilla/5.0 (X11; Ubuntu; Linux x86_64; rv:62.0) Gecko/20100101 Firefox/62.0" 
192.254.207.43 - - [17/Jun/2020:20:46:42 -0700] "POST /wp-login.php HTTP/1.1" 200 5680 "-" "Mozilla/5.0 (X11; Ubuntu; Linux x86_64; rv:62.0) Gecko/20100101 Firefox/62.0" 
192.254.207.43 - - [17/Jun/2020:20:46:42 -0700] "POST /xmlrpc.php HTTP/1.1" 200 4188 "-" "Mozilla/5.0 (X11; Ubuntu; Linux x86_64; rv:62.0) Gecko/20100101 Firefox/62.0" 
114.119.165.86 - - [17/Jun/2020:20:47:07 -0700] "GET /2016/sultanas-and-pine-nuts-again/ HTTP/1.1" 200 12353 "-" "Mozilla/5.0 (Linux; Android 7.0;) AppleWebKit/537.36 (KHTML, like Gecko) Mobile Safari/537.36 (compatible; PetalBot;+https://aspiegel.com/petalbot)" 
5.81.116.50 - - [17/Jun/2020:20:51:23 -0700] "POST /xmlrpc.php HTTP/1.1" 301 4152 "-" "Mozilla/4.0 (compatible; MSIE 6.0; Windows NT 5.0)" 
5.81.116.50 - - [17/Jun/2020:20:51:23 -0700] "GET /xmlrpc.php HTTP/1.1" 405 3948 "-" "Mozilla/4.0 (compatible; MSIE 6.0; Windows NT 5.0)" 
207.241.229.225 - - [17/Jun/2020:20:51:44 -0700] "GET /wp-json/oembed/1.0/embed?url=https%3A%2F%2Fwww.fornacalia.com%2F2018%2Flong-soak-brown-bread%2F HTTP/1.0" 200 5942 "https://www.fornacalia.com/2018/long-soak-brown-bread/" "Mozilla/5.0 (compatible; special_archiver/3.1.1 +http://www.archive.org/details/archive.org_bot)" 
5.81.116.50 - - [17/Jun/2020:20:52:29 -0700] "POST /xmlrpc.php HTTP/1.1" 301 4152 "-" "Mozilla/4.0 (compatible; MSIE 6.0; Windows NT 5.0)" 
5.81.116.50 - - [17/Jun/2020:20:52:30 -0700] "GET /xmlrpc.php HTTP/1.1" 405 3948 "-" "Mozilla/4.0 (compatible; MSIE 6.0; Windows NT 5.0)" 
5.81.116.50 - - [17/Jun/2020:20:54:37 -0700] "POST /xmlrpc.php HTTP/1.1" 301 4152 "-" "Mozilla/4.0 (compatible; MSIE 6.0; Windows NT 5.0)" 
5.81.116.50 - - [17/Jun/2020:20:54:39 -0700] "GET /xmlrpc.php HTTP/1.1" 405 3948 "-" "Mozilla/4.0 (compatible; MSIE 6.0; Windows NT 5.0)" 
114.119.164.131 - - [17/Jun/2020:20:54:42 -0700] "GET /2013/advent-lent-whats-the-difference/ HTTP/1.1" 200 11679 "-" "Mozilla/5.0 (Linux; Android 7.0;) AppleWebKit/537.36 (KHTML, like Gecko) Mobile Safari/537.36 (compatible; PetalBot;+https://aspiegel.com/petalbot)" 
94.228.207.1 - - [17/Jun/2020:20:58:43 -0700] "GET /2013/pasta-madre-day-2013/ HTTP/1.0" 200 32755 "https://www.fornacalia.com/2013/pasta-madre-day-2013/#comment-52161" "Mozilla/5.0 (Windows NT 6.1; Win64; x64) AppleWebKit/537.36 (KHTML, like Gecko) Chrome/67.0.3396.79 Safari/537.36" 
114.119.165.219 - - [17/Jun/2020:21:02:17 -0700] "GET /wp-content/uploads/2017/12/dough-1.png HTTP/1.1" 200 533191 "-" "Mozilla/5.0 (Linux; Android 7.0;) AppleWebKit/537.36 (KHTML, like Gecko) Mobile Safari/537.36 (compatible; PetalBot;+https://aspiegel.com/petalbot)" 
142.4.22.236 - - [17/Jun/2020:21:02:32 -0700] "GET /wp-login.php HTTP/1.1" 200 5309 "-" "Mozilla/5.0 (X11; Ubuntu; Linux x86_64; rv:62.0) Gecko/20100101 Firefox/62.0" 
142.4.22.236 - - [17/Jun/2020:21:02:32 -0700] "POST /wp-login.php HTTP/1.1" 200 5731 "-" "Mozilla/5.0 (X11; Ubuntu; Linux x86_64; rv:62.0) Gecko/20100101 Firefox/62.0" 
142.4.22.236 - - [17/Jun/2020:21:02:33 -0700] "GET /wp-login.php HTTP/1.1" 200 5309 "-" "Mozilla/5.0 (X11; Ubuntu; Linux x86_64; rv:62.0) Gecko/20100101 Firefox/62.0" 
142.4.22.236 - - [17/Jun/2020:21:02:33 -0700] "POST /wp-login.php HTTP/1.1" 200 5680 "-" "Mozilla/5.0 (X11; Ubuntu; Linux x86_64; rv:62.0) Gecko/20100101 Firefox/62.0" 
142.4.22.236 - - [17/Jun/2020:21:02:34 -0700] "POST /xmlrpc.php HTTP/1.1" 200 4188 "-" "Mozilla/5.0 (X11; Ubuntu; Linux x86_64; rv:62.0) Gecko/20100101 Firefox/62.0" 
114.119.160.9 - - [17/Jun/2020:21:09:51 -0700] "GET /wp-content/uploads/2017/12/Grano-arso-2-1.png HTTP/1.1" 200 683141 "-" "Mozilla/5.0 (Linux; Android 7.0;) AppleWebKit/537.36 (KHTML, like Gecko) Mobile Safari/537.36 (compatible; PetalBot;+https://aspiegel.com/petalbot)" 
46.49.3.10 - - [17/Jun/2020:21:09:54 -0700] "POST /xmlrpc.php HTTP/1.1" 301 4152 "-" "Mozilla/4.0 (compatible; MSIE 6.0; Windows NT 5.0)" 
46.49.3.10 - - [17/Jun/2020:21:09:55 -0700] "GET /xmlrpc.php HTTP/1.1" 405 3948 "-" "Mozilla/4.0 (compatible; MSIE 6.0; Windows NT 5.0)" 
66.249.66.47 - - [17/Jun/2020:21:14:58 -0700] "GET /2019/mysterious-ear-problem-partially-solved/ HTTP/1.1" 200 12410 "-" "Mozilla/5.0 (compatible; Googlebot/2.1; +http://www.google.com/bot.html)" 
46.49.3.10 - - [17/Jun/2020:21:15:58 -0700] "POST /xmlrpc.php HTTP/1.1" 301 4152 "-" "Mozilla/4.0 (compatible; MSIE 6.0; Windows NT 5.0)" 
46.49.3.10 - - [17/Jun/2020:21:15:59 -0700] "GET /xmlrpc.php HTTP/1.1" 405 3948 "-" "Mozilla/4.0 (compatible; MSIE 6.0; Windows NT 5.0)" 
114.119.160.9 - - [17/Jun/2020:21:17:19 -0700] "GET /wp-content/uploads/2017/12/lively.png HTTP/1.1" 200 727496 "-" "Mozilla/5.0 (Linux; Android 7.0;) AppleWebKit/537.36 (KHTML, like Gecko) Mobile Safari/537.36 (compatible; PetalBot;+https://aspiegel.com/petalbot)" 
157.55.39.37 - - [17/Jun/2020:21:19:01 -0700] "GET /robots.txt HTTP/1.1" 200 2286 "-" "Mozilla/5.0 (compatible; bingbot/2.0; +http://www.bing.com/bingbot.htm)" 
157.55.39.37 - - [17/Jun/2020:21:19:02 -0700] "GET /robots.txt HTTP/1.1" 200 4576 "-" "Mozilla/5.0 (compatible; bingbot/2.0; +http://www.bing.com/bingbot.htm)" 
207.46.13.43 - - [17/Jun/2020:21:19:04 -0700] "GET /wp-content/uploads/2020/05/dough-1920-1024x473.jpg HTTP/1.1" 200 138903 "-" "Mozilla/5.0 (compatible; bingbot/2.0; +http://www.bing.com/bingbot.htm)" 
98.101.31.115 - - [17/Jun/2020:21:21:19 -0700] "POST /xmlrpc.php HTTP/1.1" 301 4152 "-" "Mozilla/4.0 (compatible; MSIE 6.0; Windows NT 5.0)" 
98.101.31.115 - - [17/Jun/2020:21:21:20 -0700] "GET /xmlrpc.php HTTP/1.1" 405 3948 "-" "Mozilla/4.0 (compatible; MSIE 6.0; Windows NT 5.0)" 
5.81.116.50 - - [17/Jun/2020:21:24:06 -0700] "POST /xmlrpc.php HTTP/1.1" 301 4152 "-" "Mozilla/4.0 (compatible; MSIE 6.0; Windows NT 5.0)" 
5.81.116.50 - - [17/Jun/2020:21:24:06 -0700] "GET /xmlrpc.php HTTP/1.1" 405 3948 "-" "Mozilla/4.0 (compatible; MSIE 6.0; Windows NT 5.0)" 
114.119.167.55 - - [17/Jun/2020:21:24:37 -0700] "GET /wp-content/plugins/all-in-one-seo-pack/images/default-user-image.png HTTP/1.1" 200 4963 "-" "Mozilla/5.0 (Linux; Android 7.0;) AppleWebKit/537.36 (KHTML, like Gecko) Mobile Safari/537.36 (compatible; PetalBot;+https://aspiegel.com/petalbot)" 
66.249.66.47 - - [17/Jun/2020:21:24:56 -0700] "GET /2017/olive-levain/ HTTP/1.1" 200 12399 "-" "Mozilla/5.0 (compatible; Googlebot/2.1; +http://www.google.com/bot.html)" 
114.119.164.139 - - [17/Jun/2020:21:31:39 -0700] "GET /2018/nil-nisi-bonum HTTP/1.1" 301 3967 "-" "Mozilla/5.0 (Linux; Android 7.0;) AppleWebKit/537.36 (KHTML, like Gecko) Mobile Safari/537.36 (compatible; PetalBot;+https://aspiegel.com/petalbot)" 
114.119.164.139 - - [17/Jun/2020:21:31:40 -0700] "GET /2018/nil-nisi-bonum/ HTTP/1.1" 200 12009 "-" "Mozilla/5.0 (Linux; Android 7.0;) AppleWebKit/537.36 (KHTML, like Gecko) Mobile Safari/537.36 (compatible; PetalBot;+https://aspiegel.com/petalbot)" 
95.111.235.214 - - [17/Jun/2020:21:33:04 -0700] "GET /wp-login.php HTTP/1.1" 200 5309 "-" "Mozilla/5.0 (X11; Ubuntu; Linux x86_64; rv:62.0) Gecko/20100101 Firefox/62.0" 
95.111.235.214 - - [17/Jun/2020:21:33:04 -0700] "POST /wp-login.php HTTP/1.1" 200 5731 "-" "Mozilla/5.0 (X11; Ubuntu; Linux x86_64; rv:62.0) Gecko/20100101 Firefox/62.0" 
95.111.235.214 - - [17/Jun/2020:21:33:05 -0700] "GET /wp-login.php HTTP/1.1" 200 5309 "-" "Mozilla/5.0 (X11; Ubuntu; Linux x86_64; rv:62.0) Gecko/20100101 Firefox/62.0" 
95.111.235.214 - - [17/Jun/2020:21:33:05 -0700] "POST /wp-login.php HTTP/1.1" 200 5680 "-" "Mozilla/5.0 (X11; Ubuntu; Linux x86_64; rv:62.0) Gecko/20100101 Firefox/62.0" 
95.111.235.214 - - [17/Jun/2020:21:33:06 -0700] "POST /xmlrpc.php HTTP/1.1" 200 4188 "-" "Mozilla/5.0 (X11; Ubuntu; Linux x86_64; rv:62.0) Gecko/20100101 Firefox/62.0" 
114.119.161.162 - - [17/Jun/2020:21:38:45 -0700] "GET /2020/sourdough-bagels HTTP/1.1" 301 3969 "-" "Mozilla/5.0 (Linux; Android 7.0;) AppleWebKit/537.36 (KHTML, like Gecko) Mobile Safari/537.36 (compatible; PetalBot;+https://aspiegel.com/petalbot)" 
114.119.161.162 - - [17/Jun/2020:21:38:47 -0700] "GET /2020/sourdough-bagels/ HTTP/1.1" 200 14192 "-" "Mozilla/5.0 (Linux; Android 7.0;) AppleWebKit/537.36 (KHTML, like Gecko) Mobile Safari/537.36 (compatible; PetalBot;+https://aspiegel.com/petalbot)" 
98.101.31.115 - - [17/Jun/2020:21:45:15 -0700] "POST /xmlrpc.php HTTP/1.1" 301 4152 "-" "Mozilla/4.0 (compatible; MSIE 6.0; Windows NT 5.0)" 
98.101.31.115 - - [17/Jun/2020:21:45:16 -0700] "GET /xmlrpc.php HTTP/1.1" 405 3948 "-" "Mozilla/4.0 (compatible; MSIE 6.0; Windows NT 5.0)" 
46.49.3.10 - - [17/Jun/2020:21:47:55 -0700] "POST /xmlrpc.php HTTP/1.1" 301 4152 "-" "Mozilla/4.0 (compatible; MSIE 6.0; Windows NT 5.0)" 
46.49.3.10 - - [17/Jun/2020:21:47:57 -0700] "GET /xmlrpc.php HTTP/1.1" 405 3948 "-" "Mozilla/4.0 (compatible; MSIE 6.0; Windows NT 5.0)" 
31.5.130.43 - - [17/Jun/2020:21:48:09 -0700] "GET /2019/hot-cross-buns/ HTTP/1.1" 200 13384 "https://www.fornacalia.com/" "Mozilla/5.0 (Windows NT 6.3; Win64; x64) AppleWebKit/537.36 (KHTML, like Gecko) Chrome/66.0.3359.139 Safari/537.36,gzip(gfe)" 
31.5.130.43 - - [17/Jun/2020:21:48:09 -0700] "POST /wp-comments-post.php HTTP/1.1" 302 3905 "https://www.fornacalia.com/2019/hot-cross-buns/" "Mozilla/5.0 (Windows NT 6.3; Win64; x64) AppleWebKit/537.36 (KHTML, like Gecko) Chrome/66.0.3359.139 Safari/537.36,gzip(gfe)" 
31.5.130.43 - - [17/Jun/2020:21:48:10 -0700] "GET /2019/hot-cross-buns/ HTTP/1.1" 200 13386 "https://www.fornacalia.com/wp-comments-post.php" "Mozilla/5.0 (Windows NT 6.3; Win64; x64) AppleWebKit/537.36 (KHTML, like Gecko) Chrome/66.0.3359.139 Safari/537.36,gzip(gfe)" 
31.5.130.43 - - [17/Jun/2020:21:48:11 -0700] "GET /2019/hot-cross-buns/ HTTP/1.1" 200 13385 "-" "Mozilla/5.0 (Windows NT 6.3; Win64; x64) AppleWebKit/537.36 (KHTML, like Gecko) Chrome/66.0.3359.139 Safari/537.36,gzip(gfe)" 
31.5.130.43 - - [17/Jun/2020:21:48:19 -0700] "GET /2019/hot-cross-buns/ HTTP/1.1" 200 13385 "-" "Mozilla/5.0 (Windows NT 6.1; Win64; x64; rv:52.0) Gecko/20100101 Firefox/4FD9" 
173.236.245.13 - - [17/Jun/2020:21:48:20 -0700] "GET /wp-login.php HTTP/1.1" 200 5309 "-" "Mozilla/5.0 (X11; Ubuntu; Linux x86_64; rv:62.0) Gecko/20100101 Firefox/62.0" 
173.236.245.13 - - [17/Jun/2020:21:48:20 -0700] "POST /wp-login.php HTTP/1.1" 200 5731 "-" "Mozilla/5.0 (X11; Ubuntu; Linux x86_64; rv:62.0) Gecko/20100101 Firefox/62.0" 
173.236.245.13 - - [17/Jun/2020:21:48:21 -0700] "GET /wp-login.php HTTP/1.1" 200 5309 "-" "Mozilla/5.0 (X11; Ubuntu; Linux x86_64; rv:62.0) Gecko/20100101 Firefox/62.0" 
173.236.245.13 - - [17/Jun/2020:21:48:21 -0700] "POST /wp-login.php HTTP/1.1" 200 5680 "-" "Mozilla/5.0 (X11; Ubuntu; Linux x86_64; rv:62.0) Gecko/20100101 Firefox/62.0" 
173.236.245.13 - - [17/Jun/2020:21:48:21 -0700] "POST /xmlrpc.php HTTP/1.1" 200 4188 "-" "Mozilla/5.0 (X11; Ubuntu; Linux x86_64; rv:62.0) Gecko/20100101 Firefox/62.0" 
46.49.3.10 - - [17/Jun/2020:21:57:48 -0700] "POST /xmlrpc.php HTTP/1.1" 301 4152 "-" "Mozilla/4.0 (compatible; MSIE 6.0; Windows NT 5.0)" 
46.49.3.10 - - [17/Jun/2020:21:57:49 -0700] "GET /xmlrpc.php HTTP/1.1" 405 3948 "-" "Mozilla/4.0 (compatible; MSIE 6.0; Windows NT 5.0)" 
77.88.5.71 - - [17/Jun/2020:22:01:34 -0700] "GET /robots.txt HTTP/1.1" 200 4025 "-" "Mozilla/5.0 (compatible; YandexBot/3.0; +http://yandex.com/bots)" 
77.88.5.71 - - [17/Jun/2020:22:01:38 -0700] "GET /tag/rye/ HTTP/1.1" 200 12985 "-" "Mozilla/5.0 (compatible; YandexBot/3.0; +http://yandex.com/bots)" 
192.169.200.145 - - [17/Jun/2020:22:04:46 -0700] "GET /wp-login.php HTTP/1.1" 200 5309 "-" "Mozilla/5.0 (X11; Ubuntu; Linux x86_64; rv:62.0) Gecko/20100101 Firefox/62.0" 
192.169.200.145 - - [17/Jun/2020:22:04:46 -0700] "POST /wp-login.php HTTP/1.1" 200 5731 "-" "Mozilla/5.0 (X11; Ubuntu; Linux x86_64; rv:62.0) Gecko/20100101 Firefox/62.0" 
192.169.200.145 - - [17/Jun/2020:22:04:47 -0700] "GET /wp-login.php HTTP/1.1" 200 5309 "-" "Mozilla/5.0 (X11; Ubuntu; Linux x86_64; rv:62.0) Gecko/20100101 Firefox/62.0" 
192.169.200.145 - - [17/Jun/2020:22:04:48 -0700] "POST /wp-login.php HTTP/1.1" 200 5680 "-" "Mozilla/5.0 (X11; Ubuntu; Linux x86_64; rv:62.0) Gecko/20100101 Firefox/62.0" 
192.169.200.145 - - [17/Jun/2020:22:04:48 -0700] "POST /xmlrpc.php HTTP/1.1" 200 4188 "-" "Mozilla/5.0 (X11; Ubuntu; Linux x86_64; rv:62.0) Gecko/20100101 Firefox/62.0" 
157.55.39.70 - - [17/Jun/2020:22:06:51 -0700] "GET /2016/baking-that-dark-sour-bread/feed/ HTTP/1.1" 200 5407 "-" "Mozilla/5.0 (compatible; bingbot/2.0; +http://www.bing.com/bingbot.htm)" 
207.241.229.223 - - [17/Jun/2020:22:07:18 -0700] "GET /wp-content/uploads/2020/01/starter-dirty.jpg HTTP/1.0" 200 437768 "https://www.fornacalia.com/" "Mozilla/5.0 (compatible; special_archiver/3.1.1 +http://www.archive.org/details/archive.org_bot)" 
5.188.84.35 - - [17/Jun/2020:22:12:10 -0700] "GET /2013/pasta-madre-day-2013/ HTTP/1.0" 200 32755 "https://www.fornacalia.com/2013/pasta-madre-day-2013/#comment-1801/" "Mozilla/5.0 (Windows NT 10.0; Win64; x64) AppleWebKit/537.36 (KHTML, like Gecko) Chrome/68.0.3440.84 Safari/537.36" 
5.188.84.35 - - [17/Jun/2020:22:12:12 -0700] "POST /wp-comments-post.php HTTP/1.0" 302 3874 "https://www.fornacalia.com/2013/pasta-madre-day-2013/#comment-1801/" "Mozilla/5.0 (Windows NT 10.0; Win64; x64) AppleWebKit/537.36 (KHTML, like Gecko) Chrome/68.0.3440.84 Safari/537.36" 
46.49.3.10 - - [17/Jun/2020:22:15:03 -0700] "POST /xmlrpc.php HTTP/1.1" 301 4152 "-" "Mozilla/4.0 (compatible; MSIE 6.0; Windows NT 5.0)" 
46.49.3.10 - - [17/Jun/2020:22:15:04 -0700] "GET /xmlrpc.php HTTP/1.1" 405 3948 "-" "Mozilla/4.0 (compatible; MSIE 6.0; Windows NT 5.0)" 
5.188.84.233 - - [17/Jun/2020:22:17:07 -0700] "GET /2013/pasta-madre-day-2013/ HTTP/1.0" 200 32755 "https://www.fornacalia.com/2013/pasta-madre-day-2013/#comment-1801/" "Mozilla/5.0 (Windows NT 6.3; Win64; x64) AppleWebKit/537.36 (KHTML, like Gecko) Chrome/66.0.3359.181 Safari/537.36" 
5.188.84.233 - - [17/Jun/2020:22:17:08 -0700] "POST /wp-comments-post.php HTTP/1.0" 302 3874 "https://www.fornacalia.com/2013/pasta-madre-day-2013/#comment-1801/" "Mozilla/5.0 (Windows NT 6.3; Win64; x64) AppleWebKit/537.36 (KHTML, like Gecko) Chrome/66.0.3359.181 Safari/537.36" 
5.188.84.15 - - [17/Jun/2020:22:18:15 -0700] "GET /2013/pasta-madre-day-2013/ HTTP/1.0" 200 32755 "https://www.fornacalia.com/2013/pasta-madre-day-2013/#comment-1801/" "Mozilla/5.0 (Windows NT 6.1) AppleWebKit/537.36 (KHTML, like Gecko) Chrome/67.0.3396.99 Safari/537.36 Kinza/4.8.2" 
5.188.84.15 - - [17/Jun/2020:22:18:16 -0700] "POST /wp-comments-post.php HTTP/1.0" 302 3874 "https://www.fornacalia.com/2013/pasta-madre-day-2013/#comment-1801/" "Mozilla/5.0 (Windows NT 6.1) AppleWebKit/537.36 (KHTML, like Gecko) Chrome/67.0.3396.99 Safari/537.36 Kinza/4.8.2" 
5.188.84.35 - - [17/Jun/2020:22:20:49 -0700] "GET /2013/pasta-madre-day-2013/ HTTP/1.0" 200 32755 "https://www.fornacalia.com/2013/pasta-madre-day-2013/#comment-1801/" "Mozilla/5.0 (Windows NT 6.1) AppleWebKit/537.36 (KHTML, like Gecko) Chrome/67.0.3396.99 Safari/537.36 Kinza/4.8.2" 
5.188.84.35 - - [17/Jun/2020:22:20:50 -0700] "POST /wp-comments-post.php HTTP/1.0" 302 3874 "https://www.fornacalia.com/2013/pasta-madre-day-2013/#comment-1801/" "Mozilla/5.0 (Windows NT 6.1) AppleWebKit/537.36 (KHTML, like Gecko) Chrome/67.0.3396.99 Safari/537.36 Kinza/4.8.2" 
34.195.217.65 - - [17/Jun/2020:22:21:29 -0700] "GET /wp-login.php HTTP/1.1" 200 5309 "-" "Mozilla/5.0 (X11; Ubuntu; Linux x86_64; rv:62.0) Gecko/20100101 Firefox/62.0" 
34.195.217.65 - - [17/Jun/2020:22:21:29 -0700] "POST /wp-login.php HTTP/1.1" 200 5731 "-" "Mozilla/5.0 (X11; Ubuntu; Linux x86_64; rv:62.0) Gecko/20100101 Firefox/62.0" 
34.195.217.65 - - [17/Jun/2020:22:21:29 -0700] "GET /wp-login.php HTTP/1.1" 200 5309 "-" "Mozilla/5.0 (X11; Ubuntu; Linux x86_64; rv:62.0) Gecko/20100101 Firefox/62.0" 
34.195.217.65 - - [17/Jun/2020:22:21:29 -0700] "POST /wp-login.php HTTP/1.1" 200 5680 "-" "Mozilla/5.0 (X11; Ubuntu; Linux x86_64; rv:62.0) Gecko/20100101 Firefox/62.0" 
34.195.217.65 - - [17/Jun/2020:22:21:29 -0700] "POST /xmlrpc.php HTTP/1.1" 200 4188 "-" "Mozilla/5.0 (X11; Ubuntu; Linux x86_64; rv:62.0) Gecko/20100101 Firefox/62.0" 
5.188.84.45 - - [17/Jun/2020:22:24:05 -0700] "GET /2013/pasta-madre-day-2013/ HTTP/1.0" 200 32755 "https://www.fornacalia.com/2013/pasta-madre-day-2013/#comment-1801/" "Mozilla/5.0 (Windows NT 6.1; WOW64) AppleWebKit/537.36 (KHTML, like Gecko) Chrome/66.0.3359.170 Safari/537.36 OPR/53.0.2907.99" 
5.188.84.45 - - [17/Jun/2020:22:24:06 -0700] "POST /wp-comments-post.php HTTP/1.0" 302 3874 "https://www.fornacalia.com/2013/pasta-madre-day-2013/#comment-1801/" "Mozilla/5.0 (Windows NT 6.1; WOW64) AppleWebKit/537.36 (KHTML, like Gecko) Chrome/66.0.3359.170 Safari/537.36 OPR/53.0.2907.99" 
5.188.84.45 - - [17/Jun/2020:22:26:51 -0700] "GET /2013/pasta-madre-day-2013/ HTTP/1.0" 200 32755 "https://www.fornacalia.com/2013/pasta-madre-day-2013/#comment-1801/" "Mozilla/5.0 (Windows NT 6.1) AppleWebKit/537.36 (KHTML, like Gecko) Chrome/67.0.3396.99 Safari/537.36" 
5.188.84.45 - - [17/Jun/2020:22:26:52 -0700] "POST /wp-comments-post.php HTTP/1.0" 302 3874 "https://www.fornacalia.com/2013/pasta-madre-day-2013/#comment-1801/" "Mozilla/5.0 (Windows NT 6.1) AppleWebKit/537.36 (KHTML, like Gecko) Chrome/67.0.3396.99 Safari/537.36" 
91.204.46.61 - - [17/Jun/2020:22:36:39 -0700] "GET /wp-login.php HTTP/1.1" 200 5309 "-" "Mozilla/5.0 (X11; Ubuntu; Linux x86_64; rv:62.0) Gecko/20100101 Firefox/62.0" 
91.204.46.61 - - [17/Jun/2020:22:36:40 -0700] "POST /wp-login.php HTTP/1.1" 200 5731 "-" "Mozilla/5.0 (X11; Ubuntu; Linux x86_64; rv:62.0) Gecko/20100101 Firefox/62.0" 
91.204.46.61 - - [17/Jun/2020:22:36:40 -0700] "GET /wp-login.php HTTP/1.1" 200 5309 "-" "Mozilla/5.0 (X11; Ubuntu; Linux x86_64; rv:62.0) Gecko/20100101 Firefox/62.0" 
91.204.46.61 - - [17/Jun/2020:22:36:41 -0700] "POST /wp-login.php HTTP/1.1" 200 5680 "-" "Mozilla/5.0 (X11; Ubuntu; Linux x86_64; rv:62.0) Gecko/20100101 Firefox/62.0" 
91.204.46.61 - - [17/Jun/2020:22:36:41 -0700] "POST /xmlrpc.php HTTP/1.1" 200 4188 "-" "Mozilla/5.0 (X11; Ubuntu; Linux x86_64; rv:62.0) Gecko/20100101 Firefox/62.0" 
77.88.5.71 - - [17/Jun/2020:22:40:51 -0700] "GET /2017/weigh-in HTTP/1.1" 301 3947 "-" "Mozilla/5.0 (compatible; YandexBot/3.0; +http://yandex.com/bots)" 
5.188.84.15 - - [17/Jun/2020:22:40:51 -0700] "GET /2013/pasta-madre-day-2013/ HTTP/1.0" 200 32755 "https://www.fornacalia.com/2013/pasta-madre-day-2013/#comment-1801/" "Mozilla/5.0 (Windows NT 6.1; WOW64) AppleWebKit/537.36 (KHTML, like Gecko) Chrome/67.0.3396.87 Safari/537.36 OPR/54.0.2952.64 (Edition Yx)" 
5.188.84.15 - - [17/Jun/2020:22:40:52 -0700] "POST /wp-comments-post.php HTTP/1.0" 302 3874 "https://www.fornacalia.com/2013/pasta-madre-day-2013/#comment-1801/" "Mozilla/5.0 (Windows NT 6.1; WOW64) AppleWebKit/537.36 (KHTML, like Gecko) Chrome/67.0.3396.87 Safari/537.36 OPR/54.0.2952.64 (Edition Yx)" 
77.88.5.71 - - [17/Jun/2020:22:40:55 -0700] "GET /2017/weigh-in/ HTTP/1.1" 200 11837 "-" "Mozilla/5.0 (compatible; YandexBot/3.0; +http://yandex.com/bots)" 
5.188.84.220 - - [17/Jun/2020:22:47:54 -0700] "GET /2013/pasta-madre-day-2013/ HTTP/1.0" 200 32755 "https://www.fornacalia.com/2013/pasta-madre-day-2013/#comment-1801/" "Mozilla/5.0 (Windows NT 10.0; Win64; x64) AppleWebKit/537.36 (KHTML, like Gecko) Chrome/68.0.3440.75 Safari/537.36" 
5.188.84.220 - - [17/Jun/2020:22:47:55 -0700] "POST /wp-comments-post.php HTTP/1.0" 302 3874 "https://www.fornacalia.com/2013/pasta-madre-day-2013/#comment-1801/" "Mozilla/5.0 (Windows NT 10.0; Win64; x64) AppleWebKit/537.36 (KHTML, like Gecko) Chrome/68.0.3440.75 Safari/537.36" 
5.188.84.25 - - [17/Jun/2020:22:48:02 -0700] "GET /2013/pasta-madre-day-2013/ HTTP/1.0" 200 32755 "https://www.fornacalia.com/2013/pasta-madre-day-2013/#comment-1801/" "Mozilla/5.0 (Windows NT 10.0; Win64; x64) AppleWebKit/537.36 (KHTML, like Gecko) Chrome/68.0.3440.106 Safari/537.36" 
5.188.84.25 - - [17/Jun/2020:22:48:03 -0700] "POST /wp-comments-post.php HTTP/1.0" 302 3874 "https://www.fornacalia.com/2013/pasta-madre-day-2013/#comment-1801/" "Mozilla/5.0 (Windows NT 10.0; Win64; x64) AppleWebKit/537.36 (KHTML, like Gecko) Chrome/68.0.3440.106 Safari/537.36" 
66.249.93.110 - - [17/Jun/2020:22:49:29 -0700] "GET /wp-content/uploads/2017/12/cropped-forno-favicon-192x192.png HTTP/1.1" 200 25287 "-" "Mozilla/5.0 (X11; Linux x86_64) AppleWebKit/537.36 (KHTML, like Gecko) Chrome/49.0.2623.75 Safari/537.36 Google Favicon" 
46.49.3.10 - - [17/Jun/2020:22:50:07 -0700] "POST /xmlrpc.php HTTP/1.1" 301 4152 "-" "Mozilla/4.0 (compatible; MSIE 6.0; Windows NT 5.0)" 
46.49.3.10 - - [17/Jun/2020:22:50:08 -0700] "GET /xmlrpc.php HTTP/1.1" 405 3948 "-" "Mozilla/4.0 (compatible; MSIE 6.0; Windows NT 5.0)" 
5.188.84.65 - - [17/Jun/2020:22:50:20 -0700] "GET /2013/pasta-madre-day-2013/ HTTP/1.0" 200 32755 "https://www.fornacalia.com/2013/pasta-madre-day-2013/#comment-1801/" "Mozilla/5.0 (Windows NT 10.0; Win64; x64) AppleWebKit/537.36 (KHTML, like Gecko) Chrome/67.0.3396.87 Safari/537.36" 
5.188.84.65 - - [17/Jun/2020:22:50:21 -0700] "POST /wp-comments-post.php HTTP/1.0" 302 3874 "https://www.fornacalia.com/2013/pasta-madre-day-2013/#comment-1801/" "Mozilla/5.0 (Windows NT 10.0; Win64; x64) AppleWebKit/537.36 (KHTML, like Gecko) Chrome/67.0.3396.87 Safari/537.36" 
159.203.98.228 - - [17/Jun/2020:22:54:17 -0700] "GET /wp-login.php HTTP/1.1" 200 5309 "-" "Mozilla/5.0 (X11; Ubuntu; Linux x86_64; rv:62.0) Gecko/20100101 Firefox/62.0" 
159.203.98.228 - - [17/Jun/2020:22:54:22 -0700] "POST /wp-login.php HTTP/1.1" 200 5731 "-" "Mozilla/5.0 (X11; Ubuntu; Linux x86_64; rv:62.0) Gecko/20100101 Firefox/62.0" 
159.203.98.228 - - [17/Jun/2020:22:54:22 -0700] "GET /wp-login.php HTTP/1.1" 200 5309 "-" "Mozilla/5.0 (X11; Ubuntu; Linux x86_64; rv:62.0) Gecko/20100101 Firefox/62.0" 
159.203.98.228 - - [17/Jun/2020:22:54:27 -0700] "POST /wp-login.php HTTP/1.1" 200 5680 "-" "Mozilla/5.0 (X11; Ubuntu; Linux x86_64; rv:62.0) Gecko/20100101 Firefox/62.0" 
159.203.98.228 - - [17/Jun/2020:22:54:32 -0700] "POST /xmlrpc.php HTTP/1.1" 200 4188 "-" "Mozilla/5.0 (X11; Ubuntu; Linux x86_64; rv:62.0) Gecko/20100101 Firefox/62.0" 
54.36.148.119 - - [17/Jun/2020:22:56:52 -0700] "GET /robots.txt HTTP/1.1" 301 3567 "-" "Mozilla/5.0 (compatible; AhrefsBot/6.1; +http://ahrefs.com/robot/)" 
54.36.148.119 - - [17/Jun/2020:22:56:52 -0700] "GET /robots.txt HTTP/1.1" 200 4003 "-" "Mozilla/5.0 (compatible; AhrefsBot/6.1; +http://ahrefs.com/robot/)" 
5.188.84.25 - - [17/Jun/2020:22:59:01 -0700] "GET /2013/pasta-madre-day-2013/ HTTP/1.0" 200 32755 "https://www.fornacalia.com/2013/pasta-madre-day-2013/#comment-1801/" "Mozilla/5.0 (Windows NT 6.1) AppleWebKit/537.36 (KHTML, like Gecko) Chrome/67.0.3396.99 Safari/537.36" 
5.188.84.25 - - [17/Jun/2020:22:59:02 -0700] "POST /wp-comments-post.php HTTP/1.0" 302 3874 "https://www.fornacalia.com/2013/pasta-madre-day-2013/#comment-1801/" "Mozilla/5.0 (Windows NT 6.1) AppleWebKit/537.36 (KHTML, like Gecko) Chrome/67.0.3396.99 Safari/537.36" 
114.119.167.160 - - [17/Jun/2020:23:02:29 -0700] "GET /author/jeremy/page/3/%23content HTTP/1.1" 404 25204 "-" "Mozilla/5.0 (Linux; Android 7.0;) AppleWebKit/537.36 (KHTML, like Gecko) Mobile Safari/537.36 (compatible; PetalBot;+https://aspiegel.com/petalbot)" 
5.188.84.65 - - [17/Jun/2020:23:02:53 -0700] "GET /2013/pasta-madre-day-2013/ HTTP/1.0" 200 32755 "https://www.fornacalia.com/2013/pasta-madre-day-2013/#comment-1801/" "Mozilla/5.0 (Windows NT 6.1; Win64; x64) AppleWebKit/537.36 (KHTML, like Gecko) Chrome/68.0.3440.106 Safari/537.36 OPR/55.0.2994.44" 
5.188.84.65 - - [17/Jun/2020:23:02:54 -0700] "POST /wp-comments-post.php HTTP/1.0" 302 3874 "https://www.fornacalia.com/2013/pasta-madre-day-2013/#comment-1801/" "Mozilla/5.0 (Windows NT 6.1; Win64; x64) AppleWebKit/537.36 (KHTML, like Gecko) Chrome/68.0.3440.106 Safari/537.36 OPR/55.0.2994.44" 
17.58.102.79 - - [17/Jun/2020:23:06:11 -0700] "GET /page/3/ HTTP/1.1" 200 18531 "-" "Mozilla/5.0 (Macintosh; Intel Mac OS X 10_15_5) AppleWebKit/605.1.15 (KHTML, like Gecko) Version/13.1.1 Safari/605.1.15 (Applebot/0.1; +http://www.apple.com/go/applebot)" 
5.188.84.233 - - [17/Jun/2020:23:09:22 -0700] "GET /2013/pasta-madre-day-2013/ HTTP/1.0" 200 32755 "https://www.fornacalia.com/2013/pasta-madre-day-2013/#comment-1801/" "Mozilla/5.0 (Windows NT 6.3; Win64; x64) AppleWebKit/537.36 (KHTML, like Gecko) Chrome/65.0.3325.146 Safari/537.36" 
5.188.84.233 - - [17/Jun/2020:23:09:23 -0700] "POST /wp-comments-post.php HTTP/1.0" 302 3874 "https://www.fornacalia.com/2013/pasta-madre-day-2013/#comment-1801/" "Mozilla/5.0 (Windows NT 6.3; Win64; x64) AppleWebKit/537.36 (KHTML, like Gecko) Chrome/65.0.3325.146 Safari/537.36" 
75.119.215.210 - - [17/Jun/2020:23:10:39 -0700] "GET /wp-login.php HTTP/1.1" 200 5309 "-" "Mozilla/5.0 (X11; Ubuntu; Linux x86_64; rv:62.0) Gecko/20100101 Firefox/62.0" 
75.119.215.210 - - [17/Jun/2020:23:10:39 -0700] "POST /wp-login.php HTTP/1.1" 200 5731 "-" "Mozilla/5.0 (X11; Ubuntu; Linux x86_64; rv:62.0) Gecko/20100101 Firefox/62.0" 
75.119.215.210 - - [17/Jun/2020:23:10:39 -0700] "GET /wp-login.php HTTP/1.1" 200 5309 "-" "Mozilla/5.0 (X11; Ubuntu; Linux x86_64; rv:62.0) Gecko/20100101 Firefox/62.0" 
75.119.215.210 - - [17/Jun/2020:23:10:40 -0700] "POST /wp-login.php HTTP/1.1" 200 5684 "-" "Mozilla/5.0 (X11; Ubuntu; Linux x86_64; rv:62.0) Gecko/20100101 Firefox/62.0" 
75.119.215.210 - - [17/Jun/2020:23:10:40 -0700] "POST /xmlrpc.php HTTP/1.1" 200 4188 "-" "Mozilla/5.0 (X11; Ubuntu; Linux x86_64; rv:62.0) Gecko/20100101 Firefox/62.0" 
5.188.84.147 - - [17/Jun/2020:23:15:47 -0700] "GET /2013/pasta-madre-day-2013/ HTTP/1.0" 200 32755 "https://www.fornacalia.com/2013/pasta-madre-day-2013/#comment-1801/" "Mozilla/5.0 (Windows NT 10.0; Win64; x64) AppleWebKit/537.36 (KHTML, like Gecko) Chrome/68.0.3440.75 Safari/537.36" 
5.188.84.147 - - [17/Jun/2020:23:15:50 -0700] "POST /wp-comments-post.php HTTP/1.0" 302 3874 "https://www.fornacalia.com/2013/pasta-madre-day-2013/#comment-1801/" "Mozilla/5.0 (Windows NT 10.0; Win64; x64) AppleWebKit/537.36 (KHTML, like Gecko) Chrome/68.0.3440.75 Safari/537.36" 
5.188.84.147 - - [17/Jun/2020:23:19:45 -0700] "GET /2013/pasta-madre-day-2013/ HTTP/1.0" 200 32755 "https://www.fornacalia.com/2013/pasta-madre-day-2013/#comment-1801/" "Mozilla/5.0 (Windows NT 6.1) AppleWebKit/537.36 (KHTML, like Gecko) Chrome/67.0.3396.87 Safari/537.36" 
5.188.84.147 - - [17/Jun/2020:23:19:46 -0700] "POST /wp-comments-post.php HTTP/1.0" 302 3874 "https://www.fornacalia.com/2013/pasta-madre-day-2013/#comment-1801/" "Mozilla/5.0 (Windows NT 6.1) AppleWebKit/537.36 (KHTML, like Gecko) Chrome/67.0.3396.87 Safari/537.36" 
5.188.84.220 - - [17/Jun/2020:23:22:01 -0700] "GET /2013/pasta-madre-day-2013/ HTTP/1.0" 200 32755 "https://www.fornacalia.com/2013/pasta-madre-day-2013/#comment-1801/" "Mozilla/5.0 (Windows NT 6.1; Win64; x64) AppleWebKit/537.36 (KHTML, like Gecko) Chrome/67.0.3396.87 Safari/537.36" 
5.188.84.220 - - [17/Jun/2020:23:22:02 -0700] "POST /wp-comments-post.php HTTP/1.0" 302 3874 "https://www.fornacalia.com/2013/pasta-madre-day-2013/#comment-1801/" "Mozilla/5.0 (Windows NT 6.1; Win64; x64) AppleWebKit/537.36 (KHTML, like Gecko) Chrome/67.0.3396.87 Safari/537.36" 
188.166.21.195 - - [17/Jun/2020:23:28:19 -0700] "GET /wp-login.php HTTP/1.1" 200 5309 "-" "Mozilla/5.0 (X11; Ubuntu; Linux x86_64; rv:62.0) Gecko/20100101 Firefox/62.0" 
188.166.21.195 - - [17/Jun/2020:23:28:20 -0700] "POST /wp-login.php HTTP/1.1" 200 5731 "-" "Mozilla/5.0 (X11; Ubuntu; Linux x86_64; rv:62.0) Gecko/20100101 Firefox/62.0" 
188.166.21.195 - - [17/Jun/2020:23:28:21 -0700] "GET /wp-login.php HTTP/1.1" 200 5309 "-" "Mozilla/5.0 (X11; Ubuntu; Linux x86_64; rv:62.0) Gecko/20100101 Firefox/62.0" 
188.166.21.195 - - [17/Jun/2020:23:28:21 -0700] "POST /wp-login.php HTTP/1.1" 200 5684 "-" "Mozilla/5.0 (X11; Ubuntu; Linux x86_64; rv:62.0) Gecko/20100101 Firefox/62.0" 
188.166.21.195 - - [17/Jun/2020:23:28:22 -0700] "POST /xmlrpc.php HTTP/1.1" 200 4188 "-" "Mozilla/5.0 (X11; Ubuntu; Linux x86_64; rv:62.0) Gecko/20100101 Firefox/62.0" 
112.201.175.167 - - [17/Jun/2020:23:31:21 -0700] "POST /xmlrpc.php HTTP/1.1" 301 4152 "-" "Mozilla/4.0 (compatible; MSIE 6.0; Windows NT 5.0)" 
112.201.175.167 - - [17/Jun/2020:23:31:23 -0700] "GET /xmlrpc.php HTTP/1.1" 405 3948 "-" "Mozilla/4.0 (compatible; MSIE 6.0; Windows NT 5.0)" 
5.188.84.35 - - [17/Jun/2020:23:31:47 -0700] "GET /2013/pasta-madre-day-2013/ HTTP/1.0" 200 32755 "https://www.fornacalia.com/2013/pasta-madre-day-2013/#comment-1801/" "Mozilla/5.0 (Windows NT 6.3; Win64; x64) AppleWebKit/537.36 (KHTML, like Gecko) Chrome/68.0.3440.84 Safari/537.36" 
5.188.84.35 - - [17/Jun/2020:23:31:48 -0700] "POST /wp-comments-post.php HTTP/1.0" 302 3874 "https://www.fornacalia.com/2013/pasta-madre-day-2013/#comment-1801/" "Mozilla/5.0 (Windows NT 6.3; Win64; x64) AppleWebKit/537.36 (KHTML, like Gecko) Chrome/68.0.3440.84 Safari/537.36" 
112.201.175.167 - - [17/Jun/2020:23:32:28 -0700] "POST /xmlrpc.php HTTP/1.1" 301 4152 "-" "Mozilla/4.0 (compatible; MSIE 6.0; Windows NT 5.0)" 
112.201.175.167 - - [17/Jun/2020:23:32:29 -0700] "GET /xmlrpc.php HTTP/1.1" 405 3948 "-" "Mozilla/4.0 (compatible; MSIE 6.0; Windows NT 5.0)" 
66.249.66.45 - - [17/Jun/2020:23:32:54 -0700] "GET /author/jeremy/page/3/ HTTP/1.1" 200 18579 "-" "Mozilla/5.0 (Linux; Android 6.0.1; Nexus 5X Build/MMB29P) AppleWebKit/537.36 (KHTML, like Gecko) Chrome/80.0.3987.92 Mobile Safari/537.36 (compatible; Googlebot/2.1; +http://www.google.com/bot.html)" 
5.81.116.50 - - [17/Jun/2020:23:33:34 -0700] "POST /xmlrpc.php HTTP/1.1" 301 4152 "-" "Mozilla/4.0 (compatible; MSIE 6.0; Windows NT 5.0)" 
5.81.116.50 - - [17/Jun/2020:23:33:34 -0700] "GET /xmlrpc.php HTTP/1.1" 405 3948 "-" "Mozilla/4.0 (compatible; MSIE 6.0; Windows NT 5.0)" 
5.188.84.233 - - [17/Jun/2020:23:35:34 -0700] "GET /2013/pasta-madre-day-2013/ HTTP/1.0" 200 32755 "https://www.fornacalia.com/2013/pasta-madre-day-2013/#comment-1801/" "Mozilla/5.0 (Windows NT 10.0; Win64; x64) AppleWebKit/537.36 (KHTML, like Gecko) Chrome/58.0.3029.110 Safari/537.36 Edge/16.16299" 
5.188.84.233 - - [17/Jun/2020:23:35:35 -0700] "POST /wp-comments-post.php HTTP/1.0" 302 3874 "https://www.fornacalia.com/2013/pasta-madre-day-2013/#comment-1801/" "Mozilla/5.0 (Windows NT 10.0; Win64; x64) AppleWebKit/537.36 (KHTML, like Gecko) Chrome/58.0.3029.110 Safari/537.36 Edge/16.16299" 
112.201.175.167 - - [17/Jun/2020:23:35:41 -0700] "POST /xmlrpc.php HTTP/1.1" 301 4152 "-" "Mozilla/4.0 (compatible; MSIE 6.0; Windows NT 5.0)" 
112.201.175.167 - - [17/Jun/2020:23:35:42 -0700] "GET /xmlrpc.php HTTP/1.1" 405 3948 "-" "Mozilla/4.0 (compatible; MSIE 6.0; Windows NT 5.0)" 
112.201.175.167 - - [17/Jun/2020:23:36:44 -0700] "POST /xmlrpc.php HTTP/1.1" 301 4152 "-" "Mozilla/4.0 (compatible; MSIE 6.0; Windows NT 5.0)" 
112.201.175.167 - - [17/Jun/2020:23:36:45 -0700] "GET /xmlrpc.php HTTP/1.1" 405 3948 "-" "Mozilla/4.0 (compatible; MSIE 6.0; Windows NT 5.0)" 
5.188.84.15 - - [17/Jun/2020:23:37:14 -0700] "GET /2013/pasta-madre-day-2013/ HTTP/1.0" 200 32755 "https://www.fornacalia.com/2013/pasta-madre-day-2013/#comment-1801/" "Mozilla/5.0 (Windows NT 5.1) AppleWebKit/537.36 (KHTML, like Gecko) Chrome/49.0.2623.112 Safari/537.36" 
5.188.84.15 - - [17/Jun/2020:23:37:15 -0700] "POST /wp-comments-post.php HTTP/1.0" 302 3874 "https://www.fornacalia.com/2013/pasta-madre-day-2013/#comment-1801/" "Mozilla/5.0 (Windows NT 5.1) AppleWebKit/537.36 (KHTML, like Gecko) Chrome/49.0.2623.112 Safari/537.36" 
202.9.46.0 - - [17/Jun/2020:23:37:22 -0700] "POST /xmlrpc.php HTTP/1.1" 301 4152 "-" "Mozilla/4.0 (compatible; MSIE 6.0; Windows NT 5.0)" 
202.9.46.0 - - [17/Jun/2020:23:37:24 -0700] "GET /xmlrpc.php HTTP/1.1" 405 3948 "-" "Mozilla/4.0 (compatible; MSIE 6.0; Windows NT 5.0)" 
5.188.84.45 - - [17/Jun/2020:23:40:01 -0700] "GET /2013/pasta-madre-day-2013/ HTTP/1.0" 200 32755 "https://www.fornacalia.com/2013/pasta-madre-day-2013/#comment-1801/" "Mozilla/5.0 (Windows NT 10.0; Win64; x64) AppleWebKit/537.36 (KHTML, like Gecko) Chrome/68.0.3440.106 Safari/537.36" 
5.188.84.45 - - [17/Jun/2020:23:40:02 -0700] "POST /wp-comments-post.php HTTP/1.0" 302 3874 "https://www.fornacalia.com/2013/pasta-madre-day-2013/#comment-1801/" "Mozilla/5.0 (Windows NT 10.0; Win64; x64) AppleWebKit/537.36 (KHTML, like Gecko) Chrome/68.0.3440.106 Safari/537.36" 
5.188.84.35 - - [17/Jun/2020:23:40:56 -0700] "GET /2013/pasta-madre-day-2013/ HTTP/1.0" 200 32755 "https://www.fornacalia.com/2013/pasta-madre-day-2013/#comment-1801/" "Mozilla/5.0 (Windows NT 6.1; Win64; x64) AppleWebKit/537.36 (KHTML, like Gecko) Chrome/67.0.3396.87 Safari/537.36 OPR/54.0.2952.54" 
5.188.84.35 - - [17/Jun/2020:23:40:57 -0700] "POST /wp-comments-post.php HTTP/1.0" 302 3874 "https://www.fornacalia.com/2013/pasta-madre-day-2013/#comment-1801/" "Mozilla/5.0 (Windows NT 6.1; Win64; x64) AppleWebKit/537.36 (KHTML, like Gecko) Chrome/67.0.3396.87 Safari/537.36 OPR/54.0.2952.54" 
5.81.116.50 - - [17/Jun/2020:23:41:58 -0700] "POST /xmlrpc.php HTTP/1.1" 301 4152 "-" "Mozilla/4.0 (compatible; MSIE 6.0; Windows NT 5.0)" 
5.81.116.50 - - [17/Jun/2020:23:41:59 -0700] "GET /xmlrpc.php HTTP/1.1" 405 3948 "-" "Mozilla/4.0 (compatible; MSIE 6.0; Windows NT 5.0)" 
64.111.100.215 - - [17/Jun/2020:23:42:00 -0700] "POST /wp-cron.php?doing_wp_cron=1592462519.6625359058380126953125 HTTP/1.1" 200 3383 "https://www.fornacalia.com/wp-cron.php?doing_wp_cron=1592462519.6625359058380126953125" "WordPress/5.2.7; https://www.fornacalia.com" 
66.249.66.45 - - [17/Jun/2020:23:42:07 -0700] "GET /2013/sourdough-ciabatta/ HTTP/1.1" 200 14817 "-" "Mozilla/5.0 (Linux; Android 6.0.1; Nexus 5X Build/MMB29P) AppleWebKit/537.36 (KHTML, like Gecko) Chrome/80.0.3987.92 Mobile Safari/537.36 (compatible; Googlebot/2.1; +http://www.google.com/bot.html)" 
66.249.66.45 - - [17/Jun/2020:23:42:09 -0700] "GET /wp-content/themes/Autonomie-child/css/wide-width.css?ver=1.0.0 HTTP/1.1" 404 25785 "https://www.fornacalia.com/2013/sourdough-ciabatta/" "Mozilla/5.0 (Linux; Android 6.0.1; Nexus 5X Build/MMB29P) AppleWebKit/537.36 (KHTML, like Gecko) Chrome/83.0.4103.100 Mobile Safari/537.36 (compatible; Googlebot/2.1; +http://www.google.com/bot.html)" 
66.249.66.43 - - [17/Jun/2020:23:42:25 -0700] "GET /favicon.ico HTTP/1.1" 200 4040 "-" "Googlebot-Image/1.0" 
5.188.84.45 - - [17/Jun/2020:23:43:16 -0700] "GET /2013/pasta-madre-day-2013/ HTTP/1.0" 200 32755 "https://www.fornacalia.com/2013/pasta-madre-day-2013/#comment-1801/" "Mozilla/5.0 (Windows NT 10.0; Win64; x64) AppleWebKit/537.36 (KHTML, like Gecko) Chrome/64.0.3282.140 Safari/537.36 Edge/17.17134" 
5.188.84.45 - - [17/Jun/2020:23:43:17 -0700] "POST /wp-comments-post.php HTTP/1.0" 302 3874 "https://www.fornacalia.com/2013/pasta-madre-day-2013/#comment-1801/" "Mozilla/5.0 (Windows NT 10.0; Win64; x64) AppleWebKit/537.36 (KHTML, like Gecko) Chrome/64.0.3282.140 Safari/537.36 Edge/17.17134" 
173.236.245.13 - - [17/Jun/2020:23:45:59 -0700] "GET /wp-login.php HTTP/1.1" 200 5309 "-" "Mozilla/5.0 (X11; Ubuntu; Linux x86_64; rv:62.0) Gecko/20100101 Firefox/62.0" 
173.236.245.13 - - [17/Jun/2020:23:45:59 -0700] "POST /wp-login.php HTTP/1.1" 200 5731 "-" "Mozilla/5.0 (X11; Ubuntu; Linux x86_64; rv:62.0) Gecko/20100101 Firefox/62.0" 
173.236.245.13 - - [17/Jun/2020:23:45:59 -0700] "GET /wp-login.php HTTP/1.1" 200 5309 "-" "Mozilla/5.0 (X11; Ubuntu; Linux x86_64; rv:62.0) Gecko/20100101 Firefox/62.0" 
173.236.245.13 - - [17/Jun/2020:23:46:00 -0700] "POST /wp-login.php HTTP/1.1" 200 5684 "-" "Mozilla/5.0 (X11; Ubuntu; Linux x86_64; rv:62.0) Gecko/20100101 Firefox/62.0" 
173.236.245.13 - - [17/Jun/2020:23:46:00 -0700] "POST /xmlrpc.php HTTP/1.1" 200 4188 "-" "Mozilla/5.0 (X11; Ubuntu; Linux x86_64; rv:62.0) Gecko/20100101 Firefox/62.0" 
5.81.116.50 - - [17/Jun/2020:23:47:25 -0700] "POST /xmlrpc.php HTTP/1.1" 301 4152 "-" "Mozilla/4.0 (compatible; MSIE 6.0; Windows NT 5.0)" 
5.81.116.50 - - [17/Jun/2020:23:47:26 -0700] "GET /xmlrpc.php HTTP/1.1" 405 3948 "-" "Mozilla/4.0 (compatible; MSIE 6.0; Windows NT 5.0)" 
54.36.148.105 - - [17/Jun/2020:23:52:28 -0700] "GET /wp-content/uploads/2006/11/8.jpg HTTP/1.1" 301 3611 "-" "Mozilla/5.0 (compatible; AhrefsBot/6.1; +http://ahrefs.com/robot/)" 
5.81.116.50 - - [17/Jun/2020:23:52:33 -0700] "POST /xmlrpc.php HTTP/1.1" 301 4152 "-" "Mozilla/4.0 (compatible; MSIE 6.0; Windows NT 5.0)" 
5.81.116.50 - - [17/Jun/2020:23:52:33 -0700] "GET /xmlrpc.php HTTP/1.1" 405 3948 "-" "Mozilla/4.0 (compatible; MSIE 6.0; Windows NT 5.0)" 
114.119.167.251 - - [17/Jun/2020:23:55:35 -0700] "GET /2018/gearing-up-for-fornacalia/%23respond HTTP/1.1" 404 25204 "-" "Mozilla/5.0 (Linux; Android 7.0;) AppleWebKit/537.36 (KHTML, like Gecko) Mobile Safari/537.36 (compatible; PetalBot;+https://aspiegel.com/petalbot)" 
62.210.79.40 - - [17/Jun/2020:23:56:32 -0700] "GET /2013/pasta-madre-day-2013/ HTTP/1.0" 200 32755 "https://www.fornacalia.com/2013/pasta-madre-day-2013/#comment-52185" "Mozilla/5.0 (Windows NT 6.3; Win64; x64) AppleWebKit/537.36 (KHTML, like Gecko) Chrome/67.0.3396.79 Safari/537.36" 
