64.233.172.110 - - [27/Jun/2020:13:42:23 -0700] "GET /wp-content/uploads/2017/12/cropped-forno-favicon-192x192.png HTTP/1.1" 200 25287 "-" "Mozilla/5.0 (X11; Linux x86_64) AppleWebKit/537.36 (KHTML, like Gecko) Chrome/49.0.2623.75 Safari/537.36 Google Favicon" 
5.188.84.147 - - [27/Jun/2020:13:45:25 -0700] "GET /2013/pasta-madre-day-2013/ HTTP/1.0" 200 32496 "https://www.fornacalia.com/2013/pasta-madre-day-2013/#comment-1801/" "Mozilla/5.0 (Windows NT 6.1; Win64; x64) AppleWebKit/537.36 (KHTML, like Gecko) Chrome/67.0.3396.87 Safari/537.36" 
5.188.84.147 - - [27/Jun/2020:13:45:27 -0700] "POST /wp-comments-post.php HTTP/1.0" 302 3874 "https://www.fornacalia.com/2013/pasta-madre-day-2013/#comment-1801/" "Mozilla/5.0 (Windows NT 6.1; Win64; x64) AppleWebKit/537.36 (KHTML, like Gecko) Chrome/67.0.3396.87 Safari/537.36" 
66.249.70.75 - - [27/Jun/2020:13:45:43 -0700] "GET /wp-content/uploads/2019/04/hot-cross-buns-1.png HTTP/1.1" 304 3931 "-" "Googlebot-Image/1.0" 
46.53.246.240 - - [27/Jun/2020:13:46:34 -0700] "GET /2013/pasta-madre-day-2013/ HTTP/1.0" 200 32496 "https://www.fornacalia.com/2013/pasta-madre-day-2013/#comment-54234" "Mozilla/5.0 (Windows NT 6.3; Win64; x64) AppleWebKit/537.36 (KHTML, like Gecko) Chrome/67.0.3396.87 Safari/537.36" 
46.53.246.240 - - [27/Jun/2020:13:46:35 -0700] "GET /2013/pasta-madre-day-2013/ HTTP/1.0" 200 32496 "https://www.fornacalia.com/2013/pasta-madre-day-2013/#comment-54234" "Mozilla/5.0 (Windows NT 6.3; Win64; x64) AppleWebKit/537.36 (KHTML, like Gecko) Chrome/67.0.3396.87 Safari/537.36" 
46.53.246.240 - - [27/Jun/2020:13:46:36 -0700] "GET /author/jeremy/ HTTP/1.0" 200 57786 "https://www.fornacalia.com/author/jeremy/" "Mozilla/5.0 (Windows NT 6.3; Win64; x64) AppleWebKit/537.36 (KHTML, like Gecko) Chrome/67.0.3396.87 Safari/537.36" 
114.119.167.160 - - [27/Jun/2020:13:48:07 -0700] "GET /2012/basil-and-bread HTTP/1.1" 301 3796 "-" "Mozilla/5.0 (Linux; Android 7.0;) AppleWebKit/537.36 (KHTML, like Gecko) Mobile Safari/537.36 (compatible; PetalBot;+https://aspiegel.com/petalbot)" 
114.119.167.160 - - [27/Jun/2020:13:48:08 -0700] "GET /2012/basil-and-bread/ HTTP/1.1" 200 11458 "-" "Mozilla/5.0 (Linux; Android 7.0;) AppleWebKit/537.36 (KHTML, like Gecko) Mobile Safari/537.36 (compatible; PetalBot;+https://aspiegel.com/petalbot)" 
5.188.84.147 - - [27/Jun/2020:13:54:59 -0700] "GET /2013/pasta-madre-day-2013/ HTTP/1.0" 200 32496 "https://www.fornacalia.com/2013/pasta-madre-day-2013/#comment-1801/" "Mozilla/5.0 (Windows NT 6.1; Win64; x64) AppleWebKit/537.36 (KHTML, like Gecko) Chrome/67.0.3396.79 Safari/537.36" 
5.188.84.147 - - [27/Jun/2020:13:55:00 -0700] "POST /wp-comments-post.php HTTP/1.0" 302 3874 "https://www.fornacalia.com/2013/pasta-madre-day-2013/#comment-1801/" "Mozilla/5.0 (Windows NT 6.1; Win64; x64) AppleWebKit/537.36 (KHTML, like Gecko) Chrome/67.0.3396.79 Safari/537.36" 
46.229.168.147 - - [27/Jun/2020:13:55:13 -0700] "GET /page/12/ HTTP/1.1" 200 18448 "-" "Mozilla/5.0 (compatible; SemrushBot/6~bl; +http://www.semrush.com/bot.html)" 
54.36.149.47 - - [27/Jun/2020:13:55:50 -0700] "GET /2019/first-course-in-rome/ HTTP/1.1" 200 12041 "-" "Mozilla/5.0 (compatible; AhrefsBot/6.1; +http://ahrefs.com/robot/)" 
5.188.84.45 - - [27/Jun/2020:13:56:35 -0700] "GET /2013/pasta-madre-day-2013/ HTTP/1.0" 200 32496 "https://www.fornacalia.com/2013/pasta-madre-day-2013/#comment-1801/" "Mozilla/5.0 (Windows NT 6.1; Win64; x64) AppleWebKit/537.36 (KHTML, like Gecko) Chrome/66.0.3359.170 Safari/537.36 OPR/53.0.2907.106" 
5.188.84.45 - - [27/Jun/2020:13:56:36 -0700] "POST /wp-comments-post.php HTTP/1.0" 302 3874 "https://www.fornacalia.com/2013/pasta-madre-day-2013/#comment-1801/" "Mozilla/5.0 (Windows NT 6.1; Win64; x64) AppleWebKit/537.36 (KHTML, like Gecko) Chrome/66.0.3359.170 Safari/537.36 OPR/53.0.2907.106" 
66.102.7.234 - - [27/Jun/2020:13:56:43 -0700] "GET /wp-content/uploads/2017/12/cropped-forno-favicon-192x192.png HTTP/1.1" 200 25287 "-" "Mozilla/5.0 (X11; Linux x86_64) AppleWebKit/537.36 (KHTML, like Gecko) Chrome/49.0.2623.75 Safari/537.36 Google Favicon" 
66.249.70.75 - - [27/Jun/2020:13:57:51 -0700] "GET /category/recipes/page/2/ HTTP/1.1" 200 20938 "-" "Mozilla/5.0 (Linux; Android 6.0.1; Nexus 5X Build/MMB29P) AppleWebKit/537.36 (KHTML, like Gecko) Chrome/80.0.3987.92 Mobile Safari/537.36 (compatible; Googlebot/2.1; +http://www.google.com/bot.html)" 
5.188.84.35 - - [27/Jun/2020:13:58:33 -0700] "GET /2013/pasta-madre-day-2013/ HTTP/1.0" 200 32496 "https://www.fornacalia.com/2013/pasta-madre-day-2013/#comment-1801/" "Mozilla/5.0 (Windows NT 10.0) AppleWebKit/537.36 (KHTML, like Gecko) Chrome/67.0.3396.99 Safari/537.36" 
5.188.84.35 - - [27/Jun/2020:13:58:34 -0700] "POST /wp-comments-post.php HTTP/1.0" 302 3874 "https://www.fornacalia.com/2013/pasta-madre-day-2013/#comment-1801/" "Mozilla/5.0 (Windows NT 10.0) AppleWebKit/537.36 (KHTML, like Gecko) Chrome/67.0.3396.99 Safari/537.36" 
5.188.84.233 - - [27/Jun/2020:13:58:48 -0700] "GET /2013/pasta-madre-day-2013/ HTTP/1.0" 200 32496 "https://www.fornacalia.com/2013/pasta-madre-day-2013/#comment-1801/" "Mozilla/5.0 (Windows NT 6.1) AppleWebKit/537.36 (KHTML, like Gecko) Chrome/66.0.3359.181 Safari/537.36 Kinza/4.7.2" 
5.188.84.233 - - [27/Jun/2020:13:58:49 -0700] "POST /wp-comments-post.php HTTP/1.0" 302 3874 "https://www.fornacalia.com/2013/pasta-madre-day-2013/#comment-1801/" "Mozilla/5.0 (Windows NT 6.1) AppleWebKit/537.36 (KHTML, like Gecko) Chrome/66.0.3359.181 Safari/537.36 Kinza/4.7.2" 
17.58.102.79 - - [27/Jun/2020:13:59:46 -0700] "GET /author/jeremy/ HTTP/1.1" 200 19694 "-" "Mozilla/5.0 (Macintosh; Intel Mac OS X 10_15_5) AppleWebKit/605.1.15 (KHTML, like Gecko) Version/13.1.1 Safari/605.1.15 (Applebot/0.1; +http://www.apple.com/go/applebot)" 
5.188.84.25 - - [27/Jun/2020:14:04:01 -0700] "GET /2013/pasta-madre-day-2013/ HTTP/1.0" 200 32496 "https://www.fornacalia.com/2013/pasta-madre-day-2013/#comment-1801/" "Mozilla/5.0 (Windows NT 6.1; Win64; x64) AppleWebKit/537.36 (KHTML, like Gecko) Chrome/67.0.3396.87 Safari/537.36 OPR/54.0.2952.64" 
5.188.84.25 - - [27/Jun/2020:14:04:02 -0700] "POST /wp-comments-post.php HTTP/1.0" 302 3874 "https://www.fornacalia.com/2013/pasta-madre-day-2013/#comment-1801/" "Mozilla/5.0 (Windows NT 6.1; Win64; x64) AppleWebKit/537.36 (KHTML, like Gecko) Chrome/67.0.3396.87 Safari/537.36 OPR/54.0.2952.64" 
5.188.84.45 - - [27/Jun/2020:14:04:21 -0700] "GET /2013/pasta-madre-day-2013/ HTTP/1.0" 200 32496 "https://www.fornacalia.com/2013/pasta-madre-day-2013/#comment-1801/" "Mozilla/5.0 (Windows NT 6.1; Win64; x64) AppleWebKit/537.36 (KHTML, like Gecko) Chrome/66.0.3359.170 Safari/537.36 OPR/53.0.2907.68" 
5.188.84.45 - - [27/Jun/2020:14:04:22 -0700] "POST /wp-comments-post.php HTTP/1.0" 302 3874 "https://www.fornacalia.com/2013/pasta-madre-day-2013/#comment-1801/" "Mozilla/5.0 (Windows NT 6.1; Win64; x64) AppleWebKit/537.36 (KHTML, like Gecko) Chrome/66.0.3359.170 Safari/537.36 OPR/53.0.2907.68" 
5.188.84.35 - - [27/Jun/2020:14:04:22 -0700] "GET /2013/pasta-madre-day-2013/ HTTP/1.0" 200 32496 "https://www.fornacalia.com/2013/pasta-madre-day-2013/#comment-1801/" "Mozilla/5.0 (Windows NT 10.0; Win64; x64) AppleWebKit/537.36 (KHTML, like Gecko) Chrome/67.0.3396.87 Safari/537.36" 
5.188.84.35 - - [27/Jun/2020:14:04:23 -0700] "POST /wp-comments-post.php HTTP/1.0" 302 3874 "https://www.fornacalia.com/2013/pasta-madre-day-2013/#comment-1801/" "Mozilla/5.0 (Windows NT 10.0; Win64; x64) AppleWebKit/537.36 (KHTML, like Gecko) Chrome/67.0.3396.87 Safari/537.36" 
5.188.84.25 - - [27/Jun/2020:14:04:54 -0700] "GET /2013/pasta-madre-day-2013/ HTTP/1.0" 200 32496 "https://www.fornacalia.com/2013/pasta-madre-day-2013/#comment-1801/" "Mozilla/5.0 (Windows NT 6.1; Win64; x64) AppleWebKit/537.36 (KHTML, like Gecko) Chrome/68.0.3440.84 Safari/537.36" 
5.188.84.25 - - [27/Jun/2020:14:04:55 -0700] "POST /wp-comments-post.php HTTP/1.0" 302 3874 "https://www.fornacalia.com/2013/pasta-madre-day-2013/#comment-1801/" "Mozilla/5.0 (Windows NT 6.1; Win64; x64) AppleWebKit/537.36 (KHTML, like Gecko) Chrome/68.0.3440.84 Safari/537.36" 
5.188.84.65 - - [27/Jun/2020:14:12:43 -0700] "GET /2013/pasta-madre-day-2013/ HTTP/1.0" 200 32496 "https://www.fornacalia.com/2013/pasta-madre-day-2013/#comment-1801/" "Mozilla/5.0 (Windows NT 6.3; Win64; x64) AppleWebKit/537.36 (KHTML, like Gecko) Chrome/67.0.3396.99 Safari/537.36" 
5.188.84.65 - - [27/Jun/2020:14:12:45 -0700] "POST /wp-comments-post.php HTTP/1.0" 302 3874 "https://www.fornacalia.com/2013/pasta-madre-day-2013/#comment-1801/" "Mozilla/5.0 (Windows NT 6.3; Win64; x64) AppleWebKit/537.36 (KHTML, like Gecko) Chrome/67.0.3396.99 Safari/537.36" 
174.204.200.231 - - [27/Jun/2020:14:16:17 -0700] "GET /2020/turmeric-breadan-experiment/ HTTP/1.1" 200 13128 "android-app://com.google.android.googlequicksearchbox/https/www.google.com" "Mozilla/5.0 (Linux; Android 8.0.0; XT1635-01) AppleWebKit/537.36 (KHTML, like Gecko) Chrome/75.0.3770.101 Mobile Safari/537.36" 
174.204.200.231 - - [27/Jun/2020:14:16:17 -0700] "GET /wp-includes/css/dist/block-library/style.min.css?ver=5.2.7 HTTP/1.1" 200 5367 "https://www.fornacalia.com/2020/turmeric-breadan-experiment/" "Mozilla/5.0 (Linux; Android 8.0.0; XT1635-01) AppleWebKit/537.36 (KHTML, like Gecko) Chrome/75.0.3770.101 Mobile Safari/537.36" 
174.204.200.231 - - [27/Jun/2020:14:16:18 -0700] "GET /wp-content/plugins/indieweb/static/css/indieweb.css?ver=3.4.2 HTTP/1.1" 200 9366 "https://www.fornacalia.com/2020/turmeric-breadan-experiment/" "Mozilla/5.0 (Linux; Android 8.0.0; XT1635-01) AppleWebKit/537.36 (KHTML, like Gecko) Chrome/75.0.3770.101 Mobile Safari/537.36" 
174.204.200.231 - - [27/Jun/2020:14:16:18 -0700] "GET /wp-content/plugins/semantic-linkbacks/css/semantic-linkbacks.css?ver=3.10.1 HTTP/1.1" 200 913 "https://www.fornacalia.com/2020/turmeric-breadan-experiment/" "Mozilla/5.0 (Linux; Android 8.0.0; XT1635-01) AppleWebKit/537.36 (KHTML, like Gecko) Chrome/75.0.3770.101 Mobile Safari/537.36" 
174.204.200.231 - - [27/Jun/2020:14:16:18 -0700] "GET /wp-content/themes/autonomie/style.css?ver=5.2.7 HTTP/1.1" 200 9554 "https://www.fornacalia.com/2020/turmeric-breadan-experiment/" "Mozilla/5.0 (Linux; Android 8.0.0; XT1635-01) AppleWebKit/537.36 (KHTML, like Gecko) Chrome/75.0.3770.101 Mobile Safari/537.36" 
174.204.200.231 - - [27/Jun/2020:14:16:18 -0700] "GET /wp-content/themes/Autonomie-child/style.css?ver=1.0.0 HTTP/1.1" 200 1410 "https://www.fornacalia.com/2020/turmeric-breadan-experiment/" "Mozilla/5.0 (Linux; Android 8.0.0; XT1635-01) AppleWebKit/537.36 (KHTML, like Gecko) Chrome/75.0.3770.101 Mobile Safari/537.36" 
174.204.200.231 - - [27/Jun/2020:14:16:18 -0700] "GET /wp-content/themes/Autonomie-child/css/narrow-width.css?ver=1.0.0 HTTP/1.1" 200 982 "https://www.fornacalia.com/2020/turmeric-breadan-experiment/" "Mozilla/5.0 (Linux; Android 8.0.0; XT1635-01) AppleWebKit/537.36 (KHTML, like Gecko) Chrome/75.0.3770.101 Mobile Safari/537.36" 
174.204.200.231 - - [27/Jun/2020:14:16:17 -0700] "GET /2020/turmeric-breadan-experiment/ HTTP/1.1" 200 13129 "-" "Dalvik/2.1.0 (Linux; U; Android 8.0.0; XT1635-01 Build/ODN27.76-12-30-8-1)" 
174.204.200.231 - - [27/Jun/2020:14:16:18 -0700] "GET /wp-includes/js/jquery/jquery.js?ver=1.12.4-wp HTTP/1.1" 200 35150 "https://www.fornacalia.com/2020/turmeric-breadan-experiment/" "Mozilla/5.0 (Linux; Android 8.0.0; XT1635-01) AppleWebKit/537.36 (KHTML, like Gecko) Chrome/75.0.3770.101 Mobile Safari/537.36" 
174.204.200.231 - - [27/Jun/2020:14:16:18 -0700] "GET /wp-includes/js/jquery/jquery-migrate.min.js?ver=1.4.1 HTTP/1.1" 200 4579 "https://www.fornacalia.com/2020/turmeric-breadan-experiment/" "Mozilla/5.0 (Linux; Android 8.0.0; XT1635-01) AppleWebKit/537.36 (KHTML, like Gecko) Chrome/75.0.3770.101 Mobile Safari/537.36" 
174.204.200.231 - - [27/Jun/2020:14:16:19 -0700] "GET /wp-content/uploads/2020/05/sandwich-1920-1024x447.jpg HTTP/1.1" 200 95861 "https://www.fornacalia.com/2020/turmeric-breadan-experiment/" "Mozilla/5.0 (Linux; Android 8.0.0; XT1635-01) AppleWebKit/537.36 (KHTML, like Gecko) Chrome/75.0.3770.101 Mobile Safari/537.36" 
174.204.200.231 - - [27/Jun/2020:14:16:19 -0700] "GET /wp-content/plugins/semantic-linkbacks/js/semantic-linkbacks.js?ver=3.10.1 HTTP/1.1" 200 593 "https://www.fornacalia.com/2020/turmeric-breadan-experiment/" "Mozilla/5.0 (Linux; Android 8.0.0; XT1635-01) AppleWebKit/537.36 (KHTML, like Gecko) Chrome/75.0.3770.101 Mobile Safari/537.36" 
174.204.200.231 - - [27/Jun/2020:14:16:19 -0700] "GET /wp-includes/js/comment-reply.min.js?ver=5.2.7 HTTP/1.1" 200 1539 "https://www.fornacalia.com/2020/turmeric-breadan-experiment/" "Mozilla/5.0 (Linux; Android 8.0.0; XT1635-01) AppleWebKit/537.36 (KHTML, like Gecko) Chrome/75.0.3770.101 Mobile Safari/537.36" 
174.204.200.231 - - [27/Jun/2020:14:16:19 -0700] "GET /wp-content/themes/autonomie/js/navigation.js?ver=1.0.0 HTTP/1.1" 200 1501 "https://www.fornacalia.com/2020/turmeric-breadan-experiment/" "Mozilla/5.0 (Linux; Android 8.0.0; XT1635-01) AppleWebKit/537.36 (KHTML, like Gecko) Chrome/75.0.3770.101 Mobile Safari/537.36" 
174.204.200.231 - - [27/Jun/2020:14:16:19 -0700] "GET /2020/turmeric-breadan-experiment/ HTTP/1.1" 200 13129 "-" "Dalvik/2.1.0 (Linux; U; Android 8.0.0; XT1635-01 Build/ODN27.76-12-30-8-1)" 
174.204.200.231 - - [27/Jun/2020:14:16:20 -0700] "GET /wp-content/themes/autonomie/font/merriweather/merriweather-v15-latin-300.woff2 HTTP/1.1" 200 18966 "https://www.fornacalia.com/wp-content/themes/autonomie/style.css?ver=5.2.7" "Mozilla/5.0 (Linux; Android 8.0.0; XT1635-01) AppleWebKit/537.36 (KHTML, like Gecko) Chrome/75.0.3770.101 Mobile Safari/537.36" 
174.204.200.231 - - [27/Jun/2020:14:16:21 -0700] "GET /wp-content/themes/autonomie/font/lato/lato-v13-latin-700.woff2 HTTP/1.1" 200 23094 "https://www.fornacalia.com/wp-content/themes/autonomie/style.css?ver=5.2.7" "Mozilla/5.0 (Linux; Android 8.0.0; XT1635-01) AppleWebKit/537.36 (KHTML, like Gecko) Chrome/75.0.3770.101 Mobile Safari/537.36" 
174.204.200.231 - - [27/Jun/2020:14:16:21 -0700] "GET /wp-content/themes/autonomie/font/lato/lato-v13-latin-300.woff2 HTTP/1.1" 200 23450 "https://www.fornacalia.com/wp-content/themes/autonomie/style.css?ver=5.2.7" "Mozilla/5.0 (Linux; Android 8.0.0; XT1635-01) AppleWebKit/537.36 (KHTML, like Gecko) Chrome/75.0.3770.101 Mobile Safari/537.36" 
174.204.200.231 - - [27/Jun/2020:14:16:21 -0700] "GET /wp-content/themes/autonomie/font/merriweather/merriweather-v15-latin-300italic.woff2 HTTP/1.1" 200 20293 "https://www.fornacalia.com/wp-content/themes/autonomie/style.css?ver=5.2.7" "Mozilla/5.0 (Linux; Android 8.0.0; XT1635-01) AppleWebKit/537.36 (KHTML, like Gecko) Chrome/75.0.3770.101 Mobile Safari/537.36" 
174.204.200.231 - - [27/Jun/2020:14:16:21 -0700] "GET /wp-content/themes/autonomie/js/skip-link-focus-fix.js?ver=1.0.0 HTTP/1.1" 200 1103 "https://www.fornacalia.com/2020/turmeric-breadan-experiment/" "Mozilla/5.0 (Linux; Android 8.0.0; XT1635-01) AppleWebKit/537.36 (KHTML, like Gecko) Chrome/75.0.3770.101 Mobile Safari/537.36" 
174.204.200.231 - - [27/Jun/2020:14:16:22 -0700] "GET /wp-includes/js/wp-embed.min.js?ver=5.2.7 HTTP/1.1" 200 1198 "https://www.fornacalia.com/2020/turmeric-breadan-experiment/" "Mozilla/5.0 (Linux; Android 8.0.0; XT1635-01) AppleWebKit/537.36 (KHTML, like Gecko) Chrome/75.0.3770.101 Mobile Safari/537.36" 
174.204.200.231 - - [27/Jun/2020:14:16:23 -0700] "GET /2020/turmeric-breadan-experiment/ HTTP/1.1" 200 13129 "-" "Dalvik/2.1.0 (Linux; U; Android 8.0.0; XT1635-01 Build/ODN27.76-12-30-8-1)" 
174.204.200.231 - - [27/Jun/2020:14:16:24 -0700] "GET /wp-content/uploads/2020/05/dough-1920-1024x473.jpg HTTP/1.1" 200 135260 "https://www.fornacalia.com/2020/turmeric-breadan-experiment/" "Mozilla/5.0 (Linux; Android 8.0.0; XT1635-01) AppleWebKit/537.36 (KHTML, like Gecko) Chrome/75.0.3770.101 Mobile Safari/537.36" 
174.204.200.231 - - [27/Jun/2020:14:16:25 -0700] "GET /wp-content/uploads/2020/05/slices-1920-1024x470.jpg HTTP/1.1" 200 121255 "https://www.fornacalia.com/2020/turmeric-breadan-experiment/" "Mozilla/5.0 (Linux; Android 8.0.0; XT1635-01) AppleWebKit/537.36 (KHTML, like Gecko) Chrome/75.0.3770.101 Mobile Safari/537.36" 
174.204.200.231 - - [27/Jun/2020:14:16:25 -0700] "GET /wp-includes/js/wp-emoji-release.min.js?ver=5.2.7 HTTP/1.1" 200 5378 "https://www.fornacalia.com/2020/turmeric-breadan-experiment/" "Mozilla/5.0 (Linux; Android 8.0.0; XT1635-01) AppleWebKit/537.36 (KHTML, like Gecko) Chrome/75.0.3770.101 Mobile Safari/537.36" 
174.204.200.231 - - [27/Jun/2020:14:16:25 -0700] "GET /wp-content/themes/Autonomie-child/css/print.css?ver=1.0.0 HTTP/1.1" 200 754 "https://www.fornacalia.com/2020/turmeric-breadan-experiment/" "Mozilla/5.0 (Linux; Android 8.0.0; XT1635-01) AppleWebKit/537.36 (KHTML, like Gecko) Chrome/75.0.3770.101 Mobile Safari/537.36" 
174.204.200.231 - - [27/Jun/2020:14:16:26 -0700] "GET /wp-content/themes/Autonomie-child/css/default-width.css?ver=1.0.0 HTTP/1.1" 200 868 "https://www.fornacalia.com/2020/turmeric-breadan-experiment/" "Mozilla/5.0 (Linux; Android 8.0.0; XT1635-01) AppleWebKit/537.36 (KHTML, like Gecko) Chrome/75.0.3770.101 Mobile Safari/537.36" 
174.204.200.231 - - [27/Jun/2020:14:16:26 -0700] "GET /wp-content/themes/Autonomie-child/css/wide-width.css?ver=1.0.0 HTTP/1.1" 404 22094 "https://www.fornacalia.com/2020/turmeric-breadan-experiment/" "Mozilla/5.0 (Linux; Android 8.0.0; XT1635-01) AppleWebKit/537.36 (KHTML, like Gecko) Chrome/75.0.3770.101 Mobile Safari/537.36" 
174.204.200.231 - - [27/Jun/2020:14:16:31 -0700] "GET /wp-content/uploads/2017/12/cropped-forno-favicon-180x180.png HTTP/1.1" 200 19359 "https://www.fornacalia.com/2020/turmeric-breadan-experiment/" "Mozilla/5.0 (Linux; Android 8.0.0; XT1635-01) AppleWebKit/537.36 (KHTML, like Gecko) Chrome/75.0.3770.101 Mobile Safari/537.36" 
174.204.200.231 - - [27/Jun/2020:14:16:31 -0700] "GET /wp-content/uploads/2017/12/cropped-forno-favicon-192x192.png HTTP/1.1" 200 21819 "https://www.fornacalia.com/2020/turmeric-breadan-experiment/" "Mozilla/5.0 (Linux; Android 8.0.0; XT1635-01) AppleWebKit/537.36 (KHTML, like Gecko) Chrome/75.0.3770.101 Mobile Safari/537.36" 
207.46.13.153 - - [27/Jun/2020:14:17:54 -0700] "GET /wp-content/uploads/2020/04/pizza-cooked.jpg HTTP/1.1" 200 319210 "-" "Mozilla/5.0 (compatible; bingbot/2.0; +http://www.bing.com/bingbot.htm)" 
66.249.93.108 - - [27/Jun/2020:14:18:06 -0700] "GET /wp-content/uploads/2017/12/cropped-forno-favicon-192x192.png HTTP/1.1" 200 25287 "-" "Mozilla/5.0 (X11; Linux x86_64) AppleWebKit/537.36 (KHTML, like Gecko) Chrome/49.0.2623.75 Safari/537.36 Google Favicon" 
46.229.168.132 - - [27/Jun/2020:14:20:12 -0700] "GET /robots.txt HTTP/1.1" 200 3823 "-" "Mozilla/5.0 (compatible; SemrushBot/6~bl; +http://www.semrush.com/bot.html)" 
46.229.168.137 - - [27/Jun/2020:14:20:13 -0700] "GET /2014/fornacalia-revisited/ HTTP/1.1" 200 10603 "-" "Mozilla/5.0 (compatible; SemrushBot/6~bl; +http://www.semrush.com/bot.html)" 
66.249.70.79 - - [27/Jun/2020:14:26:22 -0700] "GET /page/3/ HTTP/1.1" 200 17581 "-" "Mozilla/5.0 (compatible; Googlebot/2.1; +http://www.google.com/bot.html)" 
5.188.84.233 - - [27/Jun/2020:14:29:16 -0700] "GET /2013/pasta-madre-day-2013/ HTTP/1.0" 200 32496 "https://www.fornacalia.com/2013/pasta-madre-day-2013/#comment-1801/" "Mozilla/5.0 (Windows NT 10.0; Win64; x64) AppleWebKit/537.36 (KHTML, like Gecko) Chrome/58.0.3029.110 Safari/537.36 Edge/16.16299" 
5.188.84.233 - - [27/Jun/2020:14:29:17 -0700] "POST /wp-comments-post.php HTTP/1.0" 302 3874 "https://www.fornacalia.com/2013/pasta-madre-day-2013/#comment-1801/" "Mozilla/5.0 (Windows NT 10.0; Win64; x64) AppleWebKit/537.36 (KHTML, like Gecko) Chrome/58.0.3029.110 Safari/537.36 Edge/16.16299" 
66.102.7.236 - - [27/Jun/2020:14:30:42 -0700] "GET /wp-content/uploads/2017/12/cropped-forno-favicon-192x192.png HTTP/1.1" 200 25287 "-" "Mozilla/5.0 (X11; Linux x86_64) AppleWebKit/537.36 (KHTML, like Gecko) Chrome/49.0.2623.75 Safari/537.36 Google Favicon" 
46.4.83.150 - - [27/Jun/2020:14:30:42 -0700] "GET /2016/baking-that-dark-sour-bread/ HTTP/1.1" 200 36739 "-" "Mozilla/5.0 (Macintosh; Intel Mac OS X 10_5_8) AppleWebKit/534.50.2 (KHTML, like Gecko) Version/5.0.6 Safari/533.22.3" 
78.46.90.120 - - [27/Jun/2020:14:30:59 -0700] "GET /2016/baking-that-dark-sour-bread/ HTTP/1.1" 200 36739 "-" "Mozilla/5.0 (Windows NT 6.1; Win64; x64) AppleWebKit/537.36 (KHTML, like Gecko) Chrome/63.0.3239.132 Safari/537.36" 
144.76.102.243 - - [27/Jun/2020:14:31:11 -0700] "GET /2016/baking-that-dark-sour-bread/ HTTP/1.1" 200 36739 "-" "Mozilla/5.0 (Macintosh; U; Intel Mac OS X 10_5_8; zh-cn) AppleWebKit/533.18.1 (KHTML, like Gecko) Version/5.0.2 Safari/533.18.5" 
5.188.84.15 - - [27/Jun/2020:14:33:06 -0700] "GET /2013/pasta-madre-day-2013/ HTTP/1.0" 200 32496 "https://www.fornacalia.com/2013/pasta-madre-day-2013/#comment-1801/" "Mozilla/5.0 (Windows NT 6.1) AppleWebKit/537.36 (KHTML, like Gecko) Chrome/67.0.3396.99 Safari/537.36 Kinza/4.8.2" 
5.188.84.15 - - [27/Jun/2020:14:33:07 -0700] "POST /wp-comments-post.php HTTP/1.0" 302 3874 "https://www.fornacalia.com/2013/pasta-madre-day-2013/#comment-1801/" "Mozilla/5.0 (Windows NT 6.1) AppleWebKit/537.36 (KHTML, like Gecko) Chrome/67.0.3396.99 Safari/537.36 Kinza/4.8.2" 
157.55.39.120 - - [27/Jun/2020:14:35:33 -0700] "GET /tag/wholemeal/ HTTP/1.1" 200 12448 "-" "Mozilla/5.0 (compatible; bingbot/2.0; +http://www.bing.com/bingbot.htm)" 
114.119.165.86 - - [27/Jun/2020:14:37:31 -0700] "GET /2014/fornacalia-revisited HTTP/1.1" 301 3750 "-" "Mozilla/5.0 (Linux; Android 7.0;) AppleWebKit/537.36 (KHTML, like Gecko) Mobile Safari/537.36 (compatible; PetalBot;+https://aspiegel.com/petalbot)" 
114.119.165.86 - - [27/Jun/2020:14:37:32 -0700] "GET /2014/fornacalia-revisited/ HTTP/1.1" 200 10602 "-" "Mozilla/5.0 (Linux; Android 7.0;) AppleWebKit/537.36 (KHTML, like Gecko) Mobile Safari/537.36 (compatible; PetalBot;+https://aspiegel.com/petalbot)" 
5.188.84.220 - - [27/Jun/2020:14:41:00 -0700] "GET /2013/pasta-madre-day-2013/ HTTP/1.0" 200 32496 "https://www.fornacalia.com/2013/pasta-madre-day-2013/#comment-1801/" "Mozilla/5.0 (Windows NT 10.0; Win64; x64) AppleWebKit/537.36 (KHTML, like Gecko) Chrome/67.0.3396.87 Safari/537.36 OPR/54.0.2952.54" 
5.188.84.220 - - [27/Jun/2020:14:41:01 -0700] "POST /wp-comments-post.php HTTP/1.0" 302 3874 "https://www.fornacalia.com/2013/pasta-madre-day-2013/#comment-1801/" "Mozilla/5.0 (Windows NT 10.0; Win64; x64) AppleWebKit/537.36 (KHTML, like Gecko) Chrome/67.0.3396.87 Safari/537.36 OPR/54.0.2952.54" 
207.46.13.153 - - [27/Jun/2020:14:44:36 -0700] "GET /wp-content/uploads/2020/04/pizza-cooked.jpg HTTP/1.1" 200 319210 "-" "Mozilla/5.0 (compatible; bingbot/2.0; +http://www.bing.com/bingbot.htm)" 
104.228.21.190 - - [27/Jun/2020:14:44:47 -0700] "GET /2017/black-pepper-rye/ HTTP/1.1" 200 14362 "https://www.google.com/" "Mozilla/5.0 (iPhone; CPU iPhone OS 13_5_1 like Mac OS X) AppleWebKit/605.1.15 (KHTML, like Gecko) Version/13.1.1 Mobile/15E148 Safari/604.1" 
104.228.21.190 - - [27/Jun/2020:14:44:48 -0700] "GET /wp-includes/css/dist/block-library/style.min.css?ver=5.2.7 HTTP/1.1" 200 5367 "https://www.fornacalia.com/2017/black-pepper-rye/" "Mozilla/5.0 (iPhone; CPU iPhone OS 13_5_1 like Mac OS X) AppleWebKit/605.1.15 (KHTML, like Gecko) Version/13.1.1 Mobile/15E148 Safari/604.1" 
104.228.21.190 - - [27/Jun/2020:14:44:48 -0700] "GET /wp-content/themes/Autonomie-child/style.css?ver=1.0.0 HTTP/1.1" 200 1410 "https://www.fornacalia.com/2017/black-pepper-rye/" "Mozilla/5.0 (iPhone; CPU iPhone OS 13_5_1 like Mac OS X) AppleWebKit/605.1.15 (KHTML, like Gecko) Version/13.1.1 Mobile/15E148 Safari/604.1" 
104.228.21.190 - - [27/Jun/2020:14:44:48 -0700] "GET /wp-content/themes/Autonomie-child/css/narrow-width.css?ver=1.0.0 HTTP/1.1" 200 982 "https://www.fornacalia.com/2017/black-pepper-rye/" "Mozilla/5.0 (iPhone; CPU iPhone OS 13_5_1 like Mac OS X) AppleWebKit/605.1.15 (KHTML, like Gecko) Version/13.1.1 Mobile/15E148 Safari/604.1" 
104.228.21.190 - - [27/Jun/2020:14:44:48 -0700] "GET /wp-includes/js/jquery/jquery.js?ver=1.12.4-wp HTTP/1.1" 200 35150 "https://www.fornacalia.com/2017/black-pepper-rye/" "Mozilla/5.0 (iPhone; CPU iPhone OS 13_5_1 like Mac OS X) AppleWebKit/605.1.15 (KHTML, like Gecko) Version/13.1.1 Mobile/15E148 Safari/604.1" 
104.228.21.190 - - [27/Jun/2020:14:44:48 -0700] "GET /wp-content/themes/autonomie/style.css?ver=5.2.7 HTTP/1.1" 200 13212 "https://www.fornacalia.com/2017/black-pepper-rye/" "Mozilla/5.0 (iPhone; CPU iPhone OS 13_5_1 like Mac OS X) AppleWebKit/605.1.15 (KHTML, like Gecko) Version/13.1.1 Mobile/15E148 Safari/604.1" 
104.228.21.190 - - [27/Jun/2020:14:44:48 -0700] "GET /wp-includes/js/jquery/jquery-migrate.min.js?ver=1.4.1 HTTP/1.1" 200 4579 "https://www.fornacalia.com/2017/black-pepper-rye/" "Mozilla/5.0 (iPhone; CPU iPhone OS 13_5_1 like Mac OS X) AppleWebKit/605.1.15 (KHTML, like Gecko) Version/13.1.1 Mobile/15E148 Safari/604.1" 
104.228.21.190 - - [27/Jun/2020:14:44:48 -0700] "GET /wp-content/plugins/semantic-linkbacks/js/semantic-linkbacks.js?ver=3.10.1 HTTP/1.1" 200 593 "https://www.fornacalia.com/2017/black-pepper-rye/" "Mozilla/5.0 (iPhone; CPU iPhone OS 13_5_1 like Mac OS X) AppleWebKit/605.1.15 (KHTML, like Gecko) Version/13.1.1 Mobile/15E148 Safari/604.1" 
104.228.21.190 - - [27/Jun/2020:14:44:48 -0700] "GET /wp-includes/js/comment-reply.min.js?ver=5.2.7 HTTP/1.1" 200 1539 "https://www.fornacalia.com/2017/black-pepper-rye/" "Mozilla/5.0 (iPhone; CPU iPhone OS 13_5_1 like Mac OS X) AppleWebKit/605.1.15 (KHTML, like Gecko) Version/13.1.1 Mobile/15E148 Safari/604.1" 
104.228.21.190 - - [27/Jun/2020:14:44:48 -0700] "GET /wp-content/themes/autonomie/js/navigation.js?ver=1.0.0 HTTP/1.1" 200 1326 "https://www.fornacalia.com/2017/black-pepper-rye/" "Mozilla/5.0 (iPhone; CPU iPhone OS 13_5_1 like Mac OS X) AppleWebKit/605.1.15 (KHTML, like Gecko) Version/13.1.1 Mobile/15E148 Safari/604.1" 
104.228.21.190 - - [27/Jun/2020:14:44:48 -0700] "GET /wp-includes/js/wp-embed.min.js?ver=5.2.7 HTTP/1.1" 200 1198 "https://www.fornacalia.com/2017/black-pepper-rye/" "Mozilla/5.0 (iPhone; CPU iPhone OS 13_5_1 like Mac OS X) AppleWebKit/605.1.15 (KHTML, like Gecko) Version/13.1.1 Mobile/15E148 Safari/604.1" 
104.228.21.190 - - [27/Jun/2020:14:44:48 -0700] "GET /wp-content/themes/autonomie/js/skip-link-focus-fix.js?ver=1.0.0 HTTP/1.1" 200 928 "https://www.fornacalia.com/2017/black-pepper-rye/" "Mozilla/5.0 (iPhone; CPU iPhone OS 13_5_1 like Mac OS X) AppleWebKit/605.1.15 (KHTML, like Gecko) Version/13.1.1 Mobile/15E148 Safari/604.1" 
104.228.21.190 - - [27/Jun/2020:14:44:48 -0700] "GET /wp-content/themes/Autonomie-child/css/print.css?ver=1.0.0 HTTP/1.1" 200 754 "https://www.fornacalia.com/2017/black-pepper-rye/" "Mozilla/5.0 (iPhone; CPU iPhone OS 13_5_1 like Mac OS X) AppleWebKit/605.1.15 (KHTML, like Gecko) Version/13.1.1 Mobile/15E148 Safari/604.1" 
104.228.21.190 - - [27/Jun/2020:14:44:48 -0700] "GET /wp-content/themes/Autonomie-child/css/default-width.css?ver=1.0.0 HTTP/1.1" 200 868 "https://www.fornacalia.com/2017/black-pepper-rye/" "Mozilla/5.0 (iPhone; CPU iPhone OS 13_5_1 like Mac OS X) AppleWebKit/605.1.15 (KHTML, like Gecko) Version/13.1.1 Mobile/15E148 Safari/604.1" 
104.228.21.190 - - [27/Jun/2020:14:44:48 -0700] "GET /wp-content/themes/Autonomie-child/css/wide-width.css?ver=1.0.0 HTTP/1.1" 404 22094 "https://www.fornacalia.com/2017/black-pepper-rye/" "Mozilla/5.0 (iPhone; CPU iPhone OS 13_5_1 like Mac OS X) AppleWebKit/605.1.15 (KHTML, like Gecko) Version/13.1.1 Mobile/15E148 Safari/604.1" 
104.228.21.190 - - [27/Jun/2020:14:44:48 -0700] "GET /wp-content/uploads/2017/03/black-pepper-rye-05.png HTTP/1.1" 200 604342 "https://www.fornacalia.com/2017/black-pepper-rye/" "Mozilla/5.0 (iPhone; CPU iPhone OS 13_5_1 like Mac OS X) AppleWebKit/605.1.15 (KHTML, like Gecko) Version/13.1.1 Mobile/15E148 Safari/604.1" 
104.228.21.190 - - [27/Jun/2020:14:44:49 -0700] "GET /wp-content/uploads/2017/03/black-pepper-rye-02.png HTTP/1.1" 200 683314 "https://www.fornacalia.com/2017/black-pepper-rye/" "Mozilla/5.0 (iPhone; CPU iPhone OS 13_5_1 like Mac OS X) AppleWebKit/605.1.15 (KHTML, like Gecko) Version/13.1.1 Mobile/15E148 Safari/604.1" 
104.228.21.190 - - [27/Jun/2020:14:44:48 -0700] "GET /wp-content/uploads/2017/03/black-pepper-rye-01.png HTTP/1.1" 200 775275 "https://www.fornacalia.com/2017/black-pepper-rye/" "Mozilla/5.0 (iPhone; CPU iPhone OS 13_5_1 like Mac OS X) AppleWebKit/605.1.15 (KHTML, like Gecko) Version/13.1.1 Mobile/15E148 Safari/604.1" 
104.228.21.190 - - [27/Jun/2020:14:44:49 -0700] "GET /wp-content/plugins/indieweb/static/css/indieweb.css?ver=3.4.2 HTTP/1.1" 200 9541 "https://www.fornacalia.com/2017/black-pepper-rye/" "Mozilla/5.0 (iPhone; CPU iPhone OS 13_5_1 like Mac OS X) AppleWebKit/605.1.15 (KHTML, like Gecko) Version/13.1.1 Mobile/15E148 Safari/604.1" 
104.228.21.190 - - [27/Jun/2020:14:44:49 -0700] "GET /wp-content/uploads/2017/03/black-pepper-rye-04.png HTTP/1.1" 200 458508 "https://www.fornacalia.com/2017/black-pepper-rye/" "Mozilla/5.0 (iPhone; CPU iPhone OS 13_5_1 like Mac OS X) AppleWebKit/605.1.15 (KHTML, like Gecko) Version/13.1.1 Mobile/15E148 Safari/604.1" 
104.228.21.190 - - [27/Jun/2020:14:44:50 -0700] "GET /wp-content/plugins/semantic-linkbacks/css/semantic-linkbacks.css?ver=3.10.1 HTTP/1.1" 200 4396 "https://www.fornacalia.com/2017/black-pepper-rye/" "Mozilla/5.0 (iPhone; CPU iPhone OS 13_5_1 like Mac OS X) AppleWebKit/605.1.15 (KHTML, like Gecko) Version/13.1.1 Mobile/15E148 Safari/604.1" 
104.228.21.190 - - [27/Jun/2020:14:44:50 -0700] "GET /wp-content/themes/autonomie/font/merriweather/merriweather-v15-latin-300.woff2 HTTP/1.1" 200 18966 "https://www.fornacalia.com/2017/black-pepper-rye/" "Mozilla/5.0 (iPhone; CPU iPhone OS 13_5_1 like Mac OS X) AppleWebKit/605.1.15 (KHTML, like Gecko) Version/13.1.1 Mobile/15E148 Safari/604.1" 
104.228.21.190 - - [27/Jun/2020:14:44:50 -0700] "GET /wp-content/themes/autonomie/font/lato/lato-v13-latin-300.woff2 HTTP/1.1" 200 23450 "https://www.fornacalia.com/2017/black-pepper-rye/" "Mozilla/5.0 (iPhone; CPU iPhone OS 13_5_1 like Mac OS X) AppleWebKit/605.1.15 (KHTML, like Gecko) Version/13.1.1 Mobile/15E148 Safari/604.1" 
104.228.21.190 - - [27/Jun/2020:14:44:50 -0700] "GET /wp-content/themes/autonomie/font/lato/lato-v13-latin-700.woff2 HTTP/1.1" 200 23094 "https://www.fornacalia.com/2017/black-pepper-rye/" "Mozilla/5.0 (iPhone; CPU iPhone OS 13_5_1 like Mac OS X) AppleWebKit/605.1.15 (KHTML, like Gecko) Version/13.1.1 Mobile/15E148 Safari/604.1" 
104.228.21.190 - - [27/Jun/2020:14:44:49 -0700] "GET /wp-content/uploads/2017/03/black-pepper-rye-03.png HTTP/1.1" 200 462012 "https://www.fornacalia.com/2017/black-pepper-rye/" "Mozilla/5.0 (iPhone; CPU iPhone OS 13_5_1 like Mac OS X) AppleWebKit/605.1.15 (KHTML, like Gecko) Version/13.1.1 Mobile/15E148 Safari/604.1" 
104.228.21.190 - - [27/Jun/2020:14:44:52 -0700] "GET /wp-content/uploads/2017/12/cropped-forno-favicon-192x192.png HTTP/1.1" 200 25302 "https://www.fornacalia.com/2017/black-pepper-rye/" "Mozilla/5.0 (iPhone; CPU iPhone OS 13_5_1 like Mac OS X) AppleWebKit/605.1.15 (KHTML, like Gecko) Version/13.1.1 Mobile/15E148 Safari/604.1" 
104.228.21.190 - - [27/Jun/2020:14:44:52 -0700] "GET /wp-content/uploads/2017/12/cropped-forno-favicon-32x32.png HTTP/1.1" 200 1582 "https://www.fornacalia.com/2017/black-pepper-rye/" "Mozilla/5.0 (iPhone; CPU iPhone OS 13_5_1 like Mac OS X) AppleWebKit/605.1.15 (KHTML, like Gecko) Version/13.1.1 Mobile/15E148 Safari/604.1" 
104.228.21.190 - - [27/Jun/2020:14:45:28 -0700] "GET /wp-content/themes/Autonomie-child/css/wide-width.css?ver=1.0.0 HTTP/1.1" 404 22269 "https://www.fornacalia.com/2017/black-pepper-rye/" "Mozilla/5.0 (iPhone; CPU iPhone OS 13_5_1 like Mac OS X) AppleWebKit/605.1.15 (KHTML, like Gecko) Version/13.1.1 Mobile/15E148 Safari/604.1" 
5.188.84.15 - - [27/Jun/2020:14:47:30 -0700] "GET /2013/pasta-madre-day-2013/ HTTP/1.0" 200 32496 "https://www.fornacalia.com/2013/pasta-madre-day-2013/#comment-1801/" "Mozilla/5.0 (Windows NT 6.1) AppleWebKit/537.36 (KHTML, like Gecko) Chrome/68.0.3440.106 Safari/537.36" 
5.188.84.15 - - [27/Jun/2020:14:47:31 -0700] "POST /wp-comments-post.php HTTP/1.0" 302 3874 "https://www.fornacalia.com/2013/pasta-madre-day-2013/#comment-1801/" "Mozilla/5.0 (Windows NT 6.1) AppleWebKit/537.36 (KHTML, like Gecko) Chrome/68.0.3440.106 Safari/537.36" 
40.77.167.68 - - [27/Jun/2020:14:47:49 -0700] "GET /wp-content/uploads/2017/12/forno1.png HTTP/1.1" 200 97804 "-" "Mozilla/5.0 (compatible; bingbot/2.0; +http://www.bing.com/bingbot.htm)" 
40.77.167.68 - - [27/Jun/2020:14:49:00 -0700] "GET /wp-content/uploads/2018/01/palanga-slices.jpg HTTP/1.1" 200 228152 "-" "Mozilla/5.0 (compatible; bingbot/2.0; +http://www.bing.com/bingbot.htm)" 
5.188.84.65 - - [27/Jun/2020:14:49:10 -0700] "GET /2013/pasta-madre-day-2013/ HTTP/1.0" 200 32496 "https://www.fornacalia.com/2013/pasta-madre-day-2013/#comment-1801/" "Mozilla/5.0 (Windows NT 6.1) AppleWebKit/537.36 (KHTML, like Gecko) Chrome/67.0.3396.99 Safari/537.36" 
5.188.84.65 - - [27/Jun/2020:14:49:11 -0700] "POST /wp-comments-post.php HTTP/1.0" 302 3874 "https://www.fornacalia.com/2013/pasta-madre-day-2013/#comment-1801/" "Mozilla/5.0 (Windows NT 6.1) AppleWebKit/537.36 (KHTML, like Gecko) Chrome/67.0.3396.99 Safari/537.36" 
66.249.70.75 - - [27/Jun/2020:14:50:51 -0700] "GET /favicon.ico HTTP/1.1" 200 4040 "-" "Googlebot-Image/1.0" 
104.228.21.190 - - [27/Jun/2020:14:52:00 -0700] "GET /wp-content/themes/Autonomie-child/css/wide-width.css?ver=1.0.0 HTTP/1.1" 404 25752 "https://www.fornacalia.com/2017/black-pepper-rye/" "Mozilla/5.0 (iPhone; CPU iPhone OS 13_5_1 like Mac OS X) AppleWebKit/605.1.15 (KHTML, like Gecko) Version/13.1.1 Mobile/15E148 Safari/604.1" 
104.228.21.190 - - [27/Jun/2020:14:52:08 -0700] "GET /2017/black-pepper-rye/ HTTP/1.1" 200 14362 "-" "Mozilla/5.0 (iPhone; CPU iPhone OS 13_5_1 like Mac OS X) AppleWebKit/605.1.15 (KHTML, like Gecko) Version/13.1.1 Mobile/15E148 Safari/604.1" 
104.228.21.190 - - [27/Jun/2020:14:52:15 -0700] "GET /apple-touch-icon-120x120-precomposed.png HTTP/1.1" 404 25752 "-" "MobileSafari/604.1 CFNetwork/1126 Darwin/19.5.0" 
104.228.21.190 - - [27/Jun/2020:14:52:16 -0700] "GET /apple-touch-icon-120x120.png HTTP/1.1" 404 22094 "-" "MobileSafari/604.1 CFNetwork/1126 Darwin/19.5.0" 
104.228.21.190 - - [27/Jun/2020:14:52:16 -0700] "GET /wp-content/uploads/2017/12/cropped-forno-favicon-180x180.png HTTP/1.1" 200 19184 "-" "MobileSafari/604.1 CFNetwork/1126 Darwin/19.5.0" 
104.228.21.190 - - [27/Jun/2020:14:52:32 -0700] "GET /wp-content/plugins/all-in-one-seo-pack/images/default-user-image.png HTTP/1.1" 200 5559 "-" "MobileSafari/604.1 CFNetwork/1126 Darwin/19.5.0" 
66.249.70.77 - - [27/Jun/2020:14:52:55 -0700] "GET /favicon.ico HTTP/1.1" 304 3910 "-" "Googlebot-Image/1.0" 
5.188.84.220 - - [27/Jun/2020:14:55:11 -0700] "GET /2013/pasta-madre-day-2013/ HTTP/1.0" 200 32496 "https://www.fornacalia.com/2013/pasta-madre-day-2013/#comment-1801/" "Mozilla/5.0 (Windows NT 6.1; WOW64) AppleWebKit/537.36 (KHTML, like Gecko) Chrome/66.0.3359.170 Safari/537.36 OPR/53.0.2907.99" 
5.188.84.220 - - [27/Jun/2020:14:55:12 -0700] "POST /wp-comments-post.php HTTP/1.0" 302 3874 "https://www.fornacalia.com/2013/pasta-madre-day-2013/#comment-1801/" "Mozilla/5.0 (Windows NT 6.1; WOW64) AppleWebKit/537.36 (KHTML, like Gecko) Chrome/66.0.3359.170 Safari/537.36 OPR/53.0.2907.99" 
157.55.39.90 - - [27/Jun/2020:15:03:48 -0700] "GET /wp-content/uploads/2017/12/croissant03.png HTTP/1.1" 200 224311 "-" "Mozilla/5.0 (compatible; bingbot/2.0; +http://www.bing.com/bingbot.htm)" 
5.188.84.147 - - [27/Jun/2020:15:07:28 -0700] "GET /2013/pasta-madre-day-2013/ HTTP/1.0" 200 32496 "https://www.fornacalia.com/2013/pasta-madre-day-2013/#comment-1801/" "Mozilla/5.0 (Windows NT 10.0; Win64; x64) AppleWebKit/537.36 (KHTML, like Gecko) Chrome/68.0.3440.75 Safari/537.36" 
5.188.84.147 - - [27/Jun/2020:15:07:29 -0700] "POST /wp-comments-post.php HTTP/1.0" 302 3874 "https://www.fornacalia.com/2013/pasta-madre-day-2013/#comment-1801/" "Mozilla/5.0 (Windows NT 10.0; Win64; x64) AppleWebKit/537.36 (KHTML, like Gecko) Chrome/68.0.3440.75 Safari/537.36" 
40.77.167.68 - - [27/Jun/2020:15:08:40 -0700] "GET /wp-content/uploads/2017/03/black-pepper-rye-03.png HTTP/1.1" 200 465655 "-" "Mozilla/5.0 (compatible; bingbot/2.0; +http://www.bing.com/bingbot.htm)" 
114.119.166.39 - - [27/Jun/2020:15:12:58 -0700] "GET /wp-content/uploads/2019/11/mise-en-place-774x1024.png HTTP/1.1" 200 1394924 "-" "Mozilla/5.0 (Linux; Android 7.0;) AppleWebKit/537.36 (KHTML, like Gecko) Mobile Safari/537.36 (compatible; PetalBot;+https://aspiegel.com/petalbot)" 
5.188.84.45 - - [27/Jun/2020:15:15:00 -0700] "GET /2013/pasta-madre-day-2013/ HTTP/1.0" 200 32496 "https://www.fornacalia.com/2013/pasta-madre-day-2013/#comment-1801/" "Mozilla/5.0 (Windows NT 6.3; Win64; x64) AppleWebKit/537.36 (KHTML, like Gecko) Chrome/67.0.3396.99 Safari/537.36" 
5.188.84.45 - - [27/Jun/2020:15:15:02 -0700] "POST /wp-comments-post.php HTTP/1.0" 302 3874 "https://www.fornacalia.com/2013/pasta-madre-day-2013/#comment-1801/" "Mozilla/5.0 (Windows NT 6.3; Win64; x64) AppleWebKit/537.36 (KHTML, like Gecko) Chrome/67.0.3396.99 Safari/537.36" 
5.188.84.233 - - [27/Jun/2020:15:16:34 -0700] "GET /2013/pasta-madre-day-2013/ HTTP/1.0" 200 32496 "https://www.fornacalia.com/2013/pasta-madre-day-2013/#comment-1801/" "Mozilla/5.0 (Windows NT 6.1) AppleWebKit/537.36 (KHTML, like Gecko) Chrome/67.0.3396.87 Safari/537.36" 
5.188.84.233 - - [27/Jun/2020:15:16:35 -0700] "POST /wp-comments-post.php HTTP/1.0" 302 3874 "https://www.fornacalia.com/2013/pasta-madre-day-2013/#comment-1801/" "Mozilla/5.0 (Windows NT 6.1) AppleWebKit/537.36 (KHTML, like Gecko) Chrome/67.0.3396.87 Safari/537.36" 
5.188.84.147 - - [27/Jun/2020:15:17:07 -0700] "GET /2013/pasta-madre-day-2013/ HTTP/1.0" 200 32496 "https://www.fornacalia.com/2013/pasta-madre-day-2013/#comment-1801/" "Mozilla/5.0 (Windows NT 10.0; Win64; x64) AppleWebKit/537.36 (KHTML, like Gecko) Chrome/67.0.3396.79 Safari/537.36" 
5.188.84.147 - - [27/Jun/2020:15:17:08 -0700] "POST /wp-comments-post.php HTTP/1.0" 302 3874 "https://www.fornacalia.com/2013/pasta-madre-day-2013/#comment-1801/" "Mozilla/5.0 (Windows NT 10.0; Win64; x64) AppleWebKit/537.36 (KHTML, like Gecko) Chrome/67.0.3396.79 Safari/537.36" 
5.188.84.35 - - [27/Jun/2020:15:18:41 -0700] "GET /2013/pasta-madre-day-2013/ HTTP/1.0" 200 32496 "https://www.fornacalia.com/2013/pasta-madre-day-2013/#comment-1801/" "Mozilla/5.0 (Windows NT 6.1; Win64; x64) AppleWebKit/537.36 (KHTML, like Gecko) Chrome/67.0.3396.87 Safari/537.36 OPR/54.0.2952.54" 
5.188.84.35 - - [27/Jun/2020:15:18:42 -0700] "POST /wp-comments-post.php HTTP/1.0" 302 3874 "https://www.fornacalia.com/2013/pasta-madre-day-2013/#comment-1801/" "Mozilla/5.0 (Windows NT 6.1; Win64; x64) AppleWebKit/537.36 (KHTML, like Gecko) Chrome/67.0.3396.87 Safari/537.36 OPR/54.0.2952.54" 
46.229.168.142 - - [27/Jun/2020:15:20:38 -0700] "GET /robots.txt HTTP/1.1" 200 3823 "-" "Mozilla/5.0 (compatible; SemrushBot/6~bl; +http://www.semrush.com/bot.html)" 
46.229.168.133 - - [27/Jun/2020:15:20:38 -0700] "GET /2013/bread-with-kalonji/ HTTP/1.1" 200 12252 "-" "Mozilla/5.0 (compatible; SemrushBot/6~bl; +http://www.semrush.com/bot.html)" 
5.188.84.25 - - [27/Jun/2020:15:21:57 -0700] "GET /2013/pasta-madre-day-2013/ HTTP/1.0" 200 32496 "https://www.fornacalia.com/2013/pasta-madre-day-2013/#comment-1801/" "Mozilla/5.0 (Windows NT 6.1; Win64; x64) AppleWebKit/537.36 (KHTML, like Gecko) Chrome/68.0.3440.84 Safari/537.36" 
5.188.84.25 - - [27/Jun/2020:15:21:58 -0700] "POST /wp-comments-post.php HTTP/1.0" 302 3874 "https://www.fornacalia.com/2013/pasta-madre-day-2013/#comment-1801/" "Mozilla/5.0 (Windows NT 6.1; Win64; x64) AppleWebKit/537.36 (KHTML, like Gecko) Chrome/68.0.3440.84 Safari/537.36" 
5.188.84.25 - - [27/Jun/2020:15:23:01 -0700] "GET /2013/pasta-madre-day-2013/ HTTP/1.0" 200 32496 "https://www.fornacalia.com/2013/pasta-madre-day-2013/#comment-1801/" "Mozilla/5.0 (Windows NT 6.1; WOW64) AppleWebKit/537.36 (KHTML, like Gecko) Chrome/67.0.3396.87 Safari/537.36 OPR/54.0.2952.64 (Edition Yx)" 
5.188.84.25 - - [27/Jun/2020:15:23:02 -0700] "POST /wp-comments-post.php HTTP/1.0" 302 3874 "https://www.fornacalia.com/2013/pasta-madre-day-2013/#comment-1801/" "Mozilla/5.0 (Windows NT 6.1; WOW64) AppleWebKit/537.36 (KHTML, like Gecko) Chrome/67.0.3396.87 Safari/537.36 OPR/54.0.2952.64 (Edition Yx)" 
5.188.84.45 - - [27/Jun/2020:15:23:12 -0700] "GET /2013/pasta-madre-day-2013/ HTTP/1.0" 200 32496 "https://www.fornacalia.com/2013/pasta-madre-day-2013/#comment-1801/" "Mozilla/5.0 (Windows NT 10.0; Win64; x64) AppleWebKit/537.36 (KHTML, like Gecko) Chrome/67.0.3396.62 Safari/537.36" 
5.188.84.45 - - [27/Jun/2020:15:23:13 -0700] "POST /wp-comments-post.php HTTP/1.0" 302 3874 "https://www.fornacalia.com/2013/pasta-madre-day-2013/#comment-1801/" "Mozilla/5.0 (Windows NT 10.0; Win64; x64) AppleWebKit/537.36 (KHTML, like Gecko) Chrome/67.0.3396.62 Safari/537.36" 
5.188.84.35 - - [27/Jun/2020:15:24:46 -0700] "GET /2013/pasta-madre-day-2013/ HTTP/1.0" 200 32496 "https://www.fornacalia.com/2013/pasta-madre-day-2013/#comment-1801/" "Mozilla/5.0 (Windows NT 6.1) AppleWebKit/537.36 (KHTML, like Gecko) Chrome/67.0.3396.87 Safari/537.36" 
5.188.84.35 - - [27/Jun/2020:15:24:47 -0700] "POST /wp-comments-post.php HTTP/1.0" 302 3874 "https://www.fornacalia.com/2013/pasta-madre-day-2013/#comment-1801/" "Mozilla/5.0 (Windows NT 6.1) AppleWebKit/537.36 (KHTML, like Gecko) Chrome/67.0.3396.87 Safari/537.36" 
5.188.84.65 - - [27/Jun/2020:15:31:28 -0700] "GET /2013/pasta-madre-day-2013/ HTTP/1.0" 200 32496 "https://www.fornacalia.com/2013/pasta-madre-day-2013/#comment-1801/" "Mozilla/5.0 (Windows NT 6.1; Win64; x64) AppleWebKit/537.36 (KHTML, like Gecko) Chrome/68.0.3440.106 Safari/537.36 OPR/55.0.2994.44" 
5.188.84.65 - - [27/Jun/2020:15:31:29 -0700] "POST /wp-comments-post.php HTTP/1.0" 302 3874 "https://www.fornacalia.com/2013/pasta-madre-day-2013/#comment-1801/" "Mozilla/5.0 (Windows NT 6.1; Win64; x64) AppleWebKit/537.36 (KHTML, like Gecko) Chrome/68.0.3440.106 Safari/537.36 OPR/55.0.2994.44" 
40.77.167.68 - - [27/Jun/2020:15:37:44 -0700] "GET /wp-content/uploads/2017/02/cornbread-ingredients.png HTTP/1.1" 200 669112 "-" "Mozilla/5.0 (compatible; bingbot/2.0; +http://www.bing.com/bingbot.htm)" 
66.249.83.42 - - [27/Jun/2020:15:42:57 -0700] "GET /wp-content/uploads/2017/12/cropped-forno-favicon-192x192.png HTTP/1.1" 200 25287 "-" "Mozilla/5.0 (X11; Linux x86_64) AppleWebKit/537.36 (KHTML, like Gecko) Chrome/49.0.2623.75 Safari/537.36 Google Favicon" 
66.249.70.79 - - [27/Jun/2020:15:47:17 -0700] "GET /category/recipes/ HTTP/1.1" 200 20831 "-" "Mozilla/5.0 (compatible; Googlebot/2.1; +http://www.google.com/bot.html)" 
66.249.70.75 - - [27/Jun/2020:15:47:21 -0700] "GET /wp-content/themes/Autonomie-child/css/wide-width.css?ver=1.0.0 HTTP/1.1" 404 25737 "https://www.fornacalia.com/category/recipes/" "Mozilla/5.0 AppleWebKit/537.36 (KHTML, like Gecko; compatible; Googlebot/2.1; +http://www.google.com/bot.html) Chrome/83.0.4103.118 Safari/537.36" 
5.188.84.233 - - [27/Jun/2020:15:47:50 -0700] "GET /2013/pasta-madre-day-2013/ HTTP/1.0" 200 32496 "https://www.fornacalia.com/2013/pasta-madre-day-2013/#comment-1801/" "Mozilla/5.0 (Windows NT 6.1) AppleWebKit/537.36 (KHTML, like Gecko) Chrome/66.0.3359.181 Safari/537.36" 
5.188.84.233 - - [27/Jun/2020:15:47:51 -0700] "POST /wp-comments-post.php HTTP/1.0" 302 3874 "https://www.fornacalia.com/2013/pasta-madre-day-2013/#comment-1801/" "Mozilla/5.0 (Windows NT 6.1) AppleWebKit/537.36 (KHTML, like Gecko) Chrome/66.0.3359.181 Safari/537.36" 
66.249.70.79 - - [27/Jun/2020:15:48:15 -0700] "GET /favicon.ico HTTP/1.1" 200 4040 "-" "Googlebot-Image/1.0" 
5.188.84.15 - - [27/Jun/2020:15:50:50 -0700] "GET /2013/pasta-madre-day-2013/ HTTP/1.0" 200 32496 "https://www.fornacalia.com/2013/pasta-madre-day-2013/#comment-1801/" "Mozilla/5.0 (Windows NT 6.1) AppleWebKit/537.36 (KHTML, like Gecko) Chrome/67.0.3396.87 Safari/537.36" 
5.188.84.15 - - [27/Jun/2020:15:50:51 -0700] "POST /wp-comments-post.php HTTP/1.0" 302 3874 "https://www.fornacalia.com/2013/pasta-madre-day-2013/#comment-1801/" "Mozilla/5.0 (Windows NT 6.1) AppleWebKit/537.36 (KHTML, like Gecko) Chrome/67.0.3396.87 Safari/537.36" 
40.77.167.68 - - [27/Jun/2020:16:00:27 -0700] "GET /wp-content/uploads/2013/10/IMG_0754.jpg HTTP/1.1" 200 89586 "-" "Mozilla/5.0 (compatible; bingbot/2.0; +http://www.bing.com/bingbot.htm)" 
5.188.84.220 - - [27/Jun/2020:16:01:13 -0700] "GET /2013/pasta-madre-day-2013/ HTTP/1.0" 200 32496 "https://www.fornacalia.com/2013/pasta-madre-day-2013/#comment-1801/" "Mozilla/5.0 (Windows NT 6.1; Win64; x64) AppleWebKit/537.36 (KHTML, like Gecko) Chrome/66.0.3359.181 Safari/537.36" 
5.188.84.220 - - [27/Jun/2020:16:01:15 -0700] "POST /wp-comments-post.php HTTP/1.0" 302 3874 "https://www.fornacalia.com/2013/pasta-madre-day-2013/#comment-1801/" "Mozilla/5.0 (Windows NT 6.1; Win64; x64) AppleWebKit/537.36 (KHTML, like Gecko) Chrome/66.0.3359.181 Safari/537.36" 
5.188.84.15 - - [27/Jun/2020:16:05:25 -0700] "GET /2013/pasta-madre-day-2013/ HTTP/1.0" 200 32496 "https://www.fornacalia.com/2013/pasta-madre-day-2013/#comment-1801/" "Mozilla/5.0 (Windows NT 10.0; Win64; x64) AppleWebKit/537.36 (KHTML, like Gecko) Chrome/67.0.3396.87 Safari/537.36 OPR/54.0.2952.71" 
5.188.84.15 - - [27/Jun/2020:16:05:26 -0700] "POST /wp-comments-post.php HTTP/1.0" 302 3874 "https://www.fornacalia.com/2013/pasta-madre-day-2013/#comment-1801/" "Mozilla/5.0 (Windows NT 10.0; Win64; x64) AppleWebKit/537.36 (KHTML, like Gecko) Chrome/67.0.3396.87 Safari/537.36 OPR/54.0.2952.71" 
5.188.84.65 - - [27/Jun/2020:16:08:00 -0700] "GET /2013/pasta-madre-day-2013/ HTTP/1.0" 200 32496 "https://www.fornacalia.com/2013/pasta-madre-day-2013/#comment-1801/" "Mozilla/5.0 (Windows NT 10.0; Win64; x64) AppleWebKit/537.36 (KHTML, like Gecko) Chrome/64.0.3282.140 Safari/537.36 Edge/17.17134" 
5.188.84.65 - - [27/Jun/2020:16:08:01 -0700] "POST /wp-comments-post.php HTTP/1.0" 302 3874 "https://www.fornacalia.com/2013/pasta-madre-day-2013/#comment-1801/" "Mozilla/5.0 (Windows NT 10.0; Win64; x64) AppleWebKit/537.36 (KHTML, like Gecko) Chrome/64.0.3282.140 Safari/537.36 Edge/17.17134" 
5.188.84.220 - - [27/Jun/2020:16:15:21 -0700] "GET /2013/pasta-madre-day-2013/ HTTP/1.0" 200 32496 "https://www.fornacalia.com/2013/pasta-madre-day-2013/#comment-1801/" "Mozilla/5.0 (Windows NT 10.0; Win64; x64) AppleWebKit/537.36 (KHTML, like Gecko) Chrome/66.0.3359.181 Safari/537.36" 
5.188.84.220 - - [27/Jun/2020:16:15:23 -0700] "POST /wp-comments-post.php HTTP/1.0" 302 3874 "https://www.fornacalia.com/2013/pasta-madre-day-2013/#comment-1801/" "Mozilla/5.0 (Windows NT 10.0; Win64; x64) AppleWebKit/537.36 (KHTML, like Gecko) Chrome/66.0.3359.181 Safari/537.36" 
157.55.39.120 - - [27/Jun/2020:16:16:35 -0700] "GET /wp-content/uploads/2016/08/carrots.png HTTP/1.1" 200 1024794 "-" "Mozilla/5.0 (compatible; bingbot/2.0; +http://www.bing.com/bingbot.htm)" 
157.55.39.90 - - [27/Jun/2020:16:19:22 -0700] "GET /wp-content/uploads/2019/04/four-students-1024x616.png HTTP/1.1" 200 960150 "-" "Mozilla/5.0 (compatible; bingbot/2.0; +http://www.bing.com/bingbot.htm)" 
66.249.70.77 - - [27/Jun/2020:16:19:47 -0700] "GET /2020/sourdough-bagels/ HTTP/1.1" 200 14782 "-" "Mozilla/5.0 (Linux; Android 6.0.1; Nexus 5X Build/MMB29P) AppleWebKit/537.36 (KHTML, like Gecko) Chrome/80.0.3987.92 Mobile Safari/537.36 (compatible; Googlebot/2.1; +http://www.google.com/bot.html)" 
103.131.71.29 - - [27/Jun/2020:16:22:38 -0700] "GET /wp-content/uploads/2018/02/panis-quadratus.png HTTP/1.1" 304 3350 "-" "Mozilla/5.0 (compatible; coccocbot-image/1.0; +http://help.coccoc.com/searchengine)" 
66.249.83.42 - - [27/Jun/2020:16:23:38 -0700] "GET /wp-content/uploads/2017/12/cropped-forno-favicon-192x192.png HTTP/1.1" 200 25287 "-" "Mozilla/5.0 (X11; Linux x86_64) AppleWebKit/537.36 (KHTML, like Gecko) Chrome/49.0.2623.75 Safari/537.36 Google Favicon" 
5.188.84.147 - - [27/Jun/2020:16:29:28 -0700] "GET /2013/pasta-madre-day-2013/ HTTP/1.0" 200 32496 "https://www.fornacalia.com/2013/pasta-madre-day-2013/#comment-1801/" "Mozilla/5.0 (Windows NT 10.0; Win64; x64) AppleWebKit/537.36 (KHTML, like Gecko) Chrome/64.0.3282.140 Safari/537.36 Edge/17.17134" 
5.188.84.147 - - [27/Jun/2020:16:29:30 -0700] "POST /wp-comments-post.php HTTP/1.0" 302 3874 "https://www.fornacalia.com/2013/pasta-madre-day-2013/#comment-1801/" "Mozilla/5.0 (Windows NT 10.0; Win64; x64) AppleWebKit/537.36 (KHTML, like Gecko) Chrome/64.0.3282.140 Safari/537.36 Edge/17.17134" 
37.131.117.92 - - [27/Jun/2020:16:31:20 -0700] "POST /xmlrpc.php HTTP/1.1" 301 4152 "-" "Mozilla/4.0 (compatible; MSIE 6.0; Windows NT 5.0)" 
37.131.117.92 - - [27/Jun/2020:16:31:21 -0700] "GET /xmlrpc.php HTTP/1.1" 405 3948 "-" "Mozilla/4.0 (compatible; MSIE 6.0; Windows NT 5.0)" 
114.119.165.86 - - [27/Jun/2020:16:31:31 -0700] "GET /category/gleanings/page/4/ HTTP/1.1" 200 13158 "-" "Mozilla/5.0 (Linux; Android 7.0;) AppleWebKit/537.36 (KHTML, like Gecko) Mobile Safari/537.36 (compatible; PetalBot;+https://aspiegel.com/petalbot)" 
5.188.84.45 - - [27/Jun/2020:16:33:30 -0700] "GET /2013/pasta-madre-day-2013/ HTTP/1.0" 200 32496 "https://www.fornacalia.com/2013/pasta-madre-day-2013/#comment-1801/" "Mozilla/5.0 (Windows NT 10.0; Win64; x64) AppleWebKit/537.36 (KHTML, like Gecko) Chrome/66.0.3359.170 Safari/537.36 OPR/53.0.2907.99" 
5.188.84.45 - - [27/Jun/2020:16:33:31 -0700] "POST /wp-comments-post.php HTTP/1.0" 302 3874 "https://www.fornacalia.com/2013/pasta-madre-day-2013/#comment-1801/" "Mozilla/5.0 (Windows NT 10.0; Win64; x64) AppleWebKit/537.36 (KHTML, like Gecko) Chrome/66.0.3359.170 Safari/537.36 OPR/53.0.2907.99" 
5.188.84.233 - - [27/Jun/2020:16:34:47 -0700] "GET /2013/pasta-madre-day-2013/ HTTP/1.0" 200 32496 "https://www.fornacalia.com/2013/pasta-madre-day-2013/#comment-1801/" "Mozilla/5.0 (Windows NT 6.1; Win64; x64) AppleWebKit/537.36 (KHTML, like Gecko) Chrome/68.0.3440.106 Safari/537.36 OPR/55.0.2994.44" 
