5.188.84.45 - - [26/Jun/2020:10:20:45 -0700] "POST /wp-comments-post.php HTTP/1.0" 302 3874 "https://www.fornacalia.com/2013/pasta-madre-day-2013/#comment-1801/" "Mozilla/5.0 (Windows NT 6.1; Win64; x64) AppleWebKit/537.36 (KHTML, like Gecko) Chrome/67.0.3396.79 Safari/537.36" 
114.119.165.219 - - [26/Jun/2020:10:21:16 -0700] "GET /wp-content/uploads/2018/01/palanga-steaming.jpg HTTP/1.1" 200 124343 "-" "Mozilla/5.0 (Linux; Android 7.0;) AppleWebKit/537.36 (KHTML, like Gecko) Mobile Safari/537.36 (compatible; PetalBot;+https://aspiegel.com/petalbot)" 
54.36.149.102 - - [26/Jun/2020:10:21:21 -0700] "GET /18-300x300/trackback/ HTTP/1.1" 302 4072 "-" "Mozilla/5.0 (compatible; AhrefsBot/6.1; +http://ahrefs.com/robot/)" 
183.88.243.85 - - [26/Jun/2020:10:22:14 -0700] "POST /wp-login.php HTTP/1.1" 200 8020 "http://www.fornacalia.com/wp-login.php" "Mozilla/5.0 (Windows NT 6.1; rv:60.0) Gecko/20100101 Firefox/60.0" 
183.88.243.85 - - [26/Jun/2020:10:22:15 -0700] "POST /wp-login.php HTTP/1.1" 200 4916 "http://www.fornacalia.com/wp-login.php" "Mozilla/5.0 (Windows NT 6.1; rv:60.0) Gecko/20100101 Firefox/60.0" 
183.88.243.85 - - [26/Jun/2020:10:22:16 -0700] "POST /wp-login.php HTTP/1.1" 200 4916 "http://www.fornacalia.com/wp-login.php" "Mozilla/5.0 (Windows NT 6.1; rv:60.0) Gecko/20100101 Firefox/60.0" 
183.88.243.85 - - [26/Jun/2020:10:22:17 -0700] "POST /wp-login.php HTTP/1.1" 200 4916 "http://www.fornacalia.com/wp-login.php" "Mozilla/5.0 (Windows NT 6.1; rv:60.0) Gecko/20100101 Firefox/60.0" 
183.88.243.85 - - [26/Jun/2020:10:22:17 -0700] "POST /wp-login.php HTTP/1.1" 200 4916 "http://www.fornacalia.com/wp-login.php" "Mozilla/5.0 (Windows NT 6.1; rv:60.0) Gecko/20100101 Firefox/60.0" 
183.88.243.85 - - [26/Jun/2020:10:22:18 -0700] "POST /wp-login.php HTTP/1.1" 200 4916 "http://www.fornacalia.com/wp-login.php" "Mozilla/5.0 (Windows NT 6.1; rv:60.0) Gecko/20100101 Firefox/60.0" 
183.88.243.85 - - [26/Jun/2020:10:22:19 -0700] "POST /wp-login.php HTTP/1.1" 200 4916 "http://www.fornacalia.com/wp-login.php" "Mozilla/5.0 (Windows NT 6.1; rv:60.0) Gecko/20100101 Firefox/60.0" 
183.88.243.85 - - [26/Jun/2020:10:22:19 -0700] "POST /wp-login.php HTTP/1.1" 200 4916 "http://www.fornacalia.com/wp-login.php" "Mozilla/5.0 (Windows NT 6.1; rv:60.0) Gecko/20100101 Firefox/60.0" 
183.88.243.85 - - [26/Jun/2020:10:22:20 -0700] "POST /wp-login.php HTTP/1.1" 200 4916 "http://www.fornacalia.com/wp-login.php" "Mozilla/5.0 (Windows NT 6.1; rv:60.0) Gecko/20100101 Firefox/60.0" 
183.88.243.85 - - [26/Jun/2020:10:22:21 -0700] "POST /wp-login.php HTTP/1.1" 200 4916 "http://www.fornacalia.com/wp-login.php" "Mozilla/5.0 (Windows NT 6.1; rv:60.0) Gecko/20100101 Firefox/60.0" 
183.88.243.85 - - [26/Jun/2020:10:22:22 -0700] "POST /wp-login.php HTTP/1.1" 500 1564 "http://www.fornacalia.com/wp-login.php" "Mozilla/5.0 (Windows NT 6.1; rv:60.0) Gecko/20100101 Firefox/60.0" 
66.249.70.79 - - [26/Jun/2020:10:30:38 -0700] "GET /i-can-teach-you-to-make-good-bread/ HTTP/1.1" 200 10435 "-" "Mozilla/5.0 (compatible; Googlebot/2.1; +http://www.google.com/bot.html)" 
5.188.84.233 - - [26/Jun/2020:10:36:56 -0700] "GET /2013/pasta-madre-day-2013/ HTTP/1.0" 200 32496 "https://www.fornacalia.com/2013/pasta-madre-day-2013/#comment-1801/" "Mozilla/5.0 (Windows NT 10.0; Win64; x64) AppleWebKit/537.36 (KHTML, like Gecko) Chrome/65.0.3325.181 Safari/537.36" 
5.188.84.233 - - [26/Jun/2020:10:36:58 -0700] "POST /wp-comments-post.php HTTP/1.0" 302 3874 "https://www.fornacalia.com/2013/pasta-madre-day-2013/#comment-1801/" "Mozilla/5.0 (Windows NT 10.0; Win64; x64) AppleWebKit/537.36 (KHTML, like Gecko) Chrome/65.0.3325.181 Safari/537.36" 
5.188.84.35 - - [26/Jun/2020:10:39:01 -0700] "GET /2013/pasta-madre-day-2013/ HTTP/1.0" 200 32496 "https://www.fornacalia.com/2013/pasta-madre-day-2013/#comment-1801/" "Mozilla/5.0 (Windows NT 10.0; Win64; x64) AppleWebKit/537.36 (KHTML, like Gecko) Chrome/66.0.3359.181 Safari/537.36" 
5.188.84.35 - - [26/Jun/2020:10:39:02 -0700] "POST /wp-comments-post.php HTTP/1.0" 302 3874 "https://www.fornacalia.com/2013/pasta-madre-day-2013/#comment-1801/" "Mozilla/5.0 (Windows NT 10.0; Win64; x64) AppleWebKit/537.36 (KHTML, like Gecko) Chrome/66.0.3359.181 Safari/537.36" 
17.58.96.83 - - [26/Jun/2020:10:39:51 -0700] "GET /robots.txt HTTP/1.1" 200 4360 "-" "Mozilla/5.0 (Macintosh; Intel Mac OS X 10_15_5) AppleWebKit/605.1.15 (KHTML, like Gecko) Version/13.1.1 Safari/605.1.15 (Applebot/0.1; +http://www.apple.com/go/applebot)" 
17.58.102.79 - - [26/Jun/2020:10:39:52 -0700] "GET / HTTP/1.1" 200 19586 "-" "Mozilla/5.0 (Macintosh; Intel Mac OS X 10_15_5) AppleWebKit/605.1.15 (KHTML, like Gecko) Version/13.1.1 Safari/605.1.15 (Applebot/0.1; +http://www.apple.com/go/applebot)" 
5.188.84.15 - - [26/Jun/2020:10:39:55 -0700] "GET /2013/pasta-madre-day-2013/ HTTP/1.0" 200 32496 "https://www.fornacalia.com/2013/pasta-madre-day-2013/#comment-1801/" "Mozilla/5.0 (Windows NT 6.1; Win64; x64) AppleWebKit/537.36 (KHTML, like Gecko) Chrome/67.0.3396.87 Safari/537.36" 
5.188.84.15 - - [26/Jun/2020:10:39:56 -0700] "POST /wp-comments-post.php HTTP/1.0" 302 3874 "https://www.fornacalia.com/2013/pasta-madre-day-2013/#comment-1801/" "Mozilla/5.0 (Windows NT 6.1; Win64; x64) AppleWebKit/537.36 (KHTML, like Gecko) Chrome/67.0.3396.87 Safari/537.36" 
5.81.116.50 - - [26/Jun/2020:10:43:05 -0700] "POST /xmlrpc.php HTTP/1.1" 301 4152 "-" "Mozilla/4.0 (compatible; MSIE 6.0; Windows NT 5.0)" 
5.81.116.50 - - [26/Jun/2020:10:43:06 -0700] "GET /xmlrpc.php HTTP/1.1" 405 3948 "-" "Mozilla/4.0 (compatible; MSIE 6.0; Windows NT 5.0)" 
64.111.100.215 - - [26/Jun/2020:10:43:06 -0700] "POST /wp-cron.php?doing_wp_cron=1593193386.3595631122589111328125 HTTP/1.1" 200 3383 "https://www.fornacalia.com/wp-cron.php?doing_wp_cron=1593193386.3595631122589111328125" "WordPress/5.2.7; https://www.fornacalia.com" 
5.188.84.65 - - [26/Jun/2020:10:44:48 -0700] "GET /2013/pasta-madre-day-2013/ HTTP/1.0" 200 32496 "https://www.fornacalia.com/2013/pasta-madre-day-2013/#comment-1801/" "Mozilla/5.0 (Windows NT 5.1) AppleWebKit/537.36 (KHTML, like Gecko) Chrome/49.0.2623.112 Safari/537.36" 
5.188.84.65 - - [26/Jun/2020:10:44:49 -0700] "POST /wp-comments-post.php HTTP/1.0" 302 3874 "https://www.fornacalia.com/2013/pasta-madre-day-2013/#comment-1801/" "Mozilla/5.0 (Windows NT 5.1) AppleWebKit/537.36 (KHTML, like Gecko) Chrome/49.0.2623.112 Safari/537.36" 
66.249.70.75 - - [26/Jun/2020:10:49:51 -0700] "GET /favicon.ico HTTP/1.1" 200 4040 "-" "Googlebot-Image/1.0" 
5.81.116.50 - - [26/Jun/2020:10:51:24 -0700] "POST /xmlrpc.php HTTP/1.1" 301 4152 "-" "Mozilla/4.0 (compatible; MSIE 6.0; Windows NT 5.0)" 
5.81.116.50 - - [26/Jun/2020:10:51:25 -0700] "GET /xmlrpc.php HTTP/1.1" 405 3948 "-" "Mozilla/4.0 (compatible; MSIE 6.0; Windows NT 5.0)" 
5.188.84.45 - - [26/Jun/2020:10:52:00 -0700] "GET /2013/pasta-madre-day-2013/ HTTP/1.0" 200 32496 "https://www.fornacalia.com/2013/pasta-madre-day-2013/#comment-1801/" "Mozilla/5.0 (Windows NT 6.1) AppleWebKit/537.36 (KHTML, like Gecko) Chrome/66.0.3359.181 Safari/537.36 Kinza/4.7.2" 
5.188.84.45 - - [26/Jun/2020:10:52:01 -0700] "POST /wp-comments-post.php HTTP/1.0" 302 3874 "https://www.fornacalia.com/2013/pasta-madre-day-2013/#comment-1801/" "Mozilla/5.0 (Windows NT 6.1) AppleWebKit/537.36 (KHTML, like Gecko) Chrome/66.0.3359.181 Safari/537.36 Kinza/4.7.2" 
5.81.116.50 - - [26/Jun/2020:10:52:58 -0700] "POST /xmlrpc.php HTTP/1.1" 301 4152 "-" "Mozilla/4.0 (compatible; MSIE 6.0; Windows NT 5.0)" 
5.81.116.50 - - [26/Jun/2020:10:52:59 -0700] "GET /xmlrpc.php HTTP/1.1" 405 3948 "-" "Mozilla/4.0 (compatible; MSIE 6.0; Windows NT 5.0)" 
77.75.76.168 - - [26/Jun/2020:10:58:12 -0700] "GET /robots.txt HTTP/1.1" 200 3865 "-" "Mozilla/5.0 (compatible; SeznamBot/3.2; +http://napoveda.seznam.cz/en/seznambot-intro/)" 
77.75.76.168 - - [26/Jun/2020:10:58:13 -0700] "GET /wp-content/uploads/2018/01/palanga-baths.jpg HTTP/1.1" 304 3376 "-" "Mozilla/5.0 (compatible; SeznamBot/3.2; +http://napoveda.seznam.cz/en/seznambot-intro/)" 
5.188.84.35 - - [26/Jun/2020:10:59:29 -0700] "GET /2013/pasta-madre-day-2013/ HTTP/1.0" 200 32496 "https://www.fornacalia.com/2013/pasta-madre-day-2013/#comment-1801/" "Mozilla/5.0 (Windows NT 10.0) AppleWebKit/537.36 (KHTML, like Gecko) Chrome/67.0.3396.99 Safari/537.36" 
5.188.84.35 - - [26/Jun/2020:10:59:30 -0700] "POST /wp-comments-post.php HTTP/1.0" 302 3874 "https://www.fornacalia.com/2013/pasta-madre-day-2013/#comment-1801/" "Mozilla/5.0 (Windows NT 10.0) AppleWebKit/537.36 (KHTML, like Gecko) Chrome/67.0.3396.99 Safari/537.36" 
5.81.116.50 - - [26/Jun/2020:11:02:19 -0700] "POST /xmlrpc.php HTTP/1.1" 301 4152 "-" "Mozilla/4.0 (compatible; MSIE 6.0; Windows NT 5.0)" 
5.81.116.50 - - [26/Jun/2020:11:02:20 -0700] "GET /xmlrpc.php HTTP/1.1" 405 3948 "-" "Mozilla/4.0 (compatible; MSIE 6.0; Windows NT 5.0)" 
5.188.84.220 - - [26/Jun/2020:11:05:22 -0700] "GET /2013/pasta-madre-day-2013/ HTTP/1.0" 200 32496 "https://www.fornacalia.com/2013/pasta-madre-day-2013/#comment-1801/" "Mozilla/5.0 (Windows NT 6.1; Win64; x64) AppleWebKit/537.36 (KHTML, like Gecko) Chrome/67.0.3396.87 Safari/537.36 OPR/54.0.2952.54" 
5.188.84.220 - - [26/Jun/2020:11:05:23 -0700] "POST /wp-comments-post.php HTTP/1.0" 302 3874 "https://www.fornacalia.com/2013/pasta-madre-day-2013/#comment-1801/" "Mozilla/5.0 (Windows NT 6.1; Win64; x64) AppleWebKit/537.36 (KHTML, like Gecko) Chrome/67.0.3396.87 Safari/537.36 OPR/54.0.2952.54" 
5.188.84.147 - - [26/Jun/2020:11:06:09 -0700] "GET /2013/pasta-madre-day-2013/ HTTP/1.0" 200 32496 "https://www.fornacalia.com/2013/pasta-madre-day-2013/#comment-1801/" "Mozilla/5.0 (Windows NT 10.0; Win64; x64) AppleWebKit/537.36 (KHTML, like Gecko) Chrome/68.0.3440.106 Safari/537.36 OPR/55.0.2994.44" 
5.188.84.147 - - [26/Jun/2020:11:06:10 -0700] "POST /wp-comments-post.php HTTP/1.0" 302 3874 "https://www.fornacalia.com/2013/pasta-madre-day-2013/#comment-1801/" "Mozilla/5.0 (Windows NT 10.0; Win64; x64) AppleWebKit/537.36 (KHTML, like Gecko) Chrome/68.0.3440.106 Safari/537.36 OPR/55.0.2994.44" 
5.188.84.15 - - [26/Jun/2020:11:07:12 -0700] "GET /2013/pasta-madre-day-2013/ HTTP/1.0" 200 32496 "https://www.fornacalia.com/2013/pasta-madre-day-2013/#comment-1801/" "Mozilla/5.0 (Windows NT 6.1; Win64; x64) AppleWebKit/537.36 (KHTML, like Gecko) Chrome/68.0.3440.106 Safari/537.36" 
5.188.84.15 - - [26/Jun/2020:11:07:13 -0700] "POST /wp-comments-post.php HTTP/1.0" 302 3874 "https://www.fornacalia.com/2013/pasta-madre-day-2013/#comment-1801/" "Mozilla/5.0 (Windows NT 6.1; Win64; x64) AppleWebKit/537.36 (KHTML, like Gecko) Chrome/68.0.3440.106 Safari/537.36" 
77.88.5.71 - - [26/Jun/2020:11:07:44 -0700] "GET /robots.txt HTTP/1.1" 200 3853 "-" "Mozilla/5.0 (compatible; YandexBot/3.0; +http://yandex.com/bots)" 
77.88.5.71 - - [26/Jun/2020:11:07:48 -0700] "GET /wp-content/uploads/2017/12/cropped-forno-favicon-32x32.png HTTP/1.1" 200 4506 "-" "Mozilla/5.0 (compatible; YandexBot/3.0; +http://yandex.com/bots)" 
5.188.84.25 - - [26/Jun/2020:11:08:09 -0700] "GET /2013/pasta-madre-day-2013/ HTTP/1.0" 200 32496 "https://www.fornacalia.com/2013/pasta-madre-day-2013/#comment-1801/" "Mozilla/5.0 (Windows NT 6.1) AppleWebKit/537.36 (KHTML, like Gecko) Chrome/66.0.3359.181 Safari/537.36 Kinza/4.7.2" 
5.188.84.25 - - [26/Jun/2020:11:08:10 -0700] "POST /wp-comments-post.php HTTP/1.0" 302 3874 "https://www.fornacalia.com/2013/pasta-madre-day-2013/#comment-1801/" "Mozilla/5.0 (Windows NT 6.1) AppleWebKit/537.36 (KHTML, like Gecko) Chrome/66.0.3359.181 Safari/537.36 Kinza/4.7.2" 
114.119.161.162 - - [26/Jun/2020:11:12:52 -0700] "GET /wp-content/uploads/2018/02/khubz-2.png HTTP/1.1" 200 911977 "-" "Mozilla/5.0 (Linux; Android 7.0;) AppleWebKit/537.36 (KHTML, like Gecko) Mobile Safari/537.36 (compatible; PetalBot;+https://aspiegel.com/petalbot)" 
17.58.102.79 - - [26/Jun/2020:11:13:53 -0700] "GET /page/5/ HTTP/1.1" 200 16417 "-" "Mozilla/5.0 (Macintosh; Intel Mac OS X 10_15_5) AppleWebKit/605.1.15 (KHTML, like Gecko) Version/13.1.1 Safari/605.1.15 (Applebot/0.1; +http://www.apple.com/go/applebot)" 
5.188.84.220 - - [26/Jun/2020:11:15:55 -0700] "GET /2013/pasta-madre-day-2013/ HTTP/1.0" 200 32496 "https://www.fornacalia.com/2013/pasta-madre-day-2013/#comment-1801/" "Mozilla/5.0 (Windows NT 10.0; Win64; x64) AppleWebKit/537.36 (KHTML, like Gecko) Chrome/67.0.3396.87 Safari/537.36" 
5.188.84.220 - - [26/Jun/2020:11:15:56 -0700] "POST /wp-comments-post.php HTTP/1.0" 302 3874 "https://www.fornacalia.com/2013/pasta-madre-day-2013/#comment-1801/" "Mozilla/5.0 (Windows NT 10.0; Win64; x64) AppleWebKit/537.36 (KHTML, like Gecko) Chrome/67.0.3396.87 Safari/537.36" 
5.188.84.25 - - [26/Jun/2020:11:18:22 -0700] "GET /2013/pasta-madre-day-2013/ HTTP/1.0" 200 32496 "https://www.fornacalia.com/2013/pasta-madre-day-2013/#comment-1801/" "Mozilla/5.0 (Windows NT 6.1) AppleWebKit/537.36 (KHTML, like Gecko) Chrome/68.0.3440.106 Safari/537.36" 
5.188.84.25 - - [26/Jun/2020:11:18:23 -0700] "POST /wp-comments-post.php HTTP/1.0" 302 3874 "https://www.fornacalia.com/2013/pasta-madre-day-2013/#comment-1801/" "Mozilla/5.0 (Windows NT 6.1) AppleWebKit/537.36 (KHTML, like Gecko) Chrome/68.0.3440.106 Safari/537.36" 
5.188.84.233 - - [26/Jun/2020:11:20:54 -0700] "GET /2013/pasta-madre-day-2013/ HTTP/1.0" 200 32496 "https://www.fornacalia.com/2013/pasta-madre-day-2013/#comment-1801/" "Mozilla/5.0 (Windows NT 6.1; WOW64) AppleWebKit/537.36 (KHTML, like Gecko) Chrome/67.0.3396.87 Safari/537.36 OPR/54.0.2952.64 (Edition Yx)" 
5.188.84.233 - - [26/Jun/2020:11:20:55 -0700] "POST /wp-comments-post.php HTTP/1.0" 302 3874 "https://www.fornacalia.com/2013/pasta-madre-day-2013/#comment-1801/" "Mozilla/5.0 (Windows NT 6.1; WOW64) AppleWebKit/537.36 (KHTML, like Gecko) Chrome/67.0.3396.87 Safari/537.36 OPR/54.0.2952.64 (Edition Yx)" 
178.159.37.155 - - [26/Jun/2020:11:24:33 -0700] "GET /2013/pasta-madre-day-2013/ HTTP/1.1" 200 13420 "-" "Mozilla/5.0 (Windows NT 6.3; WOW64) AppleWebKit/537.36 (KHTML, like Gecko) Chrome/65.0.3325.181 Safari/537.36 OPR/52.0.2871.64" 
5.188.84.65 - - [26/Jun/2020:11:24:47 -0700] "GET /2013/pasta-madre-day-2013/ HTTP/1.0" 200 32496 "https://www.fornacalia.com/2013/pasta-madre-day-2013/#comment-1801/" "Mozilla/5.0 (Windows NT 6.1) AppleWebKit/537.36 (KHTML, like Gecko) Chrome/67.0.3396.99 Safari/537.36 Kinza/4.8.2" 
5.188.84.65 - - [26/Jun/2020:11:24:48 -0700] "POST /wp-comments-post.php HTTP/1.0" 302 3874 "https://www.fornacalia.com/2013/pasta-madre-day-2013/#comment-1801/" "Mozilla/5.0 (Windows NT 6.1) AppleWebKit/537.36 (KHTML, like Gecko) Chrome/67.0.3396.99 Safari/537.36 Kinza/4.8.2" 
194.68.44.92 - - [26/Jun/2020:11:31:12 -0700] "GET /2013/pasta-madre-day-2013/ HTTP/1.0" 200 32496 "https://www.fornacalia.com/2013/pasta-madre-day-2013/#comment-53986" "Mozilla/5.0 (Windows NT 10.0; Win64; x64) AppleWebKit/537.36 (KHTML, like Gecko) Chrome/67.0.3396.87 Safari/537.36 OPR/54.0.2952.71" 
5.188.84.147 - - [26/Jun/2020:11:36:33 -0700] "GET /2013/pasta-madre-day-2013/ HTTP/1.0" 200 32496 "https://www.fornacalia.com/2013/pasta-madre-day-2013/#comment-1801/" "Mozilla/5.0 (Windows NT 10.0; Win64; x64) AppleWebKit/537.36 (KHTML, like Gecko) Chrome/68.0.3440.106 Safari/537.36" 
5.188.84.147 - - [26/Jun/2020:11:36:34 -0700] "POST /wp-comments-post.php HTTP/1.0" 302 3874 "https://www.fornacalia.com/2013/pasta-madre-day-2013/#comment-1801/" "Mozilla/5.0 (Windows NT 10.0; Win64; x64) AppleWebKit/537.36 (KHTML, like Gecko) Chrome/68.0.3440.106 Safari/537.36" 
5.188.84.45 - - [26/Jun/2020:11:41:25 -0700] "GET /2013/pasta-madre-day-2013/ HTTP/1.0" 200 32496 "https://www.fornacalia.com/2013/pasta-madre-day-2013/#comment-1801/" "Mozilla/5.0 (Windows NT 10.0; Win64; x64) AppleWebKit/537.36 (KHTML, like Gecko) Chrome/67.0.3396.87 Safari/537.36 OPR/54.0.2952.51" 
5.188.84.45 - - [26/Jun/2020:11:41:26 -0700] "POST /wp-comments-post.php HTTP/1.0" 302 3874 "https://www.fornacalia.com/2013/pasta-madre-day-2013/#comment-1801/" "Mozilla/5.0 (Windows NT 10.0; Win64; x64) AppleWebKit/537.36 (KHTML, like Gecko) Chrome/67.0.3396.87 Safari/537.36 OPR/54.0.2952.51" 
17.58.102.79 - - [26/Jun/2020:11:51:34 -0700] "GET /2017/workshops-in-washington-dc HTTP/1.1" 301 4344 "-" "Mozilla/5.0 (Macintosh; Intel Mac OS X 10_15_5) AppleWebKit/605.1.15 (KHTML, like Gecko) Version/13.1.1 Safari/605.1.15 (Applebot/0.1; +http://www.apple.com/go/applebot)" 
17.58.102.79 - - [26/Jun/2020:11:51:36 -0700] "GET /2017/workshops-in-washington-dc/ HTTP/1.1" 200 9210 "-" "Mozilla/5.0 (Macintosh; Intel Mac OS X 10_15_5) AppleWebKit/605.1.15 (KHTML, like Gecko) Version/13.1.1 Safari/605.1.15 (Applebot/0.1; +http://www.apple.com/go/applebot)" 
64.111.100.215 - - [26/Jun/2020:11:51:35 -0700] "POST /wp-cron.php?doing_wp_cron=1593197494.8702878952026367187500 HTTP/1.1" 200 3383 "https://www.fornacalia.com/wp-cron.php?doing_wp_cron=1593197494.8702878952026367187500" "WordPress/5.2.7; https://www.fornacalia.com" 
5.188.84.233 - - [26/Jun/2020:11:54:26 -0700] "GET /2013/pasta-madre-day-2013/ HTTP/1.0" 200 32496 "https://www.fornacalia.com/2013/pasta-madre-day-2013/#comment-1801/" "Mozilla/5.0 (Windows NT 6.1; Win64; x64) AppleWebKit/537.36 (KHTML, like Gecko) Chrome/66.0.3359.170 Safari/537.36 OPR/53.0.2907.106" 
5.188.84.233 - - [26/Jun/2020:11:54:27 -0700] "POST /wp-comments-post.php HTTP/1.0" 302 3874 "https://www.fornacalia.com/2013/pasta-madre-day-2013/#comment-1801/" "Mozilla/5.0 (Windows NT 6.1; Win64; x64) AppleWebKit/537.36 (KHTML, like Gecko) Chrome/66.0.3359.170 Safari/537.36 OPR/53.0.2907.106" 
5.188.84.35 - - [26/Jun/2020:11:58:29 -0700] "GET /2013/pasta-madre-day-2013/ HTTP/1.0" 200 32496 "https://www.fornacalia.com/2013/pasta-madre-day-2013/#comment-1801/" "Mozilla/5.0 (Windows NT 10.0; Win64; x64) AppleWebKit/537.36 (KHTML, like Gecko) Chrome/67.0.3396.87 Safari/537.36 OPR/54.0.2952.51" 
5.188.84.35 - - [26/Jun/2020:11:58:30 -0700] "POST /wp-comments-post.php HTTP/1.0" 302 3874 "https://www.fornacalia.com/2013/pasta-madre-day-2013/#comment-1801/" "Mozilla/5.0 (Windows NT 10.0; Win64; x64) AppleWebKit/537.36 (KHTML, like Gecko) Chrome/67.0.3396.87 Safari/537.36 OPR/54.0.2952.51" 
5.188.84.15 - - [26/Jun/2020:11:58:58 -0700] "GET /2013/pasta-madre-day-2013/ HTTP/1.0" 200 32496 "https://www.fornacalia.com/2013/pasta-madre-day-2013/#comment-1801/" "Mozilla/5.0 (Windows NT 6.3; Win64; x64) AppleWebKit/537.36 (KHTML, like Gecko) Chrome/67.0.3396.87 Safari/537.36" 
5.188.84.15 - - [26/Jun/2020:11:59:00 -0700] "POST /wp-comments-post.php HTTP/1.0" 302 3874 "https://www.fornacalia.com/2013/pasta-madre-day-2013/#comment-1801/" "Mozilla/5.0 (Windows NT 6.3; Win64; x64) AppleWebKit/537.36 (KHTML, like Gecko) Chrome/67.0.3396.87 Safari/537.36" 
114.119.160.9 - - [26/Jun/2020:12:00:11 -0700] "GET /2014/fornacalia-revisited HTTP/1.1" 301 3750 "-" "Mozilla/5.0 (Linux; Android 7.0;) AppleWebKit/537.36 (KHTML, like Gecko) Mobile Safari/537.36 (compatible; PetalBot;+https://aspiegel.com/petalbot)" 
114.119.160.9 - - [26/Jun/2020:12:00:12 -0700] "GET /2014/fornacalia-revisited/ HTTP/1.1" 200 10601 "-" "Mozilla/5.0 (Linux; Android 7.0;) AppleWebKit/537.36 (KHTML, like Gecko) Mobile Safari/537.36 (compatible; PetalBot;+https://aspiegel.com/petalbot)" 
5.188.84.65 - - [26/Jun/2020:12:04:46 -0700] "GET /2013/pasta-madre-day-2013/ HTTP/1.0" 200 32496 "https://www.fornacalia.com/2013/pasta-madre-day-2013/#comment-1801/" "Mozilla/5.0 (Windows NT 10.0; Win64; x64) AppleWebKit/537.36 (KHTML, like Gecko) Chrome/67.0.3396.99 Safari/537.36" 
5.188.84.65 - - [26/Jun/2020:12:04:47 -0700] "POST /wp-comments-post.php HTTP/1.0" 302 3874 "https://www.fornacalia.com/2013/pasta-madre-day-2013/#comment-1801/" "Mozilla/5.0 (Windows NT 10.0; Win64; x64) AppleWebKit/537.36 (KHTML, like Gecko) Chrome/67.0.3396.99 Safari/537.36" 
114.119.165.86 - - [26/Jun/2020:12:05:27 -0700] "GET /2016/sultanas-and-pine-nuts-again HTTP/1.1" 301 3758 "-" "Mozilla/5.0 (Linux; Android 7.0;) AppleWebKit/537.36 (KHTML, like Gecko) Mobile Safari/537.36 (compatible; PetalBot;+https://aspiegel.com/petalbot)" 
114.119.165.86 - - [26/Jun/2020:12:05:28 -0700] "GET /2016/sultanas-and-pine-nuts-again/ HTTP/1.1" 200 11877 "-" "Mozilla/5.0 (Linux; Android 7.0;) AppleWebKit/537.36 (KHTML, like Gecko) Mobile Safari/537.36 (compatible; PetalBot;+https://aspiegel.com/petalbot)" 
77.88.5.55 - - [26/Jun/2020:12:05:32 -0700] "GET /favicon.ico HTTP/1.1" 200 3496 "-" "Mozilla/5.0 (compatible; YandexBot/3.0; +http://yandex.com/bots)" 
17.58.102.79 - - [26/Jun/2020:12:09:35 -0700] "GET /2018/a-rustic-bread-for-fornacalia/ HTTP/1.1" 200 14594 "-" "Mozilla/5.0 (Macintosh; Intel Mac OS X 10_15_5) AppleWebKit/605.1.15 (KHTML, like Gecko) Version/13.1.1 Safari/605.1.15 (Applebot/0.1; +http://www.apple.com/go/applebot)" 
114.119.165.86 - - [26/Jun/2020:12:11:40 -0700] "GET /category/gleanings/page/3 HTTP/1.1" 301 3750 "-" "Mozilla/5.0 (Linux; Android 7.0;) AppleWebKit/537.36 (KHTML, like Gecko) Mobile Safari/537.36 (compatible; PetalBot;+https://aspiegel.com/petalbot)" 
114.119.165.86 - - [26/Jun/2020:12:11:41 -0700] "GET /category/gleanings/page/3/ HTTP/1.1" 200 14387 "-" "Mozilla/5.0 (Linux; Android 7.0;) AppleWebKit/537.36 (KHTML, like Gecko) Mobile Safari/537.36 (compatible; PetalBot;+https://aspiegel.com/petalbot)" 
5.188.84.45 - - [26/Jun/2020:12:12:06 -0700] "GET /2013/pasta-madre-day-2013/ HTTP/1.0" 200 32496 "https://www.fornacalia.com/2013/pasta-madre-day-2013/#comment-1801/" "Mozilla/5.0 (Windows NT 6.1; Win64; x64) AppleWebKit/537.36 (KHTML, like Gecko) Chrome/67.0.3396.87 Safari/537.36 OPR/54.0.2952.54" 
5.188.84.45 - - [26/Jun/2020:12:12:07 -0700] "POST /wp-comments-post.php HTTP/1.0" 302 3874 "https://www.fornacalia.com/2013/pasta-madre-day-2013/#comment-1801/" "Mozilla/5.0 (Windows NT 6.1; Win64; x64) AppleWebKit/537.36 (KHTML, like Gecko) Chrome/67.0.3396.87 Safari/537.36 OPR/54.0.2952.54" 
77.75.78.166 - - [26/Jun/2020:12:16:50 -0700] "GET /robots.txt HTTP/1.1" 200 3865 "-" "Mozilla/5.0 (compatible; SeznamBot/3.2; +http://napoveda.seznam.cz/en/seznambot-intro/)" 
77.75.78.166 - - [26/Jun/2020:12:16:52 -0700] "GET /wp-content/uploads/2017/12/croissant03.png HTTP/1.1" 304 3392 "-" "Mozilla/5.0 (compatible; SeznamBot/3.2; +http://napoveda.seznam.cz/en/seznambot-intro/)" 
5.188.84.35 - - [26/Jun/2020:12:19:11 -0700] "GET /2013/pasta-madre-day-2013/ HTTP/1.0" 200 32496 "https://www.fornacalia.com/2013/pasta-madre-day-2013/#comment-1801/" "Mozilla/5.0 (Windows NT 6.2; Win64; x64) AppleWebKit/537.36 (KHTML, like Gecko) Chrome/68.0.3440.106 Safari/537.36" 
5.188.84.35 - - [26/Jun/2020:12:19:12 -0700] "POST /wp-comments-post.php HTTP/1.0" 302 3874 "https://www.fornacalia.com/2013/pasta-madre-day-2013/#comment-1801/" "Mozilla/5.0 (Windows NT 6.2; Win64; x64) AppleWebKit/537.36 (KHTML, like Gecko) Chrome/68.0.3440.106 Safari/537.36" 
5.188.84.220 - - [26/Jun/2020:12:24:26 -0700] "GET /2013/pasta-madre-day-2013/ HTTP/1.0" 200 32496 "https://www.fornacalia.com/2013/pasta-madre-day-2013/#comment-1801/" "Mozilla/5.0 (Windows NT 6.1) AppleWebKit/537.36 (KHTML, like Gecko) Chrome/66.0.3359.181 Safari/537.36" 
5.188.84.220 - - [26/Jun/2020:12:24:27 -0700] "POST /wp-comments-post.php HTTP/1.0" 302 3874 "https://www.fornacalia.com/2013/pasta-madre-day-2013/#comment-1801/" "Mozilla/5.0 (Windows NT 6.1) AppleWebKit/537.36 (KHTML, like Gecko) Chrome/66.0.3359.181 Safari/537.36" 
5.188.84.15 - - [26/Jun/2020:12:26:07 -0700] "GET /2013/pasta-madre-day-2013/ HTTP/1.0" 200 32496 "https://www.fornacalia.com/2013/pasta-madre-day-2013/#comment-1801/" "Mozilla/5.0 (Windows NT 6.1) AppleWebKit/537.36 (KHTML, like Gecko) Chrome/67.0.3396.99 Safari/537.36" 
5.188.84.15 - - [26/Jun/2020:12:26:08 -0700] "POST /wp-comments-post.php HTTP/1.0" 302 3874 "https://www.fornacalia.com/2013/pasta-madre-day-2013/#comment-1801/" "Mozilla/5.0 (Windows NT 6.1) AppleWebKit/537.36 (KHTML, like Gecko) Chrome/67.0.3396.99 Safari/537.36" 
5.188.84.25 - - [26/Jun/2020:12:27:00 -0700] "GET /2013/pasta-madre-day-2013/ HTTP/1.0" 200 32496 "https://www.fornacalia.com/2013/pasta-madre-day-2013/#comment-1801/" "Mozilla/5.0 (Windows NT 6.1; Win64; x64) AppleWebKit/537.36 (KHTML, like Gecko) Chrome/66.0.3359.181 Safari/537.36" 
5.188.84.25 - - [26/Jun/2020:12:27:03 -0700] "POST /wp-comments-post.php HTTP/1.0" 302 3874 "https://www.fornacalia.com/2013/pasta-madre-day-2013/#comment-1801/" "Mozilla/5.0 (Windows NT 6.1; Win64; x64) AppleWebKit/537.36 (KHTML, like Gecko) Chrome/66.0.3359.181 Safari/537.36" 
5.188.84.147 - - [26/Jun/2020:12:27:40 -0700] "GET /2013/pasta-madre-day-2013/ HTTP/1.0" 200 32496 "https://www.fornacalia.com/2013/pasta-madre-day-2013/#comment-1801/" "Mozilla/5.0 (Windows NT 6.1; Win64; x64) AppleWebKit/537.36 (KHTML, like Gecko) Chrome/67.0.3396.87 Safari/537.36" 
5.188.84.147 - - [26/Jun/2020:12:27:41 -0700] "POST /wp-comments-post.php HTTP/1.0" 302 3874 "https://www.fornacalia.com/2013/pasta-madre-day-2013/#comment-1801/" "Mozilla/5.0 (Windows NT 6.1; Win64; x64) AppleWebKit/537.36 (KHTML, like Gecko) Chrome/67.0.3396.87 Safari/537.36" 
114.119.167.160 - - [26/Jun/2020:12:28:44 -0700] "GET /page/4/ HTTP/1.1" 200 19192 "-" "Mozilla/5.0 (Linux; Android 7.0;) AppleWebKit/537.36 (KHTML, like Gecko) Mobile Safari/537.36 (compatible; PetalBot;+https://aspiegel.com/petalbot)" 
114.119.164.131 - - [26/Jun/2020:12:33:57 -0700] "GET /wp-content/uploads/2019/01/do-nothing-baked-crumb.jpg HTTP/1.1" 200 315099 "-" "Mozilla/5.0 (Linux; Android 7.0;) AppleWebKit/537.36 (KHTML, like Gecko) Mobile Safari/537.36 (compatible; PetalBot;+https://aspiegel.com/petalbot)" 
5.188.84.220 - - [26/Jun/2020:12:35:03 -0700] "GET /2013/pasta-madre-day-2013/ HTTP/1.0" 200 32496 "https://www.fornacalia.com/2013/pasta-madre-day-2013/#comment-1801/" "Mozilla/5.0 (Windows NT 6.3; Win64; x64) AppleWebKit/537.36 (KHTML, like Gecko) Chrome/68.0.3440.84 Safari/537.36" 
5.188.84.220 - - [26/Jun/2020:12:35:07 -0700] "POST /wp-comments-post.php HTTP/1.0" 302 3874 "https://www.fornacalia.com/2013/pasta-madre-day-2013/#comment-1801/" "Mozilla/5.0 (Windows NT 6.3; Win64; x64) AppleWebKit/537.36 (KHTML, like Gecko) Chrome/68.0.3440.84 Safari/537.36" 
5.188.84.25 - - [26/Jun/2020:12:37:12 -0700] "GET /2013/pasta-madre-day-2013/ HTTP/1.0" 200 32496 "https://www.fornacalia.com/2013/pasta-madre-day-2013/#comment-1801/" "Mozilla/5.0 (Windows NT 6.1) AppleWebKit/537.36 (KHTML, like Gecko) Chrome/68.0.3440.106 Safari/537.36 Kinza/4.9.1" 
5.188.84.25 - - [26/Jun/2020:12:37:13 -0700] "POST /wp-comments-post.php HTTP/1.0" 302 3874 "https://www.fornacalia.com/2013/pasta-madre-day-2013/#comment-1801/" "Mozilla/5.0 (Windows NT 6.1) AppleWebKit/537.36 (KHTML, like Gecko) Chrome/68.0.3440.106 Safari/537.36 Kinza/4.9.1" 
5.188.84.233 - - [26/Jun/2020:12:38:21 -0700] "GET /2013/pasta-madre-day-2013/ HTTP/1.0" 200 32496 "https://www.fornacalia.com/2013/pasta-madre-day-2013/#comment-1801/" "Mozilla/5.0 (Windows NT 6.1; Win64; x64) AppleWebKit/537.36 (KHTML, like Gecko) Chrome/66.0.3359.170 Safari/537.36 OPR/53.0.2907.106" 
5.188.84.233 - - [26/Jun/2020:12:38:23 -0700] "POST /wp-comments-post.php HTTP/1.0" 302 3874 "https://www.fornacalia.com/2013/pasta-madre-day-2013/#comment-1801/" "Mozilla/5.0 (Windows NT 6.1; Win64; x64) AppleWebKit/537.36 (KHTML, like Gecko) Chrome/66.0.3359.170 Safari/537.36 OPR/53.0.2907.106" 
5.188.84.65 - - [26/Jun/2020:12:44:40 -0700] "GET /2013/pasta-madre-day-2013/ HTTP/1.0" 200 32496 "https://www.fornacalia.com/2013/pasta-madre-day-2013/#comment-1801/" "Mozilla/5.0 (Windows NT 6.1; WOW64) AppleWebKit/537.36 (KHTML, like Gecko) Chrome/67.0.3396.87 Safari/537.36 OPR/54.0.2952.64 (Edition Yx)" 
64.111.100.215 - - [26/Jun/2020:12:44:41 -0700] "POST /wp-cron.php?doing_wp_cron=1593200681.4183869361877441406250 HTTP/1.1" 200 3383 "https://www.fornacalia.com/wp-cron.php?doing_wp_cron=1593200681.4183869361877441406250" "WordPress/5.2.7; https://www.fornacalia.com" 
5.188.84.65 - - [26/Jun/2020:12:44:43 -0700] "POST /wp-comments-post.php HTTP/1.0" 302 3874 "https://www.fornacalia.com/2013/pasta-madre-day-2013/#comment-1801/" "Mozilla/5.0 (Windows NT 6.1; WOW64) AppleWebKit/537.36 (KHTML, like Gecko) Chrome/67.0.3396.87 Safari/537.36 OPR/54.0.2952.64 (Edition Yx)" 
66.249.70.75 - - [26/Jun/2020:12:45:38 -0700] "GET /tag/wholemeal/ HTTP/1.1" 200 12448 "-" "Mozilla/5.0 (compatible; Googlebot/2.1; +http://www.google.com/bot.html)" 
114.119.166.39 - - [26/Jun/2020:12:55:42 -0700] "GET /wp-content/uploads/2013/02/18-300x3001.png HTTP/1.1" 200 235040 "-" "Mozilla/5.0 (Linux; Android 7.0;) AppleWebKit/537.36 (KHTML, like Gecko) Mobile Safari/537.36 (compatible; PetalBot;+https://aspiegel.com/petalbot)" 
77.75.78.163 - - [26/Jun/2020:12:57:08 -0700] "GET /robots.txt HTTP/1.1" 200 3865 "-" "Mozilla/5.0 (compatible; SeznamBot/3.2; +http://napoveda.seznam.cz/en/seznambot-intro/)" 
77.75.78.163 - - [26/Jun/2020:12:57:11 -0700] "GET /wp-content/uploads/2017/12/loaf.png HTTP/1.1" 304 3392 "-" "Mozilla/5.0 (compatible; SeznamBot/3.2; +http://napoveda.seznam.cz/en/seznambot-intro/)" 
5.188.84.147 - - [26/Jun/2020:12:58:03 -0700] "GET /2013/pasta-madre-day-2013/ HTTP/1.0" 200 32496 "https://www.fornacalia.com/2013/pasta-madre-day-2013/#comment-1801/" "Mozilla/5.0 (Windows NT 6.3; Win64; x64) AppleWebKit/537.36 (KHTML, like Gecko) Chrome/68.0.3440.106 Safari/537.36" 
5.188.84.147 - - [26/Jun/2020:12:58:04 -0700] "POST /wp-comments-post.php HTTP/1.0" 302 3874 "https://www.fornacalia.com/2013/pasta-madre-day-2013/#comment-1801/" "Mozilla/5.0 (Windows NT 6.3; Win64; x64) AppleWebKit/537.36 (KHTML, like Gecko) Chrome/68.0.3440.106 Safari/537.36" 
5.188.84.45 - - [26/Jun/2020:13:01:54 -0700] "GET /2013/pasta-madre-day-2013/ HTTP/1.0" 200 32496 "https://www.fornacalia.com/2013/pasta-madre-day-2013/#comment-1801/" "Mozilla/5.0 (Windows NT 6.1; Win64; x64) AppleWebKit/537.36 (KHTML, like Gecko) Chrome/68.0.3440.84 Safari/537.36" 
5.188.84.45 - - [26/Jun/2020:13:01:55 -0700] "POST /wp-comments-post.php HTTP/1.0" 302 3874 "https://www.fornacalia.com/2013/pasta-madre-day-2013/#comment-1801/" "Mozilla/5.0 (Windows NT 6.1; Win64; x64) AppleWebKit/537.36 (KHTML, like Gecko) Chrome/68.0.3440.84 Safari/537.36" 
5.188.84.233 - - [26/Jun/2020:13:12:21 -0700] "GET /2013/pasta-madre-day-2013/ HTTP/1.0" 200 32496 "https://www.fornacalia.com/2013/pasta-madre-day-2013/#comment-1801/" "Mozilla/5.0 (Windows NT 10.0; Win64; x64) AppleWebKit/537.36 (KHTML, like Gecko) Chrome/66.0.3359.170 Safari/537.36 OPR/53.0.2907.99" 
5.188.84.233 - - [26/Jun/2020:13:12:22 -0700] "POST /wp-comments-post.php HTTP/1.0" 302 3874 "https://www.fornacalia.com/2013/pasta-madre-day-2013/#comment-1801/" "Mozilla/5.0 (Windows NT 10.0; Win64; x64) AppleWebKit/537.36 (KHTML, like Gecko) Chrome/66.0.3359.170 Safari/537.36 OPR/53.0.2907.99" 
5.188.84.15 - - [26/Jun/2020:13:17:58 -0700] "GET /2013/pasta-madre-day-2013/ HTTP/1.0" 200 32496 "https://www.fornacalia.com/2013/pasta-madre-day-2013/#comment-1801/" "Mozilla/5.0 (Windows NT 10.0; Win64; x64) AppleWebKit/537.36 (KHTML, like Gecko) Chrome/67.0.3396.79 Safari/537.36" 
5.188.84.35 - - [26/Jun/2020:13:17:58 -0700] "GET /2013/pasta-madre-day-2013/ HTTP/1.0" 200 32496 "https://www.fornacalia.com/2013/pasta-madre-day-2013/#comment-1801/" "Mozilla/5.0 (Windows NT 5.1) AppleWebKit/537.36 (KHTML, like Gecko) Chrome/49.0.2623.112 Safari/537.36" 
5.188.84.15 - - [26/Jun/2020:13:18:00 -0700] "POST /wp-comments-post.php HTTP/1.0" 302 3874 "https://www.fornacalia.com/2013/pasta-madre-day-2013/#comment-1801/" "Mozilla/5.0 (Windows NT 10.0; Win64; x64) AppleWebKit/537.36 (KHTML, like Gecko) Chrome/67.0.3396.79 Safari/537.36" 
5.188.84.35 - - [26/Jun/2020:13:18:00 -0700] "POST /wp-comments-post.php HTTP/1.0" 302 3874 "https://www.fornacalia.com/2013/pasta-madre-day-2013/#comment-1801/" "Mozilla/5.0 (Windows NT 5.1) AppleWebKit/537.36 (KHTML, like Gecko) Chrome/49.0.2623.112 Safari/537.36" 
94.139.243.35 - - [26/Jun/2020:13:19:55 -0700] "GET /2013/pasta-madre-day-2013/ HTTP/1.0" 200 32496 "https://www.fornacalia.com/2013/pasta-madre-day-2013/#comment-27236/" "Mozilla/5.0 (Windows NT 6.3; Win64; x64) AppleWebKit/537.36 (KHTML, like Gecko) Chrome/68.0.3440.106 Safari/537.36" 
94.139.243.35 - - [26/Jun/2020:13:19:55 -0700] "POST /wp-comments-post.php HTTP/1.0" 302 3874 "https://www.fornacalia.com/2013/pasta-madre-day-2013/#comment-27236/" "Mozilla/5.0 (Windows NT 6.3; Win64; x64) AppleWebKit/537.36 (KHTML, like Gecko) Chrome/68.0.3440.106 Safari/537.36" 
94.139.243.35 - - [26/Jun/2020:13:19:56 -0700] "GET /2013/pasta-madre-day-2013/ HTTP/1.0" 200 32496 "https://www.fornacalia.com/2013/pasta-madre-day-2013/#comment-54008" "Mozilla/5.0 (Windows NT 6.3; Win64; x64) AppleWebKit/537.36 (KHTML, like Gecko) Chrome/68.0.3440.106 Safari/537.36" 
5.188.84.65 - - [26/Jun/2020:13:24:47 -0700] "GET /2013/pasta-madre-day-2013/ HTTP/1.0" 200 32496 "https://www.fornacalia.com/2013/pasta-madre-day-2013/#comment-1801/" "Mozilla/5.0 (Windows NT 10.0; Win64; x64) AppleWebKit/537.36 (KHTML, like Gecko) Chrome/67.0.3396.87 Safari/537.36" 
5.188.84.65 - - [26/Jun/2020:13:24:49 -0700] "POST /wp-comments-post.php HTTP/1.0" 302 3874 "https://www.fornacalia.com/2013/pasta-madre-day-2013/#comment-1801/" "Mozilla/5.0 (Windows NT 10.0; Win64; x64) AppleWebKit/537.36 (KHTML, like Gecko) Chrome/67.0.3396.87 Safari/537.36" 
5.188.84.45 - - [26/Jun/2020:13:32:10 -0700] "GET /2013/pasta-madre-day-2013/ HTTP/1.0" 200 32496 "https://www.fornacalia.com/2013/pasta-madre-day-2013/#comment-1801/" "Mozilla/5.0 (Windows NT 10.0; Win64; x64) AppleWebKit/537.36 (KHTML, like Gecko) Chrome/64.0.3282.140 Safari/537.36 Edge/17.17134" 
5.188.84.45 - - [26/Jun/2020:13:32:12 -0700] "POST /wp-comments-post.php HTTP/1.0" 302 3874 "https://www.fornacalia.com/2013/pasta-madre-day-2013/#comment-1801/" "Mozilla/5.0 (Windows NT 10.0; Win64; x64) AppleWebKit/537.36 (KHTML, like Gecko) Chrome/64.0.3282.140 Safari/537.36 Edge/17.17134" 
46.229.168.136 - - [26/Jun/2020:13:36:31 -0700] "GET /robots.txt HTTP/1.1" 200 3823 "-" "Mozilla/5.0 (compatible; SemrushBot/6~bl; +http://www.semrush.com/bot.html)" 
46.229.168.131 - - [26/Jun/2020:13:36:32 -0700] "GET /2020/turmeric-breadan-experiment/ HTTP/1.1" 200 12531 "-" "Mozilla/5.0 (compatible; SemrushBot/6~bl; +http://www.semrush.com/bot.html)" 
5.188.84.35 - - [26/Jun/2020:13:38:53 -0700] "GET /2013/pasta-madre-day-2013/ HTTP/1.0" 200 32496 "https://www.fornacalia.com/2013/pasta-madre-day-2013/#comment-1801/" "Mozilla/5.0 (Windows NT 10.0; Win64; x64) AppleWebKit/537.36 (KHTML, like Gecko) Chrome/67.0.3396.87 Safari/537.36 OPR/54.0.2952.51" 
5.188.84.35 - - [26/Jun/2020:13:38:54 -0700] "POST /wp-comments-post.php HTTP/1.0" 302 3874 "https://www.fornacalia.com/2013/pasta-madre-day-2013/#comment-1801/" "Mozilla/5.0 (Windows NT 10.0; Win64; x64) AppleWebKit/537.36 (KHTML, like Gecko) Chrome/67.0.3396.87 Safari/537.36 OPR/54.0.2952.51" 
217.146.82.132 - - [26/Jun/2020:13:39:24 -0700] "GET /2013/dan-lepards-walnut-bread/ HTTP/1.0" 200 30281 "-" "Mozilla/5.0 (Windows NT 10.0; Win64; x64) AppleWebKit/537.36 (KHTML, like Gecko) Chrome/71.0.3578.98 Safari/537.36" 
5.188.84.220 - - [26/Jun/2020:13:43:29 -0700] "GET /2013/pasta-madre-day-2013/ HTTP/1.0" 200 32496 "https://www.fornacalia.com/2013/pasta-madre-day-2013/#comment-1801/" "Mozilla/5.0 (Windows NT 10.0; Win64; x64) AppleWebKit/537.36 (KHTML, like Gecko) Chrome/67.0.3396.87 Safari/537.36 OPR/54.0.2952.51" 
64.111.100.215 - - [26/Jun/2020:13:43:29 -0700] "POST /wp-cron.php?doing_wp_cron=1593204209.2060949802398681640625 HTTP/1.1" 200 3383 "https://www.fornacalia.com/wp-cron.php?doing_wp_cron=1593204209.2060949802398681640625" "WordPress/5.2.7; https://www.fornacalia.com" 
5.188.84.220 - - [26/Jun/2020:13:43:31 -0700] "POST /wp-comments-post.php HTTP/1.0" 302 3874 "https://www.fornacalia.com/2013/pasta-madre-day-2013/#comment-1801/" "Mozilla/5.0 (Windows NT 10.0; Win64; x64) AppleWebKit/537.36 (KHTML, like Gecko) Chrome/67.0.3396.87 Safari/537.36 OPR/54.0.2952.51" 
5.188.84.15 - - [26/Jun/2020:13:44:52 -0700] "GET /2013/pasta-madre-day-2013/ HTTP/1.0" 200 32496 "https://www.fornacalia.com/2013/pasta-madre-day-2013/#comment-1801/" "Mozilla/5.0 (Windows NT 6.1; Win64; x64) AppleWebKit/537.36 (KHTML, like Gecko) Chrome/66.0.3359.170 Safari/537.36 OPR/53.0.2907.106" 
5.188.84.15 - - [26/Jun/2020:13:44:53 -0700] "POST /wp-comments-post.php HTTP/1.0" 302 3874 "https://www.fornacalia.com/2013/pasta-madre-day-2013/#comment-1801/" "Mozilla/5.0 (Windows NT 6.1; Win64; x64) AppleWebKit/537.36 (KHTML, like Gecko) Chrome/66.0.3359.170 Safari/537.36 OPR/53.0.2907.106" 
5.188.84.25 - - [26/Jun/2020:13:45:53 -0700] "GET /2013/pasta-madre-day-2013/ HTTP/1.0" 200 32496 "https://www.fornacalia.com/2013/pasta-madre-day-2013/#comment-1801/" "Mozilla/5.0 (Windows NT 6.3; Win64; x64) AppleWebKit/537.36 (KHTML, like Gecko) Chrome/68.0.3440.84 Safari/537.36" 
5.188.84.25 - - [26/Jun/2020:13:45:54 -0700] "POST /wp-comments-post.php HTTP/1.0" 302 3874 "https://www.fornacalia.com/2013/pasta-madre-day-2013/#comment-1801/" "Mozilla/5.0 (Windows NT 6.3; Win64; x64) AppleWebKit/537.36 (KHTML, like Gecko) Chrome/68.0.3440.84 Safari/537.36" 
5.188.84.147 - - [26/Jun/2020:13:49:09 -0700] "GET /2013/pasta-madre-day-2013/ HTTP/1.0" 200 32496 "https://www.fornacalia.com/2013/pasta-madre-day-2013/#comment-1801/" "Mozilla/5.0 (Windows NT 6.1; Win64; x64) AppleWebKit/537.36 (KHTML, like Gecko) Chrome/68.0.3440.84 Safari/537.36" 
5.188.84.147 - - [26/Jun/2020:13:49:10 -0700] "POST /wp-comments-post.php HTTP/1.0" 302 3874 "https://www.fornacalia.com/2013/pasta-madre-day-2013/#comment-1801/" "Mozilla/5.0 (Windows NT 6.1; Win64; x64) AppleWebKit/537.36 (KHTML, like Gecko) Chrome/68.0.3440.84 Safari/537.36" 
114.119.166.39 - - [26/Jun/2020:13:49:20 -0700] "GET /2019/a-sourdough-workshop-in-rome-on-17-november HTTP/1.1" 301 3824 "-" "Mozilla/5.0 (Linux; Android 7.0;) AppleWebKit/537.36 (KHTML, like Gecko) Mobile Safari/537.36 (compatible; PetalBot;+https://aspiegel.com/petalbot)" 
114.119.166.39 - - [26/Jun/2020:13:49:21 -0700] "GET /2019/a-sourdough-workshop-in-rome-on-17-november/ HTTP/1.1" 200 12835 "-" "Mozilla/5.0 (Linux; Android 7.0;) AppleWebKit/537.36 (KHTML, like Gecko) Mobile Safari/537.36 (compatible; PetalBot;+https://aspiegel.com/petalbot)" 
5.188.84.220 - - [26/Jun/2020:13:54:14 -0700] "GET /2013/pasta-madre-day-2013/ HTTP/1.0" 200 32496 "https://www.fornacalia.com/2013/pasta-madre-day-2013/#comment-1801/" "Mozilla/5.0 (Windows NT 10.0; Win64; x64) AppleWebKit/537.36 (KHTML, like Gecko) Chrome/68.0.3440.106 Safari/537.36 OPR/55.0.2994.44" 
5.188.84.220 - - [26/Jun/2020:13:54:14 -0700] "POST /wp-comments-post.php HTTP/1.0" 302 3874 "https://www.fornacalia.com/2013/pasta-madre-day-2013/#comment-1801/" "Mozilla/5.0 (Windows NT 10.0; Win64; x64) AppleWebKit/537.36 (KHTML, like Gecko) Chrome/68.0.3440.106 Safari/537.36 OPR/55.0.2994.44" 
5.188.84.233 - - [26/Jun/2020:13:56:03 -0700] "GET /2013/pasta-madre-day-2013/ HTTP/1.0" 200 32496 "https://www.fornacalia.com/2013/pasta-madre-day-2013/#comment-1801/" "Mozilla/5.0 (Windows NT 10.0; Win64; x64) AppleWebKit/537.36 (KHTML, like Gecko) Chrome/67.0.3396.87 Safari/537.36 OPR/54.0.2952.71" 
5.188.84.25 - - [26/Jun/2020:13:56:04 -0700] "GET /2013/pasta-madre-day-2013/ HTTP/1.0" 200 32496 "https://www.fornacalia.com/2013/pasta-madre-day-2013/#comment-1801/" "Mozilla/5.0 (Windows NT 10.0; Win64; x64) AppleWebKit/537.36 (KHTML, like Gecko) Chrome/66.0.3359.170 Safari/537.36 OPR/53.0.2907.68" 
5.188.84.233 - - [26/Jun/2020:13:56:04 -0700] "POST /wp-comments-post.php HTTP/1.0" 302 3874 "https://www.fornacalia.com/2013/pasta-madre-day-2013/#comment-1801/" "Mozilla/5.0 (Windows NT 10.0; Win64; x64) AppleWebKit/537.36 (KHTML, like Gecko) Chrome/67.0.3396.87 Safari/537.36 OPR/54.0.2952.71" 
5.188.84.25 - - [26/Jun/2020:13:56:05 -0700] "POST /wp-comments-post.php HTTP/1.0" 302 3874 "https://www.fornacalia.com/2013/pasta-madre-day-2013/#comment-1801/" "Mozilla/5.0 (Windows NT 10.0; Win64; x64) AppleWebKit/537.36 (KHTML, like Gecko) Chrome/66.0.3359.170 Safari/537.36 OPR/53.0.2907.68" 
77.75.78.172 - - [26/Jun/2020:13:56:20 -0700] "GET /robots.txt HTTP/1.1" 200 3865 "-" "Mozilla/5.0 (compatible; SeznamBot/3.2; +http://napoveda.seznam.cz/en/seznambot-intro/)" 
77.75.78.172 - - [26/Jun/2020:13:56:21 -0700] "GET /wp-content/uploads/2016/08/baked.png HTTP/1.1" 304 3392 "-" "Mozilla/5.0 (compatible; SeznamBot/3.2; +http://napoveda.seznam.cz/en/seznambot-intro/)" 
66.249.70.77 - - [26/Jun/2020:14:00:38 -0700] "GET /2018/gearing-up-for-fornacalia/ HTTP/1.1" 200 11815 "-" "Mozilla/5.0 (compatible; Googlebot/2.1; +http://www.google.com/bot.html)" 
192.145.124.230 - - [26/Jun/2020:14:01:14 -0700] "GET /2013/pasta-madre-day-2013/ HTTP/1.0" 200 32496 "https://www.fornacalia.com/2013/pasta-madre-day-2013/#comment-54019" "Mozilla/5.0 (Windows NT 10.0; Win64; x64) AppleWebKit/537.36 (KHTML, like Gecko) Chrome/67.0.3396.62 Safari/537.36" 
192.145.124.230 - - [26/Jun/2020:14:01:16 -0700] "GET /2013/pasta-madre-day-2013/ HTTP/1.0" 200 32496 "https://www.fornacalia.com/2013/pasta-madre-day-2013/#comment-54019" "Mozilla/5.0 (Windows NT 10.0; Win64; x64) AppleWebKit/537.36 (KHTML, like Gecko) Chrome/67.0.3396.62 Safari/537.36" 
192.145.124.230 - - [26/Jun/2020:14:01:16 -0700] "GET /author/jeremy/ HTTP/1.0" 200 57786 "https://www.fornacalia.com/author/jeremy/" "Mozilla/5.0 (Windows NT 10.0; Win64; x64) AppleWebKit/537.36 (KHTML, like Gecko) Chrome/67.0.3396.62 Safari/537.36" 
5.188.84.65 - - [26/Jun/2020:14:04:37 -0700] "GET /2013/pasta-madre-day-2013/ HTTP/1.0" 200 32496 "https://www.fornacalia.com/2013/pasta-madre-day-2013/#comment-1801/" "Mozilla/5.0 (Windows NT 6.3; Win64; x64) AppleWebKit/537.36 (KHTML, like Gecko) Chrome/67.0.3396.99 Safari/537.36" 
5.188.84.65 - - [26/Jun/2020:14:04:38 -0700] "POST /wp-comments-post.php HTTP/1.0" 302 3874 "https://www.fornacalia.com/2013/pasta-madre-day-2013/#comment-1801/" "Mozilla/5.0 (Windows NT 6.3; Win64; x64) AppleWebKit/537.36 (KHTML, like Gecko) Chrome/67.0.3396.99 Safari/537.36" 
114.119.165.86 - - [26/Jun/2020:14:10:09 -0700] "GET /wp-content/uploads/2019/01/do-nothing-risen.jpg HTTP/1.1" 200 378792 "-" "Mozilla/5.0 (Linux; Android 7.0;) AppleWebKit/537.36 (KHTML, like Gecko) Mobile Safari/537.36 (compatible; PetalBot;+https://aspiegel.com/petalbot)" 
66.249.70.77 - - [26/Jun/2020:14:15:59 -0700] "GET /wp-content/themes/Autonomie-child/css/wide-width.css?ver=1.0.0 HTTP/1.1" 404 25737 "https://www.fornacalia.com/2018/gearing-up-for-fornacalia/" "Mozilla/5.0 AppleWebKit/537.36 (KHTML, like Gecko; compatible; Googlebot/2.1; +http://www.google.com/bot.html) Chrome/83.0.4103.118 Safari/537.36" 
157.55.39.37 - - [26/Jun/2020:14:18:11 -0700] "GET /robots.txt HTTP/1.1" 200 2114 "-" "Mozilla/5.0 (compatible; bingbot/2.0; +http://www.bing.com/bingbot.htm)" 
157.55.39.37 - - [26/Jun/2020:14:18:11 -0700] "GET /robots.txt HTTP/1.1" 200 4404 "-" "Mozilla/5.0 (compatible; bingbot/2.0; +http://www.bing.com/bingbot.htm)" 
40.77.167.112 - - [26/Jun/2020:14:18:51 -0700] "GET /wp-content/uploads/2018/01/palanga-boule.jpg HTTP/1.1" 200 138572 "-" "Mozilla/5.0 (compatible; bingbot/2.0; +http://www.bing.com/bingbot.htm)" 
5.188.84.147 - - [26/Jun/2020:14:19:31 -0700] "GET /2013/pasta-madre-day-2013/ HTTP/1.0" 200 32496 "https://www.fornacalia.com/2013/pasta-madre-day-2013/#comment-1801/" "Mozilla/5.0 (Windows NT 10.0; Win64; x64) AppleWebKit/537.36 (KHTML, like Gecko) Chrome/68.0.3440.75 Safari/537.36" 
5.188.84.147 - - [26/Jun/2020:14:19:32 -0700] "POST /wp-comments-post.php HTTP/1.0" 302 3874 "https://www.fornacalia.com/2013/pasta-madre-day-2013/#comment-1801/" "Mozilla/5.0 (Windows NT 10.0; Win64; x64) AppleWebKit/537.36 (KHTML, like Gecko) Chrome/68.0.3440.75 Safari/537.36" 
5.188.84.45 - - [26/Jun/2020:14:22:24 -0700] "GET /2013/pasta-madre-day-2013/ HTTP/1.0" 200 32496 "https://www.fornacalia.com/2013/pasta-madre-day-2013/#comment-1801/" "Mozilla/5.0 (Windows NT 6.1; Win64; x64) AppleWebKit/537.36 (KHTML, like Gecko) Chrome/68.0.3440.106 Safari/537.36" 
5.188.84.45 - - [26/Jun/2020:14:22:25 -0700] "POST /wp-comments-post.php HTTP/1.0" 302 3874 "https://www.fornacalia.com/2013/pasta-madre-day-2013/#comment-1801/" "Mozilla/5.0 (Windows NT 6.1; Win64; x64) AppleWebKit/537.36 (KHTML, like Gecko) Chrome/68.0.3440.106 Safari/537.36" 
5.188.84.233 - - [26/Jun/2020:14:29:40 -0700] "GET /2013/pasta-madre-day-2013/ HTTP/1.0" 200 32496 "https://www.fornacalia.com/2013/pasta-madre-day-2013/#comment-1801/" "Mozilla/5.0 (Windows NT 6.1; Win64; x64) AppleWebKit/537.36 (KHTML, like Gecko) Chrome/68.0.3440.84 Safari/537.36" 
5.188.84.233 - - [26/Jun/2020:14:29:42 -0700] "POST /wp-comments-post.php HTTP/1.0" 302 3874 "https://www.fornacalia.com/2013/pasta-madre-day-2013/#comment-1801/" "Mozilla/5.0 (Windows NT 6.1; Win64; x64) AppleWebKit/537.36 (KHTML, like Gecko) Chrome/68.0.3440.84 Safari/537.36" 
5.188.84.15 - - [26/Jun/2020:14:36:55 -0700] "GET /2013/pasta-madre-day-2013/ HTTP/1.0" 200 32496 "https://www.fornacalia.com/2013/pasta-madre-day-2013/#comment-1801/" "Mozilla/5.0 (Windows NT 6.1) AppleWebKit/537.36 (KHTML, like Gecko) Chrome/66.0.3359.181 Safari/537.36 Kinza/4.7.2" 
5.188.84.15 - - [26/Jun/2020:14:36:57 -0700] "POST /wp-comments-post.php HTTP/1.0" 302 3874 "https://www.fornacalia.com/2013/pasta-madre-day-2013/#comment-1801/" "Mozilla/5.0 (Windows NT 6.1) AppleWebKit/537.36 (KHTML, like Gecko) Chrome/66.0.3359.181 Safari/537.36 Kinza/4.7.2" 
5.188.84.35 - - [26/Jun/2020:14:37:20 -0700] "GET /2013/pasta-madre-day-2013/ HTTP/1.0" 200 32496 "https://www.fornacalia.com/2013/pasta-madre-day-2013/#comment-1801/" "Mozilla/5.0 (Windows NT 6.1; Win64; x64) AppleWebKit/537.36 (KHTML, like Gecko) Chrome/67.0.3396.87 Safari/537.36 OPR/54.0.2952.54" 
5.188.84.35 - - [26/Jun/2020:14:37:21 -0700] "POST /wp-comments-post.php HTTP/1.0" 302 3874 "https://www.fornacalia.com/2013/pasta-madre-day-2013/#comment-1801/" "Mozilla/5.0 (Windows NT 6.1; Win64; x64) AppleWebKit/537.36 (KHTML, like Gecko) Chrome/67.0.3396.87 Safari/537.36 OPR/54.0.2952.54" 
5.188.84.65 - - [26/Jun/2020:14:44:39 -0700] "GET /2013/pasta-madre-day-2013/ HTTP/1.0" 200 32496 "https://www.fornacalia.com/2013/pasta-madre-day-2013/#comment-1801/" "Mozilla/5.0 (Windows NT 6.1; WOW64) AppleWebKit/537.36 (KHTML, like Gecko) Chrome/66.0.3359.170 Safari/537.36 OPR/53.0.2907.99" 
64.111.100.215 - - [26/Jun/2020:14:44:39 -0700] "POST /wp-cron.php?doing_wp_cron=1593207879.8316979408264160156250 HTTP/1.1" 200 3383 "https://www.fornacalia.com/wp-cron.php?doing_wp_cron=1593207879.8316979408264160156250" "WordPress/5.2.7; https://www.fornacalia.com" 
5.188.84.65 - - [26/Jun/2020:14:44:41 -0700] "POST /wp-comments-post.php HTTP/1.0" 302 3874 "https://www.fornacalia.com/2013/pasta-madre-day-2013/#comment-1801/" "Mozilla/5.0 (Windows NT 6.1; WOW64) AppleWebKit/537.36 (KHTML, like Gecko) Chrome/66.0.3359.170 Safari/537.36 OPR/53.0.2907.99" 
64.233.172.110 - - [26/Jun/2020:14:47:43 -0700] "GET /wp-content/uploads/2017/12/cropped-forno-favicon-32x32.png HTTP/1.1" 200 5050 "-" "Mozilla/5.0 (X11; Linux x86_64) AppleWebKit/537.36 (KHTML, like Gecko) Chrome/49.0.2623.75 Safari/537.36 Google Favicon" 
173.73.91.58 - - [26/Jun/2020:14:50:29 -0700] "GET /wp-content/uploads/2018/01/palanga-two-sponges.jpg HTTP/1.1" 200 203489 "https://www.google.com/" "Mozilla/5.0 (Macintosh; Intel Mac OS X 10_15_5) AppleWebKit/605.1.15 (KHTML, like Gecko) Version/13.1.1 Safari/605.1.15" 
5.188.84.45 - - [26/Jun/2020:14:52:10 -0700] "GET /2013/pasta-madre-day-2013/ HTTP/1.0" 200 32496 "https://www.fornacalia.com/2013/pasta-madre-day-2013/#comment-1801/" "Mozilla/5.0 (Windows NT 10.0; Win64; x64) AppleWebKit/537.36 (KHTML, like Gecko) Chrome/68.0.3440.84 Safari/537.36" 
5.188.84.45 - - [26/Jun/2020:14:52:12 -0700] "POST /wp-comments-post.php HTTP/1.0" 302 3874 "https://www.fornacalia.com/2013/pasta-madre-day-2013/#comment-1801/" "Mozilla/5.0 (Windows NT 10.0; Win64; x64) AppleWebKit/537.36 (KHTML, like Gecko) Chrome/68.0.3440.84 Safari/537.36" 
114.119.165.86 - - [26/Jun/2020:14:53:43 -0700] "GET /wp-content/uploads/2017/03/black-pepper-rye-05.png HTTP/1.1" 200 607404 "-" "Mozilla/5.0 (Linux; Android 7.0;) AppleWebKit/537.36 (KHTML, like Gecko) Mobile Safari/537.36 (compatible; PetalBot;+https://aspiegel.com/petalbot)" 
54.36.148.63 - - [26/Jun/2020:14:55:58 -0700] "GET /tag/autolyse/ HTTP/1.1" 200 10423 "-" "Mozilla/5.0 (compatible; AhrefsBot/6.1; +http://ahrefs.com/robot/)" 
5.188.84.35 - - [26/Jun/2020:14:58:32 -0700] "GET /2013/pasta-madre-day-2013/ HTTP/1.0" 200 32496 "https://www.fornacalia.com/2013/pasta-madre-day-2013/#comment-1801/" "Mozilla/5.0 (Windows NT 5.1) AppleWebKit/537.36 (KHTML, like Gecko) Chrome/49.0.2623.112 Safari/537.36" 
5.188.84.35 - - [26/Jun/2020:14:58:33 -0700] "POST /wp-comments-post.php HTTP/1.0" 302 3874 "https://www.fornacalia.com/2013/pasta-madre-day-2013/#comment-1801/" "Mozilla/5.0 (Windows NT 5.1) AppleWebKit/537.36 (KHTML, like Gecko) Chrome/49.0.2623.112 Safari/537.36" 
5.188.84.220 - - [26/Jun/2020:15:02:38 -0700] "GET /2013/pasta-madre-day-2013/ HTTP/1.0" 200 32496 "https://www.fornacalia.com/2013/pasta-madre-day-2013/#comment-1801/" "Mozilla/5.0 (Windows NT 6.1; Win64; x64) AppleWebKit/537.36 (KHTML, like Gecko) Chrome/66.0.3359.181 Safari/537.36" 
5.188.84.220 - - [26/Jun/2020:15:02:39 -0700] "POST /wp-comments-post.php HTTP/1.0" 302 3874 "https://www.fornacalia.com/2013/pasta-madre-day-2013/#comment-1801/" "Mozilla/5.0 (Windows NT 6.1; Win64; x64) AppleWebKit/537.36 (KHTML, like Gecko) Chrome/66.0.3359.181 Safari/537.36" 
5.188.84.15 - - [26/Jun/2020:15:03:42 -0700] "GET /2013/pasta-madre-day-2013/ HTTP/1.0" 200 32496 "https://www.fornacalia.com/2013/pasta-madre-day-2013/#comment-1801/" "Mozilla/5.0 (Windows NT 6.1; Win64; x64) AppleWebKit/537.36 (KHTML, like Gecko) Chrome/66.0.3359.181 Safari/537.36" 
5.188.84.15 - - [26/Jun/2020:15:03:43 -0700] "POST /wp-comments-post.php HTTP/1.0" 302 3874 "https://www.fornacalia.com/2013/pasta-madre-day-2013/#comment-1801/" "Mozilla/5.0 (Windows NT 6.1; Win64; x64) AppleWebKit/537.36 (KHTML, like Gecko) Chrome/66.0.3359.181 Safari/537.36" 
