66.249.70.11 - - [20/Mar/2020:04:10:32 -0700] "GET /2016/trying-a-new-approach-to-half-and-half-wholewheat/ HTTP/1.1" 200 11965 "-" "Mozilla/5.0 (Linux; Android 6.0.1; Nexus 5X Build/MMB29P) AppleWebKit/537.36 (KHTML, like Gecko) Chrome/41.0.2272.96 Mobile Safari/537.36 (compatible; Googlebot/2.1; +http://www.google.com/bot.html)" 
5.188.84.15 - - [20/Mar/2020:04:14:43 -0700] "GET /2013/pasta-madre-day-2013/ HTTP/1.0" 200 32928 "https://www.fornacalia.com/2013/pasta-madre-day-2013/#comment-1801/" "Mozilla/5.0 (Windows NT 10.0) AppleWebKit/537.36 (KHTML, like Gecko) Chrome/67.0.3396.99 Safari/537.36" 
5.188.84.15 - - [20/Mar/2020:04:14:44 -0700] "POST /wp-comments-post.php HTTP/1.0" 302 4063 "https://www.fornacalia.com/2013/pasta-madre-day-2013/#comment-1801/" "Mozilla/5.0 (Windows NT 10.0) AppleWebKit/537.36 (KHTML, like Gecko) Chrome/67.0.3396.99 Safari/537.36" 
66.249.70.15 - - [20/Mar/2020:04:17:54 -0700] "GET /wp-content/themes/ZenPress-child/style.css?ver=2.0.8 HTTP/1.1" 404 9983 "http://www.fornacalia.com/category/gleanings/page/2/" "Mozilla/5.0 (Linux; Android 6.0.1; Nexus 5X Build/MMB29P) AppleWebKit/537.36 (KHTML, like Gecko) Chrome/80.0.3987.92 Mobile Safari/537.36 (compatible; Googlebot/2.1; +http://www.google.com/bot.html)" 
66.249.70.11 - - [20/Mar/2020:04:17:56 -0700] "GET /wp-content/themes/ZenPress-child/css/wide-width.css?ver=1.0.0 HTTP/1.1" 404 9983 "http://www.fornacalia.com/category/gleanings/page/2/" "Mozilla/5.0 (Linux; Android 6.0.1; Nexus 5X Build/MMB29P) AppleWebKit/537.36 (KHTML, like Gecko) Chrome/80.0.3987.92 Mobile Safari/537.36 (compatible; Googlebot/2.1; +http://www.google.com/bot.html)" 
5.188.84.45 - - [20/Mar/2020:04:21:19 -0700] "GET /2013/pasta-madre-day-2013/ HTTP/1.0" 200 32928 "https://www.fornacalia.com/2013/pasta-madre-day-2013/#comment-1801/" "Mozilla/5.0 (Windows NT 6.3; Win64; x64) AppleWebKit/537.36 (KHTML, like Gecko) Chrome/67.0.3396.99 Safari/537.36" 
5.188.84.45 - - [20/Mar/2020:04:21:20 -0700] "POST /wp-comments-post.php HTTP/1.0" 302 4063 "https://www.fornacalia.com/2013/pasta-madre-day-2013/#comment-1801/" "Mozilla/5.0 (Windows NT 6.3; Win64; x64) AppleWebKit/537.36 (KHTML, like Gecko) Chrome/67.0.3396.99 Safari/537.36" 
5.188.84.15 - - [20/Mar/2020:04:24:16 -0700] "GET /2013/pasta-madre-day-2013/ HTTP/1.0" 200 32928 "https://www.fornacalia.com/2013/pasta-madre-day-2013/#comment-1801/" "Mozilla/5.0 (Windows NT 6.1; Win64; x64) AppleWebKit/537.36 (KHTML, like Gecko) Chrome/68.0.3440.84 Safari/537.36" 
5.188.84.15 - - [20/Mar/2020:04:24:17 -0700] "POST /wp-comments-post.php HTTP/1.0" 302 4063 "https://www.fornacalia.com/2013/pasta-madre-day-2013/#comment-1801/" "Mozilla/5.0 (Windows NT 6.1; Win64; x64) AppleWebKit/537.36 (KHTML, like Gecko) Chrome/68.0.3440.84 Safari/537.36" 
5.188.84.233 - - [20/Mar/2020:04:27:33 -0700] "GET /2013/pasta-madre-day-2013/ HTTP/1.0" 200 32928 "https://www.fornacalia.com/2013/pasta-madre-day-2013/#comment-1801/" "Mozilla/5.0 (Windows NT 6.3; Win64; x64) AppleWebKit/537.36 (KHTML, like Gecko) Chrome/67.0.3396.79 Safari/537.36" 
5.188.84.233 - - [20/Mar/2020:04:27:34 -0700] "POST /wp-comments-post.php HTTP/1.0" 302 4063 "https://www.fornacalia.com/2013/pasta-madre-day-2013/#comment-1801/" "Mozilla/5.0 (Windows NT 6.3; Win64; x64) AppleWebKit/537.36 (KHTML, like Gecko) Chrome/67.0.3396.79 Safari/537.36" 
5.188.84.25 - - [20/Mar/2020:04:28:03 -0700] "GET /2013/pasta-madre-day-2013/ HTTP/1.0" 200 32928 "https://www.fornacalia.com/2013/pasta-madre-day-2013/#comment-1801/" "Mozilla/5.0 (Windows NT 10.0; Win64; x64) AppleWebKit/537.36 (KHTML, like Gecko) Chrome/67.0.3396.87 Safari/537.36 OPR/54.0.2952.64" 
34.215.178.176 - - [20/Mar/2020:04:28:04 -0700] "GET / HTTP/1.1" 301 3625 "-" "Go-http-client/1.1" 
5.188.84.25 - - [20/Mar/2020:04:28:04 -0700] "POST /wp-comments-post.php HTTP/1.0" 302 4063 "https://www.fornacalia.com/2013/pasta-madre-day-2013/#comment-1801/" "Mozilla/5.0 (Windows NT 10.0; Win64; x64) AppleWebKit/537.36 (KHTML, like Gecko) Chrome/67.0.3396.87 Safari/537.36 OPR/54.0.2952.64" 
114.119.167.160 - - [20/Mar/2020:04:28:27 -0700] "GET /2017/workshops-in-washington-dc HTTP/1.1" 301 4105 "-" "Mozilla/5.0 (Linux; Android 7.0;) AppleWebKit/537.36 (KHTML, like Gecko) Mobile Safari/537.36 (compatible; AspiegelBot)" 
114.119.167.160 - - [20/Mar/2020:04:28:28 -0700] "GET /2017/workshops-in-washington-dc/ HTTP/1.1" 200 12307 "-" "Mozilla/5.0 (Linux; Android 7.0;) AppleWebKit/537.36 (KHTML, like Gecko) Mobile Safari/537.36 (compatible; AspiegelBot)" 
54.236.1.12 - - [20/Mar/2020:04:35:10 -0700] "GET /robots.txt HTTP/1.1" 200 4097 "-" "Mozilla/5.0 (compatible; Pinterestbot/1.0; +http://www.pinterest.com/bot.html)" 
54.236.1.12 - - [20/Mar/2020:04:35:11 -0700] "GET /wp-content/uploads/2017/03/black-pepper-rye-01.png HTTP/1.1" 200 775275 "-" "Mozilla/5.0 (compatible; Pinterestbot/1.0; +http://www.pinterest.com/bot.html)" 
114.119.167.160 - - [20/Mar/2020:04:39:01 -0700] "GET /category/recipes/page/5 HTTP/1.1" 301 4046 "-" "Mozilla/5.0 (Linux; Android 7.0;) AppleWebKit/537.36 (KHTML, like Gecko) Mobile Safari/537.36 (compatible; AspiegelBot)" 
114.119.167.160 - - [20/Mar/2020:04:39:02 -0700] "GET /category/recipes/page/5/ HTTP/1.1" 200 13765 "-" "Mozilla/5.0 (Linux; Android 7.0;) AppleWebKit/537.36 (KHTML, like Gecko) Mobile Safari/537.36 (compatible; AspiegelBot)" 
54.36.150.68 - - [20/Mar/2020:04:45:56 -0700] "GET /wp-content/uploads/2019/06/2019-06-09-lunch.png HTTP/1.1" 200 52670 "-" "Mozilla/5.0 (compatible; AhrefsBot/6.1; +http://ahrefs.com/robot/)" 
173.208.234.202 - - [20/Mar/2020:04:47:08 -0700] "GET /wp-login.php HTTP/1.1" 200 4811 "-" "Mozilla/5.0 (Windows NT 6.1) AppleWebKit/537.36 (KHTML, like Gecko) Chrome/63.0.3239.84 Safari/537.36" 
64.111.100.215 - - [20/Mar/2020:04:47:09 -0700] "POST /wp-cron.php?doing_wp_cron=1584704829.0471599102020263671875 HTTP/1.1" 200 3494 "https://www.fornacalia.com/wp-cron.php?doing_wp_cron=1584704829.0471599102020263671875" "WordPress/5.2.5; https://www.fornacalia.com" 
173.208.234.202 - - [20/Mar/2020:04:47:10 -0700] "POST /wp-login.php HTTP/1.1" 200 2128 "-" "Mozilla/5.0 (Windows NT 6.1) AppleWebKit/537.36 (KHTML, like Gecko) Chrome/63.0.3239.84 Safari/537.36" 
5.188.84.220 - - [20/Mar/2020:04:57:46 -0700] "GET /2013/pasta-madre-day-2013/ HTTP/1.0" 200 32928 "https://www.fornacalia.com/2013/pasta-madre-day-2013/#comment-1801/" "Mozilla/5.0 (Windows NT 6.1; Win64; x64) AppleWebKit/537.36 (KHTML, like Gecko) Chrome/68.0.3440.106 Safari/537.36" 
5.188.84.220 - - [20/Mar/2020:04:57:48 -0700] "POST /wp-comments-post.php HTTP/1.0" 302 4063 "https://www.fornacalia.com/2013/pasta-madre-day-2013/#comment-1801/" "Mozilla/5.0 (Windows NT 6.1; Win64; x64) AppleWebKit/537.36 (KHTML, like Gecko) Chrome/68.0.3440.106 Safari/537.36" 
5.188.84.80 - - [20/Mar/2020:05:00:26 -0700] "GET /2013/pasta-madre-day-2013/ HTTP/1.0" 200 32928 "https://www.fornacalia.com/2013/pasta-madre-day-2013/#comment-1801/" "Mozilla/5.0 (Windows NT 10.0; Win64; x64) AppleWebKit/537.36 (KHTML, like Gecko) Chrome/67.0.3396.87 Safari/537.36 OPR/54.0.2952.71" 
5.188.84.80 - - [20/Mar/2020:05:00:27 -0700] "POST /wp-comments-post.php HTTP/1.0" 302 4063 "https://www.fornacalia.com/2013/pasta-madre-day-2013/#comment-1801/" "Mozilla/5.0 (Windows NT 10.0; Win64; x64) AppleWebKit/537.36 (KHTML, like Gecko) Chrome/67.0.3396.87 Safari/537.36 OPR/54.0.2952.71" 
46.229.168.131 - - [20/Mar/2020:05:02:53 -0700] "GET /robots.txt HTTP/1.1" 200 4255 "-" "Mozilla/5.0 (compatible; SemrushBot/6~bl; +http://www.semrush.com/bot.html)" 
46.229.168.134 - - [20/Mar/2020:05:02:53 -0700] "GET /2014/another-kalonji-bread-to-bump-me-out-of-my-rut/ HTTP/1.1" 200 12338 "-" "Mozilla/5.0 (compatible; SemrushBot/6~bl; +http://www.semrush.com/bot.html)" 
66.249.70.15 - - [20/Mar/2020:05:04:11 -0700] "GET /wp-content/uploads/2019/11/starter-1024x1024.png HTTP/1.1" 304 3574 "-" "Googlebot-Image/1.0" 
5.188.84.65 - - [20/Mar/2020:05:08:30 -0700] "GET /2013/pasta-madre-day-2013/ HTTP/1.0" 200 32928 "https://www.fornacalia.com/2013/pasta-madre-day-2013/#comment-1801/" "Mozilla/5.0 (Windows NT 6.1; Win64; x64) AppleWebKit/537.36 (KHTML, like Gecko) Chrome/67.0.3396.79 Safari/537.36" 
5.188.84.65 - - [20/Mar/2020:05:08:32 -0700] "POST /wp-comments-post.php HTTP/1.0" 302 4063 "https://www.fornacalia.com/2013/pasta-madre-day-2013/#comment-1801/" "Mozilla/5.0 (Windows NT 6.1; Win64; x64) AppleWebKit/537.36 (KHTML, like Gecko) Chrome/67.0.3396.79 Safari/537.36" 
114.119.167.55 - - [20/Mar/2020:05:09:14 -0700] "GET /2016/sultanas-and-pine-nuts-again HTTP/1.1" 301 4056 "-" "Mozilla/5.0 (Linux; Android 7.0;) AppleWebKit/537.36 (KHTML, like Gecko) Mobile Safari/537.36 (compatible; AspiegelBot)" 
114.119.167.55 - - [20/Mar/2020:05:09:15 -0700] "GET /2016/sultanas-and-pine-nuts-again/ HTTP/1.1" 200 12362 "-" "Mozilla/5.0 (Linux; Android 7.0;) AppleWebKit/537.36 (KHTML, like Gecko) Mobile Safari/537.36 (compatible; AspiegelBot)" 
66.249.64.205 - - [20/Mar/2020:05:10:40 -0700] "GET / HTTP/1.1" 301 3876 "-" "Mozilla/5.0 (Linux; Android 6.0.1; Nexus 5X Build/MMB29P) AppleWebKit/537.36 (KHTML, like Gecko) Chrome/41.0.2272.96 Mobile Safari/537.36 (compatible; Googlebot/2.1; +http://www.google.com/bot.html)" 
66.249.70.13 - - [20/Mar/2020:05:10:41 -0700] "GET / HTTP/1.1" 200 17415 "-" "Mozilla/5.0 (Linux; Android 6.0.1; Nexus 5X Build/MMB29P) AppleWebKit/537.36 (KHTML, like Gecko) Chrome/41.0.2272.96 Mobile Safari/537.36 (compatible; Googlebot/2.1; +http://www.google.com/bot.html)" 
54.36.150.83 - - [20/Mar/2020:05:13:20 -0700] "GET /2014/no-knead-revisited/feed/ HTTP/1.1" 200 4643 "-" "Mozilla/5.0 (compatible; AhrefsBot/6.1; +http://ahrefs.com/robot/)" 
114.119.167.160 - - [20/Mar/2020:05:17:13 -0700] "GET /category/gleanings HTTP/1.1" 301 4041 "-" "Mozilla/5.0 (Linux; Android 7.0;) AppleWebKit/537.36 (KHTML, like Gecko) Mobile Safari/537.36 (compatible; AspiegelBot)" 
114.119.167.160 - - [20/Mar/2020:05:17:14 -0700] "GET /category/gleanings/ HTTP/1.1" 200 13059 "-" "Mozilla/5.0 (Linux; Android 7.0;) AppleWebKit/537.36 (KHTML, like Gecko) Mobile Safari/537.36 (compatible; AspiegelBot)" 
77.75.78.164 - - [20/Mar/2020:05:17:18 -0700] "GET /robots.txt HTTP/1.1" 200 4297 "-" "Mozilla/5.0 (compatible; SeznamBot/3.2; +http://napoveda.seznam.cz/en/seznambot-intro/)" 
77.75.78.164 - - [20/Mar/2020:05:17:19 -0700] "GET /wp-content/uploads/2019/11/starter-1024x1024.png HTTP/1.1" 304 3579 "-" "Mozilla/5.0 (compatible; SeznamBot/3.2; +http://napoveda.seznam.cz/en/seznambot-intro/)" 
5.188.84.65 - - [20/Mar/2020:05:18:32 -0700] "GET /2013/pasta-madre-day-2013/ HTTP/1.0" 200 32928 "https://www.fornacalia.com/2013/pasta-madre-day-2013/#comment-1801/" "Mozilla/5.0 (Windows NT 10.0; Win64; x64) AppleWebKit/537.36 (KHTML, like Gecko) Chrome/68.0.3440.84 Safari/537.36" 
5.188.84.65 - - [20/Mar/2020:05:18:33 -0700] "POST /wp-comments-post.php HTTP/1.0" 302 4063 "https://www.fornacalia.com/2013/pasta-madre-day-2013/#comment-1801/" "Mozilla/5.0 (Windows NT 10.0; Win64; x64) AppleWebKit/537.36 (KHTML, like Gecko) Chrome/68.0.3440.84 Safari/537.36" 
5.188.84.35 - - [20/Mar/2020:05:24:50 -0700] "GET /2013/pasta-madre-day-2013/ HTTP/1.0" 200 32928 "https://www.fornacalia.com/2013/pasta-madre-day-2013/#comment-1801/" "Mozilla/5.0 (Windows NT 10.0) AppleWebKit/537.36 (KHTML, like Gecko) Chrome/67.0.3396.99 Safari/537.36" 
5.188.84.35 - - [20/Mar/2020:05:24:52 -0700] "POST /wp-comments-post.php HTTP/1.0" 302 4063 "https://www.fornacalia.com/2013/pasta-madre-day-2013/#comment-1801/" "Mozilla/5.0 (Windows NT 10.0) AppleWebKit/537.36 (KHTML, like Gecko) Chrome/67.0.3396.99 Safari/537.36" 
5.188.84.45 - - [20/Mar/2020:05:26:49 -0700] "GET /2013/pasta-madre-day-2013/ HTTP/1.0" 200 32928 "https://www.fornacalia.com/2013/pasta-madre-day-2013/#comment-1801/" "Mozilla/5.0 (Windows NT 6.1) AppleWebKit/537.36 (KHTML, like Gecko) Chrome/68.0.3440.106 Safari/537.36 Kinza/4.9.1" 
5.188.84.45 - - [20/Mar/2020:05:26:50 -0700] "POST /wp-comments-post.php HTTP/1.0" 302 4063 "https://www.fornacalia.com/2013/pasta-madre-day-2013/#comment-1801/" "Mozilla/5.0 (Windows NT 6.1) AppleWebKit/537.36 (KHTML, like Gecko) Chrome/68.0.3440.106 Safari/537.36 Kinza/4.9.1" 
5.188.84.233 - - [20/Mar/2020:05:27:46 -0700] "GET /2013/pasta-madre-day-2013/ HTTP/1.0" 200 32928 "https://www.fornacalia.com/2013/pasta-madre-day-2013/#comment-1801/" "Mozilla/5.0 (Windows NT 6.1) AppleWebKit/537.36 (KHTML, like Gecko) Chrome/68.0.3440.106 Safari/537.36 Kinza/4.9.1" 
5.188.84.233 - - [20/Mar/2020:05:27:47 -0700] "POST /wp-comments-post.php HTTP/1.0" 302 4063 "https://www.fornacalia.com/2013/pasta-madre-day-2013/#comment-1801/" "Mozilla/5.0 (Windows NT 6.1) AppleWebKit/537.36 (KHTML, like Gecko) Chrome/68.0.3440.106 Safari/537.36 Kinza/4.9.1" 
207.46.13.233 - - [20/Mar/2020:05:29:22 -0700] "GET / HTTP/1.1" 200 17415 "-" "Mozilla/5.0 (compatible; bingbot/2.0; +http://www.bing.com/bingbot.htm)" 
54.36.148.165 - - [20/Mar/2020:05:34:52 -0700] "GET /wp-content/uploads/2013/12/18-150x1501.png HTTP/1.1" 404 9732 "-" "Mozilla/5.0 (compatible; AhrefsBot/6.1; +http://ahrefs.com/robot/)" 
5.188.84.25 - - [20/Mar/2020:05:40:41 -0700] "GET /2013/pasta-madre-day-2013/ HTTP/1.0" 200 32928 "https://www.fornacalia.com/2013/pasta-madre-day-2013/#comment-1801/" "Mozilla/5.0 (Windows NT 6.1) AppleWebKit/537.36 (KHTML, like Gecko) Chrome/67.0.3396.99 Safari/537.36 Kinza/4.8.2" 
5.188.84.25 - - [20/Mar/2020:05:40:44 -0700] "POST /wp-comments-post.php HTTP/1.0" 302 4063 "https://www.fornacalia.com/2013/pasta-madre-day-2013/#comment-1801/" "Mozilla/5.0 (Windows NT 6.1) AppleWebKit/537.36 (KHTML, like Gecko) Chrome/67.0.3396.99 Safari/537.36 Kinza/4.8.2" 
64.111.100.215 - - [20/Mar/2020:05:40:42 -0700] "POST /wp-cron.php?doing_wp_cron=1584708041.8924241065979003906250 HTTP/1.1" 200 3494 "https://www.fornacalia.com/wp-cron.php?doing_wp_cron=1584708041.8924241065979003906250" "WordPress/5.2.5; https://www.fornacalia.com" 
64.111.100.215 - - [20/Mar/2020:05:43:42 -0700] "POST /wp-cron.php?doing_wp_cron=1584708221.9926280975341796875000 HTTP/1.1" 200 3494 "https://www.fornacalia.com/wp-cron.php?doing_wp_cron=1584708221.9926280975341796875000" "WordPress/5.2.5; https://www.fornacalia.com" 
157.55.39.250 - - [20/Mar/2020:05:43:41 -0700] "GET /2018/nil-nisi-bonum/ HTTP/1.1" 200 12248 "-" "Mozilla/5.0 (compatible; bingbot/2.0; +http://www.bing.com/bingbot.htm)" 
31.173.29.31 - - [20/Mar/2020:05:44:55 -0700] "GET /2013/pasta-madre-day-2013/ HTTP/1.0" 200 32928 "https://www.fornacalia.com/2013/pasta-madre-day-2013/#comment-30831" "Mozilla/5.0 (Windows NT 6.1; Win64; x64) AppleWebKit/537.36 (KHTML, like Gecko) Chrome/67.0.3396.87 Safari/537.36" 
54.36.149.71 - - [20/Mar/2020:05:49:35 -0700] "GET /category/courses/ HTTP/1.1" 200 15679 "-" "Mozilla/5.0 (compatible; AhrefsBot/6.1; +http://ahrefs.com/robot/)" 
5.188.84.80 - - [20/Mar/2020:05:54:08 -0700] "GET /2013/pasta-madre-day-2013/ HTTP/1.0" 200 32928 "https://www.fornacalia.com/2013/pasta-madre-day-2013/#comment-1801/" "Mozilla/5.0 (Windows NT 6.1) AppleWebKit/537.36 (KHTML, like Gecko) Chrome/66.0.3359.181 Safari/537.36" 
5.188.84.80 - - [20/Mar/2020:05:54:09 -0700] "POST /wp-comments-post.php HTTP/1.0" 302 4063 "https://www.fornacalia.com/2013/pasta-madre-day-2013/#comment-1801/" "Mozilla/5.0 (Windows NT 6.1) AppleWebKit/537.36 (KHTML, like Gecko) Chrome/66.0.3359.181 Safari/537.36" 
199.16.157.181 - - [20/Mar/2020:05:56:24 -0700] "GET /robots.txt HTTP/1.1" 200 4063 "-" "Twitterbot/1.0" 
199.16.157.183 - - [20/Mar/2020:05:56:24 -0700] "GET /robots.txt HTTP/1.1" 200 4063 "-" "Twitterbot/1.0" 
199.16.157.181 - - [20/Mar/2020:05:56:24 -0700] "GET /wp-content/uploads/2019/05/banneton.png HTTP/1.1" 200 609626 "-" "Twitterbot/1.0" 
199.16.157.183 - - [20/Mar/2020:05:56:24 -0700] "GET /2019/the-future-of-bread-a-course-in-wales/ HTTP/1.1" 200 9413 "-" "Twitterbot/1.0" 
5.188.84.35 - - [20/Mar/2020:05:57:18 -0700] "GET /2013/pasta-madre-day-2013/ HTTP/1.0" 200 32928 "https://www.fornacalia.com/2013/pasta-madre-day-2013/#comment-1801/" "Mozilla/5.0 (Windows NT 6.1; Win64; x64) AppleWebKit/537.36 (KHTML, like Gecko) Chrome/68.0.3440.106 Safari/537.36" 
5.188.84.35 - - [20/Mar/2020:05:57:19 -0700] "POST /wp-comments-post.php HTTP/1.0" 302 4063 "https://www.fornacalia.com/2013/pasta-madre-day-2013/#comment-1801/" "Mozilla/5.0 (Windows NT 6.1; Win64; x64) AppleWebKit/537.36 (KHTML, like Gecko) Chrome/68.0.3440.106 Safari/537.36" 
54.36.148.147 - - [20/Mar/2020:05:59:30 -0700] "GET /robots.txt HTTP/1.1" 200 4041 "-" "Mozilla/5.0 (compatible; AhrefsBot/6.1; +http://ahrefs.com/robot/)" 
54.36.150.4 - - [20/Mar/2020:05:59:31 -0700] "GET /tag/fornacalia/feed/ HTTP/1.1" 200 8031 "-" "Mozilla/5.0 (compatible; AhrefsBot/6.1; +http://ahrefs.com/robot/)" 
5.188.84.220 - - [20/Mar/2020:06:00:02 -0700] "GET /2013/pasta-madre-day-2013/ HTTP/1.0" 200 32928 "https://www.fornacalia.com/2013/pasta-madre-day-2013/#comment-1801/" "Mozilla/5.0 (Windows NT 10.0) AppleWebKit/537.36 (KHTML, like Gecko) Chrome/67.0.3396.99 Safari/537.36" 
5.188.84.220 - - [20/Mar/2020:06:00:03 -0700] "POST /wp-comments-post.php HTTP/1.0" 302 4063 "https://www.fornacalia.com/2013/pasta-madre-day-2013/#comment-1801/" "Mozilla/5.0 (Windows NT 10.0) AppleWebKit/537.36 (KHTML, like Gecko) Chrome/67.0.3396.99 Safari/537.36" 
77.75.76.166 - - [20/Mar/2020:06:00:38 -0700] "GET /robots.txt HTTP/1.1" 200 4297 "-" "Mozilla/5.0 (compatible; SeznamBot/3.2; +http://napoveda.seznam.cz/en/seznambot-intro/)" 
77.75.76.166 - - [20/Mar/2020:06:00:39 -0700] "GET /15/ HTTP/1.1" 200 10339 "-" "Mozilla/5.0 (compatible; SeznamBot/3.2; +http://napoveda.seznam.cz/en/seznambot-intro/)" 
66.249.70.15 - - [20/Mar/2020:06:01:18 -0700] "GET /wp-content/uploads/2019/11/resting-1024x502.png HTTP/1.1" 304 3573 "-" "Googlebot-Image/1.0" 
5.188.84.15 - - [20/Mar/2020:06:03:58 -0700] "GET /2013/pasta-madre-day-2013/ HTTP/1.0" 200 32928 "https://www.fornacalia.com/2013/pasta-madre-day-2013/#comment-1801/" "Mozilla/5.0 (Windows NT 10.0; Win64; x64) AppleWebKit/537.36 (KHTML, like Gecko) Chrome/67.0.3396.87 Safari/537.36 OPR/54.0.2952.54" 
5.188.84.15 - - [20/Mar/2020:06:03:58 -0700] "POST /wp-comments-post.php HTTP/1.0" 302 4063 "https://www.fornacalia.com/2013/pasta-madre-day-2013/#comment-1801/" "Mozilla/5.0 (Windows NT 10.0; Win64; x64) AppleWebKit/537.36 (KHTML, like Gecko) Chrome/67.0.3396.87 Safari/537.36 OPR/54.0.2952.54" 
5.188.84.15 - - [20/Mar/2020:06:13:38 -0700] "GET /2013/pasta-madre-day-2013/ HTTP/1.0" 200 32928 "https://www.fornacalia.com/2013/pasta-madre-day-2013/#comment-1801/" "Mozilla/5.0 (Windows NT 6.1; Win64; x64) AppleWebKit/537.36 (KHTML, like Gecko) Chrome/67.0.3396.99 Safari/537.36" 
5.188.84.15 - - [20/Mar/2020:06:13:40 -0700] "POST /wp-comments-post.php HTTP/1.0" 302 4063 "https://www.fornacalia.com/2013/pasta-madre-day-2013/#comment-1801/" "Mozilla/5.0 (Windows NT 6.1; Win64; x64) AppleWebKit/537.36 (KHTML, like Gecko) Chrome/67.0.3396.99 Safari/537.36" 
5.188.84.45 - - [20/Mar/2020:06:13:48 -0700] "GET /2013/pasta-madre-day-2013/ HTTP/1.0" 200 32928 "https://www.fornacalia.com/2013/pasta-madre-day-2013/#comment-1801/" "Mozilla/5.0 (Windows NT 6.1; WOW64) AppleWebKit/537.36 (KHTML, like Gecko) Chrome/66.0.3359.170 Safari/537.36 OPR/53.0.2907.99" 
5.188.84.45 - - [20/Mar/2020:06:13:49 -0700] "POST /wp-comments-post.php HTTP/1.0" 302 4063 "https://www.fornacalia.com/2013/pasta-madre-day-2013/#comment-1801/" "Mozilla/5.0 (Windows NT 6.1; WOW64) AppleWebKit/537.36 (KHTML, like Gecko) Chrome/66.0.3359.170 Safari/537.36 OPR/53.0.2907.99" 
5.188.84.233 - - [20/Mar/2020:06:16:31 -0700] "GET /2013/pasta-madre-day-2013/ HTTP/1.0" 200 32928 "https://www.fornacalia.com/2013/pasta-madre-day-2013/#comment-1801/" "Mozilla/5.0 (Windows NT 6.1) AppleWebKit/537.36 (KHTML, like Gecko) Chrome/67.0.3396.87 Safari/537.36" 
5.188.84.233 - - [20/Mar/2020:06:16:32 -0700] "POST /wp-comments-post.php HTTP/1.0" 302 4063 "https://www.fornacalia.com/2013/pasta-madre-day-2013/#comment-1801/" "Mozilla/5.0 (Windows NT 6.1) AppleWebKit/537.36 (KHTML, like Gecko) Chrome/67.0.3396.87 Safari/537.36" 
5.188.84.25 - - [20/Mar/2020:06:17:42 -0700] "GET /2013/pasta-madre-day-2013/ HTTP/1.0" 200 32928 "https://www.fornacalia.com/2013/pasta-madre-day-2013/#comment-1801/" "Mozilla/5.0 (Windows NT 6.1; WOW64) AppleWebKit/537.36 (KHTML, like Gecko) Chrome/66.0.3359.170 Safari/537.36 OPR/53.0.2907.99" 
5.188.84.25 - - [20/Mar/2020:06:17:43 -0700] "POST /wp-comments-post.php HTTP/1.0" 302 4063 "https://www.fornacalia.com/2013/pasta-madre-day-2013/#comment-1801/" "Mozilla/5.0 (Windows NT 6.1; WOW64) AppleWebKit/537.36 (KHTML, like Gecko) Chrome/66.0.3359.170 Safari/537.36 OPR/53.0.2907.99" 
66.249.70.11 - - [20/Mar/2020:06:20:38 -0700] "GET /2013/dan-lepards-walnut-bread/ HTTP/1.1" 200 12714 "-" "Mozilla/5.0 (Linux; Android 6.0.1; Nexus 5X Build/MMB29P) AppleWebKit/537.36 (KHTML, like Gecko) Chrome/41.0.2272.96 Mobile Safari/537.36 (compatible; Googlebot/2.1; +http://www.google.com/bot.html)" 
66.249.70.15 - - [20/Mar/2020:06:30:19 -0700] "GET /2015/me-and-burnt-flour/ HTTP/1.1" 200 12493 "-" "Mozilla/5.0 (Linux; Android 6.0.1; Nexus 5X Build/MMB29P) AppleWebKit/537.36 (KHTML, like Gecko) Chrome/41.0.2272.96 Mobile Safari/537.36 (compatible; Googlebot/2.1; +http://www.google.com/bot.html)" 
158.140.133.94 - - [20/Mar/2020:06:39:58 -0700] "GET /wp-login.php HTTP/1.1" 200 4811 "-" "Mozilla/5.0 (Windows NT 6.1) AppleWebKit/537.36 (KHTML, like Gecko) Chrome/63.0.3239.84 Safari/537.36" 
158.140.133.94 - - [20/Mar/2020:06:39:59 -0700] "POST /wp-login.php HTTP/1.1" 200 2128 "-" "Mozilla/5.0 (Windows NT 6.1) AppleWebKit/537.36 (KHTML, like Gecko) Chrome/63.0.3239.84 Safari/537.36" 
66.249.70.11 - - [20/Mar/2020:06:40:29 -0700] "GET /2018/palanga-rye-bread/ HTTP/1.1" 200 14801 "-" "Mozilla/5.0 (compatible; Googlebot/2.1; +http://www.google.com/bot.html)" 
66.249.70.15 - - [20/Mar/2020:06:40:31 -0700] "GET /2018/a-rustic-bread-for-fornacalia/ HTTP/1.1" 200 14577 "-" "Mozilla/5.0 (Linux; Android 6.0.1; Nexus 5X Build/MMB29P) AppleWebKit/537.36 (KHTML, like Gecko) Chrome/41.0.2272.96 Mobile Safari/537.36 (compatible; Googlebot/2.1; +http://www.google.com/bot.html)" 
42.116.148.206 - - [20/Mar/2020:06:44:05 -0700] "GET /2019/sourdough-u-one-day-course-17-november-2019/ HTTP/1.1" 200 12756 "https://www.fornacalia.com" "Mozilla/5.0 (Windows NT 10.0; Win64; x64) AppleWebKit/537.36 (KHTML, like Gecko) Chrome/62.0.3202.94 Safari/537.36" 
42.116.148.206 - - [20/Mar/2020:06:44:10 -0700] "POST /wp-comments-post.php HTTP/1.1" 302 4255 "https://www.fornacalia.com" "Mozilla/5.0 (Windows NT 10.0; Win64; x64) AppleWebKit/537.36 (KHTML, like Gecko) Chrome/62.0.3202.94 Safari/537.36" 
42.116.148.206 - - [20/Mar/2020:06:44:13 -0700] "GET /2019/sourdough-u-one-day-course-17-november-2019/ HTTP/1.1" 200 12774 "https://www.fornacalia.com" "Mozilla/4.0 (compatible; MSIE 6.0; Windows NT 5.1; en) Opera 8.50" 
66.249.70.15 - - [20/Mar/2020:06:45:00 -0700] "GET /wp-includes/js/mediaelement/wp-mediaelement.min.css?ver=5.2.5 HTTP/1.1" 200 4936 "https://www.fornacalia.com/2018/a-rustic-bread-for-fornacalia/" "Mozilla/5.0 (Linux; Android 6.0.1; Nexus 5X Build/MMB29P) AppleWebKit/537.36 (KHTML, like Gecko) Chrome/80.0.3987.92 Mobile Safari/537.36 (compatible; Googlebot/2.1; +http://www.google.com/bot.html)" 
5.188.84.220 - - [20/Mar/2020:06:47:57 -0700] "GET /2013/pasta-madre-day-2013/ HTTP/1.0" 200 32928 "https://www.fornacalia.com/2013/pasta-madre-day-2013/#comment-1801/" "Mozilla/5.0 (Windows NT 6.1; Win64; x64) AppleWebKit/537.36 (KHTML, like Gecko) Chrome/67.0.3396.99 Safari/537.36" 
5.188.84.220 - - [20/Mar/2020:06:47:57 -0700] "POST /wp-comments-post.php HTTP/1.0" 302 4063 "https://www.fornacalia.com/2013/pasta-madre-day-2013/#comment-1801/" "Mozilla/5.0 (Windows NT 6.1; Win64; x64) AppleWebKit/537.36 (KHTML, like Gecko) Chrome/67.0.3396.99 Safari/537.36" 
157.55.39.236 - - [20/Mar/2020:06:50:20 -0700] "GET /2020/sourdough-revival/ HTTP/1.1" 200 13158 "-" "Mozilla/5.0 (compatible; bingbot/2.0; +http://www.bing.com/bingbot.htm)" 
5.188.84.80 - - [20/Mar/2020:06:52:01 -0700] "GET /2013/pasta-madre-day-2013/ HTTP/1.0" 200 32928 "https://www.fornacalia.com/2013/pasta-madre-day-2013/#comment-1801/" "Mozilla/5.0 (Windows NT 6.3; Win64; x64) AppleWebKit/537.36 (KHTML, like Gecko) Chrome/66.0.3359.181 Safari/537.36" 
5.188.84.80 - - [20/Mar/2020:06:52:02 -0700] "POST /wp-comments-post.php HTTP/1.0" 302 4063 "https://www.fornacalia.com/2013/pasta-madre-day-2013/#comment-1801/" "Mozilla/5.0 (Windows NT 6.3; Win64; x64) AppleWebKit/537.36 (KHTML, like Gecko) Chrome/66.0.3359.181 Safari/537.36" 
17.58.96.249 - - [20/Mar/2020:06:54:38 -0700] "GET /2018/long-soak-brown-bread HTTP/1.1" 301 4030 "-" "Mozilla/5.0 (Macintosh; Intel Mac OS X 10_10_1) AppleWebKit/600.2.5 (KHTML, like Gecko) Version/8.0.2 Safari/600.2.5 (Applebot/0.1; +http://www.apple.com/go/applebot)" 
17.58.96.249 - - [20/Mar/2020:06:54:38 -0700] "GET /2018/long-soak-brown-bread/ HTTP/1.1" 200 9079 "-" "Mozilla/5.0 (Macintosh; Intel Mac OS X 10_10_1) AppleWebKit/600.2.5 (KHTML, like Gecko) Version/8.0.2 Safari/600.2.5 (Applebot/0.1; +http://www.apple.com/go/applebot)" 
46.229.168.144 - - [20/Mar/2020:06:58:38 -0700] "GET /robots.txt HTTP/1.1" 200 4255 "-" "Mozilla/5.0 (compatible; SemrushBot/6~bl; +http://www.semrush.com/bot.html)" 
46.229.168.150 - - [20/Mar/2020:06:58:39 -0700] "GET /2013/chestnut-bread/ HTTP/1.1" 200 12063 "-" "Mozilla/5.0 (compatible; SemrushBot/6~bl; +http://www.semrush.com/bot.html)" 
5.188.84.65 - - [20/Mar/2020:06:59:46 -0700] "GET /2013/pasta-madre-day-2013/ HTTP/1.0" 200 32928 "https://www.fornacalia.com/2013/pasta-madre-day-2013/#comment-1801/" "Mozilla/5.0 (Windows NT 6.1; Win64; x64) AppleWebKit/537.36 (KHTML, like Gecko) Chrome/67.0.3396.99 Safari/537.36" 
5.188.84.65 - - [20/Mar/2020:06:59:47 -0700] "POST /wp-comments-post.php HTTP/1.0" 302 4063 "https://www.fornacalia.com/2013/pasta-madre-day-2013/#comment-1801/" "Mozilla/5.0 (Windows NT 6.1; Win64; x64) AppleWebKit/537.36 (KHTML, like Gecko) Chrome/67.0.3396.99 Safari/537.36" 
114.119.165.219 - - [20/Mar/2020:07:00:34 -0700] "GET /2018/nil-nisi-bonum HTTP/1.1" 301 4093 "-" "Mozilla/5.0 (Linux; Android 7.0;) AppleWebKit/537.36 (KHTML, like Gecko) Mobile Safari/537.36 (compatible; AspiegelBot)" 
114.119.165.219 - - [20/Mar/2020:07:00:35 -0700] "GET /2018/nil-nisi-bonum/ HTTP/1.1" 200 12015 "-" "Mozilla/5.0 (Linux; Android 7.0;) AppleWebKit/537.36 (KHTML, like Gecko) Mobile Safari/537.36 (compatible; AspiegelBot)" 
157.55.39.236 - - [20/Mar/2020:07:00:56 -0700] "GET /wp-includes/css/dist/block-library/style.min.css?ver=5.2.5 HTTP/1.1" 200 8663 "-" "msnbot/2.0b (+http://search.msn.com/msnbot.htm)" 
157.55.39.236 - - [20/Mar/2020:07:00:57 -0700] "GET /wp-includes/js/jquery/jquery.js?ver=1.12.4-wp HTTP/1.1" 200 35203 "-" "msnbot/2.0b (+http://search.msn.com/msnbot.htm)" 
109.191.171.149 - - [20/Mar/2020:07:07:19 -0700] "GET /2013/pasta-madre-day-2013/ HTTP/1.0" 200 32928 "https://www.fornacalia.com/2013/pasta-madre-day-2013/#comment-30844" "Mozilla/5.0 (Windows NT 6.1; Win64; x64) AppleWebKit/537.36 (KHTML, like Gecko) Chrome/67.0.3396.87 Safari/537.36 OPR/54.0.2952.64" 
109.191.171.149 - - [20/Mar/2020:07:07:23 -0700] "GET /2013/pasta-madre-day-2013/ HTTP/1.0" 200 32928 "https://www.fornacalia.com/2013/pasta-madre-day-2013/#comment-30844" "Mozilla/5.0 (Windows NT 6.1; Win64; x64) AppleWebKit/537.36 (KHTML, like Gecko) Chrome/67.0.3396.87 Safari/537.36 OPR/54.0.2952.64" 
109.191.171.149 - - [20/Mar/2020:07:07:30 -0700] "GET /author/jeremy/ HTTP/1.0" 200 54075 "https://www.fornacalia.com/author/jeremy/" "Mozilla/5.0 (Windows NT 6.1; Win64; x64) AppleWebKit/537.36 (KHTML, like Gecko) Chrome/67.0.3396.87 Safari/537.36 OPR/54.0.2952.64" 
5.188.84.65 - - [20/Mar/2020:07:09:58 -0700] "GET /2013/pasta-madre-day-2013/ HTTP/1.0" 200 32928 "https://www.fornacalia.com/2013/pasta-madre-day-2013/#comment-1801/" "Mozilla/5.0 (Windows NT 6.1) AppleWebKit/537.36 (KHTML, like Gecko) Chrome/68.0.3440.106 Safari/537.36 Kinza/4.9.1" 
5.188.84.65 - - [20/Mar/2020:07:09:59 -0700] "POST /wp-comments-post.php HTTP/1.0" 302 4063 "https://www.fornacalia.com/2013/pasta-madre-day-2013/#comment-1801/" "Mozilla/5.0 (Windows NT 6.1) AppleWebKit/537.36 (KHTML, like Gecko) Chrome/68.0.3440.106 Safari/537.36 Kinza/4.9.1" 
5.188.84.35 - - [20/Mar/2020:07:15:35 -0700] "GET /2013/pasta-madre-day-2013/ HTTP/1.0" 200 32928 "https://www.fornacalia.com/2013/pasta-madre-day-2013/#comment-1801/" "Mozilla/5.0 (Windows NT 6.1) AppleWebKit/537.36 (KHTML, like Gecko) Chrome/68.0.3440.106 Safari/537.36" 
5.188.84.35 - - [20/Mar/2020:07:15:37 -0700] "POST /wp-comments-post.php HTTP/1.0" 302 4063 "https://www.fornacalia.com/2013/pasta-madre-day-2013/#comment-1801/" "Mozilla/5.0 (Windows NT 6.1) AppleWebKit/537.36 (KHTML, like Gecko) Chrome/68.0.3440.106 Safari/537.36" 
5.188.84.233 - - [20/Mar/2020:07:16:29 -0700] "GET /2013/pasta-madre-day-2013/ HTTP/1.0" 200 32928 "https://www.fornacalia.com/2013/pasta-madre-day-2013/#comment-1801/" "Mozilla/5.0 (Windows NT 6.3; Win64; x64) AppleWebKit/537.36 (KHTML, like Gecko) Chrome/67.0.3396.79 Safari/537.36" 
5.188.84.233 - - [20/Mar/2020:07:16:30 -0700] "POST /wp-comments-post.php HTTP/1.0" 302 4063 "https://www.fornacalia.com/2013/pasta-madre-day-2013/#comment-1801/" "Mozilla/5.0 (Windows NT 6.3; Win64; x64) AppleWebKit/537.36 (KHTML, like Gecko) Chrome/67.0.3396.79 Safari/537.36" 
5.188.84.45 - - [20/Mar/2020:07:19:05 -0700] "GET /2013/pasta-madre-day-2013/ HTTP/1.0" 200 32928 "https://www.fornacalia.com/2013/pasta-madre-day-2013/#comment-1801/" "Mozilla/5.0 (Windows NT 6.1; Win64; x64) AppleWebKit/537.36 (KHTML, like Gecko) Chrome/67.0.3396.87 Safari/537.36 OPR/54.0.2952.51" 
64.111.100.215 - - [20/Mar/2020:07:19:05 -0700] "POST /wp-cron.php?doing_wp_cron=1584713945.7236990928649902343750 HTTP/1.1" 200 3494 "https://www.fornacalia.com/wp-cron.php?doing_wp_cron=1584713945.7236990928649902343750" "WordPress/5.2.5; https://www.fornacalia.com" 
5.188.84.45 - - [20/Mar/2020:07:19:07 -0700] "POST /wp-comments-post.php HTTP/1.0" 302 4063 "https://www.fornacalia.com/2013/pasta-madre-day-2013/#comment-1801/" "Mozilla/5.0 (Windows NT 6.1; Win64; x64) AppleWebKit/537.36 (KHTML, like Gecko) Chrome/67.0.3396.87 Safari/537.36 OPR/54.0.2952.51" 
66.249.64.205 - - [20/Mar/2020:07:20:50 -0700] "GET /learn-to-bake-sourdough-bread-in-rome HTTP/1.1" 301 3942 "-" "Mozilla/5.0 (Linux; Android 6.0.1; Nexus 5X Build/MMB29P) AppleWebKit/537.36 (KHTML, like Gecko) Chrome/41.0.2272.96 Mobile Safari/537.36 (compatible; Googlebot/2.1; +http://www.google.com/bot.html)" 
66.249.70.15 - - [20/Mar/2020:07:20:51 -0700] "GET /learn-to-bake-sourdough-bread-in-rome HTTP/1.1" 301 4322 "-" "Mozilla/5.0 (Linux; Android 6.0.1; Nexus 5X Build/MMB29P) AppleWebKit/537.36 (KHTML, like Gecko) Chrome/41.0.2272.96 Mobile Safari/537.36 (compatible; Googlebot/2.1; +http://www.google.com/bot.html)" 
66.249.70.13 - - [20/Mar/2020:07:20:52 -0700] "GET /2019/learn-to-bake-sourdough-bread-in-rome/ HTTP/1.1" 200 14238 "-" "Mozilla/5.0 (Linux; Android 6.0.1; Nexus 5X Build/MMB29P) AppleWebKit/537.36 (KHTML, like Gecko) Chrome/41.0.2272.96 Mobile Safari/537.36 (compatible; Googlebot/2.1; +http://www.google.com/bot.html)" 
66.249.70.11 - - [20/Mar/2020:07:20:52 -0700] "GET /2009/sesame-oatmeal-bread/ HTTP/1.1" 200 12069 "-" "Mozilla/5.0 (Linux; Android 6.0.1; Nexus 5X Build/MMB29P) AppleWebKit/537.36 (KHTML, like Gecko) Chrome/41.0.2272.96 Mobile Safari/537.36 (compatible; Googlebot/2.1; +http://www.google.com/bot.html)" 
66.249.70.15 - - [20/Mar/2020:07:22:52 -0700] "GET /wp-content/uploads/2019/04/hot-cross-buns-1.png HTTP/1.1" 304 3573 "-" "Googlebot-Image/1.0" 
5.188.84.25 - - [20/Mar/2020:07:29:51 -0700] "GET /2013/pasta-madre-day-2013/ HTTP/1.0" 200 32928 "https://www.fornacalia.com/2013/pasta-madre-day-2013/#comment-1801/" "Mozilla/5.0 (Windows NT 10.0; Win64; x64) AppleWebKit/537.36 (KHTML, like Gecko) Chrome/66.0.3359.181 Safari/537.36" 
5.188.84.25 - - [20/Mar/2020:07:29:52 -0700] "POST /wp-comments-post.php HTTP/1.0" 302 4063 "https://www.fornacalia.com/2013/pasta-madre-day-2013/#comment-1801/" "Mozilla/5.0 (Windows NT 10.0; Win64; x64) AppleWebKit/537.36 (KHTML, like Gecko) Chrome/66.0.3359.181 Safari/537.36" 
114.119.164.131 - - [20/Mar/2020:07:35:04 -0700] "GET /page/12 HTTP/1.1" 301 4030 "-" "Mozilla/5.0 (Linux; Android 7.0;) AppleWebKit/537.36 (KHTML, like Gecko) Mobile Safari/537.36 (compatible; AspiegelBot)" 
114.119.164.131 - - [20/Mar/2020:07:35:06 -0700] "GET /page/12/ HTTP/1.1" 200 15966 "-" "Mozilla/5.0 (Linux; Android 7.0;) AppleWebKit/537.36 (KHTML, like Gecko) Mobile Safari/537.36 (compatible; AspiegelBot)" 
5.188.84.80 - - [20/Mar/2020:07:45:32 -0700] "GET /2013/pasta-madre-day-2013/ HTTP/1.0" 200 32928 "https://www.fornacalia.com/2013/pasta-madre-day-2013/#comment-1801/" "Mozilla/5.0 (Windows NT 10.0; Win64; x64) AppleWebKit/537.36 (KHTML, like Gecko) Chrome/67.0.3396.99 Safari/537.36" 
64.111.100.215 - - [20/Mar/2020:07:45:32 -0700] "POST /wp-cron.php?doing_wp_cron=1584715532.7082810401916503906250 HTTP/1.1" 200 3494 "https://www.fornacalia.com/wp-cron.php?doing_wp_cron=1584715532.7082810401916503906250" "WordPress/5.2.5; https://www.fornacalia.com" 
5.188.84.80 - - [20/Mar/2020:07:45:35 -0700] "POST /wp-comments-post.php HTTP/1.0" 302 4063 "https://www.fornacalia.com/2013/pasta-madre-day-2013/#comment-1801/" "Mozilla/5.0 (Windows NT 10.0; Win64; x64) AppleWebKit/537.36 (KHTML, like Gecko) Chrome/67.0.3396.99 Safari/537.36" 
5.188.84.35 - - [20/Mar/2020:07:48:29 -0700] "GET /2013/pasta-madre-day-2013/ HTTP/1.0" 200 32928 "https://www.fornacalia.com/2013/pasta-madre-day-2013/#comment-1801/" "Mozilla/5.0 (Windows NT 10.0; Win64; x64) AppleWebKit/537.36 (KHTML, like Gecko) Chrome/68.0.3440.84 Safari/537.36" 
5.188.84.35 - - [20/Mar/2020:07:48:30 -0700] "POST /wp-comments-post.php HTTP/1.0" 302 4063 "https://www.fornacalia.com/2013/pasta-madre-day-2013/#comment-1801/" "Mozilla/5.0 (Windows NT 10.0; Win64; x64) AppleWebKit/537.36 (KHTML, like Gecko) Chrome/68.0.3440.84 Safari/537.36" 
220.181.108.93 - - [20/Mar/2020:07:49:58 -0700] "GET /tag/wholemeal/ HTTP/1.1" 200 29852 "-" "Mozilla/5.0 (compatible; Baiduspider/2.0; +http://www.baidu.com/search/spider.html)" 
111.206.221.36 - - [20/Mar/2020:07:50:02 -0700] "GET /wp-content/themes/Autonomie-child/css/wide-width.css?ver=1.0.0 HTTP/1.1" 404 24847 "https://www.fornacalia.com/tag/wholemeal/" "Mozilla/5.0 (compatible; Baiduspider-render/2.0; +http://www.baidu.com/search/spider.html)" 
111.206.221.114 - - [20/Mar/2020:07:50:06 -0700] "GET /wp-content/uploads/2018/01/50-percent-long-soak-1.png HTTP/1.1" 200 66056 "https://www.fornacalia.com/tag/wholemeal/" "Mozilla/5.0 (compatible; Baiduspider-render/2.0; +http://www.baidu.com/search/spider.html)" 
111.206.221.75 - - [20/Mar/2020:07:50:08 -0700] "GET /wp-content/uploads/2018/01/50-percent-long-soak-2.png HTTP/1.1" 200 172636 "https://www.fornacalia.com/tag/wholemeal/" "Mozilla/5.0 (compatible; Baiduspider-render/2.0; +http://www.baidu.com/search/spider.html)" 
5.188.84.220 - - [20/Mar/2020:07:50:25 -0700] "GET /2013/pasta-madre-day-2013/ HTTP/1.0" 200 32928 "https://www.fornacalia.com/2013/pasta-madre-day-2013/#comment-1801/" "Mozilla/5.0 (Windows NT 10.0; Win64; x64) AppleWebKit/537.36 (KHTML, like Gecko) Chrome/67.0.3396.87 Safari/537.36 OPR/54.0.2952.71" 
5.188.84.220 - - [20/Mar/2020:07:50:26 -0700] "POST /wp-comments-post.php HTTP/1.0" 302 4063 "https://www.fornacalia.com/2013/pasta-madre-day-2013/#comment-1801/" "Mozilla/5.0 (Windows NT 10.0; Win64; x64) AppleWebKit/537.36 (KHTML, like Gecko) Chrome/67.0.3396.87 Safari/537.36 OPR/54.0.2952.71" 
111.206.198.52 - - [20/Mar/2020:07:50:07 -0700] "GET /wp-content/uploads/2017/12/50-percent-long-autolyse.png HTTP/1.1" 200 140516 "https://www.fornacalia.com/tag/wholemeal/" "Mozilla/5.0 (compatible; Baiduspider-render/2.0; +http://www.baidu.com/search/spider.html)" 
54.36.150.73 - - [20/Mar/2020:07:51:00 -0700] "GET /wp-content/uploads/2018/03/cropped-fornacalia-banner.png HTTP/1.1" 200 173896 "-" "Mozilla/5.0 (compatible; AhrefsBot/6.1; +http://ahrefs.com/robot/)" 
5.188.84.15 - - [20/Mar/2020:07:53:45 -0700] "GET /2013/pasta-madre-day-2013/ HTTP/1.0" 200 32928 "https://www.fornacalia.com/2013/pasta-madre-day-2013/#comment-1801/" "Mozilla/5.0 (Windows NT 10.0; Win64; x64) AppleWebKit/537.36 (KHTML, like Gecko) Chrome/67.0.3396.62 Safari/537.36" 
5.188.84.15 - - [20/Mar/2020:07:53:46 -0700] "POST /wp-comments-post.php HTTP/1.0" 302 4063 "https://www.fornacalia.com/2013/pasta-madre-day-2013/#comment-1801/" "Mozilla/5.0 (Windows NT 10.0; Win64; x64) AppleWebKit/537.36 (KHTML, like Gecko) Chrome/67.0.3396.62 Safari/537.36" 
66.249.64.209 - - [20/Mar/2020:08:01:09 -0700] "GET / HTTP/1.1" 301 3876 "-" "Mozilla/5.0 (compatible; Googlebot/2.1; +http://www.google.com/bot.html)" 
66.249.70.11 - - [20/Mar/2020:08:01:10 -0700] "GET / HTTP/1.1" 200 17415 "-" "Mozilla/5.0 (compatible; Googlebot/2.1; +http://www.google.com/bot.html)" 
77.231.174.30 - - [20/Mar/2020:08:03:17 -0700] "GET /2014/in-which-a-croissant-recipe-makes-me-cross/ HTTP/1.1" 200 13917 "https://www.google.com/" "Mozilla/5.0 (Linux; Android 9; Mi A3) AppleWebKit/537.36 (KHTML, like Gecko) Chrome/80.0.3987.149 Mobile Safari/537.36" 
77.231.174.30 - - [20/Mar/2020:08:03:17 -0700] "GET /wp-includes/css/dist/block-library/style.min.css?ver=5.2.5 HTTP/1.1" 200 5391 "https://www.fornacalia.com/2014/in-which-a-croissant-recipe-makes-me-cross/" "Mozilla/5.0 (Linux; Android 9; Mi A3) AppleWebKit/537.36 (KHTML, like Gecko) Chrome/80.0.3987.149 Mobile Safari/537.36" 
77.231.174.30 - - [20/Mar/2020:08:03:17 -0700] "GET /wp-content/plugins/indieweb/static/css/indieweb.css?ver=3.4.1 HTTP/1.1" 200 10128 "https://www.fornacalia.com/2014/in-which-a-croissant-recipe-makes-me-cross/" "Mozilla/5.0 (Linux; Android 9; Mi A3) AppleWebKit/537.36 (KHTML, like Gecko) Chrome/80.0.3987.149 Mobile Safari/537.36" 
77.231.174.30 - - [20/Mar/2020:08:03:17 -0700] "GET /wp-content/plugins/semantic-linkbacks/css/semantic-linkbacks.css?ver=3.8.1 HTTP/1.1" 200 4092 "https://www.fornacalia.com/2014/in-which-a-croissant-recipe-makes-me-cross/" "Mozilla/5.0 (Linux; Android 9; Mi A3) AppleWebKit/537.36 (KHTML, like Gecko) Chrome/80.0.3987.149 Mobile Safari/537.36" 
77.231.174.30 - - [20/Mar/2020:08:03:17 -0700] "GET /wp-content/themes/autonomie/style.css?ver=5.2.5 HTTP/1.1" 200 9578 "https://www.fornacalia.com/2014/in-which-a-croissant-recipe-makes-me-cross/" "Mozilla/5.0 (Linux; Android 9; Mi A3) AppleWebKit/537.36 (KHTML, like Gecko) Chrome/80.0.3987.149 Mobile Safari/537.36" 
77.231.174.30 - - [20/Mar/2020:08:03:17 -0700] "GET /wp-content/themes/Autonomie-child/style.css?ver=1.0.0 HTTP/1.1" 200 1492 "https://www.fornacalia.com/2014/in-which-a-croissant-recipe-makes-me-cross/" "Mozilla/5.0 (Linux; Android 9; Mi A3) AppleWebKit/537.36 (KHTML, like Gecko) Chrome/80.0.3987.149 Mobile Safari/537.36" 
77.231.174.30 - - [20/Mar/2020:08:03:17 -0700] "GET /wp-content/themes/Autonomie-child/css/narrow-width.css?ver=1.0.0 HTTP/1.1" 200 1064 "https://www.fornacalia.com/2014/in-which-a-croissant-recipe-makes-me-cross/" "Mozilla/5.0 (Linux; Android 9; Mi A3) AppleWebKit/537.36 (KHTML, like Gecko) Chrome/80.0.3987.149 Mobile Safari/537.36" 
77.231.174.30 - - [20/Mar/2020:08:03:18 -0700] "GET /wp-includes/js/jquery/jquery-migrate.min.js?ver=1.4.1 HTTP/1.1" 200 4603 "https://www.fornacalia.com/2014/in-which-a-croissant-recipe-makes-me-cross/" "Mozilla/5.0 (Linux; Android 9; Mi A3) AppleWebKit/537.36 (KHTML, like Gecko) Chrome/80.0.3987.149 Mobile Safari/537.36" 
77.231.174.30 - - [20/Mar/2020:08:03:18 -0700] "GET /wp-content/plugins/semantic-linkbacks/js/semantic-linkbacks.js?ver=3.8.1 HTTP/1.1" 200 675 "https://www.fornacalia.com/2014/in-which-a-croissant-recipe-makes-me-cross/" "Mozilla/5.0 (Linux; Android 9; Mi A3) AppleWebKit/537.36 (KHTML, like Gecko) Chrome/80.0.3987.149 Mobile Safari/537.36" 
77.231.174.30 - - [20/Mar/2020:08:03:18 -0700] "GET /wp-includes/js/jquery/jquery.js?ver=1.12.4-wp HTTP/1.1" 200 35203 "https://www.fornacalia.com/2014/in-which-a-croissant-recipe-makes-me-cross/" "Mozilla/5.0 (Linux; Android 9; Mi A3) AppleWebKit/537.36 (KHTML, like Gecko) Chrome/80.0.3987.149 Mobile Safari/537.36" 
77.231.174.30 - - [20/Mar/2020:08:03:18 -0700] "GET /wp-includes/js/comment-reply.min.js?ver=5.2.5 HTTP/1.1" 200 1621 "https://www.fornacalia.com/2014/in-which-a-croissant-recipe-makes-me-cross/" "Mozilla/5.0 (Linux; Android 9; Mi A3) AppleWebKit/537.36 (KHTML, like Gecko) Chrome/80.0.3987.149 Mobile Safari/537.36" 
77.231.174.30 - - [20/Mar/2020:08:03:18 -0700] "GET /wp-content/themes/autonomie/js/navigation.js?ver=1.0.0 HTTP/1.1" 200 1408 "https://www.fornacalia.com/2014/in-which-a-croissant-recipe-makes-me-cross/" "Mozilla/5.0 (Linux; Android 9; Mi A3) AppleWebKit/537.36 (KHTML, like Gecko) Chrome/80.0.3987.149 Mobile Safari/537.36" 
77.231.174.30 - - [20/Mar/2020:08:03:18 -0700] "GET /wp-content/themes/autonomie/js/skip-link-focus-fix.js?ver=1.0.0 HTTP/1.1" 200 1010 "https://www.fornacalia.com/2014/in-which-a-croissant-recipe-makes-me-cross/" "Mozilla/5.0 (Linux; Android 9; Mi A3) AppleWebKit/537.36 (KHTML, like Gecko) Chrome/80.0.3987.149 Mobile Safari/537.36" 
77.231.174.30 - - [20/Mar/2020:08:03:18 -0700] "GET /wp-includes/js/wp-embed.min.js?ver=5.2.5 HTTP/1.1" 200 1280 "https://www.fornacalia.com/2014/in-which-a-croissant-recipe-makes-me-cross/" "Mozilla/5.0 (Linux; Android 9; Mi A3) AppleWebKit/537.36 (KHTML, like Gecko) Chrome/80.0.3987.149 Mobile Safari/537.36" 
77.231.174.30 - - [20/Mar/2020:08:03:18 -0700] "GET /wp-includes/js/wp-emoji-release.min.js?ver=5.2.5 HTTP/1.1" 200 5227 "https://www.fornacalia.com/2014/in-which-a-croissant-recipe-makes-me-cross/" "Mozilla/5.0 (Linux; Android 9; Mi A3) AppleWebKit/537.36 (KHTML, like Gecko) Chrome/80.0.3987.149 Mobile Safari/537.36" 
77.231.174.30 - - [20/Mar/2020:08:03:18 -0700] "GET /wp-content/themes/autonomie/font/merriweather/merriweather-v15-latin-300.woff2 HTTP/1.1" 200 18992 "https://www.fornacalia.com/wp-content/themes/autonomie/style.css?ver=5.2.5" "Mozilla/5.0 (Linux; Android 9; Mi A3) AppleWebKit/537.36 (KHTML, like Gecko) Chrome/80.0.3987.149 Mobile Safari/537.36" 
77.231.174.30 - - [20/Mar/2020:08:03:18 -0700] "GET /wp-content/themes/autonomie/font/lato/lato-v13-latin-700.woff2 HTTP/1.1" 200 23120 "https://www.fornacalia.com/wp-content/themes/autonomie/style.css?ver=5.2.5" "Mozilla/5.0 (Linux; Android 9; Mi A3) AppleWebKit/537.36 (KHTML, like Gecko) Chrome/80.0.3987.149 Mobile Safari/537.36" 
77.231.174.30 - - [20/Mar/2020:08:03:18 -0700] "GET /wp-content/themes/autonomie/font/lato/lato-v13-latin-300.woff2 HTTP/1.1" 200 23476 "https://www.fornacalia.com/wp-content/themes/autonomie/style.css?ver=5.2.5" "Mozilla/5.0 (Linux; Android 9; Mi A3) AppleWebKit/537.36 (KHTML, like Gecko) Chrome/80.0.3987.149 Mobile Safari/537.36" 
77.231.174.30 - - [20/Mar/2020:08:03:18 -0700] "GET /wp-content/themes/autonomie/font/merriweather/merriweather-v15-latin-300italic.woff2 HTTP/1.1" 200 20144 "https://www.fornacalia.com/wp-content/themes/autonomie/style.css?ver=5.2.5" "Mozilla/5.0 (Linux; Android 9; Mi A3) AppleWebKit/537.36 (KHTML, like Gecko) Chrome/80.0.3987.149 Mobile Safari/537.36" 
77.231.174.30 - - [20/Mar/2020:08:03:18 -0700] "GET /wp-content/themes/autonomie/font/genericons/Genericons.woff HTTP/1.1" 200 14930 "https://www.fornacalia.com/wp-content/themes/autonomie/style.css?ver=5.2.5" "Mozilla/5.0 (Linux; Android 9; Mi A3) AppleWebKit/537.36 (KHTML, like Gecko) Chrome/80.0.3987.149 Mobile Safari/537.36" 
77.231.174.30 - - [20/Mar/2020:08:03:18 -0700] "GET /wp-content/themes/Autonomie-child/css/print.css?ver=1.0.0 HTTP/1.1" 200 836 "https://www.fornacalia.com/2014/in-which-a-croissant-recipe-makes-me-cross/" "Mozilla/5.0 (Linux; Android 9; Mi A3) AppleWebKit/537.36 (KHTML, like Gecko) Chrome/80.0.3987.149 Mobile Safari/537.36" 
77.231.174.30 - - [20/Mar/2020:08:03:18 -0700] "GET /wp-content/themes/Autonomie-child/css/default-width.css?ver=1.0.0 HTTP/1.1" 200 950 "https://www.fornacalia.com/2014/in-which-a-croissant-recipe-makes-me-cross/" "Mozilla/5.0 (Linux; Android 9; Mi A3) AppleWebKit/537.36 (KHTML, like Gecko) Chrome/80.0.3987.149 Mobile Safari/537.36" 
77.231.174.30 - - [20/Mar/2020:08:03:18 -0700] "GET /wp-content/plugins/semantic-linkbacks/img/mm.jpg HTTP/1.1" 200 1741 "https://www.fornacalia.com/2014/in-which-a-croissant-recipe-makes-me-cross/" "Mozilla/5.0 (Linux; Android 9; Mi A3) AppleWebKit/537.36 (KHTML, like Gecko) Chrome/80.0.3987.149 Mobile Safari/537.36" 
77.231.174.30 - - [20/Mar/2020:08:03:18 -0700] "GET /wp-content/uploads/2017/12/croissant03.png HTTP/1.1" 200 220668 "https://www.fornacalia.com/2014/in-which-a-croissant-recipe-makes-me-cross/" "Mozilla/5.0 (Linux; Android 9; Mi A3) AppleWebKit/537.36 (KHTML, like Gecko) Chrome/80.0.3987.149 Mobile Safari/537.36" 
77.231.174.30 - - [20/Mar/2020:08:03:18 -0700] "GET /wp-content/uploads/2017/12/croissant01.png HTTP/1.1" 200 158654 "https://www.fornacalia.com/2014/in-which-a-croissant-recipe-makes-me-cross/" "Mozilla/5.0 (Linux; Android 9; Mi A3) AppleWebKit/537.36 (KHTML, like Gecko) Chrome/80.0.3987.149 Mobile Safari/537.36" 
77.231.174.30 - - [20/Mar/2020:08:03:18 -0700] "GET /wp-content/uploads/2017/12/croissant02.png HTTP/1.1" 200 94588 "https://www.fornacalia.com/2014/in-which-a-croissant-recipe-makes-me-cross/" "Mozilla/5.0 (Linux; Android 9; Mi A3) AppleWebKit/537.36 (KHTML, like Gecko) Chrome/80.0.3987.149 Mobile Safari/537.36" 
77.231.174.30 - - [20/Mar/2020:08:03:18 -0700] "GET /wp-content/themes/Autonomie-child/css/wide-width.css?ver=1.0.0 HTTP/1.1" 404 6711 "https://www.fornacalia.com/2014/in-which-a-croissant-recipe-makes-me-cross/" "Mozilla/5.0 (Linux; Android 9; Mi A3) AppleWebKit/537.36 (KHTML, like Gecko) Chrome/80.0.3987.149 Mobile Safari/537.36" 
77.231.174.30 - - [20/Mar/2020:08:03:19 -0700] "GET /wp-content/uploads/2017/12/cropped-forno-favicon-192x192.png HTTP/1.1" 200 21644 "https://www.fornacalia.com/2014/in-which-a-croissant-recipe-makes-me-cross/" "Mozilla/5.0 (Linux; Android 9; Mi A3) AppleWebKit/537.36 (KHTML, like Gecko) Chrome/80.0.3987.149 Mobile Safari/537.36" 
77.231.174.30 - - [20/Mar/2020:08:03:19 -0700] "GET /wp-content/uploads/2017/12/cropped-forno-favicon-180x180.png HTTP/1.1" 200 19184 "https://www.fornacalia.com/2014/in-which-a-croissant-recipe-makes-me-cross/" "Mozilla/5.0 (Linux; Android 9; Mi A3) AppleWebKit/537.36 (KHTML, like Gecko) Chrome/80.0.3987.149 Mobile Safari/537.36" 
5.188.84.15 - - [20/Mar/2020:08:03:31 -0700] "GET /2013/pasta-madre-day-2013/ HTTP/1.0" 200 32928 "https://www.fornacalia.com/2013/pasta-madre-day-2013/#comment-1801/" "Mozilla/5.0 (Windows NT 10.0; Win64; x64) AppleWebKit/537.36 (KHTML, like Gecko) Chrome/64.0.3282.140 Safari/537.36 Edge/17.17134" 
5.188.84.15 - - [20/Mar/2020:08:03:32 -0700] "POST /wp-comments-post.php HTTP/1.0" 302 4063 "https://www.fornacalia.com/2013/pasta-madre-day-2013/#comment-1801/" "Mozilla/5.0 (Windows NT 10.0; Win64; x64) AppleWebKit/537.36 (KHTML, like Gecko) Chrome/64.0.3282.140 Safari/537.36 Edge/17.17134" 
5.188.84.233 - - [20/Mar/2020:08:05:44 -0700] "GET /2013/pasta-madre-day-2013/ HTTP/1.0" 200 32928 "https://www.fornacalia.com/2013/pasta-madre-day-2013/#comment-1801/" "Mozilla/5.0 (Windows NT 6.1; Win64; x64) AppleWebKit/537.36 (KHTML, like Gecko) Chrome/67.0.3396.87 Safari/537.36 OPR/54.0.2952.54" 
5.188.84.233 - - [20/Mar/2020:08:05:45 -0700] "POST /wp-comments-post.php HTTP/1.0" 302 4063 "https://www.fornacalia.com/2013/pasta-madre-day-2013/#comment-1801/" "Mozilla/5.0 (Windows NT 6.1; Win64; x64) AppleWebKit/537.36 (KHTML, like Gecko) Chrome/67.0.3396.87 Safari/537.36 OPR/54.0.2952.54" 
5.188.84.45 - - [20/Mar/2020:08:06:23 -0700] "GET /2013/pasta-madre-day-2013/ HTTP/1.0" 200 32928 "https://www.fornacalia.com/2013/pasta-madre-day-2013/#comment-1801/" "Mozilla/5.0 (Windows NT 6.1) AppleWebKit/537.36 (KHTML, like Gecko) Chrome/68.0.3440.106 Safari/537.36" 
5.188.84.45 - - [20/Mar/2020:08:06:24 -0700] "POST /wp-comments-post.php HTTP/1.0" 302 4063 "https://www.fornacalia.com/2013/pasta-madre-day-2013/#comment-1801/" "Mozilla/5.0 (Windows NT 6.1) AppleWebKit/537.36 (KHTML, like Gecko) Chrome/68.0.3440.106 Safari/537.36" 
77.231.174.30 - - [20/Mar/2020:08:07:33 -0700] "GET /category/recipes/ HTTP/1.1" 200 19736 "https://www.fornacalia.com/2014/in-which-a-croissant-recipe-makes-me-cross/" "Mozilla/5.0 (Linux; Android 9; Mi A3) AppleWebKit/537.36 (KHTML, like Gecko) Chrome/80.0.3987.149 Mobile Safari/537.36" 
77.231.174.30 - - [20/Mar/2020:08:07:34 -0700] "GET /wp-includes/js/mediaelement/wp-mediaelement.min.css?ver=5.2.5 HTTP/1.1" 200 1802 "https://www.fornacalia.com/category/recipes/" "Mozilla/5.0 (Linux; Android 9; Mi A3) AppleWebKit/537.36 (KHTML, like Gecko) Chrome/80.0.3987.149 Mobile Safari/537.36" 
77.231.174.30 - - [20/Mar/2020:08:07:34 -0700] "GET /wp-includes/js/mediaelement/mediaelementplayer-legacy.min.css?ver=4.2.6-78496d1 HTTP/1.1" 200 3102 "https://www.fornacalia.com/category/recipes/" "Mozilla/5.0 (Linux; Android 9; Mi A3) AppleWebKit/537.36 (KHTML, like Gecko) Chrome/80.0.3987.149 Mobile Safari/537.36" 
77.231.174.30 - - [20/Mar/2020:08:07:34 -0700] "GET /wp-includes/js/mediaelement/mediaelement-migrate.min.js?ver=5.2.5 HTTP/1.1" 200 1078 "https://www.fornacalia.com/category/recipes/" "Mozilla/5.0 (Linux; Android 9; Mi A3) AppleWebKit/537.36 (KHTML, like Gecko) Chrome/80.0.3987.149 Mobile Safari/537.36" 
77.231.174.30 - - [20/Mar/2020:08:07:34 -0700] "GET /wp-includes/js/mediaelement/mediaelement-and-player.min.js?ver=4.2.6-78496d1 HTTP/1.1" 200 39919 "https://www.fornacalia.com/category/recipes/" "Mozilla/5.0 (Linux; Android 9; Mi A3) AppleWebKit/537.36 (KHTML, like Gecko) Chrome/80.0.3987.149 Mobile Safari/537.36" 
