5.188.84.25 - - [20/Mar/2020:17:15:16 -0700] "POST /wp-comments-post.php HTTP/1.0" 302 4063 "https://www.fornacalia.com/2013/pasta-madre-day-2013/#comment-1801/" "Mozilla/5.0 (Windows NT 6.1; WOW64) AppleWebKit/537.36 (KHTML, like Gecko) Chrome/67.0.3396.87 Safari/537.36 OPR/54.0.2952.64 (Edition Yx)" 
157.55.39.236 - - [20/Mar/2020:17:26:25 -0700] "GET /page/5/ HTTP/1.1" 200 13538 "-" "Mozilla/5.0 (compatible; bingbot/2.0; +http://www.bing.com/bingbot.htm)" 
5.188.84.45 - - [20/Mar/2020:17:28:15 -0700] "GET /2013/pasta-madre-day-2013/ HTTP/1.0" 200 32928 "https://www.fornacalia.com/2013/pasta-madre-day-2013/#comment-1801/" "Mozilla/5.0 (Windows NT 6.3; Win64; x64) AppleWebKit/537.36 (KHTML, like Gecko) Chrome/67.0.3396.87 Safari/537.36" 
5.188.84.45 - - [20/Mar/2020:17:28:16 -0700] "POST /wp-comments-post.php HTTP/1.0" 302 4063 "https://www.fornacalia.com/2013/pasta-madre-day-2013/#comment-1801/" "Mozilla/5.0 (Windows NT 6.3; Win64; x64) AppleWebKit/537.36 (KHTML, like Gecko) Chrome/67.0.3396.87 Safari/537.36" 
46.229.168.129 - - [20/Mar/2020:17:34:26 -0700] "GET /robots.txt HTTP/1.1" 200 4255 "-" "Mozilla/5.0 (compatible; SemrushBot/6~bl; +http://www.semrush.com/bot.html)" 
46.229.168.146 - - [20/Mar/2020:17:34:27 -0700] "GET /tag/flatbread/ HTTP/1.1" 200 11671 "-" "Mozilla/5.0 (compatible; SemrushBot/6~bl; +http://www.semrush.com/bot.html)" 
94.228.207.1 - - [20/Mar/2020:17:39:40 -0700] "GET /2019/first-course-in-rome/ HTTP/1.0" 200 29583 "https://www.fornacalia.com/2019/first-course-in-rome/" "Mozilla/5.0 (Windows NT 6.1) AppleWebKit/537.36 (KHTML, like Gecko) Chrome/68.0.3440.106 Safari/537.36" 
94.228.207.1 - - [20/Mar/2020:17:39:41 -0700] "POST /wp-comments-post.php HTTP/1.0" 302 4063 "https://www.fornacalia.com/2019/first-course-in-rome/" "Mozilla/5.0 (Windows NT 6.1) AppleWebKit/537.36 (KHTML, like Gecko) Chrome/68.0.3440.106 Safari/537.36" 
94.228.207.1 - - [20/Mar/2020:17:39:41 -0700] "GET /2019/first-course-in-rome/ HTTP/1.0" 200 29583 "https://www.fornacalia.com/2019/first-course-in-rome/#comment-30945" "Mozilla/5.0 (Windows NT 6.1) AppleWebKit/537.36 (KHTML, like Gecko) Chrome/68.0.3440.106 Safari/537.36" 
114.119.166.39 - - [20/Mar/2020:17:40:10 -0700] "GET / HTTP/1.1" 200 17183 "-" "Mozilla/5.0 (Linux; Android 7.0;) AppleWebKit/537.36 (KHTML, like Gecko) Mobile Safari/537.36 (compatible; AspiegelBot)" 
64.111.100.215 - - [20/Mar/2020:17:40:10 -0700] "POST /wp-cron.php?doing_wp_cron=1584751210.4960370063781738281250 HTTP/1.1" 200 3494 "https://www.fornacalia.com/wp-cron.php?doing_wp_cron=1584751210.4960370063781738281250" "WordPress/5.2.5; https://www.fornacalia.com" 
114.119.165.219 - - [20/Mar/2020:17:45:18 -0700] "GET /page/8 HTTP/1.1" 301 4029 "-" "Mozilla/5.0 (Linux; Android 7.0;) AppleWebKit/537.36 (KHTML, like Gecko) Mobile Safari/537.36 (compatible; AspiegelBot)" 
64.111.100.215 - - [20/Mar/2020:17:45:19 -0700] "POST /wp-cron.php?doing_wp_cron=1584751518.8024799823760986328125 HTTP/1.1" 200 3494 "https://www.fornacalia.com/wp-cron.php?doing_wp_cron=1584751518.8024799823760986328125" "WordPress/5.2.5; https://www.fornacalia.com" 
114.119.165.219 - - [20/Mar/2020:17:45:20 -0700] "GET /page/8/ HTTP/1.1" 200 14035 "-" "Mozilla/5.0 (Linux; Android 7.0;) AppleWebKit/537.36 (KHTML, like Gecko) Mobile Safari/537.36 (compatible; AspiegelBot)" 
192.210.177.226 - - [20/Mar/2020:17:45:47 -0700] "GET /xmlrpc.php?rsd HTTP/1.0" 200 3977 "http://www.fornacalia.com/" "Mozilla/5.0 (Windows NT 10.0; WOW64) AppleWebKit/537.36 (KHTML, like Gecko) Chrome/61.0.3163.79 Safari/537.36 Maxthon/5.2.3.2000" 
192.210.177.226 - - [20/Mar/2020:17:45:48 -0700] "GET /wp-json/webmention/1.0/endpoint HTTP/1.0" 200 5630 "http://www.fornacalia.com/" "Mozilla/5.0 (Windows NT 10.0; WOW64) AppleWebKit/537.36 (KHTML, like Gecko) Chrome/61.0.3163.79 Safari/537.36 Maxthon/5.2.3.2000" 
192.210.177.226 - - [20/Mar/2020:17:45:49 -0700] "GET /wp-json/micropub/1.0/media HTTP/1.0" 401 4113 "http://www.fornacalia.com/" "Mozilla/5.0 (Windows NT 10.0; WOW64) AppleWebKit/537.36 (KHTML, like Gecko) Chrome/61.0.3163.79 Safari/537.36 Maxthon/5.2.3.2000" 
192.210.177.226 - - [20/Mar/2020:17:45:49 -0700] "GET /wp-json/micropub/1.0/endpoint HTTP/1.0" 403 4043 "http://www.fornacalia.com/" "Mozilla/5.0 (Windows NT 10.0; WOW64) AppleWebKit/537.36 (KHTML, like Gecko) Chrome/61.0.3163.79 Safari/537.36 Maxthon/5.2.3.2000" 
23.83.179.216 - - [20/Mar/2020:17:45:50 -0700] "GET /wp-json/micropub/1.0/endpoint HTTP/1.0" 403 4043 "http://www.fornacalia.com/" "Mozilla/5.0 (Windows NT 10.0; WOW64) AppleWebKit/537.36 (KHTML, like Gecko) Chrome/61.0.3163.79 Safari/537.36 Maxthon/5.2.3.2000" 
64.94.211.129 - - [20/Mar/2020:17:45:51 -0700] "GET /wp-json/micropub/1.0/endpoint HTTP/1.0" 403 4043 "http://www.fornacalia.com/" "Mozilla/5.0 (Windows NT 10.0; WOW64) AppleWebKit/537.36 (KHTML, like Gecko) Chrome/61.0.3163.79 Safari/537.36 Maxthon/5.2.3.2000" 
107.173.185.126 - - [20/Mar/2020:17:45:51 -0700] "GET /wp-json/micropub/1.0/endpoint HTTP/1.0" 403 4043 "http://www.fornacalia.com/" "Mozilla/5.0 (Windows NT 10.0; WOW64) AppleWebKit/537.36 (KHTML, like Gecko) Chrome/61.0.3163.79 Safari/537.36 Maxthon/5.2.3.2000" 
158.222.11.158 - - [20/Mar/2020:17:45:51 -0700] "GET /wp-json/ HTTP/1.0" 200 83906 "http://www.fornacalia.com/" "Mozilla/5.0 (Windows NT 10.0; WOW64) AppleWebKit/537.36 (KHTML, like Gecko) Chrome/61.0.3163.79 Safari/537.36 Maxthon/5.2.3.2000" 
158.222.11.158 - - [20/Mar/2020:17:45:52 -0700] "GET /wp-content/uploads/2020/03/starter-workflow-1.png HTTP/1.0" 200 536404 "http://www.fornacalia.com/" "Mozilla/5.0 (Windows NT 10.0; WOW64) AppleWebKit/537.36 (KHTML, like Gecko) Chrome/61.0.3163.79 Safari/537.36 Maxthon/5.2.3.2000" 
158.222.11.158 - - [20/Mar/2020:17:45:55 -0700] "GET /wp-content/uploads/2020/03/starter-workflow-1-768x433.png HTTP/1.0" 200 600074 "http://www.fornacalia.com/" "Mozilla/5.0 (Windows NT 10.0; WOW64) AppleWebKit/537.36 (KHTML, like Gecko) Chrome/61.0.3163.79 Safari/537.36 Maxthon/5.2.3.2000" 
158.222.11.158 - - [20/Mar/2020:17:45:58 -0700] "GET /wp-content/uploads/2020/03/starter-workflow-1-300x169.png HTTP/1.0" 200 97381 "http://www.fornacalia.com/" "Mozilla/5.0 (Windows NT 10.0; WOW64) AppleWebKit/537.36 (KHTML, like Gecko) Chrome/61.0.3163.79 Safari/537.36 Maxthon/5.2.3.2000" 
158.222.11.158 - - [20/Mar/2020:17:45:59 -0700] "GET /wp-content/uploads/2020/03/starter-workflow-1-1024x577.png HTTP/1.0" 200 1074918 "http://www.fornacalia.com/" "Mozilla/5.0 (Windows NT 10.0; WOW64) AppleWebKit/537.36 (KHTML, like Gecko) Chrome/61.0.3163.79 Safari/537.36 Maxthon/5.2.3.2000" 
158.222.11.158 - - [20/Mar/2020:17:46:06 -0700] "GET /wp-content/uploads/2020/01/starters-dirty.jpg HTTP/1.0" 200 539143 "http://www.fornacalia.com/" "Mozilla/5.0 (Windows NT 10.0; WOW64) AppleWebKit/537.36 (KHTML, like Gecko) Chrome/61.0.3163.79 Safari/537.36 Maxthon/5.2.3.2000" 
158.222.11.158 - - [20/Mar/2020:17:46:09 -0700] "GET /wp-content/uploads/2020/01/starters-dirty-300x300.jpg HTTP/1.0" 200 27497 "http://www.fornacalia.com/" "Mozilla/5.0 (Windows NT 10.0; WOW64) AppleWebKit/537.36 (KHTML, like Gecko) Chrome/61.0.3163.79 Safari/537.36 Maxthon/5.2.3.2000" 
158.222.11.158 - - [20/Mar/2020:17:46:09 -0700] "GET /wp-content/uploads/2020/01/starters-dirty-150x150.jpg HTTP/1.0" 200 10189 "http://www.fornacalia.com/" "Mozilla/5.0 (Windows NT 10.0; WOW64) AppleWebKit/537.36 (KHTML, like Gecko) Chrome/61.0.3163.79 Safari/537.36 Maxthon/5.2.3.2000" 
158.222.11.158 - - [20/Mar/2020:17:46:10 -0700] "GET /wp-content/uploads/2020/01/starters-build.jpg HTTP/1.0" 200 286581 "http://www.fornacalia.com/" "Mozilla/5.0 (Windows NT 10.0; WOW64) AppleWebKit/537.36 (KHTML, like Gecko) Chrome/61.0.3163.79 Safari/537.36 Maxthon/5.2.3.2000" 
158.222.11.158 - - [20/Mar/2020:17:46:12 -0700] "GET /wp-content/uploads/2020/01/starters-build-300x169.jpg HTTP/1.0" 200 17169 "http://www.fornacalia.com/" "Mozilla/5.0 (Windows NT 10.0; WOW64) AppleWebKit/537.36 (KHTML, like Gecko) Chrome/61.0.3163.79 Safari/537.36 Maxthon/5.2.3.2000" 
158.222.11.158 - - [20/Mar/2020:17:46:13 -0700] "GET /wp-content/uploads/2020/01/starter-dirty.jpg HTTP/1.0" 200 437946 "http://www.fornacalia.com/" "Mozilla/5.0 (Windows NT 10.0; WOW64) AppleWebKit/537.36 (KHTML, like Gecko) Chrome/61.0.3163.79 Safari/537.36 Maxthon/5.2.3.2000" 
158.222.11.158 - - [20/Mar/2020:17:46:17 -0700] "GET /wp-content/uploads/2020/01/starter-dirty-300x300.jpg HTTP/1.0" 200 23655 "http://www.fornacalia.com/" "Mozilla/5.0 (Windows NT 10.0; WOW64) AppleWebKit/537.36 (KHTML, like Gecko) Chrome/61.0.3163.79 Safari/537.36 Maxthon/5.2.3.2000" 
158.222.11.158 - - [20/Mar/2020:17:46:17 -0700] "GET /wp-content/uploads/2020/01/starter-dirty-150x150.jpg HTTP/1.0" 200 10422 "http://www.fornacalia.com/" "Mozilla/5.0 (Windows NT 10.0; WOW64) AppleWebKit/537.36 (KHTML, like Gecko) Chrome/61.0.3163.79 Safari/537.36 Maxthon/5.2.3.2000" 
158.222.11.158 - - [20/Mar/2020:17:46:18 -0700] "GET /wp-content/uploads/2020/01/second-build.jpg HTTP/1.0" 200 383733 "http://www.fornacalia.com/" "Mozilla/5.0 (Windows NT 10.0; WOW64) AppleWebKit/537.36 (KHTML, like Gecko) Chrome/61.0.3163.79 Safari/537.36 Maxthon/5.2.3.2000" 
158.222.11.158 - - [20/Mar/2020:17:46:21 -0700] "GET /wp-content/uploads/2020/01/second-build-300x225.jpg HTTP/1.0" 200 20200 "http://www.fornacalia.com/" "Mozilla/5.0 (Windows NT 10.0; WOW64) AppleWebKit/537.36 (KHTML, like Gecko) Chrome/61.0.3163.79 Safari/537.36 Maxthon/5.2.3.2000" 
158.222.11.158 - - [20/Mar/2020:17:46:21 -0700] "GET /wp-content/uploads/2020/01/loaves.jpg HTTP/1.0" 200 398295 "http://www.fornacalia.com/" "Mozilla/5.0 (Windows NT 10.0; WOW64) AppleWebKit/537.36 (KHTML, like Gecko) Chrome/61.0.3163.79 Safari/537.36 Maxthon/5.2.3.2000" 
158.222.11.158 - - [20/Mar/2020:17:46:25 -0700] "GET /wp-content/uploads/2020/01/loaves-300x169.jpg HTTP/1.0" 200 23349 "http://www.fornacalia.com/" "Mozilla/5.0 (Windows NT 10.0; WOW64) AppleWebKit/537.36 (KHTML, like Gecko) Chrome/61.0.3163.79 Safari/537.36 Maxthon/5.2.3.2000" 
158.222.11.158 - - [20/Mar/2020:17:46:26 -0700] "GET /wp-content/uploads/2020/01/fifth-build.jpg HTTP/1.0" 200 298939 "http://www.fornacalia.com/" "Mozilla/5.0 (Windows NT 10.0; WOW64) AppleWebKit/537.36 (KHTML, like Gecko) Chrome/61.0.3163.79 Safari/537.36 Maxthon/5.2.3.2000" 
158.222.11.158 - - [20/Mar/2020:17:46:28 -0700] "GET /wp-content/uploads/2020/01/fifth-build-300x169.jpg HTTP/1.0" 200 16384 "http://www.fornacalia.com/" "Mozilla/5.0 (Windows NT 10.0; WOW64) AppleWebKit/537.36 (KHTML, like Gecko) Chrome/61.0.3163.79 Safari/537.36 Maxthon/5.2.3.2000" 
158.222.11.158 - - [20/Mar/2020:17:46:29 -0700] "GET /wp-content/uploads/2019/11/starter.png HTTP/1.0" 200 760518 "http://www.fornacalia.com/" "Mozilla/5.0 (Windows NT 10.0; WOW64) AppleWebKit/537.36 (KHTML, like Gecko) Chrome/61.0.3163.79 Safari/537.36 Maxthon/5.2.3.2000" 
158.222.11.158 - - [20/Mar/2020:17:46:34 -0700] "GET /wp-content/uploads/2019/11/starter-768x768.png HTTP/1.0" 200 778549 "http://www.fornacalia.com/" "Mozilla/5.0 (Windows NT 10.0; WOW64) AppleWebKit/537.36 (KHTML, like Gecko) Chrome/61.0.3163.79 Safari/537.36 Maxthon/5.2.3.2000" 
158.222.11.158 - - [20/Mar/2020:17:46:40 -0700] "GET /wp-content/uploads/2019/11/starter-300x300.png HTTP/1.0" 200 132500 "http://www.fornacalia.com/" "Mozilla/5.0 (Windows NT 10.0; WOW64) AppleWebKit/537.36 (KHTML, like Gecko) Chrome/61.0.3163.79 Safari/537.36 Maxthon/5.2.3.2000" 
158.222.11.158 - - [20/Mar/2020:17:46:42 -0700] "GET /wp-content/uploads/2019/11/starter-150x150.png HTTP/1.0" 200 39068 "http://www.fornacalia.com/" "Mozilla/5.0 (Windows NT 10.0; WOW64) AppleWebKit/537.36 (KHTML, like Gecko) Chrome/61.0.3163.79 Safari/537.36 Maxthon/5.2.3.2000" 
158.222.11.158 - - [20/Mar/2020:17:46:43 -0700] "GET /wp-content/uploads/2019/11/starter-1024x1024.png HTTP/1.0" 200 1328956 "http://www.fornacalia.com/" "Mozilla/5.0 (Windows NT 10.0; WOW64) AppleWebKit/537.36 (KHTML, like Gecko) Chrome/61.0.3163.79 Safari/537.36 Maxthon/5.2.3.2000" 
158.222.11.158 - - [20/Mar/2020:17:46:52 -0700] "GET /wp-content/uploads/2019/11/resting.png HTTP/1.0" 200 243700 "http://www.fornacalia.com/" "Mozilla/5.0 (Windows NT 10.0; WOW64) AppleWebKit/537.36 (KHTML, like Gecko) Chrome/61.0.3163.79 Safari/537.36 Maxthon/5.2.3.2000" 
158.222.11.158 - - [20/Mar/2020:17:46:54 -0700] "GET /wp-content/uploads/2019/11/resting-768x376.png HTTP/1.0" 200 384770 "http://www.fornacalia.com/" "Mozilla/5.0 (Windows NT 10.0; WOW64) AppleWebKit/537.36 (KHTML, like Gecko) Chrome/61.0.3163.79 Safari/537.36 Maxthon/5.2.3.2000" 
158.222.11.158 - - [20/Mar/2020:17:46:58 -0700] "GET /wp-content/uploads/2019/11/resting-300x147.png HTTP/1.0" 200 71301 "http://www.fornacalia.com/" "Mozilla/5.0 (Windows NT 10.0; WOW64) AppleWebKit/537.36 (KHTML, like Gecko) Chrome/61.0.3163.79 Safari/537.36 Maxthon/5.2.3.2000" 
158.222.11.158 - - [20/Mar/2020:17:46:59 -0700] "GET /wp-content/uploads/2019/11/resting-1024x502.png HTTP/1.0" 200 630763 "http://www.fornacalia.com/" "Mozilla/5.0 (Windows NT 10.0; WOW64) AppleWebKit/537.36 (KHTML, like Gecko) Chrome/61.0.3163.79 Safari/537.36 Maxthon/5.2.3.2000" 
158.222.11.158 - - [20/Mar/2020:17:47:04 -0700] "GET /wp-content/uploads/2019/11/mise-en-place.png HTTP/1.0" 200 885793 "http://www.fornacalia.com/" "Mozilla/5.0 (Windows NT 10.0; WOW64) AppleWebKit/537.36 (KHTML, like Gecko) Chrome/61.0.3163.79 Safari/537.36 Maxthon/5.2.3.2000" 
5.188.84.220 - - [20/Mar/2020:17:47:16 -0700] "GET /2013/pasta-madre-day-2013/ HTTP/1.0" 200 32928 "https://www.fornacalia.com/2013/pasta-madre-day-2013/#comment-1801/" "Mozilla/5.0 (Windows NT 6.3; Win64; x64) AppleWebKit/537.36 (KHTML, like Gecko) Chrome/68.0.3440.84 Safari/537.36" 
5.188.84.220 - - [20/Mar/2020:17:47:17 -0700] "POST /wp-comments-post.php HTTP/1.0" 302 4063 "https://www.fornacalia.com/2013/pasta-madre-day-2013/#comment-1801/" "Mozilla/5.0 (Windows NT 6.3; Win64; x64) AppleWebKit/537.36 (KHTML, like Gecko) Chrome/68.0.3440.84 Safari/537.36" 
158.222.11.158 - - [20/Mar/2020:17:47:13 -0700] "GET /wp-content/uploads/2019/11/mise-en-place-774x1024.png HTTP/1.0" 200 1361076 "http://www.fornacalia.com/" "Mozilla/5.0 (Windows NT 10.0; WOW64) AppleWebKit/537.36 (KHTML, like Gecko) Chrome/61.0.3163.79 Safari/537.36 Maxthon/5.2.3.2000" 
158.222.11.158 - - [20/Mar/2020:17:47:21 -0700] "GET /wp-content/uploads/2019/11/mise-en-place-768x1016.png HTTP/1.0" 200 1373497 "http://www.fornacalia.com/" "Mozilla/5.0 (Windows NT 10.0; WOW64) AppleWebKit/537.36 (KHTML, like Gecko) Chrome/61.0.3163.79 Safari/537.36 Maxthon/5.2.3.2000" 
158.222.11.158 - - [20/Mar/2020:17:47:25 -0700] "GET /wp-content/uploads/2019/11/mise-en-place-227x300.png HTTP/1.0" 200 133144 "http://www.fornacalia.com/" "Mozilla/5.0 (Windows NT 10.0; WOW64) AppleWebKit/537.36 (KHTML, like Gecko) Chrome/61.0.3163.79 Safari/537.36 Maxthon/5.2.3.2000" 
158.222.11.158 - - [20/Mar/2020:17:47:27 -0700] "GET /wp-content/uploads/2019/11/happy-bakers.png HTTP/1.0" 200 424114 "http://www.fornacalia.com/" "Mozilla/5.0 (Windows NT 10.0; WOW64) AppleWebKit/537.36 (KHTML, like Gecko) Chrome/61.0.3163.79 Safari/537.36 Maxthon/5.2.3.2000" 
158.222.11.158 - - [20/Mar/2020:17:47:30 -0700] "GET /wp-content/uploads/2019/11/happy-bakers-768x473.png HTTP/1.0" 200 583915 "http://www.fornacalia.com/" "Mozilla/5.0 (Windows NT 10.0; WOW64) AppleWebKit/537.36 (KHTML, like Gecko) Chrome/61.0.3163.79 Safari/537.36 Maxthon/5.2.3.2000" 
158.222.11.158 - - [20/Mar/2020:17:47:33 -0700] "GET /wp-content/uploads/2019/11/happy-bakers-300x185.png HTTP/1.0" 200 100290 "http://www.fornacalia.com/" "Mozilla/5.0 (Windows NT 10.0; WOW64) AppleWebKit/537.36 (KHTML, like Gecko) Chrome/61.0.3163.79 Safari/537.36 Maxthon/5.2.3.2000" 
158.222.11.158 - - [20/Mar/2020:17:47:34 -0700] "GET /wp-content/uploads/2019/11/happy-bakers-1024x631.png HTTP/1.0" 200 1002446 "http://www.fornacalia.com/" "Mozilla/5.0 (Windows NT 10.0; WOW64) AppleWebKit/537.36 (KHTML, like Gecko) Chrome/61.0.3163.79 Safari/537.36 Maxthon/5.2.3.2000" 
158.222.11.158 - - [20/Mar/2020:17:47:38 -0700] "GET /wp-content/uploads/2019/11/first-build.png HTTP/1.0" 200 674993 "http://www.fornacalia.com/" "Mozilla/5.0 (Windows NT 10.0; WOW64) AppleWebKit/537.36 (KHTML, like Gecko) Chrome/61.0.3163.79 Safari/537.36 Maxthon/5.2.3.2000" 
158.222.11.158 - - [20/Mar/2020:17:47:43 -0700] "GET /wp-content/uploads/2019/11/first-build-768x768.png HTTP/1.0" 200 664378 "http://www.fornacalia.com/" "Mozilla/5.0 (Windows NT 10.0; WOW64) AppleWebKit/537.36 (KHTML, like Gecko) Chrome/61.0.3163.79 Safari/537.36 Maxthon/5.2.3.2000" 
158.222.11.158 - - [20/Mar/2020:17:47:44 -0700] "GET /wp-content/uploads/2019/11/first-build-300x300.png HTTP/1.0" 200 118963 "http://www.fornacalia.com/" "Mozilla/5.0 (Windows NT 10.0; WOW64) AppleWebKit/537.36 (KHTML, like Gecko) Chrome/61.0.3163.79 Safari/537.36 Maxthon/5.2.3.2000" 
158.222.11.158 - - [20/Mar/2020:17:47:45 -0700] "GET /wp-content/uploads/2019/11/first-build-150x150.png HTTP/1.0" 200 36529 "http://www.fornacalia.com/" "Mozilla/5.0 (Windows NT 10.0; WOW64) AppleWebKit/537.36 (KHTML, like Gecko) Chrome/61.0.3163.79 Safari/537.36 Maxthon/5.2.3.2000" 
158.222.11.158 - - [20/Mar/2020:17:47:46 -0700] "GET /wp-content/uploads/2019/11/first-build-1024x1024.png HTTP/1.0" 200 1126407 "http://www.fornacalia.com/" "Mozilla/5.0 (Windows NT 10.0; WOW64) AppleWebKit/537.36 (KHTML, like Gecko) Chrome/61.0.3163.79 Safari/537.36 Maxthon/5.2.3.2000" 
66.249.70.15 - - [20/Mar/2020:17:53:50 -0700] "GET /2013/dan-lepards-walnut-bread/ HTTP/1.1" 200 12713 "-" "Mozilla/5.0 (compatible; Googlebot/2.1; +http://www.google.com/bot.html)" 
207.46.13.233 - - [20/Mar/2020:17:54:58 -0700] "GET /2020/sourdough-u-one-day-course-in-rome-5-april/ HTTP/1.1" 200 13948 "-" "Mozilla/5.0 (compatible; bingbot/2.0; +http://www.bing.com/bingbot.htm)" 
66.249.70.11 - - [20/Mar/2020:18:04:09 -0700] "GET /i-can-teach-you-to-make-good-bread/ HTTP/1.1" 200 10303 "-" "Mozilla/5.0 (Linux; Android 6.0.1; Nexus 5X Build/MMB29P) AppleWebKit/537.36 (KHTML, like Gecko) Chrome/41.0.2272.96 Mobile Safari/537.36 (compatible; Googlebot/2.1; +http://www.google.com/bot.html)" 
5.188.84.233 - - [20/Mar/2020:18:06:16 -0700] "GET /2013/pasta-madre-day-2013/ HTTP/1.0" 200 32928 "https://www.fornacalia.com/2013/pasta-madre-day-2013/#comment-1801/" "Mozilla/5.0 (Windows NT 10.0; Win64; x64) AppleWebKit/537.36 (KHTML, like Gecko) Chrome/67.0.3396.87 Safari/537.36 OPR/54.0.2952.51" 
5.188.84.233 - - [20/Mar/2020:18:06:17 -0700] "POST /wp-comments-post.php HTTP/1.0" 302 4063 "https://www.fornacalia.com/2013/pasta-madre-day-2013/#comment-1801/" "Mozilla/5.0 (Windows NT 10.0; Win64; x64) AppleWebKit/537.36 (KHTML, like Gecko) Chrome/67.0.3396.87 Safari/537.36 OPR/54.0.2952.51" 
5.188.84.65 - - [20/Mar/2020:18:07:40 -0700] "GET /2013/pasta-madre-day-2013/ HTTP/1.0" 200 32928 "https://www.fornacalia.com/2013/pasta-madre-day-2013/#comment-1801/" "Mozilla/5.0 (Windows NT 6.3; Win64; x64) AppleWebKit/537.36 (KHTML, like Gecko) Chrome/67.0.3396.79 Safari/537.36" 
5.188.84.65 - - [20/Mar/2020:18:07:41 -0700] "POST /wp-comments-post.php HTTP/1.0" 302 4063 "https://www.fornacalia.com/2013/pasta-madre-day-2013/#comment-1801/" "Mozilla/5.0 (Windows NT 6.3; Win64; x64) AppleWebKit/537.36 (KHTML, like Gecko) Chrome/67.0.3396.79 Safari/537.36" 
17.58.96.249 - - [20/Mar/2020:18:13:19 -0700] "GET /tag/autolyse/ HTTP/1.1" 200 10610 "-" "Mozilla/5.0 (Macintosh; Intel Mac OS X 10_10_1) AppleWebKit/600.2.5 (KHTML, like Gecko) Version/8.0.2 Safari/600.2.5 (Applebot/0.1; +http://www.apple.com/go/applebot)" 
207.46.13.233 - - [20/Mar/2020:18:13:31 -0700] "GET /2013/going-for-100-wholemeal/ HTTP/1.1" 200 11341 "-" "Mozilla/5.0 (compatible; bingbot/2.0; +http://www.bing.com/bingbot.htm)" 
5.188.84.65 - - [20/Mar/2020:18:16:51 -0700] "GET /2013/pasta-madre-day-2013/ HTTP/1.0" 200 32928 "https://www.fornacalia.com/2013/pasta-madre-day-2013/#comment-1801/" "Mozilla/5.0 (Windows NT 10.0; Win64; x64) AppleWebKit/537.36 (KHTML, like Gecko) Chrome/67.0.3396.79 Safari/537.36" 
5.188.84.65 - - [20/Mar/2020:18:16:52 -0700] "POST /wp-comments-post.php HTTP/1.0" 302 4063 "https://www.fornacalia.com/2013/pasta-madre-day-2013/#comment-1801/" "Mozilla/5.0 (Windows NT 10.0; Win64; x64) AppleWebKit/537.36 (KHTML, like Gecko) Chrome/67.0.3396.79 Safari/537.36" 
5.188.84.35 - - [20/Mar/2020:18:19:33 -0700] "GET /2013/pasta-madre-day-2013/ HTTP/1.0" 200 32928 "https://www.fornacalia.com/2013/pasta-madre-day-2013/#comment-1801/" "Mozilla/5.0 (Windows NT 10.0; Win64; x64) AppleWebKit/537.36 (KHTML, like Gecko) Chrome/67.0.3396.87 Safari/537.36 OPR/54.0.2952.54" 
5.188.84.35 - - [20/Mar/2020:18:19:34 -0700] "POST /wp-comments-post.php HTTP/1.0" 302 4063 "https://www.fornacalia.com/2013/pasta-madre-day-2013/#comment-1801/" "Mozilla/5.0 (Windows NT 10.0; Win64; x64) AppleWebKit/537.36 (KHTML, like Gecko) Chrome/67.0.3396.87 Safari/537.36 OPR/54.0.2952.54" 
5.188.84.45 - - [20/Mar/2020:18:28:17 -0700] "GET /2013/pasta-madre-day-2013/ HTTP/1.0" 200 32928 "https://www.fornacalia.com/2013/pasta-madre-day-2013/#comment-1801/" "Mozilla/5.0 (Windows NT 6.3; Win64; x64) AppleWebKit/537.36 (KHTML, like Gecko) Chrome/68.0.3440.84 Safari/537.36" 
5.188.84.45 - - [20/Mar/2020:18:28:19 -0700] "POST /wp-comments-post.php HTTP/1.0" 302 4063 "https://www.fornacalia.com/2013/pasta-madre-day-2013/#comment-1801/" "Mozilla/5.0 (Windows NT 6.3; Win64; x64) AppleWebKit/537.36 (KHTML, like Gecko) Chrome/68.0.3440.84 Safari/537.36" 
66.249.70.15 - - [20/Mar/2020:18:44:18 -0700] "GET /2012/apple-cider-levain-loaf/ HTTP/1.1" 200 14041 "-" "Mozilla/5.0 (Linux; Android 6.0.1; Nexus 5X Build/MMB29P) AppleWebKit/537.36 (KHTML, like Gecko) Chrome/41.0.2272.96 Mobile Safari/537.36 (compatible; Googlebot/2.1; +http://www.google.com/bot.html)" 
64.111.100.215 - - [20/Mar/2020:18:44:19 -0700] "POST /wp-cron.php?doing_wp_cron=1584755059.4002389907836914062500 HTTP/1.1" 200 3494 "https://www.fornacalia.com/wp-cron.php?doing_wp_cron=1584755059.4002389907836914062500" "WordPress/5.2.5; https://www.fornacalia.com" 
114.119.165.219 - - [20/Mar/2020:18:49:07 -0700] "GET /2019/mysterious-ear-problem-partially-solved HTTP/1.1" 301 4067 "-" "Mozilla/5.0 (Linux; Android 7.0;) AppleWebKit/537.36 (KHTML, like Gecko) Mobile Safari/537.36 (compatible; AspiegelBot)" 
114.119.165.219 - - [20/Mar/2020:18:49:08 -0700] "GET /2019/mysterious-ear-problem-partially-solved/ HTTP/1.1" 200 11837 "-" "Mozilla/5.0 (Linux; Android 7.0;) AppleWebKit/537.36 (KHTML, like Gecko) Mobile Safari/537.36 (compatible; AspiegelBot)" 
66.249.70.13 - - [20/Mar/2020:18:54:14 -0700] "GET /page/9/ HTTP/1.1" 200 18027 "-" "Mozilla/5.0 (Linux; Android 6.0.1; Nexus 5X Build/MMB29P) AppleWebKit/537.36 (KHTML, like Gecko) Chrome/41.0.2272.96 Mobile Safari/537.36 (compatible; Googlebot/2.1; +http://www.google.com/bot.html)" 
173.208.234.202 - - [20/Mar/2020:18:55:24 -0700] "GET /wp-login.php HTTP/1.1" 200 4811 "-" "Mozilla/5.0 (Windows NT 6.1) AppleWebKit/537.36 (KHTML, like Gecko) Chrome/63.0.3239.84 Safari/537.36" 
173.208.234.202 - - [20/Mar/2020:18:55:24 -0700] "POST /wp-login.php HTTP/1.1" 200 2128 "-" "Mozilla/5.0 (Windows NT 6.1) AppleWebKit/537.36 (KHTML, like Gecko) Chrome/63.0.3239.84 Safari/537.36" 
46.229.168.146 - - [20/Mar/2020:18:59:17 -0700] "GET /robots.txt HTTP/1.1" 200 4255 "-" "Mozilla/5.0 (compatible; SemrushBot/6~bl; +http://www.semrush.com/bot.html)" 
46.229.168.142 - - [20/Mar/2020:18:59:17 -0700] "GET /2014/in-which-a-croissant-recipe-makes-me-cross/ HTTP/1.1" 200 13876 "-" "Mozilla/5.0 (compatible; SemrushBot/6~bl; +http://www.semrush.com/bot.html)" 
114.119.167.55 - - [20/Mar/2020:19:11:31 -0700] "GET /2004/really-sour-dough/ HTTP/1.1" 200 11366 "-" "Mozilla/5.0 (Linux; Android 7.0;) AppleWebKit/537.36 (KHTML, like Gecko) Mobile Safari/537.36 (compatible; AspiegelBot)" 
114.119.165.86 - - [20/Mar/2020:19:16:06 -0700] "GET /2018/long-soak-brown-bread HTTP/1.1" 301 4049 "-" "Mozilla/5.0 (Linux; Android 7.0;) AppleWebKit/537.36 (KHTML, like Gecko) Mobile Safari/537.36 (compatible; AspiegelBot)" 
114.119.165.86 - - [20/Mar/2020:19:16:07 -0700] "GET /2018/long-soak-brown-bread/ HTTP/1.1" 200 12174 "-" "Mozilla/5.0 (Linux; Android 7.0;) AppleWebKit/537.36 (KHTML, like Gecko) Mobile Safari/537.36 (compatible; AspiegelBot)" 
40.77.167.14 - - [20/Mar/2020:19:18:42 -0700] "GET /2016/maybe-the-best-50-wholemeal-ever/feed/ HTTP/1.1" 200 4863 "-" "msnbot/2.0b (+http://search.msn.com/msnbot.htm)" 
66.249.70.11 - - [20/Mar/2020:19:24:40 -0700] "GET /2019/learn-to-bake-sourdough-bread-in-rome/ HTTP/1.1" 200 14240 "-" "Mozilla/5.0 (compatible; Googlebot/2.1; +http://www.google.com/bot.html)" 
114.119.167.251 - - [20/Mar/2020:19:33:27 -0700] "GET /2004/it-is-risen-again HTTP/1.1" 301 4096 "-" "Mozilla/5.0 (Linux; Android 7.0;) AppleWebKit/537.36 (KHTML, like Gecko) Mobile Safari/537.36 (compatible; AspiegelBot)" 
114.119.167.251 - - [20/Mar/2020:19:33:28 -0700] "GET /2004/it-is-risen-again/ HTTP/1.1" 200 11176 "-" "Mozilla/5.0 (Linux; Android 7.0;) AppleWebKit/537.36 (KHTML, like Gecko) Mobile Safari/537.36 (compatible; AspiegelBot)" 
109.234.34.254 - - [20/Mar/2020:19:40:04 -0700] "GET /2013/pasta-madre-day-2013/ HTTP/1.0" 200 32928 "-" "Mozilla/5.0 (Windows NT 6.3; Win64; x64) AppleWebKit/537.36 (KHTML, like Gecko) Chrome/75.0.3770.100 Safari/537.36" 
66.249.70.15 - - [20/Mar/2020:19:54:28 -0700] "GET /2013/100-wholemeal-sourdough/ HTTP/1.1" 200 14960 "-" "Mozilla/5.0 (Linux; Android 6.0.1; Nexus 5X Build/MMB29P) AppleWebKit/537.36 (KHTML, like Gecko) Chrome/41.0.2272.96 Mobile Safari/537.36 (compatible; Googlebot/2.1; +http://www.google.com/bot.html)" 
66.249.70.11 - - [20/Mar/2020:19:54:29 -0700] "GET /tag/sourdough/ HTTP/1.1" 200 18996 "-" "Mozilla/5.0 (Linux; Android 6.0.1; Nexus 5X Build/MMB29P) AppleWebKit/537.36 (KHTML, like Gecko) Chrome/41.0.2272.96 Mobile Safari/537.36 (compatible; Googlebot/2.1; +http://www.google.com/bot.html)" 
5.188.210.18 - - [20/Mar/2020:19:55:02 -0700] "GET /2013/pasta-madre-day-2013/ HTTP/1.0" 200 32928 "https://www.fornacalia.com/2013/pasta-madre-day-2013/#comment-30952" "Mozilla/5.0 (Windows NT 6.1; Win64; x64) AppleWebKit/537.36 (KHTML, like Gecko) Chrome/66.0.3359.181 Safari/537.36" 
54.36.150.60 - - [20/Mar/2020:20:25:57 -0700] "GET /2012/basil-and-bread/feed/ HTTP/1.1" 200 4641 "-" "Mozilla/5.0 (compatible; AhrefsBot/6.1; +http://ahrefs.com/robot/)" 
66.249.70.11 - - [20/Mar/2020:20:54:50 -0700] "GET /2017/black-pepper-rye/ HTTP/1.1" 200 14286 "-" "Mozilla/5.0 (Linux; Android 6.0.1; Nexus 5X Build/MMB29P) AppleWebKit/537.36 (KHTML, like Gecko) Chrome/41.0.2272.96 Mobile Safari/537.36 (compatible; Googlebot/2.1; +http://www.google.com/bot.html)" 
157.55.39.34 - - [20/Mar/2020:21:13:51 -0700] "GET /robots.txt HTTP/1.1" 200 2530 "-" "Mozilla/5.0 (compatible; bingbot/2.0; +http://www.bing.com/bingbot.htm)" 
157.55.39.34 - - [20/Mar/2020:21:13:52 -0700] "GET /robots.txt HTTP/1.1" 200 4292 "-" "Mozilla/5.0 (compatible; bingbot/2.0; +http://www.bing.com/bingbot.htm)" 
157.55.39.199 - - [20/Mar/2020:21:14:00 -0700] "GET /2017/olive-levain/feed/ HTTP/1.1" 200 4839 "-" "msnbot/2.0b (+http://search.msn.com/msnbot.htm)" 
66.249.70.13 - - [20/Mar/2020:21:14:48 -0700] "GET /2020/sourdough-revival/ HTTP/1.1" 200 13157 "-" "Mozilla/5.0 (Linux; Android 6.0.1; Nexus 5X Build/MMB29P) AppleWebKit/537.36 (KHTML, like Gecko) Chrome/41.0.2272.96 Mobile Safari/537.36 (compatible; Googlebot/2.1; +http://www.google.com/bot.html)" 
66.249.70.15 - - [20/Mar/2020:21:24:47 -0700] "GET /2014/in-which-a-croissant-recipe-makes-me-cross/ HTTP/1.1" 200 13917 "-" "Mozilla/5.0 (compatible; Googlebot/2.1; +http://www.google.com/bot.html)" 
114.119.164.131 - - [20/Mar/2020:21:28:36 -0700] "GET /2016/a-very-good-carrot-cake HTTP/1.1" 301 4051 "-" "Mozilla/5.0 (Linux; Android 7.0;) AppleWebKit/537.36 (KHTML, like Gecko) Mobile Safari/537.36 (compatible; AspiegelBot)" 
114.119.164.131 - - [20/Mar/2020:21:28:37 -0700] "GET /2016/a-very-good-carrot-cake/ HTTP/1.1" 200 12296 "-" "Mozilla/5.0 (Linux; Android 7.0;) AppleWebKit/537.36 (KHTML, like Gecko) Mobile Safari/537.36 (compatible; AspiegelBot)" 
66.249.70.15 - - [20/Mar/2020:21:34:29 -0700] "GET /2017/black-pepper-rye/ HTTP/1.1" 200 14287 "-" "Mozilla/5.0 (compatible; Googlebot/2.1; +http://www.google.com/bot.html)" 
114.119.164.139 - - [20/Mar/2020:21:41:51 -0700] "GET /2018/when-life-gives-you-hummus HTTP/1.1" 301 4105 "-" "Mozilla/5.0 (Linux; Android 7.0;) AppleWebKit/537.36 (KHTML, like Gecko) Mobile Safari/537.36 (compatible; AspiegelBot)" 
64.111.100.215 - - [20/Mar/2020:21:41:52 -0700] "POST /wp-cron.php?doing_wp_cron=1584765712.2950370311737060546875 HTTP/1.1" 200 3494 "https://www.fornacalia.com/wp-cron.php?doing_wp_cron=1584765712.2950370311737060546875" "WordPress/5.2.5; https://www.fornacalia.com" 
114.119.164.139 - - [20/Mar/2020:21:41:54 -0700] "GET /2018/when-life-gives-you-hummus/ HTTP/1.1" 200 13361 "-" "Mozilla/5.0 (Linux; Android 7.0;) AppleWebKit/537.36 (KHTML, like Gecko) Mobile Safari/537.36 (compatible; AspiegelBot)" 
198.57.167.49 - - [20/Mar/2020:21:43:19 -0700] "GET /wp-login.php HTTP/1.1" 200 4811 "-" "Mozilla/5.0 (Windows NT 6.1) AppleWebKit/537.36 (KHTML, like Gecko) Chrome/63.0.3239.84 Safari/537.36" 
198.57.167.49 - - [20/Mar/2020:21:43:19 -0700] "POST /wp-login.php HTTP/1.1" 200 2128 "-" "Mozilla/5.0 (Windows NT 6.1) AppleWebKit/537.36 (KHTML, like Gecko) Chrome/63.0.3239.84 Safari/537.36" 
66.249.70.15 - - [20/Mar/2020:21:44:18 -0700] "GET /tag/wholemeal/ HTTP/1.1" 200 12476 "-" "Mozilla/5.0 (Linux; Android 6.0.1; Nexus 5X Build/MMB29P) AppleWebKit/537.36 (KHTML, like Gecko) Chrome/41.0.2272.96 Mobile Safari/537.36 (compatible; Googlebot/2.1; +http://www.google.com/bot.html)" 
66.249.70.15 - - [20/Mar/2020:21:44:19 -0700] "GET /2013/sourdough-ciabatta/ HTTP/1.1" 200 11377 "-" "Mozilla/5.0 (compatible; Googlebot/2.1; +http://www.google.com/bot.html)" 
157.55.39.236 - - [20/Mar/2020:21:45:49 -0700] "GET /2012/bbc-radio-four-discovers-sourdough/ HTTP/1.1" 200 12212 "-" "Mozilla/5.0 (compatible; bingbot/2.0; +http://www.bing.com/bingbot.htm)" 
66.249.70.13 - - [20/Mar/2020:21:54:10 -0700] "GET /2014/in-which-a-croissant-recipe-makes-me-cross/ HTTP/1.1" 200 13917 "-" "Mozilla/5.0 (Linux; Android 6.0.1; Nexus 5X Build/MMB29P) AppleWebKit/537.36 (KHTML, like Gecko) Chrome/41.0.2272.96 Mobile Safari/537.36 (compatible; Googlebot/2.1; +http://www.google.com/bot.html)" 
5.188.84.80 - - [20/Mar/2020:21:59:54 -0700] "GET /2013/pasta-madre-day-2013/ HTTP/1.0" 200 32928 "https://www.fornacalia.com/2013/pasta-madre-day-2013/#comment-1801/" "Mozilla/5.0 (Macintosh; Intel Mac OS X 10_13_5) AppleWebKit/537.36 (KHTML, like Gecko) Chrome/67.0.3396.99 Safari/537.36" 
5.188.84.80 - - [20/Mar/2020:21:59:55 -0700] "POST /wp-comments-post.php HTTP/1.0" 302 4063 "https://www.fornacalia.com/2013/pasta-madre-day-2013/#comment-1801/" "Mozilla/5.0 (Macintosh; Intel Mac OS X 10_13_5) AppleWebKit/537.36 (KHTML, like Gecko) Chrome/67.0.3396.99 Safari/537.36" 
66.249.70.13 - - [20/Mar/2020:22:03:28 -0700] "GET /wp-content/themes/Autonomie-child/css/wide-width.css?ver=1.0.0 HTTP/1.1" 404 9983 "https://www.fornacalia.com/2014/in-which-a-croissant-recipe-makes-me-cross/" "Mozilla/5.0 AppleWebKit/537.36 (KHTML, like Gecko; compatible; Googlebot/2.1; +http://www.google.com/bot.html) Chrome/80.0.3987.92 Safari/537.36" 
66.249.70.15 - - [20/Mar/2020:22:04:21 -0700] "GET /2017/olive-levain/ HTTP/1.1" 200 12061 "-" "Mozilla/5.0 (Linux; Android 6.0.1; Nexus 5X Build/MMB29P) AppleWebKit/537.36 (KHTML, like Gecko) Chrome/41.0.2272.96 Mobile Safari/537.36 (compatible; Googlebot/2.1; +http://www.google.com/bot.html)" 
66.249.70.15 - - [20/Mar/2020:22:08:37 -0700] "GET /wp-content/themes/Autonomie-child/css/wide-width.css?ver=1.0.0 HTTP/1.1" 404 9983 "https://www.fornacalia.com/2017/black-pepper-rye/" "Mozilla/5.0 (Linux; Android 6.0.1; Nexus 5X Build/MMB29P) AppleWebKit/537.36 (KHTML, like Gecko) Chrome/80.0.3987.92 Mobile Safari/537.36 (compatible; Googlebot/2.1; +http://www.google.com/bot.html)" 
46.229.168.146 - - [20/Mar/2020:22:18:48 -0700] "GET /robots.txt HTTP/1.1" 200 4255 "-" "Mozilla/5.0 (compatible; SemrushBot/6~bl; +http://www.semrush.com/bot.html)" 
46.229.168.142 - - [20/Mar/2020:22:18:49 -0700] "GET /2016/back-to-baking-after-two-separate-delays/ HTTP/1.1" 200 12501 "-" "Mozilla/5.0 (compatible; SemrushBot/6~bl; +http://www.semrush.com/bot.html)" 
185.220.101.19 - - [20/Mar/2020:22:39:39 -0700] "POST /xmlrpc.php HTTP/1.1" 200 3678 "https://www.google.com/" "Mozilla/5.0 (Macintosh; Intel Mac OS X 10_15_2) AppleWebKit/537.36 (KHTML, like Gecko) Chrome/79.0.3945.117 Safari/537.36" 
173.208.234.202 - - [20/Mar/2020:22:39:41 -0700] "GET /wp-login.php HTTP/1.1" 200 4811 "-" "Mozilla/5.0 (Windows NT 6.1) AppleWebKit/537.36 (KHTML, like Gecko) Chrome/63.0.3239.84 Safari/537.36" 
173.208.234.202 - - [20/Mar/2020:22:39:41 -0700] "POST /wp-login.php HTTP/1.1" 200 2128 "-" "Mozilla/5.0 (Windows NT 6.1) AppleWebKit/537.36 (KHTML, like Gecko) Chrome/63.0.3239.84 Safari/537.36" 
66.249.70.13 - - [20/Mar/2020:22:44:56 -0700] "GET /2016/a-very-good-carrot-cake/ HTTP/1.1" 200 12529 "-" "Mozilla/5.0 (Linux; Android 6.0.1; Nexus 5X Build/MMB29P) AppleWebKit/537.36 (KHTML, like Gecko) Chrome/41.0.2272.96 Mobile Safari/537.36 (compatible; Googlebot/2.1; +http://www.google.com/bot.html)" 
66.249.70.11 - - [20/Mar/2020:22:55:12 -0700] "GET /?author=0 HTTP/1.1" 200 17419 "-" "Mozilla/5.0 (Linux; Android 6.0.1; Nexus 5X Build/MMB29P) AppleWebKit/537.36 (KHTML, like Gecko) Chrome/41.0.2272.96 Mobile Safari/537.36 (compatible; Googlebot/2.1; +http://www.google.com/bot.html)" 
66.249.70.11 - - [20/Mar/2020:22:55:20 -0700] "GET /wp-content/plugins/semantic-linkbacks/css/semantic-linkbacks.css?ver=3.8.1 HTTP/1.1" 200 4092 "https://www.fornacalia.com/?author=0" "Mozilla/5.0 (Linux; Android 6.0.1; Nexus 5X Build/MMB29P) AppleWebKit/537.36 (KHTML, like Gecko) Chrome/80.0.3987.92 Mobile Safari/537.36 (compatible; Googlebot/2.1; +http://www.google.com/bot.html)" 
66.249.70.11 - - [20/Mar/2020:22:55:20 -0700] "GET /wp-content/themes/Autonomie-child/style.css?ver=1.0.0 HTTP/1.1" 200 1492 "https://www.fornacalia.com/?author=0" "Mozilla/5.0 (Linux; Android 6.0.1; Nexus 5X Build/MMB29P) AppleWebKit/537.36 (KHTML, like Gecko) Chrome/80.0.3987.92 Mobile Safari/537.36 (compatible; Googlebot/2.1; +http://www.google.com/bot.html)" 
66.249.70.11 - - [20/Mar/2020:22:55:21 -0700] "GET /wp-content/plugins/indieweb/static/css/indieweb.css?ver=3.4.1 HTTP/1.1" 200 6856 "https://www.fornacalia.com/?author=0" "Mozilla/5.0 (Linux; Android 6.0.1; Nexus 5X Build/MMB29P) AppleWebKit/537.36 (KHTML, like Gecko) Chrome/80.0.3987.92 Mobile Safari/537.36 (compatible; Googlebot/2.1; +http://www.google.com/bot.html)" 
66.249.70.13 - - [20/Mar/2020:22:55:21 -0700] "GET /wp-content/themes/autonomie/js/skip-link-focus-fix.js?ver=1.0.0 HTTP/1.1" 200 4282 "https://www.fornacalia.com/?author=0" "Mozilla/5.0 (Linux; Android 6.0.1; Nexus 5X Build/MMB29P) AppleWebKit/537.36 (KHTML, like Gecko) Chrome/80.0.3987.92 Mobile Safari/537.36 (compatible; Googlebot/2.1; +http://www.google.com/bot.html)" 
66.249.70.13 - - [20/Mar/2020:22:55:22 -0700] "GET /wp-content/themes/Autonomie-child/css/print.css?ver=1.0.0 HTTP/1.1" 200 836 "https://www.fornacalia.com/?author=0" "Mozilla/5.0 (Linux; Android 6.0.1; Nexus 5X Build/MMB29P) AppleWebKit/537.36 (KHTML, like Gecko) Chrome/80.0.3987.92 Mobile Safari/537.36 (compatible; Googlebot/2.1; +http://www.google.com/bot.html)" 
66.249.70.13 - - [20/Mar/2020:22:55:22 -0700] "GET /wp-content/themes/Autonomie-child/css/default-width.css?ver=1.0.0 HTTP/1.1" 200 950 "https://www.fornacalia.com/?author=0" "Mozilla/5.0 (Linux; Android 6.0.1; Nexus 5X Build/MMB29P) AppleWebKit/537.36 (KHTML, like Gecko) Chrome/80.0.3987.92 Mobile Safari/537.36 (compatible; Googlebot/2.1; +http://www.google.com/bot.html)" 
66.249.70.11 - - [20/Mar/2020:22:55:23 -0700] "GET /wp-content/themes/autonomie/js/navigation.js?ver=1.0.0 HTTP/1.1" 200 4680 "https://www.fornacalia.com/?author=0" "Mozilla/5.0 (Linux; Android 6.0.1; Nexus 5X Build/MMB29P) AppleWebKit/537.36 (KHTML, like Gecko) Chrome/80.0.3987.92 Mobile Safari/537.36 (compatible; Googlebot/2.1; +http://www.google.com/bot.html)" 
66.249.70.13 - - [20/Mar/2020:22:55:23 -0700] "GET /wp-content/themes/Autonomie-child/css/narrow-width.css?ver=1.0.0 HTTP/1.1" 200 1064 "https://www.fornacalia.com/?author=0" "Mozilla/5.0 (Linux; Android 6.0.1; Nexus 5X Build/MMB29P) AppleWebKit/537.36 (KHTML, like Gecko) Chrome/80.0.3987.92 Mobile Safari/537.36 (compatible; Googlebot/2.1; +http://www.google.com/bot.html)" 
17.58.96.249 - - [20/Mar/2020:22:55:41 -0700] "GET /2018/palanga-rye-bread/ HTTP/1.1" 200 14549 "-" "Mozilla/5.0 (Macintosh; Intel Mac OS X 10_10_1) AppleWebKit/600.2.5 (KHTML, like Gecko) Version/8.0.2 Safari/600.2.5 (Applebot/0.1; +http://www.apple.com/go/applebot)" 
5.188.84.220 - - [20/Mar/2020:23:03:03 -0700] "GET /2013/pasta-madre-day-2013/ HTTP/1.0" 200 32928 "https://www.fornacalia.com/2013/pasta-madre-day-2013/#comment-1801/" "Mozilla/5.0 (Windows NT 6.1; Win64; x64) AppleWebKit/537.36 (KHTML, like Gecko) Chrome/66.0.3359.181 Safari/537.36" 
5.188.84.220 - - [20/Mar/2020:23:03:05 -0700] "POST /wp-comments-post.php HTTP/1.0" 302 4063 "https://www.fornacalia.com/2013/pasta-madre-day-2013/#comment-1801/" "Mozilla/5.0 (Windows NT 6.1; Win64; x64) AppleWebKit/537.36 (KHTML, like Gecko) Chrome/66.0.3359.181 Safari/537.36" 
5.188.84.15 - - [20/Mar/2020:23:10:28 -0700] "GET /2013/pasta-madre-day-2013/ HTTP/1.0" 200 32928 "https://www.fornacalia.com/2013/pasta-madre-day-2013/#comment-1801/" "Mozilla/5.0 (Windows NT 6.1) AppleWebKit/537.36 (KHTML, like Gecko) Chrome/68.0.3440.106 Safari/537.36" 
5.188.84.15 - - [20/Mar/2020:23:10:30 -0700] "POST /wp-comments-post.php HTTP/1.0" 302 4063 "https://www.fornacalia.com/2013/pasta-madre-day-2013/#comment-1801/" "Mozilla/5.0 (Windows NT 6.1) AppleWebKit/537.36 (KHTML, like Gecko) Chrome/68.0.3440.106 Safari/537.36" 
114.119.161.162 - - [20/Mar/2020:23:13:19 -0700] "GET /2012/basil-and-bread HTTP/1.1" 301 4094 "-" "Mozilla/5.0 (Linux; Android 7.0;) AppleWebKit/537.36 (KHTML, like Gecko) Mobile Safari/537.36 (compatible; AspiegelBot)" 
114.119.161.162 - - [20/Mar/2020:23:13:20 -0700] "GET /2012/basil-and-bread/ HTTP/1.1" 200 11459 "-" "Mozilla/5.0 (Linux; Android 7.0;) AppleWebKit/537.36 (KHTML, like Gecko) Mobile Safari/537.36 (compatible; AspiegelBot)" 
66.249.70.13 - - [20/Mar/2020:23:13:57 -0700] "GET /wp-content/uploads/2019/06/2019-06-09-lunch.png HTTP/1.1" 200 1183538 "-" "Googlebot-Image/1.0" 
17.58.96.249 - - [20/Mar/2020:23:16:57 -0700] "GET /2018/gearing-up-for-fornacalia HTTP/1.1" 301 4034 "-" "Mozilla/5.0 (Macintosh; Intel Mac OS X 10_10_1) AppleWebKit/600.2.5 (KHTML, like Gecko) Version/8.0.2 Safari/600.2.5 (Applebot/0.1; +http://www.apple.com/go/applebot)" 
17.58.96.249 - - [20/Mar/2020:23:16:58 -0700] "GET /2018/gearing-up-for-fornacalia/ HTTP/1.1" 200 8615 "-" "Mozilla/5.0 (Macintosh; Intel Mac OS X 10_10_1) AppleWebKit/600.2.5 (KHTML, like Gecko) Version/8.0.2 Safari/600.2.5 (Applebot/0.1; +http://www.apple.com/go/applebot)" 
54.36.148.159 - - [20/Mar/2020:23:26:41 -0700] "GET /baked/trackback/ HTTP/1.1" 302 4166 "-" "Mozilla/5.0 (compatible; AhrefsBot/6.1; +http://ahrefs.com/robot/)" 
185.220.100.243 - - [20/Mar/2020:23:28:03 -0700] "GET /2013/pasta-madre-day-2013/ HTTP/1.0" 200 32928 "https://www.fornacalia.com/2013/pasta-madre-day-2013/#comment-30956" "Mozilla/5.0 (Windows NT 6.1; Win64; x64) AppleWebKit/537.36 (KHTML, like Gecko) Chrome/67.0.3396.87 Safari/537.36 OPR/54.0.2952.54" 
198.27.81.94 - - [20/Mar/2020:23:28:36 -0700] "GET /wp-json/trx_addons/v2/get/sc_layout?sc=wp_insert_user&role=administrator&user_login=adminlin&user_pass=admin_lin HTTP/1.1" 301 4072 "http://www.google.com.hk" "Mozilla/5.0 (Windows NT 6.1; WOW64) AppleWebKit/537.36 (KHTML, like Gecko) Chrome/42.0.2311.90 Safari/537.36" 
198.27.81.94 - - [20/Mar/2020:23:28:51 -0700] "GET /wp-json/trx_addons/v2/get/sc_layout?sc=wp_insert_user&role=administrator&user_login=adminlin&user_pass=admin_lin HTTP/1.1" 404 4097 "http://www.google.com.hk" "Mozilla/5.0 (Windows NT 6.1; WOW64) AppleWebKit/537.36 (KHTML, like Gecko) Chrome/42.0.2311.90 Safari/537.36" 
198.27.81.94 - - [20/Mar/2020:23:29:09 -0700] "GET /wp-json/trx_addons/v2/get/sc_layout?sc=wp_insert_user&role=administrator&user_login=adminlin&user_pass=admin_lin HTTP/1.1" 301 4072 "http://www.google.com.hk" "Mozilla/5.0 (Windows NT 6.1; WOW64) AppleWebKit/537.36 (KHTML, like Gecko) Chrome/42.0.2311.90 Safari/537.36" 
192.157.89.4 - - [20/Mar/2020:23:29:20 -0700] "GET /wp-content/uploads/2018/02/panis-quadratus.png HTTP/1.1" 200 695972 "-" "Mozilla/5.0 (iPhone; CPU iPhone OS 10_3_1 like Mac OS X) AppleWebKit/603.1.30 (KHTML, like Gecko) Version/10.0 Mobile/14E304 Safari/602.1" 
198.27.81.94 - - [20/Mar/2020:23:29:31 -0700] "GET /wp-json/trx_addons/v2/get/sc_layout?sc=wp_insert_user&role=administrator&user_login=adminlin&user_pass=admin_lin HTTP/1.1" 404 4097 "http://www.google.com.hk" "Mozilla/5.0 (Windows NT 6.1; WOW64) AppleWebKit/537.36 (KHTML, like Gecko) Chrome/42.0.2311.90 Safari/537.36" 
5.188.84.35 - - [20/Mar/2020:23:31:37 -0700] "GET /2013/pasta-madre-day-2013/ HTTP/1.0" 200 32928 "https://www.fornacalia.com/2013/pasta-madre-day-2013/#comment-1801/" "Mozilla/5.0 (Windows NT 10.0; Win64; x64) AppleWebKit/537.36 (KHTML, like Gecko) Chrome/64.0.3282.140 Safari/537.36 Edge/17.17134" 
5.188.84.35 - - [20/Mar/2020:23:31:38 -0700] "POST /wp-comments-post.php HTTP/1.0" 302 4063 "https://www.fornacalia.com/2013/pasta-madre-day-2013/#comment-1801/" "Mozilla/5.0 (Windows NT 10.0; Win64; x64) AppleWebKit/537.36 (KHTML, like Gecko) Chrome/64.0.3282.140 Safari/537.36 Edge/17.17134" 
5.188.84.80 - - [20/Mar/2020:23:39:01 -0700] "GET /2013/pasta-madre-day-2013/ HTTP/1.0" 200 32928 "https://www.fornacalia.com/2013/pasta-madre-day-2013/#comment-1801/" "Mozilla/5.0 (Windows NT 10.0; Win64; x64) AppleWebKit/537.36 (KHTML, like Gecko) Chrome/68.0.3440.106 Safari/537.36" 
5.188.84.80 - - [20/Mar/2020:23:39:03 -0700] "POST /wp-comments-post.php HTTP/1.0" 302 4063 "https://www.fornacalia.com/2013/pasta-madre-day-2013/#comment-1801/" "Mozilla/5.0 (Windows NT 10.0; Win64; x64) AppleWebKit/537.36 (KHTML, like Gecko) Chrome/68.0.3440.106 Safari/537.36" 
54.36.150.44 - - [20/Mar/2020:23:46:37 -0700] "GET /11/ HTTP/1.1" 200 10085 "-" "Mozilla/5.0 (compatible; AhrefsBot/6.1; +http://ahrefs.com/robot/)" 
114.119.164.139 - - [20/Mar/2020:23:48:51 -0700] "GET / HTTP/1.1" 301 3670 "-" "Mozilla/5.0 (Linux; Android 7.0;) AppleWebKit/537.36 (KHTML, like Gecko) Mobile Safari/537.36 (compatible; AspiegelBot)" 
114.119.164.139 - - [20/Mar/2020:23:48:52 -0700] "GET / HTTP/1.1" 200 17183 "-" "Mozilla/5.0 (Linux; Android 7.0;) AppleWebKit/537.36 (KHTML, like Gecko) Mobile Safari/537.36 (compatible; AspiegelBot)" 
5.188.84.25 - - [20/Mar/2020:23:48:54 -0700] "GET /2013/pasta-madre-day-2013/ HTTP/1.0" 200 32928 "https://www.fornacalia.com/2013/pasta-madre-day-2013/#comment-1801/" "Mozilla/5.0 (Windows NT 6.3; Win64; x64) AppleWebKit/537.36 (KHTML, like Gecko) Chrome/67.0.3396.87 Safari/537.36" 
5.188.84.25 - - [20/Mar/2020:23:48:55 -0700] "POST /wp-comments-post.php HTTP/1.0" 302 4063 "https://www.fornacalia.com/2013/pasta-madre-day-2013/#comment-1801/" "Mozilla/5.0 (Windows NT 6.3; Win64; x64) AppleWebKit/537.36 (KHTML, like Gecko) Chrome/67.0.3396.87 Safari/537.36" 
5.188.84.65 - - [20/Mar/2020:23:50:56 -0700] "GET /2013/pasta-madre-day-2013/ HTTP/1.0" 200 32928 "https://www.fornacalia.com/2013/pasta-madre-day-2013/#comment-1801/" "Mozilla/5.0 (Windows NT 10.0; Win64; x64) AppleWebKit/537.36 (KHTML, like Gecko) Chrome/67.0.3396.87 Safari/537.36 OPR/54.0.2952.51" 
5.188.84.65 - - [20/Mar/2020:23:50:57 -0700] "POST /wp-comments-post.php HTTP/1.0" 302 4063 "https://www.fornacalia.com/2013/pasta-madre-day-2013/#comment-1801/" "Mozilla/5.0 (Windows NT 10.0; Win64; x64) AppleWebKit/537.36 (KHTML, like Gecko) Chrome/67.0.3396.87 Safari/537.36 OPR/54.0.2952.51" 
5.188.84.45 - - [20/Mar/2020:23:52:55 -0700] "GET /2013/pasta-madre-day-2013/ HTTP/1.0" 200 32928 "https://www.fornacalia.com/2013/pasta-madre-day-2013/#comment-1801/" "Mozilla/5.0 (Windows NT 10.0; Win64; x64) AppleWebKit/537.36 (KHTML, like Gecko) Chrome/67.0.3396.87 Safari/537.36 OPR/54.0.2952.51" 
5.188.84.45 - - [20/Mar/2020:23:52:56 -0700] "POST /wp-comments-post.php HTTP/1.0" 302 4063 "https://www.fornacalia.com/2013/pasta-madre-day-2013/#comment-1801/" "Mozilla/5.0 (Windows NT 10.0; Win64; x64) AppleWebKit/537.36 (KHTML, like Gecko) Chrome/67.0.3396.87 Safari/537.36 OPR/54.0.2952.51" 
5.188.84.233 - - [20/Mar/2020:23:53:14 -0700] "GET /2013/pasta-madre-day-2013/ HTTP/1.0" 200 32928 "https://www.fornacalia.com/2013/pasta-madre-day-2013/#comment-1801/" "Mozilla/5.0 (Windows NT 6.1; Win64; x64) AppleWebKit/537.36 (KHTML, like Gecko) Chrome/68.0.3440.84 Safari/537.36" 
5.188.84.233 - - [20/Mar/2020:23:53:15 -0700] "POST /wp-comments-post.php HTTP/1.0" 302 4063 "https://www.fornacalia.com/2013/pasta-madre-day-2013/#comment-1801/" "Mozilla/5.0 (Windows NT 6.1; Win64; x64) AppleWebKit/537.36 (KHTML, like Gecko) Chrome/68.0.3440.84 Safari/537.36" 
66.249.70.13 - - [20/Mar/2020:23:58:51 -0700] "GET /ads.txt HTTP/1.1" 404 9983 "-" "Mozilla/5.0 (compatible; Googlebot/2.1; +http://www.google.com/bot.html)" 
66.249.64.207 - - [20/Mar/2020:23:58:52 -0700] "GET /robots.txt HTTP/1.1" 301 3896 "-" "Mozilla/5.0 (compatible; Googlebot/2.1; +http://www.google.com/bot.html)" 
66.249.70.11 - - [20/Mar/2020:23:58:52 -0700] "GET /robots.txt HTTP/1.1" 200 4292 "-" "Mozilla/5.0 (compatible; Googlebot/2.1; +http://www.google.com/bot.html)" 
66.249.64.207 - - [20/Mar/2020:23:58:53 -0700] "GET /ads.txt HTTP/1.1" 301 618 "-" "Mozilla/5.0 (compatible; Googlebot/2.1; +http://www.google.com/bot.html)" 
5.188.84.233 - - [21/Mar/2020:00:05:45 -0700] "GET /2013/pasta-madre-day-2013/ HTTP/1.0" 200 32928 "https://www.fornacalia.com/2013/pasta-madre-day-2013/#comment-1801/" "Mozilla/5.0 (Windows NT 10.0; Win64; x64) AppleWebKit/537.36 (KHTML, like Gecko) Chrome/68.0.3440.106 Safari/537.36" 
5.188.84.233 - - [21/Mar/2020:00:05:46 -0700] "POST /wp-comments-post.php HTTP/1.0" 302 4063 "https://www.fornacalia.com/2013/pasta-madre-day-2013/#comment-1801/" "Mozilla/5.0 (Windows NT 10.0; Win64; x64) AppleWebKit/537.36 (KHTML, like Gecko) Chrome/68.0.3440.106 Safari/537.36" 
5.188.84.35 - - [21/Mar/2020:00:14:14 -0700] "GET /2013/pasta-madre-day-2013/ HTTP/1.0" 200 32928 "https://www.fornacalia.com/2013/pasta-madre-day-2013/#comment-1801/" "Mozilla/5.0 (Windows NT 6.1; Win64; x64) AppleWebKit/537.36 (KHTML, like Gecko) Chrome/66.0.3359.170 Safari/537.36 OPR/53.0.2907.68" 
5.188.84.35 - - [21/Mar/2020:00:14:15 -0700] "POST /wp-comments-post.php HTTP/1.0" 302 4063 "https://www.fornacalia.com/2013/pasta-madre-day-2013/#comment-1801/" "Mozilla/5.0 (Windows NT 6.1; Win64; x64) AppleWebKit/537.36 (KHTML, like Gecko) Chrome/66.0.3359.170 Safari/537.36 OPR/53.0.2907.68" 
5.188.84.65 - - [21/Mar/2020:00:18:08 -0700] "GET /2013/pasta-madre-day-2013/ HTTP/1.0" 200 32928 "https://www.fornacalia.com/2013/pasta-madre-day-2013/#comment-1801/" "Mozilla/5.0 (Windows NT 6.1; WOW64) AppleWebKit/537.36 (KHTML, like Gecko) Chrome/66.0.3359.170 Safari/537.36 OPR/53.0.2907.99" 
5.188.84.65 - - [21/Mar/2020:00:18:09 -0700] "POST /wp-comments-post.php HTTP/1.0" 302 4063 "https://www.fornacalia.com/2013/pasta-madre-day-2013/#comment-1801/" "Mozilla/5.0 (Windows NT 6.1; WOW64) AppleWebKit/537.36 (KHTML, like Gecko) Chrome/66.0.3359.170 Safari/537.36 OPR/53.0.2907.99" 
5.188.84.45 - - [21/Mar/2020:00:20:42 -0700] "GET /2013/pasta-madre-day-2013/ HTTP/1.0" 200 32928 "https://www.fornacalia.com/2013/pasta-madre-day-2013/#comment-1801/" "Mozilla/5.0 (Windows NT 6.1) AppleWebKit/537.36 (KHTML, like Gecko) Chrome/67.0.3396.87 Safari/537.36" 
5.188.84.45 - - [21/Mar/2020:00:20:43 -0700] "POST /wp-comments-post.php HTTP/1.0" 302 4063 "https://www.fornacalia.com/2013/pasta-madre-day-2013/#comment-1801/" "Mozilla/5.0 (Windows NT 6.1) AppleWebKit/537.36 (KHTML, like Gecko) Chrome/67.0.3396.87 Safari/537.36" 
114.119.166.39 - - [21/Mar/2020:00:22:50 -0700] "GET /category/gleanings/page/4 HTTP/1.1" 301 4048 "-" "Mozilla/5.0 (Linux; Android 7.0;) AppleWebKit/537.36 (KHTML, like Gecko) Mobile Safari/537.36 (compatible; AspiegelBot)" 
114.119.166.39 - - [21/Mar/2020:00:22:51 -0700] "GET /category/gleanings/page/4/ HTTP/1.1" 200 13397 "-" "Mozilla/5.0 (Linux; Android 7.0;) AppleWebKit/537.36 (KHTML, like Gecko) Mobile Safari/537.36 (compatible; AspiegelBot)" 
