159.203.11.4 - - [16/Mar/2020:00:14:03 -0700] "GET /wp-login.php HTTP/1.1" 200 4830 "-" "Mozilla/5.0 (X11; Ubuntu; Linux x86_64; rv:62.0) Gecko/20100101 Firefox/62.0" 
5.188.84.233 - - [16/Mar/2020:00:14:08 -0700] "GET /2013/pasta-madre-day-2013/ HTTP/1.0" 200 32928 "https://www.fornacalia.com/2013/pasta-madre-day-2013/#comment-1801/" "Mozilla/5.0 (Windows NT 6.1) AppleWebKit/537.36 (KHTML, like Gecko) Chrome/67.0.3396.99 Safari/537.36" 
159.203.11.4 - - [16/Mar/2020:00:14:09 -0700] "POST /wp-login.php HTTP/1.1" 200 5223 "-" "Mozilla/5.0 (X11; Ubuntu; Linux x86_64; rv:62.0) Gecko/20100101 Firefox/62.0" 
5.188.84.233 - - [16/Mar/2020:00:14:09 -0700] "POST /wp-comments-post.php HTTP/1.0" 302 4063 "https://www.fornacalia.com/2013/pasta-madre-day-2013/#comment-1801/" "Mozilla/5.0 (Windows NT 6.1) AppleWebKit/537.36 (KHTML, like Gecko) Chrome/67.0.3396.99 Safari/537.36" 
159.203.11.4 - - [16/Mar/2020:00:14:14 -0700] "GET /wp-login.php HTTP/1.1" 200 4830 "-" "Mozilla/5.0 (X11; Ubuntu; Linux x86_64; rv:62.0) Gecko/20100101 Firefox/62.0" 
159.203.11.4 - - [16/Mar/2020:00:14:19 -0700] "POST /wp-login.php HTTP/1.1" 200 5201 "-" "Mozilla/5.0 (X11; Ubuntu; Linux x86_64; rv:62.0) Gecko/20100101 Firefox/62.0" 
77.247.181.163 - - [16/Mar/2020:00:14:23 -0700] "POST /xmlrpc.php HTTP/1.1" 200 3678 "https://www.google.com/" "Mozilla/5.0 (Macintosh; Intel Mac OS X 10_15_2) AppleWebKit/537.36 (KHTML, like Gecko) Chrome/79.0.3945.130 Safari/537.36" 
159.203.11.4 - - [16/Mar/2020:00:14:24 -0700] "POST /xmlrpc.php HTTP/1.1" 200 3697 "-" "Mozilla/5.0 (X11; Ubuntu; Linux x86_64; rv:62.0) Gecko/20100101 Firefox/62.0" 
5.188.84.220 - - [16/Mar/2020:00:16:02 -0700] "GET /2013/pasta-madre-day-2013/ HTTP/1.0" 200 32928 "https://www.fornacalia.com/2013/pasta-madre-day-2013/#comment-1801/" "Mozilla/5.0 (Windows NT 10.0; Win64; x64) AppleWebKit/537.36 (KHTML, like Gecko) Chrome/65.0.3325.181 Safari/537.36" 
5.188.84.220 - - [16/Mar/2020:00:16:03 -0700] "POST /wp-comments-post.php HTTP/1.0" 302 4063 "https://www.fornacalia.com/2013/pasta-madre-day-2013/#comment-1801/" "Mozilla/5.0 (Windows NT 10.0; Win64; x64) AppleWebKit/537.36 (KHTML, like Gecko) Chrome/65.0.3325.181 Safari/537.36" 
5.188.84.80 - - [16/Mar/2020:00:20:26 -0700] "GET /2013/pasta-madre-day-2013/ HTTP/1.0" 200 32928 "https://www.fornacalia.com/2013/pasta-madre-day-2013/#comment-1801/" "Mozilla/5.0 (Windows NT 10.0; Win64; x64) AppleWebKit/537.36 (KHTML, like Gecko) Chrome/68.0.3440.75 Safari/537.36" 
5.188.84.80 - - [16/Mar/2020:00:20:27 -0700] "POST /wp-comments-post.php HTTP/1.0" 302 4063 "https://www.fornacalia.com/2013/pasta-madre-day-2013/#comment-1801/" "Mozilla/5.0 (Windows NT 10.0; Win64; x64) AppleWebKit/537.36 (KHTML, like Gecko) Chrome/68.0.3440.75 Safari/537.36" 
5.188.84.25 - - [16/Mar/2020:00:20:53 -0700] "GET /2013/pasta-madre-day-2013/ HTTP/1.0" 200 32928 "https://www.fornacalia.com/2013/pasta-madre-day-2013/#comment-1801/" "Mozilla/5.0 (Windows NT 6.1) AppleWebKit/537.36 (KHTML, like Gecko) Chrome/67.0.3396.87 Safari/537.36" 
5.188.84.25 - - [16/Mar/2020:00:20:54 -0700] "POST /wp-comments-post.php HTTP/1.0" 302 4063 "https://www.fornacalia.com/2013/pasta-madre-day-2013/#comment-1801/" "Mozilla/5.0 (Windows NT 6.1) AppleWebKit/537.36 (KHTML, like Gecko) Chrome/67.0.3396.87 Safari/537.36" 
178.62.233.203 - - [16/Mar/2020:00:22:56 -0700] "GET /wp-login.php HTTP/1.1" 200 4830 "-" "Mozilla/5.0 (X11; Ubuntu; Linux x86_64; rv:62.0) Gecko/20100101 Firefox/62.0" 
178.62.233.203 - - [16/Mar/2020:00:22:56 -0700] "POST /wp-login.php HTTP/1.1" 200 5223 "-" "Mozilla/5.0 (X11; Ubuntu; Linux x86_64; rv:62.0) Gecko/20100101 Firefox/62.0" 
178.62.233.203 - - [16/Mar/2020:00:22:57 -0700] "GET /wp-login.php HTTP/1.1" 200 4830 "-" "Mozilla/5.0 (X11; Ubuntu; Linux x86_64; rv:62.0) Gecko/20100101 Firefox/62.0" 
178.62.233.203 - - [16/Mar/2020:00:22:57 -0700] "POST /wp-login.php HTTP/1.1" 200 5201 "-" "Mozilla/5.0 (X11; Ubuntu; Linux x86_64; rv:62.0) Gecko/20100101 Firefox/62.0" 
178.62.233.203 - - [16/Mar/2020:00:22:58 -0700] "POST /xmlrpc.php HTTP/1.1" 200 3697 "-" "Mozilla/5.0 (X11; Ubuntu; Linux x86_64; rv:62.0) Gecko/20100101 Firefox/62.0" 
5.188.84.15 - - [16/Mar/2020:00:25:38 -0700] "GET /2013/pasta-madre-day-2013/ HTTP/1.0" 200 32928 "https://www.fornacalia.com/2013/pasta-madre-day-2013/#comment-1801/" "Mozilla/5.0 (Windows NT 6.1; Win64; x64) AppleWebKit/537.36 (KHTML, like Gecko) Chrome/67.0.3396.87 Safari/537.36 OPR/54.0.2952.51" 
5.188.84.15 - - [16/Mar/2020:00:25:39 -0700] "POST /wp-comments-post.php HTTP/1.0" 302 4063 "https://www.fornacalia.com/2013/pasta-madre-day-2013/#comment-1801/" "Mozilla/5.0 (Windows NT 6.1; Win64; x64) AppleWebKit/537.36 (KHTML, like Gecko) Chrome/67.0.3396.87 Safari/537.36 OPR/54.0.2952.51" 
5.188.84.65 - - [16/Mar/2020:00:29:41 -0700] "GET /2013/pasta-madre-day-2013/ HTTP/1.0" 200 32928 "https://www.fornacalia.com/2013/pasta-madre-day-2013/#comment-1801/" "Mozilla/5.0 (Windows NT 6.1; Win64; x64) AppleWebKit/537.36 (KHTML, like Gecko) Chrome/67.0.3396.87 Safari/537.36 OPR/54.0.2952.71" 
5.188.84.65 - - [16/Mar/2020:00:29:42 -0700] "POST /wp-comments-post.php HTTP/1.0" 302 4063 "https://www.fornacalia.com/2013/pasta-madre-day-2013/#comment-1801/" "Mozilla/5.0 (Windows NT 6.1; Win64; x64) AppleWebKit/537.36 (KHTML, like Gecko) Chrome/67.0.3396.87 Safari/537.36 OPR/54.0.2952.71" 
5.188.84.233 - - [16/Mar/2020:00:32:32 -0700] "GET /2013/pasta-madre-day-2013/ HTTP/1.0" 200 32928 "https://www.fornacalia.com/2013/pasta-madre-day-2013/#comment-1801/" "Mozilla/5.0 (Windows NT 6.1; Win64; x64) AppleWebKit/537.36 (KHTML, like Gecko) Chrome/67.0.3396.99 Safari/537.36" 
5.188.84.233 - - [16/Mar/2020:00:32:33 -0700] "POST /wp-comments-post.php HTTP/1.0" 302 4063 "https://www.fornacalia.com/2013/pasta-madre-day-2013/#comment-1801/" "Mozilla/5.0 (Windows NT 6.1; Win64; x64) AppleWebKit/537.36 (KHTML, like Gecko) Chrome/67.0.3396.99 Safari/537.36" 
165.22.35.21 - - [16/Mar/2020:00:33:58 -0700] "GET /wp-login.php HTTP/1.1" 200 4830 "-" "Mozilla/5.0 (X11; Ubuntu; Linux x86_64; rv:62.0) Gecko/20100101 Firefox/62.0" 
165.22.35.21 - - [16/Mar/2020:00:33:58 -0700] "POST /wp-login.php HTTP/1.1" 200 5223 "-" "Mozilla/5.0 (X11; Ubuntu; Linux x86_64; rv:62.0) Gecko/20100101 Firefox/62.0" 
165.22.35.21 - - [16/Mar/2020:00:33:58 -0700] "GET /wp-login.php HTTP/1.1" 200 4830 "-" "Mozilla/5.0 (X11; Ubuntu; Linux x86_64; rv:62.0) Gecko/20100101 Firefox/62.0" 
165.22.35.21 - - [16/Mar/2020:00:33:58 -0700] "POST /wp-login.php HTTP/1.1" 200 5201 "-" "Mozilla/5.0 (X11; Ubuntu; Linux x86_64; rv:62.0) Gecko/20100101 Firefox/62.0" 
165.22.35.21 - - [16/Mar/2020:00:33:58 -0700] "POST /xmlrpc.php HTTP/1.1" 200 3697 "-" "Mozilla/5.0 (X11; Ubuntu; Linux x86_64; rv:62.0) Gecko/20100101 Firefox/62.0" 
93.104.210.125 - - [16/Mar/2020:00:44:46 -0700] "GET /wp-login.php HTTP/1.1" 200 4830 "-" "Mozilla/5.0 (X11; Ubuntu; Linux x86_64; rv:62.0) Gecko/20100101 Firefox/62.0" 
93.104.210.125 - - [16/Mar/2020:00:44:47 -0700] "POST /wp-login.php HTTP/1.1" 200 5223 "-" "Mozilla/5.0 (X11; Ubuntu; Linux x86_64; rv:62.0) Gecko/20100101 Firefox/62.0" 
93.104.210.125 - - [16/Mar/2020:00:44:48 -0700] "GET /wp-login.php HTTP/1.1" 200 4830 "-" "Mozilla/5.0 (X11; Ubuntu; Linux x86_64; rv:62.0) Gecko/20100101 Firefox/62.0" 
93.104.210.125 - - [16/Mar/2020:00:44:48 -0700] "POST /wp-login.php HTTP/1.1" 200 5201 "-" "Mozilla/5.0 (X11; Ubuntu; Linux x86_64; rv:62.0) Gecko/20100101 Firefox/62.0" 
93.104.210.125 - - [16/Mar/2020:00:44:48 -0700] "POST /xmlrpc.php HTTP/1.1" 200 3697 "-" "Mozilla/5.0 (X11; Ubuntu; Linux x86_64; rv:62.0) Gecko/20100101 Firefox/62.0" 
5.188.84.220 - - [16/Mar/2020:00:45:37 -0700] "GET /2013/pasta-madre-day-2013/ HTTP/1.0" 200 32928 "https://www.fornacalia.com/2013/pasta-madre-day-2013/#comment-1801/" "Mozilla/5.0 (Windows NT 10.0; Win64; x64) AppleWebKit/537.36 (KHTML, like Gecko) Chrome/68.0.3440.106 Safari/537.36" 
5.188.84.220 - - [16/Mar/2020:00:45:38 -0700] "POST /wp-comments-post.php HTTP/1.0" 302 4063 "https://www.fornacalia.com/2013/pasta-madre-day-2013/#comment-1801/" "Mozilla/5.0 (Windows NT 10.0; Win64; x64) AppleWebKit/537.36 (KHTML, like Gecko) Chrome/68.0.3440.106 Safari/537.36" 
89.229.152.175 - - [16/Mar/2020:00:45:41 -0700] "GET /2013/100-wholemeal-sourdough/ HTTP/1.0" 200 36175 "https://www.fornacalia.com/2013/100-wholemeal-sourdough/#comment-30011" "Mozilla/5.0 (Windows NT 6.1) AppleWebKit/537.36 (KHTML, like Gecko) Chrome/68.0.3440.106 Safari/537.36 Kinza/4.9.1" 
89.229.152.175 - - [16/Mar/2020:00:45:42 -0700] "GET /2013/100-wholemeal-sourdough/ HTTP/1.0" 200 36175 "https://www.fornacalia.com/2013/100-wholemeal-sourdough/#comment-30011" "Mozilla/5.0 (Windows NT 6.1) AppleWebKit/537.36 (KHTML, like Gecko) Chrome/68.0.3440.106 Safari/537.36 Kinza/4.9.1" 
89.229.152.175 - - [16/Mar/2020:00:45:43 -0700] "GET /author/jeremy/ HTTP/1.0" 200 54075 "https://www.fornacalia.com/author/jeremy/" "Mozilla/5.0 (Windows NT 6.1) AppleWebKit/537.36 (KHTML, like Gecko) Chrome/68.0.3440.106 Safari/537.36 Kinza/4.9.1" 
89.229.152.175 - - [16/Mar/2020:00:45:43 -0700] "GET /2013/100-wholemeal-sourdough/ HTTP/1.0" 200 36175 "https://www.fornacalia.com/2013/100-wholemeal-sourdough/" "Mozilla/5.0 (Windows NT 6.1) AppleWebKit/537.36 (KHTML, like Gecko) Chrome/68.0.3440.106 Safari/537.36 Kinza/4.9.1" 
5.188.84.35 - - [16/Mar/2020:00:46:16 -0700] "GET /2013/pasta-madre-day-2013/ HTTP/1.0" 200 32928 "https://www.fornacalia.com/2013/pasta-madre-day-2013/#comment-1801/" "Mozilla/5.0 (Windows NT 6.1; Win64; x64) AppleWebKit/537.36 (KHTML, like Gecko) Chrome/68.0.3440.106 Safari/537.36 OPR/55.0.2994.44" 
5.188.84.35 - - [16/Mar/2020:00:46:16 -0700] "POST /wp-comments-post.php HTTP/1.0" 302 4063 "https://www.fornacalia.com/2013/pasta-madre-day-2013/#comment-1801/" "Mozilla/5.0 (Windows NT 6.1; Win64; x64) AppleWebKit/537.36 (KHTML, like Gecko) Chrome/68.0.3440.106 Safari/537.36 OPR/55.0.2994.44" 
5.188.84.35 - - [16/Mar/2020:00:54:06 -0700] "GET /2013/pasta-madre-day-2013/ HTTP/1.0" 200 32928 "https://www.fornacalia.com/2013/pasta-madre-day-2013/#comment-1801/" "Mozilla/5.0 (Windows NT 6.1) AppleWebKit/537.36 (KHTML, like Gecko) Chrome/68.0.3440.106 Safari/537.36" 
5.188.84.35 - - [16/Mar/2020:00:54:08 -0700] "POST /wp-comments-post.php HTTP/1.0" 302 4063 "https://www.fornacalia.com/2013/pasta-madre-day-2013/#comment-1801/" "Mozilla/5.0 (Windows NT 6.1) AppleWebKit/537.36 (KHTML, like Gecko) Chrome/68.0.3440.106 Safari/537.36" 
159.203.176.82 - - [16/Mar/2020:00:55:52 -0700] "GET /wp-login.php HTTP/1.1" 200 4830 "-" "Mozilla/5.0 (X11; Ubuntu; Linux x86_64; rv:62.0) Gecko/20100101 Firefox/62.0" 
159.203.176.82 - - [16/Mar/2020:00:55:52 -0700] "POST /wp-login.php HTTP/1.1" 200 5223 "-" "Mozilla/5.0 (X11; Ubuntu; Linux x86_64; rv:62.0) Gecko/20100101 Firefox/62.0" 
159.203.176.82 - - [16/Mar/2020:00:55:52 -0700] "GET /wp-login.php HTTP/1.1" 200 4830 "-" "Mozilla/5.0 (X11; Ubuntu; Linux x86_64; rv:62.0) Gecko/20100101 Firefox/62.0" 
159.203.176.82 - - [16/Mar/2020:00:55:52 -0700] "POST /wp-login.php HTTP/1.1" 200 5201 "-" "Mozilla/5.0 (X11; Ubuntu; Linux x86_64; rv:62.0) Gecko/20100101 Firefox/62.0" 
159.203.176.82 - - [16/Mar/2020:00:55:52 -0700] "POST /xmlrpc.php HTTP/1.1" 200 3697 "-" "Mozilla/5.0 (X11; Ubuntu; Linux x86_64; rv:62.0) Gecko/20100101 Firefox/62.0" 
5.188.84.15 - - [16/Mar/2020:01:04:31 -0700] "GET /2013/pasta-madre-day-2013/ HTTP/1.0" 200 32928 "https://www.fornacalia.com/2013/pasta-madre-day-2013/#comment-1801/" "Mozilla/5.0 (Windows NT 10.0) AppleWebKit/537.36 (KHTML, like Gecko) Chrome/67.0.3396.99 Safari/537.36" 
5.188.84.15 - - [16/Mar/2020:01:04:32 -0700] "POST /wp-comments-post.php HTTP/1.0" 302 4063 "https://www.fornacalia.com/2013/pasta-madre-day-2013/#comment-1801/" "Mozilla/5.0 (Windows NT 10.0) AppleWebKit/537.36 (KHTML, like Gecko) Chrome/67.0.3396.99 Safari/537.36" 
128.199.192.125 - - [16/Mar/2020:01:07:09 -0700] "GET /wp-login.php HTTP/1.1" 200 4830 "-" "Mozilla/5.0 (X11; Ubuntu; Linux x86_64; rv:62.0) Gecko/20100101 Firefox/62.0" 
128.199.192.125 - - [16/Mar/2020:01:07:10 -0700] "POST /wp-login.php HTTP/1.1" 200 5223 "-" "Mozilla/5.0 (X11; Ubuntu; Linux x86_64; rv:62.0) Gecko/20100101 Firefox/62.0" 
128.199.192.125 - - [16/Mar/2020:01:07:10 -0700] "GET /wp-login.php HTTP/1.1" 200 4830 "-" "Mozilla/5.0 (X11; Ubuntu; Linux x86_64; rv:62.0) Gecko/20100101 Firefox/62.0" 
128.199.192.125 - - [16/Mar/2020:01:07:12 -0700] "POST /wp-login.php HTTP/1.1" 200 5201 "-" "Mozilla/5.0 (X11; Ubuntu; Linux x86_64; rv:62.0) Gecko/20100101 Firefox/62.0" 
128.199.192.125 - - [16/Mar/2020:01:07:18 -0700] "POST /xmlrpc.php HTTP/1.1" 200 3697 "-" "Mozilla/5.0 (X11; Ubuntu; Linux x86_64; rv:62.0) Gecko/20100101 Firefox/62.0" 
66.249.66.47 - - [16/Mar/2020:01:16:34 -0700] "GET /2019/5363/ HTTP/1.1" 301 4286 "-" "Mozilla/5.0 (Linux; Android 6.0.1; Nexus 5X Build/MMB29P) AppleWebKit/537.36 (KHTML, like Gecko) Chrome/41.0.2272.96 Mobile Safari/537.36 (compatible; Googlebot/2.1; +http://www.google.com/bot.html)" 
66.249.66.47 - - [16/Mar/2020:01:16:35 -0700] "GET /?p=5363 HTTP/1.1" 404 6711 "-" "Mozilla/5.0 (Linux; Android 6.0.1; Nexus 5X Build/MMB29P) AppleWebKit/537.36 (KHTML, like Gecko) Chrome/41.0.2272.96 Mobile Safari/537.36 (compatible; Googlebot/2.1; +http://www.google.com/bot.html)" 
46.229.168.141 - - [16/Mar/2020:01:16:48 -0700] "GET /robots.txt HTTP/1.1" 301 3859 "-" "Mozilla/5.0 (compatible; SemrushBot/6~bl; +http://www.semrush.com/bot.html)" 
46.229.168.150 - - [16/Mar/2020:01:16:48 -0700] "GET /robots.txt HTTP/1.1" 200 4255 "-" "Mozilla/5.0 (compatible; SemrushBot/6~bl; +http://www.semrush.com/bot.html)" 
46.229.168.149 - - [16/Mar/2020:01:16:49 -0700] "GET / HTTP/1.1" 301 3865 "-" "Mozilla/5.0 (compatible; SemrushBot/6~bl; +http://www.semrush.com/bot.html)" 
46.229.168.151 - - [16/Mar/2020:01:16:50 -0700] "GET /robots.txt HTTP/1.1" 200 4255 "-" "Mozilla/5.0 (compatible; SemrushBot/6~bl; +http://www.semrush.com/bot.html)" 
46.229.168.134 - - [16/Mar/2020:01:16:50 -0700] "GET / HTTP/1.1" 200 17390 "-" "Mozilla/5.0 (compatible; SemrushBot/6~bl; +http://www.semrush.com/bot.html)" 
202.44.54.48 - - [16/Mar/2020:01:18:17 -0700] "GET /wp-login.php HTTP/1.1" 200 4830 "-" "Mozilla/5.0 (X11; Ubuntu; Linux x86_64; rv:62.0) Gecko/20100101 Firefox/62.0" 
202.44.54.48 - - [16/Mar/2020:01:18:18 -0700] "POST /wp-login.php HTTP/1.1" 200 5223 "-" "Mozilla/5.0 (X11; Ubuntu; Linux x86_64; rv:62.0) Gecko/20100101 Firefox/62.0" 
202.44.54.48 - - [16/Mar/2020:01:18:19 -0700] "GET /wp-login.php HTTP/1.1" 200 4830 "-" "Mozilla/5.0 (X11; Ubuntu; Linux x86_64; rv:62.0) Gecko/20100101 Firefox/62.0" 
202.44.54.48 - - [16/Mar/2020:01:18:21 -0700] "POST /wp-login.php HTTP/1.1" 200 5201 "-" "Mozilla/5.0 (X11; Ubuntu; Linux x86_64; rv:62.0) Gecko/20100101 Firefox/62.0" 
202.44.54.48 - - [16/Mar/2020:01:18:23 -0700] "POST /xmlrpc.php HTTP/1.1" 200 3697 "-" "Mozilla/5.0 (X11; Ubuntu; Linux x86_64; rv:62.0) Gecko/20100101 Firefox/62.0" 
5.188.84.80 - - [16/Mar/2020:01:19:56 -0700] "GET /2013/pasta-madre-day-2013/ HTTP/1.0" 200 32928 "https://www.fornacalia.com/2013/pasta-madre-day-2013/#comment-1801/" "Mozilla/5.0 (Windows NT 6.1; Win64; x64) AppleWebKit/537.36 (KHTML, like Gecko) Chrome/67.0.3396.87 Safari/537.36 OPR/54.0.2952.51" 
5.188.84.80 - - [16/Mar/2020:01:19:57 -0700] "POST /wp-comments-post.php HTTP/1.0" 302 4063 "https://www.fornacalia.com/2013/pasta-madre-day-2013/#comment-1801/" "Mozilla/5.0 (Windows NT 6.1; Win64; x64) AppleWebKit/537.36 (KHTML, like Gecko) Chrome/67.0.3396.87 Safari/537.36 OPR/54.0.2952.51" 
5.188.84.65 - - [16/Mar/2020:01:20:42 -0700] "GET /2013/pasta-madre-day-2013/ HTTP/1.0" 200 32928 "https://www.fornacalia.com/2013/pasta-madre-day-2013/#comment-1801/" "Mozilla/5.0 (Windows NT 10.0; Win64; x64) AppleWebKit/537.36 (KHTML, like Gecko) Chrome/67.0.3396.99 Safari/537.36" 
5.188.84.65 - - [16/Mar/2020:01:20:43 -0700] "POST /wp-comments-post.php HTTP/1.0" 302 4063 "https://www.fornacalia.com/2013/pasta-madre-day-2013/#comment-1801/" "Mozilla/5.0 (Windows NT 10.0; Win64; x64) AppleWebKit/537.36 (KHTML, like Gecko) Chrome/67.0.3396.99 Safari/537.36" 
54.36.150.37 - - [16/Mar/2020:01:23:18 -0700] "GET /category/recipes/page/3/ HTTP/1.1" 200 21120 "-" "Mozilla/5.0 (compatible; AhrefsBot/6.1; +http://ahrefs.com/robot/)" 
54.36.148.105 - - [16/Mar/2020:01:23:24 -0700] "GET /wp-content/uploads/2015/07/Grano-arso-3.jpg HTTP/1.1" 404 9732 "-" "Mozilla/5.0 (compatible; AhrefsBot/6.1; +http://ahrefs.com/robot/)" 
5.188.84.45 - - [16/Mar/2020:01:23:54 -0700] "GET /2013/pasta-madre-day-2013/ HTTP/1.0" 200 32928 "https://www.fornacalia.com/2013/pasta-madre-day-2013/#comment-1801/" "Mozilla/5.0 (Windows NT 6.1; Win64; x64) AppleWebKit/537.36 (KHTML, like Gecko) Chrome/67.0.3396.87 Safari/537.36" 
5.188.84.45 - - [16/Mar/2020:01:23:55 -0700] "POST /wp-comments-post.php HTTP/1.0" 302 4063 "https://www.fornacalia.com/2013/pasta-madre-day-2013/#comment-1801/" "Mozilla/5.0 (Windows NT 6.1; Win64; x64) AppleWebKit/537.36 (KHTML, like Gecko) Chrome/67.0.3396.87 Safari/537.36" 
54.36.150.75 - - [16/Mar/2020:01:27:10 -0700] "GET /wp-content/uploads/2014/04/2014-03-30-09.10.10-e1396797006982.jpg HTTP/1.1" 200 150682 "-" "Mozilla/5.0 (compatible; AhrefsBot/6.1; +http://ahrefs.com/robot/)" 
54.36.148.154 - - [16/Mar/2020:01:27:29 -0700] "GET /feed/?attachment_id=4908 HTTP/1.1" 200 4612 "-" "Mozilla/5.0 (compatible; AhrefsBot/6.1; +http://ahrefs.com/robot/)" 
138.68.57.207 - - [16/Mar/2020:01:29:38 -0700] "GET /wp-login.php HTTP/1.1" 200 4830 "-" "Mozilla/5.0 (X11; Ubuntu; Linux x86_64; rv:62.0) Gecko/20100101 Firefox/62.0" 
138.68.57.207 - - [16/Mar/2020:01:29:38 -0700] "POST /wp-login.php HTTP/1.1" 200 5223 "-" "Mozilla/5.0 (X11; Ubuntu; Linux x86_64; rv:62.0) Gecko/20100101 Firefox/62.0" 
138.68.57.207 - - [16/Mar/2020:01:29:38 -0700] "GET /wp-login.php HTTP/1.1" 200 4830 "-" "Mozilla/5.0 (X11; Ubuntu; Linux x86_64; rv:62.0) Gecko/20100101 Firefox/62.0" 
138.68.57.207 - - [16/Mar/2020:01:29:39 -0700] "POST /wp-login.php HTTP/1.1" 200 5201 "-" "Mozilla/5.0 (X11; Ubuntu; Linux x86_64; rv:62.0) Gecko/20100101 Firefox/62.0" 
138.68.57.207 - - [16/Mar/2020:01:29:39 -0700] "POST /xmlrpc.php HTTP/1.1" 200 3697 "-" "Mozilla/5.0 (X11; Ubuntu; Linux x86_64; rv:62.0) Gecko/20100101 Firefox/62.0" 
77.75.79.36 - - [16/Mar/2020:01:29:45 -0700] "GET /robots.txt HTTP/1.1" 200 4297 "-" "Mozilla/5.0 (compatible; SeznamBot/3.2; +http://napoveda.seznam.cz/en/seznambot-intro/)" 
77.75.79.36 - - [16/Mar/2020:01:29:47 -0700] "GET /2014/no-knead-revisited/ HTTP/1.1" 200 13986 "-" "Mozilla/5.0 (compatible; SeznamBot/3.2; +http://napoveda.seznam.cz/en/seznambot-intro/)" 
157.55.39.34 - - [16/Mar/2020:01:36:55 -0700] "GET /robots.txt HTTP/1.1" 200 2530 "-" "Mozilla/5.0 (compatible; bingbot/2.0; +http://www.bing.com/bingbot.htm)" 
157.55.39.34 - - [16/Mar/2020:01:36:56 -0700] "GET /robots.txt HTTP/1.1" 200 4292 "-" "Mozilla/5.0 (compatible; bingbot/2.0; +http://www.bing.com/bingbot.htm)" 
40.77.167.1 - - [16/Mar/2020:01:37:25 -0700] "GET /author/jeremy/feed/ HTTP/1.1" 200 18242 "-" "Mozilla/5.0 (compatible; bingbot/2.0; +http://www.bing.com/bingbot.htm)" 
114.119.165.219 - - [16/Mar/2020:01:39:55 -0700] "GET /robots.txt HTTP/1.1" 200 4060 "-" "Mozilla/5.0 (Linux; Android 7.0;) AppleWebKit/537.36 (KHTML, like Gecko) Mobile Safari/537.36 (compatible; AspiegelBot)" 
178.128.101.79 - - [16/Mar/2020:01:40:49 -0700] "GET /wp-login.php HTTP/1.1" 200 4830 "-" "Mozilla/5.0 (X11; Ubuntu; Linux x86_64; rv:62.0) Gecko/20100101 Firefox/62.0" 
178.128.101.79 - - [16/Mar/2020:01:40:50 -0700] "POST /wp-login.php HTTP/1.1" 200 5223 "-" "Mozilla/5.0 (X11; Ubuntu; Linux x86_64; rv:62.0) Gecko/20100101 Firefox/62.0" 
178.128.101.79 - - [16/Mar/2020:01:40:56 -0700] "GET /wp-login.php HTTP/1.1" 200 4830 "-" "Mozilla/5.0 (X11; Ubuntu; Linux x86_64; rv:62.0) Gecko/20100101 Firefox/62.0" 
178.128.101.79 - - [16/Mar/2020:01:40:57 -0700] "POST /wp-login.php HTTP/1.1" 200 5201 "-" "Mozilla/5.0 (X11; Ubuntu; Linux x86_64; rv:62.0) Gecko/20100101 Firefox/62.0" 
178.128.101.79 - - [16/Mar/2020:01:40:58 -0700] "POST /xmlrpc.php HTTP/1.1" 200 3697 "-" "Mozilla/5.0 (X11; Ubuntu; Linux x86_64; rv:62.0) Gecko/20100101 Firefox/62.0" 
114.119.161.162 - - [16/Mar/2020:01:45:41 -0700] "GET /tag/sourdough HTTP/1.1" 301 4036 "-" "Mozilla/5.0 (Linux; Android 7.0;) AppleWebKit/537.36 (KHTML, like Gecko) Mobile Safari/537.36 (compatible; AspiegelBot)" 
114.119.161.162 - - [16/Mar/2020:01:45:42 -0700] "GET /tag/sourdough/ HTTP/1.1" 200 18764 "-" "Mozilla/5.0 (Linux; Android 7.0;) AppleWebKit/537.36 (KHTML, like Gecko) Mobile Safari/537.36 (compatible; AspiegelBot)" 
94.230.208.147 - - [16/Mar/2020:01:46:06 -0700] "GET /2013/pasta-madre-day-2013/ HTTP/1.0" 200 32928 "https://www.fornacalia.com/2013/pasta-madre-day-2013/#comment-30018" "Mozilla/5.0 (Windows NT 10.0; Win64; x64) AppleWebKit/537.36 (KHTML, like Gecko) Chrome/58.0.3029.110 Safari/537.36 Edge/16.16299" 
5.188.84.25 - - [16/Mar/2020:01:51:26 -0700] "GET /2013/pasta-madre-day-2013/ HTTP/1.0" 200 32928 "https://www.fornacalia.com/2013/pasta-madre-day-2013/#comment-1801/" "Mozilla/5.0 (Windows NT 6.3; Win64; x64) AppleWebKit/537.36 (KHTML, like Gecko) Chrome/65.0.3325.146 Safari/537.36" 
5.188.84.25 - - [16/Mar/2020:01:51:27 -0700] "POST /wp-comments-post.php HTTP/1.0" 302 4063 "https://www.fornacalia.com/2013/pasta-madre-day-2013/#comment-1801/" "Mozilla/5.0 (Windows NT 6.3; Win64; x64) AppleWebKit/537.36 (KHTML, like Gecko) Chrome/65.0.3325.146 Safari/537.36" 
68.183.184.243 - - [16/Mar/2020:01:52:02 -0700] "GET /wp-login.php HTTP/1.1" 200 4830 "-" "Mozilla/5.0 (X11; Ubuntu; Linux x86_64; rv:62.0) Gecko/20100101 Firefox/62.0" 
68.183.184.243 - - [16/Mar/2020:01:52:04 -0700] "POST /wp-login.php HTTP/1.1" 200 5223 "-" "Mozilla/5.0 (X11; Ubuntu; Linux x86_64; rv:62.0) Gecko/20100101 Firefox/62.0" 
68.183.184.243 - - [16/Mar/2020:01:52:08 -0700] "GET /wp-login.php HTTP/1.1" 200 4830 "-" "Mozilla/5.0 (X11; Ubuntu; Linux x86_64; rv:62.0) Gecko/20100101 Firefox/62.0" 
68.183.184.243 - - [16/Mar/2020:01:52:10 -0700] "POST /wp-login.php HTTP/1.1" 200 5201 "-" "Mozilla/5.0 (X11; Ubuntu; Linux x86_64; rv:62.0) Gecko/20100101 Firefox/62.0" 
68.183.184.243 - - [16/Mar/2020:01:52:12 -0700] "POST /xmlrpc.php HTTP/1.1" 200 3697 "-" "Mozilla/5.0 (X11; Ubuntu; Linux x86_64; rv:62.0) Gecko/20100101 Firefox/62.0" 
5.188.84.45 - - [16/Mar/2020:01:57:39 -0700] "GET /2013/pasta-madre-day-2013/ HTTP/1.0" 200 32928 "https://www.fornacalia.com/2013/pasta-madre-day-2013/#comment-1801/" "Mozilla/5.0 (Windows NT 10.0; Win64; x64) AppleWebKit/537.36 (KHTML, like Gecko) Chrome/67.0.3396.87 Safari/537.36 OPR/54.0.2952.51" 
5.188.84.45 - - [16/Mar/2020:01:57:41 -0700] "POST /wp-comments-post.php HTTP/1.0" 302 4063 "https://www.fornacalia.com/2013/pasta-madre-day-2013/#comment-1801/" "Mozilla/5.0 (Windows NT 10.0; Win64; x64) AppleWebKit/537.36 (KHTML, like Gecko) Chrome/67.0.3396.87 Safari/537.36 OPR/54.0.2952.51" 
54.36.150.40 - - [16/Mar/2020:01:58:58 -0700] "GET /2015/09/ HTTP/1.1" 200 13749 "-" "Mozilla/5.0 (compatible; AhrefsBot/6.1; +http://ahrefs.com/robot/)" 
5.188.84.233 - - [16/Mar/2020:02:02:44 -0700] "GET /2013/pasta-madre-day-2013/ HTTP/1.0" 200 32928 "https://www.fornacalia.com/2013/pasta-madre-day-2013/#comment-1801/" "Mozilla/5.0 (Windows NT 6.1) AppleWebKit/537.36 (KHTML, like Gecko) Chrome/68.0.3440.106 Safari/537.36 Kinza/4.9.1" 
5.188.84.233 - - [16/Mar/2020:02:02:45 -0700] "POST /wp-comments-post.php HTTP/1.0" 302 4063 "https://www.fornacalia.com/2013/pasta-madre-day-2013/#comment-1801/" "Mozilla/5.0 (Windows NT 6.1) AppleWebKit/537.36 (KHTML, like Gecko) Chrome/68.0.3440.106 Safari/537.36 Kinza/4.9.1" 
95.169.15.41 - - [16/Mar/2020:02:03:10 -0700] "GET /wp-login.php HTTP/1.1" 200 4830 "-" "Mozilla/5.0 (X11; Ubuntu; Linux x86_64; rv:62.0) Gecko/20100101 Firefox/62.0" 
95.169.15.41 - - [16/Mar/2020:02:03:10 -0700] "POST /wp-login.php HTTP/1.1" 200 5223 "-" "Mozilla/5.0 (X11; Ubuntu; Linux x86_64; rv:62.0) Gecko/20100101 Firefox/62.0" 
95.169.15.41 - - [16/Mar/2020:02:03:10 -0700] "GET /wp-login.php HTTP/1.1" 200 4830 "-" "Mozilla/5.0 (X11; Ubuntu; Linux x86_64; rv:62.0) Gecko/20100101 Firefox/62.0" 
95.169.15.41 - - [16/Mar/2020:02:03:11 -0700] "POST /wp-login.php HTTP/1.1" 200 5201 "-" "Mozilla/5.0 (X11; Ubuntu; Linux x86_64; rv:62.0) Gecko/20100101 Firefox/62.0" 
95.169.15.41 - - [16/Mar/2020:02:03:11 -0700] "POST /xmlrpc.php HTTP/1.1" 200 3697 "-" "Mozilla/5.0 (X11; Ubuntu; Linux x86_64; rv:62.0) Gecko/20100101 Firefox/62.0" 
66.249.66.43 - - [16/Mar/2020:02:04:31 -0700] "GET /wp-content/themes/Autonomie-child/css/wide-width.css?ver=1.0.0 HTTP/1.1" 404 9983 "http://www.fornacalia.com/" "Mozilla/5.0 (Linux; Android 6.0.1; Nexus 5X Build/MMB29P) AppleWebKit/537.36 (KHTML, like Gecko) Chrome/80.0.3987.92 Mobile Safari/537.36 (compatible; Googlebot/2.1; +http://www.google.com/bot.html)" 
5.188.84.220 - - [16/Mar/2020:02:07:18 -0700] "GET /2013/pasta-madre-day-2013/ HTTP/1.0" 200 32928 "https://www.fornacalia.com/2013/pasta-madre-day-2013/#comment-1801/" "Mozilla/5.0 (Windows NT 6.1; Win64; x64) AppleWebKit/537.36 (KHTML, like Gecko) Chrome/68.0.3440.106 Safari/537.36 OPR/55.0.2994.44" 
5.188.84.220 - - [16/Mar/2020:02:07:19 -0700] "POST /wp-comments-post.php HTTP/1.0" 302 4063 "https://www.fornacalia.com/2013/pasta-madre-day-2013/#comment-1801/" "Mozilla/5.0 (Windows NT 6.1; Win64; x64) AppleWebKit/537.36 (KHTML, like Gecko) Chrome/68.0.3440.106 Safari/537.36 OPR/55.0.2994.44" 
40.77.167.1 - - [16/Mar/2020:02:07:22 -0700] "GET /wp-content/uploads/2017/03/black-pepper-rye-05.png HTTP/1.1" 200 607614 "-" "Mozilla/5.0 (compatible; bingbot/2.0; +http://www.bing.com/bingbot.htm)" 
5.188.84.25 - - [16/Mar/2020:02:10:39 -0700] "GET /2013/pasta-madre-day-2013/ HTTP/1.0" 200 32928 "https://www.fornacalia.com/2013/pasta-madre-day-2013/#comment-1801/" "Mozilla/5.0 (Windows NT 6.2; Win64; x64) AppleWebKit/537.36 (KHTML, like Gecko) Chrome/68.0.3440.106 Safari/537.36" 
5.188.84.25 - - [16/Mar/2020:02:10:40 -0700] "POST /wp-comments-post.php HTTP/1.0" 302 4063 "https://www.fornacalia.com/2013/pasta-madre-day-2013/#comment-1801/" "Mozilla/5.0 (Windows NT 6.2; Win64; x64) AppleWebKit/537.36 (KHTML, like Gecko) Chrome/68.0.3440.106 Safari/537.36" 
5.188.84.80 - - [16/Mar/2020:02:11:57 -0700] "GET /2013/pasta-madre-day-2013/ HTTP/1.0" 200 32928 "https://www.fornacalia.com/2013/pasta-madre-day-2013/#comment-1801/" "Mozilla/5.0 (Windows NT 10.0; Win64; x64) AppleWebKit/537.36 (KHTML, like Gecko) Chrome/67.0.3396.99 Safari/537.36" 
5.188.84.80 - - [16/Mar/2020:02:11:57 -0700] "POST /wp-comments-post.php HTTP/1.0" 302 4063 "https://www.fornacalia.com/2013/pasta-madre-day-2013/#comment-1801/" "Mozilla/5.0 (Windows NT 10.0; Win64; x64) AppleWebKit/537.36 (KHTML, like Gecko) Chrome/67.0.3396.99 Safari/537.36" 
5.188.84.15 - - [16/Mar/2020:02:15:44 -0700] "GET /2013/pasta-madre-day-2013/ HTTP/1.0" 200 32928 "https://www.fornacalia.com/2013/pasta-madre-day-2013/#comment-1801/" "Mozilla/5.0 (Windows NT 6.1) AppleWebKit/537.36 (KHTML, like Gecko) Chrome/68.0.3440.106 Safari/537.36" 
5.188.84.15 - - [16/Mar/2020:02:15:45 -0700] "POST /wp-comments-post.php HTTP/1.0" 302 4063 "https://www.fornacalia.com/2013/pasta-madre-day-2013/#comment-1801/" "Mozilla/5.0 (Windows NT 6.1) AppleWebKit/537.36 (KHTML, like Gecko) Chrome/68.0.3440.106 Safari/537.36" 
5.102.173.71 - - [16/Mar/2020:02:16:38 -0700] "GET /robots.txt HTTP/1.1" 200 4236 "-" "Mozilla/5.0 (compatible; MojeekBot/0.7; +https://www.mojeek.com/bot.html)" 
5.102.173.71 - - [16/Mar/2020:02:16:38 -0700] "GET /2019/building-a-leaven/ HTTP/1.1" 200 8895 "-" "Mozilla/5.0 (compatible; MojeekBot/0.7; +https://www.mojeek.com/bot.html)" 
54.36.148.67 - - [16/Mar/2020:02:17:49 -0700] "GET /2014/elizabeth-david-on-bread/ HTTP/1.1" 200 12964 "-" "Mozilla/5.0 (compatible; AhrefsBot/6.1; +http://ahrefs.com/robot/)" 
5.188.84.65 - - [16/Mar/2020:02:21:09 -0700] "GET /2013/pasta-madre-day-2013/ HTTP/1.0" 200 32928 "https://www.fornacalia.com/2013/pasta-madre-day-2013/#comment-1801/" "Mozilla/5.0 (Windows NT 6.1; Win64; x64) AppleWebKit/537.36 (KHTML, like Gecko) Chrome/67.0.3396.87 Safari/537.36" 
5.188.84.65 - - [16/Mar/2020:02:21:10 -0700] "POST /wp-comments-post.php HTTP/1.0" 302 4063 "https://www.fornacalia.com/2013/pasta-madre-day-2013/#comment-1801/" "Mozilla/5.0 (Windows NT 6.1; Win64; x64) AppleWebKit/537.36 (KHTML, like Gecko) Chrome/67.0.3396.87 Safari/537.36" 
5.188.84.233 - - [16/Mar/2020:02:22:02 -0700] "GET /2013/pasta-madre-day-2013/ HTTP/1.0" 200 32928 "https://www.fornacalia.com/2013/pasta-madre-day-2013/#comment-1801/" "Mozilla/5.0 (Windows NT 10.0; Win64; x64) AppleWebKit/537.36 (KHTML, like Gecko) Chrome/67.0.3396.87 Safari/537.36 OPR/54.0.2952.64" 
5.188.84.233 - - [16/Mar/2020:02:22:03 -0700] "POST /wp-comments-post.php HTTP/1.0" 302 4063 "https://www.fornacalia.com/2013/pasta-madre-day-2013/#comment-1801/" "Mozilla/5.0 (Windows NT 10.0; Win64; x64) AppleWebKit/537.36 (KHTML, like Gecko) Chrome/67.0.3396.87 Safari/537.36 OPR/54.0.2952.64" 
192.241.151.151 - - [16/Mar/2020:02:24:41 -0700] "GET /wp-login.php HTTP/1.1" 200 4811 "-" "Mozilla/5.0 (Windows NT 6.1) AppleWebKit/537.36 (KHTML, like Gecko) Chrome/63.0.3239.84 Safari/537.36" 
192.241.151.151 - - [16/Mar/2020:02:24:41 -0700] "POST /wp-login.php HTTP/1.1" 200 2128 "-" "Mozilla/5.0 (Windows NT 6.1) AppleWebKit/537.36 (KHTML, like Gecko) Chrome/63.0.3239.84 Safari/537.36" 
47.98.120.109 - - [16/Mar/2020:02:25:56 -0700] "GET /wp-login.php HTTP/1.1" 200 4830 "-" "Mozilla/5.0 (X11; Ubuntu; Linux x86_64; rv:62.0) Gecko/20100101 Firefox/62.0" 
47.98.120.109 - - [16/Mar/2020:02:26:05 -0700] "POST /wp-login.php HTTP/1.1" 200 5223 "-" "Mozilla/5.0 (X11; Ubuntu; Linux x86_64; rv:62.0) Gecko/20100101 Firefox/62.0" 
47.98.120.109 - - [16/Mar/2020:02:26:10 -0700] "GET /wp-login.php HTTP/1.1" 200 4830 "-" "Mozilla/5.0 (X11; Ubuntu; Linux x86_64; rv:62.0) Gecko/20100101 Firefox/62.0" 
47.98.120.109 - - [16/Mar/2020:02:26:14 -0700] "POST /wp-login.php HTTP/1.1" 200 5201 "-" "Mozilla/5.0 (X11; Ubuntu; Linux x86_64; rv:62.0) Gecko/20100101 Firefox/62.0" 
47.98.120.109 - - [16/Mar/2020:02:26:15 -0700] "POST /xmlrpc.php HTTP/1.1" 200 3697 "-" "Mozilla/5.0 (X11; Ubuntu; Linux x86_64; rv:62.0) Gecko/20100101 Firefox/62.0" 
54.36.150.7 - - [16/Mar/2020:02:28:00 -0700] "GET /feed/?attachment_id=4984 HTTP/1.1" 200 4605 "-" "Mozilla/5.0 (compatible; AhrefsBot/6.1; +http://ahrefs.com/robot/)" 
114.119.161.162 - - [16/Mar/2020:02:30:23 -0700] "GET /author/jeremy/page/3/ HTTP/1.1" 200 19850 "-" "Mozilla/5.0 (Linux; Android 7.0;) AppleWebKit/537.36 (KHTML, like Gecko) Mobile Safari/537.36 (compatible; AspiegelBot)" 
68.183.48.14 - - [16/Mar/2020:02:36:19 -0700] "GET /wp-login.php HTTP/1.1" 200 4830 "-" "Mozilla/5.0 (X11; Ubuntu; Linux x86_64; rv:62.0) Gecko/20100101 Firefox/62.0" 
68.183.48.14 - - [16/Mar/2020:02:36:20 -0700] "POST /wp-login.php HTTP/1.1" 200 5223 "-" "Mozilla/5.0 (X11; Ubuntu; Linux x86_64; rv:62.0) Gecko/20100101 Firefox/62.0" 
68.183.48.14 - - [16/Mar/2020:02:36:20 -0700] "GET /wp-login.php HTTP/1.1" 200 4830 "-" "Mozilla/5.0 (X11; Ubuntu; Linux x86_64; rv:62.0) Gecko/20100101 Firefox/62.0" 
64.111.100.215 - - [16/Mar/2020:02:36:19 -0700] "POST /wp-cron.php?doing_wp_cron=1584351379.5429470539093017578125 HTTP/1.1" 200 3494 "https://www.fornacalia.com/wp-cron.php?doing_wp_cron=1584351379.5429470539093017578125" "WordPress/5.2.5; https://www.fornacalia.com" 
68.183.48.14 - - [16/Mar/2020:02:36:20 -0700] "POST /wp-login.php HTTP/1.1" 200 5201 "-" "Mozilla/5.0 (X11; Ubuntu; Linux x86_64; rv:62.0) Gecko/20100101 Firefox/62.0" 
68.183.48.14 - - [16/Mar/2020:02:36:20 -0700] "POST /xmlrpc.php HTTP/1.1" 200 3697 "-" "Mozilla/5.0 (X11; Ubuntu; Linux x86_64; rv:62.0) Gecko/20100101 Firefox/62.0" 
5.188.84.35 - - [16/Mar/2020:02:36:52 -0700] "GET /2013/pasta-madre-day-2013/ HTTP/1.0" 200 32928 "https://www.fornacalia.com/2013/pasta-madre-day-2013/#comment-1801/" "Mozilla/5.0 (Windows NT 10.0; Win64; x64) AppleWebKit/537.36 (KHTML, like Gecko) Chrome/66.0.3359.181 Safari/537.36" 
5.188.84.220 - - [16/Mar/2020:02:36:53 -0700] "GET /2013/pasta-madre-day-2013/ HTTP/1.0" 200 32928 "https://www.fornacalia.com/2013/pasta-madre-day-2013/#comment-1801/" "Mozilla/5.0 (Windows NT 10.0; Win64; x64) AppleWebKit/537.36 (KHTML, like Gecko) Chrome/67.0.3396.87 Safari/537.36 OPR/54.0.2952.64" 
5.188.84.35 - - [16/Mar/2020:02:36:53 -0700] "POST /wp-comments-post.php HTTP/1.0" 302 4063 "https://www.fornacalia.com/2013/pasta-madre-day-2013/#comment-1801/" "Mozilla/5.0 (Windows NT 10.0; Win64; x64) AppleWebKit/537.36 (KHTML, like Gecko) Chrome/66.0.3359.181 Safari/537.36" 
5.188.84.220 - - [16/Mar/2020:02:36:54 -0700] "POST /wp-comments-post.php HTTP/1.0" 302 4063 "https://www.fornacalia.com/2013/pasta-madre-day-2013/#comment-1801/" "Mozilla/5.0 (Windows NT 10.0; Win64; x64) AppleWebKit/537.36 (KHTML, like Gecko) Chrome/67.0.3396.87 Safari/537.36 OPR/54.0.2952.64" 
54.36.149.59 - - [16/Mar/2020:02:42:15 -0700] "GET /wp-content/uploads/2019/04/banneton.png HTTP/1.1" 200 96516 "-" "Mozilla/5.0 (compatible; AhrefsBot/6.1; +http://ahrefs.com/robot/)" 
114.119.167.251 - - [16/Mar/2020:02:44:35 -0700] "GET /2013/pasta-madre-day-2013 HTTP/1.1" 301 4099 "-" "Mozilla/5.0 (Linux; Android 7.0;) AppleWebKit/537.36 (KHTML, like Gecko) Mobile Safari/537.36 (compatible; AspiegelBot)" 
114.119.167.251 - - [16/Mar/2020:02:44:37 -0700] "GET /2013/pasta-madre-day-2013/ HTTP/1.1" 200 13551 "-" "Mozilla/5.0 (Linux; Android 7.0;) AppleWebKit/537.36 (KHTML, like Gecko) Mobile Safari/537.36 (compatible; AspiegelBot)" 
5.188.84.35 - - [16/Mar/2020:02:45:40 -0700] "GET /2013/pasta-madre-day-2013/ HTTP/1.0" 200 32928 "https://www.fornacalia.com/2013/pasta-madre-day-2013/#comment-1801/" "Mozilla/5.0 (Windows NT 6.3; Win64; x64) AppleWebKit/537.36 (KHTML, like Gecko) Chrome/67.0.3396.79 Safari/537.36" 
5.188.84.35 - - [16/Mar/2020:02:45:41 -0700] "POST /wp-comments-post.php HTTP/1.0" 302 4063 "https://www.fornacalia.com/2013/pasta-madre-day-2013/#comment-1801/" "Mozilla/5.0 (Windows NT 6.3; Win64; x64) AppleWebKit/537.36 (KHTML, like Gecko) Chrome/67.0.3396.79 Safari/537.36" 
167.99.73.144 - - [16/Mar/2020:02:48:05 -0700] "GET /wp-login.php HTTP/1.1" 200 4830 "-" "Mozilla/5.0 (X11; Ubuntu; Linux x86_64; rv:62.0) Gecko/20100101 Firefox/62.0" 
167.99.73.144 - - [16/Mar/2020:02:48:07 -0700] "POST /wp-login.php HTTP/1.1" 200 5223 "-" "Mozilla/5.0 (X11; Ubuntu; Linux x86_64; rv:62.0) Gecko/20100101 Firefox/62.0" 
167.99.73.144 - - [16/Mar/2020:02:48:09 -0700] "GET /wp-login.php HTTP/1.1" 200 4830 "-" "Mozilla/5.0 (X11; Ubuntu; Linux x86_64; rv:62.0) Gecko/20100101 Firefox/62.0" 
167.99.73.144 - - [16/Mar/2020:02:48:10 -0700] "POST /wp-login.php HTTP/1.1" 200 5201 "-" "Mozilla/5.0 (X11; Ubuntu; Linux x86_64; rv:62.0) Gecko/20100101 Firefox/62.0" 
167.99.73.144 - - [16/Mar/2020:02:48:11 -0700] "POST /xmlrpc.php HTTP/1.1" 200 3697 "-" "Mozilla/5.0 (X11; Ubuntu; Linux x86_64; rv:62.0) Gecko/20100101 Firefox/62.0" 
46.229.168.145 - - [16/Mar/2020:02:50:21 -0700] "GET /robots.txt HTTP/1.1" 200 4255 "-" "Mozilla/5.0 (compatible; SemrushBot/6~bl; +http://www.semrush.com/bot.html)" 
46.229.168.153 - - [16/Mar/2020:02:50:21 -0700] "GET /2019/hot-cross-buns/ HTTP/1.1" 200 13546 "-" "Mozilla/5.0 (compatible; SemrushBot/6~bl; +http://www.semrush.com/bot.html)" 
5.188.84.15 - - [16/Mar/2020:02:54:28 -0700] "GET /2013/pasta-madre-day-2013/ HTTP/1.0" 200 32928 "https://www.fornacalia.com/2013/pasta-madre-day-2013/#comment-1801/" "Mozilla/5.0 (Windows NT 6.3; Win64; x64) AppleWebKit/537.36 (KHTML, like Gecko) Chrome/67.0.3396.79 Safari/537.36" 
5.188.84.15 - - [16/Mar/2020:02:54:29 -0700] "POST /wp-comments-post.php HTTP/1.0" 302 4063 "https://www.fornacalia.com/2013/pasta-madre-day-2013/#comment-1801/" "Mozilla/5.0 (Windows NT 6.3; Win64; x64) AppleWebKit/537.36 (KHTML, like Gecko) Chrome/67.0.3396.79 Safari/537.36" 
46.229.168.139 - - [16/Mar/2020:02:59:16 -0700] "GET /category/crumbs/ HTTP/1.1" 200 16631 "-" "Mozilla/5.0 (compatible; SemrushBot/6~bl; +http://www.semrush.com/bot.html)" 
95.85.8.239 - - [16/Mar/2020:03:00:01 -0700] "GET /wp-login.php HTTP/1.1" 200 4830 "-" "Mozilla/5.0 (X11; Ubuntu; Linux x86_64; rv:62.0) Gecko/20100101 Firefox/62.0" 
95.85.8.239 - - [16/Mar/2020:03:00:02 -0700] "POST /wp-login.php HTTP/1.1" 200 5223 "-" "Mozilla/5.0 (X11; Ubuntu; Linux x86_64; rv:62.0) Gecko/20100101 Firefox/62.0" 
95.85.8.239 - - [16/Mar/2020:03:00:02 -0700] "GET /wp-login.php HTTP/1.1" 200 4830 "-" "Mozilla/5.0 (X11; Ubuntu; Linux x86_64; rv:62.0) Gecko/20100101 Firefox/62.0" 
95.85.8.239 - - [16/Mar/2020:03:00:03 -0700] "POST /wp-login.php HTTP/1.1" 200 5201 "-" "Mozilla/5.0 (X11; Ubuntu; Linux x86_64; rv:62.0) Gecko/20100101 Firefox/62.0" 
95.85.8.239 - - [16/Mar/2020:03:00:03 -0700] "POST /xmlrpc.php HTTP/1.1" 200 3697 "-" "Mozilla/5.0 (X11; Ubuntu; Linux x86_64; rv:62.0) Gecko/20100101 Firefox/62.0" 
114.119.165.86 - - [16/Mar/2020:03:04:35 -0700] "GET /author/feed HTTP/1.1" 404 9751 "-" "Mozilla/5.0 (Linux; Android 7.0;) AppleWebKit/537.36 (KHTML, like Gecko) Mobile Safari/537.36 (compatible; AspiegelBot)" 
157.245.106.153 - - [16/Mar/2020:03:11:12 -0700] "GET /wp-login.php HTTP/1.1" 200 4830 "-" "Mozilla/5.0 (X11; Ubuntu; Linux x86_64; rv:62.0) Gecko/20100101 Firefox/62.0" 
157.245.106.153 - - [16/Mar/2020:03:11:14 -0700] "POST /wp-login.php HTTP/1.1" 200 5223 "-" "Mozilla/5.0 (X11; Ubuntu; Linux x86_64; rv:62.0) Gecko/20100101 Firefox/62.0" 
157.245.106.153 - - [16/Mar/2020:03:11:15 -0700] "GET /wp-login.php HTTP/1.1" 200 4830 "-" "Mozilla/5.0 (X11; Ubuntu; Linux x86_64; rv:62.0) Gecko/20100101 Firefox/62.0" 
157.245.106.153 - - [16/Mar/2020:03:11:16 -0700] "POST /wp-login.php HTTP/1.1" 200 5201 "-" "Mozilla/5.0 (X11; Ubuntu; Linux x86_64; rv:62.0) Gecko/20100101 Firefox/62.0" 
157.245.106.153 - - [16/Mar/2020:03:11:17 -0700] "POST /xmlrpc.php HTTP/1.1" 200 3697 "-" "Mozilla/5.0 (X11; Ubuntu; Linux x86_64; rv:62.0) Gecko/20100101 Firefox/62.0" 
50.62.161.206 - - [16/Mar/2020:03:11:22 -0700] "GET /wp-login.php HTTP/1.1" 200 7160 "https://www.fornacalia.com/wp-login.php" "Mozilla/5.0 (Macintosh; Intel Mac OS X 10_14_5) AppleWebKit/537.36 (KHTML, like Gecko) Chrome/74.0.3729.169 Safari/537.36" 
5.188.84.80 - - [16/Mar/2020:03:11:23 -0700] "GET /2013/pasta-madre-day-2013/ HTTP/1.0" 200 32928 "https://www.fornacalia.com/2013/pasta-madre-day-2013/#comment-1801/" "Mozilla/5.0 (Windows NT 6.1; Win64; x64) AppleWebKit/537.36 (KHTML, like Gecko) Chrome/67.0.3396.87 Safari/537.36" 
5.188.84.80 - - [16/Mar/2020:03:11:24 -0700] "POST /wp-comments-post.php HTTP/1.0" 302 4063 "https://www.fornacalia.com/2013/pasta-madre-day-2013/#comment-1801/" "Mozilla/5.0 (Windows NT 6.1; Win64; x64) AppleWebKit/537.36 (KHTML, like Gecko) Chrome/67.0.3396.87 Safari/537.36" 
50.62.161.206 - - [16/Mar/2020:03:11:25 -0700] "POST /wp-login.php HTTP/1.1" 200 8156 "https://www.fornacalia.com/wp-login.php" "Mozilla/5.0 (Macintosh; Intel Mac OS X 10_14_5) AppleWebKit/537.36 (KHTML, like Gecko) Chrome/74.0.3729.169 Safari/537.36" 
5.188.84.65 - - [16/Mar/2020:03:11:50 -0700] "GET /2013/pasta-madre-day-2013/ HTTP/1.0" 200 32928 "https://www.fornacalia.com/2013/pasta-madre-day-2013/#comment-1801/" "Mozilla/5.0 (Windows NT 6.1; Win64; x64) AppleWebKit/537.36 (KHTML, like Gecko) Chrome/66.0.3359.170 Safari/537.36 OPR/53.0.2907.106" 
5.188.84.65 - - [16/Mar/2020:03:11:52 -0700] "POST /wp-comments-post.php HTTP/1.0" 302 4063 "https://www.fornacalia.com/2013/pasta-madre-day-2013/#comment-1801/" "Mozilla/5.0 (Windows NT 6.1; Win64; x64) AppleWebKit/537.36 (KHTML, like Gecko) Chrome/66.0.3359.170 Safari/537.36 OPR/53.0.2907.106" 
5.188.84.45 - - [16/Mar/2020:03:14:25 -0700] "GET /2013/pasta-madre-day-2013/ HTTP/1.0" 200 32928 "https://www.fornacalia.com/2013/pasta-madre-day-2013/#comment-1801/" "Mozilla/5.0 (Windows NT 6.1; Win64; x64) AppleWebKit/537.36 (KHTML, like Gecko) Chrome/67.0.3396.87 Safari/537.36" 
5.188.84.45 - - [16/Mar/2020:03:14:26 -0700] "POST /wp-comments-post.php HTTP/1.0" 302 4063 "https://www.fornacalia.com/2013/pasta-madre-day-2013/#comment-1801/" "Mozilla/5.0 (Windows NT 6.1; Win64; x64) AppleWebKit/537.36 (KHTML, like Gecko) Chrome/67.0.3396.87 Safari/537.36" 
69.163.224.102 - - [16/Mar/2020:03:22:49 -0700] "GET /wp-login.php HTTP/1.1" 200 4830 "-" "Mozilla/5.0 (X11; Ubuntu; Linux x86_64; rv:62.0) Gecko/20100101 Firefox/62.0" 
69.163.224.102 - - [16/Mar/2020:03:22:50 -0700] "POST /wp-login.php HTTP/1.1" 200 5223 "-" "Mozilla/5.0 (X11; Ubuntu; Linux x86_64; rv:62.0) Gecko/20100101 Firefox/62.0" 
69.163.224.102 - - [16/Mar/2020:03:22:50 -0700] "GET /wp-login.php HTTP/1.1" 200 4830 "-" "Mozilla/5.0 (X11; Ubuntu; Linux x86_64; rv:62.0) Gecko/20100101 Firefox/62.0" 
69.163.224.102 - - [16/Mar/2020:03:22:50 -0700] "POST /wp-login.php HTTP/1.1" 200 5201 "-" "Mozilla/5.0 (X11; Ubuntu; Linux x86_64; rv:62.0) Gecko/20100101 Firefox/62.0" 
69.163.224.102 - - [16/Mar/2020:03:22:51 -0700] "POST /xmlrpc.php HTTP/1.1" 200 3697 "-" "Mozilla/5.0 (X11; Ubuntu; Linux x86_64; rv:62.0) Gecko/20100101 Firefox/62.0" 
62.210.83.206 - - [16/Mar/2020:03:24:13 -0700] "GET /2014/in-which-a-croissant-recipe-makes-me-cross/ HTTP/1.1" 200 14321 "-" "Mozilla/5.0 (Windows NT 10.0; Win64; x64) AppleWebKit/537.36 (KHTML, like Gecko) Chrome/78.0.3904.108 Safari/537.36" 
62.210.83.206 - - [16/Mar/2020:03:24:13 -0700] "GET / HTTP/1.1" 200 14224 "-" "Mozilla/5.0 (Windows NT 10.0; Win64; x64) AppleWebKit/537.36 (KHTML, like Gecko) Chrome/78.0.3904.108 Safari/537.36" 
66.249.66.45 - - [16/Mar/2020:03:24:43 -0700] "GET /category/recipes/ HTTP/1.1" 200 22870 "-" "Mozilla/5.0 (Linux; Android 6.0.1; Nexus 5X Build/MMB29P) AppleWebKit/537.36 (KHTML, like Gecko) Chrome/41.0.2272.96 Mobile Safari/537.36 (compatible; Googlebot/2.1; +http://www.google.com/bot.html)" 
66.249.66.47 - - [16/Mar/2020:03:34:27 -0700] "GET /wp-content/uploads/2019/04/hand-300x300.png HTTP/1.1" 304 3573 "-" "Googlebot-Image/1.0" 
103.3.46.92 - - [16/Mar/2020:03:34:49 -0700] "GET /wp-login.php HTTP/1.1" 200 4830 "-" "Mozilla/5.0 (X11; Ubuntu; Linux x86_64; rv:62.0) Gecko/20100101 Firefox/62.0" 
103.3.46.92 - - [16/Mar/2020:03:34:51 -0700] "POST /wp-login.php HTTP/1.1" 200 5223 "-" "Mozilla/5.0 (X11; Ubuntu; Linux x86_64; rv:62.0) Gecko/20100101 Firefox/62.0" 
103.3.46.92 - - [16/Mar/2020:03:34:52 -0700] "GET /wp-login.php HTTP/1.1" 200 4830 "-" "Mozilla/5.0 (X11; Ubuntu; Linux x86_64; rv:62.0) Gecko/20100101 Firefox/62.0" 
103.3.46.92 - - [16/Mar/2020:03:34:53 -0700] "POST /wp-login.php HTTP/1.1" 200 5201 "-" "Mozilla/5.0 (X11; Ubuntu; Linux x86_64; rv:62.0) Gecko/20100101 Firefox/62.0" 
103.3.46.92 - - [16/Mar/2020:03:34:55 -0700] "POST /xmlrpc.php HTTP/1.1" 200 3697 "-" "Mozilla/5.0 (X11; Ubuntu; Linux x86_64; rv:62.0) Gecko/20100101 Firefox/62.0" 
114.119.167.251 - - [16/Mar/2020:03:36:14 -0700] "GET /category/courses/page/2 HTTP/1.1" 301 4046 "-" "Mozilla/5.0 (Linux; Android 7.0;) AppleWebKit/537.36 (KHTML, like Gecko) Mobile Safari/537.36 (compatible; AspiegelBot)" 
114.119.167.251 - - [16/Mar/2020:03:36:15 -0700] "GET /category/courses/page/2/ HTTP/1.1" 200 11120 "-" "Mozilla/5.0 (Linux; Android 7.0;) AppleWebKit/537.36 (KHTML, like Gecko) Mobile Safari/537.36 (compatible; AspiegelBot)" 
5.188.84.25 - - [16/Mar/2020:03:41:09 -0700] "GET /2013/pasta-madre-day-2013/ HTTP/1.0" 200 32928 "https://www.fornacalia.com/2013/pasta-madre-day-2013/#comment-1801/" "Mozilla/5.0 (Windows NT 10.0; Win64; x64) AppleWebKit/537.36 (KHTML, like Gecko) Chrome/67.0.3396.87 Safari/537.36" 
5.188.84.25 - - [16/Mar/2020:03:41:10 -0700] "POST /wp-comments-post.php HTTP/1.0" 302 4063 "https://www.fornacalia.com/2013/pasta-madre-day-2013/#comment-1801/" "Mozilla/5.0 (Windows NT 10.0; Win64; x64) AppleWebKit/537.36 (KHTML, like Gecko) Chrome/67.0.3396.87 Safari/537.36" 
185.220.101.73 - - [16/Mar/2020:03:42:59 -0700] "POST /xmlrpc.php HTTP/1.1" 200 3678 "https://www.google.com/" "Mozilla/5.0 (Windows NT 10.0; Win64; x64) AppleWebKit/537.36 (KHTML, like Gecko) Chrome/79.0.3945.88 Safari/537.36" 
64.111.100.215 - - [16/Mar/2020:03:42:59 -0700] "POST /wp-cron.php?doing_wp_cron=1584355379.6155359745025634765625 HTTP/1.1" 200 3494 "https://www.fornacalia.com/wp-cron.php?doing_wp_cron=1584355379.6155359745025634765625" "WordPress/5.2.5; https://www.fornacalia.com" 
47.90.188.78 - - [16/Mar/2020:03:46:36 -0700] "GET /wp-login.php HTTP/1.1" 200 4830 "-" "Mozilla/5.0 (X11; Ubuntu; Linux x86_64; rv:62.0) Gecko/20100101 Firefox/62.0" 
47.90.188.78 - - [16/Mar/2020:03:46:36 -0700] "POST /wp-login.php HTTP/1.1" 200 5223 "-" "Mozilla/5.0 (X11; Ubuntu; Linux x86_64; rv:62.0) Gecko/20100101 Firefox/62.0" 
47.90.188.78 - - [16/Mar/2020:03:46:36 -0700] "GET /wp-login.php HTTP/1.1" 200 4830 "-" "Mozilla/5.0 (X11; Ubuntu; Linux x86_64; rv:62.0) Gecko/20100101 Firefox/62.0" 
47.90.188.78 - - [16/Mar/2020:03:46:36 -0700] "POST /wp-login.php HTTP/1.1" 200 5201 "-" "Mozilla/5.0 (X11; Ubuntu; Linux x86_64; rv:62.0) Gecko/20100101 Firefox/62.0" 
47.90.188.78 - - [16/Mar/2020:03:46:36 -0700] "POST /xmlrpc.php HTTP/1.1" 200 3697 "-" "Mozilla/5.0 (X11; Ubuntu; Linux x86_64; rv:62.0) Gecko/20100101 Firefox/62.0" 
5.188.84.45 - - [16/Mar/2020:03:47:52 -0700] "GET /2013/pasta-madre-day-2013/ HTTP/1.0" 200 32928 "https://www.fornacalia.com/2013/pasta-madre-day-2013/#comment-1801/" "Mozilla/5.0 (Windows NT 6.3; Win64; x64) AppleWebKit/537.36 (KHTML, like Gecko) Chrome/65.0.3325.146 Safari/537.36" 
5.188.84.45 - - [16/Mar/2020:03:47:53 -0700] "POST /wp-comments-post.php HTTP/1.0" 302 4063 "https://www.fornacalia.com/2013/pasta-madre-day-2013/#comment-1801/" "Mozilla/5.0 (Windows NT 6.3; Win64; x64) AppleWebKit/537.36 (KHTML, like Gecko) Chrome/65.0.3325.146 Safari/537.36" 
5.188.84.233 - - [16/Mar/2020:03:51:21 -0700] "GET /2013/pasta-madre-day-2013/ HTTP/1.0" 200 32928 "https://www.fornacalia.com/2013/pasta-madre-day-2013/#comment-1801/" "Mozilla/5.0 (Windows NT 6.1; Win64; x64) AppleWebKit/537.36 (KHTML, like Gecko) Chrome/67.0.3396.87 Safari/537.36 OPR/54.0.2952.71" 
5.188.84.233 - - [16/Mar/2020:03:51:22 -0700] "POST /wp-comments-post.php HTTP/1.0" 302 4063 "https://www.fornacalia.com/2013/pasta-madre-day-2013/#comment-1801/" "Mozilla/5.0 (Windows NT 6.1; Win64; x64) AppleWebKit/537.36 (KHTML, like Gecko) Chrome/67.0.3396.87 Safari/537.36 OPR/54.0.2952.71" 
54.36.148.15 - - [16/Mar/2020:03:55:56 -0700] "GET /wp-content/uploads/2015/09/baked.png HTTP/1.1" 404 9732 "-" "Mozilla/5.0 (compatible; AhrefsBot/6.1; +http://ahrefs.com/robot/)" 
142.93.119.123 - - [16/Mar/2020:03:57:28 -0700] "GET /wp-login.php HTTP/1.1" 200 4811 "-" "Mozilla/5.0 (Windows NT 6.1) AppleWebKit/537.36 (KHTML, like Gecko) Chrome/63.0.3239.84 Safari/537.36" 
142.93.119.123 - - [16/Mar/2020:03:57:28 -0700] "POST /wp-login.php HTTP/1.1" 200 2128 "-" "Mozilla/5.0 (Windows NT 6.1) AppleWebKit/537.36 (KHTML, like Gecko) Chrome/63.0.3239.84 Safari/537.36" 
149.56.20.226 - - [16/Mar/2020:03:58:25 -0700] "GET /wp-login.php HTTP/1.1" 200 4830 "-" "Mozilla/5.0 (X11; Ubuntu; Linux x86_64; rv:62.0) Gecko/20100101 Firefox/62.0" 
149.56.20.226 - - [16/Mar/2020:03:58:26 -0700] "POST /wp-login.php HTTP/1.1" 200 5223 "-" "Mozilla/5.0 (X11; Ubuntu; Linux x86_64; rv:62.0) Gecko/20100101 Firefox/62.0" 
149.56.20.226 - - [16/Mar/2020:03:58:26 -0700] "GET /wp-login.php HTTP/1.1" 200 4830 "-" "Mozilla/5.0 (X11; Ubuntu; Linux x86_64; rv:62.0) Gecko/20100101 Firefox/62.0" 
149.56.20.226 - - [16/Mar/2020:03:58:26 -0700] "POST /wp-login.php HTTP/1.1" 200 5201 "-" "Mozilla/5.0 (X11; Ubuntu; Linux x86_64; rv:62.0) Gecko/20100101 Firefox/62.0" 
149.56.20.226 - - [16/Mar/2020:03:58:26 -0700] "POST /xmlrpc.php HTTP/1.1" 200 3697 "-" "Mozilla/5.0 (X11; Ubuntu; Linux x86_64; rv:62.0) Gecko/20100101 Firefox/62.0" 
5.188.84.220 - - [16/Mar/2020:03:58:32 -0700] "GET /2013/pasta-madre-day-2013/ HTTP/1.0" 200 32928 "https://www.fornacalia.com/2013/pasta-madre-day-2013/#comment-1801/" "Mozilla/5.0 (Windows NT 6.1) AppleWebKit/537.36 (KHTML, like Gecko) Chrome/67.0.3396.99 Safari/537.36" 
5.188.84.220 - - [16/Mar/2020:03:58:33 -0700] "POST /wp-comments-post.php HTTP/1.0" 302 4063 "https://www.fornacalia.com/2013/pasta-madre-day-2013/#comment-1801/" "Mozilla/5.0 (Windows NT 6.1) AppleWebKit/537.36 (KHTML, like Gecko) Chrome/67.0.3396.99 Safari/537.36" 
207.46.13.58 - - [16/Mar/2020:03:58:34 -0700] "GET /?p=5363 HTTP/1.1" 404 9983 "-" "Mozilla/5.0 (compatible; bingbot/2.0; +http://www.bing.com/bingbot.htm)" 
5.188.84.25 - - [16/Mar/2020:04:00:09 -0700] "GET /2013/pasta-madre-day-2013/ HTTP/1.0" 200 32928 "https://www.fornacalia.com/2013/pasta-madre-day-2013/#comment-1801/" "Mozilla/5.0 (Windows NT 6.3; Win64; x64) AppleWebKit/537.36 (KHTML, like Gecko) Chrome/66.0.3359.181 Safari/537.36" 
5.188.84.25 - - [16/Mar/2020:04:00:10 -0700] "POST /wp-comments-post.php HTTP/1.0" 302 4063 "https://www.fornacalia.com/2013/pasta-madre-day-2013/#comment-1801/" "Mozilla/5.0 (Windows NT 6.3; Win64; x64) AppleWebKit/537.36 (KHTML, like Gecko) Chrome/66.0.3359.181 Safari/537.36" 
5.188.84.80 - - [16/Mar/2020:04:03:19 -0700] "GET /2013/pasta-madre-day-2013/ HTTP/1.0" 200 32928 "https://www.fornacalia.com/2013/pasta-madre-day-2013/#comment-1801/" "Mozilla/5.0 (Windows NT 10.0; Win64; x64) AppleWebKit/537.36 (KHTML, like Gecko) Chrome/67.0.3396.87 Safari/537.36 OPR/54.0.2952.71" 
5.188.84.80 - - [16/Mar/2020:04:03:20 -0700] "POST /wp-comments-post.php HTTP/1.0" 302 4063 "https://www.fornacalia.com/2013/pasta-madre-day-2013/#comment-1801/" "Mozilla/5.0 (Windows NT 10.0; Win64; x64) AppleWebKit/537.36 (KHTML, like Gecko) Chrome/67.0.3396.87 Safari/537.36 OPR/54.0.2952.71" 
5.188.84.15 - - [16/Mar/2020:04:06:01 -0700] "GET /2013/pasta-madre-day-2013/ HTTP/1.0" 200 32928 "https://www.fornacalia.com/2013/pasta-madre-day-2013/#comment-1801/" "Mozilla/5.0 (Windows NT 10.0; Win64; x64) AppleWebKit/537.36 (KHTML, like Gecko) Chrome/67.0.3396.87 Safari/537.36 OPR/54.0.2952.51" 
