5.188.84.35 - - [18/Mar/2020:06:45:31 -0700] "GET /2013/pasta-madre-day-2013/ HTTP/1.0" 200 32928 "https://www.fornacalia.com/2013/pasta-madre-day-2013/#comment-1801/" "Mozilla/5.0 (Windows NT 10.0; Win64; x64) AppleWebKit/537.36 (KHTML, like Gecko) Chrome/66.0.3359.181 Safari/537.36" 
5.188.84.35 - - [18/Mar/2020:06:45:32 -0700] "POST /wp-comments-post.php HTTP/1.0" 302 4063 "https://www.fornacalia.com/2013/pasta-madre-day-2013/#comment-1801/" "Mozilla/5.0 (Windows NT 10.0; Win64; x64) AppleWebKit/537.36 (KHTML, like Gecko) Chrome/66.0.3359.181 Safari/537.36" 
54.36.150.76 - - [18/Mar/2020:06:51:52 -0700] "GET /feed/?attachment_id=4675 HTTP/1.1" 200 4653 "-" "Mozilla/5.0 (compatible; AhrefsBot/6.1; +http://ahrefs.com/robot/)" 
5.188.84.45 - - [18/Mar/2020:06:53:11 -0700] "GET /2013/pasta-madre-day-2013/ HTTP/1.0" 200 32928 "https://www.fornacalia.com/2013/pasta-madre-day-2013/#comment-1801/" "Mozilla/5.0 (Windows NT 6.1; Win64; x64) AppleWebKit/537.36 (KHTML, like Gecko) Chrome/66.0.3359.170 Safari/537.36 OPR/53.0.2907.68" 
5.188.84.45 - - [18/Mar/2020:06:53:12 -0700] "POST /wp-comments-post.php HTTP/1.0" 302 4063 "https://www.fornacalia.com/2013/pasta-madre-day-2013/#comment-1801/" "Mozilla/5.0 (Windows NT 6.1; Win64; x64) AppleWebKit/537.36 (KHTML, like Gecko) Chrome/66.0.3359.170 Safari/537.36 OPR/53.0.2907.68" 
5.188.84.15 - - [18/Mar/2020:06:53:39 -0700] "GET /2013/pasta-madre-day-2013/ HTTP/1.0" 200 32928 "https://www.fornacalia.com/2013/pasta-madre-day-2013/#comment-1801/" "Mozilla/5.0 (Windows NT 6.3; Win64; x64) AppleWebKit/537.36 (KHTML, like Gecko) Chrome/67.0.3396.87 Safari/537.36" 
5.188.84.15 - - [18/Mar/2020:06:53:41 -0700] "POST /wp-comments-post.php HTTP/1.0" 302 4063 "https://www.fornacalia.com/2013/pasta-madre-day-2013/#comment-1801/" "Mozilla/5.0 (Windows NT 6.3; Win64; x64) AppleWebKit/537.36 (KHTML, like Gecko) Chrome/67.0.3396.87 Safari/537.36" 
207.46.13.5 - - [18/Mar/2020:06:57:26 -0700] "GET /2012/basil-and-bread/ HTTP/1.1" 200 11691 "-" "Mozilla/5.0 (compatible; bingbot/2.0; +http://www.bing.com/bingbot.htm)" 
157.55.39.77 - - [18/Mar/2020:06:57:30 -0700] "GET /2017/my-goto-wholemeal/ HTTP/1.1" 200 12682 "-" "Mozilla/5.0 (compatible; bingbot/2.0; +http://www.bing.com/bingbot.htm)" 
157.245.142.119 - - [18/Mar/2020:06:59:58 -0700] "GET /wp-login.php HTTP/1.1" 200 4811 "-" "Mozilla/5.0 (Windows NT 6.1) AppleWebKit/537.36 (KHTML, like Gecko) Chrome/63.0.3239.84 Safari/537.36" 
157.245.142.119 - - [18/Mar/2020:06:59:58 -0700] "POST /wp-login.php HTTP/1.1" 200 2128 "-" "Mozilla/5.0 (Windows NT 6.1) AppleWebKit/537.36 (KHTML, like Gecko) Chrome/63.0.3239.84 Safari/537.36" 
114.119.165.86 - - [18/Mar/2020:07:00:59 -0700] "GET /2017/workshops-in-washington-dc/ HTTP/1.1" 200 12310 "-" "Mozilla/5.0 (Linux; Android 7.0;) AppleWebKit/537.36 (KHTML, like Gecko) Mobile Safari/537.36 (compatible; AspiegelBot)" 
54.36.150.81 - - [18/Mar/2020:07:03:22 -0700] "GET /wp-content/uploads/2017/12/dough.png HTTP/1.1" 200 93596 "-" "Mozilla/5.0 (compatible; AhrefsBot/6.1; +http://ahrefs.com/robot/)" 
114.43.88.184 - - [18/Mar/2020:07:12:44 -0700] "GET /2020/sourdough-revival/ HTTP/1.1" 200 13405 "https://stream.jeremycherfas.net/tag/Sourdough" "Mozilla/5.0 (Windows NT 6.2; WOW64; Trident/7.0; rv:11.0) like Gecko" 
5.188.84.65 - - [18/Mar/2020:07:17:06 -0700] "GET /2013/pasta-madre-day-2013/ HTTP/1.0" 200 32928 "https://www.fornacalia.com/2013/pasta-madre-day-2013/#comment-1801/" "Mozilla/5.0 (Windows NT 6.1) AppleWebKit/537.36 (KHTML, like Gecko) Chrome/66.0.3359.181 Safari/537.36" 
5.188.84.65 - - [18/Mar/2020:07:17:07 -0700] "POST /wp-comments-post.php HTTP/1.0" 302 4063 "https://www.fornacalia.com/2013/pasta-madre-day-2013/#comment-1801/" "Mozilla/5.0 (Windows NT 6.1) AppleWebKit/537.36 (KHTML, like Gecko) Chrome/66.0.3359.181 Safari/537.36" 
5.188.84.35 - - [18/Mar/2020:07:17:34 -0700] "GET /2013/pasta-madre-day-2013/ HTTP/1.0" 200 32928 "https://www.fornacalia.com/2013/pasta-madre-day-2013/#comment-1801/" "Mozilla/5.0 (Windows NT 10.0; Win64; x64) AppleWebKit/537.36 (KHTML, like Gecko) Chrome/64.0.3282.140 Safari/537.36 Edge/17.17134" 
64.111.100.215 - - [18/Mar/2020:07:17:34 -0700] "POST /wp-cron.php?doing_wp_cron=1584541054.1963040828704833984375 HTTP/1.1" 200 3494 "https://www.fornacalia.com/wp-cron.php?doing_wp_cron=1584541054.1963040828704833984375" "WordPress/5.2.5; https://www.fornacalia.com" 
5.188.84.35 - - [18/Mar/2020:07:17:36 -0700] "POST /wp-comments-post.php HTTP/1.0" 302 4063 "https://www.fornacalia.com/2013/pasta-madre-day-2013/#comment-1801/" "Mozilla/5.0 (Windows NT 10.0; Win64; x64) AppleWebKit/537.36 (KHTML, like Gecko) Chrome/64.0.3282.140 Safari/537.36 Edge/17.17134" 
5.188.84.233 - - [18/Mar/2020:07:26:30 -0700] "GET /2013/pasta-madre-day-2013/ HTTP/1.0" 200 32928 "https://www.fornacalia.com/2013/pasta-madre-day-2013/#comment-1801/" "Mozilla/5.0 (Windows NT 6.1; Win64; x64) AppleWebKit/537.36 (KHTML, like Gecko) Chrome/68.0.3440.84 Safari/537.36" 
5.188.84.233 - - [18/Mar/2020:07:26:32 -0700] "POST /wp-comments-post.php HTTP/1.0" 302 4063 "https://www.fornacalia.com/2013/pasta-madre-day-2013/#comment-1801/" "Mozilla/5.0 (Windows NT 6.1; Win64; x64) AppleWebKit/537.36 (KHTML, like Gecko) Chrome/68.0.3440.84 Safari/537.36" 
77.75.77.54 - - [18/Mar/2020:07:28:54 -0700] "GET /robots.txt HTTP/1.1" 200 4297 "-" "Mozilla/5.0 (compatible; SeznamBot/3.2; +http://napoveda.seznam.cz/en/seznambot-intro/)" 
77.75.77.54 - - [18/Mar/2020:07:28:56 -0700] "GET /rolled-2/ HTTP/1.1" 200 10387 "-" "Mozilla/5.0 (compatible; SeznamBot/3.2; +http://napoveda.seznam.cz/en/seznambot-intro/)" 
173.213.88.41 - - [18/Mar/2020:07:29:28 -0700] "GET /2019/first-course-in-rome/ HTTP/1.0" 200 29583 "https://www.fornacalia.com/2019/first-course-in-rome/" "Mozilla/5.0 (Windows NT 6.1; Win64; x64) AppleWebKit/537.36 (KHTML, like Gecko) Chrome/66.0.3359.170 Safari/537.36 OPR/53.0.2907.99" 
173.213.88.41 - - [18/Mar/2020:07:29:28 -0700] "POST /wp-comments-post.php HTTP/1.0" 302 4063 "https://www.fornacalia.com/2019/first-course-in-rome/" "Mozilla/5.0 (Windows NT 6.1; Win64; x64) AppleWebKit/537.36 (KHTML, like Gecko) Chrome/66.0.3359.170 Safari/537.36 OPR/53.0.2907.99" 
173.213.88.41 - - [18/Mar/2020:07:29:28 -0700] "GET /2019/first-course-in-rome/ HTTP/1.0" 200 29583 "https://www.fornacalia.com/2019/first-course-in-rome/#comment-30473" "Mozilla/5.0 (Windows NT 6.1; Win64; x64) AppleWebKit/537.36 (KHTML, like Gecko) Chrome/66.0.3359.170 Safari/537.36 OPR/53.0.2907.99" 
40.77.167.56 - - [18/Mar/2020:07:43:07 -0700] "GET /2019/sourdough-u-one-day-course-17-november-2019/ HTTP/1.1" 200 12751 "-" "Mozilla/5.0 (compatible; bingbot/2.0; +http://www.bing.com/bingbot.htm)" 
64.111.100.215 - - [18/Mar/2020:07:43:08 -0700] "POST /wp-cron.php?doing_wp_cron=1584542588.0801699161529541015625 HTTP/1.1" 200 3494 "https://www.fornacalia.com/wp-cron.php?doing_wp_cron=1584542588.0801699161529541015625" "WordPress/5.2.5; https://www.fornacalia.com" 
5.188.84.233 - - [18/Mar/2020:07:45:56 -0700] "GET /2013/pasta-madre-day-2013/ HTTP/1.0" 200 32928 "https://www.fornacalia.com/2013/pasta-madre-day-2013/#comment-1801/" "Mozilla/5.0 (Windows NT 6.1; Win64; x64) AppleWebKit/537.36 (KHTML, like Gecko) Chrome/66.0.3359.170 Safari/537.36 OPR/53.0.2907.99" 
5.188.84.233 - - [18/Mar/2020:07:45:57 -0700] "POST /wp-comments-post.php HTTP/1.0" 302 4063 "https://www.fornacalia.com/2013/pasta-madre-day-2013/#comment-1801/" "Mozilla/5.0 (Windows NT 6.1; Win64; x64) AppleWebKit/537.36 (KHTML, like Gecko) Chrome/66.0.3359.170 Safari/537.36 OPR/53.0.2907.99" 
114.119.165.219 - - [18/Mar/2020:07:48:48 -0700] "GET /robots.txt HTTP/1.1" 200 4060 "-" "Mozilla/5.0 (Linux; Android 7.0;) AppleWebKit/537.36 (KHTML, like Gecko) Mobile Safari/537.36 (compatible; AspiegelBot)" 
5.188.84.80 - - [18/Mar/2020:07:52:52 -0700] "GET /2013/pasta-madre-day-2013/ HTTP/1.0" 200 32928 "https://www.fornacalia.com/2013/pasta-madre-day-2013/#comment-1801/" "Mozilla/5.0 (Windows NT 6.1; Win64; x64) AppleWebKit/537.36 (KHTML, like Gecko) Chrome/66.0.3359.170 Safari/537.36 OPR/53.0.2907.106" 
5.188.84.80 - - [18/Mar/2020:07:52:54 -0700] "POST /wp-comments-post.php HTTP/1.0" 302 4063 "https://www.fornacalia.com/2013/pasta-madre-day-2013/#comment-1801/" "Mozilla/5.0 (Windows NT 6.1; Win64; x64) AppleWebKit/537.36 (KHTML, like Gecko) Chrome/66.0.3359.170 Safari/537.36 OPR/53.0.2907.106" 
114.119.166.39 - - [18/Mar/2020:07:53:52 -0700] "GET /page/6 HTTP/1.1" 301 4029 "-" "Mozilla/5.0 (Linux; Android 7.0;) AppleWebKit/537.36 (KHTML, like Gecko) Mobile Safari/537.36 (compatible; AspiegelBot)" 
114.119.166.39 - - [18/Mar/2020:07:53:53 -0700] "GET /page/6/ HTTP/1.1" 200 11271 "-" "Mozilla/5.0 (Linux; Android 7.0;) AppleWebKit/537.36 (KHTML, like Gecko) Mobile Safari/537.36 (compatible; AspiegelBot)" 
114.119.167.55 - - [18/Mar/2020:07:58:53 -0700] "GET /author/jeremy HTTP/1.1" 301 4036 "-" "Mozilla/5.0 (Linux; Android 7.0;) AppleWebKit/537.36 (KHTML, like Gecko) Mobile Safari/537.36 (compatible; AspiegelBot)" 
114.119.167.55 - - [18/Mar/2020:07:58:54 -0700] "GET /author/jeremy/ HTTP/1.1" 200 17167 "-" "Mozilla/5.0 (Linux; Android 7.0;) AppleWebKit/537.36 (KHTML, like Gecko) Mobile Safari/537.36 (compatible; AspiegelBot)" 
5.188.84.25 - - [18/Mar/2020:08:04:58 -0700] "GET /2013/pasta-madre-day-2013/ HTTP/1.0" 200 32928 "https://www.fornacalia.com/2013/pasta-madre-day-2013/#comment-1801/" "Mozilla/5.0 (Windows NT 6.1; Win64; x64) AppleWebKit/537.36 (KHTML, like Gecko) Chrome/67.0.3396.87 Safari/537.36 OPR/54.0.2952.54" 
5.188.84.25 - - [18/Mar/2020:08:05:00 -0700] "POST /wp-comments-post.php HTTP/1.0" 302 4063 "https://www.fornacalia.com/2013/pasta-madre-day-2013/#comment-1801/" "Mozilla/5.0 (Windows NT 6.1; Win64; x64) AppleWebKit/537.36 (KHTML, like Gecko) Chrome/67.0.3396.87 Safari/537.36 OPR/54.0.2952.54" 
209.17.97.42 - - [18/Mar/2020:08:05:43 -0700] "GET / HTTP/1.1" 200 53909 "-" "Mozilla/5.0 (compatible; Nimbostratus-Bot/v1.3.2; http://cloudsystemnetworks.com)" 
5.188.84.80 - - [18/Mar/2020:08:06:42 -0700] "GET /2013/pasta-madre-day-2013/ HTTP/1.0" 200 32928 "https://www.fornacalia.com/2013/pasta-madre-day-2013/#comment-1801/" "Mozilla/5.0 (Windows NT 6.1; Win64; x64) AppleWebKit/537.36 (KHTML, like Gecko) Chrome/66.0.3359.170 Safari/537.36 OPR/53.0.2907.68" 
5.188.84.80 - - [18/Mar/2020:08:06:44 -0700] "POST /wp-comments-post.php HTTP/1.0" 302 4063 "https://www.fornacalia.com/2013/pasta-madre-day-2013/#comment-1801/" "Mozilla/5.0 (Windows NT 6.1; Win64; x64) AppleWebKit/537.36 (KHTML, like Gecko) Chrome/66.0.3359.170 Safari/537.36 OPR/53.0.2907.68" 
54.36.150.100 - - [18/Mar/2020:08:07:26 -0700] "GET /2013/dan-lepards-walnut-bread/feed/ HTTP/1.1" 200 4663 "-" "Mozilla/5.0 (compatible; AhrefsBot/6.1; +http://ahrefs.com/robot/)" 
54.36.150.144 - - [18/Mar/2020:08:10:31 -0700] "GET /feed/?attachment_id=5287 HTTP/1.1" 200 4604 "-" "Mozilla/5.0 (compatible; AhrefsBot/6.1; +http://ahrefs.com/robot/)" 
5.188.84.220 - - [18/Mar/2020:08:10:35 -0700] "GET /2013/pasta-madre-day-2013/ HTTP/1.0" 200 32928 "https://www.fornacalia.com/2013/pasta-madre-day-2013/#comment-1801/" "Mozilla/5.0 (Windows NT 6.1; Win64; x64) AppleWebKit/537.36 (KHTML, like Gecko) Chrome/66.0.3359.170 Safari/537.36 OPR/53.0.2907.106" 
5.188.84.220 - - [18/Mar/2020:08:10:36 -0700] "POST /wp-comments-post.php HTTP/1.0" 302 4063 "https://www.fornacalia.com/2013/pasta-madre-day-2013/#comment-1801/" "Mozilla/5.0 (Windows NT 6.1; Win64; x64) AppleWebKit/537.36 (KHTML, like Gecko) Chrome/66.0.3359.170 Safari/537.36 OPR/53.0.2907.106" 
157.55.39.77 - - [18/Mar/2020:08:14:00 -0700] "GET /2014/watch-an-expert-makes-croissants-and-more/ HTTP/1.1" 200 11341 "-" "Mozilla/5.0 (compatible; bingbot/2.0; +http://www.bing.com/bingbot.htm)" 
207.46.13.5 - - [18/Mar/2020:08:15:38 -0700] "GET /2004/it-is-risen-again/ HTTP/1.1" 200 11409 "-" "Mozilla/5.0 (compatible; bingbot/2.0; +http://www.bing.com/bingbot.htm)" 
157.55.39.77 - - [18/Mar/2020:08:18:21 -0700] "GET /2019/learn-to-bake-sourdough-bread-in-rome/ HTTP/1.1" 200 14239 "-" "Mozilla/5.0 (compatible; bingbot/2.0; +http://www.bing.com/bingbot.htm)" 
5.188.84.15 - - [18/Mar/2020:08:19:29 -0700] "GET /2013/pasta-madre-day-2013/ HTTP/1.0" 200 32928 "https://www.fornacalia.com/2013/pasta-madre-day-2013/#comment-1801/" "Mozilla/5.0 (Windows NT 10.0; Win64; x64) AppleWebKit/537.36 (KHTML, like Gecko) Chrome/66.0.3359.170 Safari/537.36 OPR/53.0.2907.68" 
5.188.84.15 - - [18/Mar/2020:08:19:30 -0700] "POST /wp-comments-post.php HTTP/1.0" 302 4063 "https://www.fornacalia.com/2013/pasta-madre-day-2013/#comment-1801/" "Mozilla/5.0 (Windows NT 10.0; Win64; x64) AppleWebKit/537.36 (KHTML, like Gecko) Chrome/66.0.3359.170 Safari/537.36 OPR/53.0.2907.68" 
5.188.84.25 - - [18/Mar/2020:08:19:49 -0700] "GET /2013/pasta-madre-day-2013/ HTTP/1.0" 200 32928 "https://www.fornacalia.com/2013/pasta-madre-day-2013/#comment-1801/" "Mozilla/5.0 (Windows NT 6.1) AppleWebKit/537.36 (KHTML, like Gecko) Chrome/67.0.3396.87 Safari/537.36" 
5.188.84.25 - - [18/Mar/2020:08:19:50 -0700] "POST /wp-comments-post.php HTTP/1.0" 302 4063 "https://www.fornacalia.com/2013/pasta-madre-day-2013/#comment-1801/" "Mozilla/5.0 (Windows NT 6.1) AppleWebKit/537.36 (KHTML, like Gecko) Chrome/67.0.3396.87 Safari/537.36" 
5.188.84.220 - - [18/Mar/2020:08:21:02 -0700] "GET /2013/pasta-madre-day-2013/ HTTP/1.0" 200 32928 "https://www.fornacalia.com/2013/pasta-madre-day-2013/#comment-1801/" "Mozilla/5.0 (Windows NT 10.0; Win64; x64) AppleWebKit/537.36 (KHTML, like Gecko) Chrome/67.0.3396.87 Safari/537.36 OPR/54.0.2952.54" 
5.188.84.220 - - [18/Mar/2020:08:21:03 -0700] "POST /wp-comments-post.php HTTP/1.0" 302 4063 "https://www.fornacalia.com/2013/pasta-madre-day-2013/#comment-1801/" "Mozilla/5.0 (Windows NT 10.0; Win64; x64) AppleWebKit/537.36 (KHTML, like Gecko) Chrome/67.0.3396.87 Safari/537.36 OPR/54.0.2952.54" 
114.119.167.55 - - [18/Mar/2020:08:22:27 -0700] "GET /2019/respect-to-respectus-panis HTTP/1.1" 301 4105 "-" "Mozilla/5.0 (Linux; Android 7.0;) AppleWebKit/537.36 (KHTML, like Gecko) Mobile Safari/537.36 (compatible; AspiegelBot)" 
114.119.167.55 - - [18/Mar/2020:08:22:28 -0700] "GET /2019/respect-to-respectus-panis/ HTTP/1.1" 200 13087 "-" "Mozilla/5.0 (Linux; Android 7.0;) AppleWebKit/537.36 (KHTML, like Gecko) Mobile Safari/537.36 (compatible; AspiegelBot)" 
54.36.150.52 - - [18/Mar/2020:08:23:08 -0700] "GET /feed/?attachment_id=4685 HTTP/1.1" 200 4636 "-" "Mozilla/5.0 (compatible; AhrefsBot/6.1; +http://ahrefs.com/robot/)" 
207.46.13.5 - - [18/Mar/2020:08:23:57 -0700] "GET /2016/sultanas-and-pine-nuts-again/ HTTP/1.1" 200 12592 "-" "Mozilla/5.0 (compatible; bingbot/2.0; +http://www.bing.com/bingbot.htm)" 
77.75.79.119 - - [18/Mar/2020:08:31:04 -0700] "GET /robots.txt HTTP/1.1" 200 4297 "-" "Mozilla/5.0 (compatible; SeznamBot/3.2; +http://napoveda.seznam.cz/en/seznambot-intro/)" 
77.75.79.119 - - [18/Mar/2020:08:31:07 -0700] "GET /wp-content/uploads/2019/11/first-build-1024x1024.png HTTP/1.1" 304 3579 "-" "Mozilla/5.0 (compatible; SeznamBot/3.2; +http://napoveda.seznam.cz/en/seznambot-intro/)" 
5.188.84.65 - - [18/Mar/2020:08:31:10 -0700] "GET /2013/pasta-madre-day-2013/ HTTP/1.0" 200 32928 "https://www.fornacalia.com/2013/pasta-madre-day-2013/#comment-1801/" "Mozilla/5.0 (Windows NT 10.0; Win64; x64) AppleWebKit/537.36 (KHTML, like Gecko) Chrome/67.0.3396.79 Safari/537.36" 
5.188.84.65 - - [18/Mar/2020:08:31:11 -0700] "POST /wp-comments-post.php HTTP/1.0" 302 4063 "https://www.fornacalia.com/2013/pasta-madre-day-2013/#comment-1801/" "Mozilla/5.0 (Windows NT 10.0; Win64; x64) AppleWebKit/537.36 (KHTML, like Gecko) Chrome/67.0.3396.79 Safari/537.36" 
5.188.84.35 - - [18/Mar/2020:08:35:26 -0700] "GET /2013/pasta-madre-day-2013/ HTTP/1.0" 200 32928 "https://www.fornacalia.com/2013/pasta-madre-day-2013/#comment-1801/" "Mozilla/5.0 (Windows NT 10.0; Win64; x64) AppleWebKit/537.36 (KHTML, like Gecko) Chrome/67.0.3396.62 Safari/537.36" 
5.188.84.45 - - [18/Mar/2020:08:35:27 -0700] "GET /2013/pasta-madre-day-2013/ HTTP/1.0" 200 32928 "https://www.fornacalia.com/2013/pasta-madre-day-2013/#comment-1801/" "Mozilla/5.0 (Windows NT 6.2; Win64; x64) AppleWebKit/537.36 (KHTML, like Gecko) Chrome/68.0.3440.106 Safari/537.36" 
5.188.84.35 - - [18/Mar/2020:08:35:27 -0700] "POST /wp-comments-post.php HTTP/1.0" 302 4063 "https://www.fornacalia.com/2013/pasta-madre-day-2013/#comment-1801/" "Mozilla/5.0 (Windows NT 10.0; Win64; x64) AppleWebKit/537.36 (KHTML, like Gecko) Chrome/67.0.3396.62 Safari/537.36" 
5.188.84.45 - - [18/Mar/2020:08:35:28 -0700] "POST /wp-comments-post.php HTTP/1.0" 302 4063 "https://www.fornacalia.com/2013/pasta-madre-day-2013/#comment-1801/" "Mozilla/5.0 (Windows NT 6.2; Win64; x64) AppleWebKit/537.36 (KHTML, like Gecko) Chrome/68.0.3440.106 Safari/537.36" 
5.188.84.15 - - [18/Mar/2020:08:41:59 -0700] "GET /2013/pasta-madre-day-2013/ HTTP/1.0" 200 32928 "https://www.fornacalia.com/2013/pasta-madre-day-2013/#comment-1801/" "Mozilla/5.0 (Windows NT 6.1; Win64; x64) AppleWebKit/537.36 (KHTML, like Gecko) Chrome/67.0.3396.87 Safari/537.36 OPR/54.0.2952.64" 
64.111.100.215 - - [18/Mar/2020:08:42:00 -0700] "POST /wp-cron.php?doing_wp_cron=1584546119.9489350318908691406250 HTTP/1.1" 200 3494 "https://www.fornacalia.com/wp-cron.php?doing_wp_cron=1584546119.9489350318908691406250" "WordPress/5.2.5; https://www.fornacalia.com" 
5.188.84.15 - - [18/Mar/2020:08:42:01 -0700] "POST /wp-comments-post.php HTTP/1.0" 302 4063 "https://www.fornacalia.com/2013/pasta-madre-day-2013/#comment-1801/" "Mozilla/5.0 (Windows NT 6.1; Win64; x64) AppleWebKit/537.36 (KHTML, like Gecko) Chrome/67.0.3396.87 Safari/537.36 OPR/54.0.2952.64" 
5.188.84.45 - - [18/Mar/2020:08:45:09 -0700] "GET /2013/pasta-madre-day-2013/ HTTP/1.0" 200 32928 "https://www.fornacalia.com/2013/pasta-madre-day-2013/#comment-1801/" "Mozilla/5.0 (Windows NT 6.1) AppleWebKit/537.36 (KHTML, like Gecko) Chrome/67.0.3396.99 Safari/537.36 Kinza/4.8.2" 
5.188.84.45 - - [18/Mar/2020:08:45:10 -0700] "POST /wp-comments-post.php HTTP/1.0" 302 4063 "https://www.fornacalia.com/2013/pasta-madre-day-2013/#comment-1801/" "Mozilla/5.0 (Windows NT 6.1) AppleWebKit/537.36 (KHTML, like Gecko) Chrome/67.0.3396.99 Safari/537.36 Kinza/4.8.2" 
54.36.148.224 - - [18/Mar/2020:08:48:08 -0700] "GET /14-392x300/trackback/ HTTP/1.1" 302 4171 "-" "Mozilla/5.0 (compatible; AhrefsBot/6.1; +http://ahrefs.com/robot/)" 
114.119.160.9 - - [18/Mar/2020:08:51:26 -0700] "GET /2013/100-wholemeal-sourdough HTTP/1.1" 301 4102 "-" "Mozilla/5.0 (Linux; Android 7.0;) AppleWebKit/537.36 (KHTML, like Gecko) Mobile Safari/537.36 (compatible; AspiegelBot)" 
114.119.160.9 - - [18/Mar/2020:08:51:27 -0700] "GET /2013/100-wholemeal-sourdough/ HTTP/1.1" 200 14728 "-" "Mozilla/5.0 (Linux; Android 7.0;) AppleWebKit/537.36 (KHTML, like Gecko) Mobile Safari/537.36 (compatible; AspiegelBot)" 
54.36.150.143 - - [18/Mar/2020:08:53:06 -0700] "GET /baked-2/ HTTP/1.1" 200 10141 "-" "Mozilla/5.0 (compatible; AhrefsBot/6.1; +http://ahrefs.com/robot/)" 
109.161.116.100 - - [18/Mar/2020:09:02:41 -0700] "GET /2013/pasta-madre-day-2013/ HTTP/1.0" 200 32928 "https://www.fornacalia.com/2013/pasta-madre-day-2013/#comment-30488" "Mozilla/5.0 (Windows NT 6.3; Win64; x64) AppleWebKit/537.36 (KHTML, like Gecko) Chrome/66.0.3359.181 Safari/537.36" 
109.161.116.100 - - [18/Mar/2020:09:02:42 -0700] "GET /2013/pasta-madre-day-2013/ HTTP/1.0" 200 32928 "https://www.fornacalia.com/2013/pasta-madre-day-2013/#comment-30488" "Mozilla/5.0 (Windows NT 6.3; Win64; x64) AppleWebKit/537.36 (KHTML, like Gecko) Chrome/66.0.3359.181 Safari/537.36" 
109.161.116.100 - - [18/Mar/2020:09:02:43 -0700] "GET /author/jeremy/ HTTP/1.0" 200 54075 "https://www.fornacalia.com/author/jeremy/" "Mozilla/5.0 (Windows NT 6.3; Win64; x64) AppleWebKit/537.36 (KHTML, like Gecko) Chrome/66.0.3359.181 Safari/537.36" 
114.119.160.9 - - [18/Mar/2020:09:03:02 -0700] "GET /author/jeremy/page/9 HTTP/1.1" 301 4043 "-" "Mozilla/5.0 (Linux; Android 7.0;) AppleWebKit/537.36 (KHTML, like Gecko) Mobile Safari/537.36 (compatible; AspiegelBot)" 
114.119.160.9 - - [18/Mar/2020:09:03:03 -0700] "GET /author/jeremy/page/9/ HTTP/1.1" 200 17813 "-" "Mozilla/5.0 (Linux; Android 7.0;) AppleWebKit/537.36 (KHTML, like Gecko) Mobile Safari/537.36 (compatible; AspiegelBot)" 
5.188.84.35 - - [18/Mar/2020:09:07:19 -0700] "GET /2013/pasta-madre-day-2013/ HTTP/1.0" 200 32928 "https://www.fornacalia.com/2013/pasta-madre-day-2013/#comment-1801/" "Mozilla/5.0 (Windows NT 6.1; Win64; x64) AppleWebKit/537.36 (KHTML, like Gecko) Chrome/67.0.3396.99 Safari/537.36" 
5.188.84.35 - - [18/Mar/2020:09:07:20 -0700] "POST /wp-comments-post.php HTTP/1.0" 302 4063 "https://www.fornacalia.com/2013/pasta-madre-day-2013/#comment-1801/" "Mozilla/5.0 (Windows NT 6.1; Win64; x64) AppleWebKit/537.36 (KHTML, like Gecko) Chrome/67.0.3396.99 Safari/537.36" 
5.188.84.65 - - [18/Mar/2020:09:08:59 -0700] "GET /2013/pasta-madre-day-2013/ HTTP/1.0" 200 32928 "https://www.fornacalia.com/2013/pasta-madre-day-2013/#comment-1801/" "Mozilla/5.0 (Windows NT 6.1; Win64; x64) AppleWebKit/537.36 (KHTML, like Gecko) Chrome/68.0.3440.106 Safari/537.36 OPR/55.0.2994.44" 
5.188.84.65 - - [18/Mar/2020:09:09:00 -0700] "POST /wp-comments-post.php HTTP/1.0" 302 4063 "https://www.fornacalia.com/2013/pasta-madre-day-2013/#comment-1801/" "Mozilla/5.0 (Windows NT 6.1; Win64; x64) AppleWebKit/537.36 (KHTML, like Gecko) Chrome/68.0.3440.106 Safari/537.36 OPR/55.0.2994.44" 
52.41.211.72 - - [18/Mar/2020:09:14:52 -0700] "HEAD / HTTP/1.1" 301 3299 "-" "Go-http-client/1.1" 
5.188.84.233 - - [18/Mar/2020:09:14:54 -0700] "GET /2013/pasta-madre-day-2013/ HTTP/1.0" 200 32928 "https://www.fornacalia.com/2013/pasta-madre-day-2013/#comment-1801/" "Mozilla/5.0 (Windows NT 10.0; Win64; x64) AppleWebKit/537.36 (KHTML, like Gecko) Chrome/66.0.3359.170 Safari/537.36 OPR/53.0.2907.68" 
5.188.84.233 - - [18/Mar/2020:09:14:55 -0700] "POST /wp-comments-post.php HTTP/1.0" 302 4063 "https://www.fornacalia.com/2013/pasta-madre-day-2013/#comment-1801/" "Mozilla/5.0 (Windows NT 10.0; Win64; x64) AppleWebKit/537.36 (KHTML, like Gecko) Chrome/66.0.3359.170 Safari/537.36 OPR/53.0.2907.68" 
77.75.79.109 - - [18/Mar/2020:09:15:29 -0700] "GET /robots.txt HTTP/1.1" 200 4297 "-" "Mozilla/5.0 (compatible; SeznamBot/3.2; +http://napoveda.seznam.cz/en/seznambot-intro/)" 
77.75.79.109 - - [18/Mar/2020:09:15:30 -0700] "GET /dough/ HTTP/1.1" 200 10349 "-" "Mozilla/5.0 (compatible; SeznamBot/3.2; +http://napoveda.seznam.cz/en/seznambot-intro/)" 
157.55.39.77 - - [18/Mar/2020:09:16:21 -0700] "GET /category/crumbs/page/2/ HTTP/1.1" 200 14742 "-" "msnbot/2.0b (+http://search.msn.com/msnbot.htm)" 
138.197.141.124 - - [18/Mar/2020:09:19:57 -0700] "GET /wp-login.php HTTP/1.1" 200 4811 "-" "Mozilla/5.0 (Windows NT 6.1) AppleWebKit/537.36 (KHTML, like Gecko) Chrome/63.0.3239.84 Safari/537.36" 
138.197.141.124 - - [18/Mar/2020:09:19:57 -0700] "POST /wp-login.php HTTP/1.1" 200 2128 "-" "Mozilla/5.0 (Windows NT 6.1) AppleWebKit/537.36 (KHTML, like Gecko) Chrome/63.0.3239.84 Safari/537.36" 
54.36.150.121 - - [18/Mar/2020:09:20:43 -0700] "GET /18/trackback/ HTTP/1.1" 302 4163 "-" "Mozilla/5.0 (compatible; AhrefsBot/6.1; +http://ahrefs.com/robot/)" 
5.188.84.233 - - [18/Mar/2020:09:34:28 -0700] "GET /2013/pasta-madre-day-2013/ HTTP/1.0" 200 32928 "https://www.fornacalia.com/2013/pasta-madre-day-2013/#comment-1801/" "Mozilla/5.0 (Windows NT 10.0; Win64; x64) AppleWebKit/537.36 (KHTML, like Gecko) Chrome/65.0.3325.181 Safari/537.36" 
5.188.84.233 - - [18/Mar/2020:09:34:30 -0700] "POST /wp-comments-post.php HTTP/1.0" 302 4063 "https://www.fornacalia.com/2013/pasta-madre-day-2013/#comment-1801/" "Mozilla/5.0 (Windows NT 10.0; Win64; x64) AppleWebKit/537.36 (KHTML, like Gecko) Chrome/65.0.3325.181 Safari/537.36" 
157.55.39.77 - - [18/Mar/2020:09:37:39 -0700] "GET /2014/fornacalia-revisited/ HTTP/1.1" 200 11319 "-" "Mozilla/5.0 (compatible; bingbot/2.0; +http://www.bing.com/bingbot.htm)" 
5.188.84.80 - - [18/Mar/2020:09:42:54 -0700] "GET /2013/pasta-madre-day-2013/ HTTP/1.0" 200 32928 "https://www.fornacalia.com/2013/pasta-madre-day-2013/#comment-1801/" "Mozilla/5.0 (Windows NT 6.3; Win64; x64) AppleWebKit/537.36 (KHTML, like Gecko) Chrome/66.0.3359.181 Safari/537.36" 
64.111.100.215 - - [18/Mar/2020:09:42:55 -0700] "POST /wp-cron.php?doing_wp_cron=1584549775.1755940914154052734375 HTTP/1.1" 200 3494 "https://www.fornacalia.com/wp-cron.php?doing_wp_cron=1584549775.1755940914154052734375" "WordPress/5.2.5; https://www.fornacalia.com" 
5.188.84.80 - - [18/Mar/2020:09:42:57 -0700] "POST /wp-comments-post.php HTTP/1.0" 302 4063 "https://www.fornacalia.com/2013/pasta-madre-day-2013/#comment-1801/" "Mozilla/5.0 (Windows NT 6.3; Win64; x64) AppleWebKit/537.36 (KHTML, like Gecko) Chrome/66.0.3359.181 Safari/537.36" 
5.188.84.25 - - [18/Mar/2020:09:53:45 -0700] "GET /2013/pasta-madre-day-2013/ HTTP/1.0" 200 32928 "https://www.fornacalia.com/2013/pasta-madre-day-2013/#comment-1801/" "Mozilla/5.0 (Windows NT 10.0; Win64; x64) AppleWebKit/537.36 (KHTML, like Gecko) Chrome/67.0.3396.87 Safari/537.36 OPR/54.0.2952.51" 
5.188.84.25 - - [18/Mar/2020:09:53:47 -0700] "POST /wp-comments-post.php HTTP/1.0" 302 4063 "https://www.fornacalia.com/2013/pasta-madre-day-2013/#comment-1801/" "Mozilla/5.0 (Windows NT 10.0; Win64; x64) AppleWebKit/537.36 (KHTML, like Gecko) Chrome/67.0.3396.87 Safari/537.36 OPR/54.0.2952.51" 
5.188.84.80 - - [18/Mar/2020:09:56:48 -0700] "GET /2013/pasta-madre-day-2013/ HTTP/1.0" 200 32928 "https://www.fornacalia.com/2013/pasta-madre-day-2013/#comment-1801/" "Mozilla/5.0 (Windows NT 10.0) AppleWebKit/537.36 (KHTML, like Gecko) Chrome/67.0.3396.99 Safari/537.36" 
5.188.84.80 - - [18/Mar/2020:09:56:49 -0700] "POST /wp-comments-post.php HTTP/1.0" 302 4063 "https://www.fornacalia.com/2013/pasta-madre-day-2013/#comment-1801/" "Mozilla/5.0 (Windows NT 10.0) AppleWebKit/537.36 (KHTML, like Gecko) Chrome/67.0.3396.99 Safari/537.36" 
5.188.84.220 - - [18/Mar/2020:10:00:50 -0700] "GET /2013/pasta-madre-day-2013/ HTTP/1.0" 200 32928 "https://www.fornacalia.com/2013/pasta-madre-day-2013/#comment-1801/" "Mozilla/5.0 (Windows NT 10.0; Win64; x64) AppleWebKit/537.36 (KHTML, like Gecko) Chrome/67.0.3396.87 Safari/537.36 OPR/54.0.2952.71" 
5.188.84.220 - - [18/Mar/2020:10:00:51 -0700] "POST /wp-comments-post.php HTTP/1.0" 302 4063 "https://www.fornacalia.com/2013/pasta-madre-day-2013/#comment-1801/" "Mozilla/5.0 (Windows NT 10.0; Win64; x64) AppleWebKit/537.36 (KHTML, like Gecko) Chrome/67.0.3396.87 Safari/537.36 OPR/54.0.2952.71" 
77.75.79.36 - - [18/Mar/2020:10:02:37 -0700] "GET /robots.txt HTTP/1.1" 200 4297 "-" "Mozilla/5.0 (compatible; SeznamBot/3.2; +http://napoveda.seznam.cz/en/seznambot-intro/)" 
77.75.79.36 - - [18/Mar/2020:10:02:39 -0700] "GET /2019/learn-to-bake-sourdough-bread-in-rome/ HTTP/1.1" 200 14245 "-" "Mozilla/5.0 (compatible; SeznamBot/3.2; +http://napoveda.seznam.cz/en/seznambot-intro/)" 
54.36.148.35 - - [18/Mar/2020:10:06:57 -0700] "GET /2019/mysterious-ear-problem-partially-solved/ HTTP/1.1" 200 11818 "-" "Mozilla/5.0 (compatible; AhrefsBot/6.1; +http://ahrefs.com/robot/)" 
5.188.84.15 - - [18/Mar/2020:10:07:26 -0700] "GET /2013/pasta-madre-day-2013/ HTTP/1.0" 200 32928 "https://www.fornacalia.com/2013/pasta-madre-day-2013/#comment-1801/" "Mozilla/5.0 (Windows NT 10.0; Win64; x64) AppleWebKit/537.36 (KHTML, like Gecko) Chrome/65.0.3325.181 Safari/537.36" 
5.188.84.15 - - [18/Mar/2020:10:07:28 -0700] "POST /wp-comments-post.php HTTP/1.0" 302 4063 "https://www.fornacalia.com/2013/pasta-madre-day-2013/#comment-1801/" "Mozilla/5.0 (Windows NT 10.0; Win64; x64) AppleWebKit/537.36 (KHTML, like Gecko) Chrome/65.0.3325.181 Safari/537.36" 
5.188.84.25 - - [18/Mar/2020:10:08:51 -0700] "GET /2013/pasta-madre-day-2013/ HTTP/1.0" 200 32928 "https://www.fornacalia.com/2013/pasta-madre-day-2013/#comment-1801/" "Mozilla/5.0 (Windows NT 10.0; Win64; x64) AppleWebKit/537.36 (KHTML, like Gecko) Chrome/66.0.3359.170 Safari/537.36 OPR/53.0.2907.68" 
5.188.84.25 - - [18/Mar/2020:10:08:53 -0700] "POST /wp-comments-post.php HTTP/1.0" 302 4063 "https://www.fornacalia.com/2013/pasta-madre-day-2013/#comment-1801/" "Mozilla/5.0 (Windows NT 10.0; Win64; x64) AppleWebKit/537.36 (KHTML, like Gecko) Chrome/66.0.3359.170 Safari/537.36 OPR/53.0.2907.68" 
5.188.84.220 - - [18/Mar/2020:10:11:26 -0700] "GET /2013/pasta-madre-day-2013/ HTTP/1.0" 200 32928 "https://www.fornacalia.com/2013/pasta-madre-day-2013/#comment-1801/" "Mozilla/5.0 (Windows NT 10.0; Win64; x64) AppleWebKit/537.36 (KHTML, like Gecko) Chrome/68.0.3440.106 Safari/537.36" 
5.188.84.220 - - [18/Mar/2020:10:11:29 -0700] "POST /wp-comments-post.php HTTP/1.0" 302 4063 "https://www.fornacalia.com/2013/pasta-madre-day-2013/#comment-1801/" "Mozilla/5.0 (Windows NT 10.0; Win64; x64) AppleWebKit/537.36 (KHTML, like Gecko) Chrome/68.0.3440.106 Safari/537.36" 
93.107.110.124 - - [18/Mar/2020:10:14:29 -0700] "GET /wp-content/uploads/2019/04/jeremy-with-sign-thumb.png HTTP/1.1" 200 206817 "http://www.fornacalia.com/" "Mozilla/5.0 (Linux; Android 8.1.0; Lenovo TB-8704F) AppleWebKit/537.36 (KHTML, like Gecko) Chrome/80.0.3987.132 Safari/537.36" 
93.107.110.124 - - [18/Mar/2020:10:14:29 -0700] "GET /wp-content/uploads/2020/01/starters-dirty.jpg HTTP/1.1" 200 539175 "http://www.fornacalia.com/" "Mozilla/5.0 (Linux; Android 8.1.0; Lenovo TB-8704F) AppleWebKit/537.36 (KHTML, like Gecko) Chrome/80.0.3987.132 Safari/537.36" 
93.107.110.124 - - [18/Mar/2020:10:14:29 -0700] "GET /wp-content/uploads/2019/04/banneton-768x466.png HTTP/1.1" 200 574073 "http://www.fornacalia.com/" "Mozilla/5.0 (Linux; Android 8.1.0; Lenovo TB-8704F) AppleWebKit/537.36 (KHTML, like Gecko) Chrome/80.0.3987.132 Safari/537.36" 
93.107.110.124 - - [18/Mar/2020:10:14:33 -0700] "GET /wp-content/uploads/2020/01/starter-dirty.jpg HTTP/1.1" 200 434706 "http://www.fornacalia.com/" "Mozilla/5.0 (Linux; Android 8.1.0; Lenovo TB-8704F) AppleWebKit/537.36 (KHTML, like Gecko) Chrome/80.0.3987.132 Safari/537.36" 
93.107.110.124 - - [18/Mar/2020:10:14:28 -0700] "GET /wp-content/uploads/2020/03/starter-workflow-1.png HTTP/1.1" 200 536436 "http://www.fornacalia.com/" "Mozilla/5.0 (Linux; Android 8.1.0; Lenovo TB-8704F) AppleWebKit/537.36 (KHTML, like Gecko) Chrome/80.0.3987.132 Safari/537.36" 
93.107.110.124 - - [18/Mar/2020:10:14:38 -0700] "GET /wp-content/uploads/2020/01/starters-build.jpg HTTP/1.1" 200 283341 "http://www.fornacalia.com/" "Mozilla/5.0 (Linux; Android 8.1.0; Lenovo TB-8704F) AppleWebKit/537.36 (KHTML, like Gecko) Chrome/80.0.3987.132 Safari/537.36" 
93.107.110.124 - - [18/Mar/2020:10:14:39 -0700] "GET /wp-content/uploads/2020/01/second-build.jpg HTTP/1.1" 200 380493 "http://www.fornacalia.com/" "Mozilla/5.0 (Linux; Android 8.1.0; Lenovo TB-8704F) AppleWebKit/537.36 (KHTML, like Gecko) Chrome/80.0.3987.132 Safari/537.36" 
93.107.110.124 - - [18/Mar/2020:10:14:28 -0700] "GET /wp-content/uploads/2019/04/four-students-1024x616.png HTTP/1.1" 200 959779 "http://www.fornacalia.com/" "Mozilla/5.0 (Linux; Android 8.1.0; Lenovo TB-8704F) AppleWebKit/537.36 (KHTML, like Gecko) Chrome/80.0.3987.132 Safari/537.36" 
54.36.149.220 - - [18/Mar/2020:10:14:44 -0700] "GET / HTTP/1.1" 200 17164 "-" "Mozilla/5.0 (compatible; AhrefsBot/6.1; News; +http://ahrefs.com/robot/)" 
93.107.110.124 - - [18/Mar/2020:10:14:29 -0700] "GET /wp-content/uploads/2019/04/hand-768x768.png HTTP/1.1" 200 798166 "http://www.fornacalia.com/" "Mozilla/5.0 (Linux; Android 8.1.0; Lenovo TB-8704F) AppleWebKit/537.36 (KHTML, like Gecko) Chrome/80.0.3987.132 Safari/537.36" 
93.107.110.124 - - [18/Mar/2020:10:14:40 -0700] "GET /wp-content/uploads/2020/01/fifth-build.jpg HTTP/1.1" 200 295699 "http://www.fornacalia.com/" "Mozilla/5.0 (Linux; Android 8.1.0; Lenovo TB-8704F) AppleWebKit/537.36 (KHTML, like Gecko) Chrome/80.0.3987.132 Safari/537.36" 
93.107.110.124 - - [18/Mar/2020:10:14:46 -0700] "GET /wp-content/uploads/2019/11/resting.png HTTP/1.1" 200 240460 "http://www.fornacalia.com/" "Mozilla/5.0 (Linux; Android 8.1.0; Lenovo TB-8704F) AppleWebKit/537.36 (KHTML, like Gecko) Chrome/80.0.3987.132 Safari/537.36" 
93.107.110.124 - - [18/Mar/2020:10:14:41 -0700] "GET /wp-content/uploads/2020/01/loaves.jpg HTTP/1.1" 200 395055 "http://www.fornacalia.com/" "Mozilla/5.0 (Linux; Android 8.1.0; Lenovo TB-8704F) AppleWebKit/537.36 (KHTML, like Gecko) Chrome/80.0.3987.132 Safari/537.36" 
93.107.110.124 - - [18/Mar/2020:10:14:50 -0700] "GET /2020/sourdough-u-one-day-course-in-rome-5-april/ HTTP/1.1" 200 10675 "http://www.fornacalia.com/" "Mozilla/5.0 (Linux; Android 8.1.0; Lenovo TB-8704F) AppleWebKit/537.36 (KHTML, like Gecko) Chrome/80.0.3987.132 Safari/537.36" 
93.107.110.124 - - [18/Mar/2020:10:14:50 -0700] "GET /wp-includes/css/dist/block-library/style.min.css?ver=5.2.5 HTTP/1.1" 200 5391 "https://www.fornacalia.com/2020/sourdough-u-one-day-course-in-rome-5-april/" "Mozilla/5.0 (Linux; Android 8.1.0; Lenovo TB-8704F) AppleWebKit/537.36 (KHTML, like Gecko) Chrome/80.0.3987.132 Safari/537.36" 
93.107.110.124 - - [18/Mar/2020:10:14:48 -0700] "GET /wp-content/uploads/2019/11/happy-bakers.png HTTP/1.1" 200 177500 "http://www.fornacalia.com/" "Mozilla/5.0 (Linux; Android 8.1.0; Lenovo TB-8704F) AppleWebKit/537.36 (KHTML, like Gecko) Chrome/80.0.3987.132 Safari/537.36" 
93.107.110.124 - - [18/Mar/2020:10:14:42 -0700] "GET /wp-content/uploads/2019/11/first-build.png HTTP/1.1" 200 640420 "http://www.fornacalia.com/" "Mozilla/5.0 (Linux; Android 8.1.0; Lenovo TB-8704F) AppleWebKit/537.36 (KHTML, like Gecko) Chrome/80.0.3987.132 Safari/537.36" 
93.107.110.124 - - [18/Mar/2020:10:14:48 -0700] "GET /wp-content/uploads/2019/11/mise-en-place.png HTTP/1.1" 200 167697 "http://www.fornacalia.com/" "Mozilla/5.0 (Linux; Android 8.1.0; Lenovo TB-8704F) AppleWebKit/537.36 (KHTML, like Gecko) Chrome/80.0.3987.132 Safari/537.36" 
93.107.110.124 - - [18/Mar/2020:10:14:43 -0700] "GET /wp-content/uploads/2019/11/starter.png HTTP/1.1" 200 516880 "http://www.fornacalia.com/" "Mozilla/5.0 (Linux; Android 8.1.0; Lenovo TB-8704F) AppleWebKit/537.36 (KHTML, like Gecko) Chrome/80.0.3987.132 Safari/537.36" 
93.107.110.124 - - [18/Mar/2020:10:14:50 -0700] "GET /wp-content/plugins/indieweb/static/css/indieweb.css?ver=3.4.1 HTTP/1.1" 200 6856 "https://www.fornacalia.com/2020/sourdough-u-one-day-course-in-rome-5-april/" "Mozilla/5.0 (Linux; Android 8.1.0; Lenovo TB-8704F) AppleWebKit/537.36 (KHTML, like Gecko) Chrome/80.0.3987.132 Safari/537.36" 
93.107.110.124 - - [18/Mar/2020:10:14:50 -0700] "GET /wp-content/plugins/semantic-linkbacks/css/semantic-linkbacks.css?ver=3.8.1 HTTP/1.1" 200 958 "https://www.fornacalia.com/2020/sourdough-u-one-day-course-in-rome-5-april/" "Mozilla/5.0 (Linux; Android 8.1.0; Lenovo TB-8704F) AppleWebKit/537.36 (KHTML, like Gecko) Chrome/80.0.3987.132 Safari/537.36" 
93.107.110.124 - - [18/Mar/2020:10:14:50 -0700] "GET /wp-content/themes/autonomie/style.css?ver=5.2.5 HTTP/1.1" 200 9716 "https://www.fornacalia.com/2020/sourdough-u-one-day-course-in-rome-5-april/" "Mozilla/5.0 (Linux; Android 8.1.0; Lenovo TB-8704F) AppleWebKit/537.36 (KHTML, like Gecko) Chrome/80.0.3987.132 Safari/537.36" 
93.107.110.124 - - [18/Mar/2020:10:14:50 -0700] "GET /wp-content/themes/Autonomie-child/style.css?ver=1.0.0 HTTP/1.1" 200 1630 "https://www.fornacalia.com/2020/sourdough-u-one-day-course-in-rome-5-april/" "Mozilla/5.0 (Linux; Android 8.1.0; Lenovo TB-8704F) AppleWebKit/537.36 (KHTML, like Gecko) Chrome/80.0.3987.132 Safari/537.36" 
93.107.110.124 - - [18/Mar/2020:10:14:50 -0700] "GET /wp-content/themes/Autonomie-child/css/narrow-width.css?ver=1.0.0 HTTP/1.1" 200 1202 "https://www.fornacalia.com/2020/sourdough-u-one-day-course-in-rome-5-april/" "Mozilla/5.0 (Linux; Android 8.1.0; Lenovo TB-8704F) AppleWebKit/537.36 (KHTML, like Gecko) Chrome/80.0.3987.132 Safari/537.36" 
93.107.110.124 - - [18/Mar/2020:10:14:50 -0700] "GET /wp-includes/js/jquery/jquery.js?ver=1.12.4-wp HTTP/1.1" 200 35341 "https://www.fornacalia.com/2020/sourdough-u-one-day-course-in-rome-5-april/" "Mozilla/5.0 (Linux; Android 8.1.0; Lenovo TB-8704F) AppleWebKit/537.36 (KHTML, like Gecko) Chrome/80.0.3987.132 Safari/537.36" 
93.107.110.124 - - [18/Mar/2020:10:14:50 -0700] "GET /wp-includes/js/jquery/jquery-migrate.min.js?ver=1.4.1 HTTP/1.1" 200 4603 "https://www.fornacalia.com/2020/sourdough-u-one-day-course-in-rome-5-april/" "Mozilla/5.0 (Linux; Android 8.1.0; Lenovo TB-8704F) AppleWebKit/537.36 (KHTML, like Gecko) Chrome/80.0.3987.132 Safari/537.36" 
93.107.110.124 - - [18/Mar/2020:10:14:51 -0700] "GET /wp-content/plugins/semantic-linkbacks/js/semantic-linkbacks.js?ver=3.8.1 HTTP/1.1" 200 675 "https://www.fornacalia.com/2020/sourdough-u-one-day-course-in-rome-5-april/" "Mozilla/5.0 (Linux; Android 8.1.0; Lenovo TB-8704F) AppleWebKit/537.36 (KHTML, like Gecko) Chrome/80.0.3987.132 Safari/537.36" 
93.107.110.124 - - [18/Mar/2020:10:14:51 -0700] "GET /wp-includes/js/comment-reply.min.js?ver=5.2.5 HTTP/1.1" 200 1621 "https://www.fornacalia.com/2020/sourdough-u-one-day-course-in-rome-5-april/" "Mozilla/5.0 (Linux; Android 8.1.0; Lenovo TB-8704F) AppleWebKit/537.36 (KHTML, like Gecko) Chrome/80.0.3987.132 Safari/537.36" 
93.107.110.124 - - [18/Mar/2020:10:14:51 -0700] "GET /wp-content/themes/autonomie/js/navigation.js?ver=1.0.0 HTTP/1.1" 200 1408 "https://www.fornacalia.com/2020/sourdough-u-one-day-course-in-rome-5-april/" "Mozilla/5.0 (Linux; Android 8.1.0; Lenovo TB-8704F) AppleWebKit/537.36 (KHTML, like Gecko) Chrome/80.0.3987.132 Safari/537.36" 
93.107.110.124 - - [18/Mar/2020:10:14:51 -0700] "GET /wp-content/themes/autonomie/js/skip-link-focus-fix.js?ver=1.0.0 HTTP/1.1" 200 1010 "https://www.fornacalia.com/2020/sourdough-u-one-day-course-in-rome-5-april/" "Mozilla/5.0 (Linux; Android 8.1.0; Lenovo TB-8704F) AppleWebKit/537.36 (KHTML, like Gecko) Chrome/80.0.3987.132 Safari/537.36" 
93.107.110.124 - - [18/Mar/2020:10:14:51 -0700] "GET /wp-includes/js/wp-embed.min.js?ver=5.2.5 HTTP/1.1" 200 1280 "https://www.fornacalia.com/2020/sourdough-u-one-day-course-in-rome-5-april/" "Mozilla/5.0 (Linux; Android 8.1.0; Lenovo TB-8704F) AppleWebKit/537.36 (KHTML, like Gecko) Chrome/80.0.3987.132 Safari/537.36" 
93.107.110.124 - - [18/Mar/2020:10:14:51 -0700] "GET /wp-content/themes/autonomie/font/merriweather/merriweather-v15-latin-300.woff2 HTTP/1.1" 200 18992 "https://www.fornacalia.com/wp-content/themes/autonomie/style.css?ver=5.2.5" "Mozilla/5.0 (Linux; Android 8.1.0; Lenovo TB-8704F) AppleWebKit/537.36 (KHTML, like Gecko) Chrome/80.0.3987.132 Safari/537.36" 
93.107.110.124 - - [18/Mar/2020:10:14:51 -0700] "GET /wp-content/themes/autonomie/font/lato/lato-v13-latin-700.woff2 HTTP/1.1" 200 23120 "https://www.fornacalia.com/wp-content/themes/autonomie/style.css?ver=5.2.5" "Mozilla/5.0 (Linux; Android 8.1.0; Lenovo TB-8704F) AppleWebKit/537.36 (KHTML, like Gecko) Chrome/80.0.3987.132 Safari/537.36" 
93.107.110.124 - - [18/Mar/2020:10:14:51 -0700] "GET /wp-content/themes/autonomie/font/lato/lato-v13-latin-300.woff2 HTTP/1.1" 200 23476 "https://www.fornacalia.com/wp-content/themes/autonomie/style.css?ver=5.2.5" "Mozilla/5.0 (Linux; Android 8.1.0; Lenovo TB-8704F) AppleWebKit/537.36 (KHTML, like Gecko) Chrome/80.0.3987.132 Safari/537.36" 
93.107.110.124 - - [18/Mar/2020:10:14:51 -0700] "GET /wp-content/plugins/semantic-linkbacks/img/mm.jpg HTTP/1.1" 200 1741 "https://www.fornacalia.com/2020/sourdough-u-one-day-course-in-rome-5-april/" "Mozilla/5.0 (Linux; Android 8.1.0; Lenovo TB-8704F) AppleWebKit/537.36 (KHTML, like Gecko) Chrome/80.0.3987.132 Safari/537.36" 
93.107.110.124 - - [18/Mar/2020:10:14:51 -0700] "GET /wp-includes/js/wp-emoji-release.min.js?ver=5.2.5 HTTP/1.1" 200 5227 "https://www.fornacalia.com/2020/sourdough-u-one-day-course-in-rome-5-april/" "Mozilla/5.0 (Linux; Android 8.1.0; Lenovo TB-8704F) AppleWebKit/537.36 (KHTML, like Gecko) Chrome/80.0.3987.132 Safari/537.36" 
93.107.110.124 - - [18/Mar/2020:10:14:51 -0700] "GET /wp-content/themes/Autonomie-child/css/print.css?ver=1.0.0 HTTP/1.1" 200 836 "https://www.fornacalia.com/2020/sourdough-u-one-day-course-in-rome-5-april/" "Mozilla/5.0 (Linux; Android 8.1.0; Lenovo TB-8704F) AppleWebKit/537.36 (KHTML, like Gecko) Chrome/80.0.3987.132 Safari/537.36" 
93.107.110.124 - - [18/Mar/2020:10:14:51 -0700] "GET /wp-content/themes/Autonomie-child/css/default-width.css?ver=1.0.0 HTTP/1.1" 200 950 "https://www.fornacalia.com/2020/sourdough-u-one-day-course-in-rome-5-april/" "Mozilla/5.0 (Linux; Android 8.1.0; Lenovo TB-8704F) AppleWebKit/537.36 (KHTML, like Gecko) Chrome/80.0.3987.132 Safari/537.36" 
93.107.110.124 - - [18/Mar/2020:10:14:51 -0700] "GET /wp-content/themes/Autonomie-child/css/wide-width.css?ver=1.0.0 HTTP/1.1" 404 6711 "https://www.fornacalia.com/2020/sourdough-u-one-day-course-in-rome-5-april/" "Mozilla/5.0 (Linux; Android 8.1.0; Lenovo TB-8704F) AppleWebKit/537.36 (KHTML, like Gecko) Chrome/80.0.3987.132 Safari/537.36" 
93.107.110.124 - - [18/Mar/2020:10:14:52 -0700] "GET /wp-content/uploads/2017/12/cropped-forno-favicon-192x192.png HTTP/1.1" 200 21644 "https://www.fornacalia.com/2020/sourdough-u-one-day-course-in-rome-5-april/" "Mozilla/5.0 (Linux; Android 8.1.0; Lenovo TB-8704F) AppleWebKit/537.36 (KHTML, like Gecko) Chrome/80.0.3987.132 Safari/537.36" 
93.107.110.124 - - [18/Mar/2020:10:14:52 -0700] "GET /wp-content/uploads/2017/12/cropped-forno-favicon-180x180.png HTTP/1.1" 200 19184 "https://www.fornacalia.com/2020/sourdough-u-one-day-course-in-rome-5-april/" "Mozilla/5.0 (Linux; Android 8.1.0; Lenovo TB-8704F) AppleWebKit/537.36 (KHTML, like Gecko) Chrome/80.0.3987.132 Safari/537.36" 
93.107.110.124 - - [18/Mar/2020:10:15:25 -0700] "GET /2020/sourdough-u-one-day-course-in-rome-5-april/ HTTP/1.1" 200 10814 "http://www.fornacalia.com/" "Mozilla/5.0 (Linux; Android 8.1.0; Lenovo TB-8704F) AppleWebKit/537.36 (KHTML, like Gecko) Chrome/80.0.3987.132 Safari/537.36" 
93.107.110.124 - - [18/Mar/2020:10:15:25 -0700] "GET /wp-content/themes/Autonomie-child/css/wide-width.css?ver=1.0.0 HTTP/1.1" 404 6711 "https://www.fornacalia.com/2020/sourdough-u-one-day-course-in-rome-5-april/" "Mozilla/5.0 (Linux; Android 8.1.0; Lenovo TB-8704F) AppleWebKit/537.36 (KHTML, like Gecko) Chrome/80.0.3987.132 Safari/537.36" 
93.107.110.124 - - [18/Mar/2020:10:15:25 -0700] "GET /wp-content/uploads/2017/12/cropped-forno-favicon-192x192.png HTTP/1.1" 200 21644 "https://www.fornacalia.com/2020/sourdough-u-one-day-course-in-rome-5-april/" "Mozilla/5.0 (Linux; Android 8.1.0; Lenovo TB-8704F) AppleWebKit/537.36 (KHTML, like Gecko) Chrome/80.0.3987.132 Safari/537.36" 
93.107.110.124 - - [18/Mar/2020:10:15:35 -0700] "GET /wp-content/uploads/2020/01/loaves.jpg HTTP/1.1" 206 612 "http://www.fornacalia.com/" "Mozilla/5.0 (Linux; Android 8.1.0; Lenovo TB-8704F) AppleWebKit/537.36 (KHTML, like Gecko) Chrome/80.0.3987.132 Safari/537.36" 
93.107.110.124 - - [18/Mar/2020:10:15:36 -0700] "GET /wp-content/uploads/2019/11/first-build.png HTTP/1.1" 206 489 "http://www.fornacalia.com/" "Mozilla/5.0 (Linux; Android 8.1.0; Lenovo TB-8704F) AppleWebKit/537.36 (KHTML, like Gecko) Chrome/80.0.3987.132 Safari/537.36" 
93.107.110.124 - - [18/Mar/2020:10:15:36 -0700] "GET /wp-content/uploads/2019/11/starter.png HTTP/1.1" 206 489 "http://www.fornacalia.com/" "Mozilla/5.0 (Linux; Android 8.1.0; Lenovo TB-8704F) AppleWebKit/537.36 (KHTML, like Gecko) Chrome/80.0.3987.132 Safari/537.36" 
93.107.110.124 - - [18/Mar/2020:10:15:36 -0700] "GET /wp-content/uploads/2019/11/happy-bakers.png HTTP/1.1" 206 487 "http://www.fornacalia.com/" "Mozilla/5.0 (Linux; Android 8.1.0; Lenovo TB-8704F) AppleWebKit/537.36 (KHTML, like Gecko) Chrome/80.0.3987.132 Safari/537.36" 
93.107.110.124 - - [18/Mar/2020:10:15:36 -0700] "GET /wp-content/uploads/2019/11/mise-en-place.png HTTP/1.1" 206 489 "http://www.fornacalia.com/" "Mozilla/5.0 (Linux; Android 8.1.0; Lenovo TB-8704F) AppleWebKit/537.36 (KHTML, like Gecko) Chrome/80.0.3987.132 Safari/537.36" 
93.107.110.124 - - [18/Mar/2020:10:15:36 -0700] "GET /wp-content/uploads/2020/01/loaves.jpg HTTP/1.1" 206 17611 "http://www.fornacalia.com/" "Mozilla/5.0 (Linux; Android 8.1.0; Lenovo TB-8704F) AppleWebKit/537.36 (KHTML, like Gecko) Chrome/80.0.3987.132 Safari/537.36" 
93.107.110.124 - - [18/Mar/2020:10:15:36 -0700] "GET /wp-content/uploads/2019/11/first-build.png HTTP/1.1" 206 113905 "http://www.fornacalia.com/" "Mozilla/5.0 (Linux; Android 8.1.0; Lenovo TB-8704F) AppleWebKit/537.36 (KHTML, like Gecko) Chrome/80.0.3987.132 Safari/537.36" 
93.107.110.124 - - [18/Mar/2020:10:15:36 -0700] "GET /wp-content/uploads/2019/11/starter.png HTTP/1.1" 206 340800 "http://www.fornacalia.com/" "Mozilla/5.0 (Linux; Android 8.1.0; Lenovo TB-8704F) AppleWebKit/537.36 (KHTML, like Gecko) Chrome/80.0.3987.132 Safari/537.36" 
93.107.110.124 - - [18/Mar/2020:10:15:37 -0700] "GET /wp-content/uploads/2019/11/happy-bakers.png HTTP/1.1" 206 244240 "http://www.fornacalia.com/" "Mozilla/5.0 (Linux; Android 8.1.0; Lenovo TB-8704F) AppleWebKit/537.36 (KHTML, like Gecko) Chrome/80.0.3987.132 Safari/537.36" 
93.107.110.124 - - [18/Mar/2020:10:15:37 -0700] "GET /wp-content/uploads/2019/11/mise-en-place.png HTTP/1.1" 206 105217 "http://www.fornacalia.com/" "Mozilla/5.0 (Linux; Android 8.1.0; Lenovo TB-8704F) AppleWebKit/537.36 (KHTML, like Gecko) Chrome/80.0.3987.132 Safari/537.36" 
93.107.110.124 - - [18/Mar/2020:10:15:39 -0700] "GET /wp-content/themes/Autonomie-child/css/wide-width.css?ver=1.0.0 HTTP/1.1" 404 6849 "https://www.fornacalia.com/2020/sourdough-u-one-day-course-in-rome-5-april/" "Mozilla/5.0 (Linux; Android 8.1.0; Lenovo TB-8704F) AppleWebKit/537.36 (KHTML, like Gecko) Chrome/80.0.3987.132 Safari/537.36" 
93.107.110.124 - - [18/Mar/2020:10:15:48 -0700] "GET /author/jeremy/ HTTP/1.1" 200 14265 "https://www.fornacalia.com/2020/sourdough-u-one-day-course-in-rome-5-april/" "Mozilla/5.0 (Linux; Android 8.1.0; Lenovo TB-8704F) AppleWebKit/537.36 (KHTML, like Gecko) Chrome/80.0.3987.132 Safari/537.36" 
93.107.110.124 - - [18/Mar/2020:10:15:49 -0700] "GET /wp-content/uploads/2019/11/starter.png HTTP/1.1" 206 627 "https://www.fornacalia.com/author/jeremy/" "Mozilla/5.0 (Linux; Android 8.1.0; Lenovo TB-8704F) AppleWebKit/537.36 (KHTML, like Gecko) Chrome/80.0.3987.132 Safari/537.36" 
93.107.110.124 - - [18/Mar/2020:10:15:49 -0700] "GET /wp-content/themes/Autonomie-child/css/wide-width.css?ver=1.0.0 HTTP/1.1" 404 6711 "https://www.fornacalia.com/author/jeremy/" "Mozilla/5.0 (Linux; Android 8.1.0; Lenovo TB-8704F) AppleWebKit/537.36 (KHTML, like Gecko) Chrome/80.0.3987.132 Safari/537.36" 
93.107.110.124 - - [18/Mar/2020:10:15:49 -0700] "GET /wp-content/themes/autonomie/font/openwebicons/openwebicons.woff2 HTTP/1.1" 200 24288 "https://www.fornacalia.com/wp-content/themes/autonomie/style.css?ver=5.2.5" "Mozilla/5.0 (Linux; Android 8.1.0; Lenovo TB-8704F) AppleWebKit/537.36 (KHTML, like Gecko) Chrome/80.0.3987.132 Safari/537.36" 
93.107.110.124 - - [18/Mar/2020:10:15:49 -0700] "GET /wp-content/themes/autonomie/font/lato/lato-v13-latin-300italic.woff2 HTTP/1.1" 200 17948 "https://www.fornacalia.com/wp-content/themes/autonomie/style.css?ver=5.2.5" "Mozilla/5.0 (Linux; Android 8.1.0; Lenovo TB-8704F) AppleWebKit/537.36 (KHTML, like Gecko) Chrome/80.0.3987.132 Safari/537.36" 
93.107.110.124 - - [18/Mar/2020:10:15:49 -0700] "GET /wp-content/themes/autonomie/font/genericons/Genericons.woff HTTP/1.1" 200 14930 "https://www.fornacalia.com/wp-content/themes/autonomie/style.css?ver=5.2.5" "Mozilla/5.0 (Linux; Android 8.1.0; Lenovo TB-8704F) AppleWebKit/537.36 (KHTML, like Gecko) Chrome/80.0.3987.132 Safari/537.36" 
93.107.110.124 - - [18/Mar/2020:10:15:49 -0700] "GET /wp-content/uploads/2019/11/happy-bakers.png HTTP/1.1" 206 627 "https://www.fornacalia.com/author/jeremy/" "Mozilla/5.0 (Linux; Android 8.1.0; Lenovo TB-8704F) AppleWebKit/537.36 (KHTML, like Gecko) Chrome/80.0.3987.132 Safari/537.36" 
93.107.110.124 - - [18/Mar/2020:10:15:49 -0700] "GET /wp-content/uploads/2019/11/mise-en-place.png HTTP/1.1" 206 489 "https://www.fornacalia.com/author/jeremy/" "Mozilla/5.0 (Linux; Android 8.1.0; Lenovo TB-8704F) AppleWebKit/537.36 (KHTML, like Gecko) Chrome/80.0.3987.132 Safari/537.36" 
93.107.110.124 - - [18/Mar/2020:10:15:50 -0700] "GET /wp-content/uploads/2019/11/starter.png HTTP/1.1" 206 84400 "https://www.fornacalia.com/author/jeremy/" "Mozilla/5.0 (Linux; Android 8.1.0; Lenovo TB-8704F) AppleWebKit/537.36 (KHTML, like Gecko) Chrome/80.0.3987.132 Safari/537.36" 
93.107.110.124 - - [18/Mar/2020:10:15:50 -0700] "GET /wp-content/uploads/2019/11/happy-bakers.png HTTP/1.1" 206 158322 "https://www.fornacalia.com/author/jeremy/" "Mozilla/5.0 (Linux; Android 8.1.0; Lenovo TB-8704F) AppleWebKit/537.36 (KHTML, like Gecko) Chrome/80.0.3987.132 Safari/537.36" 
93.107.110.124 - - [18/Mar/2020:10:15:50 -0700] "GET /wp-content/uploads/2019/11/mise-en-place.png HTTP/1.1" 206 702066 "https://www.fornacalia.com/author/jeremy/" "Mozilla/5.0 (Linux; Android 8.1.0; Lenovo TB-8704F) AppleWebKit/537.36 (KHTML, like Gecko) Chrome/80.0.3987.132 Safari/537.36" 
5.188.84.65 - - [18/Mar/2020:10:26:28 -0700] "GET /2013/pasta-madre-day-2013/ HTTP/1.0" 200 32928 "https://www.fornacalia.com/2013/pasta-madre-day-2013/#comment-1801/" "Mozilla/5.0 (Windows NT 6.1) AppleWebKit/537.36 (KHTML, like Gecko) Chrome/67.0.3396.87 Safari/537.36" 
5.188.84.65 - - [18/Mar/2020:10:26:30 -0700] "POST /wp-comments-post.php HTTP/1.0" 302 4063 "https://www.fornacalia.com/2013/pasta-madre-day-2013/#comment-1801/" "Mozilla/5.0 (Windows NT 6.1) AppleWebKit/537.36 (KHTML, like Gecko) Chrome/67.0.3396.87 Safari/537.36" 
5.188.84.35 - - [18/Mar/2020:10:29:22 -0700] "GET /2013/pasta-madre-day-2013/ HTTP/1.0" 200 32928 "https://www.fornacalia.com/2013/pasta-madre-day-2013/#comment-1801/" "Mozilla/5.0 (Windows NT 10.0; Win64; x64) AppleWebKit/537.36 (KHTML, like Gecko) Chrome/67.0.3396.87 Safari/537.36 OPR/54.0.2952.51" 
