80.41.177.141 - - [08/Apr/2020:01:36:58 -0700] "GET /wp-content/themes/autonomie/font/genericons/Genericons.woff HTTP/1.1" 200 14792 "https://www.fornacalia.com/wp-content/themes/autonomie/style.css?ver=5.2.5" "Mozilla/5.0 (Windows NT 10.0; Win64; x64) AppleWebKit/537.36 (KHTML, like Gecko) Chrome/80.0.3987.163 Safari/537.36" 
80.41.177.141 - - [08/Apr/2020:01:36:58 -0700] "GET /wp-content/plugins/semantic-linkbacks/img/mm.jpg HTTP/1.1" 200 1741 "https://www.fornacalia.com/2020/pizza-night-when-the-pizzerie-are-all-shut/?fbclid=IwAR0wX_LQroI87RW00u34S6wobzSOnc62EPjq1ziOoUKc3exE-qRTA3XasPY" "Mozilla/5.0 (Windows NT 10.0; Win64; x64) AppleWebKit/537.36 (KHTML, like Gecko) Chrome/80.0.3987.163 Safari/537.36" 
80.41.177.141 - - [08/Apr/2020:01:36:58 -0700] "GET /wp-includes/js/wp-emoji-release.min.js?ver=5.2.5 HTTP/1.1" 200 5227 "https://www.fornacalia.com/2020/pizza-night-when-the-pizzerie-are-all-shut/?fbclid=IwAR0wX_LQroI87RW00u34S6wobzSOnc62EPjq1ziOoUKc3exE-qRTA3XasPY" "Mozilla/5.0 (Windows NT 10.0; Win64; x64) AppleWebKit/537.36 (KHTML, like Gecko) Chrome/80.0.3987.163 Safari/537.36" 
80.41.177.141 - - [08/Apr/2020:01:36:58 -0700] "GET /wp-content/themes/Autonomie-child/css/print.css?ver=1.0.0 HTTP/1.1" 200 836 "https://www.fornacalia.com/2020/pizza-night-when-the-pizzerie-are-all-shut/?fbclid=IwAR0wX_LQroI87RW00u34S6wobzSOnc62EPjq1ziOoUKc3exE-qRTA3XasPY" "Mozilla/5.0 (Windows NT 10.0; Win64; x64) AppleWebKit/537.36 (KHTML, like Gecko) Chrome/80.0.3987.163 Safari/537.36" 
80.41.177.141 - - [08/Apr/2020:01:36:58 -0700] "GET /wp-content/themes/Autonomie-child/css/narrow-width.css?ver=1.0.0 HTTP/1.1" 200 1064 "https://www.fornacalia.com/2020/pizza-night-when-the-pizzerie-are-all-shut/?fbclid=IwAR0wX_LQroI87RW00u34S6wobzSOnc62EPjq1ziOoUKc3exE-qRTA3XasPY" "Mozilla/5.0 (Windows NT 10.0; Win64; x64) AppleWebKit/537.36 (KHTML, like Gecko) Chrome/80.0.3987.163 Safari/537.36" 
80.41.177.141 - - [08/Apr/2020:01:36:57 -0700] "GET /wp-content/uploads/2020/04/pizza-slice.png HTTP/1.1" 200 432413 "https://www.fornacalia.com/2020/pizza-night-when-the-pizzerie-are-all-shut/?fbclid=IwAR0wX_LQroI87RW00u34S6wobzSOnc62EPjq1ziOoUKc3exE-qRTA3XasPY" "Mozilla/5.0 (Windows NT 10.0; Win64; x64) AppleWebKit/537.36 (KHTML, like Gecko) Chrome/80.0.3987.163 Safari/537.36" 
80.41.177.141 - - [08/Apr/2020:01:36:57 -0700] "GET /wp-content/uploads/2020/04/pizza-raw.png HTTP/1.1" 200 486375 "https://www.fornacalia.com/2020/pizza-night-when-the-pizzerie-are-all-shut/?fbclid=IwAR0wX_LQroI87RW00u34S6wobzSOnc62EPjq1ziOoUKc3exE-qRTA3XasPY" "Mozilla/5.0 (Windows NT 10.0; Win64; x64) AppleWebKit/537.36 (KHTML, like Gecko) Chrome/80.0.3987.163 Safari/537.36" 
80.41.177.141 - - [08/Apr/2020:01:36:59 -0700] "GET /wp-content/uploads/2017/12/cropped-forno-favicon-32x32.png HTTP/1.1" 200 1436 "https://www.fornacalia.com/2020/pizza-night-when-the-pizzerie-are-all-shut/?fbclid=IwAR0wX_LQroI87RW00u34S6wobzSOnc62EPjq1ziOoUKc3exE-qRTA3XasPY" "Mozilla/5.0 (Windows NT 10.0; Win64; x64) AppleWebKit/537.36 (KHTML, like Gecko) Chrome/80.0.3987.163 Safari/537.36" 
142.93.152.219 - - [08/Apr/2020:01:38:57 -0700] "GET /wp-login.php HTTP/1.1" 200 4830 "-" "Mozilla/5.0 (X11; Ubuntu; Linux x86_64; rv:62.0) Gecko/20100101 Firefox/62.0" 
142.93.152.219 - - [08/Apr/2020:01:38:57 -0700] "POST /wp-login.php HTTP/1.1" 200 5223 "-" "Mozilla/5.0 (X11; Ubuntu; Linux x86_64; rv:62.0) Gecko/20100101 Firefox/62.0" 
142.93.152.219 - - [08/Apr/2020:01:38:57 -0700] "GET /wp-login.php HTTP/1.1" 200 4830 "-" "Mozilla/5.0 (X11; Ubuntu; Linux x86_64; rv:62.0) Gecko/20100101 Firefox/62.0" 
142.93.152.219 - - [08/Apr/2020:01:38:58 -0700] "POST /wp-login.php HTTP/1.1" 200 5205 "-" "Mozilla/5.0 (X11; Ubuntu; Linux x86_64; rv:62.0) Gecko/20100101 Firefox/62.0" 
142.93.152.219 - - [08/Apr/2020:01:38:58 -0700] "POST /xmlrpc.php HTTP/1.1" 200 3697 "-" "Mozilla/5.0 (X11; Ubuntu; Linux x86_64; rv:62.0) Gecko/20100101 Firefox/62.0" 
5.188.84.35 - - [08/Apr/2020:01:43:33 -0700] "GET /2013/pasta-madre-day-2013/ HTTP/1.0" 200 32928 "https://www.fornacalia.com/2013/pasta-madre-day-2013/#comment-1801/" "Mozilla/5.0 (Windows NT 6.3; Win64; x64) AppleWebKit/537.36 (KHTML, like Gecko) Chrome/65.0.3325.146 Safari/537.36" 
64.111.100.215 - - [08/Apr/2020:01:43:34 -0700] "POST /wp-cron.php?doing_wp_cron=1586335413.7606160640716552734375 HTTP/1.1" 200 3494 "https://www.fornacalia.com/wp-cron.php?doing_wp_cron=1586335413.7606160640716552734375" "WordPress/5.2.5; https://www.fornacalia.com" 
5.188.84.35 - - [08/Apr/2020:01:43:35 -0700] "POST /wp-comments-post.php HTTP/1.0" 302 4063 "https://www.fornacalia.com/2013/pasta-madre-day-2013/#comment-1801/" "Mozilla/5.0 (Windows NT 6.3; Win64; x64) AppleWebKit/537.36 (KHTML, like Gecko) Chrome/65.0.3325.146 Safari/537.36" 
5.188.84.25 - - [08/Apr/2020:01:44:02 -0700] "GET /2013/pasta-madre-day-2013/ HTTP/1.0" 200 32928 "https://www.fornacalia.com/2013/pasta-madre-day-2013/#comment-1801/" "Mozilla/5.0 (Windows NT 10.0; Win64; x64) AppleWebKit/537.36 (KHTML, like Gecko) Chrome/65.0.3325.181 Safari/537.36" 
5.188.84.25 - - [08/Apr/2020:01:44:03 -0700] "POST /wp-comments-post.php HTTP/1.0" 302 4063 "https://www.fornacalia.com/2013/pasta-madre-day-2013/#comment-1801/" "Mozilla/5.0 (Windows NT 10.0; Win64; x64) AppleWebKit/537.36 (KHTML, like Gecko) Chrome/65.0.3325.181 Safari/537.36" 
5.188.84.35 - - [08/Apr/2020:01:48:47 -0700] "GET /2013/pasta-madre-day-2013/ HTTP/1.0" 200 32928 "https://www.fornacalia.com/2013/pasta-madre-day-2013/#comment-1801/" "Mozilla/5.0 (Windows NT 10.0; Win64; x64) AppleWebKit/537.36 (KHTML, like Gecko) Chrome/67.0.3396.87 Safari/537.36 OPR/54.0.2952.71" 
5.188.84.35 - - [08/Apr/2020:01:48:48 -0700] "POST /wp-comments-post.php HTTP/1.0" 302 4063 "https://www.fornacalia.com/2013/pasta-madre-day-2013/#comment-1801/" "Mozilla/5.0 (Windows NT 10.0; Win64; x64) AppleWebKit/537.36 (KHTML, like Gecko) Chrome/67.0.3396.87 Safari/537.36 OPR/54.0.2952.71" 
5.188.84.15 - - [08/Apr/2020:01:48:55 -0700] "GET /2013/pasta-madre-day-2013/ HTTP/1.0" 200 32928 "https://www.fornacalia.com/2013/pasta-madre-day-2013/#comment-1801/" "Mozilla/5.0 (Windows NT 10.0; Win64; x64) AppleWebKit/537.36 (KHTML, like Gecko) Chrome/66.0.3359.181 Safari/537.36" 
5.188.84.15 - - [08/Apr/2020:01:48:55 -0700] "POST /wp-comments-post.php HTTP/1.0" 302 4063 "https://www.fornacalia.com/2013/pasta-madre-day-2013/#comment-1801/" "Mozilla/5.0 (Windows NT 10.0; Win64; x64) AppleWebKit/537.36 (KHTML, like Gecko) Chrome/66.0.3359.181 Safari/537.36" 
17.58.96.249 - - [08/Apr/2020:01:49:43 -0700] "GET /2017/black-pepper-rye/ HTTP/1.1" 200 14037 "-" "Mozilla/5.0 (Macintosh; Intel Mac OS X 10_10_1) AppleWebKit/600.2.5 (KHTML, like Gecko) Version/8.0.2 Safari/600.2.5 (Applebot/0.1; +http://www.apple.com/go/applebot)" 
5.188.84.45 - - [08/Apr/2020:01:58:17 -0700] "GET /2013/pasta-madre-day-2013/ HTTP/1.0" 200 32928 "https://www.fornacalia.com/2013/pasta-madre-day-2013/#comment-1801/" "Mozilla/5.0 (Windows NT 10.0; Win64; x64) AppleWebKit/537.36 (KHTML, like Gecko) Chrome/68.0.3440.106 Safari/537.36" 
5.188.84.45 - - [08/Apr/2020:01:58:18 -0700] "POST /wp-comments-post.php HTTP/1.0" 302 4063 "https://www.fornacalia.com/2013/pasta-madre-day-2013/#comment-1801/" "Mozilla/5.0 (Windows NT 10.0; Win64; x64) AppleWebKit/537.36 (KHTML, like Gecko) Chrome/68.0.3440.106 Safari/537.36" 
77.75.77.17 - - [08/Apr/2020:02:01:54 -0700] "GET /robots.txt HTTP/1.1" 200 4297 "-" "Mozilla/5.0 (compatible; SeznamBot/3.2; +http://napoveda.seznam.cz/en/seznambot-intro/)" 
77.75.77.17 - - [08/Apr/2020:02:01:55 -0700] "GET /page/12/ HTTP/1.1" 200 16203 "-" "Mozilla/5.0 (compatible; SeznamBot/3.2; +http://napoveda.seznam.cz/en/seznambot-intro/)" 
178.62.76.138 - - [08/Apr/2020:02:02:43 -0700] "GET /wp-login.php HTTP/1.1" 200 4830 "-" "Mozilla/5.0 (X11; Ubuntu; Linux x86_64; rv:62.0) Gecko/20100101 Firefox/62.0" 
178.62.76.138 - - [08/Apr/2020:02:02:43 -0700] "POST /wp-login.php HTTP/1.1" 200 5223 "-" "Mozilla/5.0 (X11; Ubuntu; Linux x86_64; rv:62.0) Gecko/20100101 Firefox/62.0" 
178.62.76.138 - - [08/Apr/2020:02:02:44 -0700] "GET /wp-login.php HTTP/1.1" 200 4830 "-" "Mozilla/5.0 (X11; Ubuntu; Linux x86_64; rv:62.0) Gecko/20100101 Firefox/62.0" 
178.62.76.138 - - [08/Apr/2020:02:02:44 -0700] "POST /wp-login.php HTTP/1.1" 200 5205 "-" "Mozilla/5.0 (X11; Ubuntu; Linux x86_64; rv:62.0) Gecko/20100101 Firefox/62.0" 
178.62.76.138 - - [08/Apr/2020:02:02:44 -0700] "POST /xmlrpc.php HTTP/1.1" 200 3697 "-" "Mozilla/5.0 (X11; Ubuntu; Linux x86_64; rv:62.0) Gecko/20100101 Firefox/62.0" 
5.188.84.45 - - [08/Apr/2020:02:04:34 -0700] "GET /2013/pasta-madre-day-2013/ HTTP/1.0" 200 32928 "https://www.fornacalia.com/2013/pasta-madre-day-2013/#comment-1801/" "Mozilla/5.0 (Windows NT 6.1) AppleWebKit/537.36 (KHTML, like Gecko) Chrome/66.0.3359.181 Safari/537.36" 
5.188.84.45 - - [08/Apr/2020:02:04:35 -0700] "POST /wp-comments-post.php HTTP/1.0" 302 4063 "https://www.fornacalia.com/2013/pasta-madre-day-2013/#comment-1801/" "Mozilla/5.0 (Windows NT 6.1) AppleWebKit/537.36 (KHTML, like Gecko) Chrome/66.0.3359.181 Safari/537.36" 
13.66.139.1 - - [08/Apr/2020:02:04:39 -0700] "GET /robots.txt HTTP/1.1" 200 2530 "-" "Mozilla/5.0 (compatible; bingbot/2.0; +http://www.bing.com/bingbot.htm)" 
13.66.139.1 - - [08/Apr/2020:02:04:39 -0700] "GET /robots.txt HTTP/1.1" 200 4292 "-" "Mozilla/5.0 (compatible; bingbot/2.0; +http://www.bing.com/bingbot.htm)" 
13.66.139.0 - - [08/Apr/2020:02:04:43 -0700] "GET /2013/pasta-madre-day-2013/ HTTP/1.1" 200 13782 "-" "Mozilla/5.0 (compatible; bingbot/2.0; +http://www.bing.com/bingbot.htm)" 
5.188.84.233 - - [08/Apr/2020:02:08:27 -0700] "GET /2013/pasta-madre-day-2013/ HTTP/1.0" 200 32928 "https://www.fornacalia.com/2013/pasta-madre-day-2013/#comment-1801/" "Mozilla/5.0 (Windows NT 6.1; Win64; x64) AppleWebKit/537.36 (KHTML, like Gecko) Chrome/66.0.3359.170 Safari/537.36 OPR/53.0.2907.106" 
5.188.84.233 - - [08/Apr/2020:02:08:29 -0700] "POST /wp-comments-post.php HTTP/1.0" 302 4063 "https://www.fornacalia.com/2013/pasta-madre-day-2013/#comment-1801/" "Mozilla/5.0 (Windows NT 6.1; Win64; x64) AppleWebKit/537.36 (KHTML, like Gecko) Chrome/66.0.3359.170 Safari/537.36 OPR/53.0.2907.106" 
5.188.84.220 - - [08/Apr/2020:02:09:00 -0700] "GET /2013/pasta-madre-day-2013/ HTTP/1.0" 200 32928 "https://www.fornacalia.com/2013/pasta-madre-day-2013/#comment-1801/" "Mozilla/5.0 (Windows NT 5.1) AppleWebKit/537.36 (KHTML, like Gecko) Chrome/49.0.2623.112 Safari/537.36" 
5.188.84.220 - - [08/Apr/2020:02:09:01 -0700] "POST /wp-comments-post.php HTTP/1.0" 302 4063 "https://www.fornacalia.com/2013/pasta-madre-day-2013/#comment-1801/" "Mozilla/5.0 (Windows NT 5.1) AppleWebKit/537.36 (KHTML, like Gecko) Chrome/49.0.2623.112 Safari/537.36" 
91.121.88.225 - - [08/Apr/2020:02:13:09 -0700] "GET /2013/pasta-madre-day-2013/ HTTP/1.0" 200 32928 "https://www.fornacalia.com/2013/pasta-madre-day-2013/#comment-32485/" "Mozilla/5.0 (Windows NT 6.2; Win64; x64) AppleWebKit/537.36 (KHTML, like Gecko) Chrome/68.0.3440.106 Safari/537.36" 
91.121.88.225 - - [08/Apr/2020:02:13:09 -0700] "POST /wp-comments-post.php HTTP/1.0" 302 4063 "https://www.fornacalia.com/2013/pasta-madre-day-2013/#comment-32485/" "Mozilla/5.0 (Windows NT 6.2; Win64; x64) AppleWebKit/537.36 (KHTML, like Gecko) Chrome/68.0.3440.106 Safari/537.36" 
91.121.88.225 - - [08/Apr/2020:02:13:10 -0700] "GET /2013/pasta-madre-day-2013/ HTTP/1.0" 200 32928 "https://www.fornacalia.com/2013/pasta-madre-day-2013/#comment-34734" "Mozilla/5.0 (Windows NT 6.2; Win64; x64) AppleWebKit/537.36 (KHTML, like Gecko) Chrome/68.0.3440.106 Safari/537.36" 
5.188.84.220 - - [08/Apr/2020:02:18:36 -0700] "GET /2013/pasta-madre-day-2013/ HTTP/1.0" 200 32928 "https://www.fornacalia.com/2013/pasta-madre-day-2013/#comment-1801/" "Mozilla/5.0 (Windows NT 6.1; Win64; x64) AppleWebKit/537.36 (KHTML, like Gecko) Chrome/67.0.3396.87 Safari/537.36" 
5.188.84.220 - - [08/Apr/2020:02:18:38 -0700] "POST /wp-comments-post.php HTTP/1.0" 302 4063 "https://www.fornacalia.com/2013/pasta-madre-day-2013/#comment-1801/" "Mozilla/5.0 (Windows NT 6.1; Win64; x64) AppleWebKit/537.36 (KHTML, like Gecko) Chrome/67.0.3396.87 Safari/537.36" 
5.188.84.25 - - [08/Apr/2020:02:20:34 -0700] "GET /2013/pasta-madre-day-2013/ HTTP/1.0" 200 32928 "https://www.fornacalia.com/2013/pasta-madre-day-2013/#comment-1801/" "Mozilla/5.0 (Windows NT 10.0; Win64; x64) AppleWebKit/537.36 (KHTML, like Gecko) Chrome/68.0.3440.106 Safari/537.36 OPR/55.0.2994.44" 
5.188.84.25 - - [08/Apr/2020:02:20:35 -0700] "POST /wp-comments-post.php HTTP/1.0" 302 4063 "https://www.fornacalia.com/2013/pasta-madre-day-2013/#comment-1801/" "Mozilla/5.0 (Windows NT 10.0; Win64; x64) AppleWebKit/537.36 (KHTML, like Gecko) Chrome/68.0.3440.106 Safari/537.36 OPR/55.0.2994.44" 
157.245.42.253 - - [08/Apr/2020:02:25:20 -0700] "GET /wp-login.php HTTP/1.1" 200 4830 "-" "Mozilla/5.0 (X11; Ubuntu; Linux x86_64; rv:62.0) Gecko/20100101 Firefox/62.0" 
157.245.42.253 - - [08/Apr/2020:02:25:26 -0700] "POST /wp-login.php HTTP/1.1" 200 5223 "-" "Mozilla/5.0 (X11; Ubuntu; Linux x86_64; rv:62.0) Gecko/20100101 Firefox/62.0" 
157.245.42.253 - - [08/Apr/2020:02:25:27 -0700] "GET /wp-login.php HTTP/1.1" 200 4830 "-" "Mozilla/5.0 (X11; Ubuntu; Linux x86_64; rv:62.0) Gecko/20100101 Firefox/62.0" 
157.245.42.253 - - [08/Apr/2020:02:25:29 -0700] "POST /wp-login.php HTTP/1.1" 200 5205 "-" "Mozilla/5.0 (X11; Ubuntu; Linux x86_64; rv:62.0) Gecko/20100101 Firefox/62.0" 
157.245.42.253 - - [08/Apr/2020:02:25:30 -0700] "POST /xmlrpc.php HTTP/1.1" 200 3697 "-" "Mozilla/5.0 (X11; Ubuntu; Linux x86_64; rv:62.0) Gecko/20100101 Firefox/62.0" 
5.188.84.233 - - [08/Apr/2020:02:29:13 -0700] "GET /2013/pasta-madre-day-2013/ HTTP/1.0" 200 32928 "https://www.fornacalia.com/2013/pasta-madre-day-2013/#comment-1801/" "Mozilla/5.0 (Windows NT 10.0; Win64; x64) AppleWebKit/537.36 (KHTML, like Gecko) Chrome/67.0.3396.87 Safari/537.36" 
5.188.84.233 - - [08/Apr/2020:02:29:14 -0700] "POST /wp-comments-post.php HTTP/1.0" 302 4063 "https://www.fornacalia.com/2013/pasta-madre-day-2013/#comment-1801/" "Mozilla/5.0 (Windows NT 10.0; Win64; x64) AppleWebKit/537.36 (KHTML, like Gecko) Chrome/67.0.3396.87 Safari/537.36" 
5.188.84.65 - - [08/Apr/2020:02:30:34 -0700] "GET /2013/pasta-madre-day-2013/ HTTP/1.0" 200 32928 "https://www.fornacalia.com/2013/pasta-madre-day-2013/#comment-1801/" "Mozilla/5.0 (Windows NT 6.1; Win64; x64) AppleWebKit/537.36 (KHTML, like Gecko) Chrome/67.0.3396.87 Safari/537.36 OPR/54.0.2952.64" 
5.188.84.65 - - [08/Apr/2020:02:30:35 -0700] "POST /wp-comments-post.php HTTP/1.0" 302 4063 "https://www.fornacalia.com/2013/pasta-madre-day-2013/#comment-1801/" "Mozilla/5.0 (Windows NT 6.1; Win64; x64) AppleWebKit/537.36 (KHTML, like Gecko) Chrome/67.0.3396.87 Safari/537.36 OPR/54.0.2952.64" 
114.119.167.251 - - [08/Apr/2020:02:35:44 -0700] "GET /2016/resurrection HTTP/1.1" 301 4040 "-" "Mozilla/5.0 (Linux; Android 7.0;) AppleWebKit/537.36 (KHTML, like Gecko) Mobile Safari/537.36 (compatible; AspiegelBot)" 
64.111.100.215 - - [08/Apr/2020:02:35:44 -0700] "POST /wp-cron.php?doing_wp_cron=1586338544.1690950393676757812500 HTTP/1.1" 200 3494 "https://www.fornacalia.com/wp-cron.php?doing_wp_cron=1586338544.1690950393676757812500" "WordPress/5.2.5; https://www.fornacalia.com" 
114.119.167.251 - - [08/Apr/2020:02:35:46 -0700] "GET /2016/resurrection/ HTTP/1.1" 200 12215 "-" "Mozilla/5.0 (Linux; Android 7.0;) AppleWebKit/537.36 (KHTML, like Gecko) Mobile Safari/537.36 (compatible; AspiegelBot)" 
151.70.250.93 - - [08/Apr/2020:02:38:17 -0700] "GET /wp-content/uploads/2018/02/panis-quadratus.png HTTP/1.1" 200 695977 "https://www.bing.com/" "Mozilla/5.0 (Windows NT 10.0; Win64; x64) AppleWebKit/537.36 (KHTML, like Gecko) Chrome/64.0.3282.140 Safari/537.36 Edge/17.17134" 
114.119.167.251 - - [08/Apr/2020:02:41:12 -0700] "GET /author/jeremy/page/8 HTTP/1.1" 301 4043 "-" "Mozilla/5.0 (Linux; Android 7.0;) AppleWebKit/537.36 (KHTML, like Gecko) Mobile Safari/537.36 (compatible; AspiegelBot)" 
114.119.167.251 - - [08/Apr/2020:02:41:14 -0700] "GET /author/jeremy/page/8/ HTTP/1.1" 200 14063 "-" "Mozilla/5.0 (Linux; Android 7.0;) AppleWebKit/537.36 (KHTML, like Gecko) Mobile Safari/537.36 (compatible; AspiegelBot)" 
5.188.84.65 - - [08/Apr/2020:02:41:21 -0700] "GET /2013/pasta-madre-day-2013/ HTTP/1.0" 200 32928 "https://www.fornacalia.com/2013/pasta-madre-day-2013/#comment-1801/" "Mozilla/5.0 (Windows NT 6.1; Win64; x64) AppleWebKit/537.36 (KHTML, like Gecko) Chrome/66.0.3359.170 Safari/537.36 OPR/53.0.2907.99" 
5.188.84.65 - - [08/Apr/2020:02:41:22 -0700] "POST /wp-comments-post.php HTTP/1.0" 302 4063 "https://www.fornacalia.com/2013/pasta-madre-day-2013/#comment-1801/" "Mozilla/5.0 (Windows NT 6.1; Win64; x64) AppleWebKit/537.36 (KHTML, like Gecko) Chrome/66.0.3359.170 Safari/537.36 OPR/53.0.2907.99" 
109.162.126.124 - - [08/Apr/2020:02:46:48 -0700] "GET /2013/pasta-madre-day-2013/ HTTP/1.0" 200 32928 "https://www.fornacalia.com/2013/pasta-madre-day-2013/#comment-34740" "Mozilla/5.0 (Windows NT 10.0; Win64; x64) AppleWebKit/537.36 (KHTML, like Gecko) Chrome/67.0.3396.99 Safari/537.36" 
109.162.126.124 - - [08/Apr/2020:02:46:49 -0700] "GET /2013/pasta-madre-day-2013/ HTTP/1.0" 200 32928 "https://www.fornacalia.com/2013/pasta-madre-day-2013/#comment-34740" "Mozilla/5.0 (Windows NT 10.0; Win64; x64) AppleWebKit/537.36 (KHTML, like Gecko) Chrome/67.0.3396.99 Safari/537.36" 
109.162.126.124 - - [08/Apr/2020:02:46:50 -0700] "GET /author/jeremy/ HTTP/1.0" 200 55582 "https://www.fornacalia.com/author/jeremy/" "Mozilla/5.0 (Windows NT 10.0; Win64; x64) AppleWebKit/537.36 (KHTML, like Gecko) Chrome/67.0.3396.99 Safari/537.36" 
149.28.8.137 - - [08/Apr/2020:02:48:22 -0700] "GET /wp-login.php HTTP/1.1" 200 4830 "-" "Mozilla/5.0 (X11; Ubuntu; Linux x86_64; rv:62.0) Gecko/20100101 Firefox/62.0" 
149.28.8.137 - - [08/Apr/2020:02:48:22 -0700] "POST /wp-login.php HTTP/1.1" 200 5223 "-" "Mozilla/5.0 (X11; Ubuntu; Linux x86_64; rv:62.0) Gecko/20100101 Firefox/62.0" 
149.28.8.137 - - [08/Apr/2020:02:48:22 -0700] "GET /wp-login.php HTTP/1.1" 200 4830 "-" "Mozilla/5.0 (X11; Ubuntu; Linux x86_64; rv:62.0) Gecko/20100101 Firefox/62.0" 
149.28.8.137 - - [08/Apr/2020:02:48:23 -0700] "POST /wp-login.php HTTP/1.1" 200 5205 "-" "Mozilla/5.0 (X11; Ubuntu; Linux x86_64; rv:62.0) Gecko/20100101 Firefox/62.0" 
149.28.8.137 - - [08/Apr/2020:02:48:23 -0700] "POST /xmlrpc.php HTTP/1.1" 200 3697 "-" "Mozilla/5.0 (X11; Ubuntu; Linux x86_64; rv:62.0) Gecko/20100101 Firefox/62.0" 
5.188.84.15 - - [08/Apr/2020:02:54:13 -0700] "GET /2013/pasta-madre-day-2013/ HTTP/1.0" 200 32928 "https://www.fornacalia.com/2013/pasta-madre-day-2013/#comment-1801/" "Mozilla/5.0 (Windows NT 10.0; Win64; x64) AppleWebKit/537.36 (KHTML, like Gecko) Chrome/67.0.3396.87 Safari/537.36" 
5.188.84.15 - - [08/Apr/2020:02:54:14 -0700] "POST /wp-comments-post.php HTTP/1.0" 302 4063 "https://www.fornacalia.com/2013/pasta-madre-day-2013/#comment-1801/" "Mozilla/5.0 (Windows NT 10.0; Win64; x64) AppleWebKit/537.36 (KHTML, like Gecko) Chrome/67.0.3396.87 Safari/537.36" 
188.121.41.181 - - [08/Apr/2020:03:02:45 -0700] "GET /wp-login.php HTTP/1.1" 200 7160 "https://www.fornacalia.com/wp-login.php" "Mozilla/5.0 (Windows NT 10.0; Win64; x64) AppleWebKit/537.36 (KHTML, like Gecko) Chrome/76.0.3809.100 Safari/537.36" 
188.121.41.181 - - [08/Apr/2020:03:02:53 -0700] "POST /wp-login.php HTTP/1.1" 200 8156 "https://www.fornacalia.com/wp-login.php" "Mozilla/5.0 (Windows NT 10.0; Win64; x64) AppleWebKit/537.36 (KHTML, like Gecko) Chrome/76.0.3809.100 Safari/537.36" 
114.119.161.162 - - [08/Apr/2020:03:06:24 -0700] "GET /2012/tasting-the-apple-cider-levain-loaf/%23content HTTP/1.1" 404 9773 "-" "Mozilla/5.0 (Linux; Android 7.0;) AppleWebKit/537.36 (KHTML, like Gecko) Mobile Safari/537.36 (compatible; AspiegelBot)" 
5.188.84.25 - - [08/Apr/2020:03:10:40 -0700] "GET /2013/pasta-madre-day-2013/ HTTP/1.0" 200 32928 "https://www.fornacalia.com/2013/pasta-madre-day-2013/#comment-1801/" "Mozilla/5.0 (Windows NT 6.3; Win64; x64) AppleWebKit/537.36 (KHTML, like Gecko) Chrome/68.0.3440.106 Safari/537.36" 
5.188.84.25 - - [08/Apr/2020:03:10:41 -0700] "POST /wp-comments-post.php HTTP/1.0" 302 4063 "https://www.fornacalia.com/2013/pasta-madre-day-2013/#comment-1801/" "Mozilla/5.0 (Windows NT 6.3; Win64; x64) AppleWebKit/537.36 (KHTML, like Gecko) Chrome/68.0.3440.106 Safari/537.36" 
5.188.84.35 - - [08/Apr/2020:03:11:28 -0700] "GET /2013/pasta-madre-day-2013/ HTTP/1.0" 200 32928 "https://www.fornacalia.com/2013/pasta-madre-day-2013/#comment-1801/" "Mozilla/5.0 (Windows NT 6.1; Win64; x64) AppleWebKit/537.36 (KHTML, like Gecko) Chrome/68.0.3440.106 Safari/537.36 OPR/55.0.2994.44" 
54.36.148.82 - - [08/Apr/2020:03:11:28 -0700] "GET /robots.txt HTTP/1.1" 301 3645 "-" "Mozilla/5.0 (compatible; AhrefsBot/6.1; +http://ahrefs.com/robot/)" 
54.36.148.82 - - [08/Apr/2020:03:11:29 -0700] "GET /robots.txt HTTP/1.1" 200 4041 "-" "Mozilla/5.0 (compatible; AhrefsBot/6.1; +http://ahrefs.com/robot/)" 
5.188.84.35 - - [08/Apr/2020:03:11:29 -0700] "POST /wp-comments-post.php HTTP/1.0" 302 4063 "https://www.fornacalia.com/2013/pasta-madre-day-2013/#comment-1801/" "Mozilla/5.0 (Windows NT 6.1; Win64; x64) AppleWebKit/537.36 (KHTML, like Gecko) Chrome/68.0.3440.106 Safari/537.36 OPR/55.0.2994.44" 
138.68.57.207 - - [08/Apr/2020:03:11:29 -0700] "GET /wp-login.php HTTP/1.1" 200 4830 "-" "Mozilla/5.0 (X11; Ubuntu; Linux x86_64; rv:62.0) Gecko/20100101 Firefox/62.0" 
138.68.57.207 - - [08/Apr/2020:03:11:30 -0700] "POST /wp-login.php HTTP/1.1" 200 5223 "-" "Mozilla/5.0 (X11; Ubuntu; Linux x86_64; rv:62.0) Gecko/20100101 Firefox/62.0" 
138.68.57.207 - - [08/Apr/2020:03:11:30 -0700] "GET /wp-login.php HTTP/1.1" 200 4830 "-" "Mozilla/5.0 (X11; Ubuntu; Linux x86_64; rv:62.0) Gecko/20100101 Firefox/62.0" 
138.68.57.207 - - [08/Apr/2020:03:11:31 -0700] "POST /wp-login.php HTTP/1.1" 200 5205 "-" "Mozilla/5.0 (X11; Ubuntu; Linux x86_64; rv:62.0) Gecko/20100101 Firefox/62.0" 
138.68.57.207 - - [08/Apr/2020:03:11:31 -0700] "POST /xmlrpc.php HTTP/1.1" 200 3697 "-" "Mozilla/5.0 (X11; Ubuntu; Linux x86_64; rv:62.0) Gecko/20100101 Firefox/62.0" 
5.188.84.15 - - [08/Apr/2020:03:14:52 -0700] "GET /2013/pasta-madre-day-2013/ HTTP/1.0" 200 32928 "https://www.fornacalia.com/2013/pasta-madre-day-2013/#comment-1801/" "Mozilla/5.0 (Windows NT 5.1) AppleWebKit/537.36 (KHTML, like Gecko) Chrome/49.0.2623.112 Safari/537.36" 
5.188.84.15 - - [08/Apr/2020:03:14:53 -0700] "POST /wp-comments-post.php HTTP/1.0" 302 4063 "https://www.fornacalia.com/2013/pasta-madre-day-2013/#comment-1801/" "Mozilla/5.0 (Windows NT 5.1) AppleWebKit/537.36 (KHTML, like Gecko) Chrome/49.0.2623.112 Safari/537.36" 
5.188.84.35 - - [08/Apr/2020:03:16:22 -0700] "GET /2013/pasta-madre-day-2013/ HTTP/1.0" 200 32928 "https://www.fornacalia.com/2013/pasta-madre-day-2013/#comment-1801/" "Mozilla/5.0 (Windows NT 6.1; Win64; x64) AppleWebKit/537.36 (KHTML, like Gecko) Chrome/67.0.3396.87 Safari/537.36 OPR/54.0.2952.54" 
5.188.84.35 - - [08/Apr/2020:03:16:23 -0700] "POST /wp-comments-post.php HTTP/1.0" 302 4063 "https://www.fornacalia.com/2013/pasta-madre-day-2013/#comment-1801/" "Mozilla/5.0 (Windows NT 6.1; Win64; x64) AppleWebKit/537.36 (KHTML, like Gecko) Chrome/67.0.3396.87 Safari/537.36 OPR/54.0.2952.54" 
114.119.161.162 - - [08/Apr/2020:03:16:55 -0700] "GET /2014/in-which-a-croissant-recipe-makes-me-cross?replytocom=12204 HTTP/1.1" 301 4087 "-" "Mozilla/5.0 (Linux; Android 7.0;) AppleWebKit/537.36 (KHTML, like Gecko) Mobile Safari/537.36 (compatible; AspiegelBot)" 
114.119.161.162 - - [08/Apr/2020:03:16:56 -0700] "GET /2014/in-which-a-croissant-recipe-makes-me-cross/?replytocom=12204 HTTP/1.1" 200 7280 "-" "Mozilla/5.0 (Linux; Android 7.0;) AppleWebKit/537.36 (KHTML, like Gecko) Mobile Safari/537.36 (compatible; AspiegelBot)" 
40.77.167.49 - - [08/Apr/2020:03:25:02 -0700] "GET /wp-content/uploads/2018/01/50-percent-long-soak-2.png HTTP/1.1" 200 637743 "-" "Mozilla/5.0 (compatible; bingbot/2.0; +http://www.bing.com/bingbot.htm)" 
5.188.84.45 - - [08/Apr/2020:03:25:33 -0700] "GET /2013/pasta-madre-day-2013/ HTTP/1.0" 200 32928 "https://www.fornacalia.com/2013/pasta-madre-day-2013/#comment-1801/" "Mozilla/5.0 (Windows NT 10.0; Win64; x64) AppleWebKit/537.36 (KHTML, like Gecko) Chrome/67.0.3396.87 Safari/537.36 OPR/54.0.2952.71" 
5.188.84.45 - - [08/Apr/2020:03:25:34 -0700] "POST /wp-comments-post.php HTTP/1.0" 302 4063 "https://www.fornacalia.com/2013/pasta-madre-day-2013/#comment-1801/" "Mozilla/5.0 (Windows NT 10.0; Win64; x64) AppleWebKit/537.36 (KHTML, like Gecko) Chrome/67.0.3396.87 Safari/537.36 OPR/54.0.2952.71" 
114.119.165.219 - - [08/Apr/2020:03:29:11 -0700] "GET /2013/poppyseed-cake HTTP/1.1" 301 4093 "-" "Mozilla/5.0 (Linux; Android 7.0;) AppleWebKit/537.36 (KHTML, like Gecko) Mobile Safari/537.36 (compatible; AspiegelBot)" 
114.119.165.219 - - [08/Apr/2020:03:29:12 -0700] "GET /2013/poppyseed-cake/ HTTP/1.1" 200 11943 "-" "Mozilla/5.0 (Linux; Android 7.0;) AppleWebKit/537.36 (KHTML, like Gecko) Mobile Safari/537.36 (compatible; AspiegelBot)" 
5.188.84.80 - - [08/Apr/2020:03:29:23 -0700] "GET /2013/pasta-madre-day-2013/ HTTP/1.0" 200 32928 "https://www.fornacalia.com/2013/pasta-madre-day-2013/#comment-1801/" "Mozilla/5.0 (Windows NT 10.0; Win64; x64) AppleWebKit/537.36 (KHTML, like Gecko) Chrome/66.0.3359.170 Safari/537.36 OPR/53.0.2907.68" 
5.188.84.80 - - [08/Apr/2020:03:29:25 -0700] "POST /wp-comments-post.php HTTP/1.0" 302 4063 "https://www.fornacalia.com/2013/pasta-madre-day-2013/#comment-1801/" "Mozilla/5.0 (Windows NT 10.0; Win64; x64) AppleWebKit/537.36 (KHTML, like Gecko) Chrome/66.0.3359.170 Safari/537.36 OPR/53.0.2907.68" 
5.188.84.45 - - [08/Apr/2020:03:31:52 -0700] "GET /2013/pasta-madre-day-2013/ HTTP/1.0" 200 32928 "https://www.fornacalia.com/2013/pasta-madre-day-2013/#comment-1801/" "Mozilla/5.0 (Windows NT 6.1; WOW64) AppleWebKit/537.36 (KHTML, like Gecko) Chrome/66.0.3359.170 Safari/537.36 OPR/53.0.2907.99" 
5.188.84.45 - - [08/Apr/2020:03:31:53 -0700] "POST /wp-comments-post.php HTTP/1.0" 302 4063 "https://www.fornacalia.com/2013/pasta-madre-day-2013/#comment-1801/" "Mozilla/5.0 (Windows NT 6.1; WOW64) AppleWebKit/537.36 (KHTML, like Gecko) Chrome/66.0.3359.170 Safari/537.36 OPR/53.0.2907.99" 
5.188.84.233 - - [08/Apr/2020:03:34:12 -0700] "GET /2013/pasta-madre-day-2013/ HTTP/1.0" 200 32928 "https://www.fornacalia.com/2013/pasta-madre-day-2013/#comment-1801/" "Mozilla/5.0 (Windows NT 10.0; Win64; x64) AppleWebKit/537.36 (KHTML, like Gecko) Chrome/58.0.3029.110 Safari/537.36 Edge/16.16299" 
5.188.84.233 - - [08/Apr/2020:03:34:13 -0700] "POST /wp-comments-post.php HTTP/1.0" 302 4063 "https://www.fornacalia.com/2013/pasta-madre-day-2013/#comment-1801/" "Mozilla/5.0 (Windows NT 10.0; Win64; x64) AppleWebKit/537.36 (KHTML, like Gecko) Chrome/58.0.3029.110 Safari/537.36 Edge/16.16299" 
178.22.59.114 - - [08/Apr/2020:03:34:19 -0700] "GET /wp-login.php HTTP/1.1" 200 4830 "-" "Mozilla/5.0 (X11; Ubuntu; Linux x86_64; rv:62.0) Gecko/20100101 Firefox/62.0" 
178.22.59.114 - - [08/Apr/2020:03:34:19 -0700] "POST /wp-login.php HTTP/1.1" 200 5223 "-" "Mozilla/5.0 (X11; Ubuntu; Linux x86_64; rv:62.0) Gecko/20100101 Firefox/62.0" 
178.22.59.114 - - [08/Apr/2020:03:34:20 -0700] "GET /wp-login.php HTTP/1.1" 200 4830 "-" "Mozilla/5.0 (X11; Ubuntu; Linux x86_64; rv:62.0) Gecko/20100101 Firefox/62.0" 
178.22.59.114 - - [08/Apr/2020:03:34:20 -0700] "POST /wp-login.php HTTP/1.1" 200 5205 "-" "Mozilla/5.0 (X11; Ubuntu; Linux x86_64; rv:62.0) Gecko/20100101 Firefox/62.0" 
178.22.59.114 - - [08/Apr/2020:03:34:20 -0700] "POST /xmlrpc.php HTTP/1.1" 200 3697 "-" "Mozilla/5.0 (X11; Ubuntu; Linux x86_64; rv:62.0) Gecko/20100101 Firefox/62.0" 
62.173.154.183 - - [08/Apr/2020:03:34:51 -0700] "GET /2019/first-course-in-rome/ HTTP/1.0" 200 29583 "https://www.fornacalia.com/2019/first-course-in-rome/" "Mozilla/5.0 (Windows NT 10.0) AppleWebKit/537.36 (KHTML, like Gecko) Chrome/67.0.3396.99 Safari/537.36" 
5.188.84.220 - - [08/Apr/2020:03:37:12 -0700] "GET /2013/pasta-madre-day-2013/ HTTP/1.0" 200 32928 "https://www.fornacalia.com/2013/pasta-madre-day-2013/#comment-1801/" "Mozilla/5.0 (Windows NT 6.3; Win64; x64) AppleWebKit/537.36 (KHTML, like Gecko) Chrome/65.0.3325.146 Safari/537.36" 
5.188.84.220 - - [08/Apr/2020:03:37:14 -0700] "POST /wp-comments-post.php HTTP/1.0" 302 4063 "https://www.fornacalia.com/2013/pasta-madre-day-2013/#comment-1801/" "Mozilla/5.0 (Windows NT 6.3; Win64; x64) AppleWebKit/537.36 (KHTML, like Gecko) Chrome/65.0.3325.146 Safari/537.36" 
220.181.108.81 - - [08/Apr/2020:03:38:13 -0700] "GET /tag/autolyse/ HTTP/1.1" 200 23522 "-" "Mozilla/5.0 (compatible; Baiduspider/2.0; +http://www.baidu.com/search/spider.html)" 
111.206.198.41 - - [08/Apr/2020:03:38:16 -0700] "GET /wp-content/themes/Autonomie-child/css/wide-width.css?ver=1.0.0 HTTP/1.1" 404 24852 "https://www.fornacalia.com/tag/autolyse/" "Mozilla/5.0 (compatible; Baiduspider-render/2.0; +http://www.baidu.com/search/spider.html)" 
111.206.198.42 - - [08/Apr/2020:03:38:18 -0700] "GET /wp-content/themes/autonomie/js/skip-link-focus-fix.js?ver=1.0.0 HTTP/1.1" 200 4561 "https://www.fornacalia.com/tag/autolyse/" "Mozilla/5.0 (compatible; Baiduspider-render/2.0; +http://www.baidu.com/search/spider.html)" 
111.206.221.106 - - [08/Apr/2020:03:38:19 -0700] "GET /wp-includes/js/wp-embed.min.js?ver=5.2.5 HTTP/1.1" 200 5070 "https://www.fornacalia.com/tag/autolyse/" "Mozilla/5.0 (compatible; Baiduspider-render/2.0; +http://www.baidu.com/search/spider.html)" 
111.206.221.18 - - [08/Apr/2020:03:38:20 -0700] "GET /wp-includes/js/wp-emoji-release.min.js?ver=5.2.5 HTTP/1.1" 200 17509 "https://www.fornacalia.com/tag/autolyse/" "Mozilla/5.0 (compatible; Baiduspider-render/2.0; +http://www.baidu.com/search/spider.html)" 
5.188.84.80 - - [08/Apr/2020:03:43:12 -0700] "GET /2013/pasta-madre-day-2013/ HTTP/1.0" 200 32928 "https://www.fornacalia.com/2013/pasta-madre-day-2013/#comment-1801/" "Mozilla/5.0 (Windows NT 6.3; Win64; x64) AppleWebKit/537.36 (KHTML, like Gecko) Chrome/67.0.3396.79 Safari/537.36" 
64.111.100.215 - - [08/Apr/2020:03:43:12 -0700] "POST /wp-cron.php?doing_wp_cron=1586342592.1171109676361083984375 HTTP/1.1" 200 3494 "https://www.fornacalia.com/wp-cron.php?doing_wp_cron=1586342592.1171109676361083984375" "WordPress/5.2.5; https://www.fornacalia.com" 
5.188.84.80 - - [08/Apr/2020:03:43:14 -0700] "POST /wp-comments-post.php HTTP/1.0" 302 4063 "https://www.fornacalia.com/2013/pasta-madre-day-2013/#comment-1801/" "Mozilla/5.0 (Windows NT 6.3; Win64; x64) AppleWebKit/537.36 (KHTML, like Gecko) Chrome/67.0.3396.79 Safari/537.36" 
5.188.84.25 - - [08/Apr/2020:03:46:49 -0700] "GET /2013/pasta-madre-day-2013/ HTTP/1.0" 200 32928 "https://www.fornacalia.com/2013/pasta-madre-day-2013/#comment-1801/" "Mozilla/5.0 (Windows NT 6.1; Win64; x64) AppleWebKit/537.36 (KHTML, like Gecko) Chrome/68.0.3440.84 Safari/537.36" 
5.188.84.25 - - [08/Apr/2020:03:46:50 -0700] "POST /wp-comments-post.php HTTP/1.0" 302 4063 "https://www.fornacalia.com/2013/pasta-madre-day-2013/#comment-1801/" "Mozilla/5.0 (Windows NT 6.1; Win64; x64) AppleWebKit/537.36 (KHTML, like Gecko) Chrome/68.0.3440.84 Safari/537.36" 
5.188.84.220 - - [08/Apr/2020:03:46:52 -0700] "GET /2013/pasta-madre-day-2013/ HTTP/1.0" 200 32928 "https://www.fornacalia.com/2013/pasta-madre-day-2013/#comment-1801/" "Mozilla/5.0 (Windows NT 6.1) AppleWebKit/537.36 (KHTML, like Gecko) Chrome/67.0.3396.99 Safari/537.36 Kinza/4.8.2" 
5.188.84.220 - - [08/Apr/2020:03:46:53 -0700] "POST /wp-comments-post.php HTTP/1.0" 302 4063 "https://www.fornacalia.com/2013/pasta-madre-day-2013/#comment-1801/" "Mozilla/5.0 (Windows NT 6.1) AppleWebKit/537.36 (KHTML, like Gecko) Chrome/67.0.3396.99 Safari/537.36 Kinza/4.8.2" 
5.188.84.233 - - [08/Apr/2020:03:54:59 -0700] "GET /2013/pasta-madre-day-2013/ HTTP/1.0" 200 32928 "https://www.fornacalia.com/2013/pasta-madre-day-2013/#comment-1801/" "Mozilla/5.0 (Windows NT 6.3; Win64; x64) AppleWebKit/537.36 (KHTML, like Gecko) Chrome/67.0.3396.99 Safari/537.36" 
5.188.84.233 - - [08/Apr/2020:03:55:00 -0700] "POST /wp-comments-post.php HTTP/1.0" 302 4063 "https://www.fornacalia.com/2013/pasta-madre-day-2013/#comment-1801/" "Mozilla/5.0 (Windows NT 6.3; Win64; x64) AppleWebKit/537.36 (KHTML, like Gecko) Chrome/67.0.3396.99 Safari/537.36" 
145.239.69.74 - - [08/Apr/2020:03:56:08 -0700] "GET /wp-login.php HTTP/1.1" 200 4830 "-" "Mozilla/5.0 (X11; Ubuntu; Linux x86_64; rv:62.0) Gecko/20100101 Firefox/62.0" 
145.239.69.74 - - [08/Apr/2020:03:56:08 -0700] "POST /wp-login.php HTTP/1.1" 200 5223 "-" "Mozilla/5.0 (X11; Ubuntu; Linux x86_64; rv:62.0) Gecko/20100101 Firefox/62.0" 
145.239.69.74 - - [08/Apr/2020:03:56:08 -0700] "GET /wp-login.php HTTP/1.1" 200 4830 "-" "Mozilla/5.0 (X11; Ubuntu; Linux x86_64; rv:62.0) Gecko/20100101 Firefox/62.0" 
145.239.69.74 - - [08/Apr/2020:03:56:09 -0700] "POST /wp-login.php HTTP/1.1" 200 5205 "-" "Mozilla/5.0 (X11; Ubuntu; Linux x86_64; rv:62.0) Gecko/20100101 Firefox/62.0" 
145.239.69.74 - - [08/Apr/2020:03:56:09 -0700] "POST /xmlrpc.php HTTP/1.1" 200 3697 "-" "Mozilla/5.0 (X11; Ubuntu; Linux x86_64; rv:62.0) Gecko/20100101 Firefox/62.0" 
5.188.84.65 - - [08/Apr/2020:03:58:17 -0700] "GET /2013/pasta-madre-day-2013/ HTTP/1.0" 200 32928 "https://www.fornacalia.com/2013/pasta-madre-day-2013/#comment-1801/" "Mozilla/5.0 (Windows NT 6.1; Win64; x64) AppleWebKit/537.36 (KHTML, like Gecko) Chrome/68.0.3440.106 Safari/537.36" 
5.188.84.65 - - [08/Apr/2020:03:58:18 -0700] "POST /wp-comments-post.php HTTP/1.0" 302 4063 "https://www.fornacalia.com/2013/pasta-madre-day-2013/#comment-1801/" "Mozilla/5.0 (Windows NT 6.1; Win64; x64) AppleWebKit/537.36 (KHTML, like Gecko) Chrome/68.0.3440.106 Safari/537.36" 
91.188.212.243 - - [08/Apr/2020:04:00:17 -0700] "GET / HTTP/1.1" 200 55932 "https://7ooo.ru/" "Re-re Studio (+http://2re.site/)" 
54.36.148.218 - - [08/Apr/2020:04:08:01 -0700] "GET /robots.txt HTTP/1.1" 200 4041 "-" "Mozilla/5.0 (compatible; AhrefsBot/6.1; +http://ahrefs.com/robot/)" 
54.36.148.111 - - [08/Apr/2020:04:08:02 -0700] "GET /2014/no-knead-revisited/ HTTP/1.1" 200 13729 "-" "Mozilla/5.0 (compatible; AhrefsBot/6.1; +http://ahrefs.com/robot/)" 
40.77.167.80 - - [08/Apr/2020:04:09:06 -0700] "GET /wp-content/uploads/2013/10/With-jam.jpg HTTP/1.1" 200 30304 "-" "Mozilla/5.0 (compatible; bingbot/2.0; +http://www.bing.com/bingbot.htm)" 
5.188.84.65 - - [08/Apr/2020:04:09:06 -0700] "GET /2013/pasta-madre-day-2013/ HTTP/1.0" 200 32928 "https://www.fornacalia.com/2013/pasta-madre-day-2013/#comment-1801/" "Mozilla/5.0 (Windows NT 10.0; Win64; x64) AppleWebKit/537.36 (KHTML, like Gecko) Chrome/65.0.3325.181 Safari/537.36" 
5.188.84.65 - - [08/Apr/2020:04:09:07 -0700] "POST /wp-comments-post.php HTTP/1.0" 302 4063 "https://www.fornacalia.com/2013/pasta-madre-day-2013/#comment-1801/" "Mozilla/5.0 (Windows NT 10.0; Win64; x64) AppleWebKit/537.36 (KHTML, like Gecko) Chrome/65.0.3325.181 Safari/537.36" 
66.249.70.15 - - [08/Apr/2020:04:14:19 -0700] "GET /2017/black-pepper-rye/ HTTP/1.1" 200 14286 "-" "Mozilla/5.0 (compatible; Googlebot/2.1; +http://www.google.com/bot.html)" 
17.58.96.249 - - [08/Apr/2020:04:18:15 -0700] "GET /page/3/ HTTP/1.1" 200 19807 "-" "Mozilla/5.0 (Macintosh; Intel Mac OS X 10_10_1) AppleWebKit/600.2.5 (KHTML, like Gecko) Version/8.0.2 Safari/600.2.5 (Applebot/0.1; +http://www.apple.com/go/applebot)" 
163.172.125.208 - - [08/Apr/2020:04:18:26 -0700] "GET /wp-login.php HTTP/1.1" 200 4830 "-" "Mozilla/5.0 (X11; Ubuntu; Linux x86_64; rv:62.0) Gecko/20100101 Firefox/62.0" 
163.172.125.208 - - [08/Apr/2020:04:18:31 -0700] "POST /wp-login.php HTTP/1.1" 200 5223 "-" "Mozilla/5.0 (X11; Ubuntu; Linux x86_64; rv:62.0) Gecko/20100101 Firefox/62.0" 
163.172.125.208 - - [08/Apr/2020:04:18:37 -0700] "GET /wp-login.php HTTP/1.1" 200 4830 "-" "Mozilla/5.0 (X11; Ubuntu; Linux x86_64; rv:62.0) Gecko/20100101 Firefox/62.0" 
163.172.125.208 - - [08/Apr/2020:04:18:37 -0700] "POST /wp-login.php HTTP/1.1" 200 5201 "-" "Mozilla/5.0 (X11; Ubuntu; Linux x86_64; rv:62.0) Gecko/20100101 Firefox/62.0" 
163.172.125.208 - - [08/Apr/2020:04:18:43 -0700] "POST /xmlrpc.php HTTP/1.1" 200 3697 "-" "Mozilla/5.0 (X11; Ubuntu; Linux x86_64; rv:62.0) Gecko/20100101 Firefox/62.0" 
178.70.247.68 - - [08/Apr/2020:04:19:54 -0700] "GET /2013/pasta-madre-day-2013/ HTTP/1.0" 200 32928 "https://www.fornacalia.com/2013/pasta-madre-day-2013/#comment-34757" "Mozilla/5.0 (Windows NT 6.3; Win64; x64) AppleWebKit/537.36 (KHTML, like Gecko) Chrome/66.0.3359.181 Safari/537.36" 
5.188.84.15 - - [08/Apr/2020:04:20:08 -0700] "GET /2013/pasta-madre-day-2013/ HTTP/1.0" 200 32928 "https://www.fornacalia.com/2013/pasta-madre-day-2013/#comment-1801/" "Mozilla/5.0 (Windows NT 10.0; Win64; x64) AppleWebKit/537.36 (KHTML, like Gecko) Chrome/66.0.3359.170 Safari/537.36 OPR/53.0.2907.99" 
5.188.84.15 - - [08/Apr/2020:04:20:09 -0700] "POST /wp-comments-post.php HTTP/1.0" 302 4063 "https://www.fornacalia.com/2013/pasta-madre-day-2013/#comment-1801/" "Mozilla/5.0 (Windows NT 10.0; Win64; x64) AppleWebKit/537.36 (KHTML, like Gecko) Chrome/66.0.3359.170 Safari/537.36 OPR/53.0.2907.99" 
114.119.166.39 - - [08/Apr/2020:04:26:12 -0700] "GET /page/9 HTTP/1.1" 301 4029 "-" "Mozilla/5.0 (Linux; Android 7.0;) AppleWebKit/537.36 (KHTML, like Gecko) Mobile Safari/537.36 (compatible; AspiegelBot)" 
114.119.166.39 - - [08/Apr/2020:04:26:25 -0700] "GET /page/9/ HTTP/1.1" 200 17795 "-" "Mozilla/5.0 (Linux; Android 7.0;) AppleWebKit/537.36 (KHTML, like Gecko) Mobile Safari/537.36 (compatible; AspiegelBot)" 
194.34.132.50 - - [08/Apr/2020:04:28:56 -0700] "GET /2013/pasta-madre-day-2013/ HTTP/1.0" 200 32928 "https://www.fornacalia.com/2013/pasta-madre-day-2013/#comment-25672" "Mozilla/5.0 (Windows NT 6.1; Win64; x64) AppleWebKit/537.36 (KHTML, like Gecko) Chrome/68.0.3440.106 Safari/537.36" 
114.119.167.160 - - [08/Apr/2020:04:31:23 -0700] "GET /2012/bbc-radio-four-discovers-sourdough/%23respond HTTP/1.1" 404 9773 "-" "Mozilla/5.0 (Linux; Android 7.0;) AppleWebKit/537.36 (KHTML, like Gecko) Mobile Safari/537.36 (compatible; AspiegelBot)" 
5.188.84.25 - - [08/Apr/2020:04:37:11 -0700] "GET /2013/pasta-madre-day-2013/ HTTP/1.0" 200 32928 "https://www.fornacalia.com/2013/pasta-madre-day-2013/#comment-1801/" "Mozilla/5.0 (Windows NT 6.1; Win64; x64) AppleWebKit/537.36 (KHTML, like Gecko) Chrome/66.0.3359.170 Safari/537.36 OPR/53.0.2907.106" 
5.188.84.25 - - [08/Apr/2020:04:37:13 -0700] "POST /wp-comments-post.php HTTP/1.0" 302 4063 "https://www.fornacalia.com/2013/pasta-madre-day-2013/#comment-1801/" "Mozilla/5.0 (Windows NT 6.1; Win64; x64) AppleWebKit/537.36 (KHTML, like Gecko) Chrome/66.0.3359.170 Safari/537.36 OPR/53.0.2907.106" 
5.188.84.35 - - [08/Apr/2020:04:39:15 -0700] "GET /2013/pasta-madre-day-2013/ HTTP/1.0" 200 32928 "https://www.fornacalia.com/2013/pasta-madre-day-2013/#comment-1801/" "Mozilla/5.0 (Windows NT 6.1; Win64; x64) AppleWebKit/537.36 (KHTML, like Gecko) Chrome/68.0.3440.106 Safari/537.36 OPR/55.0.2994.44" 
5.188.84.35 - - [08/Apr/2020:04:39:16 -0700] "POST /wp-comments-post.php HTTP/1.0" 302 4063 "https://www.fornacalia.com/2013/pasta-madre-day-2013/#comment-1801/" "Mozilla/5.0 (Windows NT 6.1; Win64; x64) AppleWebKit/537.36 (KHTML, like Gecko) Chrome/68.0.3440.106 Safari/537.36 OPR/55.0.2994.44" 
68.183.60.156 - - [08/Apr/2020:04:39:49 -0700] "GET /wp-login.php HTTP/1.1" 200 4830 "-" "Mozilla/5.0 (X11; Ubuntu; Linux x86_64; rv:62.0) Gecko/20100101 Firefox/62.0" 
68.183.60.156 - - [08/Apr/2020:04:39:50 -0700] "POST /wp-login.php HTTP/1.1" 200 5223 "-" "Mozilla/5.0 (X11; Ubuntu; Linux x86_64; rv:62.0) Gecko/20100101 Firefox/62.0" 
68.183.60.156 - - [08/Apr/2020:04:39:50 -0700] "GET /wp-login.php HTTP/1.1" 200 4830 "-" "Mozilla/5.0 (X11; Ubuntu; Linux x86_64; rv:62.0) Gecko/20100101 Firefox/62.0" 
68.183.60.156 - - [08/Apr/2020:04:39:50 -0700] "POST /wp-login.php HTTP/1.1" 200 5201 "-" "Mozilla/5.0 (X11; Ubuntu; Linux x86_64; rv:62.0) Gecko/20100101 Firefox/62.0" 
68.183.60.156 - - [08/Apr/2020:04:39:50 -0700] "POST /xmlrpc.php HTTP/1.1" 200 3697 "-" "Mozilla/5.0 (X11; Ubuntu; Linux x86_64; rv:62.0) Gecko/20100101 Firefox/62.0" 
5.188.84.15 - - [08/Apr/2020:04:40:49 -0700] "GET /2013/pasta-madre-day-2013/ HTTP/1.0" 200 32928 "https://www.fornacalia.com/2013/pasta-madre-day-2013/#comment-1801/" "Mozilla/5.0 (Windows NT 10.0; Win64; x64) AppleWebKit/537.36 (KHTML, like Gecko) Chrome/67.0.3396.87 Safari/537.36" 
5.188.84.15 - - [08/Apr/2020:04:40:50 -0700] "POST /wp-comments-post.php HTTP/1.0" 302 4063 "https://www.fornacalia.com/2013/pasta-madre-day-2013/#comment-1801/" "Mozilla/5.0 (Windows NT 10.0; Win64; x64) AppleWebKit/537.36 (KHTML, like Gecko) Chrome/67.0.3396.87 Safari/537.36" 
5.188.84.35 - - [08/Apr/2020:04:43:53 -0700] "GET /2013/pasta-madre-day-2013/ HTTP/1.0" 200 32928 "https://www.fornacalia.com/2013/pasta-madre-day-2013/#comment-1801/" "Mozilla/5.0 (Windows NT 5.1) AppleWebKit/537.36 (KHTML, like Gecko) Chrome/49.0.2623.112 Safari/537.36" 
5.188.84.35 - - [08/Apr/2020:04:43:54 -0700] "POST /wp-comments-post.php HTTP/1.0" 302 4063 "https://www.fornacalia.com/2013/pasta-madre-day-2013/#comment-1801/" "Mozilla/5.0 (Windows NT 5.1) AppleWebKit/537.36 (KHTML, like Gecko) Chrome/49.0.2623.112 Safari/537.36" 
114.119.165.219 - - [08/Apr/2020:04:49:04 -0700] "GET /author/jeremy/page/3/%23fn2-5209 HTTP/1.1" 404 9773 "-" "Mozilla/5.0 (Linux; Android 7.0;) AppleWebKit/537.36 (KHTML, like Gecko) Mobile Safari/537.36 (compatible; AspiegelBot)" 
138.197.141.124 - - [08/Apr/2020:04:49:18 -0700] "GET /wp-login.php HTTP/1.1" 200 4811 "-" "Mozilla/5.0 (Windows NT 6.1) AppleWebKit/537.36 (KHTML, like Gecko) Chrome/63.0.3239.84 Safari/537.36" 
138.197.141.124 - - [08/Apr/2020:04:49:18 -0700] "POST /wp-login.php HTTP/1.1" 200 2128 "-" "Mozilla/5.0 (Windows NT 6.1) AppleWebKit/537.36 (KHTML, like Gecko) Chrome/63.0.3239.84 Safari/537.36" 
17.58.96.249 - - [08/Apr/2020:04:49:29 -0700] "GET /2019/building-a-leaven/ HTTP/1.1" 200 11971 "-" "Mozilla/5.0 (Macintosh; Intel Mac OS X 10_10_1) AppleWebKit/600.2.5 (KHTML, like Gecko) Version/8.0.2 Safari/600.2.5 (Applebot/0.1; +http://www.apple.com/go/applebot)" 
5.188.84.45 - - [08/Apr/2020:04:52:41 -0700] "GET /2013/pasta-madre-day-2013/ HTTP/1.0" 200 32928 "https://www.fornacalia.com/2013/pasta-madre-day-2013/#comment-1801/" "Mozilla/5.0 (Windows NT 6.1; Win64; x64) AppleWebKit/537.36 (KHTML, like Gecko) Chrome/66.0.3359.170 Safari/537.36 OPR/53.0.2907.106" 
5.188.84.45 - - [08/Apr/2020:04:52:41 -0700] "POST /wp-comments-post.php HTTP/1.0" 302 4063 "https://www.fornacalia.com/2013/pasta-madre-day-2013/#comment-1801/" "Mozilla/5.0 (Windows NT 6.1; Win64; x64) AppleWebKit/537.36 (KHTML, like Gecko) Chrome/66.0.3359.170 Safari/537.36 OPR/53.0.2907.106" 
46.4.230.246 - - [08/Apr/2020:04:53:19 -0700] "GET /2019/hot-cross-buns/ HTTP/1.1" 200 13587 "https://www.fornacalia.com" "Mozilla/5.0 (Windows NT 10.0; Win64; x64) AppleWebKit/537.36 (KHTML, like Gecko) Chrome/62.0.3202.94 Safari/537.36" 
46.4.230.246 - - [08/Apr/2020:04:53:20 -0700] "POST /wp-comments-post.php HTTP/1.1" 302 4226 "https://www.fornacalia.com" "Mozilla/5.0 (Windows NT 10.0; Win64; x64) AppleWebKit/537.36 (KHTML, like Gecko) Chrome/62.0.3202.94 Safari/537.36" 
46.4.230.246 - - [08/Apr/2020:04:53:20 -0700] "GET /2019/hot-cross-buns/ HTTP/1.1" 200 13802 "https://www.fornacalia.com" "Mozilla/4.0 (compatible; MSIE 6.0; Windows NT 5.1; en) Opera 8.50" 
5.188.84.80 - - [08/Apr/2020:04:54:01 -0700] "GET /2013/pasta-madre-day-2013/ HTTP/1.0" 200 32928 "https://www.fornacalia.com/2013/pasta-madre-day-2013/#comment-1801/" "Mozilla/5.0 (Windows NT 6.1; Win64; x64) AppleWebKit/537.36 (KHTML, like Gecko) Chrome/67.0.3396.87 Safari/537.36 OPR/54.0.2952.51" 
5.188.84.80 - - [08/Apr/2020:04:54:02 -0700] "POST /wp-comments-post.php HTTP/1.0" 302 4063 "https://www.fornacalia.com/2013/pasta-madre-day-2013/#comment-1801/" "Mozilla/5.0 (Windows NT 6.1; Win64; x64) AppleWebKit/537.36 (KHTML, like Gecko) Chrome/67.0.3396.87 Safari/537.36 OPR/54.0.2952.51" 
73.245.12.9 - - [08/Apr/2020:04:58:43 -0700] "GET /category/crumbs/page/6/ HTTP/1.1" 200 10131 "https://www.fornacalia.com/category/crumbs/page/5/" "Mozilla/5.0 (Macintosh; Intel Mac OS X 10_15_4) AppleWebKit/605.1.15 (KHTML, like Gecko) Version/13.1 Safari/605.1.15" 
73.245.12.9 - - [08/Apr/2020:04:58:43 -0700] "GET /wp-includes/css/dist/block-library/style.min.css?ver=5.2.5 HTTP/1.1" 200 5391 "https://www.fornacalia.com/category/crumbs/page/6/" "Mozilla/5.0 (Macintosh; Intel Mac OS X 10_15_4) AppleWebKit/605.1.15 (KHTML, like Gecko) Version/13.1 Safari/605.1.15" 
73.245.12.9 - - [08/Apr/2020:04:58:43 -0700] "GET /wp-content/themes/Autonomie-child/css/wide-width.css?ver=1.0.0 HTTP/1.1" 404 6733 "https://www.fornacalia.com/category/crumbs/page/6/" "Mozilla/5.0 (Macintosh; Intel Mac OS X 10_15_4) AppleWebKit/605.1.15 (KHTML, like Gecko) Version/13.1 Safari/605.1.15" 
73.245.12.9 - - [08/Apr/2020:04:58:43 -0700] "GET /wp-content/plugins/indieweb/static/css/indieweb.css?ver=3.4.1 HTTP/1.1" 200 6994 "https://www.fornacalia.com/category/crumbs/page/6/" "Mozilla/5.0 (Macintosh; Intel Mac OS X 10_15_4) AppleWebKit/605.1.15 (KHTML, like Gecko) Version/13.1 Safari/605.1.15" 
73.245.12.9 - - [08/Apr/2020:04:58:44 -0700] "GET /wp-content/themes/autonomie/js/skip-link-focus-fix.js?ver=1.0.0 HTTP/1.1" 200 1010 "https://www.fornacalia.com/category/crumbs/page/6/" "Mozilla/5.0 (Macintosh; Intel Mac OS X 10_15_4) AppleWebKit/605.1.15 (KHTML, like Gecko) Version/13.1 Safari/605.1.15" 
73.245.12.9 - - [08/Apr/2020:04:58:44 -0700] "GET /wp-content/themes/autonomie/js/navigation.js?ver=1.0.0 HTTP/1.1" 200 1408 "https://www.fornacalia.com/category/crumbs/page/6/" "Mozilla/5.0 (Macintosh; Intel Mac OS X 10_15_4) AppleWebKit/605.1.15 (KHTML, like Gecko) Version/13.1 Safari/605.1.15" 
73.245.12.9 - - [08/Apr/2020:04:58:44 -0700] "GET /wp-content/themes/Autonomie-child/css/narrow-width.css?ver=1.0.0 HTTP/1.1" 200 1064 "https://www.fornacalia.com/category/crumbs/page/6/" "Mozilla/5.0 (Macintosh; Intel Mac OS X 10_15_4) AppleWebKit/605.1.15 (KHTML, like Gecko) Version/13.1 Safari/605.1.15" 
73.245.12.9 - - [08/Apr/2020:04:58:44 -0700] "GET /wp-content/themes/autonomie/style.css?ver=5.2.5 HTTP/1.1" 200 12655 "https://www.fornacalia.com/category/crumbs/page/6/" "Mozilla/5.0 (Macintosh; Intel Mac OS X 10_15_4) AppleWebKit/605.1.15 (KHTML, like Gecko) Version/13.1 Safari/605.1.15" 
73.245.12.9 - - [08/Apr/2020:04:58:44 -0700] "GET /wp-content/themes/Autonomie-child/style.css?ver=1.0.0 HTTP/1.1" 200 4569 "https://www.fornacalia.com/category/crumbs/page/6/" "Mozilla/5.0 (Macintosh; Intel Mac OS X 10_15_4) AppleWebKit/605.1.15 (KHTML, like Gecko) Version/13.1 Safari/605.1.15" 
73.245.12.9 - - [08/Apr/2020:04:58:44 -0700] "GET /wp-content/themes/autonomie/font/merriweather/merriweather-v15-latin-300.woff2 HTTP/1.1" 200 18992 "https://www.fornacalia.com/category/crumbs/page/6/" "Mozilla/5.0 (Macintosh; Intel Mac OS X 10_15_4) AppleWebKit/605.1.15 (KHTML, like Gecko) Version/13.1 Safari/605.1.15" 
73.245.12.9 - - [08/Apr/2020:04:58:44 -0700] "GET /wp-content/themes/autonomie/font/genericons/Genericons.woff HTTP/1.1" 200 14792 "https://www.fornacalia.com/category/crumbs/page/6/" "Mozilla/5.0 (Macintosh; Intel Mac OS X 10_15_4) AppleWebKit/605.1.15 (KHTML, like Gecko) Version/13.1 Safari/605.1.15" 
73.245.12.9 - - [08/Apr/2020:04:58:44 -0700] "GET /wp-content/themes/autonomie/font/lato/lato-v13-latin-300.woff2 HTTP/1.1" 200 23476 "https://www.fornacalia.com/category/crumbs/page/6/" "Mozilla/5.0 (Macintosh; Intel Mac OS X 10_15_4) AppleWebKit/605.1.15 (KHTML, like Gecko) Version/13.1 Safari/605.1.15" 
73.245.12.9 - - [08/Apr/2020:04:58:44 -0700] "GET /wp-content/themes/autonomie/font/lato/lato-v13-latin-700.woff2 HTTP/1.1" 200 23120 "https://www.fornacalia.com/category/crumbs/page/6/" "Mozilla/5.0 (Macintosh; Intel Mac OS X 10_15_4) AppleWebKit/605.1.15 (KHTML, like Gecko) Version/13.1 Safari/605.1.15" 
5.188.84.45 - - [08/Apr/2020:04:59:05 -0700] "GET /2013/pasta-madre-day-2013/ HTTP/1.0" 200 32928 "https://www.fornacalia.com/2013/pasta-madre-day-2013/#comment-1801/" "Mozilla/5.0 (Windows NT 6.1; WOW64) AppleWebKit/537.36 (KHTML, like Gecko) Chrome/66.0.3359.170 Safari/537.36 OPR/53.0.2907.99" 
5.188.84.45 - - [08/Apr/2020:04:59:06 -0700] "POST /wp-comments-post.php HTTP/1.0" 302 4063 "https://www.fornacalia.com/2013/pasta-madre-day-2013/#comment-1801/" "Mozilla/5.0 (Windows NT 6.1; WOW64) AppleWebKit/537.36 (KHTML, like Gecko) Chrome/66.0.3359.170 Safari/537.36 OPR/53.0.2907.99" 
5.188.84.233 - - [08/Apr/2020:04:59:50 -0700] "GET /2013/pasta-madre-day-2013/ HTTP/1.0" 200 32928 "https://www.fornacalia.com/2013/pasta-madre-day-2013/#comment-1801/" "Mozilla/5.0 (Windows NT 6.1) AppleWebKit/537.36 (KHTML, like Gecko) Chrome/67.0.3396.99 Safari/537.36 Kinza/4.8.2" 
5.188.84.233 - - [08/Apr/2020:04:59:51 -0700] "POST /wp-comments-post.php HTTP/1.0" 302 4063 "https://www.fornacalia.com/2013/pasta-madre-day-2013/#comment-1801/" "Mozilla/5.0 (Windows NT 6.1) AppleWebKit/537.36 (KHTML, like Gecko) Chrome/67.0.3396.99 Safari/537.36 Kinza/4.8.2" 
54.36.148.185 - - [08/Apr/2020:04:59:51 -0700] "GET /2018/gearing-up-for-fornacalia/feed/ HTTP/1.1" 200 4597 "-" "Mozilla/5.0 (compatible; AhrefsBot/6.1; +http://ahrefs.com/robot/)" 
5.188.84.220 - - [08/Apr/2020:05:05:20 -0700] "GET /2013/pasta-madre-day-2013/ HTTP/1.0" 200 32928 "https://www.fornacalia.com/2013/pasta-madre-day-2013/#comment-1801/" "Mozilla/5.0 (Windows NT 10.0; Win64; x64) AppleWebKit/537.36 (KHTML, like Gecko) Chrome/66.0.3359.181 Safari/537.36" 
5.188.84.220 - - [08/Apr/2020:05:05:22 -0700] "POST /wp-comments-post.php HTTP/1.0" 302 4063 "https://www.fornacalia.com/2013/pasta-madre-day-2013/#comment-1801/" "Mozilla/5.0 (Windows NT 10.0; Win64; x64) AppleWebKit/537.36 (KHTML, like Gecko) Chrome/66.0.3359.181 Safari/537.36" 
