64.111.100.215 - - [02/Mar/2020:05:50:55 -0800] "GET /content/all?_t=rss HTTP/1.1" 200 17356 "-" "Mozilla/5.0 (X11; U; Linux i686; fr; rv:1.9.1.1) Gecko/20090715 Firefox/3.5.1" 
209.61.195.74 - - [02/Mar/2020:05:54:31 -0800] "GET /content/photos/?offset=550 HTTP/1.1" 200 11302 "http://tantek.com/" "Mozilla/5.0 (Windows NT 6.2; WOW64; Trident/7.0; rv:11.0) like Gecko" 
209.61.195.74 - - [02/Mar/2020:05:54:32 -0800] "GET /2017/could-this-be-a-crape-myrtle-fruit-is-it-good HTTP/1.1" 200 6794 "http://tantek.com/" "Mozilla/5.0 (Windows NT 6.2; WOW64; Trident/7.0; rv:11.0) like Gecko" 
8.6.146.15 - - [02/Mar/2020:05:54:42 -0800] "GET /file/6d2a4aab61c145693d5388567ac692b3/A35CF55C-C393-40CE-BD41-9360A7671C6A.jpeg HTTP/1.1" 200 36766 "-" "Gluon/2020.3 (iPhone; iOS 13.4; Scale/3.00)" 
5.255.250.33 - - [02/Mar/2020:05:56:07 -0800] "GET /2017/trying-out-this-new-to-me-thing-called-grok-which-allows-me HTTP/1.1" 200 9708 "-" "Mozilla/5.0 (compatible; YandexBot/3.0; +http://yandex.com/bots)" 
66.249.79.66 - - [02/Mar/2020:05:57:37 -0800] "GET /robots.txt HTTP/1.1" 200 4614 "-" "Mozilla/5.0 (compatible; Googlebot/2.1; +http://www.google.com/bot.html)" 
66.249.79.66 - - [02/Mar/2020:05:57:37 -0800] "GET /content/all/?offset=1185 HTTP/1.1" 200 8227 "-" "Mozilla/5.0 (Linux; Android 6.0.1; Nexus 5X Build/MMB29P) AppleWebKit/537.36 (KHTML, like Gecko) Chrome/41.0.2272.96 Mobile Safari/537.36 (compatible; Googlebot/2.1; +http://www.google.com/bot.html)" 
66.249.79.69 - - [02/Mar/2020:05:57:41 -0800] "GET /service/web/unfurl/?url=https%3A%2F%2Fwww.npr.org%2Fsections%2Fthesalt%2F2018%2F05%2F22%2F613254356%2Fcdc-gives-the-all-clear-to-start-eating-romaine-lettuce-again&__bTk=cb12bc1b2f4c761cbaf0710bf1b9e4d33648939e0c4fa68cc4f9d91d6fa90e13&__bTs=1581120000 HTTP/1.1" 403 4723 "https://www.stream.jeremycherfas.net/content/all/?offset=1185" "Mozilla/5.0 (Linux; Android 6.0.1; Nexus 5X Build/MMB29P) AppleWebKit/537.36 (KHTML, like Gecko) Chrome/80.0.3987.92 Mobile Safari/537.36 (compatible; Googlebot/2.1; +http://www.google.com/bot.html)" 
66.249.79.66 - - [02/Mar/2020:05:57:42 -0800] "GET /service/web/unfurl/?url=https%3A%2F%2Fwww.npr.org%2Fsections%2Fthesalt%2F2018%2F05%2F22%2F613254356%2Fcdc-gives-the-all-clear-to-start-eating-romaine-lettuce-again&__bTk=cb12bc1b2f4c761cbaf0710bf1b9e4d33648939e0c4fa68cc4f9d91d6fa90e13&__bTs=1581221861 HTTP/1.1" 403 4723 "https://www.stream.jeremycherfas.net/content/all/?offset=1185" "Mozilla/5.0 (Linux; Android 6.0.1; Nexus 5X Build/MMB29P) AppleWebKit/537.36 (KHTML, like Gecko) Chrome/80.0.3987.92 Mobile Safari/537.36 (compatible; Googlebot/2.1; +http://www.google.com/bot.html)" 
219.145.144.65 - - [02/Mar/2020:05:57:42 -0800] "GET /profile/jeremy HTTP/1.1" 200 16111 "https://stream.jeremycherfas.net/" "Mozilla/5.0 (Windows NT 6.1; WOW64) AppleWebKit/537.36 (KHTML, like Gecko) Chrome/65.0.3325.181 Safari/537.36 OPR/52.0.2871.64" 
46.229.168.130 - - [02/Mar/2020:05:57:49 -0800] "GET /robots.txt HTTP/1.1" 200 4553 "-" "Mozilla/5.0 (compatible; SemrushBot/6~bl; +http://www.semrush.com/bot.html)" 
46.229.168.144 - - [02/Mar/2020:05:57:50 -0800] "GET /?q=%23%2B%23Http%3A%2F%2Fwww.marigoldroma.com%2F HTTP/1.1" 200 8540 "-" "Mozilla/5.0 (compatible; SemrushBot/6~bl; +http://www.semrush.com/bot.html)" 
219.145.144.65 - - [02/Mar/2020:05:57:50 -0800] "GET /content/bookmarkedpages/ HTTP/1.1" 200 12225 "https://stream.jeremycherfas.net/" "Mozilla/5.0 (Windows NT 6.1; WOW64) AppleWebKit/537.36 (KHTML, like Gecko) Chrome/65.0.3325.181 Safari/537.36 OPR/52.0.2871.64" 
46.229.168.145 - - [02/Mar/2020:05:57:59 -0800] "GET /robots.txt HTTP/1.1" 200 4577 "-" "Mozilla/5.0 (compatible; SemrushBot/6~bl; +http://www.semrush.com/bot.html)" 
46.229.168.150 - - [02/Mar/2020:05:57:59 -0800] "GET /?offset=27&q=%23%2B%23WithKnown HTTP/1.1" 200 13508 "-" "Mozilla/5.0 (compatible; SemrushBot/6~bl; +http://www.semrush.com/bot.html)" 
173.249.23.234 - - [02/Mar/2020:05:58:06 -0800] "GET /content/statusupdates/ HTTP/1.1" 200 11020 "https://stream.jeremycherfas.net/content/photos/?offset=550" "yacybot (-global; amd64 Linux 5.0.0-32-generic; java 11.0.4; Europe/en) http://yacy.net/bot.html" 
40.77.167.171 - - [02/Mar/2020:05:58:52 -0800] "GET /2019/preparing-for-this-weeks-bake-of-super-seedy-just-one-of?_t=rss HTTP/1.1" 200 5818 "-" "msnbot/2.0b (+http://search.msn.com/msnbot.htm)" 
157.230.171.35 - - [02/Mar/2020:05:58:55 -0800] "GET /?_t=rss HTTP/1.1" 304 3476 "-" "Feedbin feed-id:1536727 - 1 subscribers" 
104.247.195.53 - - [02/Mar/2020:05:59:11 -0800] "GET /content/photos/?offset=550 HTTP/1.1" 200 11187 "-" "Mozilla/5.0 (Windows; U; Windows NT 5.1; en-US) AppleWebKit/534.21 (KHTML, like Gecko) Chrome/11.0.682.0 Safari/534.21" 
52.91.134.85 - - [02/Mar/2020:06:00:24 -0800] "GET /?_t=rss HTTP/1.1" 200 7709 "-" "glitch-feeder/1.0 (+https://glitch.com/~lmo-feeder)" 
104.247.195.53 - - [02/Mar/2020:06:01:04 -0800] "GET /content/photos/?offset=550 HTTP/1.1" 200 11187 "-" "Mozilla/5.0 (X11; Linux x86_64) AppleWebKit/537.36 (KHTML, like Gecko) Chrome/41.0.2227.0 Safari/537.36" 
173.230.155.197 - - [02/Mar/2020:06:03:16 -0800] "GET / HTTP/1.1" 200 56723 "-" "Mozilla/5.0 (Macintosh; Intel Mac OS X 10_12_1) AppleWebKit/537.36 (KHTML, like Gecko) Chrome/57.0.2987.133 Safari/537.36 p3k-http/0.1.5 p3k-watchtower/0.1" 
46.229.168.140 - - [02/Mar/2020:06:03:22 -0800] "GET /content/locations/?q=%23sourdough HTTP/1.1" 200 8504 "-" "Mozilla/5.0 (compatible; SemrushBot/6~bl; +http://www.semrush.com/bot.html)" 
122.246.94.79 - - [02/Mar/2020:06:05:13 -0800] "GET /2019/the-research-agenda-we-really-need-the-campaign-for-real HTTP/1.1" 200 10012 "-" "Mozilla/5.0(Linux;U;Android 5.1.1;zh-CN;OPPO A33 Build/LMY47V) AppleWebKit/537.36(KHTML,like Gecko) Version/4.0 Chrome/40.0.2214.89 Mobile Safari/537.36" 
64.111.100.215 - - [02/Mar/2020:06:06:25 -0800] "GET /content/all?_t=rss HTTP/1.1" 200 17356 "-" "Mozilla/5.0 (X11; U; Linux i686; fr; rv:1.9.1.1) Gecko/20090715 Firefox/3.5.1" 
64.111.100.215 - - [02/Mar/2020:06:06:26 -0800] "GET /content/all?_t=rss HTTP/1.1" 200 17356 "-" "Mozilla/5.0 (X11; U; Linux i686; fr; rv:1.9.1.1) Gecko/20090715 Firefox/3.5.1" 
66.249.68.24 - - [02/Mar/2020:06:07:05 -0800] "GET /tag/+%23WithKnown?_t=rss&offset=10 HTTP/1.1" 200 11586 "-" "Mozilla/5.0 (Linux; Android 6.0.1; Nexus 5X Build/MMB29P) AppleWebKit/537.36 (KHTML, like Gecko) Chrome/41.0.2272.96 Mobile Safari/537.36 (compatible; Googlebot/2.1; +http://www.google.com/bot.html)" 
46.229.168.129 - - [02/Mar/2020:06:08:09 -0800] "GET /content/photos/?offset=170 HTTP/1.1" 200 11596 "-" "Mozilla/5.0 (compatible; SemrushBot/6~bl; +http://www.semrush.com/bot.html)" 
104.247.195.53 - - [02/Mar/2020:06:08:45 -0800] "GET /2017/could-this-be-a-crape-myrtle-fruit-is-it-good HTTP/1.1" 200 10243 "-" "Mozilla/5.0 (X11; Linux x86_64) AppleWebKit/537.36 (KHTML, like Gecko) Chrome/41.0.2227.0 Safari/537.36" 
54.39.188.170 - - [02/Mar/2020:06:08:53 -0800] "GET /?_t=rss HTTP/1.1" 200 7479 "-" "Mozilla/5.0 (compatible; YaK/1.0; http://linkfluence.com/; bot@linkfluence.com)" 
54.39.177.173 - - [02/Mar/2020:06:08:54 -0800] "GET /2020/my-brexit-stash-of-tins-of-beans HTTP/1.1" 200 9406 "-" "Mozilla/5.0 (compatible; YaK/1.0; http://linkfluence.com/; bot@linkfluence.com)" 
54.37.23.116 - - [02/Mar/2020:06:09:09 -0800] "GET /robots.txt HTTP/1.1" 200 4323 "-" "Mozilla/5.0 (compatible; YaK/1.0; http://linkfluence.com/; bot@linkfluence.com)" 
54.37.23.116 - - [02/Mar/2020:06:09:10 -0800] "GET /file/ef801e05730eba56004c5b712ad84731/thumb.jpg HTTP/1.1" 200 25803 "-" "Synthesio Crawler release MonaLisa (contact at synthesio dot fr)" 
172.58.175.223 - - [02/Mar/2020:06:10:08 -0800] "GET /file/f5692bfac7a705cff38c63045b17e75a/thumb.jpg HTTP/1.1" 200 76559 "-" "Gluon/2020.3 (iPhone; iOS 13.3.1; Scale/2.00)" 
46.229.168.144 - - [02/Mar/2020:06:10:33 -0800] "GET /2018/coroners-report-webrings-are-dead-part-ii-brad-enslen HTTP/1.1" 200 9519 "-" "Mozilla/5.0 (compatible; SemrushBot/6~bl; +http://www.semrush.com/bot.html)" 
104.247.195.53 - - [02/Mar/2020:06:11:02 -0800] "GET /2017/could-this-be-a-crape-myrtle-fruit-is-it-good HTTP/1.1" 200 10243 "-" "Mozilla/5.0 (Windows; U; Windows NT 5.1; en-US) AppleWebKit/534.21 (KHTML, like Gecko) Chrome/11.0.682.0 Safari/534.21" 
96.126.125.129 - - [02/Mar/2020:06:11:16 -0800] "GET /content/statusupdates/posts/photos/checkins/bookmarkedpages?_t=rss HTTP/1.1" 200 7889 "-" "Micro.blog/1.0" 
46.229.168.143 - - [02/Mar/2020:06:11:56 -0800] "GET /?offset=70&q=%23%2B%23%23indieweb HTTP/1.1" 200 13813 "-" "Mozilla/5.0 (compatible; SemrushBot/6~bl; +http://www.semrush.com/bot.html)" 
17.58.96.249 - - [02/Mar/2020:06:12:43 -0800] "GET /2018/our-daily-bread-16---water-and-powerdckc30lodemthe-rotary-quern HTTP/1.1" 200 10139 "-" "Mozilla/5.0 (Macintosh; Intel Mac OS X 10_10_1) AppleWebKit/600.2.5 (KHTML, like Gecko) Version/8.0.2 Safari/600.2.5 (Applebot/0.1; +http://www.apple.com/go/applebot)" 
96.126.125.129 - - [02/Mar/2020:06:12:59 -0800] "GET /content/statusupdates/posts/photos/checkins/bookmarkedpages?_t=rss HTTP/1.1" 200 7889 "-" "Micro.blog/1.0" 
66.249.68.24 - - [02/Mar/2020:06:16:34 -0800] "GET /content/all?offset=529&_t=rss HTTP/1.1" 200 7685 "-" "Mozilla/5.0 (Linux; Android 6.0.1; Nexus 5X Build/MMB29P) AppleWebKit/537.36 (KHTML, like Gecko) Chrome/41.0.2272.96 Mobile Safari/537.36 (compatible; Googlebot/2.1; +http://www.google.com/bot.html)" 
46.229.168.133 - - [02/Mar/2020:06:17:25 -0800] "GET /?offset=117&q=%23%2B%23IndieWeb HTTP/1.1" 200 11981 "-" "Mozilla/5.0 (compatible; SemrushBot/6~bl; +http://www.semrush.com/bot.html)" 
219.145.144.65 - - [02/Mar/2020:06:19:10 -0800] "GET /profile/jeremy HTTP/1.1" 200 16113 "https://stream.jeremycherfas.net/" "Mozilla/5.0 (Windows NT 6.1; Win64; x64) AppleWebKit/537.36 (KHTML, like Gecko) Chrome/66.0.3343.4 Safari/537.36" 
219.145.144.65 - - [02/Mar/2020:06:19:17 -0800] "GET /content/bookmarkedpages/ HTTP/1.1" 200 12225 "https://stream.jeremycherfas.net/" "Mozilla/5.0 (Windows NT 6.1; Win64; x64) AppleWebKit/537.36 (KHTML, like Gecko) Chrome/66.0.3343.4 Safari/537.36" 
104.247.195.53 - - [02/Mar/2020:06:19:44 -0800] "GET /content/photos/?offset=550 HTTP/1.1" 200 11187 "-" "Mozilla/5.0 (X11; Linux x86_64) AppleWebKit/535.11 (KHTML, like Gecko) Chrome/17.0.963.66 Safari/535.11" 
40.77.167.171 - - [02/Mar/2020:06:20:43 -0800] "GET /2018/getting-ready-for-two-days-of-indieweb HTTP/1.1" 200 9518 "-" "Mozilla/5.0 (compatible; bingbot/2.0; +http://www.bing.com/bingbot.htm)" 
64.111.100.215 - - [02/Mar/2020:06:23:03 -0800] "GET /content/all?_t=rss HTTP/1.1" 200 17356 "-" "Mozilla/5.0 (X11; U; Linux i686; fr; rv:1.9.1.1) Gecko/20090715 Firefox/3.5.1" 
54.36.150.117 - - [02/Mar/2020:06:23:20 -0800] "GET /content/all?_t=rss HTTP/1.1" 200 7495 "-" "Mozilla/5.0 (compatible; AhrefsBot/6.1; +http://ahrefs.com/robot/)" 
24.9.11.246 - - [02/Mar/2020:06:24:00 -0800] "GET /file/d678b130c61e72a27e115b5f68bfbd61/2A6A2A68-E7FE-4D7C-918D-F555E95BCE61.jpeg HTTP/1.1" 200 61925 "https://micro.blog/hybrid/discover/photos?width=375&fontsize=16.000000" "Mozilla/5.0 (iPhone; CPU iPhone OS 13_3_1 like Mac OS X) AppleWebKit/605.1.15 (KHTML, like Gecko) Mobile/15E148" 
46.229.168.147 - - [02/Mar/2020:06:25:48 -0800] "GET /?offset=40 HTTP/1.1" 200 11352 "-" "Mozilla/5.0 (compatible; SemrushBot/6~bl; +http://www.semrush.com/bot.html)" 
66.249.68.22 - - [02/Mar/2020:06:26:02 -0800] "GET /content/all?_t=amp&offset=640 HTTP/1.1" 200 11802 "-" "Mozilla/5.0 (Linux; Android 6.0.1; Nexus 5X Build/MMB29P) AppleWebKit/537.36 (KHTML, like Gecko) Chrome/41.0.2272.96 Mobile Safari/537.36 (compatible; Googlebot/2.1; +http://www.google.com/bot.html)" 
46.229.168.151 - - [02/Mar/2020:06:27:38 -0800] "GET /content/photos/?q=%23Fornacalia HTTP/1.1" 200 11383 "-" "Mozilla/5.0 (compatible; SemrushBot/6~bl; +http://www.semrush.com/bot.html)" 
66.249.79.69 - - [02/Mar/2020:06:27:38 -0800] "GET /2017/that-he-sure-liked HTTP/1.1" 200 10619 "-" "Mozilla/5.0 (Linux; Android 6.0.1; Nexus 5X Build/MMB29P) AppleWebKit/537.36 (KHTML, like Gecko) Chrome/80.0.3987.92 Mobile Safari/537.36 (compatible; Googlebot/2.1; +http://www.google.com/bot.html)" 
64.227.52.120 - - [02/Mar/2020:06:28:46 -0800] "GET /?_t=rss HTTP/1.1" 200 7479 "-" "Feedbin feed-id:1536727 - 1 subscribers" 
46.229.168.161 - - [02/Mar/2020:06:29:50 -0800] "GET /2018/you-could-do-worse-than-look-at HTTP/1.1" 200 10519 "-" "Mozilla/5.0 (compatible; SemrushBot/6~bl; +http://www.semrush.com/bot.html)" 
17.58.96.249 - - [02/Mar/2020:06:30:02 -0800] "GET /tag/podcasting HTTP/1.1" 200 13264 "-" "Mozilla/5.0 (Macintosh; Intel Mac OS X 10_10_1) AppleWebKit/600.2.5 (KHTML, like Gecko) Version/8.0.2 Safari/600.2.5 (Applebot/0.1; +http://www.apple.com/go/applebot)" 
172.58.171.138 - - [02/Mar/2020:06:30:06 -0800] "GET /file/d678b130c61e72a27e115b5f68bfbd61/2A6A2A68-E7FE-4D7C-918D-F555E95BCE61.jpeg HTTP/1.1" 200 61925 "-" "Gluon/2020.2 (iPhone; iOS 13.3.1; Scale/2.00)" 
100.25.134.92 - - [02/Mar/2020:06:30:36 -0800] "GET /?_t=rss HTTP/1.1" 200 7709 "-" "glitch-feeder/1.0 (+https://glitch.com/~lmo-feeder)" 
40.77.167.171 - - [02/Mar/2020:06:30:54 -0800] "GET /2018/who-we-are-3-neanderthals-west-hunter HTTP/1.1" 200 9721 "-" "Mozilla/5.0 (compatible; bingbot/2.0; +http://www.bing.com/bingbot.htm)" 
207.5.160.195 - - [02/Mar/2020:06:31:55 -0800] "GET /robots.txt HTTP/1.0" 200 4510 "-" "WF search/Nutch-1.12" 
207.5.160.195 - - [02/Mar/2020:06:31:55 -0800] "GET /2020/climate-activists-i-challenge-you-to-give-some-real-advice HTTP/1.0" 200 9523 "-" "WF search/Nutch-1.12" 
104.247.195.53 - - [02/Mar/2020:06:32:49 -0800] "GET /2017/could-this-be-a-crape-myrtle-fruit-is-it-good HTTP/1.1" 200 10243 "-" "Mozilla/5.0 (X11; Linux x86_64) AppleWebKit/535.11 (KHTML, like Gecko) Chrome/17.0.963.66 Safari/535.11" 
147.75.197.250 - - [02/Mar/2020:06:33:12 -0800] "GET /2020/just-discovered-i-have-a-digital-note HTTP/1.1" 200 31235 "-" "SearchAtlas.com SEO Crawler" 
147.75.197.250 - - [02/Mar/2020:06:33:24 -0800] "GET /service/web/imageproxy/aHR0cHM6Ly93d3cuZ3JhdmF0YXIuY29tL2F2YXRhci8wNjQ5Y2RkNTNkZGYxMTQ2MzA4ZjMxNmIzNDA2Zjk3Zj9zPTk2JmQ9aHR0cHMlM0ElMkYlMkZtaWNyby5ibG9nJTJGaW1hZ2VzJTJGYmxhbmtfYXZhdGFyLnBuZw,,/300/square HTTP/1.1" 200 5087 "-" "SearchAtlas.com SEO Crawler" 
147.75.197.250 - - [02/Mar/2020:06:33:34 -0800] "GET /service/web/imageproxy/aHR0cHM6Ly9taWNyby5ibG9nL2NuL2F2YXRhci5qcGc,/300/square HTTP/1.1" 200 26122 "-" "SearchAtlas.com SEO Crawler" 
147.75.197.250 - - [02/Mar/2020:06:33:48 -0800] "GET /service/web/imageproxy/aHR0cHM6Ly9taWNyby5ibG9nL2NuL2F2YXRhci5qcGc,/300/square HTTP/1.1" 200 26122 "-" "SearchAtlas.com SEO Crawler" 
173.230.155.197 - - [02/Mar/2020:06:34:16 -0800] "GET / HTTP/1.1" 200 56723 "-" "Mozilla/5.0 (Macintosh; Intel Mac OS X 10_12_1) AppleWebKit/537.36 (KHTML, like Gecko) Chrome/57.0.2987.133 Safari/537.36 p3k-http/0.1.5 p3k-watchtower/0.1" 
157.55.39.78 - - [02/Mar/2020:06:34:28 -0800] "GET /2019/the-smartphone-tracking-industry-has-been-rumbled-when-will-we?_t=rss HTTP/1.1" 200 5638 "-" "msnbot/2.0b (+http://search.msn.com/msnbot.htm)" 
157.55.39.78 - - [02/Mar/2020:06:34:28 -0800] "GET /2018/lots-of-people-learning-the-lessons-of HTTP/1.1" 200 10529 "-" "Mozilla/5.0 (compatible; bingbot/2.0; +http://www.bing.com/bingbot.htm)" 
46.229.168.154 - - [02/Mar/2020:06:34:50 -0800] "GET /robots.txt HTTP/1.1" 200 4577 "-" "Mozilla/5.0 (compatible; SemrushBot/6~bl; +http://www.semrush.com/bot.html)" 
46.229.168.139 - - [02/Mar/2020:06:34:50 -0800] "GET /2017/not-available-for-all-how-much-does-a-nutritious-diet HTTP/1.1" 200 9619 "-" "Mozilla/5.0 (compatible; SemrushBot/6~bl; +http://www.semrush.com/bot.html)" 
66.249.68.20 - - [02/Mar/2020:06:35:29 -0800] "GET /?offset=754 HTTP/1.1" 200 11193 "-" "Mozilla/5.0 (Linux; Android 6.0.1; Nexus 5X Build/MMB29P) AppleWebKit/537.36 (KHTML, like Gecko) Chrome/41.0.2272.96 Mobile Safari/537.36 (compatible; Googlebot/2.1; +http://www.google.com/bot.html)" 
46.229.168.152 - - [02/Mar/2020:06:35:41 -0800] "GET /content/all/?offset=51&q=%23bread HTTP/1.1" 200 12253 "-" "Mozilla/5.0 (compatible; SemrushBot/6~bl; +http://www.semrush.com/bot.html)" 
113.239.218.43 - - [02/Mar/2020:06:36:19 -0800] "GET /2019/indeed-many-of-the-people-ive-talked HTTP/1.1" 200 10170 "-" "Mozilla/5.0(Linux;Android 5.1.1;OPPO A33 Build/LMY47V;wv) AppleWebKit/537.36(KHTML,link Gecko) Version/4.0 Chrome/43.0.2357.121 Mobile Safari/537.36" 
46.229.168.146 - - [02/Mar/2020:06:36:23 -0800] "GET /tag/withknown HTTP/1.1" 200 11511 "-" "Mozilla/5.0 (compatible; SemrushBot/6~bl; +http://www.semrush.com/bot.html)" 
64.111.100.215 - - [02/Mar/2020:06:38:14 -0800] "GET /content/all?_t=rss HTTP/1.1" 200 17356 "-" "Mozilla/5.0 (X11; U; Linux i686; fr; rv:1.9.1.1) Gecko/20090715 Firefox/3.5.1" 
46.229.168.147 - - [02/Mar/2020:06:39:36 -0800] "GET /robots.txt HTTP/1.1" 200 4553 "-" "Mozilla/5.0 (compatible; SemrushBot/6~bl; +http://www.semrush.com/bot.html)" 
46.229.168.135 - - [02/Mar/2020:06:39:36 -0800] "GET /?offset=44&q=%23Sourdough HTTP/1.1" 200 11777 "-" "Mozilla/5.0 (compatible; SemrushBot/6~bl; +http://www.semrush.com/bot.html)" 
40.77.167.171 - - [02/Mar/2020:06:42:05 -0800] "GET /2017/this-is-a-test-from-quill-using-the-editor HTTP/1.1" 200 9758 "-" "Mozilla/5.0 (compatible; bingbot/2.0; +http://www.bing.com/bingbot.htm)" 
66.249.79.94 - - [02/Mar/2020:06:44:57 -0800] "GET /content/all/?offset=1175&_t=rss HTTP/1.1" 200 7821 "-" "Mozilla/5.0 (Linux; Android 6.0.1; Nexus 5X Build/MMB29P) AppleWebKit/537.36 (KHTML, like Gecko) Chrome/41.0.2272.96 Mobile Safari/537.36 (compatible; Googlebot/2.1; +http://www.google.com/bot.html)" 
46.229.168.133 - - [02/Mar/2020:06:45:36 -0800] "GET /content/bookmarkedpages/?q=%23%2B%23leaven HTTP/1.1" 200 8550 "-" "Mozilla/5.0 (compatible; SemrushBot/6~bl; +http://www.semrush.com/bot.html)" 
157.55.39.78 - - [02/Mar/2020:06:45:42 -0800] "GET /2017/checked-into-limerick-bus-station?_t=rss HTTP/1.1" 200 5507 "-" "msnbot/2.0b (+http://search.msn.com/msnbot.htm)" 
66.249.68.22 - - [02/Mar/2020:06:46:10 -0800] "GET /2018/alas-all-the-little-bunches-that-held-so-much-promise HTTP/1.1" 304 3743 "-" "Mozilla/5.0 (Linux; Android 6.0.1; Nexus 5X Build/MMB29P) AppleWebKit/537.36 (KHTML, like Gecko) Chrome/41.0.2272.96 Mobile Safari/537.36 (compatible; Googlebot/2.1; +http://www.google.com/bot.html)" 
66.249.68.22 - - [02/Mar/2020:06:46:11 -0800] "GET /robots.txt HTTP/1.1" 200 4590 "-" "Mozilla/5.0 (compatible; Googlebot/2.1; +http://www.google.com/bot.html)" 
46.229.168.131 - - [02/Mar/2020:06:48:29 -0800] "GET /content/audio/?q=%23%2B%23IndieWeb HTTP/1.1" 200 8508 "-" "Mozilla/5.0 (compatible; SemrushBot/6~bl; +http://www.semrush.com/bot.html)" 
46.229.168.138 - - [02/Mar/2020:06:49:25 -0800] "GET /?offset=53&q=%23IndieWeb HTTP/1.1" 200 12674 "-" "Mozilla/5.0 (compatible; SemrushBot/6~bl; +http://www.semrush.com/bot.html)" 
96.126.125.129 - - [02/Mar/2020:06:50:08 -0800] "GET /content/statusupdates/posts/photos/checkins/bookmarkedpages?_t=rss HTTP/1.1" 200 7889 "-" "Micro.blog/1.0" 
96.126.125.129 - - [02/Mar/2020:06:51:34 -0800] "GET /content/statusupdates/posts/photos/checkins/bookmarkedpages?_t=rss HTTP/1.1" 200 7889 "-" "Micro.blog/1.0" 
46.229.168.144 - - [02/Mar/2020:06:51:36 -0800] "GET /robots.txt HTTP/1.1" 200 4577 "-" "Mozilla/5.0 (compatible; SemrushBot/6~bl; +http://www.semrush.com/bot.html)" 
46.229.168.130 - - [02/Mar/2020:06:51:36 -0800] "GET /2018/our-daily-bread-30---a-perennial-dream8pcy30lb5vwwheat-is-an HTTP/1.1" 200 17946 "-" "Mozilla/5.0 (compatible; SemrushBot/6~bl; +http://www.semrush.com/bot.html)" 
64.111.100.215 - - [02/Mar/2020:06:53:14 -0800] "GET /content/all?_t=rss HTTP/1.1" 200 17356 "-" "Mozilla/5.0 (X11; U; Linux i686; fr; rv:1.9.1.1) Gecko/20090715 Firefox/3.5.1" 
35.203.245.149 - - [02/Mar/2020:06:54:03 -0800] "HEAD / HTTP/1.1" 200 4526 "-" "Bridgy (https://brid.gy/about)" 
35.203.245.149 - - [02/Mar/2020:06:54:04 -0800] "GET / HTTP/1.1" 200 12094 "-" "Bridgy (https://brid.gy/about)" 
35.203.245.149 - - [02/Mar/2020:06:54:05 -0800] "HEAD /?_t=rss HTTP/1.1" 200 4497 "-" "Bridgy (https://brid.gy/about)" 
35.203.245.149 - - [02/Mar/2020:06:54:06 -0800] "HEAD /content/all?_t=rss HTTP/1.1" 200 4508 "-" "Bridgy (https://brid.gy/about)" 
35.203.245.149 - - [02/Mar/2020:06:54:07 -0800] "HEAD /content/all HTTP/1.1" 200 4537 "-" "Bridgy (https://brid.gy/about)" 
35.203.245.149 - - [02/Mar/2020:06:54:08 -0800] "GET /content/all HTTP/1.1" 200 12114 "-" "Bridgy (https://brid.gy/about)" 
35.203.245.149 - - [02/Mar/2020:06:54:09 -0800] "HEAD /2020/my-brexit-stash-of-tins-of-beans HTTP/1.1" 200 4563 "-" "Bridgy (https://brid.gy/about)" 
35.203.245.149 - - [02/Mar/2020:06:54:09 -0800] "HEAD /2020/a-text-renaissance HTTP/1.1" 200 4549 "-" "Bridgy (https://brid.gy/about)" 
35.203.245.149 - - [02/Mar/2020:06:54:09 -0800] "HEAD /2020/hard-pruning-requires-vision-and-faith HTTP/1.1" 200 4569 "-" "Bridgy (https://brid.gy/about)" 
35.203.245.149 - - [02/Mar/2020:06:54:10 -0800] "HEAD /2020/2020-02-29 HTTP/1.1" 200 4541 "-" "Bridgy (https://brid.gy/about)" 
35.203.245.149 - - [02/Mar/2020:06:54:10 -0800] "HEAD /2020/below-me-delaware HTTP/1.1" 200 4548 "-" "Bridgy (https://brid.gy/about)" 
35.203.245.149 - - [02/Mar/2020:06:54:11 -0800] "HEAD /2020/checked-into-giando HTTP/1.1" 200 4550 "-" "Bridgy (https://brid.gy/about)" 
35.203.245.149 - - [02/Mar/2020:06:54:11 -0800] "HEAD /2020/i-have-no-idea-but-at-least-theyre-together HTTP/1.1" 200 4574 "-" "Bridgy (https://brid.gy/about)" 
35.203.245.149 - - [02/Mar/2020:06:54:11 -0800] "HEAD /2020/currently-reading-the-oldest-road-the-ridgeway HTTP/1.1" 200 4577 "-" "Bridgy (https://brid.gy/about)" 
35.203.245.149 - - [02/Mar/2020:06:54:12 -0800] "HEAD /2020/i-find-it-curious-that-strava-offers HTTP/1.1" 200 4567 "-" "Bridgy (https://brid.gy/about)" 
35.203.245.149 - - [02/Mar/2020:06:54:12 -0800] "HEAD /2020/2020-02-26 HTTP/1.1" 200 4541 "-" "Bridgy (https://brid.gy/about)" 
66.249.68.24 - - [02/Mar/2020:06:54:26 -0800] "GET /2019/checked-into-clayton-hotel-dublin-airport HTTP/1.1" 200 9830 "-" "Mozilla/5.0 (Linux; Android 6.0.1; Nexus 5X Build/MMB29P) AppleWebKit/537.36 (KHTML, like Gecko) Chrome/41.0.2272.96 Mobile Safari/537.36 (compatible; Googlebot/2.1; +http://www.google.com/bot.html)" 
64.227.52.120 - - [02/Mar/2020:06:57:27 -0800] "GET /?_t=rss HTTP/1.1" 304 3476 "-" "Feedbin feed-id:1536727 - 1 subscribers" 
46.229.168.149 - - [02/Mar/2020:06:57:28 -0800] "GET /content/all/?offset=51&q=%23%2B%23podcast HTTP/1.1" 200 10993 "-" "Mozilla/5.0 (compatible; SemrushBot/6~bl; +http://www.semrush.com/bot.html)" 
54.36.150.15 - - [02/Mar/2020:06:57:49 -0800] "GET /content/photos/?_t=rss HTTP/1.1" 200 7239 "-" "Mozilla/5.0 (compatible; AhrefsBot/6.1; +http://ahrefs.com/robot/)" 
46.229.168.138 - - [02/Mar/2020:06:58:13 -0800] "GET /robots.txt HTTP/1.1" 200 4553 "-" "Mozilla/5.0 (compatible; SemrushBot/6~bl; +http://www.semrush.com/bot.html)" 
46.229.168.142 - - [02/Mar/2020:06:58:13 -0800] "GET /?offset=30&q=%23withknown HTTP/1.1" 200 11717 "-" "Mozilla/5.0 (compatible; SemrushBot/6~bl; +http://www.semrush.com/bot.html)" 
82.132.184.101 - - [02/Mar/2020:07:00:40 -0800] "GET /file/d678b130c61e72a27e115b5f68bfbd61/2A6A2A68-E7FE-4D7C-918D-F555E95BCE61.jpeg HTTP/1.1" 200 61925 "-" "Gluon/2020.3 (iPhone; iOS 13.3.1; Scale/2.00)" 
46.229.168.149 - - [02/Mar/2020:07:01:23 -0800] "GET /tag/bread?offset=74 HTTP/1.1" 200 11817 "-" "Mozilla/5.0 (compatible; SemrushBot/6~bl; +http://www.semrush.com/bot.html)" 
40.77.167.171 - - [02/Mar/2020:07:02:45 -0800] "GET /2017/nofomo-i HTTP/1.1" 200 10334 "-" "Mozilla/5.0 (compatible; bingbot/2.0; +http://www.bing.com/bingbot.htm)" 
66.249.68.22 - - [02/Mar/2020:07:02:52 -0800] "GET /2017/a-second-go-at-olive-levain-for-this-time-with HTTP/1.1" 200 11083 "-" "Mozilla/5.0 (Linux; Android 6.0.1; Nexus 5X Build/MMB29P) AppleWebKit/537.36 (KHTML, like Gecko) Chrome/80.0.3987.92 Mobile Safari/537.36 (compatible; Googlebot/2.1; +http://www.google.com/bot.html)" 
46.229.168.136 - - [02/Mar/2020:07:03:23 -0800] "GET /2017/test-photo-with-rss-enabled HTTP/1.1" 200 9959 "-" "Mozilla/5.0 (compatible; SemrushBot/6~bl; +http://www.semrush.com/bot.html)" 
66.249.68.20 - - [02/Mar/2020:07:03:54 -0800] "GET /?offset=744&_t=rss HTTP/1.1" 200 7535 "-" "Mozilla/5.0 (Linux; Android 6.0.1; Nexus 5X Build/MMB29P) AppleWebKit/537.36 (KHTML, like Gecko) Chrome/41.0.2272.96 Mobile Safari/537.36 (compatible; Googlebot/2.1; +http://www.google.com/bot.html)" 
173.230.155.197 - - [02/Mar/2020:07:05:16 -0800] "GET / HTTP/1.1" 200 56723 "-" "Mozilla/5.0 (Macintosh; Intel Mac OS X 10_12_1) AppleWebKit/537.36 (KHTML, like Gecko) Chrome/57.0.2987.133 Safari/537.36 p3k-http/0.1.5 p3k-watchtower/0.1" 
17.58.97.65 - - [02/Mar/2020:07:06:06 -0800] "GET /robots.txt HTTP/1.1" 200 4347 "-" "Mozilla/5.0 (Macintosh; Intel Mac OS X 10_10_1) AppleWebKit/600.2.5 (KHTML, like Gecko) Version/8.0.2 Safari/600.2.5 (Applebot/0.1; +http://www.apple.com/go/applebot)" 
17.58.96.249 - - [02/Mar/2020:07:06:07 -0800] "GET /2019/checked-into-brighton-station HTTP/1.1" 200 9513 "-" "Mozilla/5.0 (Macintosh; Intel Mac OS X 10_10_1) AppleWebKit/600.2.5 (KHTML, like Gecko) Version/8.0.2 Safari/600.2.5 (Applebot/0.1; +http://www.apple.com/go/applebot)" 
46.229.168.154 - - [02/Mar/2020:07:07:32 -0800] "GET /?offset=60&q=%23%2B%23%23bread HTTP/1.1" 200 12190 "-" "Mozilla/5.0 (compatible; SemrushBot/6~bl; +http://www.semrush.com/bot.html)" 
179.216.16.40 - - [02/Mar/2020:07:08:55 -0800] "HEAD /2020/maybe-id-like-to-find-some-time-but-it-just HTTP/1.1" 200 4651 "-" "CyotekWebCopy/1.7 CyotekHTTP/2.0" 
179.216.16.40 - - [02/Mar/2020:07:08:56 -0800] "GET /2020/maybe-id-like-to-find-some-time-but-it-just HTTP/1.1" 200 6110 "-" "CyotekWebCopy/1.7 CyotekHTTP/2.0" 
64.111.100.215 - - [02/Mar/2020:07:09:57 -0800] "GET /content/all?_t=rss HTTP/1.1" 200 17356 "-" "Mozilla/5.0 (X11; U; Linux i686; fr; rv:1.9.1.1) Gecko/20090715 Firefox/3.5.1" 
17.58.96.249 - - [02/Mar/2020:07:10:58 -0800] "GET /2017/working-my-way-through-chris-aldrichs-guide-to-bringing-twitter HTTP/1.1" 200 9695 "-" "Mozilla/5.0 (Macintosh; Intel Mac OS X 10_10_1) AppleWebKit/600.2.5 (KHTML, like Gecko) Version/8.0.2 Safari/600.2.5 (Applebot/0.1; +http://www.apple.com/go/applebot)" 
46.229.168.147 - - [02/Mar/2020:07:11:39 -0800] "GET /2019/indiewebcamp-amsterdam-after-event-notes-interdependent-thoughts HTTP/1.1" 200 9587 "-" "Mozilla/5.0 (compatible; SemrushBot/6~bl; +http://www.semrush.com/bot.html)" 
46.229.168.142 - - [02/Mar/2020:07:12:08 -0800] "GET /?q=%23%2B%23hearsay19 HTTP/1.1" 200 8485 "-" "Mozilla/5.0 (compatible; SemrushBot/6~bl; +http://www.semrush.com/bot.html)" 
66.249.79.69 - - [02/Mar/2020:07:13:21 -0800] "GET /robots.txt HTTP/1.1" 200 4614 "-" "Mozilla/5.0 (compatible; Googlebot/2.1; +http://www.google.com/bot.html)" 
66.249.79.69 - - [02/Mar/2020:07:13:21 -0800] "GET /content/all/?offset=1353 HTTP/1.1" 200 7854 "-" "Mozilla/5.0 (Linux; Android 6.0.1; Nexus 5X Build/MMB29P) AppleWebKit/537.36 (KHTML, like Gecko) Chrome/41.0.2272.96 Mobile Safari/537.36 (compatible; Googlebot/2.1; +http://www.google.com/bot.html)" 
46.229.168.152 - - [02/Mar/2020:07:13:43 -0800] "GET /content/audio/?q=%2310DoT HTTP/1.1" 200 8517 "-" "Mozilla/5.0 (compatible; SemrushBot/6~bl; +http://www.semrush.com/bot.html)" 
46.229.168.152 - - [02/Mar/2020:07:15:02 -0800] "GET /2019/homeward-bound-1 HTTP/1.1" 200 9626 "-" "Mozilla/5.0 (compatible; SemrushBot/6~bl; +http://www.semrush.com/bot.html)" 
46.229.168.143 - - [02/Mar/2020:07:15:52 -0800] "GET /content/locations/?q=%23%2B%23indieweb HTTP/1.1" 200 8539 "-" "Mozilla/5.0 (compatible; SemrushBot/6~bl; +http://www.semrush.com/bot.html)" 
46.229.168.154 - - [02/Mar/2020:07:16:27 -0800] "GET /?q=%23Rye HTTP/1.1" 200 12404 "-" "Mozilla/5.0 (compatible; SemrushBot/6~bl; +http://www.semrush.com/bot.html)" 
157.55.39.78 - - [02/Mar/2020:07:16:34 -0800] "GET /2018/people-of-the-interwebs-i-know-someone-famous-said-something HTTP/1.1" 200 11350 "-" "Mozilla/5.0 (compatible; bingbot/2.0; +http://www.bing.com/bingbot.htm)" 
46.229.168.143 - - [02/Mar/2020:07:17:28 -0800] "GET /?offset=19&q=%23%2B%23sourdough HTTP/1.1" 200 11920 "-" "Mozilla/5.0 (compatible; SemrushBot/6~bl; +http://www.semrush.com/bot.html)" 
46.229.168.129 - - [02/Mar/2020:07:20:25 -0800] "GET /?offset=43&q=%23Sourdough HTTP/1.1" 200 11674 "-" "Mozilla/5.0 (compatible; SemrushBot/6~bl; +http://www.semrush.com/bot.html)" 
46.229.168.146 - - [02/Mar/2020:07:20:58 -0800] "GET /content/posts/?q=%23%2B%23rye HTTP/1.1" 200 9419 "-" "Mozilla/5.0 (compatible; SemrushBot/6~bl; +http://www.semrush.com/bot.html)" 
40.77.167.151 - - [02/Mar/2020:07:21:14 -0800] "GET /2019/what-is-the-woman-on-the-left?_t=rss HTTP/1.1" 200 5439 "-" "msnbot/2.0b (+http://search.msn.com/msnbot.htm)" 
98.210.3.174 - - [02/Mar/2020:07:21:21 -0800] "GET /file/d678b130c61e72a27e115b5f68bfbd61/2A6A2A68-E7FE-4D7C-918D-F555E95BCE61.jpeg HTTP/1.1" 200 61925 "-" "Gluon/2020.3 (iPhone; iOS 13.4; Scale/3.00)" 
46.229.168.132 - - [02/Mar/2020:07:23:21 -0800] "GET /?offset=36&q=%23Sourdough HTTP/1.1" 200 11303 "-" "Mozilla/5.0 (compatible; SemrushBot/6~bl; +http://www.semrush.com/bot.html)" 
96.126.125.129 - - [02/Mar/2020:07:24:35 -0800] "GET /content/statusupdates/posts/photos/checkins/bookmarkedpages?_t=rss HTTP/1.1" 200 7889 "-" "Micro.blog/1.0" 
46.200.182.120 - - [02/Mar/2020:07:25:11 -0800] "GET /content/photos/?offset=550 HTTP/1.1" 200 58890 "http://tantek.com/" "Mozilla/4.0 (compatible; MSIE 5.0; Windows NT; DigExt)" 
46.200.182.120 - - [02/Mar/2020:07:25:11 -0800] "GET /2017/could-this-be-a-crape-myrtle-fruit-is-it-good HTTP/1.1" 200 31797 "http://tantek.com/" "Mozilla/4.0 (compatible; MSIE 5.0; Windows NT; DigExt)" 
64.111.100.215 - - [02/Mar/2020:07:25:19 -0800] "GET /content/all?_t=rss HTTP/1.1" 200 17356 "-" "Mozilla/5.0 (X11; U; Linux i686; fr; rv:1.9.1.1) Gecko/20090715 Firefox/3.5.1" 
46.229.168.137 - - [02/Mar/2020:07:25:34 -0800] "GET /robots.txt HTTP/1.1" 200 4577 "-" "Mozilla/5.0 (compatible; SemrushBot/6~bl; +http://www.semrush.com/bot.html)" 
46.229.168.141 - - [02/Mar/2020:07:25:35 -0800] "GET /2017/olive-levain-for-good-taste-and-creamy-texture-excellent-per HTTP/1.1" 200 9893 "-" "Mozilla/5.0 (compatible; SemrushBot/6~bl; +http://www.semrush.com/bot.html)" 
66.249.79.66 - - [02/Mar/2020:07:25:57 -0800] "GET /content/all/?offset=1785 HTTP/1.1" 200 12393 "-" "Mozilla/5.0 (Linux; Android 6.0.1; Nexus 5X Build/MMB29P) AppleWebKit/537.36 (KHTML, like Gecko) Chrome/80.0.3987.92 Mobile Safari/537.36 (compatible; Googlebot/2.1; +http://www.google.com/bot.html)" 
96.126.125.129 - - [02/Mar/2020:07:26:09 -0800] "GET /content/statusupdates/posts/photos/checkins/bookmarkedpages?_t=rss HTTP/1.1" 200 7889 "-" "Micro.blog/1.0" 
64.227.61.11 - - [02/Mar/2020:07:26:10 -0800] "GET /?_t=rss HTTP/1.1" 304 3476 "-" "Feedbin feed-id:1536727 - 1 subscribers" 
46.229.168.152 - - [02/Mar/2020:07:26:58 -0800] "GET /?offset=0&q=%23quill HTTP/1.1" 200 14014 "-" "Mozilla/5.0 (compatible; SemrushBot/6~bl; +http://www.semrush.com/bot.html)" 
217.78.203.50 - - [02/Mar/2020:07:28:20 -0800] "POST /robots.txt HTTP/1.1" 500 17601 "-" "Wget/1.15 (linux-gnu)" 
40.77.167.44 - - [02/Mar/2020:07:28:30 -0800] "GET /2019/fine-article-on-global-diets-but-lord HTTP/1.1" 200 10527 "-" "Mozilla/5.0 (compatible; bingbot/2.0; +http://www.bing.com/bingbot.htm)" 
54.74.245.228 - - [02/Mar/2020:07:30:54 -0800] "GET /file/d678b130c61e72a27e115b5f68bfbd61/2A6A2A68-E7FE-4D7C-918D-F555E95BCE61.jpeg HTTP/1.1" 200 61869 "-" "gluon.app/image-proxy" 
66.249.68.22 - - [02/Mar/2020:07:32:17 -0800] "GET /2019/gastrohistory-whatever-next-a-law-to-stop HTTP/1.1" 200 10093 "-" "Mozilla/5.0 (Linux; Android 6.0.1; Nexus 5X Build/MMB29P) AppleWebKit/537.36 (KHTML, like Gecko) Chrome/41.0.2272.96 Mobile Safari/537.36 (compatible; Googlebot/2.1; +http://www.google.com/bot.html)" 
54.36.150.118 - - [02/Mar/2020:07:32:35 -0800] "GET /?_t=rss HTTP/1.1" 200 7479 "-" "Mozilla/5.0 (compatible; AhrefsBot/6.1; +http://ahrefs.com/robot/)" 
46.229.168.135 - - [02/Mar/2020:07:34:08 -0800] "GET /robots.txt HTTP/1.1" 200 4553 "-" "Mozilla/5.0 (compatible; SemrushBot/6~bl; +http://www.semrush.com/bot.html)" 
46.229.168.145 - - [02/Mar/2020:07:34:08 -0800] "GET /2018/indieweb-generation-4-and-hosted-domains-manton-reece HTTP/1.1" 200 9658 "-" "Mozilla/5.0 (compatible; SemrushBot/6~bl; +http://www.semrush.com/bot.html)" 
173.230.155.197 - - [02/Mar/2020:07:36:14 -0800] "GET / HTTP/1.1" 200 56723 "-" "Mozilla/5.0 (Macintosh; Intel Mac OS X 10_12_1) AppleWebKit/537.36 (KHTML, like Gecko) Chrome/57.0.2987.133 Safari/537.36 p3k-http/0.1.5 p3k-watchtower/0.1" 
54.36.149.37 - - [02/Mar/2020:07:37:34 -0800] "GET /content/photos/?_t=rss HTTP/1.1" 200 7211 "-" "Mozilla/5.0 (compatible; AhrefsBot/6.1; +http://ahrefs.com/robot/)" 
66.249.79.94 - - [02/Mar/2020:07:37:44 -0800] "GET /2017/earbudspodcol-hey-thanks-anything-i-can-do-to-help HTTP/1.1" 200 10253 "-" "Mozilla/5.0 (Linux; Android 6.0.1; Nexus 5X Build/MMB29P) AppleWebKit/537.36 (KHTML, like Gecko) Chrome/80.0.3987.92 Mobile Safari/537.36 (compatible; Googlebot/2.1; +http://www.google.com/bot.html)" 
114.239.2.123 - - [02/Mar/2020:07:37:50 -0800] "GET /2017/had-to-abandon-the-latest-gravy-podcast-because-the-levels HTTP/1.1" 200 9309 "-" "Mozilla/5.0 (iPad; CPU OS 7_0 like Mac OS X) AppleWebKit/537.51.1 (KHTML, like Gecko) Version/7.0 Mobile/11A465 Safari/9537.53" 
46.229.168.146 - - [02/Mar/2020:07:39:33 -0800] "GET /content/posts/?q=%23%2B%23latteriastudio HTTP/1.1" 200 8549 "-" "Mozilla/5.0 (compatible; SemrushBot/6~bl; +http://www.semrush.com/bot.html)" 
46.229.168.129 - - [02/Mar/2020:07:39:58 -0800] "GET /tag/IndieWeb HTTP/1.1" 200 11965 "-" "Mozilla/5.0 (compatible; SemrushBot/6~bl; +http://www.semrush.com/bot.html)" 
46.229.168.142 - - [02/Mar/2020:07:40:19 -0800] "GET /2019/the-paradox-that-is-the-eu-memex-11 HTTP/1.1" 200 9648 "-" "Mozilla/5.0 (compatible; SemrushBot/6~bl; +http://www.semrush.com/bot.html)" 
64.111.100.215 - - [02/Mar/2020:07:41:02 -0800] "GET /content/all?_t=rss HTTP/1.1" 200 17356 "-" "Mozilla/5.0 (X11; U; Linux i686; fr; rv:1.9.1.1) Gecko/20090715 Firefox/3.5.1" 
46.229.168.151 - - [02/Mar/2020:07:41:05 -0800] "GET /robots.txt HTTP/1.1" 200 4577 "-" "Mozilla/5.0 (compatible; SemrushBot/6~bl; +http://www.semrush.com/bot.html)" 
46.229.168.132 - - [02/Mar/2020:07:41:05 -0800] "GET /content/bookmarkedpages/?q=%23%2B%23non-fiction HTTP/1.1" 200 10504 "-" "Mozilla/5.0 (compatible; SemrushBot/6~bl; +http://www.semrush.com/bot.html)" 
2.47.39.223 - - [02/Mar/2020:07:41:31 -0800] "GET / HTTP/1.1" 200 56948 "-" "-" 
66.249.68.20 - - [02/Mar/2020:07:41:45 -0800] "GET /?offset=1371 HTTP/1.1" 200 12214 "-" "Mozilla/5.0 (Linux; Android 6.0.1; Nexus 5X Build/MMB29P) AppleWebKit/537.36 (KHTML, like Gecko) Chrome/41.0.2272.96 Mobile Safari/537.36 (compatible; Googlebot/2.1; +http://www.google.com/bot.html)" 
40.77.167.151 - - [02/Mar/2020:07:41:48 -0800] "GET /2018/such-fun-to-read-this-and-others-like-it-i HTTP/1.1" 200 9992 "-" "Mozilla/5.0 (compatible; bingbot/2.0; +http://www.bing.com/bingbot.htm)" 
157.55.39.78 - - [02/Mar/2020:07:41:58 -0800] "GET /IdnoPlugins/Media/external/wavesurfer/dist/wavesurfer.min.js HTTP/1.1" 200 10176 "-" "msnbot/2.0b (+http://search.msn.com/msnbot.htm)" 
157.55.39.78 - - [02/Mar/2020:07:41:58 -0800] "GET /vendor/npm-asset/bootstrap-toggle/js/bootstrap-toggle.js HTTP/1.1" 200 2106 "-" "msnbot/2.0b (+http://search.msn.com/msnbot.htm)" 
157.55.39.78 - - [02/Mar/2020:07:41:59 -0800] "GET /vendor/npm-asset/exif-js/exif.js HTTP/1.1" 200 9962 "-" "msnbot/2.0b (+http://search.msn.com/msnbot.htm)" 
157.55.39.78 - - [02/Mar/2020:07:41:59 -0800] "GET /vendor/npm-asset/jquery/dist/jquery.min.js HTTP/1.1" 200 32009 "-" "msnbot/2.0b (+http://search.msn.com/msnbot.htm)" 
157.55.39.78 - - [02/Mar/2020:07:41:59 -0800] "GET /vendor/npm-asset/mediaelement/build/mediaelement-and-player.min.js HTTP/1.1" 200 41590 "-" "msnbot/2.0b (+http://search.msn.com/msnbot.htm)" 
40.77.167.44 - - [02/Mar/2020:07:42:03 -0800] "GET /vendor/npm-asset/underscore/underscore-min.js HTTP/1.1" 200 10377 "-" "msnbot/2.0b (+http://search.msn.com/msnbot.htm)" 
40.77.167.44 - - [02/Mar/2020:07:42:03 -0800] "GET /vendor/npm-asset/vanilla-fitvids/jquery.fitvids.js HTTP/1.1" 200 1873 "-" "msnbot/2.0b (+http://search.msn.com/msnbot.htm)" 
40.77.167.44 - - [02/Mar/2020:07:42:03 -0800] "GET /vendor/rmm5t/jquery-timeago/jquery.timeago.js HTTP/1.1" 200 3015 "-" "msnbot/2.0b (+http://search.msn.com/msnbot.htm)" 
40.77.167.171 - - [02/Mar/2020:07:42:08 -0800] "GET /IdnoPlugins/Checkin/external/stamen-maps/tile.stamen.min.js HTTP/1.1" 200 5383 "-" "msnbot/2.0b (+http://search.msn.com/msnbot.htm)" 
40.77.167.171 - - [02/Mar/2020:07:42:08 -0800] "GET /vendor/npm-asset/bootstrap-accessibility-plugin/plugins/js/bootstrap-accessibility.min.js HTTP/1.1" 200 4813 "-" "msnbot/2.0b (+http://search.msn.com/msnbot.htm)" 
40.77.167.171 - - [02/Mar/2020:07:42:08 -0800] "GET /vendor/rmm5t/jquery-timeago/locales/jquery.timeago.en.js HTTP/1.1" 200 886 "-" "msnbot/2.0b (+http://search.msn.com/msnbot.htm)" 
40.77.167.151 - - [02/Mar/2020:07:42:13 -0800] "GET /IdnoPlugins/Checkin/external/leaflet/leaflet.js HTTP/1.1" 200 37462 "-" "msnbot/2.0b (+http://search.msn.com/msnbot.htm)" 
40.77.167.151 - - [02/Mar/2020:07:42:13 -0800] "GET /js/1579440966/known.min.js HTTP/1.1" 200 4924 "-" "msnbot/2.0b (+http://search.msn.com/msnbot.htm)" 
157.55.39.78 - - [02/Mar/2020:07:43:13 -0800] "GET /2018/latest-episode-asks-whatever-happened-to-british-veal-time-was HTTP/1.1" 200 12235 "-" "Mozilla/5.0 (compatible; bingbot/2.0; +http://www.bing.com/bingbot.htm)" 
219.145.144.65 - - [02/Mar/2020:07:43:53 -0800] "GET /profile/jeremy HTTP/1.1" 200 16112 "https://stream.jeremycherfas.net/" "Mozilla/5.0 (Windows NT 6.1; WOW64) AppleWebKit/537.36 (KHTML, like Gecko) Chrome/61.0.3163.79 Safari/537.36 Maxthon/5.2.1.6000" 
217.78.203.50 - - [02/Mar/2020:07:46:33 -0800] "POST /robots.txt HTTP/1.1" 500 17601 "-" "Wget/1.15 (linux-gnu)" 
173.249.23.234 - - [02/Mar/2020:07:47:20 -0800] "GET /2017/mackerel-sky-over-crystal-city HTTP/1.1" 200 10414 "https://stream.jeremycherfas.net/content/photos/?offset=550" "yacybot (-global; amd64 Linux 5.0.0-32-generic; java 11.0.4; Europe/en) http://yacy.net/bot.html" 
157.55.39.78 - - [02/Mar/2020:07:47:21 -0800] "GET /2018/absolutely-sublime-nancy HTTP/1.1" 200 10366 "-" "Mozilla/5.0 (compatible; bingbot/2.0; +http://www.bing.com/bingbot.htm)" 
46.229.168.147 - - [02/Mar/2020:07:47:42 -0800] "GET /content/all/?offset=8&q=%23%2B%23rye HTTP/1.1" 200 11682 "-" "Mozilla/5.0 (compatible; SemrushBot/6~bl; +http://www.semrush.com/bot.html)" 
54.36.150.165 - - [02/Mar/2020:07:47:45 -0800] "GET /content/all/?_t=rss HTTP/1.1" 200 7527 "-" "Mozilla/5.0 (compatible; AhrefsBot/6.1; +http://ahrefs.com/robot/)" 
40.77.167.171 - - [02/Mar/2020:07:50:05 -0800] "GET /2017/curses-and-blessings-in-equal-measure-chrisaldrich-subscribed HTTP/1.1" 200 9718 "-" "Mozilla/5.0 (compatible; bingbot/2.0; +http://www.bing.com/bingbot.htm)" 
66.249.68.22 - - [02/Mar/2020:07:51:13 -0800] "GET /robots.txt HTTP/1.1" 200 4590 "-" "Mozilla/5.0 (compatible; Googlebot/2.1; +http://www.google.com/bot.html)" 
66.249.68.24 - - [02/Mar/2020:07:51:13 -0800] "GET /?offset=1361&_t=rss HTTP/1.1" 200 8422 "-" "Mozilla/5.0 (Linux; Android 6.0.1; Nexus 5X Build/MMB29P) AppleWebKit/537.36 (KHTML, like Gecko) Chrome/41.0.2272.96 Mobile Safari/537.36 (compatible; Googlebot/2.1; +http://www.google.com/bot.html)" 
66.249.68.22 - - [02/Mar/2020:07:51:54 -0800] "GET /service/web/unfurl/?url=https%3A%2F%2Feclecticlight.co%2F2019%2F05%2F01%2Ftextedit-goes-out-of-its-way-to-destroy-data%2F&__bTk=00c9b06e69767fd9618130bb6e97c36bc68e1e4970607eb39f837b98105b0d74&__bTs=1580988002 HTTP/1.1" 403 4657 "https://stream.jeremycherfas.net/?offset=386" "Mozilla/5.0 (Linux; Android 6.0.1; Nexus 5X Build/MMB29P) AppleWebKit/537.36 (KHTML, like Gecko) Chrome/80.0.3987.92 Mobile Safari/537.36 (compatible; Googlebot/2.1; +http://www.google.com/bot.html)" 
66.249.68.20 - - [02/Mar/2020:07:51:56 -0800] "GET /service/web/unfurl/?url=https%3A%2F%2Fmemex.naughtons.org%2Farchives%2F2019%2F05%2F04%2F26982&__bTk=00c9b06e69767fd9618130bb6e97c36bc68e1e4970607eb39f837b98105b0d74&__bTs=1580988002 HTTP/1.1" 403 4629 "https://stream.jeremycherfas.net/?offset=386" "Mozilla/5.0 (Linux; Android 6.0.1; Nexus 5X Build/MMB29P) AppleWebKit/537.36 (KHTML, like Gecko) Chrome/80.0.3987.92 Mobile Safari/537.36 (compatible; Googlebot/2.1; +http://www.google.com/bot.html)" 
40.77.167.151 - - [02/Mar/2020:07:53:10 -0800] "GET /2018/i-feel-there-ought-to-be-a-sorrel-harvesting-song-but HTTP/1.1" 200 12388 "-" "Mozilla/5.0 (compatible; bingbot/2.0; +http://www.bing.com/bingbot.htm)" 
40.77.167.171 - - [02/Mar/2020:07:53:20 -0800] "GET /vendor/npm-asset/bootstrap-toggle/css/bootstrap-toggle.min.css HTTP/1.1" 200 4379 "-" "msnbot/2.0b (+http://search.msn.com/msnbot.htm)" 
40.77.167.44 - - [02/Mar/2020:07:53:24 -0800] "GET /vendor/forkawesome/fork-awesome/css/v5-compat.min.css HTTP/1.1" 200 5934 "-" "msnbot/2.0b (+http://search.msn.com/msnbot.htm)" 
40.77.167.44 - - [02/Mar/2020:07:53:24 -0800] "GET /vendor/twbs/bootstrap/dist/css/bootstrap.min.css HTTP/1.1" 200 20777 "-" "msnbot/2.0b (+http://search.msn.com/msnbot.htm)" 
40.77.167.151 - - [02/Mar/2020:07:53:29 -0800] "GET /vendor/npm-asset/bootstrap-accessibility-plugin/plugins/css/bootstrap-accessibility.css HTTP/1.1" 200 4339 "-" "msnbot/2.0b (+http://search.msn.com/msnbot.htm)" 
157.55.39.78 - - [02/Mar/2020:07:53:34 -0800] "GET /IdnoPlugins/Checkin/external/leaflet/leaflet.min.css HTTP/1.1" 200 5874 "-" "msnbot/2.0b (+http://search.msn.com/msnbot.htm)" 
157.55.39.78 - - [02/Mar/2020:07:53:35 -0800] "GET /Themes/Solo/css/default.min.css HTTP/1.1" 200 1045 "-" "msnbot/2.0b (+http://search.msn.com/msnbot.htm)" 
157.55.39.78 - - [02/Mar/2020:07:53:35 -0800] "GET /vendor/forkawesome/fork-awesome/css/fork-awesome.min.css HTTP/1.1" 200 8923 "-" "msnbot/2.0b (+http://search.msn.com/msnbot.htm)" 
157.55.39.78 - - [02/Mar/2020:07:53:35 -0800] "GET /vendor/idno/mentionjs/recommended-styles.css HTTP/1.1" 200 682 "-" "msnbot/2.0b (+http://search.msn.com/msnbot.htm)" 
219.145.144.65 - - [02/Mar/2020:07:54:06 -0800] "GET /profile/jeremy HTTP/1.1" 200 16111 "https://stream.jeremycherfas.net/" "Mozilla/5.0 (Windows NT 6.1; WOW64) AppleWebKit/537.36 (KHTML, like Gecko) Chrome/53.0.2785.104 Safari/537.36 Core/1.53.4882.400 QQBrowser/9.7.13036.400" 
46.229.168.151 - - [02/Mar/2020:07:54:17 -0800] "GET /content/all/?offset=1&q=%23%2B%23Rome HTTP/1.1" 200 13080 "-" "Mozilla/5.0 (compatible; SemrushBot/6~bl; +http://www.semrush.com/bot.html)" 
219.145.144.65 - - [02/Mar/2020:07:55:12 -0800] "GET /content/bookmarkedpages/ HTTP/1.1" 200 12225 "https://stream.jeremycherfas.net/" "Mozilla/5.0 (Windows NT 6.1; WOW64) AppleWebKit/537.36 (KHTML, like Gecko) Chrome/53.0.2785.104 Safari/537.36 Core/1.53.4882.400 QQBrowser/9.7.13036.400" 
107.178.232.230 - - [02/Mar/2020:07:55:14 -0800] "HEAD / HTTP/1.1" 200 4526 "-" "Bridgy (https://brid.gy/about)" 
107.178.232.230 - - [02/Mar/2020:07:55:15 -0800] "GET / HTTP/1.1" 200 12094 "-" "Bridgy (https://brid.gy/about)" 
107.178.232.230 - - [02/Mar/2020:07:55:16 -0800] "HEAD /?_t=rss HTTP/1.1" 200 4497 "-" "Bridgy (https://brid.gy/about)" 
107.178.232.230 - - [02/Mar/2020:07:55:17 -0800] "HEAD /content/all?_t=rss HTTP/1.1" 200 4508 "-" "Bridgy (https://brid.gy/about)" 
107.178.232.230 - - [02/Mar/2020:07:55:18 -0800] "HEAD /content/all HTTP/1.1" 200 4537 "-" "Bridgy (https://brid.gy/about)" 
107.178.232.230 - - [02/Mar/2020:07:55:19 -0800] "GET /content/all HTTP/1.1" 200 12114 "-" "Bridgy (https://brid.gy/about)" 
40.77.167.151 - - [02/Mar/2020:07:55:26 -0800] "GET /content/bookmarkedpages/?_t=rss HTTP/1.1" 200 7987 "-" "msnbot/2.0b (+http://search.msn.com/msnbot.htm)" 
46.229.168.141 - - [02/Mar/2020:07:55:35 -0800] "GET /content/photos/?q=%23%2B%23latteriastudio HTTP/1.1" 200 11001 "-" "Mozilla/5.0 (compatible; SemrushBot/6~bl; +http://www.semrush.com/bot.html)" 
165.22.7.12 - - [02/Mar/2020:07:55:41 -0800] "GET /?_t=rss HTTP/1.1" 304 3743 "-" "NewsBlur Feed Fetcher - 1 subscriber - http://www.newsblur.com/site/7603923/jeremy-cherfas (Mozilla/5.0 (Macintosh; Intel Mac OS X 10_12_3) AppleWebKit/537.36 (KHTML, like Gecko) Chrome/56.0.2924.87 Safari/537.36)" 
165.22.7.12 - - [02/Mar/2020:07:55:41 -0800] "GET /?_t=rss HTTP/1.1" 304 3711 "-" "NewsBlur Feed Fetcher - 1 subscriber - http://www.newsblur.com/site/7603923/jeremy-cherfas (Mozilla/5.0 (Macintosh; Intel Mac OS X 10_12_3) AppleWebKit/537.36 (KHTML, like Gecko) Chrome/56.0.2924.87 Safari/537.36)" 
165.22.7.12 - - [02/Mar/2020:07:55:42 -0800] "GET / HTTP/1.1" 200 12094 "-" "NewsBlur Page Fetcher - 1 subscriber - http://www.newsblur.com/site/7603923/jeremy-cherfas (Mozilla/5.0 (Macintosh; Intel Mac OS X 10_7_1) AppleWebKit/534.48.3 (KHTML, like Gecko) Version/5.1 Safari/534.48.3)" 
64.227.52.120 - - [02/Mar/2020:07:55:47 -0800] "GET /?_t=rss HTTP/1.1" 200 7479 "-" "Feedbin feed-id:1536727 - 1 subscribers" 
46.229.168.161 - - [02/Mar/2020:07:56:11 -0800] "GET /content/all/?offset=117&q=%23%2B%23IndieWeb HTTP/1.1" 200 11999 "-" "Mozilla/5.0 (compatible; SemrushBot/6~bl; +http://www.semrush.com/bot.html)" 
66.249.68.20 - - [02/Mar/2020:07:56:58 -0800] "GET /?offset=1132 HTTP/1.1" 200 11234 "-" "Mozilla/5.0 (Linux; Android 6.0.1; Nexus 5X Build/MMB29P) AppleWebKit/537.36 (KHTML, like Gecko) Chrome/41.0.2272.96 Mobile Safari/537.36 (compatible; Googlebot/2.1; +http://www.google.com/bot.html)" 
64.111.100.215 - - [02/Mar/2020:07:57:02 -0800] "GET /content/all?_t=rss HTTP/1.1" 200 17356 "-" "Mozilla/5.0 (X11; U; Linux i686; fr; rv:1.9.1.1) Gecko/20090715 Firefox/3.5.1" 
66.249.79.69 - - [02/Mar/2020:07:57:03 -0800] "GET /service/web/unfurl/?url=https%3A%2F%2Fwww.baty.net%2F2018%2Fthings-i-write-with%2F&__bTk=be87de6e2b643159ee026ccd5240a93f46c28f1e5aea427f76d8e76876d1ac2d&__bTs=1581120000 HTTP/1.1" 403 4642 "https://stream.jeremycherfas.net/?offset=1132" "Mozilla/5.0 (Linux; Android 6.0.1; Nexus 5X Build/MMB29P) AppleWebKit/537.36 (KHTML, like Gecko) Chrome/80.0.3987.92 Mobile Safari/537.36 (compatible; Googlebot/2.1; +http://www.google.com/bot.html)" 
66.249.79.94 - - [02/Mar/2020:07:57:04 -0800] "GET /service/web/unfurl/?url=https%3A%2F%2Fdobianchi.com%2F2018%2F05%2F23%2Fpas-dose-brut-nature-meaning-dosage%2F&__bTk=be87de6e2b643159ee026ccd5240a93f46c28f1e5aea427f76d8e76876d1ac2d&__bTs=1581120000 HTTP/1.1" 403 4669 "https://stream.jeremycherfas.net/?offset=1132" "Mozilla/5.0 (Linux; Android 6.0.1; Nexus 5X Build/MMB29P) AppleWebKit/537.36 (KHTML, like Gecko) Chrome/80.0.3987.92 Mobile Safari/537.36 (compatible; Googlebot/2.1; +http://www.google.com/bot.html)" 
66.249.79.66 - - [02/Mar/2020:07:57:05 -0800] "GET /service/web/unfurl/?url=https%3A%2F%2Fcultureby.com%2F2018%2F05%2Famerican-culture-and-platforms-for-producer-creativity-case-study-5.html&__bTk=be87de6e2b643159ee026ccd5240a93f46c28f1e5aea427f76d8e76876d1ac2d&__bTs=1581120000 HTTP/1.1" 403 4698 "https://stream.jeremycherfas.net/?offset=1132" "Mozilla/5.0 (Linux; Android 6.0.1; Nexus 5X Build/MMB29P) AppleWebKit/537.36 (KHTML, like Gecko) Chrome/80.0.3987.92 Mobile Safari/537.36 (compatible; Googlebot/2.1; +http://www.google.com/bot.html)" 
66.249.79.69 - - [02/Mar/2020:07:57:06 -0800] "GET /service/web/unfurl/?url=http%3A%2F%2Fwww.niemanlab.org%2F2018%2F06%2Fdid-you-even-read-the-piece-this-startup-wants-to-make-that-question-obsolete-for-commenters%2F&__bTk=be87de6e2b643159ee026ccd5240a93f46c28f1e5aea427f76d8e76876d1ac2d&__bTs=1581120000 HTTP/1.1" 403 4724 "https://stream.jeremycherfas.net/?offset=1132" "Mozilla/5.0 (Linux; Android 6.0.1; Nexus 5X Build/MMB29P) AppleWebKit/537.36 (KHTML, like Gecko) Chrome/80.0.3987.92 Mobile Safari/537.36 (compatible; Googlebot/2.1; +http://www.google.com/bot.html)" 
66.249.68.20 - - [02/Mar/2020:07:57:06 -0800] "GET /service/web/unfurl/?url=https%3A%2F%2Fwww.baty.net%2F2018%2Fthings-i-write-with%2F&__bTk=1f919ccc6612534e463ed529218e5b8223185ae78f734cb0251010259665430e&__bTs=1581493420 HTTP/1.1" 403 4618 "https://stream.jeremycherfas.net/?offset=1132" "Mozilla/5.0 (Linux; Android 6.0.1; Nexus 5X Build/MMB29P) AppleWebKit/537.36 (KHTML, like Gecko) Chrome/80.0.3987.92 Mobile Safari/537.36 (compatible; Googlebot/2.1; +http://www.google.com/bot.html)" 
66.249.68.22 - - [02/Mar/2020:07:57:07 -0800] "GET /service/web/unfurl/?url=https%3A%2F%2Fdobianchi.com%2F2018%2F05%2F23%2Fpas-dose-brut-nature-meaning-dosage%2F&__bTk=1f919ccc6612534e463ed529218e5b8223185ae78f734cb0251010259665430e&__bTs=1581493420 HTTP/1.1" 403 4645 "https://stream.jeremycherfas.net/?offset=1132" "Mozilla/5.0 (Linux; Android 6.0.1; Nexus 5X Build/MMB29P) AppleWebKit/537.36 (KHTML, like Gecko) Chrome/80.0.3987.92 Mobile Safari/537.36 (compatible; Googlebot/2.1; +http://www.google.com/bot.html)" 
66.249.68.20 - - [02/Mar/2020:07:57:08 -0800] "GET /service/web/unfurl/?url=https%3A%2F%2Fcultureby.com%2F2018%2F05%2Famerican-culture-and-platforms-for-producer-creativity-case-study-5.html&__bTk=1f919ccc6612534e463ed529218e5b8223185ae78f734cb0251010259665430e&__bTs=1581493420 HTTP/1.1" 403 4674 "https://stream.jeremycherfas.net/?offset=1132" "Mozilla/5.0 (Linux; Android 6.0.1; Nexus 5X Build/MMB29P) AppleWebKit/537.36 (KHTML, like Gecko) Chrome/80.0.3987.92 Mobile Safari/537.36 (compatible; Googlebot/2.1; +http://www.google.com/bot.html)" 
66.249.68.20 - - [02/Mar/2020:07:57:08 -0800] "GET /service/web/unfurl/?url=http%3A%2F%2Fwww.niemanlab.org%2F2018%2F06%2Fdid-you-even-read-the-piece-this-startup-wants-to-make-that-question-obsolete-for-commenters%2F&__bTk=1f919ccc6612534e463ed529218e5b8223185ae78f734cb0251010259665430e&__bTs=1581493420 HTTP/1.1" 403 1382 "https://stream.jeremycherfas.net/?offset=1132" "Mozilla/5.0 (Linux; Android 6.0.1; Nexus 5X Build/MMB29P) AppleWebKit/537.36 (KHTML, like Gecko) Chrome/80.0.3987.92 Mobile Safari/537.36 (compatible; Googlebot/2.1; +http://www.google.com/bot.html)" 
