45.227.253.54 - - [29/Feb/2020:05:54:50 -0800] "GET /content/locations/?offset=0%29%20ORDER%20BY%202022%23 HTTP/1.1" 200 11779 "-" "Mozilla/5.0 (Windows; U; Windows NT 5.2; en-US) AppleWebKit/525.13 (KHTML, like Gecko) Chrome/0.2.149.27 Safari/525.13" 
45.227.253.54 - - [29/Feb/2020:05:54:52 -0800] "GET /content/locations/?offset=0%29%20UNION%20ALL%20SELECT%20NULL%23 HTTP/1.1" 200 11803 "-" "Mozilla/5.0 (Windows; U; Windows NT 5.2; en-US) AppleWebKit/525.13 (KHTML, like Gecko) Chrome/0.2.149.27 Safari/525.13" 
45.227.253.54 - - [29/Feb/2020:05:54:53 -0800] "GET /content/locations/?offset=0%29%20UNION%20ALL%20SELECT%20NULL%2CNULL%23 HTTP/1.1" 200 11815 "-" "Mozilla/5.0 (Windows; U; Windows NT 5.2; en-US) AppleWebKit/525.13 (KHTML, like Gecko) Chrome/0.2.149.27 Safari/525.13" 
45.227.253.54 - - [29/Feb/2020:05:54:55 -0800] "GET /content/locations/?offset=0%29%20UNION%20ALL%20SELECT%20NULL%2CNULL%2CNULL%23 HTTP/1.1" 200 11824 "-" "Mozilla/5.0 (Windows; U; Windows NT 5.2; en-US) AppleWebKit/525.13 (KHTML, like Gecko) Chrome/0.2.149.27 Safari/525.13" 
45.227.253.54 - - [29/Feb/2020:05:54:56 -0800] "GET /content/locations/?offset=0%29%20UNION%20ALL%20SELECT%20NULL%2CNULL%2CNULL%2CNULL%23 HTTP/1.1" 200 11832 "-" "Mozilla/5.0 (Windows; U; Windows NT 5.2; en-US) AppleWebKit/525.13 (KHTML, like Gecko) Chrome/0.2.149.27 Safari/525.13" 
45.227.253.54 - - [29/Feb/2020:05:54:58 -0800] "GET /content/locations/?offset=0%29%20UNION%20ALL%20SELECT%20NULL%2CNULL%2CNULL%2CNULL%2CNULL%23 HTTP/1.1" 200 11840 "-" "Mozilla/5.0 (Windows; U; Windows NT 5.2; en-US) AppleWebKit/525.13 (KHTML, like Gecko) Chrome/0.2.149.27 Safari/525.13" 
45.227.253.54 - - [29/Feb/2020:05:54:59 -0800] "GET /content/locations/?offset=0%29%20UNION%20ALL%20SELECT%20NULL%2CNULL%2CNULL%2CNULL%2CNULL%2CNULL%23 HTTP/1.1" 200 11852 "-" "Mozilla/5.0 (Windows; U; Windows NT 5.2; en-US) AppleWebKit/525.13 (KHTML, like Gecko) Chrome/0.2.149.27 Safari/525.13" 
45.227.253.54 - - [29/Feb/2020:05:55:01 -0800] "GET /content/locations/?offset=0%29%20UNION%20ALL%20SELECT%20NULL%2CNULL%2CNULL%2CNULL%2CNULL%2CNULL%2CNULL%23 HTTP/1.1" 200 11858 "-" "Mozilla/5.0 (Windows; U; Windows NT 5.2; en-US) AppleWebKit/525.13 (KHTML, like Gecko) Chrome/0.2.149.27 Safari/525.13" 
45.227.253.54 - - [29/Feb/2020:05:55:02 -0800] "GET /content/locations/?offset=0%29%20UNION%20ALL%20SELECT%20NULL%2CNULL%2CNULL%2CNULL%2CNULL%2CNULL%2CNULL%2CNULL%23 HTTP/1.1" 200 11866 "-" "Mozilla/5.0 (Windows; U; Windows NT 5.2; en-US) AppleWebKit/525.13 (KHTML, like Gecko) Chrome/0.2.149.27 Safari/525.13" 
45.227.253.54 - - [29/Feb/2020:05:55:03 -0800] "GET /content/locations/?offset=0%29%20UNION%20ALL%20SELECT%20NULL%2CNULL%2CNULL%2CNULL%2CNULL%2CNULL%2CNULL%2CNULL%2CNULL%23 HTTP/1.1" 200 11872 "-" "Mozilla/5.0 (Windows; U; Windows NT 5.2; en-US) AppleWebKit/525.13 (KHTML, like Gecko) Chrome/0.2.149.27 Safari/525.13" 
45.227.253.54 - - [29/Feb/2020:05:55:07 -0800] "GET /content/locations/?offset=0%29%20UNION%20ALL%20SELECT%20NULL%2CNULL%2CNULL%2CNULL%2CNULL%2CNULL%2CNULL%2CNULL%2CNULL%2CNULL%23 HTTP/1.1" 200 11882 "-" "Mozilla/5.0 (Windows; U; Windows NT 5.2; en-US) AppleWebKit/525.13 (KHTML, like Gecko) Chrome/0.2.149.27 Safari/525.13" 
45.227.253.54 - - [29/Feb/2020:05:55:08 -0800] "GET /content/locations/?offset=0%20ORDER%20BY%201%23 HTTP/1.1" 200 11771 "-" "Mozilla/5.0 (Windows; U; Windows NT 5.2; en-US) AppleWebKit/525.13 (KHTML, like Gecko) Chrome/0.2.149.27 Safari/525.13" 
45.227.253.54 - - [29/Feb/2020:05:55:10 -0800] "GET /content/locations/?offset=0%20ORDER%20BY%201680%23 HTTP/1.1" 200 11773 "-" "Mozilla/5.0 (Windows; U; Windows NT 5.2; en-US) AppleWebKit/525.13 (KHTML, like Gecko) Chrome/0.2.149.27 Safari/525.13" 
45.227.253.54 - - [29/Feb/2020:05:55:11 -0800] "GET /content/locations/?offset=0%20UNION%20ALL%20SELECT%20NULL%23 HTTP/1.1" 200 11795 "-" "Mozilla/5.0 (Windows; U; Windows NT 5.2; en-US) AppleWebKit/525.13 (KHTML, like Gecko) Chrome/0.2.149.27 Safari/525.13" 
45.227.253.54 - - [29/Feb/2020:05:55:13 -0800] "GET /content/locations/?offset=0%20UNION%20ALL%20SELECT%20NULL%2CNULL%23 HTTP/1.1" 200 11806 "-" "Mozilla/5.0 (Windows; U; Windows NT 5.2; en-US) AppleWebKit/525.13 (KHTML, like Gecko) Chrome/0.2.149.27 Safari/525.13" 
45.227.253.54 - - [29/Feb/2020:05:55:14 -0800] "GET /content/locations/?offset=0%20UNION%20ALL%20SELECT%20NULL%2CNULL%2CNULL%23 HTTP/1.1" 200 11816 "-" "Mozilla/5.0 (Windows; U; Windows NT 5.2; en-US) AppleWebKit/525.13 (KHTML, like Gecko) Chrome/0.2.149.27 Safari/525.13" 
45.227.253.54 - - [29/Feb/2020:05:55:16 -0800] "GET /content/locations/?offset=0%20UNION%20ALL%20SELECT%20NULL%2CNULL%2CNULL%2CNULL%23 HTTP/1.1" 200 11825 "-" "Mozilla/5.0 (Windows; U; Windows NT 5.2; en-US) AppleWebKit/525.13 (KHTML, like Gecko) Chrome/0.2.149.27 Safari/525.13" 
45.227.253.54 - - [29/Feb/2020:05:55:17 -0800] "GET /content/locations/?offset=0%20UNION%20ALL%20SELECT%20NULL%2CNULL%2CNULL%2CNULL%2CNULL%23 HTTP/1.1" 200 11833 "-" "Mozilla/5.0 (Windows; U; Windows NT 5.2; en-US) AppleWebKit/525.13 (KHTML, like Gecko) Chrome/0.2.149.27 Safari/525.13" 
45.227.253.54 - - [29/Feb/2020:05:55:19 -0800] "GET /content/locations/?offset=0%20UNION%20ALL%20SELECT%20NULL%2CNULL%2CNULL%2CNULL%2CNULL%2CNULL%23 HTTP/1.1" 200 11844 "-" "Mozilla/5.0 (Windows; U; Windows NT 5.2; en-US) AppleWebKit/525.13 (KHTML, like Gecko) Chrome/0.2.149.27 Safari/525.13" 
45.227.253.54 - - [29/Feb/2020:05:55:20 -0800] "GET /content/locations/?offset=0%20UNION%20ALL%20SELECT%20NULL%2CNULL%2CNULL%2CNULL%2CNULL%2CNULL%2CNULL%23 HTTP/1.1" 200 11851 "-" "Mozilla/5.0 (Windows; U; Windows NT 5.2; en-US) AppleWebKit/525.13 (KHTML, like Gecko) Chrome/0.2.149.27 Safari/525.13" 
45.227.253.54 - - [29/Feb/2020:05:55:21 -0800] "GET /content/locations/?offset=0%20UNION%20ALL%20SELECT%20NULL%2CNULL%2CNULL%2CNULL%2CNULL%2CNULL%2CNULL%2CNULL%23 HTTP/1.1" 200 11858 "-" "Mozilla/5.0 (Windows; U; Windows NT 5.2; en-US) AppleWebKit/525.13 (KHTML, like Gecko) Chrome/0.2.149.27 Safari/525.13" 
45.227.253.54 - - [29/Feb/2020:05:55:23 -0800] "GET /content/locations/?offset=0%20UNION%20ALL%20SELECT%20NULL%2CNULL%2CNULL%2CNULL%2CNULL%2CNULL%2CNULL%2CNULL%2CNULL%23 HTTP/1.1" 200 11866 "-" "Mozilla/5.0 (Windows; U; Windows NT 5.2; en-US) AppleWebKit/525.13 (KHTML, like Gecko) Chrome/0.2.149.27 Safari/525.13" 
45.227.253.54 - - [29/Feb/2020:05:55:24 -0800] "GET /content/locations/?offset=0%20UNION%20ALL%20SELECT%20NULL%2CNULL%2CNULL%2CNULL%2CNULL%2CNULL%2CNULL%2CNULL%2CNULL%2CNULL%23 HTTP/1.1" 200 11874 "-" "Mozilla/5.0 (Windows; U; Windows NT 5.2; en-US) AppleWebKit/525.13 (KHTML, like Gecko) Chrome/0.2.149.27 Safari/525.13" 
45.227.253.54 - - [29/Feb/2020:05:55:26 -0800] "GET /content/locations/?offset=0%20ORDER%20BY%201%23 HTTP/1.1" 200 11771 "-" "Mozilla/5.0 (Windows; U; Windows NT 5.2; en-US) AppleWebKit/525.13 (KHTML, like Gecko) Chrome/0.2.149.27 Safari/525.13" 
45.227.253.54 - - [29/Feb/2020:05:55:27 -0800] "GET /content/locations/?offset=0%20ORDER%20BY%203175%23 HTTP/1.1" 200 11774 "-" "Mozilla/5.0 (Windows; U; Windows NT 5.2; en-US) AppleWebKit/525.13 (KHTML, like Gecko) Chrome/0.2.149.27 Safari/525.13" 
45.227.253.54 - - [29/Feb/2020:05:55:28 -0800] "GET /content/locations/?offset=0%20UNION%20ALL%20SELECT%20NULL%23 HTTP/1.1" 200 11795 "-" "Mozilla/5.0 (Windows; U; Windows NT 5.2; en-US) AppleWebKit/525.13 (KHTML, like Gecko) Chrome/0.2.149.27 Safari/525.13" 
45.227.253.54 - - [29/Feb/2020:05:55:30 -0800] "GET /content/locations/?offset=0%20UNION%20ALL%20SELECT%20NULL%2CNULL%23 HTTP/1.1" 200 11806 "-" "Mozilla/5.0 (Windows; U; Windows NT 5.2; en-US) AppleWebKit/525.13 (KHTML, like Gecko) Chrome/0.2.149.27 Safari/525.13" 
45.227.253.54 - - [29/Feb/2020:05:55:31 -0800] "GET /content/locations/?offset=0%20UNION%20ALL%20SELECT%20NULL%2CNULL%2CNULL%23 HTTP/1.1" 200 11816 "-" "Mozilla/5.0 (Windows; U; Windows NT 5.2; en-US) AppleWebKit/525.13 (KHTML, like Gecko) Chrome/0.2.149.27 Safari/525.13" 
45.227.253.54 - - [29/Feb/2020:05:55:32 -0800] "GET /content/locations/?offset=0%20UNION%20ALL%20SELECT%20NULL%2CNULL%2CNULL%2CNULL%23 HTTP/1.1" 200 11825 "-" "Mozilla/5.0 (Windows; U; Windows NT 5.2; en-US) AppleWebKit/525.13 (KHTML, like Gecko) Chrome/0.2.149.27 Safari/525.13" 
45.227.253.54 - - [29/Feb/2020:05:55:34 -0800] "GET /content/locations/?offset=0%20UNION%20ALL%20SELECT%20NULL%2CNULL%2CNULL%2CNULL%2CNULL%23 HTTP/1.1" 200 11833 "-" "Mozilla/5.0 (Windows; U; Windows NT 5.2; en-US) AppleWebKit/525.13 (KHTML, like Gecko) Chrome/0.2.149.27 Safari/525.13" 
45.227.253.54 - - [29/Feb/2020:05:55:35 -0800] "GET /content/locations/?offset=0%20UNION%20ALL%20SELECT%20NULL%2CNULL%2CNULL%2CNULL%2CNULL%2CNULL%23 HTTP/1.1" 200 11844 "-" "Mozilla/5.0 (Windows; U; Windows NT 5.2; en-US) AppleWebKit/525.13 (KHTML, like Gecko) Chrome/0.2.149.27 Safari/525.13" 
45.227.253.54 - - [29/Feb/2020:05:55:37 -0800] "GET /content/locations/?offset=0%20UNION%20ALL%20SELECT%20NULL%2CNULL%2CNULL%2CNULL%2CNULL%2CNULL%2CNULL%23 HTTP/1.1" 200 11851 "-" "Mozilla/5.0 (Windows; U; Windows NT 5.2; en-US) AppleWebKit/525.13 (KHTML, like Gecko) Chrome/0.2.149.27 Safari/525.13" 
45.227.253.54 - - [29/Feb/2020:05:55:38 -0800] "GET /content/locations/?offset=0%20UNION%20ALL%20SELECT%20NULL%2CNULL%2CNULL%2CNULL%2CNULL%2CNULL%2CNULL%2CNULL%23 HTTP/1.1" 200 11858 "-" "Mozilla/5.0 (Windows; U; Windows NT 5.2; en-US) AppleWebKit/525.13 (KHTML, like Gecko) Chrome/0.2.149.27 Safari/525.13" 
45.227.253.54 - - [29/Feb/2020:05:55:39 -0800] "GET /content/locations/?offset=0%20UNION%20ALL%20SELECT%20NULL%2CNULL%2CNULL%2CNULL%2CNULL%2CNULL%2CNULL%2CNULL%2CNULL%23 HTTP/1.1" 200 11866 "-" "Mozilla/5.0 (Windows; U; Windows NT 5.2; en-US) AppleWebKit/525.13 (KHTML, like Gecko) Chrome/0.2.149.27 Safari/525.13" 
45.227.253.54 - - [29/Feb/2020:05:55:40 -0800] "GET /content/locations/?offset=0%20UNION%20ALL%20SELECT%20NULL%2CNULL%2CNULL%2CNULL%2CNULL%2CNULL%2CNULL%2CNULL%2CNULL%2CNULL%23 HTTP/1.1" 200 11874 "-" "Mozilla/5.0 (Windows; U; Windows NT 5.2; en-US) AppleWebKit/525.13 (KHTML, like Gecko) Chrome/0.2.149.27 Safari/525.13" 
45.227.253.54 - - [29/Feb/2020:05:55:42 -0800] "GET /content/locations/?offset=0%27%29%20ORDER%20BY%201%23 HTTP/1.1" 200 11781 "-" "Mozilla/5.0 (Windows; U; Windows NT 5.2; en-US) AppleWebKit/525.13 (KHTML, like Gecko) Chrome/0.2.149.27 Safari/525.13" 
45.227.253.54 - - [29/Feb/2020:05:55:43 -0800] "GET /content/locations/?offset=0%27%29%20ORDER%20BY%208484%23 HTTP/1.1" 200 11789 "-" "Mozilla/5.0 (Windows; U; Windows NT 5.2; en-US) AppleWebKit/525.13 (KHTML, like Gecko) Chrome/0.2.149.27 Safari/525.13" 
45.227.253.54 - - [29/Feb/2020:05:55:45 -0800] "GET /content/locations/?offset=0%27%29%20UNION%20ALL%20SELECT%20NULL%23 HTTP/1.1" 200 11809 "-" "Mozilla/5.0 (Windows; U; Windows NT 5.2; en-US) AppleWebKit/525.13 (KHTML, like Gecko) Chrome/0.2.149.27 Safari/525.13" 
45.227.253.54 - - [29/Feb/2020:05:55:46 -0800] "GET /content/locations/?offset=0%27%29%20UNION%20ALL%20SELECT%20NULL%2CNULL%23 HTTP/1.1" 200 11822 "-" "Mozilla/5.0 (Windows; U; Windows NT 5.2; en-US) AppleWebKit/525.13 (KHTML, like Gecko) Chrome/0.2.149.27 Safari/525.13" 
45.227.253.54 - - [29/Feb/2020:05:55:48 -0800] "GET /content/locations/?offset=0%27%29%20UNION%20ALL%20SELECT%20NULL%2CNULL%2CNULL%23 HTTP/1.1" 200 11831 "-" "Mozilla/5.0 (Windows; U; Windows NT 5.2; en-US) AppleWebKit/525.13 (KHTML, like Gecko) Chrome/0.2.149.27 Safari/525.13" 
45.227.253.54 - - [29/Feb/2020:05:55:50 -0800] "GET /content/locations/?offset=0%27%29%20UNION%20ALL%20SELECT%20NULL%2CNULL%2CNULL%2CNULL%23 HTTP/1.1" 200 11839 "-" "Mozilla/5.0 (Windows; U; Windows NT 5.2; en-US) AppleWebKit/525.13 (KHTML, like Gecko) Chrome/0.2.149.27 Safari/525.13" 
45.227.253.54 - - [29/Feb/2020:05:55:51 -0800] "GET /content/locations/?offset=0%27%29%20UNION%20ALL%20SELECT%20NULL%2CNULL%2CNULL%2CNULL%2CNULL%23 HTTP/1.1" 200 11849 "-" "Mozilla/5.0 (Windows; U; Windows NT 5.2; en-US) AppleWebKit/525.13 (KHTML, like Gecko) Chrome/0.2.149.27 Safari/525.13" 
45.227.253.54 - - [29/Feb/2020:05:55:53 -0800] "GET /content/locations/?offset=0%27%29%20UNION%20ALL%20SELECT%20NULL%2CNULL%2CNULL%2CNULL%2CNULL%2CNULL%23 HTTP/1.1" 200 11857 "-" "Mozilla/5.0 (Windows; U; Windows NT 5.2; en-US) AppleWebKit/525.13 (KHTML, like Gecko) Chrome/0.2.149.27 Safari/525.13" 
45.227.253.54 - - [29/Feb/2020:05:55:54 -0800] "GET /content/locations/?offset=0%27%29%20UNION%20ALL%20SELECT%20NULL%2CNULL%2CNULL%2CNULL%2CNULL%2CNULL%2CNULL%23 HTTP/1.1" 200 11865 "-" "Mozilla/5.0 (Windows; U; Windows NT 5.2; en-US) AppleWebKit/525.13 (KHTML, like Gecko) Chrome/0.2.149.27 Safari/525.13" 
45.227.253.54 - - [29/Feb/2020:05:55:56 -0800] "GET /content/locations/?offset=0%27%29%20UNION%20ALL%20SELECT%20NULL%2CNULL%2CNULL%2CNULL%2CNULL%2CNULL%2CNULL%2CNULL%23 HTTP/1.1" 200 11873 "-" "Mozilla/5.0 (Windows; U; Windows NT 5.2; en-US) AppleWebKit/525.13 (KHTML, like Gecko) Chrome/0.2.149.27 Safari/525.13" 
45.227.253.54 - - [29/Feb/2020:05:55:58 -0800] "GET /content/locations/?offset=0%27%29%20UNION%20ALL%20SELECT%20NULL%2CNULL%2CNULL%2CNULL%2CNULL%2CNULL%2CNULL%2CNULL%2CNULL%23 HTTP/1.1" 200 11880 "-" "Mozilla/5.0 (Windows; U; Windows NT 5.2; en-US) AppleWebKit/525.13 (KHTML, like Gecko) Chrome/0.2.149.27 Safari/525.13" 
45.227.253.54 - - [29/Feb/2020:05:56:00 -0800] "GET /content/locations/?offset=0%27%29%20UNION%20ALL%20SELECT%20NULL%2CNULL%2CNULL%2CNULL%2CNULL%2CNULL%2CNULL%2CNULL%2CNULL%2CNULL%23 HTTP/1.1" 200 11889 "-" "Mozilla/5.0 (Windows; U; Windows NT 5.2; en-US) AppleWebKit/525.13 (KHTML, like Gecko) Chrome/0.2.149.27 Safari/525.13" 
45.227.253.54 - - [29/Feb/2020:05:56:01 -0800] "GET /content/locations/?offset=0%27%20ORDER%20BY%201%23 HTTP/1.1" 200 11774 "-" "Mozilla/5.0 (Windows; U; Windows NT 5.2; en-US) AppleWebKit/525.13 (KHTML, like Gecko) Chrome/0.2.149.27 Safari/525.13" 
45.227.253.54 - - [29/Feb/2020:05:56:03 -0800] "GET /content/locations/?offset=0%27%20ORDER%20BY%207704%23 HTTP/1.1" 200 11780 "-" "Mozilla/5.0 (Windows; U; Windows NT 5.2; en-US) AppleWebKit/525.13 (KHTML, like Gecko) Chrome/0.2.149.27 Safari/525.13" 
45.227.253.54 - - [29/Feb/2020:05:56:04 -0800] "GET /content/locations/?offset=0%27%20UNION%20ALL%20SELECT%20NULL%23 HTTP/1.1" 200 11803 "-" "Mozilla/5.0 (Windows; U; Windows NT 5.2; en-US) AppleWebKit/525.13 (KHTML, like Gecko) Chrome/0.2.149.27 Safari/525.13" 
45.227.253.54 - - [29/Feb/2020:05:56:06 -0800] "GET /content/locations/?offset=0%27%20UNION%20ALL%20SELECT%20NULL%2CNULL%23 HTTP/1.1" 200 11815 "-" "Mozilla/5.0 (Windows; U; Windows NT 5.2; en-US) AppleWebKit/525.13 (KHTML, like Gecko) Chrome/0.2.149.27 Safari/525.13" 
45.227.253.54 - - [29/Feb/2020:05:56:07 -0800] "GET /content/locations/?offset=0%27%20UNION%20ALL%20SELECT%20NULL%2CNULL%2CNULL%23 HTTP/1.1" 200 11824 "-" "Mozilla/5.0 (Windows; U; Windows NT 5.2; en-US) AppleWebKit/525.13 (KHTML, like Gecko) Chrome/0.2.149.27 Safari/525.13" 
45.227.253.54 - - [29/Feb/2020:05:56:09 -0800] "GET /content/locations/?offset=0%27%20UNION%20ALL%20SELECT%20NULL%2CNULL%2CNULL%2CNULL%23 HTTP/1.1" 200 11832 "-" "Mozilla/5.0 (Windows; U; Windows NT 5.2; en-US) AppleWebKit/525.13 (KHTML, like Gecko) Chrome/0.2.149.27 Safari/525.13" 
207.46.13.132 - - [29/Feb/2020:05:56:09 -0800] "GET /2019/kevinmarks-very-much-this HTTP/1.1" 200 9609 "-" "Mozilla/5.0 (compatible; bingbot/2.0; +http://www.bing.com/bingbot.htm)" 
45.227.253.54 - - [29/Feb/2020:05:56:10 -0800] "GET /content/locations/?offset=0%27%20UNION%20ALL%20SELECT%20NULL%2CNULL%2CNULL%2CNULL%2CNULL%23 HTTP/1.1" 200 11840 "-" "Mozilla/5.0 (Windows; U; Windows NT 5.2; en-US) AppleWebKit/525.13 (KHTML, like Gecko) Chrome/0.2.149.27 Safari/525.13" 
45.227.253.54 - - [29/Feb/2020:05:56:11 -0800] "GET /content/locations/?offset=0%27%20UNION%20ALL%20SELECT%20NULL%2CNULL%2CNULL%2CNULL%2CNULL%2CNULL%23 HTTP/1.1" 200 11852 "-" "Mozilla/5.0 (Windows; U; Windows NT 5.2; en-US) AppleWebKit/525.13 (KHTML, like Gecko) Chrome/0.2.149.27 Safari/525.13" 
45.227.253.54 - - [29/Feb/2020:05:56:13 -0800] "GET /content/locations/?offset=0%27%20UNION%20ALL%20SELECT%20NULL%2CNULL%2CNULL%2CNULL%2CNULL%2CNULL%2CNULL%23 HTTP/1.1" 200 11858 "-" "Mozilla/5.0 (Windows; U; Windows NT 5.2; en-US) AppleWebKit/525.13 (KHTML, like Gecko) Chrome/0.2.149.27 Safari/525.13" 
45.227.253.54 - - [29/Feb/2020:05:56:14 -0800] "GET /content/locations/?offset=0%27%20UNION%20ALL%20SELECT%20NULL%2CNULL%2CNULL%2CNULL%2CNULL%2CNULL%2CNULL%2CNULL%23 HTTP/1.1" 200 11866 "-" "Mozilla/5.0 (Windows; U; Windows NT 5.2; en-US) AppleWebKit/525.13 (KHTML, like Gecko) Chrome/0.2.149.27 Safari/525.13" 
45.227.253.54 - - [29/Feb/2020:05:56:16 -0800] "GET /content/locations/?offset=0%27%20UNION%20ALL%20SELECT%20NULL%2CNULL%2CNULL%2CNULL%2CNULL%2CNULL%2CNULL%2CNULL%2CNULL%23 HTTP/1.1" 200 11872 "-" "Mozilla/5.0 (Windows; U; Windows NT 5.2; en-US) AppleWebKit/525.13 (KHTML, like Gecko) Chrome/0.2.149.27 Safari/525.13" 
45.227.253.54 - - [29/Feb/2020:05:56:17 -0800] "GET /content/locations/?offset=0%27%20UNION%20ALL%20SELECT%20NULL%2CNULL%2CNULL%2CNULL%2CNULL%2CNULL%2CNULL%2CNULL%2CNULL%2CNULL%23 HTTP/1.1" 200 11882 "-" "Mozilla/5.0 (Windows; U; Windows NT 5.2; en-US) AppleWebKit/525.13 (KHTML, like Gecko) Chrome/0.2.149.27 Safari/525.13" 
64.111.100.215 - - [29/Feb/2020:05:56:18 -0800] "GET /content/all?_t=rss HTTP/1.1" 200 18301 "-" "Mozilla/5.0 (X11; U; Linux i686; fr; rv:1.9.1.1) Gecko/20090715 Firefox/3.5.1" 
45.227.253.54 - - [29/Feb/2020:05:56:19 -0800] "GET /content/locations/?offset=0%25%27%20ORDER%20BY%201%23 HTTP/1.1" 200 11780 "-" "Mozilla/5.0 (Windows; U; Windows NT 5.2; en-US) AppleWebKit/525.13 (KHTML, like Gecko) Chrome/0.2.149.27 Safari/525.13" 
45.227.253.54 - - [29/Feb/2020:05:56:22 -0800] "GET /content/locations/?offset=0%25%27%20ORDER%20BY%207260%23 HTTP/1.1" 200 11787 "-" "Mozilla/5.0 (Windows; U; Windows NT 5.2; en-US) AppleWebKit/525.13 (KHTML, like Gecko) Chrome/0.2.149.27 Safari/525.13" 
45.227.253.54 - - [29/Feb/2020:05:56:23 -0800] "GET /content/locations/?offset=0%25%27%20UNION%20ALL%20SELECT%20NULL%23 HTTP/1.1" 200 11808 "-" "Mozilla/5.0 (Windows; U; Windows NT 5.2; en-US) AppleWebKit/525.13 (KHTML, like Gecko) Chrome/0.2.149.27 Safari/525.13" 
45.227.253.54 - - [29/Feb/2020:05:56:24 -0800] "GET /content/locations/?offset=0%25%27%20UNION%20ALL%20SELECT%20NULL%2CNULL%23 HTTP/1.1" 200 11822 "-" "Mozilla/5.0 (Windows; U; Windows NT 5.2; en-US) AppleWebKit/525.13 (KHTML, like Gecko) Chrome/0.2.149.27 Safari/525.13" 
45.227.253.54 - - [29/Feb/2020:05:56:26 -0800] "GET /content/locations/?offset=0%25%27%20UNION%20ALL%20SELECT%20NULL%2CNULL%2CNULL%23 HTTP/1.1" 200 11831 "-" "Mozilla/5.0 (Windows; U; Windows NT 5.2; en-US) AppleWebKit/525.13 (KHTML, like Gecko) Chrome/0.2.149.27 Safari/525.13" 
45.227.253.54 - - [29/Feb/2020:05:56:27 -0800] "GET /content/locations/?offset=0%25%27%20UNION%20ALL%20SELECT%20NULL%2CNULL%2CNULL%2CNULL%23 HTTP/1.1" 200 11839 "-" "Mozilla/5.0 (Windows; U; Windows NT 5.2; en-US) AppleWebKit/525.13 (KHTML, like Gecko) Chrome/0.2.149.27 Safari/525.13" 
45.227.253.54 - - [29/Feb/2020:05:56:29 -0800] "GET /content/locations/?offset=0%25%27%20UNION%20ALL%20SELECT%20NULL%2CNULL%2CNULL%2CNULL%2CNULL%23 HTTP/1.1" 200 11849 "-" "Mozilla/5.0 (Windows; U; Windows NT 5.2; en-US) AppleWebKit/525.13 (KHTML, like Gecko) Chrome/0.2.149.27 Safari/525.13" 
45.227.253.54 - - [29/Feb/2020:05:56:30 -0800] "GET /content/locations/?offset=0%25%27%20UNION%20ALL%20SELECT%20NULL%2CNULL%2CNULL%2CNULL%2CNULL%2CNULL%23 HTTP/1.1" 200 11857 "-" "Mozilla/5.0 (Windows; U; Windows NT 5.2; en-US) AppleWebKit/525.13 (KHTML, like Gecko) Chrome/0.2.149.27 Safari/525.13" 
45.227.253.54 - - [29/Feb/2020:05:56:32 -0800] "GET /content/locations/?offset=0%25%27%20UNION%20ALL%20SELECT%20NULL%2CNULL%2CNULL%2CNULL%2CNULL%2CNULL%2CNULL%23 HTTP/1.1" 200 11865 "-" "Mozilla/5.0 (Windows; U; Windows NT 5.2; en-US) AppleWebKit/525.13 (KHTML, like Gecko) Chrome/0.2.149.27 Safari/525.13" 
45.227.253.54 - - [29/Feb/2020:05:56:33 -0800] "GET /content/locations/?offset=0%25%27%20UNION%20ALL%20SELECT%20NULL%2CNULL%2CNULL%2CNULL%2CNULL%2CNULL%2CNULL%2CNULL%23 HTTP/1.1" 200 11873 "-" "Mozilla/5.0 (Windows; U; Windows NT 5.2; en-US) AppleWebKit/525.13 (KHTML, like Gecko) Chrome/0.2.149.27 Safari/525.13" 
45.227.253.54 - - [29/Feb/2020:05:56:34 -0800] "GET /content/locations/?offset=0%25%27%20UNION%20ALL%20SELECT%20NULL%2CNULL%2CNULL%2CNULL%2CNULL%2CNULL%2CNULL%2CNULL%2CNULL%23 HTTP/1.1" 200 11880 "-" "Mozilla/5.0 (Windows; U; Windows NT 5.2; en-US) AppleWebKit/525.13 (KHTML, like Gecko) Chrome/0.2.149.27 Safari/525.13" 
45.227.253.54 - - [29/Feb/2020:05:56:36 -0800] "GET /content/locations/?offset=0%25%27%20UNION%20ALL%20SELECT%20NULL%2CNULL%2CNULL%2CNULL%2CNULL%2CNULL%2CNULL%2CNULL%2CNULL%2CNULL%23 HTTP/1.1" 200 11889 "-" "Mozilla/5.0 (Windows; U; Windows NT 5.2; en-US) AppleWebKit/525.13 (KHTML, like Gecko) Chrome/0.2.149.27 Safari/525.13" 
157.230.173.41 - - [29/Feb/2020:05:58:30 -0800] "GET /?_t=rss HTTP/1.1" 200 7508 "-" "Feedbin feed-id:1536727 - 1 subscribers" 
3.80.223.104 - - [29/Feb/2020:06:00:19 -0800] "GET /?_t=rss HTTP/1.1" 200 7738 "-" "glitch-feeder/1.0 (+https://glitch.com/~lmo-feeder)" 
17.58.96.249 - - [29/Feb/2020:06:00:44 -0800] "GET /2019/so-have-i-and-this-time-i HTTP/1.1" 200 9328 "-" "Mozilla/5.0 (Macintosh; Intel Mac OS X 10_10_1) AppleWebKit/600.2.5 (KHTML, like Gecko) Version/8.0.2 Safari/600.2.5 (Applebot/0.1; +http://www.apple.com/go/applebot)" 
46.229.168.140 - - [29/Feb/2020:06:01:34 -0800] "GET /robots.txt HTTP/1.1" 200 4577 "-" "Mozilla/5.0 (compatible; SemrushBot/6~bl; +http://www.semrush.com/bot.html)" 
46.229.168.137 - - [29/Feb/2020:06:01:34 -0800] "GET /2017/lookout-world-food-colinkhoury-talking-about-changingglobaldiets-website-on-the HTTP/1.1" 200 9926 "-" "Mozilla/5.0 (compatible; SemrushBot/6~bl; +http://www.semrush.com/bot.html)" 
17.58.96.249 - - [29/Feb/2020:06:03:51 -0800] "GET /2018/the-cold-pre-dawn HTTP/1.1" 200 6299 "-" "Mozilla/5.0 (Macintosh; Intel Mac OS X 10_10_1) AppleWebKit/600.2.5 (KHTML, like Gecko) Version/8.0.2 Safari/600.2.5 (Applebot/0.1; +http://www.apple.com/go/applebot)" 
51.6.254.155 - - [29/Feb/2020:06:06:13 -0800] "GET /file/6d2a4aab61c145693d5388567ac692b3/A35CF55C-C393-40CE-BD41-9360A7671C6A.jpeg HTTP/1.1" 200 36766 "https://micro.blog/hybrid/discover?width=320&fontsize=16.000000" "Mozilla/5.0 (iPhone; CPU iPhone OS 13_3_1 like Mac OS X) AppleWebKit/605.1.15 (KHTML, like Gecko) Mobile/15E148" 
54.74.160.62 - - [29/Feb/2020:06:08:54 -0800] "GET /file/6d2a4aab61c145693d5388567ac692b3/A35CF55C-C393-40CE-BD41-9360A7671C6A.jpeg HTTP/1.1" 200 36710 "-" "gluon.app/image-proxy" 
108.93.33.72 - - [29/Feb/2020:06:08:58 -0800] "GET /file/6d2a4aab61c145693d5388567ac692b3/A35CF55C-C393-40CE-BD41-9360A7671C6A.jpeg HTTP/1.1" 200 36766 "https://micro.blog/hybrid/discover?width=414&fontsize=16.000000" "Mozilla/5.0 (iPhone; CPU iPhone OS 13_3_1 like Mac OS X) AppleWebKit/605.1.15 (KHTML, like Gecko) Mobile/15E148" 
54.74.160.62 - - [29/Feb/2020:06:09:15 -0800] "GET /file/6d2a4aab61c145693d5388567ac692b3/A35CF55C-C393-40CE-BD41-9360A7671C6A.jpeg HTTP/1.1" 200 36710 "-" "gluon.app/image-proxy" 
219.145.144.65 - - [29/Feb/2020:06:12:33 -0800] "GET /profile/jeremy HTTP/1.1" 200 16116 "https://stream.jeremycherfas.net/" "Mozilla/5.0 (Windows NT 6.1; WOW64) AppleWebKit/537.36 (KHTML, like Gecko) Chrome/66.0.3359.170 Safari/537.36 Ionic/2.16.8" 
219.145.144.65 - - [29/Feb/2020:06:12:45 -0800] "GET /content/bookmarkedpages/ HTTP/1.1" 200 12208 "https://stream.jeremycherfas.net/" "Mozilla/5.0 (Windows NT 6.1; WOW64) AppleWebKit/537.36 (KHTML, like Gecko) Chrome/66.0.3359.170 Safari/537.36 Ionic/2.16.8" 
86.136.94.170 - - [29/Feb/2020:06:14:00 -0800] "GET /file/6d2a4aab61c145693d5388567ac692b3/A35CF55C-C393-40CE-BD41-9360A7671C6A.jpeg HTTP/1.1" 200 36766 "https://micro.blog/" "Mozilla/5.0 (Macintosh; Intel Mac OS X 10_15_3) AppleWebKit/605.1.15 (KHTML, like Gecko) Version/13.0.5 Safari/605.1.15" 
64.111.100.215 - - [29/Feb/2020:06:15:03 -0800] "GET /content/all?_t=rss HTTP/1.1" 200 18301 "-" "Mozilla/5.0 (X11; U; Linux i686; fr; rv:1.9.1.1) Gecko/20090715 Firefox/3.5.1" 
96.126.125.129 - - [29/Feb/2020:06:16:47 -0800] "GET /content/statusupdates/posts/photos/checkins/bookmarkedpages?_t=rss HTTP/1.1" 200 7821 "-" "Micro.blog/1.0" 
173.230.155.197 - - [29/Feb/2020:06:17:13 -0800] "GET / HTTP/1.1" 200 56958 "-" "Mozilla/5.0 (Macintosh; Intel Mac OS X 10_12_1) AppleWebKit/537.36 (KHTML, like Gecko) Chrome/57.0.2987.133 Safari/537.36 p3k-http/0.1.5 p3k-watchtower/0.1" 
46.229.168.138 - - [29/Feb/2020:06:17:14 -0800] "GET /robots.txt HTTP/1.1" 200 4577 "-" "Mozilla/5.0 (compatible; SemrushBot/6~bl; +http://www.semrush.com/bot.html)" 
46.229.168.150 - - [29/Feb/2020:06:17:14 -0800] "GET /?offset=110&q=%23%2B%23indieweb HTTP/1.1" 200 12383 "-" "Mozilla/5.0 (compatible; SemrushBot/6~bl; +http://www.semrush.com/bot.html)" 
54.36.148.221 - - [29/Feb/2020:06:17:20 -0800] "GET / HTTP/1.1" 200 11722 "-" "Mozilla/5.0 (compatible; AhrefsBot/6.1; +http://ahrefs.com/robot/)" 
96.126.125.129 - - [29/Feb/2020:06:18:29 -0800] "GET /content/statusupdates/posts/photos/checkins/bookmarkedpages?_t=rss HTTP/1.1" 200 7821 "-" "Micro.blog/1.0" 
50.93.251.21 - - [29/Feb/2020:06:19:33 -0800] "GET /file/6d2a4aab61c145693d5388567ac692b3/A35CF55C-C393-40CE-BD41-9360A7671C6A.jpeg HTTP/1.1" 200 36766 "https://micro.blog/hybrid/discover?width=703&fontsize=16.000000" "Mozilla/5.0 (iPad; CPU OS 13_3_1 like Mac OS X) AppleWebKit/605.1.15 (KHTML, like Gecko) Mobile/15E148" 
217.78.203.50 - - [29/Feb/2020:06:19:54 -0800] "POST /robots.txt HTTP/1.1" 500 17601 "-" "Wget/1.15 (linux-gnu)" 
54.36.148.190 - - [29/Feb/2020:06:20:06 -0800] "GET /content/all?_t=rss HTTP/1.1" 200 7524 "-" "Mozilla/5.0 (compatible; AhrefsBot/6.1; +http://ahrefs.com/robot/)" 
108.173.184.37 - - [29/Feb/2020:06:21:07 -0800] "GET /file/6d2a4aab61c145693d5388567ac692b3/A35CF55C-C393-40CE-BD41-9360A7671C6A.jpeg HTTP/1.1" 200 36766 "https://micro.blog/" "Mozilla/5.0 (Macintosh; Intel Mac OS X 10_15_3) AppleWebKit/605.1.15 (KHTML, like Gecko) Version/13.0.5 Safari/605.1.15" 
46.229.168.146 - - [29/Feb/2020:06:21:23 -0800] "GET /?offset=24&q=%23%2B%23sourdough HTTP/1.1" 200 11638 "-" "Mozilla/5.0 (compatible; SemrushBot/6~bl; +http://www.semrush.com/bot.html)" 
197.234.221.91 - - [29/Feb/2020:06:21:41 -0800] "GET /content/photos/?offset=550 HTTP/1.1" 200 11219 "-" "Mozilla/5.0 (Macintosh; U; Intel Mac OS X 10_6_4; en-US) AppleWebKit/534.16 (KHTML, like Gecko) Chrome/10.0.648.0 Safari/534.16" 
46.229.168.149 - - [29/Feb/2020:06:21:50 -0800] "GET /content/all/?offset=33&q=%23%2B%23sourdough HTTP/1.1" 200 11529 "-" "Mozilla/5.0 (compatible; SemrushBot/6~bl; +http://www.semrush.com/bot.html)" 
207.46.13.132 - - [29/Feb/2020:06:22:09 -0800] "GET /content/photos/?q=%23podcast&_t=rss HTTP/1.1" 200 8656 "-" "msnbot/2.0b (+http://search.msn.com/msnbot.htm)" 
3.87.18.119 - - [29/Feb/2020:06:22:56 -0800] "GET /content/all?_t=rss HTTP/1.1" 304 3481 "https://www.google.com/" "Mozilla/5.0 (Windows NT 10.0; Win64; x64) AppleWebKit/537.36 (KHTML, like Gecko) Chrome/42.0.2311.135 Safari/537.36 Edge/12.246" 
197.234.221.91 - - [29/Feb/2020:06:23:40 -0800] "GET /2017/could-this-be-a-crape-myrtle-fruit-is-it-good HTTP/1.1" 200 7130 "-" "Mozilla/5.0 (Macintosh; U; Intel Mac OS X 10_6_4; en-US) AppleWebKit/534.16 (KHTML, like Gecko) Chrome/10.0.648.0 Safari/534.16" 
45.175.81.2 - - [29/Feb/2020:06:23:42 -0800] "GET /file/6d2a4aab61c145693d5388567ac692b3/A35CF55C-C393-40CE-BD41-9360A7671C6A.jpeg HTTP/1.1" 200 36977 "https://micro.blog/discover" "Mozilla/5.0 (Windows NT 6.3; Win64; x64) AppleWebKit/537.36 (KHTML, like Gecko) Chrome/80.0.3987.122 Safari/537.36" 
54.74.160.62 - - [29/Feb/2020:06:23:59 -0800] "GET /file/6d2a4aab61c145693d5388567ac692b3/A35CF55C-C393-40CE-BD41-9360A7671C6A.jpeg HTTP/1.1" 200 36710 "-" "gluon.app/image-proxy" 
150.143.114.238 - - [29/Feb/2020:06:26:40 -0800] "GET /file/713528b24e8f68e707e66c4c4b348f14/df02873139de3cfce75e217c2779bac8 HTTP/1.1" 200 83155 "https://www.google.com/" "Mozilla/5.0 (Macintosh; Intel Mac OS X 10_11_6) AppleWebKit/602.1.50 (KHTML, like Gecko) Version/10.0 Safari/602.1.50" 
54.36.150.62 - - [29/Feb/2020:06:26:55 -0800] "GET /content/photos/?_t=rss HTTP/1.1" 200 7167 "-" "Mozilla/5.0 (compatible; AhrefsBot/6.1; +http://ahrefs.com/robot/)" 
64.227.53.127 - - [29/Feb/2020:06:28:02 -0800] "GET /?_t=rss HTTP/1.1" 304 3476 "-" "Feedbin feed-id:1536727 - 1 subscribers" 
219.145.144.65 - - [29/Feb/2020:06:28:53 -0800] "GET /profile/jeremy HTTP/1.1" 200 16113 "https://stream.jeremycherfas.net/" "Mozilla/5.0 (Windows NT 6.1; WOW64) AppleWebKit/537.36 (KHTML, like Gecko) Chrome/63.0.3239.26 Safari/537.36 Core/1.63.4737.400 QQBrowser/10.0.654.400" 
219.145.144.65 - - [29/Feb/2020:06:29:04 -0800] "GET /content/bookmarkedpages/ HTTP/1.1" 200 12208 "https://stream.jeremycherfas.net/" "Mozilla/5.0 (Windows NT 6.1; WOW64) AppleWebKit/537.36 (KHTML, like Gecko) Chrome/63.0.3239.26 Safari/537.36 Core/1.63.4737.400 QQBrowser/10.0.654.400" 
64.111.100.215 - - [29/Feb/2020:06:30:51 -0800] "GET /content/all?_t=rss HTTP/1.1" 200 18301 "-" "Mozilla/5.0 (X11; U; Linux i686; fr; rv:1.9.1.1) Gecko/20090715 Firefox/3.5.1" 
46.229.168.129 - - [29/Feb/2020:06:32:21 -0800] "GET /?offset=126&q=%23indieweb HTTP/1.1" 200 12868 "-" "Mozilla/5.0 (compatible; SemrushBot/6~bl; +http://www.semrush.com/bot.html)" 
110.52.224.26 - - [29/Feb/2020:06:35:20 -0800] "GET /2020/untitled-33 HTTP/1.1" 200 9370 "-" "Mozilla/5.0(Linux;Android 5.1.1;OPPO A33 Build/LMY47V;wv) AppleWebKit/537.36(KHTML,link Gecko) Version/4.0 Chrome/42.0.2311.138 Mobile Safari/537.36" 
118.181.79.24 - - [29/Feb/2020:06:35:37 -0800] "GET /2018/2018-11-01 HTTP/1.1" 200 10224 "-" "Mozilla/5.0 (iPad; CPU OS 7_0 like Mac OS X) AppleWebKit/537.51.1 (KHTML, like Gecko) Version/7.0 Mobile/11A465 Safari/9537.53" 
104.156.66.84 - - [29/Feb/2020:06:37:45 -0800] "GET /file/6d2a4aab61c145693d5388567ac692b3/A35CF55C-C393-40CE-BD41-9360A7671C6A.jpeg HTTP/1.1" 200 36766 "https://micro.blog/hybrid/discover?width=990&fontsize=19.000000" "Mozilla/5.0 (iPad; CPU OS 13_3_1 like Mac OS X) AppleWebKit/605.1.15 (KHTML, like Gecko) Mobile/15E148" 
79.197.63.8 - - [29/Feb/2020:06:38:19 -0800] "GET /file/6d2a4aab61c145693d5388567ac692b3/A35CF55C-C393-40CE-BD41-9360A7671C6A.jpeg HTTP/1.1" 200 36766 "https://micro.blog/hybrid/discover?width=414&fontsize=14.000000" "Mozilla/5.0 (iPhone; CPU iPhone OS 13_3 like Mac OS X) AppleWebKit/605.1.15 (KHTML, like Gecko) Mobile/15E148" 
54.74.160.62 - - [29/Feb/2020:06:38:21 -0800] "GET /file/6d2a4aab61c145693d5388567ac692b3/A35CF55C-C393-40CE-BD41-9360A7671C6A.jpeg HTTP/1.1" 200 36710 "-" "gluon.app/image-proxy" 
185.128.27.102 - - [29/Feb/2020:06:42:39 -0800] "GET /file/6d2a4aab61c145693d5388567ac692b3/A35CF55C-C393-40CE-BD41-9360A7671C6A.jpeg HTTP/1.1" 200 36977 "https://micro.blog/discover" "Mozilla/5.0 (Windows NT 10.0; Win64; x64) AppleWebKit/537.36 (KHTML, like Gecko) Chrome/81.0.4044.26 Safari/537.36 Edg/81.0.416.16" 
64.111.100.215 - - [29/Feb/2020:06:45:53 -0800] "GET /content/all?_t=rss HTTP/1.1" 200 18301 "-" "Mozilla/5.0 (X11; U; Linux i686; fr; rv:1.9.1.1) Gecko/20090715 Firefox/3.5.1" 
40.77.167.44 - - [29/Feb/2020:06:46:22 -0800] "GET /file/477bd75681306b6ed9c4dab5418bb3d6/igXBnRMj.jpg HTTP/1.1" 200 141951 "-" "Mozilla/5.0 (compatible; bingbot/2.0; +http://www.bing.com/bingbot.htm)" 
54.38.90.86 - - [29/Feb/2020:06:48:39 -0800] "GET /gfx/users/default-00.png HTTP/1.1" 200 9065 "-" "-" 
17.58.96.249 - - [29/Feb/2020:06:50:16 -0800] "GET /2017/the-ongoing-saga-of-attempting-to-connect-microblog-to-known HTTP/1.1" 200 9993 "-" "Mozilla/5.0 (Macintosh; Intel Mac OS X 10_10_1) AppleWebKit/600.2.5 (KHTML, like Gecko) Version/8.0.2 Safari/600.2.5 (Applebot/0.1; +http://www.apple.com/go/applebot)" 
51.6.254.155 - - [29/Feb/2020:06:50:27 -0800] "GET /file/6d2a4aab61c145693d5388567ac692b3/A35CF55C-C393-40CE-BD41-9360A7671C6A.jpeg HTTP/1.1" 200 36766 "https://micro.blog/hybrid/discover?width=320&fontsize=16.000000" "Mozilla/5.0 (iPhone; CPU iPhone OS 13_3_1 like Mac OS X) AppleWebKit/605.1.15 (KHTML, like Gecko) Mobile/15E148" 
219.145.144.65 - - [29/Feb/2020:06:51:30 -0800] "GET /profile/jeremy HTTP/1.1" 200 16109 "https://stream.jeremycherfas.net/" "Mozilla/5.0 (Windows NT 6.1; WOW64) AppleWebKit/537.36 (KHTML, like Gecko) Chrome/63.0.3239.132 Safari/479B76" 
96.126.125.129 - - [29/Feb/2020:06:51:35 -0800] "GET /content/statusupdates/posts/photos/checkins/bookmarkedpages?_t=rss HTTP/1.1" 200 7821 "-" "Micro.blog/1.0" 
219.145.144.65 - - [29/Feb/2020:06:51:49 -0800] "GET /content/bookmarkedpages/ HTTP/1.1" 200 12208 "https://stream.jeremycherfas.net/" "Mozilla/5.0 (Windows NT 6.1; WOW64) AppleWebKit/537.36 (KHTML, like Gecko) Chrome/63.0.3239.132 Safari/479B76" 
113.100.9.108 - - [29/Feb/2020:06:52:25 -0800] "GET /2019/my-sourdough-leaven-active-and-spongy-and-ready-to-do HTTP/1.1" 200 13025 "-" "Mozilla/5.0 (iPad; CPU OS 7_0 like Mac OS X) AppleWebKit/537.51.1 (KHTML, like Gecko) Version/7.0 Mobile/11A465 Safari/9537.53" 
96.126.125.129 - - [29/Feb/2020:06:53:09 -0800] "GET /content/statusupdates/posts/photos/checkins/bookmarkedpages?_t=rss HTTP/1.1" 200 7821 "-" "Micro.blog/1.0" 
66.249.70.24 - - [29/Feb/2020:06:53:52 -0800] "GET /robots.txt HTTP/1.1" 200 4590 "-" "Mozilla/5.0 (compatible; Googlebot/2.1; +http://www.google.com/bot.html)" 
66.249.70.22 - - [29/Feb/2020:06:53:52 -0800] "GET /2019/the-open-notebook-decolonizing-science-writing-in-south-africa?_t=rss HTTP/1.1" 200 5534 "-" "Mozilla/5.0 (Linux; Android 6.0.1; Nexus 5X Build/MMB29P) AppleWebKit/537.36 (KHTML, like Gecko) Chrome/80.0.3987.92 Mobile Safari/537.36 (compatible; Googlebot/2.1; +http://www.google.com/bot.html)" 
66.249.70.22 - - [29/Feb/2020:06:53:58 -0800] "GET /2018/season-of-mists-and-mellow-still-lifes HTTP/1.1" 200 12545 "-" "Mozilla/5.0 (Linux; Android 6.0.1; Nexus 5X Build/MMB29P) AppleWebKit/537.36 (KHTML, like Gecko) Chrome/80.0.3987.92 Mobile Safari/537.36 (compatible; Googlebot/2.1; +http://www.google.com/bot.html)" 
207.46.13.132 - - [29/Feb/2020:06:55:28 -0800] "GET /content/all/?q=%23podcast&_t=rss HTTP/1.1" 200 8040 "-" "msnbot/2.0b (+http://search.msn.com/msnbot.htm)" 
46.229.168.148 - - [29/Feb/2020:06:55:37 -0800] "GET /?offset=19&q=%23podcast HTTP/1.1" 200 12528 "-" "Mozilla/5.0 (compatible; SemrushBot/6~bl; +http://www.semrush.com/bot.html)" 
17.58.96.249 - - [29/Feb/2020:06:56:01 -0800] "GET /2017/virtual-homebrew-website-club HTTP/1.1" 200 10713 "-" "Mozilla/5.0 (Macintosh; Intel Mac OS X 10_10_1) AppleWebKit/600.2.5 (KHTML, like Gecko) Version/8.0.2 Safari/600.2.5 (Applebot/0.1; +http://www.apple.com/go/applebot)" 
157.230.173.40 - - [29/Feb/2020:06:56:15 -0800] "GET /?_t=rss HTTP/1.1" 304 3476 "-" "Feedbin feed-id:1536727 - 1 subscribers" 
217.78.203.50 - - [29/Feb/2020:06:58:02 -0800] "POST /robots.txt HTTP/1.1" 500 17601 "-" "Wget/1.15 (linux-gnu)" 
73.111.162.172 - - [29/Feb/2020:06:59:29 -0800] "GET /file/6d2a4aab61c145693d5388567ac692b3/A35CF55C-C393-40CE-BD41-9360A7671C6A.jpeg HTTP/1.1" 200 36766 "https://micro.blog/hybrid/discover?width=414&fontsize=19.000000" "Mozilla/5.0 (iPhone; CPU iPhone OS 13_3_1 like Mac OS X) AppleWebKit/605.1.15 (KHTML, like Gecko) Mobile/15E148" 
207.5.160.195 - - [29/Feb/2020:06:59:55 -0800] "GET /robots.txt HTTP/1.0" 200 4510 "-" "WF search/Nutch-1.12" 
207.5.160.195 - - [29/Feb/2020:06:59:55 -0800] "GET /webmention/ HTTP/1.0" 200 7747 "-" "WF search/Nutch-1.12" 
3.80.223.104 - - [29/Feb/2020:07:00:17 -0800] "GET /?_t=rss HTTP/1.1" 200 7738 "-" "glitch-feeder/1.0 (+https://glitch.com/~lmo-feeder)" 
64.111.100.215 - - [29/Feb/2020:07:00:57 -0800] "GET /content/all?_t=rss HTTP/1.1" 200 18301 "-" "Mozilla/5.0 (X11; U; Linux i686; fr; rv:1.9.1.1) Gecko/20090715 Firefox/3.5.1" 
40.77.167.98 - - [29/Feb/2020:07:01:09 -0800] "GET /2019/x-marks-the-spot HTTP/1.1" 200 11360 "-" "Mozilla/5.0 (compatible; bingbot/2.0; +http://www.bing.com/bingbot.htm)" 
46.229.168.161 - - [29/Feb/2020:07:02:23 -0800] "GET /robots.txt HTTP/1.1" 200 4553 "-" "Mozilla/5.0 (compatible; SemrushBot/6~bl; +http://www.semrush.com/bot.html)" 
46.229.168.148 - - [29/Feb/2020:07:02:25 -0800] "GET /?offset=29&q=%23withknown HTTP/1.1" 200 12535 "-" "Mozilla/5.0 (compatible; SemrushBot/6~bl; +http://www.semrush.com/bot.html)" 
54.175.78.152 - - [29/Feb/2020:07:04:31 -0800] "GET /rss.xml HTTP/1.1" 304 3481 "https://www.google.com/" "Mozilla/5.0 (Windows; U; Windows NT 6.1; rv:2.2) Gecko/20110201" 
79.224.117.147 - - [29/Feb/2020:07:05:16 -0800] "GET /file/6d2a4aab61c145693d5388567ac692b3/A35CF55C-C393-40CE-BD41-9360A7671C6A.jpeg HTTP/1.1" 200 36766 "https://micro.blog/hybrid/discover?width=703&fontsize=16.000000" "Mozilla/5.0 (iPad; CPU OS 13_3_1 like Mac OS X) AppleWebKit/605.1.15 (KHTML, like Gecko) Mobile/15E148" 
159.65.229.127 - - [29/Feb/2020:07:05:16 -0800] "GET /?_t=rss HTTP/1.1" 304 3743 "-" "NewsBlur Feed Fetcher - 1 subscriber - http://www.newsblur.com/site/7603923/jeremy-cherfas (Mozilla/5.0 (Macintosh; Intel Mac OS X 10_12_3) AppleWebKit/537.36 (KHTML, like Gecko) Chrome/56.0.2924.87 Safari/537.36)" 
159.65.229.127 - - [29/Feb/2020:07:05:17 -0800] "GET /?_t=rss HTTP/1.1" 304 3711 "-" "NewsBlur Feed Fetcher - 1 subscriber - http://www.newsblur.com/site/7603923/jeremy-cherfas (Mozilla/5.0 (Macintosh; Intel Mac OS X 10_12_3) AppleWebKit/537.36 (KHTML, like Gecko) Chrome/56.0.2924.87 Safari/537.36)" 
159.65.229.127 - - [29/Feb/2020:07:05:18 -0800] "GET / HTTP/1.1" 200 11989 "-" "NewsBlur Page Fetcher - 1 subscriber - http://www.newsblur.com/site/7603923/jeremy-cherfas (Mozilla/5.0 (Macintosh; Intel Mac OS X 10_7_1) AppleWebKit/534.48.3 (KHTML, like Gecko) Version/5.1 Safari/534.48.3)" 
203.133.169.112 - - [29/Feb/2020:07:05:54 -0800] "GET /tag/+%23%23indieweb?_t=rss HTTP/1.1" 200 60636 "-" "Mozilla/5.0 (compatible; Daum/4.1; +http://cs.daum.net/faq/15/4118.html?faqId=28966)" 
219.145.144.65 - - [29/Feb/2020:07:06:23 -0800] "GET /profile/jeremy HTTP/1.1" 200 16112 "https://stream.jeremycherfas.net/" "Mozilla/5.0 (Windows NT 6.1; Win64; x64) AppleWebKit/537.36 (KHTML, like Gecko) Chrome/66.0.3343.4 Safari/537.36" 
203.133.169.112 - - [29/Feb/2020:07:06:27 -0800] "GET /service/web/imageproxy/aHR0cHM6Ly9wYnMudHdpbWcuY29tL3Byb2ZpbGVfaW1hZ2VzLzk2MzY4MTMyMTc3NTIzMDk3OC9xckdQSEpVQy5qcGc,/300/square HTTP/1.1" 200 25921 "-" "Mozilla/5.0 (compatible; Daum/4.1; +http://cs.daum.net/faq/15/4118.html?faqId=28966)" 
203.133.169.112 - - [29/Feb/2020:07:06:34 -0800] "GET /2017/a-post-with-a-photo-for-testing-purposes?_t=rss HTTP/1.1" 200 6158 "-" "Mozilla/5.0 (compatible; Daum/4.1; +http://cs.daum.net/faq/15/4118.html?faqId=28966)" 
219.145.144.65 - - [29/Feb/2020:07:06:52 -0800] "GET /content/bookmarkedpages/ HTTP/1.1" 200 12208 "https://stream.jeremycherfas.net/" "Mozilla/5.0 (Windows NT 6.1; Win64; x64) AppleWebKit/537.36 (KHTML, like Gecko) Chrome/66.0.3343.4 Safari/537.36" 
203.133.169.112 - - [29/Feb/2020:07:07:00 -0800] "GET /2019/checked-into-villa-cellimontana HTTP/1.1" 200 28235 "-" "Mozilla/5.0 (compatible; Daum/4.1; +http://cs.daum.net/faq/15/4118.html?faqId=28966)" 
219.145.144.65 - - [29/Feb/2020:07:07:04 -0800] "GET /profile/jeremy HTTP/1.1" 200 16109 "https://stream.jeremycherfas.net/" "Mozilla/5.0 (Windows NT 6.1; WOW64) AppleWebKit/537.36 (KHTML, like Gecko) Chrome/52.0.2743.116 YaBrowser/16.9.1.1131 Yowser/2.5 Safari/537.36" 
203.133.169.112 - - [29/Feb/2020:07:07:12 -0800] "GET /tag/+%23%23indieweb?_t=rss HTTP/1.1" 200 60636 "-" "Mozilla/5.0 (compatible; Daum/4.1; +http://cs.daum.net/faq/15/4118.html?faqId=28966)" 
219.145.144.65 - - [29/Feb/2020:07:07:14 -0800] "GET /content/bookmarkedpages/ HTTP/1.1" 200 12208 "https://stream.jeremycherfas.net/" "Mozilla/5.0 (Windows NT 6.1; WOW64) AppleWebKit/537.36 (KHTML, like Gecko) Chrome/52.0.2743.116 YaBrowser/16.9.1.1131 Yowser/2.5 Safari/537.36" 
203.133.169.112 - - [29/Feb/2020:07:07:29 -0800] "GET /service/web/imageproxy/aHR0cHM6Ly9wYnMudHdpbWcuY29tL3Byb2ZpbGVfaW1hZ2VzLzk2MzY4MTMyMTc3NTIzMDk3OC9xckdQSEpVQy5qcGc,/300/square HTTP/1.1" 200 25921 "-" "Mozilla/5.0 (compatible; Daum/4.1; +http://cs.daum.net/faq/15/4118.html?faqId=28966)" 
203.133.169.112 - - [29/Feb/2020:07:07:35 -0800] "GET /2017/a-post-with-a-photo-for-testing-purposes?_t=rss HTTP/1.1" 200 6158 "-" "Mozilla/5.0 (compatible; Daum/4.1; +http://cs.daum.net/faq/15/4118.html?faqId=28966)" 
219.145.144.65 - - [29/Feb/2020:07:07:47 -0800] "GET /content/bookmarkedpages/ HTTP/1.1" 200 12208 "https://stream.jeremycherfas.net/" "Mozilla/5.0 (Windows NT 6.1; Win64; x64) AppleWebKit/537.36 (KHTML, like Gecko) Chrome/66.0.3343.4 Safari/537.36" 
203.133.169.112 - - [29/Feb/2020:07:07:58 -0800] "GET /2019/checked-into-villa-cellimontana HTTP/1.1" 200 28235 "-" "Mozilla/5.0 (compatible; Daum/4.1; +http://cs.daum.net/faq/15/4118.html?faqId=28966)" 
203.133.169.112 - - [29/Feb/2020:07:08:09 -0800] "GET /tag/+%23%23indieweb?_t=rss HTTP/1.1" 200 60636 "-" "Mozilla/5.0 (compatible; Daum/4.1; +http://cs.daum.net/faq/15/4118.html?faqId=28966)" 
203.133.169.112 - - [29/Feb/2020:07:08:28 -0800] "GET /service/web/imageproxy/aHR0cHM6Ly9wYnMudHdpbWcuY29tL3Byb2ZpbGVfaW1hZ2VzLzk2MzY4MTMyMTc3NTIzMDk3OC9xckdQSEpVQy5qcGc,/300/square HTTP/1.1" 200 25921 "-" "Mozilla/5.0 (compatible; Daum/4.1; +http://cs.daum.net/faq/15/4118.html?faqId=28966)" 
203.133.169.112 - - [29/Feb/2020:07:08:34 -0800] "GET /2017/a-post-with-a-photo-for-testing-purposes?_t=rss HTTP/1.1" 200 6158 "-" "Mozilla/5.0 (compatible; Daum/4.1; +http://cs.daum.net/faq/15/4118.html?faqId=28966)" 
203.133.169.112 - - [29/Feb/2020:07:08:56 -0800] "GET /2019/checked-into-villa-cellimontana HTTP/1.1" 200 28235 "-" "Mozilla/5.0 (compatible; Daum/4.1; +http://cs.daum.net/faq/15/4118.html?faqId=28966)" 
203.133.169.112 - - [29/Feb/2020:07:09:08 -0800] "GET /tag/+%23%23indieweb?_t=rss HTTP/1.1" 200 60636 "-" "Mozilla/5.0 (compatible; Daum/4.1; +http://cs.daum.net/faq/15/4118.html?faqId=28966)" 
54.36.150.149 - - [29/Feb/2020:07:09:15 -0800] "GET /content/all/?_t=rss HTTP/1.1" 200 7557 "-" "Mozilla/5.0 (compatible; AhrefsBot/6.1; +http://ahrefs.com/robot/)" 
203.133.169.112 - - [29/Feb/2020:07:09:36 -0800] "GET /service/web/imageproxy/aHR0cHM6Ly9wYnMudHdpbWcuY29tL3Byb2ZpbGVfaW1hZ2VzLzk2MzY4MTMyMTc3NTIzMDk3OC9xckdQSEpVQy5qcGc,/300/square HTTP/1.1" 200 25921 "-" "Mozilla/5.0 (compatible; Daum/4.1; +http://cs.daum.net/faq/15/4118.html?faqId=28966)" 
203.133.169.112 - - [29/Feb/2020:07:09:41 -0800] "GET /2017/a-post-with-a-photo-for-testing-purposes?_t=rss HTTP/1.1" 200 6158 "-" "Mozilla/5.0 (compatible; Daum/4.1; +http://cs.daum.net/faq/15/4118.html?faqId=28966)" 
203.133.169.112 - - [29/Feb/2020:07:10:14 -0800] "GET /2019/checked-into-villa-cellimontana HTTP/1.1" 200 28235 "-" "Mozilla/5.0 (compatible; Daum/4.1; +http://cs.daum.net/faq/15/4118.html?faqId=28966)" 
203.133.169.112 - - [29/Feb/2020:07:10:36 -0800] "GET /tag/+%23%23indieweb?_t=rss HTTP/1.1" 200 60636 "-" "Mozilla/5.0 (compatible; Daum/4.1; +http://cs.daum.net/faq/15/4118.html?faqId=28966)" 
104.238.154.239 - - [29/Feb/2020:07:10:50 -0800] "GET /file/6d2a4aab61c145693d5388567ac692b3/A35CF55C-C393-40CE-BD41-9360A7671C6A.jpeg HTTP/1.1" 200 36977 "https://micro.blog/discover" "Mozilla/5.0 (Windows NT 10.0; Win64; x64) AppleWebKit/537.36 (KHTML, like Gecko) Chrome/80.0.3987.122 Safari/537.36" 
203.133.169.112 - - [29/Feb/2020:07:10:54 -0800] "GET /service/web/imageproxy/aHR0cHM6Ly9wYnMudHdpbWcuY29tL3Byb2ZpbGVfaW1hZ2VzLzk2MzY4MTMyMTc3NTIzMDk3OC9xckdQSEpVQy5qcGc,/300/square HTTP/1.1" 200 25921 "-" "Mozilla/5.0 (compatible; Daum/4.1; +http://cs.daum.net/faq/15/4118.html?faqId=28966)" 
203.133.169.112 - - [29/Feb/2020:07:11:00 -0800] "GET /2017/a-post-with-a-photo-for-testing-purposes?_t=rss HTTP/1.1" 200 6158 "-" "Mozilla/5.0 (compatible; Daum/4.1; +http://cs.daum.net/faq/15/4118.html?faqId=28966)" 
203.133.169.112 - - [29/Feb/2020:07:11:22 -0800] "GET /2019/checked-into-villa-cellimontana HTTP/1.1" 200 28235 "-" "Mozilla/5.0 (compatible; Daum/4.1; +http://cs.daum.net/faq/15/4118.html?faqId=28966)" 
54.36.150.97 - - [29/Feb/2020:07:11:57 -0800] "GET /?_t=rss HTTP/1.1" 200 7508 "-" "Mozilla/5.0 (compatible; AhrefsBot/6.1; +http://ahrefs.com/robot/)" 
121.75.25.99 - - [29/Feb/2020:07:12:44 -0800] "GET /file/6d2a4aab61c145693d5388567ac692b3/A35CF55C-C393-40CE-BD41-9360A7671C6A.jpeg HTTP/1.1" 200 36766 "https://micro.blog/hybrid/discover?width=818&fontsize=17.000000" "Mozilla/5.0 (iPad; CPU OS 13_3_1 like Mac OS X) AppleWebKit/605.1.15 (KHTML, like Gecko) Mobile/15E148" 
17.58.96.249 - - [29/Feb/2020:07:13:28 -0800] "GET /2017/che-looking-out-for-the-main-squeeze HTTP/1.1" 200 10343 "-" "Mozilla/5.0 (Macintosh; Intel Mac OS X 10_10_1) AppleWebKit/600.2.5 (KHTML, like Gecko) Version/8.0.2 Safari/600.2.5 (Applebot/0.1; +http://www.apple.com/go/applebot)" 
66.249.70.3 - - [29/Feb/2020:07:15:46 -0800] "GET /robots.txt HTTP/1.1" 200 4614 "-" "Mozilla/5.0 (compatible; Googlebot/2.1; +http://www.google.com/bot.html)" 
66.249.70.30 - - [29/Feb/2020:07:15:46 -0800] "GET /content/all/?offset=1533&_t=amp HTTP/1.1" 200 11875 "-" "Mozilla/5.0 (Linux; Android 6.0.1; Nexus 5X Build/MMB29P) AppleWebKit/537.36 (KHTML, like Gecko) Chrome/41.0.2272.96 Mobile Safari/537.36 (compatible; Googlebot/2.1; +http://www.google.com/bot.html)" 
66.249.70.20 - - [29/Feb/2020:07:15:50 -0800] "GET /service/web/unfurl/?url=https%3A%2F%2Fwww.eatthispodcast.com%2Fthose-farmer-suicides%2F&__bTk=00c9b06e69767fd9618130bb6e97c36bc68e1e4970607eb39f837b98105b0d74&__bTs=1580988002 HTTP/1.1" 403 4623 "https://www.stream.jeremycherfas.net/content/all/?offset=1533&_t=amp" "Mozilla/5.0 (Linux; Android 6.0.1; Nexus 5X Build/MMB29P) AppleWebKit/537.36 (KHTML, like Gecko) Chrome/80.0.3987.92 Mobile Safari/537.36 (compatible; Googlebot/2.1; +http://www.google.com/bot.html)" 
66.249.70.3 - - [29/Feb/2020:07:15:51 -0800] "GET /service/web/unfurl/?url=https%3A%2F%2Fwww.eatthispodcast.com%2Fthose-farmer-suicides%2F&__bTk=cb12bc1b2f4c761cbaf0710bf1b9e4d33648939e0c4fa68cc4f9d91d6fa90e13&__bTs=1581221861 HTTP/1.1" 403 4647 "https://www.stream.jeremycherfas.net/content/all/?offset=1533&_t=amp" "Mozilla/5.0 (Linux; Android 6.0.1; Nexus 5X Build/MMB29P) AppleWebKit/537.36 (KHTML, like Gecko) Chrome/80.0.3987.92 Mobile Safari/537.36 (compatible; Googlebot/2.1; +http://www.google.com/bot.html)" 
66.249.70.22 - - [29/Feb/2020:07:15:59 -0800] "GET /?offset=1425&_t=rss HTTP/1.1" 200 7462 "-" "Mozilla/5.0 (Linux; Android 6.0.1; Nexus 5X Build/MMB29P) AppleWebKit/537.36 (KHTML, like Gecko) Chrome/41.0.2272.96 Mobile Safari/537.36 (compatible; Googlebot/2.1; +http://www.google.com/bot.html)" 
64.111.100.215 - - [29/Feb/2020:07:16:03 -0800] "GET /content/all?_t=rss HTTP/1.1" 200 18301 "-" "Mozilla/5.0 (X11; U; Linux i686; fr; rv:1.9.1.1) Gecko/20090715 Firefox/3.5.1" 
217.78.203.50 - - [29/Feb/2020:07:16:11 -0800] "POST /robots.txt HTTP/1.1" 500 17601 "-" "Wget/1.15 (linux-gnu)" 
66.249.70.20 - - [29/Feb/2020:07:16:11 -0800] "GET /content/all/?q=%23+%23%23indieweb&offset=18&_t=rss HTTP/1.1" 200 7695 "-" "Mozilla/5.0 (Linux; Android 6.0.1; Nexus 5X Build/MMB29P) AppleWebKit/537.36 (KHTML, like Gecko) Chrome/41.0.2272.96 Mobile Safari/537.36 (compatible; Googlebot/2.1; +http://www.google.com/bot.html)" 
66.249.70.30 - - [29/Feb/2020:07:16:30 -0800] "GET /2018/kongaloosh-1 HTTP/1.1" 200 9496 "-" "Mozilla/5.0 (Linux; Android 6.0.1; Nexus 5X Build/MMB29P) AppleWebKit/537.36 (KHTML, like Gecko) Chrome/41.0.2272.96 Mobile Safari/537.36 (compatible; Googlebot/2.1; +http://www.google.com/bot.html)" 
66.249.70.20 - - [29/Feb/2020:07:16:52 -0800] "GET /content/all?offset=1443 HTTP/1.1" 200 10603 "-" "Mozilla/5.0 (Linux; Android 6.0.1; Nexus 5X Build/MMB29P) AppleWebKit/537.36 (KHTML, like Gecko) Chrome/41.0.2272.96 Mobile Safari/537.36 (compatible; Googlebot/2.1; +http://www.google.com/bot.html)" 
66.249.70.20 - - [29/Feb/2020:07:17:14 -0800] "GET /view/d1ce3c73ca87d7cb137f325acb087bed HTTP/1.1" 200 9570 "-" "Mozilla/5.0 (Linux; Android 6.0.1; Nexus 5X Build/MMB29P) AppleWebKit/537.36 (KHTML, like Gecko) Chrome/41.0.2272.96 Mobile Safari/537.36 (compatible; Googlebot/2.1; +http://www.google.com/bot.html)" 
66.249.70.22 - - [29/Feb/2020:07:17:38 -0800] "GET /?offset=1445 HTTP/1.1" 200 11003 "-" "Mozilla/5.0 (Linux; Android 6.0.1; Nexus 5X Build/MMB29P) AppleWebKit/537.36 (KHTML, like Gecko) Chrome/41.0.2272.96 Mobile Safari/537.36 (compatible; Googlebot/2.1; +http://www.google.com/bot.html)" 
66.249.70.20 - - [29/Feb/2020:07:17:57 -0800] "GET /?offset=1435&_t=rss HTTP/1.1" 200 7807 "-" "Mozilla/5.0 (Linux; Android 6.0.1; Nexus 5X Build/MMB29P) AppleWebKit/537.36 (KHTML, like Gecko) Chrome/41.0.2272.96 Mobile Safari/537.36 (compatible; Googlebot/2.1; +http://www.google.com/bot.html)" 
66.249.70.3 - - [29/Feb/2020:07:18:16 -0800] "GET /content/all/?offset=1523&_t=amp HTTP/1.1" 200 11318 "-" "Mozilla/5.0 (Linux; Android 6.0.1; Nexus 5X Build/MMB29P) AppleWebKit/537.36 (KHTML, like Gecko) Chrome/41.0.2272.96 Mobile Safari/537.36 (compatible; Googlebot/2.1; +http://www.google.com/bot.html)" 
66.249.70.3 - - [29/Feb/2020:07:18:18 -0800] "GET /vendor/twbs/bootstrap/dist/js/bootstrap.min.js HTTP/1.1" 200 14953 "https://www.stream.jeremycherfas.net/content/all/?offset=1523&_t=amp" "Mozilla/5.0 (Linux; Android 6.0.1; Nexus 5X Build/MMB29P) AppleWebKit/537.36 (KHTML, like Gecko) Chrome/80.0.3987.92 Mobile Safari/537.36 (compatible; Googlebot/2.1; +http://www.google.com/bot.html)" 
66.249.70.30 - - [29/Feb/2020:07:18:19 -0800] "GET /vendor/npm-asset/jquery/dist/jquery.min.js HTTP/1.1" 200 35327 "https://www.stream.jeremycherfas.net/content/all/?offset=1523&_t=amp" "Mozilla/5.0 (Linux; Android 6.0.1; Nexus 5X Build/MMB29P) AppleWebKit/537.36 (KHTML, like Gecko) Chrome/80.0.3987.92 Mobile Safari/537.36 (compatible; Googlebot/2.1; +http://www.google.com/bot.html)" 
