99.14.148.190 - - [23/Apr/2020:09:31:57 -0700] "GET /service/security/csrftoken/?url=annotation%2Fpost HTTP/1.1" 200 4629 "https://stream.jeremycherfas.net/2017/bubbleicious-hamelman-mixed-levain" "Mozilla/5.0 (Windows NT 10.0; Win64; x64) AppleWebKit/537.36 (KHTML, like Gecko) Chrome/80.0.3987.163 Safari/537.36" 
99.14.148.190 - - [23/Apr/2020:09:31:57 -0700] "GET /service/security/csrftoken/ HTTP/1.1" 500 7965 "https://stream.jeremycherfas.net/2017/bubbleicious-hamelman-mixed-levain" "Mozilla/5.0 (Windows NT 10.0; Win64; x64) AppleWebKit/537.36 (KHTML, like Gecko) Chrome/80.0.3987.163 Safari/537.36" 
40.77.167.41 - - [23/Apr/2020:09:32:16 -0700] "GET /2017/art-in-the-making HTTP/1.1" 200 10781 "-" "Mozilla/5.0 (compatible; bingbot/2.0; +http://www.bing.com/bingbot.htm)" 
46.229.168.138 - - [23/Apr/2020:09:33:02 -0700] "GET /content/statusupdates/?offset=20&q=%23%2B%23%23indieweb HTTP/1.1" 200 11454 "-" "Mozilla/5.0 (compatible; SemrushBot/6~bl; +http://www.semrush.com/bot.html)" 
46.229.168.131 - - [23/Apr/2020:09:36:38 -0700] "GET /?offset=30&q=%23podcast HTTP/1.1" 200 13700 "-" "Mozilla/5.0 (compatible; SemrushBot/6~bl; +http://www.semrush.com/bot.html)" 
46.229.168.129 - - [23/Apr/2020:09:36:53 -0700] "GET /2017/we-are-still-a-long-way-from-home HTTP/1.1" 200 10445 "-" "Mozilla/5.0 (compatible; SemrushBot/6~bl; +http://www.semrush.com/bot.html)" 
99.14.148.190 - - [23/Apr/2020:09:36:57 -0700] "GET /service/security/csrftoken/?url=annotation%2Fpost HTTP/1.1" 200 1450 "https://stream.jeremycherfas.net/2017/bubbleicious-hamelman-mixed-levain" "Mozilla/5.0 (Windows NT 10.0; Win64; x64) AppleWebKit/537.36 (KHTML, like Gecko) Chrome/80.0.3987.163 Safari/537.36" 
99.14.148.190 - - [23/Apr/2020:09:36:57 -0700] "GET /service/security/csrftoken/ HTTP/1.1" 500 4786 "https://stream.jeremycherfas.net/2017/bubbleicious-hamelman-mixed-levain" "Mozilla/5.0 (Windows NT 10.0; Win64; x64) AppleWebKit/537.36 (KHTML, like Gecko) Chrome/80.0.3987.163 Safari/537.36" 
66.249.70.14 - - [23/Apr/2020:09:39:42 -0700] "GET /view/925efe5a01c88ca89cde3d37a8674fbb HTTP/1.1" 200 10117 "-" "Mozilla/5.0 (Linux; Android 6.0.1; Nexus 5X Build/MMB29P) AppleWebKit/537.36 (KHTML, like Gecko) Chrome/41.0.2272.96 Mobile Safari/537.36 (compatible; Googlebot/2.1; +http://www.google.com/bot.html)" 
46.229.168.149 - - [23/Apr/2020:09:39:53 -0700] "GET /content/statusupdates/?offset=14&q=%23podcast HTTP/1.1" 200 9477 "-" "Mozilla/5.0 (compatible; SemrushBot/6~bl; +http://www.semrush.com/bot.html)" 
46.229.168.149 - - [23/Apr/2020:09:40:02 -0700] "GET /content/photos/?offset=2&q=%23bread HTTP/1.1" 200 12212 "-" "Mozilla/5.0 (compatible; SemrushBot/6~bl; +http://www.semrush.com/bot.html)" 
99.14.148.190 - - [23/Apr/2020:09:41:57 -0700] "GET /service/security/csrftoken/?url=annotation%2Fpost HTTP/1.1" 200 4629 "https://stream.jeremycherfas.net/2017/bubbleicious-hamelman-mixed-levain" "Mozilla/5.0 (Windows NT 10.0; Win64; x64) AppleWebKit/537.36 (KHTML, like Gecko) Chrome/80.0.3987.163 Safari/537.36" 
99.14.148.190 - - [23/Apr/2020:09:41:57 -0700] "GET /service/security/csrftoken/ HTTP/1.1" 500 7965 "https://stream.jeremycherfas.net/2017/bubbleicious-hamelman-mixed-levain" "Mozilla/5.0 (Windows NT 10.0; Win64; x64) AppleWebKit/537.36 (KHTML, like Gecko) Chrome/80.0.3987.163 Safari/537.36" 
46.229.168.161 - - [23/Apr/2020:09:42:12 -0700] "GET /2019/mexican-x-plainer-balls-nuts-avocados HTTP/1.1" 200 10367 "-" "Mozilla/5.0 (compatible; SemrushBot/6~bl; +http://www.semrush.com/bot.html)" 
46.229.168.140 - - [23/Apr/2020:09:42:38 -0700] "GET /2017/5050-with-five-grain-soaker HTTP/1.1" 200 11023 "-" "Mozilla/5.0 (compatible; SemrushBot/6~bl; +http://www.semrush.com/bot.html)" 
5.188.84.66 - - [23/Apr/2020:09:42:41 -0700] "GET /2020/how-did-i-find-the-link-2020just-discovered-i-have-a-digital-note HTTP/1.0" 200 29440 "https://stream.jeremycherfas.net/2020/how-did-i-find-the-link-2020just-discovered-i-have-a-digital-note" "Mozilla/5.0 (Windows NT 6.3; Win64; x64) AppleWebKit/537.36 (KHTML, like Gecko) Chrome/66.0.3359.181 Safari/537.36" 
5.188.84.66 - - [23/Apr/2020:09:42:43 -0700] "POST /comments/post HTTP/1.0" 403 17067 "https://stream.jeremycherfas.net/2020/how-did-i-find-the-link-2020just-discovered-i-have-a-digital-note" "Mozilla/5.0 (Windows NT 6.3; Win64; x64) AppleWebKit/537.36 (KHTML, like Gecko) Chrome/66.0.3359.181 Safari/537.36" 
96.126.125.129 - - [23/Apr/2020:09:43:43 -0700] "GET /content/statusupdates/posts/photos/checkins/bookmarkedpages?_t=rss HTTP/1.1" 200 8036 "-" "Micro.blog/1.0" 
46.229.168.133 - - [23/Apr/2020:09:45:09 -0700] "GET /?offset=6&q=%23Sourdough HTTP/1.1" 200 12685 "-" "Mozilla/5.0 (compatible; SemrushBot/6~bl; +http://www.semrush.com/bot.html)" 
46.229.168.148 - - [23/Apr/2020:09:45:53 -0700] "GET /robots.txt HTTP/1.1" 200 4552 "-" "Mozilla/5.0 (compatible; SemrushBot/6~bl; +http://www.semrush.com/bot.html)" 
46.229.168.130 - - [23/Apr/2020:09:45:54 -0700] "GET /content/photos/?q=%23%23testtag HTTP/1.1" 200 8505 "-" "Mozilla/5.0 (compatible; SemrushBot/6~bl; +http://www.semrush.com/bot.html)" 
46.229.168.141 - - [23/Apr/2020:09:46:12 -0700] "GET /?q=%23webmention HTTP/1.1" 200 13994 "-" "Mozilla/5.0 (compatible; SemrushBot/6~bl; +http://www.semrush.com/bot.html)" 
64.111.100.215 - - [23/Apr/2020:09:46:17 -0700] "GET /content/all?_t=rss HTTP/1.1" 200 17400 "-" "Mozilla/5.0 (X11; U; Linux i686; fr; rv:1.9.1.1) Gecko/20090715 Firefox/3.5.1" 
46.229.168.153 - - [23/Apr/2020:09:46:23 -0700] "GET /content/all/?offset=110&q=%23%2B%23IndieWeb HTTP/1.1" 200 12226 "-" "Mozilla/5.0 (compatible; SemrushBot/6~bl; +http://www.semrush.com/bot.html)" 
46.229.168.153 - - [23/Apr/2020:09:46:50 -0700] "GET /content/audio/?q=%23multigrain HTTP/1.1" 200 8524 "-" "Mozilla/5.0 (compatible; SemrushBot/6~bl; +http://www.semrush.com/bot.html)" 
99.14.148.190 - - [23/Apr/2020:09:46:57 -0700] "GET /service/security/csrftoken/?url=annotation%2Fpost HTTP/1.1" 200 4629 "https://stream.jeremycherfas.net/2017/bubbleicious-hamelman-mixed-levain" "Mozilla/5.0 (Windows NT 10.0; Win64; x64) AppleWebKit/537.36 (KHTML, like Gecko) Chrome/80.0.3987.163 Safari/537.36" 
99.14.148.190 - - [23/Apr/2020:09:46:57 -0700] "GET /service/security/csrftoken/ HTTP/1.1" 500 4649 "https://stream.jeremycherfas.net/2017/bubbleicious-hamelman-mixed-levain" "Mozilla/5.0 (Windows NT 10.0; Win64; x64) AppleWebKit/537.36 (KHTML, like Gecko) Chrome/80.0.3987.163 Safari/537.36" 
46.229.168.145 - - [23/Apr/2020:09:48:26 -0700] "GET /content/posts/?q=%23Lithuania HTTP/1.1" 200 8522 "-" "Mozilla/5.0 (compatible; SemrushBot/6~bl; +http://www.semrush.com/bot.html)" 
66.249.70.12 - - [23/Apr/2020:09:49:10 -0700] "GET /view/8360d9d49f499d188a7d3a5e2f8d22da HTTP/1.1" 200 9811 "-" "Mozilla/5.0 (Linux; Android 6.0.1; Nexus 5X Build/MMB29P) AppleWebKit/537.36 (KHTML, like Gecko) Chrome/41.0.2272.96 Mobile Safari/537.36 (compatible; Googlebot/2.1; +http://www.google.com/bot.html)" 
40.77.167.41 - - [23/Apr/2020:09:49:22 -0700] "GET /content/locations/?q=%23withknown&_t=rss HTTP/1.1" 200 5083 "-" "msnbot/2.0b (+http://search.msn.com/msnbot.htm)" 
78.46.176.21 - - [23/Apr/2020:09:50:03 -0700] "GET /robots.txt HTTP/1.1" 200 4593 "-" "Mozilla/5.0 (compatible; MJ12bot/v1.4.8; http://mj12bot.com/)" 
78.46.176.21 - - [23/Apr/2020:09:50:06 -0700] "GET /?q=%23indieweb%26quot&offset=101 HTTP/1.1" 200 13712 "-" "Mozilla/5.0 (compatible; MJ12bot/v1.4.8; http://mj12bot.com/)" 
78.46.176.21 - - [23/Apr/2020:09:50:10 -0700] "GET /?q=%23indieweb%26quot&offset=111&_t=rss HTTP/1.1" 200 8052 "-" "Mozilla/5.0 (compatible; MJ12bot/v1.4.8; http://mj12bot.com/)" 
78.46.176.21 - - [23/Apr/2020:09:50:15 -0700] "GET /content/all/?q=%23Indieweb&offset=31 HTTP/1.1" 200 13193 "-" "Mozilla/5.0 (compatible; MJ12bot/v1.4.8; http://mj12bot.com/)" 
77.75.79.119 - - [23/Apr/2020:09:50:18 -0700] "GET /robots.txt HTTP/1.1" 200 4594 "-" "Mozilla/5.0 (compatible; SeznamBot/3.2; +http://napoveda.seznam.cz/en/seznambot-intro/)" 
77.75.79.119 - - [23/Apr/2020:09:50:20 -0700] "GET /file/d678b130c61e72a27e115b5f68bfbd61/2A6A2A68-E7FE-4D7C-918D-F555E95BCE61.jpeg HTTP/1.1" 304 3731 "-" "Mozilla/5.0 (compatible; SeznamBot/3.2; +http://napoveda.seznam.cz/en/seznambot-intro/)" 
78.46.176.21 - - [23/Apr/2020:09:50:22 -0700] "GET /content/all/?q=%23Indieweb&offset=41&_t=rss HTTP/1.1" 200 7659 "-" "Mozilla/5.0 (compatible; MJ12bot/v1.4.8; http://mj12bot.com/)" 
78.46.176.21 - - [23/Apr/2020:09:50:28 -0700] "GET /content/all/?q=%23indieweb%26quot&offset=31 HTTP/1.1" 200 13218 "-" "Mozilla/5.0 (compatible; MJ12bot/v1.4.8; http://mj12bot.com/)" 
46.229.168.145 - - [23/Apr/2020:09:50:28 -0700] "GET /2018/another-reason-to-love-rss-or-feeds HTTP/1.1" 200 10194 "-" "Mozilla/5.0 (compatible; SemrushBot/6~bl; +http://www.semrush.com/bot.html)" 
78.46.176.21 - - [23/Apr/2020:09:50:33 -0700] "GET /content/all/?q=%23indieweb%26quot&offset=41&_t=rss HTTP/1.1" 200 7672 "-" "Mozilla/5.0 (compatible; MJ12bot/v1.4.8; http://mj12bot.com/)" 
157.55.39.185 - - [23/Apr/2020:09:50:35 -0700] "GET / HTTP/1.1" 200 12287 "-" "Mozilla/5.0 (compatible; bingbot/2.0; +http://www.bing.com/bingbot.htm)" 
46.229.168.140 - - [23/Apr/2020:09:50:35 -0700] "GET /?offset=9&q=%23photo HTTP/1.1" 200 14523 "-" "Mozilla/5.0 (compatible; SemrushBot/6~bl; +http://www.semrush.com/bot.html)" 
78.46.176.21 - - [23/Apr/2020:09:50:45 -0700] "GET /content/photos/?offset=566 HTTP/1.1" 200 11239 "-" "Mozilla/5.0 (compatible; MJ12bot/v1.4.8; http://mj12bot.com/)" 
78.46.176.21 - - [23/Apr/2020:09:50:57 -0700] "GET /content/photos/?offset=576&_t=rss HTTP/1.1" 200 7242 "-" "Mozilla/5.0 (compatible; MJ12bot/v1.4.8; http://mj12bot.com/)" 
96.126.125.129 - - [23/Apr/2020:09:51:00 -0700] "GET /content/statusupdates/posts/photos/checkins/bookmarkedpages?_t=rss HTTP/1.1" 200 8036 "-" "Micro.blog/1.0" 
78.46.176.21 - - [23/Apr/2020:09:51:12 -0700] "GET /tag/IndieWeb?offset=111 HTTP/1.1" 200 12316 "-" "Mozilla/5.0 (compatible; MJ12bot/v1.4.8; http://mj12bot.com/)" 
78.46.176.21 - - [23/Apr/2020:09:51:17 -0700] "GET /tag/IndieWeb?offset=121&_t=rss HTTP/1.1" 200 7094 "-" "Mozilla/5.0 (compatible; MJ12bot/v1.4.8; http://mj12bot.com/)" 
78.46.176.21 - - [23/Apr/2020:09:51:22 -0700] "GET /tag/Indieweb?offset=61 HTTP/1.1" 200 11698 "-" "Mozilla/5.0 (compatible; MJ12bot/v1.4.8; http://mj12bot.com/)" 
78.46.176.21 - - [23/Apr/2020:09:51:25 -0700] "GET /tag/Indieweb?offset=71&_t=rss HTTP/1.1" 200 6480 "-" "Mozilla/5.0 (compatible; MJ12bot/v1.4.8; http://mj12bot.com/)" 
46.229.168.147 - - [23/Apr/2020:09:51:51 -0700] "GET /content/all/?offset=50&q=%23indieweb HTTP/1.1" 200 13734 "-" "Mozilla/5.0 (compatible; SemrushBot/6~bl; +http://www.semrush.com/bot.html)" 
99.14.148.190 - - [23/Apr/2020:09:51:57 -0700] "GET /service/security/csrftoken/?url=annotation%2Fpost HTTP/1.1" 200 4629 "https://stream.jeremycherfas.net/2017/bubbleicious-hamelman-mixed-levain" "Mozilla/5.0 (Windows NT 10.0; Win64; x64) AppleWebKit/537.36 (KHTML, like Gecko) Chrome/80.0.3987.163 Safari/537.36" 
99.14.148.190 - - [23/Apr/2020:09:51:57 -0700] "GET /service/security/csrftoken/ HTTP/1.1" 500 4649 "https://stream.jeremycherfas.net/2017/bubbleicious-hamelman-mixed-levain" "Mozilla/5.0 (Windows NT 10.0; Win64; x64) AppleWebKit/537.36 (KHTML, like Gecko) Chrome/80.0.3987.163 Safari/537.36" 
78.46.176.21 - - [23/Apr/2020:09:52:00 -0700] "GET /robots.txt HTTP/1.1" 200 4617 "-" "Mozilla/5.0 (compatible; MJ12bot/v1.4.8; http://mj12bot.com/)" 
78.46.176.21 - - [23/Apr/2020:09:52:01 -0700] "GET /tag/Sourdough?offset=26 HTTP/1.1" 200 8200 "-" "Mozilla/5.0 (compatible; MJ12bot/v1.4.8; http://mj12bot.com/)" 
78.46.176.21 - - [23/Apr/2020:09:52:05 -0700] "GET /tag/Sourdough?offset=36&_t=rss HTTP/1.1" 200 7802 "-" "Mozilla/5.0 (compatible; MJ12bot/v1.4.8; http://mj12bot.com/)" 
46.229.168.162 - - [23/Apr/2020:09:53:01 -0700] "GET /2018/jacqui-banaszynskis-literary-forensics-a-diagnostic-tool-to-improve-writing HTTP/1.1" 200 9765 "-" "Mozilla/5.0 (compatible; SemrushBot/6~bl; +http://www.semrush.com/bot.html)" 
46.229.168.140 - - [23/Apr/2020:09:53:05 -0700] "GET /content/photos/?q=%23%2B%23hearsay19 HTTP/1.1" 200 8518 "-" "Mozilla/5.0 (compatible; SemrushBot/6~bl; +http://www.semrush.com/bot.html)" 
96.126.125.129 - - [23/Apr/2020:09:55:03 -0700] "GET /content/statusupdates/posts/photos/checkins/bookmarkedpages?_t=rss HTTP/1.1" 200 8036 "-" "Micro.blog/1.0" 
46.229.168.132 - - [23/Apr/2020:09:55:38 -0700] "GET /content/posts/?offset=10&q=%23%2B%23indieweb HTTP/1.1" 200 16556 "-" "Mozilla/5.0 (compatible; SemrushBot/6~bl; +http://www.semrush.com/bot.html)" 
46.229.168.135 - - [23/Apr/2020:09:55:50 -0700] "GET /2018/better-blending-of-micro-formats-with-wordpress-themes-interdependent-thoughts HTTP/1.1" 200 9657 "-" "Mozilla/5.0 (compatible; SemrushBot/6~bl; +http://www.semrush.com/bot.html)" 
99.14.148.190 - - [23/Apr/2020:09:56:57 -0700] "GET /service/security/csrftoken/?url=annotation%2Fpost HTTP/1.1" 200 1450 "https://stream.jeremycherfas.net/2017/bubbleicious-hamelman-mixed-levain" "Mozilla/5.0 (Windows NT 10.0; Win64; x64) AppleWebKit/537.36 (KHTML, like Gecko) Chrome/80.0.3987.163 Safari/537.36" 
99.14.148.190 - - [23/Apr/2020:09:56:57 -0700] "GET /service/security/csrftoken/ HTTP/1.1" 500 4649 "https://stream.jeremycherfas.net/2017/bubbleicious-hamelman-mixed-levain" "Mozilla/5.0 (Windows NT 10.0; Win64; x64) AppleWebKit/537.36 (KHTML, like Gecko) Chrome/80.0.3987.163 Safari/537.36" 
96.126.125.129 - - [23/Apr/2020:09:58:05 -0700] "GET /content/statusupdates/posts/photos/checkins/bookmarkedpages?_t=rss HTTP/1.1" 200 8036 "-" "Micro.blog/1.0" 
172.245.70.30 - - [23/Apr/2020:09:58:06 -0700] "GET /profile/jeremy HTTP/1.1" 200 17345 "https://stream.jeremycherfas.net" "Mozilla/5.0 (Windows NT 10.0; Win64; x64) AppleWebKit/537.36 (KHTML, like Gecko) Chrome/62.0.3202.94 Safari/537.36" 
66.249.70.20 - - [23/Apr/2020:09:58:38 -0700] "GET /robots.txt HTTP/1.1" 200 4613 "-" "Mozilla/5.0 (compatible; Googlebot/2.1; +http://www.google.com/bot.html)" 
66.249.70.20 - - [23/Apr/2020:09:58:38 -0700] "GET /?q=%23WithKnown&offset=10 HTTP/1.1" 200 8881 "-" "Mozilla/5.0 (Linux; Android 6.0.1; Nexus 5X Build/MMB29P) AppleWebKit/537.36 (KHTML, like Gecko) Chrome/41.0.2272.96 Mobile Safari/537.36 (compatible; Googlebot/2.1; +http://www.google.com/bot.html)" 
46.229.168.148 - - [23/Apr/2020:09:59:53 -0700] "GET /content/bookmarkedpages/?q=%23%2B%23rustic HTTP/1.1" 200 8522 "-" "Mozilla/5.0 (compatible; SemrushBot/6~bl; +http://www.semrush.com/bot.html)" 
96.126.125.129 - - [23/Apr/2020:09:59:55 -0700] "GET /content/statusupdates/posts/photos/checkins/bookmarkedpages?_t=rss HTTP/1.1" 200 8036 "-" "Micro.blog/1.0" 
3.87.247.70 - - [23/Apr/2020:10:00:17 -0700] "GET /?_t=rss HTTP/1.1" 200 7880 "-" "glitch-feeder/1.0 (+https://glitch.com/~lmo-feeder)" 
46.229.168.138 - - [23/Apr/2020:10:01:56 -0700] "GET /2018/our-daily-bread-31---winding-downqyup30lbumtwhat-more-is-there HTTP/1.1" 200 10239 "-" "Mozilla/5.0 (compatible; SemrushBot/6~bl; +http://www.semrush.com/bot.html)" 
99.14.148.190 - - [23/Apr/2020:10:01:57 -0700] "GET /service/security/csrftoken/?url=annotation%2Fpost HTTP/1.1" 200 4629 "https://stream.jeremycherfas.net/2017/bubbleicious-hamelman-mixed-levain" "Mozilla/5.0 (Windows NT 10.0; Win64; x64) AppleWebKit/537.36 (KHTML, like Gecko) Chrome/80.0.3987.163 Safari/537.36" 
99.14.148.190 - - [23/Apr/2020:10:01:57 -0700] "GET /service/security/csrftoken/ HTTP/1.1" 500 7965 "https://stream.jeremycherfas.net/2017/bubbleicious-hamelman-mixed-levain" "Mozilla/5.0 (Windows NT 10.0; Win64; x64) AppleWebKit/537.36 (KHTML, like Gecko) Chrome/80.0.3987.163 Safari/537.36" 
96.126.125.129 - - [23/Apr/2020:10:02:36 -0700] "GET /content/statusupdates/posts/photos/checkins/bookmarkedpages?_t=rss HTTP/1.1" 200 8036 "-" "Micro.blog/1.0" 
64.111.100.215 - - [23/Apr/2020:10:02:39 -0700] "GET /content/all?_t=rss HTTP/1.1" 200 17400 "-" "Mozilla/5.0 (X11; U; Linux i686; fr; rv:1.9.1.1) Gecko/20090715 Firefox/3.5.1" 
157.55.39.185 - - [23/Apr/2020:10:03:05 -0700] "GET /2019/day-1-of-indieweb-challenge-2019-12-indieweb-challenge-fixed?_t=rss HTTP/1.1" 200 5536 "-" "msnbot/2.0b (+http://search.msn.com/msnbot.htm)" 
157.55.39.167 - - [23/Apr/2020:10:03:49 -0700] "GET /2017/siri-and-flatulencenllp31831-the-truth-is-that-it-cannot-tell?_t=rss HTTP/1.1" 200 5619 "-" "msnbot/2.0b (+http://search.msn.com/msnbot.htm)" 
46.229.168.137 - - [23/Apr/2020:10:05:24 -0700] "GET /content/all/?offset=9&q=%23Fornacalia HTTP/1.1" 200 9069 "-" "Mozilla/5.0 (compatible; SemrushBot/6~bl; +http://www.semrush.com/bot.html)" 
96.126.125.129 - - [23/Apr/2020:10:05:39 -0700] "GET /content/statusupdates/posts/photos/checkins/bookmarkedpages?_t=rss HTTP/1.1" 200 8036 "-" "Micro.blog/1.0" 
167.99.96.232 - - [23/Apr/2020:10:06:14 -0700] "GET /?_t=rss HTTP/1.1" 200 7650 "-" "Feedbin feed-id:1536727 - 1 subscribers" 
99.14.148.190 - - [23/Apr/2020:10:06:57 -0700] "GET /service/security/csrftoken/?url=annotation%2Fpost HTTP/1.1" 200 1450 "https://stream.jeremycherfas.net/2017/bubbleicious-hamelman-mixed-levain" "Mozilla/5.0 (Windows NT 10.0; Win64; x64) AppleWebKit/537.36 (KHTML, like Gecko) Chrome/80.0.3987.163 Safari/537.36" 
99.14.148.190 - - [23/Apr/2020:10:06:57 -0700] "GET /service/security/csrftoken/ HTTP/1.1" 500 4786 "https://stream.jeremycherfas.net/2017/bubbleicious-hamelman-mixed-levain" "Mozilla/5.0 (Windows NT 10.0; Win64; x64) AppleWebKit/537.36 (KHTML, like Gecko) Chrome/80.0.3987.163 Safari/537.36" 
46.229.168.134 - - [23/Apr/2020:10:07:27 -0700] "GET /content/statusupdates/?offset=5&q=%23IndieWeb HTTP/1.1" 200 11834 "-" "Mozilla/5.0 (compatible; SemrushBot/6~bl; +http://www.semrush.com/bot.html)" 
66.249.70.14 - - [23/Apr/2020:10:08:06 -0700] "GET /robots.txt HTTP/1.1" 200 4589 "-" "Mozilla/5.0 (compatible; Googlebot/2.1; +http://www.google.com/bot.html)" 
66.249.70.12 - - [23/Apr/2020:10:08:06 -0700] "GET /2018/still-puzzled-by-why-some-photo-posts-in-known-go HTTP/1.1" 200 11570 "-" "Mozilla/5.0 (Linux; Android 6.0.1; Nexus 5X Build/MMB29P) AppleWebKit/537.36 (KHTML, like Gecko) Chrome/41.0.2272.96 Mobile Safari/537.36 (compatible; Googlebot/2.1; +http://www.google.com/bot.html)" 
46.229.168.132 - - [23/Apr/2020:10:08:17 -0700] "GET /?offset=53&q=%23sourdough HTTP/1.1" 200 9786 "-" "Mozilla/5.0 (compatible; SemrushBot/6~bl; +http://www.semrush.com/bot.html)" 
96.126.125.129 - - [23/Apr/2020:10:08:35 -0700] "GET /content/statusupdates/posts/photos/checkins/bookmarkedpages?_t=rss HTTP/1.1" 200 8036 "-" "Micro.blog/1.0" 
114.119.164.86 - - [23/Apr/2020:10:09:00 -0700] "GET /2018/scourge-of-the-early-renaissance-the-black-death-1-the HTTP/1.1" 200 9468 "-" "Mozilla/5.0 (Linux; Android 7.0;) AppleWebKit/537.36 (KHTML, like Gecko) Mobile Safari/537.36 (compatible; AspiegelBot)" 
46.229.161.131 - - [23/Apr/2020:10:09:04 -0700] "GET /2018/thanks-aaron-for-your-mention-of-my HTTP/1.1" 200 9637 "-" "Mozilla/5.0 (compatible; SemrushBot; +http://www.semrush.com/bot.html)" 
96.126.125.129 - - [23/Apr/2020:10:11:03 -0700] "GET /content/statusupdates/posts/photos/checkins/bookmarkedpages?_t=rss HTTP/1.1" 200 8036 "-" "Micro.blog/1.0" 
46.229.168.133 - - [23/Apr/2020:10:11:12 -0700] "GET /?offset=84&q=%23%2B%23%23bread HTTP/1.1" 200 10189 "-" "Mozilla/5.0 (compatible; SemrushBot/6~bl; +http://www.semrush.com/bot.html)" 
46.229.168.136 - - [23/Apr/2020:10:11:52 -0700] "GET /content/statusupdates/?offset=20&q=%23%2B%23IndieWeb HTTP/1.1" 200 11499 "-" "Mozilla/5.0 (compatible; SemrushBot/6~bl; +http://www.semrush.com/bot.html)" 
99.14.148.190 - - [23/Apr/2020:10:11:57 -0700] "GET /service/security/csrftoken/?url=annotation%2Fpost HTTP/1.1" 200 4629 "https://stream.jeremycherfas.net/2017/bubbleicious-hamelman-mixed-levain" "Mozilla/5.0 (Windows NT 10.0; Win64; x64) AppleWebKit/537.36 (KHTML, like Gecko) Chrome/80.0.3987.163 Safari/537.36" 
99.14.148.190 - - [23/Apr/2020:10:11:57 -0700] "GET /service/security/csrftoken/ HTTP/1.1" 500 4649 "https://stream.jeremycherfas.net/2017/bubbleicious-hamelman-mixed-levain" "Mozilla/5.0 (Windows NT 10.0; Win64; x64) AppleWebKit/537.36 (KHTML, like Gecko) Chrome/80.0.3987.163 Safari/537.36" 
107.178.237.29 - - [23/Apr/2020:10:13:18 -0700] "HEAD /2020/i-brought-this-beauty-to-the-net-on-a-size HTTP/1.1" 200 4572 "-" "Bridgy (https://brid.gy/about)" 
40.77.167.41 - - [23/Apr/2020:10:13:46 -0700] "GET /2019/hard-to-do-it-justice-with-just-the-phone HTTP/1.1" 200 12495 "-" "Mozilla/5.0 (compatible; bingbot/2.0; +http://www.bing.com/bingbot.htm)" 
84.70.64.206 - - [23/Apr/2020:10:15:45 -0700] "GET /2020/today-i-happened-across-two-wiseacres-on HTTP/1.1" 200 9446 "https://www.jeremycherfas.net/blog/sleeping-tight" "Mozilla/5.0 (Windows NT 10.0; Win64; x64; rv:75.0) Gecko/20100101 Firefox/75.0" 
84.70.64.206 - - [23/Apr/2020:10:15:45 -0700] "GET /vendor/npm-asset/jquery/dist/jquery.min.js HTTP/1.1" 200 32009 "https://stream.jeremycherfas.net/2020/today-i-happened-across-two-wiseacres-on" "Mozilla/5.0 (Windows NT 10.0; Win64; x64; rv:75.0) Gecko/20100101 Firefox/75.0" 
84.70.64.206 - - [23/Apr/2020:10:15:45 -0700] "GET /vendor/forkawesome/fork-awesome/css/v5-compat.min.css HTTP/1.1" 200 2616 "https://stream.jeremycherfas.net/2020/today-i-happened-across-two-wiseacres-on" "Mozilla/5.0 (Windows NT 10.0; Win64; x64; rv:75.0) Gecko/20100101 Firefox/75.0" 
84.70.64.206 - - [23/Apr/2020:10:15:45 -0700] "GET /vendor/twbs/bootstrap/dist/css/bootstrap.min.css HTTP/1.1" 200 20915 "https://stream.jeremycherfas.net/2020/today-i-happened-across-two-wiseacres-on" "Mozilla/5.0 (Windows NT 10.0; Win64; x64; rv:75.0) Gecko/20100101 Firefox/75.0" 
84.70.64.206 - - [23/Apr/2020:10:15:45 -0700] "GET /js/1579440966/known.min.js HTTP/1.1" 200 4924 "https://stream.jeremycherfas.net/2020/today-i-happened-across-two-wiseacres-on" "Mozilla/5.0 (Windows NT 10.0; Win64; x64; rv:75.0) Gecko/20100101 Firefox/75.0" 
84.70.64.206 - - [23/Apr/2020:10:15:45 -0700] "GET /vendor/npm-asset/bootstrap-toggle/js/bootstrap-toggle.js HTTP/1.1" 200 2106 "https://stream.jeremycherfas.net/2020/today-i-happened-across-two-wiseacres-on" "Mozilla/5.0 (Windows NT 10.0; Win64; x64; rv:75.0) Gecko/20100101 Firefox/75.0" 
84.70.64.206 - - [23/Apr/2020:10:15:45 -0700] "GET /css/1579440965/known.min.css HTTP/1.1" 200 7758 "https://stream.jeremycherfas.net/2020/today-i-happened-across-two-wiseacres-on" "Mozilla/5.0 (Windows NT 10.0; Win64; x64; rv:75.0) Gecko/20100101 Firefox/75.0" 
84.70.64.206 - - [23/Apr/2020:10:15:45 -0700] "GET /vendor/npm-asset/bootstrap-toggle/css/bootstrap-toggle.min.css HTTP/1.1" 200 1061 "https://stream.jeremycherfas.net/2020/today-i-happened-across-two-wiseacres-on" "Mozilla/5.0 (Windows NT 10.0; Win64; x64; rv:75.0) Gecko/20100101 Firefox/75.0" 
84.70.64.206 - - [23/Apr/2020:10:15:45 -0700] "GET /vendor/idno/mentionjs/recommended-styles.css HTTP/1.1" 200 682 "https://stream.jeremycherfas.net/2020/today-i-happened-across-two-wiseacres-on" "Mozilla/5.0 (Windows NT 10.0; Win64; x64; rv:75.0) Gecko/20100101 Firefox/75.0" 
84.70.64.206 - - [23/Apr/2020:10:15:45 -0700] "GET /IdnoPlugins/Checkin/external/leaflet/leaflet.min.css HTTP/1.1" 200 2556 "https://stream.jeremycherfas.net/2020/today-i-happened-across-two-wiseacres-on" "Mozilla/5.0 (Windows NT 10.0; Win64; x64; rv:75.0) Gecko/20100101 Firefox/75.0" 
84.70.64.206 - - [23/Apr/2020:10:15:45 -0700] "GET /IdnoPlugins/Checkin/external/leaflet/leaflet.js HTTP/1.1" 200 34144 "https://stream.jeremycherfas.net/2020/today-i-happened-across-two-wiseacres-on" "Mozilla/5.0 (Windows NT 10.0; Win64; x64; rv:75.0) Gecko/20100101 Firefox/75.0" 
84.70.64.206 - - [23/Apr/2020:10:15:46 -0700] "GET /IdnoPlugins/Checkin/external/stamen-maps/tile.stamen.min.js HTTP/1.1" 200 2065 "https://stream.jeremycherfas.net/2020/today-i-happened-across-two-wiseacres-on" "Mozilla/5.0 (Windows NT 10.0; Win64; x64; rv:75.0) Gecko/20100101 Firefox/75.0" 
84.70.64.206 - - [23/Apr/2020:10:15:46 -0700] "GET /IdnoPlugins/Media/external/wavesurfer/dist/wavesurfer.min.js HTTP/1.1" 200 6858 "https://stream.jeremycherfas.net/2020/today-i-happened-across-two-wiseacres-on" "Mozilla/5.0 (Windows NT 10.0; Win64; x64; rv:75.0) Gecko/20100101 Firefox/75.0" 
84.70.64.206 - - [23/Apr/2020:10:15:46 -0700] "GET /vendor/twbs/bootstrap/dist/js/bootstrap.min.js HTTP/1.1" 200 11773 "https://stream.jeremycherfas.net/2020/today-i-happened-across-two-wiseacres-on" "Mozilla/5.0 (Windows NT 10.0; Win64; x64; rv:75.0) Gecko/20100101 Firefox/75.0" 
84.70.64.206 - - [23/Apr/2020:10:15:46 -0700] "GET /Themes/Solo/css/default.min.css HTTP/1.1" 200 1045 "https://stream.jeremycherfas.net/2020/today-i-happened-across-two-wiseacres-on" "Mozilla/5.0 (Windows NT 10.0; Win64; x64; rv:75.0) Gecko/20100101 Firefox/75.0" 
84.70.64.206 - - [23/Apr/2020:10:15:46 -0700] "GET /vendor/npm-asset/mediaelement/build/mediaelement-and-player.min.js HTTP/1.1" 200 41590 "https://stream.jeremycherfas.net/2020/today-i-happened-across-two-wiseacres-on" "Mozilla/5.0 (Windows NT 10.0; Win64; x64; rv:75.0) Gecko/20100101 Firefox/75.0" 
84.70.64.206 - - [23/Apr/2020:10:15:46 -0700] "GET /vendor/npm-asset/mediaelement/build/mediaelementplayer.min.css HTTP/1.1" 200 3120 "https://stream.jeremycherfas.net/2020/today-i-happened-across-two-wiseacres-on" "Mozilla/5.0 (Windows NT 10.0; Win64; x64; rv:75.0) Gecko/20100101 Firefox/75.0" 
84.70.64.206 - - [23/Apr/2020:10:15:46 -0700] "GET /vendor/npm-asset/vanilla-fitvids/jquery.fitvids.js HTTP/1.1" 200 1873 "https://stream.jeremycherfas.net/2020/today-i-happened-across-two-wiseacres-on" "Mozilla/5.0 (Windows NT 10.0; Win64; x64; rv:75.0) Gecko/20100101 Firefox/75.0" 
84.70.64.206 - - [23/Apr/2020:10:15:46 -0700] "GET /vendor/rmm5t/jquery-timeago/jquery.timeago.js HTTP/1.1" 200 3015 "https://stream.jeremycherfas.net/2020/today-i-happened-across-two-wiseacres-on" "Mozilla/5.0 (Windows NT 10.0; Win64; x64; rv:75.0) Gecko/20100101 Firefox/75.0" 
84.70.64.206 - - [23/Apr/2020:10:15:46 -0700] "GET /vendor/rmm5t/jquery-timeago/locales/jquery.timeago.en.js HTTP/1.1" 200 886 "https://stream.jeremycherfas.net/2020/today-i-happened-across-two-wiseacres-on" "Mozilla/5.0 (Windows NT 10.0; Win64; x64; rv:75.0) Gecko/20100101 Firefox/75.0" 
84.70.64.206 - - [23/Apr/2020:10:15:46 -0700] "GET /vendor/npm-asset/underscore/underscore-min.js HTTP/1.1" 200 7059 "https://stream.jeremycherfas.net/2020/today-i-happened-across-two-wiseacres-on" "Mozilla/5.0 (Windows NT 10.0; Win64; x64; rv:75.0) Gecko/20100101 Firefox/75.0" 
84.70.64.206 - - [23/Apr/2020:10:15:46 -0700] "GET /vendor/npm-asset/exif-js/exif.js HTTP/1.1" 200 9962 "https://stream.jeremycherfas.net/2020/today-i-happened-across-two-wiseacres-on" "Mozilla/5.0 (Windows NT 10.0; Win64; x64; rv:75.0) Gecko/20100101 Firefox/75.0" 
84.70.64.206 - - [23/Apr/2020:10:15:47 -0700] "GET /vendor/npm-asset/bootstrap-accessibility-plugin/plugins/css/bootstrap-accessibility.css HTTP/1.1" 200 1159 "https://stream.jeremycherfas.net/2020/today-i-happened-across-two-wiseacres-on" "Mozilla/5.0 (Windows NT 10.0; Win64; x64; rv:75.0) Gecko/20100101 Firefox/75.0" 
84.70.64.206 - - [23/Apr/2020:10:15:47 -0700] "GET /vendor/npm-asset/bootstrap-accessibility-plugin/plugins/js/bootstrap-accessibility.min.js HTTP/1.1" 200 4951 "https://stream.jeremycherfas.net/2020/today-i-happened-across-two-wiseacres-on" "Mozilla/5.0 (Windows NT 10.0; Win64; x64; rv:75.0) Gecko/20100101 Firefox/75.0" 
84.70.64.206 - - [23/Apr/2020:10:15:48 -0700] "GET /vendor/forkawesome/fork-awesome/css/fork-awesome.min.css HTTP/1.1" 200 9061 "https://stream.jeremycherfas.net/2020/today-i-happened-across-two-wiseacres-on" "Mozilla/5.0 (Windows NT 10.0; Win64; x64; rv:75.0) Gecko/20100101 Firefox/75.0" 
84.70.64.206 - - [23/Apr/2020:10:15:48 -0700] "GET /gfx/users/default-00.png HTTP/1.1" 200 5798 "https://stream.jeremycherfas.net/2020/today-i-happened-across-two-wiseacres-on" "Mozilla/5.0 (Windows NT 10.0; Win64; x64; rv:75.0) Gecko/20100101 Firefox/75.0" 
84.70.64.206 - - [23/Apr/2020:10:15:48 -0700] "GET /file/ef801e05730eba56004c5b712ad84731/thumb.jpg HTTP/1.1" 200 22619 "https://stream.jeremycherfas.net/2020/today-i-happened-across-two-wiseacres-on" "Mozilla/5.0 (Windows NT 10.0; Win64; x64; rv:75.0) Gecko/20100101 Firefox/75.0" 
84.70.64.206 - - [23/Apr/2020:10:15:48 -0700] "GET /vendor/forkawesome/fork-awesome/fonts/forkawesome-webfont.woff2?v=1.1.7 HTTP/1.1" 200 92205 "https://stream.jeremycherfas.net/vendor/forkawesome/fork-awesome/css/fork-awesome.min.css" "Mozilla/5.0 (Windows NT 10.0; Win64; x64; rv:75.0) Gecko/20100101 Firefox/75.0" 
84.70.64.206 - - [23/Apr/2020:10:15:48 -0700] "GET /gfx/logos/apple-icon-144x144.png HTTP/1.1" 200 10316 "-" "Mozilla/5.0 (Windows NT 10.0; Win64; x64; rv:75.0) Gecko/20100101 Firefox/75.0" 
46.229.168.133 - - [23/Apr/2020:10:16:40 -0700] "GET /tag/+%23bigbake HTTP/1.1" 200 8441 "-" "Mozilla/5.0 (compatible; SemrushBot/6~bl; +http://www.semrush.com/bot.html)" 
99.14.148.190 - - [23/Apr/2020:10:16:57 -0700] "GET /service/security/csrftoken/?url=annotation%2Fpost HTTP/1.1" 200 4629 "https://stream.jeremycherfas.net/2017/bubbleicious-hamelman-mixed-levain" "Mozilla/5.0 (Windows NT 10.0; Win64; x64) AppleWebKit/537.36 (KHTML, like Gecko) Chrome/80.0.3987.163 Safari/537.36" 
99.14.148.190 - - [23/Apr/2020:10:16:57 -0700] "GET /service/security/csrftoken/ HTTP/1.1" 500 7965 "https://stream.jeremycherfas.net/2017/bubbleicious-hamelman-mixed-levain" "Mozilla/5.0 (Windows NT 10.0; Win64; x64) AppleWebKit/537.36 (KHTML, like Gecko) Chrome/80.0.3987.163 Safari/537.36" 
84.70.64.206 - - [23/Apr/2020:10:17:03 -0700] "GET /file/ef801e05730eba56004c5b712ad84731/thumb.jpg HTTP/1.1" 200 26069 "-" "Mozilla/5.0 (Windows NT 10.0; Win64; x64; rv:75.0) Gecko/20100101 Firefox/75.0" 
84.70.64.206 - - [23/Apr/2020:10:17:04 -0700] "GET /favicon.ico HTTP/1.1" 200 534 "-" "Mozilla/5.0 (Windows NT 10.0; Win64; x64; rv:75.0) Gecko/20100101 Firefox/75.0" 
66.249.70.16 - - [23/Apr/2020:10:17:34 -0700] "GET /content/all?offset=1229 HTTP/1.1" 200 11718 "-" "Mozilla/5.0 (Linux; Android 6.0.1; Nexus 5X Build/MMB29P) AppleWebKit/537.36 (KHTML, like Gecko) Chrome/41.0.2272.96 Mobile Safari/537.36 (compatible; Googlebot/2.1; +http://www.google.com/bot.html)" 
64.111.100.215 - - [23/Apr/2020:10:17:47 -0700] "GET /content/all?_t=rss HTTP/1.1" 200 17400 "-" "Mozilla/5.0 (X11; U; Linux i686; fr; rv:1.9.1.1) Gecko/20090715 Firefox/3.5.1" 
62.210.143.10 - - [23/Apr/2020:10:18:29 -0700] "GET /robots.txt HTTP/1.1" 200 4378 "-" "Barkrowler/0.9 (+https://babbar.tech/crawler)" 
62.210.143.10 - - [23/Apr/2020:10:19:07 -0700] "GET /2018/-3 HTTP/1.1" 200 9274 "-" "Barkrowler/0.9 (+https://babbar.tech/crawler)" 
62.210.143.10 - - [23/Apr/2020:10:19:34 -0700] "GET /2018/2018-05-17-02 HTTP/1.1" 200 9338 "-" "Barkrowler/0.9 (+https://babbar.tech/crawler)" 
62.210.143.10 - - [23/Apr/2020:10:20:09 -0700] "GET /tag/indiewebcitizen HTTP/1.1" 200 9148 "-" "Barkrowler/0.9 (+https://babbar.tech/crawler)" 
46.229.168.129 - - [23/Apr/2020:10:20:31 -0700] "GET /2019/the-other-is-that-the-bread-will-definitely-taste-better HTTP/1.1" 200 17033 "-" "Mozilla/5.0 (compatible; SemrushBot/6~bl; +http://www.semrush.com/bot.html)" 
62.210.143.10 - - [23/Apr/2020:10:20:36 -0700] "GET /2018/it-was-really-good-while-it-lasted HTTP/1.1" 200 9220 "-" "Barkrowler/0.9 (+https://babbar.tech/crawler)" 
62.210.143.10 - - [23/Apr/2020:10:21:06 -0700] "GET /2019/this-news-of-a-site-for-indieweb HTTP/1.1" 200 10487 "-" "Barkrowler/0.9 (+https://babbar.tech/crawler)" 
46.229.168.130 - - [23/Apr/2020:10:21:07 -0700] "GET /content/photos/?offset=43&q=%23%2B%23sourdough HTTP/1.1" 200 11743 "-" "Mozilla/5.0 (compatible; SemrushBot/6~bl; +http://www.semrush.com/bot.html)" 
157.55.39.167 - - [23/Apr/2020:10:21:26 -0700] "GET /2020/eit-one-newsletter-reader-suggested-it-was HTTP/1.1" 200 9670 "-" "Mozilla/5.0 (compatible; bingbot/2.0; +http://www.bing.com/bingbot.htm)" 
62.210.143.10 - - [23/Apr/2020:10:21:33 -0700] "GET /2018/words-to-live-by----and-not-just-for-web HTTP/1.1" 200 9257 "-" "Barkrowler/0.9 (+https://babbar.tech/crawler)" 
46.229.168.153 - - [23/Apr/2020:10:21:35 -0700] "GET /2018/its-a-great-story-he-told-me HTTP/1.1" 200 10238 "-" "Mozilla/5.0 (compatible; SemrushBot/6~bl; +http://www.semrush.com/bot.html)" 
99.14.148.190 - - [23/Apr/2020:10:21:57 -0700] "GET /service/security/csrftoken/?url=annotation%2Fpost HTTP/1.1" 200 4629 "https://stream.jeremycherfas.net/2017/bubbleicious-hamelman-mixed-levain" "Mozilla/5.0 (Windows NT 10.0; Win64; x64) AppleWebKit/537.36 (KHTML, like Gecko) Chrome/80.0.3987.163 Safari/537.36" 
99.14.148.190 - - [23/Apr/2020:10:21:57 -0700] "GET /service/security/csrftoken/ HTTP/1.1" 500 7965 "https://stream.jeremycherfas.net/2017/bubbleicious-hamelman-mixed-levain" "Mozilla/5.0 (Windows NT 10.0; Win64; x64) AppleWebKit/537.36 (KHTML, like Gecko) Chrome/80.0.3987.163 Safari/537.36" 
62.210.143.10 - - [23/Apr/2020:10:22:01 -0700] "GET /2019/ive-always-fond-rss-indispensable-as-for HTTP/1.1" 200 9364 "-" "Barkrowler/0.9 (+https://babbar.tech/crawler)" 
62.210.143.10 - - [23/Apr/2020:10:22:31 -0700] "GET /2019/the-ux-design-case-of-closed-captions-for-everyone HTTP/1.1" 200 9310 "-" "Barkrowler/0.9 (+https://babbar.tech/crawler)" 
62.210.143.10 - - [23/Apr/2020:10:22:59 -0700] "GET /2018/aaron-davis-wonders-when-are-you-an-actual-citizen-that HTTP/1.1" 200 10020 "-" "Barkrowler/0.9 (+https://babbar.tech/crawler)" 
62.210.143.10 - - [23/Apr/2020:10:23:25 -0700] "GET /2019/my-2019-goals-create-collaborate-and-get-out-of-the HTTP/1.1" 200 9200 "-" "Barkrowler/0.9 (+https://babbar.tech/crawler)" 
62.210.143.10 - - [23/Apr/2020:10:23:52 -0700] "GET /2018/the-inevitable-and-welcome-consequence-of-working-up-a-leaven HTTP/1.1" 200 11151 "-" "Barkrowler/0.9 (+https://babbar.tech/crawler)" 
62.210.143.10 - - [23/Apr/2020:10:24:17 -0700] "GET /2018/how-i-set-up-my-indieweb-wordpress-site-2018-edition HTTP/1.1" 200 9333 "-" "Barkrowler/0.9 (+https://babbar.tech/crawler)" 
62.210.143.10 - - [23/Apr/2020:10:24:43 -0700] "GET /2017/if-only-these-self-same-people-were-aware-of-the-power HTTP/1.1" 200 9340 "-" "Barkrowler/0.9 (+https://babbar.tech/crawler)" 
62.210.143.10 - - [23/Apr/2020:10:25:10 -0700] "GET /2017/not-exactly-sure-what-colin-devroe-means-when-he-says HTTP/1.1" 200 10022 "-" "Barkrowler/0.9 (+https://babbar.tech/crawler)" 
62.210.143.10 - - [23/Apr/2020:10:25:35 -0700] "GET /2017/pretty-impressive-although-why-anyone-would-have-any-tabs-open HTTP/1.1" 200 9314 "-" "Barkrowler/0.9 (+https://babbar.tech/crawler)" 
62.210.143.10 - - [23/Apr/2020:10:26:00 -0700] "GET / HTTP/1.1" 200 11943 "-" "Barkrowler/0.9 (+https://babbar.tech/crawler)" 
62.210.143.10 - - [23/Apr/2020:10:26:36 -0700] "GET /content/all/ HTTP/1.1" 200 11971 "-" "Barkrowler/0.9 (+https://babbar.tech/crawler)" 
99.14.148.190 - - [23/Apr/2020:10:26:57 -0700] "GET /service/security/csrftoken/?url=annotation%2Fpost HTTP/1.1" 200 4629 "https://stream.jeremycherfas.net/2017/bubbleicious-hamelman-mixed-levain" "Mozilla/5.0 (Windows NT 10.0; Win64; x64) AppleWebKit/537.36 (KHTML, like Gecko) Chrome/80.0.3987.163 Safari/537.36" 
99.14.148.190 - - [23/Apr/2020:10:26:57 -0700] "GET /service/security/csrftoken/ HTTP/1.1" 500 7965 "https://stream.jeremycherfas.net/2017/bubbleicious-hamelman-mixed-levain" "Mozilla/5.0 (Windows NT 10.0; Win64; x64) AppleWebKit/537.36 (KHTML, like Gecko) Chrome/80.0.3987.163 Safari/537.36" 
62.210.143.10 - - [23/Apr/2020:10:27:01 -0700] "GET /content/events/ HTTP/1.1" 200 9255 "-" "Barkrowler/0.9 (+https://babbar.tech/crawler)" 
66.249.70.20 - - [23/Apr/2020:10:27:02 -0700] "GET /tag/indieweb?offset=140 HTTP/1.1" 200 9490 "-" "Mozilla/5.0 (Linux; Android 6.0.1; Nexus 5X Build/MMB29P) AppleWebKit/537.36 (KHTML, like Gecko) Chrome/41.0.2272.96 Mobile Safari/537.36 (compatible; Googlebot/2.1; +http://www.google.com/bot.html)" 
66.249.70.20 - - [23/Apr/2020:10:27:06 -0700] "GET /service/web/unfurl/?url=https%3A%2F%2Findieweb.org%2Fgenerations&__bTk=39db80cf15631cff96c42b3973be5154bb6fbb003e8c59ec22304bd8b16791b3&__bTs=1586040371 HTTP/1.1" 403 4623 "https://www.stream.jeremycherfas.net/tag/indieweb?offset=140" "Mozilla/5.0 (Linux; Android 6.0.1; Nexus 5X Build/MMB29P) AppleWebKit/537.36 (KHTML, like Gecko) Chrome/80.0.3987.92 Mobile Safari/537.36 (compatible; Googlebot/2.1; +http://www.google.com/bot.html)" 
62.210.143.10 - - [23/Apr/2020:10:27:28 -0700] "GET /content/posts/ HTTP/1.1" 200 12869 "-" "Barkrowler/0.9 (+https://babbar.tech/crawler)" 
62.210.143.10 - - [23/Apr/2020:10:27:53 -0700] "GET /content/photos/ HTTP/1.1" 200 11264 "-" "Barkrowler/0.9 (+https://babbar.tech/crawler)" 
62.210.143.10 - - [23/Apr/2020:10:28:18 -0700] "GET /content/audio/ HTTP/1.1" 200 9773 "-" "Barkrowler/0.9 (+https://babbar.tech/crawler)" 
62.210.143.10 - - [23/Apr/2020:10:28:51 -0700] "GET /session/login HTTP/1.1" 200 7914 "-" "Barkrowler/0.9 (+https://babbar.tech/crawler)" 
62.210.143.10 - - [23/Apr/2020:10:29:15 -0700] "GET /profile/jeremy HTTP/1.1" 200 17001 "-" "Barkrowler/0.9 (+https://babbar.tech/crawler)" 
62.210.143.10 - - [23/Apr/2020:10:29:44 -0700] "GET /content/locations/ HTTP/1.1" 200 11312 "-" "Barkrowler/0.9 (+https://babbar.tech/crawler)" 
62.210.143.10 - - [23/Apr/2020:10:30:10 -0700] "GET /content/statusupdates/ HTTP/1.1" 200 11758 "-" "Barkrowler/0.9 (+https://babbar.tech/crawler)" 
46.229.168.147 - - [23/Apr/2020:10:30:10 -0700] "GET /content/bookmarkedpages/?offset=50 HTTP/1.1" 200 10936 "-" "Mozilla/5.0 (compatible; SemrushBot/6~bl; +http://www.semrush.com/bot.html)" 
40.77.167.41 - - [23/Apr/2020:10:30:34 -0700] "GET /tag/+%23Black_pepper HTTP/1.1" 200 8491 "-" "Mozilla/5.0 (compatible; bingbot/2.0; +http://www.bing.com/bingbot.htm)" 
62.210.143.10 - - [23/Apr/2020:10:31:16 -0700] "GET /content/rsvp/ HTTP/1.1" 200 9827 "-" "Barkrowler/0.9 (+https://babbar.tech/crawler)" 
96.126.125.129 - - [23/Apr/2020:10:31:26 -0700] "GET /content/statusupdates/posts/photos/checkins/bookmarkedpages?_t=rss HTTP/1.1" 200 8036 "-" "Micro.blog/1.0" 
99.14.148.190 - - [23/Apr/2020:10:31:57 -0700] "GET /service/security/csrftoken/?url=annotation%2Fpost HTTP/1.1" 200 4629 "https://stream.jeremycherfas.net/2017/bubbleicious-hamelman-mixed-levain" "Mozilla/5.0 (Windows NT 10.0; Win64; x64) AppleWebKit/537.36 (KHTML, like Gecko) Chrome/80.0.3987.163 Safari/537.36" 
99.14.148.190 - - [23/Apr/2020:10:31:57 -0700] "GET /service/security/csrftoken/ HTTP/1.1" 500 7965 "https://stream.jeremycherfas.net/2017/bubbleicious-hamelman-mixed-levain" "Mozilla/5.0 (Windows NT 10.0; Win64; x64) AppleWebKit/537.36 (KHTML, like Gecko) Chrome/80.0.3987.163 Safari/537.36" 
62.210.143.10 - - [23/Apr/2020:10:32:00 -0700] "GET /2020/contrast HTTP/1.1" 200 9165 "-" "Barkrowler/0.9 (+https://babbar.tech/crawler)" 
66.249.70.12 - - [23/Apr/2020:10:32:25 -0700] "GET /?q=%23latergram&_t=rss HTTP/1.1" 200 5564 "-" "Mozilla/5.0 (Linux; Android 6.0.1; Nexus 5X Build/MMB29P) AppleWebKit/537.36 (KHTML, like Gecko) Chrome/80.0.3987.92 Mobile Safari/537.36 (compatible; Googlebot/2.1; +http://www.google.com/bot.html)" 
62.210.143.10 - - [23/Apr/2020:10:32:25 -0700] "GET /content/bookmarkedpages/ HTTP/1.1" 200 11443 "-" "Barkrowler/0.9 (+https://babbar.tech/crawler)" 
62.210.143.10 - - [23/Apr/2020:10:32:52 -0700] "GET /2020/untitled-32 HTTP/1.1" 200 10022 "-" "Barkrowler/0.9 (+https://babbar.tech/crawler)" 
62.210.143.10 - - [23/Apr/2020:10:33:16 -0700] "GET /tag/+%23IndieWeb HTTP/1.1" 200 11739 "-" "Barkrowler/0.9 (+https://babbar.tech/crawler)" 
62.210.143.10 - - [23/Apr/2020:10:33:43 -0700] "GET /tag/IndieWeb_challenge HTTP/1.1" 200 8735 "-" "Barkrowler/0.9 (+https://babbar.tech/crawler)" 
62.210.143.10 - - [23/Apr/2020:10:34:08 -0700] "GET /2020/sufficient-spots HTTP/1.1" 200 9188 "-" "Barkrowler/0.9 (+https://babbar.tech/crawler)" 
62.210.143.10 - - [23/Apr/2020:10:34:33 -0700] "GET /2020/one-plant-species HTTP/1.1" 200 9840 "-" "Barkrowler/0.9 (+https://babbar.tech/crawler)" 
46.229.168.137 - - [23/Apr/2020:10:34:38 -0700] "GET /?offset=27&q=%23%2B%23WithKnown HTTP/1.1" 200 13666 "-" "Mozilla/5.0 (compatible; SemrushBot/6~bl; +http://www.semrush.com/bot.html)" 
62.210.143.10 - - [23/Apr/2020:10:34:58 -0700] "GET /content/posts/?q=%23indieweb HTTP/1.1" 200 15229 "-" "Barkrowler/0.9 (+https://babbar.tech/crawler)" 
5.188.84.130 - - [23/Apr/2020:10:35:14 -0700] "GET /2020/the-message-matters-a-bone-to-pick-with-jonah-goldberg HTTP/1.0" 200 29023 "https://stream.jeremycherfas.net/2020/the-message-matters-a-bone-to-pick-with-jonah-goldberg" "Mozilla/5.0 (Windows NT 6.1; Win64; x64) AppleWebKit/537.36 (KHTML, like Gecko) Chrome/68.0.3440.84 Safari/537.36" 
5.188.84.130 - - [23/Apr/2020:10:35:15 -0700] "POST /comments/post HTTP/1.0" 403 17067 "https://stream.jeremycherfas.net/2020/the-message-matters-a-bone-to-pick-with-jonah-goldberg" "Mozilla/5.0 (Windows NT 6.1; Win64; x64) AppleWebKit/537.36 (KHTML, like Gecko) Chrome/68.0.3440.84 Safari/537.36" 
62.210.143.10 - - [23/Apr/2020:10:35:23 -0700] "GET /2020/above-us-only-sky HTTP/1.1" 200 9182 "-" "Barkrowler/0.9 (+https://babbar.tech/crawler)" 
64.111.100.215 - - [23/Apr/2020:10:35:27 -0700] "GET /content/all?_t=rss HTTP/1.1" 200 17400 "-" "Mozilla/5.0 (X11; U; Linux i686; fr; rv:1.9.1.1) Gecko/20090715 Firefox/3.5.1" 
62.210.143.10 - - [23/Apr/2020:10:35:48 -0700] "GET /content/statusupdates/?q=%23indieweb HTTP/1.1" 200 11654 "-" "Barkrowler/0.9 (+https://babbar.tech/crawler)" 
62.210.143.10 - - [23/Apr/2020:10:36:13 -0700] "GET /2019/seems-to-me-that-your-home-page HTTP/1.1" 200 10573 "-" "Barkrowler/0.9 (+https://babbar.tech/crawler)" 
66.249.70.14 - - [23/Apr/2020:10:36:30 -0700] "GET /?q=%23WithKnown&_t=rss&offset=40 HTTP/1.1" 200 7778 "-" "Mozilla/5.0 (Linux; Android 6.0.1; Nexus 5X Build/MMB29P) AppleWebKit/537.36 (KHTML, like Gecko) Chrome/41.0.2272.96 Mobile Safari/537.36 (compatible; Googlebot/2.1; +http://www.google.com/bot.html)" 
62.210.143.10 - - [23/Apr/2020:10:36:39 -0700] "GET /2020/my-dropbox-bill-is-going-up-and HTTP/1.1" 200 9569 "-" "Barkrowler/0.9 (+https://babbar.tech/crawler)" 
96.126.125.129 - - [23/Apr/2020:10:36:50 -0700] "GET /content/statusupdates/posts/photos/checkins/bookmarkedpages?_t=rss HTTP/1.1" 200 8036 "-" "Micro.blog/1.0" 
99.14.148.190 - - [23/Apr/2020:10:36:57 -0700] "GET /service/security/csrftoken/?url=annotation%2Fpost HTTP/1.1" 200 1450 "https://stream.jeremycherfas.net/2017/bubbleicious-hamelman-mixed-levain" "Mozilla/5.0 (Windows NT 10.0; Win64; x64) AppleWebKit/537.36 (KHTML, like Gecko) Chrome/80.0.3987.163 Safari/537.36" 
99.14.148.190 - - [23/Apr/2020:10:36:57 -0700] "GET /service/security/csrftoken/ HTTP/1.1" 500 4786 "https://stream.jeremycherfas.net/2017/bubbleicious-hamelman-mixed-levain" "Mozilla/5.0 (Windows NT 10.0; Win64; x64) AppleWebKit/537.36 (KHTML, like Gecko) Chrome/80.0.3987.163 Safari/537.36" 
62.210.143.10 - - [23/Apr/2020:10:37:05 -0700] "GET /2020/just-discovered-i-have-a-digital-note HTTP/1.1" 200 9771 "-" "Barkrowler/0.9 (+https://babbar.tech/crawler)" 
62.210.143.10 - - [23/Apr/2020:10:37:31 -0700] "GET /2019/noffle-i-know-absolutely-nothing-about-server HTTP/1.1" 200 10208 "-" "Barkrowler/0.9 (+https://babbar.tech/crawler)" 
62.210.143.10 - - [23/Apr/2020:10:37:58 -0700] "GET /2019/im-a-late-adopter-on-indieweb-readers HTTP/1.1" 200 9346 "-" "Barkrowler/0.9 (+https://babbar.tech/crawler)" 
62.210.143.10 - - [23/Apr/2020:10:38:31 -0700] "GET /2020/maybe-id-like-to-find-some-time-but-it-just HTTP/1.1" 200 9269 "-" "Barkrowler/0.9 (+https://babbar.tech/crawler)" 
40.77.167.41 - - [23/Apr/2020:10:38:45 -0700] "GET /tag/rye HTTP/1.1" 200 12335 "-" "Mozilla/5.0 (compatible; bingbot/2.0; +http://www.bing.com/bingbot.htm)" 
62.210.143.10 - - [23/Apr/2020:10:38:59 -0700] "GET /2019/what-magic-is-this-app3ef086df04musical-chord-progression-arpeggiator-found-thanks HTTP/1.1" 200 9328 "-" "Barkrowler/0.9 (+https://babbar.tech/crawler)" 
46.229.168.161 - - [23/Apr/2020:10:39:08 -0700] "GET /?offset=87&q=%23IndieWeb HTTP/1.1" 200 15973 "-" "Mozilla/5.0 (compatible; SemrushBot/6~bl; +http://www.semrush.com/bot.html)" 
62.210.143.10 - - [23/Apr/2020:10:39:27 -0700] "GET /file/1772381f649cb3a685da3840b31d3371/e32ffeb5f9503f913f1a42f4a8675f23 HTTP/1.1" 200 93829 "-" "Barkrowler/0.9 (+https://babbar.tech/crawler)" 
40.77.167.41 - - [23/Apr/2020:10:39:45 -0700] "GET /content/photos/?_t=rss HTTP/1.1" 200 7593 "-" "msnbot/2.0b (+http://search.msn.com/msnbot.htm)" 
62.210.143.10 - - [23/Apr/2020:10:39:55 -0700] "GET /file/3f3329cacd2999dd2624fa48c79dd56b/0502bd06387b265bb98436407aa32d4e HTTP/1.1" 200 242760 "-" "Barkrowler/0.9 (+https://babbar.tech/crawler)" 
46.229.168.146 - - [23/Apr/2020:10:40:27 -0700] "GET /2018/our-daily-bread-18---allied-forever2vii30lqicwsize-brings-benefits-to HTTP/1.1" 200 14306 "-" "Mozilla/5.0 (compatible; SemrushBot/6~bl; +http://www.semrush.com/bot.html)" 
167.172.219.142 - - [23/Apr/2020:10:41:33 -0700] "GET /?_t=rss HTTP/1.1" 304 3475 "-" "Feedbin feed-id:1536727 - 1 subscribers" 
46.229.168.144 - - [23/Apr/2020:10:41:47 -0700] "GET /content/posts/?q=%23%2B%23Rome HTTP/1.1" 200 8503 "-" "Mozilla/5.0 (compatible; SemrushBot/6~bl; +http://www.semrush.com/bot.html)" 
99.14.148.190 - - [23/Apr/2020:10:41:57 -0700] "GET /service/security/csrftoken/?url=annotation%2Fpost HTTP/1.1" 200 4629 "https://stream.jeremycherfas.net/2017/bubbleicious-hamelman-mixed-levain" "Mozilla/5.0 (Windows NT 10.0; Win64; x64) AppleWebKit/537.36 (KHTML, like Gecko) Chrome/80.0.3987.163 Safari/537.36" 
99.14.148.190 - - [23/Apr/2020:10:41:57 -0700] "GET /service/security/csrftoken/ HTTP/1.1" 500 7965 "https://stream.jeremycherfas.net/2017/bubbleicious-hamelman-mixed-levain" "Mozilla/5.0 (Windows NT 10.0; Win64; x64) AppleWebKit/537.36 (KHTML, like Gecko) Chrome/80.0.3987.163 Safari/537.36" 
96.126.125.129 - - [23/Apr/2020:10:45:02 -0700] "GET /content/statusupdates/posts/photos/checkins/bookmarkedpages?_t=rss HTTP/1.1" 200 8036 "-" "Micro.blog/1.0" 
66.249.70.12 - - [23/Apr/2020:10:45:58 -0700] "GET /?q=%23WithKnown&_t=amp&offset=30 HTTP/1.1" 200 13090 "-" "Mozilla/5.0 (Linux; Android 6.0.1; Nexus 5X Build/MMB29P) AppleWebKit/537.36 (KHTML, like Gecko) Chrome/41.0.2272.96 Mobile Safari/537.36 (compatible; Googlebot/2.1; +http://www.google.com/bot.html)" 
46.229.168.143 - - [23/Apr/2020:10:46:09 -0700] "GET /content/posts/?offset=20&q=%23Indieweb HTTP/1.1" 200 15710 "-" "Mozilla/5.0 (compatible; SemrushBot/6~bl; +http://www.semrush.com/bot.html)" 
99.14.148.190 - - [23/Apr/2020:10:46:57 -0700] "GET /service/security/csrftoken/?url=annotation%2Fpost HTTP/1.1" 200 4629 "https://stream.jeremycherfas.net/2017/bubbleicious-hamelman-mixed-levain" "Mozilla/5.0 (Windows NT 10.0; Win64; x64) AppleWebKit/537.36 (KHTML, like Gecko) Chrome/80.0.3987.163 Safari/537.36" 
99.14.148.190 - - [23/Apr/2020:10:46:57 -0700] "GET /service/security/csrftoken/ HTTP/1.1" 500 7965 "https://stream.jeremycherfas.net/2017/bubbleicious-hamelman-mixed-levain" "Mozilla/5.0 (Windows NT 10.0; Win64; x64) AppleWebKit/537.36 (KHTML, like Gecko) Chrome/80.0.3987.163 Safari/537.36" 
207.46.13.241 - - [23/Apr/2020:10:47:31 -0700] "GET /2018/such-a-great-place-to-visit-in-the-damp HTTP/1.1" 200 15944 "-" "Mozilla/5.0 (compatible; bingbot/2.0; +http://www.bing.com/bingbot.htm)" 
96.126.125.129 - - [23/Apr/2020:10:48:08 -0700] "GET /content/statusupdates/posts/photos/checkins/bookmarkedpages?_t=rss HTTP/1.1" 200 8036 "-" "Micro.blog/1.0" 
46.229.168.142 - - [23/Apr/2020:10:48:12 -0700] "GET /?offset=30&q=%23withknown HTTP/1.1" 200 13034 "-" "Mozilla/5.0 (compatible; SemrushBot/6~bl; +http://www.semrush.com/bot.html)" 
46.229.168.147 - - [23/Apr/2020:10:51:45 -0700] "GET /?offset=40 HTTP/1.1" 200 11633 "-" "Mozilla/5.0 (compatible; SemrushBot/6~bl; +http://www.semrush.com/bot.html)" 
99.14.148.190 - - [23/Apr/2020:10:51:57 -0700] "GET /service/security/csrftoken/?url=annotation%2Fpost HTTP/1.1" 200 1450 "https://stream.jeremycherfas.net/2017/bubbleicious-hamelman-mixed-levain" "Mozilla/5.0 (Windows NT 10.0; Win64; x64) AppleWebKit/537.36 (KHTML, like Gecko) Chrome/80.0.3987.163 Safari/537.36" 
99.14.148.190 - - [23/Apr/2020:10:51:57 -0700] "GET /service/security/csrftoken/ HTTP/1.1" 500 4786 "https://stream.jeremycherfas.net/2017/bubbleicious-hamelman-mixed-levain" "Mozilla/5.0 (Windows NT 10.0; Win64; x64) AppleWebKit/537.36 (KHTML, like Gecko) Chrome/80.0.3987.163 Safari/537.36" 
64.111.100.215 - - [23/Apr/2020:10:52:09 -0700] "GET /content/all?_t=rss HTTP/1.1" 200 17400 "-" "Mozilla/5.0 (X11; U; Linux i686; fr; rv:1.9.1.1) Gecko/20090715 Firefox/3.5.1" 
46.229.168.132 - - [23/Apr/2020:10:54:26 -0700] "GET /2019/paper-to-paperless-a-guide-to-digitalizing-your-journals-with HTTP/1.1" 200 9723 "-" "Mozilla/5.0 (compatible; SemrushBot/6~bl; +http://www.semrush.com/bot.html)" 
54.196.77.217 - - [23/Apr/2020:10:54:33 -0700] "GET /content/rsvp/?_t=rss HTTP/1.1" 304 3480 "https://www.google.com/" "Mozilla/5.0 (Windows NT 10.0; Win64; x64) AppleWebKit/537.36 (KHTML, like Gecko) Chrome/80.0.3987.132 Safari/537.36" 
66.249.70.12 - - [23/Apr/2020:10:55:26 -0700] "GET /2018/any-chance-you-can-explain-why-you/annotations/0bb3798d25e6275ffc767d7538202336 HTTP/1.1" 200 8510 "-" "Mozilla/5.0 (Linux; Android 6.0.1; Nexus 5X Build/MMB29P) AppleWebKit/537.36 (KHTML, like Gecko) Chrome/41.0.2272.96 Mobile Safari/537.36 (compatible; Googlebot/2.1; +http://www.google.com/bot.html)" 
99.14.148.190 - - [23/Apr/2020:10:56:57 -0700] "GET /service/security/csrftoken/?url=annotation%2Fpost HTTP/1.1" 200 4629 "https://stream.jeremycherfas.net/2017/bubbleicious-hamelman-mixed-levain" "Mozilla/5.0 (Windows NT 10.0; Win64; x64) AppleWebKit/537.36 (KHTML, like Gecko) Chrome/80.0.3987.163 Safari/537.36" 
99.14.148.190 - - [23/Apr/2020:10:56:57 -0700] "GET /service/security/csrftoken/ HTTP/1.1" 500 4649 "https://stream.jeremycherfas.net/2017/bubbleicious-hamelman-mixed-levain" "Mozilla/5.0 (Windows NT 10.0; Win64; x64) AppleWebKit/537.36 (KHTML, like Gecko) Chrome/80.0.3987.163 Safari/537.36" 
