144.76.137.254 - - [22/Apr/2020:02:35:59 -0700] "GET /2017/in-eager-anticipation---and-celebration---of-tomorrows-return HTTP/1.1" 200 6731 "-" "Mozilla/5.0 (compatible; MJ12bot/v1.4.8; http://mj12bot.com/)" 
144.76.137.254 - - [22/Apr/2020:02:36:06 -0700] "GET /2018/if-you-would-like-to-know-more HTTP/1.1" 200 9528 "-" "Mozilla/5.0 (compatible; MJ12bot/v1.4.8; http://mj12bot.com/)" 
144.76.137.254 - - [22/Apr/2020:02:36:08 -0700] "GET /2019/another-fine-weekend-comes-to-a-close HTTP/1.1" 200 10023 "-" "Mozilla/5.0 (compatible; MJ12bot/v1.4.8; http://mj12bot.com/)" 
144.76.137.254 - - [22/Apr/2020:02:36:09 -0700] "GET /2019/corn-bread-only-25%25-maize-flour-but-enough-to-give HTTP/1.1" 200 10562 "-" "Mozilla/5.0 (compatible; MJ12bot/v1.4.8; http://mj12bot.com/)" 
144.76.137.254 - - [22/Apr/2020:02:36:15 -0700] "GET /2019/when-it-comes-to-mushrooms-always-best HTTP/1.1" 200 9664 "-" "Mozilla/5.0 (compatible; MJ12bot/v1.4.8; http://mj12bot.com/)" 
144.76.137.254 - - [22/Apr/2020:02:36:20 -0700] "GET /?q=%23indieweb%26quot&offset=109 HTTP/1.1" 200 12153 "-" "Mozilla/5.0 (compatible; MJ12bot/v1.4.8; http://mj12bot.com/)" 
144.76.137.254 - - [22/Apr/2020:02:36:22 -0700] "GET /?q=%23indieweb%26quot&offset=112 HTTP/1.1" 200 9018 "-" "Mozilla/5.0 (compatible; MJ12bot/v1.4.8; http://mj12bot.com/)" 
144.76.137.254 - - [22/Apr/2020:02:36:25 -0700] "GET /?q=%23indieweb%26quot&offset=117 HTTP/1.1" 200 11684 "-" "Mozilla/5.0 (compatible; MJ12bot/v1.4.8; http://mj12bot.com/)" 
144.76.137.254 - - [22/Apr/2020:02:36:28 -0700] "GET /?q=%23indieweb%26quot&offset=125 HTTP/1.1" 200 9289 "-" "Mozilla/5.0 (compatible; MJ12bot/v1.4.8; http://mj12bot.com/)" 
144.76.137.254 - - [22/Apr/2020:02:36:30 -0700] "GET /?q=%23indieweb%26quot&offset=139 HTTP/1.1" 200 6325 "-" "Mozilla/5.0 (compatible; MJ12bot/v1.4.8; http://mj12bot.com/)" 
144.76.137.254 - - [22/Apr/2020:02:36:33 -0700] "GET /?q=%23indieweb%26quot&offset=140 HTTP/1.1" 200 6132 "-" "Mozilla/5.0 (compatible; MJ12bot/v1.4.8; http://mj12bot.com/)" 
54.36.150.24 - - [22/Apr/2020:02:36:34 -0700] "GET /2018/what-to-consider-when-choosing-colors-for-data-visualization/annotations/0d06e4d3e5e5183e4527663b383c0a88 HTTP/1.1" 200 8430 "-" "Mozilla/5.0 (compatible; AhrefsBot/6.1; +http://ahrefs.com/robot/)" 
144.76.137.254 - - [22/Apr/2020:02:36:36 -0700] "GET /?q=%23indieweb%26quot&offset=141 HTTP/1.1" 200 8689 "-" "Mozilla/5.0 (compatible; MJ12bot/v1.4.8; http://mj12bot.com/)" 
54.36.148.9 - - [22/Apr/2020:02:36:44 -0700] "GET /2018/whats-the-problem HTTP/1.1" 200 10642 "-" "Mozilla/5.0 (compatible; AhrefsBot/6.1; +http://ahrefs.com/robot/)" 
144.76.137.254 - - [22/Apr/2020:02:36:44 -0700] "GET /content/all/?offset=1739 HTTP/1.1" 200 12120 "-" "Mozilla/5.0 (compatible; MJ12bot/v1.4.8; http://mj12bot.com/)" 
144.76.137.254 - - [22/Apr/2020:02:36:46 -0700] "GET /content/all/?q=%23%20%23bread&offset=28 HTTP/1.1" 200 9367 "-" "Mozilla/5.0 (compatible; MJ12bot/v1.4.8; http://mj12bot.com/)" 
144.76.137.254 - - [22/Apr/2020:02:36:49 -0700] "GET /content/all/?q=%23IndieWeb&offset=39 HTTP/1.1" 200 7903 "-" "Mozilla/5.0 (compatible; MJ12bot/v1.4.8; http://mj12bot.com/)" 
144.76.137.254 - - [22/Apr/2020:02:36:51 -0700] "GET /content/all/?q=%23IndieWeb&offset=52 HTTP/1.1" 200 10085 "-" "Mozilla/5.0 (compatible; MJ12bot/v1.4.8; http://mj12bot.com/)" 
144.76.137.254 - - [22/Apr/2020:02:36:53 -0700] "GET /content/all/?q=%23IndieWeb&offset=65 HTTP/1.1" 200 8535 "-" "Mozilla/5.0 (compatible; MJ12bot/v1.4.8; http://mj12bot.com/)" 
144.76.137.254 - - [22/Apr/2020:02:36:56 -0700] "GET /content/all/?q=%23IndieWeb&offset=71 HTTP/1.1" 200 10350 "-" "Mozilla/5.0 (compatible; MJ12bot/v1.4.8; http://mj12bot.com/)" 
144.76.137.254 - - [22/Apr/2020:02:36:58 -0700] "GET /content/all/?q=%23IndieWeb&offset=81&_t=rss HTTP/1.1" 200 6390 "-" "Mozilla/5.0 (compatible; MJ12bot/v1.4.8; http://mj12bot.com/)" 
144.76.137.254 - - [22/Apr/2020:02:37:00 -0700] "GET /content/all/?q=%23Indieweb&offset=46 HTTP/1.1" 200 9080 "-" "Mozilla/5.0 (compatible; MJ12bot/v1.4.8; http://mj12bot.com/)" 
144.76.137.254 - - [22/Apr/2020:02:37:04 -0700] "GET /content/all/?q=%23Indieweb&offset=62 HTTP/1.1" 200 11553 "-" "Mozilla/5.0 (compatible; MJ12bot/v1.4.8; http://mj12bot.com/)" 
144.76.137.254 - - [22/Apr/2020:02:37:06 -0700] "GET /content/all/?q=%23Indieweb&offset=65 HTTP/1.1" 200 8535 "-" "Mozilla/5.0 (compatible; MJ12bot/v1.4.8; http://mj12bot.com/)" 
144.76.137.254 - - [22/Apr/2020:02:37:08 -0700] "GET /content/all/?q=%23Indieweb&offset=71 HTTP/1.1" 200 10351 "-" "Mozilla/5.0 (compatible; MJ12bot/v1.4.8; http://mj12bot.com/)" 
144.76.137.254 - - [22/Apr/2020:02:37:14 -0700] "GET /content/all/?q=%23indieweb%26quot&offset=49 HTTP/1.1" 200 12952 "-" "Mozilla/5.0 (compatible; MJ12bot/v1.4.8; http://mj12bot.com/)" 
144.76.137.254 - - [22/Apr/2020:02:37:16 -0700] "GET /content/all/?q=%23indieweb%26quot&offset=65 HTTP/1.1" 200 8558 "-" "Mozilla/5.0 (compatible; MJ12bot/v1.4.8; http://mj12bot.com/)" 
144.76.137.254 - - [22/Apr/2020:02:37:19 -0700] "GET /content/all/?q=%23indieweb%26quot&offset=71 HTTP/1.1" 200 10377 "-" "Mozilla/5.0 (compatible; MJ12bot/v1.4.8; http://mj12bot.com/)" 
54.36.148.211 - - [22/Apr/2020:02:37:25 -0700] "GET /?q=%23+%23food&offset=31&_t=rss HTTP/1.1" 200 8732 "-" "Mozilla/5.0 (compatible; AhrefsBot/6.1; +http://ahrefs.com/robot/)" 
144.76.137.254 - - [22/Apr/2020:02:37:29 -0700] "GET /content/photos/?offset=606 HTTP/1.1" 200 10785 "-" "Mozilla/5.0 (compatible; MJ12bot/v1.4.8; http://mj12bot.com/)" 
144.76.137.254 - - [22/Apr/2020:02:37:31 -0700] "GET /content/photos/?offset=608 HTTP/1.1" 200 7526 "-" "Mozilla/5.0 (compatible; MJ12bot/v1.4.8; http://mj12bot.com/)" 
144.76.137.254 - - [22/Apr/2020:02:37:36 -0700] "GET /content/photos/?offset=616&_t=rss HTTP/1.1" 200 7399 "-" "Mozilla/5.0 (compatible; MJ12bot/v1.4.8; http://mj12bot.com/)" 
144.76.137.254 - - [22/Apr/2020:02:37:42 -0700] "GET /file/24a53d35e60ea9d5da303ca5e720da69/ig2qmYb0.jpg HTTP/1.1" 404 8150 "-" "Mozilla/5.0 (compatible; MJ12bot/v1.4.8; http://mj12bot.com/)" 
144.76.137.254 - - [22/Apr/2020:02:37:45 -0700] "GET /tag/IndieWeb?offset=120 HTTP/1.1" 200 11855 "-" "Mozilla/5.0 (compatible; MJ12bot/v1.4.8; http://mj12bot.com/)" 
144.76.137.254 - - [22/Apr/2020:02:37:48 -0700] "GET /tag/Indieweb?offset=101 HTTP/1.1" 200 10350 "-" "Mozilla/5.0 (compatible; MJ12bot/v1.4.8; http://mj12bot.com/)" 
144.76.137.254 - - [22/Apr/2020:02:37:52 -0700] "GET /tag/Indieweb?offset=111&_t=rss HTTP/1.1" 200 8038 "-" "Mozilla/5.0 (compatible; MJ12bot/v1.4.8; http://mj12bot.com/)" 
144.76.137.254 - - [22/Apr/2020:02:37:54 -0700] "GET /tag/Indieweb?offset=46 HTTP/1.1" 200 9033 "-" "Mozilla/5.0 (compatible; MJ12bot/v1.4.8; http://mj12bot.com/)" 
144.76.137.254 - - [22/Apr/2020:02:37:57 -0700] "GET /tag/Indieweb?offset=72 HTTP/1.1" 200 13621 "-" "Mozilla/5.0 (compatible; MJ12bot/v1.4.8; http://mj12bot.com/)" 
144.76.137.254 - - [22/Apr/2020:02:38:02 -0700] "GET /robots.txt HTTP/1.1" 200 4617 "-" "Mozilla/5.0 (compatible; MJ12bot/v1.4.8; http://mj12bot.com/)" 
144.76.137.254 - - [22/Apr/2020:02:38:04 -0700] "GET /2018/indieweb-and-homemade-sauerkraut-i-wonder-how-many-other-people HTTP/1.1" 200 6311 "-" "Mozilla/5.0 (compatible; MJ12bot/v1.4.8; http://mj12bot.com/)" 
144.76.137.254 - - [22/Apr/2020:02:38:05 -0700] "GET /2018/jasons-cranberry-bread-sounds-delicious-i-dont HTTP/1.1" 200 6346 "-" "Mozilla/5.0 (compatible; MJ12bot/v1.4.8; http://mj12bot.com/)" 
54.36.148.41 - - [22/Apr/2020:02:38:09 -0700] "GET /profile/jeremy?offset=477&_t=rss HTTP/1.1" 200 6826 "-" "Mozilla/5.0 (compatible; AhrefsBot/6.1; +http://ahrefs.com/robot/)" 
144.76.137.254 - - [22/Apr/2020:02:38:20 -0700] "GET /?q=%23%20%23bread&offset=17 HTTP/1.1" 200 12141 "-" "Mozilla/5.0 (compatible; MJ12bot/v1.4.8; http://mj12bot.com/)" 
144.76.137.254 - - [22/Apr/2020:02:38:23 -0700] "GET /?q=%23%20%23bread&offset=21 HTTP/1.1" 200 12571 "-" "Mozilla/5.0 (compatible; MJ12bot/v1.4.8; http://mj12bot.com/)" 
46.229.168.162 - - [22/Apr/2020:02:38:40 -0700] "GET /2019/fresh-n-juicy HTTP/1.1" 200 12281 "-" "Mozilla/5.0 (compatible; SemrushBot/6~bl; +http://www.semrush.com/bot.html)" 
46.229.168.136 - - [22/Apr/2020:02:39:45 -0700] "GET /2018/twitter-weirdness-ability-to-follow-links-seems HTTP/1.1" 200 9722 "-" "Mozilla/5.0 (compatible; SemrushBot/6~bl; +http://www.semrush.com/bot.html)" 
54.36.148.66 - - [22/Apr/2020:02:39:47 -0700] "GET /2017/there-will-be-grapes HTTP/1.1" 200 10302 "-" "Mozilla/5.0 (compatible; AhrefsBot/6.1; +http://ahrefs.com/robot/)" 
46.229.168.144 - - [22/Apr/2020:02:39:51 -0700] "GET /content/statusupdates/?q=%23%2B%23ciwf HTTP/1.1" 200 8542 "-" "Mozilla/5.0 (compatible; SemrushBot/6~bl; +http://www.semrush.com/bot.html)" 
54.36.150.1 - - [22/Apr/2020:02:40:03 -0700] "GET /tag/indieweb?offset=19&_t=rss HTTP/1.1" 200 7243 "-" "Mozilla/5.0 (compatible; AhrefsBot/6.1; +http://ahrefs.com/robot/)" 
64.111.100.215 - - [22/Apr/2020:02:40:20 -0700] "GET /content/all?_t=rss HTTP/1.1" 200 17400 "-" "Mozilla/5.0 (X11; U; Linux i686; fr; rv:1.9.1.1) Gecko/20090715 Firefox/3.5.1" 
46.229.168.136 - - [22/Apr/2020:02:40:51 -0700] "GET /content/events/?q=%23Fiction HTTP/1.1" 200 8522 "-" "Mozilla/5.0 (compatible; SemrushBot/6~bl; +http://www.semrush.com/bot.html)" 
96.126.125.129 - - [22/Apr/2020:02:41:33 -0700] "GET /content/statusupdates/posts/photos/checkins/bookmarkedpages?_t=rss HTTP/1.1" 200 8036 "-" "Micro.blog/1.0" 
144.76.137.254 - - [22/Apr/2020:02:41:48 -0700] "GET /?q=%23%20%23bread&offset=28 HTTP/1.1" 200 12802 "-" "Mozilla/5.0 (compatible; MJ12bot/v1.4.8; http://mj12bot.com/)" 
54.36.150.188 - - [22/Apr/2020:02:41:52 -0700] "GET /content/photos/?offset=231&_t=rss HTTP/1.1" 200 7328 "-" "Mozilla/5.0 (compatible; AhrefsBot/6.1; +http://ahrefs.com/robot/)" 
46.229.168.134 - - [22/Apr/2020:02:41:57 -0700] "GET /?offset=50&q=%23%2B%23bread HTTP/1.1" 200 12529 "-" "Mozilla/5.0 (compatible; SemrushBot/6~bl; +http://www.semrush.com/bot.html)" 
46.229.168.163 - - [22/Apr/2020:02:41:57 -0700] "GET /?offset=10&q=%23bread HTTP/1.1" 200 12637 "-" "Mozilla/5.0 (compatible; SemrushBot/6~bl; +http://www.semrush.com/bot.html)" 
144.76.137.254 - - [22/Apr/2020:02:42:09 -0700] "GET /content/all/?q=%23%20%23bread&offset=17 HTTP/1.1" 200 12161 "-" "Mozilla/5.0 (compatible; MJ12bot/v1.4.8; http://mj12bot.com/)" 
144.76.137.254 - - [22/Apr/2020:02:42:12 -0700] "GET /content/all/?q=%23%20%23bread&offset=2 HTTP/1.1" 200 8948 "-" "Mozilla/5.0 (compatible; MJ12bot/v1.4.8; http://mj12bot.com/)" 
54.36.150.184 - - [22/Apr/2020:02:42:14 -0700] "GET /content/statusupdates/?offset=34&_t=rss HTTP/1.1" 200 7257 "-" "Mozilla/5.0 (compatible; AhrefsBot/6.1; +http://ahrefs.com/robot/)" 
144.76.137.254 - - [22/Apr/2020:02:42:15 -0700] "GET /content/all/?q=%23%20%23bread&offset=28 HTTP/1.1" 200 12766 "-" "Mozilla/5.0 (compatible; MJ12bot/v1.4.8; http://mj12bot.com/)" 
144.76.137.254 - - [22/Apr/2020:02:42:18 -0700] "GET /content/all/?q=%23%20%23bread&offset=46 HTTP/1.1" 200 9374 "-" "Mozilla/5.0 (compatible; MJ12bot/v1.4.8; http://mj12bot.com/)" 
54.36.150.106 - - [22/Apr/2020:02:42:35 -0700] "GET /2017/it-may-be-a-fine-saturday-morning-but-that-doesnt?_t=rss HTTP/1.1" 200 5154 "-" "Mozilla/5.0 (compatible; AhrefsBot/6.1; +http://ahrefs.com/robot/)" 
144.76.137.254 - - [22/Apr/2020:02:42:36 -0700] "GET /content/photos/?q=%23sourdough&offset=31 HTTP/1.1" 200 11507 "-" "Mozilla/5.0 (compatible; MJ12bot/v1.4.8; http://mj12bot.com/)" 
144.76.137.254 - - [22/Apr/2020:02:42:39 -0700] "GET /content/photos/?q=%23sourdough&offset=36 HTTP/1.1" 200 11699 "-" "Mozilla/5.0 (compatible; MJ12bot/v1.4.8; http://mj12bot.com/)" 
144.76.137.254 - - [22/Apr/2020:02:42:41 -0700] "GET /content/photos/?q=%23sourdough&offset=38 HTTP/1.1" 200 8200 "-" "Mozilla/5.0 (compatible; MJ12bot/v1.4.8; http://mj12bot.com/)" 
144.76.137.254 - - [22/Apr/2020:02:42:44 -0700] "GET /content/photos/?q=%23sourdough&offset=40 HTTP/1.1" 200 11561 "-" "Mozilla/5.0 (compatible; MJ12bot/v1.4.8; http://mj12bot.com/)" 
144.76.137.254 - - [22/Apr/2020:02:42:46 -0700] "GET /content/photos/?q=%23sourdough&offset=41 HTTP/1.1" 200 8307 "-" "Mozilla/5.0 (compatible; MJ12bot/v1.4.8; http://mj12bot.com/)" 
144.76.137.254 - - [22/Apr/2020:02:42:48 -0700] "GET /content/photos/?q=%23sourdough&offset=42 HTTP/1.1" 200 8361 "-" "Mozilla/5.0 (compatible; MJ12bot/v1.4.8; http://mj12bot.com/)" 
144.76.137.254 - - [22/Apr/2020:02:42:49 -0700] "GET /content/photos/?q=%23sourdough&offset=46 HTTP/1.1" 200 7328 "-" "Mozilla/5.0 (compatible; MJ12bot/v1.4.8; http://mj12bot.com/)" 
144.76.137.254 - - [22/Apr/2020:02:42:51 -0700] "GET /content/photos/?q=%23sourdough&offset=48 HTTP/1.1" 200 6823 "-" "Mozilla/5.0 (compatible; MJ12bot/v1.4.8; http://mj12bot.com/)" 
144.76.137.254 - - [22/Apr/2020:02:42:53 -0700] "GET /content/photos/?q=%23sourdough&offset=50 HTTP/1.1" 200 6282 "-" "Mozilla/5.0 (compatible; MJ12bot/v1.4.8; http://mj12bot.com/)" 
144.76.137.254 - - [22/Apr/2020:02:42:54 -0700] "GET /content/photos/?q=%23trypod HTTP/1.1" 200 5186 "-" "Mozilla/5.0 (compatible; MJ12bot/v1.4.8; http://mj12bot.com/)" 
144.76.137.254 - - [22/Apr/2020:02:42:57 -0700] "GET /content/posts/?q=%23%20%23%23bread HTTP/1.1" 200 9947 "-" "Mozilla/5.0 (compatible; MJ12bot/v1.4.8; http://mj12bot.com/)" 
144.76.137.254 - - [22/Apr/2020:02:42:59 -0700] "GET /content/posts/?q=%23%20%23174 HTTP/1.1" 200 5194 "-" "Mozilla/5.0 (compatible; MJ12bot/v1.4.8; http://mj12bot.com/)" 
144.76.137.254 - - [22/Apr/2020:02:43:01 -0700] "GET /content/posts/?q=%23%20%23rustic HTTP/1.1" 200 5200 "-" "Mozilla/5.0 (compatible; MJ12bot/v1.4.8; http://mj12bot.com/)" 
144.76.137.254 - - [22/Apr/2020:02:43:05 -0700] "GET /content/posts/?q=%23IndieWeb&offset=18 HTTP/1.1" 200 16042 "-" "Mozilla/5.0 (compatible; MJ12bot/v1.4.8; http://mj12bot.com/)" 
144.76.137.254 - - [22/Apr/2020:02:43:06 -0700] "GET /content/posts/?q=%23IndieWeb&offset=8 HTTP/1.1" 200 13118 "-" "Mozilla/5.0 (compatible; MJ12bot/v1.4.8; http://mj12bot.com/)" 
144.76.137.254 - - [22/Apr/2020:02:43:09 -0700] "GET /content/posts/?q=%23Rye HTTP/1.1" 200 8492 "-" "Mozilla/5.0 (compatible; MJ12bot/v1.4.8; http://mj12bot.com/)" 
144.76.137.254 - - [22/Apr/2020:02:43:11 -0700] "GET /content/posts/?q=%23Washington HTTP/1.1" 200 5190 "-" "Mozilla/5.0 (compatible; MJ12bot/v1.4.8; http://mj12bot.com/)" 
144.76.137.254 - - [22/Apr/2020:02:43:13 -0700] "GET /content/posts/?q=%23antibiotics HTTP/1.1" 200 5894 "-" "Mozilla/5.0 (compatible; MJ12bot/v1.4.8; http://mj12bot.com/)" 
144.76.137.254 - - [22/Apr/2020:02:43:16 -0700] "GET /content/posts/?q=%23courses HTTP/1.1" 200 9331 "-" "Mozilla/5.0 (compatible; MJ12bot/v1.4.8; http://mj12bot.com/)" 
144.76.137.254 - - [22/Apr/2020:02:43:17 -0700] "GET /content/posts/?q=%23failedbread HTTP/1.1" 200 5193 "-" "Mozilla/5.0 (compatible; MJ12bot/v1.4.8; http://mj12bot.com/)" 
144.76.137.254 - - [22/Apr/2020:02:43:20 -0700] "GET /content/posts/?q=%23indiewebcitizen HTTP/1.1" 200 8513 "-" "Mozilla/5.0 (compatible; MJ12bot/v1.4.8; http://mj12bot.com/)" 
46.229.168.140 - - [22/Apr/2020:02:43:21 -0700] "GET /2019/if-you-want-to-understand-webmentions-in HTTP/1.1" 200 10391 "-" "Mozilla/5.0 (compatible; SemrushBot/6~bl; +http://www.semrush.com/bot.html)" 
40.77.167.34 - - [22/Apr/2020:02:43:23 -0700] "GET /2019/quite-contrary?_t=rss HTTP/1.1" 200 5521 "-" "msnbot/2.0b (+http://search.msn.com/msnbot.htm)" 
144.76.137.254 - - [22/Apr/2020:02:43:24 -0700] "GET /content/posts/?q=%23leaven HTTP/1.1" 200 8498 "-" "Mozilla/5.0 (compatible; MJ12bot/v1.4.8; http://mj12bot.com/)" 
144.76.137.254 - - [22/Apr/2020:02:43:26 -0700] "GET /content/posts/?q=%23quill HTTP/1.1" 200 10618 "-" "Mozilla/5.0 (compatible; MJ12bot/v1.4.8; http://mj12bot.com/)" 
144.76.137.254 - - [22/Apr/2020:02:43:28 -0700] "GET /content/posts/?q=%23quill&offset=0 HTTP/1.1" 200 10633 "-" "Mozilla/5.0 (compatible; MJ12bot/v1.4.8; http://mj12bot.com/)" 
144.76.137.254 - - [22/Apr/2020:02:43:29 -0700] "GET /content/posts/?q=%23quill&offset=9 HTTP/1.1" 200 5545 "-" "Mozilla/5.0 (compatible; MJ12bot/v1.4.8; http://mj12bot.com/)" 
144.76.137.254 - - [22/Apr/2020:02:43:31 -0700] "GET /content/posts/?q=%23realbreadweek HTTP/1.1" 200 5196 "-" "Mozilla/5.0 (compatible; MJ12bot/v1.4.8; http://mj12bot.com/)" 
144.76.137.254 - - [22/Apr/2020:02:43:33 -0700] "GET /content/posts/?q=%23trypod HTTP/1.1" 200 5183 "-" "Mozilla/5.0 (compatible; MJ12bot/v1.4.8; http://mj12bot.com/)" 
144.76.137.254 - - [22/Apr/2020:02:43:35 -0700] "GET /content/rsvp/?q=%23%20%23%23bread HTTP/1.1" 200 5206 "-" "Mozilla/5.0 (compatible; MJ12bot/v1.4.8; http://mj12bot.com/)" 
144.76.137.254 - - [22/Apr/2020:02:43:37 -0700] "GET /content/rsvp/?q=%23%20%23174 HTTP/1.1" 200 5196 "-" "Mozilla/5.0 (compatible; MJ12bot/v1.4.8; http://mj12bot.com/)" 
144.76.137.254 - - [22/Apr/2020:02:43:38 -0700] "GET /content/rsvp/?q=%23%20%23rustic HTTP/1.1" 200 5201 "-" "Mozilla/5.0 (compatible; MJ12bot/v1.4.8; http://mj12bot.com/)" 
144.76.137.254 - - [22/Apr/2020:02:43:40 -0700] "GET /content/rsvp/?q=%23%23testtag HTTP/1.1" 200 5192 "-" "Mozilla/5.0 (compatible; MJ12bot/v1.4.8; http://mj12bot.com/)" 
144.76.137.254 - - [22/Apr/2020:02:43:42 -0700] "GET /content/rsvp/?q=%23Rye HTTP/1.1" 200 5176 "-" "Mozilla/5.0 (compatible; MJ12bot/v1.4.8; http://mj12bot.com/)" 
144.76.137.254 - - [22/Apr/2020:02:43:44 -0700] "GET /content/rsvp/?q=%23Washington HTTP/1.1" 200 8507 "-" "Mozilla/5.0 (compatible; MJ12bot/v1.4.8; http://mj12bot.com/)" 
54.36.150.158 - - [22/Apr/2020:02:43:46 -0700] "GET /content/bookmarkedpages/?q=%23stirfridaynight&_t=rss HTTP/1.1" 200 4845 "-" "Mozilla/5.0 (compatible; AhrefsBot/6.1; +http://ahrefs.com/robot/)" 
144.76.137.254 - - [22/Apr/2020:02:43:46 -0700] "GET /content/rsvp/?q=%23antibiotics HTTP/1.1" 200 5194 "-" "Mozilla/5.0 (compatible; MJ12bot/v1.4.8; http://mj12bot.com/)" 
144.76.137.254 - - [22/Apr/2020:02:43:48 -0700] "GET /content/rsvp/?q=%23changingglobaldiets HTTP/1.1" 200 5209 "-" "Mozilla/5.0 (compatible; MJ12bot/v1.4.8; http://mj12bot.com/)" 
144.76.137.254 - - [22/Apr/2020:02:43:50 -0700] "GET /content/rsvp/?q=%23courses HTTP/1.1" 200 5186 "-" "Mozilla/5.0 (compatible; MJ12bot/v1.4.8; http://mj12bot.com/)" 
144.76.137.254 - - [22/Apr/2020:02:43:52 -0700] "GET /content/rsvp/?q=%23failedbread HTTP/1.1" 200 8510 "-" "Mozilla/5.0 (compatible; MJ12bot/v1.4.8; http://mj12bot.com/)" 
144.76.137.254 - - [22/Apr/2020:02:43:54 -0700] "GET /content/rsvp/?q=%23indiewebcitizen HTTP/1.1" 200 5199 "-" "Mozilla/5.0 (compatible; MJ12bot/v1.4.8; http://mj12bot.com/)" 
144.76.137.254 - - [22/Apr/2020:02:43:56 -0700] "GET /content/rsvp/?q=%23leaven HTTP/1.1" 200 5182 "-" "Mozilla/5.0 (compatible; MJ12bot/v1.4.8; http://mj12bot.com/)" 
144.76.137.254 - - [22/Apr/2020:02:43:58 -0700] "GET /content/rsvp/?q=%23quill HTTP/1.1" 200 8497 "-" "Mozilla/5.0 (compatible; MJ12bot/v1.4.8; http://mj12bot.com/)" 
144.76.137.254 - - [22/Apr/2020:02:44:02 -0700] "GET /content/rsvp/?q=%23realbreadweek HTTP/1.1" 200 8513 "-" "Mozilla/5.0 (compatible; MJ12bot/v1.4.8; http://mj12bot.com/)" 
144.76.137.254 - - [22/Apr/2020:02:44:05 -0700] "GET /content/rsvp/?q=%23trypod HTTP/1.1" 200 8501 "-" "Mozilla/5.0 (compatible; MJ12bot/v1.4.8; http://mj12bot.com/)" 
144.76.137.254 - - [22/Apr/2020:02:44:08 -0700] "GET /content/statusupdates/?q=%23%20%23%23bread HTTP/1.1" 200 11358 "-" "Mozilla/5.0 (compatible; MJ12bot/v1.4.8; http://mj12bot.com/)" 
144.76.137.254 - - [22/Apr/2020:02:44:09 -0700] "GET /content/statusupdates/?q=%23%20%23174 HTTP/1.1" 200 5205 "-" "Mozilla/5.0 (compatible; MJ12bot/v1.4.8; http://mj12bot.com/)" 
46.229.168.146 - - [22/Apr/2020:02:44:11 -0700] "GET /2017/martys-summary----its-hard----is-spot-on-i HTTP/1.1" 200 9947 "-" "Mozilla/5.0 (compatible; SemrushBot/6~bl; +http://www.semrush.com/bot.html)" 
66.249.70.14 - - [22/Apr/2020:02:44:13 -0700] "GET /view/37f88feae4182fb54247cfc2c7ef3316?_t=rss HTTP/1.1" 200 5382 "-" "Mozilla/5.0 (Linux; Android 6.0.1; Nexus 5X Build/MMB29P) AppleWebKit/537.36 (KHTML, like Gecko) Chrome/41.0.2272.96 Mobile Safari/537.36 (compatible; Googlebot/2.1; +http://www.google.com/bot.html)" 
144.76.137.254 - - [22/Apr/2020:02:44:16 -0700] "GET /content/statusupdates/?q=%23%20%23rustic HTTP/1.1" 200 8529 "-" "Mozilla/5.0 (compatible; MJ12bot/v1.4.8; http://mj12bot.com/)" 
144.76.137.254 - - [22/Apr/2020:02:44:18 -0700] "GET /content/statusupdates/?q=%23%23testtag HTTP/1.1" 200 5203 "-" "Mozilla/5.0 (compatible; MJ12bot/v1.4.8; http://mj12bot.com/)" 
144.76.137.254 - - [22/Apr/2020:02:44:20 -0700] "GET /content/statusupdates/?q=%23IndieWeb&offset=1 HTTP/1.1" 200 8460 "-" "Mozilla/5.0 (compatible; MJ12bot/v1.4.8; http://mj12bot.com/)" 
144.76.137.254 - - [22/Apr/2020:02:44:24 -0700] "GET /content/statusupdates/?q=%23IndieWeb&offset=19 HTTP/1.1" 200 11406 "-" "Mozilla/5.0 (compatible; MJ12bot/v1.4.8; http://mj12bot.com/)" 
144.76.137.254 - - [22/Apr/2020:02:44:26 -0700] "GET /content/statusupdates/?q=%23IndieWeb&offset=2 HTTP/1.1" 200 8470 "-" "Mozilla/5.0 (compatible; MJ12bot/v1.4.8; http://mj12bot.com/)" 
144.76.137.254 - - [22/Apr/2020:02:44:28 -0700] "GET /content/statusupdates/?q=%23IndieWeb&offset=22 HTTP/1.1" 200 7724 "-" "Mozilla/5.0 (compatible; MJ12bot/v1.4.8; http://mj12bot.com/)" 
144.76.137.254 - - [22/Apr/2020:02:44:34 -0700] "GET /content/statusupdates/?q=%23Rye HTTP/1.1" 200 8503 "-" "Mozilla/5.0 (compatible; MJ12bot/v1.4.8; http://mj12bot.com/)" 
144.76.137.254 - - [22/Apr/2020:02:44:39 -0700] "GET /content/statusupdates/?q=%23antibiotics HTTP/1.1" 200 8521 "-" "Mozilla/5.0 (compatible; MJ12bot/v1.4.8; http://mj12bot.com/)" 
144.76.137.254 - - [22/Apr/2020:02:44:44 -0700] "GET /content/statusupdates/?q=%23courses HTTP/1.1" 200 9054 "-" "Mozilla/5.0 (compatible; MJ12bot/v1.4.8; http://mj12bot.com/)" 
144.76.137.254 - - [22/Apr/2020:02:44:46 -0700] "GET /content/statusupdates/?q=%23failedbread HTTP/1.1" 200 5206 "-" "Mozilla/5.0 (compatible; MJ12bot/v1.4.8; http://mj12bot.com/)" 
144.76.137.254 - - [22/Apr/2020:02:44:48 -0700] "GET /content/statusupdates/?q=%23indiewebcitizen HTTP/1.1" 200 5208 "-" "Mozilla/5.0 (compatible; MJ12bot/v1.4.8; http://mj12bot.com/)" 
144.76.137.254 - - [22/Apr/2020:02:44:51 -0700] "GET /content/statusupdates/?q=%23leaven HTTP/1.1" 200 9266 "-" "Mozilla/5.0 (compatible; MJ12bot/v1.4.8; http://mj12bot.com/)" 
144.76.137.254 - - [22/Apr/2020:02:44:54 -0700] "GET /content/statusupdates/?q=%23quill HTTP/1.1" 200 10124 "-" "Mozilla/5.0 (compatible; MJ12bot/v1.4.8; http://mj12bot.com/)" 
144.76.137.254 - - [22/Apr/2020:02:44:56 -0700] "GET /content/statusupdates/?q=%23realbreadweek HTTP/1.1" 200 5207 "-" "Mozilla/5.0 (compatible; MJ12bot/v1.4.8; http://mj12bot.com/)" 
144.76.137.254 - - [22/Apr/2020:02:44:58 -0700] "GET /content/statusupdates/?q=%23trypod HTTP/1.1" 200 5805 "-" "Mozilla/5.0 (compatible; MJ12bot/v1.4.8; http://mj12bot.com/)" 
144.76.137.254 - - [22/Apr/2020:02:45:05 -0700] "GET /profile/jeremy?offset=50 HTTP/1.1" 200 17224 "-" "Mozilla/5.0 (compatible; MJ12bot/v1.4.8; http://mj12bot.com/)" 
144.76.137.254 - - [22/Apr/2020:02:45:06 -0700] "GET /profile/jeremy?offset=60 HTTP/1.1" 200 12052 "-" "Mozilla/5.0 (compatible; MJ12bot/v1.4.8; http://mj12bot.com/)" 
144.76.137.254 - - [22/Apr/2020:02:45:08 -0700] "GET /profile/jeremy?offset=70 HTTP/1.1" 200 13860 "-" "Mozilla/5.0 (compatible; MJ12bot/v1.4.8; http://mj12bot.com/)" 
144.76.137.254 - - [22/Apr/2020:02:45:13 -0700] "GET /tag/+%23%23bread?_t=rss HTTP/1.1" 200 12637 "-" "Mozilla/5.0 (compatible; MJ12bot/v1.4.8; http://mj12bot.com/)" 
144.76.137.254 - - [22/Apr/2020:02:45:15 -0700] "GET /tag/+%23%23bread?_t=rss&offset=0 HTTP/1.1" 200 9338 "-" "Mozilla/5.0 (compatible; MJ12bot/v1.4.8; http://mj12bot.com/)" 
144.76.137.254 - - [22/Apr/2020:02:45:20 -0700] "GET /tag/+%23%23bread?_t=rss&offset=10 HTTP/1.1" 200 12656 "-" "Mozilla/5.0 (compatible; MJ12bot/v1.4.8; http://mj12bot.com/)" 
144.76.137.254 - - [22/Apr/2020:02:45:22 -0700] "GET /tag/+%23%23bread?offset=0 HTTP/1.1" 200 9323 "-" "Mozilla/5.0 (compatible; MJ12bot/v1.4.8; http://mj12bot.com/)" 
144.76.137.254 - - [22/Apr/2020:02:45:24 -0700] "GET /tag/+%23%23bread?offset=0&_t=rss HTTP/1.1" 200 9338 "-" "Mozilla/5.0 (compatible; MJ12bot/v1.4.8; http://mj12bot.com/)" 
144.76.137.254 - - [22/Apr/2020:02:45:26 -0700] "GET /tag/+%23%23bread?offset=10 HTTP/1.1" 200 9325 "-" "Mozilla/5.0 (compatible; MJ12bot/v1.4.8; http://mj12bot.com/)" 
144.76.137.254 - - [22/Apr/2020:02:45:31 -0700] "GET /tag/+%23174 HTTP/1.1" 200 9434 "-" "Mozilla/5.0 (compatible; MJ12bot/v1.4.8; http://mj12bot.com/)" 
144.76.137.254 - - [22/Apr/2020:02:45:34 -0700] "GET /tag/+%23174?_t=rss HTTP/1.1" 200 9442 "-" "Mozilla/5.0 (compatible; MJ12bot/v1.4.8; http://mj12bot.com/)" 
144.76.137.254 - - [22/Apr/2020:02:45:38 -0700] "GET /tag/+%23bread?_t=rss&offset=0 HTTP/1.1" 200 12645 "-" "Mozilla/5.0 (compatible; MJ12bot/v1.4.8; http://mj12bot.com/)" 
144.76.137.254 - - [22/Apr/2020:02:45:42 -0700] "GET /tag/+%23bread?_t=rss&offset=10 HTTP/1.1" 200 12647 "-" "Mozilla/5.0 (compatible; MJ12bot/v1.4.8; http://mj12bot.com/)" 
144.76.137.254 - - [22/Apr/2020:02:45:44 -0700] "GET /tag/+%23bread?offset=0&_t=rss HTTP/1.1" 200 9329 "-" "Mozilla/5.0 (compatible; MJ12bot/v1.4.8; http://mj12bot.com/)" 
144.76.137.254 - - [22/Apr/2020:02:45:48 -0700] "GET /tag/+%23bread?offset=10&_t=rss HTTP/1.1" 200 12647 "-" "Mozilla/5.0 (compatible; MJ12bot/v1.4.8; http://mj12bot.com/)" 
144.76.137.254 - - [22/Apr/2020:02:45:50 -0700] "GET /tag/+%23podcast?_t=rss&offset=10 HTTP/1.1" 200 9259 "-" "Mozilla/5.0 (compatible; MJ12bot/v1.4.8; http://mj12bot.com/)" 
144.76.137.254 - - [22/Apr/2020:02:45:54 -0700] "GET /tag/+%23rustic HTTP/1.1" 200 10397 "-" "Mozilla/5.0 (compatible; MJ12bot/v1.4.8; http://mj12bot.com/)" 
144.76.137.254 - - [22/Apr/2020:02:45:56 -0700] "GET /tag/+%23rustic?_t=rss HTTP/1.1" 200 7088 "-" "Mozilla/5.0 (compatible; MJ12bot/v1.4.8; http://mj12bot.com/)" 
144.76.137.254 - - [22/Apr/2020:02:45:58 -0700] "GET /tag/AMRhub HTTP/1.1" 200 6012 "-" "Mozilla/5.0 (compatible; MJ12bot/v1.4.8; http://mj12bot.com/)" 
144.76.137.254 - - [22/Apr/2020:02:46:02 -0700] "GET /tag/IndieWeb?offset=60 HTTP/1.1" 200 11150 "-" "Mozilla/5.0 (compatible; MJ12bot/v1.4.8; http://mj12bot.com/)" 
144.76.137.254 - - [22/Apr/2020:02:46:11 -0700] "GET /tag/IndieWeb?offset=70 HTTP/1.1" 200 13125 "-" "Mozilla/5.0 (compatible; MJ12bot/v1.4.8; http://mj12bot.com/)" 
46.229.168.153 - - [22/Apr/2020:02:46:20 -0700] "GET /2019/fake-is-easy-back-up-your-words-with-hyperlinks HTTP/1.1" 200 9658 "-" "Mozilla/5.0 (compatible; SemrushBot/6~bl; +http://www.semrush.com/bot.html)" 
144.76.137.254 - - [22/Apr/2020:02:46:30 -0700] "GET /tag/Rye?offset=0 HTTP/1.1" 200 12374 "-" "Mozilla/5.0 (compatible; MJ12bot/v1.4.8; http://mj12bot.com/)" 
144.76.137.254 - - [22/Apr/2020:02:46:34 -0700] "GET /tag/Rye?offset=9 HTTP/1.1" 200 8989 "-" "Mozilla/5.0 (compatible; MJ12bot/v1.4.8; http://mj12bot.com/)" 
144.76.137.254 - - [22/Apr/2020:02:46:36 -0700] "GET /tag/Sourdough?offset=23 HTTP/1.1" 200 8627 "-" "Mozilla/5.0 (compatible; MJ12bot/v1.4.8; http://mj12bot.com/)" 
144.76.137.254 - - [22/Apr/2020:02:46:39 -0700] "GET /tag/Sourdough?offset=30 HTTP/1.1" 200 11509 "-" "Mozilla/5.0 (compatible; MJ12bot/v1.4.8; http://mj12bot.com/)" 
46.229.168.131 - - [22/Apr/2020:02:46:42 -0700] "GET /?q=%23changingglobaldiets HTTP/1.1" 200 9130 "-" "Mozilla/5.0 (compatible; SemrushBot/6~bl; +http://www.semrush.com/bot.html)" 
144.76.137.254 - - [22/Apr/2020:02:46:44 -0700] "GET /tag/Sourdough?offset=33 HTTP/1.1" 200 11399 "-" "Mozilla/5.0 (compatible; MJ12bot/v1.4.8; http://mj12bot.com/)" 
144.76.137.254 - - [22/Apr/2020:02:46:47 -0700] "GET /tag/Sourdough?offset=38 HTTP/1.1" 200 11387 "-" "Mozilla/5.0 (compatible; MJ12bot/v1.4.8; http://mj12bot.com/)" 
144.76.137.254 - - [22/Apr/2020:02:46:50 -0700] "GET /tag/Sourdough?offset=39 HTTP/1.1" 200 8322 "-" "Mozilla/5.0 (compatible; MJ12bot/v1.4.8; http://mj12bot.com/)" 
144.76.137.254 - - [22/Apr/2020:02:46:52 -0700] "GET /tag/Sourdough?offset=40 HTTP/1.1" 200 8232 "-" "Mozilla/5.0 (compatible; MJ12bot/v1.4.8; http://mj12bot.com/)" 
144.76.137.254 - - [22/Apr/2020:02:46:55 -0700] "GET /tag/Sourdough?offset=43 HTTP/1.1" 200 8418 "-" "Mozilla/5.0 (compatible; MJ12bot/v1.4.8; http://mj12bot.com/)" 
54.36.148.16 - - [22/Apr/2020:02:46:58 -0700] "GET /content/bookmarkedpages/?offset=169&_t=rss HTTP/1.1" 200 6727 "-" "Mozilla/5.0 (compatible; AhrefsBot/6.1; +http://ahrefs.com/robot/)" 
144.76.137.254 - - [22/Apr/2020:02:46:58 -0700] "GET /tag/Sourdough?offset=48 HTTP/1.1" 200 11550 "-" "Mozilla/5.0 (compatible; MJ12bot/v1.4.8; http://mj12bot.com/)" 
144.76.137.254 - - [22/Apr/2020:02:47:00 -0700] "GET /tag/Sourdough?offset=49 HTTP/1.1" 200 7738 "-" "Mozilla/5.0 (compatible; MJ12bot/v1.4.8; http://mj12bot.com/)" 
144.76.137.254 - - [22/Apr/2020:02:47:03 -0700] "GET /tag/Sourdough?offset=50 HTTP/1.1" 200 10845 "-" "Mozilla/5.0 (compatible; MJ12bot/v1.4.8; http://mj12bot.com/)" 
144.76.137.254 - - [22/Apr/2020:02:47:06 -0700] "GET /tag/Sourdough?offset=53 HTTP/1.1" 200 6468 "-" "Mozilla/5.0 (compatible; MJ12bot/v1.4.8; http://mj12bot.com/)" 
144.76.137.254 - - [22/Apr/2020:02:47:09 -0700] "GET /tag/Sourdough?offset=54 HTTP/1.1" 200 9546 "-" "Mozilla/5.0 (compatible; MJ12bot/v1.4.8; http://mj12bot.com/)" 
144.76.137.254 - - [22/Apr/2020:02:47:12 -0700] "GET /tag/antibiotics HTTP/1.1" 200 9955 "-" "Mozilla/5.0 (compatible; MJ12bot/v1.4.8; http://mj12bot.com/)" 
144.76.137.254 - - [22/Apr/2020:02:47:15 -0700] "GET /tag/failedbread HTTP/1.1" 200 6012 "-" "Mozilla/5.0 (compatible; MJ12bot/v1.4.8; http://mj12bot.com/)" 
144.76.137.254 - - [22/Apr/2020:02:47:17 -0700] "GET /tag/indieweb?offset=14 HTTP/1.1" 200 8531 "-" "Mozilla/5.0 (compatible; MJ12bot/v1.4.8; http://mj12bot.com/)" 
144.76.137.254 - - [22/Apr/2020:02:47:23 -0700] "GET /tag/leaven?offset=0 HTTP/1.1" 200 12713 "-" "Mozilla/5.0 (compatible; MJ12bot/v1.4.8; http://mj12bot.com/)" 
144.76.137.254 - - [22/Apr/2020:02:47:26 -0700] "GET /tag/quill?offset=0 HTTP/1.1" 200 14031 "-" "Mozilla/5.0 (compatible; MJ12bot/v1.4.8; http://mj12bot.com/)" 
144.76.137.254 - - [22/Apr/2020:02:47:29 -0700] "GET /tag/quill?offset=10 HTTP/1.1" 200 10964 "-" "Mozilla/5.0 (compatible; MJ12bot/v1.4.8; http://mj12bot.com/)" 
144.76.137.254 - - [22/Apr/2020:02:47:32 -0700] "GET /tag/quill?offset=14 HTTP/1.1" 200 9680 "-" "Mozilla/5.0 (compatible; MJ12bot/v1.4.8; http://mj12bot.com/)" 
144.76.137.254 - - [22/Apr/2020:02:47:36 -0700] "GET /tag/quill?offset=4 HTTP/1.1" 200 12281 "-" "Mozilla/5.0 (compatible; MJ12bot/v1.4.8; http://mj12bot.com/)" 
144.76.137.254 - - [22/Apr/2020:02:47:40 -0700] "GET /tag/sourdough?offset=13 HTTP/1.1" 200 12260 "-" "Mozilla/5.0 (compatible; MJ12bot/v1.4.8; http://mj12bot.com/)" 
144.76.137.254 - - [22/Apr/2020:02:47:42 -0700] "GET /tag/sourdough?offset=23 HTTP/1.1" 200 8622 "-" "Mozilla/5.0 (compatible; MJ12bot/v1.4.8; http://mj12bot.com/)" 
144.76.137.254 - - [22/Apr/2020:02:47:45 -0700] "GET /tag/sourdough?offset=3 HTTP/1.1" 200 8656 "-" "Mozilla/5.0 (compatible; MJ12bot/v1.4.8; http://mj12bot.com/)" 
144.76.137.254 - - [22/Apr/2020:02:47:48 -0700] "GET /tag/sourdough?offset=33 HTTP/1.1" 200 11402 "-" "Mozilla/5.0 (compatible; MJ12bot/v1.4.8; http://mj12bot.com/)" 
144.76.137.254 - - [22/Apr/2020:02:47:50 -0700] "GET /tag/sourdough?offset=4 HTTP/1.1" 200 8973 "-" "Mozilla/5.0 (compatible; MJ12bot/v1.4.8; http://mj12bot.com/)" 
144.76.137.254 - - [22/Apr/2020:02:47:52 -0700] "GET /tag/trypod HTTP/1.1" 200 6188 "-" "Mozilla/5.0 (compatible; MJ12bot/v1.4.8; http://mj12bot.com/)" 
54.36.149.49 - - [22/Apr/2020:02:48:29 -0700] "GET /2020/small-luxuries-make-a-big-difference-never-had-a-mnemosyne HTTP/1.1" 200 10109 "-" "Mozilla/5.0 (compatible; AhrefsBot/6.1; +http://ahrefs.com/robot/)" 
54.36.149.9 - - [22/Apr/2020:02:48:36 -0700] "GET /content/bookmarkedpages/?q=%23+%23food&offset=10 HTTP/1.1" 200 9298 "-" "Mozilla/5.0 (compatible; AhrefsBot/6.1; +http://ahrefs.com/robot/)" 
54.36.148.174 - - [22/Apr/2020:02:48:38 -0700] "GET /?q=%23Rye&offset=0&_t=rss HTTP/1.1" 200 7948 "-" "Mozilla/5.0 (compatible; AhrefsBot/6.1; +http://ahrefs.com/robot/)" 
54.36.150.177 - - [22/Apr/2020:02:49:42 -0700] "GET /content/events/?q=%23London&_t=rss HTTP/1.1" 200 4813 "-" "Mozilla/5.0 (compatible; AhrefsBot/6.1; +http://ahrefs.com/robot/)" 
54.36.150.160 - - [22/Apr/2020:02:50:07 -0700] "GET /tag/cactus?_t=rss HTTP/1.1" 200 6057 "-" "Mozilla/5.0 (compatible; AhrefsBot/6.1; +http://ahrefs.com/robot/)" 
46.229.168.151 - - [22/Apr/2020:02:50:08 -0700] "GET /content/audio/?q=%23%2B%23bigbake HTTP/1.1" 200 8507 "-" "Mozilla/5.0 (compatible; SemrushBot/6~bl; +http://www.semrush.com/bot.html)" 
66.249.70.12 - - [22/Apr/2020:02:50:36 -0700] "GET /service/web/imageproxy/aHR0cHM6Ly9wYnMudHdpbWcuY29tL3Byb2ZpbGVfaW1hZ2VzLzUxNjk3MjI3MTY0NzIwNzQyNC92UUxpbVNwMC5qcGVn/300/square HTTP/1.1" 304 3726 "-" "Googlebot-Image/1.0" 
54.36.149.57 - - [22/Apr/2020:02:51:27 -0700] "GET /tag/Indieweb?offset=115&_t=rss HTTP/1.1" 200 7646 "-" "Mozilla/5.0 (compatible; AhrefsBot/6.1; +http://ahrefs.com/robot/)" 
54.36.148.194 - - [22/Apr/2020:02:51:38 -0700] "GET /content/locations/?offset=157&_t=rss HTTP/1.1" 200 6289 "-" "Mozilla/5.0 (compatible; AhrefsBot/6.1; +http://ahrefs.com/robot/)" 
46.229.168.163 - - [22/Apr/2020:02:52:03 -0700] "GET /?offset=29&q=%23Sourdough HTTP/1.1" 200 11587 "-" "Mozilla/5.0 (compatible; SemrushBot/6~bl; +http://www.semrush.com/bot.html)" 
96.126.125.129 - - [22/Apr/2020:02:53:21 -0700] "GET /content/statusupdates/posts/photos/checkins/bookmarkedpages?_t=rss HTTP/1.1" 200 8036 "-" "Micro.blog/1.0" 
66.249.70.16 - - [22/Apr/2020:02:53:41 -0700] "GET /view/fbf6c086850f5ce4d220c7bfa189aec8?_t=rss HTTP/1.1" 200 5739 "-" "Mozilla/5.0 (Linux; Android 6.0.1; Nexus 5X Build/MMB29P) AppleWebKit/537.36 (KHTML, like Gecko) Chrome/41.0.2272.96 Mobile Safari/537.36 (compatible; Googlebot/2.1; +http://www.google.com/bot.html)" 
54.36.150.88 - - [22/Apr/2020:02:53:46 -0700] "GET /2019/ive-never-actually-paid-attention-to-the HTTP/1.1" 200 9411 "-" "Mozilla/5.0 (compatible; AhrefsBot/6.1; +http://ahrefs.com/robot/)" 
54.36.150.105 - - [22/Apr/2020:02:54:36 -0700] "GET /tag/Indieweb?offset=73 HTTP/1.1" 200 13454 "-" "Mozilla/5.0 (compatible; AhrefsBot/6.1; +http://ahrefs.com/robot/)" 
46.229.168.153 - - [22/Apr/2020:02:54:40 -0700] "GET /?offset=9&q=%23podcast HTTP/1.1" 200 12310 "-" "Mozilla/5.0 (compatible; SemrushBot/6~bl; +http://www.semrush.com/bot.html)" 
54.36.150.5 - - [22/Apr/2020:02:55:22 -0700] "GET /profile/jeremy?offset=99&_t=rss HTTP/1.1" 200 7043 "-" "Mozilla/5.0 (compatible; AhrefsBot/6.1; +http://ahrefs.com/robot/)" 
64.111.100.215 - - [22/Apr/2020:02:55:31 -0700] "GET /content/all?_t=rss HTTP/1.1" 200 17400 "-" "Mozilla/5.0 (X11; U; Linux i686; fr; rv:1.9.1.1) Gecko/20090715 Firefox/3.5.1" 
54.36.150.147 - - [22/Apr/2020:02:55:52 -0700] "GET /tag/WithKnown?offset=6&_t=rss HTTP/1.1" 200 7067 "-" "Mozilla/5.0 (compatible; AhrefsBot/6.1; +http://ahrefs.com/robot/)" 
54.36.149.36 - - [22/Apr/2020:02:56:12 -0700] "GET /content/all?offset=560 HTTP/1.1" 200 11577 "-" "Mozilla/5.0 (compatible; AhrefsBot/6.1; +http://ahrefs.com/robot/)" 
207.46.13.241 - - [22/Apr/2020:02:57:39 -0700] "GET /2019/snazzy HTTP/1.1" 200 10009 "-" "Mozilla/5.0 (compatible; bingbot/2.0; +http://www.bing.com/bingbot.htm)" 
46.229.168.137 - - [22/Apr/2020:02:57:39 -0700] "GET /?q=%23testtag HTTP/1.1" 200 9475 "-" "Mozilla/5.0 (compatible; SemrushBot/6~bl; +http://www.semrush.com/bot.html)" 
54.36.149.53 - - [22/Apr/2020:02:58:59 -0700] "GET /content/bookmarkedpages/?q=%23+%23hearsay19&_t=rss HTTP/1.1" 200 4843 "-" "Mozilla/5.0 (compatible; AhrefsBot/6.1; +http://ahrefs.com/robot/)" 
157.55.39.159 - - [22/Apr/2020:02:59:02 -0700] "GET /2020/eit-one-newsletter-reader-suggested-it-was?_t=rss HTTP/1.1" 200 5466 "-" "msnbot/2.0b (+http://search.msn.com/msnbot.htm)" 
54.36.150.70 - - [22/Apr/2020:02:59:12 -0700] "GET /?offset=450 HTTP/1.1" 200 11803 "-" "Mozilla/5.0 (compatible; AhrefsBot/6.1; +http://ahrefs.com/robot/)" 
54.36.150.21 - - [22/Apr/2020:02:59:44 -0700] "GET /?q=%2523Greece&_t=rss HTTP/1.1" 200 4791 "-" "Mozilla/5.0 (compatible; AhrefsBot/6.1; +http://ahrefs.com/robot/)" 
3.87.247.70 - - [22/Apr/2020:03:00:19 -0700] "GET /?_t=rss HTTP/1.1" 200 7880 "-" "glitch-feeder/1.0 (+https://glitch.com/~lmo-feeder)" 
54.36.150.93 - - [22/Apr/2020:03:00:38 -0700] "GET /content/photos/?offset=197&_t=rss HTTP/1.1" 200 7599 "-" "Mozilla/5.0 (compatible; AhrefsBot/6.1; +http://ahrefs.com/robot/)" 
54.36.149.84 - - [22/Apr/2020:03:00:42 -0700] "GET /content/events/?q=%23cactus&_t=rss HTTP/1.1" 200 4814 "-" "Mozilla/5.0 (compatible; AhrefsBot/6.1; +http://ahrefs.com/robot/)" 
46.229.168.147 - - [22/Apr/2020:03:02:42 -0700] "GET /content/all/?offset=95&q=%23IndieWeb HTTP/1.1" 200 14968 "-" "Mozilla/5.0 (compatible; SemrushBot/6~bl; +http://www.semrush.com/bot.html)" 
46.229.168.137 - - [22/Apr/2020:03:02:48 -0700] "GET /2019/almost-all-gone HTTP/1.1" 200 12196 "-" "Mozilla/5.0 (compatible; SemrushBot/6~bl; +http://www.semrush.com/bot.html)" 
66.249.70.16 - - [22/Apr/2020:03:03:09 -0700] "GET /view/446ea66965a8a1c9206a2e7164e0077a?_t=rss HTTP/1.1" 200 5675 "-" "Mozilla/5.0 (Linux; Android 6.0.1; Nexus 5X Build/MMB29P) AppleWebKit/537.36 (KHTML, like Gecko) Chrome/41.0.2272.96 Mobile Safari/537.36 (compatible; Googlebot/2.1; +http://www.google.com/bot.html)" 
46.229.168.141 - - [22/Apr/2020:03:03:17 -0700] "GET /content/statusupdates/?offset=20&q=%23%2B%23indieweb HTTP/1.1" 200 11495 "-" "Mozilla/5.0 (compatible; SemrushBot/6~bl; +http://www.semrush.com/bot.html)" 
54.36.150.116 - - [22/Apr/2020:03:03:19 -0700] "GET /content/statusupdates/?q=%23food HTTP/1.1" 200 9098 "-" "Mozilla/5.0 (compatible; AhrefsBot/6.1; +http://ahrefs.com/robot/)" 
54.36.149.39 - - [22/Apr/2020:03:03:27 -0700] "GET /content/all?offset=420&_t=rss HTTP/1.1" 200 7335 "-" "Mozilla/5.0 (compatible; AhrefsBot/6.1; +http://ahrefs.com/robot/)" 
46.229.168.133 - - [22/Apr/2020:03:03:38 -0700] "GET /tag/diet HTTP/1.1" 200 9093 "-" "Mozilla/5.0 (compatible; SemrushBot/6~bl; +http://www.semrush.com/bot.html)" 
46.229.168.161 - - [22/Apr/2020:03:03:46 -0700] "GET /content/events/?q=%23indiewebcitizen HTTP/1.1" 200 8534 "-" "Mozilla/5.0 (compatible; SemrushBot/6~bl; +http://www.semrush.com/bot.html)" 
167.172.118.185 - - [22/Apr/2020:03:03:57 -0700] "GET /?_t=rss HTTP/1.1" 304 3475 "-" "Feedbin feed-id:1536727 - 1 subscribers" 
46.229.168.137 - - [22/Apr/2020:03:04:10 -0700] "GET /content/bookmarkedpages/?q=%23%2B%23sourdough HTTP/1.1" 200 8554 "-" "Mozilla/5.0 (compatible; SemrushBot/6~bl; +http://www.semrush.com/bot.html)" 
54.36.150.136 - - [22/Apr/2020:03:04:41 -0700] "GET /2017/humanizing-the-web----unto-each-human-their-own-web HTTP/1.1" 200 9539 "-" "Mozilla/5.0 (compatible; AhrefsBot/6.1; +http://ahrefs.com/robot/)" 
54.36.149.55 - - [22/Apr/2020:03:07:36 -0700] "GET /2017/the-numbers-may-be-dodgy-and-so-is-the-italian?_t=rss HTTP/1.1" 200 5256 "-" "Mozilla/5.0 (compatible; AhrefsBot/6.1; +http://ahrefs.com/robot/)" 
46.229.168.143 - - [22/Apr/2020:03:08:26 -0700] "GET /robots.txt HTTP/1.1" 200 4576 "-" "Mozilla/5.0 (compatible; SemrushBot/6~bl; +http://www.semrush.com/bot.html)" 
46.229.168.130 - - [22/Apr/2020:03:08:26 -0700] "GET /tag/indieweb?offset=77 HTTP/1.1" 200 13952 "-" "Mozilla/5.0 (compatible; SemrushBot/6~bl; +http://www.semrush.com/bot.html)" 
46.229.168.142 - - [22/Apr/2020:03:08:33 -0700] "GET /2018/for-all-the-satisfaction-i-get-handling-a-good-load HTTP/1.1" 200 15111 "-" "Mozilla/5.0 (compatible; SemrushBot/6~bl; +http://www.semrush.com/bot.html)" 
96.126.125.129 - - [22/Apr/2020:03:09:08 -0700] "GET /content/statusupdates/posts/photos/checkins/bookmarkedpages?_t=rss HTTP/1.1" 200 8036 "-" "Micro.blog/1.0" 
54.36.150.67 - - [22/Apr/2020:03:09:38 -0700] "GET /content/locations/?offset=113&_t=rss HTTP/1.1" 200 6326 "-" "Mozilla/5.0 (compatible; AhrefsBot/6.1; +http://ahrefs.com/robot/)" 
54.36.150.78 - - [22/Apr/2020:03:09:51 -0700] "GET /?q=%23+%23food&offset=16&_t=rss HTTP/1.1" 200 8382 "-" "Mozilla/5.0 (compatible; AhrefsBot/6.1; +http://ahrefs.com/robot/)" 
114.119.165.37 - - [22/Apr/2020:03:10:26 -0700] "GET /tag/+%23photo?offset=10 HTTP/1.1" 200 12548 "-" "Mozilla/5.0 (Linux; Android 7.0;) AppleWebKit/537.36 (KHTML, like Gecko) Mobile Safari/537.36 (compatible; AspiegelBot)" 
54.36.148.246 - - [22/Apr/2020:03:10:38 -0700] "GET /2019/tons-post-about-his-first-edit-of HTTP/1.1" 200 9389 "-" "Mozilla/5.0 (compatible; AhrefsBot/6.1; +http://ahrefs.com/robot/)" 
64.111.100.215 - - [22/Apr/2020:03:10:39 -0700] "GET /content/all?_t=rss HTTP/1.1" 200 17400 "-" "Mozilla/5.0 (X11; U; Linux i686; fr; rv:1.9.1.1) Gecko/20090715 Firefox/3.5.1" 
54.36.149.29 - - [22/Apr/2020:03:10:46 -0700] "GET /tag/IndieWeb_challenge HTTP/1.1" 200 8812 "-" "Mozilla/5.0 (compatible; AhrefsBot/6.1; +http://ahrefs.com/robot/)" 
54.36.149.23 - - [22/Apr/2020:03:11:04 -0700] "GET /content/all/?q=%23IndieWeb&offset=57&_t=rss HTTP/1.1" 200 8027 "-" "Mozilla/5.0 (compatible; AhrefsBot/6.1; +http://ahrefs.com/robot/)" 
54.36.148.92 - - [22/Apr/2020:03:11:52 -0700] "GET /content/all/?q=%23+%23food&offset=40&_t=rss HTTP/1.1" 200 7524 "-" "Mozilla/5.0 (compatible; AhrefsBot/6.1; +http://ahrefs.com/robot/)" 
54.36.148.244 - - [22/Apr/2020:03:12:19 -0700] "GET /content/bookmarkedpages/?offset=376&_t=rss HTTP/1.1" 200 8257 "-" "Mozilla/5.0 (compatible; AhrefsBot/6.1; +http://ahrefs.com/robot/)" 
66.249.70.12 - - [22/Apr/2020:03:12:37 -0700] "GET /view/ed16a462f224d502c9148034b7a50e9b?_t=rss HTTP/1.1" 200 5600 "-" "Mozilla/5.0 (Linux; Android 6.0.1; Nexus 5X Build/MMB29P) AppleWebKit/537.36 (KHTML, like Gecko) Chrome/41.0.2272.96 Mobile Safari/537.36 (compatible; Googlebot/2.1; +http://www.google.com/bot.html)" 
54.36.150.167 - - [22/Apr/2020:03:12:38 -0700] "GET /2017/no-getting-away-from-it HTTP/1.1" 200 10660 "-" "Mozilla/5.0 (compatible; AhrefsBot/6.1; +http://ahrefs.com/robot/)" 
54.36.150.33 - - [22/Apr/2020:03:12:44 -0700] "GET /content/bookmarkedpages/warmup/?offset=230&_t=rss HTTP/1.1" 200 6582 "-" "Mozilla/5.0 (compatible; AhrefsBot/6.1; +http://ahrefs.com/robot/)" 
54.36.148.153 - - [22/Apr/2020:03:13:23 -0700] "GET /2019/i-also-need-to-test-webmentions-i HTTP/1.1" 200 9319 "-" "Mozilla/5.0 (compatible; AhrefsBot/6.1; +http://ahrefs.com/robot/)" 
46.229.168.135 - - [22/Apr/2020:03:13:33 -0700] "GET /content/statusupdates?offset=40 HTTP/1.1" 200 11563 "-" "Mozilla/5.0 (compatible; SemrushBot/6~bl; +http://www.semrush.com/bot.html)" 
54.36.150.150 - - [22/Apr/2020:03:13:45 -0700] "GET /2019/a-year-complete HTTP/1.1" 200 9253 "-" "Mozilla/5.0 (compatible; AhrefsBot/6.1; +http://ahrefs.com/robot/)" 
46.229.168.134 - - [22/Apr/2020:03:14:03 -0700] "GET /content/all/?offset=96&q=%23%2B%23%23indieweb HTTP/1.1" 200 15109 "-" "Mozilla/5.0 (compatible; SemrushBot/6~bl; +http://www.semrush.com/bot.html)" 
46.229.168.161 - - [22/Apr/2020:03:14:23 -0700] "GET /2017/the-decentralized-social-web HTTP/1.1" 200 9626 "-" "Mozilla/5.0 (compatible; SemrushBot/6~bl; +http://www.semrush.com/bot.html)" 
114.119.165.212 - - [22/Apr/2020:03:14:38 -0700] "GET /content/all?q=%23%2B%23bread&offset=70 HTTP/1.1" 200 11856 "-" "Mozilla/5.0 (Linux; Android 7.0;) AppleWebKit/537.36 (KHTML, like Gecko) Mobile Safari/537.36 (compatible; AspiegelBot)" 
46.229.168.152 - - [22/Apr/2020:03:15:33 -0700] "GET /content/all?offset=140 HTTP/1.1" 200 11588 "-" "Mozilla/5.0 (compatible; SemrushBot/6~bl; +http://www.semrush.com/bot.html)" 
54.36.150.167 - - [22/Apr/2020:03:15:57 -0700] "GET /content/bookmarkedpages/?q=%23IndieWeb&offset=20 HTTP/1.1" 200 12343 "-" "Mozilla/5.0 (compatible; AhrefsBot/6.1; +http://ahrefs.com/robot/)" 
46.229.168.151 - - [22/Apr/2020:03:16:37 -0700] "GET /2019/just-published-the-latest-issue-of-eat HTTP/1.1" 200 9676 "-" "Mozilla/5.0 (compatible; SemrushBot/6~bl; +http://www.semrush.com/bot.html)" 
54.36.148.76 - - [22/Apr/2020:03:16:42 -0700] "GET /content/bookmarkedpages/?offset=254&_t=rss HTTP/1.1" 200 6234 "-" "Mozilla/5.0 (compatible; AhrefsBot/6.1; +http://ahrefs.com/robot/)" 
54.36.149.83 - - [22/Apr/2020:03:16:53 -0700] "GET /profile/jeremy?offset=377&_t=rss HTTP/1.1" 200 8441 "-" "Mozilla/5.0 (compatible; AhrefsBot/6.1; +http://ahrefs.com/robot/)" 
54.36.149.18 - - [22/Apr/2020:03:19:33 -0700] "GET /profile/jeremy?offset=487&_t=rss HTTP/1.1" 200 7974 "-" "Mozilla/5.0 (compatible; AhrefsBot/6.1; +http://ahrefs.com/robot/)" 
46.229.168.162 - - [22/Apr/2020:03:20:14 -0700] "GET /2019/big-bake-part-i-kalonji-bread-3kg HTTP/1.1" 200 9679 "-" "Mozilla/5.0 (compatible; SemrushBot/6~bl; +http://www.semrush.com/bot.html)" 
46.229.168.135 - - [22/Apr/2020:03:20:23 -0700] "GET /content/audio/?q=%23%2B%23Black_pepper HTTP/1.1" 200 8517 "-" "Mozilla/5.0 (compatible; SemrushBot/6~bl; +http://www.semrush.com/bot.html)" 
54.36.149.94 - - [22/Apr/2020:03:20:33 -0700] "GET /2017/another-perfect-example-of-that-old-journalistic-rule-if-a?_t=rss HTTP/1.1" 200 5178 "-" "Mozilla/5.0 (compatible; AhrefsBot/6.1; +http://ahrefs.com/robot/)" 
54.36.150.60 - - [22/Apr/2020:03:21:10 -0700] "GET /file/a3bec13d15beca00c4fa753a168c7a09 HTTP/1.1" 404 7903 "-" "Mozilla/5.0 (compatible; AhrefsBot/6.1; +http://ahrefs.com/robot/)" 
64.62.202.71 - - [22/Apr/2020:03:21:23 -0700] "GET /2019/because-it-is-an-inescapable-law-of HTTP/1.1" 304 3475 "-" "Mozilla/5.0 (compatible; +centuryb.o.t9[at]gmail.com)" 
64.62.202.71 - - [22/Apr/2020:03:21:23 -0700] "GET /2017/we-are-still-a-long-way-from-home HTTP/1.1" 304 237 "-" "Mozilla/5.0 (compatible; +centuryb.o.t9[at]gmail.com)" 
64.62.202.71 - - [22/Apr/2020:03:21:30 -0700] "GET /2018/nice-to-see-stacey-de-polo-set-off-on-her HTTP/1.1" 304 3342 "-" "Mozilla/5.0 (compatible; +centuryb.o.t9[at]gmail.com)" 
64.62.202.71 - - [22/Apr/2020:03:21:30 -0700] "GET /tag/photo HTTP/1.1" 200 9273 "-" "Mozilla/5.0 (compatible; +centuryb.o.t9[at]gmail.com)" 
64.62.202.71 - - [22/Apr/2020:03:21:34 -0700] "GET /2018/i-am-very-firmly-of-the-opinion HTTP/1.1" 304 3342 "-" "Mozilla/5.0 (compatible; +centuryb.o.t9[at]gmail.com)" 
64.62.202.71 - - [22/Apr/2020:03:21:35 -0700] "GET /2017/narrowing-things-down-i-can-post-a-photo-to-known HTTP/1.1" 304 237 "-" "Mozilla/5.0 (compatible; +centuryb.o.t9[at]gmail.com)" 
64.62.202.71 - - [22/Apr/2020:03:21:36 -0700] "GET /2017/virtual-homebrew-website-club HTTP/1.1" 304 237 "-" "Mozilla/5.0 (compatible; +centuryb.o.t9[at]gmail.com)" 
64.62.202.71 - - [22/Apr/2020:03:21:37 -0700] "GET /2018/with-rad-podcasters-can-finally-learn-whos-listening HTTP/1.1" 304 237 "-" "Mozilla/5.0 (compatible; +centuryb.o.t9[at]gmail.com)" 
64.62.202.71 - - [22/Apr/2020:03:21:38 -0700] "GET /2018/this-may-seem-strange-but-i-really-dont-mind-it HTTP/1.1" 304 237 "-" "Mozilla/5.0 (compatible; +centuryb.o.t9[at]gmail.com)" 
64.62.202.71 - - [22/Apr/2020:03:21:39 -0700] "GET /2018/my-contribution-to-the-dog-days-of-podcasting-every-day HTTP/1.1" 304 237 "-" "Mozilla/5.0 (compatible; +centuryb.o.t9[at]gmail.com)" 
46.229.168.163 - - [22/Apr/2020:03:21:39 -0700] "GET /content/all/?q=%23%2B%23bigbake HTTP/1.1" 200 8522 "-" "Mozilla/5.0 (compatible; SemrushBot/6~bl; +http://www.semrush.com/bot.html)" 
54.36.149.19 - - [22/Apr/2020:03:23:03 -0700] "GET /tag/WithKnown?offset=35&_t=rss HTTP/1.1" 200 7577 "-" "Mozilla/5.0 (compatible; AhrefsBot/6.1; +http://ahrefs.com/robot/)" 
66.249.70.14 - - [22/Apr/2020:03:23:57 -0700] "GET /file/a27c14ed53e63d4ba6f2179f5cf3275b/79B0D51C-5E48-4E09-B371-384D89504D5E.jpeg HTTP/1.1" 200 67922 "-" "Googlebot-Image/1.0" 
46.229.168.129 - - [22/Apr/2020:03:24:17 -0700] "GET /tag/bread?offset=10 HTTP/1.1" 200 12658 "-" "Mozilla/5.0 (compatible; SemrushBot/6~bl; +http://www.semrush.com/bot.html)" 
54.36.150.88 - - [22/Apr/2020:03:25:10 -0700] "GET /content/statusupdates/?offset=329&_t=rss HTTP/1.1" 200 7017 "-" "Mozilla/5.0 (compatible; AhrefsBot/6.1; +http://ahrefs.com/robot/)" 
66.249.70.18 - - [22/Apr/2020:03:25:33 -0700] "GET /robots.txt HTTP/1.1" 200 4613 "-" "Mozilla/5.0 (compatible; Googlebot/2.1; +http://www.google.com/bot.html)" 
66.249.70.20 - - [22/Apr/2020:03:25:33 -0700] "GET /content/statusupdates/?offset=10 HTTP/1.1" 200 10893 "-" "Mozilla/5.0 (Linux; Android 6.0.1; Nexus 5X Build/MMB29P) AppleWebKit/537.36 (KHTML, like Gecko) Chrome/41.0.2272.96 Mobile Safari/537.36 (compatible; Googlebot/2.1; +http://www.google.com/bot.html)" 
40.77.167.34 - - [22/Apr/2020:03:25:37 -0700] "GET /file/b8c697d9f6a12c8af2458c11ea44e231 HTTP/1.1" 200 10461 "-" "Mozilla/5.0 (compatible; bingbot/2.0; +http://www.bing.com/bingbot.htm)" 
46.229.168.140 - - [22/Apr/2020:03:25:53 -0700] "GET /tag/indieweb?offset=130 HTTP/1.1" 200 12685 "-" "Mozilla/5.0 (compatible; SemrushBot/6~bl; +http://www.semrush.com/bot.html)" 
66.249.70.12 - - [22/Apr/2020:03:26:22 -0700] "GET /robots.txt HTTP/1.1" 200 4589 "-" "Mozilla/5.0 (compatible; Googlebot/2.1; +http://www.google.com/bot.html)" 
66.249.70.14 - - [22/Apr/2020:03:26:23 -0700] "GET /2018/happy-student-bread-bakers-means-i-am-happy HTTP/1.1" 200 12210 "-" "Mozilla/5.0 (compatible; Googlebot/2.1; +http://www.google.com/bot.html)" 
54.36.149.58 - - [22/Apr/2020:03:27:05 -0700] "GET /2018/well-that-was-good-jomo23-clinklucy?_t=rss HTTP/1.1" 200 5168 "-" "Mozilla/5.0 (compatible; AhrefsBot/6.1; +http://ahrefs.com/robot/)" 
54.36.148.108 - - [22/Apr/2020:03:27:28 -0700] "GET /content/rsvp/?q=%23+%23ciwf&_t=rss HTTP/1.1" 200 4816 "-" "Mozilla/5.0 (compatible; AhrefsBot/6.1; +http://ahrefs.com/robot/)" 
54.36.148.67 - - [22/Apr/2020:03:27:34 -0700] "GET /2019/checked-into-kanaalweg-14-for-iwc HTTP/1.1" 200 9487 "-" "Mozilla/5.0 (compatible; AhrefsBot/6.1; +http://ahrefs.com/robot/)" 
54.36.150.171 - - [22/Apr/2020:03:27:52 -0700] "GET /2019/paper-to-paperless-a-guide-to-digitalizing-your-journals-with HTTP/1.1" 200 9531 "-" "Mozilla/5.0 (compatible; AhrefsBot/6.1; +http://ahrefs.com/robot/)" 
46.229.168.140 - - [22/Apr/2020:03:28:08 -0700] "GET /content/photos/?offset=20&q=%23%2B%23sourdough HTTP/1.1" 200 11937 "-" "Mozilla/5.0 (compatible; SemrushBot/6~bl; +http://www.semrush.com/bot.html)" 
