54.36.148.10 - - [17/Mar/2020:02:13:57 -0700] "GET /2017/looking-forward-this-talk-with-fabrizia-lanza-and-evan-kleiman?_t=rss HTTP/1.1" 200 5345 "-" "Mozilla/5.0 (compatible; AhrefsBot/6.1; +http://ahrefs.com/robot/)" 
114.119.165.2 - - [17/Mar/2020:02:14:21 -0700] "GET /2019/henrik-carlsson-took-the-trouble-to-record HTTP/1.1" 200 9535 "-" "Mozilla/5.0 (Linux; Android 7.0;) AppleWebKit/537.36 (KHTML, like Gecko) Mobile Safari/537.36 (compatible; AspiegelBot)" 
66.249.66.44 - - [17/Mar/2020:02:14:27 -0700] "GET /?offset=937&_t=rss HTTP/1.1" 200 6680 "-" "Mozilla/5.0 (Linux; Android 6.0.1; Nexus 5X Build/MMB29P) AppleWebKit/537.36 (KHTML, like Gecko) Chrome/41.0.2272.96 Mobile Safari/537.36 (compatible; Googlebot/2.1; +http://www.google.com/bot.html)" 
66.249.66.44 - - [17/Mar/2020:02:14:28 -0700] "GET /?offset=947&_t=amp HTTP/1.1" 200 8025 "-" "Mozilla/5.0 (Linux; Android 6.0.1; Nexus 5X Build/MMB29P) AppleWebKit/537.36 (KHTML, like Gecko) Chrome/41.0.2272.96 Mobile Safari/537.36 (compatible; Googlebot/2.1; +http://www.google.com/bot.html)" 
66.249.66.46 - - [17/Mar/2020:02:14:38 -0700] "GET /?offset=697&_t=amp HTTP/1.1" 200 11601 "-" "Mozilla/5.0 (Linux; Android 6.0.1; Nexus 5X Build/MMB29P) AppleWebKit/537.36 (KHTML, like Gecko) Chrome/41.0.2272.96 Mobile Safari/537.36 (compatible; Googlebot/2.1; +http://www.google.com/bot.html)" 
66.249.66.44 - - [17/Mar/2020:02:14:57 -0700] "GET /service/web/unfurl/?url=https%3A%2F%2Fwww.gocomics.com%2Fnancy%2F2019%2F01%2F04&__bTk=237bb59b20987519caab2b6be0c2b847a31e453cb8d49c5b11aa5617e0d92b46&__bTs=1583712000 HTTP/1.1" 403 4614 "https://stream.jeremycherfas.net/?offset=697&_t=amp" "Mozilla/5.0 (Linux; Android 6.0.1; Nexus 5X Build/MMB29P) AppleWebKit/537.36 (KHTML, like Gecko) Chrome/80.0.3987.92 Mobile Safari/537.36 (compatible; Googlebot/2.1; +http://www.google.com/bot.html)" 
66.249.66.44 - - [17/Mar/2020:02:14:57 -0700] "GET /service/web/unfurl/?url=https%3A%2F%2Fwww.wired.com%2Fstory%2Ffuture-book-is-here-but-not-what-we-expected%2F%3Futm_source%3Ddensediscovery%26utm_medium%3Demail%26utm_campaign%3Dnewsletter&__bTk=237bb59b20987519caab2b6be0c2b847a31e453cb8d49c5b11aa5617e0d92b46&__bTs=1583712000 HTTP/1.1" 403 1406 "https://stream.jeremycherfas.net/?offset=697&_t=amp" "Mozilla/5.0 (Linux; Android 6.0.1; Nexus 5X Build/MMB29P) AppleWebKit/537.36 (KHTML, like Gecko) Chrome/80.0.3987.92 Mobile Safari/537.36 (compatible; Googlebot/2.1; +http://www.google.com/bot.html)" 
66.249.66.44 - - [17/Mar/2020:02:14:58 -0700] "GET /service/web/unfurl/?url=https%3A%2F%2Faaronparecki.com%2F2019%2F01%2F09%2F21%2F&__bTk=237bb59b20987519caab2b6be0c2b847a31e453cb8d49c5b11aa5617e0d92b46&__bTs=1583712000 HTTP/1.1" 403 1297 "https://stream.jeremycherfas.net/?offset=697&_t=amp" "Mozilla/5.0 (Linux; Android 6.0.1; Nexus 5X Build/MMB29P) AppleWebKit/537.36 (KHTML, like Gecko) Chrome/80.0.3987.92 Mobile Safari/537.36 (compatible; Googlebot/2.1; +http://www.google.com/bot.html)" 
66.249.66.44 - - [17/Mar/2020:02:14:58 -0700] "GET /service/web/unfurl/?url=https%3A%2F%2Fwww.gocomics.com%2Fnancy%2F2019%2F01%2F04&__bTk=237bb59b20987519caab2b6be0c2b847a31e453cb8d49c5b11aa5617e0d92b46&__bTs=1584089974 HTTP/1.1" 403 1297 "https://stream.jeremycherfas.net/?offset=697&_t=amp" "Mozilla/5.0 (Linux; Android 6.0.1; Nexus 5X Build/MMB29P) AppleWebKit/537.36 (KHTML, like Gecko) Chrome/80.0.3987.92 Mobile Safari/537.36 (compatible; Googlebot/2.1; +http://www.google.com/bot.html)" 
66.249.66.44 - - [17/Mar/2020:02:14:59 -0700] "GET /service/web/unfurl/?url=https%3A%2F%2Fwww.wired.com%2Fstory%2Ffuture-book-is-here-but-not-what-we-expected%2F%3Futm_source%3Ddensediscovery%26utm_medium%3Demail%26utm_campaign%3Dnewsletter&__bTk=237bb59b20987519caab2b6be0c2b847a31e453cb8d49c5b11aa5617e0d92b46&__bTs=1584089974 HTTP/1.1" 403 1406 "https://stream.jeremycherfas.net/?offset=697&_t=amp" "Mozilla/5.0 (Linux; Android 6.0.1; Nexus 5X Build/MMB29P) AppleWebKit/537.36 (KHTML, like Gecko) Chrome/80.0.3987.92 Mobile Safari/537.36 (compatible; Googlebot/2.1; +http://www.google.com/bot.html)" 
66.249.66.44 - - [17/Mar/2020:02:14:59 -0700] "GET /service/web/unfurl/?url=https%3A%2F%2Fwww.economist.com%2Fbooks-and-arts%2F2018%2F09%2F15%2Fmoneyland-is-an-urgent-expose-of-the-world-of-mega-wealth&__bTk=237bb59b20987519caab2b6be0c2b847a31e453cb8d49c5b11aa5617e0d92b46&__bTs=1583712000 HTTP/1.1" 403 1367 "https://stream.jeremycherfas.net/?offset=947&_t=amp" "Mozilla/5.0 (Linux; Android 6.0.1; Nexus 5X Build/MMB29P) AppleWebKit/537.36 (KHTML, like Gecko) Chrome/80.0.3987.92 Mobile Safari/537.36 (compatible; Googlebot/2.1; +http://www.google.com/bot.html)" 
66.249.66.44 - - [17/Mar/2020:02:15:00 -0700] "GET /service/web/unfurl/?url=https%3A%2F%2Fdavidsimon.com%2Fa-fuckbonnet-for-our-time%2F&__bTk=1f919ccc6612534e463ed529218e5b8223185ae78f734cb0251010259665430e&__bTs=1581120000 HTTP/1.1" 403 1301 "https://stream.jeremycherfas.net/?offset=947&_t=amp" "Mozilla/5.0 (Linux; Android 6.0.1; Nexus 5X Build/MMB29P) AppleWebKit/537.36 (KHTML, like Gecko) Chrome/80.0.3987.92 Mobile Safari/537.36 (compatible; Googlebot/2.1; +http://www.google.com/bot.html)" 
66.249.66.44 - - [17/Mar/2020:02:15:00 -0700] "GET /service/web/unfurl/?url=https%3A%2F%2Fopen.spotify.com%2Ftrack%2F4t2efW7DxJCeSDfW8ah2xY%3Fsi%3DGAPclbvoS_6bblmoCcEsTg&__bTk=1f919ccc6612534e463ed529218e5b8223185ae78f734cb0251010259665430e&__bTs=1581120000 HTTP/1.1" 403 1335 "https://stream.jeremycherfas.net/?offset=947&_t=amp" "Mozilla/5.0 (Linux; Android 6.0.1; Nexus 5X Build/MMB29P) AppleWebKit/537.36 (KHTML, like Gecko) Chrome/80.0.3987.92 Mobile Safari/537.36 (compatible; Googlebot/2.1; +http://www.google.com/bot.html)" 
66.249.66.44 - - [17/Mar/2020:02:15:01 -0700] "GET /service/web/unfurl/?url=https%3A%2F%2Faaronparecki.com%2F2019%2F01%2F09%2F21%2F&__bTk=237bb59b20987519caab2b6be0c2b847a31e453cb8d49c5b11aa5617e0d92b46&__bTs=1584089974 HTTP/1.1" 403 1297 "https://stream.jeremycherfas.net/?offset=697&_t=amp" "Mozilla/5.0 (Linux; Android 6.0.1; Nexus 5X Build/MMB29P) AppleWebKit/537.36 (KHTML, like Gecko) Chrome/80.0.3987.92 Mobile Safari/537.36 (compatible; Googlebot/2.1; +http://www.google.com/bot.html)" 
66.249.66.44 - - [17/Mar/2020:02:15:02 -0700] "GET /service/web/unfurl/?url=https%3A%2F%2Fwww.economist.com%2Fbooks-and-arts%2F2018%2F09%2F15%2Fmoneyland-is-an-urgent-expose-of-the-world-of-mega-wealth&__bTk=237bb59b20987519caab2b6be0c2b847a31e453cb8d49c5b11aa5617e0d92b46&__bTs=1584089974 HTTP/1.1" 403 1367 "https://stream.jeremycherfas.net/?offset=947&_t=amp" "Mozilla/5.0 (Linux; Android 6.0.1; Nexus 5X Build/MMB29P) AppleWebKit/537.36 (KHTML, like Gecko) Chrome/80.0.3987.92 Mobile Safari/537.36 (compatible; Googlebot/2.1; +http://www.google.com/bot.html)" 
66.249.66.44 - - [17/Mar/2020:02:15:02 -0700] "GET /service/web/unfurl/?url=https%3A%2F%2Fdavidsimon.com%2Fa-fuckbonnet-for-our-time%2F&__bTk=237bb59b20987519caab2b6be0c2b847a31e453cb8d49c5b11aa5617e0d92b46&__bTs=1584089974 HTTP/1.1" 403 1301 "https://stream.jeremycherfas.net/?offset=947&_t=amp" "Mozilla/5.0 (Linux; Android 6.0.1; Nexus 5X Build/MMB29P) AppleWebKit/537.36 (KHTML, like Gecko) Chrome/80.0.3987.92 Mobile Safari/537.36 (compatible; Googlebot/2.1; +http://www.google.com/bot.html)" 
66.249.66.44 - - [17/Mar/2020:02:15:03 -0700] "GET /service/web/unfurl/?url=https%3A%2F%2Fopen.spotify.com%2Ftrack%2F4t2efW7DxJCeSDfW8ah2xY%3Fsi%3DGAPclbvoS_6bblmoCcEsTg&__bTk=237bb59b20987519caab2b6be0c2b847a31e453cb8d49c5b11aa5617e0d92b46&__bTs=1584089974 HTTP/1.1" 403 1335 "https://stream.jeremycherfas.net/?offset=947&_t=amp" "Mozilla/5.0 (Linux; Android 6.0.1; Nexus 5X Build/MMB29P) AppleWebKit/537.36 (KHTML, like Gecko) Chrome/80.0.3987.92 Mobile Safari/537.36 (compatible; Googlebot/2.1; +http://www.google.com/bot.html)" 
157.230.171.35 - - [17/Mar/2020:02:15:35 -0700] "GET /?_t=rss HTTP/1.1" 200 7808 "-" "Feedbin feed-id:1536727 - 1 subscribers" 
54.36.148.61 - - [17/Mar/2020:02:17:09 -0700] "GET /tag/withknown?offset=21 HTTP/1.1" 200 12921 "-" "Mozilla/5.0 (compatible; AhrefsBot/6.1; +http://ahrefs.com/robot/)" 
157.55.39.211 - - [17/Mar/2020:02:17:44 -0700] "GET /file/af70fd7cb0c23d7f9c481f560dc67de3 HTTP/1.1" 200 16416 "-" "Mozilla/5.0 (compatible; bingbot/2.0; +http://www.bing.com/bingbot.htm)" 
66.249.66.46 - - [17/Mar/2020:02:17:50 -0700] "GET /?offset=927 HTTP/1.1" 200 11859 "-" "Mozilla/5.0 (Linux; Android 6.0.1; Nexus 5X Build/MMB29P) AppleWebKit/537.36 (KHTML, like Gecko) Chrome/41.0.2272.96 Mobile Safari/537.36 (compatible; Googlebot/2.1; +http://www.google.com/bot.html)" 
54.36.148.31 - - [17/Mar/2020:02:17:53 -0700] "GET /account/settings/tools/ HTTP/1.1" 403 6222 "-" "Mozilla/5.0 (compatible; AhrefsBot/6.1; +http://ahrefs.com/robot/)" 
157.55.39.78 - - [17/Mar/2020:02:17:58 -0700] "GET /file/440c7ab0640b46ee21f1069fcf14703c HTTP/1.1" 200 12066 "-" "Mozilla/5.0 (compatible; bingbot/2.0; +http://www.bing.com/bingbot.htm)" 
66.249.66.44 - - [17/Mar/2020:02:18:28 -0700] "GET /?offset=957&_t=amp HTTP/1.1" 200 10908 "-" "Mozilla/5.0 (Linux; Android 6.0.1; Nexus 5X Build/MMB29P) AppleWebKit/537.36 (KHTML, like Gecko) Chrome/41.0.2272.96 Mobile Safari/537.36 (compatible; Googlebot/2.1; +http://www.google.com/bot.html)" 
54.36.150.119 - - [17/Mar/2020:02:19:13 -0700] "GET /2017/-mortality-and-access-to-care-among-adults-after-state?_t=rss HTTP/1.1" 200 5303 "-" "Mozilla/5.0 (compatible; AhrefsBot/6.1; +http://ahrefs.com/robot/)" 
54.36.150.173 - - [17/Mar/2020:02:19:13 -0700] "GET /?_t=rss HTTP/1.1" 200 7808 "-" "Mozilla/5.0 (compatible; AhrefsBot/6.1; +http://ahrefs.com/robot/)" 
66.249.66.48 - - [17/Mar/2020:02:19:15 -0700] "GET /2020/2020-03-17 HTTP/1.1" 200 9623 "-" "Mozilla/5.0 (Linux; Android 6.0.1; Nexus 5X Build/MMB29P) AppleWebKit/537.36 (KHTML, like Gecko) Chrome/80.0.3987.92 Mobile Safari/537.36 (compatible; Googlebot/2.1; +http://www.google.com/bot.html)" 
114.119.165.2 - - [17/Mar/2020:02:19:28 -0700] "GET /content/photos?q=%23Sourdough&offset=20 HTTP/1.1" 200 11733 "-" "Mozilla/5.0 (Linux; Android 7.0;) AppleWebKit/537.36 (KHTML, like Gecko) Mobile Safari/537.36 (compatible; AspiegelBot)" 
54.36.150.145 - - [17/Mar/2020:02:19:41 -0700] "GET /content/all/?q=%23Audiogram&_t=rss HTTP/1.1" 200 7382 "-" "Mozilla/5.0 (compatible; AhrefsBot/6.1; +http://ahrefs.com/robot/)" 
66.249.66.44 - - [17/Mar/2020:02:19:44 -0700] "GET /2020/2020-03-17?_t=rss HTTP/1.1" 200 5480 "-" "Mozilla/5.0 (Linux; Android 6.0.1; Nexus 5X Build/MMB29P) AppleWebKit/537.36 (KHTML, like Gecko) Chrome/41.0.2272.96 Mobile Safari/537.36 (compatible; Googlebot/2.1; +http://www.google.com/bot.html)" 
66.249.66.46 - - [17/Mar/2020:02:20:02 -0700] "GET /service/web/unfurl/?url=http%3A%2F%2Fbarryhawkins.com%2Fblog%2Fposts%2Fthe-story-of-why-i-left-riot-games%2F&__bTk=eeebfad334d124a9383e169516aae8080d9de96b468d6e3b3425445585023ff2&__bTs=1582881149 HTTP/1.1" 403 4643 "https://stream.jeremycherfas.net/?offset=957&_t=amp" "Mozilla/5.0 (Linux; Android 6.0.1; Nexus 5X Build/MMB29P) AppleWebKit/537.36 (KHTML, like Gecko) Chrome/80.0.3987.92 Mobile Safari/537.36 (compatible; Googlebot/2.1; +http://www.google.com/bot.html)" 
66.249.66.46 - - [17/Mar/2020:02:20:16 -0700] "GET /service/web/unfurl/?url=http%3A%2F%2Fbarryhawkins.com%2Fblog%2Fposts%2Fthe-story-of-why-i-left-riot-games%2F&__bTk=e749a8d6db3902ca6785f67a2ee2212e968b21f50c70879db9a01b3070a8d93d&__bTs=1583580603 HTTP/1.1" 403 4643 "https://stream.jeremycherfas.net/content/all?offset=811" "Mozilla/5.0 (Linux; Android 6.0.1; Nexus 5X Build/MMB29P) AppleWebKit/537.36 (KHTML, like Gecko) Chrome/80.0.3987.92 Mobile Safari/537.36 (compatible; Googlebot/2.1; +http://www.google.com/bot.html)" 
66.249.66.44 - - [17/Mar/2020:02:20:28 -0700] "GET /view/1e360d812398f3a416858af2c9807d65?_t=rss HTTP/1.1" 200 5509 "-" "Mozilla/5.0 (Linux; Android 6.0.1; Nexus 5X Build/MMB29P) AppleWebKit/537.36 (KHTML, like Gecko) Chrome/41.0.2272.96 Mobile Safari/537.36 (compatible; Googlebot/2.1; +http://www.google.com/bot.html)" 
51.68.180.146 - - [17/Mar/2020:02:20:34 -0700] "GET /2017/could-this-be-a-crape-myrtle-fruit-is-it-good HTTP/1.0" 200 31929 "-" "-" 
51.68.180.146 - - [17/Mar/2020:02:20:35 -0700] "GET /2017/could-this-be-a-crape-myrtle-fruit-is-it-good HTTP/1.0" 200 31929 "-" "-" 
66.249.66.44 - - [17/Mar/2020:02:20:40 -0700] "GET /view/1e360d812398f3a416858af2c9807d65 HTTP/1.1" 200 9652 "-" "Mozilla/5.0 (Linux; Android 6.0.1; Nexus 5X Build/MMB29P) AppleWebKit/537.36 (KHTML, like Gecko) Chrome/80.0.3987.92 Mobile Safari/537.36 (compatible; Googlebot/2.1; +http://www.google.com/bot.html)" 
66.249.66.44 - - [17/Mar/2020:02:20:41 -0700] "GET /2020/2020-03-17?_t=rss HTTP/1.1" 200 2163 "-" "Mozilla/5.0 (Linux; Android 6.0.1; Nexus 5X Build/MMB29P) AppleWebKit/537.36 (KHTML, like Gecko) Chrome/80.0.3987.92 Mobile Safari/537.36 (compatible; Googlebot/2.1; +http://www.google.com/bot.html)" 
54.36.148.55 - - [17/Mar/2020:02:20:49 -0700] "GET /2017/lunchtime-fun-and-farewells?_t=rss HTTP/1.1" 200 5293 "-" "Mozilla/5.0 (compatible; AhrefsBot/6.1; +http://ahrefs.com/robot/)" 
54.36.150.10 - - [17/Mar/2020:02:21:07 -0700] "GET /2019/awaiting-an-organist HTTP/1.1" 200 12803 "-" "Mozilla/5.0 (compatible; AhrefsBot/6.1; +http://ahrefs.com/robot/)" 
54.36.148.164 - - [17/Mar/2020:02:21:10 -0700] "GET /?q=%23indieweb&offset=30&_t=rss HTTP/1.1" 200 7871 "-" "Mozilla/5.0 (compatible; AhrefsBot/6.1; +http://ahrefs.com/robot/)" 
66.249.66.44 - - [17/Mar/2020:02:21:18 -0700] "GET /view/1e360d812398f3a416858af2c9807d65?_t=rss HTTP/1.1" 200 5509 "-" "Mozilla/5.0 (Linux; Android 6.0.1; Nexus 5X Build/MMB29P) AppleWebKit/537.36 (KHTML, like Gecko) Chrome/80.0.3987.92 Mobile Safari/537.36 (compatible; Googlebot/2.1; +http://www.google.com/bot.html)" 
66.249.66.46 - - [17/Mar/2020:02:21:27 -0700] "GET /?offset=947&_t=rss HTTP/1.1" 200 7231 "-" "Mozilla/5.0 (Linux; Android 6.0.1; Nexus 5X Build/MMB29P) AppleWebKit/537.36 (KHTML, like Gecko) Chrome/41.0.2272.96 Mobile Safari/537.36 (compatible; Googlebot/2.1; +http://www.google.com/bot.html)" 
66.249.66.44 - - [17/Mar/2020:02:21:41 -0700] "GET /?offset=687&_t=amp HTTP/1.1" 200 11840 "-" "Mozilla/5.0 (Linux; Android 6.0.1; Nexus 5X Build/MMB29P) AppleWebKit/537.36 (KHTML, like Gecko) Chrome/41.0.2272.96 Mobile Safari/537.36 (compatible; Googlebot/2.1; +http://www.google.com/bot.html)" 
77.75.79.54 - - [17/Mar/2020:02:21:55 -0700] "GET /robots.txt HTTP/1.1" 200 4594 "-" "Mozilla/5.0 (compatible; SeznamBot/3.2; +http://napoveda.seznam.cz/en/seznambot-intro/)" 
77.75.79.54 - - [17/Mar/2020:02:21:58 -0700] "GET /file/52b3b45f2afdec9c70b39072b3a930e1/2F3C90D0-8ABF-4190-9AB0-046A6804AC30.jpeg HTTP/1.1" 304 3731 "-" "Mozilla/5.0 (compatible; SeznamBot/3.2; +http://napoveda.seznam.cz/en/seznambot-intro/)" 
66.249.66.48 - - [17/Mar/2020:02:22:07 -0700] "GET /?offset=947 HTTP/1.1" 200 11324 "-" "Mozilla/5.0 (Linux; Android 6.0.1; Nexus 5X Build/MMB29P) AppleWebKit/537.36 (KHTML, like Gecko) Chrome/41.0.2272.96 Mobile Safari/537.36 (compatible; Googlebot/2.1; +http://www.google.com/bot.html)" 
66.249.66.46 - - [17/Mar/2020:02:22:16 -0700] "GET /service/web/unfurl/?url=https%3A%2F%2Fdavidsimon.com%2Fa-fuckbonnet-for-our-time%2F&__bTk=ba0a8091621f3d998f174094005779b747ece139918d916b55a545738c009ee1&__bTs=1583637010 HTTP/1.1" 403 4618 "https://stream.jeremycherfas.net/?offset=947" "Mozilla/5.0 (Linux; Android 6.0.1; Nexus 5X Build/MMB29P) AppleWebKit/537.36 (KHTML, like Gecko) Chrome/80.0.3987.92 Mobile Safari/537.36 (compatible; Googlebot/2.1; +http://www.google.com/bot.html)" 
66.249.66.44 - - [17/Mar/2020:02:22:17 -0700] "GET /service/web/unfurl/?url=https%3A%2F%2Fopen.spotify.com%2Ftrack%2F4t2efW7DxJCeSDfW8ah2xY%3Fsi%3DGAPclbvoS_6bblmoCcEsTg&__bTk=ba0a8091621f3d998f174094005779b747ece139918d916b55a545738c009ee1&__bTs=1583637010 HTTP/1.1" 403 4652 "https://stream.jeremycherfas.net/?offset=947" "Mozilla/5.0 (Linux; Android 6.0.1; Nexus 5X Build/MMB29P) AppleWebKit/537.36 (KHTML, like Gecko) Chrome/80.0.3987.92 Mobile Safari/537.36 (compatible; Googlebot/2.1; +http://www.google.com/bot.html)" 
66.249.66.46 - - [17/Mar/2020:02:22:17 -0700] "GET /service/web/unfurl/?url=https%3A%2F%2Fwww.economist.com%2Fbooks-and-arts%2F2018%2F09%2F15%2Fmoneyland-is-an-urgent-expose-of-the-world-of-mega-wealth&__bTk=849e02db70c5ad53e7c1ab5c0bf00453625dcc6904199ac0d7b907cd05bf7e67&__bTs=1581044013 HTTP/1.1" 403 1367 "https://stream.jeremycherfas.net/?offset=947" "Mozilla/5.0 (Linux; Android 6.0.1; Nexus 5X Build/MMB29P) AppleWebKit/537.36 (KHTML, like Gecko) Chrome/80.0.3987.92 Mobile Safari/537.36 (compatible; Googlebot/2.1; +http://www.google.com/bot.html)" 
66.249.66.44 - - [17/Mar/2020:02:22:18 -0700] "GET /service/web/unfurl/?url=https%3A%2F%2Fwww.economist.com%2Fbooks-and-arts%2F2018%2F09%2F15%2Fmoneyland-is-an-urgent-expose-of-the-world-of-mega-wealth&__bTk=ba0a8091621f3d998f174094005779b747ece139918d916b55a545738c009ee1&__bTs=1583637010 HTTP/1.1" 403 1367 "https://stream.jeremycherfas.net/?offset=947" "Mozilla/5.0 (Linux; Android 6.0.1; Nexus 5X Build/MMB29P) AppleWebKit/537.36 (KHTML, like Gecko) Chrome/80.0.3987.92 Mobile Safari/537.36 (compatible; Googlebot/2.1; +http://www.google.com/bot.html)" 
66.249.66.44 - - [17/Mar/2020:02:22:23 -0700] "GET /?offset=937 HTTP/1.1" 200 10607 "-" "Mozilla/5.0 (Linux; Android 6.0.1; Nexus 5X Build/MMB29P) AppleWebKit/537.36 (KHTML, like Gecko) Chrome/41.0.2272.96 Mobile Safari/537.36 (compatible; Googlebot/2.1; +http://www.google.com/bot.html)" 
54.36.150.175 - - [17/Mar/2020:02:22:36 -0700] "GET /2019/brexit-trump-johnson-and-civic-virtue?_t=rss HTTP/1.1" 200 5274 "-" "Mozilla/5.0 (compatible; AhrefsBot/6.1; +http://ahrefs.com/robot/)" 
66.249.66.52 - - [17/Mar/2020:02:22:36 -0700] "GET /robots.txt HTTP/1.1" 200 4613 "-" "Mozilla/5.0 (compatible; Googlebot/2.1; +http://www.google.com/bot.html)" 
66.249.66.52 - - [17/Mar/2020:02:22:36 -0700] "GET /service/web/unfurl/?url=https%3A%2F%2Fcultureby.com%2F2018%2F05%2Famerican-culture-and-the-new-new-coke.html&__bTk=c4fedfcdfd46662d2bf57eef621d592430cd12ad270b35ef55f84e362f208636&__bTs=1583439488 HTTP/1.1" 403 1350 "https://stream.jeremycherfas.net/content/all?_t=amp&offset=1056" "Mozilla/5.0 (Linux; Android 6.0.1; Nexus 5X Build/MMB29P) AppleWebKit/537.36 (KHTML, like Gecko) Chrome/80.0.3987.92 Mobile Safari/537.36 (compatible; Googlebot/2.1; +http://www.google.com/bot.html)" 
66.249.66.50 - - [17/Mar/2020:02:22:37 -0700] "GET /service/web/unfurl/?url=http%3A%2F%2Fepeus.blogspot.com%2F2009%2F09%2Ftummling-sidewiki-twitter-and-tragedy.html&__bTk=c4fedfcdfd46662d2bf57eef621d592430cd12ad270b35ef55f84e362f208636&__bTs=1583439488 HTTP/1.1" 403 4671 "https://stream.jeremycherfas.net/content/all?_t=amp&offset=1056" "Mozilla/5.0 (Linux; Android 6.0.1; Nexus 5X Build/MMB29P) AppleWebKit/537.36 (KHTML, like Gecko) Chrome/80.0.3987.92 Mobile Safari/537.36 (compatible; Googlebot/2.1; +http://www.google.com/bot.html)" 
66.249.66.44 - - [17/Mar/2020:02:22:38 -0700] "GET /service/web/unfurl/?url=https%3A%2F%2Fcultureby.com%2F2018%2F05%2Famerican-culture-and-the-new-new-coke.html&__bTk=eeebfad334d124a9383e169516aae8080d9de96b468d6e3b3425445585023ff2&__bTs=1582881149 HTTP/1.1" 403 4643 "https://stream.jeremycherfas.net/content/all?_t=amp&offset=1056" "Mozilla/5.0 (Linux; Android 6.0.1; Nexus 5X Build/MMB29P) AppleWebKit/537.36 (KHTML, like Gecko) Chrome/80.0.3987.92 Mobile Safari/537.36 (compatible; Googlebot/2.1; +http://www.google.com/bot.html)" 
66.249.66.44 - - [17/Mar/2020:02:22:38 -0700] "GET /service/web/unfurl/?url=http%3A%2F%2Fepeus.blogspot.com%2F2009%2F09%2Ftummling-sidewiki-twitter-and-tragedy.html&__bTk=eeebfad334d124a9383e169516aae8080d9de96b468d6e3b3425445585023ff2&__bTs=1582881149 HTTP/1.1" 403 1330 "https://stream.jeremycherfas.net/content/all?_t=amp&offset=1056" "Mozilla/5.0 (Linux; Android 6.0.1; Nexus 5X Build/MMB29P) AppleWebKit/537.36 (KHTML, like Gecko) Chrome/80.0.3987.92 Mobile Safari/537.36 (compatible; Googlebot/2.1; +http://www.google.com/bot.html)" 
66.249.66.44 - - [17/Mar/2020:02:22:50 -0700] "GET /?offset=957&_t=rss HTTP/1.1" 200 6930 "-" "Mozilla/5.0 (Linux; Android 6.0.1; Nexus 5X Build/MMB29P) AppleWebKit/537.36 (KHTML, like Gecko) Chrome/41.0.2272.96 Mobile Safari/537.36 (compatible; Googlebot/2.1; +http://www.google.com/bot.html)" 
54.36.150.27 - - [17/Mar/2020:02:22:50 -0700] "GET /content/all?offset=60 HTTP/1.1" 200 10907 "-" "Mozilla/5.0 (compatible; AhrefsBot/6.1; +http://ahrefs.com/robot/)" 
66.249.66.48 - - [17/Mar/2020:02:23:01 -0700] "GET /?offset=967&_t=amp HTTP/1.1" 200 11245 "-" "Mozilla/5.0 (Linux; Android 6.0.1; Nexus 5X Build/MMB29P) AppleWebKit/537.36 (KHTML, like Gecko) Chrome/41.0.2272.96 Mobile Safari/537.36 (compatible; Googlebot/2.1; +http://www.google.com/bot.html)" 
66.249.66.44 - - [17/Mar/2020:02:23:21 -0700] "GET /service/web/unfurl/?url=https%3A%2F%2Fggwash.org%2Fview%2F68929%2Fhow-did-dockless-bikeshare-impact-cabi-heres-what-we-found&__bTk=eeebfad334d124a9383e169516aae8080d9de96b468d6e3b3425445585023ff2&__bTs=1582881149 HTTP/1.1" 403 4659 "https://stream.jeremycherfas.net/?offset=967&_t=amp" "Mozilla/5.0 (Linux; Android 6.0.1; Nexus 5X Build/MMB29P) AppleWebKit/537.36 (KHTML, like Gecko) Chrome/80.0.3987.92 Mobile Safari/537.36 (compatible; Googlebot/2.1; +http://www.google.com/bot.html)" 
66.249.66.44 - - [17/Mar/2020:02:23:21 -0700] "GET /service/web/unfurl/?url=https%3A%2F%2Fadactio.com%2Fjournal%2F14304&__bTk=eeebfad334d124a9383e169516aae8080d9de96b468d6e3b3425445585023ff2&__bTs=1582881149 HTTP/1.1" 403 1285 "https://stream.jeremycherfas.net/?offset=967&_t=amp" "Mozilla/5.0 (Linux; Android 6.0.1; Nexus 5X Build/MMB29P) AppleWebKit/537.36 (KHTML, like Gecko) Chrome/80.0.3987.92 Mobile Safari/537.36 (compatible; Googlebot/2.1; +http://www.google.com/bot.html)" 
66.249.66.44 - - [17/Mar/2020:02:23:22 -0700] "GET /service/web/unfurl/?url=https%3A%2F%2Fboffosocko.com%2F2018%2F09%2F04%2Fthe-world-is-a-terrible-place-right-now-and-thats-largely-because-it-is-what-we-make-it-wil-wheaton%2F&__bTk=eeebfad334d124a9383e169516aae8080d9de96b468d6e3b3425445585023ff2&__bTs=1582881149 HTTP/1.1" 403 1392 "https://stream.jeremycherfas.net/?offset=967&_t=amp" "Mozilla/5.0 (Linux; Android 6.0.1; Nexus 5X Build/MMB29P) AppleWebKit/537.36 (KHTML, like Gecko) Chrome/80.0.3987.92 Mobile Safari/537.36 (compatible; Googlebot/2.1; +http://www.google.com/bot.html)" 
66.249.66.44 - - [17/Mar/2020:02:23:22 -0700] "GET /service/web/unfurl/?url=https%3A%2F%2Fchristophertomlinson.com%2F2018%2F09%2F10%2Findieweb-ad-so-thats-creative%2F&__bTk=eeebfad334d124a9383e169516aae8080d9de96b468d6e3b3425445585023ff2&__bTs=1582881149 HTTP/1.1" 403 1332 "https://stream.jeremycherfas.net/?offset=967&_t=amp" "Mozilla/5.0 (Linux; Android 6.0.1; Nexus 5X Build/MMB29P) AppleWebKit/537.36 (KHTML, like Gecko) Chrome/80.0.3987.92 Mobile Safari/537.36 (compatible; Googlebot/2.1; +http://www.google.com/bot.html)" 
66.249.66.46 - - [17/Mar/2020:02:23:23 -0700] "GET /service/web/unfurl/?url=https%3A%2F%2Fchristophertomlinson.com%2F2018%2F09%2F10%2Findieweb-ad-so-thats-creative%2F&__bTk=eeebfad334d124a9383e169516aae8080d9de96b468d6e3b3425445585023ff2&__bTs=1582881149 HTTP/1.1" 403 4649 "https://stream.jeremycherfas.net/?offset=967&_t=amp" "Mozilla/5.0 (Linux; Android 6.0.1; Nexus 5X Build/MMB29P) AppleWebKit/537.36 (KHTML, like Gecko) Chrome/80.0.3987.92 Mobile Safari/537.36 (compatible; Googlebot/2.1; +http://www.google.com/bot.html)" 
66.249.66.44 - - [17/Mar/2020:02:23:28 -0700] "GET /?offset=677&_t=amp HTTP/1.1" 200 11842 "-" "Mozilla/5.0 (Linux; Android 6.0.1; Nexus 5X Build/MMB29P) AppleWebKit/537.36 (KHTML, like Gecko) Chrome/41.0.2272.96 Mobile Safari/537.36 (compatible; Googlebot/2.1; +http://www.google.com/bot.html)" 
66.249.66.44 - - [17/Mar/2020:02:23:36 -0700] "GET /?offset=667&_t=amp HTTP/1.1" 200 12084 "-" "Mozilla/5.0 (Linux; Android 6.0.1; Nexus 5X Build/MMB29P) AppleWebKit/537.36 (KHTML, like Gecko) Chrome/41.0.2272.96 Mobile Safari/537.36 (compatible; Googlebot/2.1; +http://www.google.com/bot.html)" 
66.249.66.44 - - [17/Mar/2020:02:23:46 -0700] "GET /?offset=957 HTTP/1.1" 200 10891 "-" "Mozilla/5.0 (Linux; Android 6.0.1; Nexus 5X Build/MMB29P) AppleWebKit/537.36 (KHTML, like Gecko) Chrome/41.0.2272.96 Mobile Safari/537.36 (compatible; Googlebot/2.1; +http://www.google.com/bot.html)" 
54.36.150.88 - - [17/Mar/2020:02:23:52 -0700] "GET /tag/indieweb?offset=55&_t=rss HTTP/1.1" 200 8005 "-" "Mozilla/5.0 (compatible; AhrefsBot/6.1; +http://ahrefs.com/robot/)" 
66.249.66.44 - - [17/Mar/2020:02:23:54 -0700] "GET /service/web/unfurl/?url=https%3A%2F%2Fwww.economist.com%2Fchristmas-specials%2F2018%2F12%2F18%2Forigami-spreads-its-wings&__bTk=00c9b06e69767fd9618130bb6e97c36bc68e1e4970607eb39f837b98105b0d74&__bTs=1580988002 HTTP/1.1" 403 4656 "https://stream.jeremycherfas.net/?offset=667&_t=amp" "Mozilla/5.0 (Linux; Android 6.0.1; Nexus 5X Build/MMB29P) AppleWebKit/537.36 (KHTML, like Gecko) Chrome/80.0.3987.92 Mobile Safari/537.36 (compatible; Googlebot/2.1; +http://www.google.com/bot.html)" 
66.249.66.44 - - [17/Mar/2020:02:23:55 -0700] "GET /service/web/unfurl/?url=https%3A%2F%2Fwww.economist.com%2Fchristmas-specials%2F2018%2F12%2F18%2Forigami-spreads-its-wings&__bTk=e749a8d6db3902ca6785f67a2ee2212e968b21f50c70879db9a01b3070a8d93d&__bTs=1583580603 HTTP/1.1" 403 1339 "https://stream.jeremycherfas.net/?offset=667&_t=amp" "Mozilla/5.0 (Linux; Android 6.0.1; Nexus 5X Build/MMB29P) AppleWebKit/537.36 (KHTML, like Gecko) Chrome/80.0.3987.92 Mobile Safari/537.36 (compatible; Googlebot/2.1; +http://www.google.com/bot.html)" 
66.249.66.44 - - [17/Mar/2020:02:23:55 -0700] "GET /?offset=977&_t=amp HTTP/1.1" 200 7511 "-" "Mozilla/5.0 (Linux; Android 6.0.1; Nexus 5X Build/MMB29P) AppleWebKit/537.36 (KHTML, like Gecko) Chrome/41.0.2272.96 Mobile Safari/537.36 (compatible; Googlebot/2.1; +http://www.google.com/bot.html)" 
66.249.66.44 - - [17/Mar/2020:02:23:56 -0700] "GET /?offset=967&_t=rss HTTP/1.1" 200 3872 "-" "Mozilla/5.0 (Linux; Android 6.0.1; Nexus 5X Build/MMB29P) AppleWebKit/537.36 (KHTML, like Gecko) Chrome/41.0.2272.96 Mobile Safari/537.36 (compatible; Googlebot/2.1; +http://www.google.com/bot.html)" 
66.249.66.46 - - [17/Mar/2020:02:24:02 -0700] "GET /2018/just-part-of-this-mornings-fun-yvette-klein-reflects-on HTTP/1.1" 304 3742 "-" "Mozilla/5.0 (Linux; Android 6.0.1; Nexus 5X Build/MMB29P) AppleWebKit/537.36 (KHTML, like Gecko) Chrome/41.0.2272.96 Mobile Safari/537.36 (compatible; Googlebot/2.1; +http://www.google.com/bot.html)" 
66.249.66.44 - - [17/Mar/2020:02:24:04 -0700] "GET /?offset=967 HTTP/1.1" 200 11229 "-" "Mozilla/5.0 (Linux; Android 6.0.1; Nexus 5X Build/MMB29P) AppleWebKit/537.36 (KHTML, like Gecko) Chrome/41.0.2272.96 Mobile Safari/537.36 (compatible; Googlebot/2.1; +http://www.google.com/bot.html)" 
66.249.66.46 - - [17/Mar/2020:02:24:13 -0700] "GET /?offset=987&_t=amp HTTP/1.1" 200 10978 "-" "Mozilla/5.0 (Linux; Android 6.0.1; Nexus 5X Build/MMB29P) AppleWebKit/537.36 (KHTML, like Gecko) Chrome/41.0.2272.96 Mobile Safari/537.36 (compatible; Googlebot/2.1; +http://www.google.com/bot.html)" 
66.249.66.46 - - [17/Mar/2020:02:24:14 -0700] "GET /?offset=977&_t=rss HTTP/1.1" 200 3417 "-" "Mozilla/5.0 (Linux; Android 6.0.1; Nexus 5X Build/MMB29P) AppleWebKit/537.36 (KHTML, like Gecko) Chrome/41.0.2272.96 Mobile Safari/537.36 (compatible; Googlebot/2.1; +http://www.google.com/bot.html)" 
114.119.160.143 - - [17/Mar/2020:02:24:31 -0700] "GET /content/bookmarkedpages?q=%23hearsay2017 HTTP/1.1" 200 8324 "-" "Mozilla/5.0 (Linux; Android 7.0;) AppleWebKit/537.36 (KHTML, like Gecko) Mobile Safari/537.36 (compatible; AspiegelBot)" 
66.249.66.44 - - [17/Mar/2020:02:24:33 -0700] "GET /?offset=657&_t=amp HTTP/1.1" 200 11672 "-" "Mozilla/5.0 (Linux; Android 6.0.1; Nexus 5X Build/MMB29P) AppleWebKit/537.36 (KHTML, like Gecko) Chrome/41.0.2272.96 Mobile Safari/537.36 (compatible; Googlebot/2.1; +http://www.google.com/bot.html)" 
66.249.66.48 - - [17/Mar/2020:02:24:41 -0700] "GET /service/web/unfurl/?url=https%3A%2F%2Fwww.sourdough.co.uk%2Fcan-real-sourdough-identified%2F&__bTk=9bfe14af5f4e9e4706a147864eff39af45bf60c8c5e5c5c9538cfcf33e2e293b&__bTs=1583712000 HTTP/1.1" 403 4651 "https://stream.jeremycherfas.net/?offset=987&_t=amp" "Mozilla/5.0 (Linux; Android 6.0.1; Nexus 5X Build/MMB29P) AppleWebKit/537.36 (KHTML, like Gecko) Chrome/80.0.3987.92 Mobile Safari/537.36 (compatible; Googlebot/2.1; +http://www.google.com/bot.html)" 
66.249.66.44 - - [17/Mar/2020:02:24:42 -0700] "GET /service/web/unfurl/?url=https%3A%2F%2Fwww.sourdough.co.uk%2Fcan-real-sourdough-identified%2F&__bTk=e749a8d6db3902ca6785f67a2ee2212e968b21f50c70879db9a01b3070a8d93d&__bTs=1583580603 HTTP/1.1" 403 4627 "https://stream.jeremycherfas.net/?offset=987&_t=amp" "Mozilla/5.0 (Linux; Android 6.0.1; Nexus 5X Build/MMB29P) AppleWebKit/537.36 (KHTML, like Gecko) Chrome/80.0.3987.92 Mobile Safari/537.36 (compatible; Googlebot/2.1; +http://www.google.com/bot.html)" 
54.36.149.32 - - [17/Mar/2020:02:24:59 -0700] "GET /content/photos/?q=%23Lithuania HTTP/1.1" 200 9115 "-" "Mozilla/5.0 (compatible; AhrefsBot/6.1; +http://ahrefs.com/robot/)" 
66.249.66.46 - - [17/Mar/2020:02:25:13 -0700] "GET /service/web/unfurl/?url=https%3A%2F%2Fggwash.org%2Fview%2F68929%2Fhow-did-dockless-bikeshare-impact-cabi-heres-what-we-found&__bTk=e749a8d6db3902ca6785f67a2ee2212e968b21f50c70879db9a01b3070a8d93d&__bTs=1583580603 HTTP/1.1" 403 4659 "https://stream.jeremycherfas.net/?offset=967" "Mozilla/5.0 (Linux; Android 6.0.1; Nexus 5X Build/MMB29P) AppleWebKit/537.36 (KHTML, like Gecko) Chrome/80.0.3987.92 Mobile Safari/537.36 (compatible; Googlebot/2.1; +http://www.google.com/bot.html)" 
66.249.66.46 - - [17/Mar/2020:02:25:13 -0700] "GET /service/web/unfurl/?url=https%3A%2F%2Fadactio.com%2Fjournal%2F14304&__bTk=e749a8d6db3902ca6785f67a2ee2212e968b21f50c70879db9a01b3070a8d93d&__bTs=1583580603 HTTP/1.1" 403 1285 "https://stream.jeremycherfas.net/?offset=967" "Mozilla/5.0 (Linux; Android 6.0.1; Nexus 5X Build/MMB29P) AppleWebKit/537.36 (KHTML, like Gecko) Chrome/80.0.3987.92 Mobile Safari/537.36 (compatible; Googlebot/2.1; +http://www.google.com/bot.html)" 
66.249.66.48 - - [17/Mar/2020:02:25:14 -0700] "GET /service/web/unfurl/?url=https%3A%2F%2Fboffosocko.com%2F2018%2F09%2F04%2Fthe-world-is-a-terrible-place-right-now-and-thats-largely-because-it-is-what-we-make-it-wil-wheaton%2F&__bTk=e749a8d6db3902ca6785f67a2ee2212e968b21f50c70879db9a01b3070a8d93d&__bTs=1583580603 HTTP/1.1" 403 4709 "https://stream.jeremycherfas.net/?offset=967" "Mozilla/5.0 (Linux; Android 6.0.1; Nexus 5X Build/MMB29P) AppleWebKit/537.36 (KHTML, like Gecko) Chrome/80.0.3987.92 Mobile Safari/537.36 (compatible; Googlebot/2.1; +http://www.google.com/bot.html)" 
66.249.66.48 - - [17/Mar/2020:02:25:21 -0700] "GET /content/all/?offset=1093&_t=amp HTTP/1.1" 200 10813 "-" "Mozilla/5.0 (Linux; Android 6.0.1; Nexus 5X Build/MMB29P) AppleWebKit/537.36 (KHTML, like Gecko) Chrome/41.0.2272.96 Mobile Safari/537.36 (compatible; Googlebot/2.1; +http://www.google.com/bot.html)" 
217.78.203.50 - - [17/Mar/2020:02:25:22 -0700] "POST /robots.txt HTTP/1.1" 500 17600 "-" "Wget/1.15 (linux-gnu)" 
66.249.66.44 - - [17/Mar/2020:02:25:43 -0700] "GET /?offset=214 HTTP/1.1" 200 11730 "-" "Mozilla/5.0 (Linux; Android 6.0.1; Nexus 5X Build/MMB29P) AppleWebKit/537.36 (KHTML, like Gecko) Chrome/41.0.2272.96 Mobile Safari/537.36 (compatible; Googlebot/2.1; +http://www.google.com/bot.html)" 
66.249.66.44 - - [17/Mar/2020:02:25:57 -0700] "GET /service/web/unfurl/?url=https%3A%2F%2Frachelandrew.co.uk%2Farchives%2F2019%2F01%2F30%2Fhtml-css-and-our-vanishing-industry-entry-points%2F&__bTk=e749a8d6db3902ca6785f67a2ee2212e968b21f50c70879db9a01b3070a8d93d&__bTs=1583580603 HTTP/1.1" 403 4673 "https://stream.jeremycherfas.net/?offset=657&_t=amp" "Mozilla/5.0 (Linux; Android 6.0.1; Nexus 5X Build/MMB29P) AppleWebKit/537.36 (KHTML, like Gecko) Chrome/80.0.3987.92 Mobile Safari/537.36 (compatible; Googlebot/2.1; +http://www.google.com/bot.html)" 
66.249.66.44 - - [17/Mar/2020:02:25:57 -0700] "GET /service/web/unfurl/?url=https%3A%2F%2Fwww.motherjones.com%2Ffood%2F2019%2F02%2Fsuper-bowl-coors-miller-budlight-corn-syrup%2F&__bTk=e749a8d6db3902ca6785f67a2ee2212e968b21f50c70879db9a01b3070a8d93d&__bTs=1583580603 HTTP/1.1" 403 1343 "https://stream.jeremycherfas.net/?offset=657&_t=amp" "Mozilla/5.0 (Linux; Android 6.0.1; Nexus 5X Build/MMB29P) AppleWebKit/537.36 (KHTML, like Gecko) Chrome/80.0.3987.92 Mobile Safari/537.36 (compatible; Googlebot/2.1; +http://www.google.com/bot.html)" 
66.249.66.44 - - [17/Mar/2020:02:25:58 -0700] "GET /service/web/unfurl/?url=https%3A%2F%2Fwww.zylstra.org%2Fblog%2F2019%2F02%2Fwinter-profiteering%2F&__bTk=e749a8d6db3902ca6785f67a2ee2212e968b21f50c70879db9a01b3070a8d93d&__bTs=1583580603 HTTP/1.1" 403 1315 "https://stream.jeremycherfas.net/?offset=657&_t=amp" "Mozilla/5.0 (Linux; Android 6.0.1; Nexus 5X Build/MMB29P) AppleWebKit/537.36 (KHTML, like Gecko) Chrome/80.0.3987.92 Mobile Safari/537.36 (compatible; Googlebot/2.1; +http://www.google.com/bot.html)" 
66.249.66.50 - - [17/Mar/2020:02:26:03 -0700] "GET /service/web/unfurl/?url=https%3A%2F%2Fwww.theatlantic.com%2Fscience%2Farchive%2F2018%2F04%2Freich-genetics-racism%2F558818%2F&__bTk=cb12bc1b2f4c761cbaf0710bf1b9e4d33648939e0c4fa68cc4f9d91d6fa90e13&__bTs=1581120000 HTTP/1.1" 403 4684 "https://stream.jeremycherfas.net/?offset=1120" "Mozilla/5.0 (Linux; Android 6.0.1; Nexus 5X Build/MMB29P) AppleWebKit/537.36 (KHTML, like Gecko) Chrome/80.0.3987.92 Mobile Safari/537.36 (compatible; Googlebot/2.1; +http://www.google.com/bot.html)" 
66.249.66.48 - - [17/Mar/2020:02:26:03 -0700] "GET /service/web/unfurl/?url=https%3A%2F%2Fwww.theatlantic.com%2Fscience%2Farchive%2F2018%2F04%2Freich-genetics-racism%2F558818%2F&__bTk=e749a8d6db3902ca6785f67a2ee2212e968b21f50c70879db9a01b3070a8d93d&__bTs=1583580603 HTTP/1.1" 403 4660 "https://stream.jeremycherfas.net/?offset=1120" "Mozilla/5.0 (Linux; Android 6.0.1; Nexus 5X Build/MMB29P) AppleWebKit/537.36 (KHTML, like Gecko) Chrome/80.0.3987.92 Mobile Safari/537.36 (compatible; Googlebot/2.1; +http://www.google.com/bot.html)" 
66.249.66.44 - - [17/Mar/2020:02:26:16 -0700] "GET /?offset=224&_t=rss HTTP/1.1" 200 7264 "-" "Mozilla/5.0 (Linux; Android 6.0.1; Nexus 5X Build/MMB29P) AppleWebKit/537.36 (KHTML, like Gecko) Chrome/41.0.2272.96 Mobile Safari/537.36 (compatible; Googlebot/2.1; +http://www.google.com/bot.html)" 
54.36.148.85 - - [17/Mar/2020:02:26:28 -0700] "GET /2017/lazymention-sounds-really-interesting-and-potentially-a-welcome-release-from HTTP/1.1" 200 9451 "-" "Mozilla/5.0 (compatible; AhrefsBot/6.1; +http://ahrefs.com/robot/)" 
66.249.66.48 - - [17/Mar/2020:02:26:49 -0700] "GET /content/all/?offset=1671 HTTP/1.1" 200 12066 "-" "Mozilla/5.0 (Linux; Android 6.0.1; Nexus 5X Build/MMB29P) AppleWebKit/537.36 (KHTML, like Gecko) Chrome/41.0.2272.96 Mobile Safari/537.36 (compatible; Googlebot/2.1; +http://www.google.com/bot.html)" 
66.249.66.50 - - [17/Mar/2020:02:27:12 -0700] "GET /tag/hearsay17 HTTP/1.1" 200 9814 "-" "Mozilla/5.0 (Linux; Android 6.0.1; Nexus 5X Build/MMB29P) AppleWebKit/537.36 (KHTML, like Gecko) Chrome/41.0.2272.96 Mobile Safari/537.36 (compatible; Googlebot/2.1; +http://www.google.com/bot.html)" 
54.36.148.5 - - [17/Mar/2020:02:27:25 -0700] "GET /content/locations/?q=%23Indieweb&_t=rss HTTP/1.1" 200 4819 "-" "Mozilla/5.0 (compatible; AhrefsBot/6.1; +http://ahrefs.com/robot/)" 
54.36.148.38 - - [17/Mar/2020:02:27:33 -0700] "GET /?q=%23WithKnown&offset=10 HTTP/1.1" 200 11932 "-" "Mozilla/5.0 (compatible; AhrefsBot/6.1; +http://ahrefs.com/robot/)" 
66.249.66.44 - - [17/Mar/2020:02:27:36 -0700] "GET /?offset=997&_t=amp HTTP/1.1" 200 12172 "-" "Mozilla/5.0 (Linux; Android 6.0.1; Nexus 5X Build/MMB29P) AppleWebKit/537.36 (KHTML, like Gecko) Chrome/41.0.2272.96 Mobile Safari/537.36 (compatible; Googlebot/2.1; +http://www.google.com/bot.html)" 
66.249.66.50 - - [17/Mar/2020:02:28:00 -0700] "GET /2017/mid-morning-pit-stop-on-the-way-to HTTP/1.1" 200 10980 "-" "Mozilla/5.0 (Linux; Android 6.0.1; Nexus 5X Build/MMB29P) AppleWebKit/537.36 (KHTML, like Gecko) Chrome/41.0.2272.96 Mobile Safari/537.36 (compatible; Googlebot/2.1; +http://www.google.com/bot.html)" 
64.111.100.215 - - [17/Mar/2020:02:28:17 -0700] "GET /content/all?_t=rss HTTP/1.1" 200 15948 "-" "Mozilla/5.0 (X11; U; Linux i686; fr; rv:1.9.1.1) Gecko/20090715 Firefox/3.5.1" 
66.249.66.50 - - [17/Mar/2020:02:28:19 -0700] "GET /?q=%23hearsay17 HTTP/1.1" 200 9837 "-" "Mozilla/5.0 (Linux; Android 6.0.1; Nexus 5X Build/MMB29P) AppleWebKit/537.36 (KHTML, like Gecko) Chrome/41.0.2272.96 Mobile Safari/537.36 (compatible; Googlebot/2.1; +http://www.google.com/bot.html)" 
54.36.150.86 - - [17/Mar/2020:02:28:24 -0700] "GET /2017/pork-safety-in-vietnam-further-evidence-from-ilri-that-eaters HTTP/1.1" 200 10114 "-" "Mozilla/5.0 (compatible; AhrefsBot/6.1; +http://ahrefs.com/robot/)" 
66.249.66.48 - - [17/Mar/2020:02:28:28 -0700] "GET /service/web/unfurl/?url=https%3A%2F%2Fwww.theatlantic.com%2Fscience%2Farchive%2F2018%2F04%2Freich-genetics-racism%2F558818%2F&__bTk=9bfe14af5f4e9e4706a147864eff39af45bf60c8c5e5c5c9538cfcf33e2e293b&__bTs=1583819872 HTTP/1.1" 403 4817 "https://www.stream.jeremycherfas.net/content/all/?offset=1192" "Mozilla/5.0 (Linux; Android 6.0.1; Nexus 5X Build/MMB29P) AppleWebKit/537.36 (KHTML, like Gecko) Chrome/80.0.3987.92 Mobile Safari/537.36 (compatible; Googlebot/2.1; +http://www.google.com/bot.html)" 
54.36.150.23 - - [17/Mar/2020:02:28:38 -0700] "GET /2017/no-getting-away-from-it HTTP/1.1" 200 10657 "-" "Mozilla/5.0 (compatible; AhrefsBot/6.1; +http://ahrefs.com/robot/)" 
66.249.66.48 - - [17/Mar/2020:02:28:40 -0700] "GET /tag/hearsay17?_t=rss HTTP/1.1" 200 6053 "-" "Mozilla/5.0 (Linux; Android 6.0.1; Nexus 5X Build/MMB29P) AppleWebKit/537.36 (KHTML, like Gecko) Chrome/41.0.2272.96 Mobile Safari/537.36 (compatible; Googlebot/2.1; +http://www.google.com/bot.html)" 
66.249.66.48 - - [17/Mar/2020:02:28:58 -0700] "GET /content/audio/?q=%23hearsay17 HTTP/1.1" 200 8560 "-" "Mozilla/5.0 (Linux; Android 6.0.1; Nexus 5X Build/MMB29P) AppleWebKit/537.36 (KHTML, like Gecko) Chrome/41.0.2272.96 Mobile Safari/537.36 (compatible; Googlebot/2.1; +http://www.google.com/bot.html)" 
66.249.66.48 - - [17/Mar/2020:02:29:16 -0700] "GET /content/posts/?q=%23hearsay17 HTTP/1.1" 200 8560 "-" "Mozilla/5.0 (Linux; Android 6.0.1; Nexus 5X Build/MMB29P) AppleWebKit/537.36 (KHTML, like Gecko) Chrome/41.0.2272.96 Mobile Safari/537.36 (compatible; Googlebot/2.1; +http://www.google.com/bot.html)" 
66.249.66.48 - - [17/Mar/2020:02:29:52 -0700] "GET /content/all/?offset=1661&_t=rss HTTP/1.1" 200 8274 "-" "Mozilla/5.0 (Linux; Android 6.0.1; Nexus 5X Build/MMB29P) AppleWebKit/537.36 (KHTML, like Gecko) Chrome/41.0.2272.96 Mobile Safari/537.36 (compatible; Googlebot/2.1; +http://www.google.com/bot.html)" 
114.119.165.37 - - [17/Mar/2020:02:30:01 -0700] "GET /content/posts?q=%23%2B%23indieweb&offset=0 HTTP/1.1" 200 15434 "-" "Mozilla/5.0 (Linux; Android 7.0;) AppleWebKit/537.36 (KHTML, like Gecko) Mobile Safari/537.36 (compatible; AspiegelBot)" 
66.249.66.50 - - [17/Mar/2020:02:30:09 -0700] "GET /content/posts/?q=%23hearsay17&_t=rss HTTP/1.1" 200 5109 "-" "Mozilla/5.0 (Linux; Android 6.0.1; Nexus 5X Build/MMB29P) AppleWebKit/537.36 (KHTML, like Gecko) Chrome/41.0.2272.96 Mobile Safari/537.36 (compatible; Googlebot/2.1; +http://www.google.com/bot.html)" 
66.249.66.50 - - [17/Mar/2020:02:30:23 -0700] "GET /content/all/?offset=1681 HTTP/1.1" 200 11597 "-" "Mozilla/5.0 (Linux; Android 6.0.1; Nexus 5X Build/MMB29P) AppleWebKit/537.36 (KHTML, like Gecko) Chrome/41.0.2272.96 Mobile Safari/537.36 (compatible; Googlebot/2.1; +http://www.google.com/bot.html)" 
66.249.66.46 - - [17/Mar/2020:02:30:49 -0700] "GET /service/web/unfurl/?url=https%3A%2F%2Fwww.absw.org.uk%2Fmember-offers-services-and-opportunities%2Fauthory-build-your-article-archive-45-off-for-absw-members&__bTk=ba0a8091621f3d998f174094005779b747ece139918d916b55a545738c009ee1&__bTs=1583637010 HTTP/1.1" 403 4692 "https://stream.jeremycherfas.net/?offset=927" "Mozilla/5.0 (Linux; Android 6.0.1; Nexus 5X Build/MMB29P) AppleWebKit/537.36 (KHTML, like Gecko) Chrome/80.0.3987.92 Mobile Safari/537.36 (compatible; Googlebot/2.1; +http://www.google.com/bot.html)" 
66.249.66.48 - - [17/Mar/2020:02:30:51 -0700] "GET /service/web/unfurl/?url=https%3A%2F%2Fwww.theatlantic.com%2Fhealth%2Farchive%2F2018%2F09%2Fwhat-is-food-science%2F571105%2F&__bTk=ba0a8091621f3d998f174094005779b747ece139918d916b55a545738c009ee1&__bTs=1583637010 HTTP/1.1" 403 4658 "https://stream.jeremycherfas.net/?offset=927" "Mozilla/5.0 (Linux; Android 6.0.1; Nexus 5X Build/MMB29P) AppleWebKit/537.36 (KHTML, like Gecko) Chrome/80.0.3987.92 Mobile Safari/537.36 (compatible; Googlebot/2.1; +http://www.google.com/bot.html)" 
66.249.66.48 - - [17/Mar/2020:02:30:51 -0700] "GET /service/web/unfurl/?url=https%3A%2F%2Fthreader.app%2Fthread%2F1044577825091514368.&__bTk=ba0a8091621f3d998f174094005779b747ece139918d916b55a545738c009ee1&__bTs=1583637010 HTTP/1.1" 403 1300 "https://stream.jeremycherfas.net/?offset=927" "Mozilla/5.0 (Linux; Android 6.0.1; Nexus 5X Build/MMB29P) AppleWebKit/537.36 (KHTML, like Gecko) Chrome/80.0.3987.92 Mobile Safari/537.36 (compatible; Googlebot/2.1; +http://www.google.com/bot.html)" 
66.249.66.48 - - [17/Mar/2020:02:30:52 -0700] "GET /service/web/unfurl/?url=https%3A%2F%2Fquillette.com%2F2018%2F09%2F25%2Fforget-nature-versus-nurture-nature-has-won%2F&__bTk=ba0a8091621f3d998f174094005779b747ece139918d916b55a545738c009ee1&__bTs=1583637010 HTTP/1.1" 403 1335 "https://stream.jeremycherfas.net/?offset=927" "Mozilla/5.0 (Linux; Android 6.0.1; Nexus 5X Build/MMB29P) AppleWebKit/537.36 (KHTML, like Gecko) Chrome/80.0.3987.92 Mobile Safari/537.36 (compatible; Googlebot/2.1; +http://www.google.com/bot.html)" 
66.249.66.48 - - [17/Mar/2020:02:30:52 -0700] "GET /service/web/unfurl/?url=https%3A%2F%2Fwww.cgdev.org%2Fblog%2F12-things-we-can-agree-about-global-poverty&__bTk=ba0a8091621f3d998f174094005779b747ece139918d916b55a545738c009ee1&__bTs=1583637010 HTTP/1.1" 403 1322 "https://stream.jeremycherfas.net/?offset=927" "Mozilla/5.0 (Linux; Android 6.0.1; Nexus 5X Build/MMB29P) AppleWebKit/537.36 (KHTML, like Gecko) Chrome/80.0.3987.92 Mobile Safari/537.36 (compatible; Googlebot/2.1; +http://www.google.com/bot.html)" 
66.249.66.46 - - [17/Mar/2020:02:30:53 -0700] "GET /service/web/unfurl/?url=https%3A%2F%2Fquillette.com%2F2018%2F09%2F25%2Fforget-nature-versus-nurture-nature-has-won%2F&__bTk=ba0a8091621f3d998f174094005779b747ece139918d916b55a545738c009ee1&__bTs=1583637010 HTTP/1.1" 403 4652 "https://stream.jeremycherfas.net/?offset=927" "Mozilla/5.0 (Linux; Android 6.0.1; Nexus 5X Build/MMB29P) AppleWebKit/537.36 (KHTML, like Gecko) Chrome/80.0.3987.92 Mobile Safari/537.36 (compatible; Googlebot/2.1; +http://www.google.com/bot.html)" 
54.36.149.105 - - [17/Mar/2020:02:31:16 -0700] "GET /2019/uh-oh-asking-people-to-stop-eating-meat HTTP/1.1" 200 10552 "-" "Mozilla/5.0 (compatible; AhrefsBot/6.1; +http://ahrefs.com/robot/)" 
51.68.180.146 - - [17/Mar/2020:02:33:28 -0700] "GET /content/photos/ HTTP/1.0" 200 57632 "-" "-" 
66.249.66.48 - - [17/Mar/2020:02:34:04 -0700] "GET /content/all/?offset=1031&_t=amp HTTP/1.1" 200 12079 "-" "Mozilla/5.0 (Linux; Android 6.0.1; Nexus 5X Build/MMB29P) AppleWebKit/537.36 (KHTML, like Gecko) Chrome/41.0.2272.96 Mobile Safari/537.36 (compatible; Googlebot/2.1; +http://www.google.com/bot.html)" 
66.249.66.50 - - [17/Mar/2020:02:34:13 -0700] "GET /service/web/unfurl/?url=http%3A%2F%2Fmemex.naughtons.org%2Farchives%2F2018%2F08%2F16%2F25929&__bTk=8058866eb1301f6da24f25db105723a34b1ac6af6a4b74e5f0b02587a3badf9a&__bTs=1582745458 HTTP/1.1" 403 4651 "https://www.stream.jeremycherfas.net/content/all/?offset=1031&_t=amp" "Mozilla/5.0 (Linux; Android 6.0.1; Nexus 5X Build/MMB29P) AppleWebKit/537.36 (KHTML, like Gecko) Chrome/80.0.3987.92 Mobile Safari/537.36 (compatible; Googlebot/2.1; +http://www.google.com/bot.html)" 
54.36.150.52 - - [17/Mar/2020:02:35:06 -0700] "GET /2019/2019-04-12 HTTP/1.1" 200 9422 "-" "Mozilla/5.0 (compatible; AhrefsBot/6.1; +http://ahrefs.com/robot/)" 
46.229.168.137 - - [17/Mar/2020:02:35:37 -0700] "GET /?q=%23%2B%23photo HTTP/1.1" 200 13021 "-" "Mozilla/5.0 (compatible; SemrushBot/6~bl; +http://www.semrush.com/bot.html)" 
46.229.168.143 - - [17/Mar/2020:02:35:42 -0700] "GET /2018/i-knew-id-forget-some-so-theres HTTP/1.1" 200 10306 "-" "Mozilla/5.0 (compatible; SemrushBot/6~bl; +http://www.semrush.com/bot.html)" 
66.249.66.50 - - [17/Mar/2020:02:36:00 -0700] "GET /vendor/bower-asset/mention/recommended-styles.css HTTP/1.1" 404 7880 "https://www.stream.jeremycherfas.net/content/all/?offset=781" "Mozilla/5.0 (Linux; Android 6.0.1; Nexus 5X Build/MMB29P) AppleWebKit/537.36 (KHTML, like Gecko) Chrome/80.0.3987.92 Mobile Safari/537.36 (compatible; Googlebot/2.1; +http://www.google.com/bot.html)" 
66.249.66.50 - - [17/Mar/2020:02:36:00 -0700] "GET /service/web/unfurl/?url=https%3A%2F%2Fquillette.com%2F2018%2F09%2F25%2Fforget-nature-versus-nurture-nature-has-won%2F&__bTk=8058866eb1301f6da24f25db105723a34b1ac6af6a4b74e5f0b02587a3badf9a&__bTs=1582745458 HTTP/1.1" 403 1359 "https://www.stream.jeremycherfas.net/content/all/?offset=781" "Mozilla/5.0 (Linux; Android 6.0.1; Nexus 5X Build/MMB29P) AppleWebKit/537.36 (KHTML, like Gecko) Chrome/80.0.3987.92 Mobile Safari/537.36 (compatible; Googlebot/2.1; +http://www.google.com/bot.html)" 
66.249.66.48 - - [17/Mar/2020:02:36:01 -0700] "GET /service/web/unfurl/?url=https%3A%2F%2Fwww.cgdev.org%2Fblog%2F12-things-we-can-agree-about-global-poverty&__bTk=8058866eb1301f6da24f25db105723a34b1ac6af6a4b74e5f0b02587a3badf9a&__bTs=1582745458 HTTP/1.1" 403 4663 "https://www.stream.jeremycherfas.net/content/all/?offset=781" "Mozilla/5.0 (Linux; Android 6.0.1; Nexus 5X Build/MMB29P) AppleWebKit/537.36 (KHTML, like Gecko) Chrome/80.0.3987.92 Mobile Safari/537.36 (compatible; Googlebot/2.1; +http://www.google.com/bot.html)" 
66.249.66.50 - - [17/Mar/2020:02:36:01 -0700] "GET /service/web/unfurl/?url=https%3A%2F%2Fwww.absw.org.uk%2Fmember-offers-services-and-opportunities%2Fauthory-build-your-article-archive-45-off-for-absw-members&__bTk=8058866eb1301f6da24f25db105723a34b1ac6af6a4b74e5f0b02587a3badf9a&__bTs=1582745458 HTTP/1.1" 403 1399 "https://www.stream.jeremycherfas.net/content/all/?offset=781" "Mozilla/5.0 (Linux; Android 6.0.1; Nexus 5X Build/MMB29P) AppleWebKit/537.36 (KHTML, like Gecko) Chrome/80.0.3987.92 Mobile Safari/537.36 (compatible; Googlebot/2.1; +http://www.google.com/bot.html)" 
54.36.150.42 - - [17/Mar/2020:02:36:46 -0700] "GET /content/locations/?offset=87 HTTP/1.1" 200 11078 "-" "Mozilla/5.0 (compatible; AhrefsBot/6.1; +http://ahrefs.com/robot/)" 
46.229.168.144 - - [17/Mar/2020:02:37:05 -0700] "GET /content/all/?q=%23antibiotics HTTP/1.1" 200 10013 "-" "Mozilla/5.0 (compatible; SemrushBot/6~bl; +http://www.semrush.com/bot.html)" 
54.36.148.189 - - [17/Mar/2020:02:37:14 -0700] "GET /2019/checked-into-sunshine HTTP/1.1" 200 9462 "-" "Mozilla/5.0 (compatible; AhrefsBot/6.1; +http://ahrefs.com/robot/)" 
96.126.125.129 - - [17/Mar/2020:02:37:29 -0700] "GET /content/statusupdates/posts/photos/checkins/bookmarkedpages?_t=rss HTTP/1.1" 200 7775 "-" "Micro.blog/1.0" 
109.177.205.52 - - [17/Mar/2020:02:37:57 -0700] "GET /robots.txt HTTP/1.1" 200 4378 "-" "Opera/9.80 (Macintosh; Intel Mac OS X 10.12.5) Presto/2.12.388 Version/12.16" 
109.177.205.52 - - [17/Mar/2020:02:38:01 -0700] "GET /content/photos/?offset=550 HTTP/1.1" 200 10925 "http://tantek.com/" "Opera/9.80 (Macintosh; Intel Mac OS X 10.12.5) Presto/2.12.388 Version/12.16" 
109.177.205.52 - - [17/Mar/2020:02:38:02 -0700] "GET /2017/could-this-be-a-crape-myrtle-fruit-is-it-good HTTP/1.1" 200 6932 "http://tantek.com/" "Opera/9.80 (Macintosh; Intel Mac OS X 10.12.5) Presto/2.12.388 Version/12.16" 
109.177.205.52 - - [17/Mar/2020:02:38:03 -0700] "GET /vendor/npm-asset/jquery/dist/jquery.min.js HTTP/1.1" 200 32009 "https://stream.jeremycherfas.net/content/photos/?offset=550" "Opera/9.80 (Macintosh; Intel Mac OS X 10.12.5) Presto/2.12.388 Version/12.16" 
109.177.205.52 - - [17/Mar/2020:02:38:04 -0700] "GET /vendor/forkawesome/fork-awesome/css/fork-awesome.min.css HTTP/1.1" 200 8923 "https://stream.jeremycherfas.net/content/photos/?offset=550" "Opera/9.80 (Macintosh; Intel Mac OS X 10.12.5) Presto/2.12.388 Version/12.16" 
109.177.205.52 - - [17/Mar/2020:02:38:04 -0700] "GET /js/1579440966/known.min.js HTTP/1.1" 200 4924 "https://stream.jeremycherfas.net/content/photos/?offset=550" "Opera/9.80 (Macintosh; Intel Mac OS X 10.12.5) Presto/2.12.388 Version/12.16" 
109.177.205.52 - - [17/Mar/2020:02:38:05 -0700] "GET /vendor/twbs/bootstrap/dist/js/bootstrap.min.js HTTP/1.1" 200 14741 "https://stream.jeremycherfas.net/content/photos/?offset=550" "Opera/9.80 (Macintosh; Intel Mac OS X 10.12.5) Presto/2.12.388 Version/12.16" 
109.177.205.52 - - [17/Mar/2020:02:38:05 -0700] "GET /vendor/npm-asset/bootstrap-toggle/js/bootstrap-toggle.js HTTP/1.1" 200 2106 "https://stream.jeremycherfas.net/content/photos/?offset=550" "Opera/9.80 (Macintosh; Intel Mac OS X 10.12.5) Presto/2.12.388 Version/12.16" 
109.177.205.52 - - [17/Mar/2020:02:38:05 -0700] "GET /vendor/twbs/bootstrap/dist/css/bootstrap.min.css HTTP/1.1" 200 23883 "https://stream.jeremycherfas.net/content/photos/?offset=550" "Opera/9.80 (Macintosh; Intel Mac OS X 10.12.5) Presto/2.12.388 Version/12.16" 
109.177.205.52 - - [17/Mar/2020:02:38:05 -0700] "GET /vendor/npm-asset/bootstrap-accessibility-plugin/plugins/js/bootstrap-accessibility.min.js HTTP/1.1" 200 7919 "https://stream.jeremycherfas.net/content/photos/?offset=550" "Opera/9.80 (Macintosh; Intel Mac OS X 10.12.5) Presto/2.12.388 Version/12.16" 
109.177.205.52 - - [17/Mar/2020:02:38:05 -0700] "GET /css/1579440965/known.min.css HTTP/1.1" 200 7758 "https://stream.jeremycherfas.net/content/photos/?offset=550" "Opera/9.80 (Macintosh; Intel Mac OS X 10.12.5) Presto/2.12.388 Version/12.16" 
