54.36.148.9 - - [06/Jun/2020:04:43:49 -0700] "GET /content/photos/?offset=340 HTTP/1.1" 200 10339 "-" "Mozilla/5.0 (compatible; AhrefsBot/6.1; +http://ahrefs.com/robot/)" 
54.36.148.89 - - [06/Jun/2020:04:44:04 -0700] "GET /tag/Indieweb?offset=83 HTTP/1.1" 200 13588 "-" "Mozilla/5.0 (compatible; AhrefsBot/6.1; +http://ahrefs.com/robot/)" 
46.229.168.141 - - [06/Jun/2020:04:44:34 -0700] "GET /2017/getting-set-for-virtual-homebrew-website-club-want-to-join HTTP/1.1" 200 9571 "-" "Mozilla/5.0 (compatible; SemrushBot/6~bl; +http://www.semrush.com/bot.html)" 
46.229.168.138 - - [06/Jun/2020:04:44:36 -0700] "GET /2020/theres-much-to-applaud-in-jasons-write-up HTTP/1.1" 200 10202 "-" "Mozilla/5.0 (compatible; SemrushBot/6~bl; +http://www.semrush.com/bot.html)" 
66.249.66.48 - - [06/Jun/2020:04:46:16 -0700] "GET /service/web/imageproxy/aHR0cHM6Ly9wYnMudHdpbWcuY29tL3Byb2ZpbGVfaW1hZ2VzLzEwMTMzNjY4NzQ0NjAwMzMwMjQvb1Z6M3FiNVcuanBn/300/square HTTP/1.1" 200 42445 "-" "Googlebot-Image/1.0" 
114.119.165.37 - - [06/Jun/2020:04:46:54 -0700] "GET /robots.txt HTTP/1.1" 200 4365 "-" "Mozilla/5.0 (Linux; Android 7.0;) AppleWebKit/537.36 (KHTML, like Gecko) Mobile Safari/537.36 (compatible; PetalBot;+https://aspiegel.com/petalbot)" 
46.229.168.154 - - [06/Jun/2020:04:46:55 -0700] "GET /content/all/?offset=30&q=%23indieweb HTTP/1.1" 200 13248 "-" "Mozilla/5.0 (compatible; SemrushBot/6~bl; +http://www.semrush.com/bot.html)" 
207.46.13.217 - - [06/Jun/2020:04:47:03 -0700] "GET /2019/and-a-few-hours-after-that-the-magic-we-wont HTTP/1.1" 200 13870 "-" "Mozilla/5.0 (compatible; bingbot/2.0; +http://www.bing.com/bingbot.htm)" 
46.229.168.141 - - [06/Jun/2020:04:47:14 -0700] "GET /?offset=34&q=%23WithKnown HTTP/1.1" 200 11718 "-" "Mozilla/5.0 (compatible; SemrushBot/6~bl; +http://www.semrush.com/bot.html)" 
96.126.125.129 - - [06/Jun/2020:04:47:14 -0700] "GET /content/statusupdates/posts/photos/checkins/bookmarkedpages?_t=rss HTTP/1.1" 200 7458 "-" "Micro.blog/1.0" 
54.36.148.169 - - [06/Jun/2020:04:47:39 -0700] "GET /content/all/?offset=350 HTTP/1.1" 200 11327 "-" "Mozilla/5.0 (compatible; AhrefsBot/6.1; +http://ahrefs.com/robot/)" 
54.36.149.94 - - [06/Jun/2020:04:47:45 -0700] "GET /2018/-after-authenticity HTTP/1.1" 200 9382 "-" "Mozilla/5.0 (compatible; AhrefsBot/6.1; +http://ahrefs.com/robot/)" 
46.229.168.149 - - [06/Jun/2020:04:47:52 -0700] "GET /robots.txt HTTP/1.1" 200 4576 "-" "Mozilla/5.0 (compatible; SemrushBot/6~bl; +http://www.semrush.com/bot.html)" 
46.229.168.139 - - [06/Jun/2020:04:47:53 -0700] "GET /2019/too-busy-tidying-in-the-terrace-to-remember-to-take HTTP/1.1" 200 13121 "-" "Mozilla/5.0 (compatible; SemrushBot/6~bl; +http://www.semrush.com/bot.html)" 
54.36.148.9 - - [06/Jun/2020:04:48:12 -0700] "GET /2018/-different-kinds-of-ties-between-notes HTTP/1.1" 200 9479 "-" "Mozilla/5.0 (compatible; AhrefsBot/6.1; +http://ahrefs.com/robot/)" 
54.36.148.49 - - [06/Jun/2020:04:48:20 -0700] "GET /2018/-going-from-reading-to-notes HTTP/1.1" 200 9417 "-" "Mozilla/5.0 (compatible; AhrefsBot/6.1; +http://ahrefs.com/robot/)" 
54.36.148.9 - - [06/Jun/2020:04:48:34 -0700] "GET /2018/-indieauth-for-wordpress HTTP/1.1" 200 9451 "-" "Mozilla/5.0 (compatible; AhrefsBot/6.1; +http://ahrefs.com/robot/)" 
46.229.168.133 - - [06/Jun/2020:04:48:44 -0700] "GET /2020/did-a-bit-of-domestic-baking-today HTTP/1.1" 200 9542 "-" "Mozilla/5.0 (compatible; SemrushBot/6~bl; +http://www.semrush.com/bot.html)" 
46.229.168.132 - - [06/Jun/2020:04:48:46 -0700] "GET /2017/latest-episode-a-brief-survey-of-food-on-in-profile HTTP/1.1" 200 10608 "-" "Mozilla/5.0 (compatible; SemrushBot/6~bl; +http://www.semrush.com/bot.html)" 
54.36.148.249 - - [06/Jun/2020:04:48:48 -0700] "GET /2018/-rss-is-undead HTTP/1.1" 200 9430 "-" "Mozilla/5.0 (compatible; AhrefsBot/6.1; +http://ahrefs.com/robot/)" 
54.36.148.89 - - [06/Jun/2020:04:49:01 -0700] "GET /2018/-the-other-kind-of-privacy HTTP/1.1" 200 9454 "-" "Mozilla/5.0 (compatible; AhrefsBot/6.1; +http://ahrefs.com/robot/)" 
54.36.148.49 - - [06/Jun/2020:04:49:12 -0700] "GET /2018/reclaiming-your-social-life-online HTTP/1.1" 200 9374 "-" "Mozilla/5.0 (compatible; AhrefsBot/6.1; +http://ahrefs.com/robot/)" 
54.36.148.209 - - [06/Jun/2020:04:49:28 -0700] "GET /2018/the-business-model-of-the-internet-is-surveillance-contd HTTP/1.1" 200 9584 "-" "Mozilla/5.0 (compatible; AhrefsBot/6.1; +http://ahrefs.com/robot/)" 
46.229.168.153 - - [06/Jun/2020:04:49:33 -0700] "GET /content/all/?offset=119&q=%23%2B%23indieweb HTTP/1.1" 200 11766 "-" "Mozilla/5.0 (compatible; SemrushBot/6~bl; +http://www.semrush.com/bot.html)" 
54.36.148.209 - - [06/Jun/2020:04:49:42 -0700] "GET /2018/who-we-are-3-neanderthals-west-hunter HTTP/1.1" 200 9485 "-" "Mozilla/5.0 (compatible; AhrefsBot/6.1; +http://ahrefs.com/robot/)" 
54.36.148.175 - - [06/Jun/2020:04:49:52 -0700] "GET /content/bookmarkedpages/?offset=350 HTTP/1.1" 200 11203 "-" "Mozilla/5.0 (compatible; AhrefsBot/6.1; +http://ahrefs.com/robot/)" 
66.249.66.48 - - [06/Jun/2020:04:52:33 -0700] "GET /view/afdc6f5bcb023f310556b07109957e43?_t=rss HTTP/1.1" 200 5404 "-" "Mozilla/5.0 (Linux; Android 6.0.1; Nexus 5X Build/MMB29P) AppleWebKit/537.36 (KHTML, like Gecko) Chrome/80.0.3987.92 Mobile Safari/537.36 (compatible; Googlebot/2.1; +http://www.google.com/bot.html)" 
96.126.125.129 - - [06/Jun/2020:04:52:48 -0700] "GET /content/statusupdates/posts/photos/checkins/bookmarkedpages?_t=rss HTTP/1.1" 200 7458 "-" "Micro.blog/1.0" 
207.5.160.195 - - [06/Jun/2020:04:52:56 -0700] "GET /robots.txt HTTP/1.0" 200 4509 "-" "WF search/Nutch-1.12" 
207.5.160.195 - - [06/Jun/2020:04:52:56 -0700] "GET /service/web/imageproxy/aHR0cHM6Ly9wYnMudHdpbWcuY29tL3Byb2ZpbGVfaW1hZ2VzLzEyMzIwNTMyNTc0NTI4MjY2MjkvZDRzb0t3UHYuanBn/300/square HTTP/1.0" 200 24786 "-" "WF search/Nutch-1.12" 
46.229.168.152 - - [06/Jun/2020:04:53:16 -0700] "GET /2019/i-like-the-idea-of-a-quottryoutquot HTTP/1.1" 200 9601 "-" "Mozilla/5.0 (compatible; SemrushBot/6~bl; +http://www.semrush.com/bot.html)" 
46.229.168.139 - - [06/Jun/2020:04:53:37 -0700] "GET /2018/the-old-reader-behind-the-scenes---thanks-google HTTP/1.1" 200 9855 "-" "Mozilla/5.0 (compatible; SemrushBot/6~bl; +http://www.semrush.com/bot.html)" 
64.111.100.215 - - [06/Jun/2020:04:54:05 -0700] "GET /content/all?_t=rss HTTP/1.1" 200 13519 "-" "Mozilla/5.0 (X11; U; Linux i686; fr; rv:1.9.1.1) Gecko/20090715 Firefox/3.5.1" 
46.229.168.131 - - [06/Jun/2020:04:54:11 -0700] "GET /content/statusupdates/?offset=1&q=%23Indieweb HTTP/1.1" 200 11747 "-" "Mozilla/5.0 (compatible; SemrushBot/6~bl; +http://www.semrush.com/bot.html)" 
85.208.96.65 - - [06/Jun/2020:04:54:54 -0700] "GET /content/all?_t=rss HTTP/1.1" 200 7283 "-" "Mozilla/5.0 (compatible; SemrushBot/1.0~bm; +http://www.semrush.com/bot.html)" 
46.229.168.143 - - [06/Jun/2020:04:55:15 -0700] "GET /content/audio/?q=%23%2B%23non-fiction HTTP/1.1" 200 8516 "-" "Mozilla/5.0 (compatible; SemrushBot/6~bl; +http://www.semrush.com/bot.html)" 
46.229.168.163 - - [06/Jun/2020:04:55:59 -0700] "GET /2019/untitled-28 HTTP/1.1" 200 13058 "-" "Mozilla/5.0 (compatible; SemrushBot/6~bl; +http://www.semrush.com/bot.html)" 
54.36.149.33 - - [06/Jun/2020:04:57:01 -0700] "GET /content/all/?q=%23Indieweb&offset=53 HTTP/1.1" 200 13209 "-" "Mozilla/5.0 (compatible; AhrefsBot/6.1; +http://ahrefs.com/robot/)" 
46.229.168.150 - - [06/Jun/2020:04:57:25 -0700] "GET /content/all/?offset=33&q=%23%2B%23podcast HTTP/1.1" 200 13914 "-" "Mozilla/5.0 (compatible; SemrushBot/6~bl; +http://www.semrush.com/bot.html)" 
54.36.149.33 - - [06/Jun/2020:04:57:30 -0700] "GET /tag/Indieweb?offset=43 HTTP/1.1" 200 11312 "-" "Mozilla/5.0 (compatible; AhrefsBot/6.1; +http://ahrefs.com/robot/)" 
46.229.168.137 - - [06/Jun/2020:04:57:53 -0700] "GET /content/photos/?q=%23indiewebcitizen HTTP/1.1" 200 8511 "-" "Mozilla/5.0 (compatible; SemrushBot/6~bl; +http://www.semrush.com/bot.html)" 
114.119.166.46 - - [06/Jun/2020:04:58:04 -0700] "GET /tag/Indieweb?offset=140 HTTP/1.1" 200 9517 "-" "Mozilla/5.0 (Linux; Android 7.0;) AppleWebKit/537.36 (KHTML, like Gecko) Mobile Safari/537.36 (compatible; PetalBot;+https://aspiegel.com/petalbot)" 
46.229.168.145 - - [06/Jun/2020:04:58:16 -0700] "GET /content/all/?offset=54&q=%23%2B%23sourdough HTTP/1.1" 200 9588 "-" "Mozilla/5.0 (compatible; SemrushBot/6~bl; +http://www.semrush.com/bot.html)" 
54.36.148.89 - - [06/Jun/2020:04:58:18 -0700] "GET /2017/-im-now-a-proud-supporter-of-indieweb-you-should HTTP/1.1" 200 9850 "-" "Mozilla/5.0 (compatible; AhrefsBot/6.1; +http://ahrefs.com/robot/)" 
54.36.148.9 - - [06/Jun/2020:04:58:19 -0700] "GET /2017/anyone-at-graingathering2017-using-composite-crosses-like-italian-farmers-back-to-the-future-for-the-wheat-of-tomorrow HTTP/1.1" 200 10087 "-" "Mozilla/5.0 (compatible; AhrefsBot/6.1; +http://ahrefs.com/robot/)" 
54.36.148.169 - - [06/Jun/2020:04:58:42 -0700] "GET /2017/i-donated-to-help-save-snopescom---ubiicca-via-gofundme HTTP/1.1" 200 9779 "-" "Mozilla/5.0 (compatible; AhrefsBot/6.1; +http://ahrefs.com/robot/)" 
46.229.168.136 - - [06/Jun/2020:04:58:43 -0700] "GET /2018/three-things-about-readers-during-indiewebcamp-n%C3%BCrnberg HTTP/1.1" 200 9652 "-" "Mozilla/5.0 (compatible; SemrushBot/6~bl; +http://www.semrush.com/bot.html)" 
46.229.168.131 - - [06/Jun/2020:04:58:59 -0700] "GET /?offset=6&q=%23%2B%23sourdough HTTP/1.1" 200 12767 "-" "Mozilla/5.0 (compatible; SemrushBot/6~bl; +http://www.semrush.com/bot.html)" 
54.36.148.89 - - [06/Jun/2020:04:59:28 -0700] "GET /2017/i-should-have-guessed-looks-like-it-may-well-screw HTTP/1.1" 200 9292 "-" "Mozilla/5.0 (compatible; AhrefsBot/6.1; +http://ahrefs.com/robot/)" 
54.36.148.129 - - [06/Jun/2020:04:59:32 -0700] "GET /2017/i-wonder-what-jonathan-meades-means-when-he-describes-a HTTP/1.1" 200 9392 "-" "Mozilla/5.0 (compatible; AhrefsBot/6.1; +http://ahrefs.com/robot/)" 
46.229.168.130 - - [06/Jun/2020:04:59:52 -0700] "GET /2017/the-cost-of-poor-food-safety-practices-36-million-in HTTP/1.1" 200 9866 "-" "Mozilla/5.0 (compatible; SemrushBot/6~bl; +http://www.semrush.com/bot.html)" 
54.36.148.249 - - [06/Jun/2020:04:59:55 -0700] "GET /2017/listening-to-home2016107cbtb-37-for-earbudsfood-and-iwaq-any-recipes-for HTTP/1.1" 200 9837 "-" "Mozilla/5.0 (compatible; AhrefsBot/6.1; +http://ahrefs.com/robot/)" 
3.88.143.68 - - [06/Jun/2020:05:00:17 -0700] "GET /?_t=rss HTTP/1.1" 200 7288 "-" "glitch-feeder/1.0 (+https://glitch.com/~lmo-feeder)" 
54.36.149.33 - - [06/Jun/2020:05:00:19 -0700] "GET /2017/mid-morning-pit-stop-on-the-way-to HTTP/1.1" 200 10711 "-" "Mozilla/5.0 (compatible; AhrefsBot/6.1; +http://ahrefs.com/robot/)" 
45.79.26.51 - - [06/Jun/2020:05:00:22 -0700] "GET /content/statusupdates/posts/photos/checkins/bookmarkedpages?_t=rss HTTP/1.1" 200 7453 "-" "Micro.blog/1.0" 
66.249.66.48 - - [06/Jun/2020:05:00:40 -0700] "GET /service/web/imageproxy/aHR0cHM6Ly9wYnMudHdpbWcuY29tL3Byb2ZpbGVfaW1hZ2VzLzEyNTA0MDY1NTcxMzg4MzM0MDkvZThGaU9uYmUuanBn/300/square HTTP/1.1" 200 23109 "-" "Googlebot-Image/1.0" 
54.36.148.152 - - [06/Jun/2020:05:00:46 -0700] "GET /2017/seems-a-shame-to-be-leaving-here-on-such-a HTTP/1.1" 200 10853 "-" "Mozilla/5.0 (compatible; AhrefsBot/6.1; +http://ahrefs.com/robot/)" 
54.36.148.129 - - [06/Jun/2020:05:01:09 -0700] "GET /2017/this-is-some-text HTTP/1.1" 200 9131 "-" "Mozilla/5.0 (compatible; AhrefsBot/6.1; +http://ahrefs.com/robot/)" 
46.229.168.149 - - [06/Jun/2020:05:01:37 -0700] "GET /tag/indieweb?offset=107 HTTP/1.1" 200 12016 "-" "Mozilla/5.0 (compatible; SemrushBot/6~bl; +http://www.semrush.com/bot.html)" 
54.36.148.169 - - [06/Jun/2020:05:01:53 -0700] "GET /2017/we-watched-lobster-with-colin-farrell-and-other-luminaries-last HTTP/1.1" 200 9807 "-" "Mozilla/5.0 (compatible; AhrefsBot/6.1; +http://ahrefs.com/robot/)" 
54.36.148.169 - - [06/Jun/2020:05:02:06 -0700] "GET /?q=%23hearsay17 HTTP/1.1" 200 9570 "-" "Mozilla/5.0 (compatible; AhrefsBot/6.1; +http://ahrefs.com/robot/)" 
54.36.148.249 - - [06/Jun/2020:05:02:36 -0700] "GET /content/all/?q=%23hearsay17 HTTP/1.1" 200 9588 "-" "Mozilla/5.0 (compatible; AhrefsBot/6.1; +http://ahrefs.com/robot/)" 
46.229.168.152 - - [06/Jun/2020:05:02:38 -0700] "GET /?offset=60&q=%23%2B%23%23bread HTTP/1.1" 200 11965 "-" "Mozilla/5.0 (compatible; SemrushBot/6~bl; +http://www.semrush.com/bot.html)" 
54.36.148.49 - - [06/Jun/2020:05:02:41 -0700] "GET /content/audio/?q=%23hearsay17 HTTP/1.1" 200 8293 "-" "Mozilla/5.0 (compatible; AhrefsBot/6.1; +http://ahrefs.com/robot/)" 
54.36.148.49 - - [06/Jun/2020:05:03:02 -0700] "GET /content/bookmarkedpages/?q=%23hearsay17 HTTP/1.1" 200 8312 "-" "Mozilla/5.0 (compatible; AhrefsBot/6.1; +http://ahrefs.com/robot/)" 
54.36.148.49 - - [06/Jun/2020:05:03:24 -0700] "GET /content/events/?q=%23hearsay17 HTTP/1.1" 200 8295 "-" "Mozilla/5.0 (compatible; AhrefsBot/6.1; +http://ahrefs.com/robot/)" 
46.229.168.136 - - [06/Jun/2020:05:03:28 -0700] "GET /2019/untitled-28 HTTP/1.1" 200 13035 "-" "Mozilla/5.0 (compatible; SemrushBot/6~bl; +http://www.semrush.com/bot.html)" 
54.36.149.33 - - [06/Jun/2020:05:03:45 -0700] "GET /content/locations/?q=%23hearsay17 HTTP/1.1" 200 8301 "-" "Mozilla/5.0 (compatible; AhrefsBot/6.1; +http://ahrefs.com/robot/)" 
46.229.168.152 - - [06/Jun/2020:05:03:49 -0700] "GET /2018/i-may-need-a-new-work-timer-having-inadvertently-upgraded HTTP/1.1" 200 10208 "-" "Mozilla/5.0 (compatible; SemrushBot/6~bl; +http://www.semrush.com/bot.html)" 
54.36.148.169 - - [06/Jun/2020:05:04:07 -0700] "GET /content/photos/?q=%23hearsay17 HTTP/1.1" 200 9343 "-" "Mozilla/5.0 (compatible; AhrefsBot/6.1; +http://ahrefs.com/robot/)" 
46.229.168.138 - - [06/Jun/2020:05:04:21 -0700] "GET /content/bookmarkedpages?offset=100 HTTP/1.1" 200 11734 "-" "Mozilla/5.0 (compatible; SemrushBot/6~bl; +http://www.semrush.com/bot.html)" 
46.229.168.149 - - [06/Jun/2020:05:04:26 -0700] "GET /content/photos/?q=%23photo HTTP/1.1" 200 12123 "-" "Mozilla/5.0 (compatible; SemrushBot/6~bl; +http://www.semrush.com/bot.html)" 
54.36.148.249 - - [06/Jun/2020:05:04:32 -0700] "GET /content/posts/?q=%23hearsay17 HTTP/1.1" 200 8293 "-" "Mozilla/5.0 (compatible; AhrefsBot/6.1; +http://ahrefs.com/robot/)" 
46.229.168.138 - - [06/Jun/2020:05:04:41 -0700] "GET /?offset=122&q=%23%2B%23indieweb HTTP/1.1" 200 11916 "-" "Mozilla/5.0 (compatible; SemrushBot/6~bl; +http://www.semrush.com/bot.html)" 
54.36.148.89 - - [06/Jun/2020:05:04:56 -0700] "GET /content/rsvp/?q=%23hearsay17 HTTP/1.1" 200 8295 "-" "Mozilla/5.0 (compatible; AhrefsBot/6.1; +http://ahrefs.com/robot/)" 
54.36.148.209 - - [06/Jun/2020:05:05:21 -0700] "GET /content/statusupdates/?offset=360 HTTP/1.1" 200 10678 "-" "Mozilla/5.0 (compatible; AhrefsBot/6.1; +http://ahrefs.com/robot/)" 
46.229.168.149 - - [06/Jun/2020:05:05:30 -0700] "GET /content/all/?offset=0&q=%23podcast HTTP/1.1" 200 12580 "-" "Mozilla/5.0 (compatible; SemrushBot/6~bl; +http://www.semrush.com/bot.html)" 
46.229.168.153 - - [06/Jun/2020:05:05:34 -0700] "GET /content/locations/?q=%23Rye HTTP/1.1" 200 8517 "-" "Mozilla/5.0 (compatible; SemrushBot/6~bl; +http://www.semrush.com/bot.html)" 
54.36.148.49 - - [06/Jun/2020:05:05:41 -0700] "GET /content/statusupdates/?q=%23hearsay17 HTTP/1.1" 200 8940 "-" "Mozilla/5.0 (compatible; AhrefsBot/6.1; +http://ahrefs.com/robot/)" 
54.36.148.129 - - [06/Jun/2020:05:05:56 -0700] "GET /tag/earbudsfood HTTP/1.1" 200 9006 "-" "Mozilla/5.0 (compatible; AhrefsBot/6.1; +http://ahrefs.com/robot/)" 
54.36.148.9 - - [06/Jun/2020:05:06:19 -0700] "GET /tag/graingathering2017 HTTP/1.1" 200 9010 "-" "Mozilla/5.0 (compatible; AhrefsBot/6.1; +http://ahrefs.com/robot/)" 
54.36.148.192 - - [06/Jun/2020:05:06:34 -0700] "GET /tag/opencollective HTTP/1.1" 200 8256 "-" "Mozilla/5.0 (compatible; AhrefsBot/6.1; +http://ahrefs.com/robot/)" 
54.36.148.129 - - [06/Jun/2020:05:06:57 -0700] "GET /2019/khurtwilliams-in-the-interests-of-science-ill HTTP/1.1" 200 9425 "-" "Mozilla/5.0 (compatible; AhrefsBot/6.1; +http://ahrefs.com/robot/)" 
54.36.148.18 - - [06/Jun/2020:05:07:15 -0700] "GET /?offset=380 HTTP/1.1" 200 10733 "-" "Mozilla/5.0 (compatible; AhrefsBot/6.1; +http://ahrefs.com/robot/)" 
54.36.148.49 - - [06/Jun/2020:05:07:40 -0700] "GET /2019/khurtwilliams-in-the-interests-of-science-ill HTTP/1.1" 200 9462 "-" "Mozilla/5.0 (compatible; AhrefsBot/6.1; +http://ahrefs.com/robot/)" 
46.229.168.138 - - [06/Jun/2020:05:07:56 -0700] "GET /content/photos/?q=%23fornacalia HTTP/1.1" 200 11324 "-" "Mozilla/5.0 (compatible; SemrushBot/6~bl; +http://www.semrush.com/bot.html)" 
54.36.149.33 - - [06/Jun/2020:05:07:59 -0700] "GET /?offset=380 HTTP/1.1" 200 10795 "-" "Mozilla/5.0 (compatible; AhrefsBot/6.1; +http://ahrefs.com/robot/)" 
46.229.168.154 - - [06/Jun/2020:05:08:35 -0700] "GET /tag/indieweb?offset=133 HTTP/1.1" 200 12969 "-" "Mozilla/5.0 (compatible; SemrushBot/6~bl; +http://www.semrush.com/bot.html)" 
207.46.13.190 - - [06/Jun/2020:05:08:40 -0700] "GET /2019/a-couple-of-plump-little-kalonji-sourdough-beauties-that-have HTTP/1.1" 200 9826 "-" "Mozilla/5.0 (compatible; bingbot/2.0; +http://www.bing.com/bingbot.htm)" 
46.229.168.151 - - [06/Jun/2020:05:08:47 -0700] "GET /?offset=10&q=%23indieweb HTTP/1.1" 200 11946 "-" "Mozilla/5.0 (compatible; SemrushBot/6~bl; +http://www.semrush.com/bot.html)" 
46.229.168.140 - - [06/Jun/2020:05:08:58 -0700] "GET /content/all/?offset=26&q=%23%2B%23bread HTTP/1.1" 200 13138 "-" "Mozilla/5.0 (compatible; SemrushBot/6~bl; +http://www.semrush.com/bot.html)" 
46.229.168.162 - - [06/Jun/2020:05:09:10 -0700] "GET /tag/indieweb?offset=70 HTTP/1.1" 200 12551 "-" "Mozilla/5.0 (compatible; SemrushBot/6~bl; +http://www.semrush.com/bot.html)" 
64.111.100.215 - - [06/Jun/2020:05:09:13 -0700] "GET /content/all?_t=rss HTTP/1.1" 200 13519 "-" "Mozilla/5.0 (X11; U; Linux i686; fr; rv:1.9.1.1) Gecko/20090715 Firefox/3.5.1" 
96.126.125.129 - - [06/Jun/2020:05:09:45 -0700] "GET /content/statusupdates/posts/photos/checkins/bookmarkedpages?_t=rss HTTP/1.1" 200 7458 "-" "Micro.blog/1.0" 
54.36.148.249 - - [06/Jun/2020:05:09:46 -0700] "GET /2019/somewhere-along-the-line-i-seem-to HTTP/1.1" 200 9598 "-" "Mozilla/5.0 (compatible; AhrefsBot/6.1; +http://ahrefs.com/robot/)" 
46.229.168.144 - - [06/Jun/2020:05:11:52 -0700] "GET /content/audio/?q=%23failedbread HTTP/1.1" 200 8500 "-" "Mozilla/5.0 (compatible; SemrushBot/6~bl; +http://www.semrush.com/bot.html)" 
206.248.184.196 - - [06/Jun/2020:05:12:00 -0700] "GET /content/all/?_t=rss HTTP/1.1" 200 7132 "-" "NetNewsWire (RSS Reader; https://ranchero.com/netnewswire/)" 
46.229.168.154 - - [06/Jun/2020:05:12:24 -0700] "GET /tag/indieweb?offset=94 HTTP/1.1" 200 15440 "-" "Mozilla/5.0 (compatible; SemrushBot/6~bl; +http://www.semrush.com/bot.html)" 
46.229.168.148 - - [06/Jun/2020:05:13:43 -0700] "GET /2018/dgold-if-you-are-in-indieweb-irc-can-you-figure HTTP/1.1" 200 9816 "-" "Mozilla/5.0 (compatible; SemrushBot/6~bl; +http://www.semrush.com/bot.html)" 
167.172.219.252 - - [06/Jun/2020:05:13:49 -0700] "GET /?_t=rss HTTP/1.1" 200 7058 "-" "Feedbin feed-id:1536727 - 1 subscribers" 
40.77.167.64 - - [06/Jun/2020:05:13:55 -0700] "GET /content/photos/?_t=rss HTTP/1.1" 200 7669 "-" "Mozilla/5.0 (compatible; bingbot/2.0; +http://www.bing.com/bingbot.htm)" 
46.229.168.146 - - [06/Jun/2020:05:14:40 -0700] "GET /2019/friends-with-views HTTP/1.1" 200 13424 "-" "Mozilla/5.0 (compatible; SemrushBot/6~bl; +http://www.semrush.com/bot.html)" 
66.249.66.44 - - [06/Jun/2020:05:15:04 -0700] "GET /service/web/imageproxy/aHR0cHM6Ly9wYnMudHdpbWcuY29tL3Byb2ZpbGVfaW1hZ2VzLzMwNDM3MDM5NjkvMjY2Yzg4MGRlNmQwNDkyY2IwMDM2ODUxMzFjN2Q4M2IuanBlZw,,/300/square HTTP/1.1" 200 16957 "-" "Googlebot-Image/1.0" 
46.229.168.137 - - [06/Jun/2020:05:15:13 -0700] "GET /?offset=98&q=%23IndieWeb HTTP/1.1" 200 15001 "-" "Mozilla/5.0 (compatible; SemrushBot/6~bl; +http://www.semrush.com/bot.html)" 
207.46.13.190 - - [06/Jun/2020:05:15:44 -0700] "GET /2017/just-a-quick-check-that-i-can-take-advantage-of HTTP/1.1" 200 10345 "-" "Mozilla/5.0 (compatible; bingbot/2.0; +http://www.bing.com/bingbot.htm)" 
207.46.13.190 - - [06/Jun/2020:05:16:05 -0700] "GET /IdnoPlugins/Media/external/wavesurfer/dist/wavesurfer.min.js HTTP/1.1" 200 10175 "-" "Mozilla/5.0 (compatible; bingbot/2.0; +http://www.bing.com/bingbot.htm)" 
207.46.13.190 - - [06/Jun/2020:05:16:05 -0700] "GET /vendor/idno/mentionjs/recommended-styles.css HTTP/1.1" 200 682 "-" "Mozilla/5.0 (compatible; bingbot/2.0; +http://www.bing.com/bingbot.htm)" 
207.46.13.190 - - [06/Jun/2020:05:16:05 -0700] "GET /vendor/npm-asset/bootstrap-toggle/js/bootstrap-toggle.js HTTP/1.1" 200 2106 "-" "Mozilla/5.0 (compatible; bingbot/2.0; +http://www.bing.com/bingbot.htm)" 
207.46.13.217 - - [06/Jun/2020:05:16:09 -0700] "GET /vendor/npm-asset/underscore/underscore-min.js HTTP/1.1" 200 10376 "-" "Mozilla/5.0 (compatible; bingbot/2.0; +http://www.bing.com/bingbot.htm)" 
40.77.167.64 - - [06/Jun/2020:05:16:20 -0700] "GET /vendor/forkawesome/fork-awesome/fonts/forkawesome-webfont.woff2?v=1.1.7 HTTP/1.1" 200 95522 "-" "Mozilla/5.0 (compatible; bingbot/2.0; +http://www.bing.com/bingbot.htm)" 
40.77.167.64 - - [06/Jun/2020:05:16:20 -0700] "GET /vendor/npm-asset/bootstrap-toggle/css/bootstrap-toggle.min.css HTTP/1.1" 200 1061 "-" "Mozilla/5.0 (compatible; bingbot/2.0; +http://www.bing.com/bingbot.htm)" 
40.77.167.64 - - [06/Jun/2020:05:16:20 -0700] "GET /vendor/rmm5t/jquery-timeago/locales/jquery.timeago.en.js HTTP/1.1" 200 886 "-" "Mozilla/5.0 (compatible; bingbot/2.0; +http://www.bing.com/bingbot.htm)" 
46.229.168.144 - - [06/Jun/2020:05:18:05 -0700] "GET /tag/indieweb?offset=116 HTTP/1.1" 200 12421 "-" "Mozilla/5.0 (compatible; SemrushBot/6~bl; +http://www.semrush.com/bot.html)" 
207.46.13.190 - - [06/Jun/2020:05:18:11 -0700] "GET /2017/so-interesting-to-read-what-chrisaldrich-has-to-say-about HTTP/1.1" 200 9751 "-" "Mozilla/5.0 (compatible; bingbot/2.0; +http://www.bing.com/bingbot.htm)" 
207.46.13.217 - - [06/Jun/2020:05:18:16 -0700] "GET /2018/someones-a-bit-fed-up HTTP/1.1" 200 9743 "-" "Mozilla/5.0 (compatible; bingbot/2.0; +http://www.bing.com/bingbot.htm)" 
96.126.125.129 - - [06/Jun/2020:05:19:18 -0700] "GET /content/statusupdates/posts/photos/checkins/bookmarkedpages?_t=rss HTTP/1.1" 200 7458 "-" "Micro.blog/1.0" 
46.229.168.154 - - [06/Jun/2020:05:20:21 -0700] "GET /?offset=86&q=%23indieweb HTTP/1.1" 200 15795 "-" "Mozilla/5.0 (compatible; SemrushBot/6~bl; +http://www.semrush.com/bot.html)" 
114.119.160.61 - - [06/Jun/2020:05:20:23 -0700] "GET /content/events?q=%23%2B%23blossomsoflight HTTP/1.1" 200 8302 "-" "Mozilla/5.0 (Linux; Android 7.0;) AppleWebKit/537.36 (KHTML, like Gecko) Mobile Safari/537.36 (compatible; PetalBot;+https://aspiegel.com/petalbot)" 
46.229.168.154 - - [06/Jun/2020:05:21:02 -0700] "GET /content/all/?offset=101&q=%23%2B%23indieweb HTTP/1.1" 200 14354 "-" "Mozilla/5.0 (compatible; SemrushBot/6~bl; +http://www.semrush.com/bot.html)" 
40.77.167.64 - - [06/Jun/2020:05:21:09 -0700] "GET /2018/in-a-word-yes-or-no-if?_t=rss HTTP/1.1" 200 5385 "-" "Mozilla/5.0 (compatible; bingbot/2.0; +http://www.bing.com/bingbot.htm)" 
46.229.168.151 - - [06/Jun/2020:05:21:37 -0700] "GET /content/posts/?offset=10&q=%23indieweb HTTP/1.1" 200 16943 "-" "Mozilla/5.0 (compatible; SemrushBot/6~bl; +http://www.semrush.com/bot.html)" 
46.229.168.129 - - [06/Jun/2020:05:22:11 -0700] "GET /2017/ooh-a-new-podcast-to-listen-to-which-also-fits HTTP/1.1" 200 9914 "-" "Mozilla/5.0 (compatible; SemrushBot/6~bl; +http://www.semrush.com/bot.html)" 
46.229.168.134 - - [06/Jun/2020:05:23:33 -0700] "GET /2018/20181108wordpress-meetup-presentation-decentralized-social-networking-with-wordpress-because-of-chris-aldrich HTTP/1.1" 200 9669 "-" "Mozilla/5.0 (compatible; SemrushBot/6~bl; +http://www.semrush.com/bot.html)" 
64.111.100.215 - - [06/Jun/2020:05:24:30 -0700] "GET /content/all?_t=rss HTTP/1.1" 200 13519 "-" "Mozilla/5.0 (X11; U; Linux i686; fr; rv:1.9.1.1) Gecko/20090715 Firefox/3.5.1" 
46.229.168.136 - - [06/Jun/2020:05:24:32 -0700] "GET /tag/realbreadweek HTTP/1.1" 200 9513 "-" "Mozilla/5.0 (compatible; SemrushBot/6~bl; +http://www.semrush.com/bot.html)" 
46.229.168.138 - - [06/Jun/2020:05:25:19 -0700] "GET /content/all/?offset=9&q=%23%2B%23WithKnown HTTP/1.1" 200 11708 "-" "Mozilla/5.0 (compatible; SemrushBot/6~bl; +http://www.semrush.com/bot.html)" 
114.119.166.46 - - [06/Jun/2020:05:25:58 -0700] "GET /file/c72a81fea5169a2ada06585c6abebb30 HTTP/1.1" 200 177336 "-" "Mozilla/5.0 (Linux; Android 7.0;) AppleWebKit/537.36 (KHTML, like Gecko) Mobile Safari/537.36 (compatible; PetalBot;+https://aspiegel.com/petalbot)" 
46.229.168.138 - - [06/Jun/2020:05:27:17 -0700] "GET /tag/indieweb?offset=121 HTTP/1.1" 200 11947 "-" "Mozilla/5.0 (compatible; SemrushBot/6~bl; +http://www.semrush.com/bot.html)" 
46.229.168.150 - - [06/Jun/2020:05:27:34 -0700] "GET /content/all/?q=%23opencollective HTTP/1.1" 200 8490 "-" "Mozilla/5.0 (compatible; SemrushBot/6~bl; +http://www.semrush.com/bot.html)" 
40.77.167.64 - - [06/Jun/2020:05:28:13 -0700] "GET /2018/malformed-link-to-the-example-slideshow-other HTTP/1.1" 304 3726 "-" "Mozilla/5.0 (compatible; bingbot/2.0; +http://www.bing.com/bingbot.htm)" 
66.249.66.44 - - [06/Jun/2020:05:28:32 -0700] "GET /robots.txt HTTP/1.1" 200 4589 "-" "Mozilla/5.0 (compatible; Googlebot/2.1; +http://www.google.com/bot.html)" 
66.249.66.48 - - [06/Jun/2020:05:28:32 -0700] "GET /content/statusupdates/?q=%23Rye HTTP/1.1" 200 8531 "-" "Mozilla/5.0 (Linux; Android 6.0.1; Nexus 5X Build/MMB29P) AppleWebKit/537.36 (KHTML, like Gecko) Chrome/80.0.3987.92 Mobile Safari/537.36 (compatible; Googlebot/2.1; +http://www.google.com/bot.html)" 
46.229.168.150 - - [06/Jun/2020:05:29:01 -0700] "GET /content/events/?q=%23%2B%23%23bread HTTP/1.1" 200 8539 "-" "Mozilla/5.0 (compatible; SemrushBot/6~bl; +http://www.semrush.com/bot.html)" 
96.126.125.129 - - [06/Jun/2020:05:29:17 -0700] "GET /content/statusupdates/posts/photos/checkins/bookmarkedpages?_t=rss HTTP/1.1" 200 7458 "-" "Micro.blog/1.0" 
46.229.168.163 - - [06/Jun/2020:05:29:17 -0700] "GET /2018/aftermath HTTP/1.1" 200 13841 "-" "Mozilla/5.0 (compatible; SemrushBot/6~bl; +http://www.semrush.com/bot.html)" 
66.249.66.44 - - [06/Jun/2020:05:29:28 -0700] "GET /service/web/imageproxy/aHR0cHM6Ly9wYnMudHdpbWcuY29tL3Byb2ZpbGVfaW1hZ2VzLzg4MjEwOTA1Nzc3NDkxOTY4MC9VYk1KcjFvby5qcGc,/300/square HTTP/1.1" 200 22767 "-" "Googlebot-Image/1.0" 
66.249.66.46 - - [06/Jun/2020:05:29:50 -0700] "GET /2019/checked-into-clayton-hotel-dublin-airport-1 HTTP/1.1" 200 9814 "-" "Mozilla/5.0 (Linux; Android 6.0.1; Nexus 5X Build/MMB29P) AppleWebKit/537.36 (KHTML, like Gecko) Chrome/80.0.3987.92 Mobile Safari/537.36 (compatible; Googlebot/2.1; +http://www.google.com/bot.html)" 
46.229.168.147 - - [06/Jun/2020:05:29:58 -0700] "GET /tag/IndieWeb?offset=40 HTTP/1.1" 200 11326 "-" "Mozilla/5.0 (compatible; SemrushBot/6~bl; +http://www.semrush.com/bot.html)" 
46.229.168.136 - - [06/Jun/2020:05:30:37 -0700] "GET /?offset=138&q=%23%2B%23indieweb HTTP/1.1" 200 10688 "-" "Mozilla/5.0 (compatible; SemrushBot/6~bl; +http://www.semrush.com/bot.html)" 
46.229.168.162 - - [06/Jun/2020:05:31:02 -0700] "GET /2019/untitled-29 HTTP/1.1" 200 12687 "-" "Mozilla/5.0 (compatible; SemrushBot/6~bl; +http://www.semrush.com/bot.html)" 
46.229.168.153 - - [06/Jun/2020:05:31:21 -0700] "GET /?offset=54&q=%23%2B%23%23bread HTTP/1.1" 200 12162 "-" "Mozilla/5.0 (compatible; SemrushBot/6~bl; +http://www.semrush.com/bot.html)" 
114.119.165.2 - - [06/Jun/2020:05:31:34 -0700] "GET /tag/withknown?offset=35 HTTP/1.1" 200 11535 "-" "Mozilla/5.0 (Linux; Android 7.0;) AppleWebKit/537.36 (KHTML, like Gecko) Mobile Safari/537.36 (compatible; PetalBot;+https://aspiegel.com/petalbot)" 
46.229.168.132 - - [06/Jun/2020:05:31:45 -0700] "GET /content/posts/?offset=20 HTTP/1.1" 200 13335 "-" "Mozilla/5.0 (compatible; SemrushBot/6~bl; +http://www.semrush.com/bot.html)" 
46.229.168.153 - - [06/Jun/2020:05:32:08 -0700] "GET /content/all/?offset=122&q=%23%2B%23IndieWeb HTTP/1.1" 200 11941 "-" "Mozilla/5.0 (compatible; SemrushBot/6~bl; +http://www.semrush.com/bot.html)" 
46.229.168.139 - - [06/Jun/2020:05:32:11 -0700] "GET /content/statusupdates/?offset=110 HTTP/1.1" 200 11132 "-" "Mozilla/5.0 (compatible; SemrushBot/6~bl; +http://www.semrush.com/bot.html)" 
206.248.184.196 - - [06/Jun/2020:05:32:53 -0700] "GET /content/all/?_t=rss HTTP/1.1" 200 7132 "-" "NetNewsWire (RSS Reader; https://ranchero.com/netnewswire/)" 
96.126.125.129 - - [06/Jun/2020:05:33:02 -0700] "GET /content/statusupdates/posts/photos/checkins/bookmarkedpages?_t=rss HTTP/1.1" 200 7458 "-" "Micro.blog/1.0" 
66.249.66.44 - - [06/Jun/2020:05:33:42 -0700] "GET /view/4555ae29a24b0c5204cdef72089b1ef0 HTTP/1.1" 200 9705 "-" "Mozilla/5.0 (Linux; Android 6.0.1; Nexus 5X Build/MMB29P) AppleWebKit/537.36 (KHTML, like Gecko) Chrome/80.0.3987.92 Mobile Safari/537.36 (compatible; Googlebot/2.1; +http://www.google.com/bot.html)" 
46.229.168.163 - - [06/Jun/2020:05:36:29 -0700] "GET /content/statusupdates/?offset=20&q=%23withknown HTTP/1.1" 200 8758 "-" "Mozilla/5.0 (compatible; SemrushBot/6~bl; +http://www.semrush.com/bot.html)" 
46.229.168.152 - - [06/Jun/2020:05:36:55 -0700] "GET /content/events/?q=%23testtag HTTP/1.1" 200 8493 "-" "Mozilla/5.0 (compatible; SemrushBot/6~bl; +http://www.semrush.com/bot.html)" 
114.119.161.85 - - [06/Jun/2020:05:37:08 -0700] "GET /tag/withknown?offset=55 HTTP/1.1" 200 8483 "-" "Mozilla/5.0 (Linux; Android 7.0;) AppleWebKit/537.36 (KHTML, like Gecko) Mobile Safari/537.36 (compatible; PetalBot;+https://aspiegel.com/petalbot)" 
96.126.125.129 - - [06/Jun/2020:05:37:27 -0700] "GET /content/statusupdates/posts/photos/checkins/bookmarkedpages?_t=rss HTTP/1.1" 200 7458 "-" "Micro.blog/1.0" 
46.229.168.147 - - [06/Jun/2020:05:37:55 -0700] "GET /2019/henrik-carlsson-took-the-trouble-to-record HTTP/1.1" 200 9709 "-" "Mozilla/5.0 (compatible; SemrushBot/6~bl; +http://www.semrush.com/bot.html)" 
46.229.168.154 - - [06/Jun/2020:05:38:04 -0700] "GET /?offset=55&q=%23IndieWeb HTTP/1.1" 200 13182 "-" "Mozilla/5.0 (compatible; SemrushBot/6~bl; +http://www.semrush.com/bot.html)" 
41.210.143.91 - - [06/Jun/2020:05:38:11 -0700] "GET /file/cd8416115c47252ec53639abf1d90dda HTTP/1.1" 200 60938 "https://www.google.com/" "Mozilla/5.0 (Windows NT 6.1) AppleWebKit/537.36 (KHTML, like Gecko) Chrome/80.0.3987.149 Safari/537.36" 
46.229.168.132 - - [06/Jun/2020:05:39:07 -0700] "GET /content/photos/?q=%23earbudsfood HTTP/1.1" 200 8507 "-" "Mozilla/5.0 (compatible; SemrushBot/6~bl; +http://www.semrush.com/bot.html)" 
64.111.100.215 - - [06/Jun/2020:05:39:41 -0700] "GET /content/all?_t=rss HTTP/1.1" 200 13519 "-" "Mozilla/5.0 (X11; U; Linux i686; fr; rv:1.9.1.1) Gecko/20090715 Firefox/3.5.1" 
46.229.168.149 - - [06/Jun/2020:05:39:44 -0700] "GET /tag/IndieWeb?offset=75 HTTP/1.1" 200 13690 "-" "Mozilla/5.0 (compatible; SemrushBot/6~bl; +http://www.semrush.com/bot.html)" 
66.249.66.52 - - [06/Jun/2020:05:39:53 -0700] "GET /robots.txt HTTP/1.1" 200 4613 "-" "Mozilla/5.0 (compatible; Googlebot/2.1; +http://www.google.com/bot.html)" 
66.249.66.48 - - [06/Jun/2020:05:39:54 -0700] "GET /content/all/?offset=976 HTTP/1.1" 200 11051 "-" "Mozilla/5.0 (Linux; Android 6.0.1; Nexus 5X Build/MMB29P) AppleWebKit/537.36 (KHTML, like Gecko) Chrome/80.0.3987.92 Mobile Safari/537.36 (compatible; Googlebot/2.1; +http://www.google.com/bot.html)" 
46.229.168.136 - - [06/Jun/2020:05:40:28 -0700] "GET /robots.txt HTTP/1.1" 200 4576 "-" "Mozilla/5.0 (compatible; SemrushBot/6~bl; +http://www.semrush.com/bot.html)" 
46.229.168.153 - - [06/Jun/2020:05:40:29 -0700] "GET /?offset=42&q=%23%2B%23sourdough HTTP/1.1" 200 11757 "-" "Mozilla/5.0 (compatible; SemrushBot/6~bl; +http://www.semrush.com/bot.html)" 
46.229.168.136 - - [06/Jun/2020:05:40:33 -0700] "GET /2017/this-is-a-perfect-use-of-huffduffercom-to-listen-to HTTP/1.1" 200 9687 "-" "Mozilla/5.0 (compatible; SemrushBot/6~bl; +http://www.semrush.com/bot.html)" 
46.229.168.154 - - [06/Jun/2020:05:40:40 -0700] "GET /content/photos/?q=%23%2B%23bread HTTP/1.1" 200 12721 "-" "Mozilla/5.0 (compatible; SemrushBot/6~bl; +http://www.semrush.com/bot.html)" 
46.229.168.132 - - [06/Jun/2020:05:40:42 -0700] "GET /content/bookmarkedpages/?q=%23%2B%23food HTTP/1.1" 200 13806 "-" "Mozilla/5.0 (compatible; SemrushBot/6~bl; +http://www.semrush.com/bot.html)" 
107.178.200.201 - - [06/Jun/2020:05:41:31 -0700] "HEAD / HTTP/1.1" 200 4525 "-" "Bridgy (https://brid.gy/about)" 
107.178.200.201 - - [06/Jun/2020:05:41:31 -0700] "GET / HTTP/1.1" 200 11672 "-" "Bridgy (https://brid.gy/about)" 
107.178.200.201 - - [06/Jun/2020:05:41:32 -0700] "HEAD /?_t=rss HTTP/1.1" 200 4496 "-" "Bridgy (https://brid.gy/about)" 
107.178.200.201 - - [06/Jun/2020:05:41:33 -0700] "HEAD /content/all?_t=rss HTTP/1.1" 200 4507 "-" "Bridgy (https://brid.gy/about)" 
107.178.200.201 - - [06/Jun/2020:05:41:34 -0700] "HEAD /content/all HTTP/1.1" 200 4536 "-" "Bridgy (https://brid.gy/about)" 
107.178.200.201 - - [06/Jun/2020:05:41:35 -0700] "GET /content/all HTTP/1.1" 200 11693 "-" "Bridgy (https://brid.gy/about)" 
107.178.200.201 - - [06/Jun/2020:05:41:36 -0700] "HEAD /2020/hey-uber_support-when-are-you-going-to HTTP/1.1" 200 4568 "-" "Bridgy (https://brid.gy/about)" 
107.178.200.201 - - [06/Jun/2020:05:41:37 -0700] "HEAD /2020/new-decade-new-theme-lea-verou HTTP/1.1" 200 4560 "-" "Bridgy (https://brid.gy/about)" 
107.178.200.201 - - [06/Jun/2020:05:41:37 -0700] "HEAD /2020/-7 HTTP/1.1" 200 4532 "-" "Bridgy (https://brid.gy/about)" 
107.178.200.201 - - [06/Jun/2020:05:41:37 -0700] "HEAD /2020/theres-a-light-over-in-the-indieweb-space HTTP/1.1" 200 4571 "-" "Bridgy (https://brid.gy/about)" 
107.178.200.201 - - [06/Jun/2020:05:41:38 -0700] "HEAD /2020/ok-pure-confirmation-bias-but-i-finally HTTP/1.1" 200 4569 "-" "Bridgy (https://brid.gy/about)" 
107.178.200.201 - - [06/Jun/2020:05:41:38 -0700] "HEAD /2020/changing-diet-you-cant-outrun-a-shitty-diet---jeenanet HTTP/1.1" 200 4584 "-" "Bridgy (https://brid.gy/about)" 
107.178.200.201 - - [06/Jun/2020:05:41:38 -0700] "HEAD /2020/that-would-be-a-newsletter-right HTTP/1.1" 200 4562 "-" "Bridgy (https://brid.gy/about)" 
107.178.200.201 - - [06/Jun/2020:05:41:39 -0700] "HEAD /2020/paul-fords-new-outlet HTTP/1.1" 200 4551 "-" "Bridgy (https://brid.gy/about)" 
107.178.200.201 - - [06/Jun/2020:05:41:39 -0700] "HEAD /2020/in-the-olden-days-these-sincere-email HTTP/1.1" 200 4567 "-" "Bridgy (https://brid.gy/about)" 
107.178.200.201 - - [06/Jun/2020:05:41:39 -0700] "HEAD /2020/refreshing-my-memory HTTP/1.1" 200 4550 "-" "Bridgy (https://brid.gy/about)" 
96.126.125.129 - - [06/Jun/2020:05:41:41 -0700] "GET /content/statusupdates/posts/photos/checkins/bookmarkedpages?_t=rss HTTP/1.1" 200 7458 "-" "Micro.blog/1.0" 
40.77.167.64 - - [06/Jun/2020:05:42:10 -0700] "GET /2019/frank-does-building-blocks HTTP/1.1" 200 10436 "-" "Mozilla/5.0 (compatible; bingbot/2.0; +http://www.bing.com/bingbot.htm)" 
46.229.168.144 - - [06/Jun/2020:05:42:18 -0700] "GET /2019/an-hour-later-and-the-dough-is-already-a-lot HTTP/1.1" 200 12458 "-" "Mozilla/5.0 (compatible; SemrushBot/6~bl; +http://www.semrush.com/bot.html)" 
114.119.165.37 - - [06/Jun/2020:05:42:44 -0700] "GET /file/63e47982ab094a65ac444b4cf058c408 HTTP/1.1" 200 114515 "-" "Mozilla/5.0 (Linux; Android 7.0;) AppleWebKit/537.36 (KHTML, like Gecko) Mobile Safari/537.36 (compatible; PetalBot;+https://aspiegel.com/petalbot)" 
46.229.168.130 - - [06/Jun/2020:05:43:36 -0700] "GET /?offset=3&q=%23%2B%23sourdough HTTP/1.1" 200 11977 "-" "Mozilla/5.0 (compatible; SemrushBot/6~bl; +http://www.semrush.com/bot.html)" 
66.249.66.46 - - [06/Jun/2020:05:43:52 -0700] "GET /service/web/imageproxy/aHR0cHM6Ly9wYnMudHdpbWcuY29tL3Byb2ZpbGVfaW1hZ2VzLzgxNzEwNDIxODY0MTE3NDUzMC96UThPcnBFbS5qcGc,/300/square HTTP/1.1" 200 22767 "-" "Googlebot-Image/1.0" 
46.229.168.161 - - [06/Jun/2020:05:43:57 -0700] "GET /?offset=20&q=%23bread HTTP/1.1" 200 12158 "-" "Mozilla/5.0 (compatible; SemrushBot/6~bl; +http://www.semrush.com/bot.html)" 
167.172.118.185 - - [06/Jun/2020:05:44:26 -0700] "GET /?_t=rss HTTP/1.1" 200 7058 "-" "Feedbin feed-id:1536727 - 1 subscribers" 
96.126.125.129 - - [06/Jun/2020:05:44:52 -0700] "GET /content/statusupdates/posts/photos/checkins/bookmarkedpages?_t=rss HTTP/1.1" 200 7458 "-" "Micro.blog/1.0" 
46.229.168.134 - - [06/Jun/2020:05:46:15 -0700] "GET /?q=%23%2B%23non-fiction HTTP/1.1" 200 11005 "-" "Mozilla/5.0 (compatible; SemrushBot/6~bl; +http://www.semrush.com/bot.html)" 
46.229.168.161 - - [06/Jun/2020:05:46:19 -0700] "GET /content/all/?q=%23Food_history HTTP/1.1" 200 9548 "-" "Mozilla/5.0 (compatible; SemrushBot/6~bl; +http://www.semrush.com/bot.html)" 
46.229.168.142 - - [06/Jun/2020:05:46:25 -0700] "GET /content/all/?offset=53&q=%23%2B%23food HTTP/1.1" 200 9342 "-" "Mozilla/5.0 (compatible; SemrushBot/6~bl; +http://www.semrush.com/bot.html)" 
46.229.168.139 - - [06/Jun/2020:05:46:54 -0700] "GET /2018/ex-gop-rep-joe-walsh-sacha-baron-cohen-tricked-me-into HTTP/1.1" 200 10076 "-" "Mozilla/5.0 (compatible; SemrushBot/6~bl; +http://www.semrush.com/bot.html)" 
46.229.168.142 - - [06/Jun/2020:05:46:57 -0700] "GET /2019/the-case-for-planting-trees-small-farm-future HTTP/1.1" 200 9646 "-" "Mozilla/5.0 (compatible; SemrushBot/6~bl; +http://www.semrush.com/bot.html)" 
46.229.168.148 - - [06/Jun/2020:05:47:18 -0700] "GET /tag/indieweb?offset=66 HTTP/1.1" 200 11926 "-" "Mozilla/5.0 (compatible; SemrushBot/6~bl; +http://www.semrush.com/bot.html)" 
46.229.168.151 - - [06/Jun/2020:05:47:28 -0700] "GET /?offset=2&q=%23%2B%23sourdough HTTP/1.1" 200 11977 "-" "Mozilla/5.0 (compatible; SemrushBot/6~bl; +http://www.semrush.com/bot.html)" 
17.58.97.11 - - [06/Jun/2020:05:48:07 -0700] "GET /robots.txt HTTP/1.1" 200 4322 "-" "Mozilla/5.0 (Macintosh; Intel Mac OS X 10_10_1) AppleWebKit/600.2.5 (KHTML, like Gecko) Version/8.0.2 Safari/600.2.5 (Applebot/0.1; +http://www.apple.com/go/applebot)" 
17.58.102.79 - - [06/Jun/2020:05:48:07 -0700] "GET /2018/i-really-do-not-understand-the-nofilter HTTP/1.1" 200 10529 "-" "Mozilla/5.0 (Macintosh; Intel Mac OS X 10_10_1) AppleWebKit/600.2.5 (KHTML, like Gecko) Version/8.0.2 Safari/600.2.5 (Applebot/0.1; +http://www.apple.com/go/applebot)" 
114.119.160.143 - - [06/Jun/2020:05:48:18 -0700] "GET /2018/roll-on-winter HTTP/1.1" 200 16468 "-" "Mozilla/5.0 (Linux; Android 7.0;) AppleWebKit/537.36 (KHTML, like Gecko) Mobile Safari/537.36 (compatible; PetalBot;+https://aspiegel.com/petalbot)" 
96.126.125.129 - - [06/Jun/2020:05:48:50 -0700] "GET /content/statusupdates/posts/photos/checkins/bookmarkedpages?_t=rss HTTP/1.1" 200 7458 "-" "Micro.blog/1.0" 
66.249.66.46 - - [06/Jun/2020:05:48:51 -0700] "GET /.well-known/assetlinks.json HTTP/1.1" 404 7845 "-" "Mozilla/5.0 (compatible; Googlebot/2.1; +http://www.google.com/bot.html)" 
66.249.66.50 - - [06/Jun/2020:05:49:21 -0700] "GET /?q=%23+%23bread&offset=47 HTTP/1.1" 200 12716 "-" "Mozilla/5.0 (Linux; Android 6.0.1; Nexus 5X Build/MMB29P) AppleWebKit/537.36 (KHTML, like Gecko) Chrome/80.0.3987.92 Mobile Safari/537.36 (compatible; Googlebot/2.1; +http://www.google.com/bot.html)" 
46.229.168.163 - - [06/Jun/2020:05:49:25 -0700] "GET /content/statusupdates/?q=%23marmalade HTTP/1.1" 200 8507 "-" "Mozilla/5.0 (compatible; SemrushBot/6~bl; +http://www.semrush.com/bot.html)" 
46.229.168.141 - - [06/Jun/2020:05:49:34 -0700] "GET /content/locations/?q=%23%2B%23sourdough HTTP/1.1" 200 8519 "-" "Mozilla/5.0 (compatible; SemrushBot/6~bl; +http://www.semrush.com/bot.html)" 
46.229.168.148 - - [06/Jun/2020:05:49:35 -0700] "GET /content/events/?q=%23%2B%23rye HTTP/1.1" 200 8528 "-" "Mozilla/5.0 (compatible; SemrushBot/6~bl; +http://www.semrush.com/bot.html)" 
46.229.168.150 - - [06/Jun/2020:05:51:52 -0700] "GET /2019/ive-never-actually-paid-attention-to-the HTTP/1.1" 200 9647 "-" "Mozilla/5.0 (compatible; SemrushBot/6~bl; +http://www.semrush.com/bot.html)" 
46.229.168.147 - - [06/Jun/2020:05:52:05 -0700] "GET /2018/2018-05-27 HTTP/1.1" 200 10175 "-" "Mozilla/5.0 (compatible; SemrushBot/6~bl; +http://www.semrush.com/bot.html)" 
96.126.125.129 - - [06/Jun/2020:05:52:06 -0700] "GET /content/statusupdates/posts/photos/checkins/bookmarkedpages?_t=rss HTTP/1.1" 200 7458 "-" "Micro.blog/1.0" 
46.229.168.149 - - [06/Jun/2020:05:52:12 -0700] "GET /content/bookmarkedpages/?q=%23FDA HTTP/1.1" 200 8496 "-" "Mozilla/5.0 (compatible; SemrushBot/6~bl; +http://www.semrush.com/bot.html)" 
46.229.168.148 - - [06/Jun/2020:05:52:21 -0700] "GET /?offset=121&q=%23indieweb HTTP/1.1" 200 11980 "-" "Mozilla/5.0 (compatible; SemrushBot/6~bl; +http://www.semrush.com/bot.html)" 
46.229.168.142 - - [06/Jun/2020:05:53:04 -0700] "GET /content/bookmarkedpages/?q=%23leaven HTTP/1.1" 200 8531 "-" "Mozilla/5.0 (compatible; SemrushBot/6~bl; +http://www.semrush.com/bot.html)" 
114.119.160.143 - - [06/Jun/2020:05:53:53 -0700] "GET /content/bookmarkedpages?q=%23%2B%23blossomsoflight HTTP/1.1" 200 8312 "-" "Mozilla/5.0 (Linux; Android 7.0;) AppleWebKit/537.36 (KHTML, like Gecko) Mobile Safari/537.36 (compatible; PetalBot;+https://aspiegel.com/petalbot)" 
64.111.100.215 - - [06/Jun/2020:05:54:44 -0700] "GET /content/all?_t=rss HTTP/1.1" 200 13519 "-" "Mozilla/5.0 (X11; U; Linux i686; fr; rv:1.9.1.1) Gecko/20090715 Firefox/3.5.1" 
64.111.100.215 - - [06/Jun/2020:05:54:45 -0700] "GET /content/all?_t=rss HTTP/1.1" 200 13519 "-" "Mozilla/5.0 (X11; U; Linux i686; fr; rv:1.9.1.1) Gecko/20090715 Firefox/3.5.1" 
46.229.168.129 - - [06/Jun/2020:05:54:53 -0700] "GET /?offset=109&q=%23Indieweb HTTP/1.1" 200 12661 "-" "Mozilla/5.0 (compatible; SemrushBot/6~bl; +http://www.semrush.com/bot.html)" 
46.229.168.138 - - [06/Jun/2020:05:55:22 -0700] "GET /content/statusupdates/?offset=130 HTTP/1.1" 200 11138 "-" "Mozilla/5.0 (compatible; SemrushBot/6~bl; +http://www.semrush.com/bot.html)" 
96.126.125.129 - - [06/Jun/2020:05:55:33 -0700] "GET /content/statusupdates/posts/photos/checkins/bookmarkedpages?_t=rss HTTP/1.1" 200 7458 "-" "Micro.blog/1.0" 
46.229.168.149 - - [06/Jun/2020:05:56:28 -0700] "GET /content/posts/?offset=20&q=%23indieweb HTTP/1.1" 200 15516 "-" "Mozilla/5.0 (compatible; SemrushBot/6~bl; +http://www.semrush.com/bot.html)" 
46.229.168.143 - - [06/Jun/2020:05:56:30 -0700] "GET /?offset=107&q=%23%2B%23%23indieweb HTTP/1.1" 200 12081 "-" "Mozilla/5.0 (compatible; SemrushBot/6~bl; +http://www.semrush.com/bot.html)" 
54.166.211.78 - - [06/Jun/2020:05:56:56 -0700] "GET /content/all?_t=rss HTTP/1.1" 304 3480 "https://www.google.com/" "Mozilla/5.0 (Macintosh; Intel Mac OS X 10_14_6) AppleWebKit/537.36 (KHTML, like Gecko) Chrome/80.0.3987.149 Safari/537.36" 
96.126.125.129 - - [06/Jun/2020:05:57:09 -0700] "GET /file/51cdbc109c44196117d6432ce37035e9/56FB4C8C-09AE-4698-ADC7-34F860E44BF8.jpeg HTTP/1.1" 200 49556 "-" "Go-http-client/1.1" 
46.229.168.143 - - [06/Jun/2020:05:58:01 -0700] "GET /2019/latest-episode-of-the-podcast-hears-about-laos-and-its HTTP/1.1" 200 12479 "-" "Mozilla/5.0 (compatible; SemrushBot/6~bl; +http://www.semrush.com/bot.html)" 
66.249.66.44 - - [06/Jun/2020:05:58:49 -0700] "GET /view/e6fd33d1269c89fe990ba59d7a78e9fe HTTP/1.1" 200 15758 "-" "Mozilla/5.0 (Linux; Android 6.0.1; Nexus 5X Build/MMB29P) AppleWebKit/537.36 (KHTML, like Gecko) Chrome/80.0.3987.92 Mobile Safari/537.36 (compatible; Googlebot/2.1; +http://www.google.com/bot.html)" 
45.79.26.51 - - [06/Jun/2020:05:58:51 -0700] "GET /content/statusupdates/posts/photos/checkins/bookmarkedpages?_t=rss HTTP/1.1" 200 7453 "-" "Micro.blog/1.0" 
46.229.168.139 - - [06/Jun/2020:05:59:48 -0700] "GET /?offset=64&q=%23indieweb HTTP/1.1" 200 11599 "-" "Mozilla/5.0 (compatible; SemrushBot/6~bl; +http://www.semrush.com/bot.html)" 
3.88.143.68 - - [06/Jun/2020:06:00:19 -0700] "GET /?_t=rss HTTP/1.1" 200 7288 "-" "glitch-feeder/1.0 (+https://glitch.com/~lmo-feeder)" 
46.229.168.139 - - [06/Jun/2020:06:00:21 -0700] "GET /?offset=64&q=%23%2B%23bread HTTP/1.1" 200 12263 "-" "Mozilla/5.0 (compatible; SemrushBot/6~bl; +http://www.semrush.com/bot.html)" 
46.229.168.144 - - [06/Jun/2020:06:00:52 -0700] "GET /2019/maybe-it-is-because-i-had-already HTTP/1.1" 200 10600 "-" "Mozilla/5.0 (compatible; SemrushBot/6~bl; +http://www.semrush.com/bot.html)" 
46.229.168.133 - - [06/Jun/2020:06:01:03 -0700] "GET /content/bookmarkedpages?offset=180 HTTP/1.1" 200 10734 "-" "Mozilla/5.0 (compatible; SemrushBot/6~bl; +http://www.semrush.com/bot.html)" 
54.36.148.249 - - [06/Jun/2020:06:02:57 -0700] "GET /tag/indieweb?offset=0 HTTP/1.1" 200 14429 "-" "Mozilla/5.0 (compatible; AhrefsBot/6.1; +http://ahrefs.com/robot/)" 
17.58.102.79 - - [06/Jun/2020:06:02:57 -0700] "GET /content/all/ HTTP/1.1" 200 11433 "-" "Mozilla/5.0 (Macintosh; Intel Mac OS X 10_10_1) AppleWebKit/600.2.5 (KHTML, like Gecko) Version/8.0.2 Safari/600.2.5 (Applebot/0.1; +http://www.apple.com/go/applebot)" 
46.229.168.135 - - [06/Jun/2020:06:02:58 -0700] "GET /2018/well-worth-waiting-for-dense-crumb-chewy-crust-great-flavour HTTP/1.1" 200 10836 "-" "Mozilla/5.0 (compatible; SemrushBot/6~bl; +http://www.semrush.com/bot.html)" 
54.36.148.249 - - [06/Jun/2020:06:03:16 -0700] "GET /tag/indieweb?offset=10 HTTP/1.1" 200 11631 "-" "Mozilla/5.0 (compatible; AhrefsBot/6.1; +http://ahrefs.com/robot/)" 
54.36.148.249 - - [06/Jun/2020:06:03:37 -0700] "GET /2020/i-think-it-is-a-splendid-idea HTTP/1.1" 200 10031 "-" "Mozilla/5.0 (compatible; AhrefsBot/6.1; +http://ahrefs.com/robot/)" 
96.126.125.129 - - [06/Jun/2020:06:03:48 -0700] "GET /content/statusupdates/posts/photos/checkins/bookmarkedpages?_t=rss HTTP/1.1" 200 7458 "-" "Micro.blog/1.0" 
54.36.148.129 - - [06/Jun/2020:06:03:55 -0700] "GET /2020/ok-pure-confirmation-bias-but-i-finally HTTP/1.1" 200 9440 "-" "Mozilla/5.0 (compatible; AhrefsBot/6.1; +http://ahrefs.com/robot/)" 
54.36.148.129 - - [06/Jun/2020:06:04:32 -0700] "GET /2019/canal-walk HTTP/1.1" 200 10793 "-" "Mozilla/5.0 (compatible; AhrefsBot/6.1; +http://ahrefs.com/robot/)" 
54.36.148.89 - - [06/Jun/2020:06:04:49 -0700] "GET /2019/current-status-digesting HTTP/1.1" 200 10094 "-" "Mozilla/5.0 (compatible; AhrefsBot/6.1; +http://ahrefs.com/robot/)" 
46.229.168.144 - - [06/Jun/2020:06:04:59 -0700] "GET /content/all/?offset=34&q=%23%2B%23podcast HTTP/1.1" 200 14067 "-" "Mozilla/5.0 (compatible; SemrushBot/6~bl; +http://www.semrush.com/bot.html)" 
114.119.160.143 - - [06/Jun/2020:06:05:03 -0700] "GET /tag/indieweb?offset=51 HTTP/1.1" 200 12728 "-" "Mozilla/5.0 (Linux; Android 7.0;) AppleWebKit/537.36 (KHTML, like Gecko) Mobile Safari/537.36 (compatible; PetalBot;+https://aspiegel.com/petalbot)" 
54.36.148.209 - - [06/Jun/2020:06:05:07 -0700] "GET /2019/emptiness HTTP/1.1" 200 10033 "-" "Mozilla/5.0 (compatible; AhrefsBot/6.1; +http://ahrefs.com/robot/)" 
54.36.148.75 - - [06/Jun/2020:06:05:21 -0700] "GET /2019/followed-by-sagna-ritorta-com-pomodori-schiattarisciatti-the-sagna-is HTTP/1.1" 200 9597 "-" "Mozilla/5.0 (compatible; AhrefsBot/6.1; +http://ahrefs.com/robot/)" 
46.229.168.138 - - [06/Jun/2020:06:05:25 -0700] "GET /content/all/?offset=1&q=%23%2B%23podcast HTTP/1.1" 200 12157 "-" "Mozilla/5.0 (compatible; SemrushBot/6~bl; +http://www.semrush.com/bot.html)" 
183.89.10.118 - - [06/Jun/2020:06:05:32 -0700] "GET /profile/jeremy HTTP/1.1" 200 29381 "https://stream.jeremycherfas.net" "Mozilla/5.0 (Windows NT 10.0; Win64; x64) AppleWebKit/537.36 (KHTML, like Gecko) Chrome/62.0.3202.94 Safari/537.36" 
54.36.148.22 - - [06/Jun/2020:06:05:39 -0700] "GET /2019/homeward-bound-1 HTTP/1.1" 200 9384 "-" "Mozilla/5.0 (compatible; AhrefsBot/6.1; +http://ahrefs.com/robot/)" 
54.36.148.49 - - [06/Jun/2020:06:06:01 -0700] "GET /2019/lunch-at-le-garibaldine-in-gallipoli-this-is-marinated-mackerel HTTP/1.1" 200 9972 "-" "Mozilla/5.0 (compatible; AhrefsBot/6.1; +http://ahrefs.com/robot/)" 
46.229.168.130 - - [06/Jun/2020:06:06:04 -0700] "GET /content/all/?offset=10&q=%23leaven HTTP/1.1" 200 9005 "-" "Mozilla/5.0 (compatible; SemrushBot/6~bl; +http://www.semrush.com/bot.html)" 
54.36.148.209 - - [06/Jun/2020:06:06:17 -0700] "GET /2019/rest HTTP/1.1" 200 10896 "-" "Mozilla/5.0 (compatible; AhrefsBot/6.1; +http://ahrefs.com/robot/)" 
17.58.102.79 - - [06/Jun/2020:06:06:30 -0700] "GET /2019/latest-episode-travels-to-louisville-colorado-to-meet-andy-clark HTTP/1.1" 200 10830 "-" "Mozilla/5.0 (Macintosh; Intel Mac OS X 10_10_1) AppleWebKit/600.2.5 (KHTML, like Gecko) Version/8.0.2 Safari/600.2.5 (Applebot/0.1; +http://www.apple.com/go/applebot)" 
54.36.148.129 - - [06/Jun/2020:06:06:32 -0700] "GET /2019/snazzy HTTP/1.1" 200 9741 "-" "Mozilla/5.0 (compatible; AhrefsBot/6.1; +http://ahrefs.com/robot/)" 
54.36.148.194 - - [06/Jun/2020:06:06:46 -0700] "GET /2019/usk HTTP/1.1" 200 12857 "-" "Mozilla/5.0 (compatible; AhrefsBot/6.1; +http://ahrefs.com/robot/)" 
46.229.168.129 - - [06/Jun/2020:06:06:52 -0700] "GET /2018/our-daily-bread-28---anything-but-grim-mabj30lz3wq-the HTTP/1.1" 200 15276 "-" "Mozilla/5.0 (compatible; SemrushBot/6~bl; +http://www.semrush.com/bot.html)" 
54.36.148.169 - - [06/Jun/2020:06:07:03 -0700] "GET /2019/view-from-henbant-fawr-where-we-are-staying HTTP/1.1" 200 11956 "-" "Mozilla/5.0 (compatible; AhrefsBot/6.1; +http://ahrefs.com/robot/)" 
54.36.148.209 - - [06/Jun/2020:06:07:19 -0700] "GET /content/photos/?offset=130 HTTP/1.1" 200 10641 "-" "Mozilla/5.0 (compatible; AhrefsBot/6.1; +http://ahrefs.com/robot/)" 
207.46.13.217 - - [06/Jun/2020:06:07:21 -0700] "GET / HTTP/1.1" 200 11672 "-" "Mozilla/5.0 (compatible; bingbot/2.0; +http://www.bing.com/bingbot.htm)" 
96.126.125.129 - - [06/Jun/2020:06:07:53 -0700] "GET /content/statusupdates/posts/photos/checkins/bookmarkedpages?_t=rss HTTP/1.1" 200 7458 "-" "Micro.blog/1.0" 
54.36.148.249 - - [06/Jun/2020:06:07:59 -0700] "GET /2018/20181108wordpress-meetup-presentation-decentralized-social-networking-with-wordpress-because-of-chris-aldrich HTTP/1.1" 200 9443 "-" "Mozilla/5.0 (compatible; AhrefsBot/6.1; +http://ahrefs.com/robot/)" 
54.39.177.198 - - [06/Jun/2020:06:08:02 -0700] "GET /?_t=rss HTTP/1.1" 200 7058 "-" "Mozilla/5.0 (compatible; YaK/1.0; http://linkfluence.com/; bot@linkfluence.com)" 
54.36.148.9 - - [06/Jun/2020:06:08:10 -0700] "GET /2018/a-baking-lesson-from-videogame-the-witcher-3-bread-cakes HTTP/1.1" 200 9337 "-" "Mozilla/5.0 (compatible; AhrefsBot/6.1; +http://ahrefs.com/robot/)" 
