141.98.255.146 - - [11/Jun/2020:04:51:14 -0700] "GET /service/web/unfurl/?url=https%3A%2F%2Fdivinations.substack.com%2Fp%2Fthe-open-podcast-ecosystem-is-dying&__bTk=e89b634f36765c0ec2cfb4c88080e8205d45f6be40e82fa702ec6572475220e2&__bTs=1591876274 HTTP/1.1" 200 11362 "https://stream.jeremycherfas.net/" "Mozilla/5.0 (Macintosh; Intel Mac OS X 10.13; rv:77.0) Gecko/20100101 Firefox/77.0" 
141.98.255.146 - - [11/Jun/2020:04:51:14 -0700] "GET /service/web/unfurl/?url=https%3A%2F%2Fboffosocko.com%2F2018%2F05%2F29%2Findieweb-ifying-coloradoboulevard-net%2F&__bTk=e89b634f36765c0ec2cfb4c88080e8205d45f6be40e82fa702ec6572475220e2&__bTs=1591876274 HTTP/1.1" 200 67034 "https://stream.jeremycherfas.net/" "Mozilla/5.0 (Macintosh; Intel Mac OS X 10.13; rv:77.0) Gecko/20100101 Firefox/77.0" 
141.98.255.146 - - [11/Jun/2020:04:51:17 -0700] "GET /status/edit HTTP/1.1" 200 8723 "https://stream.jeremycherfas.net/" "Mozilla/5.0 (Macintosh; Intel Mac OS X 10.13; rv:77.0) Gecko/20100101 Firefox/77.0" 
141.98.255.146 - - [11/Jun/2020:04:51:17 -0700] "GET /IdnoPlugins/Status/external/brevity-js/brevity.js HTTP/1.1" 200 6594 "https://stream.jeremycherfas.net/" "Mozilla/5.0 (Macintosh; Intel Mac OS X 10.13; rv:77.0) Gecko/20100101 Firefox/77.0" 
46.229.168.151 - - [11/Jun/2020:04:51:33 -0700] "GET /2018/vaccines-and-the-fight-against-antibiotic-resistance HTTP/1.1" 200 9379 "-" "Mozilla/5.0 (compatible; SemrushBot/6~bl; +http://www.semrush.com/bot.html)" 
46.229.168.146 - - [11/Jun/2020:04:51:46 -0700] "GET /content/statusupdates/?q=%23%2B%23ciwf HTTP/1.1" 200 8296 "-" "Mozilla/5.0 (compatible; SemrushBot/6~bl; +http://www.semrush.com/bot.html)" 
141.98.255.146 - - [11/Jun/2020:04:51:48 -0700] "GET /service/web/unfurl/?url=https%3A%2F%2Fwww.newyorker.com%2Fculture%2Fannals-of-gastronomy%2Fhow-apples-go-bad&__bTk=e89b634f36765c0ec2cfb4c88080e8205d45f6be40e82fa702ec6572475220e2&__bTs=1591876274 HTTP/1.1" 200 16246 "https://stream.jeremycherfas.net/" "Mozilla/5.0 (Macintosh; Intel Mac OS X 10.13; rv:77.0) Gecko/20100101 Firefox/77.0" 
141.98.255.146 - - [11/Jun/2020:04:51:48 -0700] "GET /service/web/unfurl/?url=https%3A%2F%2Fwww.newyorker.com%2Fculture%2Fannals-of-gastronomy%2Fhow-apples-go-bad&__bTk=e89b634f36765c0ec2cfb4c88080e8205d45f6be40e82fa702ec6572475220e2&__bTs=1591876274 HTTP/1.1" 200 16304 "https://stream.jeremycherfas.net/" "Mozilla/5.0 (Macintosh; Intel Mac OS X 10.13; rv:77.0) Gecko/20100101 Firefox/77.0" 
141.98.255.146 - - [11/Jun/2020:04:51:48 -0700] "GET /service/web/unfurl/?url=https%3A%2F%2Fwww.newyorker.com%2Fculture%2Fannals-of-gastronomy%2Fhow-apples-go-bad&__bTk=e89b634f36765c0ec2cfb4c88080e8205d45f6be40e82fa702ec6572475220e2&__bTs=1591876274 HTTP/1.1" 200 16304 "https://stream.jeremycherfas.net/" "Mozilla/5.0 (Macintosh; Intel Mac OS X 10.13; rv:77.0) Gecko/20100101 Firefox/77.0" 
141.98.255.146 - - [11/Jun/2020:04:51:49 -0700] "GET /service/security/csrftoken/?url=https%3A%2F%2Fstream.jeremycherfas.net%2Fservice%2Fweb%2Funfurl%2F HTTP/1.1" 200 1420 "https://stream.jeremycherfas.net/" "Mozilla/5.0 (Macintosh; Intel Mac OS X 10.13; rv:77.0) Gecko/20100101 Firefox/77.0" 
141.98.255.146 - - [11/Jun/2020:04:51:50 -0700] "GET /service/web/unfurl/?url=https%3A%2F%2Fwww.newyorker.com%2Fculture%2Fannals-of-gastronomy%2Fhow-apples-go-bad&__bTk=f7869e9092a7882e3c76b223d2b9d1aebb2e4cf599786fc0494678c15149a00e&__bTs=1591876310 HTTP/1.1" 200 16129 "https://stream.jeremycherfas.net/" "Mozilla/5.0 (Macintosh; Intel Mac OS X 10.13; rv:77.0) Gecko/20100101 Firefox/77.0" 
141.98.255.146 - - [11/Jun/2020:04:51:50 -0700] "GET /service/web/imageproxy/aHR0cHM6Ly9tZWRpYS5uZXd5b3JrZXIuY29tL3Bob3Rvcy81ZWRlYTY4Njc4ZjE2YzUzZjA1YjcxMDkvMTY6OS93XzEyODAsY19saW1pdC9Sb3NuZXItUm90dGVuQXBwbGVzLmpwZw,, HTTP/1.1" 200 201864 "https://stream.jeremycherfas.net/" "Mozilla/5.0 (Macintosh; Intel Mac OS X 10.13; rv:77.0) Gecko/20100101 Firefox/77.0" 
141.98.255.146 - - [11/Jun/2020:04:51:53 -0700] "GET /service/web/unfurl/?url=https%3A%2F%2Fwww.newyorker.com%2Fculture%2Fannals-of-gastronomy%2Fhow-apples-go-bad&__bTk=e89b634f36765c0ec2cfb4c88080e8205d45f6be40e82fa702ec6572475220e2&__bTs=1591876274 HTTP/1.1" 200 16304 "https://stream.jeremycherfas.net/" "Mozilla/5.0 (Macintosh; Intel Mac OS X 10.13; rv:77.0) Gecko/20100101 Firefox/77.0" 
141.98.255.146 - - [11/Jun/2020:04:51:53 -0700] "GET /service/web/unfurl/?url=https%3A%2F%2Fwww.newyorker.com%2Fculture%2Fannals-of-gastronomy%2Fhow-apples-go-bad&__bTk=e89b634f36765c0ec2cfb4c88080e8205d45f6be40e82fa702ec6572475220e2&__bTs=1591876274 HTTP/1.1" 200 16304 "https://stream.jeremycherfas.net/" "Mozilla/5.0 (Macintosh; Intel Mac OS X 10.13; rv:77.0) Gecko/20100101 Firefox/77.0" 
141.98.255.146 - - [11/Jun/2020:04:51:53 -0700] "GET /service/web/unfurl/?url=https%3A%2F%2Fwww.newyorker.com%2Fculture%2Fannals-of-gastronomy%2Fhow-apples-go-bad&__bTk=e89b634f36765c0ec2cfb4c88080e8205d45f6be40e82fa702ec6572475220e2&__bTs=1591876274 HTTP/1.1" 200 16304 "https://stream.jeremycherfas.net/" "Mozilla/5.0 (Macintosh; Intel Mac OS X 10.13; rv:77.0) Gecko/20100101 Firefox/77.0" 
141.98.255.146 - - [11/Jun/2020:04:51:53 -0700] "GET /service/web/unfurl/?url=https%3A%2F%2Fwww.newyorker.com%2Fculture%2Fannals-of-gastronomy%2Fhow-apples-go-bad&__bTk=f7869e9092a7882e3c76b223d2b9d1aebb2e4cf599786fc0494678c15149a00e&__bTs=1591876310 HTTP/1.1" 200 16304 "https://stream.jeremycherfas.net/" "Mozilla/5.0 (Macintosh; Intel Mac OS X 10.13; rv:77.0) Gecko/20100101 Firefox/77.0" 
141.98.255.146 - - [11/Jun/2020:04:51:53 -0700] "GET /service/security/csrftoken/?url=https%3A%2F%2Fstream.jeremycherfas.net%2Fservice%2Fweb%2Funfurl%2F HTTP/1.1" 200 1420 "https://stream.jeremycherfas.net/" "Mozilla/5.0 (Macintosh; Intel Mac OS X 10.13; rv:77.0) Gecko/20100101 Firefox/77.0" 
141.98.255.146 - - [11/Jun/2020:04:51:54 -0700] "GET /service/web/unfurl/?url=https%3A%2F%2Fwww.newyorker.com%2Fculture%2Fannals-of-gastronomy%2Fhow-apples-go-bad&__bTk=355759b657dc789cd2bef8d76aba487fe4d363acf3559f66b346c31149517dca&__bTs=1591876314 HTTP/1.1" 200 16129 "https://stream.jeremycherfas.net/" "Mozilla/5.0 (Macintosh; Intel Mac OS X 10.13; rv:77.0) Gecko/20100101 Firefox/77.0" 
46.229.168.147 - - [11/Jun/2020:04:52:21 -0700] "GET /2018/thanks-aaron-for-your-mention-of-my HTTP/1.1" 200 9649 "-" "Mozilla/5.0 (compatible; SemrushBot/6~bl; +http://www.semrush.com/bot.html)" 
141.98.255.146 - - [11/Jun/2020:04:52:50 -0700] "GET /service/web/unfurl/?url=https%3A%2F%2Fwww.newyorker.com%2Fculture%2Fannals-of-gastronomy%2Fhow-apples-go-bad&__bTk=f7869e9092a7882e3c76b223d2b9d1aebb2e4cf599786fc0494678c15149a00e&__bTs=1591876310 HTTP/1.1" 200 16304 "https://stream.jeremycherfas.net/" "Mozilla/5.0 (Macintosh; Intel Mac OS X 10.13; rv:77.0) Gecko/20100101 Firefox/77.0" 
141.98.255.146 - - [11/Jun/2020:04:52:50 -0700] "GET /service/security/csrftoken/?url=https%3A%2F%2Fstream.jeremycherfas.net%2Fservice%2Fweb%2Funfurl%2F HTTP/1.1" 200 1420 "https://stream.jeremycherfas.net/" "Mozilla/5.0 (Macintosh; Intel Mac OS X 10.13; rv:77.0) Gecko/20100101 Firefox/77.0" 
141.98.255.146 - - [11/Jun/2020:04:52:50 -0700] "GET /service/web/unfurl/?url=https%3A%2F%2Fwww.newyorker.com%2Fculture%2Fannals-of-gastronomy%2Fhow-apples-go-bad&__bTk=e89b634f36765c0ec2cfb4c88080e8205d45f6be40e82fa702ec6572475220e2&__bTs=1591876274 HTTP/1.1" 200 16304 "https://stream.jeremycherfas.net/" "Mozilla/5.0 (Macintosh; Intel Mac OS X 10.13; rv:77.0) Gecko/20100101 Firefox/77.0" 
141.98.255.146 - - [11/Jun/2020:04:52:50 -0700] "GET /service/web/unfurl/?url=https%3A%2F%2Fwww.newyorker.com%2Fculture%2Fannals-of-gastronomy%2Fhow-apples-go-bad&__bTk=ff93e6893cfb99f59ca8e6fff0e6e8803dd33506b515da05b21412600ab26e74&__bTs=1591876370 HTTP/1.1" 200 16129 "https://stream.jeremycherfas.net/" "Mozilla/5.0 (Macintosh; Intel Mac OS X 10.13; rv:77.0) Gecko/20100101 Firefox/77.0" 
141.98.255.146 - - [11/Jun/2020:04:52:51 -0700] "GET /service/web/unfurl/?url=https%3A%2F%2Fwww.newyorker.com%2Fculture%2Fannals-of-gastronomy%2Fhow-apples-go-bad&__bTk=355759b657dc789cd2bef8d76aba487fe4d363acf3559f66b346c31149517dca&__bTs=1591876314 HTTP/1.1" 200 16304 "https://stream.jeremycherfas.net/" "Mozilla/5.0 (Macintosh; Intel Mac OS X 10.13; rv:77.0) Gecko/20100101 Firefox/77.0" 
141.98.255.146 - - [11/Jun/2020:04:52:51 -0700] "GET /service/web/unfurl/?url=https%3A%2F%2Fwww.newyorker.com%2Fculture%2Fannals-of-gastronomy%2Fhow-apples-go-bad&__bTk=e89b634f36765c0ec2cfb4c88080e8205d45f6be40e82fa702ec6572475220e2&__bTs=1591876274 HTTP/1.1" 200 16304 "https://stream.jeremycherfas.net/" "Mozilla/5.0 (Macintosh; Intel Mac OS X 10.13; rv:77.0) Gecko/20100101 Firefox/77.0" 
141.98.255.146 - - [11/Jun/2020:04:52:52 -0700] "GET /service/web/unfurl/?url=https%3A%2F%2Fwww.newyorker.com%2Fculture%2Fannals-of-gastronomy%2Fhow-apples-go-bad&__bTk=e89b634f36765c0ec2cfb4c88080e8205d45f6be40e82fa702ec6572475220e2&__bTs=1591876274 HTTP/1.1" 200 16304 "https://stream.jeremycherfas.net/" "Mozilla/5.0 (Macintosh; Intel Mac OS X 10.13; rv:77.0) Gecko/20100101 Firefox/77.0" 
207.241.232.121 - - [11/Jun/2020:04:53:12 -0700] "GET /2020/so-happy-to-see-helen-rosner-hels HTTP/1.1" 200 9356 "-" "Known https://withknown.com" 
207.241.232.121 - - [11/Jun/2020:04:53:15 -0700] "GET /2020/so-happy-to-see-helen-rosner-hels HTTP/1.1" 200 6349 "-" "Known https://withknown.com" 
141.98.255.146 - - [11/Jun/2020:04:53:11 -0700] "POST /status/edit/ HTTP/1.1" 302 1204 "https://stream.jeremycherfas.net/" "Mozilla/5.0 (Macintosh; Intel Mac OS X 10.13; rv:77.0) Gecko/20100101 Firefox/77.0" 
198.58.103.36 - - [11/Jun/2020:04:53:17 -0700] "GET /?_t=rss HTTP/1.1" 200 7372 "-" "Superfeedr bot/2.0 http://superfeedr.com - Make your feeds realtime: get in touch - feed-id:1112274260" 
141.98.255.146 - - [11/Jun/2020:04:53:17 -0700] "GET /content/all/ HTTP/1.1" 200 11680 "https://stream.jeremycherfas.net/" "Mozilla/5.0 (Macintosh; Intel Mac OS X 10.13; rv:77.0) Gecko/20100101 Firefox/77.0" 
141.98.255.146 - - [11/Jun/2020:04:53:18 -0700] "GET /vendor/npm-asset/jquery/dist/jquery.min.js HTTP/1.1" 200 31956 "https://stream.jeremycherfas.net/content/all/" "Mozilla/5.0 (Macintosh; Intel Mac OS X 10.13; rv:77.0) Gecko/20100101 Firefox/77.0" 
198.58.103.36 - - [11/Jun/2020:04:53:17 -0700] "GET /content/all/?_t=rss HTTP/1.1" 200 7389 "-" "Superfeedr bot/2.0 http://superfeedr.com - Make your feeds realtime: get in touch - feed-id:1122325712" 
198.58.103.36 - - [11/Jun/2020:04:53:18 -0700] "GET /content/photos?_t=rss HTTP/1.1" 200 7450 "-" "Superfeedr bot/2.0 http://superfeedr.com - Make your feeds realtime: get in touch - feed-id:1324303946" 
198.58.103.36 - - [11/Jun/2020:04:53:18 -0700] "GET /content/statusupdates/posts/photos/checkins/bookmarkedpages?_t=rss HTTP/1.1" 200 7410 "-" "Superfeedr bot/2.0 http://superfeedr.com - Make your feeds realtime: get in touch - feed-id:1395929608" 
141.98.255.146 - - [11/Jun/2020:04:53:18 -0700] "GET /service/security/csrftoken/?url=https%3A%2F%2Fstream.jeremycherfas.net%2Fservice%2Fweb%2Funfurl%2F HTTP/1.1" 200 1420 "https://stream.jeremycherfas.net/content/all/" "Mozilla/5.0 (Macintosh; Intel Mac OS X 10.13; rv:77.0) Gecko/20100101 Firefox/77.0" 
141.98.255.146 - - [11/Jun/2020:04:53:18 -0700] "GET /service-worker.min.js HTTP/1.1" 200 1305 "-" "Mozilla/5.0 (Macintosh; Intel Mac OS X 10.13; rv:77.0) Gecko/20100101 Firefox/77.0" 
198.58.103.36 - - [11/Jun/2020:04:53:18 -0700] "GET /content/all?_t=rss HTTP/1.1" 200 7388 "-" "Superfeedr bot/2.0 http://superfeedr.com - Make your feeds realtime: get in touch - feed-id:1319424208" 
141.98.255.146 - - [11/Jun/2020:04:53:19 -0700] "GET /service/security/csrftoken/?url=https%3A%2F%2Fstream.jeremycherfas.net%2Fservice%2Fweb%2Funfurl%2F HTTP/1.1" 200 1420 "https://stream.jeremycherfas.net/content/all/" "Mozilla/5.0 (Macintosh; Intel Mac OS X 10.13; rv:77.0) Gecko/20100101 Firefox/77.0" 
141.98.255.146 - - [11/Jun/2020:04:53:19 -0700] "GET /service/web/unfurl/?url=https%3A%2F%2Fsuperorganizers.substack.com%2Fp%2Fthe-man-who-reads-1000-articles-a&__bTk=074f5569c4513e4909a67702cb2513a3cf0761d22a7fa45a58f2fc3052fb697e&__bTs=1591876398 HTTP/1.1" 200 11459 "https://stream.jeremycherfas.net/content/all/" "Mozilla/5.0 (Macintosh; Intel Mac OS X 10.13; rv:77.0) Gecko/20100101 Firefox/77.0" 
141.98.255.146 - - [11/Jun/2020:04:53:19 -0700] "GET /service/web/unfurl/?url=https%3A%2F%2Fwww.newyorker.com%2Fculture%2Fannals-of-gastronomy%2Fhow-apples-go-bad&__bTk=717f7cc72557d68a2be94fada80c04d40f2f1d1b9b7cbc2a8cc01260d511c63b&__bTs=1591876399 HTTP/1.1" 200 16129 "https://stream.jeremycherfas.net/content/all/" "Mozilla/5.0 (Macintosh; Intel Mac OS X 10.13; rv:77.0) Gecko/20100101 Firefox/77.0" 
198.58.103.36 - - [11/Jun/2020:04:53:17 -0700] "GET /content/all/?_t=rss HTTP/1.1" 200 7389 "-" "Superfeedr bot/2.0 http://superfeedr.com - Make your feeds realtime: get in touch - feed-id:1122325712" 
141.98.255.146 - - [11/Jun/2020:04:53:19 -0700] "GET /service/security/csrftoken/?url=https%3A%2F%2Fstream.jeremycherfas.net%2Fservice%2Fweb%2Funfurl%2F HTTP/1.1" 200 1420 "https://stream.jeremycherfas.net/content/all/" "Mozilla/5.0 (Macintosh; Intel Mac OS X 10.13; rv:77.0) Gecko/20100101 Firefox/77.0" 
198.58.103.36 - - [11/Jun/2020:04:53:17 -0700] "GET / HTTP/1.1" 200 11864 "-" "Superfeedr bot/2.0 http://superfeedr.com - Make your feeds realtime: get in touch - feed-id:1396476126" 
198.58.103.36 - - [11/Jun/2020:04:53:18 -0700] "GET /content/statusupdates/posts/bookmarkedpages?_t=rss HTTP/1.1" 200 7192 "-" "Superfeedr bot/2.0 http://superfeedr.com - Make your feeds realtime: get in touch - feed-id:1247440030" 
141.98.255.146 - - [11/Jun/2020:04:53:19 -0700] "GET /service/web/unfurl/?url=https%3A%2F%2Fboffosocko.com%2F2018%2F05%2F29%2Findieweb-ifying-coloradoboulevard-net%2F&__bTk=717f7cc72557d68a2be94fada80c04d40f2f1d1b9b7cbc2a8cc01260d511c63b&__bTs=1591876399 HTTP/1.1" 200 67034 "https://stream.jeremycherfas.net/content/all/" "Mozilla/5.0 (Macintosh; Intel Mac OS X 10.13; rv:77.0) Gecko/20100101 Firefox/77.0" 
165.22.170.20 - - [11/Jun/2020:04:53:18 -0700] "GET /2020/so-happy-to-see-helen-rosner-hels HTTP/1.1" 200 9451 "-" "Ruby" 
141.98.255.146 - - [11/Jun/2020:04:53:19 -0700] "GET /service/security/csrftoken/?url=https%3A%2F%2Fstream.jeremycherfas.net%2Fservice%2Fweb%2Funfurl%2F HTTP/1.1" 200 1420 "https://stream.jeremycherfas.net/content/all/" "Mozilla/5.0 (Macintosh; Intel Mac OS X 10.13; rv:77.0) Gecko/20100101 Firefox/77.0" 
198.58.103.36 - - [11/Jun/2020:04:53:18 -0700] "GET / HTTP/1.1" 200 11864 "-" "Superfeedr bot/2.0 http://superfeedr.com - Make your feeds realtime: get in touch - feed-id:1396476126" 
198.58.103.36 - - [11/Jun/2020:04:53:18 -0700] "GET /content/statusupdates/posts/photos/checkins/bookmarkedpages?_t=rss HTTP/1.1" 200 7410 "-" "Superfeedr bot/2.0 http://superfeedr.com - Make your feeds realtime: get in touch - feed-id:1395929608" 
198.58.103.36 - - [11/Jun/2020:04:53:19 -0700] "GET /content/statusupdates/posts/photos/checkins/bookmarkedpages?_t=rss HTTP/1.1" 200 7410 "-" "Superfeedr bot/2.0 http://superfeedr.com - Make your feeds realtime: get in touch - feed-id:1395929608" 
198.58.103.36 - - [11/Jun/2020:04:53:19 -0700] "GET / HTTP/1.1" 200 11864 "-" "Superfeedr bot/2.0 http://superfeedr.com - Make your feeds realtime: get in touch - feed-id:1396476126" 
165.22.170.20 - - [11/Jun/2020:04:53:20 -0700] "GET /file/ef801e05730eba56004c5b712ad84731/thumb.jpg HTTP/1.1" 200 25848 "-" "http.rb/4.0.0" 
198.58.103.36 - - [11/Jun/2020:04:53:19 -0700] "GET /content/statusupdates/posts/bookmarkedpages?_t=rss HTTP/1.1" 200 7192 "-" "Superfeedr bot/2.0 http://superfeedr.com - Make your feeds realtime: get in touch - feed-id:1247440030" 
198.58.103.36 - - [11/Jun/2020:04:53:20 -0700] "GET / HTTP/1.1" 200 11864 "-" "Superfeedr bot/2.0 http://superfeedr.com - Make your feeds realtime: get in touch - feed-id:1396476126" 
141.98.255.146 - - [11/Jun/2020:04:53:19 -0700] "GET /service/web/unfurl/?url=https%3A%2F%2Fdivinations.substack.com%2Fp%2Fthe-open-podcast-ecosystem-is-dying&__bTk=717f7cc72557d68a2be94fada80c04d40f2f1d1b9b7cbc2a8cc01260d511c63b&__bTs=1591876399 HTTP/1.1" 200 11362 "https://stream.jeremycherfas.net/content/all/" "Mozilla/5.0 (Macintosh; Intel Mac OS X 10.13; rv:77.0) Gecko/20100101 Firefox/77.0" 
198.58.103.36 - - [11/Jun/2020:04:53:20 -0700] "GET /?offset=10&_t=rss HTTP/1.1" 200 7191 "-" "Superfeedr bot/2.0 http://superfeedr.com - Make your feeds realtime: get in touch - feed-id:1214543370" 
198.58.103.36 - - [11/Jun/2020:04:53:19 -0700] "GET /?offset=10&_t=rss HTTP/1.1" 200 7191 "-" "Superfeedr bot/2.0 http://superfeedr.com - Make your feeds realtime: get in touch - feed-id:1214543370" 
198.58.103.36 - - [11/Jun/2020:04:53:21 -0700] "GET / HTTP/1.1" 200 11864 "-" "Superfeedr bot/2.0 http://superfeedr.com - Make your feeds realtime: get in touch - feed-id:1396476126" 
45.79.26.51 - - [11/Jun/2020:04:53:22 -0700] "GET /content/statusupdates/posts/photos/checkins/bookmarkedpages?_t=rss HTTP/1.1" 200 7366 "-" "Micro.blog/1.0" 
198.58.103.36 - - [11/Jun/2020:04:53:22 -0700] "GET / HTTP/1.1" 200 11864 "-" "Superfeedr bot/2.0 http://superfeedr.com - Make your feeds realtime: get in touch - feed-id:1396476126" 
66.249.66.44 - - [11/Jun/2020:04:53:22 -0700] "GET /?_t=rss HTTP/1.1" 200 7916 "-" "Mozilla/5.0 (compatible; Googlebot/2.1; +http://www.google.com/bot.html)" 
46.229.168.144 - - [11/Jun/2020:04:53:24 -0700] "GET /?q=%23realbreadweek HTTP/1.1" 200 9314 "-" "Mozilla/5.0 (compatible; SemrushBot/6~bl; +http://www.semrush.com/bot.html)" 
198.58.103.36 - - [11/Jun/2020:04:53:25 -0700] "GET / HTTP/1.1" 200 11864 "-" "Superfeedr bot/2.0 http://superfeedr.com - Make your feeds realtime: get in touch - feed-id:1396476126" 
198.58.103.36 - - [11/Jun/2020:04:53:26 -0700] "GET /content/all?_t=rss HTTP/1.1" 200 7388 "-" "Superfeedr bot/2.0 http://superfeedr.com - Make your feeds realtime: get in touch - feed-id:1319424208" 
198.58.103.36 - - [11/Jun/2020:04:53:27 -0700] "GET /content/statusupdates/posts/bookmarkedpages?_t=rss HTTP/1.1" 200 7192 "-" "Superfeedr bot/2.0 http://superfeedr.com - Make your feeds realtime: get in touch - feed-id:1247440030" 
198.58.103.36 - - [11/Jun/2020:04:53:28 -0700] "GET /?offset=10&_t=rss HTTP/1.1" 200 7191 "-" "Superfeedr bot/2.0 http://superfeedr.com - Make your feeds realtime: get in touch - feed-id:1214543370" 
198.58.103.36 - - [11/Jun/2020:04:53:28 -0700] "GET /content/all?_t=rss HTTP/1.1" 200 7388 "-" "Superfeedr bot/2.0 http://superfeedr.com - Make your feeds realtime: get in touch - feed-id:1319424208" 
198.58.103.36 - - [11/Jun/2020:04:53:29 -0700] "GET /content/statusupdates/posts/bookmarkedpages?_t=rss HTTP/1.1" 200 7192 "-" "Superfeedr bot/2.0 http://superfeedr.com - Make your feeds realtime: get in touch - feed-id:1247440030" 
198.58.103.36 - - [11/Jun/2020:04:53:29 -0700] "GET /?offset=10&_t=rss HTTP/1.1" 200 7191 "-" "Superfeedr bot/2.0 http://superfeedr.com - Make your feeds realtime: get in touch - feed-id:1214543370" 
198.58.103.36 - - [11/Jun/2020:04:53:30 -0700] "GET / HTTP/1.1" 200 11864 "-" "Superfeedr bot/2.0 http://superfeedr.com - Make your feeds realtime: get in touch - feed-id:1396476126" 
198.58.103.36 - - [11/Jun/2020:04:53:30 -0700] "GET /content/photos?_t=rss HTTP/1.1" 200 7450 "-" "Superfeedr bot/2.0 http://superfeedr.com - Make your feeds realtime: get in touch - feed-id:1324303946" 
198.58.103.36 - - [11/Jun/2020:04:53:31 -0700] "GET /content/statusupdates/posts/bookmarkedpages?_t=rss HTTP/1.1" 200 7192 "-" "Superfeedr bot/2.0 http://superfeedr.com - Make your feeds realtime: get in touch - feed-id:1247440030" 
198.58.103.36 - - [11/Jun/2020:04:53:30 -0700] "GET /content/all?_t=rss HTTP/1.1" 200 7388 "-" "Superfeedr bot/2.0 http://superfeedr.com - Make your feeds realtime: get in touch - feed-id:1319424208" 
66.249.66.44 - - [11/Jun/2020:04:53:31 -0700] "GET /2020/so-happy-to-see-helen-rosner-hels HTTP/1.1" 200 10029 "-" "Mozilla/5.0 (compatible; Googlebot/2.1; +http://www.google.com/bot.html)" 
46.229.168.138 - - [11/Jun/2020:04:53:32 -0700] "GET /2018/i-am-not-a-crook HTTP/1.1" 200 9240 "-" "Mozilla/5.0 (compatible; SemrushBot/6~bl; +http://www.semrush.com/bot.html)" 
198.58.103.36 - - [11/Jun/2020:04:53:31 -0700] "GET /?offset=10&_t=rss HTTP/1.1" 200 7191 "-" "Superfeedr bot/2.0 http://superfeedr.com - Make your feeds realtime: get in touch - feed-id:1214543370" 
198.58.103.36 - - [11/Jun/2020:04:53:33 -0700] "GET /?offset=10&_t=rss HTTP/1.1" 200 7191 "-" "Superfeedr bot/2.0 http://superfeedr.com - Make your feeds realtime: get in touch - feed-id:1214543370" 
198.58.103.36 - - [11/Jun/2020:04:53:33 -0700] "GET /content/all/?_t=rss HTTP/1.1" 200 7389 "-" "Superfeedr bot/2.0 http://superfeedr.com - Make your feeds realtime: get in touch - feed-id:1122325712" 
198.58.103.36 - - [11/Jun/2020:04:53:34 -0700] "GET / HTTP/1.1" 200 11864 "-" "Superfeedr bot/2.0 http://superfeedr.com - Make your feeds realtime: get in touch - feed-id:1396476126" 
66.249.66.44 - - [11/Jun/2020:04:53:36 -0700] "GET /service/web/unfurl/?url=https%3A%2F%2Fwww.newyorker.com%2Fculture%2Fannals-of-gastronomy%2Fhow-apples-go-bad&__bTk=1bd931c2e77042fcfb938c9033235bae0e4e6a735f743d1dc68a8b7dc378076f&__bTs=1591383934 HTTP/1.1" 403 4969 "https://stream.jeremycherfas.net/2020/so-happy-to-see-helen-rosner-hels" "Mozilla/5.0 AppleWebKit/537.36 (KHTML, like Gecko; compatible; Googlebot/2.1; +http://www.google.com/bot.html) Chrome/83.0.4103.93 Safari/537.36" 
198.58.103.36 - - [11/Jun/2020:04:53:48 -0700] "GET /?_t=rss HTTP/1.1" 200 7372 "-" "Superfeedr bot/2.0 http://superfeedr.com - Make your feeds realtime: get in touch - feed-id:1112274260" 
198.58.103.36 - - [11/Jun/2020:04:53:49 -0700] "GET / HTTP/1.1" 200 11864 "-" "Superfeedr bot/2.0 http://superfeedr.com - Make your feeds realtime: get in touch - feed-id:1396476126" 
96.126.125.129 - - [11/Jun/2020:04:54:28 -0700] "GET /content/statusupdates/posts/photos/checkins/bookmarkedpages?_t=rss HTTP/1.1" 200 7371 "-" "Micro.blog/1.0" 
141.98.255.146 - - [11/Jun/2020:04:54:54 -0700] "GET /file/ef801e05730eba56004c5b712ad84731/thumb.jpg HTTP/1.1" 200 26439 "-" "Mozilla/5.0 (Macintosh; Intel Mac OS X 10.13; rv:77.0) Gecko/20100101 Firefox/77.0" 
141.98.255.146 - - [11/Jun/2020:04:54:55 -0700] "GET /favicon.ico HTTP/1.1" 200 397 "-" "Mozilla/5.0 (Macintosh; Intel Mac OS X 10.13; rv:77.0) Gecko/20100101 Firefox/77.0" 
114.119.160.61 - - [11/Jun/2020:04:55:06 -0700] "GET /2018/as-i-start-work-on-my-monthly HTTP/1.1" 200 9301 "-" "Mozilla/5.0 (Linux; Android 7.0;) AppleWebKit/537.36 (KHTML, like Gecko) Mobile Safari/537.36 (compatible; PetalBot;+https://aspiegel.com/petalbot)" 
167.172.219.252 - - [11/Jun/2020:04:55:56 -0700] "GET /?_t=rss HTTP/1.1" 200 7343 "-" "Feedbin feed-id:1536727 - 1 subscribers" 
66.249.66.52 - - [11/Jun/2020:04:56:00 -0700] "GET /content/statusupdates/?offset=382&_t=rss HTTP/1.1" 200 7180 "-" "Mozilla/5.0 (Linux; Android 6.0.1; Nexus 5X Build/MMB29P) AppleWebKit/537.36 (KHTML, like Gecko) Chrome/80.0.3987.92 Mobile Safari/537.36 (compatible; Googlebot/2.1; +http://www.google.com/bot.html)" 
46.229.168.137 - - [11/Jun/2020:04:56:07 -0700] "GET /?offset=143&q=%23%2B%23indieweb HTTP/1.1" 200 9278 "-" "Mozilla/5.0 (compatible; SemrushBot/6~bl; +http://www.semrush.com/bot.html)" 
46.229.168.161 - - [11/Jun/2020:04:56:30 -0700] "GET /2020/all-this-and-more-i-am-exploring HTTP/1.1" 200 10283 "-" "Mozilla/5.0 (compatible; SemrushBot/6~bl; +http://www.semrush.com/bot.html)" 
96.126.125.129 - - [11/Jun/2020:04:58:25 -0700] "GET /content/statusupdates/posts/photos/checkins/bookmarkedpages?_t=rss HTTP/1.1" 200 7371 "-" "Micro.blog/1.0" 
46.229.168.151 - - [11/Jun/2020:04:58:39 -0700] "GET /2019/the-joys-of-flaneuring-the-food-archive HTTP/1.1" 200 9449 "-" "Mozilla/5.0 (compatible; SemrushBot/6~bl; +http://www.semrush.com/bot.html)" 
46.229.168.146 - - [11/Jun/2020:04:59:15 -0700] "GET /content/all/?offset=132&q=%23IndieWeb HTTP/1.1" 200 12621 "-" "Mozilla/5.0 (compatible; SemrushBot/6~bl; +http://www.semrush.com/bot.html)" 
46.229.168.144 - - [11/Jun/2020:04:59:20 -0700] "GET /content/all/?q=%23%2B%23nigella HTTP/1.1" 200 8304 "-" "Mozilla/5.0 (compatible; SemrushBot/6~bl; +http://www.semrush.com/bot.html)" 
66.249.66.44 - - [11/Jun/2020:05:00:05 -0700] "GET /service/web/unfurl/?url=http%3A%2F%2Fmemex.naughtons.org%2Farchives%2F2018%2F08%2F16%2F25929&__bTk=9589125b0b635ea8ecadbc9dd50b5f9dd07da9556f1bb1175ea55912d813b26c&__bTs=1589291460 HTTP/1.1" 403 5086 "https://stream.jeremycherfas.net/content/all?offset=1027" "Mozilla/5.0 (Linux; Android 6.0.1; Nexus 5X Build/MMB29P) AppleWebKit/537.36 (KHTML, like Gecko) Chrome/83.0.4103.93 Mobile Safari/537.36 (compatible; Googlebot/2.1; +http://www.google.com/bot.html)" 
46.229.168.149 - - [11/Jun/2020:05:00:09 -0700] "GET /2018/latest-episode-asks-whatever-happened-to-british-veal-time-was HTTP/1.1" 200 11981 "-" "Mozilla/5.0 (compatible; SemrushBot/6~bl; +http://www.semrush.com/bot.html)" 
46.229.168.150 - - [11/Jun/2020:05:00:50 -0700] "GET /2017/another-reason-we-need-to-own-our-data----because HTTP/1.1" 200 9496 "-" "Mozilla/5.0 (compatible; SemrushBot/6~bl; +http://www.semrush.com/bot.html)" 
66.249.66.48 - - [11/Jun/2020:05:00:54 -0700] "GET /service/web/unfurl/?url=http%3A%2F%2Fmemex.naughtons.org%2Farchives%2F2018%2F08%2F16%2F25929&__bTk=eaac90559b759ea7ae377bf516368bbfcdb0ae6c84f19a55d89e917d304eae91&__bTs=1590233296 HTTP/1.1" 403 4977 "https://www.stream.jeremycherfas.net/content/all/?offset=1008" "Mozilla/5.0 (Linux; Android 6.0.1; Nexus 5X Build/MMB29P) AppleWebKit/537.36 (KHTML, like Gecko) Chrome/83.0.4103.93 Mobile Safari/537.36 (compatible; Googlebot/2.1; +http://www.google.com/bot.html)" 
66.249.66.48 - - [11/Jun/2020:05:00:54 -0700] "GET /robots.txt HTTP/1.1" 200 4881 "-" "Mozilla/5.0 (compatible; Googlebot/2.1; +http://www.google.com/bot.html)" 
46.229.168.147 - - [11/Jun/2020:05:01:04 -0700] "GET /tag/known?offset=0 HTTP/1.1" 200 16491 "-" "Mozilla/5.0 (compatible; SemrushBot/6~bl; +http://www.semrush.com/bot.html)" 
34.207.58.24 - - [11/Jun/2020:05:01:30 -0700] "GET /?_t=rss HTTP/1.1" 200 7335 "-" "glitch-feeder/1.0 (+https://glitch.com/~lmo-feeder)" 
34.207.58.24 - - [11/Jun/2020:05:01:31 -0700] "GET /2020/so-happy-to-see-helen-rosner-hels HTTP/1.1" 200 25589 "-" "-" 
207.46.13.212 - - [11/Jun/2020:05:01:57 -0700] "GET /2018/bookmark---indieweb-2 HTTP/1.1" 200 10565 "-" "Mozilla/5.0 (compatible; bingbot/2.0; +http://www.bing.com/bingbot.htm)" 
64.111.100.215 - - [11/Jun/2020:05:02:03 -0700] "GET /content/all?_t=rss HTTP/1.1" 200 14664 "-" "Mozilla/5.0 (X11; U; Linux i686; fr; rv:1.9.1.1) Gecko/20090715 Firefox/3.5.1" 
46.229.168.138 - - [11/Jun/2020:05:02:34 -0700] "GET /2020/checked-into-antonio-antonio HTTP/1.1" 200 9499 "-" "Mozilla/5.0 (compatible; SemrushBot/6~bl; +http://www.semrush.com/bot.html)" 
96.126.125.129 - - [11/Jun/2020:05:02:56 -0700] "GET /content/statusupdates/posts/photos/checkins/bookmarkedpages?_t=rss HTTP/1.1" 200 7371 "-" "Micro.blog/1.0" 
46.229.168.133 - - [11/Jun/2020:05:03:22 -0700] "GET /2019/spices-allspice-cinnamon-cloves-cumin-and-nutmeg-half-a-teaspoon HTTP/1.1" 200 11654 "-" "Mozilla/5.0 (compatible; SemrushBot/6~bl; +http://www.semrush.com/bot.html)" 
207.46.13.212 - - [11/Jun/2020:05:04:58 -0700] "GET /?offset=10&_t=rss HTTP/1.1" 200 7735 "-" "Mozilla/5.0 (compatible; bingbot/2.0; +http://www.bing.com/bingbot.htm)" 
66.249.66.46 - - [11/Jun/2020:05:05:28 -0700] "GET /profile/jeremy?_t=rss&offset=460 HTTP/1.1" 200 7346 "-" "Mozilla/5.0 (Linux; Android 6.0.1; Nexus 5X Build/MMB29P) AppleWebKit/537.36 (KHTML, like Gecko) Chrome/80.0.3987.92 Mobile Safari/537.36 (compatible; Googlebot/2.1; +http://www.google.com/bot.html)" 
46.229.168.129 - - [11/Jun/2020:05:05:57 -0700] "GET /?offset=31&q=%23%2B%23food HTTP/1.1" 200 13436 "-" "Mozilla/5.0 (compatible; SemrushBot/6~bl; +http://www.semrush.com/bot.html)" 
54.164.139.28 - - [11/Jun/2020:05:06:29 -0700] "GET /feed/ HTTP/1.1" 200 7573 "https://www.google.com/" "Mozilla/5.0 (X11; Linux x86_64) AppleWebKit/537.36 (KHTML, like Gecko) Chrome/80.0.3987.132 Safari/537.36" 
46.229.168.146 - - [11/Jun/2020:05:06:30 -0700] "GET /content/all?offset=30 HTTP/1.1" 200 13763 "-" "Mozilla/5.0 (compatible; SemrushBot/6~bl; +http://www.semrush.com/bot.html)" 
114.119.166.46 - - [11/Jun/2020:05:06:35 -0700] "GET /tag/Indieweb?offset=133 HTTP/1.1" 200 12472 "-" "Mozilla/5.0 (Linux; Android 7.0;) AppleWebKit/537.36 (KHTML, like Gecko) Mobile Safari/537.36 (compatible; PetalBot;+https://aspiegel.com/petalbot)" 
52.205.199.78 - - [11/Jun/2020:05:06:39 -0700] "GET /feed/ HTTP/1.1" 200 7573 "https://www.google.com/" "Mozilla/5.0 (Macintosh; Intel Mac OS X 10.15; rv:74.0) Gecko/20100101 Firefox/74.0" 
52.205.199.78 - - [11/Jun/2020:05:06:43 -0700] "GET /robots.txt HTTP/1.1" 200 4141 "https://www.google.com/" "Mozilla/5.0 (X11; Ubuntu; Linux x86_64; rv:72.0) Gecko/20100101 Firefox/72.0" 
52.205.199.78 - - [11/Jun/2020:05:06:45 -0700] "GET /2020/so-happy-to-see-helen-rosner-hels HTTP/1.1" 200 9314 "https://www.google.com/" "Mozilla/5.0 (Macintosh; Intel Mac OS X 10.15; rv:73.0) Gecko/20100101 Firefox/73.0" 
46.229.168.154 - - [11/Jun/2020:05:06:52 -0700] "GET /?offset=140&q=%23indieweb HTTP/1.1" 200 10214 "-" "Mozilla/5.0 (compatible; SemrushBot/6~bl; +http://www.semrush.com/bot.html)" 
96.126.125.129 - - [11/Jun/2020:05:07:07 -0700] "GET /content/statusupdates/posts/photos/checkins/bookmarkedpages?_t=rss HTTP/1.1" 200 7371 "-" "Micro.blog/1.0" 
46.229.168.162 - - [11/Jun/2020:05:09:24 -0700] "GET /2019/something-like-a-scent-ridgeline-issue-009 HTTP/1.1" 200 9505 "-" "Mozilla/5.0 (compatible; SemrushBot/6~bl; +http://www.semrush.com/bot.html)" 
46.229.168.139 - - [11/Jun/2020:05:09:26 -0700] "GET /content/posts?offset=79 HTTP/1.1" 200 12007 "-" "Mozilla/5.0 (compatible; SemrushBot/6~bl; +http://www.semrush.com/bot.html)" 
46.229.168.131 - - [11/Jun/2020:05:11:22 -0700] "GET /?offset=84&q=%23%2B%23indieweb HTTP/1.1" 200 13606 "-" "Mozilla/5.0 (compatible; SemrushBot/6~bl; +http://www.semrush.com/bot.html)" 
207.46.13.63 - - [11/Jun/2020:05:11:35 -0700] "GET /2019/i-too-am-looking-forward-to-day?_t=rss HTTP/1.1" 200 5700 "-" "Mozilla/5.0 (compatible; bingbot/2.0; +http://www.bing.com/bingbot.htm)" 
96.126.125.129 - - [11/Jun/2020:05:11:41 -0700] "GET /content/statusupdates/posts/photos/checkins/bookmarkedpages?_t=rss HTTP/1.1" 200 7371 "-" "Micro.blog/1.0" 
114.119.165.105 - - [11/Jun/2020:05:12:20 -0700] "GET /tag/IndieWeb?offset=90 HTTP/1.1" 200 15616 "-" "Mozilla/5.0 (Linux; Android 7.0;) AppleWebKit/537.36 (KHTML, like Gecko) Mobile Safari/537.36 (compatible; PetalBot;+https://aspiegel.com/petalbot)" 
46.229.168.138 - - [11/Jun/2020:05:13:24 -0700] "GET /2020/currently-reading-the-oldest-road-the-ridgeway HTTP/1.1" 200 9358 "-" "Mozilla/5.0 (compatible; SemrushBot/6~bl; +http://www.semrush.com/bot.html)" 
66.249.66.46 - - [11/Jun/2020:05:13:39 -0700] "GET /2019/sunday-morning-in-the-park-with-art HTTP/1.1" 304 4068 "-" "Mozilla/5.0 (Linux; Android 6.0.1; Nexus 5X Build/MMB29P) AppleWebKit/537.36 (KHTML, like Gecko) Chrome/80.0.3987.92 Mobile Safari/537.36 (compatible; Googlebot/2.1; +http://www.google.com/bot.html)" 
46.229.168.133 - - [11/Jun/2020:05:13:57 -0700] "GET /content/all/?offset=16&q=%23%2B%23sourdough HTTP/1.1" 200 11784 "-" "Mozilla/5.0 (compatible; SemrushBot/6~bl; +http://www.semrush.com/bot.html)" 
46.229.168.151 - - [11/Jun/2020:05:14:47 -0700] "GET /content/posts/?q=%23FDA HTTP/1.1" 200 8294 "-" "Mozilla/5.0 (compatible; SemrushBot/6~bl; +http://www.semrush.com/bot.html)" 
46.229.168.140 - - [11/Jun/2020:05:14:53 -0700] "GET /content/events/?q=%23realbreadweek HTTP/1.1" 200 8288 "-" "Mozilla/5.0 (compatible; SemrushBot/6~bl; +http://www.semrush.com/bot.html)" 
46.229.168.140 - - [11/Jun/2020:05:14:55 -0700] "GET /2020/checked-into-6 HTTP/1.1" 200 9516 "-" "Mozilla/5.0 (compatible; SemrushBot/6~bl; +http://www.semrush.com/bot.html)" 
100.24.65.222 - - [11/Jun/2020:05:14:59 -0700] "GET /content/all?_t=rss HTTP/1.1" 200 7372 "https://www.google.com/" "Mozilla/5.0 (Windows NT 10.0; Win64; x64; rv:68.0) Gecko/20100101 Firefox/68.0" 
46.229.168.144 - - [11/Jun/2020:05:15:42 -0700] "GET /?offset=47&q=%23%2B%23WithKnown HTTP/1.1" 200 11426 "-" "Mozilla/5.0 (compatible; SemrushBot/6~bl; +http://www.semrush.com/bot.html)" 
96.126.125.129 - - [11/Jun/2020:05:16:03 -0700] "GET /content/statusupdates/posts/photos/checkins/bookmarkedpages?_t=rss HTTP/1.1" 200 7371 "-" "Micro.blog/1.0" 
46.229.168.139 - - [11/Jun/2020:05:16:55 -0700] "GET /content/all/?offset=66&q=%23%2B%23%23bread HTTP/1.1" 200 12209 "-" "Mozilla/5.0 (compatible; SemrushBot/6~bl; +http://www.semrush.com/bot.html)" 
207.46.13.63 - - [11/Jun/2020:05:17:27 -0700] "GET /content/all/?q=%23indieweb&_t=rss HTTP/1.1" 200 10552 "-" "Mozilla/5.0 (compatible; bingbot/2.0; +http://www.bing.com/bingbot.htm)" 
46.229.168.147 - - [11/Jun/2020:05:17:30 -0700] "GET /content/all/?offset=20&q=%23%2B%23%23bread HTTP/1.1" 200 11943 "-" "Mozilla/5.0 (compatible; SemrushBot/6~bl; +http://www.semrush.com/bot.html)" 
114.119.165.2 - - [11/Jun/2020:05:18:03 -0700] "GET /tag/IndieWeb?offset=80 HTTP/1.1" 200 13739 "-" "Mozilla/5.0 (Linux; Android 7.0;) AppleWebKit/537.36 (KHTML, like Gecko) Mobile Safari/537.36 (compatible; PetalBot;+https://aspiegel.com/petalbot)" 
64.111.100.215 - - [11/Jun/2020:05:18:06 -0700] "GET /content/all?_t=rss HTTP/1.1" 200 14664 "-" "Mozilla/5.0 (X11; U; Linux i686; fr; rv:1.9.1.1) Gecko/20090715 Firefox/3.5.1" 
46.229.168.130 - - [11/Jun/2020:05:20:33 -0700] "GET /content/photos/?offset=10&q=%23bread HTTP/1.1" 200 12147 "-" "Mozilla/5.0 (compatible; SemrushBot/6~bl; +http://www.semrush.com/bot.html)" 
46.229.168.163 - - [11/Jun/2020:05:20:43 -0700] "GET /2019/ive-mostly-given-up-on-aperol HTTP/1.1" 200 12771 "-" "Mozilla/5.0 (compatible; SemrushBot/6~bl; +http://www.semrush.com/bot.html)" 
54.236.10.150 - - [11/Jun/2020:05:20:43 -0700] "GET /content/all?_t=rss HTTP/1.1" 200 7349 "https://www.google.com/" "Mozilla/5.0 (Macintosh; Intel Mac OS X 10_14_6) AppleWebKit/537.36 (KHTML, like Gecko) Chrome/79.0.3945.130 Safari/537.36" 
46.229.168.161 - - [11/Jun/2020:05:21:19 -0700] "GET /2019/just-been-through-the-annual-ritual-of HTTP/1.1" 200 9373 "-" "Mozilla/5.0 (compatible; SemrushBot/6~bl; +http://www.semrush.com/bot.html)" 
46.229.168.137 - - [11/Jun/2020:05:21:27 -0700] "GET /content/all/?offset=54&q=%23%2B%23food HTTP/1.1" 200 8612 "-" "Mozilla/5.0 (compatible; SemrushBot/6~bl; +http://www.semrush.com/bot.html)" 
66.249.66.44 - - [11/Jun/2020:05:22:23 -0700] "GET /robots.txt HTTP/1.1" 200 4857 "-" "Mozilla/5.0 (compatible; Googlebot/2.1; +http://www.google.com/bot.html)" 
66.249.66.48 - - [11/Jun/2020:05:22:23 -0700] "GET /service/web/unfurl/?url=https%3A%2F%2Fwww.gyford.com%2Fphil%2Fwriting%2F2019%2F11%2F05%2Fguardian-daily-edition-review%2F&__bTk=1bd931c2e77042fcfb938c9033235bae0e4e6a735f743d1dc68a8b7dc378076f&__bTs=1591383934 HTTP/1.1" 403 5115 "https://stream.jeremycherfas.net/content/all?offset=175" "Mozilla/5.0 (Linux; Android 6.0.1; Nexus 5X Build/MMB29P) AppleWebKit/537.36 (KHTML, like Gecko) Chrome/83.0.4103.93 Mobile Safari/537.36 (compatible; Googlebot/2.1; +http://www.google.com/bot.html)" 
66.249.66.48 - - [11/Jun/2020:05:22:23 -0700] "GET /service/web/unfurl/?url=https%3A%2F%2Fwww.vice.com%2Fen_us%2Farticle%2F43k7z3%2Fnationwide-fake-host-scam-on-airbnb&__bTk=1bd931c2e77042fcfb938c9033235bae0e4e6a735f743d1dc68a8b7dc378076f&__bTs=1591383934 HTTP/1.1" 403 1437 "https://stream.jeremycherfas.net/content/all?offset=175" "Mozilla/5.0 (Linux; Android 6.0.1; Nexus 5X Build/MMB29P) AppleWebKit/537.36 (KHTML, like Gecko) Chrome/83.0.4103.93 Mobile Safari/537.36 (compatible; Googlebot/2.1; +http://www.google.com/bot.html)" 
66.249.66.46 - - [11/Jun/2020:05:22:24 -0700] "GET /service/web/unfurl/?url=https%3A%2F%2Falexdanco.com%2F2019%2F10%2F26%2Feverything-is-amazing-but-nothing-is-ours%2F&__bTk=1bd931c2e77042fcfb938c9033235bae0e4e6a735f743d1dc68a8b7dc378076f&__bTs=1591383934 HTTP/1.1" 403 5109 "https://stream.jeremycherfas.net/content/all?offset=175" "Mozilla/5.0 (Linux; Android 6.0.1; Nexus 5X Build/MMB29P) AppleWebKit/537.36 (KHTML, like Gecko) Chrome/83.0.4103.93 Mobile Safari/537.36 (compatible; Googlebot/2.1; +http://www.google.com/bot.html)" 
66.249.66.44 - - [11/Jun/2020:05:22:24 -0700] "GET /service/web/unfurl/?url=https%3A%2F%2Fhotpodnews.com%2Ffestivus-for-the-rest-of-us%2F&__bTk=1bd931c2e77042fcfb938c9033235bae0e4e6a735f743d1dc68a8b7dc378076f&__bTs=1591383934 HTTP/1.1" 403 5079 "https://stream.jeremycherfas.net/content/all?offset=175" "Mozilla/5.0 (Linux; Android 6.0.1; Nexus 5X Build/MMB29P) AppleWebKit/537.36 (KHTML, like Gecko) Chrome/83.0.4103.93 Mobile Safari/537.36 (compatible; Googlebot/2.1; +http://www.google.com/bot.html)" 
66.249.66.44 - - [11/Jun/2020:05:22:25 -0700] "GET /service/web/unfurl/?url=https%3A%2F%2Fwww.vice.com%2Fen_us%2Farticle%2Fvb58jd%2Fairbnb-promises-to-verify-all-7-million-listings-after-vice-report-exposes-scam.&__bTk=1bd931c2e77042fcfb938c9033235bae0e4e6a735f743d1dc68a8b7dc378076f&__bTs=1591383934 HTTP/1.1" 403 1482 "https://stream.jeremycherfas.net/content/all?offset=175" "Mozilla/5.0 (Linux; Android 6.0.1; Nexus 5X Build/MMB29P) AppleWebKit/537.36 (KHTML, like Gecko) Chrome/83.0.4103.93 Mobile Safari/537.36 (compatible; Googlebot/2.1; +http://www.google.com/bot.html)" 
66.249.66.48 - - [11/Jun/2020:05:22:25 -0700] "GET /service/web/unfurl/?url=https%3A%2F%2Fwww.vice.com%2Fen_us%2Farticle%2F43k7z3%2Fnationwide-fake-host-scam-on-airbnb&__bTk=1bd931c2e77042fcfb938c9033235bae0e4e6a735f743d1dc68a8b7dc378076f&__bTs=1591383934 HTTP/1.1" 403 5109 "https://stream.jeremycherfas.net/content/all?offset=175" "Mozilla/5.0 (Linux; Android 6.0.1; Nexus 5X Build/MMB29P) AppleWebKit/537.36 (KHTML, like Gecko) Chrome/83.0.4103.93 Mobile Safari/537.36 (compatible; Googlebot/2.1; +http://www.google.com/bot.html)" 
46.229.168.145 - - [11/Jun/2020:05:22:57 -0700] "GET /2018/david-simon-fare-thee-well-scrotelicks HTTP/1.1" 200 9765 "-" "Mozilla/5.0 (compatible; SemrushBot/6~bl; +http://www.semrush.com/bot.html)" 
46.229.168.146 - - [11/Jun/2020:05:23:39 -0700] "GET /content/all/?offset=23&q=%23podcast HTTP/1.1" 200 12240 "-" "Mozilla/5.0 (compatible; SemrushBot/6~bl; +http://www.semrush.com/bot.html)" 
114.119.165.105 - - [11/Jun/2020:05:23:46 -0700] "GET /tag/Indieweb?offset=92 HTTP/1.1" 200 15436 "-" "Mozilla/5.0 (Linux; Android 7.0;) AppleWebKit/537.36 (KHTML, like Gecko) Mobile Safari/537.36 (compatible; PetalBot;+https://aspiegel.com/petalbot)" 
46.229.168.134 - - [11/Jun/2020:05:23:51 -0700] "GET /2017/having-switched-quills-endpoint-to-my-new-instance-of-withknown HTTP/1.1" 200 9303 "-" "Mozilla/5.0 (compatible; SemrushBot/6~bl; +http://www.semrush.com/bot.html)" 
66.249.66.48 - - [11/Jun/2020:05:24:24 -0700] "GET /content/all/?offset=242 HTTP/1.1" 200 12252 "-" "Mozilla/5.0 (Linux; Android 6.0.1; Nexus 5X Build/MMB29P) AppleWebKit/537.36 (KHTML, like Gecko) Chrome/80.0.3987.92 Mobile Safari/537.36 (compatible; Googlebot/2.1; +http://www.google.com/bot.html)" 
66.249.66.52 - - [11/Jun/2020:05:24:28 -0700] "GET /service/web/unfurl/?url=https%3A%2F%2Fwww.gyford.com%2Fphil%2Fwriting%2F2019%2F11%2F05%2Fguardian-daily-edition-review%2F&__bTk=f33091aa37b5a26a21a6e2f0ff127b8fade124cff31edf11df3ba76a61149115&__bTs=1591235031 HTTP/1.1" 403 5006 "https://www.stream.jeremycherfas.net/content/all/?offset=242" "Mozilla/5.0 (Linux; Android 6.0.1; Nexus 5X Build/MMB29P) AppleWebKit/537.36 (KHTML, like Gecko) Chrome/83.0.4103.93 Mobile Safari/537.36 (compatible; Googlebot/2.1; +http://www.google.com/bot.html)" 
66.249.66.50 - - [11/Jun/2020:05:24:28 -0700] "GET /service/web/unfurl/?url=https%3A%2F%2Fwww.vice.com%2Fen_us%2Farticle%2Fvb58jd%2Fairbnb-promises-to-verify-all-7-million-listings-after-vice-report-exposes-scam.&__bTk=f33091aa37b5a26a21a6e2f0ff127b8fade124cff31edf11df3ba76a61149115&__bTs=1591235031 HTTP/1.1" 403 5045 "https://www.stream.jeremycherfas.net/content/all/?offset=242" "Mozilla/5.0 (Linux; Android 6.0.1; Nexus 5X Build/MMB29P) AppleWebKit/537.36 (KHTML, like Gecko) Chrome/83.0.4103.93 Mobile Safari/537.36 (compatible; Googlebot/2.1; +http://www.google.com/bot.html)" 
66.249.66.50 - - [11/Jun/2020:05:24:29 -0700] "GET /service/web/unfurl/?url=https%3A%2F%2Fhotpodnews.com%2Ffestivus-for-the-rest-of-us%2F&__bTk=f33091aa37b5a26a21a6e2f0ff127b8fade124cff31edf11df3ba76a61149115&__bTs=1591235031 HTTP/1.1" 403 1298 "https://www.stream.jeremycherfas.net/content/all/?offset=242" "Mozilla/5.0 (Linux; Android 6.0.1; Nexus 5X Build/MMB29P) AppleWebKit/537.36 (KHTML, like Gecko) Chrome/83.0.4103.93 Mobile Safari/537.36 (compatible; Googlebot/2.1; +http://www.google.com/bot.html)" 
66.249.66.48 - - [11/Jun/2020:05:24:29 -0700] "GET /service/web/unfurl/?url=https%3A%2F%2Fdangillmor.com%2F2019%2F08%2F15%2Fsome-observations-re-craig-newmark-craigslist-journalism-and-our-information-ecosystem%2F&__bTk=f33091aa37b5a26a21a6e2f0ff127b8fade124cff31edf11df3ba76a61149115&__bTs=1591235031 HTTP/1.1" 403 5046 "https://www.stream.jeremycherfas.net/content/all/?offset=242" "Mozilla/5.0 (Linux; Android 6.0.1; Nexus 5X Build/MMB29P) AppleWebKit/537.36 (KHTML, like Gecko) Chrome/83.0.4103.93 Mobile Safari/537.36 (compatible; Googlebot/2.1; +http://www.google.com/bot.html)" 
46.229.168.144 - - [11/Jun/2020:05:25:08 -0700] "GET /content/statusupdates/?offset=22&q=%23IndieWeb HTTP/1.1" 200 10801 "-" "Mozilla/5.0 (compatible; SemrushBot/6~bl; +http://www.semrush.com/bot.html)" 
85.208.96.66 - - [11/Jun/2020:05:25:43 -0700] "GET /?_t=rss HTTP/1.1" 200 7328 "-" "Mozilla/5.0 (compatible; SemrushBot/1.0~bm; +http://www.semrush.com/bot.html)" 
96.126.125.129 - - [11/Jun/2020:05:25:50 -0700] "GET /content/statusupdates/posts/photos/checkins/bookmarkedpages?_t=rss HTTP/1.1" 200 7371 "-" "Micro.blog/1.0" 
40.77.167.64 - - [11/Jun/2020:05:26:08 -0700] "GET /content/all/?q=%23podcast&_t=rss HTTP/1.1" 200 8388 "-" "Mozilla/5.0 (compatible; bingbot/2.0; +http://www.bing.com/bingbot.htm)" 
167.172.219.252 - - [11/Jun/2020:05:26:13 -0700] "GET /?_t=rss HTTP/1.1" 304 3495 "-" "Feedbin feed-id:1536727 - 1 subscribers" 
46.229.168.144 - - [11/Jun/2020:05:26:28 -0700] "GET /2018/the-resurrection-of-blogrolls-and-webrings-continues HTTP/1.1" 200 9751 "-" "Mozilla/5.0 (compatible; SemrushBot/6~bl; +http://www.semrush.com/bot.html)" 
46.229.168.147 - - [11/Jun/2020:05:26:30 -0700] "GET /content/bookmarkedpages?offset=290 HTTP/1.1" 200 10863 "-" "Mozilla/5.0 (compatible; SemrushBot/6~bl; +http://www.semrush.com/bot.html)" 
85.208.96.68 - - [11/Jun/2020:05:26:59 -0700] "GET /2020/hey-uber_support-when-are-you-going-to HTTP/1.1" 200 9719 "-" "Mozilla/5.0 (compatible; SemrushBot/1.0~bm; +http://www.semrush.com/bot.html)" 
85.208.96.68 - - [11/Jun/2020:05:27:04 -0700] "GET /2020/ok-pure-confirmation-bias-but-i-finally HTTP/1.1" 200 9445 "-" "Mozilla/5.0 (compatible; SemrushBot/1.0~bm; +http://www.semrush.com/bot.html)" 
85.208.96.67 - - [11/Jun/2020:05:27:17 -0700] "GET /2020/photojazzy-this-an-awful-story-to-read HTTP/1.1" 200 14020 "-" "Mozilla/5.0 (compatible; SemrushBot/1.0~bm; +http://www.semrush.com/bot.html)" 
85.208.96.70 - - [11/Jun/2020:05:27:32 -0700] "GET /2020/so-happy-to-see-helen-rosner-hels HTTP/1.1" 200 9442 "-" "Mozilla/5.0 (compatible; SemrushBot/1.0~bm; +http://www.semrush.com/bot.html)" 
85.208.96.70 - - [11/Jun/2020:05:27:47 -0700] "GET /2020/whats-so-very-strange-about-reading-this HTTP/1.1" 200 9407 "-" "Mozilla/5.0 (compatible; SemrushBot/1.0~bm; +http://www.semrush.com/bot.html)" 
46.229.168.145 - - [11/Jun/2020:05:28:10 -0700] "GET /2020/what-we-link-to-when-we-link-to-books-dan HTTP/1.1" 200 9444 "-" "Mozilla/5.0 (compatible; SemrushBot/6~bl; +http://www.semrush.com/bot.html)" 
46.229.168.151 - - [11/Jun/2020:05:28:10 -0700] "GET /2019/and-a-very-happy-st-patricks-day-to-you-too HTTP/1.1" 200 14404 "-" "Mozilla/5.0 (compatible; SemrushBot/6~bl; +http://www.semrush.com/bot.html)" 
40.77.167.64 - - [11/Jun/2020:05:28:51 -0700] "GET /2019/fixing-the-financial-dilemma-at-the-heart-of-our-broken HTTP/1.1" 200 9896 "-" "Mozilla/5.0 (compatible; bingbot/2.0; +http://www.bing.com/bingbot.htm)" 
114.119.165.37 - - [11/Jun/2020:05:29:30 -0700] "GET /tag/webmention?offset=10 HTTP/1.1" 200 8967 "-" "Mozilla/5.0 (Linux; Android 7.0;) AppleWebKit/537.36 (KHTML, like Gecko) Mobile Safari/537.36 (compatible; PetalBot;+https://aspiegel.com/petalbot)" 
46.229.168.148 - - [11/Jun/2020:05:29:43 -0700] "GET /robots.txt HTTP/1.1" 200 4276 "-" "Mozilla/5.0 (compatible; SemrushBot/6~bl; +http://www.semrush.com/bot.html)" 
46.229.168.145 - - [11/Jun/2020:05:29:44 -0700] "GET /content/all/?offset=24&q=%23indieweb HTTP/1.1" 200 11558 "-" "Mozilla/5.0 (compatible; SemrushBot/6~bl; +http://www.semrush.com/bot.html)" 
45.79.26.51 - - [11/Jun/2020:05:32:25 -0700] "GET /content/statusupdates/posts/photos/checkins/bookmarkedpages?_t=rss HTTP/1.1" 200 7366 "-" "Micro.blog/1.0" 
207.46.13.212 - - [11/Jun/2020:05:32:29 -0700] "GET /2017/site-deaths-where-you-least-expect-them HTTP/1.1" 200 11570 "-" "Mozilla/5.0 (compatible; bingbot/2.0; +http://www.bing.com/bingbot.htm)" 
46.229.168.146 - - [11/Jun/2020:05:34:30 -0700] "GET /content/bookmarkedpages/?q=%23Fiction HTTP/1.1" 200 8321 "-" "Mozilla/5.0 (compatible; SemrushBot/6~bl; +http://www.semrush.com/bot.html)" 
46.229.168.129 - - [11/Jun/2020:05:35:04 -0700] "GET /2017/checked-into-scarpone HTTP/1.1" 200 9518 "-" "Mozilla/5.0 (compatible; SemrushBot/6~bl; +http://www.semrush.com/bot.html)" 
64.111.100.215 - - [11/Jun/2020:05:35:07 -0700] "GET /content/all?_t=rss HTTP/1.1" 200 14664 "-" "Mozilla/5.0 (X11; U; Linux i686; fr; rv:1.9.1.1) Gecko/20090715 Firefox/3.5.1" 
114.119.165.105 - - [11/Jun/2020:05:35:13 -0700] "GET /tag/+%23e HTTP/1.1" 200 8208 "-" "Mozilla/5.0 (Linux; Android 7.0;) AppleWebKit/537.36 (KHTML, like Gecko) Mobile Safari/537.36 (compatible; PetalBot;+https://aspiegel.com/petalbot)" 
46.229.168.133 - - [11/Jun/2020:05:35:26 -0700] "GET /tag/Rye HTTP/1.1" 200 12086 "-" "Mozilla/5.0 (compatible; SemrushBot/6~bl; +http://www.semrush.com/bot.html)" 
96.126.125.129 - - [11/Jun/2020:05:37:00 -0700] "GET /content/statusupdates/posts/photos/checkins/bookmarkedpages?_t=rss HTTP/1.1" 200 7371 "-" "Micro.blog/1.0" 
46.229.168.131 - - [11/Jun/2020:05:37:19 -0700] "GET /content/all/?offset=122&q=%23indieweb HTTP/1.1" 200 11732 "-" "Mozilla/5.0 (compatible; SemrushBot/6~bl; +http://www.semrush.com/bot.html)" 
46.229.168.162 - - [11/Jun/2020:05:38:00 -0700] "GET /content/all/?offset=72&q=%23%2B%23bread HTTP/1.1" 200 11682 "-" "Mozilla/5.0 (compatible; SemrushBot/6~bl; +http://www.semrush.com/bot.html)" 
40.77.167.64 - - [11/Jun/2020:05:38:10 -0700] "GET /2018/and-theres-one-in-the-oven-sourdough HTTP/1.1" 200 11903 "-" "Mozilla/5.0 (compatible; bingbot/2.0; +http://www.bing.com/bingbot.htm)" 
54.36.148.123 - - [11/Jun/2020:05:38:25 -0700] "GET /robots.txt HTTP/1.1" 200 4284 "-" "Mozilla/5.0 (compatible; AhrefsBot/6.1; +http://ahrefs.com/robot/)" 
46.229.168.147 - - [11/Jun/2020:05:38:54 -0700] "GET /tag/IndieWeb?offset=137 HTTP/1.1" 200 11246 "-" "Mozilla/5.0 (compatible; SemrushBot/6~bl; +http://www.semrush.com/bot.html)" 
183.89.10.169 - - [11/Jun/2020:05:39:03 -0700] "GET /profile/jeremy HTTP/1.1" 200 29090 "https://stream.jeremycherfas.net" "Mozilla/5.0 (Windows NT 10.0; Win64; x64) AppleWebKit/537.36 (KHTML, like Gecko) Chrome/62.0.3202.94 Safari/537.36" 
46.229.168.132 - - [11/Jun/2020:05:39:40 -0700] "GET /2018/hot-pod-anchor-30-the-sauce-on-preservation HTTP/1.1" 200 9450 "-" "Mozilla/5.0 (compatible; SemrushBot/6~bl; +http://www.semrush.com/bot.html)" 
114.119.164.86 - - [11/Jun/2020:05:40:56 -0700] "GET /tag/Indieweb?offset=134 HTTP/1.1" 200 12704 "-" "Mozilla/5.0 (Linux; Android 7.0;) AppleWebKit/537.36 (KHTML, like Gecko) Mobile Safari/537.36 (compatible; PetalBot;+https://aspiegel.com/petalbot)" 
46.229.168.144 - - [11/Jun/2020:05:40:57 -0700] "GET /content/photos/?q=%23%2B%23e HTTP/1.1" 200 8307 "-" "Mozilla/5.0 (compatible; SemrushBot/6~bl; +http://www.semrush.com/bot.html)" 
46.229.168.130 - - [11/Jun/2020:05:41:11 -0700] "GET /content/bookmarkedpages/?offset=31&q=%23IndieWeb HTTP/1.1" 200 8581 "-" "Mozilla/5.0 (compatible; SemrushBot/6~bl; +http://www.semrush.com/bot.html)" 
45.79.26.51 - - [11/Jun/2020:05:41:58 -0700] "GET /content/statusupdates/posts/photos/checkins/bookmarkedpages?_t=rss HTTP/1.1" 200 7366 "-" "Micro.blog/1.0" 
46.229.168.143 - - [11/Jun/2020:05:42:36 -0700] "GET /file/115b7707acd523cd597f77ff0fe17538/dfda7cb87d5f0ca34f274cc2aca5e561 HTTP/1.1" 200 92992 "-" "Mozilla/5.0 (compatible; SemrushBot/6~bl; +http://www.semrush.com/bot.html)" 
46.229.168.131 - - [11/Jun/2020:05:42:39 -0700] "GET /2018/they-go-in-they-come-out-40%25-whole-rye-sourdough HTTP/1.1" 200 14213 "-" "Mozilla/5.0 (compatible; SemrushBot/6~bl; +http://www.semrush.com/bot.html)" 
66.249.66.48 - - [11/Jun/2020:05:43:05 -0700] "GET /?offset=465 HTTP/1.1" 200 11675 "-" "Mozilla/5.0 (Linux; Android 6.0.1; Nexus 5X Build/MMB29P) AppleWebKit/537.36 (KHTML, like Gecko) Chrome/80.0.3987.92 Mobile Safari/537.36 (compatible; Googlebot/2.1; +http://www.google.com/bot.html)" 
66.249.66.50 - - [11/Jun/2020:05:43:20 -0700] "GET /tag/photo?offset=21&_t=rss HTTP/1.1" 200 6335 "-" "Mozilla/5.0 (Linux; Android 6.0.1; Nexus 5X Build/MMB29P) AppleWebKit/537.36 (KHTML, like Gecko) Chrome/80.0.3987.92 Mobile Safari/537.36 (compatible; Googlebot/2.1; +http://www.google.com/bot.html)" 
46.229.168.132 - - [11/Jun/2020:05:44:36 -0700] "GET /content/all/?offset=85&q=%23indieweb HTTP/1.1" 200 14083 "-" "Mozilla/5.0 (compatible; SemrushBot/6~bl; +http://www.semrush.com/bot.html)" 
207.46.13.212 - - [11/Jun/2020:05:44:37 -0700] "GET /2018/the-only-way-is-ethics HTTP/1.1" 200 9901 "-" "Mozilla/5.0 (compatible; bingbot/2.0; +http://www.bing.com/bingbot.htm)" 
46.229.168.133 - - [11/Jun/2020:05:44:40 -0700] "GET /content/photos/?offset=6&q=%23Sourdough HTTP/1.1" 200 12295 "-" "Mozilla/5.0 (compatible; SemrushBot/6~bl; +http://www.semrush.com/bot.html)" 
