162.210.196.100 - - [08/Jun/2020:05:59:33 -0700] "GET /2018/checked-into-supermercato-dec%C3%B2 HTTP/1.1" 200 9750 "-" "Mozilla/5.0 (compatible; MJ12bot/v1.4.8; http://mj12bot.com/)" 
162.210.196.100 - - [08/Jun/2020:05:59:37 -0700] "GET /2018/checked-into-via-dellelettricit%C3%A0 HTTP/1.1" 200 9794 "-" "Mozilla/5.0 (compatible; MJ12bot/v1.4.8; http://mj12bot.com/)" 
96.126.125.129 - - [08/Jun/2020:05:59:39 -0700] "GET /content/statusupdates/posts/photos/checkins/bookmarkedpages?_t=rss HTTP/1.1" 200 7458 "-" "Micro.blog/1.0" 
162.210.196.100 - - [08/Jun/2020:05:59:40 -0700] "GET /2018/g%C3%A9rard-rubaud-has-died-a-great-pioneer HTTP/1.1" 200 9660 "-" "Mozilla/5.0 (compatible; MJ12bot/v1.4.8; http://mj12bot.com/)" 
162.210.196.100 - - [08/Jun/2020:05:59:44 -0700] "GET /2018/lue-autorise-les-agriculteurs-bio-%C3%A0-vendre-leurs-propres-semences HTTP/1.1" 200 10121 "-" "Mozilla/5.0 (compatible; MJ12bot/v1.4.8; http://mj12bot.com/)" 
162.210.196.100 - - [08/Jun/2020:05:59:48 -0700] "GET /2018/more-than-one-way-to-wrangle-a-posse-%C3%BEoht-hord-because HTTP/1.1" 200 9636 "-" "Mozilla/5.0 (compatible; MJ12bot/v1.4.8; http://mj12bot.com/)" 
162.210.196.100 - - [08/Jun/2020:05:59:52 -0700] "GET /2018/n%C3%BCrnberger-lebkuchen HTTP/1.1" 200 10413 "-" "Mozilla/5.0 (compatible; MJ12bot/v1.4.8; http://mj12bot.com/)" 
40.77.167.64 - - [08/Jun/2020:05:59:53 -0700] "GET /2019/bought-the-anker-vertical-mouse-upgraded-better-touch-tool-all HTTP/1.1" 200 10447 "-" "Mozilla/5.0 (compatible; bingbot/2.0; +http://www.bing.com/bingbot.htm)" 
162.210.196.100 - - [08/Jun/2020:05:59:56 -0700] "GET /2018/three-things-about-readers-during-indiewebcamp-n%C3%BCrnberg HTTP/1.1" 200 9639 "-" "Mozilla/5.0 (compatible; MJ12bot/v1.4.8; http://mj12bot.com/)" 
157.55.39.168 - - [08/Jun/2020:06:00:03 -0700] "GET /vendor/forkawesome/fork-awesome/css/v5-compat.min.css HTTP/1.1" 200 5933 "-" "Mozilla/5.0 (compatible; bingbot/2.0; +http://www.bing.com/bingbot.htm)" 
157.55.39.168 - - [08/Jun/2020:06:00:03 -0700] "GET /vendor/npm-asset/underscore/underscore-min.js HTTP/1.1" 200 7059 "-" "Mozilla/5.0 (compatible; bingbot/2.0; +http://www.bing.com/bingbot.htm)" 
157.55.39.168 - - [08/Jun/2020:06:00:03 -0700] "GET /vendor/rmm5t/jquery-timeago/jquery.timeago.js HTTP/1.1" 200 3015 "-" "Mozilla/5.0 (compatible; bingbot/2.0; +http://www.bing.com/bingbot.htm)" 
207.46.13.190 - - [08/Jun/2020:06:00:08 -0700] "GET /IdnoPlugins/Checkin/external/leaflet/leaflet.min.css HTTP/1.1" 200 5873 "-" "Mozilla/5.0 (compatible; bingbot/2.0; +http://www.bing.com/bingbot.htm)" 
207.46.13.190 - - [08/Jun/2020:06:00:09 -0700] "GET /vendor/idno/mentionjs/recommended-styles.css HTTP/1.1" 200 682 "-" "Mozilla/5.0 (compatible; bingbot/2.0; +http://www.bing.com/bingbot.htm)" 
162.210.196.100 - - [08/Jun/2020:06:00:10 -0700] "GET /2019/and-then-theres-the-question-of-saut%C3%A9ed HTTP/1.1" 200 9800 "-" "Mozilla/5.0 (compatible; MJ12bot/v1.4.8; http://mj12bot.com/)" 
162.210.196.100 - - [08/Jun/2020:06:00:14 -0700] "GET /2019/checked-into-caff%C3%A8-parisi HTTP/1.1" 200 9772 "-" "Mozilla/5.0 (compatible; MJ12bot/v1.4.8; http://mj12bot.com/)" 
162.210.196.100 - - [08/Jun/2020:06:00:18 -0700] "GET /2019/checked-into-caf%C3%A9-forio HTTP/1.1" 200 9719 "-" "Mozilla/5.0 (compatible; MJ12bot/v1.4.8; http://mj12bot.com/)" 
52.87.177.119 - - [08/Jun/2020:06:00:18 -0700] "GET /?_t=rss HTTP/1.1" 200 7188 "-" "glitch-feeder/1.0 (+https://glitch.com/~lmo-feeder)" 
52.87.177.119 - - [08/Jun/2020:06:00:18 -0700] "GET /2020/isellsoap-i-know-that-chrisaldrich-was-involved HTTP/1.1" 200 26865 "-" "-" 
162.210.196.100 - - [08/Jun/2020:06:00:21 -0700] "GET /2019/checked-into-filettibdi-baccal%C3%A0 HTTP/1.1" 200 9775 "-" "Mozilla/5.0 (compatible; MJ12bot/v1.4.8; http://mj12bot.com/)" 
162.210.196.100 - - [08/Jun/2020:06:00:25 -0700] "GET /2019/checked-into-fl%C3%A1vio-velovevodetto HTTP/1.1" 200 9784 "-" "Mozilla/5.0 (compatible; MJ12bot/v1.4.8; http://mj12bot.com/)" 
162.210.196.100 - - [08/Jun/2020:06:00:29 -0700] "GET /2019/checked-into-%C3%A3n%C3%A3n HTTP/1.1" 200 9738 "-" "Mozilla/5.0 (compatible; MJ12bot/v1.4.8; http://mj12bot.com/)" 
162.210.196.100 - - [08/Jun/2020:06:00:33 -0700] "GET /2019/happy-to-confirm-that-saut%C3%A9ed-radishes-with-the-tops-are HTTP/1.1" 200 14066 "-" "Mozilla/5.0 (compatible; MJ12bot/v1.4.8; http://mj12bot.com/)" 
46.229.168.136 - - [08/Jun/2020:06:01:08 -0700] "GET /content/all/?offset=62&q=%23bread HTTP/1.1" 200 12331 "-" "Mozilla/5.0 (compatible; SemrushBot/6~bl; +http://www.semrush.com/bot.html)" 
46.229.168.148 - - [08/Jun/2020:06:01:11 -0700] "GET /2019/oh-as-two-young-american-women-look HTTP/1.1" 200 9575 "-" "Mozilla/5.0 (compatible; SemrushBot/6~bl; +http://www.semrush.com/bot.html)" 
46.229.168.136 - - [08/Jun/2020:06:01:27 -0700] "GET /?offset=125&q=%23IndieWeb HTTP/1.1" 200 11797 "-" "Mozilla/5.0 (compatible; SemrushBot/6~bl; +http://www.semrush.com/bot.html)" 
46.229.168.152 - - [08/Jun/2020:06:01:32 -0700] "GET /content/all/?offset=126&q=%23IndieWeb HTTP/1.1" 200 12034 "-" "Mozilla/5.0 (compatible; SemrushBot/6~bl; +http://www.semrush.com/bot.html)" 
77.88.5.71 - - [08/Jun/2020:06:02:05 -0700] "GET /file/9a2a1280224737797c443e360f4e7fbd HTTP/1.1" 304 3726 "-" "Mozilla/5.0 (compatible; YandexImages/3.0; +http://yandex.com/bots)" 
207.46.13.190 - - [08/Jun/2020:06:02:11 -0700] "GET /file/0c7bc19b350272ccfc9e1bca27c57927 HTTP/1.1" 200 9300 "-" "Mozilla/5.0 (compatible; bingbot/2.0; +http://www.bing.com/bingbot.htm)" 
46.229.168.136 - - [08/Jun/2020:06:02:15 -0700] "GET /2018/blogindiewebwhy-we-need-the-indieweb HTTP/1.1" 200 9639 "-" "Mozilla/5.0 (compatible; SemrushBot/6~bl; +http://www.semrush.com/bot.html)" 
46.229.168.133 - - [08/Jun/2020:06:02:19 -0700] "GET /2019/why-hunger-amidst-plenty-mdash-the-food-archive HTTP/1.1" 200 9587 "-" "Mozilla/5.0 (compatible; SemrushBot/6~bl; +http://www.semrush.com/bot.html)" 
62.210.149.60 - - [08/Jun/2020:06:02:20 -0700] "GET /2019/ive-always-fond-rss-indispensable-as-for HTTP/1.1" 200 9502 "-" "Mozilla/5.0 (compatible; Barkrowler/0.9; +https://babbar.tech/crawler)" 
62.210.149.60 - - [08/Jun/2020:06:02:26 -0700] "GET /2019/good-work-so-far-as-you-note HTTP/1.1" 200 9589 "-" "Mozilla/5.0 (compatible; Barkrowler/0.9; +https://babbar.tech/crawler)" 
46.229.168.149 - - [08/Jun/2020:06:02:58 -0700] "GET /content/statusupdates/?offset=7&q=%23podcast HTTP/1.1" 200 10844 "-" "Mozilla/5.0 (compatible; SemrushBot/6~bl; +http://www.semrush.com/bot.html)" 
54.36.148.89 - - [08/Jun/2020:06:03:05 -0700] "GET /content/all/?offset=630 HTTP/1.1" 200 11693 "-" "Mozilla/5.0 (compatible; AhrefsBot/6.1; +http://ahrefs.com/robot/)" 
46.229.168.133 - - [08/Jun/2020:06:03:16 -0700] "GET /2019/the-case-for-planting-trees-small-farm-future HTTP/1.1" 200 9606 "-" "Mozilla/5.0 (compatible; SemrushBot/6~bl; +http://www.semrush.com/bot.html)" 
54.36.149.33 - - [08/Jun/2020:06:03:25 -0700] "GET /2017/celebrating-the-return-of-bearable-weather HTTP/1.1" 200 10727 "-" "Mozilla/5.0 (compatible; AhrefsBot/6.1; +http://ahrefs.com/robot/)" 
40.77.167.64 - - [08/Jun/2020:06:03:32 -0700] "GET /file/fe4ef807918dd6ebf7c0eca7b7ff478e/igGOXjPl.jpg HTTP/1.1" 200 187286 "-" "Mozilla/5.0 (compatible; bingbot/2.0; +http://www.bing.com/bingbot.htm)" 
46.229.168.144 - - [08/Jun/2020:06:04:12 -0700] "GET /content/photos/?q=%23Fornacalia HTTP/1.1" 200 11382 "-" "Mozilla/5.0 (compatible; SemrushBot/6~bl; +http://www.semrush.com/bot.html)" 
46.229.168.138 - - [08/Jun/2020:06:04:18 -0700] "GET /content/locations/?q=%23%2B%23realbread HTTP/1.1" 200 8546 "-" "Mozilla/5.0 (compatible; SemrushBot/6~bl; +http://www.semrush.com/bot.html)" 
54.36.148.89 - - [08/Jun/2020:06:04:18 -0700] "GET /2017/celebrating-the-return-of-bearable-weather-1 HTTP/1.1" 200 9454 "-" "Mozilla/5.0 (compatible; AhrefsBot/6.1; +http://ahrefs.com/robot/)" 
114.119.165.105 - - [08/Jun/2020:06:04:18 -0700] "GET /content/all?q=%23%2B%23sourdough&offset=10 HTTP/1.1" 200 12244 "-" "Mozilla/5.0 (Linux; Android 7.0;) AppleWebKit/537.36 (KHTML, like Gecko) Mobile Safari/537.36 (compatible; PetalBot;+https://aspiegel.com/petalbot)" 
46.229.168.130 - - [08/Jun/2020:06:04:33 -0700] "GET /2019/the-rebirth-of-long-dormant-blogs-is HTTP/1.1" 200 10001 "-" "Mozilla/5.0 (compatible; SemrushBot/6~bl; +http://www.semrush.com/bot.html)" 
35.153.80.75 - - [08/Jun/2020:06:04:38 -0700] "GET /?_t=rss HTTP/1.1" 200 6963 "https://www.google.com/" "Mozilla/5.0 (Macintosh; Intel Mac OS X 10_15_1) AppleWebKit/537.36 (KHTML, like Gecko) Chrome/80.0.3987.132 Safari/537.36" 
54.36.148.249 - - [08/Jun/2020:06:05:01 -0700] "GET /2017/essential-prep-for-mondays-episode HTTP/1.1" 200 9456 "-" "Mozilla/5.0 (compatible; AhrefsBot/6.1; +http://ahrefs.com/robot/)" 
46.229.168.154 - - [08/Jun/2020:06:05:10 -0700] "GET /file/40c59a2b703af819c056fcdec3baf043/483dfaff6957d227e476dcfa4366f3eb HTTP/1.1" 500 62017 "-" "Mozilla/5.0 (compatible; SemrushBot/6~bl; +http://www.semrush.com/bot.html)" 
173.230.155.197 - - [08/Jun/2020:06:05:09 -0700] "GET / HTTP/1.1" 200 55401 "-" "Mozilla/5.0 (Macintosh; Intel Mac OS X 10_12_1) AppleWebKit/537.36 (KHTML, like Gecko) Chrome/57.0.2987.133 Safari/537.36 p3k-http/0.1.5 p3k-watchtower/0.1" 
107.178.238.28 - - [08/Jun/2020:06:05:27 -0700] "HEAD / HTTP/1.1" 200 4525 "-" "Bridgy (https://brid.gy/about)" 
107.178.238.28 - - [08/Jun/2020:06:05:28 -0700] "GET / HTTP/1.1" 200 11663 "-" "Bridgy (https://brid.gy/about)" 
107.178.238.28 - - [08/Jun/2020:06:05:29 -0700] "HEAD /?_t=rss HTTP/1.1" 200 4496 "-" "Bridgy (https://brid.gy/about)" 
107.178.238.28 - - [08/Jun/2020:06:05:30 -0700] "HEAD /content/all?_t=rss HTTP/1.1" 200 4507 "-" "Bridgy (https://brid.gy/about)" 
107.178.238.28 - - [08/Jun/2020:06:05:30 -0700] "HEAD /content/all HTTP/1.1" 200 4536 "-" "Bridgy (https://brid.gy/about)" 
107.178.238.28 - - [08/Jun/2020:06:05:31 -0700] "GET /content/all HTTP/1.1" 200 11684 "-" "Bridgy (https://brid.gy/about)" 
107.178.238.28 - - [08/Jun/2020:06:05:33 -0700] "HEAD /2020/isellsoap-i-know-that-chrisaldrich-was-involved HTTP/1.1" 200 4577 "-" "Bridgy (https://brid.gy/about)" 
107.178.238.28 - - [08/Jun/2020:06:05:39 -0700] "GET /2020/isellsoap-i-know-that-chrisaldrich-was-involved HTTP/1.1" 200 9869 "-" "Bridgy (https://brid.gy/about)" 
207.241.226.230 - - [08/Jun/2020:06:05:40 -0700] "GET /2020/isellsoap-i-know-that-chrisaldrich-was-involved HTTP/1.1" 200 9837 "-" "Known https://withknown.com" 
207.241.226.230 - - [08/Jun/2020:06:05:44 -0700] "GET /2020/isellsoap-i-know-that-chrisaldrich-was-involved HTTP/1.1" 200 6870 "-" "Known https://withknown.com" 
107.178.238.28 - - [08/Jun/2020:06:05:39 -0700] "POST /webmention/ HTTP/1.1" 202 4320 "-" "Bridgy (https://brid.gy/about)" 
54.36.148.129 - - [08/Jun/2020:06:05:59 -0700] "GET /2017/mailmerge-is-such-a-pain HTTP/1.1" 200 9465 "-" "Mozilla/5.0 (compatible; AhrefsBot/6.1; +http://ahrefs.com/robot/)" 
96.126.125.129 - - [08/Jun/2020:06:06:32 -0700] "GET /content/statusupdates/posts/photos/checkins/bookmarkedpages?_t=rss HTTP/1.1" 200 7458 "-" "Micro.blog/1.0" 
54.36.148.129 - - [08/Jun/2020:06:06:52 -0700] "GET /2017/pre-wash-cycle HTTP/1.1" 200 9453 "-" "Mozilla/5.0 (compatible; AhrefsBot/6.1; +http://ahrefs.com/robot/)" 
46.229.168.140 - - [08/Jun/2020:06:07:12 -0700] "GET /content/locations?offset=60 HTTP/1.1" 200 11027 "-" "Mozilla/5.0 (compatible; SemrushBot/6~bl; +http://www.semrush.com/bot.html)" 
46.229.168.137 - - [08/Jun/2020:06:07:24 -0700] "GET /content/audio/?q=%23%2B%23sourdough HTTP/1.1" 200 8512 "-" "Mozilla/5.0 (compatible; SemrushBot/6~bl; +http://www.semrush.com/bot.html)" 
54.36.148.9 - - [08/Jun/2020:06:07:46 -0700] "GET /2017/season-of HTTP/1.1" 200 9761 "-" "Mozilla/5.0 (compatible; AhrefsBot/6.1; +http://ahrefs.com/robot/)" 
46.229.168.144 - - [08/Jun/2020:06:07:50 -0700] "GET /?offset=142&q=%23Indieweb HTTP/1.1" 200 9680 "-" "Mozilla/5.0 (compatible; SemrushBot/6~bl; +http://www.semrush.com/bot.html)" 
46.229.168.130 - - [08/Jun/2020:06:07:54 -0700] "GET /2017/horses-for-courses HTTP/1.1" 200 10125 "-" "Mozilla/5.0 (compatible; SemrushBot/6~bl; +http://www.semrush.com/bot.html)" 
54.36.148.241 - - [08/Jun/2020:06:08:36 -0700] "GET /2017/sitting-pretty-until-the-replacement-seat-pan-arrives-for-the HTTP/1.1" 200 10452 "-" "Mozilla/5.0 (compatible; AhrefsBot/6.1; +http://ahrefs.com/robot/)" 
46.229.168.147 - - [08/Jun/2020:06:08:48 -0700] "GET /tag/bread?offset=74 HTTP/1.1" 200 11727 "-" "Mozilla/5.0 (compatible; SemrushBot/6~bl; +http://www.semrush.com/bot.html)" 
46.229.168.161 - - [08/Jun/2020:06:08:56 -0700] "GET /content/rsvp/?q=%23campbellsdoughknife HTTP/1.1" 200 8516 "-" "Mozilla/5.0 (compatible; SemrushBot/6~bl; +http://www.semrush.com/bot.html)" 
54.36.149.96 - - [08/Jun/2020:06:09:26 -0700] "GET /2017/sitting-pretty-until-the-replacement-seat-pan-arrives-for-the-big-boy-at-the-back-at-a-price-double-that-1 HTTP/1.1" 200 9679 "-" "Mozilla/5.0 (compatible; AhrefsBot/6.1; +http://ahrefs.com/robot/)" 
46.229.168.154 - - [08/Jun/2020:06:09:36 -0700] "GET /2019/at-this-stage-looks-are-unimportant-scalding-some-rye-with HTTP/1.1" 200 9814 "-" "Mozilla/5.0 (compatible; SemrushBot/6~bl; +http://www.semrush.com/bot.html)" 
46.229.168.150 - - [08/Jun/2020:06:09:54 -0700] "GET /content/photos/?offset=52&q=%23%2B%23bread HTTP/1.1" 200 11879 "-" "Mozilla/5.0 (compatible; SemrushBot/6~bl; +http://www.semrush.com/bot.html)" 
114.119.164.86 - - [08/Jun/2020:06:09:56 -0700] "GET /file/f77e32ca0d335161bf05f747c1b7ae31 HTTP/1.1" 200 276138 "-" "Mozilla/5.0 (Linux; Android 7.0;) AppleWebKit/537.36 (KHTML, like Gecko) Mobile Safari/537.36 (compatible; PetalBot;+https://aspiegel.com/petalbot)" 
46.229.168.131 - - [08/Jun/2020:06:09:58 -0700] "GET /tag/IndieWeb?offset=133 HTTP/1.1" 200 12693 "-" "Mozilla/5.0 (compatible; SemrushBot/6~bl; +http://www.semrush.com/bot.html)" 
46.229.168.162 - - [08/Jun/2020:06:10:07 -0700] "GET /2020/i-think-it-is-a-splendid-idea HTTP/1.1" 200 10260 "-" "Mozilla/5.0 (compatible; SemrushBot/6~bl; +http://www.semrush.com/bot.html)" 
54.36.148.9 - - [08/Jun/2020:06:10:18 -0700] "GET /2017/the-final-assembly-home-made-pulled-noodles-in-soup HTTP/1.1" 200 9476 "-" "Mozilla/5.0 (compatible; AhrefsBot/6.1; +http://ahrefs.com/robot/)" 
54.36.148.249 - - [08/Jun/2020:06:11:07 -0700] "GET /?q=%23heritageapples HTTP/1.1" 200 9010 "-" "Mozilla/5.0 (compatible; AhrefsBot/6.1; +http://ahrefs.com/robot/)" 
46.229.168.152 - - [08/Jun/2020:06:11:07 -0700] "GET /?offset=0&q=%23quill HTTP/1.1" 200 14013 "-" "Mozilla/5.0 (compatible; SemrushBot/6~bl; +http://www.semrush.com/bot.html)" 
46.229.168.138 - - [08/Jun/2020:06:11:42 -0700] "GET /2017/good-point-about-the-transaction-fees----which-is-why HTTP/1.1" 200 9746 "-" "Mozilla/5.0 (compatible; SemrushBot/6~bl; +http://www.semrush.com/bot.html)" 
96.126.125.129 - - [08/Jun/2020:06:11:49 -0700] "GET /content/statusupdates/posts/photos/checkins/bookmarkedpages?_t=rss HTTP/1.1" 200 7458 "-" "Micro.blog/1.0" 
54.36.148.169 - - [08/Jun/2020:06:11:55 -0700] "GET /?q=%23rovingrecorder HTTP/1.1" 200 9007 "-" "Mozilla/5.0 (compatible; AhrefsBot/6.1; +http://ahrefs.com/robot/)" 
64.111.100.215 - - [08/Jun/2020:06:12:28 -0700] "GET /content/all?_t=rss HTTP/1.1" 200 13441 "-" "Mozilla/5.0 (X11; U; Linux i686; fr; rv:1.9.1.1) Gecko/20090715 Firefox/3.5.1" 
54.36.148.129 - - [08/Jun/2020:06:12:47 -0700] "GET /content/all/?offset=630 HTTP/1.1" 200 11752 "-" "Mozilla/5.0 (compatible; AhrefsBot/6.1; +http://ahrefs.com/robot/)" 
46.229.168.163 - - [08/Jun/2020:06:12:56 -0700] "GET /content/all/?offset=9&q=%23fornacalia HTTP/1.1" 200 9070 "-" "Mozilla/5.0 (compatible; SemrushBot/6~bl; +http://www.semrush.com/bot.html)" 
46.229.168.131 - - [08/Jun/2020:06:13:05 -0700] "GET /content/all/?offset=43&q=%23%2B%23podcast HTTP/1.1" 200 13239 "-" "Mozilla/5.0 (compatible; SemrushBot/6~bl; +http://www.semrush.com/bot.html)" 
54.36.148.9 - - [08/Jun/2020:06:13:39 -0700] "GET /content/all/?q=%23heritageapples HTTP/1.1" 200 9028 "-" "Mozilla/5.0 (compatible; AhrefsBot/6.1; +http://ahrefs.com/robot/)" 
46.229.168.134 - - [08/Jun/2020:06:13:40 -0700] "GET /tag/IndieWeb?offset=139 HTTP/1.1" 200 10682 "-" "Mozilla/5.0 (compatible; SemrushBot/6~bl; +http://www.semrush.com/bot.html)" 
46.229.168.144 - - [08/Jun/2020:06:13:57 -0700] "GET /2020/checked-into-antonio-antonio HTTP/1.1" 200 9756 "-" "Mozilla/5.0 (compatible; SemrushBot/6~bl; +http://www.semrush.com/bot.html)" 
54.36.148.49 - - [08/Jun/2020:06:14:28 -0700] "GET /content/all/?q=%23rovingrecorder HTTP/1.1" 200 9025 "-" "Mozilla/5.0 (compatible; AhrefsBot/6.1; +http://ahrefs.com/robot/)" 
46.229.168.141 - - [08/Jun/2020:06:14:54 -0700] "GET /content/bookmarkedpages/?offset=160 HTTP/1.1" 200 10420 "-" "Mozilla/5.0 (compatible; SemrushBot/6~bl; +http://www.semrush.com/bot.html)" 
54.36.148.254 - - [08/Jun/2020:06:15:13 -0700] "GET /content/audio/?q=%23heritageapples HTTP/1.1" 200 8301 "-" "Mozilla/5.0 (compatible; AhrefsBot/6.1; +http://ahrefs.com/robot/)" 
46.229.168.129 - - [08/Jun/2020:06:15:18 -0700] "GET /tag/+%23IndieWeb?offset=0 HTTP/1.1" 200 15022 "-" "Mozilla/5.0 (compatible; SemrushBot/6~bl; +http://www.semrush.com/bot.html)" 
46.229.168.145 - - [08/Jun/2020:06:15:30 -0700] "GET /content/all/?offset=1&q=%23%2B%23Rome HTTP/1.1" 200 12870 "-" "Mozilla/5.0 (compatible; SemrushBot/6~bl; +http://www.semrush.com/bot.html)" 
114.119.164.86 - - [08/Jun/2020:06:15:30 -0700] "GET /content/all?q=%23%2B%23indieweb&offset=52 HTTP/1.1" 200 12749 "-" "Mozilla/5.0 (Linux; Android 7.0;) AppleWebKit/537.36 (KHTML, like Gecko) Mobile Safari/537.36 (compatible; PetalBot;+https://aspiegel.com/petalbot)" 
46.229.168.130 - - [08/Jun/2020:06:15:33 -0700] "GET /content/statusupdates/?offset=0&q=%23%2B%23food HTTP/1.1" 200 12326 "-" "Mozilla/5.0 (compatible; SemrushBot/6~bl; +http://www.semrush.com/bot.html)" 
66.249.66.52 - - [08/Jun/2020:06:15:43 -0700] "GET /content/all/?offset=717&_t=amp HTTP/1.1" 200 11611 "-" "Mozilla/5.0 (Linux; Android 6.0.1; Nexus 5X Build/MMB29P) AppleWebKit/537.36 (KHTML, like Gecko) Chrome/80.0.3987.92 Mobile Safari/537.36 (compatible; Googlebot/2.1; +http://www.google.com/bot.html)" 
46.229.168.141 - - [08/Jun/2020:06:15:50 -0700] "GET /2019/having-a-fun-time-thinking-about-hot HTTP/1.1" 200 10146 "-" "Mozilla/5.0 (compatible; SemrushBot/6~bl; +http://www.semrush.com/bot.html)" 
46.229.168.154 - - [08/Jun/2020:06:15:59 -0700] "GET /content/statusupdates?offset=130 HTTP/1.1" 200 11131 "-" "Mozilla/5.0 (compatible; SemrushBot/6~bl; +http://www.semrush.com/bot.html)" 
46.229.168.153 - - [08/Jun/2020:06:16:03 -0700] "GET /content/rsvp/?q=%23indiewebcitizen HTTP/1.1" 200 8505 "-" "Mozilla/5.0 (compatible; SemrushBot/6~bl; +http://www.semrush.com/bot.html)" 
54.36.148.192 - - [08/Jun/2020:06:16:03 -0700] "GET /content/audio/?q=%23rovingrecorder HTTP/1.1" 200 8304 "-" "Mozilla/5.0 (compatible; AhrefsBot/6.1; +http://ahrefs.com/robot/)" 
46.229.168.154 - - [08/Jun/2020:06:16:20 -0700] "GET /content/posts?offset=86 HTTP/1.1" 200 9069 "-" "Mozilla/5.0 (compatible; SemrushBot/6~bl; +http://www.semrush.com/bot.html)" 
45.79.26.51 - - [08/Jun/2020:06:16:41 -0700] "GET /content/statusupdates/posts/photos/checkins/bookmarkedpages?_t=rss HTTP/1.1" 200 7453 "-" "Micro.blog/1.0" 
54.36.148.249 - - [08/Jun/2020:06:17:01 -0700] "GET /content/bookmarkedpages/?offset=382 HTTP/1.1" 200 12650 "-" "Mozilla/5.0 (compatible; AhrefsBot/6.1; +http://ahrefs.com/robot/)" 
66.249.66.52 - - [08/Jun/2020:06:17:12 -0700] "GET /2019/the-plain-text-life-note-taking-writing-and-life-organization HTTP/1.1" 200 9614 "-" "Mozilla/5.0 (compatible; Googlebot/2.1; +http://www.google.com/bot.html)" 
54.36.149.33 - - [08/Jun/2020:06:17:43 -0700] "GET /content/bookmarkedpages/?q=%23heritageapples HTTP/1.1" 200 8317 "-" "Mozilla/5.0 (compatible; AhrefsBot/6.1; +http://ahrefs.com/robot/)" 
54.36.148.129 - - [08/Jun/2020:06:18:32 -0700] "GET /content/bookmarkedpages/?q=%23rovingrecorder HTTP/1.1" 200 8319 "-" "Mozilla/5.0 (compatible; AhrefsBot/6.1; +http://ahrefs.com/robot/)" 
46.229.168.132 - - [08/Jun/2020:06:18:34 -0700] "GET /content/photos/?offset=100 HTTP/1.1" 200 11157 "-" "Mozilla/5.0 (compatible; SemrushBot/6~bl; +http://www.semrush.com/bot.html)" 
107.181.87.2 - - [08/Jun/2020:06:18:43 -0700] "GET /robots.txt HTTP/1.1" 200 4598 "-" "Mozilla/5.0 (Macintosh; U; Intel Mac OS X 10_5_8; en-us) AppleWebKit/533.18.1 (KHTML, like Gecko) Version/5.0.2 Safari/533.18.5" 
46.229.168.137 - - [08/Jun/2020:06:18:44 -0700] "GET /?offset=120&q=%23%2B%23indieweb HTTP/1.1" 200 11747 "-" "Mozilla/5.0 (compatible; SemrushBot/6~bl; +http://www.semrush.com/bot.html)" 
107.181.87.2 - - [08/Jun/2020:06:18:51 -0700] "GET /file/ef801e05730eba56004c5b712ad84731/thumb.jpg HTTP/1.1" 200 25941 "https://boffosocko.com/2018/05/29/indieweb-ifying-coloradoboulevard-net/" "Mozilla/5.0 (Macintosh; U; Intel Mac OS X 10_5_8; en-us) AppleWebKit/533.18.1 (KHTML, like Gecko) Version/5.0.2 Safari/533.18.5" 
46.229.168.147 - - [08/Jun/2020:06:19:29 -0700] "GET /tag/Indieweb?offset=131 HTTP/1.1" 200 13126 "-" "Mozilla/5.0 (compatible; SemrushBot/6~bl; +http://www.semrush.com/bot.html)" 
46.229.168.154 - - [08/Jun/2020:06:19:32 -0700] "GET /2019/festa-di-san-vito HTTP/1.1" 200 11797 "-" "Mozilla/5.0 (compatible; SemrushBot/6~bl; +http://www.semrush.com/bot.html)" 
54.36.148.49 - - [08/Jun/2020:06:19:34 -0700] "GET /content/events/?q=%23heritageapples HTTP/1.1" 200 8303 "-" "Mozilla/5.0 (compatible; AhrefsBot/6.1; +http://ahrefs.com/robot/)" 
46.229.168.150 - - [08/Jun/2020:06:19:34 -0700] "GET /?offset=43&q=%23Sourdough HTTP/1.1" 200 11779 "-" "Mozilla/5.0 (compatible; SemrushBot/6~bl; +http://www.semrush.com/bot.html)" 
46.229.168.129 - - [08/Jun/2020:06:20:21 -0700] "GET /robots.txt HTTP/1.1" 200 4576 "-" "Mozilla/5.0 (compatible; SemrushBot/6~bl; +http://www.semrush.com/bot.html)" 
46.229.168.151 - - [08/Jun/2020:06:20:21 -0700] "GET /content/photos/?offset=170 HTTP/1.1" 200 11460 "-" "Mozilla/5.0 (compatible; SemrushBot/6~bl; +http://www.semrush.com/bot.html)" 
54.36.148.49 - - [08/Jun/2020:06:20:22 -0700] "GET /content/events/?q=%23rovingrecorder HTTP/1.1" 200 8305 "-" "Mozilla/5.0 (compatible; AhrefsBot/6.1; +http://ahrefs.com/robot/)" 
46.229.168.163 - - [08/Jun/2020:06:20:42 -0700] "GET /?offset=23&q=%23Sourdough HTTP/1.1" 200 11919 "-" "Mozilla/5.0 (compatible; SemrushBot/6~bl; +http://www.semrush.com/bot.html)" 
77.88.5.71 - - [08/Jun/2020:06:20:44 -0700] "GET /file/d6ff4d224dc953b50648a5f051f28183 HTTP/1.1" 304 3726 "-" "Mozilla/5.0 (compatible; YandexImages/3.0; +http://yandex.com/bots)" 
114.119.161.85 - - [08/Jun/2020:06:21:05 -0700] "GET /2018/are-two-spaces-better-than-one-buttericks-practical-typography HTTP/1.1" 200 9604 "-" "Mozilla/5.0 (Linux; Android 7.0;) AppleWebKit/537.36 (KHTML, like Gecko) Mobile Safari/537.36 (compatible; PetalBot;+https://aspiegel.com/petalbot)" 
46.229.168.143 - - [08/Jun/2020:06:21:08 -0700] "GET /content/all/?offset=52&q=%23podcast HTTP/1.1" 200 10941 "-" "Mozilla/5.0 (compatible; SemrushBot/6~bl; +http://www.semrush.com/bot.html)" 
54.36.149.106 - - [08/Jun/2020:06:21:14 -0700] "GET /content/locations/?q=%23heritageapples HTTP/1.1" 200 8308 "-" "Mozilla/5.0 (compatible; AhrefsBot/6.1; +http://ahrefs.com/robot/)" 
17.58.97.11 - - [08/Jun/2020:06:21:16 -0700] "GET /robots.txt HTTP/1.1" 200 4322 "-" "Mozilla/5.0 (Macintosh; Intel Mac OS X 10_10_1) AppleWebKit/600.2.5 (KHTML, like Gecko) Version/8.0.2 Safari/600.2.5 (Applebot/0.1; +http://www.apple.com/go/applebot)" 
17.58.102.79 - - [08/Jun/2020:06:21:17 -0700] "GET /content/statusupdates/ HTTP/1.1" 200 11391 "-" "Mozilla/5.0 (Macintosh; Intel Mac OS X 10_10_1) AppleWebKit/600.2.5 (KHTML, like Gecko) Version/8.0.2 Safari/600.2.5 (Applebot/0.1; +http://www.apple.com/go/applebot)" 
96.126.125.129 - - [08/Jun/2020:06:21:29 -0700] "GET /content/statusupdates/posts/photos/checkins/bookmarkedpages?_t=rss HTTP/1.1" 200 7458 "-" "Micro.blog/1.0" 
167.172.211.255 - - [08/Jun/2020:06:21:42 -0700] "GET /?_t=rss HTTP/1.1" 200 6958 "-" "Feedbin feed-id:1536727 - 1 subscribers" 
54.36.148.49 - - [08/Jun/2020:06:22:17 -0700] "GET /content/locations/?q=%23rovingrecorder HTTP/1.1" 200 8311 "-" "Mozilla/5.0 (compatible; AhrefsBot/6.1; +http://ahrefs.com/robot/)" 
54.36.148.107 - - [08/Jun/2020:06:23:14 -0700] "GET /content/photos/?offset=630 HTTP/1.1" 200 10391 "-" "Mozilla/5.0 (compatible; AhrefsBot/6.1; +http://ahrefs.com/robot/)" 
54.36.148.9 - - [08/Jun/2020:06:24:16 -0700] "GET /content/photos/?q=%23heritageapples HTTP/1.1" 200 9045 "-" "Mozilla/5.0 (compatible; AhrefsBot/6.1; +http://ahrefs.com/robot/)" 
46.229.168.161 - - [08/Jun/2020:06:24:42 -0700] "GET /content/posts/?offset=29&q=%23IndieWeb HTTP/1.1" 200 10280 "-" "Mozilla/5.0 (compatible; SemrushBot/6~bl; +http://www.semrush.com/bot.html)" 
66.249.66.48 - - [08/Jun/2020:06:25:10 -0700] "GET /content/statusupdates/?offset=3&_t=amp HTTP/1.1" 200 11251 "-" "Mozilla/5.0 (Linux; Android 6.0.1; Nexus 5X Build/MMB29P) AppleWebKit/537.36 (KHTML, like Gecko) Chrome/80.0.3987.92 Mobile Safari/537.36 (compatible; Googlebot/2.1; +http://www.google.com/bot.html)" 
66.249.66.52 - - [08/Jun/2020:06:25:11 -0700] "GET /robots.txt HTTP/1.1" 200 4613 "-" "Mozilla/5.0 (compatible; Googlebot/2.1; +http://www.google.com/bot.html)" 
46.229.168.140 - - [08/Jun/2020:06:25:14 -0700] "GET /2020/nhs-doctor-forget-medals-and-flypasts-what-we-want-is HTTP/1.1" 200 9658 "-" "Mozilla/5.0 (compatible; SemrushBot/6~bl; +http://www.semrush.com/bot.html)" 
54.36.148.89 - - [08/Jun/2020:06:25:17 -0700] "GET /content/photos/?q=%23rovingrecorder HTTP/1.1" 200 9043 "-" "Mozilla/5.0 (compatible; AhrefsBot/6.1; +http://ahrefs.com/robot/)" 
96.126.125.129 - - [08/Jun/2020:06:25:17 -0700] "GET /content/statusupdates/posts/photos/checkins/bookmarkedpages?_t=rss HTTP/1.1" 200 7458 "-" "Micro.blog/1.0" 
46.229.168.131 - - [08/Jun/2020:06:25:22 -0700] "GET /tag/sourdough?offset=43 HTTP/1.1" 200 11748 "-" "Mozilla/5.0 (compatible; SemrushBot/6~bl; +http://www.semrush.com/bot.html)" 
46.229.168.132 - - [08/Jun/2020:06:25:50 -0700] "GET /?offset=45&q=%23podcast HTTP/1.1" 200 13552 "-" "Mozilla/5.0 (compatible; SemrushBot/6~bl; +http://www.semrush.com/bot.html)" 
46.229.168.144 - - [08/Jun/2020:06:26:16 -0700] "GET /content/statusupdates/?offset=14&q=%23%2B%23IndieWeb HTTP/1.1" 200 11319 "-" "Mozilla/5.0 (compatible; SemrushBot/6~bl; +http://www.semrush.com/bot.html)" 
54.36.149.33 - - [08/Jun/2020:06:26:21 -0700] "GET /content/posts/?q=%23heritageapples HTTP/1.1" 200 8301 "-" "Mozilla/5.0 (compatible; AhrefsBot/6.1; +http://ahrefs.com/robot/)" 
114.119.160.143 - - [08/Jun/2020:06:26:37 -0700] "GET /2018/-after-authenticity HTTP/1.1" 200 9401 "-" "Mozilla/5.0 (Linux; Android 7.0;) AppleWebKit/537.36 (KHTML, like Gecko) Mobile Safari/537.36 (compatible; PetalBot;+https://aspiegel.com/petalbot)" 
46.229.168.137 - - [08/Jun/2020:06:26:46 -0700] "GET /content/audio/?q=%23RSS HTTP/1.1" 200 8512 "-" "Mozilla/5.0 (compatible; SemrushBot/6~bl; +http://www.semrush.com/bot.html)" 
46.229.168.139 - - [08/Jun/2020:06:27:07 -0700] "GET /content/photos/?offset=12&q=%23Sourdough HTTP/1.1" 200 12289 "-" "Mozilla/5.0 (compatible; SemrushBot/6~bl; +http://www.semrush.com/bot.html)" 
46.229.168.144 - - [08/Jun/2020:06:27:10 -0700] "GET /tag/bread?offset=51 HTTP/1.1" 200 12386 "-" "Mozilla/5.0 (compatible; SemrushBot/6~bl; +http://www.semrush.com/bot.html)" 
66.249.66.44 - - [08/Jun/2020:06:27:13 -0700] "GET /robots.txt HTTP/1.1" 200 4589 "-" "Mozilla/5.0 (compatible; Googlebot/2.1; +http://www.google.com/bot.html)" 
66.249.66.46 - - [08/Jun/2020:06:27:13 -0700] "GET /2018/the-garden-and-the-stream-a-technopastoral-hapgood HTTP/1.1" 200 9790 "-" "Mozilla/5.0 (compatible; Googlebot/2.1; +http://www.google.com/bot.html)" 
54.36.148.129 - - [08/Jun/2020:06:27:16 -0700] "GET /content/posts/?q=%23rovingrecorder HTTP/1.1" 200 8303 "-" "Mozilla/5.0 (compatible; AhrefsBot/6.1; +http://ahrefs.com/robot/)" 
64.111.100.215 - - [08/Jun/2020:06:27:29 -0700] "GET /content/all?_t=rss HTTP/1.1" 200 13441 "-" "Mozilla/5.0 (X11; U; Linux i686; fr; rv:1.9.1.1) Gecko/20090715 Firefox/3.5.1" 
46.229.168.146 - - [08/Jun/2020:06:27:45 -0700] "GET /?offset=46&q=%23%2B%23%23bread HTTP/1.1" 200 12567 "-" "Mozilla/5.0 (compatible; SemrushBot/6~bl; +http://www.semrush.com/bot.html)" 
54.36.148.1 - - [08/Jun/2020:06:28:10 -0700] "GET /content/rsvp/?q=%23heritageapples HTTP/1.1" 200 8302 "-" "Mozilla/5.0 (compatible; AhrefsBot/6.1; +http://ahrefs.com/robot/)" 
54.36.148.89 - - [08/Jun/2020:06:29:09 -0700] "GET /content/rsvp/?q=%23rovingrecorder HTTP/1.1" 200 8304 "-" "Mozilla/5.0 (compatible; AhrefsBot/6.1; +http://ahrefs.com/robot/)" 
45.79.26.51 - - [08/Jun/2020:06:29:19 -0700] "GET /content/statusupdates/posts/photos/checkins/bookmarkedpages?_t=rss HTTP/1.1" 200 7453 "-" "Micro.blog/1.0" 
66.249.66.44 - - [08/Jun/2020:06:29:27 -0700] "GET /vendor/bower-asset/mention/recommended-styles.css HTTP/1.1" 404 7860 "https://stream.jeremycherfas.net/view/46b232619a25a040619a1ba57c31af18" "Mozilla/5.0 (Linux; Android 6.0.1; Nexus 5X Build/MMB29P) AppleWebKit/537.36 (KHTML, like Gecko) Chrome/83.0.4103.93 Mobile Safari/537.36 (compatible; Googlebot/2.1; +http://www.google.com/bot.html)" 
46.229.168.149 - - [08/Jun/2020:06:29:34 -0700] "GET /content/locations/?q=%23%2B%23podcast HTTP/1.1" 200 8540 "-" "Mozilla/5.0 (compatible; SemrushBot/6~bl; +http://www.semrush.com/bot.html)" 
46.229.168.134 - - [08/Jun/2020:06:29:41 -0700] "GET /?offset=19&q=%23%2B%23sourdough HTTP/1.1" 200 11829 "-" "Mozilla/5.0 (compatible; SemrushBot/6~bl; +http://www.semrush.com/bot.html)" 
54.36.149.40 - - [08/Jun/2020:06:30:02 -0700] "GET /content/statusupdates/?q=%23heritageapples HTTP/1.1" 200 8312 "-" "Mozilla/5.0 (compatible; AhrefsBot/6.1; +http://ahrefs.com/robot/)" 
54.36.148.209 - - [08/Jun/2020:06:31:01 -0700] "GET /content/statusupdates/?q=%23rovingrecorder HTTP/1.1" 200 8314 "-" "Mozilla/5.0 (compatible; AhrefsBot/6.1; +http://ahrefs.com/robot/)" 
46.229.168.151 - - [08/Jun/2020:06:31:14 -0700] "GET /2018/despite-the-slight-stickiness-at-the-start-i-am-always HTTP/1.1" 200 11970 "-" "Mozilla/5.0 (compatible; SemrushBot/6~bl; +http://www.semrush.com/bot.html)" 
46.229.168.131 - - [08/Jun/2020:06:31:38 -0700] "GET /?q=%23IndieWeb HTTP/1.1" 200 15085 "-" "Mozilla/5.0 (compatible; SemrushBot/6~bl; +http://www.semrush.com/bot.html)" 
46.229.168.132 - - [08/Jun/2020:06:31:39 -0700] "GET /content/photos/?offset=2&q=%23Sourdough HTTP/1.1" 200 12172 "-" "Mozilla/5.0 (compatible; SemrushBot/6~bl; +http://www.semrush.com/bot.html)" 
54.36.148.49 - - [08/Jun/2020:06:32:00 -0700] "GET /tag/borderterrier HTTP/1.1" 200 8977 "-" "Mozilla/5.0 (compatible; AhrefsBot/6.1; +http://ahrefs.com/robot/)" 
114.119.165.105 - - [08/Jun/2020:06:32:13 -0700] "GET /robots.txt HTTP/1.1" 200 4365 "-" "Mozilla/5.0 (Linux; Android 7.0;) AppleWebKit/537.36 (KHTML, like Gecko) Mobile Safari/537.36 (compatible; PetalBot;+https://aspiegel.com/petalbot)" 
46.229.168.138 - - [08/Jun/2020:06:33:06 -0700] "GET /?q=%23%2B%23Non-fiction HTTP/1.1" 200 11007 "-" "Mozilla/5.0 (compatible; SemrushBot/6~bl; +http://www.semrush.com/bot.html)" 
46.229.168.161 - - [08/Jun/2020:06:33:29 -0700] "GET /?offset=106&q=%23%2B%23indieweb HTTP/1.1" 200 12736 "-" "Mozilla/5.0 (compatible; SemrushBot/6~bl; +http://www.semrush.com/bot.html)" 
54.36.148.129 - - [08/Jun/2020:06:34:07 -0700] "GET /?offset=650 HTTP/1.1" 200 11100 "-" "Mozilla/5.0 (compatible; AhrefsBot/6.1; +http://ahrefs.com/robot/)" 
46.229.168.163 - - [08/Jun/2020:06:34:12 -0700] "GET /?offset=143&q=%23indieweb HTTP/1.1" 200 9479 "-" "Mozilla/5.0 (compatible; SemrushBot/6~bl; +http://www.semrush.com/bot.html)" 
46.229.168.131 - - [08/Jun/2020:06:34:21 -0700] "GET /content/all/?offset=86&q=%23IndieWeb HTTP/1.1" 200 15805 "-" "Mozilla/5.0 (compatible; SemrushBot/6~bl; +http://www.semrush.com/bot.html)" 
45.79.26.51 - - [08/Jun/2020:06:34:24 -0700] "GET /content/statusupdates/posts/photos/checkins/bookmarkedpages?_t=rss HTTP/1.1" 200 7453 "-" "Micro.blog/1.0" 
66.249.66.50 - - [08/Jun/2020:06:34:38 -0700] "GET /content/bookmarkedpages/?offset=240 HTTP/1.1" 200 10788 "-" "Mozilla/5.0 (Linux; Android 6.0.1; Nexus 5X Build/MMB29P) AppleWebKit/537.36 (KHTML, like Gecko) Chrome/80.0.3987.92 Mobile Safari/537.36 (compatible; Googlebot/2.1; +http://www.google.com/bot.html)" 
66.249.66.52 - - [08/Jun/2020:06:34:40 -0700] "GET /service/web/unfurl/?url=https%3A%2F%2Fchristophertomlinson.com%2F2018%2F09%2F10%2Findieweb-ad-so-thats-creative%2F&__bTk=eaac90559b759ea7ae377bf516368bbfcdb0ae6c84f19a55d89e917d304eae91&__bTs=1590233296 HTTP/1.1" 403 4673 "https://www.stream.jeremycherfas.net/content/bookmarkedpages/?offset=240" "Mozilla/5.0 (Linux; Android 6.0.1; Nexus 5X Build/MMB29P) AppleWebKit/537.36 (KHTML, like Gecko) Chrome/83.0.4103.93 Mobile Safari/537.36 (compatible; Googlebot/2.1; +http://www.google.com/bot.html)" 
66.249.66.50 - - [08/Jun/2020:06:34:41 -0700] "GET /service/web/unfurl/?url=https%3A%2F%2Fwww.feld.com%2Farchives%2F2018%2F08%2Frss-the-persistent-protocol.html&__bTk=eaac90559b759ea7ae377bf516368bbfcdb0ae6c84f19a55d89e917d304eae91&__bTs=1590233296 HTTP/1.1" 403 4667 "https://www.stream.jeremycherfas.net/content/bookmarkedpages/?offset=240" "Mozilla/5.0 (Linux; Android 6.0.1; Nexus 5X Build/MMB29P) AppleWebKit/537.36 (KHTML, like Gecko) Chrome/83.0.4103.93 Mobile Safari/537.36 (compatible; Googlebot/2.1; +http://www.google.com/bot.html)" 
66.249.66.48 - - [08/Jun/2020:06:34:42 -0700] "GET /service/web/unfurl/?url=http%3A%2F%2Fmemex.naughtons.org%2Farchives%2F2018%2F08%2F16%2F25929&__bTk=eaac90559b759ea7ae377bf516368bbfcdb0ae6c84f19a55d89e917d304eae91&__bTs=1590233296 HTTP/1.1" 403 4651 "https://www.stream.jeremycherfas.net/content/bookmarkedpages/?offset=240" "Mozilla/5.0 (Linux; Android 6.0.1; Nexus 5X Build/MMB29P) AppleWebKit/537.36 (KHTML, like Gecko) Chrome/83.0.4103.93 Mobile Safari/537.36 (compatible; Googlebot/2.1; +http://www.google.com/bot.html)" 
66.249.66.48 - - [08/Jun/2020:06:34:42 -0700] "GET /service/web/unfurl/?url=https%3A%2F%2Fmacwright.org%2F2018%2F08%2F28%2Fglow.html&__bTk=eaac90559b759ea7ae377bf516368bbfcdb0ae6c84f19a55d89e917d304eae91&__bTs=1590233296 HTTP/1.1" 403 1322 "https://www.stream.jeremycherfas.net/content/bookmarkedpages/?offset=240" "Mozilla/5.0 (Linux; Android 6.0.1; Nexus 5X Build/MMB29P) AppleWebKit/537.36 (KHTML, like Gecko) Chrome/83.0.4103.93 Mobile Safari/537.36 (compatible; Googlebot/2.1; +http://www.google.com/bot.html)" 
157.55.39.168 - - [08/Jun/2020:06:35:13 -0700] "GET /content/photos/?q=%23IndieWeb HTTP/1.1" 200 9319 "-" "Mozilla/5.0 (compatible; bingbot/2.0; +http://www.bing.com/bingbot.htm)" 
46.229.168.153 - - [08/Jun/2020:06:35:20 -0700] "GET /2018/moving-closer-towards-indieweb-and-microblog HTTP/1.1" 200 9506 "-" "Mozilla/5.0 (compatible; SemrushBot/6~bl; +http://www.semrush.com/bot.html)" 
207.46.13.190 - - [08/Jun/2020:06:35:45 -0700] "GET /2017/i-am-really-enjoying-and-learning-from-sceneonradio-whiteness-series HTTP/1.1" 200 10210 "-" "Mozilla/5.0 (compatible; bingbot/2.0; +http://www.bing.com/bingbot.htm)" 
54.36.148.169 - - [08/Jun/2020:06:36:09 -0700] "GET /?offset=660 HTTP/1.1" 200 11729 "-" "Mozilla/5.0 (compatible; AhrefsBot/6.1; +http://ahrefs.com/robot/)" 
173.230.155.197 - - [08/Jun/2020:06:36:13 -0700] "GET / HTTP/1.1" 200 55400 "-" "Mozilla/5.0 (Macintosh; Intel Mac OS X 10_12_1) AppleWebKit/537.36 (KHTML, like Gecko) Chrome/57.0.2987.133 Safari/537.36 p3k-http/0.1.5 p3k-watchtower/0.1" 
46.229.168.162 - - [08/Jun/2020:06:37:14 -0700] "GET /content/all/?offset=50&q=%23%2B%23indieweb HTTP/1.1" 200 12769 "-" "Mozilla/5.0 (compatible; SemrushBot/6~bl; +http://www.semrush.com/bot.html)" 
46.229.168.140 - - [08/Jun/2020:06:37:21 -0700] "GET /?offset=40&q=%23%2B%23WithKnown HTTP/1.1" 200 11727 "-" "Mozilla/5.0 (compatible; SemrushBot/6~bl; +http://www.semrush.com/bot.html)" 
46.229.168.131 - - [08/Jun/2020:06:37:47 -0700] "GET /?offset=117&q=%23%2B%23indieweb HTTP/1.1" 200 12474 "-" "Mozilla/5.0 (compatible; SemrushBot/6~bl; +http://www.semrush.com/bot.html)" 
46.229.168.133 - - [08/Jun/2020:06:38:19 -0700] "GET /content/bookmarkedpages/?q=%23RSS HTTP/1.1" 200 9418 "-" "Mozilla/5.0 (compatible; SemrushBot/6~bl; +http://www.semrush.com/bot.html)" 
96.126.125.129 - - [08/Jun/2020:06:38:20 -0700] "GET /content/statusupdates/posts/photos/checkins/bookmarkedpages?_t=rss HTTP/1.1" 200 7458 "-" "Micro.blog/1.0" 
17.58.102.79 - - [08/Jun/2020:06:38:22 -0700] "GET /2018/thanks-aaron-for-your-mention-of-my HTTP/1.1" 200 9636 "-" "Mozilla/5.0 (Macintosh; Intel Mac OS X 10_10_1) AppleWebKit/600.2.5 (KHTML, like Gecko) Version/8.0.2 Safari/600.2.5 (Applebot/0.1; +http://www.apple.com/go/applebot)" 
46.229.168.145 - - [08/Jun/2020:06:38:27 -0700] "GET /content/statusupdates/?offset=32&q=%23Indieweb HTTP/1.1" 200 8734 "-" "Mozilla/5.0 (compatible; SemrushBot/6~bl; +http://www.semrush.com/bot.html)" 
46.229.168.149 - - [08/Jun/2020:06:38:38 -0700] "GET /?offset=36&q=%23Sourdough HTTP/1.1" 200 11458 "-" "Mozilla/5.0 (compatible; SemrushBot/6~bl; +http://www.semrush.com/bot.html)" 
46.229.168.149 - - [08/Jun/2020:06:42:02 -0700] "GET /content/statusupdates/?offset=6&q=%23%2B%23podcast HTTP/1.1" 200 10851 "-" "Mozilla/5.0 (compatible; SemrushBot/6~bl; +http://www.semrush.com/bot.html)" 
46.229.168.145 - - [08/Jun/2020:06:42:13 -0700] "GET /content/posts/?offset=11&q=%23%2B%23WithKnown HTTP/1.1" 200 9612 "-" "Mozilla/5.0 (compatible; SemrushBot/6~bl; +http://www.semrush.com/bot.html)" 
46.229.168.148 - - [08/Jun/2020:06:42:47 -0700] "GET /tag/+%23%23indieweb HTTP/1.1" 200 15015 "-" "Mozilla/5.0 (compatible; SemrushBot/6~bl; +http://www.semrush.com/bot.html)" 
64.111.100.215 - - [08/Jun/2020:06:43:03 -0700] "GET /content/all?_t=rss HTTP/1.1" 200 13441 "-" "Mozilla/5.0 (X11; U; Linux i686; fr; rv:1.9.1.1) Gecko/20090715 Firefox/3.5.1" 
114.119.165.37 - - [08/Jun/2020:06:43:22 -0700] "GET /tag/non HTTP/1.1" 200 8252 "-" "Mozilla/5.0 (Linux; Android 7.0;) AppleWebKit/537.36 (KHTML, like Gecko) Mobile Safari/537.36 (compatible; PetalBot;+https://aspiegel.com/petalbot)" 
45.79.26.51 - - [08/Jun/2020:06:43:28 -0700] "GET /content/statusupdates/posts/photos/checkins/bookmarkedpages?_t=rss HTTP/1.1" 200 7453 "-" "Micro.blog/1.0" 
46.229.168.148 - - [08/Jun/2020:06:43:50 -0700] "GET /content/all/?offset=13&q=%23photo HTTP/1.1" 200 12290 "-" "Mozilla/5.0 (compatible; SemrushBot/6~bl; +http://www.semrush.com/bot.html)" 
66.249.66.46 - - [08/Jun/2020:06:44:06 -0700] "GET /view/1b4670edb367ecf916af1f816ee0dd56?_t=rss HTTP/1.1" 200 5576 "-" "Mozilla/5.0 (Linux; Android 6.0.1; Nexus 5X Build/MMB29P) AppleWebKit/537.36 (KHTML, like Gecko) Chrome/80.0.3987.92 Mobile Safari/537.36 (compatible; Googlebot/2.1; +http://www.google.com/bot.html)" 
46.229.168.141 - - [08/Jun/2020:06:44:42 -0700] "GET /content/posts/?q=%23%2B%23kalonji HTTP/1.1" 200 8507 "-" "Mozilla/5.0 (compatible; SemrushBot/6~bl; +http://www.semrush.com/bot.html)" 
66.249.66.46 - - [08/Jun/2020:06:44:47 -0700] "GET /2020/theres-a-light-over-in-the-indieweb-space?_t=rss HTTP/1.1" 200 5363 "-" "Mozilla/5.0 (Linux; Android 6.0.1; Nexus 5X Build/MMB29P) AppleWebKit/537.36 (KHTML, like Gecko) Chrome/80.0.3987.92 Mobile Safari/537.36 (compatible; Googlebot/2.1; +http://www.google.com/bot.html)" 
46.229.168.149 - - [08/Jun/2020:06:45:30 -0700] "GET /tag/Sourdough?offset=35 HTTP/1.1" 200 11438 "-" "Mozilla/5.0 (compatible; SemrushBot/6~bl; +http://www.semrush.com/bot.html)" 
46.229.168.134 - - [08/Jun/2020:06:45:39 -0700] "GET /content/bookmarkedpages/?offset=30&q=%23IndieWeb HTTP/1.1" 200 9653 "-" "Mozilla/5.0 (compatible; SemrushBot/6~bl; +http://www.semrush.com/bot.html)" 
46.229.168.140 - - [08/Jun/2020:06:45:41 -0700] "GET /2018/our-daily-bread-23---brown-v-white-fn5k30lvxlk-the HTTP/1.1" 200 13321 "-" "Mozilla/5.0 (compatible; SemrushBot/6~bl; +http://www.semrush.com/bot.html)" 
46.229.168.148 - - [08/Jun/2020:06:45:41 -0700] "GET /tag/hearsay2017 HTTP/1.1" 200 9414 "-" "Mozilla/5.0 (compatible; SemrushBot/6~bl; +http://www.semrush.com/bot.html)" 
46.229.168.134 - - [08/Jun/2020:06:45:56 -0700] "GET /?offset=280 HTTP/1.1" 200 11408 "-" "Mozilla/5.0 (compatible; SemrushBot/6~bl; +http://www.semrush.com/bot.html)" 
96.126.125.129 - - [08/Jun/2020:06:47:16 -0700] "GET /content/statusupdates/posts/photos/checkins/bookmarkedpages?_t=rss HTTP/1.1" 200 7458 "-" "Micro.blog/1.0" 
46.229.168.162 - - [08/Jun/2020:06:47:34 -0700] "GET /content/all/?q=%23withknown HTTP/1.1" 200 14540 "-" "Mozilla/5.0 (compatible; SemrushBot/6~bl; +http://www.semrush.com/bot.html)" 
46.229.168.136 - - [08/Jun/2020:06:48:16 -0700] "GET /2019/the-light-was-actually-even-better-than-this-snap HTTP/1.1" 200 12799 "-" "Mozilla/5.0 (compatible; SemrushBot/6~bl; +http://www.semrush.com/bot.html)" 
46.229.168.133 - - [08/Jun/2020:06:48:41 -0700] "GET /2019/elderflower HTTP/1.1" 200 13586 "-" "Mozilla/5.0 (compatible; SemrushBot/6~bl; +http://www.semrush.com/bot.html)" 
114.119.160.61 - - [08/Jun/2020:06:48:55 -0700] "GET /file/f828791e3f5fdbb9b75c98dd4a3e9c8a/thumb.jpg HTTP/1.1" 200 148808 "-" "Mozilla/5.0 (Linux; Android 7.0;) AppleWebKit/537.36 (KHTML, like Gecko) Mobile Safari/537.36 (compatible; PetalBot;+https://aspiegel.com/petalbot)" 
8.29.198.26 - - [08/Jun/2020:06:49:25 -0700] "GET /?_t=rss HTTP/1.1" 200 6977 "-" "Feedly/1.0 (+http://www.feedly.com/fetcher.html; 2 subscribers; like FeedFetcher-Google)" 
46.229.168.132 - - [08/Jun/2020:06:49:41 -0700] "GET /2018/i-have-a-feeling-i-saw-this HTTP/1.1" 200 10379 "-" "Mozilla/5.0 (compatible; SemrushBot/6~bl; +http://www.semrush.com/bot.html)" 
46.229.168.141 - - [08/Jun/2020:06:50:06 -0700] "GET /tag/sourdough?offset=10 HTTP/1.1" 200 12316 "-" "Mozilla/5.0 (compatible; SemrushBot/6~bl; +http://www.semrush.com/bot.html)" 
3.93.22.215 - - [08/Jun/2020:06:50:18 -0700] "GET /content/statusupdates/?_t=rss HTTP/1.1" 304 3480 "https://www.google.com/" "Mozilla/5.0 (X11; Linux x86_64) AppleWebKit/537.36 (KHTML, like Gecko) Chrome/80.0.3987.149 Safari/537.36" 
96.126.125.129 - - [08/Jun/2020:06:50:55 -0700] "GET /content/statusupdates/posts/photos/checkins/bookmarkedpages?_t=rss HTTP/1.1" 200 7458 "-" "Micro.blog/1.0" 
46.229.168.153 - - [08/Jun/2020:06:50:56 -0700] "GET /?q=%23%2B%23podcasting HTTP/1.1" 200 13531 "-" "Mozilla/5.0 (compatible; SemrushBot/6~bl; +http://www.semrush.com/bot.html)" 
46.229.168.146 - - [08/Jun/2020:06:50:56 -0700] "GET /?offset=14&q=%23%2B%23sourdough HTTP/1.1" 200 12140 "-" "Mozilla/5.0 (compatible; SemrushBot/6~bl; +http://www.semrush.com/bot.html)" 
5.188.210.79 - - [08/Jun/2020:06:51:34 -0700] "GET /profile/jeremy?offset=106 HTTP/1.0" 200 127980 "https://stream.jeremycherfas.net/profile/jeremy?offset=106" "Mozilla/5.0 (Windows NT 10.0) AppleWebKit/537.36 (KHTML, like Gecko) Chrome/67.0.3396.99 Safari/537.36" 
5.188.210.79 - - [08/Jun/2020:06:51:36 -0700] "POST /comments/post HTTP/1.0" 403 17067 "https://stream.jeremycherfas.net/profile/jeremy?offset=106" "Mozilla/5.0 (Windows NT 10.0) AppleWebKit/537.36 (KHTML, like Gecko) Chrome/67.0.3396.99 Safari/537.36" 
157.55.39.168 - - [08/Jun/2020:06:51:37 -0700] "GET /file/6c519451b3d4157225f2a0808442c625 HTTP/1.1" 200 9849 "-" "Mozilla/5.0 (compatible; bingbot/2.0; +http://www.bing.com/bingbot.htm)" 
46.229.168.139 - - [08/Jun/2020:06:52:18 -0700] "GET /content/statusupdates/?offset=31&q=%23%2B%23IndieWeb HTTP/1.1" 200 8997 "-" "Mozilla/5.0 (compatible; SemrushBot/6~bl; +http://www.semrush.com/bot.html)" 
46.229.168.142 - - [08/Jun/2020:06:53:12 -0700] "GET /2017/apparently-it-is-for-me-thats-no-different-from-every HTTP/1.1" 200 11025 "-" "Mozilla/5.0 (compatible; SemrushBot/6~bl; +http://www.semrush.com/bot.html)" 
5.188.210.79 - - [08/Jun/2020:06:53:15 -0700] "GET /profile/jeremy?offset=106 HTTP/1.1" 200 16545 "-" "Mozilla/5.0 (Windows NT 6.1; Win64; x64; rv:62.0) Gecko/20100101 Firefox/62.0" 
46.229.168.163 - - [08/Jun/2020:06:53:19 -0700] "GET /content/rsvp/?q=%23Non HTTP/1.1" 200 8512 "-" "Mozilla/5.0 (compatible; SemrushBot/6~bl; +http://www.semrush.com/bot.html)" 
77.88.5.71 - - [08/Jun/2020:06:53:20 -0700] "GET /file/4fc8791361e3206e5a1de76d8bb55f82 HTTP/1.1" 304 3726 "-" "Mozilla/5.0 (compatible; YandexImages/3.0; +http://yandex.com/bots)" 
66.249.66.48 - - [08/Jun/2020:06:53:34 -0700] "GET /profile/jeremy?_t=rss&offset=430 HTTP/1.1" 200 8636 "-" "Mozilla/5.0 (Linux; Android 6.0.1; Nexus 5X Build/MMB29P) AppleWebKit/537.36 (KHTML, like Gecko) Chrome/80.0.3987.92 Mobile Safari/537.36 (compatible; Googlebot/2.1; +http://www.google.com/bot.html)" 
114.119.166.46 - - [08/Jun/2020:06:54:29 -0700] "GET /content/posts?q=%23%2B%23blossomsoflight HTTP/1.1" 200 8330 "-" "Mozilla/5.0 (Linux; Android 7.0;) AppleWebKit/537.36 (KHTML, like Gecko) Mobile Safari/537.36 (compatible; PetalBot;+https://aspiegel.com/petalbot)" 
96.126.125.129 - - [08/Jun/2020:06:54:33 -0700] "GET /content/statusupdates/posts/photos/checkins/bookmarkedpages?_t=rss HTTP/1.1" 200 7458 "-" "Micro.blog/1.0" 
46.229.168.140 - - [08/Jun/2020:06:55:30 -0700] "GET /2019/checked-into-terminal-2 HTTP/1.1" 200 9755 "-" "Mozilla/5.0 (compatible; SemrushBot/6~bl; +http://www.semrush.com/bot.html)" 
54.36.148.209 - - [08/Jun/2020:06:55:34 -0700] "GET /content/audio/?q=%23testtag HTTP/1.1" 200 8261 "-" "Mozilla/5.0 (compatible; AhrefsBot/6.1; +http://ahrefs.com/robot/)" 
66.249.66.48 - - [08/Jun/2020:06:55:48 -0700] "GET /service/web/unfurl/?url=http%3A%2F%2Fblog.flickr.net%2Fen%2F2018%2F12%2F14%2Fphotography-and-licensing-qa-with-creative-commons-ceo-ryan-merkley%2F&__bTk=8cf5873602a5d32070f9c448e9a870721f34b1512119fbf68eec0698347cea8a&__bTs=1591468608 HTTP/1.1" 403 4815 "https://stream.jeremycherfas.net/view/c1df82c4f392aa25871afac739f18f76" "Mozilla/5.0 (Linux; Android 6.0.1; Nexus 5X Build/MMB29P) AppleWebKit/537.36 (KHTML, like Gecko) Chrome/83.0.4103.93 Mobile Safari/537.36 (compatible; Googlebot/2.1; +http://www.google.com/bot.html)" 
46.229.168.142 - - [08/Jun/2020:06:56:03 -0700] "GET /content/all/?offset=26&q=%23%2B%23%23indieweb HTTP/1.1" 200 13224 "-" "Mozilla/5.0 (compatible; SemrushBot/6~bl; +http://www.semrush.com/bot.html)" 
54.36.149.33 - - [08/Jun/2020:06:56:43 -0700] "GET /content/events/?q=%23testtag HTTP/1.1" 200 8263 "-" "Mozilla/5.0 (compatible; AhrefsBot/6.1; +http://ahrefs.com/robot/)" 
46.229.168.144 - - [08/Jun/2020:06:56:51 -0700] "GET /2018/sexual-double-standards-edgeorg HTTP/1.1" 200 9532 "-" "Mozilla/5.0 (compatible; SemrushBot/6~bl; +http://www.semrush.com/bot.html)" 
159.65.96.54 - - [08/Jun/2020:06:57:43 -0700] "GET /?_t=rss HTTP/1.1" 200 6958 "-" "Feedbin feed-id:1536727 - 1 subscribers" 
54.36.148.209 - - [08/Jun/2020:06:57:53 -0700] "GET /content/locations/?q=%23testtag HTTP/1.1" 200 8268 "-" "Mozilla/5.0 (compatible; AhrefsBot/6.1; +http://ahrefs.com/robot/)" 
64.111.100.215 - - [08/Jun/2020:06:58:02 -0700] "GET /content/all?_t=rss HTTP/1.1" 200 13441 "-" "Mozilla/5.0 (X11; U; Linux i686; fr; rv:1.9.1.1) Gecko/20090715 Firefox/3.5.1" 
46.229.168.143 - - [08/Jun/2020:06:58:05 -0700] "GET /2017/i-do-hope-the-indieweb-dinner-includes-some-spam-for HTTP/1.1" 200 9601 "-" "Mozilla/5.0 (compatible; SemrushBot/6~bl; +http://www.semrush.com/bot.html)" 
54.36.148.9 - - [08/Jun/2020:06:59:06 -0700] "GET /content/photos/?q=%23testtag HTTP/1.1" 200 8267 "-" "Mozilla/5.0 (compatible; AhrefsBot/6.1; +http://ahrefs.com/robot/)" 
114.119.165.105 - - [08/Jun/2020:07:00:00 -0700] "GET /2018/the-fun-just-never-stops-with-atmelissasbnb-and-glennamongelluzzo HTTP/1.1" 200 11803 "-" "Mozilla/5.0 (Linux; Android 7.0;) AppleWebKit/537.36 (KHTML, like Gecko) Mobile Safari/537.36 (compatible; PetalBot;+https://aspiegel.com/petalbot)" 
54.36.149.83 - - [08/Jun/2020:07:00:09 -0700] "GET /content/posts/?q=%23testtag HTTP/1.1" 200 8261 "-" "Mozilla/5.0 (compatible; AhrefsBot/6.1; +http://ahrefs.com/robot/)" 
52.87.177.119 - - [08/Jun/2020:07:00:18 -0700] "GET /?_t=rss HTTP/1.1" 200 7188 "-" "glitch-feeder/1.0 (+https://glitch.com/~lmo-feeder)" 
46.229.168.134 - - [08/Jun/2020:07:00:31 -0700] "GET /?offset=95&q=%23%2B%23indieweb HTTP/1.1" 200 15492 "-" "Mozilla/5.0 (compatible; SemrushBot/6~bl; +http://www.semrush.com/bot.html)" 
54.36.148.129 - - [08/Jun/2020:07:01:21 -0700] "GET /content/rsvp/?q=%23testtag HTTP/1.1" 200 8260 "-" "Mozilla/5.0 (compatible; AhrefsBot/6.1; +http://ahrefs.com/robot/)" 
54.36.148.169 - - [08/Jun/2020:07:02:21 -0700] "GET /content/statusupdates/?q=%23testtag HTTP/1.1" 200 8273 "-" "Mozilla/5.0 (compatible; AhrefsBot/6.1; +http://ahrefs.com/robot/)" 
46.229.168.153 - - [08/Jun/2020:07:02:38 -0700] "GET /content/statusupdates/?q=%23%2B%23veal HTTP/1.1" 200 8542 "-" "Mozilla/5.0 (compatible; SemrushBot/6~bl; +http://www.semrush.com/bot.html)" 
66.249.66.46 - - [08/Jun/2020:07:03:02 -0700] "GET /2017/language-log-just-press-pay?_t=rss HTTP/1.1" 200 5737 "-" "Mozilla/5.0 (Linux; Android 6.0.1; Nexus 5X Build/MMB29P) AppleWebKit/537.36 (KHTML, like Gecko) Chrome/80.0.3987.92 Mobile Safari/537.36 (compatible; Googlebot/2.1; +http://www.google.com/bot.html)" 
46.229.168.134 - - [08/Jun/2020:07:03:11 -0700] "GET /content/bookmarkedpages?offset=30 HTTP/1.1" 200 11894 "-" "Mozilla/5.0 (compatible; SemrushBot/6~bl; +http://www.semrush.com/bot.html)" 
46.229.168.144 - - [08/Jun/2020:07:04:47 -0700] "GET /file/20383b58f9ff489466c524d1e707278b/b26d965859e1f7b6437549fcd0adaf02 HTTP/1.1" 200 113082 "-" "Mozilla/5.0 (compatible; SemrushBot/6~bl; +http://www.semrush.com/bot.html)" 
114.119.160.61 - - [08/Jun/2020:07:05:33 -0700] "GET /content/locations?offset=30 HTTP/1.1" 200 10889 "-" "Mozilla/5.0 (Linux; Android 7.0;) AppleWebKit/537.36 (KHTML, like Gecko) Mobile Safari/537.36 (compatible; PetalBot;+https://aspiegel.com/petalbot)" 
77.88.5.71 - - [08/Jun/2020:07:05:33 -0700] "GET /robots.txt HTTP/1.1" 200 4593 "-" "Mozilla/5.0 (compatible; YandexBot/3.0; +http://yandex.com/bots)" 
77.88.5.71 - - [08/Jun/2020:07:05:37 -0700] "GET /file/812a546e392694538a3aed48ddf6ae3c HTTP/1.1" 304 3726 "-" "Mozilla/5.0 (compatible; YandexImages/3.0; +http://yandex.com/bots)" 
