66.249.66.46 - - [31/May/2020:08:10:51 -0700] "GET /content/bookmarkedpages/?q=%23+%23cooking HTTP/1.1" 200 9193 "-" "Mozilla/5.0 (Linux; Android 6.0.1; Nexus 5X Build/MMB29P) AppleWebKit/537.36 (KHTML, like Gecko) Chrome/80.0.3987.92 Mobile Safari/537.36 (compatible; Googlebot/2.1; +http://www.google.com/bot.html)" 
66.249.66.46 - - [31/May/2020:08:10:53 -0700] "GET /service/web/unfurl/?url=http%3A%2F%2Fwww.rachellaudan.com%2F2018%2F05%2Fcooking-in-a-bedsitter.html&__bTk=d87e04dab4fdfc962ede8b0b58de731acf971afb76eec2a72562b0166c5cf83b&__bTs=1588896000 HTTP/1.1" 403 4634 "https://stream.jeremycherfas.net/content/bookmarkedpages/?q=%23+%23cooking" "Mozilla/5.0 (Linux; Android 6.0.1; Nexus 5X Build/MMB29P) AppleWebKit/537.36 (KHTML, like Gecko) Chrome/81.0.4044.108 Mobile Safari/537.36 (compatible; Googlebot/2.1; +http://www.google.com/bot.html)" 
66.249.66.44 - - [31/May/2020:08:10:53 -0700] "GET /service/web/unfurl/?url=http%3A%2F%2Fwww.rachellaudan.com%2F2018%2F05%2Fcooking-in-a-bedsitter.html&__bTk=d87e04dab4fdfc962ede8b0b58de731acf971afb76eec2a72562b0166c5cf83b&__bTs=1590692933 HTTP/1.1" 403 4634 "https://stream.jeremycherfas.net/content/bookmarkedpages/?q=%23+%23cooking" "Mozilla/5.0 (Linux; Android 6.0.1; Nexus 5X Build/MMB29P) AppleWebKit/537.36 (KHTML, like Gecko) Chrome/81.0.4044.108 Mobile Safari/537.36 (compatible; Googlebot/2.1; +http://www.google.com/bot.html)" 
96.126.125.129 - - [31/May/2020:08:12:09 -0700] "GET /content/statusupdates/posts/photos/checkins/bookmarkedpages?_t=rss HTTP/1.1" 200 7652 "-" "Micro.blog/1.0" 
46.229.168.136 - - [31/May/2020:08:12:15 -0700] "GET /2019/this-is-very-cool-and-the-login HTTP/1.1" 200 10026 "-" "Mozilla/5.0 (compatible; SemrushBot/6~bl; +http://www.semrush.com/bot.html)" 
46.229.168.152 - - [31/May/2020:08:12:31 -0700] "GET /content/all?offset=190 HTTP/1.1" 200 12065 "-" "Mozilla/5.0 (compatible; SemrushBot/6~bl; +http://www.semrush.com/bot.html)" 
64.111.100.215 - - [31/May/2020:08:12:42 -0700] "GET /content/all?_t=rss HTTP/1.1" 200 14451 "-" "Mozilla/5.0 (X11; U; Linux i686; fr; rv:1.9.1.1) Gecko/20090715 Firefox/3.5.1" 
46.229.168.141 - - [31/May/2020:08:12:57 -0700] "GET /tag/hearsay2017 HTTP/1.1" 200 9385 "-" "Mozilla/5.0 (compatible; SemrushBot/6~bl; +http://www.semrush.com/bot.html)" 
46.229.168.132 - - [31/May/2020:08:14:09 -0700] "GET /tag/indieweb?offset=127 HTTP/1.1" 200 12625 "-" "Mozilla/5.0 (compatible; SemrushBot/6~bl; +http://www.semrush.com/bot.html)" 
114.119.165.105 - - [31/May/2020:08:14:14 -0700] "GET /tag/WithKnown HTTP/1.1" 200 14324 "-" "Mozilla/5.0 (Linux; Android 7.0;) AppleWebKit/537.36 (KHTML, like Gecko) Mobile Safari/537.36 (compatible; PetalBot;+https://aspiegel.com/petalbot)" 
46.229.168.150 - - [31/May/2020:08:14:54 -0700] "GET /2017/had-to-abandon-the-latest-gravy-podcast-because-the-levels HTTP/1.1" 200 9473 "-" "Mozilla/5.0 (compatible; SemrushBot/6~bl; +http://www.semrush.com/bot.html)" 
46.229.168.144 - - [31/May/2020:08:14:55 -0700] "GET /?offset=30&q=%23%2B%23indieweb HTTP/1.1" 200 13247 "-" "Mozilla/5.0 (compatible; SemrushBot/6~bl; +http://www.semrush.com/bot.html)" 
207.46.13.210 - - [31/May/2020:08:15:28 -0700] "GET /2017/dear-instagramplease-can-i-just-see-an-ordinary-simple-reverse HTTP/1.1" 200 11902 "-" "Mozilla/5.0 (compatible; bingbot/2.0; +http://www.bing.com/bingbot.htm)" 
96.126.125.129 - - [31/May/2020:08:16:12 -0700] "GET /content/statusupdates/posts/photos/checkins/bookmarkedpages?_t=rss HTTP/1.1" 200 7652 "-" "Micro.blog/1.0" 
207.46.13.158 - - [31/May/2020:08:17:07 -0700] "GET /content/photos/?q=%23IndieWeb HTTP/1.1" 304 3742 "-" "Mozilla/5.0 (compatible; bingbot/2.0; +http://www.bing.com/bingbot.htm)" 
46.229.168.142 - - [31/May/2020:08:17:12 -0700] "GET /content/audio/?q=%23%2B%23norovirus HTTP/1.1" 200 8512 "-" "Mozilla/5.0 (compatible; SemrushBot/6~bl; +http://www.semrush.com/bot.html)" 
46.229.168.147 - - [31/May/2020:08:18:12 -0700] "GET /?offset=30&q=%23withknown HTTP/1.1" 200 13599 "-" "Mozilla/5.0 (compatible; SemrushBot/6~bl; +http://www.semrush.com/bot.html)" 
46.229.168.154 - - [31/May/2020:08:19:01 -0700] "GET /content/bookmarkedpages/?q=%23Indieweb HTTP/1.1" 200 11105 "-" "Mozilla/5.0 (compatible; SemrushBot/6~bl; +http://www.semrush.com/bot.html)" 
46.229.168.135 - - [31/May/2020:08:19:08 -0700] "GET /content/statusupdates/?q=%23bread HTTP/1.1" 200 11661 "-" "Mozilla/5.0 (compatible; SemrushBot/6~bl; +http://www.semrush.com/bot.html)" 
198.58.102.155 - - [31/May/2020:08:19:48 -0700] "GET /content/photos?_t=rss HTTP/1.1" 200 7668 "-" "Superfeedr bot/2.0 http://superfeedr.com - Make your feeds realtime: get in touch - feed-id:1324303946" 
198.58.102.155 - - [31/May/2020:08:19:49 -0700] "GET /content/photos HTTP/1.1" 200 11785 "-" "Superfeedr bot/2.0 http://superfeedr.com - Checking HTML reverse link." 
198.58.103.115 - - [31/May/2020:08:19:52 -0700] "GET /content/photos?_t=rss HTTP/1.1" 200 7668 "-" "Superfeedr bot/2.0 http://superfeedr.com - Make your feeds realtime: get in touch - feed-id:1324303946" 
198.58.103.115 - - [31/May/2020:08:19:52 -0700] "GET /content/photos HTTP/1.1" 200 11785 "-" "Superfeedr bot/2.0 http://superfeedr.com - Checking HTML reverse link." 
46.229.168.138 - - [31/May/2020:08:20:07 -0700] "GET /2019/noffle-i-know-absolutely-nothing-about-server HTTP/1.1" 200 10548 "-" "Mozilla/5.0 (compatible; SemrushBot/6~bl; +http://www.semrush.com/bot.html)" 
96.126.125.129 - - [31/May/2020:08:20:11 -0700] "GET /content/statusupdates/posts/photos/checkins/bookmarkedpages?_t=rss HTTP/1.1" 200 7652 "-" "Micro.blog/1.0" 
66.249.66.52 - - [31/May/2020:08:20:19 -0700] "GET /content/all/?offset=1477&_t=amp HTTP/1.1" 200 13032 "-" "Mozilla/5.0 (Linux; Android 6.0.1; Nexus 5X Build/MMB29P) AppleWebKit/537.36 (KHTML, like Gecko) Chrome/80.0.3987.92 Mobile Safari/537.36 (compatible; Googlebot/2.1; +http://www.google.com/bot.html)" 
66.249.66.50 - - [31/May/2020:08:20:23 -0700] "GET /service/web/unfurl/?url=https%3A%2F%2Fwww.theguardian.com%2Ftravel%2Fcommentisfree%2F2018%2Ffeb%2F22%2Fis-ewok-having-a-nice-time-the-special-hell-of-a-going-on-a-cruise&__bTk=65b370ede225e064c53678bb48e0d0b0e77d356f665986ac01a921b980906661&__bTs=1588896000 HTTP/1.1" 403 4728 "https://www.stream.jeremycherfas.net/content/all/?offset=1477&_t=amp" "Mozilla/5.0 (Linux; Android 6.0.1; Nexus 5X Build/MMB29P) AppleWebKit/537.36 (KHTML, like Gecko) Chrome/81.0.4044.108 Mobile Safari/537.36 (compatible; Googlebot/2.1; +http://www.google.com/bot.html)" 
66.249.66.48 - - [31/May/2020:08:20:24 -0700] "GET /service/web/unfurl/?url=https%3A%2F%2Fwww.lrb.co.uk%2Fv40%2Fn04%2Fpankaj-mishra%2Fwhy-do-white-people-like-what-i-write&__bTk=65b370ede225e064c53678bb48e0d0b0e77d356f665986ac01a921b980906661&__bTs=1588896000 HTTP/1.1" 403 4678 "https://www.stream.jeremycherfas.net/content/all/?offset=1477&_t=amp" "Mozilla/5.0 (Linux; Android 6.0.1; Nexus 5X Build/MMB29P) AppleWebKit/537.36 (KHTML, like Gecko) Chrome/81.0.4044.108 Mobile Safari/537.36 (compatible; Googlebot/2.1; +http://www.google.com/bot.html)" 
66.249.66.50 - - [31/May/2020:08:20:24 -0700] "GET /service/web/unfurl/?url=https%3A%2F%2Fwww.theatlantic.com%2Fmagazine%2Farchive%2F2018%2F03%2Fstealing-from-self-checkout%2F550940&__bTk=65b370ede225e064c53678bb48e0d0b0e77d356f665986ac01a921b980906661&__bTs=1588896000 HTTP/1.1" 403 4688 "https://www.stream.jeremycherfas.net/content/all/?offset=1477&_t=amp" "Mozilla/5.0 (Linux; Android 6.0.1; Nexus 5X Build/MMB29P) AppleWebKit/537.36 (KHTML, like Gecko) Chrome/81.0.4044.108 Mobile Safari/537.36 (compatible; Googlebot/2.1; +http://www.google.com/bot.html)" 
66.249.66.50 - - [31/May/2020:08:20:25 -0700] "GET /service/web/unfurl/?url=https%3A%2F%2Fwww.theguardian.com%2Ftravel%2Fcommentisfree%2F2018%2Ffeb%2F22%2Fis-ewok-having-a-nice-time-the-special-hell-of-a-going-on-a-cruise&__bTk=65b370ede225e064c53678bb48e0d0b0e77d356f665986ac01a921b980906661&__bTs=1590641563 HTTP/1.1" 403 1411 "https://www.stream.jeremycherfas.net/content/all/?offset=1477&_t=amp" "Mozilla/5.0 (Linux; Android 6.0.1; Nexus 5X Build/MMB29P) AppleWebKit/537.36 (KHTML, like Gecko) Chrome/81.0.4044.108 Mobile Safari/537.36 (compatible; Googlebot/2.1; +http://www.google.com/bot.html)" 
66.249.66.48 - - [31/May/2020:08:20:25 -0700] "GET /service/web/unfurl/?url=https%3A%2F%2Fwww.lrb.co.uk%2Fv40%2Fn04%2Fpankaj-mishra%2Fwhy-do-white-people-like-what-i-write&__bTk=65b370ede225e064c53678bb48e0d0b0e77d356f665986ac01a921b980906661&__bTs=1590641563 HTTP/1.1" 403 4678 "https://www.stream.jeremycherfas.net/content/all/?offset=1477&_t=amp" "Mozilla/5.0 (Linux; Android 6.0.1; Nexus 5X Build/MMB29P) AppleWebKit/537.36 (KHTML, like Gecko) Chrome/81.0.4044.108 Mobile Safari/537.36 (compatible; Googlebot/2.1; +http://www.google.com/bot.html)" 
66.249.66.48 - - [31/May/2020:08:20:26 -0700] "GET /service/web/unfurl/?url=https%3A%2F%2Fwww.theatlantic.com%2Fmagazine%2Farchive%2F2018%2F03%2Fstealing-from-self-checkout%2F550940&__bTk=65b370ede225e064c53678bb48e0d0b0e77d356f665986ac01a921b980906661&__bTs=1590641563 HTTP/1.1" 403 1371 "https://www.stream.jeremycherfas.net/content/all/?offset=1477&_t=amp" "Mozilla/5.0 (Linux; Android 6.0.1; Nexus 5X Build/MMB29P) AppleWebKit/537.36 (KHTML, like Gecko) Chrome/81.0.4044.108 Mobile Safari/537.36 (compatible; Googlebot/2.1; +http://www.google.com/bot.html)" 
114.119.162.106 - - [31/May/2020:08:20:29 -0700] "GET /tag/Indieweb?offset=140 HTTP/1.1" 200 9517 "-" "Mozilla/5.0 (Linux; Android 7.0;) AppleWebKit/537.36 (KHTML, like Gecko) Mobile Safari/537.36 (compatible; PetalBot;+https://aspiegel.com/petalbot)" 
17.58.102.79 - - [31/May/2020:08:20:36 -0700] "GET /2019/jojolemon-i-hope-you-win-too-and HTTP/1.1" 200 9794 "-" "Mozilla/5.0 (Macintosh; Intel Mac OS X 10_10_1) AppleWebKit/600.2.5 (KHTML, like Gecko) Version/8.0.2 Safari/600.2.5 (Applebot/0.1; +http://www.apple.com/go/applebot)" 
46.229.168.138 - - [31/May/2020:08:21:44 -0700] "GET /content/events/?q=%23hearsay2017 HTTP/1.1" 200 8503 "-" "Mozilla/5.0 (compatible; SemrushBot/6~bl; +http://www.semrush.com/bot.html)" 
46.229.168.162 - - [31/May/2020:08:22:43 -0700] "GET /content/all/?q=%23%2B%23Rome HTTP/1.1" 200 13262 "-" "Mozilla/5.0 (compatible; SemrushBot/6~bl; +http://www.semrush.com/bot.html)" 
46.229.168.151 - - [31/May/2020:08:22:52 -0700] "GET /content/all/?offset=128&q=%23indieweb HTTP/1.1" 200 12777 "-" "Mozilla/5.0 (compatible; SemrushBot/6~bl; +http://www.semrush.com/bot.html)" 
46.229.168.146 - - [31/May/2020:08:24:12 -0700] "GET /?q=%23%2B%23Black_pepper HTTP/1.1" 200 8518 "-" "Mozilla/5.0 (compatible; SemrushBot/6~bl; +http://www.semrush.com/bot.html)" 
45.79.26.51 - - [31/May/2020:08:24:14 -0700] "GET /content/statusupdates/posts/photos/checkins/bookmarkedpages?_t=rss HTTP/1.1" 200 7647 "-" "Micro.blog/1.0" 
46.229.168.147 - - [31/May/2020:08:24:36 -0700] "GET /tag/IndieWeb?offset=64 HTTP/1.1" 200 11524 "-" "Mozilla/5.0 (compatible; SemrushBot/6~bl; +http://www.semrush.com/bot.html)" 
46.229.168.149 - - [31/May/2020:08:24:42 -0700] "GET /content/all/?offset=132&q=%23%2B%23%23indieweb HTTP/1.1" 200 12716 "-" "Mozilla/5.0 (compatible; SemrushBot/6~bl; +http://www.semrush.com/bot.html)" 
157.55.39.237 - - [31/May/2020:08:25:22 -0700] "GET /2017/completely-mystified-by-editing-a-bookmark-in-withknown?_t=rss HTTP/1.1" 200 5491 "-" "Mozilla/5.0 (compatible; bingbot/2.0; +http://www.bing.com/bingbot.htm)" 
46.229.168.162 - - [31/May/2020:08:26:22 -0700] "GET /content/photos/?offset=33&q=%23sourdough HTTP/1.1" 200 11492 "-" "Mozilla/5.0 (compatible; SemrushBot/6~bl; +http://www.semrush.com/bot.html)" 
77.88.5.71 - - [31/May/2020:08:26:39 -0700] "GET /view/cf7bbf4303a6356101ed77b468072fc5 HTTP/1.1" 200 9530 "-" "Mozilla/5.0 (compatible; YandexBot/3.0; +http://yandex.com/bots)" 
114.119.165.2 - - [31/May/2020:08:26:41 -0700] "GET /tag/known?offset=0 HTTP/1.1" 200 16556 "-" "Mozilla/5.0 (Linux; Android 7.0;) AppleWebKit/537.36 (KHTML, like Gecko) Mobile Safari/537.36 (compatible; PetalBot;+https://aspiegel.com/petalbot)" 
157.55.39.237 - - [31/May/2020:08:27:10 -0700] "GET /2018/checked-into-cafe-lad%C3%B3 HTTP/1.1" 200 9787 "-" "Mozilla/5.0 (compatible; bingbot/2.0; +http://www.bing.com/bingbot.htm)" 
64.111.100.215 - - [31/May/2020:08:27:57 -0700] "GET /content/all?_t=rss HTTP/1.1" 200 14451 "-" "Mozilla/5.0 (X11; U; Linux i686; fr; rv:1.9.1.1) Gecko/20090715 Firefox/3.5.1" 
46.229.168.151 - - [31/May/2020:08:28:23 -0700] "GET /?offset=20&q=%23bread HTTP/1.1" 200 12111 "-" "Mozilla/5.0 (compatible; SemrushBot/6~bl; +http://www.semrush.com/bot.html)" 
66.249.66.44 - - [31/May/2020:08:29:48 -0700] "GET /content/posts/?q=%23FDA&_t=rss HTTP/1.1" 200 5075 "-" "Mozilla/5.0 (Linux; Android 6.0.1; Nexus 5X Build/MMB29P) AppleWebKit/537.36 (KHTML, like Gecko) Chrome/80.0.3987.92 Mobile Safari/537.36 (compatible; Googlebot/2.1; +http://www.google.com/bot.html)" 
46.229.168.144 - - [31/May/2020:08:30:06 -0700] "GET /content/posts/?offset=87 HTTP/1.1" 200 8771 "-" "Mozilla/5.0 (compatible; SemrushBot/6~bl; +http://www.semrush.com/bot.html)" 
46.229.168.162 - - [31/May/2020:08:30:42 -0700] "GET /content/bookmarkedpages/?q=%23%2B%23sourdough HTTP/1.1" 200 8554 "-" "Mozilla/5.0 (compatible; SemrushBot/6~bl; +http://www.semrush.com/bot.html)" 
96.126.125.129 - - [31/May/2020:08:31:40 -0700] "GET /content/statusupdates/posts/photos/checkins/bookmarkedpages?_t=rss HTTP/1.1" 200 7652 "-" "Micro.blog/1.0" 
46.229.168.134 - - [31/May/2020:08:32:25 -0700] "GET /tag/Indieweb?offset=111 HTTP/1.1" 200 12174 "-" "Mozilla/5.0 (compatible; SemrushBot/6~bl; +http://www.semrush.com/bot.html)" 
46.229.168.154 - - [31/May/2020:08:32:27 -0700] "GET /?offset=50 HTTP/1.1" 200 11547 "-" "Mozilla/5.0 (compatible; SemrushBot/6~bl; +http://www.semrush.com/bot.html)" 
167.172.118.185 - - [31/May/2020:08:32:34 -0700] "GET /?_t=rss HTTP/1.1" 200 6947 "-" "Feedbin feed-id:1536727 - 1 subscribers" 
46.229.168.146 - - [31/May/2020:08:32:39 -0700] "GET /content/bookmarkedpages/?q=%23%2B%23freersackler HTTP/1.1" 200 8534 "-" "Mozilla/5.0 (compatible; SemrushBot/6~bl; +http://www.semrush.com/bot.html)" 
114.119.165.105 - - [31/May/2020:08:32:44 -0700] "GET /tag/indieweb?offset=0 HTTP/1.1" 200 14746 "-" "Mozilla/5.0 (Linux; Android 7.0;) AppleWebKit/537.36 (KHTML, like Gecko) Mobile Safari/537.36 (compatible; PetalBot;+https://aspiegel.com/petalbot)" 
46.229.168.154 - - [31/May/2020:08:33:49 -0700] "GET /?offset=20&q=%23IndieWeb HTTP/1.1" 200 11502 "-" "Mozilla/5.0 (compatible; SemrushBot/6~bl; +http://www.semrush.com/bot.html)" 
207.46.13.158 - - [31/May/2020:08:34:55 -0700] "GET /2019/festa-di-san-vito HTTP/1.1" 304 3726 "-" "Mozilla/5.0 (compatible; bingbot/2.0; +http://www.bing.com/bingbot.htm)" 
46.229.168.149 - - [31/May/2020:08:35:22 -0700] "GET /content/all/?offset=20 HTTP/1.1" 200 14004 "-" "Mozilla/5.0 (compatible; SemrushBot/6~bl; +http://www.semrush.com/bot.html)" 
46.229.168.135 - - [31/May/2020:08:36:15 -0700] "GET /tag/Sourdough?offset=20 HTTP/1.1" 200 11946 "-" "Mozilla/5.0 (compatible; SemrushBot/6~bl; +http://www.semrush.com/bot.html)" 
46.229.168.132 - - [31/May/2020:08:37:24 -0700] "GET /?offset=12&q=%23%2B%23bread HTTP/1.1" 200 12622 "-" "Mozilla/5.0 (compatible; SemrushBot/6~bl; +http://www.semrush.com/bot.html)" 
46.229.168.131 - - [31/May/2020:08:38:34 -0700] "GET /content/statusupdates/?q=%23%2B%23Http%3A%2F%2Fagro.biodiver.se%2F HTTP/1.1" 200 8576 "-" "Mozilla/5.0 (compatible; SemrushBot/6~bl; +http://www.semrush.com/bot.html)" 
46.229.168.148 - - [31/May/2020:08:38:43 -0700] "GET /tag/+%23WithKnown?offset=10 HTTP/1.1" 200 14557 "-" "Mozilla/5.0 (compatible; SemrushBot/6~bl; +http://www.semrush.com/bot.html)" 
114.119.166.46 - - [31/May/2020:08:38:48 -0700] "GET /tag/sourdough?offset=30 HTTP/1.1" 200 11245 "-" "Mozilla/5.0 (Linux; Android 7.0;) AppleWebKit/537.36 (KHTML, like Gecko) Mobile Safari/537.36 (compatible; PetalBot;+https://aspiegel.com/petalbot)" 
96.126.125.129 - - [31/May/2020:08:39:00 -0700] "GET /content/statusupdates/posts/photos/checkins/bookmarkedpages?_t=rss HTTP/1.1" 200 7652 "-" "Micro.blog/1.0" 
66.249.66.44 - - [31/May/2020:08:39:15 -0700] "GET /content/rsvp/?q=%23non HTTP/1.1" 200 8520 "-" "Mozilla/5.0 (Linux; Android 6.0.1; Nexus 5X Build/MMB29P) AppleWebKit/537.36 (KHTML, like Gecko) Chrome/80.0.3987.92 Mobile Safari/537.36 (compatible; Googlebot/2.1; +http://www.google.com/bot.html)" 
46.229.168.138 - - [31/May/2020:08:39:53 -0700] "GET /robots.txt HTTP/1.1" 200 4552 "-" "Mozilla/5.0 (compatible; SemrushBot/6~bl; +http://www.semrush.com/bot.html)" 
46.229.168.140 - - [31/May/2020:08:39:53 -0700] "GET /?offset=6&q=%23sourdough HTTP/1.1" 200 12680 "-" "Mozilla/5.0 (compatible; SemrushBot/6~bl; +http://www.semrush.com/bot.html)" 
3.81.117.26 - - [31/May/2020:08:39:57 -0700] "GET /?q=&_t=rss HTTP/1.1" 304 3480 "https://www.google.com/" "Mozilla/5.0 (X11; Linux x86_64) AppleWebKit/537.36 (KHTML, like Gecko) Chrome/80.0.3987.116 Safari/537.36" 
54.36.148.12 - - [31/May/2020:08:40:05 -0700] "GET /profile/jeremy HTTP/1.1" 200 28894 "-" "Mozilla/5.0 (compatible; AhrefsBot/6.1; +http://ahrefs.com/robot/)" 
195.154.122.128 - - [31/May/2020:08:40:06 -0700] "GET /profile/jeremy HTTP/1.1" 200 29161 "-" "Mozilla/5.0 (compatible; AhrefsBot/6.1; +http://ahrefs.com/robot/)" 
195.154.122.128 - - [31/May/2020:08:40:07 -0700] "GET /vendor/twbs/bootstrap/dist/css/bootstrap.min.css HTTP/1.1" 200 20777 "-" "Mozilla/5.0 (compatible; AhrefsBot/6.1; +http://ahrefs.com/robot/)" 
195.154.122.128 - - [31/May/2020:08:40:07 -0700] "GET /vendor/npm-asset/bootstrap-accessibility-plugin/plugins/css/bootstrap-accessibility.css HTTP/1.1" 200 1159 "-" "Mozilla/5.0 (compatible; AhrefsBot/6.1; +http://ahrefs.com/robot/)" 
195.154.122.128 - - [31/May/2020:08:40:07 -0700] "GET /vendor/forkawesome/fork-awesome/css/fork-awesome.min.css HTTP/1.1" 200 8923 "-" "Mozilla/5.0 (compatible; AhrefsBot/6.1; +http://ahrefs.com/robot/)" 
195.154.122.128 - - [31/May/2020:08:40:07 -0700] "GET /vendor/forkawesome/fork-awesome/css/v5-compat.min.css HTTP/1.1" 200 2616 "-" "Mozilla/5.0 (compatible; AhrefsBot/6.1; +http://ahrefs.com/robot/)" 
195.154.122.128 - - [31/May/2020:08:40:07 -0700] "GET /css/1579440965/known.min.css HTTP/1.1" 200 7758 "-" "Mozilla/5.0 (compatible; AhrefsBot/6.1; +http://ahrefs.com/robot/)" 
195.154.122.128 - - [31/May/2020:08:40:07 -0700] "GET /vendor/npm-asset/bootstrap-toggle/css/bootstrap-toggle.min.css HTTP/1.1" 200 1061 "-" "Mozilla/5.0 (compatible; AhrefsBot/6.1; +http://ahrefs.com/robot/)" 
195.154.122.128 - - [31/May/2020:08:40:07 -0700] "GET /vendor/idno/mentionjs/recommended-styles.css HTTP/1.1" 200 682 "-" "Mozilla/5.0 (compatible; AhrefsBot/6.1; +http://ahrefs.com/robot/)" 
195.154.122.128 - - [31/May/2020:08:40:07 -0700] "GET /IdnoPlugins/Checkin/external/leaflet/leaflet.min.css HTTP/1.1" 200 2556 "-" "Mozilla/5.0 (compatible; AhrefsBot/6.1; +http://ahrefs.com/robot/)" 
195.154.122.128 - - [31/May/2020:08:40:07 -0700] "GET /Themes/Solo/css/default.min.css HTTP/1.1" 200 1045 "-" "Mozilla/5.0 (compatible; AhrefsBot/6.1; +http://ahrefs.com/robot/)" 
195.154.122.128 - - [31/May/2020:08:40:07 -0700] "GET /vendor/npm-asset/mediaelement/build/mediaelementplayer.min.css HTTP/1.1" 200 3120 "-" "Mozilla/5.0 (compatible; AhrefsBot/6.1; +http://ahrefs.com/robot/)" 
195.154.122.128 - - [31/May/2020:08:40:07 -0700] "GET /vendor/npm-asset/jquery/dist/jquery.min.js HTTP/1.1" 200 32009 "-" "Mozilla/5.0 (compatible; AhrefsBot/6.1; +http://ahrefs.com/robot/)" 
195.154.122.128 - - [31/May/2020:08:40:07 -0700] "GET /vendor/twbs/bootstrap/dist/js/bootstrap.min.js HTTP/1.1" 200 11635 "-" "Mozilla/5.0 (compatible; AhrefsBot/6.1; +http://ahrefs.com/robot/)" 
195.154.122.128 - - [31/May/2020:08:40:07 -0700] "GET /vendor/npm-asset/bootstrap-accessibility-plugin/plugins/js/bootstrap-accessibility.min.js HTTP/1.1" 200 4813 "-" "Mozilla/5.0 (compatible; AhrefsBot/6.1; +http://ahrefs.com/robot/)" 
195.154.122.128 - - [31/May/2020:08:40:07 -0700] "GET /js/1579440966/known.min.js HTTP/1.1" 200 5062 "-" "Mozilla/5.0 (compatible; AhrefsBot/6.1; +http://ahrefs.com/robot/)" 
195.154.122.128 - - [31/May/2020:08:40:07 -0700] "GET /vendor/npm-asset/bootstrap-toggle/js/bootstrap-toggle.js HTTP/1.1" 200 2106 "-" "Mozilla/5.0 (compatible; AhrefsBot/6.1; +http://ahrefs.com/robot/)" 
195.154.122.128 - - [31/May/2020:08:40:07 -0700] "GET /IdnoPlugins/Checkin/external/leaflet/leaflet.js HTTP/1.1" 200 34144 "-" "Mozilla/5.0 (compatible; AhrefsBot/6.1; +http://ahrefs.com/robot/)" 
195.154.122.128 - - [31/May/2020:08:40:07 -0700] "GET /IdnoPlugins/Checkin/external/stamen-maps/tile.stamen.min.js HTTP/1.1" 200 2065 "-" "Mozilla/5.0 (compatible; AhrefsBot/6.1; +http://ahrefs.com/robot/)" 
195.154.122.128 - - [31/May/2020:08:40:07 -0700] "GET /IdnoPlugins/Media/external/wavesurfer/dist/wavesurfer.min.js HTTP/1.1" 200 6858 "-" "Mozilla/5.0 (compatible; AhrefsBot/6.1; +http://ahrefs.com/robot/)" 
195.154.122.128 - - [31/May/2020:08:40:07 -0700] "GET /vendor/npm-asset/mediaelement/build/mediaelement-and-player.min.js HTTP/1.1" 200 41590 "-" "Mozilla/5.0 (compatible; AhrefsBot/6.1; +http://ahrefs.com/robot/)" 
195.154.122.128 - - [31/May/2020:08:40:07 -0700] "GET /vendor/npm-asset/vanilla-fitvids/jquery.fitvids.js HTTP/1.1" 200 1873 "-" "Mozilla/5.0 (compatible; AhrefsBot/6.1; +http://ahrefs.com/robot/)" 
195.154.122.128 - - [31/May/2020:08:40:07 -0700] "GET /vendor/rmm5t/jquery-timeago/jquery.timeago.js HTTP/1.1" 200 3015 "-" "Mozilla/5.0 (compatible; AhrefsBot/6.1; +http://ahrefs.com/robot/)" 
195.154.122.128 - - [31/May/2020:08:40:07 -0700] "GET /vendor/rmm5t/jquery-timeago/locales/jquery.timeago.en.js HTTP/1.1" 200 886 "-" "Mozilla/5.0 (compatible; AhrefsBot/6.1; +http://ahrefs.com/robot/)" 
195.154.122.128 - - [31/May/2020:08:40:08 -0700] "GET /vendor/npm-asset/underscore/underscore-min.js HTTP/1.1" 200 7059 "-" "Mozilla/5.0 (compatible; AhrefsBot/6.1; +http://ahrefs.com/robot/)" 
195.154.122.128 - - [31/May/2020:08:40:07 -0700] "GET /vendor/forkawesome/fork-awesome/fonts/forkawesome-webfont.woff2?v=1.1.7 HTTP/1.1" 200 92205 "-" "Mozilla/5.0 (compatible; AhrefsBot/6.1; +http://ahrefs.com/robot/)" 
195.154.122.128 - - [31/May/2020:08:40:08 -0700] "GET /vendor/npm-asset/exif-js/exif.js HTTP/1.1" 200 9962 "-" "Mozilla/5.0 (compatible; AhrefsBot/6.1; +http://ahrefs.com/robot/)" 
195.154.122.128 - - [31/May/2020:08:40:08 -0700] "GET /service/security/csrftoken/?url=https%3A%2F%2Fstream.jeremycherfas.net%2Fservice%2Fweb%2Funfurl%2F HTTP/1.1" 200 1361 "-" "Mozilla/5.0 (compatible; AhrefsBot/6.1; +http://ahrefs.com/robot/)" 
195.154.122.128 - - [31/May/2020:08:40:08 -0700] "GET /service/web/unfurl/?url=https%3A%2F%2Fdivinations.substack.com%2Fp%2Fthe-open-podcast-ecosystem-is-dying&__bTk=d7dff6ff7b4acaa1e7911f11e43205ce074005804fcbdfbfeb8ce111be243417&__bTs=1590939608 HTTP/1.1" 200 11391 "-" "Mozilla/5.0 (compatible; AhrefsBot/6.1; +http://ahrefs.com/robot/)" 
195.154.122.203 - - [31/May/2020:08:40:11 -0700] "GET /profile/jeremy HTTP/1.1" 200 29217 "-" "Mozilla/5.0 (compatible; AhrefsBot/6.1; +http://ahrefs.com/robot/)" 
195.154.122.203 - - [31/May/2020:08:40:12 -0700] "GET /vendor/twbs/bootstrap/dist/css/bootstrap.min.css HTTP/1.1" 200 20777 "-" "Mozilla/5.0 (compatible; AhrefsBot/6.1; +http://ahrefs.com/robot/)" 
195.154.122.203 - - [31/May/2020:08:40:12 -0700] "GET /vendor/npm-asset/bootstrap-accessibility-plugin/plugins/css/bootstrap-accessibility.css HTTP/1.1" 200 1159 "-" "Mozilla/5.0 (compatible; AhrefsBot/6.1; +http://ahrefs.com/robot/)" 
195.154.122.203 - - [31/May/2020:08:40:12 -0700] "GET /vendor/forkawesome/fork-awesome/css/fork-awesome.min.css HTTP/1.1" 200 8923 "-" "Mozilla/5.0 (compatible; AhrefsBot/6.1; +http://ahrefs.com/robot/)" 
195.154.122.203 - - [31/May/2020:08:40:12 -0700] "GET /vendor/forkawesome/fork-awesome/css/v5-compat.min.css HTTP/1.1" 200 2754 "-" "Mozilla/5.0 (compatible; AhrefsBot/6.1; +http://ahrefs.com/robot/)" 
195.154.122.203 - - [31/May/2020:08:40:12 -0700] "GET /vendor/npm-asset/bootstrap-toggle/css/bootstrap-toggle.min.css HTTP/1.1" 200 1061 "-" "Mozilla/5.0 (compatible; AhrefsBot/6.1; +http://ahrefs.com/robot/)" 
195.154.122.203 - - [31/May/2020:08:40:12 -0700] "GET /css/1579440965/known.min.css HTTP/1.1" 200 7896 "-" "Mozilla/5.0 (compatible; AhrefsBot/6.1; +http://ahrefs.com/robot/)" 
195.154.122.203 - - [31/May/2020:08:40:12 -0700] "GET /vendor/idno/mentionjs/recommended-styles.css HTTP/1.1" 200 820 "-" "Mozilla/5.0 (compatible; AhrefsBot/6.1; +http://ahrefs.com/robot/)" 
195.154.122.203 - - [31/May/2020:08:40:12 -0700] "GET /IdnoPlugins/Checkin/external/leaflet/leaflet.min.css HTTP/1.1" 200 2694 "-" "Mozilla/5.0 (compatible; AhrefsBot/6.1; +http://ahrefs.com/robot/)" 
195.154.122.203 - - [31/May/2020:08:40:12 -0700] "GET /Themes/Solo/css/default.min.css HTTP/1.1" 200 1045 "-" "Mozilla/5.0 (compatible; AhrefsBot/6.1; +http://ahrefs.com/robot/)" 
195.154.122.203 - - [31/May/2020:08:40:12 -0700] "GET /vendor/npm-asset/mediaelement/build/mediaelementplayer.min.css HTTP/1.1" 200 3120 "-" "Mozilla/5.0 (compatible; AhrefsBot/6.1; +http://ahrefs.com/robot/)" 
195.154.122.203 - - [31/May/2020:08:40:12 -0700] "GET /vendor/twbs/bootstrap/dist/js/bootstrap.min.js HTTP/1.1" 200 11635 "-" "Mozilla/5.0 (compatible; AhrefsBot/6.1; +http://ahrefs.com/robot/)" 
195.154.122.203 - - [31/May/2020:08:40:12 -0700] "GET /vendor/npm-asset/bootstrap-accessibility-plugin/plugins/js/bootstrap-accessibility.min.js HTTP/1.1" 200 4813 "-" "Mozilla/5.0 (compatible; AhrefsBot/6.1; +http://ahrefs.com/robot/)" 
195.154.122.203 - - [31/May/2020:08:40:12 -0700] "GET /vendor/npm-asset/jquery/dist/jquery.min.js HTTP/1.1" 200 32009 "-" "Mozilla/5.0 (compatible; AhrefsBot/6.1; +http://ahrefs.com/robot/)" 
195.154.122.203 - - [31/May/2020:08:40:12 -0700] "GET /js/1579440966/known.min.js HTTP/1.1" 200 4924 "-" "Mozilla/5.0 (compatible; AhrefsBot/6.1; +http://ahrefs.com/robot/)" 
195.154.122.203 - - [31/May/2020:08:40:12 -0700] "GET /vendor/npm-asset/bootstrap-toggle/js/bootstrap-toggle.js HTTP/1.1" 200 2106 "-" "Mozilla/5.0 (compatible; AhrefsBot/6.1; +http://ahrefs.com/robot/)" 
195.154.122.203 - - [31/May/2020:08:40:12 -0700] "GET /IdnoPlugins/Checkin/external/leaflet/leaflet.js HTTP/1.1" 200 34144 "-" "Mozilla/5.0 (compatible; AhrefsBot/6.1; +http://ahrefs.com/robot/)" 
195.154.122.203 - - [31/May/2020:08:40:12 -0700] "GET /IdnoPlugins/Media/external/wavesurfer/dist/wavesurfer.min.js HTTP/1.1" 200 6858 "-" "Mozilla/5.0 (compatible; AhrefsBot/6.1; +http://ahrefs.com/robot/)" 
195.154.122.203 - - [31/May/2020:08:40:12 -0700] "GET /IdnoPlugins/Checkin/external/stamen-maps/tile.stamen.min.js HTTP/1.1" 200 2065 "-" "Mozilla/5.0 (compatible; AhrefsBot/6.1; +http://ahrefs.com/robot/)" 
195.154.122.203 - - [31/May/2020:08:40:12 -0700] "GET /vendor/npm-asset/mediaelement/build/mediaelement-and-player.min.js HTTP/1.1" 200 41590 "-" "Mozilla/5.0 (compatible; AhrefsBot/6.1; +http://ahrefs.com/robot/)" 
195.154.122.203 - - [31/May/2020:08:40:12 -0700] "GET /vendor/rmm5t/jquery-timeago/locales/jquery.timeago.en.js HTTP/1.1" 200 886 "-" "Mozilla/5.0 (compatible; AhrefsBot/6.1; +http://ahrefs.com/robot/)" 
195.154.122.203 - - [31/May/2020:08:40:12 -0700] "GET /vendor/npm-asset/vanilla-fitvids/jquery.fitvids.js HTTP/1.1" 200 1873 "-" "Mozilla/5.0 (compatible; AhrefsBot/6.1; +http://ahrefs.com/robot/)" 
195.154.122.203 - - [31/May/2020:08:40:12 -0700] "GET /vendor/npm-asset/underscore/underscore-min.js HTTP/1.1" 200 7059 "-" "Mozilla/5.0 (compatible; AhrefsBot/6.1; +http://ahrefs.com/robot/)" 
195.154.122.203 - - [31/May/2020:08:40:12 -0700] "GET /vendor/rmm5t/jquery-timeago/jquery.timeago.js HTTP/1.1" 200 3015 "-" "Mozilla/5.0 (compatible; AhrefsBot/6.1; +http://ahrefs.com/robot/)" 
195.154.122.203 - - [31/May/2020:08:40:12 -0700] "GET /vendor/npm-asset/exif-js/exif.js HTTP/1.1" 200 9962 "-" "Mozilla/5.0 (compatible; AhrefsBot/6.1; +http://ahrefs.com/robot/)" 
195.154.122.203 - - [31/May/2020:08:40:12 -0700] "GET /vendor/forkawesome/fork-awesome/fonts/forkawesome-webfont.woff2?v=1.1.7 HTTP/1.1" 200 92205 "-" "Mozilla/5.0 (compatible; AhrefsBot/6.1; +http://ahrefs.com/robot/)" 
195.154.122.203 - - [31/May/2020:08:40:12 -0700] "GET /service/security/csrftoken/?url=https%3A%2F%2Fstream.jeremycherfas.net%2Fservice%2Fweb%2Funfurl%2F HTTP/1.1" 200 1361 "-" "Mozilla/5.0 (compatible; AhrefsBot/6.1; +http://ahrefs.com/robot/)" 
195.154.122.203 - - [31/May/2020:08:40:13 -0700] "GET /service/web/unfurl/?url=https%3A%2F%2Fdivinations.substack.com%2Fp%2Fthe-open-podcast-ecosystem-is-dying&__bTk=7db2510670a9810d0c86b543d79b10f831394fdaf48e397bb4a917cff6dc5fa3&__bTs=1590939612 HTTP/1.1" 200 11391 "-" "Mozilla/5.0 (compatible; AhrefsBot/6.1; +http://ahrefs.com/robot/)" 
46.229.168.129 - - [31/May/2020:08:41:52 -0700] "GET /content/all/?offset=130&q=%23indieweb HTTP/1.1" 200 13176 "-" "Mozilla/5.0 (compatible; SemrushBot/6~bl; +http://www.semrush.com/bot.html)" 
46.229.168.148 - - [31/May/2020:08:42:16 -0700] "GET /content/all/?offset=126&q=%23%2B%23%23indieweb HTTP/1.1" 200 12742 "-" "Mozilla/5.0 (compatible; SemrushBot/6~bl; +http://www.semrush.com/bot.html)" 
64.111.100.215 - - [31/May/2020:08:43:02 -0700] "GET /content/all?_t=rss HTTP/1.1" 200 14451 "-" "Mozilla/5.0 (X11; U; Linux i686; fr; rv:1.9.1.1) Gecko/20090715 Firefox/3.5.1" 
46.229.168.132 - - [31/May/2020:08:43:04 -0700] "GET /content/bookmarkedpages?offset=190 HTTP/1.1" 200 11028 "-" "Mozilla/5.0 (compatible; SemrushBot/6~bl; +http://www.semrush.com/bot.html)" 
46.229.168.148 - - [31/May/2020:08:43:35 -0700] "GET /tag/bread?offset=86 HTTP/1.1" 200 9561 "-" "Mozilla/5.0 (compatible; SemrushBot/6~bl; +http://www.semrush.com/bot.html)" 
46.229.168.145 - - [31/May/2020:08:43:36 -0700] "GET /?offset=40&q=%23%2B%23IndieWeb HTTP/1.1" 200 11375 "-" "Mozilla/5.0 (compatible; SemrushBot/6~bl; +http://www.semrush.com/bot.html)" 
46.229.168.148 - - [31/May/2020:08:43:38 -0700] "GET /2019/an-indieweb-book-club-is-a-really HTTP/1.1" 200 10060 "-" "Mozilla/5.0 (compatible; SemrushBot/6~bl; +http://www.semrush.com/bot.html)" 
46.229.168.133 - - [31/May/2020:08:44:38 -0700] "GET /content/events/?q=%23Corfu HTTP/1.1" 200 8489 "-" "Mozilla/5.0 (compatible; SemrushBot/6~bl; +http://www.semrush.com/bot.html)" 
46.229.168.140 - - [31/May/2020:08:45:19 -0700] "GET /2019/adactio-journalpassengers-log-queen-mary-2-august-2019 HTTP/1.1" 200 9561 "-" "Mozilla/5.0 (compatible; SemrushBot/6~bl; +http://www.semrush.com/bot.html)" 
51.15.250.44 - - [31/May/2020:08:46:20 -0700] "GET /2017/virgin-cola-richard-bransons-greatest-failure HTTP/1.1" 200 9448 "-" "Mozilla/5.0 (X11; Linux x86_64) AppleWebKit/537.36 (KHTML, like Gecko) HeadlessChrome/70.0.3538.77 Safari/537.36" 
45.79.26.51 - - [31/May/2020:08:46:42 -0700] "GET /content/statusupdates/posts/photos/checkins/bookmarkedpages?_t=rss HTTP/1.1" 200 7647 "-" "Micro.blog/1.0" 
173.230.155.197 - - [31/May/2020:08:47:10 -0700] "GET / HTTP/1.1" 200 56008 "-" "Mozilla/5.0 (Macintosh; Intel Mac OS X 10_12_1) AppleWebKit/537.36 (KHTML, like Gecko) Chrome/57.0.2987.133 Safari/537.36 p3k-http/0.1.5 p3k-watchtower/0.1" 
207.46.13.158 - - [31/May/2020:08:47:19 -0700] "GET /file/69247a0b18ecfc52098b83d8c25622a3/igGc7uKm.jpg HTTP/1.1" 200 79494 "-" "Mozilla/5.0 (compatible; bingbot/2.0; +http://www.bing.com/bingbot.htm)" 
77.88.5.71 - - [31/May/2020:08:48:01 -0700] "GET /robots.txt HTTP/1.1" 200 4593 "-" "Mozilla/5.0 (compatible; YandexBot/3.0; +http://yandex.com/bots)" 
77.88.5.71 - - [31/May/2020:08:48:05 -0700] "GET /file/46f5a367387d052e6a57c6f51c49fa77 HTTP/1.1" 304 3726 "-" "Mozilla/5.0 (compatible; YandexImages/3.0; +http://yandex.com/bots)" 
46.229.168.153 - - [31/May/2020:08:48:09 -0700] "GET /content/photos/?offset=45&q=%23%2B%23bread HTTP/1.1" 200 12082 "-" "Mozilla/5.0 (compatible; SemrushBot/6~bl; +http://www.semrush.com/bot.html)" 
207.5.160.195 - - [31/May/2020:08:48:37 -0700] "GET /robots.txt HTTP/1.0" 200 4509 "-" "WF search/Nutch-1.12" 
207.5.160.195 - - [31/May/2020:08:48:37 -0700] "GET /service/web/imageproxy/aHR0cHM6Ly9wYnMudHdpbWcuY29tL3Byb2ZpbGVfaW1hZ2VzLzQ3NTAzMjUxODExNTQ4MzY0OS9MdDVoZXNNVS5qcGVn/300/square HTTP/1.0" 500 4621 "-" "WF search/Nutch-1.12" 
66.249.66.50 - - [31/May/2020:08:48:43 -0700] "GET /robots.txt HTTP/1.1" 200 4613 "-" "Mozilla/5.0 (compatible; Googlebot/2.1; +http://www.google.com/bot.html)" 
66.249.66.50 - - [31/May/2020:08:48:43 -0700] "GET /content/all/?q=%23+%23174&_t=rss HTTP/1.1" 200 2501 "-" "Mozilla/5.0 (Linux; Android 6.0.1; Nexus 5X Build/MMB29P) AppleWebKit/537.36 (KHTML, like Gecko) Chrome/80.0.3987.92 Mobile Safari/537.36 (compatible; Googlebot/2.1; +http://www.google.com/bot.html)" 
46.229.168.151 - - [31/May/2020:08:49:10 -0700] "GET /2020/small-luxuries-make-a-big-difference-never-had-a-mnemosyne HTTP/1.1" 200 10342 "-" "Mozilla/5.0 (compatible; SemrushBot/6~bl; +http://www.semrush.com/bot.html)" 
157.55.39.237 - - [31/May/2020:08:50:31 -0700] "GET /2019/preparing-for-this-weeks-bake-of-super-seedy-just-one-of HTTP/1.1" 200 13948 "-" "Mozilla/5.0 (compatible; bingbot/2.0; +http://www.bing.com/bingbot.htm)" 
207.46.13.210 - - [31/May/2020:08:50:43 -0700] "GET /file/4f831b2e4cccdc80b1819a17e64a3753/thumb.jpg HTTP/1.1" 200 233235 "-" "Mozilla/5.0 (compatible; bingbot/2.0; +http://www.bing.com/bingbot.htm)" 
157.55.39.237 - - [31/May/2020:08:50:48 -0700] "GET /IdnoPlugins/Checkin/external/leaflet/leaflet.js HTTP/1.1" 200 37461 "-" "Mozilla/5.0 (compatible; bingbot/2.0; +http://www.bing.com/bingbot.htm)" 
45.79.26.51 - - [31/May/2020:08:51:20 -0700] "GET /content/statusupdates/posts/photos/checkins/bookmarkedpages?_t=rss HTTP/1.1" 200 7647 "-" "Micro.blog/1.0" 
46.229.168.161 - - [31/May/2020:08:51:58 -0700] "GET /?offset=138&q=%23indieweb HTTP/1.1" 200 10672 "-" "Mozilla/5.0 (compatible; SemrushBot/6~bl; +http://www.semrush.com/bot.html)" 
46.229.168.143 - - [31/May/2020:08:54:49 -0700] "GET /?offset=16&q=%23%2B%23%23bread HTTP/1.1" 200 12094 "-" "Mozilla/5.0 (compatible; SemrushBot/6~bl; +http://www.semrush.com/bot.html)" 
46.229.168.146 - - [31/May/2020:08:56:52 -0700] "GET /robots.txt HTTP/1.1" 200 4576 "-" "Mozilla/5.0 (compatible; SemrushBot/6~bl; +http://www.semrush.com/bot.html)" 
46.229.168.147 - - [31/May/2020:08:56:53 -0700] "GET /content/locations?offset=20 HTTP/1.1" 200 11039 "-" "Mozilla/5.0 (compatible; SemrushBot/6~bl; +http://www.semrush.com/bot.html)" 
46.229.168.136 - - [31/May/2020:08:58:01 -0700] "GET /content/posts/?q=%23Indieweb HTTP/1.1" 200 17594 "-" "Mozilla/5.0 (compatible; SemrushBot/6~bl; +http://www.semrush.com/bot.html)" 
46.229.168.147 - - [31/May/2020:08:58:08 -0700] "GET /content/audio/?q=%23graingathering2017 HTTP/1.1" 200 8541 "-" "Mozilla/5.0 (compatible; SemrushBot/6~bl; +http://www.semrush.com/bot.html)" 
64.111.100.215 - - [31/May/2020:08:58:08 -0700] "GET /content/all?_t=rss HTTP/1.1" 200 14451 "-" "Mozilla/5.0 (X11; U; Linux i686; fr; rv:1.9.1.1) Gecko/20090715 Firefox/3.5.1" 
66.249.66.48 - - [31/May/2020:08:58:11 -0700] "GET /?q=%23bread&offset=27&_t=rss HTTP/1.1" 200 9105 "-" "Mozilla/5.0 (Linux; Android 6.0.1; Nexus 5X Build/MMB29P) AppleWebKit/537.36 (KHTML, like Gecko) Chrome/80.0.3987.92 Mobile Safari/537.36 (compatible; Googlebot/2.1; +http://www.google.com/bot.html)" 
45.79.26.51 - - [31/May/2020:08:58:17 -0700] "GET /content/statusupdates/posts/photos/checkins/bookmarkedpages?_t=rss HTTP/1.1" 200 7647 "-" "Micro.blog/1.0" 
46.229.168.153 - - [31/May/2020:08:59:56 -0700] "GET /content/all/?offset=9&q=%23Sourdough HTTP/1.1" 200 12517 "-" "Mozilla/5.0 (compatible; SemrushBot/6~bl; +http://www.semrush.com/bot.html)" 
54.146.133.199 - - [31/May/2020:09:00:29 -0700] "GET /?_t=rss HTTP/1.1" 200 7177 "-" "glitch-feeder/1.0 (+https://glitch.com/~lmo-feeder)" 
46.229.168.141 - - [31/May/2020:09:01:01 -0700] "GET /content/statusupdates/?offset=4&q=%23%2B%23IndieWeb HTTP/1.1" 200 11640 "-" "Mozilla/5.0 (compatible; SemrushBot/6~bl; +http://www.semrush.com/bot.html)" 
46.229.168.151 - - [31/May/2020:09:01:04 -0700] "GET /2017/lookout-world-food-colinkhoury-talking-about-changingglobaldiets-website-on-the HTTP/1.1" 200 9924 "-" "Mozilla/5.0 (compatible; SemrushBot/6~bl; +http://www.semrush.com/bot.html)" 
207.46.13.210 - - [31/May/2020:09:01:18 -0700] "GET /2018/excellent-news-thanks-now-to-find-all?_t=rss HTTP/1.1" 200 5357 "-" "Mozilla/5.0 (compatible; bingbot/2.0; +http://www.bing.com/bingbot.htm)" 
207.46.13.210 - - [31/May/2020:09:02:24 -0700] "GET /2018/i-dont-follow-dave-winer-religiously-so HTTP/1.1" 200 10427 "-" "Mozilla/5.0 (compatible; bingbot/2.0; +http://www.bing.com/bingbot.htm)" 
46.229.168.140 - - [31/May/2020:09:02:43 -0700] "GET /2019/i-stopped-sharing-photo-posts-to-microblog HTTP/1.1" 200 10365 "-" "Mozilla/5.0 (compatible; SemrushBot/6~bl; +http://www.semrush.com/bot.html)" 
114.119.165.37 - - [31/May/2020:09:02:50 -0700] "GET /tag/rye?offset=0 HTTP/1.1" 200 12107 "-" "Mozilla/5.0 (Linux; Android 7.0;) AppleWebKit/537.36 (KHTML, like Gecko) Mobile Safari/537.36 (compatible; PetalBot;+https://aspiegel.com/petalbot)" 
46.229.168.147 - - [31/May/2020:09:03:50 -0700] "GET /content/bookmarkedpages/?offset=190 HTTP/1.1" 200 11034 "-" "Mozilla/5.0 (compatible; SemrushBot/6~bl; +http://www.semrush.com/bot.html)" 
66.249.66.48 - - [31/May/2020:09:06:16 -0700] "GET /content/statusupdates/?offset=209 HTTP/1.1" 200 11478 "-" "Mozilla/5.0 (Linux; Android 6.0.1; Nexus 5X Build/MMB29P) AppleWebKit/537.36 (KHTML, like Gecko) Chrome/80.0.3987.92 Mobile Safari/537.36 (compatible; Googlebot/2.1; +http://www.google.com/bot.html)" 
167.172.118.185 - - [31/May/2020:09:06:17 -0700] "GET /?_t=rss HTTP/1.1" 304 3475 "-" "Feedbin feed-id:1536727 - 1 subscribers" 
66.249.66.44 - - [31/May/2020:09:07:39 -0700] "GET /content/posts/?q=%23+%23cooking&_t=rss HTTP/1.1" 200 5501 "-" "Mozilla/5.0 (Linux; Android 6.0.1; Nexus 5X Build/MMB29P) AppleWebKit/537.36 (KHTML, like Gecko) Chrome/80.0.3987.92 Mobile Safari/537.36 (compatible; Googlebot/2.1; +http://www.google.com/bot.html)" 
46.229.168.129 - - [31/May/2020:09:09:04 -0700] "GET /tag/podcast?offset=11 HTTP/1.1" 200 12116 "-" "Mozilla/5.0 (compatible; SemrushBot/6~bl; +http://www.semrush.com/bot.html)" 
46.229.168.150 - - [31/May/2020:09:09:29 -0700] "GET /content/statusupdates/?offset=1&q=%23indieweb HTTP/1.1" 200 11747 "-" "Mozilla/5.0 (compatible; SemrushBot/6~bl; +http://www.semrush.com/bot.html)" 
46.229.168.162 - - [31/May/2020:09:09:33 -0700] "GET /tag/bread?offset=61 HTTP/1.1" 200 12128 "-" "Mozilla/5.0 (compatible; SemrushBot/6~bl; +http://www.semrush.com/bot.html)" 
46.229.168.163 - - [31/May/2020:09:09:48 -0700] "GET /content/photos/?offset=50&q=%23%2B%23sourdough HTTP/1.1" 200 9632 "-" "Mozilla/5.0 (compatible; SemrushBot/6~bl; +http://www.semrush.com/bot.html)" 
77.88.5.115 - - [31/May/2020:09:09:48 -0700] "GET /robots.txt HTTP/1.1" 200 4593 "-" "Mozilla/5.0 (compatible; YandexBot/3.0; +http://yandex.com/bots)" 
77.88.5.115 - - [31/May/2020:09:09:53 -0700] "GET /content/rsvp/?q=%23earbudsfood HTTP/1.1" 200 8539 "-" "Mozilla/5.0 (compatible; YandexBot/3.0; +http://yandex.com/bots)" 
46.229.168.137 - - [31/May/2020:09:11:36 -0700] "GET /content/all/?offset=0&q=%23leaven HTTP/1.1" 200 12786 "-" "Mozilla/5.0 (compatible; SemrushBot/6~bl; +http://www.semrush.com/bot.html)" 
96.126.125.129 - - [31/May/2020:09:12:12 -0700] "GET /content/statusupdates/posts/photos/checkins/bookmarkedpages?_t=rss HTTP/1.1" 200 7652 "-" "Micro.blog/1.0" 
46.229.168.141 - - [31/May/2020:09:12:32 -0700] "GET /tag/Sourdough?offset=9 HTTP/1.1" 200 12469 "-" "Mozilla/5.0 (compatible; SemrushBot/6~bl; +http://www.semrush.com/bot.html)" 
46.229.168.153 - - [31/May/2020:09:13:04 -0700] "GET /content/all/?offset=7&q=%23%2B%23WithKnown HTTP/1.1" 200 11117 "-" "Mozilla/5.0 (compatible; SemrushBot/6~bl; +http://www.semrush.com/bot.html)" 
64.111.100.215 - - [31/May/2020:09:13:30 -0700] "GET /content/all?_t=rss HTTP/1.1" 200 14451 "-" "Mozilla/5.0 (X11; U; Linux i686; fr; rv:1.9.1.1) Gecko/20090715 Firefox/3.5.1" 
157.55.39.237 - - [31/May/2020:09:14:12 -0700] "GET /2018/kongaloosh-1?_t=rss HTTP/1.1" 200 5326 "-" "Mozilla/5.0 (compatible; bingbot/2.0; +http://www.bing.com/bingbot.htm)" 
114.119.165.105 - - [31/May/2020:09:14:54 -0700] "GET /tag/Indieweb?offset=0 HTTP/1.1" 200 14749 "-" "Mozilla/5.0 (Linux; Android 7.0;) AppleWebKit/537.36 (KHTML, like Gecko) Mobile Safari/537.36 (compatible; PetalBot;+https://aspiegel.com/petalbot)" 
46.229.168.142 - - [31/May/2020:09:15:08 -0700] "GET /2017/in-so-many-respects-marijuana-is-a-mirror-of-food HTTP/1.1" 200 9955 "-" "Mozilla/5.0 (compatible; SemrushBot/6~bl; +http://www.semrush.com/bot.html)" 
46.229.168.145 - - [31/May/2020:09:15:22 -0700] "GET /content/all/?offset=55&q=%23podcast HTTP/1.1" 200 9278 "-" "Mozilla/5.0 (compatible; SemrushBot/6~bl; +http://www.semrush.com/bot.html)" 
207.46.13.158 - - [31/May/2020:09:15:35 -0700] "GET /?offset=10 HTTP/1.1" 200 11923 "-" "Mozilla/5.0 (compatible; bingbot/2.0; +http://www.bing.com/bingbot.htm)" 
45.79.26.51 - - [31/May/2020:09:15:47 -0700] "GET /content/statusupdates/posts/photos/checkins/bookmarkedpages?_t=rss HTTP/1.1" 200 7647 "-" "Micro.blog/1.0" 
66.249.66.44 - - [31/May/2020:09:17:07 -0700] "GET /robots.txt HTTP/1.1" 200 4589 "-" "Mozilla/5.0 (compatible; Googlebot/2.1; +http://www.google.com/bot.html)" 
66.249.66.44 - - [31/May/2020:09:17:08 -0700] "GET /2017/when-you-forget-that-the-person-youre-cooking-for-doesnt?_t=rss HTTP/1.1" 200 5594 "-" "Mozilla/5.0 (Linux; Android 6.0.1; Nexus 5X Build/MMB29P) AppleWebKit/537.36 (KHTML, like Gecko) Chrome/80.0.3987.92 Mobile Safari/537.36 (compatible; Googlebot/2.1; +http://www.google.com/bot.html)" 
99.203.92.244 - - [31/May/2020:09:17:27 -0700] "GET /file/ef801e05730eba56004c5b712ad84731/thumb.jpg HTTP/1.1" 200 26069 "https://fogknife.com/2019-09-26-lets-rename-the-7-minute-workout-to-the-klika-jordan-workout.html" "Mozilla/5.0 (Linux; Android 9; LM-Q720) AppleWebKit/537.36 (KHTML, like Gecko) Chrome/80.0.3987.149 Mobile Safari/537.36" 
46.229.168.133 - - [31/May/2020:09:17:55 -0700] "GET /2018/-3 HTTP/1.1" 200 9448 "-" "Mozilla/5.0 (compatible; SemrushBot/6~bl; +http://www.semrush.com/bot.html)" 
46.229.168.150 - - [31/May/2020:09:18:08 -0700] "GET /content/photos/?offset=16&q=%23bread HTTP/1.1" 200 12448 "-" "Mozilla/5.0 (compatible; SemrushBot/6~bl; +http://www.semrush.com/bot.html)" 
46.229.168.161 - - [31/May/2020:09:18:08 -0700] "GET /content/all/?offset=80&q=%23%2B%23IndieWeb HTTP/1.1" 200 13829 "-" "Mozilla/5.0 (compatible; SemrushBot/6~bl; +http://www.semrush.com/bot.html)" 
46.229.168.140 - - [31/May/2020:09:18:37 -0700] "GET /2019/so-gratifying-when-people-get-stuck-right-in-this-time HTTP/1.1" 200 13238 "-" "Mozilla/5.0 (compatible; SemrushBot/6~bl; +http://www.semrush.com/bot.html)" 
46.229.168.143 - - [31/May/2020:09:18:38 -0700] "GET /content/locations/?q=%23%2B%23Rome HTTP/1.1" 200 9903 "-" "Mozilla/5.0 (compatible; SemrushBot/6~bl; +http://www.semrush.com/bot.html)" 
46.229.168.144 - - [31/May/2020:09:18:55 -0700] "GET /2019/maybe-its-just-me-kewgardens-but-i HTTP/1.1" 200 10620 "-" "Mozilla/5.0 (compatible; SemrushBot/6~bl; +http://www.semrush.com/bot.html)" 
46.229.168.152 - - [31/May/2020:09:18:55 -0700] "GET /?offset=87&q=%23indieweb HTTP/1.1" 200 15943 "-" "Mozilla/5.0 (compatible; SemrushBot/6~bl; +http://www.semrush.com/bot.html)" 
45.79.26.51 - - [31/May/2020:09:20:33 -0700] "GET /content/statusupdates/posts/photos/checkins/bookmarkedpages?_t=rss HTTP/1.1" 200 7647 "-" "Micro.blog/1.0" 
46.229.168.143 - - [31/May/2020:09:20:43 -0700] "GET /2017/testing-syndication-from-quill-indieweb HTTP/1.1" 200 9431 "-" "Mozilla/5.0 (compatible; SemrushBot/6~bl; +http://www.semrush.com/bot.html)" 
52.70.240.76 - - [31/May/2020:09:21:56 -0700] "GET /feed/ HTTP/1.1" 304 3480 "https://www.google.com/" "Mozilla/5.0 (Windows NT 10.0; rv:68.0) Gecko/20100101 Firefox/68.0" 
46.229.168.148 - - [31/May/2020:09:21:58 -0700] "GET /content/all/?offset=50&q=%23%2B%23podcast HTTP/1.1" 200 12525 "-" "Mozilla/5.0 (compatible; SemrushBot/6~bl; +http://www.semrush.com/bot.html)" 
46.229.168.136 - - [31/May/2020:09:23:31 -0700] "GET /content/events/?q=%23indiewebcitizen HTTP/1.1" 200 8507 "-" "Mozilla/5.0 (compatible; SemrushBot/6~bl; +http://www.semrush.com/bot.html)" 
47.75.92.24 - - [31/May/2020:09:24:27 -0700] "GET /xmlrpc.php HTTP/1.1" 404 7836 "-" "Mozilla/5.0 (Windows NT 6.1; WOW64; rv:45.0) Gecko/20100101 Firefox/45.0" 
46.229.168.161 - - [31/May/2020:09:24:41 -0700] "GET /content/all/?offset=34&q=%23WithKnown HTTP/1.1" 200 11797 "-" "Mozilla/5.0 (compatible; SemrushBot/6~bl; +http://www.semrush.com/bot.html)" 
45.79.26.51 - - [31/May/2020:09:25:42 -0700] "GET /content/statusupdates/posts/photos/checkins/bookmarkedpages?_t=rss HTTP/1.1" 200 7647 "-" "Micro.blog/1.0" 
46.229.168.144 - - [31/May/2020:09:25:59 -0700] "GET /content/statusupdates/?q=%23%2B%23rustic HTTP/1.1" 200 8545 "-" "Mozilla/5.0 (compatible; SemrushBot/6~bl; +http://www.semrush.com/bot.html)" 
46.229.168.139 - - [31/May/2020:09:26:02 -0700] "GET /2019/we-built-a-legal-facial-recognition-machine-for-60-theoretica HTTP/1.1" 200 9663 "-" "Mozilla/5.0 (compatible; SemrushBot/6~bl; +http://www.semrush.com/bot.html)" 
66.249.66.50 - - [31/May/2020:09:26:37 -0700] "GET /content/all/?offset=1102&_t=amp HTTP/1.1" 200 12329 "-" "Mozilla/5.0 (Linux; Android 6.0.1; Nexus 5X Build/MMB29P) AppleWebKit/537.36 (KHTML, like Gecko) Chrome/80.0.3987.92 Mobile Safari/537.36 (compatible; Googlebot/2.1; +http://www.google.com/bot.html)" 
66.249.66.50 - - [31/May/2020:09:26:39 -0700] "GET /service/web/unfurl/?url=http%3A%2F%2Fmemex.naughtons.org%2Farchives%2F2018%2F08%2F16%2F25929&__bTk=eaac90559b759ea7ae377bf516368bbfcdb0ae6c84f19a55d89e917d304eae91&__bTs=1588896000 HTTP/1.1" 403 4651 "https://www.stream.jeremycherfas.net/content/all/?offset=1102&_t=amp" "Mozilla/5.0 (Linux; Android 6.0.1; Nexus 5X Build/MMB29P) AppleWebKit/537.36 (KHTML, like Gecko) Chrome/81.0.4044.108 Mobile Safari/537.36 (compatible; Googlebot/2.1; +http://www.google.com/bot.html)" 
66.249.66.50 - - [31/May/2020:09:26:40 -0700] "GET /service/web/unfurl/?url=http%3A%2F%2Fmemex.naughtons.org%2Farchives%2F2018%2F08%2F16%2F25929&__bTk=eaac90559b759ea7ae377bf516368bbfcdb0ae6c84f19a55d89e917d304eae91&__bTs=1590233296 HTTP/1.1" 403 1334 "https://www.stream.jeremycherfas.net/content/all/?offset=1102&_t=amp" "Mozilla/5.0 (Linux; Android 6.0.1; Nexus 5X Build/MMB29P) AppleWebKit/537.36 (KHTML, like Gecko) Chrome/81.0.4044.108 Mobile Safari/537.36 (compatible; Googlebot/2.1; +http://www.google.com/bot.html)" 
114.119.165.105 - - [31/May/2020:09:26:55 -0700] "GET /tag/failedbread HTTP/1.1" 200 9136 "-" "Mozilla/5.0 (Linux; Android 7.0;) AppleWebKit/537.36 (KHTML, like Gecko) Mobile Safari/537.36 (compatible; PetalBot;+https://aspiegel.com/petalbot)" 
46.229.168.145 - - [31/May/2020:09:27:26 -0700] "GET /content/all/?offset=32&q=%23%2B%23podcast HTTP/1.1" 200 13942 "-" "Mozilla/5.0 (compatible; SemrushBot/6~bl; +http://www.semrush.com/bot.html)" 
46.229.168.152 - - [31/May/2020:09:27:43 -0700] "GET /2018/blimey-i-just-started-another-coursera-offering-this-morning-and HTTP/1.1" 200 9931 "-" "Mozilla/5.0 (compatible; SemrushBot/6~bl; +http://www.semrush.com/bot.html)" 
64.111.100.215 - - [31/May/2020:09:28:31 -0700] "GET /content/all?_t=rss HTTP/1.1" 200 14451 "-" "Mozilla/5.0 (X11; U; Linux i686; fr; rv:1.9.1.1) Gecko/20090715 Firefox/3.5.1" 
54.36.148.88 - - [31/May/2020:09:28:43 -0700] "GET /2018/three-things-about-readers-during-indiewebcamp-n%C3%BCrnberg HTTP/1.1" 200 9373 "-" "Mozilla/5.0 (compatible; AhrefsBot/6.1; +http://ahrefs.com/robot/)" 
46.229.168.163 - - [31/May/2020:09:28:50 -0700] "GET /tag/indieweb?offset=54 HTTP/1.1" 200 13419 "-" "Mozilla/5.0 (compatible; SemrushBot/6~bl; +http://www.semrush.com/bot.html)" 
46.229.168.134 - - [31/May/2020:09:29:36 -0700] "GET /robots.txt HTTP/1.1" 200 4552 "-" "Mozilla/5.0 (compatible; SemrushBot/6~bl; +http://www.semrush.com/bot.html)" 
46.229.168.162 - - [31/May/2020:09:29:36 -0700] "GET /?offset=130 HTTP/1.1" 200 11062 "-" "Mozilla/5.0 (compatible; SemrushBot/6~bl; +http://www.semrush.com/bot.html)" 
46.229.168.140 - - [31/May/2020:09:29:38 -0700] "GET /2019/the-future-book-is-here-but-its-not-what-we HTTP/1.1" 200 9667 "-" "Mozilla/5.0 (compatible; SemrushBot/6~bl; +http://www.semrush.com/bot.html)" 
46.229.168.145 - - [31/May/2020:09:29:39 -0700] "GET /content/all/?offset=20&q=%23Indieweb HTTP/1.1" 200 11523 "-" "Mozilla/5.0 (compatible; SemrushBot/6~bl; +http://www.semrush.com/bot.html)" 
45.79.26.51 - - [31/May/2020:09:30:29 -0700] "GET /content/statusupdates/posts/photos/checkins/bookmarkedpages?_t=rss HTTP/1.1" 200 7647 "-" "Micro.blog/1.0" 
54.210.190.78 - - [31/May/2020:09:30:57 -0700] "GET /?_t=rss HTTP/1.1" 200 7177 "-" "glitch-feeder/1.0 (+https://glitch.com/~lmo-feeder)" 
46.229.168.129 - - [31/May/2020:09:31:39 -0700] "GET /content/photos/?offset=17&q=%23sourdough HTTP/1.1" 200 11835 "-" "Mozilla/5.0 (compatible; SemrushBot/6~bl; +http://www.semrush.com/bot.html)" 
46.229.168.162 - - [31/May/2020:09:31:45 -0700] "GET /content/photos/?offset=13&q=%23%2B%23rye HTTP/1.1" 200 11756 "-" "Mozilla/5.0 (compatible; SemrushBot/6~bl; +http://www.semrush.com/bot.html)" 
46.229.168.149 - - [31/May/2020:09:31:59 -0700] "GET /content/posts?offset=75 HTTP/1.1" 200 13557 "-" "Mozilla/5.0 (compatible; SemrushBot/6~bl; +http://www.semrush.com/bot.html)" 
207.46.13.158 - - [31/May/2020:09:32:51 -0700] "GET /2019/having-a-fun-time-thinking-about-hot HTTP/1.1" 200 10142 "-" "Mozilla/5.0 (compatible; bingbot/2.0; +http://www.bing.com/bingbot.htm)" 
46.229.168.132 - - [31/May/2020:09:32:52 -0700] "GET /?offset=50&q=%23bread HTTP/1.1" 200 12683 "-" "Mozilla/5.0 (compatible; SemrushBot/6~bl; +http://www.semrush.com/bot.html)" 
114.119.165.105 - - [31/May/2020:09:32:54 -0700] "GET /tag/Sourdough?offset=30 HTTP/1.1" 200 11248 "-" "Mozilla/5.0 (Linux; Android 7.0;) AppleWebKit/537.36 (KHTML, like Gecko) Mobile Safari/537.36 (compatible; PetalBot;+https://aspiegel.com/petalbot)" 
