46.229.168.145 - - [02/Jun/2020:03:06:48 -0700] "GET /?offset=87&q=%23%2B%23indieweb HTTP/1.1" 200 15860 "-" "Mozilla/5.0 (compatible; SemrushBot/6~bl; +http://www.semrush.com/bot.html)" 
46.229.168.145 - - [02/Jun/2020:03:06:51 -0700] "GET /2020/i-read-both-of-the-pieces-chris HTTP/1.1" 200 9670 "-" "Mozilla/5.0 (compatible; SemrushBot/6~bl; +http://www.semrush.com/bot.html)" 
46.229.168.133 - - [02/Jun/2020:03:06:53 -0700] "GET /content/events/?q=%23%2B%23bigbake HTTP/1.1" 200 8536 "-" "Mozilla/5.0 (compatible; SemrushBot/6~bl; +http://www.semrush.com/bot.html)" 
46.229.168.150 - - [02/Jun/2020:03:07:54 -0700] "GET /?offset=137&q=%23indieweb HTTP/1.1" 200 11174 "-" "Mozilla/5.0 (compatible; SemrushBot/6~bl; +http://www.semrush.com/bot.html)" 
46.229.168.141 - - [02/Jun/2020:03:08:01 -0700] "GET /content/bookmarkedpages/?q=%23%2B%23podcast HTTP/1.1" 200 12974 "-" "Mozilla/5.0 (compatible; SemrushBot/6~bl; +http://www.semrush.com/bot.html)" 
46.229.168.135 - - [02/Jun/2020:03:08:16 -0700] "GET /2018/forget-nature-versus-nurture-nature-has-won---quillette HTTP/1.1" 200 9634 "-" "Mozilla/5.0 (compatible; SemrushBot/6~bl; +http://www.semrush.com/bot.html)" 
45.79.26.51 - - [02/Jun/2020:03:08:53 -0700] "GET /content/statusupdates/posts/photos/checkins/bookmarkedpages?_t=rss HTTP/1.1" 200 7647 "-" "Micro.blog/1.0" 
114.119.165.105 - - [02/Jun/2020:03:09:04 -0700] "GET /tag/2 HTTP/1.1" 200 9843 "-" "Mozilla/5.0 (Linux; Android 7.0;) AppleWebKit/537.36 (KHTML, like Gecko) Mobile Safari/537.36 (compatible; PetalBot;+https://aspiegel.com/petalbot)" 
64.111.100.215 - - [02/Jun/2020:03:09:37 -0700] "GET /content/all?_t=rss HTTP/1.1" 200 14451 "-" "Mozilla/5.0 (X11; U; Linux i686; fr; rv:1.9.1.1) Gecko/20090715 Firefox/3.5.1" 
46.229.168.162 - - [02/Jun/2020:03:10:11 -0700] "GET /content/all/?offset=137&q=%23IndieWeb HTTP/1.1" 200 11242 "-" "Mozilla/5.0 (compatible; SemrushBot/6~bl; +http://www.semrush.com/bot.html)" 
46.229.168.142 - - [02/Jun/2020:03:10:17 -0700] "GET /content/all/?q=%23quill HTTP/1.1" 200 14017 "-" "Mozilla/5.0 (compatible; SemrushBot/6~bl; +http://www.semrush.com/bot.html)" 
54.36.148.240 - - [02/Jun/2020:03:10:44 -0700] "GET /file/dad53744bc56216def526e35eb39d7dc/f611216223ce0a165b7445cccb71c63e HTTP/1.1" 500 125745 "-" "Mozilla/5.0 (compatible; AhrefsBot/6.1; +http://ahrefs.com/robot/)" 
167.172.219.252 - - [02/Jun/2020:03:11:47 -0700] "GET /?_t=rss HTTP/1.1" 304 3475 "-" "Feedbin feed-id:1536727 - 1 subscribers" 
96.126.125.129 - - [02/Jun/2020:03:12:29 -0700] "GET /content/statusupdates/posts/photos/checkins/bookmarkedpages?_t=rss HTTP/1.1" 200 7652 "-" "Micro.blog/1.0" 
66.249.66.44 - - [02/Jun/2020:03:12:41 -0700] "GET /robots.txt HTTP/1.1" 200 4589 "-" "Mozilla/5.0 (compatible; Googlebot/2.1; +http://www.google.com/bot.html)" 
66.249.66.46 - - [02/Jun/2020:03:12:41 -0700] "GET /content/all/?q=%23+%23WithKnown&offset=55&_t=rss HTTP/1.1" 200 5458 "-" "Mozilla/5.0 (Linux; Android 6.0.1; Nexus 5X Build/MMB29P) AppleWebKit/537.36 (KHTML, like Gecko) Chrome/80.0.3987.92 Mobile Safari/537.36 (compatible; Googlebot/2.1; +http://www.google.com/bot.html)" 
46.229.168.144 - - [02/Jun/2020:03:13:54 -0700] "GET /2019/the-joys-of-flaneuring-the-food-archive HTTP/1.1" 200 9628 "-" "Mozilla/5.0 (compatible; SemrushBot/6~bl; +http://www.semrush.com/bot.html)" 
114.119.160.143 - - [02/Jun/2020:03:14:31 -0700] "GET /content/all?q=%23sourdough&offset=10 HTTP/1.1" 200 12148 "-" "Mozilla/5.0 (Linux; Android 7.0;) AppleWebKit/537.36 (KHTML, like Gecko) Mobile Safari/537.36 (compatible; PetalBot;+https://aspiegel.com/petalbot)" 
18.234.246.250 - - [02/Jun/2020:03:15:27 -0700] "GET /content/all?_t=rss HTTP/1.1" 304 3480 "https://www.google.com/" "Mozilla/5.0 (X11; Linux x86_64) AppleWebKit/537.36 (KHTML, like Gecko) Chrome/79.0.3945.130 Safari/537.36" 
45.79.26.51 - - [02/Jun/2020:03:16:19 -0700] "GET /content/statusupdates/posts/photos/checkins/bookmarkedpages?_t=rss HTTP/1.1" 200 7647 "-" "Micro.blog/1.0" 
46.229.168.163 - - [02/Jun/2020:03:17:07 -0700] "GET /?offset=64&q=%23%2B%23%23bread HTTP/1.1" 200 12332 "-" "Mozilla/5.0 (compatible; SemrushBot/6~bl; +http://www.semrush.com/bot.html)" 
46.229.168.145 - - [02/Jun/2020:03:17:13 -0700] "GET /content/all/?offset=136&q=%23indieweb HTTP/1.1" 200 11537 "-" "Mozilla/5.0 (compatible; SemrushBot/6~bl; +http://www.semrush.com/bot.html)" 
46.229.168.147 - - [02/Jun/2020:03:18:22 -0700] "GET /robots.txt HTTP/1.1" 200 4576 "-" "Mozilla/5.0 (compatible; SemrushBot/6~bl; +http://www.semrush.com/bot.html)" 
46.229.168.140 - - [02/Jun/2020:03:18:22 -0700] "GET /?offset=40 HTTP/1.1" 200 11209 "-" "Mozilla/5.0 (compatible; SemrushBot/6~bl; +http://www.semrush.com/bot.html)" 
46.229.168.145 - - [02/Jun/2020:03:19:40 -0700] "GET /content/audio/?q=%23%2B%23multigrain HTTP/1.1" 200 8512 "-" "Mozilla/5.0 (compatible; SemrushBot/6~bl; +http://www.semrush.com/bot.html)" 
114.119.166.46 - - [02/Jun/2020:03:19:54 -0700] "GET /file/7194213557269f1714764f971598ba10 HTTP/1.1" 200 8226 "-" "Mozilla/5.0 (Linux; Android 7.0;) AppleWebKit/537.36 (KHTML, like Gecko) Mobile Safari/537.36 (compatible; PetalBot;+https://aspiegel.com/petalbot)" 
66.249.66.44 - - [02/Jun/2020:03:20:07 -0700] "GET /?offset=1687&_t=amp HTTP/1.1" 200 11463 "-" "Mozilla/5.0 (Linux; Android 6.0.1; Nexus 5X Build/MMB29P) AppleWebKit/537.36 (KHTML, like Gecko) Chrome/80.0.3987.92 Mobile Safari/537.36 (compatible; Googlebot/2.1; +http://www.google.com/bot.html)" 
46.229.168.154 - - [02/Jun/2020:03:20:15 -0700] "GET /content/photos/?offset=30&q=%23sourdough HTTP/1.1" 200 11418 "-" "Mozilla/5.0 (compatible; SemrushBot/6~bl; +http://www.semrush.com/bot.html)" 
46.229.168.161 - - [02/Jun/2020:03:20:38 -0700] "GET /content/photos/?offset=40 HTTP/1.1" 200 10605 "-" "Mozilla/5.0 (compatible; SemrushBot/6~bl; +http://www.semrush.com/bot.html)" 
46.229.168.129 - - [02/Jun/2020:03:21:21 -0700] "GET /?offset=15&q=%23%2B%23sourdough HTTP/1.1" 200 12037 "-" "Mozilla/5.0 (compatible; SemrushBot/6~bl; +http://www.semrush.com/bot.html)" 
96.126.125.129 - - [02/Jun/2020:03:21:36 -0700] "GET /content/statusupdates/posts/photos/checkins/bookmarkedpages?_t=rss HTTP/1.1" 200 7652 "-" "Micro.blog/1.0" 
46.229.168.162 - - [02/Jun/2020:03:21:51 -0700] "GET /tag/bread?offset=69 HTTP/1.1" 200 12229 "-" "Mozilla/5.0 (compatible; SemrushBot/6~bl; +http://www.semrush.com/bot.html)" 
66.249.66.46 - - [02/Jun/2020:03:21:53 -0700] "GET /2017/checked-into-il-vinaietto HTTP/1.1" 304 3742 "-" "Mozilla/5.0 (Linux; Android 6.0.1; Nexus 5X Build/MMB29P) AppleWebKit/537.36 (KHTML, like Gecko) Chrome/80.0.3987.92 Mobile Safari/537.36 (compatible; Googlebot/2.1; +http://www.google.com/bot.html)" 
162.247.74.204 - - [02/Jun/2020:03:22:06 -0700] "GET /wp-admin/admin-ajax.php?action=revslider_show_image&img=../wp-config.php HTTP/1.1" 418 3813 "stream.jeremycherfas.net" "Opera/9.64 (X11; Linux i686; U; Linux Mint; nb) Presto/2.1.1" 
66.249.66.48 - - [02/Jun/2020:03:22:09 -0700] "GET /content/all?offset=1831 HTTP/1.1" 200 11855 "-" "Mozilla/5.0 (Linux; Android 6.0.1; Nexus 5X Build/MMB29P) AppleWebKit/537.36 (KHTML, like Gecko) Chrome/80.0.3987.92 Mobile Safari/537.36 (compatible; Googlebot/2.1; +http://www.google.com/bot.html)" 
107.189.10.226 - - [02/Jun/2020:03:22:10 -0700] "GET /wp-config.php.1 HTTP/1.1" 418 3813 "stream.jeremycherfas.net" "Mozilla/5.0 (X11; Linux x86_64) AppleWebKit/537.36 (KHTML, like Gecko) Chrome/64.0.3282.119 Safari/537.36" 
66.249.66.44 - - [02/Jun/2020:03:22:13 -0700] "GET /service/web/unfurl/?url=https%3A%2F%2Fwww.jeremycherfas.net%2Fblog%2Fscicomm-what-is-it-good-for&__bTk=9589125b0b635ea8ecadbc9dd50b5f9dd07da9556f1bb1175ea55912d813b26c&__bTs=1588896000 HTTP/1.1" 403 4631 "https://stream.jeremycherfas.net/content/all?offset=1831" "Mozilla/5.0 (Linux; Android 6.0.1; Nexus 5X Build/MMB29P) AppleWebKit/537.36 (KHTML, like Gecko) Chrome/81.0.4044.108 Mobile Safari/537.36 (compatible; Googlebot/2.1; +http://www.google.com/bot.html)" 
66.249.66.46 - - [02/Jun/2020:03:22:14 -0700] "GET /service/web/unfurl/?url=https%3A%2F%2Fwww.wired.com%2F2017%2F08%2Finstagram-kevin-systrom-wants-to-clean-up-the-internet&__bTk=9589125b0b635ea8ecadbc9dd50b5f9dd07da9556f1bb1175ea55912d813b26c&__bTs=1588896000 HTTP/1.1" 403 4655 "https://stream.jeremycherfas.net/content/all?offset=1831" "Mozilla/5.0 (Linux; Android 6.0.1; Nexus 5X Build/MMB29P) AppleWebKit/537.36 (KHTML, like Gecko) Chrome/81.0.4044.108 Mobile Safari/537.36 (compatible; Googlebot/2.1; +http://www.google.com/bot.html)" 
66.249.66.46 - - [02/Jun/2020:03:22:14 -0700] "GET /service/web/unfurl/?url=https%3A%2F%2Ffivethirtyeight.com%2Ffeatures%2Fcharlottesville-and-the-rise-of-white-identity-politics%2F&__bTk=9589125b0b635ea8ecadbc9dd50b5f9dd07da9556f1bb1175ea55912d813b26c&__bTs=1588896000 HTTP/1.1" 403 1347 "https://stream.jeremycherfas.net/content/all?offset=1831" "Mozilla/5.0 (Linux; Android 6.0.1; Nexus 5X Build/MMB29P) AppleWebKit/537.36 (KHTML, like Gecko) Chrome/81.0.4044.108 Mobile Safari/537.36 (compatible; Googlebot/2.1; +http://www.google.com/bot.html)" 
66.249.66.44 - - [02/Jun/2020:03:22:15 -0700] "GET /service/web/unfurl/?url=https%3A%2F%2Fwww.jeremycherfas.net%2Fblog%2Fscicomm-what-is-it-good-for&__bTk=9589125b0b635ea8ecadbc9dd50b5f9dd07da9556f1bb1175ea55912d813b26c&__bTs=1589291460 HTTP/1.1" 403 4631 "https://stream.jeremycherfas.net/content/all?offset=1831" "Mozilla/5.0 (Linux; Android 6.0.1; Nexus 5X Build/MMB29P) AppleWebKit/537.36 (KHTML, like Gecko) Chrome/81.0.4044.108 Mobile Safari/537.36 (compatible; Googlebot/2.1; +http://www.google.com/bot.html)" 
66.249.66.46 - - [02/Jun/2020:03:22:16 -0700] "GET /service/web/unfurl/?url=https%3A%2F%2Fwww.wired.com%2F2017%2F08%2Finstagram-kevin-systrom-wants-to-clean-up-the-internet&__bTk=9589125b0b635ea8ecadbc9dd50b5f9dd07da9556f1bb1175ea55912d813b26c&__bTs=1589291460 HTTP/1.1" 403 4655 "https://stream.jeremycherfas.net/content/all?offset=1831" "Mozilla/5.0 (Linux; Android 6.0.1; Nexus 5X Build/MMB29P) AppleWebKit/537.36 (KHTML, like Gecko) Chrome/81.0.4044.108 Mobile Safari/537.36 (compatible; Googlebot/2.1; +http://www.google.com/bot.html)" 
66.249.66.44 - - [02/Jun/2020:03:22:16 -0700] "GET /service/web/unfurl/?url=https%3A%2F%2Ffivethirtyeight.com%2Ffeatures%2Fcharlottesville-and-the-rise-of-white-identity-politics%2F&__bTk=9589125b0b635ea8ecadbc9dd50b5f9dd07da9556f1bb1175ea55912d813b26c&__bTs=1589291460 HTTP/1.1" 403 1347 "https://stream.jeremycherfas.net/content/all?offset=1831" "Mozilla/5.0 (Linux; Android 6.0.1; Nexus 5X Build/MMB29P) AppleWebKit/537.36 (KHTML, like Gecko) Chrome/81.0.4044.108 Mobile Safari/537.36 (compatible; Googlebot/2.1; +http://www.google.com/bot.html)" 
185.220.101.134 - - [02/Jun/2020:03:22:18 -0700] "GET /wp-config.php.swp HTTP/1.1" 418 3813 "stream.jeremycherfas.net" "Mozilla/5.0 (Linux; U; Android 4.1.2; en-us; LG-P870/P87020d Build/JZO54K) AppleWebKit/534.30 (KHTML, like Gecko) Version/4.0 Mobile Safari/534.30" 
185.220.101.168 - - [02/Jun/2020:03:22:28 -0700] "GET /wp-config.php.disabled HTTP/1.1" 418 3813 "stream.jeremycherfas.net" "Mozilla/5.0 (Linux; Android 8.0.0; SM-T820) AppleWebKit/537.36 (KHTML, like Gecko) Chrome/76.0.3809.89 Safari/537.36" 
46.229.168.134 - - [02/Jun/2020:03:22:28 -0700] "GET /file/979e02c81af4cd7f156a90921c215dcf/e46bea38b3e1dda3a09522cb9b1eccb3 HTTP/1.1" 200 194416 "-" "Mozilla/5.0 (compatible; SemrushBot/6~bl; +http://www.semrush.com/bot.html)" 
185.220.101.4 - - [02/Jun/2020:03:22:55 -0700] "GET /wp-config.php.new HTTP/1.1" 418 3813 "stream.jeremycherfas.net" "Mozilla/5.0 (Linux; Android 7.0; Alcatel_5044R) AppleWebKit/537.36 (KHTML, like Gecko) Chrome/76.0.3809.111 Mobile Safari/537.36" 
95.211.230.211 - - [02/Jun/2020:03:23:06 -0700] "GET /wp-config.php.old HTTP/1.1" 418 3813 "stream.jeremycherfas.net" "Mozilla/5.0 (Linux; Android 9; Pixel 3a) AppleWebKit/537.36 (KHTML, like Gecko) Chrome/76.0.3809.111 Mobile Safari/537.36" 
46.229.168.146 - - [02/Jun/2020:03:23:57 -0700] "GET /tag/podcast HTTP/1.1" 200 12570 "-" "Mozilla/5.0 (compatible; SemrushBot/6~bl; +http://www.semrush.com/bot.html)" 
46.229.168.137 - - [02/Jun/2020:03:24:00 -0700] "GET /content/all/?q=%23diet HTTP/1.1" 200 9104 "-" "Mozilla/5.0 (compatible; SemrushBot/6~bl; +http://www.semrush.com/bot.html)" 
64.111.100.215 - - [02/Jun/2020:03:24:41 -0700] "GET /content/all?_t=rss HTTP/1.1" 200 14451 "-" "Mozilla/5.0 (X11; U; Linux i686; fr; rv:1.9.1.1) Gecko/20090715 Firefox/3.5.1" 
77.88.5.71 - - [02/Jun/2020:03:25:18 -0700] "GET /robots.txt HTTP/1.1" 200 4593 "-" "Mozilla/5.0 (compatible; YandexBot/3.0; +http://yandex.com/bots)" 
96.126.125.129 - - [02/Jun/2020:03:25:19 -0700] "GET /content/statusupdates/posts/photos/checkins/bookmarkedpages?_t=rss HTTP/1.1" 200 7652 "-" "Micro.blog/1.0" 
114.119.161.85 - - [02/Jun/2020:03:25:21 -0700] "GET /content/posts?q=%23viola HTTP/1.1" 200 8271 "-" "Mozilla/5.0 (Linux; Android 7.0;) AppleWebKit/537.36 (KHTML, like Gecko) Mobile Safari/537.36 (compatible; PetalBot;+https://aspiegel.com/petalbot)" 
77.88.5.71 - - [02/Jun/2020:03:25:22 -0700] "GET /2019/ive-been-subscribing-to-craig-mod-for HTTP/1.1" 200 9783 "-" "Mozilla/5.0 (compatible; YandexBot/3.0; +http://yandex.com/bots)" 
46.229.168.133 - - [02/Jun/2020:03:25:24 -0700] "GET /?offset=210 HTTP/1.1" 200 12054 "-" "Mozilla/5.0 (compatible; SemrushBot/6~bl; +http://www.semrush.com/bot.html)" 
46.229.168.129 - - [02/Jun/2020:03:26:37 -0700] "GET /tag/indieweb?offset=86 HTTP/1.1" 200 15763 "-" "Mozilla/5.0 (compatible; SemrushBot/6~bl; +http://www.semrush.com/bot.html)" 
46.229.168.162 - - [02/Jun/2020:03:27:56 -0700] "GET /content/all/?q=%23%2B%23indieweb HTTP/1.1" 200 14966 "-" "Mozilla/5.0 (compatible; SemrushBot/6~bl; +http://www.semrush.com/bot.html)" 
46.229.168.142 - - [02/Jun/2020:03:28:23 -0700] "GET /content/statusupdates/?q=%23%2B%23realbread HTTP/1.1" 200 8550 "-" "Mozilla/5.0 (compatible; SemrushBot/6~bl; +http://www.semrush.com/bot.html)" 
46.229.168.143 - - [02/Jun/2020:03:29:23 -0700] "GET /file/a731012d7286ee22f3f2b7f7b72ec102/8167d2ed492bcec23deafcb9a708104a HTTP/1.1" 500 312172 "-" "Mozilla/5.0 (compatible; SemrushBot/6~bl; +http://www.semrush.com/bot.html)" 
46.229.168.148 - - [02/Jun/2020:03:29:42 -0700] "GET /tag/Indieweb?offset=127 HTTP/1.1" 200 12630 "-" "Mozilla/5.0 (compatible; SemrushBot/6~bl; +http://www.semrush.com/bot.html)" 
46.229.168.135 - - [02/Jun/2020:03:29:55 -0700] "GET /content/statusupdates/?offset=15&q=%23%2B%23podcast HTTP/1.1" 200 9494 "-" "Mozilla/5.0 (compatible; SemrushBot/6~bl; +http://www.semrush.com/bot.html)" 
46.229.168.141 - - [02/Jun/2020:03:29:57 -0700] "GET /2018/geohashing-expedition-2018-08-23-50--1 HTTP/1.1" 200 9524 "-" "Mozilla/5.0 (compatible; SemrushBot/6~bl; +http://www.semrush.com/bot.html)" 
96.126.125.129 - - [02/Jun/2020:03:30:40 -0700] "GET /content/statusupdates/posts/photos/checkins/bookmarkedpages?_t=rss HTTP/1.1" 200 7652 "-" "Micro.blog/1.0" 
114.119.167.191 - - [02/Jun/2020:03:30:45 -0700] "GET /2018/excess HTTP/1.1" 200 12710 "-" "Mozilla/5.0 (Linux; Android 7.0;) AppleWebKit/537.36 (KHTML, like Gecko) Mobile Safari/537.36 (compatible; PetalBot;+https://aspiegel.com/petalbot)" 
46.229.168.139 - - [02/Jun/2020:03:31:03 -0700] "GET /2018/the-light--1 HTTP/1.1" 200 9578 "-" "Mozilla/5.0 (compatible; SemrushBot/6~bl; +http://www.semrush.com/bot.html)" 
34.235.115.124 - - [02/Jun/2020:03:31:33 -0700] "GET /?_t=rss HTTP/1.1" 200 7177 "-" "glitch-feeder/1.0 (+https://glitch.com/~lmo-feeder)" 
66.249.66.52 - - [02/Jun/2020:03:31:37 -0700] "GET /robots.txt HTTP/1.1" 200 4613 "-" "Mozilla/5.0 (compatible; Googlebot/2.1; +http://www.google.com/bot.html)" 
66.249.66.50 - - [02/Jun/2020:03:31:37 -0700] "GET /?q=%23+%23bread&offset=80 HTTP/1.1" 200 11769 "-" "Mozilla/5.0 (Linux; Android 6.0.1; Nexus 5X Build/MMB29P) AppleWebKit/537.36 (KHTML, like Gecko) Chrome/80.0.3987.92 Mobile Safari/537.36 (compatible; Googlebot/2.1; +http://www.google.com/bot.html)" 
46.229.168.137 - - [02/Jun/2020:03:34:12 -0700] "GET /content/photos/?offset=12&q=%23%2B%23bread HTTP/1.1" 200 11895 "-" "Mozilla/5.0 (compatible; SemrushBot/6~bl; +http://www.semrush.com/bot.html)" 
46.229.168.139 - - [02/Jun/2020:03:34:17 -0700] "GET /2019/context-captured-from-eat-website-a-few-minutes-ago HTTP/1.1" 200 10036 "-" "Mozilla/5.0 (compatible; SemrushBot/6~bl; +http://www.semrush.com/bot.html)" 
207.46.13.210 - - [02/Jun/2020:03:34:41 -0700] "GET /file/ee3e56a6db7b581c11213e525891709c HTTP/1.1" 200 22024 "-" "Mozilla/5.0 (compatible; bingbot/2.0; +http://www.bing.com/bingbot.htm)" 
94.23.152.201 - - [02/Jun/2020:03:35:37 -0700] "GET /profile/jeremy HTTP/1.0" 200 241149 "-" "Mozilla/5.0 (Windows NT 10.0; Win64; x64) AppleWebKit/537.36 (KHTML, like Gecko) Chrome/71.0.3578.98 Safari/537.36" 
46.229.168.147 - - [02/Jun/2020:03:35:47 -0700] "GET /content/all/?offset=121&q=%23%2B%23IndieWeb HTTP/1.1" 200 12026 "-" "Mozilla/5.0 (compatible; SemrushBot/6~bl; +http://www.semrush.com/bot.html)" 
46.229.168.136 - - [02/Jun/2020:03:35:58 -0700] "GET /?offset=60&q=%23Indieweb HTTP/1.1" 200 12149 "-" "Mozilla/5.0 (compatible; SemrushBot/6~bl; +http://www.semrush.com/bot.html)" 
96.126.125.129 - - [02/Jun/2020:03:36:01 -0700] "GET /content/statusupdates/posts/photos/checkins/bookmarkedpages?_t=rss HTTP/1.1" 200 7652 "-" "Micro.blog/1.0" 
46.229.168.142 - - [02/Jun/2020:03:36:13 -0700] "GET /content/all/?offset=140&q=%23%2B%23indieweb HTTP/1.1" 200 9808 "-" "Mozilla/5.0 (compatible; SemrushBot/6~bl; +http://www.semrush.com/bot.html)" 
114.119.167.191 - - [02/Jun/2020:03:36:16 -0700] "GET /2018/hey-amazon-lets-be-honest-about-genetically-modified-foods-opinion HTTP/1.1" 200 9537 "-" "Mozilla/5.0 (Linux; Android 7.0;) AppleWebKit/537.36 (KHTML, like Gecko) Mobile Safari/537.36 (compatible; PetalBot;+https://aspiegel.com/petalbot)" 
54.36.148.89 - - [02/Jun/2020:03:36:54 -0700] "GET /content/statusupdates/?offset=200 HTTP/1.1" 200 11430 "-" "Mozilla/5.0 (compatible; AhrefsBot/6.1; +http://ahrefs.com/robot/)" 
17.58.99.220 - - [02/Jun/2020:03:36:55 -0700] "GET /robots.txt HTTP/1.1" 200 4346 "-" "Mozilla/5.0 (Macintosh; Intel Mac OS X 10_10_1) AppleWebKit/600.2.5 (KHTML, like Gecko) Version/8.0.2 Safari/600.2.5 (Applebot/0.1; +http://www.apple.com/go/applebot)" 
17.58.102.79 - - [02/Jun/2020:03:36:56 -0700] "GET /2019/checked-into-terminal-2 HTTP/1.1" 200 9529 "-" "Mozilla/5.0 (Macintosh; Intel Mac OS X 10_10_1) AppleWebKit/600.2.5 (KHTML, like Gecko) Version/8.0.2 Safari/600.2.5 (Applebot/0.1; +http://www.apple.com/go/applebot)" 
46.229.168.145 - - [02/Jun/2020:03:38:05 -0700] "GET /content/photos HTTP/1.1" 200 11811 "-" "Mozilla/5.0 (compatible; SemrushBot/6~bl; +http://www.semrush.com/bot.html)" 
66.249.66.44 - - [02/Jun/2020:03:38:15 -0700] "GET /?offset=845&_t=amp HTTP/1.1" 304 53119 "-" "Mozilla/5.0 (Linux; Android 6.0.1; Nexus 5X Build/MMB29P) AppleWebKit/537.36 (KHTML, like Gecko) Chrome/80.0.3987.92 Mobile Safari/537.36 (compatible; Googlebot/2.1; +http://www.google.com/bot.html)" 
66.249.66.44 - - [02/Jun/2020:03:38:38 -0700] "GET /content/photos/?q=%23Sourdough&_t=rss HTTP/1.1" 200 8147 "-" "Mozilla/5.0 (Linux; Android 6.0.1; Nexus 5X Build/MMB29P) AppleWebKit/537.36 (KHTML, like Gecko) Chrome/80.0.3987.92 Mobile Safari/537.36 (compatible; Googlebot/2.1; +http://www.google.com/bot.html)" 
64.111.100.215 - - [02/Jun/2020:03:39:48 -0700] "GET /content/all?_t=rss HTTP/1.1" 200 14451 "-" "Mozilla/5.0 (X11; U; Linux i686; fr; rv:1.9.1.1) Gecko/20090715 Firefox/3.5.1" 
207.46.13.210 - - [02/Jun/2020:03:40:05 -0700] "GET /file/2846c4b2a4b15c2c2fe48a4bca22b524 HTTP/1.1" 200 15222 "-" "Mozilla/5.0 (compatible; bingbot/2.0; +http://www.bing.com/bingbot.htm)" 
46.229.168.137 - - [02/Jun/2020:03:40:17 -0700] "GET /content/all/?offset=110&q=%23%2B%23indieweb HTTP/1.1" 200 12264 "-" "Mozilla/5.0 (compatible; SemrushBot/6~bl; +http://www.semrush.com/bot.html)" 
96.126.125.129 - - [02/Jun/2020:03:40:29 -0700] "GET /content/statusupdates/posts/photos/checkins/bookmarkedpages?_t=rss HTTP/1.1" 200 7652 "-" "Micro.blog/1.0" 
66.249.66.46 - - [02/Jun/2020:03:41:05 -0700] "GET /content/all?offset=1737 HTTP/1.1" 200 12245 "-" "Mozilla/5.0 (Linux; Android 6.0.1; Nexus 5X Build/MMB29P) AppleWebKit/537.36 (KHTML, like Gecko) Chrome/80.0.3987.92 Mobile Safari/537.36 (compatible; Googlebot/2.1; +http://www.google.com/bot.html)" 
66.249.66.46 - - [02/Jun/2020:03:41:08 -0700] "GET /service/web/unfurl/?url=http%3A%2F%2Fmemex.naughtons.org%2Farchives%2F2017%2F10%2F01%2F24926&__bTk=9589125b0b635ea8ecadbc9dd50b5f9dd07da9556f1bb1175ea55912d813b26c&__bTs=1588896000 HTTP/1.1" 403 4627 "https://stream.jeremycherfas.net/content/all?offset=1737" "Mozilla/5.0 (Linux; Android 6.0.1; Nexus 5X Build/MMB29P) AppleWebKit/537.36 (KHTML, like Gecko) Chrome/81.0.4044.108 Mobile Safari/537.36 (compatible; Googlebot/2.1; +http://www.google.com/bot.html)" 
66.249.66.44 - - [02/Jun/2020:03:41:09 -0700] "GET /service/web/unfurl/?url=http%3A%2F%2Fmemex.naughtons.org%2Farchives%2F2017%2F10%2F01%2F24926&__bTk=9589125b0b635ea8ecadbc9dd50b5f9dd07da9556f1bb1175ea55912d813b26c&__bTs=1589291460 HTTP/1.1" 403 4627 "https://stream.jeremycherfas.net/content/all?offset=1737" "Mozilla/5.0 (Linux; Android 6.0.1; Nexus 5X Build/MMB29P) AppleWebKit/537.36 (KHTML, like Gecko) Chrome/81.0.4044.108 Mobile Safari/537.36 (compatible; Googlebot/2.1; +http://www.google.com/bot.html)" 
114.119.165.2 - - [02/Jun/2020:03:41:41 -0700] "GET /content/all?q=%23IndieWeb&offset=142 HTTP/1.1" 200 9283 "-" "Mozilla/5.0 (Linux; Android 7.0;) AppleWebKit/537.36 (KHTML, like Gecko) Mobile Safari/537.36 (compatible; PetalBot;+https://aspiegel.com/petalbot)" 
46.229.168.149 - - [02/Jun/2020:03:42:21 -0700] "GET /content/all/?offset=128&q=%23%2B%23%23indieweb HTTP/1.1" 200 12809 "-" "Mozilla/5.0 (compatible; SemrushBot/6~bl; +http://www.semrush.com/bot.html)" 
46.229.168.152 - - [02/Jun/2020:03:42:49 -0700] "GET /profile/jeremy?offset=100 HTTP/1.1" 200 16296 "-" "Mozilla/5.0 (compatible; SemrushBot/6~bl; +http://www.semrush.com/bot.html)" 
96.126.125.129 - - [02/Jun/2020:03:44:13 -0700] "GET /content/statusupdates/posts/photos/checkins/bookmarkedpages?_t=rss HTTP/1.1" 200 7652 "-" "Micro.blog/1.0" 
46.229.168.145 - - [02/Jun/2020:03:45:55 -0700] "GET /?offset=24&q=%23withknown HTTP/1.1" 200 14022 "-" "Mozilla/5.0 (compatible; SemrushBot/6~bl; +http://www.semrush.com/bot.html)" 
46.229.168.143 - - [02/Jun/2020:03:46:06 -0700] "GET /content/all/?offset=60 HTTP/1.1" 200 11991 "-" "Mozilla/5.0 (compatible; SemrushBot/6~bl; +http://www.semrush.com/bot.html)" 
46.229.168.162 - - [02/Jun/2020:03:46:40 -0700] "GET /?offset=0&q=%23withknown HTTP/1.1" 200 14533 "-" "Mozilla/5.0 (compatible; SemrushBot/6~bl; +http://www.semrush.com/bot.html)" 
46.229.168.146 - - [02/Jun/2020:03:46:50 -0700] "GET /2017/test-of-audiogram-upload-directly-to-known HTTP/1.1" 200 9817 "-" "Mozilla/5.0 (compatible; SemrushBot/6~bl; +http://www.semrush.com/bot.html)" 
114.119.165.37 - - [02/Jun/2020:03:47:07 -0700] "GET /file/b3b79b45c55c63c07ebbfecf77d98b2f HTTP/1.1" 200 159274 "-" "Mozilla/5.0 (Linux; Android 7.0;) AppleWebKit/537.36 (KHTML, like Gecko) Mobile Safari/537.36 (compatible; PetalBot;+https://aspiegel.com/petalbot)" 
49.204.126.93 - - [02/Jun/2020:03:47:28 -0700] "GET /2019/interdependent-thoughts HTTP/1.1" 200 9481 "https://www.10bestseo.com/url-opener/" "Mozilla/5.0 (Windows NT 6.1; rv:76.0) Gecko/20100101 Firefox/76.0" 
49.204.126.93 - - [02/Jun/2020:03:47:29 -0700] "GET /vendor/npm-asset/jquery/dist/jquery.min.js HTTP/1.1" 200 32009 "https://www.stream.jeremycherfas.net/2019/interdependent-thoughts" "Mozilla/5.0 (Windows NT 6.1; rv:76.0) Gecko/20100101 Firefox/76.0" 
49.204.126.93 - - [02/Jun/2020:03:47:29 -0700] "GET /vendor/twbs/bootstrap/dist/css/bootstrap.min.css HTTP/1.1" 200 24094 "https://www.stream.jeremycherfas.net/2019/interdependent-thoughts" "Mozilla/5.0 (Windows NT 6.1; rv:76.0) Gecko/20100101 Firefox/76.0" 
49.204.126.93 - - [02/Jun/2020:03:47:29 -0700] "GET /vendor/forkawesome/fork-awesome/css/v5-compat.min.css HTTP/1.1" 200 2616 "https://www.stream.jeremycherfas.net/2019/interdependent-thoughts" "Mozilla/5.0 (Windows NT 6.1; rv:76.0) Gecko/20100101 Firefox/76.0" 
49.204.126.93 - - [02/Jun/2020:03:47:30 -0700] "GET /vendor/twbs/bootstrap/dist/js/bootstrap.min.js HTTP/1.1" 200 11773 "https://www.stream.jeremycherfas.net/2019/interdependent-thoughts" "Mozilla/5.0 (Windows NT 6.1; rv:76.0) Gecko/20100101 Firefox/76.0" 
49.204.126.93 - - [02/Jun/2020:03:47:30 -0700] "GET /js/1579440966/known.min.js HTTP/1.1" 200 4924 "https://www.stream.jeremycherfas.net/2019/interdependent-thoughts" "Mozilla/5.0 (Windows NT 6.1; rv:76.0) Gecko/20100101 Firefox/76.0" 
49.204.126.93 - - [02/Jun/2020:03:47:30 -0700] "GET /vendor/npm-asset/bootstrap-accessibility-plugin/plugins/js/bootstrap-accessibility.min.js HTTP/1.1" 200 4951 "https://www.stream.jeremycherfas.net/2019/interdependent-thoughts" "Mozilla/5.0 (Windows NT 6.1; rv:76.0) Gecko/20100101 Firefox/76.0" 
49.204.126.93 - - [02/Jun/2020:03:47:30 -0700] "GET /vendor/npm-asset/bootstrap-toggle/js/bootstrap-toggle.js HTTP/1.1" 200 2106 "https://www.stream.jeremycherfas.net/2019/interdependent-thoughts" "Mozilla/5.0 (Windows NT 6.1; rv:76.0) Gecko/20100101 Firefox/76.0" 
49.204.126.93 - - [02/Jun/2020:03:47:30 -0700] "GET /css/1579440965/known.min.css HTTP/1.1" 200 7758 "https://www.stream.jeremycherfas.net/2019/interdependent-thoughts" "Mozilla/5.0 (Windows NT 6.1; rv:76.0) Gecko/20100101 Firefox/76.0" 
49.204.126.93 - - [02/Jun/2020:03:47:30 -0700] "GET /vendor/npm-asset/bootstrap-toggle/css/bootstrap-toggle.min.css HTTP/1.1" 200 1061 "https://www.stream.jeremycherfas.net/2019/interdependent-thoughts" "Mozilla/5.0 (Windows NT 6.1; rv:76.0) Gecko/20100101 Firefox/76.0" 
49.204.126.93 - - [02/Jun/2020:03:47:30 -0700] "GET /vendor/idno/mentionjs/recommended-styles.css HTTP/1.1" 200 682 "https://www.stream.jeremycherfas.net/2019/interdependent-thoughts" "Mozilla/5.0 (Windows NT 6.1; rv:76.0) Gecko/20100101 Firefox/76.0" 
49.204.126.93 - - [02/Jun/2020:03:47:30 -0700] "GET /IdnoPlugins/Checkin/external/leaflet/leaflet.min.css HTTP/1.1" 200 2556 "https://www.stream.jeremycherfas.net/2019/interdependent-thoughts" "Mozilla/5.0 (Windows NT 6.1; rv:76.0) Gecko/20100101 Firefox/76.0" 
49.204.126.93 - - [02/Jun/2020:03:47:30 -0700] "GET /IdnoPlugins/Checkin/external/leaflet/leaflet.js HTTP/1.1" 200 34144 "https://www.stream.jeremycherfas.net/2019/interdependent-thoughts" "Mozilla/5.0 (Windows NT 6.1; rv:76.0) Gecko/20100101 Firefox/76.0" 
49.204.126.93 - - [02/Jun/2020:03:47:31 -0700] "GET /IdnoPlugins/Checkin/external/stamen-maps/tile.stamen.min.js HTTP/1.1" 200 2065 "https://www.stream.jeremycherfas.net/2019/interdependent-thoughts" "Mozilla/5.0 (Windows NT 6.1; rv:76.0) Gecko/20100101 Firefox/76.0" 
49.204.126.93 - - [02/Jun/2020:03:47:31 -0700] "GET /IdnoPlugins/Media/external/wavesurfer/dist/wavesurfer.min.js HTTP/1.1" 200 6858 "https://www.stream.jeremycherfas.net/2019/interdependent-thoughts" "Mozilla/5.0 (Windows NT 6.1; rv:76.0) Gecko/20100101 Firefox/76.0" 
49.204.126.93 - - [02/Jun/2020:03:47:31 -0700] "GET /vendor/npm-asset/bootstrap-accessibility-plugin/plugins/css/bootstrap-accessibility.css HTTP/1.1" 200 1159 "https://www.stream.jeremycherfas.net/2019/interdependent-thoughts" "Mozilla/5.0 (Windows NT 6.1; rv:76.0) Gecko/20100101 Firefox/76.0" 
49.204.126.93 - - [02/Jun/2020:03:47:31 -0700] "GET /vendor/forkawesome/fork-awesome/css/fork-awesome.min.css HTTP/1.1" 200 9061 "https://www.stream.jeremycherfas.net/2019/interdependent-thoughts" "Mozilla/5.0 (Windows NT 6.1; rv:76.0) Gecko/20100101 Firefox/76.0" 
49.204.126.93 - - [02/Jun/2020:03:47:31 -0700] "GET /Themes/Solo/css/default.min.css HTTP/1.1" 200 1045 "https://www.stream.jeremycherfas.net/2019/interdependent-thoughts" "Mozilla/5.0 (Windows NT 6.1; rv:76.0) Gecko/20100101 Firefox/76.0" 
49.204.126.93 - - [02/Jun/2020:03:47:31 -0700] "GET /vendor/npm-asset/mediaelement/build/mediaelement-and-player.min.js HTTP/1.1" 200 41590 "https://www.stream.jeremycherfas.net/2019/interdependent-thoughts" "Mozilla/5.0 (Windows NT 6.1; rv:76.0) Gecko/20100101 Firefox/76.0" 
49.204.126.93 - - [02/Jun/2020:03:47:31 -0700] "GET /vendor/npm-asset/mediaelement/build/mediaelementplayer.min.css HTTP/1.1" 200 3120 "https://www.stream.jeremycherfas.net/2019/interdependent-thoughts" "Mozilla/5.0 (Windows NT 6.1; rv:76.0) Gecko/20100101 Firefox/76.0" 
49.204.126.93 - - [02/Jun/2020:03:47:31 -0700] "GET /vendor/npm-asset/vanilla-fitvids/jquery.fitvids.js HTTP/1.1" 200 1873 "https://www.stream.jeremycherfas.net/2019/interdependent-thoughts" "Mozilla/5.0 (Windows NT 6.1; rv:76.0) Gecko/20100101 Firefox/76.0" 
49.204.126.93 - - [02/Jun/2020:03:47:31 -0700] "GET /vendor/rmm5t/jquery-timeago/jquery.timeago.js HTTP/1.1" 200 3015 "https://www.stream.jeremycherfas.net/2019/interdependent-thoughts" "Mozilla/5.0 (Windows NT 6.1; rv:76.0) Gecko/20100101 Firefox/76.0" 
49.204.126.93 - - [02/Jun/2020:03:47:31 -0700] "GET /vendor/npm-asset/underscore/underscore-min.js HTTP/1.1" 200 7059 "https://www.stream.jeremycherfas.net/2019/interdependent-thoughts" "Mozilla/5.0 (Windows NT 6.1; rv:76.0) Gecko/20100101 Firefox/76.0" 
49.204.126.93 - - [02/Jun/2020:03:47:31 -0700] "GET /vendor/rmm5t/jquery-timeago/locales/jquery.timeago.en.js HTTP/1.1" 200 886 "https://www.stream.jeremycherfas.net/2019/interdependent-thoughts" "Mozilla/5.0 (Windows NT 6.1; rv:76.0) Gecko/20100101 Firefox/76.0" 
49.204.126.93 - - [02/Jun/2020:03:47:31 -0700] "GET /vendor/npm-asset/exif-js/exif.js HTTP/1.1" 200 9962 "https://www.stream.jeremycherfas.net/2019/interdependent-thoughts" "Mozilla/5.0 (Windows NT 6.1; rv:76.0) Gecko/20100101 Firefox/76.0" 
49.204.126.93 - - [02/Jun/2020:03:47:31 -0700] "GET /file/ef801e05730eba56004c5b712ad84731/thumb.jpg HTTP/1.1" 200 22643 "https://www.stream.jeremycherfas.net/2019/interdependent-thoughts" "Mozilla/5.0 (Windows NT 6.1; rv:76.0) Gecko/20100101 Firefox/76.0" 
49.204.126.93 - - [02/Jun/2020:03:47:31 -0700] "GET /gfx/users/default-00.png HTTP/1.1" 200 5798 "https://www.stream.jeremycherfas.net/2019/interdependent-thoughts" "Mozilla/5.0 (Windows NT 6.1; rv:76.0) Gecko/20100101 Firefox/76.0" 
49.204.126.93 - - [02/Jun/2020:03:47:32 -0700] "GET /gfx/logos/apple-icon-144x144.png HTTP/1.1" 200 10316 "-" "Mozilla/5.0 (Windows NT 6.1; rv:76.0) Gecko/20100101 Firefox/76.0" 
49.204.126.93 - - [02/Jun/2020:03:47:32 -0700] "GET /vendor/forkawesome/fork-awesome/fonts/forkawesome-webfont.woff2?v=1.1.7 HTTP/1.1" 200 92205 "https://www.stream.jeremycherfas.net/vendor/forkawesome/fork-awesome/css/fork-awesome.min.css" "Mozilla/5.0 (Windows NT 6.1; rv:76.0) Gecko/20100101 Firefox/76.0" 
49.204.126.93 - - [02/Jun/2020:03:47:42 -0700] "GET /file/ef801e05730eba56004c5b712ad84731/thumb.jpg HTTP/1.1" 200 26093 "-" "Mozilla/5.0 (Windows NT 6.1; rv:76.0) Gecko/20100101 Firefox/76.0" 
49.204.126.93 - - [02/Jun/2020:03:47:43 -0700] "GET /favicon.ico HTTP/1.1" 200 534 "-" "Mozilla/5.0 (Windows NT 6.1; rv:76.0) Gecko/20100101 Firefox/76.0" 
54.161.63.24 - - [02/Jun/2020:03:47:47 -0700] "GET /profile/jeremy HTTP/1.1" 200 28896 "-" "Mozilla/5.0 (Windows NT 6.1; rv:15.0) Gecko/20120716 Firefox/15.0a2" 
96.126.125.129 - - [02/Jun/2020:03:47:54 -0700] "GET /content/statusupdates/posts/photos/checkins/bookmarkedpages?_t=rss HTTP/1.1" 200 7652 "-" "Micro.blog/1.0" 
167.172.211.255 - - [02/Jun/2020:03:48:11 -0700] "GET /?_t=rss HTTP/1.1" 200 6947 "-" "Feedbin feed-id:1536727 - 1 subscribers" 
49.204.126.93 - - [02/Jun/2020:03:48:23 -0700] "POST /comments/post HTTP/1.1" 302 1360 "https://www.stream.jeremycherfas.net/2019/interdependent-thoughts" "Mozilla/5.0 (Windows NT 6.1; rv:76.0) Gecko/20100101 Firefox/76.0" 
49.204.126.93 - - [02/Jun/2020:03:48:25 -0700] "GET /2019/interdependent-thoughts HTTP/1.1" 200 6029 "https://www.stream.jeremycherfas.net/2019/interdependent-thoughts" "Mozilla/5.0 (Windows NT 6.1; rv:76.0) Gecko/20100101 Firefox/76.0" 
46.229.168.134 - - [02/Jun/2020:03:48:35 -0700] "GET /content/all/?offset=130&q=%23%2B%23%23indieweb HTTP/1.1" 200 13140 "-" "Mozilla/5.0 (compatible; SemrushBot/6~bl; +http://www.semrush.com/bot.html)" 
54.36.149.56 - - [02/Jun/2020:03:49:09 -0700] "GET /robots.txt HTTP/1.1" 200 4322 "-" "Mozilla/5.0 (compatible; AhrefsBot/6.1; +http://ahrefs.com/robot/)" 
54.36.149.36 - - [02/Jun/2020:03:49:10 -0700] "GET /2020/adactio-journalwords-i-wrote-in-2019 HTTP/1.1" 200 9481 "-" "Mozilla/5.0 (compatible; AhrefsBot/6.1; +http://ahrefs.com/robot/)" 
46.229.168.148 - - [02/Jun/2020:03:49:36 -0700] "GET /content/locations/?q=%23%2B%23nigella HTTP/1.1" 200 8515 "-" "Mozilla/5.0 (compatible; SemrushBot/6~bl; +http://www.semrush.com/bot.html)" 
54.152.129.44 - - [02/Jun/2020:03:50:18 -0700] "GET /profile/jeremy HTTP/1.1" 200 28893 "-" "Mozilla/5.0 (Windows NT 6.1; rv:15.0) Gecko/20120716 Firefox/15.0a2" 
66.249.66.44 - - [02/Jun/2020:03:50:33 -0700] "GET /view/6ef35ba4b68ff3890ee7a6ea6fec7178 HTTP/1.1" 200 10205 "-" "Mozilla/5.0 (Linux; Android 6.0.1; Nexus 5X Build/MMB29P) AppleWebKit/537.36 (KHTML, like Gecko) Chrome/80.0.3987.92 Mobile Safari/537.36 (compatible; Googlebot/2.1; +http://www.google.com/bot.html)" 
49.204.126.93 - - [02/Jun/2020:03:50:58 -0700] "POST /comments/post HTTP/1.1" 302 1360 "https://www.stream.jeremycherfas.net/2019/interdependent-thoughts" "Mozilla/5.0 (Windows NT 6.1; rv:76.0) Gecko/20100101 Firefox/76.0" 
49.204.126.93 - - [02/Jun/2020:03:51:00 -0700] "GET /2019/interdependent-thoughts HTTP/1.1" 200 6030 "https://www.stream.jeremycherfas.net/2019/interdependent-thoughts" "Mozilla/5.0 (Windows NT 6.1; rv:76.0) Gecko/20100101 Firefox/76.0" 
49.204.126.93 - - [02/Jun/2020:03:51:01 -0700] "GET /vendor/npm-asset/mediaelement/build/mediaelementplayer.min.css HTTP/1.1" 200 3120 "https://www.stream.jeremycherfas.net/2019/interdependent-thoughts" "Mozilla/5.0 (Windows NT 6.1; rv:76.0) Gecko/20100101 Firefox/76.0" 
49.204.126.93 - - [02/Jun/2020:03:51:01 -0700] "GET /gfx/logos/apple-icon-144x144.png HTTP/1.1" 200 10454 "-" "Mozilla/5.0 (Windows NT 6.1; rv:76.0) Gecko/20100101 Firefox/76.0" 
46.229.168.134 - - [02/Jun/2020:03:51:05 -0700] "GET /content/all/?offset=40&q=%23%2B%23WithKnown HTTP/1.1" 200 11795 "-" "Mozilla/5.0 (compatible; SemrushBot/6~bl; +http://www.semrush.com/bot.html)" 
46.229.168.145 - - [02/Jun/2020:03:51:21 -0700] "GET /tag/withknown?offset=8 HTTP/1.1" 200 11267 "-" "Mozilla/5.0 (compatible; SemrushBot/6~bl; +http://www.semrush.com/bot.html)" 
96.126.125.129 - - [02/Jun/2020:03:51:55 -0700] "GET /content/statusupdates/posts/photos/checkins/bookmarkedpages?_t=rss HTTP/1.1" 200 7652 "-" "Micro.blog/1.0" 
46.229.168.141 - - [02/Jun/2020:03:54:10 -0700] "GET /?offset=12&q=%23%2B%23Rome HTTP/1.1" 200 9135 "-" "Mozilla/5.0 (compatible; SemrushBot/6~bl; +http://www.semrush.com/bot.html)" 
66.249.66.48 - - [02/Jun/2020:03:54:37 -0700] "GET /2020/2020-02-19 HTTP/1.1" 304 3742 "-" "Mozilla/5.0 (Linux; Android 6.0.1; Nexus 5X Build/MMB29P) AppleWebKit/537.36 (KHTML, like Gecko) Chrome/80.0.3987.92 Mobile Safari/537.36 (compatible; Googlebot/2.1; +http://www.google.com/bot.html)" 
46.229.168.146 - - [02/Jun/2020:03:54:53 -0700] "GET /2017/this-is-all-a-bit-tense-but-with-any-luck HTTP/1.1" 200 9982 "-" "Mozilla/5.0 (compatible; SemrushBot/6~bl; +http://www.semrush.com/bot.html)" 
64.111.100.215 - - [02/Jun/2020:03:54:56 -0700] "GET /content/all?_t=rss HTTP/1.1" 200 14451 "-" "Mozilla/5.0 (X11; U; Linux i686; fr; rv:1.9.1.1) Gecko/20090715 Firefox/3.5.1" 
96.126.125.129 - - [02/Jun/2020:03:55:20 -0700] "GET /content/statusupdates/posts/photos/checkins/bookmarkedpages?_t=rss HTTP/1.1" 200 7652 "-" "Micro.blog/1.0" 
46.229.168.137 - - [02/Jun/2020:03:55:21 -0700] "GET /file/89b1d9ed43407ef3b1554eeac401c05c/ccdd7dfb403996965c882f8fcb705845 HTTP/1.1" 500 78451 "-" "Mozilla/5.0 (compatible; SemrushBot/6~bl; +http://www.semrush.com/bot.html)" 
66.249.66.48 - - [02/Jun/2020:03:56:26 -0700] "GET /vendor/npm-asset/bootstrap-accessibility-plugin/plugins/js/bootstrap-accessibility.min.js HTTP/1.1" 200 8130 "https://www.stream.jeremycherfas.net/content/all/?offset=233" "Mozilla/5.0 (Linux; Android 6.0.1; Nexus 5X Build/MMB29P) AppleWebKit/537.36 (KHTML, like Gecko) Chrome/81.0.4044.108 Mobile Safari/537.36 (compatible; Googlebot/2.1; +http://www.google.com/bot.html)" 
66.249.66.48 - - [02/Jun/2020:03:56:27 -0700] "GET /service/web/unfurl/?url=https%3A%2F%2Fforum.zettelkasten.de%2Fdiscussion%2F724%2Fwhen-should-you-start-a-new-note&__bTk=07c4e1db903d5bfe641359a99e4529480b57642698e45f1e12668c9aee3c9dc8&__bTs=1588896000 HTTP/1.1" 403 1488 "https://www.stream.jeremycherfas.net/content/all/?offset=233" "Mozilla/5.0 (Linux; Android 6.0.1; Nexus 5X Build/MMB29P) AppleWebKit/537.36 (KHTML, like Gecko) Chrome/81.0.4044.108 Mobile Safari/537.36 (compatible; Googlebot/2.1; +http://www.google.com/bot.html)" 
66.249.66.52 - - [02/Jun/2020:03:56:28 -0700] "GET /service/web/unfurl/?url=https%3A%2F%2Fforum.zettelkasten.de%2Fdiscussion%2F724%2Fwhen-should-you-start-a-new-note&__bTk=07c4e1db903d5bfe641359a99e4529480b57642698e45f1e12668c9aee3c9dc8&__bTs=1589020153 HTTP/1.1" 403 4805 "https://www.stream.jeremycherfas.net/content/all/?offset=233" "Mozilla/5.0 (Linux; Android 6.0.1; Nexus 5X Build/MMB29P) AppleWebKit/537.36 (KHTML, like Gecko) Chrome/81.0.4044.108 Mobile Safari/537.36 (compatible; Googlebot/2.1; +http://www.google.com/bot.html)" 
46.229.168.145 - - [02/Jun/2020:03:56:29 -0700] "GET /content/statusupdates/?q=%23%2B%23Fiction HTTP/1.1" 200 8520 "-" "Mozilla/5.0 (compatible; SemrushBot/6~bl; +http://www.semrush.com/bot.html)" 
46.229.168.161 - - [02/Jun/2020:03:56:58 -0700] "GET /tag/IndieWeb?offset=74 HTTP/1.1" 200 13714 "-" "Mozilla/5.0 (compatible; SemrushBot/6~bl; +http://www.semrush.com/bot.html)" 
66.249.66.48 - - [02/Jun/2020:03:57:04 -0700] "GET /service/web/unfurl/?url=https%3A%2F%2Fforum.zettelkasten.de%2Fdiscussion%2F724%2Fwhen-should-you-start-a-new-note&__bTk=92690759ac6e19185e55b27d2d3139cc4a0b6fe178e07f3632ad7d6baf8f6752&__bTs=1588639586 HTTP/1.1" 403 4805 "https://www.stream.jeremycherfas.net/content/all/?offset=233&_t=amp" "Mozilla/5.0 (Linux; Android 6.0.1; Nexus 5X Build/MMB29P) AppleWebKit/537.36 (KHTML, like Gecko) Chrome/81.0.4044.108 Mobile Safari/537.36 (compatible; Googlebot/2.1; +http://www.google.com/bot.html)" 
49.204.126.93 - - [02/Jun/2020:03:57:25 -0700] "GET /2018/quick-reminder-that-a-3-hour-virtual-homebrew HTTP/1.1" 200 9800 "-" "Mozilla/5.0 (Windows NT 6.1; rv:76.0) Gecko/20100101 Firefox/76.0" 
49.204.126.93 - - [02/Jun/2020:03:57:25 -0700] "GET /vendor/twbs/bootstrap/dist/css/bootstrap.min.css HTTP/1.1" 200 23883 "https://www.stream.jeremycherfas.net/2018/quick-reminder-that-a-3-hour-virtual-homebrew" "Mozilla/5.0 (Windows NT 6.1; rv:76.0) Gecko/20100101 Firefox/76.0" 
49.204.126.93 - - [02/Jun/2020:03:57:25 -0700] "GET /vendor/npm-asset/jquery/dist/jquery.min.js HTTP/1.1" 200 32009 "https://www.stream.jeremycherfas.net/2018/quick-reminder-that-a-3-hour-virtual-homebrew" "Mozilla/5.0 (Windows NT 6.1; rv:76.0) Gecko/20100101 Firefox/76.0" 
49.204.126.93 - - [02/Jun/2020:03:57:26 -0700] "GET /vendor/forkawesome/fork-awesome/css/v5-compat.min.css HTTP/1.1" 200 2616 "https://www.stream.jeremycherfas.net/2018/quick-reminder-that-a-3-hour-virtual-homebrew" "Mozilla/5.0 (Windows NT 6.1; rv:76.0) Gecko/20100101 Firefox/76.0" 
49.204.126.93 - - [02/Jun/2020:03:57:26 -0700] "GET /vendor/twbs/bootstrap/dist/js/bootstrap.min.js HTTP/1.1" 200 14741 "https://www.stream.jeremycherfas.net/2018/quick-reminder-that-a-3-hour-virtual-homebrew" "Mozilla/5.0 (Windows NT 6.1; rv:76.0) Gecko/20100101 Firefox/76.0" 
49.204.126.93 - - [02/Jun/2020:03:57:26 -0700] "GET /vendor/npm-asset/bootstrap-accessibility-plugin/plugins/css/bootstrap-accessibility.css HTTP/1.1" 200 4127 "https://www.stream.jeremycherfas.net/2018/quick-reminder-that-a-3-hour-virtual-homebrew" "Mozilla/5.0 (Windows NT 6.1; rv:76.0) Gecko/20100101 Firefox/76.0" 
49.204.126.93 - - [02/Jun/2020:03:57:26 -0700] "GET /vendor/npm-asset/bootstrap-accessibility-plugin/plugins/js/bootstrap-accessibility.min.js HTTP/1.1" 200 7919 "https://www.stream.jeremycherfas.net/2018/quick-reminder-that-a-3-hour-virtual-homebrew" "Mozilla/5.0 (Windows NT 6.1; rv:76.0) Gecko/20100101 Firefox/76.0" 
49.204.126.93 - - [02/Jun/2020:03:57:27 -0700] "GET /js/1579440966/known.min.js HTTP/1.1" 200 4924 "https://www.stream.jeremycherfas.net/2018/quick-reminder-that-a-3-hour-virtual-homebrew" "Mozilla/5.0 (Windows NT 6.1; rv:76.0) Gecko/20100101 Firefox/76.0" 
49.204.126.93 - - [02/Jun/2020:03:57:27 -0700] "GET /vendor/npm-asset/bootstrap-toggle/js/bootstrap-toggle.js HTTP/1.1" 200 2106 "https://www.stream.jeremycherfas.net/2018/quick-reminder-that-a-3-hour-virtual-homebrew" "Mozilla/5.0 (Windows NT 6.1; rv:76.0) Gecko/20100101 Firefox/76.0" 
49.204.126.93 - - [02/Jun/2020:03:57:27 -0700] "GET /css/1579440965/known.min.css HTTP/1.1" 200 7758 "https://www.stream.jeremycherfas.net/2018/quick-reminder-that-a-3-hour-virtual-homebrew" "Mozilla/5.0 (Windows NT 6.1; rv:76.0) Gecko/20100101 Firefox/76.0" 
49.204.126.93 - - [02/Jun/2020:03:57:28 -0700] "GET /vendor/forkawesome/fork-awesome/css/fork-awesome.min.css HTTP/1.1" 200 12029 "https://www.stream.jeremycherfas.net/2018/quick-reminder-that-a-3-hour-virtual-homebrew" "Mozilla/5.0 (Windows NT 6.1; rv:76.0) Gecko/20100101 Firefox/76.0" 
49.204.126.93 - - [02/Jun/2020:03:57:28 -0700] "GET /vendor/idno/mentionjs/recommended-styles.css HTTP/1.1" 200 682 "https://www.stream.jeremycherfas.net/2018/quick-reminder-that-a-3-hour-virtual-homebrew" "Mozilla/5.0 (Windows NT 6.1; rv:76.0) Gecko/20100101 Firefox/76.0" 
49.204.126.93 - - [02/Jun/2020:03:57:28 -0700] "GET /IdnoPlugins/Checkin/external/leaflet/leaflet.min.css HTTP/1.1" 200 2556 "https://www.stream.jeremycherfas.net/2018/quick-reminder-that-a-3-hour-virtual-homebrew" "Mozilla/5.0 (Windows NT 6.1; rv:76.0) Gecko/20100101 Firefox/76.0" 
49.204.126.93 - - [02/Jun/2020:03:57:28 -0700] "GET /IdnoPlugins/Checkin/external/leaflet/leaflet.js HTTP/1.1" 200 34144 "https://www.stream.jeremycherfas.net/2018/quick-reminder-that-a-3-hour-virtual-homebrew" "Mozilla/5.0 (Windows NT 6.1; rv:76.0) Gecko/20100101 Firefox/76.0" 
49.204.126.93 - - [02/Jun/2020:03:57:28 -0700] "GET /vendor/npm-asset/bootstrap-toggle/css/bootstrap-toggle.min.css HTTP/1.1" 200 1061 "https://www.stream.jeremycherfas.net/2018/quick-reminder-that-a-3-hour-virtual-homebrew" "Mozilla/5.0 (Windows NT 6.1; rv:76.0) Gecko/20100101 Firefox/76.0" 
49.204.126.93 - - [02/Jun/2020:03:57:28 -0700] "GET /IdnoPlugins/Checkin/external/stamen-maps/tile.stamen.min.js HTTP/1.1" 200 2065 "https://www.stream.jeremycherfas.net/2018/quick-reminder-that-a-3-hour-virtual-homebrew" "Mozilla/5.0 (Windows NT 6.1; rv:76.0) Gecko/20100101 Firefox/76.0" 
49.204.126.93 - - [02/Jun/2020:03:57:28 -0700] "GET /IdnoPlugins/Media/external/wavesurfer/dist/wavesurfer.min.js HTTP/1.1" 200 6858 "https://www.stream.jeremycherfas.net/2018/quick-reminder-that-a-3-hour-virtual-homebrew" "Mozilla/5.0 (Windows NT 6.1; rv:76.0) Gecko/20100101 Firefox/76.0" 
49.204.126.93 - - [02/Jun/2020:03:57:28 -0700] "GET /Themes/Solo/css/default.min.css HTTP/1.1" 200 1045 "https://www.stream.jeremycherfas.net/2018/quick-reminder-that-a-3-hour-virtual-homebrew" "Mozilla/5.0 (Windows NT 6.1; rv:76.0) Gecko/20100101 Firefox/76.0" 
49.204.126.93 - - [02/Jun/2020:03:57:28 -0700] "GET /vendor/npm-asset/mediaelement/build/mediaelement-and-player.min.js HTTP/1.1" 200 41590 "https://www.stream.jeremycherfas.net/2018/quick-reminder-that-a-3-hour-virtual-homebrew" "Mozilla/5.0 (Windows NT 6.1; rv:76.0) Gecko/20100101 Firefox/76.0" 
49.204.126.93 - - [02/Jun/2020:03:57:28 -0700] "GET /vendor/npm-asset/mediaelement/build/mediaelementplayer.min.css HTTP/1.1" 200 3120 "https://www.stream.jeremycherfas.net/2018/quick-reminder-that-a-3-hour-virtual-homebrew" "Mozilla/5.0 (Windows NT 6.1; rv:76.0) Gecko/20100101 Firefox/76.0" 
49.204.126.93 - - [02/Jun/2020:03:57:28 -0700] "GET /vendor/npm-asset/vanilla-fitvids/jquery.fitvids.js HTTP/1.1" 200 1873 "https://www.stream.jeremycherfas.net/2018/quick-reminder-that-a-3-hour-virtual-homebrew" "Mozilla/5.0 (Windows NT 6.1; rv:76.0) Gecko/20100101 Firefox/76.0" 
49.204.126.93 - - [02/Jun/2020:03:57:28 -0700] "GET /vendor/rmm5t/jquery-timeago/jquery.timeago.js HTTP/1.1" 200 3015 "https://www.stream.jeremycherfas.net/2018/quick-reminder-that-a-3-hour-virtual-homebrew" "Mozilla/5.0 (Windows NT 6.1; rv:76.0) Gecko/20100101 Firefox/76.0" 
49.204.126.93 - - [02/Jun/2020:03:57:28 -0700] "GET /vendor/rmm5t/jquery-timeago/locales/jquery.timeago.en.js HTTP/1.1" 200 886 "https://www.stream.jeremycherfas.net/2018/quick-reminder-that-a-3-hour-virtual-homebrew" "Mozilla/5.0 (Windows NT 6.1; rv:76.0) Gecko/20100101 Firefox/76.0" 
49.204.126.93 - - [02/Jun/2020:03:57:28 -0700] "GET /vendor/npm-asset/exif-js/exif.js HTTP/1.1" 200 9962 "https://www.stream.jeremycherfas.net/2018/quick-reminder-that-a-3-hour-virtual-homebrew" "Mozilla/5.0 (Windows NT 6.1; rv:76.0) Gecko/20100101 Firefox/76.0" 
49.204.126.93 - - [02/Jun/2020:03:57:28 -0700] "GET /gfx/users/default-03.png HTTP/1.1" 200 9754 "https://www.stream.jeremycherfas.net/" "Mozilla/5.0 (Windows NT 6.1; rv:76.0) Gecko/20100101 Firefox/76.0" 
49.204.126.93 - - [02/Jun/2020:03:57:28 -0700] "GET /vendor/npm-asset/underscore/underscore-min.js HTTP/1.1" 200 7059 "https://www.stream.jeremycherfas.net/2018/quick-reminder-that-a-3-hour-virtual-homebrew" "Mozilla/5.0 (Windows NT 6.1; rv:76.0) Gecko/20100101 Firefox/76.0" 
49.204.126.93 - - [02/Jun/2020:03:57:29 -0700] "GET /gfx/users/default-00.png HTTP/1.1" 200 8904 "https://www.stream.jeremycherfas.net/2018/quick-reminder-that-a-3-hour-virtual-homebrew" "Mozilla/5.0 (Windows NT 6.1; rv:76.0) Gecko/20100101 Firefox/76.0" 
49.204.126.93 - - [02/Jun/2020:03:57:29 -0700] "GET /file/ef801e05730eba56004c5b712ad84731/thumb.jpg HTTP/1.1" 200 22643 "https://www.stream.jeremycherfas.net/2018/quick-reminder-that-a-3-hour-virtual-homebrew" "Mozilla/5.0 (Windows NT 6.1; rv:76.0) Gecko/20100101 Firefox/76.0" 
49.204.126.93 - - [02/Jun/2020:03:57:29 -0700] "GET /vendor/forkawesome/fork-awesome/fonts/forkawesome-webfont.woff2?v=1.1.7 HTTP/1.1" 200 92205 "https://www.stream.jeremycherfas.net/vendor/forkawesome/fork-awesome/css/fork-awesome.min.css" "Mozilla/5.0 (Windows NT 6.1; rv:76.0) Gecko/20100101 Firefox/76.0" 
49.204.126.93 - - [02/Jun/2020:03:57:29 -0700] "GET /gfx/logos/apple-icon-144x144.png HTTP/1.1" 200 10316 "-" "Mozilla/5.0 (Windows NT 6.1; rv:76.0) Gecko/20100101 Firefox/76.0" 
114.119.160.61 - - [02/Jun/2020:03:57:53 -0700] "GET /content/photos?offset=300 HTTP/1.1" 200 11050 "-" "Mozilla/5.0 (Linux; Android 7.0;) AppleWebKit/537.36 (KHTML, like Gecko) Mobile Safari/537.36 (compatible; PetalBot;+https://aspiegel.com/petalbot)" 
46.229.168.137 - - [02/Jun/2020:03:58:05 -0700] "GET /?q=%23%2B%23%23indieweb HTTP/1.1" 200 14948 "-" "Mozilla/5.0 (compatible; SemrushBot/6~bl; +http://www.semrush.com/bot.html)" 
46.229.168.144 - - [02/Jun/2020:03:58:24 -0700] "GET /content/locations/?q=%23%2B%23kalonji HTTP/1.1" 200 8516 "-" "Mozilla/5.0 (compatible; SemrushBot/6~bl; +http://www.semrush.com/bot.html)" 
103.131.71.40 - - [02/Jun/2020:03:59:56 -0700] "GET /gfx/users/default-00.png HTTP/1.1" 304 3369 "-" "Mozilla/5.0 (compatible; coccocbot-image/1.0; +http://help.coccoc.com/searchengine)" 
66.249.66.48 - - [02/Jun/2020:04:00:01 -0700] "GET /?offset=1336&_t=rss HTTP/1.1" 200 7381 "-" "Mozilla/5.0 (Linux; Android 6.0.1; Nexus 5X Build/MMB29P) AppleWebKit/537.36 (KHTML, like Gecko) Chrome/80.0.3987.92 Mobile Safari/537.36 (compatible; Googlebot/2.1; +http://www.google.com/bot.html)" 
45.79.26.51 - - [02/Jun/2020:04:00:40 -0700] "GET /content/statusupdates/posts/photos/checkins/bookmarkedpages?_t=rss HTTP/1.1" 200 7647 "-" "Micro.blog/1.0" 
34.235.115.124 - - [02/Jun/2020:04:02:09 -0700] "GET /?_t=rss HTTP/1.1" 200 7177 "-" "glitch-feeder/1.0 (+https://glitch.com/~lmo-feeder)" 
46.229.168.149 - - [02/Jun/2020:04:02:20 -0700] "GET /2017/rockin-my-imposter-status HTTP/1.1" 200 10055 "-" "Mozilla/5.0 (compatible; SemrushBot/6~bl; +http://www.semrush.com/bot.html)" 
49.204.126.93 - - [02/Jun/2020:04:02:28 -0700] "GET /service/security/csrftoken/?url=annotation%2Fpost HTTP/1.1" 200 4442 "https://www.stream.jeremycherfas.net/2018/quick-reminder-that-a-3-hour-virtual-homebrew" "Mozilla/5.0 (Windows NT 6.1; rv:76.0) Gecko/20100101 Firefox/76.0" 
49.204.126.93 - - [02/Jun/2020:04:02:28 -0700] "GET /service/security/csrftoken/ HTTP/1.1" 500 7783 "https://www.stream.jeremycherfas.net/2018/quick-reminder-that-a-3-hour-virtual-homebrew" "Mozilla/5.0 (Windows NT 6.1; rv:76.0) Gecko/20100101 Firefox/76.0" 
46.229.168.142 - - [02/Jun/2020:04:02:54 -0700] "GET /content/photos/?offset=23&q=%23%2B%23rye HTTP/1.1" 200 9086 "-" "Mozilla/5.0 (compatible; SemrushBot/6~bl; +http://www.semrush.com/bot.html)" 
114.119.165.37 - - [02/Jun/2020:04:03:19 -0700] "GET /tag/Rye HTTP/1.1" 200 12163 "-" "Mozilla/5.0 (Linux; Android 7.0;) AppleWebKit/537.36 (KHTML, like Gecko) Mobile Safari/537.36 (compatible; PetalBot;+https://aspiegel.com/petalbot)" 
46.229.168.141 - - [02/Jun/2020:04:04:01 -0700] "GET /?offset=45&q=%23%2B%23sourdough HTTP/1.1" 200 11793 "-" "Mozilla/5.0 (compatible; SemrushBot/6~bl; +http://www.semrush.com/bot.html)" 
96.126.125.129 - - [02/Jun/2020:04:04:05 -0700] "GET /content/statusupdates/posts/photos/checkins/bookmarkedpages?_t=rss HTTP/1.1" 200 7652 "-" "Micro.blog/1.0" 
46.229.168.163 - - [02/Jun/2020:04:06:51 -0700] "GET /content/posts/?offset=0 HTTP/1.1" 200 15841 "-" "Mozilla/5.0 (compatible; SemrushBot/6~bl; +http://www.semrush.com/bot.html)" 
46.229.168.153 - - [02/Jun/2020:04:06:54 -0700] "GET /content/statusupdates/?q=%23indieweb HTTP/1.1" 200 12018 "-" "Mozilla/5.0 (compatible; SemrushBot/6~bl; +http://www.semrush.com/bot.html)" 
49.204.126.93 - - [02/Jun/2020:04:07:24 -0700] "GET /2019/interdependent-thoughts HTTP/1.1" 200 9131 "-" "Mozilla/5.0 (Windows NT 6.1; rv:76.0) Gecko/20100101 Firefox/76.0" 
