40.77.189.65 - - [02/Apr/2020:05:21:38 -0700] "GET /vendor/npm-asset/exif-js/exif.js HTTP/1.1" 200 9962 "https://stream.jeremycherfas.net/2018/self-hosting-maps-taking-control-over-ux-and-users-privacy-sebastian" "Mozilla/5.0 (Windows NT 6.1; WOW64) AppleWebKit/534+ (KHTML, like Gecko) BingPreview/1.0b" 
40.77.189.65 - - [02/Apr/2020:05:21:38 -0700] "GET /vendor/forkawesome/fork-awesome/fonts/forkawesome-webfont.woff2?v=1.1.7 HTTP/1.1" 200 92205 "https://stream.jeremycherfas.net/vendor/forkawesome/fork-awesome/css/fork-awesome.min.css" "Mozilla/5.0 (Windows NT 6.1; WOW64) AppleWebKit/534+ (KHTML, like Gecko) BingPreview/1.0b" 
40.77.189.65 - - [02/Apr/2020:05:21:38 -0700] "GET /service/security/csrftoken/?url=https%3A%2F%2Fstream.jeremycherfas.net%2Fservice%2Fweb%2Funfurl%2F HTTP/1.1" 200 1361 "https://stream.jeremycherfas.net/2018/self-hosting-maps-taking-control-over-ux-and-users-privacy-sebastian" "Mozilla/5.0 (Windows NT 6.1; WOW64) AppleWebKit/534+ (KHTML, like Gecko) BingPreview/1.0b" 
40.77.189.65 - - [02/Apr/2020:05:21:38 -0700] "GET /service/web/unfurl/?url=https%3A%2F%2Fsebastiangreger.net%2F2018%2F05%2Fself-hosting-maps-control-privacy-ux%2F&__bTk=891316e11340d0bd10f7fd1f4d5defbff70bba1685e5a3e3a3b05cae57e68918&__bTs=1585830098 HTTP/1.1" 200 160270 "https://stream.jeremycherfas.net/2018/self-hosting-maps-taking-control-over-ux-and-users-privacy-sebastian" "Mozilla/5.0 (Windows NT 6.1; WOW64) AppleWebKit/534+ (KHTML, like Gecko) BingPreview/1.0b" 
40.77.189.65 - - [02/Apr/2020:05:21:38 -0700] "GET /service/web/imageproxy/aHR0cHM6Ly9zZWJhc3RpYW5ncmVnZXIubmV0L3dwLWNvbnRlbnQvdXBsb2Fkcy8yMDE4LzA1L3N0YXRpY21hcC5wbmc, HTTP/1.1" 500 1203 "https://stream.jeremycherfas.net/2018/self-hosting-maps-taking-control-over-ux-and-users-privacy-sebastian" "Mozilla/5.0 (Windows NT 6.1; WOW64) AppleWebKit/534+ (KHTML, like Gecko) BingPreview/1.0b" 
207.46.13.191 - - [02/Apr/2020:05:21:53 -0700] "GET /tag/leaven HTTP/1.1" 200 12675 "-" "Mozilla/5.0 (compatible; bingbot/2.0; +http://www.bing.com/bingbot.htm)" 
64.111.100.215 - - [02/Apr/2020:05:22:02 -0700] "GET /content/all?_t=rss HTTP/1.1" 200 16497 "-" "Mozilla/5.0 (X11; U; Linux i686; fr; rv:1.9.1.1) Gecko/20090715 Firefox/3.5.1" 
51.6.254.217 - - [02/Apr/2020:05:22:31 -0700] "GET /service/security/csrftoken/?url=annotation%2Fpost HTTP/1.1" 200 4418 "https://stream.jeremycherfas.net/2020/untitled-36" "Mozilla/5.0 (Macintosh; Intel Mac OS X 10_12_6) AppleWebKit/605.1.15 (KHTML, like Gecko) Version/12.0.3 Safari/605.1.15" 
51.6.254.217 - - [02/Apr/2020:05:22:31 -0700] "GET /service/security/csrftoken/ HTTP/1.1" 500 4786 "https://stream.jeremycherfas.net/2020/untitled-36" "Mozilla/5.0 (Macintosh; Intel Mac OS X 10_12_6) AppleWebKit/605.1.15 (KHTML, like Gecko) Version/12.0.3 Safari/605.1.15" 
46.229.168.154 - - [02/Apr/2020:05:22:37 -0700] "GET /content/all/?offset=20&q=%23IndieWeb HTTP/1.1" 200 11757 "-" "Mozilla/5.0 (compatible; SemrushBot/6~bl; +http://www.semrush.com/bot.html)" 
46.229.168.136 - - [02/Apr/2020:05:23:01 -0700] "GET /2020/if-it-werent-for-the-fact-that HTTP/1.1" 200 9970 "-" "Mozilla/5.0 (compatible; SemrushBot/6~bl; +http://www.semrush.com/bot.html)" 
54.36.150.117 - - [02/Apr/2020:05:23:54 -0700] "GET /content/bookmarkedpages/warmup/?offset=232&_t=rss HTTP/1.1" 200 6994 "-" "Mozilla/5.0 (compatible; AhrefsBot/6.1; +http://ahrefs.com/robot/)" 
114.119.160.61 - - [02/Apr/2020:05:23:55 -0700] "GET /2019/indeed-many-of-the-people-ive-talked HTTP/1.1" 200 10168 "-" "Mozilla/5.0 (Linux; Android 7.0;) AppleWebKit/537.36 (KHTML, like Gecko) Mobile Safari/537.36 (compatible; AspiegelBot)" 
54.36.148.62 - - [02/Apr/2020:05:24:00 -0700] "GET /content/photos/warmup/?offset=335&_t=rss HTTP/1.1" 200 6520 "-" "Mozilla/5.0 (compatible; AhrefsBot/6.1; +http://ahrefs.com/robot/)" 
96.126.125.129 - - [02/Apr/2020:05:24:22 -0700] "GET /content/statusupdates/posts/photos/checkins/bookmarkedpages?_t=rss HTTP/1.1" 200 7707 "-" "Micro.blog/1.0" 
54.36.148.56 - - [02/Apr/2020:05:24:50 -0700] "GET /tag/withknown?offset=52 HTTP/1.1" 200 8684 "-" "Mozilla/5.0 (compatible; AhrefsBot/6.1; +http://ahrefs.com/robot/)" 
54.36.148.59 - - [02/Apr/2020:05:24:59 -0700] "GET /2017/entirely-by-coincidence-i-am-sure-this-morning-i-once HTTP/1.1" 200 9539 "-" "Mozilla/5.0 (compatible; AhrefsBot/6.1; +http://ahrefs.com/robot/)" 
46.229.168.140 - - [02/Apr/2020:05:25:07 -0700] "GET /robots.txt HTTP/1.1" 200 4552 "-" "Mozilla/5.0 (compatible; SemrushBot/6~bl; +http://www.semrush.com/bot.html)" 
46.229.168.150 - - [02/Apr/2020:05:25:07 -0700] "GET /2019/link-to-the-rest-the-12-year-journey-to-1000-days HTTP/1.1" 200 9662 "-" "Mozilla/5.0 (compatible; SemrushBot/6~bl; +http://www.semrush.com/bot.html)" 
194.14.32.4 - - [02/Apr/2020:05:25:28 -0700] "GET /file/ef801e05730eba56004c5b712ad84731/thumb.jpg HTTP/1.1" 200 25936 "https://matigo.ca/2020/03/31/listening-to-old-podcasts" "Mozilla/5.0 (Macintosh; Intel Mac OS X 10.15; rv:74.0) Gecko/20100101 Firefox/74.0" 
96.126.125.129 - - [02/Apr/2020:05:25:50 -0700] "GET /content/statusupdates/posts/photos/checkins/bookmarkedpages?_t=rss HTTP/1.1" 200 7707 "-" "Micro.blog/1.0" 
54.36.150.157 - - [02/Apr/2020:05:25:51 -0700] "GET /2019/good-work-so-far-as-you-note?_t=rss HTTP/1.1" 200 5371 "-" "Mozilla/5.0 (compatible; AhrefsBot/6.1; +http://ahrefs.com/robot/)" 
46.229.168.134 - - [02/Apr/2020:05:26:11 -0700] "GET /tag/indieweb?offset=141 HTTP/1.1" 200 8699 "-" "Mozilla/5.0 (compatible; SemrushBot/6~bl; +http://www.semrush.com/bot.html)" 
151.80.39.80 - - [02/Apr/2020:05:26:29 -0700] "GET /content/posts/ HTTP/1.1" 200 12446 "-" "Mozilla/5.0 (compatible; AhrefsBot/6.1; +http://ahrefs.com/robot/)" 
66.249.75.235 - - [02/Apr/2020:05:26:51 -0700] "GET /robots.txt HTTP/1.1" 200 4589 "-" "Mozilla/5.0 (compatible; Googlebot/2.1; +http://www.google.com/bot.html)" 
66.249.75.239 - - [02/Apr/2020:05:26:51 -0700] "GET /2020/id-certainly-pay-for-an-app-that HTTP/1.1" 200 10633 "-" "Mozilla/5.0 (Linux; Android 6.0.1; Nexus 5X Build/MMB29P) AppleWebKit/537.36 (KHTML, like Gecko) Chrome/41.0.2272.96 Mobile Safari/537.36 (compatible; Googlebot/2.1; +http://www.google.com/bot.html)" 
40.77.167.48 - - [02/Apr/2020:05:27:08 -0700] "GET /2018/so-exciting HTTP/1.1" 200 11604 "-" "Mozilla/5.0 (compatible; bingbot/2.0; +http://www.bing.com/bingbot.htm)" 
54.36.148.202 - - [02/Apr/2020:05:27:09 -0700] "GET /tag/WithKnown?offset=6&_t=rss HTTP/1.1" 200 7067 "-" "Mozilla/5.0 (compatible; AhrefsBot/6.1; +http://ahrefs.com/robot/)" 
54.36.148.115 - - [02/Apr/2020:05:28:04 -0700] "GET /?offset=1520 HTTP/1.1" 200 11768 "-" "Mozilla/5.0 (compatible; AhrefsBot/6.1; +http://ahrefs.com/robot/)" 
54.36.150.58 - - [02/Apr/2020:05:28:05 -0700] "GET /content/bookmarkedpages/?offset=238 HTTP/1.1" 200 10445 "-" "Mozilla/5.0 (compatible; AhrefsBot/6.1; +http://ahrefs.com/robot/)" 
54.36.149.38 - - [02/Apr/2020:05:28:12 -0700] "GET /content/bookmarkedpages/warmup/?offset=142&_t=rss HTTP/1.1" 200 6631 "-" "Mozilla/5.0 (compatible; AhrefsBot/6.1; +http://ahrefs.com/robot/)" 
54.36.148.23 - - [02/Apr/2020:05:28:19 -0700] "GET /content/bookmarkedpages/warmup/?offset=30&_t=rss HTTP/1.1" 200 7272 "-" "Mozilla/5.0 (compatible; AhrefsBot/6.1; +http://ahrefs.com/robot/)" 
46.229.168.154 - - [02/Apr/2020:05:28:40 -0700] "GET /2019/see-raisins-yearning-to-be-free HTTP/1.1" 200 9654 "-" "Mozilla/5.0 (compatible; SemrushBot/6~bl; +http://www.semrush.com/bot.html)" 
46.229.168.151 - - [02/Apr/2020:05:28:46 -0700] "GET /2018/with-rad-podcasters-can-finally-learn-whos-listening HTTP/1.1" 200 9566 "-" "Mozilla/5.0 (compatible; SemrushBot/6~bl; +http://www.semrush.com/bot.html)" 
54.36.148.167 - - [02/Apr/2020:05:29:29 -0700] "GET /content/photos/?offset=571 HTTP/1.1" 200 10609 "-" "Mozilla/5.0 (compatible; AhrefsBot/6.1; +http://ahrefs.com/robot/)" 
54.36.149.66 - - [02/Apr/2020:05:29:35 -0700] "GET /content/posts/?offset=35&_t=rss HTTP/1.1" 200 8444 "-" "Mozilla/5.0 (compatible; AhrefsBot/6.1; +http://ahrefs.com/robot/)" 
54.36.150.140 - - [02/Apr/2020:05:29:37 -0700] "GET /2018/vincentlistens-i-may-be-missing-something-subtle/annotations/babd6be9be3049351e9f440ce42f298a HTTP/1.1" 200 8025 "-" "Mozilla/5.0 (compatible; AhrefsBot/6.1; +http://ahrefs.com/robot/)" 
114.119.161.85 - - [02/Apr/2020:05:29:51 -0700] "GET /2018/have-you-taken-a-look-at-indieweborg HTTP/1.1" 200 9926 "-" "Mozilla/5.0 (Linux; Android 7.0;) AppleWebKit/537.36 (KHTML, like Gecko) Mobile Safari/537.36 (compatible; AspiegelBot)" 
54.36.150.75 - - [02/Apr/2020:05:30:12 -0700] "GET /tag/indieweb?offset=44 HTTP/1.1" 200 12124 "-" "Mozilla/5.0 (compatible; AhrefsBot/6.1; +http://ahrefs.com/robot/)" 
46.229.168.150 - - [02/Apr/2020:05:30:17 -0700] "GET /?q=%23%2B%23photo HTTP/1.1" 200 12958 "-" "Mozilla/5.0 (compatible; SemrushBot/6~bl; +http://www.semrush.com/bot.html)" 
54.167.89.141 - - [02/Apr/2020:05:30:21 -0700] "GET /?_t=rss HTTP/1.1" 200 7521 "-" "glitch-feeder/1.0 (+https://glitch.com/~lmo-feeder)" 
46.229.168.139 - - [02/Apr/2020:05:32:23 -0700] "GET /?q=%23%2B%23Http%3A%2F%2Fwww.marigoldroma.com%2F HTTP/1.1" 200 8570 "-" "Mozilla/5.0 (compatible; SemrushBot/6~bl; +http://www.semrush.com/bot.html)" 
46.229.168.149 - - [02/Apr/2020:05:32:31 -0700] "GET /?offset=10&q=%23%2B%23podcast HTTP/1.1" 200 12221 "-" "Mozilla/5.0 (compatible; SemrushBot/6~bl; +http://www.semrush.com/bot.html)" 
54.36.150.56 - - [02/Apr/2020:05:32:59 -0700] "GET /content/photos/warmup/?offset=711&_t=rss HTTP/1.1" 200 6742 "-" "Mozilla/5.0 (compatible; AhrefsBot/6.1; +http://ahrefs.com/robot/)" 
54.36.148.131 - - [02/Apr/2020:05:33:31 -0700] "GET /content/bookmarkedpages/warmup/?offset=386&_t=rss HTTP/1.1" 200 7904 "-" "Mozilla/5.0 (compatible; AhrefsBot/6.1; +http://ahrefs.com/robot/)" 
54.36.149.41 - - [02/Apr/2020:05:34:55 -0700] "GET /profile/jeremy?offset=52&_t=rss HTTP/1.1" 200 6946 "-" "Mozilla/5.0 (compatible; AhrefsBot/6.1; +http://ahrefs.com/robot/)" 
54.36.150.17 - - [02/Apr/2020:05:35:04 -0700] "GET /tag/Indieweb?offset=44 HTTP/1.1" 200 12127 "-" "Mozilla/5.0 (compatible; AhrefsBot/6.1; +http://ahrefs.com/robot/)" 
54.36.150.46 - - [02/Apr/2020:05:35:22 -0700] "GET /content/all/?q=%23IndieWeb&offset=80&_t=rss HTTP/1.1" 200 10239 "-" "Mozilla/5.0 (compatible; AhrefsBot/6.1; +http://ahrefs.com/robot/)" 
46.229.168.161 - - [02/Apr/2020:05:35:34 -0700] "GET /content/statusupdates/?q=%23WithKnown HTTP/1.1" 200 11481 "-" "Mozilla/5.0 (compatible; SemrushBot/6~bl; +http://www.semrush.com/bot.html)" 
54.36.150.140 - - [02/Apr/2020:05:35:38 -0700] "GET /profile/jeremy?offset=100&_t=rss HTTP/1.1" 200 7033 "-" "Mozilla/5.0 (compatible; AhrefsBot/6.1; +http://ahrefs.com/robot/)" 
114.119.165.105 - - [02/Apr/2020:05:35:46 -0700] "GET /2019/checked-into-subway-i-know HTTP/1.1" 200 9538 "-" "Mozilla/5.0 (Linux; Android 7.0;) AppleWebKit/537.36 (KHTML, like Gecko) Mobile Safari/537.36 (compatible; AspiegelBot)" 
51.6.254.217 - - [02/Apr/2020:05:37:08 -0700] "GET /service/security/csrftoken/?url=annotation%2Fpost HTTP/1.1" 200 4418 "https://stream.jeremycherfas.net/2020/untitled-36" "Mozilla/5.0 (Macintosh; Intel Mac OS X 10_12_6) AppleWebKit/605.1.15 (KHTML, like Gecko) Version/12.0.3 Safari/605.1.15" 
51.6.254.217 - - [02/Apr/2020:05:37:09 -0700] "GET /service/security/csrftoken/ HTTP/1.1" 500 4786 "https://stream.jeremycherfas.net/2020/untitled-36" "Mozilla/5.0 (Macintosh; Intel Mac OS X 10_12_6) AppleWebKit/605.1.15 (KHTML, like Gecko) Version/12.0.3 Safari/605.1.15" 
64.111.100.215 - - [02/Apr/2020:05:37:17 -0700] "GET /content/all?_t=rss HTTP/1.1" 200 16497 "-" "Mozilla/5.0 (X11; U; Linux i686; fr; rv:1.9.1.1) Gecko/20090715 Firefox/3.5.1" 
54.36.150.110 - - [02/Apr/2020:05:37:44 -0700] "GET /profile/jeremy?offset=475 HTTP/1.1" 200 17476 "-" "Mozilla/5.0 (compatible; AhrefsBot/6.1; +http://ahrefs.com/robot/)" 
64.227.52.120 - - [02/Apr/2020:05:37:51 -0700] "GET /?_t=rss HTTP/1.1" 304 3475 "-" "Feedbin feed-id:1536727 - 1 subscribers" 
40.77.167.48 - - [02/Apr/2020:05:37:55 -0700] "GET /2017/i-think-were-on-about-the-same-level-rob-gen HTTP/1.1" 200 10237 "-" "Mozilla/5.0 (compatible; bingbot/2.0; +http://www.bing.com/bingbot.htm)" 
54.36.150.153 - - [02/Apr/2020:05:37:59 -0700] "GET /profile/jeremy?offset=46 HTTP/1.1" 200 16518 "-" "Mozilla/5.0 (compatible; AhrefsBot/6.1; +http://ahrefs.com/robot/)" 
192.99.160.200 - - [02/Apr/2020:05:38:13 -0700] "GET /robots.txt HTTP/1.1" 200 4593 "-" "Mozilla/5.0 (compatible; MJ12bot/v1.4.8; http://mj12bot.com/)" 
192.151.145.178 - - [02/Apr/2020:05:38:39 -0700] "GET /robots.txt HTTP/1.1" 200 4593 "-" "Mozilla/5.0 (compatible; MJ12bot/v1.4.8; http://mj12bot.com/)" 
192.99.160.200 - - [02/Apr/2020:05:38:40 -0700] "GET /content/all/?offset=120 HTTP/1.1" 200 11383 "-" "Mozilla/5.0 (compatible; MJ12bot/v1.4.8; http://mj12bot.com/)" 
192.151.145.178 - - [02/Apr/2020:05:38:45 -0700] "GET /tag/IndieWeb?offset=122 HTTP/1.1" 200 11750 "-" "Mozilla/5.0 (compatible; MJ12bot/v1.4.8; http://mj12bot.com/)" 
192.151.145.178 - - [02/Apr/2020:05:38:53 -0700] "GET /tag/IndieWeb?offset=122&_t=rss HTTP/1.1" 200 7451 "-" "Mozilla/5.0 (compatible; MJ12bot/v1.4.8; http://mj12bot.com/)" 
192.151.145.178 - - [02/Apr/2020:05:39:06 -0700] "GET /tag/IndieWeb?offset=123 HTTP/1.1" 200 11907 "-" "Mozilla/5.0 (compatible; MJ12bot/v1.4.8; http://mj12bot.com/)" 
54.36.150.157 - - [02/Apr/2020:05:39:16 -0700] "GET /content/locations/?offset=148&_t=rss HTTP/1.1" 200 6443 "-" "Mozilla/5.0 (compatible; AhrefsBot/6.1; +http://ahrefs.com/robot/)" 
192.151.145.178 - - [02/Apr/2020:05:39:19 -0700] "GET /tag/IndieWeb?offset=123&_t=rss HTTP/1.1" 200 7607 "-" "Mozilla/5.0 (compatible; MJ12bot/v1.4.8; http://mj12bot.com/)" 
192.151.145.178 - - [02/Apr/2020:05:39:28 -0700] "GET /tag/IndieWeb?offset=125 HTTP/1.1" 200 12553 "-" "Mozilla/5.0 (compatible; MJ12bot/v1.4.8; http://mj12bot.com/)" 
192.151.145.178 - - [02/Apr/2020:05:39:32 -0700] "GET /tag/IndieWeb?offset=125&_t=rss HTTP/1.1" 200 8322 "-" "Mozilla/5.0 (compatible; MJ12bot/v1.4.8; http://mj12bot.com/)" 
192.99.160.200 - - [02/Apr/2020:05:39:47 -0700] "GET /content/all/?offset=120&_t=rss HTTP/1.1" 200 7160 "-" "Mozilla/5.0 (compatible; MJ12bot/v1.4.8; http://mj12bot.com/)" 
192.151.145.178 - - [02/Apr/2020:05:40:08 -0700] "GET /tag/IndieWeb?offset=127 HTTP/1.1" 200 12852 "-" "Mozilla/5.0 (compatible; MJ12bot/v1.4.8; http://mj12bot.com/)" 
192.151.145.178 - - [02/Apr/2020:05:40:24 -0700] "GET /tag/IndieWeb?offset=127&_t=rss HTTP/1.1" 200 8566 "-" "Mozilla/5.0 (compatible; MJ12bot/v1.4.8; http://mj12bot.com/)" 
54.36.150.96 - - [02/Apr/2020:05:40:39 -0700] "GET /?q=%23podcast&offset=25&_t=rss HTTP/1.1" 200 7838 "-" "Mozilla/5.0 (compatible; AhrefsBot/6.1; +http://ahrefs.com/robot/)" 
54.36.150.25 - - [02/Apr/2020:05:40:50 -0700] "GET /tag/Indieweb?offset=64&_t=rss HTTP/1.1" 200 7794 "-" "Mozilla/5.0 (compatible; AhrefsBot/6.1; +http://ahrefs.com/robot/)" 
46.229.168.133 - - [02/Apr/2020:05:40:52 -0700] "GET /content/events/?q=%23leaven HTTP/1.1" 200 8491 "-" "Mozilla/5.0 (compatible; SemrushBot/6~bl; +http://www.semrush.com/bot.html)" 
192.151.145.178 - - [02/Apr/2020:05:40:54 -0700] "GET /tag/IndieWeb?offset=129 HTTP/1.1" 200 12766 "-" "Mozilla/5.0 (compatible; MJ12bot/v1.4.8; http://mj12bot.com/)" 
46.229.168.146 - - [02/Apr/2020:05:41:00 -0700] "GET /2017/hey-withknown-cant-seem-to-find-rsvps-in-099-can HTTP/1.1" 200 9843 "-" "Mozilla/5.0 (compatible; SemrushBot/6~bl; +http://www.semrush.com/bot.html)" 
207.46.13.191 - - [02/Apr/2020:05:41:02 -0700] "GET /2018/manton-reece---webmention-improvements-on-microblog HTTP/1.1" 200 9511 "-" "Mozilla/5.0 (compatible; bingbot/2.0; +http://www.bing.com/bingbot.htm)" 
54.36.148.115 - - [02/Apr/2020:05:41:02 -0700] "GET /tag/Indieweb?offset=132 HTTP/1.1" 200 12466 "-" "Mozilla/5.0 (compatible; AhrefsBot/6.1; +http://ahrefs.com/robot/)" 
192.99.160.200 - - [02/Apr/2020:05:41:04 -0700] "GET /content/all/?offset=129 HTTP/1.1" 200 11587 "-" "Mozilla/5.0 (compatible; MJ12bot/v1.4.8; http://mj12bot.com/)" 
192.151.145.178 - - [02/Apr/2020:05:41:10 -0700] "GET /tag/IndieWeb?offset=129&_t=rss HTTP/1.1" 200 8721 "-" "Mozilla/5.0 (compatible; MJ12bot/v1.4.8; http://mj12bot.com/)" 
192.151.145.178 - - [02/Apr/2020:05:41:33 -0700] "GET /tag/IndieWeb?offset=13 HTTP/1.1" 200 11922 "-" "Mozilla/5.0 (compatible; MJ12bot/v1.4.8; http://mj12bot.com/)" 
178.150.14.250 - - [02/Apr/2020:05:41:34 -0700] "GET /robots.txt HTTP/1.1" 200 4593 "-" "Mozilla/5.0 (compatible; MJ12bot/v1.4.8; http://mj12bot.com/)" 
178.150.14.250 - - [02/Apr/2020:05:41:37 -0700] "GET /2017/content-bloat-privacy-archives HTTP/1.1" 200 9545 "-" "Mozilla/5.0 (compatible; MJ12bot/v1.4.8; http://mj12bot.com/)" 
178.150.14.250 - - [02/Apr/2020:05:41:46 -0700] "GET /2017/content-bloat-privacy-archives?_t=rss HTTP/1.1" 200 5429 "-" "Mozilla/5.0 (compatible; MJ12bot/v1.4.8; http://mj12bot.com/)" 
178.150.14.250 - - [02/Apr/2020:05:41:52 -0700] "GET /2017/creating-a-post-to-test-bridgy HTTP/1.1" 200 9883 "-" "Mozilla/5.0 (compatible; MJ12bot/v1.4.8; http://mj12bot.com/)" 
178.150.14.250 - - [02/Apr/2020:05:41:56 -0700] "GET /2017/creating-a-post-to-test-bridgy/annotations/32d78a1c99c28cf371b5ee244ae45d50 HTTP/1.1" 200 8394 "-" "Mozilla/5.0 (compatible; MJ12bot/v1.4.8; http://mj12bot.com/)" 
46.229.168.137 - - [02/Apr/2020:05:41:59 -0700] "GET /content/rsvp/?q=%23%2B%23cooking HTTP/1.1" 200 8536 "-" "Mozilla/5.0 (compatible; SemrushBot/6~bl; +http://www.semrush.com/bot.html)" 
178.150.14.250 - - [02/Apr/2020:05:41:59 -0700] "GET /2017/creating-a-post-to-test-bridgy/annotations/32d78a1c99c28cf371b5ee244ae45d50?_t=rss HTTP/1.1" 200 5287 "-" "Mozilla/5.0 (compatible; MJ12bot/v1.4.8; http://mj12bot.com/)" 
192.151.145.178 - - [02/Apr/2020:05:42:01 -0700] "GET /tag/IndieWeb?offset=13&_t=rss HTTP/1.1" 200 7775 "-" "Mozilla/5.0 (compatible; MJ12bot/v1.4.8; http://mj12bot.com/)" 
178.150.14.250 - - [02/Apr/2020:05:42:06 -0700] "GET /2017/creating-a-post-to-test-bridgy?_t=rss HTTP/1.1" 200 5249 "-" "Mozilla/5.0 (compatible; MJ12bot/v1.4.8; http://mj12bot.com/)" 
192.99.160.200 - - [02/Apr/2020:05:42:08 -0700] "GET /content/all/?offset=129&_t=rss HTTP/1.1" 200 7253 "-" "Mozilla/5.0 (compatible; MJ12bot/v1.4.8; http://mj12bot.com/)" 
178.150.14.250 - - [02/Apr/2020:05:42:16 -0700] "GET /2017/curbing-my-own-disappointment-with-congrats-to-fuchsiadunlop-and-evankleiman?_t=rss HTTP/1.1" 200 5381 "-" "Mozilla/5.0 (compatible; MJ12bot/v1.4.8; http://mj12bot.com/)" 
178.150.14.250 - - [02/Apr/2020:05:42:29 -0700] "GET /2018/-the-world-is-a-terrible-place-right-now-and?_t=rss HTTP/1.1" 200 5513 "-" "Mozilla/5.0 (compatible; MJ12bot/v1.4.8; http://mj12bot.com/)" 
178.150.14.250 - - [02/Apr/2020:05:42:36 -0700] "GET /2018/10-practices-for-readable-code HTTP/1.1" 200 9479 "-" "Mozilla/5.0 (compatible; MJ12bot/v1.4.8; http://mj12bot.com/)" 
207.46.13.134 - - [02/Apr/2020:05:42:39 -0700] "GET /file/1c6a8571d6a3da94efbf5eca8c4dc987/thumb.jpg HTTP/1.1" 200 11896 "-" "Mozilla/5.0 (compatible; bingbot/2.0; +http://www.bing.com/bingbot.htm)" 
207.46.13.134 - - [02/Apr/2020:05:42:39 -0700] "GET /file/477bd75681306b6ed9c4dab5418bb3d6/igXBnRMj.jpg HTTP/1.1" 200 138633 "-" "Mozilla/5.0 (compatible; bingbot/2.0; +http://www.bing.com/bingbot.htm)" 
192.151.145.178 - - [02/Apr/2020:05:42:47 -0700] "GET /tag/IndieWeb?offset=132 HTTP/1.1" 200 12631 "-" "Mozilla/5.0 (compatible; MJ12bot/v1.4.8; http://mj12bot.com/)" 
46.229.168.132 - - [02/Apr/2020:05:42:52 -0700] "GET /content/posts/?offset=29&q=%23Indieweb HTTP/1.1" 200 9200 "-" "Mozilla/5.0 (compatible; SemrushBot/6~bl; +http://www.semrush.com/bot.html)" 
192.99.160.200 - - [02/Apr/2020:05:42:56 -0700] "GET /content/all/?offset=130 HTTP/1.1" 200 11717 "-" "Mozilla/5.0 (compatible; MJ12bot/v1.4.8; http://mj12bot.com/)" 
192.151.145.178 - - [02/Apr/2020:05:43:14 -0700] "GET /tag/IndieWeb?offset=132&_t=rss HTTP/1.1" 200 8685 "-" "Mozilla/5.0 (compatible; MJ12bot/v1.4.8; http://mj12bot.com/)" 
192.99.160.200 - - [02/Apr/2020:05:43:31 -0700] "GET /content/all/?offset=130&_t=rss HTTP/1.1" 200 7357 "-" "Mozilla/5.0 (compatible; MJ12bot/v1.4.8; http://mj12bot.com/)" 
192.151.145.178 - - [02/Apr/2020:05:43:44 -0700] "GET /tag/IndieWeb?offset=133 HTTP/1.1" 200 12341 "-" "Mozilla/5.0 (compatible; MJ12bot/v1.4.8; http://mj12bot.com/)" 
46.229.168.137 - - [02/Apr/2020:05:44:09 -0700] "GET /?offset=22&q=%23%2B%23podcast HTTP/1.1" 200 12460 "-" "Mozilla/5.0 (compatible; SemrushBot/6~bl; +http://www.semrush.com/bot.html)" 
192.151.145.178 - - [02/Apr/2020:05:44:15 -0700] "GET /tag/IndieWeb?offset=133&_t=rss HTTP/1.1" 200 8430 "-" "Mozilla/5.0 (compatible; MJ12bot/v1.4.8; http://mj12bot.com/)" 
192.99.160.200 - - [02/Apr/2020:05:44:19 -0700] "GET /content/all/?offset=139 HTTP/1.1" 200 11503 "-" "Mozilla/5.0 (compatible; MJ12bot/v1.4.8; http://mj12bot.com/)" 
192.99.160.200 - - [02/Apr/2020:05:45:11 -0700] "GET /content/all/?offset=139&_t=rss HTTP/1.1" 200 7295 "-" "Mozilla/5.0 (compatible; MJ12bot/v1.4.8; http://mj12bot.com/)" 
192.151.145.178 - - [02/Apr/2020:05:45:16 -0700] "GET /tag/IndieWeb?offset=137 HTTP/1.1" 200 10368 "-" "Mozilla/5.0 (compatible; MJ12bot/v1.4.8; http://mj12bot.com/)" 
46.229.168.134 - - [02/Apr/2020:05:45:17 -0700] "GET /content/rsvp/?q=%23%2B%23food HTTP/1.1" 200 8503 "-" "Mozilla/5.0 (compatible; SemrushBot/6~bl; +http://www.semrush.com/bot.html)" 
192.151.145.178 - - [02/Apr/2020:05:45:58 -0700] "GET /tag/IndieWeb?offset=137&_t=rss HTTP/1.1" 200 6780 "-" "Mozilla/5.0 (compatible; MJ12bot/v1.4.8; http://mj12bot.com/)" 
192.99.160.200 - - [02/Apr/2020:05:46:07 -0700] "GET /content/all/?offset=140 HTTP/1.1" 200 11992 "-" "Mozilla/5.0 (compatible; MJ12bot/v1.4.8; http://mj12bot.com/)" 
192.151.145.178 - - [02/Apr/2020:05:46:24 -0700] "GET /tag/IndieWeb?offset=14 HTTP/1.1" 200 11796 "-" "Mozilla/5.0 (compatible; MJ12bot/v1.4.8; http://mj12bot.com/)" 
46.229.168.152 - - [02/Apr/2020:05:46:51 -0700] "GET /content/all/?q=%23%23testtag HTTP/1.1" 200 9529 "-" "Mozilla/5.0 (compatible; SemrushBot/6~bl; +http://www.semrush.com/bot.html)" 
192.151.145.178 - - [02/Apr/2020:05:47:02 -0700] "GET /tag/IndieWeb?offset=14&_t=rss HTTP/1.1" 200 7648 "-" "Mozilla/5.0 (compatible; MJ12bot/v1.4.8; http://mj12bot.com/)" 
192.99.160.200 - - [02/Apr/2020:05:47:03 -0700] "GET /content/all/?offset=140&_t=rss HTTP/1.1" 200 7774 "-" "Mozilla/5.0 (compatible; MJ12bot/v1.4.8; http://mj12bot.com/)" 
178.150.14.250 - - [02/Apr/2020:05:47:11 -0700] "GET /2018/10-practices-for-readable-code/annotations/6b3459323dc6cdb05f118a53aa0aa9c5 HTTP/1.1" 200 8243 "-" "Mozilla/5.0 (compatible; MJ12bot/v1.4.8; http://mj12bot.com/)" 
178.150.14.250 - - [02/Apr/2020:05:47:19 -0700] "GET /2018/10-questions-for-world-builder-gerry-flahive/annotations/b5d64dc54fe2f0406262b7253a2ea480 HTTP/1.1" 200 8234 "-" "Mozilla/5.0 (compatible; MJ12bot/v1.4.8; http://mj12bot.com/)" 
178.150.14.250 - - [02/Apr/2020:05:47:21 -0700] "GET /2018/10-questions-for-world-builder-gerry-flahive/annotations/b5d64dc54fe2f0406262b7253a2ea480?_t=rss HTTP/1.1" 200 2144 "-" "Mozilla/5.0 (compatible; MJ12bot/v1.4.8; http://mj12bot.com/)" 
178.150.14.250 - - [02/Apr/2020:05:47:26 -0700] "GET /2018/a-little-problem-with-knowns-micropub-endpoint?_t=rss HTTP/1.1" 200 6835 "-" "Mozilla/5.0 (compatible; MJ12bot/v1.4.8; http://mj12bot.com/)" 
192.99.160.200 - - [02/Apr/2020:05:47:30 -0700] "GET /content/all/?offset=149 HTTP/1.1" 200 11540 "-" "Mozilla/5.0 (compatible; MJ12bot/v1.4.8; http://mj12bot.com/)" 
178.150.14.250 - - [02/Apr/2020:05:47:31 -0700] "GET /2018/a-thousand-little-suns/annotations/999ade0b643b1e747d6c56e3089dcceb HTTP/1.1" 200 8161 "-" "Mozilla/5.0 (compatible; MJ12bot/v1.4.8; http://mj12bot.com/)" 
178.150.14.250 - - [02/Apr/2020:05:47:32 -0700] "GET /2018/a-thousand-little-suns/annotations/999ade0b643b1e747d6c56e3089dcceb?_t=rss HTTP/1.1" 200 2065 "-" "Mozilla/5.0 (compatible; MJ12bot/v1.4.8; http://mj12bot.com/)" 
178.150.14.250 - - [02/Apr/2020:05:47:35 -0700] "GET /2018/about-this-website-chris-beckstrom HTTP/1.1" 200 9497 "-" "Mozilla/5.0 (compatible; MJ12bot/v1.4.8; http://mj12bot.com/)" 
178.150.14.250 - - [02/Apr/2020:05:47:38 -0700] "GET /2018/about-this-website-chris-beckstrom?_t=rss HTTP/1.1" 200 5370 "-" "Mozilla/5.0 (compatible; MJ12bot/v1.4.8; http://mj12bot.com/)" 
114.119.164.86 - - [02/Apr/2020:05:47:43 -0700] "GET /2018/getting-ready-for-two-days-of-indieweb HTTP/1.1" 200 9307 "-" "Mozilla/5.0 (Linux; Android 7.0;) AppleWebKit/537.36 (KHTML, like Gecko) Mobile Safari/537.36 (compatible; AspiegelBot)" 
178.150.14.250 - - [02/Apr/2020:05:47:47 -0700] "GET /2018/adactio-journalfood-and-music HTTP/1.1" 200 9476 "-" "Mozilla/5.0 (compatible; MJ12bot/v1.4.8; http://mj12bot.com/)" 
178.150.14.250 - - [02/Apr/2020:05:47:52 -0700] "GET /2018/adactio-journalgdpr-and-google-analytics?_t=rss HTTP/1.1" 200 5514 "-" "Mozilla/5.0 (compatible; MJ12bot/v1.4.8; http://mj12bot.com/)" 
46.229.168.143 - - [02/Apr/2020:05:47:52 -0700] "GET /content/bookmarkedpages/?q=%23Washington HTTP/1.1" 200 8515 "-" "Mozilla/5.0 (compatible; SemrushBot/6~bl; +http://www.semrush.com/bot.html)" 
54.36.148.92 - - [02/Apr/2020:05:47:59 -0700] "GET /content/photos/warmup/?offset=456&_t=rss HTTP/1.1" 200 6656 "-" "Mozilla/5.0 (compatible; AhrefsBot/6.1; +http://ahrefs.com/robot/)" 
178.150.14.250 - - [02/Apr/2020:05:48:00 -0700] "GET /2018/aftermath HTTP/1.1" 200 13825 "-" "Mozilla/5.0 (compatible; MJ12bot/v1.4.8; http://mj12bot.com/)" 
178.150.14.250 - - [02/Apr/2020:05:48:08 -0700] "GET /2018/american-culture-and-platforms-for-producer-creativity-case-study-5 HTTP/1.1" 200 9600 "-" "Mozilla/5.0 (compatible; MJ12bot/v1.4.8; http://mj12bot.com/)" 
178.150.14.250 - - [02/Apr/2020:05:48:13 -0700] "GET /2018/american-culture-and-platforms-for-producer-creativity-case-study-5?_t=rss HTTP/1.1" 200 5477 "-" "Mozilla/5.0 (compatible; MJ12bot/v1.4.8; http://mj12bot.com/)" 
192.151.145.178 - - [02/Apr/2020:05:48:15 -0700] "GET /tag/IndieWeb?offset=17&_t=rss HTTP/1.1" 200 7330 "-" "Mozilla/5.0 (compatible; MJ12bot/v1.4.8; http://mj12bot.com/)" 
54.36.150.81 - - [02/Apr/2020:05:48:20 -0700] "GET /content/photos/?offset=475&_t=rss HTTP/1.1" 200 7638 "-" "Mozilla/5.0 (compatible; AhrefsBot/6.1; +http://ahrefs.com/robot/)" 
178.150.14.250 - - [02/Apr/2020:05:48:20 -0700] "GET /2018/diving-into-diacetyl-for-this-weeks-eat-this-newsletter-you HTTP/1.1" 200 10099 "-" "Mozilla/5.0 (compatible; MJ12bot/v1.4.8; http://mj12bot.com/)" 
178.150.14.250 - - [02/Apr/2020:05:48:28 -0700] "GET /2018/still-puzzled-by-why-some-photo-posts-in-known-go HTTP/1.1" 200 11518 "-" "Mozilla/5.0 (compatible; MJ12bot/v1.4.8; http://mj12bot.com/)" 
178.150.14.250 - - [02/Apr/2020:05:48:31 -0700] "GET /2018/that-was-a-lot-of-fun HTTP/1.1" 200 9624 "-" "Mozilla/5.0 (compatible; MJ12bot/v1.4.8; http://mj12bot.com/)" 
178.150.14.250 - - [02/Apr/2020:05:48:36 -0700] "GET /2018/that-was-a-lot-of-fun?_t=rss HTTP/1.1" 200 5512 "-" "Mozilla/5.0 (compatible; MJ12bot/v1.4.8; http://mj12bot.com/)" 
178.150.14.250 - - [02/Apr/2020:05:48:40 -0700] "GET /2018/thats-a-bit-of-a-disappointment-daily-kos-wont-play/annotations/814912d6997577801b70759a8afd9c2d?_t=rss HTTP/1.1" 200 5392 "-" "Mozilla/5.0 (compatible; MJ12bot/v1.4.8; http://mj12bot.com/)" 
178.150.14.250 - - [02/Apr/2020:05:48:41 -0700] "GET /2018/the-business-model-of-the-internet-is-surveillance-contd?_t=rss HTTP/1.1" 200 2231 "-" "Mozilla/5.0 (compatible; MJ12bot/v1.4.8; http://mj12bot.com/)" 
54.36.149.67 - - [02/Apr/2020:05:48:41 -0700] "GET /content/photos/warmup/?offset=641 HTTP/1.1" 200 10817 "-" "Mozilla/5.0 (compatible; AhrefsBot/6.1; +http://ahrefs.com/robot/)" 
54.36.149.81 - - [02/Apr/2020:05:48:44 -0700] "GET /content/photos/warmup/?offset=638&_t=rss HTTP/1.1" 200 7190 "-" "Mozilla/5.0 (compatible; AhrefsBot/6.1; +http://ahrefs.com/robot/)" 
54.36.150.124 - - [02/Apr/2020:05:48:46 -0700] "GET /content/photos/warmup/?offset=475 HTTP/1.1" 200 11288 "-" "Mozilla/5.0 (compatible; AhrefsBot/6.1; +http://ahrefs.com/robot/)" 
192.99.160.200 - - [02/Apr/2020:05:48:49 -0700] "GET /content/all/?offset=149&_t=rss HTTP/1.1" 200 7772 "-" "Mozilla/5.0 (compatible; MJ12bot/v1.4.8; http://mj12bot.com/)" 
178.150.14.250 - - [02/Apr/2020:05:48:54 -0700] "GET /2018/the-first-image-i-ever-uploaded-to-flickr-frebrusry-2004/annotations/5adc79c720f8ae24b1533d808e8bff82 HTTP/1.1" 200 8254 "-" "Mozilla/5.0 (compatible; MJ12bot/v1.4.8; http://mj12bot.com/)" 
178.150.14.250 - - [02/Apr/2020:05:48:57 -0700] "GET /2018/the-first-image-i-ever-uploaded-to-flickr-frebrusry-2004/annotations/5adc79c720f8ae24b1533d808e8bff82?_t=rss HTTP/1.1" 200 5608 "-" "Mozilla/5.0 (compatible; MJ12bot/v1.4.8; http://mj12bot.com/)" 
178.150.14.250 - - [02/Apr/2020:05:49:01 -0700] "GET /2018/the-first-image-i-ever-uploaded-to-flickr-frebrusry-2004/annotations/6f3256dd73b94dbde9fae0e8e70784fa HTTP/1.1" 200 8253 "-" "Mozilla/5.0 (compatible; MJ12bot/v1.4.8; http://mj12bot.com/)" 
178.150.14.250 - - [02/Apr/2020:05:49:03 -0700] "GET /2018/the-first-image-i-ever-uploaded-to-flickr-frebrusry-2004/annotations/6f3256dd73b94dbde9fae0e8e70784fa?_t=rss HTTP/1.1" 200 5607 "-" "Mozilla/5.0 (compatible; MJ12bot/v1.4.8; http://mj12bot.com/)" 
178.150.14.250 - - [02/Apr/2020:05:49:06 -0700] "GET /2018/the-first-image-i-ever-uploaded-to-flickr-frebrusry-2004/annotations/bbe05137e3c085774c399e007e8f0680?_t=rss HTTP/1.1" 200 5608 "-" "Mozilla/5.0 (compatible; MJ12bot/v1.4.8; http://mj12bot.com/)" 
178.150.14.250 - - [02/Apr/2020:05:49:11 -0700] "GET /2018/the-first-image-i-ever-uploaded-to-flickr-frebrusry-2004/annotations/d05e692141d1384613d186fe488e505b HTTP/1.1" 200 8255 "-" "Mozilla/5.0 (compatible; MJ12bot/v1.4.8; http://mj12bot.com/)" 
192.151.145.178 - - [02/Apr/2020:05:49:14 -0700] "GET /tag/IndieWeb?offset=19 HTTP/1.1" 200 11475 "-" "Mozilla/5.0 (compatible; MJ12bot/v1.4.8; http://mj12bot.com/)" 
178.150.14.250 - - [02/Apr/2020:05:49:15 -0700] "GET /2018/the-first-image-i-ever-uploaded-to-flickr-frebrusry-2004/annotations/d05e692141d1384613d186fe488e505b?_t=rss HTTP/1.1" 200 5609 "-" "Mozilla/5.0 (compatible; MJ12bot/v1.4.8; http://mj12bot.com/)" 
178.150.14.250 - - [02/Apr/2020:05:49:20 -0700] "GET /2018/the-first-image-i-ever-uploaded-to-flickr-frebrusry-2004/annotations/f87e5caa0bdd06ca96113f212e143405?_t=rss HTTP/1.1" 200 5608 "-" "Mozilla/5.0 (compatible; MJ12bot/v1.4.8; http://mj12bot.com/)" 
178.150.14.250 - - [02/Apr/2020:05:49:35 -0700] "GET /2018/the-light--1 HTTP/1.1" 200 9561 "-" "Mozilla/5.0 (compatible; MJ12bot/v1.4.8; http://mj12bot.com/)" 
192.151.145.178 - - [02/Apr/2020:05:49:38 -0700] "GET /tag/IndieWeb?offset=19&_t=rss HTTP/1.1" 200 7427 "-" "Mozilla/5.0 (compatible; MJ12bot/v1.4.8; http://mj12bot.com/)" 
178.150.14.250 - - [02/Apr/2020:05:49:39 -0700] "GET /2018/the-light--1?_t=rss HTTP/1.1" 200 5444 "-" "Mozilla/5.0 (compatible; MJ12bot/v1.4.8; http://mj12bot.com/)" 
178.150.14.250 - - [02/Apr/2020:05:49:43 -0700] "GET /2018/the-mixed-scald-and-starter-ready-for-overnight-ferment-last HTTP/1.1" 200 10986 "-" "Mozilla/5.0 (compatible; MJ12bot/v1.4.8; http://mj12bot.com/)" 
178.150.14.250 - - [02/Apr/2020:05:49:47 -0700] "GET /2018/the-mixed-scald-and-starter-ready-for-overnight-ferment-last?_t=rss HTTP/1.1" 200 5552 "-" "Mozilla/5.0 (compatible; MJ12bot/v1.4.8; http://mj12bot.com/)" 
178.150.14.250 - - [02/Apr/2020:05:49:57 -0700] "GET /2018/the-one-question-i-really-wanted-npr HTTP/1.1" 200 10388 "-" "Mozilla/5.0 (compatible; MJ12bot/v1.4.8; http://mj12bot.com/)" 
192.99.160.200 - - [02/Apr/2020:05:49:59 -0700] "GET /content/all/?offset=150 HTTP/1.1" 200 11078 "-" "Mozilla/5.0 (compatible; MJ12bot/v1.4.8; http://mj12bot.com/)" 
178.150.14.250 - - [02/Apr/2020:05:50:01 -0700] "GET /2018/the-one-question-i-really-wanted-npr?_t=rss HTTP/1.1" 200 5334 "-" "Mozilla/5.0 (compatible; MJ12bot/v1.4.8; http://mj12bot.com/)" 
178.150.14.250 - - [02/Apr/2020:05:50:06 -0700] "GET /2018/the-one-thing-worse-than-no-hotel HTTP/1.1" 200 10526 "-" "Mozilla/5.0 (compatible; MJ12bot/v1.4.8; http://mj12bot.com/)" 
144.76.236.112 - - [02/Apr/2020:05:50:09 -0700] "GET /robots.txt HTTP/1.1" 200 4593 "-" "Mozilla/5.0 (compatible; MJ12bot/v1.4.8; http://mj12bot.com/)" 
144.76.236.112 - - [02/Apr/2020:05:50:11 -0700] "GET /content/all/?q=%23%20%23Http://agro.biodiver.se/&offset=200 HTTP/1.1" 200 9116 "-" "Mozilla/5.0 (compatible; MJ12bot/v1.4.8; http://mj12bot.com/)" 
54.36.150.140 - - [02/Apr/2020:05:50:11 -0700] "GET /?q=%23Sourdough&offset=22 HTTP/1.1" 200 11699 "-" "Mozilla/5.0 (compatible; AhrefsBot/6.1; +http://ahrefs.com/robot/)" 
178.150.14.250 - - [02/Apr/2020:05:50:13 -0700] "GET /2018/the-one-thing-worse-than-no-hotel?_t=rss HTTP/1.1" 200 5356 "-" "Mozilla/5.0 (compatible; MJ12bot/v1.4.8; http://mj12bot.com/)" 
144.76.236.112 - - [02/Apr/2020:05:50:16 -0700] "GET /content/all/?q=%23%20%23Http://agro.biodiver.se/&offset=200&_t=rss HTTP/1.1" 200 8132 "-" "Mozilla/5.0 (compatible; MJ12bot/v1.4.8; http://mj12bot.com/)" 
144.76.236.112 - - [02/Apr/2020:05:50:20 -0700] "GET /content/all/?q=%23%20%23Http://agro.biodiver.se/&offset=204 HTTP/1.1" 200 12170 "-" "Mozilla/5.0 (compatible; MJ12bot/v1.4.8; http://mj12bot.com/)" 
144.76.236.112 - - [02/Apr/2020:05:50:24 -0700] "GET /content/all/?q=%23%20%23Http://agro.biodiver.se/&offset=204&_t=rss HTTP/1.1" 200 7900 "-" "Mozilla/5.0 (compatible; MJ12bot/v1.4.8; http://mj12bot.com/)" 
178.150.14.250 - - [02/Apr/2020:05:50:26 -0700] "GET /2018/the-only-way-is-ethics?_t=rss HTTP/1.1" 200 5389 "-" "Mozilla/5.0 (compatible; MJ12bot/v1.4.8; http://mj12bot.com/)" 
144.76.236.112 - - [02/Apr/2020:05:50:33 -0700] "GET /content/all/?q=%23%20%23Http://agro.biodiver.se/&offset=208 HTTP/1.1" 200 10407 "-" "Mozilla/5.0 (compatible; MJ12bot/v1.4.8; http://mj12bot.com/)" 
178.150.14.250 - - [02/Apr/2020:05:50:35 -0700] "GET /2018/the-poddys---snl---youtube/annotations/092c732ffde09d970f1b892941cd5dfe?_t=rss HTTP/1.1" 200 5441 "-" "Mozilla/5.0 (compatible; MJ12bot/v1.4.8; http://mj12bot.com/)" 
144.76.236.112 - - [02/Apr/2020:05:50:37 -0700] "GET /content/all/?q=%23%20%23Http://agro.biodiver.se/&offset=208&_t=rss HTTP/1.1" 200 6724 "-" "Mozilla/5.0 (compatible; MJ12bot/v1.4.8; http://mj12bot.com/)" 
178.150.14.250 - - [02/Apr/2020:05:50:41 -0700] "GET /2018/the-political-economy-of-trust-memex-11?_t=rss HTTP/1.1" 200 5364 "-" "Mozilla/5.0 (compatible; MJ12bot/v1.4.8; http://mj12bot.com/)" 
144.76.236.112 - - [02/Apr/2020:05:50:46 -0700] "GET /content/all/?q=%23%20%23Http://agro.biodiver.se/&offset=30 HTTP/1.1" 200 10988 "-" "Mozilla/5.0 (compatible; MJ12bot/v1.4.8; http://mj12bot.com/)" 
178.150.14.250 - - [02/Apr/2020:05:50:49 -0700] "GET /2018/the-remarkable-thing-about-taking-the-frangipani-outside-is-that HTTP/1.1" 200 11848 "-" "Mozilla/5.0 (compatible; MJ12bot/v1.4.8; http://mj12bot.com/)" 
144.76.236.112 - - [02/Apr/2020:05:50:51 -0700] "GET /content/all/?q=%23%20%23Http://agro.biodiver.se/&offset=30&_t=rss HTTP/1.1" 200 6877 "-" "Mozilla/5.0 (compatible; MJ12bot/v1.4.8; http://mj12bot.com/)" 
46.229.168.151 - - [02/Apr/2020:05:50:52 -0700] "GET /2019/absolutely-we-need-more-and-better-tools HTTP/1.1" 200 10312 "-" "Mozilla/5.0 (compatible; SemrushBot/6~bl; +http://www.semrush.com/bot.html)" 
46.229.168.135 - - [02/Apr/2020:05:50:54 -0700] "GET /content/audio/?q=%23food HTTP/1.1" 200 8515 "-" "Mozilla/5.0 (compatible; SemrushBot/6~bl; +http://www.semrush.com/bot.html)" 
178.150.14.250 - - [02/Apr/2020:05:50:54 -0700] "GET /2018/the-remarkable-thing-about-taking-the-frangipani-outside-is-that?_t=rss HTTP/1.1" 200 5596 "-" "Mozilla/5.0 (compatible; MJ12bot/v1.4.8; http://mj12bot.com/)" 
178.150.14.250 - - [02/Apr/2020:05:51:03 -0700] "GET /2018/the-resurrection-of-blogrolls-and-webrings-continues HTTP/1.1" 200 9905 "-" "Mozilla/5.0 (compatible; MJ12bot/v1.4.8; http://mj12bot.com/)" 
144.76.236.112 - - [02/Apr/2020:05:51:03 -0700] "GET /content/all/?q=%23%20%23Http://agro.biodiver.se/&offset=40 HTTP/1.1" 200 10856 "-" "Mozilla/5.0 (compatible; MJ12bot/v1.4.8; http://mj12bot.com/)" 
192.151.145.178 - - [02/Apr/2020:05:51:04 -0700] "GET /tag/IndieWeb?offset=20&_t=rss HTTP/1.1" 200 7527 "-" "Mozilla/5.0 (compatible; MJ12bot/v1.4.8; http://mj12bot.com/)" 
144.76.236.112 - - [02/Apr/2020:05:51:05 -0700] "GET /content/all/?q=%23%20%23Http://agro.biodiver.se/&offset=40&_t=rss HTTP/1.1" 200 3737 "-" "Mozilla/5.0 (compatible; MJ12bot/v1.4.8; http://mj12bot.com/)" 
178.150.14.250 - - [02/Apr/2020:05:51:07 -0700] "GET /2018/the-resurrection-of-blogrolls-and-webrings-continues/annotations/2022724056fba1462ec32b3e18aa9741?_t=rss HTTP/1.1" 200 5379 "-" "Mozilla/5.0 (compatible; MJ12bot/v1.4.8; http://mj12bot.com/)" 
178.150.14.250 - - [02/Apr/2020:05:51:15 -0700] "GET /2018/the-romaine-lettuce-outbreak-source-still-unknown-victim-count-rising HTTP/1.1" 200 9648 "-" "Mozilla/5.0 (compatible; MJ12bot/v1.4.8; http://mj12bot.com/)" 
144.76.236.112 - - [02/Apr/2020:05:51:15 -0700] "GET /content/all/?q=%23%20%23Http://agro.biodiver.se/&offset=50 HTTP/1.1" 200 12632 "-" "Mozilla/5.0 (compatible; MJ12bot/v1.4.8; http://mj12bot.com/)" 
144.76.236.112 - - [02/Apr/2020:05:51:17 -0700] "GET /content/all/?q=%23%20%23Http://agro.biodiver.se/&offset=50&_t=rss HTTP/1.1" 200 5264 "-" "Mozilla/5.0 (compatible; MJ12bot/v1.4.8; http://mj12bot.com/)" 
144.76.236.112 - - [02/Apr/2020:05:51:28 -0700] "GET /content/all/?q=%23%20%23Http://agro.biodiver.se/&offset=60 HTTP/1.1" 200 12721 "-" "Mozilla/5.0 (compatible; MJ12bot/v1.4.8; http://mj12bot.com/)" 
178.150.14.250 - - [02/Apr/2020:05:51:30 -0700] "GET /2018/the-value-of-charts----podcast-or/annotations/74287c06e70ddff7be60c31f9c8358bd?_t=rss HTTP/1.1" 200 5689 "-" "Mozilla/5.0 (compatible; MJ12bot/v1.4.8; http://mj12bot.com/)" 
178.150.14.250 - - [02/Apr/2020:05:51:35 -0700] "GET /2018/the-value-of-charts----podcast-or/annotations/a50b80907fa1fee74e4b82c1465cd69b?_t=rss HTTP/1.1" 200 5688 "-" "Mozilla/5.0 (compatible; MJ12bot/v1.4.8; http://mj12bot.com/)" 
144.76.236.112 - - [02/Apr/2020:05:51:43 -0700] "GET /content/all/?q=%23%20%23Http://agro.biodiver.se/&offset=70&_t=rss HTTP/1.1" 200 8668 "-" "Mozilla/5.0 (compatible; MJ12bot/v1.4.8; http://mj12bot.com/)" 
178.150.14.250 - - [02/Apr/2020:05:51:44 -0700] "GET /2018/the-watering-system-is-functional-again HTTP/1.1" 200 11737 "-" "Mozilla/5.0 (compatible; MJ12bot/v1.4.8; http://mj12bot.com/)" 
192.99.160.200 - - [02/Apr/2020:05:51:45 -0700] "GET /content/all/?offset=159 HTTP/1.1" 200 11846 "-" "Mozilla/5.0 (compatible; MJ12bot/v1.4.8; http://mj12bot.com/)" 
144.76.236.112 - - [02/Apr/2020:05:51:48 -0700] "GET /content/all/?q=%23%20%23Http://agro.biodiver.se/&offset=74 HTTP/1.1" 200 12525 "-" "Mozilla/5.0 (compatible; MJ12bot/v1.4.8; http://mj12bot.com/)" 
51.6.254.217 - - [02/Apr/2020:05:51:49 -0700] "GET /service/security/csrftoken/?url=annotation%2Fpost HTTP/1.1" 200 4418 "https://stream.jeremycherfas.net/2020/untitled-36" "Mozilla/5.0 (Macintosh; Intel Mac OS X 10_12_6) AppleWebKit/605.1.15 (KHTML, like Gecko) Version/12.0.3 Safari/605.1.15" 
51.6.254.217 - - [02/Apr/2020:05:51:49 -0700] "GET /service/security/csrftoken/ HTTP/1.1" 500 4786 "https://stream.jeremycherfas.net/2020/untitled-36" "Mozilla/5.0 (Macintosh; Intel Mac OS X 10_12_6) AppleWebKit/605.1.15 (KHTML, like Gecko) Version/12.0.3 Safari/605.1.15" 
46.229.168.147 - - [02/Apr/2020:05:51:50 -0700] "GET /content/photos/?offset=67&q=%23%2B%23bread HTTP/1.1" 200 9086 "-" "Mozilla/5.0 (compatible; SemrushBot/6~bl; +http://www.semrush.com/bot.html)" 
144.76.236.112 - - [02/Apr/2020:05:51:52 -0700] "GET /content/all/?q=%23%20%23Http://agro.biodiver.se/&offset=74&_t=rss HTTP/1.1" 200 8644 "-" "Mozilla/5.0 (compatible; MJ12bot/v1.4.8; http://mj12bot.com/)" 
192.151.145.178 - - [02/Apr/2020:05:52:01 -0700] "GET /tag/IndieWeb?offset=23 HTTP/1.1" 200 13068 "-" "Mozilla/5.0 (compatible; MJ12bot/v1.4.8; http://mj12bot.com/)" 
178.150.14.250 - - [02/Apr/2020:05:52:06 -0700] "GET /2018/the-women-reviving-heirloom-grains-and-flour?_t=rss HTTP/1.1" 200 5502 "-" "Mozilla/5.0 (compatible; MJ12bot/v1.4.8; http://mj12bot.com/)" 
144.76.236.112 - - [02/Apr/2020:05:52:12 -0700] "GET /content/all/?q=%23%20%23Http://agro.biodiver.se/&offset=80 HTTP/1.1" 200 12099 "-" "Mozilla/5.0 (compatible; MJ12bot/v1.4.8; http://mj12bot.com/)" 
144.76.236.112 - - [02/Apr/2020:05:52:18 -0700] "GET /content/all/?q=%23%20%23Http://agro.biodiver.se/&offset=84 HTTP/1.1" 200 11462 "-" "Mozilla/5.0 (compatible; MJ12bot/v1.4.8; http://mj12bot.com/)" 
178.150.14.250 - - [02/Apr/2020:05:52:20 -0700] "GET /2018/the-worst-possible-feedback-it-works-for-me?_t=rss HTTP/1.1" 200 5802 "-" "Mozilla/5.0 (compatible; MJ12bot/v1.4.8; http://mj12bot.com/)" 
144.76.236.112 - - [02/Apr/2020:05:52:22 -0700] "GET /content/all/?q=%23%20%23Http://agro.biodiver.se/&offset=84&_t=rss HTTP/1.1" 200 7512 "-" "Mozilla/5.0 (compatible; MJ12bot/v1.4.8; http://mj12bot.com/)" 
178.150.14.250 - - [02/Apr/2020:05:52:29 -0700] "GET /2018/there-is-no-justification-for-what-mark-zuckerberg-did-to HTTP/1.1" 200 9579 "-" "Mozilla/5.0 (compatible; MJ12bot/v1.4.8; http://mj12bot.com/)" 
192.151.145.178 - - [02/Apr/2020:05:52:34 -0700] "GET /tag/IndieWeb?offset=23&_t=rss HTTP/1.1" 200 9025 "-" "Mozilla/5.0 (compatible; MJ12bot/v1.4.8; http://mj12bot.com/)" 
192.99.160.200 - - [02/Apr/2020:05:52:38 -0700] "GET /content/all/?offset=159&_t=rss HTTP/1.1" 200 7931 "-" "Mozilla/5.0 (compatible; MJ12bot/v1.4.8; http://mj12bot.com/)" 
178.150.14.250 - - [02/Apr/2020:05:52:39 -0700] "GET /2018/there-is-no-justification-for-what-mark-zuckerberg-did-to?_t=rss HTTP/1.1" 200 5433 "-" "Mozilla/5.0 (compatible; MJ12bot/v1.4.8; http://mj12bot.com/)" 
144.76.236.112 - - [02/Apr/2020:05:52:39 -0700] "GET /content/all/?q=%23%20%23Http://agro.biodiver.se/&offset=90 HTTP/1.1" 200 10329 "-" "Mozilla/5.0 (compatible; MJ12bot/v1.4.8; http://mj12bot.com/)" 
144.76.236.112 - - [02/Apr/2020:05:52:45 -0700] "GET /content/all/?q=%23%20%23Http://agro.biodiver.se/&offset=94 HTTP/1.1" 200 10594 "-" "Mozilla/5.0 (compatible; MJ12bot/v1.4.8; http://mj12bot.com/)" 
144.76.236.112 - - [02/Apr/2020:05:52:51 -0700] "GET /content/all/?q=%23%20%23Http://agro.biodiver.se/&offset=94&_t=rss HTTP/1.1" 200 6752 "-" "Mozilla/5.0 (compatible; MJ12bot/v1.4.8; http://mj12bot.com/)" 
178.150.14.250 - - [02/Apr/2020:05:52:53 -0700] "GET /2018/there-we-go-the-finishing-touch-palanga-rye-from-stanley HTTP/1.1" 200 11080 "-" "Mozilla/5.0 (compatible; MJ12bot/v1.4.8; http://mj12bot.com/)" 
178.150.14.250 - - [02/Apr/2020:05:53:01 -0700] "GET /2018/there-we-go-the-finishing-touch-palanga-rye-from-stanley?_t=rss HTTP/1.1" 200 5581 "-" "Mozilla/5.0 (compatible; MJ12bot/v1.4.8; http://mj12bot.com/)" 
144.76.236.112 - - [02/Apr/2020:05:53:01 -0700] "GET /content/all/?q=%23%20%23Http://agro.biodiver.se/&offset=99 HTTP/1.1" 200 10824 "-" "Mozilla/5.0 (compatible; MJ12bot/v1.4.8; http://mj12bot.com/)" 
192.151.145.178 - - [02/Apr/2020:05:53:03 -0700] "GET /tag/IndieWeb?offset=24 HTTP/1.1" 200 13139 "-" "Mozilla/5.0 (compatible; MJ12bot/v1.4.8; http://mj12bot.com/)" 
64.111.100.215 - - [02/Apr/2020:05:53:04 -0700] "GET /content/all?_t=rss HTTP/1.1" 200 16497 "-" "Mozilla/5.0 (X11; U; Linux i686; fr; rv:1.9.1.1) Gecko/20090715 Firefox/3.5.1" 
178.150.14.250 - - [02/Apr/2020:05:53:11 -0700] "GET /2018/there-will-be-bagels?_t=rss HTTP/1.1" 200 5558 "-" "Mozilla/5.0 (compatible; MJ12bot/v1.4.8; http://mj12bot.com/)" 
144.76.236.112 - - [02/Apr/2020:05:53:12 -0700] "GET /content/all/?q=%23%20%23WithKnown&offset=25 HTTP/1.1" 200 13129 "-" "Mozilla/5.0 (compatible; MJ12bot/v1.4.8; http://mj12bot.com/)" 
144.76.236.112 - - [02/Apr/2020:05:53:14 -0700] "GET /content/all/?q=%23%20%23WithKnown&offset=25&_t=rss HTTP/1.1" 200 6002 "-" "Mozilla/5.0 (compatible; MJ12bot/v1.4.8; http://mj12bot.com/)" 
178.150.14.250 - - [02/Apr/2020:05:53:15 -0700] "GET /2018/very-interesting-read-i-too-didnt-realise HTTP/1.1" 200 10276 "-" "Mozilla/5.0 (compatible; MJ12bot/v1.4.8; http://mj12bot.com/)" 
178.150.14.250 - - [02/Apr/2020:05:53:21 -0700] "GET /2019/almost-all-gone HTTP/1.1" 200 12153 "-" "Mozilla/5.0 (compatible; MJ12bot/v1.4.8; http://mj12bot.com/)" 
144.76.236.112 - - [02/Apr/2020:05:53:25 -0700] "GET /content/all/?q=%23%20%23WithKnown&offset=35&_t=rss HTTP/1.1" 200 7825 "-" "Mozilla/5.0 (compatible; MJ12bot/v1.4.8; http://mj12bot.com/)" 
178.150.14.250 - - [02/Apr/2020:05:53:29 -0700] "GET /2019/this-news-of-a-site-for-indieweb?_t=rss HTTP/1.1" 200 5427 "-" "Mozilla/5.0 (compatible; MJ12bot/v1.4.8; http://mj12bot.com/)" 
192.99.160.200 - - [02/Apr/2020:05:53:35 -0700] "GET /content/all/?offset=160 HTTP/1.1" 200 11924 "-" "Mozilla/5.0 (compatible; MJ12bot/v1.4.8; http://mj12bot.com/)" 
144.76.236.112 - - [02/Apr/2020:05:53:35 -0700] "GET /content/all/?q=%23%20%23WithKnown&offset=45&_t=rss HTTP/1.1" 200 7524 "-" "Mozilla/5.0 (compatible; MJ12bot/v1.4.8; http://mj12bot.com/)" 
114.119.167.191 - - [02/Apr/2020:05:53:37 -0700] "GET /profile/jeremy?offset=100 HTTP/1.1" 200 19231 "-" "Mozilla/5.0 (Linux; Android 7.0;) AppleWebKit/537.36 (KHTML, like Gecko) Mobile Safari/537.36 (compatible; AspiegelBot)" 
192.151.145.178 - - [02/Apr/2020:05:53:37 -0700] "GET /tag/IndieWeb?offset=24&_t=rss HTTP/1.1" 200 9080 "-" "Mozilla/5.0 (compatible; MJ12bot/v1.4.8; http://mj12bot.com/)" 
178.150.14.250 - - [02/Apr/2020:05:53:42 -0700] "GET /2019/this-post-opened-a-whole-can-of HTTP/1.1" 200 10301 "-" "Mozilla/5.0 (compatible; MJ12bot/v1.4.8; http://mj12bot.com/)" 
144.76.236.112 - - [02/Apr/2020:05:53:52 -0700] "GET /content/all/?q=%23%20%23bagels&_t=rss HTTP/1.1" 200 6088 "-" "Mozilla/5.0 (compatible; MJ12bot/v1.4.8; http://mj12bot.com/)" 
46.229.168.138 - - [02/Apr/2020:05:53:55 -0700] "GET /content/bookmarkedpages/?q=%23multigrain HTTP/1.1" 200 8514 "-" "Mozilla/5.0 (compatible; SemrushBot/6~bl; +http://www.semrush.com/bot.html)" 
178.150.14.250 - - [02/Apr/2020:05:53:58 -0700] "GET /2019/this-years-harvest-of-multiplier-onions-on-the-right-next HTTP/1.1" 200 9736 "-" "Mozilla/5.0 (compatible; MJ12bot/v1.4.8; http://mj12bot.com/)" 
178.150.14.250 - - [02/Apr/2020:05:54:05 -0700] "GET /2019/this-years-harvest-of-multiplier-onions-on-the-right-next?_t=rss HTTP/1.1" 200 5588 "-" "Mozilla/5.0 (compatible; MJ12bot/v1.4.8; http://mj12bot.com/)" 
178.150.14.250 - - [02/Apr/2020:05:54:20 -0700] "GET /2019/three-successive-days-of-sunshine-and-the-crocuses-are-out?_t=rss HTTP/1.1" 200 5596 "-" "Mozilla/5.0 (compatible; MJ12bot/v1.4.8; http://mj12bot.com/)" 
178.150.14.250 - - [02/Apr/2020:05:54:26 -0700] "GET /2019/til-about-chewbacca-mask-lady-in-the HTTP/1.1" 200 9427 "-" "Mozilla/5.0 (compatible; MJ12bot/v1.4.8; http://mj12bot.com/)" 
192.99.160.200 - - [02/Apr/2020:05:54:26 -0700] "GET /content/all/?offset=160&_t=rss HTTP/1.1" 200 7893 "-" "Mozilla/5.0 (compatible; MJ12bot/v1.4.8; http://mj12bot.com/)" 
178.150.14.250 - - [02/Apr/2020:05:54:34 -0700] "GET /2019/til-about-chewbacca-mask-lady-in-the?_t=rss HTTP/1.1" 200 5339 "-" "Mozilla/5.0 (compatible; MJ12bot/v1.4.8; http://mj12bot.com/)" 
178.150.14.250 - - [02/Apr/2020:05:54:39 -0700] "GET /2019/til-beets-and-bougainvillea-are-a-lost HTTP/1.1" 200 10020 "-" "Mozilla/5.0 (compatible; MJ12bot/v1.4.8; http://mj12bot.com/)" 
192.151.145.178 - - [02/Apr/2020:05:54:40 -0700] "GET /tag/IndieWeb?offset=27 HTTP/1.1" 200 13001 "-" "Mozilla/5.0 (compatible; MJ12bot/v1.4.8; http://mj12bot.com/)" 
178.150.14.250 - - [02/Apr/2020:05:54:42 -0700] "GET /2019/til-beets-and-bougainvillea-are-a-lost?_t=rss HTTP/1.1" 200 5312 "-" "Mozilla/5.0 (compatible; MJ12bot/v1.4.8; http://mj12bot.com/)" 
178.150.14.250 - - [02/Apr/2020:05:54:52 -0700] "GET /2019/tim-harford-article-how-the-brexit-debate-was-flushed-down?_t=rss HTTP/1.1" 200 5540 "-" "Mozilla/5.0 (compatible; MJ12bot/v1.4.8; http://mj12bot.com/)" 
178.150.14.250 - - [02/Apr/2020:05:55:02 -0700] "GET /2019/tim-harford-how-this-climate-change-economist-changed-my-world?_t=rss HTTP/1.1" 200 5441 "-" "Mozilla/5.0 (compatible; MJ12bot/v1.4.8; http://mj12bot.com/)" 
192.151.145.178 - - [02/Apr/2020:05:55:09 -0700] "GET /tag/IndieWeb?offset=27&_t=rss HTTP/1.1" 200 9015 "-" "Mozilla/5.0 (compatible; MJ12bot/v1.4.8; http://mj12bot.com/)" 
178.150.14.250 - - [02/Apr/2020:05:55:12 -0700] "GET /2019/tim-harford-should-we-take-a-few-long-holidays-or?_t=rss HTTP/1.1" 200 5516 "-" "Mozilla/5.0 (compatible; MJ12bot/v1.4.8; http://mj12bot.com/)" 
178.150.14.250 - - [02/Apr/2020:05:55:19 -0700] "GET /2019/time-pieces HTTP/1.1" 200 14081 "-" "Mozilla/5.0 (compatible; MJ12bot/v1.4.8; http://mj12bot.com/)" 
178.150.14.250 - - [02/Apr/2020:05:55:29 -0700] "GET /2019/time-pieces?_t=rss HTTP/1.1" 200 5459 "-" "Mozilla/5.0 (compatible; MJ12bot/v1.4.8; http://mj12bot.com/)" 
178.150.14.250 - - [02/Apr/2020:05:55:40 -0700] "GET /2019/tldrlegal---software-licenses-explained-in-plain-english HTTP/1.1" 200 9441 "-" "Mozilla/5.0 (compatible; MJ12bot/v1.4.8; http://mj12bot.com/)" 
178.150.14.250 - - [02/Apr/2020:05:55:44 -0700] "GET /2019/tldrlegal---software-licenses-explained-in-plain-english?_t=rss HTTP/1.1" 200 5317 "-" "Mozilla/5.0 (compatible; MJ12bot/v1.4.8; http://mj12bot.com/)" 
46.229.168.133 - - [02/Apr/2020:05:55:44 -0700] "GET /robots.txt HTTP/1.1" 200 4576 "-" "Mozilla/5.0 (compatible; SemrushBot/6~bl; +http://www.semrush.com/bot.html)" 
46.229.168.134 - - [02/Apr/2020:05:55:46 -0700] "GET /?offset=81&q=%23%2B%23bread HTTP/1.1" 200 10993 "-" "Mozilla/5.0 (compatible; SemrushBot/6~bl; +http://www.semrush.com/bot.html)" 
178.150.14.250 - - [02/Apr/2020:05:55:52 -0700] "GET /2019/today-i-will-mostly-be-making-hot-cross-buns-leavened HTTP/1.1" 200 14828 "-" "Mozilla/5.0 (compatible; MJ12bot/v1.4.8; http://mj12bot.com/)" 
178.150.14.250 - - [02/Apr/2020:05:56:02 -0700] "GET /2019/today-i-will-mostly-be-making-hot-cross-buns-leavened?_t=rss HTTP/1.1" 200 5625 "-" "Mozilla/5.0 (compatible; MJ12bot/v1.4.8; http://mj12bot.com/)" 
192.151.145.178 - - [02/Apr/2020:05:56:06 -0700] "GET /tag/IndieWeb?offset=29 HTTP/1.1" 200 13222 "-" "Mozilla/5.0 (compatible; MJ12bot/v1.4.8; http://mj12bot.com/)" 
