165.227.98.114 - - [24/Feb/2020:00:02:42 -0800] "GET / HTTP/1.1" 301 3788 "-" "-" 
216.244.66.237 - - [24/Feb/2020:00:04:37 -0800] "GET /wp/Archive/2011/02/02/a-short-review-by-a-tall-reader/?replytocom=57752 HTTP/1.1" 301 3721 "-" "Mozilla/5.0 (compatible; DotBot/1.1; http://www.opensiteexplorer.org/dotbot, help@moz.com)" 
2.121.76.117 - - [24/Feb/2020:00:06:05 -0800] "GET / HTTP/1.1" 301 3630 "-" "Mozilla/5.0 (Macintosh; Intel Mac OS X 10_15) AppleWebKit/605.1.15 (KHTML, like Gecko) Version/13.0.5 Safari/605.1.15" 
66.249.70.36 - - [24/Feb/2020:00:13:09 -0800] "GET /robots.txt HTTP/1.1" 301 3845 "-" "Mozilla/5.0 (compatible; Googlebot/2.1; +http://www.google.com/bot.html)" 
66.249.70.36 - - [24/Feb/2020:00:13:10 -0800] "GET /blog/a-pox-on-spammers HTTP/1.1" 301 590 "-" "Mozilla/5.0 (Linux; Android 6.0.1; Nexus 5X Build/MMB29P) AppleWebKit/537.36 (KHTML, like Gecko) Chrome/80.0.3987.92 Mobile Safari/537.36 (compatible; Googlebot/2.1; +http://www.google.com/bot.html)" 
201.182.150.81 - - [24/Feb/2020:00:13:42 -0800] "HEAD / HTTP/1.1" 301 3537 "-" "CyotekWebCopy/1.8 CyotekHTTP/2.0" 
54.39.177.198 - - [24/Feb/2020:00:47:44 -0800] "GET /.rss HTTP/1.1" 301 3582 "-" "Mozilla/5.0 (compatible; YaK/1.0; http://linkfluence.com/; bot@linkfluence.com)" 
54.39.177.198 - - [24/Feb/2020:01:37:45 -0800] "GET /.atom HTTP/1.1" 301 3584 "-" "Mozilla/5.0 (compatible; YaK/1.0; http://linkfluence.com/; bot@linkfluence.com)" 
207.46.13.144 - - [24/Feb/2020:01:39:31 -0800] "GET /robots.txt HTTP/1.1" 301 2076 "-" "Mozilla/5.0 (compatible; bingbot/2.0; +http://www.bing.com/bingbot.htm)" 
207.46.13.144 - - [24/Feb/2020:01:39:43 -0800] "GET /robots.txt HTTP/1.1" 301 3845 "-" "Mozilla/5.0 (compatible; bingbot/2.0; +http://www.bing.com/bingbot.htm)" 
207.46.13.126 - - [24/Feb/2020:01:39:48 -0800] "GET / HTTP/1.1" 301 3825 "-" "Mozilla/5.0 (compatible; bingbot/2.0; +http://www.bing.com/bingbot.htm)" 
112.74.23.231 - - [24/Feb/2020:01:54:02 -0800] "GET /www.zip HTTP/1.1" 301 3870 "-" "python-requests/2.22.0" 
216.244.66.237 - - [24/Feb/2020:02:11:24 -0800] "GET /wp/Archive/2006/08/08/food-news-5-a-review/?replytocom=2327 HTTP/1.1" 301 3697 "-" "Mozilla/5.0 (compatible; DotBot/1.1; http://www.opensiteexplorer.org/dotbot, help@moz.com)" 
216.244.66.237 - - [24/Feb/2020:02:11:27 -0800] "GET /wp/Archive/2009/01/29/gnarly-science/?replytocom=11882 HTTP/1.1" 301 3687 "-" "Mozilla/5.0 (compatible; DotBot/1.1; http://www.opensiteexplorer.org/dotbot, help@moz.com)" 
54.39.177.198 - - [24/Feb/2020:02:28:13 -0800] "GET /blog.rss HTTP/1.1" 301 3590 "-" "Mozilla/5.0 (compatible; YaK/1.0; http://linkfluence.com/; bot@linkfluence.com)" 
216.244.66.237 - - [24/Feb/2020:02:56:33 -0800] "GET /wp/Archive/2008/07/14/another-one-bites-the-dust/?replytocom=31077 HTTP/1.1" 301 3711 "-" "Mozilla/5.0 (compatible; DotBot/1.1; http://www.opensiteexplorer.org/dotbot, help@moz.com)" 
216.244.66.237 - - [24/Feb/2020:02:56:37 -0800] "GET /wp/Archive/2010/09/20/web-of-stories-youtube-for-the-rest-of-us/?replytocom=51143 HTTP/1.1" 301 3741 "-" "Mozilla/5.0 (compatible; DotBot/1.1; http://www.opensiteexplorer.org/dotbot, help@moz.com)" 
216.244.66.237 - - [24/Feb/2020:02:56:41 -0800] "GET /wp/Archive/2013/02/23/mentuccia-is-not-pennyroyal/?replytocom=115566 HTTP/1.1" 301 3715 "-" "Mozilla/5.0 (compatible; DotBot/1.1; http://www.opensiteexplorer.org/dotbot, help@moz.com)" 
216.244.66.237 - - [24/Feb/2020:03:02:26 -0800] "GET /wp/Archive/2006/07/18/food-news-3/ HTTP/1.1" 301 3647 "-" "Mozilla/5.0 (compatible; DotBot/1.1; http://www.opensiteexplorer.org/dotbot, help@moz.com)" 
5.196.87.174 - - [24/Feb/2020:03:23:40 -0800] "GET /robots.txt HTTP/1.1" 301 3594 "-" "Mozilla/5.0 (compatible; AhrefsBot/6.1; +http://ahrefs.com/robot/)" 
159.65.227.41 - - [24/Feb/2020:03:25:25 -0800] "GET /blog.atom HTTP/1.1" 301 3843 "-" "NewsBlur Feed Fetcher - 1 subscriber - http://www.newsblur.com/site/7674568/jeremy-cherfas-posts (Mozilla/5.0 (Macintosh; Intel Mac OS X 10_12_3) AppleWebKit/537.36 (KHTML, like Gecko) Chrome/56.0.2924.87 Safari/537.36)" 
216.244.66.237 - - [24/Feb/2020:03:33:07 -0800] "GET /wp/Archive/2006/05/08/i-love-latin/?replytocom=1995 HTTP/1.1" 301 3681 "-" "Mozilla/5.0 (compatible; DotBot/1.1; http://www.opensiteexplorer.org/dotbot, help@moz.com)" 
216.244.66.237 - - [24/Feb/2020:03:33:12 -0800] "GET /wp/Archive/2006/11/20/yeah-right/?replytocom=6086 HTTP/1.1" 301 3677 "-" "Mozilla/5.0 (compatible; DotBot/1.1; http://www.opensiteexplorer.org/dotbot, help@moz.com)" 
216.244.66.237 - - [24/Feb/2020:03:33:14 -0800] "GET /wp/Archive/2007/07/16/lifelong-learning/?replytocom=8342 HTTP/1.1" 301 3691 "-" "Mozilla/5.0 (compatible; DotBot/1.1; http://www.opensiteexplorer.org/dotbot, help@moz.com)" 
216.244.66.237 - - [24/Feb/2020:03:33:18 -0800] "GET /wp/Archive/2008/05/29/is-it-rolling-van/?replytocom=10018 HTTP/1.1" 301 3693 "-" "Mozilla/5.0 (compatible; DotBot/1.1; http://www.opensiteexplorer.org/dotbot, help@moz.com)" 
216.244.66.237 - - [24/Feb/2020:03:34:36 -0800] "GET /wp/Archive/2009/09/18/gutta-percha-snaps-back/?replytocom=16988 HTTP/1.1" 301 3731 "-" "Mozilla/5.0 (compatible; DotBot/1.1; http://www.opensiteexplorer.org/dotbot, help@moz.com)" 
216.244.66.237 - - [24/Feb/2020:03:34:37 -0800] "GET /wp/Archive/2010/04/13/a-manifesto-for-change/?replytocom=38580 HTTP/1.1" 301 3729 "-" "Mozilla/5.0 (compatible; DotBot/1.1; http://www.opensiteexplorer.org/dotbot, help@moz.com)" 
216.244.66.237 - - [24/Feb/2020:03:34:40 -0800] "GET /wp/Archive/2010/11/16/some-leavening-thoughts/?replytocom=53522 HTTP/1.1" 301 3731 "-" "Mozilla/5.0 (compatible; DotBot/1.1; http://www.opensiteexplorer.org/dotbot, help@moz.com)" 
216.244.66.237 - - [24/Feb/2020:03:34:41 -0800] "GET /wp/Archive/2011/08/07/well-whaddaya-know-im-curating-content/?replytocom=66023 HTTP/1.1" 301 3735 "-" "Mozilla/5.0 (compatible; DotBot/1.1; http://www.opensiteexplorer.org/dotbot, help@moz.com)" 
216.244.66.237 - - [24/Feb/2020:03:34:43 -0800] "GET /wp/Archive/2013/02/23/mentuccia-is-not-pennyroyal/?replytocom=115573 HTTP/1.1" 301 3715 "-" "Mozilla/5.0 (compatible; DotBot/1.1; http://www.opensiteexplorer.org/dotbot, help@moz.com)" 
116.85.51.191 - - [24/Feb/2020:03:42:54 -0800] "GET /bak.zip HTTP/1.1" 301 3870 "-" "python-requests/2.22.0" 
35.239.58.193 - - [24/Feb/2020:04:03:51 -0800] "GET /robots.txt HTTP/1.1" 301 3808 "-" "ltx71 - (http://ltx71.com/)" 
35.239.58.193 - - [24/Feb/2020:04:04:31 -0800] "GET / HTTP/1.1" 301 3788 "-" "ltx71 - (http://ltx71.com/)" 
192.99.7.128 - - [24/Feb/2020:04:14:13 -0800] "GET /robots.txt HTTP/1.1" 301 3845 "-" "Mozilla/5.0 (compatible; MJ12bot/v1.4.8; http://mj12bot.com/)" 
192.99.7.128 - - [24/Feb/2020:04:16:26 -0800] "GET / HTTP/1.1" 301 3769 "-" "Mozilla/5.0 (compatible; MJ12bot/v1.4.8; http://mj12bot.com/)" 
216.244.66.237 - - [24/Feb/2020:04:24:18 -0800] "GET /wp/Archive/2006/11/24/nutrition-genes-feed-fantasy/?replytocom=6106 HTTP/1.1" 301 3713 "-" "Mozilla/5.0 (compatible; DotBot/1.1; http://www.opensiteexplorer.org/dotbot, help@moz.com)" 
216.244.66.237 - - [24/Feb/2020:04:24:21 -0800] "GET /wp/Archive/2007/01/29/knowing-where-youve-been-part-i/?replytocom=6635 HTTP/1.1" 301 3719 "-" "Mozilla/5.0 (compatible; DotBot/1.1; http://www.opensiteexplorer.org/dotbot, help@moz.com)" 
216.244.66.237 - - [24/Feb/2020:04:24:24 -0800] "GET /wp/Archive/2008/04/08/catching-up-of-sorts/?replytocom=9541 HTTP/1.1" 301 3697 "-" "Mozilla/5.0 (compatible; DotBot/1.1; http://www.opensiteexplorer.org/dotbot, help@moz.com)" 
116.193.170.50 - - [24/Feb/2020:04:30:51 -0800] "GET / HTTP/1.1" 301 3825 "-" "Mozilla/5.0 (Windows NT 6.2; WOW64) AppleWebKit/537.36 (KHTML, like Gecko) Chrome/27.0.1453.94 Safari/537.36" 
120.25.58.199 - - [24/Feb/2020:04:32:32 -0800] "GET /www.rar HTTP/1.1" 301 3865 "-" "python-requests/2.23.0" 
149.202.78.80 - - [24/Feb/2020:04:53:07 -0800] "OPTIONS / HTTP/1.1" 301 3574 "-" "curl/7.68.0" 
216.244.66.237 - - [24/Feb/2020:05:07:01 -0800] "GET /wp/Archive/2007/05/22/food-news-46/?replytocom=7540 HTTP/1.1" 301 3681 "-" "Mozilla/5.0 (compatible; DotBot/1.1; http://www.opensiteexplorer.org/dotbot, help@moz.com)" 
216.244.66.237 - - [24/Feb/2020:05:07:04 -0800] "GET /wp/Archive/2008/10/11/brought-up-short/?replytocom=11155 HTTP/1.1" 301 3691 "-" "Mozilla/5.0 (compatible; DotBot/1.1; http://www.opensiteexplorer.org/dotbot, help@moz.com)" 
39.108.61.215 - - [24/Feb/2020:05:12:25 -0800] "GET /web.rar HTTP/1.1" 301 3865 "-" "python-requests/2.23.0" 
46.229.168.143 - - [24/Feb/2020:05:18:10 -0800] "GET /robots.txt HTTP/1.1" 301 3808 "-" "Mozilla/5.0 (compatible; SemrushBot/6~bl; +http://www.semrush.com/bot.html)" 
46.229.168.141 - - [24/Feb/2020:05:18:11 -0800] "GET /blog/must-i-pay-the-cost-of-switching-i-must/ HTTP/1.1" 301 3904 "-" "Mozilla/5.0 (compatible; SemrushBot/6~bl; +http://www.semrush.com/bot.html)" 
216.244.66.237 - - [24/Feb/2020:05:49:48 -0800] "GET /wp/Archive/2008/03/16/radicchio-rossa-di-treviso/?replytocom=9491 HTTP/1.1" 301 3709 "-" "Mozilla/5.0 (compatible; DotBot/1.1; http://www.opensiteexplorer.org/dotbot, help@moz.com)" 
120.24.62.76 - - [24/Feb/2020:05:50:13 -0800] "GET /bak.rar HTTP/1.1" 301 3865 "-" "python-requests/2.23.0" 
120.25.58.199 - - [24/Feb/2020:06:30:45 -0800] "GET /www.7z HTTP/1.1" 301 3863 "-" "python-requests/2.23.0" 
216.244.66.237 - - [24/Feb/2020:06:32:07 -0800] "GET /wp/Archive/2007/07/23/unabbreviated-bliss/?replytocom=8366 HTTP/1.1" 301 3695 "-" "Mozilla/5.0 (compatible; DotBot/1.1; http://www.opensiteexplorer.org/dotbot, help@moz.com)" 
216.244.66.237 - - [24/Feb/2020:06:32:10 -0800] "GET /wp/Archive/2010/03/30/a-food-community/?replytocom=37444 HTTP/1.1" 301 3691 "-" "Mozilla/5.0 (compatible; DotBot/1.1; http://www.opensiteexplorer.org/dotbot, help@moz.com)" 
120.25.58.199 - - [24/Feb/2020:07:11:39 -0800] "GET /web.7z HTTP/1.1" 301 3863 "-" "python-requests/2.23.0" 
216.244.66.237 - - [24/Feb/2020:07:15:06 -0800] "GET /wp/Archive/2006/03/09/a-peoples-history-of-what/?replytocom=1907 HTTP/1.1" 301 3733 "-" "Mozilla/5.0 (compatible; DotBot/1.1; http://www.opensiteexplorer.org/dotbot, help@moz.com)" 
216.244.66.237 - - [24/Feb/2020:07:15:11 -0800] "GET /wp/Archive/2006/05/16/gm-on-the-runs/?replytocom=2026 HTTP/1.1" 301 3685 "-" "Mozilla/5.0 (compatible; DotBot/1.1; http://www.opensiteexplorer.org/dotbot, help@moz.com)" 
216.244.66.237 - - [24/Feb/2020:07:15:14 -0800] "GET /wp/Archive/2008/04/08/good-news-everyone/?replytocom=9581 HTTP/1.1" 301 3693 "-" "Mozilla/5.0 (compatible; DotBot/1.1; http://www.opensiteexplorer.org/dotbot, help@moz.com)" 
45.83.220.157 - - [24/Feb/2020:07:21:46 -0800] "GET /stream HTTP/1.1" 301 3863 "-" "Mozilla/5.0 (Macintosh; Intel Mac OS X 10.13; rv:73.0) Gecko/20100101 Firefox/73.0" 
112.74.23.231 - - [24/Feb/2020:07:53:33 -0800] "GET /bak.7z HTTP/1.1" 301 3868 "-" "python-requests/2.22.0" 
198.108.66.240 - - [24/Feb/2020:08:02:17 -0800] "GET / HTTP/1.1" 301 3769 "-" "Mozilla/5.0 zgrab/0.x" 
35.239.58.193 - - [24/Feb/2020:08:08:01 -0800] "GET /robots.txt HTTP/1.1" 301 3808 "-" "ltx71 - (http://ltx71.com/)" 
35.239.58.193 - - [24/Feb/2020:08:08:41 -0800] "GET /grav-admin/about HTTP/1.1" 301 3820 "-" "ltx71 - (http://ltx71.com/)" 
114.119.128.93 - - [24/Feb/2020:08:16:06 -0800] "GET / HTTP/1.1" 301 3593 "-" "Mozilla/5.0(Linux;Android 5.1.1;OPPO A33 Build/LMY47V;wv) AppleWebKit/537.36(KHTML,link Gecko) Version/4.0 Chrome/43.0.2357.121 Mobile Safari/537.36" 
159.65.229.26 - - [24/Feb/2020:08:24:33 -0800] "GET /blog.atom HTTP/1.1" 301 3843 "-" "NewsBlur Feed Fetcher - 1 subscriber - http://www.newsblur.com/site/7674568/jeremy-cherfas-posts (Mozilla/5.0 (Macintosh; Intel Mac OS X 10_12_3) AppleWebKit/537.36 (KHTML, like Gecko) Chrome/56.0.2924.87 Safari/537.36)" 
39.108.61.215 - - [24/Feb/2020:08:38:21 -0800] "GET /wwwroot.zip HTTP/1.1" 301 3847 "-" "python-requests/2.23.0" 
46.229.161.131 - - [24/Feb/2020:08:39:34 -0800] "HEAD / HTTP/1.1" 301 3305 "-" "Mozilla/5.0 (compatible; SemrushBot; +http://www.semrush.com/bot.html)" 
46.229.161.131 - - [24/Feb/2020:08:39:34 -0800] "HEAD / HTTP/1.1" 301 3305 "-" "Mozilla/5.0 (compatible; SemrushBot; +http://www.semrush.com/bot.html)" 
216.244.66.237 - - [24/Feb/2020:08:40:28 -0800] "GET /wp/Archive/2008/11/19/a-blatant-attempt-to-fix-something/?replytocom=11293 HTTP/1.1" 301 3727 "-" "Mozilla/5.0 (compatible; DotBot/1.1; http://www.opensiteexplorer.org/dotbot, help@moz.com)" 
216.244.66.237 - - [24/Feb/2020:09:05:08 -0800] "GET /wp/Archive/2009/12/03/everything-old-is-new-again-cold-start-cloche-baking/ HTTP/1.1" 301 3729 "-" "Mozilla/5.0 (compatible; DotBot/1.1; http://www.opensiteexplorer.org/dotbot, help@moz.com)" 
54.39.177.198 - - [24/Feb/2020:10:03:59 -0800] "GET /blog.atom HTTP/1.1" 301 3592 "-" "Mozilla/5.0 (compatible; YaK/1.0; http://linkfluence.com/; bot@linkfluence.com)" 
112.74.23.231 - - [24/Feb/2020:10:13:18 -0800] "GET /database.rar HTTP/1.1" 301 3854 "-" "python-requests/2.22.0" 
192.243.53.51 - - [24/Feb/2020:10:30:55 -0800] "GET / HTTP/1.1" 301 3574 "-" "SEMrushBot" 
192.243.53.51 - - [24/Feb/2020:10:30:55 -0800] "GET / HTTP/1.1" 200 10120 "https://jeremycherfas.net/" "SEMrushBot" 
46.229.168.151 - - [24/Feb/2020:10:32:14 -0800] "GET /robots.txt HTTP/1.1" 301 3808 "-" "Mozilla/5.0 (compatible; SemrushBot/6~bl; +http://www.semrush.com/bot.html)" 
46.229.168.144 - - [24/Feb/2020:10:32:16 -0800] "GET /blog/eagles-point-the-way HTTP/1.1" 301 3838 "-" "Mozilla/5.0 (compatible; SemrushBot/6~bl; +http://www.semrush.com/bot.html)" 
216.244.66.237 - - [24/Feb/2020:10:36:39 -0800] "GET /wp/Archive/2004/03/06/garden-joy/ HTTP/1.1" 301 3645 "-" "Mozilla/5.0 (compatible; DotBot/1.1; http://www.opensiteexplorer.org/dotbot, help@moz.com)" 
46.229.168.147 - - [24/Feb/2020:10:51:31 -0800] "GET /robots.txt HTTP/1.1" 301 3808 "-" "Mozilla/5.0 (compatible; SemrushBot/6~bl; +http://www.semrush.com/bot.html)" 
46.229.168.163 - - [24/Feb/2020:10:51:31 -0800] "GET /blog/if-this-blog-... HTTP/1.1" 301 3830 "-" "Mozilla/5.0 (compatible; SemrushBot/6~bl; +http://www.semrush.com/bot.html)" 
216.244.66.237 - - [24/Feb/2020:10:55:59 -0800] "GET /wp/Archive/2008/09/04/the-man-who-invented-the-cowboy-shirt/?replytocom=11007 HTTP/1.1" 301 3733 "-" "Mozilla/5.0 (compatible; DotBot/1.1; http://www.opensiteexplorer.org/dotbot, help@moz.com)" 
192.243.53.51 - - [24/Feb/2020:11:02:56 -0800] "GET / HTTP/1.1" 301 3574 "-" "SEMrushBot" 
192.243.53.51 - - [24/Feb/2020:11:02:56 -0800] "GET / HTTP/1.1" 200 10120 "https://jeremycherfas.net/" "SEMrushBot" 
120.25.58.199 - - [24/Feb/2020:11:29:37 -0800] "GET /database.zip HTTP/1.1" 301 3849 "-" "python-requests/2.23.0" 
54.39.177.198 - - [24/Feb/2020:11:51:51 -0800] "GET /blog.rss HTTP/1.1" 301 3590 "-" "Mozilla/5.0 (compatible; YaK/1.0; http://linkfluence.com/; bot@linkfluence.com)" 
46.229.168.139 - - [24/Feb/2020:12:02:07 -0800] "GET /robots.txt HTTP/1.1" 301 3808 "-" "Mozilla/5.0 (compatible; SemrushBot/6~bl; +http://www.semrush.com/bot.html)" 
46.229.168.162 - - [24/Feb/2020:12:02:08 -0800] "GET /blog/snap HTTP/1.1" 301 3806 "-" "Mozilla/5.0 (compatible; SemrushBot/6~bl; +http://www.semrush.com/bot.html)" 
112.74.23.231 - - [24/Feb/2020:12:20:40 -0800] "GET /database.7z HTTP/1.1" 301 3852 "-" "python-requests/2.22.0" 
216.244.66.237 - - [24/Feb/2020:12:21:04 -0800] "GET /wp/Archive/2005/05/11/dna-scientist-francis-crick-dies-at-88/?replytocom=217 HTTP/1.1" 301 3731 "-" "Mozilla/5.0 (compatible; DotBot/1.1; http://www.opensiteexplorer.org/dotbot, help@moz.com)" 
216.244.66.237 - - [24/Feb/2020:12:21:06 -0800] "GET /wp/Archive/2006/01/27/oh-no-british-idiots/?replytocom=1810 HTTP/1.1" 301 3697 "-" "Mozilla/5.0 (compatible; DotBot/1.1; http://www.opensiteexplorer.org/dotbot, help@moz.com)" 
216.244.66.237 - - [24/Feb/2020:12:21:08 -0800] "GET /wp/Archive/2007/05/25/confirmation/?replytocom=7567 HTTP/1.1" 301 3681 "-" "Mozilla/5.0 (compatible; DotBot/1.1; http://www.opensiteexplorer.org/dotbot, help@moz.com)" 
216.244.66.237 - - [24/Feb/2020:12:21:10 -0800] "GET /wp/Archive/2008/01/05/santas-little-helper-20/?replytocom=9274 HTTP/1.1" 301 3729 "-" "Mozilla/5.0 (compatible; DotBot/1.1; http://www.opensiteexplorer.org/dotbot, help@moz.com)" 
216.244.66.237 - - [24/Feb/2020:13:02:20 -0800] "GET /wp/Archive/2006/12/15/food-news-23/?replytocom=6226 HTTP/1.1" 301 3681 "-" "Mozilla/5.0 (compatible; DotBot/1.1; http://www.opensiteexplorer.org/dotbot, help@moz.com)" 
216.244.66.237 - - [24/Feb/2020:13:02:27 -0800] "GET /wp/Archive/2008/05/21/mondo-bizzarro-in-which-i-am-falsely-accused/?replytocom=9944 HTTP/1.1" 301 3745 "-" "Mozilla/5.0 (compatible; DotBot/1.1; http://www.opensiteexplorer.org/dotbot, help@moz.com)" 
216.244.66.237 - - [24/Feb/2020:13:02:30 -0800] "GET /wp/Archive/2008/07/12/ninfa-again/?replytocom=10882 HTTP/1.1" 301 3681 "-" "Mozilla/5.0 (compatible; DotBot/1.1; http://www.opensiteexplorer.org/dotbot, help@moz.com)" 
159.65.238.174 - - [24/Feb/2020:13:06:56 -0800] "GET /blog.atom HTTP/1.1" 301 3843 "-" "NewsBlur Feed Fetcher - 1 subscriber - http://www.newsblur.com/site/7674568/jeremy-cherfas-posts (Mozilla/5.0 (Macintosh; Intel Mac OS X 10_12_3) AppleWebKit/537.36 (KHTML, like Gecko) Chrome/56.0.2924.87 Safari/537.36)" 
120.25.58.199 - - [24/Feb/2020:13:13:15 -0800] "GET /data.rar HTTP/1.1" 301 3867 "-" "python-requests/2.23.0" 
216.244.66.237 - - [24/Feb/2020:13:45:35 -0800] "GET /wp/Archive/2006/06/28/excitement-in-manitoba/?replytocom=2320 HTTP/1.1" 301 3701 "-" "Mozilla/5.0 (compatible; DotBot/1.1; http://www.opensiteexplorer.org/dotbot, help@moz.com)" 
216.244.66.237 - - [24/Feb/2020:13:45:39 -0800] "GET /wp/Archive/2007/04/18/catching-up-2/?replytocom=7399 HTTP/1.1" 301 3683 "-" "Mozilla/5.0 (compatible; DotBot/1.1; http://www.opensiteexplorer.org/dotbot, help@moz.com)" 
216.244.66.237 - - [24/Feb/2020:13:45:41 -0800] "GET /wp/Archive/2007/07/16/lifelong-learning/?replytocom=8344 HTTP/1.1" 301 3691 "-" "Mozilla/5.0 (compatible; DotBot/1.1; http://www.opensiteexplorer.org/dotbot, help@moz.com)" 
216.244.66.237 - - [24/Feb/2020:13:45:44 -0800] "GET /wp/Archive/2007/07/26/eat-the-riches/?replytocom=8406 HTTP/1.1" 301 3685 "-" "Mozilla/5.0 (compatible; DotBot/1.1; http://www.opensiteexplorer.org/dotbot, help@moz.com)" 
216.244.66.237 - - [24/Feb/2020:13:45:48 -0800] "GET /wp/Archive/2007/11/27/wheat-where-the-aliens-leave-signatures/?replytocom=9127 HTTP/1.1" 301 3735 "-" "Mozilla/5.0 (compatible; DotBot/1.1; http://www.opensiteexplorer.org/dotbot, help@moz.com)" 
95.216.96.170 - - [24/Feb/2020:13:59:22 -0800] "GET /robots.txt HTTP/1.1" 301 3613 "-" "Mozilla/5.0 (compatible; SEOkicks; +https://www.seokicks.de/robot.html)" 
95.216.96.170 - - [24/Feb/2020:13:59:25 -0800] "GET / HTTP/1.1" 301 3593 "http://stream.jeremycherfas.net/" "Mozilla/5.0 (compatible; SEOkicks; +https://www.seokicks.de/robot.html)" 
116.85.51.191 - - [24/Feb/2020:14:06:48 -0800] "GET /data.zip HTTP/1.1" 301 3872 "-" "python-requests/2.22.0" 
82.196.0.116 - - [24/Feb/2020:14:37:58 -0800] "GET / HTTP/1.1" 301 3579 "-" "Huffduffer" 
142.44.167.89 - - [24/Feb/2020:14:38:21 -0800] "GET / HTTP/1.1" 301 3574 "-" "Mozilla/5.0 (compatible; YaK/1.0; http://linkfluence.com/; bot@linkfluence.com)" 
70.121.235.191 - - [24/Feb/2020:14:59:39 -0800] "GET / HTTP/1.1" 301 3825 "https://indieweb.org/User:Jeremycherfas.net" "Mozilla/5.0 (Macintosh; Intel Mac OS X 10_15_3) AppleWebKit/537.36 (KHTML, like Gecko) Chrome/80.0.3987.122 Safari/537.36" 
39.108.61.215 - - [24/Feb/2020:15:06:28 -0800] "GET /data.7z HTTP/1.1" 301 3865 "-" "python-requests/2.23.0" 
142.44.167.89 - - [24/Feb/2020:15:09:04 -0800] "GET /blog/statisfaction HTTP/1.1" 301 3610 "-" "Mozilla/5.0 (compatible; YaK/1.0; http://linkfluence.com/; bot@linkfluence.com)" 
142.44.167.89 - - [24/Feb/2020:15:22:29 -0800] "GET /blog/nothing-new-in-the-gurt-world HTTP/1.1" 301 3642 "-" "Mozilla/5.0 (compatible; YaK/1.0; http://linkfluence.com/; bot@linkfluence.com)" 
159.203.188.81 - - [24/Feb/2020:15:29:27 -0800] "HEAD / HTTP/1.1" 301 3305 "https://readwriterespond.com" "Mozilla/5.0 (Windows NT 10.0; Win64; x64) AppleWebKit/537.36 (KHTML, like Gecko) Chrome/70.0.3538.102 Safari/537.36" 
159.203.188.81 - - [24/Feb/2020:15:30:14 -0800] "HEAD / HTTP/1.1" 301 3305 "https://readwriterespond.com" "Mozilla/5.0 (Windows NT 10.0; Win64; x64) AppleWebKit/537.36 (KHTML, like Gecko) Chrome/70.0.3538.102 Safari/537.36" 
216.244.66.237 - - [24/Feb/2020:15:53:16 -0800] "GET /wp/Archive/2011/12/26/best-meals-2011-olive-bread-gas-station-epiphany/?replytocom=72553 HTTP/1.1" 301 3755 "-" "Mozilla/5.0 (compatible; DotBot/1.1; http://www.opensiteexplorer.org/dotbot, help@moz.com)" 
216.244.66.237 - - [24/Feb/2020:15:53:18 -0800] "GET /wp/Archive/2012/01/04/mendeley-vs-bookends-no-contest/?replytocom=72966 HTTP/1.1" 301 3721 "-" "Mozilla/5.0 (compatible; DotBot/1.1; http://www.opensiteexplorer.org/dotbot, help@moz.com)" 
216.244.66.237 - - [24/Feb/2020:15:53:21 -0800] "GET /wp/Archive/2012/04/11/il-mio-pomodoro-e-una-gallina/?replytocom=80197 HTTP/1.1" 301 3717 "-" "Mozilla/5.0 (compatible; DotBot/1.1; http://www.opensiteexplorer.org/dotbot, help@moz.com)" 
216.244.66.237 - - [24/Feb/2020:15:53:25 -0800] "GET /wp/Archive/2012/07/02/taste-test-dunkin-donuts-fake-artisan-bagels-vs-real-artisan-bagels/?replytocom=93374 HTTP/1.1" 301 3793 "-" "Mozilla/5.0 (compatible; DotBot/1.1; http://www.opensiteexplorer.org/dotbot, help@moz.com)" 
112.74.23.231 - - [24/Feb/2020:16:06:05 -0800] "GET /backup.rar HTTP/1.1" 301 3850 "-" "python-requests/2.22.0" 
198.108.66.240 - - [24/Feb/2020:16:13:53 -0800] "GET / HTTP/1.1" 301 3769 "-" "Mozilla/5.0 zgrab/0.x" 
103.131.71.105 - - [24/Feb/2020:16:21:43 -0800] "GET /robots.txt HTTP/1.1" 200 3570 "-" "Mozilla/5.0 (compatible; coccocbot-web/1.0; +http://help.coccoc.com/searchengine)" 
216.244.66.237 - - [24/Feb/2020:16:35:31 -0800] "GET /wp/Archive/2007/01/18/priceless-worthless/?replytocom=6574 HTTP/1.1" 301 3695 "-" "Mozilla/5.0 (compatible; DotBot/1.1; http://www.opensiteexplorer.org/dotbot, help@moz.com)" 
216.244.66.237 - - [24/Feb/2020:16:35:33 -0800] "GET /wp/Archive/2007/06/28/recursive-spam/?replytocom=8224 HTTP/1.1" 301 3685 "-" "Mozilla/5.0 (compatible; DotBot/1.1; http://www.opensiteexplorer.org/dotbot, help@moz.com)" 
216.244.66.237 - - [24/Feb/2020:16:35:37 -0800] "GET /wp/Archive/2008/04/14/promises-promises/?replytocom=9610 HTTP/1.1" 301 3691 "-" "Mozilla/5.0 (compatible; DotBot/1.1; http://www.opensiteexplorer.org/dotbot, help@moz.com)" 
116.85.51.191 - - [24/Feb/2020:16:59:28 -0800] "GET /backup.zip HTTP/1.1" 301 3850 "-" "python-requests/2.22.0" 
216.244.66.237 - - [24/Feb/2020:17:18:17 -0800] "GET /wp/Archive/2008/03/14/what-is-that-thing-called/?replytocom=9427 HTTP/1.1" 301 3733 "-" "Mozilla/5.0 (compatible; DotBot/1.1; http://www.opensiteexplorer.org/dotbot, help@moz.com)" 
46.229.168.136 - - [24/Feb/2020:17:28:02 -0800] "GET /robots.txt HTTP/1.1" 301 3808 "-" "Mozilla/5.0 (compatible; SemrushBot/6~bl; +http://www.semrush.com/bot.html)" 
46.229.168.141 - - [24/Feb/2020:17:28:03 -0800] "GET /blog/sad-and-neglected HTTP/1.1" 301 3832 "-" "Mozilla/5.0 (compatible; SemrushBot/6~bl; +http://www.semrush.com/bot.html)" 
39.108.61.215 - - [24/Feb/2020:17:54:49 -0800] "GET /backup.7z HTTP/1.1" 301 3843 "-" "python-requests/2.23.0" 
216.244.66.237 - - [24/Feb/2020:18:02:02 -0800] "GET /wp/Archive/2008/07/09/straw-men-with-feet-of-clay/?replytocom=10861 HTTP/1.1" 301 3713 "-" "Mozilla/5.0 (compatible; DotBot/1.1; http://www.opensiteexplorer.org/dotbot, help@moz.com)" 
206.189.193.44 - - [24/Feb/2020:18:02:21 -0800] "GET /blog.atom HTTP/1.1" 301 3843 "-" "NewsBlur Feed Fetcher - 1 subscriber - http://www.newsblur.com/site/7674568/jeremy-cherfas-posts (Mozilla/5.0 (Macintosh; Intel Mac OS X 10_12_3) AppleWebKit/537.36 (KHTML, like Gecko) Chrome/56.0.2924.87 Safari/537.36)" 
216.244.66.237 - - [24/Feb/2020:18:46:15 -0800] "GET /wp/Archive/2011/08/31/is-there-a-thermodynamicist-in-the-house/?replytocom=67701 HTTP/1.1" 301 3739 "-" "Mozilla/5.0 (compatible; DotBot/1.1; http://www.opensiteexplorer.org/dotbot, help@moz.com)" 
216.244.66.237 - - [24/Feb/2020:18:46:21 -0800] "GET /wp/Archive/2011/11/14/last-of-the-autumn-pickles/?replytocom=70733 HTTP/1.1" 301 3711 "-" "Mozilla/5.0 (compatible; DotBot/1.1; http://www.opensiteexplorer.org/dotbot, help@moz.com)" 
112.74.23.231 - - [24/Feb/2020:18:55:43 -0800] "GET /sql.rar HTTP/1.1" 301 3870 "-" "python-requests/2.22.0" 
157.55.39.109 - - [24/Feb/2020:19:09:19 -0800] "GET / HTTP/1.1" 301 3825 "-" "Mozilla/5.0 (compatible; bingbot/2.0; +http://www.bing.com/bingbot.htm)" 
216.244.66.237 - - [24/Feb/2020:19:27:00 -0800] "GET /wp/Archive/2006/06/05/two-gods-good/?replytocom=2031 HTTP/1.1" 301 3683 "-" "Mozilla/5.0 (compatible; DotBot/1.1; http://www.opensiteexplorer.org/dotbot, help@moz.com)" 
216.244.66.237 - - [24/Feb/2020:19:27:05 -0800] "GET /wp/Archive/2007/05/14/scenes-from-sienese-life/?replytocom=7509 HTTP/1.1" 301 3731 "-" "Mozilla/5.0 (compatible; DotBot/1.1; http://www.opensiteexplorer.org/dotbot, help@moz.com)" 
216.244.66.237 - - [24/Feb/2020:19:27:08 -0800] "GET /wp/Archive/2008/01/22/dreaming-rural-life/?replytocom=9333 HTTP/1.1" 301 3695 "-" "Mozilla/5.0 (compatible; DotBot/1.1; http://www.opensiteexplorer.org/dotbot, help@moz.com)" 
54.39.177.198 - - [24/Feb/2020:19:27:19 -0800] "GET /blog.atom HTTP/1.1" 301 3592 "-" "Mozilla/5.0 (compatible; YaK/1.0; http://linkfluence.com/; bot@linkfluence.com)" 
116.85.51.191 - - [24/Feb/2020:20:03:13 -0800] "GET /sql.zip HTTP/1.1" 301 3870 "-" "python-requests/2.22.0" 
66.249.70.36 - - [24/Feb/2020:20:04:13 -0800] "GET /robots.txt HTTP/1.1" 301 3845 "-" "Mozilla/5.0 (compatible; Googlebot/2.1; +http://www.google.com/bot.html)" 
66.249.70.33 - - [24/Feb/2020:20:04:14 -0800] "GET /ads.txt HTTP/1.1" 301 3865 "-" "Mozilla/5.0 (compatible; Googlebot/2.1; +http://www.google.com/bot.html)" 
216.244.66.237 - - [24/Feb/2020:20:09:03 -0800] "GET /wp/Archive/2006/03/30/credible-credo/?replytocom=1948 HTTP/1.1" 301 3685 "-" "Mozilla/5.0 (compatible; DotBot/1.1; http://www.opensiteexplorer.org/dotbot, help@moz.com)" 
216.244.66.237 - - [24/Feb/2020:20:09:05 -0800] "GET /wp/Archive/2006/04/20/apologies-for-absence/?replytocom=1966 HTTP/1.1" 301 3699 "-" "Mozilla/5.0 (compatible; DotBot/1.1; http://www.opensiteexplorer.org/dotbot, help@moz.com)" 
216.244.66.237 - - [24/Feb/2020:20:09:15 -0800] "GET /wp/Archive/2007/10/26/james-watson-is-not-a-holocaust-denier/?replytocom=8889 HTTP/1.1" 301 3733 "-" "Mozilla/5.0 (compatible; DotBot/1.1; http://www.opensiteexplorer.org/dotbot, help@moz.com)" 
216.244.66.237 - - [24/Feb/2020:20:09:17 -0800] "GET /wp/Archive/2008/04/12/smells-like-the-future/?replytocom=9590 HTTP/1.1" 301 3701 "-" "Mozilla/5.0 (compatible; DotBot/1.1; http://www.opensiteexplorer.org/dotbot, help@moz.com)" 
216.244.66.237 - - [24/Feb/2020:20:09:20 -0800] "GET /wp/Archive/2008/09/12/nfrs/?replytocom=11011 HTTP/1.1" 301 3667 "-" "Mozilla/5.0 (compatible; DotBot/1.1; http://www.opensiteexplorer.org/dotbot, help@moz.com)" 
216.244.66.237 - - [24/Feb/2020:20:09:22 -0800] "GET /wp/Archive/2008/09/12/nfrs/?replytocom=11012 HTTP/1.1" 301 3667 "-" "Mozilla/5.0 (compatible; DotBot/1.1; http://www.opensiteexplorer.org/dotbot, help@moz.com)" 
216.244.66.237 - - [24/Feb/2020:20:51:37 -0800] "GET /wp/Archive/2007/07/23/unabbreviated-bliss/?replytocom=8370 HTTP/1.1" 301 3695 "-" "Mozilla/5.0 (compatible; DotBot/1.1; http://www.opensiteexplorer.org/dotbot, help@moz.com)" 
112.74.23.231 - - [24/Feb/2020:21:09:53 -0800] "GET /sql.7z HTTP/1.1" 301 3868 "-" "python-requests/2.22.0" 
216.244.66.237 - - [24/Feb/2020:21:34:22 -0800] "GET /wp/Archive/2006/06/16/more-thieving-bastards/?replytocom=2049 HTTP/1.1" 301 3701 "-" "Mozilla/5.0 (compatible; DotBot/1.1; http://www.opensiteexplorer.org/dotbot, help@moz.com)" 
216.244.66.237 - - [24/Feb/2020:21:34:27 -0800] "GET /wp/Archive/2007/03/05/new-kid-takes-on-the-terminator/?replytocom=6980 HTTP/1.1" 301 3719 "-" "Mozilla/5.0 (compatible; DotBot/1.1; http://www.opensiteexplorer.org/dotbot, help@moz.com)" 
216.244.66.237 - - [24/Feb/2020:21:34:29 -0800] "GET /wp/Archive/2007/06/19/motorsickle-music/?replytocom=7919 HTTP/1.1" 301 3691 "-" "Mozilla/5.0 (compatible; DotBot/1.1; http://www.opensiteexplorer.org/dotbot, help@moz.com)" 
216.244.66.237 - - [24/Feb/2020:21:34:33 -0800] "GET /wp/Archive/2008/02/26/alternate-sundays/?replytocom=9393 HTTP/1.1" 301 3691 "-" "Mozilla/5.0 (compatible; DotBot/1.1; http://www.opensiteexplorer.org/dotbot, help@moz.com)" 
216.244.66.237 - - [24/Feb/2020:21:34:36 -0800] "GET /wp/Archive/2009/01/18/acronym-news/?replytocom=11600 HTTP/1.1" 301 3683 "-" "Mozilla/5.0 (compatible; DotBot/1.1; http://www.opensiteexplorer.org/dotbot, help@moz.com)" 
165.22.180.224 - - [24/Feb/2020:22:10:50 -0800] "GET /blog.atom HTTP/1.1" 301 3843 "-" "NewsBlur Feed Fetcher - 1 subscriber - http://www.newsblur.com/site/7674568/jeremy-cherfas-posts (Mozilla/5.0 (Macintosh; Intel Mac OS X 10_12_3) AppleWebKit/537.36 (KHTML, like Gecko) Chrome/56.0.2924.87 Safari/537.36)" 
116.85.51.191 - - [24/Feb/2020:22:19:00 -0800] "GET /db.rar HTTP/1.1" 301 3868 "-" "python-requests/2.22.0" 
54.162.102.36 - - [24/Feb/2020:22:29:58 -0800] "GET /robots.txt HTTP/1.1" 301 3650 "-" "MixnodeCache/1.8(+https://cache.mixnode.com/)" 
54.162.102.36 - - [24/Feb/2020:22:29:58 -0800] "GET /ads.txt HTTP/1.1" 301 3670 "-" "MixnodeCache/1.8(+https://cache.mixnode.com/)" 
216.244.66.237 - - [24/Feb/2020:23:01:59 -0800] "GET /wp/Archive/2006/03/03/gene-flow-again/?replytocom=1897 HTTP/1.1" 301 3687 "-" "Mozilla/5.0 (compatible; DotBot/1.1; http://www.opensiteexplorer.org/dotbot, help@moz.com)" 
216.244.66.237 - - [24/Feb/2020:23:02:02 -0800] "GET /wp/Archive/2009/03/26/a-geeky-skype-tip/?replytocom=12530 HTTP/1.1" 301 3693 "-" "Mozilla/5.0 (compatible; DotBot/1.1; http://www.opensiteexplorer.org/dotbot, help@moz.com)" 
216.244.66.237 - - [24/Feb/2020:23:02:05 -0800] "GET /wp/Archive/2012/02/13/bread-is-for-real/?replytocom=74787 HTTP/1.1" 301 3693 "-" "Mozilla/5.0 (compatible; DotBot/1.1; http://www.opensiteexplorer.org/dotbot, help@moz.com)" 
46.75.14.227 - - [24/Feb/2020:23:19:28 -0800] "GET / HTTP/1.1" 301 3830 "http://www.wildyeastblog.com/a-mea-culpa-a-question-and-a-bribe/" "Mozilla/4.5 (compatible; HTTrack 3.0x; Windows 98)" 
35.153.193.209 - - [24/Feb/2020:23:24:38 -0800] "GET / HTTP/1.1" 301 3574 "-" "Mozilla/5.0 (compatible; DotBot/1.1; http://www.opensiteexplorer.org/dotbot, help@moz.com)" 
116.85.51.191 - - [24/Feb/2020:23:26:13 -0800] "GET /db.zip HTTP/1.1" 301 3868 "-" "python-requests/2.22.0" 
209.61.195.217 - - [24/Feb/2020:23:26:34 -0800] "GET /stream HTTP/1.1" 301 4110 "https://indieweb.org/listen" "Mozilla/5.0 (Windows NT 6.2; WOW64; Trident/7.0; rv:11.0) like Gecko" 
209.61.195.217 - - [24/Feb/2020:23:44:43 -0800] "GET / HTTP/1.1" 301 4072 "https://stream.jeremycherfas.net/content/all" "Mozilla/5.0 (Windows NT 6.2; WOW64; Trident/7.0; rv:11.0) like Gecko" 
54.36.148.78 - - [24/Feb/2020:23:48:36 -0800] "GET /robots.txt HTTP/1.1" 301 3599 "-" "Mozilla/5.0 (compatible; AhrefsBot/6.1; +http://ahrefs.com/robot/)" 
66.249.70.36 - - [24/Feb/2020:23:52:49 -0800] "GET / HTTP/1.1" 301 3825 "-" "Mozilla/5.0 (Linux; Android 6.0.1; Nexus 5X Build/MMB29P) AppleWebKit/537.36 (KHTML, like Gecko) Chrome/41.0.2272.96 Mobile Safari/537.36 (compatible; Googlebot/2.1; +http://www.google.com/bot.html)" 
35.153.193.209 - - [24/Feb/2020:23:54:09 -0800] "GET /robots.txt HTTP/1.1" 301 3594 "-" "Mozilla/5.0 (compatible; DotBot/1.1; http://www.opensiteexplorer.org/dotbot, help@moz.com)" 
