45.83.220.215 - - [29/May/2020:02:49:13 -0700] "GET /page/4/?s=rye HTTP/1.1" 200 7300 "https://www.fornacalia.com/page/3/?s=rye" "Mozilla/5.0 (Macintosh; Intel Mac OS X 10.13; rv:76.0) Gecko/20100101 Firefox/76.0" 
45.83.220.215 - - [29/May/2020:02:49:13 -0700] "GET /wp-includes/css/dist/block-library/style.min.css?ver=5.2.6 HTTP/1.1" 200 5391 "https://www.fornacalia.com/page/4/?s=rye" "Mozilla/5.0 (Macintosh; Intel Mac OS X 10.13; rv:76.0) Gecko/20100101 Firefox/76.0" 
45.83.220.215 - - [29/May/2020:02:49:13 -0700] "GET /wp-content/themes/Autonomie-child/css/wide-width.css?ver=1.0.0 HTTP/1.1" 404 6867 "https://www.fornacalia.com/page/4/?s=rye" "Mozilla/5.0 (Macintosh; Intel Mac OS X 10.13; rv:76.0) Gecko/20100101 Firefox/76.0" 
45.83.220.215 - - [29/May/2020:02:49:25 -0700] "GET /wp-content/themes/Autonomie-child/css/wide-width.css?ver=1.0.0 HTTP/1.1" 404 6867 "https://www.fornacalia.com/page/3/?s=rye" "Mozilla/5.0 (Macintosh; Intel Mac OS X 10.13; rv:76.0) Gecko/20100101 Firefox/76.0" 
45.83.220.215 - - [29/May/2020:02:49:41 -0700] "GET /2016/baking-that-dark-sour-bread/ HTTP/1.1" 200 10953 "https://www.fornacalia.com/page/3/?s=rye" "Mozilla/5.0 (Macintosh; Intel Mac OS X 10.13; rv:76.0) Gecko/20100101 Firefox/76.0" 
45.83.220.215 - - [29/May/2020:02:49:42 -0700] "GET /wp-content/themes/Autonomie-child/css/wide-width.css?ver=1.0.0 HTTP/1.1" 404 6729 "https://www.fornacalia.com/2016/baking-that-dark-sour-bread/" "Mozilla/5.0 (Macintosh; Intel Mac OS X 10.13; rv:76.0) Gecko/20100101 Firefox/76.0" 
45.83.220.215 - - [29/May/2020:02:49:42 -0700] "GET /wp-content/themes/autonomie/font/merriweather/merriweather-v15-latin-300.woff2 HTTP/1.1" 200 18992 "https://www.fornacalia.com/wp-content/themes/autonomie/style.css?ver=5.2.6" "Mozilla/5.0 (Macintosh; Intel Mac OS X 10.13; rv:76.0) Gecko/20100101 Firefox/76.0" 
45.83.220.215 - - [29/May/2020:02:49:44 -0700] "GET /wp-content/uploads/2016/02/rye-01.png HTTP/1.1" 200 632359 "-" "Mozilla/5.0 (Macintosh; Intel Mac OS X 10.13; rv:76.0) Gecko/20100101 Firefox/76.0" 
45.83.220.215 - - [29/May/2020:02:49:44 -0700] "GET /wp-content/uploads/2016/02/rye-04.png HTTP/1.1" 200 1129483 "-" "Mozilla/5.0 (Macintosh; Intel Mac OS X 10.13; rv:76.0) Gecko/20100101 Firefox/76.0" 
45.83.220.215 - - [29/May/2020:02:49:45 -0700] "GET /wp-content/uploads/2016/02/rye-05.png HTTP/1.1" 200 1178635 "-" "Mozilla/5.0 (Macintosh; Intel Mac OS X 10.13; rv:76.0) Gecko/20100101 Firefox/76.0" 
5.188.84.35 - - [29/May/2020:02:51:00 -0700] "GET /2013/pasta-madre-day-2013/ HTTP/1.0" 200 32928 "https://www.fornacalia.com/2013/pasta-madre-day-2013/#comment-1801/" "Mozilla/5.0 (Windows NT 6.1; Win64; x64) AppleWebKit/537.36 (KHTML, like Gecko) Chrome/67.0.3396.79 Safari/537.36" 
5.188.84.35 - - [29/May/2020:02:51:01 -0700] "POST /wp-comments-post.php HTTP/1.0" 302 4063 "https://www.fornacalia.com/2013/pasta-madre-day-2013/#comment-1801/" "Mozilla/5.0 (Windows NT 6.1; Win64; x64) AppleWebKit/537.36 (KHTML, like Gecko) Chrome/67.0.3396.79 Safari/537.36" 
45.83.220.215 - - [29/May/2020:02:51:11 -0700] "GET /wp-content/plugins/all-in-one-seo-pack/images/default-user-image.png HTTP/1.1" 200 5202 "-" "Mozilla/5.0 (Macintosh; Intel Mac OS X 10.13; rv:76.0) Gecko/20100101 Firefox/76.0" 
45.83.220.215 - - [29/May/2020:02:51:12 -0700] "GET /favicon.ico HTTP/1.1" 200 534 "-" "Mozilla/5.0 (Macintosh; Intel Mac OS X 10.13; rv:76.0) Gecko/20100101 Firefox/76.0" 
178.128.168.82 - - [29/May/2020:02:52:50 -0700] "GET /wp-login.php HTTP/1.1" 200 4830 "-" "Mozilla/5.0 (X11; Ubuntu; Linux x86_64; rv:62.0) Gecko/20100101 Firefox/62.0" 
178.128.168.82 - - [29/May/2020:02:52:50 -0700] "POST /wp-login.php HTTP/1.1" 200 5205 "-" "Mozilla/5.0 (X11; Ubuntu; Linux x86_64; rv:62.0) Gecko/20100101 Firefox/62.0" 
178.128.168.82 - - [29/May/2020:02:52:51 -0700] "POST /xmlrpc.php HTTP/1.1" 200 3697 "-" "Mozilla/5.0 (X11; Ubuntu; Linux x86_64; rv:62.0) Gecko/20100101 Firefox/62.0" 
159.203.176.82 - - [29/May/2020:02:53:07 -0700] "GET /wp-login.php HTTP/1.1" 200 4830 "-" "Mozilla/5.0 (X11; Ubuntu; Linux x86_64; rv:62.0) Gecko/20100101 Firefox/62.0" 
159.203.176.82 - - [29/May/2020:02:53:07 -0700] "POST /wp-login.php HTTP/1.1" 200 5224 "-" "Mozilla/5.0 (X11; Ubuntu; Linux x86_64; rv:62.0) Gecko/20100101 Firefox/62.0" 
159.203.176.82 - - [29/May/2020:02:53:07 -0700] "GET /wp-login.php HTTP/1.1" 200 4830 "-" "Mozilla/5.0 (X11; Ubuntu; Linux x86_64; rv:62.0) Gecko/20100101 Firefox/62.0" 
159.203.176.82 - - [29/May/2020:02:53:07 -0700] "POST /wp-login.php HTTP/1.1" 200 5205 "-" "Mozilla/5.0 (X11; Ubuntu; Linux x86_64; rv:62.0) Gecko/20100101 Firefox/62.0" 
159.203.176.82 - - [29/May/2020:02:53:08 -0700] "POST /xmlrpc.php HTTP/1.1" 200 3697 "-" "Mozilla/5.0 (X11; Ubuntu; Linux x86_64; rv:62.0) Gecko/20100101 Firefox/62.0" 
5.188.84.233 - - [29/May/2020:03:01:48 -0700] "GET /2013/pasta-madre-day-2013/ HTTP/1.0" 200 32928 "https://www.fornacalia.com/2013/pasta-madre-day-2013/#comment-1801/" "Mozilla/5.0 (Windows NT 6.1) AppleWebKit/537.36 (KHTML, like Gecko) Chrome/68.0.3440.106 Safari/537.36 Kinza/4.9.1" 
5.188.84.233 - - [29/May/2020:03:01:50 -0700] "POST /wp-comments-post.php HTTP/1.0" 302 4063 "https://www.fornacalia.com/2013/pasta-madre-day-2013/#comment-1801/" "Mozilla/5.0 (Windows NT 6.1) AppleWebKit/537.36 (KHTML, like Gecko) Chrome/68.0.3440.106 Safari/537.36 Kinza/4.9.1" 
5.188.84.15 - - [29/May/2020:03:04:24 -0700] "GET /2013/pasta-madre-day-2013/ HTTP/1.0" 200 32928 "https://www.fornacalia.com/2013/pasta-madre-day-2013/#comment-1801/" "Mozilla/5.0 (Windows NT 6.1; Win64; x64) AppleWebKit/537.36 (KHTML, like Gecko) Chrome/68.0.3440.106 Safari/537.36 OPR/55.0.2994.44" 
5.188.84.15 - - [29/May/2020:03:04:25 -0700] "POST /wp-comments-post.php HTTP/1.0" 302 4063 "https://www.fornacalia.com/2013/pasta-madre-day-2013/#comment-1801/" "Mozilla/5.0 (Windows NT 6.1; Win64; x64) AppleWebKit/537.36 (KHTML, like Gecko) Chrome/68.0.3440.106 Safari/537.36 OPR/55.0.2994.44" 
47.52.24.59 - - [29/May/2020:03:06:35 -0700] "GET /wp-login.php HTTP/1.1" 200 4830 "-" "Mozilla/5.0 (X11; Ubuntu; Linux x86_64; rv:62.0) Gecko/20100101 Firefox/62.0" 
47.52.24.59 - - [29/May/2020:03:06:37 -0700] "POST /wp-login.php HTTP/1.1" 200 5224 "-" "Mozilla/5.0 (X11; Ubuntu; Linux x86_64; rv:62.0) Gecko/20100101 Firefox/62.0" 
47.52.24.59 - - [29/May/2020:03:06:38 -0700] "POST /xmlrpc.php HTTP/1.1" 200 3697 "-" "Mozilla/5.0 (X11; Ubuntu; Linux x86_64; rv:62.0) Gecko/20100101 Firefox/62.0" 
46.101.213.225 - - [29/May/2020:03:09:23 -0700] "GET /wp-login.php HTTP/1.1" 200 4830 "-" "Mozilla/5.0 (X11; Ubuntu; Linux x86_64; rv:62.0) Gecko/20100101 Firefox/62.0" 
46.101.213.225 - - [29/May/2020:03:09:24 -0700] "POST /wp-login.php HTTP/1.1" 200 5224 "-" "Mozilla/5.0 (X11; Ubuntu; Linux x86_64; rv:62.0) Gecko/20100101 Firefox/62.0" 
46.101.213.225 - - [29/May/2020:03:09:24 -0700] "GET /wp-login.php HTTP/1.1" 200 4830 "-" "Mozilla/5.0 (X11; Ubuntu; Linux x86_64; rv:62.0) Gecko/20100101 Firefox/62.0" 
46.101.213.225 - - [29/May/2020:03:09:24 -0700] "POST /wp-login.php HTTP/1.1" 200 5205 "-" "Mozilla/5.0 (X11; Ubuntu; Linux x86_64; rv:62.0) Gecko/20100101 Firefox/62.0" 
46.101.213.225 - - [29/May/2020:03:09:25 -0700] "POST /xmlrpc.php HTTP/1.1" 200 3697 "-" "Mozilla/5.0 (X11; Ubuntu; Linux x86_64; rv:62.0) Gecko/20100101 Firefox/62.0" 
5.188.84.35 - - [29/May/2020:03:12:12 -0700] "GET /2013/pasta-madre-day-2013/ HTTP/1.0" 200 32928 "https://www.fornacalia.com/2013/pasta-madre-day-2013/#comment-1801/" "Mozilla/5.0 (Windows NT 6.1) AppleWebKit/537.36 (KHTML, like Gecko) Chrome/68.0.3440.106 Safari/537.36" 
5.188.84.35 - - [29/May/2020:03:12:13 -0700] "POST /wp-comments-post.php HTTP/1.0" 302 4063 "https://www.fornacalia.com/2013/pasta-madre-day-2013/#comment-1801/" "Mozilla/5.0 (Windows NT 6.1) AppleWebKit/537.36 (KHTML, like Gecko) Chrome/68.0.3440.106 Safari/537.36" 
5.188.84.45 - - [29/May/2020:03:14:24 -0700] "GET /2013/pasta-madre-day-2013/ HTTP/1.0" 200 32928 "https://www.fornacalia.com/2013/pasta-madre-day-2013/#comment-1801/" "Mozilla/5.0 (Windows NT 10.0; Win64; x64) AppleWebKit/537.36 (KHTML, like Gecko) Chrome/67.0.3396.62 Safari/537.36" 
5.188.84.45 - - [29/May/2020:03:14:25 -0700] "POST /wp-comments-post.php HTTP/1.0" 302 4063 "https://www.fornacalia.com/2013/pasta-madre-day-2013/#comment-1801/" "Mozilla/5.0 (Windows NT 10.0; Win64; x64) AppleWebKit/537.36 (KHTML, like Gecko) Chrome/67.0.3396.62 Safari/537.36" 
5.188.84.25 - - [29/May/2020:03:14:42 -0700] "GET /2013/pasta-madre-day-2013/ HTTP/1.0" 200 32928 "https://www.fornacalia.com/2013/pasta-madre-day-2013/#comment-1801/" "Mozilla/5.0 (Windows NT 10.0; Win64; x64) AppleWebKit/537.36 (KHTML, like Gecko) Chrome/68.0.3440.84 Safari/537.36" 
5.188.84.25 - - [29/May/2020:03:14:42 -0700] "POST /wp-comments-post.php HTTP/1.0" 302 4063 "https://www.fornacalia.com/2013/pasta-madre-day-2013/#comment-1801/" "Mozilla/5.0 (Windows NT 10.0; Win64; x64) AppleWebKit/537.36 (KHTML, like Gecko) Chrome/68.0.3440.84 Safari/537.36" 
178.62.50.210 - - [29/May/2020:03:21:21 -0700] "GET /wp-login.php HTTP/1.1" 200 4830 "-" "Mozilla/5.0 (X11; Ubuntu; Linux x86_64; rv:62.0) Gecko/20100101 Firefox/62.0" 
178.62.50.210 - - [29/May/2020:03:21:22 -0700] "POST /wp-login.php HTTP/1.1" 200 5205 "-" "Mozilla/5.0 (X11; Ubuntu; Linux x86_64; rv:62.0) Gecko/20100101 Firefox/62.0" 
178.62.50.210 - - [29/May/2020:03:21:23 -0700] "POST /xmlrpc.php HTTP/1.1" 200 3697 "-" "Mozilla/5.0 (X11; Ubuntu; Linux x86_64; rv:62.0) Gecko/20100101 Firefox/62.0" 
5.188.84.220 - - [29/May/2020:03:22:47 -0700] "GET /2013/pasta-madre-day-2013/ HTTP/1.0" 200 32928 "https://www.fornacalia.com/2013/pasta-madre-day-2013/#comment-1801/" "Mozilla/5.0 (Windows NT 6.2; Win64; x64) AppleWebKit/537.36 (KHTML, like Gecko) Chrome/68.0.3440.106 Safari/537.36" 
5.188.84.220 - - [29/May/2020:03:22:48 -0700] "POST /wp-comments-post.php HTTP/1.0" 302 4063 "https://www.fornacalia.com/2013/pasta-madre-day-2013/#comment-1801/" "Mozilla/5.0 (Windows NT 6.2; Win64; x64) AppleWebKit/537.36 (KHTML, like Gecko) Chrome/68.0.3440.106 Safari/537.36" 
138.68.2.4 - - [29/May/2020:03:27:41 -0700] "GET /wp-login.php HTTP/1.1" 200 4830 "-" "Mozilla/5.0 (X11; Ubuntu; Linux x86_64; rv:62.0) Gecko/20100101 Firefox/62.0" 
138.68.2.4 - - [29/May/2020:03:27:42 -0700] "POST /wp-login.php HTTP/1.1" 200 5224 "-" "Mozilla/5.0 (X11; Ubuntu; Linux x86_64; rv:62.0) Gecko/20100101 Firefox/62.0" 
138.68.2.4 - - [29/May/2020:03:27:47 -0700] "GET /wp-login.php HTTP/1.1" 200 4830 "-" "Mozilla/5.0 (X11; Ubuntu; Linux x86_64; rv:62.0) Gecko/20100101 Firefox/62.0" 
138.68.2.4 - - [29/May/2020:03:27:47 -0700] "POST /wp-login.php HTTP/1.1" 200 5205 "-" "Mozilla/5.0 (X11; Ubuntu; Linux x86_64; rv:62.0) Gecko/20100101 Firefox/62.0" 
138.68.2.4 - - [29/May/2020:03:27:48 -0700] "POST /xmlrpc.php HTTP/1.1" 200 3697 "-" "Mozilla/5.0 (X11; Ubuntu; Linux x86_64; rv:62.0) Gecko/20100101 Firefox/62.0" 
66.249.66.15 - - [29/May/2020:03:28:30 -0700] "GET / HTTP/1.1" 301 3876 "-" "Mozilla/5.0 (compatible; Googlebot/2.1; +http://www.google.com/bot.html)" 
37.115.200.181 - - [29/May/2020:03:29:34 -0700] "GET /2013/pasta-madre-day-2013/ HTTP/1.0" 200 32928 "https://www.fornacalia.com/2013/pasta-madre-day-2013/#comment-47410" "Mozilla/5.0 (Windows NT 10.0; Win64; x64) AppleWebKit/537.36 (KHTML, like Gecko) Chrome/67.0.3396.87 Safari/537.36 OPR/54.0.2952.71" 
37.115.200.181 - - [29/May/2020:03:29:35 -0700] "GET /2013/pasta-madre-day-2013/ HTTP/1.0" 200 32928 "https://www.fornacalia.com/2013/pasta-madre-day-2013/#comment-47410" "Mozilla/5.0 (Windows NT 10.0; Win64; x64) AppleWebKit/537.36 (KHTML, like Gecko) Chrome/67.0.3396.87 Safari/537.36 OPR/54.0.2952.71" 
37.115.200.181 - - [29/May/2020:03:29:35 -0700] "GET /author/jeremy/ HTTP/1.0" 200 58737 "https://www.fornacalia.com/author/jeremy/" "Mozilla/5.0 (Windows NT 10.0; Win64; x64) AppleWebKit/537.36 (KHTML, like Gecko) Chrome/67.0.3396.87 Safari/537.36 OPR/54.0.2952.71" 
149.202.157.236 - - [29/May/2020:03:33:49 -0700] "GET /wp-login.php HTTP/1.1" 200 4830 "-" "Mozilla/5.0 (X11; Ubuntu; Linux x86_64; rv:62.0) Gecko/20100101 Firefox/62.0" 
149.202.157.236 - - [29/May/2020:03:33:50 -0700] "POST /wp-login.php HTTP/1.1" 200 5224 "-" "Mozilla/5.0 (X11; Ubuntu; Linux x86_64; rv:62.0) Gecko/20100101 Firefox/62.0" 
149.202.157.236 - - [29/May/2020:03:33:50 -0700] "POST /xmlrpc.php HTTP/1.1" 200 3697 "-" "Mozilla/5.0 (X11; Ubuntu; Linux x86_64; rv:62.0) Gecko/20100101 Firefox/62.0" 
157.55.39.70 - - [29/May/2020:03:34:41 -0700] "GET /2018/gearing-up-for-fornacalia/ HTTP/1.1" 200 11945 "-" "Mozilla/5.0 (compatible; bingbot/2.0; +http://www.bing.com/bingbot.htm)" 
5.188.84.147 - - [29/May/2020:03:36:47 -0700] "GET /2013/pasta-madre-day-2013/ HTTP/1.0" 200 32928 "https://www.fornacalia.com/2013/pasta-madre-day-2013/#comment-1801/" "Mozilla/5.0 (Macintosh; Intel Mac OS X 10_13_5) AppleWebKit/537.36 (KHTML, like Gecko) Chrome/67.0.3396.99 Safari/537.36" 
5.188.84.147 - - [29/May/2020:03:36:48 -0700] "POST /wp-comments-post.php HTTP/1.0" 302 4063 "https://www.fornacalia.com/2013/pasta-madre-day-2013/#comment-1801/" "Mozilla/5.0 (Macintosh; Intel Mac OS X 10_13_5) AppleWebKit/537.36 (KHTML, like Gecko) Chrome/67.0.3396.99 Safari/537.36" 
66.249.66.43 - - [29/May/2020:03:37:12 -0700] "GET /2019/learn-to-bake-sourdough-bread-in-rome/ HTTP/1.1" 200 14240 "-" "Mozilla/5.0 (Linux; Android 6.0.1; Nexus 5X Build/MMB29P) AppleWebKit/537.36 (KHTML, like Gecko) Chrome/80.0.3987.92 Mobile Safari/537.36 (compatible; Googlebot/2.1; +http://www.google.com/bot.html)" 
114.119.165.86 - - [29/May/2020:03:38:32 -0700] "GET /author/jeremy/page/7 HTTP/1.1" 301 4043 "-" "Mozilla/5.0 (Linux; Android 7.0;) AppleWebKit/537.36 (KHTML, like Gecko) Mobile Safari/537.36 (compatible; PetalBot;+https://aspiegel.com/petalbot)" 
114.119.165.86 - - [29/May/2020:03:38:41 -0700] "GET /author/jeremy/page/7/ HTTP/1.1" 200 11271 "-" "Mozilla/5.0 (Linux; Android 7.0;) AppleWebKit/537.36 (KHTML, like Gecko) Mobile Safari/537.36 (compatible; PetalBot;+https://aspiegel.com/petalbot)" 
5.188.84.220 - - [29/May/2020:03:42:39 -0700] "GET /2013/pasta-madre-day-2013/ HTTP/1.0" 200 32928 "https://www.fornacalia.com/2013/pasta-madre-day-2013/#comment-1801/" "Mozilla/5.0 (Windows NT 10.0; Win64; x64) AppleWebKit/537.36 (KHTML, like Gecko) Chrome/68.0.3440.106 Safari/537.36 OPR/55.0.2994.44" 
64.111.100.215 - - [29/May/2020:03:42:40 -0700] "POST /wp-cron.php?doing_wp_cron=1590748959.9241459369659423828125 HTTP/1.1" 200 3494 "https://www.fornacalia.com/wp-cron.php?doing_wp_cron=1590748959.9241459369659423828125" "WordPress/5.2.6; https://www.fornacalia.com" 
5.188.84.220 - - [29/May/2020:03:42:41 -0700] "POST /wp-comments-post.php HTTP/1.0" 302 4063 "https://www.fornacalia.com/2013/pasta-madre-day-2013/#comment-1801/" "Mozilla/5.0 (Windows NT 10.0; Win64; x64) AppleWebKit/537.36 (KHTML, like Gecko) Chrome/68.0.3440.106 Safari/537.36 OPR/55.0.2994.44" 
198.12.227.90 - - [29/May/2020:03:43:49 -0700] "GET /wp-login.php HTTP/1.1" 200 4830 "-" "Mozilla/5.0 (X11; Ubuntu; Linux x86_64; rv:62.0) Gecko/20100101 Firefox/62.0" 
198.12.227.90 - - [29/May/2020:03:43:49 -0700] "POST /wp-login.php HTTP/1.1" 200 5224 "-" "Mozilla/5.0 (X11; Ubuntu; Linux x86_64; rv:62.0) Gecko/20100101 Firefox/62.0" 
198.12.227.90 - - [29/May/2020:03:43:50 -0700] "GET /wp-login.php HTTP/1.1" 200 4830 "-" "Mozilla/5.0 (X11; Ubuntu; Linux x86_64; rv:62.0) Gecko/20100101 Firefox/62.0" 
198.12.227.90 - - [29/May/2020:03:43:50 -0700] "POST /wp-login.php HTTP/1.1" 200 5205 "-" "Mozilla/5.0 (X11; Ubuntu; Linux x86_64; rv:62.0) Gecko/20100101 Firefox/62.0" 
198.12.227.90 - - [29/May/2020:03:43:50 -0700] "POST /xmlrpc.php HTTP/1.1" 200 3697 "-" "Mozilla/5.0 (X11; Ubuntu; Linux x86_64; rv:62.0) Gecko/20100101 Firefox/62.0" 
5.188.84.65 - - [29/May/2020:03:47:28 -0700] "GET /2013/pasta-madre-day-2013/ HTTP/1.0" 200 32928 "https://www.fornacalia.com/2013/pasta-madre-day-2013/#comment-1801/" "Mozilla/5.0 (Windows NT 10.0; Win64; x64) AppleWebKit/537.36 (KHTML, like Gecko) Chrome/64.0.3282.140 Safari/537.36 Edge/17.17134" 
5.188.84.65 - - [29/May/2020:03:47:29 -0700] "POST /wp-comments-post.php HTTP/1.0" 302 4063 "https://www.fornacalia.com/2013/pasta-madre-day-2013/#comment-1801/" "Mozilla/5.0 (Windows NT 10.0; Win64; x64) AppleWebKit/537.36 (KHTML, like Gecko) Chrome/64.0.3282.140 Safari/537.36 Edge/17.17134" 
107.178.238.43 - - [29/May/2020:03:49:43 -0700] "HEAD / HTTP/1.1" 301 3594 "-" "Bridgy (https://brid.gy/about)" 
107.178.238.43 - - [29/May/2020:03:49:43 -0700] "HEAD / HTTP/1.1" 200 4132 "-" "Bridgy (https://brid.gy/about)" 
107.178.238.43 - - [29/May/2020:03:49:44 -0700] "GET / HTTP/1.1" 200 18942 "-" "Bridgy (https://brid.gy/about)" 
107.178.238.43 - - [29/May/2020:03:49:44 -0700] "HEAD /2020/sourdough-bagels/ HTTP/1.1" 200 4236 "-" "Bridgy (https://brid.gy/about)" 
107.178.238.43 - - [29/May/2020:03:49:44 -0700] "GET /2020/sourdough-bagels/ HTTP/1.1" 200 14567 "-" "Bridgy (https://brid.gy/about)" 
107.178.238.43 - - [29/May/2020:03:49:45 -0700] "HEAD /2020/pizza-night-when-the-pizzerie-are-all-shut/ HTTP/1.1" 200 4236 "-" "Bridgy (https://brid.gy/about)" 
107.178.238.43 - - [29/May/2020:03:49:45 -0700] "GET /2020/pizza-night-when-the-pizzerie-are-all-shut/ HTTP/1.1" 200 15290 "-" "Bridgy (https://brid.gy/about)" 
107.178.238.43 - - [29/May/2020:03:49:46 -0700] "HEAD /2020/the-starter-leaven-pipeline/ HTTP/1.1" 200 4236 "-" "Bridgy (https://brid.gy/about)" 
107.178.238.43 - - [29/May/2020:03:49:46 -0700] "GET /2020/the-starter-leaven-pipeline/ HTTP/1.1" 200 12826 "-" "Bridgy (https://brid.gy/about)" 
107.178.238.43 - - [29/May/2020:03:49:47 -0700] "HEAD /2020/sourdough-revival/ HTTP/1.1" 200 4236 "-" "Bridgy (https://brid.gy/about)" 
107.178.238.43 - - [29/May/2020:03:49:48 -0700] "GET /2020/sourdough-revival/ HTTP/1.1" 200 13128 "-" "Bridgy (https://brid.gy/about)" 
107.178.238.43 - - [29/May/2020:03:49:48 -0700] "HEAD /2019/building-a-leaven/ HTTP/1.1" 200 4236 "-" "Bridgy (https://brid.gy/about)" 
107.178.238.43 - - [29/May/2020:03:49:48 -0700] "GET /2019/building-a-leaven/ HTTP/1.1" 200 12222 "-" "Bridgy (https://brid.gy/about)" 
202.29.33.75 - - [29/May/2020:03:49:53 -0700] "GET /wp-login.php HTTP/1.1" 200 4830 "-" "Mozilla/5.0 (X11; Ubuntu; Linux x86_64; rv:62.0) Gecko/20100101 Firefox/62.0" 
202.29.33.75 - - [29/May/2020:03:49:54 -0700] "POST /wp-login.php HTTP/1.1" 200 5205 "-" "Mozilla/5.0 (X11; Ubuntu; Linux x86_64; rv:62.0) Gecko/20100101 Firefox/62.0" 
202.29.33.75 - - [29/May/2020:03:49:56 -0700] "POST /xmlrpc.php HTTP/1.1" 200 3697 "-" "Mozilla/5.0 (X11; Ubuntu; Linux x86_64; rv:62.0) Gecko/20100101 Firefox/62.0" 
157.55.39.139 - - [29/May/2020:03:51:34 -0700] "GET /fornacalia-header/ HTTP/1.1" 200 10264 "-" "Mozilla/5.0 (compatible; bingbot/2.0; +http://www.bing.com/bingbot.htm)" 
5.188.84.65 - - [29/May/2020:03:58:42 -0700] "GET /2013/pasta-madre-day-2013/ HTTP/1.0" 200 32928 "https://www.fornacalia.com/2013/pasta-madre-day-2013/#comment-1801/" "Mozilla/5.0 (Windows NT 6.1) AppleWebKit/537.36 (KHTML, like Gecko) Chrome/67.0.3396.87 Safari/537.36" 
5.188.84.65 - - [29/May/2020:03:58:43 -0700] "POST /wp-comments-post.php HTTP/1.0" 302 4063 "https://www.fornacalia.com/2013/pasta-madre-day-2013/#comment-1801/" "Mozilla/5.0 (Windows NT 6.1) AppleWebKit/537.36 (KHTML, like Gecko) Chrome/67.0.3396.87 Safari/537.36" 
5.188.84.15 - - [29/May/2020:04:01:12 -0700] "GET /2013/pasta-madre-day-2013/ HTTP/1.0" 200 32928 "https://www.fornacalia.com/2013/pasta-madre-day-2013/#comment-1801/" "Mozilla/5.0 (Windows NT 10.0; Win64; x64) AppleWebKit/537.36 (KHTML, like Gecko) Chrome/68.0.3440.84 Safari/537.36" 
5.188.84.15 - - [29/May/2020:04:01:13 -0700] "POST /wp-comments-post.php HTTP/1.0" 302 4063 "https://www.fornacalia.com/2013/pasta-madre-day-2013/#comment-1801/" "Mozilla/5.0 (Windows NT 10.0; Win64; x64) AppleWebKit/537.36 (KHTML, like Gecko) Chrome/68.0.3440.84 Safari/537.36" 
40.89.134.161 - - [29/May/2020:04:01:20 -0700] "GET /wp-login.php HTTP/1.1" 200 4830 "-" "Mozilla/5.0 (X11; Ubuntu; Linux x86_64; rv:62.0) Gecko/20100101 Firefox/62.0" 
40.89.134.161 - - [29/May/2020:04:01:21 -0700] "POST /wp-login.php HTTP/1.1" 200 5224 "-" "Mozilla/5.0 (X11; Ubuntu; Linux x86_64; rv:62.0) Gecko/20100101 Firefox/62.0" 
40.89.134.161 - - [29/May/2020:04:01:21 -0700] "POST /xmlrpc.php HTTP/1.1" 200 3697 "-" "Mozilla/5.0 (X11; Ubuntu; Linux x86_64; rv:62.0) Gecko/20100101 Firefox/62.0" 
5.188.84.25 - - [29/May/2020:04:01:24 -0700] "GET /2013/pasta-madre-day-2013/ HTTP/1.0" 200 32928 "https://www.fornacalia.com/2013/pasta-madre-day-2013/#comment-1801/" "Mozilla/5.0 (Windows NT 6.2; Win64; x64) AppleWebKit/537.36 (KHTML, like Gecko) Chrome/68.0.3440.106 Safari/537.36" 
5.188.84.25 - - [29/May/2020:04:01:25 -0700] "POST /wp-comments-post.php HTTP/1.0" 302 4063 "https://www.fornacalia.com/2013/pasta-madre-day-2013/#comment-1801/" "Mozilla/5.0 (Windows NT 6.2; Win64; x64) AppleWebKit/537.36 (KHTML, like Gecko) Chrome/68.0.3440.106 Safari/537.36" 
68.183.134.134 - - [29/May/2020:04:02:14 -0700] "GET /wp-login.php HTTP/1.1" 200 4830 "-" "Mozilla/5.0 (X11; Ubuntu; Linux x86_64; rv:62.0) Gecko/20100101 Firefox/62.0" 
68.183.134.134 - - [29/May/2020:04:02:14 -0700] "POST /wp-login.php HTTP/1.1" 200 5224 "-" "Mozilla/5.0 (X11; Ubuntu; Linux x86_64; rv:62.0) Gecko/20100101 Firefox/62.0" 
68.183.134.134 - - [29/May/2020:04:02:14 -0700] "GET /wp-login.php HTTP/1.1" 200 4830 "-" "Mozilla/5.0 (X11; Ubuntu; Linux x86_64; rv:62.0) Gecko/20100101 Firefox/62.0" 
68.183.134.134 - - [29/May/2020:04:02:14 -0700] "POST /wp-login.php HTTP/1.1" 200 5205 "-" "Mozilla/5.0 (X11; Ubuntu; Linux x86_64; rv:62.0) Gecko/20100101 Firefox/62.0" 
68.183.134.134 - - [29/May/2020:04:02:15 -0700] "POST /xmlrpc.php HTTP/1.1" 200 3697 "-" "Mozilla/5.0 (X11; Ubuntu; Linux x86_64; rv:62.0) Gecko/20100101 Firefox/62.0" 
5.188.84.45 - - [29/May/2020:04:03:57 -0700] "GET /2013/pasta-madre-day-2013/ HTTP/1.0" 200 32928 "https://www.fornacalia.com/2013/pasta-madre-day-2013/#comment-1801/" "Mozilla/5.0 (Windows NT 10.0; Win64; x64) AppleWebKit/537.36 (KHTML, like Gecko) Chrome/58.0.3029.110 Safari/537.36 Edge/16.16299" 
5.188.84.45 - - [29/May/2020:04:03:58 -0700] "POST /wp-comments-post.php HTTP/1.0" 302 4063 "https://www.fornacalia.com/2013/pasta-madre-day-2013/#comment-1801/" "Mozilla/5.0 (Windows NT 10.0; Win64; x64) AppleWebKit/537.36 (KHTML, like Gecko) Chrome/58.0.3029.110 Safari/537.36 Edge/16.16299" 
5.188.84.233 - - [29/May/2020:04:05:04 -0700] "GET /2013/pasta-madre-day-2013/ HTTP/1.0" 200 32928 "https://www.fornacalia.com/2013/pasta-madre-day-2013/#comment-1801/" "Mozilla/5.0 (Windows NT 6.1; Win64; x64) AppleWebKit/537.36 (KHTML, like Gecko) Chrome/67.0.3396.87 Safari/537.36 OPR/54.0.2952.51" 
5.188.84.233 - - [29/May/2020:04:05:05 -0700] "POST /wp-comments-post.php HTTP/1.0" 302 4063 "https://www.fornacalia.com/2013/pasta-madre-day-2013/#comment-1801/" "Mozilla/5.0 (Windows NT 6.1; Win64; x64) AppleWebKit/537.36 (KHTML, like Gecko) Chrome/67.0.3396.87 Safari/537.36 OPR/54.0.2952.51" 
5.188.84.147 - - [29/May/2020:04:07:08 -0700] "GET /2013/pasta-madre-day-2013/ HTTP/1.0" 200 32928 "https://www.fornacalia.com/2013/pasta-madre-day-2013/#comment-1801/" "Mozilla/5.0 (Windows NT 6.1; Win64; x64) AppleWebKit/537.36 (KHTML, like Gecko) Chrome/68.0.3440.84 Safari/537.36" 
5.188.84.147 - - [29/May/2020:04:07:09 -0700] "POST /wp-comments-post.php HTTP/1.0" 302 4063 "https://www.fornacalia.com/2013/pasta-madre-day-2013/#comment-1801/" "Mozilla/5.0 (Windows NT 6.1; Win64; x64) AppleWebKit/537.36 (KHTML, like Gecko) Chrome/68.0.3440.84 Safari/537.36" 
66.249.66.43 - - [29/May/2020:04:09:56 -0700] "GET /.well-known/assetlinks.json HTTP/1.1" 403 3659 "-" "Mozilla/5.0 (compatible; Googlebot/2.1; +http://www.google.com/bot.html)" 
5.188.84.35 - - [29/May/2020:04:10:07 -0700] "GET /2013/pasta-madre-day-2013/ HTTP/1.0" 200 32928 "https://www.fornacalia.com/2013/pasta-madre-day-2013/#comment-1801/" "Mozilla/5.0 (Windows NT 6.1; Win64; x64) AppleWebKit/537.36 (KHTML, like Gecko) Chrome/68.0.3440.84 Safari/537.36" 
5.188.84.35 - - [29/May/2020:04:10:07 -0700] "POST /wp-comments-post.php HTTP/1.0" 302 4063 "https://www.fornacalia.com/2013/pasta-madre-day-2013/#comment-1801/" "Mozilla/5.0 (Windows NT 6.1; Win64; x64) AppleWebKit/537.36 (KHTML, like Gecko) Chrome/68.0.3440.84 Safari/537.36" 
46.21.192.21 - - [29/May/2020:04:18:06 -0700] "GET /wp-login.php HTTP/1.1" 200 4830 "-" "Mozilla/5.0 (X11; Ubuntu; Linux x86_64; rv:62.0) Gecko/20100101 Firefox/62.0" 
46.21.192.21 - - [29/May/2020:04:18:07 -0700] "POST /wp-login.php HTTP/1.1" 200 5205 "-" "Mozilla/5.0 (X11; Ubuntu; Linux x86_64; rv:62.0) Gecko/20100101 Firefox/62.0" 
46.21.192.21 - - [29/May/2020:04:18:08 -0700] "POST /xmlrpc.php HTTP/1.1" 200 3697 "-" "Mozilla/5.0 (X11; Ubuntu; Linux x86_64; rv:62.0) Gecko/20100101 Firefox/62.0" 
68.183.43.150 - - [29/May/2020:04:18:28 -0700] "GET /wp-login.php HTTP/1.1" 200 4830 "-" "Mozilla/5.0 (X11; Ubuntu; Linux x86_64; rv:62.0) Gecko/20100101 Firefox/62.0" 
68.183.43.150 - - [29/May/2020:04:18:28 -0700] "POST /wp-login.php HTTP/1.1" 200 5224 "-" "Mozilla/5.0 (X11; Ubuntu; Linux x86_64; rv:62.0) Gecko/20100101 Firefox/62.0" 
68.183.43.150 - - [29/May/2020:04:18:28 -0700] "GET /wp-login.php HTTP/1.1" 200 4830 "-" "Mozilla/5.0 (X11; Ubuntu; Linux x86_64; rv:62.0) Gecko/20100101 Firefox/62.0" 
68.183.43.150 - - [29/May/2020:04:18:29 -0700] "POST /wp-login.php HTTP/1.1" 200 5205 "-" "Mozilla/5.0 (X11; Ubuntu; Linux x86_64; rv:62.0) Gecko/20100101 Firefox/62.0" 
68.183.43.150 - - [29/May/2020:04:18:29 -0700] "POST /xmlrpc.php HTTP/1.1" 200 3697 "-" "Mozilla/5.0 (X11; Ubuntu; Linux x86_64; rv:62.0) Gecko/20100101 Firefox/62.0" 
5.188.84.233 - - [29/May/2020:04:20:01 -0700] "GET /2013/pasta-madre-day-2013/ HTTP/1.0" 200 32928 "https://www.fornacalia.com/2013/pasta-madre-day-2013/#comment-1801/" "Mozilla/5.0 (Windows NT 6.3; Win64; x64) AppleWebKit/537.36 (KHTML, like Gecko) Chrome/67.0.3396.87 Safari/537.36" 
5.188.84.233 - - [29/May/2020:04:20:02 -0700] "POST /wp-comments-post.php HTTP/1.0" 302 4063 "https://www.fornacalia.com/2013/pasta-madre-day-2013/#comment-1801/" "Mozilla/5.0 (Windows NT 6.3; Win64; x64) AppleWebKit/537.36 (KHTML, like Gecko) Chrome/67.0.3396.87 Safari/537.36" 
54.36.148.128 - - [29/May/2020:04:20:51 -0700] "GET /2018/nil-nisi-bonum/ HTTP/1.1" 200 11997 "-" "Mozilla/5.0 (compatible; AhrefsBot/6.1; +http://ahrefs.com/robot/)" 
5.188.84.15 - - [29/May/2020:04:22:41 -0700] "GET /2013/pasta-madre-day-2013/ HTTP/1.0" 200 32928 "https://www.fornacalia.com/2013/pasta-madre-day-2013/#comment-1801/" "Mozilla/5.0 (Windows NT 10.0; Win64; x64) AppleWebKit/537.36 (KHTML, like Gecko) Chrome/67.0.3396.87 Safari/537.36" 
5.188.84.15 - - [29/May/2020:04:22:42 -0700] "POST /wp-comments-post.php HTTP/1.0" 302 4063 "https://www.fornacalia.com/2013/pasta-madre-day-2013/#comment-1801/" "Mozilla/5.0 (Windows NT 10.0; Win64; x64) AppleWebKit/537.36 (KHTML, like Gecko) Chrome/67.0.3396.87 Safari/537.36" 
60.8.123.84 - - [29/May/2020:04:23:57 -0700] "GET /robots.txt HTTP/1.1" 200 4260 "-" "Mozilla/5.0 (Linux; Android 5.0) AppleWebKit/537.36 (KHTML, like Gecko) Mobile Safari/537.36 (compatible; Bytespider; https://zhanzhang.toutiao.com/)" 
66.249.66.43 - - [29/May/2020:04:26:20 -0700] "GET /wp-content/themes/Autonomie-child/css/wide-width.css?ver=1.0.0 HTTP/1.1" 404 10001 "https://www.fornacalia.com/" "Mozilla/5.0 AppleWebKit/537.36 (KHTML, like Gecko; compatible; Googlebot/2.1; +http://www.google.com/bot.html) Chrome/81.0.4044.108 Safari/537.36" 
139.59.64.189 - - [29/May/2020:04:31:29 -0700] "GET /wp-login.php HTTP/1.1" 200 4830 "-" "Mozilla/5.0 (X11; Ubuntu; Linux x86_64; rv:62.0) Gecko/20100101 Firefox/62.0" 
139.59.64.189 - - [29/May/2020:04:31:31 -0700] "POST /wp-login.php HTTP/1.1" 200 5224 "-" "Mozilla/5.0 (X11; Ubuntu; Linux x86_64; rv:62.0) Gecko/20100101 Firefox/62.0" 
139.59.64.189 - - [29/May/2020:04:31:32 -0700] "POST /xmlrpc.php HTTP/1.1" 200 3697 "-" "Mozilla/5.0 (X11; Ubuntu; Linux x86_64; rv:62.0) Gecko/20100101 Firefox/62.0" 
5.188.84.35 - - [29/May/2020:04:31:33 -0700] "GET /2013/pasta-madre-day-2013/ HTTP/1.0" 200 32928 "https://www.fornacalia.com/2013/pasta-madre-day-2013/#comment-1801/" "Mozilla/5.0 (Windows NT 6.1) AppleWebKit/537.36 (KHTML, like Gecko) Chrome/67.0.3396.99 Safari/537.36" 
5.188.84.35 - - [29/May/2020:04:31:34 -0700] "POST /wp-comments-post.php HTTP/1.0" 302 4063 "https://www.fornacalia.com/2013/pasta-madre-day-2013/#comment-1801/" "Mozilla/5.0 (Windows NT 6.1) AppleWebKit/537.36 (KHTML, like Gecko) Chrome/67.0.3396.99 Safari/537.36" 
5.188.84.25 - - [29/May/2020:04:33:02 -0700] "GET /2013/pasta-madre-day-2013/ HTTP/1.0" 200 32928 "https://www.fornacalia.com/2013/pasta-madre-day-2013/#comment-1801/" "Mozilla/5.0 (Windows NT 6.1; Win64; x64) AppleWebKit/537.36 (KHTML, like Gecko) Chrome/68.0.3440.84 Safari/537.36" 
5.188.84.25 - - [29/May/2020:04:33:03 -0700] "POST /wp-comments-post.php HTTP/1.0" 302 4063 "https://www.fornacalia.com/2013/pasta-madre-day-2013/#comment-1801/" "Mozilla/5.0 (Windows NT 6.1; Win64; x64) AppleWebKit/537.36 (KHTML, like Gecko) Chrome/68.0.3440.84 Safari/537.36" 
5.188.84.45 - - [29/May/2020:04:33:33 -0700] "GET /2013/pasta-madre-day-2013/ HTTP/1.0" 200 32928 "https://www.fornacalia.com/2013/pasta-madre-day-2013/#comment-1801/" "Mozilla/5.0 (Windows NT 10.0; Win64; x64) AppleWebKit/537.36 (KHTML, like Gecko) Chrome/67.0.3396.87 Safari/537.36 OPR/54.0.2952.54" 
5.188.84.45 - - [29/May/2020:04:33:34 -0700] "POST /wp-comments-post.php HTTP/1.0" 302 4063 "https://www.fornacalia.com/2013/pasta-madre-day-2013/#comment-1801/" "Mozilla/5.0 (Windows NT 10.0; Win64; x64) AppleWebKit/537.36 (KHTML, like Gecko) Chrome/67.0.3396.87 Safari/537.36 OPR/54.0.2952.54" 
5.188.84.220 - - [29/May/2020:04:42:12 -0700] "GET /2013/pasta-madre-day-2013/ HTTP/1.0" 200 32928 "https://www.fornacalia.com/2013/pasta-madre-day-2013/#comment-1801/" "Mozilla/5.0 (Windows NT 6.1) AppleWebKit/537.36 (KHTML, like Gecko) Chrome/67.0.3396.87 Safari/537.36" 
64.111.100.215 - - [29/May/2020:04:42:12 -0700] "POST /wp-cron.php?doing_wp_cron=1590752532.7571039199829101562500 HTTP/1.1" 200 3494 "https://www.fornacalia.com/wp-cron.php?doing_wp_cron=1590752532.7571039199829101562500" "WordPress/5.2.6; https://www.fornacalia.com" 
5.188.84.220 - - [29/May/2020:04:42:14 -0700] "POST /wp-comments-post.php HTTP/1.0" 302 4063 "https://www.fornacalia.com/2013/pasta-madre-day-2013/#comment-1801/" "Mozilla/5.0 (Windows NT 6.1) AppleWebKit/537.36 (KHTML, like Gecko) Chrome/67.0.3396.87 Safari/537.36" 
207.46.13.30 - - [29/May/2020:04:43:05 -0700] "GET /2018/gearing-up-for-fornacalia/ HTTP/1.1" 200 11944 "-" "Mozilla/5.0 (compatible; bingbot/2.0; +http://www.bing.com/bingbot.htm)" 
144.217.193.11 - - [29/May/2020:04:46:31 -0700] "GET /wp-login.php HTTP/1.1" 200 4830 "-" "Mozilla/5.0 (X11; Ubuntu; Linux x86_64; rv:62.0) Gecko/20100101 Firefox/62.0" 
144.217.193.11 - - [29/May/2020:04:46:31 -0700] "POST /wp-login.php HTTP/1.1" 200 5205 "-" "Mozilla/5.0 (X11; Ubuntu; Linux x86_64; rv:62.0) Gecko/20100101 Firefox/62.0" 
144.217.193.11 - - [29/May/2020:04:46:31 -0700] "POST /xmlrpc.php HTTP/1.1" 200 3697 "-" "Mozilla/5.0 (X11; Ubuntu; Linux x86_64; rv:62.0) Gecko/20100101 Firefox/62.0" 
94.51.219.27 - - [29/May/2020:04:47:19 -0700] "GET /2019/first-course-in-rome/ HTTP/1.0" 200 29583 "https://www.fornacalia.com/2019/first-course-in-rome/#comment-39963/" "Mozilla/5.0 (Windows NT 10.0; Win64; x64) AppleWebKit/537.36 (KHTML, like Gecko) Chrome/67.0.3396.87 Safari/537.36 OPR/54.0.2952.64" 
94.51.219.27 - - [29/May/2020:04:47:21 -0700] "POST /wp-comments-post.php HTTP/1.0" 302 4063 "https://www.fornacalia.com/2019/first-course-in-rome/#comment-39963/" "Mozilla/5.0 (Windows NT 10.0; Win64; x64) AppleWebKit/537.36 (KHTML, like Gecko) Chrome/67.0.3396.87 Safari/537.36 OPR/54.0.2952.64" 
94.51.219.27 - - [29/May/2020:04:47:23 -0700] "GET /2019/first-course-in-rome/ HTTP/1.0" 200 29583 "https://www.fornacalia.com/2019/first-course-in-rome/#comment-47428" "Mozilla/5.0 (Windows NT 10.0; Win64; x64) AppleWebKit/537.36 (KHTML, like Gecko) Chrome/67.0.3396.87 Safari/537.36 OPR/54.0.2952.64" 
162.144.141.141 - - [29/May/2020:04:54:47 -0700] "GET /wp-login.php HTTP/1.1" 200 4830 "-" "Mozilla/5.0 (X11; Ubuntu; Linux x86_64; rv:62.0) Gecko/20100101 Firefox/62.0" 
162.144.141.141 - - [29/May/2020:04:54:48 -0700] "POST /wp-login.php HTTP/1.1" 200 5224 "-" "Mozilla/5.0 (X11; Ubuntu; Linux x86_64; rv:62.0) Gecko/20100101 Firefox/62.0" 
162.144.141.141 - - [29/May/2020:04:54:49 -0700] "GET /wp-login.php HTTP/1.1" 200 4830 "-" "Mozilla/5.0 (X11; Ubuntu; Linux x86_64; rv:62.0) Gecko/20100101 Firefox/62.0" 
162.144.141.141 - - [29/May/2020:04:54:49 -0700] "POST /wp-login.php HTTP/1.1" 200 5205 "-" "Mozilla/5.0 (X11; Ubuntu; Linux x86_64; rv:62.0) Gecko/20100101 Firefox/62.0" 
162.144.141.141 - - [29/May/2020:04:54:50 -0700] "POST /xmlrpc.php HTTP/1.1" 200 3697 "-" "Mozilla/5.0 (X11; Ubuntu; Linux x86_64; rv:62.0) Gecko/20100101 Firefox/62.0" 
5.188.84.147 - - [29/May/2020:04:57:56 -0700] "GET /2013/pasta-madre-day-2013/ HTTP/1.0" 200 32928 "https://www.fornacalia.com/2013/pasta-madre-day-2013/#comment-1801/" "Mozilla/5.0 (Windows NT 6.1; Win64; x64) AppleWebKit/537.36 (KHTML, like Gecko) Chrome/67.0.3396.87 Safari/537.36 OPR/54.0.2952.71" 
5.188.84.147 - - [29/May/2020:04:57:57 -0700] "POST /wp-comments-post.php HTTP/1.0" 302 4063 "https://www.fornacalia.com/2013/pasta-madre-day-2013/#comment-1801/" "Mozilla/5.0 (Windows NT 6.1; Win64; x64) AppleWebKit/537.36 (KHTML, like Gecko) Chrome/67.0.3396.87 Safari/537.36 OPR/54.0.2952.71" 
45.252.250.106 - - [29/May/2020:04:59:10 -0700] "GET /wp-login.php HTTP/1.1" 200 4830 "-" "Mozilla/5.0 (X11; Ubuntu; Linux x86_64; rv:62.0) Gecko/20100101 Firefox/62.0" 
45.252.250.106 - - [29/May/2020:04:59:11 -0700] "POST /wp-login.php HTTP/1.1" 200 5224 "-" "Mozilla/5.0 (X11; Ubuntu; Linux x86_64; rv:62.0) Gecko/20100101 Firefox/62.0" 
45.252.250.106 - - [29/May/2020:04:59:12 -0700] "POST /xmlrpc.php HTTP/1.1" 200 3697 "-" "Mozilla/5.0 (X11; Ubuntu; Linux x86_64; rv:62.0) Gecko/20100101 Firefox/62.0" 
5.188.84.220 - - [29/May/2020:05:02:47 -0700] "GET /2013/pasta-madre-day-2013/ HTTP/1.0" 200 32928 "https://www.fornacalia.com/2013/pasta-madre-day-2013/#comment-1801/" "Mozilla/5.0 (Windows NT 6.1; Win64; x64) AppleWebKit/537.36 (KHTML, like Gecko) Chrome/66.0.3359.170 Safari/537.36 OPR/53.0.2907.99" 
5.188.84.220 - - [29/May/2020:05:02:48 -0700] "POST /wp-comments-post.php HTTP/1.0" 302 4063 "https://www.fornacalia.com/2013/pasta-madre-day-2013/#comment-1801/" "Mozilla/5.0 (Windows NT 6.1; Win64; x64) AppleWebKit/537.36 (KHTML, like Gecko) Chrome/66.0.3359.170 Safari/537.36 OPR/53.0.2907.99" 
5.188.84.65 - - [29/May/2020:05:07:24 -0700] "GET /2013/pasta-madre-day-2013/ HTTP/1.0" 200 32928 "https://www.fornacalia.com/2013/pasta-madre-day-2013/#comment-1801/" "Mozilla/5.0 (Windows NT 6.1) AppleWebKit/537.36 (KHTML, like Gecko) Chrome/67.0.3396.99 Safari/537.36 Kinza/4.8.2" 
5.188.84.65 - - [29/May/2020:05:07:25 -0700] "POST /wp-comments-post.php HTTP/1.0" 302 4063 "https://www.fornacalia.com/2013/pasta-madre-day-2013/#comment-1801/" "Mozilla/5.0 (Windows NT 6.1) AppleWebKit/537.36 (KHTML, like Gecko) Chrome/67.0.3396.99 Safari/537.36 Kinza/4.8.2" 
64.202.185.147 - - [29/May/2020:05:13:24 -0700] "GET /wp-login.php HTTP/1.1" 200 4830 "-" "Mozilla/5.0 (X11; Ubuntu; Linux x86_64; rv:62.0) Gecko/20100101 Firefox/62.0" 
64.202.185.147 - - [29/May/2020:05:13:24 -0700] "POST /wp-login.php HTTP/1.1" 200 5224 "-" "Mozilla/5.0 (X11; Ubuntu; Linux x86_64; rv:62.0) Gecko/20100101 Firefox/62.0" 
64.202.185.147 - - [29/May/2020:05:13:24 -0700] "GET /wp-login.php HTTP/1.1" 200 4830 "-" "Mozilla/5.0 (X11; Ubuntu; Linux x86_64; rv:62.0) Gecko/20100101 Firefox/62.0" 
64.202.185.147 - - [29/May/2020:05:13:25 -0700] "POST /wp-login.php HTTP/1.1" 200 5205 "-" "Mozilla/5.0 (X11; Ubuntu; Linux x86_64; rv:62.0) Gecko/20100101 Firefox/62.0" 
64.202.185.147 - - [29/May/2020:05:13:25 -0700] "POST /xmlrpc.php HTTP/1.1" 200 3697 "-" "Mozilla/5.0 (X11; Ubuntu; Linux x86_64; rv:62.0) Gecko/20100101 Firefox/62.0" 
46.229.168.146 - - [29/May/2020:05:15:25 -0700] "GET /page/5/ HTTP/1.1" 200 12967 "-" "Mozilla/5.0 (compatible; SemrushBot/6~bl; +http://www.semrush.com/bot.html)" 
66.249.66.43 - - [29/May/2020:05:15:27 -0700] "GET /wp-content/themes/Autonomie-child/css/wide-width.css?ver=1.0.0 HTTP/1.1" 404 10001 "http://www.fornacalia.com/" "Mozilla/5.0 AppleWebKit/537.36 (KHTML, like Gecko; compatible; Googlebot/2.1; +http://www.google.com/bot.html) Chrome/81.0.4044.108 Safari/537.36" 
45.156.184.97 - - [29/May/2020:05:16:07 -0700] "GET /wp-login.php HTTP/1.1" 200 4830 "-" "Mozilla/5.0 (X11; Ubuntu; Linux x86_64; rv:62.0) Gecko/20100101 Firefox/62.0" 
45.156.184.97 - - [29/May/2020:05:16:09 -0700] "POST /wp-login.php HTTP/1.1" 200 5205 "-" "Mozilla/5.0 (X11; Ubuntu; Linux x86_64; rv:62.0) Gecko/20100101 Firefox/62.0" 
45.156.184.97 - - [29/May/2020:05:16:10 -0700] "POST /xmlrpc.php HTTP/1.1" 200 3697 "-" "Mozilla/5.0 (X11; Ubuntu; Linux x86_64; rv:62.0) Gecko/20100101 Firefox/62.0" 
5.188.84.65 - - [29/May/2020:05:17:59 -0700] "GET /2013/pasta-madre-day-2013/ HTTP/1.0" 200 32928 "https://www.fornacalia.com/2013/pasta-madre-day-2013/#comment-1801/" "Mozilla/5.0 (Windows NT 6.3; Win64; x64) AppleWebKit/537.36 (KHTML, like Gecko) Chrome/66.0.3359.181 Safari/537.36" 
5.188.84.65 - - [29/May/2020:05:18:00 -0700] "POST /wp-comments-post.php HTTP/1.0" 302 4063 "https://www.fornacalia.com/2013/pasta-madre-day-2013/#comment-1801/" "Mozilla/5.0 (Windows NT 6.3; Win64; x64) AppleWebKit/537.36 (KHTML, like Gecko) Chrome/66.0.3359.181 Safari/537.36" 
5.188.84.15 - - [29/May/2020:05:19:15 -0700] "GET /2013/pasta-madre-day-2013/ HTTP/1.0" 200 32928 "https://www.fornacalia.com/2013/pasta-madre-day-2013/#comment-1801/" "Mozilla/5.0 (Windows NT 6.1; Win64; x64) AppleWebKit/537.36 (KHTML, like Gecko) Chrome/68.0.3440.106 Safari/537.36 OPR/55.0.2994.44" 
5.188.84.15 - - [29/May/2020:05:19:16 -0700] "POST /wp-comments-post.php HTTP/1.0" 302 4063 "https://www.fornacalia.com/2013/pasta-madre-day-2013/#comment-1801/" "Mozilla/5.0 (Windows NT 6.1; Win64; x64) AppleWebKit/537.36 (KHTML, like Gecko) Chrome/68.0.3440.106 Safari/537.36 OPR/55.0.2994.44" 
176.122.120.210 - - [29/May/2020:05:19:53 -0700] "GET /wp-login.php HTTP/1.1" 200 4830 "-" "Mozilla/5.0 (X11; Ubuntu; Linux x86_64; rv:62.0) Gecko/20100101 Firefox/62.0" 
176.122.120.210 - - [29/May/2020:05:19:53 -0700] "POST /wp-login.php HTTP/1.1" 200 5224 "-" "Mozilla/5.0 (X11; Ubuntu; Linux x86_64; rv:62.0) Gecko/20100101 Firefox/62.0" 
176.122.120.210 - - [29/May/2020:05:19:54 -0700] "GET /wp-login.php HTTP/1.1" 200 4830 "-" "Mozilla/5.0 (X11; Ubuntu; Linux x86_64; rv:62.0) Gecko/20100101 Firefox/62.0" 
176.122.120.210 - - [29/May/2020:05:19:54 -0700] "POST /wp-login.php HTTP/1.1" 200 5205 "-" "Mozilla/5.0 (X11; Ubuntu; Linux x86_64; rv:62.0) Gecko/20100101 Firefox/62.0" 
176.122.120.210 - - [29/May/2020:05:19:55 -0700] "GET /wp-login.php HTTP/1.1" 200 4830 "-" "Mozilla/5.0 (X11; Ubuntu; Linux x86_64; rv:62.0) Gecko/20100101 Firefox/62.0" 
176.122.120.210 - - [29/May/2020:05:19:56 -0700] "POST /wp-login.php HTTP/1.1" 200 5205 "-" "Mozilla/5.0 (X11; Ubuntu; Linux x86_64; rv:62.0) Gecko/20100101 Firefox/62.0" 
5.188.84.25 - - [29/May/2020:05:19:56 -0700] "GET /2013/pasta-madre-day-2013/ HTTP/1.0" 200 32928 "https://www.fornacalia.com/2013/pasta-madre-day-2013/#comment-1801/" "Mozilla/5.0 (Windows NT 6.1; Win64; x64) AppleWebKit/537.36 (KHTML, like Gecko) Chrome/67.0.3396.99 Safari/537.36" 
5.188.84.25 - - [29/May/2020:05:19:57 -0700] "POST /wp-comments-post.php HTTP/1.0" 302 4063 "https://www.fornacalia.com/2013/pasta-madre-day-2013/#comment-1801/" "Mozilla/5.0 (Windows NT 6.1; Win64; x64) AppleWebKit/537.36 (KHTML, like Gecko) Chrome/67.0.3396.99 Safari/537.36" 
219.145.144.65 - - [29/May/2020:05:21:42 -0700] "GET /wp-login.php?action=register HTTP/1.1" 302 3949 "-" "Mozilla/5.0 (Windows NT 6.1; WOW64; rv:56.0) Gecko/20100101 Firefox/56.0,gzip(gfe)" 
219.145.144.65 - - [29/May/2020:05:21:44 -0700] "GET /wp-login.php?registration=disabled HTTP/1.1" 200 5127 "https://www.fornacalia.com/wp-login.php?action=register" "Mozilla/5.0 (Windows NT 6.1; WOW64; rv:56.0) Gecko/20100101 Firefox/56.0,gzip(gfe)" 
5.188.84.45 - - [29/May/2020:05:23:07 -0700] "GET /2013/pasta-madre-day-2013/ HTTP/1.0" 200 32928 "https://www.fornacalia.com/2013/pasta-madre-day-2013/#comment-1801/" "Mozilla/5.0 (Windows NT 6.1; Win64; x64) AppleWebKit/537.36 (KHTML, like Gecko) Chrome/67.0.3396.87 Safari/537.36 OPR/54.0.2952.71" 
5.188.84.45 - - [29/May/2020:05:23:08 -0700] "POST /wp-comments-post.php HTTP/1.0" 302 4063 "https://www.fornacalia.com/2013/pasta-madre-day-2013/#comment-1801/" "Mozilla/5.0 (Windows NT 6.1; Win64; x64) AppleWebKit/537.36 (KHTML, like Gecko) Chrome/67.0.3396.87 Safari/537.36 OPR/54.0.2952.71" 
5.188.84.233 - - [29/May/2020:05:23:09 -0700] "GET /2013/pasta-madre-day-2013/ HTTP/1.0" 200 32928 "https://www.fornacalia.com/2013/pasta-madre-day-2013/#comment-1801/" "Mozilla/5.0 (Windows NT 6.1; Win64; x64) AppleWebKit/537.36 (KHTML, like Gecko) Chrome/66.0.3359.170 Safari/537.36 OPR/53.0.2907.68" 
5.188.84.233 - - [29/May/2020:05:23:10 -0700] "POST /wp-comments-post.php HTTP/1.0" 302 4063 "https://www.fornacalia.com/2013/pasta-madre-day-2013/#comment-1801/" "Mozilla/5.0 (Windows NT 6.1; Win64; x64) AppleWebKit/537.36 (KHTML, like Gecko) Chrome/66.0.3359.170 Safari/537.36 OPR/53.0.2907.68" 
139.59.140.44 - - [29/May/2020:05:27:06 -0700] "GET /wp-login.php HTTP/1.1" 200 4830 "-" "Mozilla/5.0 (X11; Ubuntu; Linux x86_64; rv:62.0) Gecko/20100101 Firefox/62.0" 
139.59.140.44 - - [29/May/2020:05:27:08 -0700] "POST /wp-login.php HTTP/1.1" 200 5224 "-" "Mozilla/5.0 (X11; Ubuntu; Linux x86_64; rv:62.0) Gecko/20100101 Firefox/62.0" 
139.59.140.44 - - [29/May/2020:05:27:09 -0700] "POST /xmlrpc.php HTTP/1.1" 200 3697 "-" "Mozilla/5.0 (X11; Ubuntu; Linux x86_64; rv:62.0) Gecko/20100101 Firefox/62.0" 
5.188.84.35 - - [29/May/2020:05:29:16 -0700] "GET /2013/pasta-madre-day-2013/ HTTP/1.0" 200 32928 "https://www.fornacalia.com/2013/pasta-madre-day-2013/#comment-1801/" "Mozilla/5.0 (Windows NT 5.1) AppleWebKit/537.36 (KHTML, like Gecko) Chrome/49.0.2623.112 Safari/537.36" 
5.188.84.147 - - [29/May/2020:05:29:16 -0700] "GET /2013/pasta-madre-day-2013/ HTTP/1.0" 200 32928 "https://www.fornacalia.com/2013/pasta-madre-day-2013/#comment-1801/" "Mozilla/5.0 (Windows NT 6.3; Win64; x64) AppleWebKit/537.36 (KHTML, like Gecko) Chrome/68.0.3440.84 Safari/537.36" 
5.188.84.35 - - [29/May/2020:05:29:17 -0700] "POST /wp-comments-post.php HTTP/1.0" 302 4063 "https://www.fornacalia.com/2013/pasta-madre-day-2013/#comment-1801/" "Mozilla/5.0 (Windows NT 5.1) AppleWebKit/537.36 (KHTML, like Gecko) Chrome/49.0.2623.112 Safari/537.36" 
5.188.84.147 - - [29/May/2020:05:29:17 -0700] "POST /wp-comments-post.php HTTP/1.0" 302 4063 "https://www.fornacalia.com/2013/pasta-madre-day-2013/#comment-1801/" "Mozilla/5.0 (Windows NT 6.3; Win64; x64) AppleWebKit/537.36 (KHTML, like Gecko) Chrome/68.0.3440.84 Safari/537.36" 
167.99.123.34 - - [29/May/2020:05:31:24 -0700] "GET /wp-login.php HTTP/1.1" 200 4830 "-" "Mozilla/5.0 (X11; Ubuntu; Linux x86_64; rv:62.0) Gecko/20100101 Firefox/62.0" 
167.99.123.34 - - [29/May/2020:05:31:24 -0700] "POST /wp-login.php HTTP/1.1" 200 5224 "-" "Mozilla/5.0 (X11; Ubuntu; Linux x86_64; rv:62.0) Gecko/20100101 Firefox/62.0" 
167.99.123.34 - - [29/May/2020:05:31:24 -0700] "GET /wp-login.php HTTP/1.1" 200 4830 "-" "Mozilla/5.0 (X11; Ubuntu; Linux x86_64; rv:62.0) Gecko/20100101 Firefox/62.0" 
167.99.123.34 - - [29/May/2020:05:31:24 -0700] "POST /wp-login.php HTTP/1.1" 200 5205 "-" "Mozilla/5.0 (X11; Ubuntu; Linux x86_64; rv:62.0) Gecko/20100101 Firefox/62.0" 
167.99.123.34 - - [29/May/2020:05:31:24 -0700] "POST /xmlrpc.php HTTP/1.1" 200 3697 "-" "Mozilla/5.0 (X11; Ubuntu; Linux x86_64; rv:62.0) Gecko/20100101 Firefox/62.0" 
66.249.66.47 - - [29/May/2020:05:31:45 -0700] "GET / HTTP/1.1" 200 18942 "-" "Mozilla/5.0 (compatible; Googlebot/2.1; +http://www.google.com/bot.html)" 
5.188.84.233 - - [29/May/2020:05:38:10 -0700] "GET /2013/pasta-madre-day-2013/ HTTP/1.0" 200 32928 "https://www.fornacalia.com/2013/pasta-madre-day-2013/#comment-1801/" "Mozilla/5.0 (Windows NT 6.1) AppleWebKit/537.36 (KHTML, like Gecko) Chrome/66.0.3359.181 Safari/537.36" 
5.188.84.233 - - [29/May/2020:05:38:12 -0700] "POST /wp-comments-post.php HTTP/1.0" 302 4063 "https://www.fornacalia.com/2013/pasta-madre-day-2013/#comment-1801/" "Mozilla/5.0 (Windows NT 6.1) AppleWebKit/537.36 (KHTML, like Gecko) Chrome/66.0.3359.181 Safari/537.36" 
174.16.61.159 - - [29/May/2020:05:40:57 -0700] "GET /2019/respect-to-respectus-panis/ HTTP/1.1" 200 13320 "https://www.bing.com/" "Mozilla/5.0 (Macintosh; Intel Mac OS X 10.14; rv:76.0) Gecko/20100101 Firefox/76.0" 
174.16.61.159 - - [29/May/2020:05:40:59 -0700] "GET /wp-includes/css/dist/block-library/style.min.css?ver=5.2.6 HTTP/1.1" 200 5391 "https://www.fornacalia.com/2019/respect-to-respectus-panis/" "Mozilla/5.0 (Macintosh; Intel Mac OS X 10.14; rv:76.0) Gecko/20100101 Firefox/76.0" 
174.16.61.159 - - [29/May/2020:05:40:59 -0700] "GET /wp-content/plugins/indieweb/static/css/indieweb.css?ver=3.4.1 HTTP/1.1" 200 6856 "https://www.fornacalia.com/2019/respect-to-respectus-panis/" "Mozilla/5.0 (Macintosh; Intel Mac OS X 10.14; rv:76.0) Gecko/20100101 Firefox/76.0" 
174.16.61.159 - - [29/May/2020:05:40:59 -0700] "GET /wp-content/themes/Autonomie-child/css/default-width.css?ver=1.0.0 HTTP/1.1" 200 950 "https://www.fornacalia.com/2019/respect-to-respectus-panis/" "Mozilla/5.0 (Macintosh; Intel Mac OS X 10.14; rv:76.0) Gecko/20100101 Firefox/76.0" 
174.16.61.159 - - [29/May/2020:05:41:00 -0700] "GET /wp-content/themes/autonomie/style.css?ver=5.2.6 HTTP/1.1" 200 9716 "https://www.fornacalia.com/2019/respect-to-respectus-panis/" "Mozilla/5.0 (Macintosh; Intel Mac OS X 10.14; rv:76.0) Gecko/20100101 Firefox/76.0" 
174.16.61.159 - - [29/May/2020:05:41:00 -0700] "GET /wp-content/plugins/semantic-linkbacks/css/semantic-linkbacks.css?ver=3.8.1 HTTP/1.1" 200 958 "https://www.fornacalia.com/2019/respect-to-respectus-panis/" "Mozilla/5.0 (Macintosh; Intel Mac OS X 10.14; rv:76.0) Gecko/20100101 Firefox/76.0" 
64.111.100.215 - - [29/May/2020:05:40:58 -0700] "POST /wp-cron.php?doing_wp_cron=1590756057.8773219585418701171875 HTTP/1.1" 200 3494 "https://www.fornacalia.com/wp-cron.php?doing_wp_cron=1590756057.8773219585418701171875" "WordPress/5.2.6; https://www.fornacalia.com" 
174.16.61.159 - - [29/May/2020:05:41:00 -0700] "GET /wp-includes/js/jquery/jquery-migrate.min.js?ver=1.4.1 HTTP/1.1" 200 4603 "https://www.fornacalia.com/2019/respect-to-respectus-panis/" "Mozilla/5.0 (Macintosh; Intel Mac OS X 10.14; rv:76.0) Gecko/20100101 Firefox/76.0" 
174.16.61.159 - - [29/May/2020:05:41:00 -0700] "GET /wp-includes/js/jquery/jquery.js?ver=1.12.4-wp HTTP/1.1" 200 35203 "https://www.fornacalia.com/2019/respect-to-respectus-panis/" "Mozilla/5.0 (Macintosh; Intel Mac OS X 10.14; rv:76.0) Gecko/20100101 Firefox/76.0" 
174.16.61.159 - - [29/May/2020:05:41:00 -0700] "GET /wp-content/themes/Autonomie-child/style.css?ver=1.0.0 HTTP/1.1" 200 1630 "https://www.fornacalia.com/2019/respect-to-respectus-panis/" "Mozilla/5.0 (Macintosh; Intel Mac OS X 10.14; rv:76.0) Gecko/20100101 Firefox/76.0" 
174.16.61.159 - - [29/May/2020:05:41:00 -0700] "GET /wp-content/plugins/semantic-linkbacks/js/semantic-linkbacks.js?ver=3.8.1 HTTP/1.1" 200 675 "https://www.fornacalia.com/2019/respect-to-respectus-panis/" "Mozilla/5.0 (Macintosh; Intel Mac OS X 10.14; rv:76.0) Gecko/20100101 Firefox/76.0" 
174.16.61.159 - - [29/May/2020:05:41:00 -0700] "GET /wp-includes/js/comment-reply.min.js?ver=5.2.6 HTTP/1.1" 200 1621 "https://www.fornacalia.com/2019/respect-to-respectus-panis/" "Mozilla/5.0 (Macintosh; Intel Mac OS X 10.14; rv:76.0) Gecko/20100101 Firefox/76.0" 
174.16.61.159 - - [29/May/2020:05:41:00 -0700] "GET /wp-content/themes/autonomie/js/navigation.js?ver=1.0.0 HTTP/1.1" 200 1408 "https://www.fornacalia.com/2019/respect-to-respectus-panis/" "Mozilla/5.0 (Macintosh; Intel Mac OS X 10.14; rv:76.0) Gecko/20100101 Firefox/76.0" 
174.16.61.159 - - [29/May/2020:05:41:00 -0700] "GET /wp-content/themes/autonomie/js/skip-link-focus-fix.js?ver=1.0.0 HTTP/1.1" 200 1010 "https://www.fornacalia.com/2019/respect-to-respectus-panis/" "Mozilla/5.0 (Macintosh; Intel Mac OS X 10.14; rv:76.0) Gecko/20100101 Firefox/76.0" 
174.16.61.159 - - [29/May/2020:05:41:00 -0700] "GET /wp-includes/js/wp-embed.min.js?ver=5.2.6 HTTP/1.1" 200 1280 "https://www.fornacalia.com/2019/respect-to-respectus-panis/" "Mozilla/5.0 (Macintosh; Intel Mac OS X 10.14; rv:76.0) Gecko/20100101 Firefox/76.0" 
174.16.61.159 - - [29/May/2020:05:41:00 -0700] "GET /wp-includes/js/wp-emoji-release.min.js?ver=5.2.6 HTTP/1.1" 200 5227 "https://www.fornacalia.com/2019/respect-to-respectus-panis/" "Mozilla/5.0 (Macintosh; Intel Mac OS X 10.14; rv:76.0) Gecko/20100101 Firefox/76.0" 
174.16.61.159 - - [29/May/2020:05:40:59 -0700] "GET /wp-content/themes/Autonomie-child/css/wide-width.css?ver=1.0.0 HTTP/1.1" 404 6729 "https://www.fornacalia.com/2019/respect-to-respectus-panis/" "Mozilla/5.0 (Macintosh; Intel Mac OS X 10.14; rv:76.0) Gecko/20100101 Firefox/76.0" 
174.16.61.159 - - [29/May/2020:05:41:01 -0700] "GET /wp-content/themes/Autonomie-child/css/print.css?ver=1.0.0 HTTP/1.1" 200 974 "https://www.fornacalia.com/2019/respect-to-respectus-panis/" "Mozilla/5.0 (Macintosh; Intel Mac OS X 10.14; rv:76.0) Gecko/20100101 Firefox/76.0" 
174.16.61.159 - - [29/May/2020:05:41:01 -0700] "GET /wp-content/themes/Autonomie-child/css/narrow-width.css?ver=1.0.0 HTTP/1.1" 200 1202 "https://www.fornacalia.com/2019/respect-to-respectus-panis/" "Mozilla/5.0 (Macintosh; Intel Mac OS X 10.14; rv:76.0) Gecko/20100101 Firefox/76.0" 
