45.83.220.219 - - [22/May/2020:05:07:15 -0700] "GET /file/4452eb654b06ffb53fea01bc16f0ff38/430E66BB-E744-48A0-9083-47C3DB169F06.jpeg HTTP/1.1" 200 74975 "https://stream.jeremycherfas.net/" "Mozilla/5.0 (Macintosh; Intel Mac OS X 10.13; rv:76.0) Gecko/20100101 Firefox/76.0" 
45.83.220.219 - - [22/May/2020:05:07:16 -0700] "GET /service/web/imageproxy/aHR0cHM6Ly9jZG4uc3Vic3RhY2suY29tL2ltYWdlL2ZldGNoL2hfNjAwLGNfbGltaXQsZl9hdXRvLHFfYXV0bzpnb29kL2h0dHBzJTNBJTJGJTJGYnVja2V0ZWVyLWUwNWJiYzg0LWJhYTMtNDM3ZS05NTE4LWFkYjMyYmU3Nzk4NC5zMy5hbWF6b25hd3MuY29tJTJGcHVibGljJTJGaW1hZ2VzJTJGNzdhZGJhZjEtNmMzNy00ZTgzLTlhZWMtOTE5YzdhMDI5NDBkXzQwMzJ4MjI2OC5qcGVn HTTP/1.1" 200 95234 "https://stream.jeremycherfas.net/" "Mozilla/5.0 (Macintosh; Intel Mac OS X 10.13; rv:76.0) Gecko/20100101 Firefox/76.0" 
45.83.220.219 - - [22/May/2020:05:07:15 -0700] "GET /file/08e86f193404f12625b63f65a911b7d3/thumb.jpg HTTP/1.1" 200 147805 "https://stream.jeremycherfas.net/" "Mozilla/5.0 (Macintosh; Intel Mac OS X 10.13; rv:76.0) Gecko/20100101 Firefox/76.0" 
45.83.220.219 - - [22/May/2020:05:07:15 -0700] "GET /file/14d6b0d5e04c9e78a301146ac7d80a1a/thumb.jpg HTTP/1.1" 200 161300 "https://stream.jeremycherfas.net/" "Mozilla/5.0 (Macintosh; Intel Mac OS X 10.13; rv:76.0) Gecko/20100101 Firefox/76.0" 
45.83.220.219 - - [22/May/2020:05:07:17 -0700] "GET /gfx/logos/apple-icon-144x144.png HTTP/1.1" 200 10316 "-" "Mozilla/5.0 (Macintosh; Intel Mac OS X 10.13; rv:76.0) Gecko/20100101 Firefox/76.0" 
45.83.220.219 - - [22/May/2020:05:07:17 -0700] "GET /service-worker.min.js HTTP/1.1" 200 1217 "-" "Mozilla/5.0 (Macintosh; Intel Mac OS X 10.13; rv:76.0) Gecko/20100101 Firefox/76.0" 
45.83.220.219 - - [22/May/2020:05:07:19 -0700] "GET /like/edit HTTP/1.1" 200 10061 "https://stream.jeremycherfas.net/" "Mozilla/5.0 (Macintosh; Intel Mac OS X 10.13; rv:76.0) Gecko/20100101 Firefox/76.0" 
45.83.220.219 - - [22/May/2020:05:07:19 -0700] "GET /vendor/tinymce/tinymce/themes/silver/theme.min.js HTTP/1.1" 200 124609 "https://stream.jeremycherfas.net/" "Mozilla/5.0 (Macintosh; Intel Mac OS X 10.13; rv:76.0) Gecko/20100101 Firefox/76.0" 
45.83.220.219 - - [22/May/2020:05:07:20 -0700] "GET /vendor/tinymce/tinymce/plugins/code/plugin.min.js HTTP/1.1" 200 1174 "https://stream.jeremycherfas.net/" "Mozilla/5.0 (Macintosh; Intel Mac OS X 10.13; rv:76.0) Gecko/20100101 Firefox/76.0" 
45.83.220.219 - - [22/May/2020:05:07:20 -0700] "GET /vendor/tinymce/tinymce/plugins/autoresize/plugin.min.js HTTP/1.1" 200 1827 "https://stream.jeremycherfas.net/" "Mozilla/5.0 (Macintosh; Intel Mac OS X 10.13; rv:76.0) Gecko/20100101 Firefox/76.0" 
45.83.220.219 - - [22/May/2020:05:07:20 -0700] "GET /vendor/tinymce/tinymce/plugins/link/plugin.min.js HTTP/1.1" 200 8464 "https://stream.jeremycherfas.net/" "Mozilla/5.0 (Macintosh; Intel Mac OS X 10.13; rv:76.0) Gecko/20100101 Firefox/76.0" 
45.83.220.219 - - [22/May/2020:05:07:20 -0700] "GET /vendor/tinymce/tinymce/plugins/image/plugin.min.js HTTP/1.1" 200 10426 "https://stream.jeremycherfas.net/" "Mozilla/5.0 (Macintosh; Intel Mac OS X 10.13; rv:76.0) Gecko/20100101 Firefox/76.0" 
45.83.220.219 - - [22/May/2020:05:07:20 -0700] "GET /vendor/tinymce/tinymce/skins/ui/oxide/skin.min.css HTTP/1.1" 200 10137 "https://stream.jeremycherfas.net/" "Mozilla/5.0 (Macintosh; Intel Mac OS X 10.13; rv:76.0) Gecko/20100101 Firefox/76.0" 
45.83.220.219 - - [22/May/2020:05:07:20 -0700] "GET /vendor/tinymce/tinymce/skins/content/default/content.min.css HTTP/1.1" 200 1087 "https://stream.jeremycherfas.net/" "Mozilla/5.0 (Macintosh; Intel Mac OS X 10.13; rv:76.0) Gecko/20100101 Firefox/76.0" 
45.83.220.219 - - [22/May/2020:05:07:20 -0700] "GET /vendor/tinymce/tinymce/skins/ui/oxide/content.min.css HTTP/1.1" 200 5438 "https://stream.jeremycherfas.net/" "Mozilla/5.0 (Macintosh; Intel Mac OS X 10.13; rv:76.0) Gecko/20100101 Firefox/76.0" 
45.83.220.219 - - [22/May/2020:05:07:23 -0700] "GET /like/callback/?url=https%3A%2F%2Fftrain.substack.com%2Fp%2Fwhy-does-this-have-a-title-and-a HTTP/1.1" 200 1395 "https://stream.jeremycherfas.net/" "Mozilla/5.0 (Macintosh; Intel Mac OS X 10.13; rv:76.0) Gecko/20100101 Firefox/76.0" 
45.83.220.219 - - [22/May/2020:05:07:24 -0700] "GET /service/web/unfurl/?url=https%3A%2F%2Fftrain.substack.com%2Fp%2Fwhy-does-this-have-a-title-and-a&__bTk=5f4787590bb0464fbca99d641e178efb04fac8924246117a1e384fb6a2406b40&__bTs=1590149235 HTTP/1.1" 200 11720 "https://stream.jeremycherfas.net/" "Mozilla/5.0 (Macintosh; Intel Mac OS X 10.13; rv:76.0) Gecko/20100101 Firefox/76.0" 
45.83.220.219 - - [22/May/2020:05:07:24 -0700] "GET /service/security/csrftoken/?url=https%3A%2F%2Fstream.jeremycherfas.net%2Fservice%2Fweb%2Funfurl%2F HTTP/1.1" 200 1499 "https://stream.jeremycherfas.net/" "Mozilla/5.0 (Macintosh; Intel Mac OS X 10.13; rv:76.0) Gecko/20100101 Firefox/76.0" 
45.83.220.219 - - [22/May/2020:05:07:26 -0700] "GET /service/web/unfurl/?url=https%3A%2F%2Fftrain.substack.com%2Fp%2Fwhy-does-this-have-a-title-and-a&__bTk=8cbf6f428d175e1a53f05a5229cca1c8c3127a3a0ac0c4c15a8d679663e6d3aa&__bTs=1590149246 HTTP/1.1" 200 11720 "https://stream.jeremycherfas.net/" "Mozilla/5.0 (Macintosh; Intel Mac OS X 10.13; rv:76.0) Gecko/20100101 Firefox/76.0" 
45.83.220.219 - - [22/May/2020:05:07:26 -0700] "GET /service/web/imageproxy/aHR0cHM6Ly9jZG4uc3Vic3RhY2suY29tL2ltYWdlL2ZldGNoL2hfNjAwLGNfbGltaXQsZl9hdXRvLHFfYXV0bzpnb29kL2h0dHBzJTNBJTJGJTJGYnVja2V0ZWVyLWUwNWJiYzg0LWJhYTMtNDM3ZS05NTE4LWFkYjMyYmU3Nzk4NC5zMy5hbWF6b25hd3MuY29tJTJGcHVibGljJTJGaW1hZ2VzJTJGNWY3Zjk0NWQtYjE2Zi00ZTQyLWJmNWYtMTJkZjcyOWU4YmFjXzI1Nzl4MTY5NS5qcGVn HTTP/1.1" 200 106561 "https://stream.jeremycherfas.net/" "Mozilla/5.0 (Macintosh; Intel Mac OS X 10.13; rv:76.0) Gecko/20100101 Firefox/76.0" 
66.249.64.112 - - [22/May/2020:05:07:37 -0700] "GET /content/bookmarkedpages/?q=%23gazpacho HTTP/1.1" 200 8549 "-" "Mozilla/5.0 (Linux; Android 6.0.1; Nexus 5X Build/MMB29P) AppleWebKit/537.36 (KHTML, like Gecko) Chrome/80.0.3987.92 Mobile Safari/537.36 (compatible; Googlebot/2.1; +http://www.google.com/bot.html)" 
66.249.64.108 - - [22/May/2020:05:07:37 -0700] "GET /robots.txt HTTP/1.1" 200 4589 "-" "Mozilla/5.0 (compatible; Googlebot/2.1; +http://www.google.com/bot.html)" 
207.241.226.230 - - [22/May/2020:05:07:57 -0700] "GET /2020/paul-fords-new-outlet HTTP/1.1" 200 9291 "-" "Known https://withknown.com" 
198.58.102.95 - - [22/May/2020:05:07:59 -0700] "GET /content/all/?_t=rss HTTP/1.1" 200 7697 "-" "Superfeedr bot/2.0 http://superfeedr.com - Make your feeds realtime: get in touch - feed-id:1122325712" 
198.58.102.95 - - [22/May/2020:05:07:59 -0700] "GET / HTTP/1.1" 200 12075 "-" "Superfeedr bot/2.0 http://superfeedr.com - Make your feeds realtime: get in touch - feed-id:1396476126" 
198.58.102.95 - - [22/May/2020:05:08:00 -0700] "GET /content/all/?_t=rss HTTP/1.1" 200 7697 "-" "Superfeedr bot/2.0 http://superfeedr.com - Make your feeds realtime: get in touch - feed-id:1122325712" 
45.83.220.219 - - [22/May/2020:05:07:56 -0700] "POST /like/edit/ HTTP/1.1" 302 1313 "https://stream.jeremycherfas.net/" "Mozilla/5.0 (Macintosh; Intel Mac OS X 10.13; rv:76.0) Gecko/20100101 Firefox/76.0" 
198.58.102.95 - - [22/May/2020:05:08:00 -0700] "GET /?_t=rss HTTP/1.1" 200 7679 "-" "Superfeedr bot/2.0 http://superfeedr.com - Make your feeds realtime: get in touch - feed-id:1112274260" 
45.83.220.219 - - [22/May/2020:05:08:01 -0700] "GET /content/all/ HTTP/1.1" 200 11982 "https://stream.jeremycherfas.net/" "Mozilla/5.0 (Macintosh; Intel Mac OS X 10.13; rv:76.0) Gecko/20100101 Firefox/76.0" 
198.58.102.95 - - [22/May/2020:05:08:01 -0700] "GET /content/statusupdates/posts/photos/checkins/bookmarkedpages?_t=rss HTTP/1.1" 200 7909 "-" "Superfeedr bot/2.0 http://superfeedr.com - Make your feeds realtime: get in touch - feed-id:1395929608" 
198.58.102.95 - - [22/May/2020:05:08:02 -0700] "GET /content/photos?_t=rss HTTP/1.1" 200 7668 "-" "Superfeedr bot/2.0 http://superfeedr.com - Make your feeds realtime: get in touch - feed-id:1324303946" 
198.58.102.95 - - [22/May/2020:05:08:02 -0700] "GET /content/statusupdates/posts/photos/checkins/bookmarkedpages?_t=rss HTTP/1.1" 200 7909 "-" "Superfeedr bot/2.0 http://superfeedr.com - Make your feeds realtime: get in touch - feed-id:1395929608" 
45.83.220.219 - - [22/May/2020:05:08:02 -0700] "GET /gfx/logos/apple-icon-144x144.png HTTP/1.1" 200 10316 "-" "Mozilla/5.0 (Macintosh; Intel Mac OS X 10.13; rv:76.0) Gecko/20100101 Firefox/76.0" 
198.58.102.95 - - [22/May/2020:05:08:02 -0700] "GET /content/photos?_t=rss HTTP/1.1" 200 7668 "-" "Superfeedr bot/2.0 http://superfeedr.com - Make your feeds realtime: get in touch - feed-id:1324303946" 
45.83.220.219 - - [22/May/2020:05:08:03 -0700] "GET /service-worker.min.js HTTP/1.1" 200 1355 "-" "Mozilla/5.0 (Macintosh; Intel Mac OS X 10.13; rv:76.0) Gecko/20100101 Firefox/76.0" 
45.83.220.219 - - [22/May/2020:05:08:03 -0700] "GET /service/security/csrftoken/?url=https%3A%2F%2Fstream.jeremycherfas.net%2Fservice%2Fweb%2Funfurl%2F HTTP/1.1" 200 1499 "https://stream.jeremycherfas.net/content/all/" "Mozilla/5.0 (Macintosh; Intel Mac OS X 10.13; rv:76.0) Gecko/20100101 Firefox/76.0" 
198.58.102.95 - - [22/May/2020:05:08:02 -0700] "GET / HTTP/1.1" 200 12075 "-" "Superfeedr bot/2.0 http://superfeedr.com - Make your feeds realtime: get in touch - feed-id:1396476126" 
45.83.220.219 - - [22/May/2020:05:08:03 -0700] "GET /service/web/unfurl/?url=https%3A%2F%2Fftrain.substack.com%2Fp%2Fwhy-does-this-have-a-title-and-a&__bTk=ac211caf40894f6ef5210b9904b78c387059a835124521d7ac0a1adc2dafcd90&__bTs=1590149283 HTTP/1.1" 200 11720 "https://stream.jeremycherfas.net/content/all/" "Mozilla/5.0 (Macintosh; Intel Mac OS X 10.13; rv:76.0) Gecko/20100101 Firefox/76.0" 
45.83.220.219 - - [22/May/2020:05:08:03 -0700] "GET /service/security/csrftoken/?url=https%3A%2F%2Fstream.jeremycherfas.net%2Fservice%2Fweb%2Funfurl%2F HTTP/1.1" 200 1499 "https://stream.jeremycherfas.net/content/all/" "Mozilla/5.0 (Macintosh; Intel Mac OS X 10.13; rv:76.0) Gecko/20100101 Firefox/76.0" 
198.58.102.95 - - [22/May/2020:05:08:02 -0700] "GET /content/all?_t=rss HTTP/1.1" 200 7695 "-" "Superfeedr bot/2.0 http://superfeedr.com - Make your feeds realtime: get in touch - feed-id:1319424208" 
45.83.220.219 - - [22/May/2020:05:08:03 -0700] "GET /service/web/unfurl/?url=https%3A%2F%2Fthemargins.substack.com%2Fp%2Fdoordash-and-pizza-arbitrage&__bTk=ac211caf40894f6ef5210b9904b78c387059a835124521d7ac0a1adc2dafcd90&__bTs=1590149283 HTTP/1.1" 200 11215 "https://stream.jeremycherfas.net/content/all/" "Mozilla/5.0 (Macintosh; Intel Mac OS X 10.13; rv:76.0) Gecko/20100101 Firefox/76.0" 
198.58.102.95 - - [22/May/2020:05:08:03 -0700] "GET /content/statusupdates/posts/bookmarkedpages?_t=rss HTTP/1.1" 200 7603 "-" "Superfeedr bot/2.0 http://superfeedr.com - Make your feeds realtime: get in touch - feed-id:1247440030" 
198.58.102.95 - - [22/May/2020:05:08:04 -0700] "GET / HTTP/1.1" 200 12075 "-" "Superfeedr bot/2.0 http://superfeedr.com - Make your feeds realtime: get in touch - feed-id:1396476126" 
198.58.102.95 - - [22/May/2020:05:08:05 -0700] "GET /content/all?_t=rss HTTP/1.1" 200 7695 "-" "Superfeedr bot/2.0 http://superfeedr.com - Make your feeds realtime: get in touch - feed-id:1319424208" 
198.58.102.95 - - [22/May/2020:05:08:06 -0700] "GET /?offset=10&_t=rss HTTP/1.1" 200 7834 "-" "Superfeedr bot/2.0 http://superfeedr.com - Make your feeds realtime: get in touch - feed-id:1214543370" 
66.249.64.108 - - [22/May/2020:05:08:06 -0700] "GET /?_t=rss HTTP/1.1" 200 7679 "-" "Mozilla/5.0 (compatible; Googlebot/2.1; +http://www.google.com/bot.html)" 
198.58.102.95 - - [22/May/2020:05:08:07 -0700] "GET /?offset=10&_t=rss HTTP/1.1" 200 7834 "-" "Superfeedr bot/2.0 http://superfeedr.com - Make your feeds realtime: get in touch - feed-id:1214543370" 
198.58.102.95 - - [22/May/2020:05:08:07 -0700] "GET / HTTP/1.1" 200 12075 "-" "Superfeedr bot/2.0 http://superfeedr.com - Make your feeds realtime: get in touch - feed-id:1396476126" 
198.58.102.95 - - [22/May/2020:05:08:08 -0700] "GET / HTTP/1.1" 200 12075 "-" "Superfeedr bot/2.0 http://superfeedr.com - Make your feeds realtime: get in touch - feed-id:1396476126" 
198.58.102.95 - - [22/May/2020:05:08:09 -0700] "GET /content/statusupdates/posts/bookmarkedpages?_t=rss HTTP/1.1" 200 7603 "-" "Superfeedr bot/2.0 http://superfeedr.com - Make your feeds realtime: get in touch - feed-id:1247440030" 
198.58.102.95 - - [22/May/2020:05:08:09 -0700] "GET /?offset=10&_t=rss HTTP/1.1" 200 7834 "-" "Superfeedr bot/2.0 http://superfeedr.com - Make your feeds realtime: get in touch - feed-id:1214543370" 
198.58.102.95 - - [22/May/2020:05:08:10 -0700] "GET / HTTP/1.1" 200 12075 "-" "Superfeedr bot/2.0 http://superfeedr.com - Make your feeds realtime: get in touch - feed-id:1396476126" 
198.58.102.95 - - [22/May/2020:05:08:11 -0700] "GET /?offset=10&_t=rss HTTP/1.1" 200 7834 "-" "Superfeedr bot/2.0 http://superfeedr.com - Make your feeds realtime: get in touch - feed-id:1214543370" 
45.79.26.51 - - [22/May/2020:05:08:21 -0700] "GET /content/statusupdates/posts/photos/checkins/bookmarkedpages?_t=rss HTTP/1.1" 200 7853 "-" "Micro.blog/1.0" 
71.34.70.114 - - [22/May/2020:05:08:23 -0700] "GET /?_t=rss HTTP/1.1" 200 4500 "-" "Mozilla/5.0 (Windows NT 10.0; Win64; x64; rv:76.0) Gecko/20100101 Firefox/76.0" 
198.58.102.95 - - [22/May/2020:05:08:30 -0700] "GET /content/statusupdates/posts/bookmarkedpages?_t=rss HTTP/1.1" 200 7603 "-" "Superfeedr bot/2.0 http://superfeedr.com - Make your feeds realtime: get in touch - feed-id:1247440030" 
198.58.102.95 - - [22/May/2020:05:08:29 -0700] "GET /content/all?_t=rss HTTP/1.1" 200 7695 "-" "Superfeedr bot/2.0 http://superfeedr.com - Make your feeds realtime: get in touch - feed-id:1319424208" 
198.58.102.95 - - [22/May/2020:05:08:30 -0700] "GET /?offset=10&_t=rss HTTP/1.1" 200 7834 "-" "Superfeedr bot/2.0 http://superfeedr.com - Make your feeds realtime: get in touch - feed-id:1214543370" 
198.58.102.95 - - [22/May/2020:05:08:31 -0700] "GET /content/photos?_t=rss HTTP/1.1" 200 7668 "-" "Superfeedr bot/2.0 http://superfeedr.com - Make your feeds realtime: get in touch - feed-id:1324303946" 
198.58.102.95 - - [22/May/2020:05:08:31 -0700] "GET / HTTP/1.1" 200 12075 "-" "Superfeedr bot/2.0 http://superfeedr.com - Make your feeds realtime: get in touch - feed-id:1396476126" 
198.58.102.95 - - [22/May/2020:05:08:31 -0700] "GET /content/statusupdates/posts/bookmarkedpages?_t=rss HTTP/1.1" 200 7603 "-" "Superfeedr bot/2.0 http://superfeedr.com - Make your feeds realtime: get in touch - feed-id:1247440030" 
198.58.102.95 - - [22/May/2020:05:08:31 -0700] "GET /content/all?_t=rss HTTP/1.1" 200 7695 "-" "Superfeedr bot/2.0 http://superfeedr.com - Make your feeds realtime: get in touch - feed-id:1319424208" 
198.58.102.95 - - [22/May/2020:05:08:32 -0700] "GET / HTTP/1.1" 200 12075 "-" "Superfeedr bot/2.0 http://superfeedr.com - Make your feeds realtime: get in touch - feed-id:1396476126" 
198.58.102.95 - - [22/May/2020:05:08:31 -0700] "GET /?offset=10&_t=rss HTTP/1.1" 200 7834 "-" "Superfeedr bot/2.0 http://superfeedr.com - Make your feeds realtime: get in touch - feed-id:1214543370" 
198.58.102.95 - - [22/May/2020:05:08:32 -0700] "GET /?_t=rss HTTP/1.1" 200 7679 "-" "Superfeedr bot/2.0 http://superfeedr.com - Make your feeds realtime: get in touch - feed-id:1112274260" 
198.58.102.95 - - [22/May/2020:05:08:34 -0700] "GET /content/photos?_t=rss HTTP/1.1" 200 7668 "-" "Superfeedr bot/2.0 http://superfeedr.com - Make your feeds realtime: get in touch - feed-id:1324303946" 
198.58.102.95 - - [22/May/2020:05:08:33 -0700] "GET / HTTP/1.1" 200 12075 "-" "Superfeedr bot/2.0 http://superfeedr.com - Make your feeds realtime: get in touch - feed-id:1396476126" 
198.58.102.95 - - [22/May/2020:05:08:34 -0700] "GET /content/statusupdates/posts/photos/checkins/bookmarkedpages?_t=rss HTTP/1.1" 200 7909 "-" "Superfeedr bot/2.0 http://superfeedr.com - Make your feeds realtime: get in touch - feed-id:1395929608" 
198.58.102.95 - - [22/May/2020:05:08:34 -0700] "GET /content/statusupdates/posts/bookmarkedpages?_t=rss HTTP/1.1" 200 7603 "-" "Superfeedr bot/2.0 http://superfeedr.com - Make your feeds realtime: get in touch - feed-id:1247440030" 
198.58.102.95 - - [22/May/2020:05:08:34 -0700] "GET /content/all?_t=rss HTTP/1.1" 200 7695 "-" "Superfeedr bot/2.0 http://superfeedr.com - Make your feeds realtime: get in touch - feed-id:1319424208" 
198.58.102.95 - - [22/May/2020:05:08:35 -0700] "GET /?offset=10&_t=rss HTTP/1.1" 200 7834 "-" "Superfeedr bot/2.0 http://superfeedr.com - Make your feeds realtime: get in touch - feed-id:1214543370" 
198.58.102.95 - - [22/May/2020:05:08:35 -0700] "GET /?_t=rss HTTP/1.1" 200 7679 "-" "Superfeedr bot/2.0 http://superfeedr.com - Make your feeds realtime: get in touch - feed-id:1112274260" 
198.58.102.95 - - [22/May/2020:05:08:36 -0700] "GET / HTTP/1.1" 200 12075 "-" "Superfeedr bot/2.0 http://superfeedr.com - Make your feeds realtime: get in touch - feed-id:1396476126" 
198.58.102.95 - - [22/May/2020:05:08:37 -0700] "GET /?_t=rss HTTP/1.1" 200 7679 "-" "Superfeedr bot/2.0 http://superfeedr.com - Make your feeds realtime: get in touch - feed-id:1112274260" 
66.249.64.108 - - [22/May/2020:05:08:52 -0700] "GET /2019/thanks-aaron-i-havent-given-up-yet HTTP/1.1" 304 3742 "-" "Mozilla/5.0 (Linux; Android 6.0.1; Nexus 5X Build/MMB29P) AppleWebKit/537.36 (KHTML, like Gecko) Chrome/80.0.3987.92 Mobile Safari/537.36 (compatible; Googlebot/2.1; +http://www.google.com/bot.html)" 
66.249.64.112 - - [22/May/2020:05:10:44 -0700] "GET /vendor/bower-asset/mention/recommended-styles.css HTTP/1.1" 404 7860 "https://stream.jeremycherfas.net/?q=%23IndieWeb&offset=0" "Mozilla/5.0 (Linux; Android 6.0.1; Nexus 5X Build/MMB29P) AppleWebKit/537.36 (KHTML, like Gecko) Chrome/81.0.4044.108 Mobile Safari/537.36 (compatible; Googlebot/2.1; +http://www.google.com/bot.html)" 
71.34.70.114 - - [22/May/2020:05:11:00 -0700] "GET /?_t=rss HTTP/1.1" 200 7679 "-" "Mozilla/5.0 (Windows NT 10.0; Win64; x64; rv:76.0) Gecko/20100101 Firefox/76.0" 
54.36.149.67 - - [22/May/2020:05:11:23 -0700] "GET /content/locations/?q=%23indiewebcitizen HTTP/1.1" 200 8283 "-" "Mozilla/5.0 (compatible; AhrefsBot/6.1; +http://ahrefs.com/robot/)" 
64.111.100.215 - - [22/May/2020:05:12:17 -0700] "GET /content/all?_t=rss HTTP/1.1" 200 16624 "-" "Mozilla/5.0 (X11; U; Linux i686; fr; rv:1.9.1.1) Gecko/20090715 Firefox/3.5.1" 
46.229.168.149 - - [22/May/2020:05:12:22 -0700] "GET /content/statusupdates/?offset=0&q=%23%2B%23IndieWeb HTTP/1.1" 200 11997 "-" "Mozilla/5.0 (compatible; SemrushBot/6~bl; +http://www.semrush.com/bot.html)" 
45.83.220.219 - - [22/May/2020:05:13:02 -0700] "GET /service/security/csrftoken/?url=https%3A%2F%2Fstream.jeremycherfas.net%2Flike%2Fdelete%2F5b0a22f1fcfd4be5c97492cf11851c28 HTTP/1.1" 200 4701 "https://stream.jeremycherfas.net/content/all/" "Mozilla/5.0 (Macintosh; Intel Mac OS X 10.13; rv:76.0) Gecko/20100101 Firefox/76.0" 
45.83.220.219 - - [22/May/2020:05:13:02 -0700] "GET /service/security/csrftoken/?url=https%3A%2F%2Fstream.jeremycherfas.net%2Fannotation%2Fpost HTTP/1.1" 200 4670 "https://stream.jeremycherfas.net/content/all/" "Mozilla/5.0 (Macintosh; Intel Mac OS X 10.13; rv:76.0) Gecko/20100101 Firefox/76.0" 
45.83.220.219 - - [22/May/2020:05:13:03 -0700] "GET /service/security/csrftoken/?url=https%3A%2F%2Fstream.jeremycherfas.net%2Freply%2Fdelete%2Fe02cf5c32df95ae812b1df0f7ea1f2d0 HTTP/1.1" 200 1385 "https://stream.jeremycherfas.net/content/all/" "Mozilla/5.0 (Macintosh; Intel Mac OS X 10.13; rv:76.0) Gecko/20100101 Firefox/76.0" 
45.83.220.219 - - [22/May/2020:05:13:03 -0700] "GET /service/security/csrftoken/?url=https%3A%2F%2Fstream.jeremycherfas.net%2Fannotation%2Fpost HTTP/1.1" 200 1353 "https://stream.jeremycherfas.net/content/all/" "Mozilla/5.0 (Macintosh; Intel Mac OS X 10.13; rv:76.0) Gecko/20100101 Firefox/76.0" 
45.83.220.219 - - [22/May/2020:05:13:03 -0700] "GET /service/security/csrftoken/?url=https%3A%2F%2Fstream.jeremycherfas.net%2Flike%2Fdelete%2F6f1d757e10549f6e1cca0d2e74337afc HTTP/1.1" 200 1384 "https://stream.jeremycherfas.net/content/all/" "Mozilla/5.0 (Macintosh; Intel Mac OS X 10.13; rv:76.0) Gecko/20100101 Firefox/76.0" 
45.83.220.219 - - [22/May/2020:05:13:03 -0700] "GET /service/security/csrftoken/?url=https%3A%2F%2Fstream.jeremycherfas.net%2Fannotation%2Fpost HTTP/1.1" 200 1353 "https://stream.jeremycherfas.net/content/all/" "Mozilla/5.0 (Macintosh; Intel Mac OS X 10.13; rv:76.0) Gecko/20100101 Firefox/76.0" 
45.83.220.219 - - [22/May/2020:05:13:03 -0700] "GET /service/security/csrftoken/?url=https%3A%2F%2Fstream.jeremycherfas.net%2Freply%2Fdelete%2F6131a017031a45502cd5296bdbe4278c HTTP/1.1" 200 4702 "https://stream.jeremycherfas.net/content/all/" "Mozilla/5.0 (Macintosh; Intel Mac OS X 10.13; rv:76.0) Gecko/20100101 Firefox/76.0" 
45.83.220.219 - - [22/May/2020:05:13:03 -0700] "GET /service/security/csrftoken/?url=https%3A%2F%2Fstream.jeremycherfas.net%2Fphoto%2Fdelete%2F7a9a8b58b5bc377f039fd1b1dfbc8a9b HTTP/1.1" 200 1385 "https://stream.jeremycherfas.net/content/all/" "Mozilla/5.0 (Macintosh; Intel Mac OS X 10.13; rv:76.0) Gecko/20100101 Firefox/76.0" 
45.83.220.219 - - [22/May/2020:05:13:03 -0700] "GET /service/security/csrftoken/?url=https%3A%2F%2Fstream.jeremycherfas.net%2Fannotation%2Fpost HTTP/1.1" 200 1353 "https://stream.jeremycherfas.net/content/all/" "Mozilla/5.0 (Macintosh; Intel Mac OS X 10.13; rv:76.0) Gecko/20100101 Firefox/76.0" 
45.83.220.219 - - [22/May/2020:05:13:03 -0700] "GET /service/security/csrftoken/?url=https%3A%2F%2Fstream.jeremycherfas.net%2Flike%2Fdelete%2Fdd7f27b82530d976a1cd3ff45827f372 HTTP/1.1" 200 1384 "https://stream.jeremycherfas.net/content/all/" "Mozilla/5.0 (Macintosh; Intel Mac OS X 10.13; rv:76.0) Gecko/20100101 Firefox/76.0" 
45.83.220.219 - - [22/May/2020:05:13:03 -0700] "GET /service/security/csrftoken/?url=https%3A%2F%2Fstream.jeremycherfas.net%2Fannotation%2Fpost HTTP/1.1" 200 1353 "https://stream.jeremycherfas.net/content/all/" "Mozilla/5.0 (Macintosh; Intel Mac OS X 10.13; rv:76.0) Gecko/20100101 Firefox/76.0" 
45.83.220.219 - - [22/May/2020:05:13:03 -0700] "GET /service/security/csrftoken/?url=https%3A%2F%2Fstream.jeremycherfas.net%2Flike%2Fdelete%2F995eb0f3a9db39e3b501fc2b56c2ff53 HTTP/1.1" 200 1384 "https://stream.jeremycherfas.net/content/all/" "Mozilla/5.0 (Macintosh; Intel Mac OS X 10.13; rv:76.0) Gecko/20100101 Firefox/76.0" 
45.83.220.219 - - [22/May/2020:05:13:03 -0700] "GET /service/security/csrftoken/?url=https%3A%2F%2Fstream.jeremycherfas.net%2Fannotation%2Fpost HTTP/1.1" 200 1353 "https://stream.jeremycherfas.net/content/all/" "Mozilla/5.0 (Macintosh; Intel Mac OS X 10.13; rv:76.0) Gecko/20100101 Firefox/76.0" 
45.83.220.219 - - [22/May/2020:05:13:03 -0700] "GET /service/security/csrftoken/?url=https%3A%2F%2Fstream.jeremycherfas.net%2Fphoto%2Fdelete%2F34bc0c5cda176fc397655d4f5142c208 HTTP/1.1" 200 1385 "https://stream.jeremycherfas.net/content/all/" "Mozilla/5.0 (Macintosh; Intel Mac OS X 10.13; rv:76.0) Gecko/20100101 Firefox/76.0" 
45.83.220.219 - - [22/May/2020:05:13:03 -0700] "GET /service/security/csrftoken/?url=https%3A%2F%2Fstream.jeremycherfas.net%2Fannotation%2Fpost HTTP/1.1" 200 1353 "https://stream.jeremycherfas.net/content/all/" "Mozilla/5.0 (Macintosh; Intel Mac OS X 10.13; rv:76.0) Gecko/20100101 Firefox/76.0" 
45.83.220.219 - - [22/May/2020:05:13:04 -0700] "GET /service/security/csrftoken/?url=https%3A%2F%2Fstream.jeremycherfas.net%2Fphoto%2Fdelete%2Fdaf2152b012d66671a6753fc41886b9c HTTP/1.1" 200 1385 "https://stream.jeremycherfas.net/content/all/" "Mozilla/5.0 (Macintosh; Intel Mac OS X 10.13; rv:76.0) Gecko/20100101 Firefox/76.0" 
45.83.220.219 - - [22/May/2020:05:13:04 -0700] "GET /service/security/csrftoken/?url=https%3A%2F%2Fstream.jeremycherfas.net%2Fannotation%2Fpost HTTP/1.1" 200 1353 "https://stream.jeremycherfas.net/content/all/" "Mozilla/5.0 (Macintosh; Intel Mac OS X 10.13; rv:76.0) Gecko/20100101 Firefox/76.0" 
45.83.220.219 - - [22/May/2020:05:13:04 -0700] "GET /service/security/csrftoken/?url=https%3A%2F%2Fstream.jeremycherfas.net%2Fsession%2Flogout HTTP/1.1" 200 1352 "https://stream.jeremycherfas.net/content/all/" "Mozilla/5.0 (Macintosh; Intel Mac OS X 10.13; rv:76.0) Gecko/20100101 Firefox/76.0" 
45.83.220.219 - - [22/May/2020:05:13:04 -0700] "GET /service/security/csrftoken/?url=https%3A%2F%2Fstream.jeremycherfas.net%2Fannotation%2Fpost HTTP/1.1" 200 4670 "https://stream.jeremycherfas.net/content/all/" "Mozilla/5.0 (Macintosh; Intel Mac OS X 10.13; rv:76.0) Gecko/20100101 Firefox/76.0" 
45.83.220.219 - - [22/May/2020:05:13:04 -0700] "GET /service/security/csrftoken/?url=https%3A%2F%2Fstream.jeremycherfas.net%2Fphoto%2Fdelete%2F9e87c1d1a1623b30b6e3461d95c7be80 HTTP/1.1" 200 4702 "https://stream.jeremycherfas.net/content/all/" "Mozilla/5.0 (Macintosh; Intel Mac OS X 10.13; rv:76.0) Gecko/20100101 Firefox/76.0" 
45.83.220.219 - - [22/May/2020:05:13:05 -0700] "GET /service/security/csrftoken/?url=https%3A%2F%2Fstream.jeremycherfas.net%2Fannotation%2Fpost HTTP/1.1" 200 4670 "https://stream.jeremycherfas.net/content/all/" "Mozilla/5.0 (Macintosh; Intel Mac OS X 10.13; rv:76.0) Gecko/20100101 Firefox/76.0" 
71.34.70.114 - - [22/May/2020:05:13:51 -0700] "GET /?_t=rss HTTP/1.1" 200 4500 "-" "Mozilla/5.0 (Windows NT 10.0; Win64; x64; rv:76.0) Gecko/20100101 Firefox/76.0" 
40.77.167.30 - - [22/May/2020:05:14:12 -0700] "GET /2018/i-noticed-that-my-like-of-this/annotations/a968d8bce2547d99aa54887b6ac4869c HTTP/1.1" 200 8634 "-" "Mozilla/5.0 (compatible; bingbot/2.0; +http://www.bing.com/bingbot.htm)" 
46.229.168.132 - - [22/May/2020:05:15:11 -0700] "GET /tag/indieweb?offset=111 HTTP/1.1" 200 12091 "-" "Mozilla/5.0 (compatible; SemrushBot/6~bl; +http://www.semrush.com/bot.html)" 
66.249.64.108 - - [22/May/2020:05:15:13 -0700] "GET /indieauth/token HTTP/1.1" 404 4337 "-" "Mozilla/5.0 (compatible; Googlebot/2.1; +http://www.google.com/bot.html)" 
206.248.184.196 - - [22/May/2020:05:15:20 -0700] "GET /content/all/?_t=rss HTTP/1.1" 200 7486 "-" "NetNewsWire (RSS Reader; https://ranchero.com/netnewswire/)" 
46.229.168.147 - - [22/May/2020:05:15:37 -0700] "GET /2018/be-nice-but-be-difficult-finding-a-balance-as-a HTTP/1.1" 200 9572 "-" "Mozilla/5.0 (compatible; SemrushBot/6~bl; +http://www.semrush.com/bot.html)" 
46.229.168.144 - - [22/May/2020:05:16:47 -0700] "GET /2018/huge-congratulations-to-nprdancharles-mgodoyh-and-everyone HTTP/1.1" 200 10578 "-" "Mozilla/5.0 (compatible; SemrushBot/6~bl; +http://www.semrush.com/bot.html)" 
71.34.70.114 - - [22/May/2020:05:16:55 -0700] "GET /?_t=rss HTTP/1.1" 200 7679 "-" "Mozilla/5.0 (Windows NT 10.0; Win64; x64; rv:76.0) Gecko/20100101 Firefox/76.0" 
66.249.64.112 - - [22/May/2020:05:17:05 -0700] "GET /file/6395cc324399e7f768c76946e9a5594d/d0299a5c83591331d04b3c7c119bc248 HTTP/1.1" 200 258512 "-" "Mozilla/5.0 (Linux; Android 6.0.1; Nexus 5X Build/MMB29P) AppleWebKit/537.36 (KHTML, like Gecko) Chrome/80.0.3987.92 Mobile Safari/537.36 (compatible; Googlebot/2.1; +http://www.google.com/bot.html)" 
54.36.148.184 - - [22/May/2020:05:17:33 -0700] "GET /content/photos/?q=%23indiewebcitizen HTTP/1.1" 200 8281 "-" "Mozilla/5.0 (compatible; AhrefsBot/6.1; +http://ahrefs.com/robot/)" 
40.77.167.30 - - [22/May/2020:05:17:46 -0700] "GET /file/c6ab0c2fbfa012d0c146413655cb46e9/thumb.jpg HTTP/1.1" 200 175989 "-" "Mozilla/5.0 (compatible; bingbot/2.0; +http://www.bing.com/bingbot.htm)" 
40.77.167.30 - - [22/May/2020:05:17:46 -0700] "GET /2017/how-they-serve-an-espresso HTTP/1.1" 200 11516 "-" "Mozilla/5.0 (compatible; bingbot/2.0; +http://www.bing.com/bingbot.htm)" 
46.229.168.132 - - [22/May/2020:05:17:56 -0700] "GET /content/events/?q=%23%2B%23freersackler HTTP/1.1" 200 8519 "-" "Mozilla/5.0 (compatible; SemrushBot/6~bl; +http://www.semrush.com/bot.html)" 
46.229.168.131 - - [22/May/2020:05:18:16 -0700] "GET /content/all/?offset=55&q=%23%2B%23WithKnown HTTP/1.1" 200 8733 "-" "Mozilla/5.0 (compatible; SemrushBot/6~bl; +http://www.semrush.com/bot.html)" 
40.77.167.30 - - [22/May/2020:05:18:19 -0700] "GET /2020/hard-pruning-requires-vision-and-faith HTTP/1.1" 200 10211 "-" "Mozilla/5.0 (compatible; bingbot/2.0; +http://www.bing.com/bingbot.htm)" 
46.229.168.151 - - [22/May/2020:05:18:24 -0700] "GET /2017/setting-some-of-my-marginalia-free-indieweb-blogsetting-my-marginalia-free HTTP/1.1" 200 10452 "-" "Mozilla/5.0 (compatible; SemrushBot/6~bl; +http://www.semrush.com/bot.html)" 
66.249.64.108 - - [22/May/2020:05:18:48 -0700] "GET /2018/2018-12-11 HTTP/1.1" 200 9973 "-" "Mozilla/5.0 (Linux; Android 6.0.1; Nexus 5X Build/MMB29P) AppleWebKit/537.36 (KHTML, like Gecko) Chrome/80.0.3987.92 Mobile Safari/537.36 (compatible; Googlebot/2.1; +http://www.google.com/bot.html)" 
66.249.64.110 - - [22/May/2020:05:18:52 -0700] "GET /vendor/npm-asset/bootstrap-accessibility-plugin/plugins/js/bootstrap-accessibility.min.js HTTP/1.1" 200 8130 "https://stream.jeremycherfas.net/2018/2018-12-11" "Mozilla/5.0 (Linux; Android 6.0.1; Nexus 5X Build/MMB29P) AppleWebKit/537.36 (KHTML, like Gecko) Chrome/81.0.4044.108 Mobile Safari/537.36 (compatible; Googlebot/2.1; +http://www.google.com/bot.html)" 
71.34.70.114 - - [22/May/2020:05:20:08 -0700] "GET /?_t=rss HTTP/1.1" 200 4500 "-" "Mozilla/5.0 (Windows NT 10.0; Win64; x64; rv:76.0) Gecko/20100101 Firefox/76.0" 
66.249.64.112 - - [22/May/2020:05:21:15 -0700] "GET /service/web/unfurl/?url=https%3A%2F%2Fonefoottsunami.com%2F2018%2F07%2F30%2Fan-idiotic-idea-doesnt-deserve-branding-this-good%2F&__bTk=9589125b0b635ea8ecadbc9dd50b5f9dd07da9556f1bb1175ea55912d813b26c&__bTs=1588896000 HTTP/1.1" 403 4796 "https://stream.jeremycherfas.net/content/all?offset=993" "Mozilla/5.0 (Linux; Android 6.0.1; Nexus 5X Build/MMB29P) AppleWebKit/537.36 (KHTML, like Gecko) Chrome/81.0.4044.108 Mobile Safari/537.36 (compatible; Googlebot/2.1; +http://www.google.com/bot.html)" 
66.249.64.112 - - [22/May/2020:05:21:16 -0700] "GET /service/web/unfurl/?url=http%3A%2F%2Fblog.theoldreader.com%2Fpost%2F176457763584%2Fthanks-google&__bTk=9589125b0b635ea8ecadbc9dd50b5f9dd07da9556f1bb1175ea55912d813b26c&__bTs=1588896000 HTTP/1.1" 403 1447 "https://stream.jeremycherfas.net/content/all?offset=993" "Mozilla/5.0 (Linux; Android 6.0.1; Nexus 5X Build/MMB29P) AppleWebKit/537.36 (KHTML, like Gecko) Chrome/81.0.4044.108 Mobile Safari/537.36 (compatible; Googlebot/2.1; +http://www.google.com/bot.html)" 
66.249.64.110 - - [22/May/2020:05:21:17 -0700] "GET /service/web/unfurl/?url=http%3A%2F%2Fblog.theoldreader.com%2Fpost%2F176457763584%2Fthanks-google&__bTk=9589125b0b635ea8ecadbc9dd50b5f9dd07da9556f1bb1175ea55912d813b26c&__bTs=1589291460 HTTP/1.1" 403 4764 "https://stream.jeremycherfas.net/content/all?offset=993" "Mozilla/5.0 (Linux; Android 6.0.1; Nexus 5X Build/MMB29P) AppleWebKit/537.36 (KHTML, like Gecko) Chrome/81.0.4044.108 Mobile Safari/537.36 (compatible; Googlebot/2.1; +http://www.google.com/bot.html)" 
46.229.168.137 - - [22/May/2020:05:21:24 -0700] "GET /file/c06ca0ca72923ce81ae42beb2818a2a6/e6a57e1055ad91eb55b726d5f94219c7 HTTP/1.1" 500 188736 "-" "Mozilla/5.0 (compatible; SemrushBot/6~bl; +http://www.semrush.com/bot.html)" 
46.229.168.150 - - [22/May/2020:05:21:41 -0700] "GET /?q=%23FDA HTTP/1.1" 200 9306 "-" "Mozilla/5.0 (compatible; SemrushBot/6~bl; +http://www.semrush.com/bot.html)" 
66.249.64.180 - - [22/May/2020:05:21:41 -0700] "GET /robots.txt HTTP/1.1" 200 4613 "-" "Mozilla/5.0 (compatible; Googlebot/2.1; +http://www.google.com/bot.html)" 
66.249.64.178 - - [22/May/2020:05:21:41 -0700] "GET /service/web/unfurl/?url=http%3A%2F%2Fblog.theoldreader.com%2Fpost%2F176457763584%2Fthanks-google&__bTk=d466b089f937d6500c10ed235d41a351b22e2aa77b3179f9814617fa170837c3&__bTs=1587611910 HTTP/1.1" 403 4655 "https://www.stream.jeremycherfas.net/content/all/?offset=1035" "Mozilla/5.0 (Linux; Android 6.0.1; Nexus 5X Build/MMB29P) AppleWebKit/537.36 (KHTML, like Gecko) Chrome/81.0.4044.108 Mobile Safari/537.36 (compatible; Googlebot/2.1; +http://www.google.com/bot.html)" 
66.249.64.176 - - [22/May/2020:05:21:42 -0700] "GET /service/web/unfurl/?url=https%3A%2F%2Fonefoottsunami.com%2F2018%2F07%2F30%2Fan-idiotic-idea-doesnt-deserve-branding-this-good%2F&__bTk=d466b089f937d6500c10ed235d41a351b22e2aa77b3179f9814617fa170837c3&__bTs=1587611910 HTTP/1.1" 403 4687 "https://www.stream.jeremycherfas.net/content/all/?offset=1035" "Mozilla/5.0 (Linux; Android 6.0.1; Nexus 5X Build/MMB29P) AppleWebKit/537.36 (KHTML, like Gecko) Chrome/81.0.4044.108 Mobile Safari/537.36 (compatible; Googlebot/2.1; +http://www.google.com/bot.html)" 
66.249.64.178 - - [22/May/2020:05:21:43 -0700] "GET /service/web/unfurl/?url=https%3A%2F%2Fonefoottsunami.com%2F2018%2F07%2F30%2Fan-idiotic-idea-doesnt-deserve-branding-this-good%2F&__bTk=d466b089f937d6500c10ed235d41a351b22e2aa77b3179f9814617fa170837c3&__bTs=1587611910 HTTP/1.1" 403 4687 "https://www.stream.jeremycherfas.net/content/all/?offset=1035" "Mozilla/5.0 (Linux; Android 6.0.1; Nexus 5X Build/MMB29P) AppleWebKit/537.36 (KHTML, like Gecko) Chrome/81.0.4044.108 Mobile Safari/537.36 (compatible; Googlebot/2.1; +http://www.google.com/bot.html)" 
66.249.64.108 - - [22/May/2020:05:22:16 -0700] "GET /service/web/unfurl/?url=https%3A%2F%2Fonefoottsunami.com%2F2018%2F07%2F30%2Fan-idiotic-idea-doesnt-deserve-branding-this-good%2F&__bTk=910528643d34fe7ea5f417dffe76dc19f653c6a4d3fc32402c20343d9a787e1d&__bTs=1588868946 HTTP/1.1" 403 4796 "https://stream.jeremycherfas.net/content/all?_t=amp&offset=1080" "Mozilla/5.0 (Linux; Android 6.0.1; Nexus 5X Build/MMB29P) AppleWebKit/537.36 (KHTML, like Gecko) Chrome/81.0.4044.108 Mobile Safari/537.36 (compatible; Googlebot/2.1; +http://www.google.com/bot.html)" 
66.249.64.108 - - [22/May/2020:05:22:17 -0700] "GET /service/web/unfurl/?url=http%3A%2F%2Fblog.theoldreader.com%2Fpost%2F176457763584%2Fthanks-google&__bTk=910528643d34fe7ea5f417dffe76dc19f653c6a4d3fc32402c20343d9a787e1d&__bTs=1588868946 HTTP/1.1" 403 1447 "https://stream.jeremycherfas.net/content/all?_t=amp&offset=1080" "Mozilla/5.0 (Linux; Android 6.0.1; Nexus 5X Build/MMB29P) AppleWebKit/537.36 (KHTML, like Gecko) Chrome/81.0.4044.108 Mobile Safari/537.36 (compatible; Googlebot/2.1; +http://www.google.com/bot.html)" 
71.34.70.114 - - [22/May/2020:05:23:15 -0700] "GET /?_t=rss HTTP/1.1" 200 7679 "-" "Mozilla/5.0 (Windows NT 10.0; Win64; x64; rv:76.0) Gecko/20100101 Firefox/76.0" 
54.36.148.30 - - [22/May/2020:05:23:19 -0700] "GET /content/posts/?q=%23indiewebcitizen HTTP/1.1" 200 8276 "-" "Mozilla/5.0 (compatible; AhrefsBot/6.1; +http://ahrefs.com/robot/)" 
46.229.168.149 - - [22/May/2020:05:24:23 -0700] "GET /content/photos/?offset=22&q=%23sourdough HTTP/1.1" 200 11575 "-" "Mozilla/5.0 (compatible; SemrushBot/6~bl; +http://www.semrush.com/bot.html)" 
46.229.168.154 - - [22/May/2020:05:26:07 -0700] "GET /2019/life-is-good HTTP/1.1" 200 9605 "-" "Mozilla/5.0 (compatible; SemrushBot/6~bl; +http://www.semrush.com/bot.html)" 
71.34.70.114 - - [22/May/2020:05:26:31 -0700] "GET /?_t=rss HTTP/1.1" 200 4500 "-" "Mozilla/5.0 (Windows NT 10.0; Win64; x64; rv:76.0) Gecko/20100101 Firefox/76.0" 
66.249.64.108 - - [22/May/2020:05:26:33 -0700] "GET /content/bookmarkedpages/?q=%23authentic HTTP/1.1" 200 9321 "-" "Mozilla/5.0 (Linux; Android 6.0.1; Nexus 5X Build/MMB29P) AppleWebKit/537.36 (KHTML, like Gecko) Chrome/80.0.3987.92 Mobile Safari/537.36 (compatible; Googlebot/2.1; +http://www.google.com/bot.html)" 
66.249.64.110 - - [22/May/2020:05:26:37 -0700] "GET /service/web/unfurl/?url=http%3A%2F%2Fmemex.naughtons.org%2Farchives%2F2017%2F10%2F01%2F24926&__bTk=bd58caa4b2713b290636a75031479e1f348b31ab429e7a67492a0ef0f930b651&__bTs=1588094510 HTTP/1.1" 403 4627 "https://stream.jeremycherfas.net/content/bookmarkedpages/?q=%23authentic" "Mozilla/5.0 (Linux; Android 6.0.1; Nexus 5X Build/MMB29P) AppleWebKit/537.36 (KHTML, like Gecko) Chrome/81.0.4044.108 Mobile Safari/537.36 (compatible; Googlebot/2.1; +http://www.google.com/bot.html)" 
64.111.100.215 - - [22/May/2020:05:27:37 -0700] "GET /content/all?_t=rss HTTP/1.1" 200 16624 "-" "Mozilla/5.0 (X11; U; Linux i686; fr; rv:1.9.1.1) Gecko/20090715 Firefox/3.5.1" 
54.36.148.230 - - [22/May/2020:05:28:37 -0700] "GET /content/rsvp/?q=%23indiewebcitizen HTTP/1.1" 200 8275 "-" "Mozilla/5.0 (compatible; AhrefsBot/6.1; +http://ahrefs.com/robot/)" 
46.229.168.146 - - [22/May/2020:05:28:45 -0700] "GET /2018/so-hard-to-decide-on-someone-for HTTP/1.1" 200 9427 "-" "Mozilla/5.0 (compatible; SemrushBot/6~bl; +http://www.semrush.com/bot.html)" 
66.249.64.112 - - [22/May/2020:05:29:00 -0700] "GET /2017/the-billionaires-typewriter-buttericks-practical-typography HTTP/1.1" 200 9922 "-" "Mozilla/5.0 (Linux; Android 6.0.1; Nexus 5X Build/MMB29P) AppleWebKit/537.36 (KHTML, like Gecko) Chrome/80.0.3987.92 Mobile Safari/537.36 (compatible; Googlebot/2.1; +http://www.google.com/bot.html)" 
66.249.64.110 - - [22/May/2020:05:29:04 -0700] "GET /service/web/unfurl/?url=http%3A%2F%2Fpracticaltypography.com%2Fbillionaires-typewriter.html&__bTk=910528643d34fe7ea5f417dffe76dc19f653c6a4d3fc32402c20343d9a787e1d&__bTs=1588868946 HTTP/1.1" 403 4626 "https://stream.jeremycherfas.net/2017/the-billionaires-typewriter-buttericks-practical-typography" "Mozilla/5.0 (Linux; Android 6.0.1; Nexus 5X Build/MMB29P) AppleWebKit/537.36 (KHTML, like Gecko) Chrome/81.0.4044.108 Mobile Safari/537.36 (compatible; Googlebot/2.1; +http://www.google.com/bot.html)" 
159.65.67.230 - - [22/May/2020:05:29:15 -0700] "GET /?_t=rss HTTP/1.1" 200 7412 "-" "Feedbin feed-id:1536727 - 1 subscribers" 
71.34.70.114 - - [22/May/2020:05:29:16 -0700] "GET /?_t=rss HTTP/1.1" 200 7679 "-" "Mozilla/5.0 (Windows NT 10.0; Win64; x64; rv:76.0) Gecko/20100101 Firefox/76.0" 
46.229.168.131 - - [22/May/2020:05:29:46 -0700] "GET /content/posts/?q=%23London HTTP/1.1" 200 8490 "-" "Mozilla/5.0 (compatible; SemrushBot/6~bl; +http://www.semrush.com/bot.html)" 
40.77.167.30 - - [22/May/2020:05:31:51 -0700] "GET /service/web/imageproxy/aHR0cHM6Ly9taWNyby5ibG9nL3NpbW9uL2F2YXRhci5qcGc,/300/square HTTP/1.1" 200 8061 "-" "Mozilla/5.0 (compatible; bingbot/2.0; +http://www.bing.com/bingbot.htm)" 
207.46.13.31 - - [22/May/2020:05:31:56 -0700] "GET /2019/top-of-the-world HTTP/1.1" 200 13370 "-" "Mozilla/5.0 (compatible; bingbot/2.0; +http://www.bing.com/bingbot.htm)" 
5.188.210.242 - - [22/May/2020:05:32:06 -0700] "GET /2018/what-to-consider-when-choosing-colors-for-data-visualization HTTP/1.0" 200 30536 "https://stream.jeremycherfas.net/2018/what-to-consider-when-choosing-colors-for-data-visualization" "Mozilla/5.0 (Windows NT 10.0; Win64; x64) AppleWebKit/537.36 (KHTML, like Gecko) Chrome/68.0.3440.75 Safari/537.36" 
5.188.210.242 - - [22/May/2020:05:32:09 -0700] "POST /comments/post HTTP/1.0" 403 17067 "https://stream.jeremycherfas.net/2018/what-to-consider-when-choosing-colors-for-data-visualization" "Mozilla/5.0 (Windows NT 10.0; Win64; x64) AppleWebKit/537.36 (KHTML, like Gecko) Chrome/68.0.3440.75 Safari/537.36" 
71.34.70.114 - - [22/May/2020:05:32:17 -0700] "GET /?_t=rss HTTP/1.1" 200 4500 "-" "Mozilla/5.0 (Windows NT 10.0; Win64; x64; rv:76.0) Gecko/20100101 Firefox/76.0" 
46.229.168.130 - - [22/May/2020:05:33:06 -0700] "GET /content/statusupdates/?q=%23quill HTTP/1.1" 200 10110 "-" "Mozilla/5.0 (compatible; SemrushBot/6~bl; +http://www.semrush.com/bot.html)" 
40.77.167.30 - - [22/May/2020:05:33:35 -0700] "GET /2020/funny-to-feel-a-close-affinity-with?_t=rss HTTP/1.1" 200 5574 "-" "Mozilla/5.0 (compatible; bingbot/2.0; +http://www.bing.com/bingbot.htm)" 
40.77.167.30 - - [22/May/2020:05:34:02 -0700] "GET /file/a7de6b901324734a2563c75b9dc2d742/thumb.jpg HTTP/1.1" 200 168443 "-" "Mozilla/5.0 (compatible; bingbot/2.0; +http://www.bing.com/bingbot.htm)" 
46.229.168.148 - - [22/May/2020:05:34:05 -0700] "GET /2018/american-culture-and-platforms-for-consumer-creativity-case-study-4 HTTP/1.1" 200 9904 "-" "Mozilla/5.0 (compatible; SemrushBot/6~bl; +http://www.semrush.com/bot.html)" 
46.229.168.145 - - [22/May/2020:05:34:59 -0700] "GET /?offset=40&q=%23%2B%23sourdough HTTP/1.1" 200 11545 "-" "Mozilla/5.0 (compatible; SemrushBot/6~bl; +http://www.semrush.com/bot.html)" 
54.36.149.0 - - [22/May/2020:05:35:05 -0700] "GET /content/statusupdates/?q=%23indiewebcitizen HTTP/1.1" 200 8286 "-" "Mozilla/5.0 (compatible; AhrefsBot/6.1; +http://ahrefs.com/robot/)" 
71.34.70.114 - - [22/May/2020:05:35:05 -0700] "GET /?_t=rss HTTP/1.1" 200 7679 "-" "Mozilla/5.0 (Windows NT 10.0; Win64; x64; rv:76.0) Gecko/20100101 Firefox/76.0" 
54.38.43.97 - - [22/May/2020:05:35:18 -0700] "GET /file/ef801e05730eba56004c5b712ad84731/thumb.jpg HTTP/1.1" 200 26013 "-" "-" 
66.249.64.112 - - [22/May/2020:05:36:01 -0700] "GET /content/bookmarkedpages/?q=%23+%23ciwf HTTP/1.1" 200 8551 "-" "Mozilla/5.0 (Linux; Android 6.0.1; Nexus 5X Build/MMB29P) AppleWebKit/537.36 (KHTML, like Gecko) Chrome/80.0.3987.92 Mobile Safari/537.36 (compatible; Googlebot/2.1; +http://www.google.com/bot.html)" 
71.34.70.114 - - [22/May/2020:05:38:06 -0700] "GET /?_t=rss HTTP/1.1" 200 4500 "-" "Mozilla/5.0 (Windows NT 10.0; Win64; x64; rv:76.0) Gecko/20100101 Firefox/76.0" 
46.229.168.133 - - [22/May/2020:05:38:38 -0700] "GET /?offset=106&q=%23%2B%23%23indieweb HTTP/1.1" 200 12033 "-" "Mozilla/5.0 (compatible; SemrushBot/6~bl; +http://www.semrush.com/bot.html)" 
46.229.168.146 - - [22/May/2020:05:38:53 -0700] "GET /2018/supper-time HTTP/1.1" 200 15114 "-" "Mozilla/5.0 (compatible; SemrushBot/6~bl; +http://www.semrush.com/bot.html)" 
46.229.168.153 - - [22/May/2020:05:39:34 -0700] "GET /content/all/?offset=115&q=%23%2B%23indieweb HTTP/1.1" 200 12456 "-" "Mozilla/5.0 (compatible; SemrushBot/6~bl; +http://www.semrush.com/bot.html)" 
66.249.64.108 - - [22/May/2020:05:39:37 -0700] "GET /2017/the-continuing-saga-of-marking-up-status-updates-in-withknown HTTP/1.1" 304 3742 "-" "Mozilla/5.0 (Linux; Android 6.0.1; Nexus 5X Build/MMB29P) AppleWebKit/537.36 (KHTML, like Gecko) Chrome/80.0.3987.92 Mobile Safari/537.36 (compatible; Googlebot/2.1; +http://www.google.com/bot.html)" 
46.229.168.138 - - [22/May/2020:05:39:49 -0700] "GET /2018/successfully-updated-withknown-to-latest-master-with HTTP/1.1" 200 10672 "-" "Mozilla/5.0 (compatible; SemrushBot/6~bl; +http://www.semrush.com/bot.html)" 
66.249.64.112 - - [22/May/2020:05:40:10 -0700] "GET /view/a6ce7ecededc67c95d499cea4c86dae6?_t=rss HTTP/1.1" 200 5568 "-" "Mozilla/5.0 (Linux; Android 6.0.1; Nexus 5X Build/MMB29P) AppleWebKit/537.36 (KHTML, like Gecko) Chrome/80.0.3987.92 Mobile Safari/537.36 (compatible; Googlebot/2.1; +http://www.google.com/bot.html)" 
46.229.168.137 - - [22/May/2020:05:41:04 -0700] "GET /content/events/?q=%23podcasting HTTP/1.1" 200 8496 "-" "Mozilla/5.0 (compatible; SemrushBot/6~bl; +http://www.semrush.com/bot.html)" 
66.249.64.108 - - [22/May/2020:05:41:10 -0700] "GET /service/web/unfurl/?url=https%3A%2F%2Fwww.ribbonfarm.com%2F2019%2F11%2F04%2Fdomestic-cozy-9%2F&__bTk=9589125b0b635ea8ecadbc9dd50b5f9dd07da9556f1bb1175ea55912d813b26c&__bTs=1588896000 HTTP/1.1" 403 4762 "https://stream.jeremycherfas.net/?offset=50&_t=amp" "Mozilla/5.0 (Linux; Android 6.0.1; Nexus 5X Build/MMB29P) AppleWebKit/537.36 (KHTML, like Gecko) Chrome/81.0.4044.108 Mobile Safari/537.36 (compatible; Googlebot/2.1; +http://www.google.com/bot.html)" 
66.249.64.112 - - [22/May/2020:05:41:11 -0700] "GET /service/web/unfurl/?url=https%3A%2F%2Fwww.theguardian.com%2Fcommentisfree%2F2019%2Fdec%2F28%2Fthe-smartphone-tracking-industry-has-been-rumbled-now-we-must-act&__bTk=9589125b0b635ea8ecadbc9dd50b5f9dd07da9556f1bb1175ea55912d813b26c&__bTs=1588896000 HTTP/1.1" 403 4827 "https://stream.jeremycherfas.net/?offset=50&_t=amp" "Mozilla/5.0 (Linux; Android 6.0.1; Nexus 5X Build/MMB29P) AppleWebKit/537.36 (KHTML, like Gecko) Chrome/81.0.4044.108 Mobile Safari/537.36 (compatible; Googlebot/2.1; +http://www.google.com/bot.html)" 
66.249.64.112 - - [22/May/2020:05:41:11 -0700] "GET /service/web/unfurl/?url=https%3A%2F%2Fwww.flickr.com%2Faccount%2Fupgrade%2Fpro%3Fcoupon%3D25in2019&__bTk=9589125b0b635ea8ecadbc9dd50b5f9dd07da9556f1bb1175ea55912d813b26c&__bTs=1588896000 HTTP/1.1" 403 1449 "https://stream.jeremycherfas.net/?offset=50&_t=amp" "Mozilla/5.0 (Linux; Android 6.0.1; Nexus 5X Build/MMB29P) AppleWebKit/537.36 (KHTML, like Gecko) Chrome/81.0.4044.108 Mobile Safari/537.36 (compatible; Googlebot/2.1; +http://www.google.com/bot.html)" 
66.249.64.108 - - [22/May/2020:05:41:12 -0700] "GET /service/web/unfurl/?url=https%3A%2F%2Fbuttondown.email%2Fjeremycherfas%2Farchive%2Feat-this-newsletter-115-chewy-bonus%2F&__bTk=9589125b0b635ea8ecadbc9dd50b5f9dd07da9556f1bb1175ea55912d813b26c&__bTs=1588896000 HTTP/1.1" 403 4789 "https://stream.jeremycherfas.net/?offset=50&_t=amp" "Mozilla/5.0 (Linux; Android 6.0.1; Nexus 5X Build/MMB29P) AppleWebKit/537.36 (KHTML, like Gecko) Chrome/81.0.4044.108 Mobile Safari/537.36 (compatible; Googlebot/2.1; +http://www.google.com/bot.html)" 
66.249.64.110 - - [22/May/2020:05:41:13 -0700] "GET /service/web/unfurl/?url=https%3A%2F%2Fwww.ribbonfarm.com%2F2019%2F11%2F04%2Fdomestic-cozy-9%2F&__bTk=9589125b0b635ea8ecadbc9dd50b5f9dd07da9556f1bb1175ea55912d813b26c&__bTs=1589291460 HTTP/1.1" 403 4762 "https://stream.jeremycherfas.net/?offset=50&_t=amp" "Mozilla/5.0 (Linux; Android 6.0.1; Nexus 5X Build/MMB29P) AppleWebKit/537.36 (KHTML, like Gecko) Chrome/81.0.4044.108 Mobile Safari/537.36 (compatible; Googlebot/2.1; +http://www.google.com/bot.html)" 
71.34.70.114 - - [22/May/2020:05:41:12 -0700] "GET /?_t=rss HTTP/1.1" 200 7679 "-" "Mozilla/5.0 (Windows NT 10.0; Win64; x64; rv:76.0) Gecko/20100101 Firefox/76.0" 
66.249.64.112 - - [22/May/2020:05:41:13 -0700] "GET /service/web/unfurl/?url=https%3A%2F%2Fwww.theguardian.com%2Fcommentisfree%2F2019%2Fdec%2F28%2Fthe-smartphone-tracking-industry-has-been-rumbled-now-we-must-act&__bTk=9589125b0b635ea8ecadbc9dd50b5f9dd07da9556f1bb1175ea55912d813b26c&__bTs=1589291460 HTTP/1.1" 403 4827 "https://stream.jeremycherfas.net/?offset=50&_t=amp" "Mozilla/5.0 (Linux; Android 6.0.1; Nexus 5X Build/MMB29P) AppleWebKit/537.36 (KHTML, like Gecko) Chrome/81.0.4044.108 Mobile Safari/537.36 (compatible; Googlebot/2.1; +http://www.google.com/bot.html)" 
66.249.64.112 - - [22/May/2020:05:41:13 -0700] "GET /service/web/unfurl/?url=https%3A%2F%2Fwww.flickr.com%2Faccount%2Fupgrade%2Fpro%3Fcoupon%3D25in2019&__bTk=9589125b0b635ea8ecadbc9dd50b5f9dd07da9556f1bb1175ea55912d813b26c&__bTs=1589291460 HTTP/1.1" 403 1449 "https://stream.jeremycherfas.net/?offset=50&_t=amp" "Mozilla/5.0 (Linux; Android 6.0.1; Nexus 5X Build/MMB29P) AppleWebKit/537.36 (KHTML, like Gecko) Chrome/81.0.4044.108 Mobile Safari/537.36 (compatible; Googlebot/2.1; +http://www.google.com/bot.html)" 
66.249.64.112 - - [22/May/2020:05:41:14 -0700] "GET /service/web/unfurl/?url=https%3A%2F%2Fbuttondown.email%2Fjeremycherfas%2Farchive%2Feat-this-newsletter-115-chewy-bonus%2F&__bTk=9589125b0b635ea8ecadbc9dd50b5f9dd07da9556f1bb1175ea55912d813b26c&__bTs=1589291460 HTTP/1.1" 403 1472 "https://stream.jeremycherfas.net/?offset=50&_t=amp" "Mozilla/5.0 (Linux; Android 6.0.1; Nexus 5X Build/MMB29P) AppleWebKit/537.36 (KHTML, like Gecko) Chrome/81.0.4044.108 Mobile Safari/537.36 (compatible; Googlebot/2.1; +http://www.google.com/bot.html)" 
40.77.167.152 - - [22/May/2020:05:41:17 -0700] "GET /?_t=rss HTTP/1.1" 200 7679 "-" "Mozilla/5.0 (compatible; bingbot/2.0; +http://www.bing.com/bingbot.htm)" 
66.249.64.108 - - [22/May/2020:05:41:50 -0700] "GET /service/web/unfurl/?url=https%3A%2F%2Fwww.ribbonfarm.com%2F2019%2F11%2F04%2Fdomestic-cozy-9%2F&__bTk=bd58caa4b2713b290636a75031479e1f348b31ab429e7a67492a0ef0f930b651&__bTs=1588094510 HTTP/1.1" 403 4762 "https://stream.jeremycherfas.net/content/all?_t=amp&offset=90" "Mozilla/5.0 (Linux; Android 6.0.1; Nexus 5X Build/MMB29P) AppleWebKit/537.36 (KHTML, like Gecko) Chrome/81.0.4044.108 Mobile Safari/537.36 (compatible; Googlebot/2.1; +http://www.google.com/bot.html)" 
66.249.64.110 - - [22/May/2020:05:41:51 -0700] "GET /service/web/unfurl/?url=https%3A%2F%2Fbuttondown.email%2Fjeremycherfas%2Farchive%2Feat-this-newsletter-115-chewy-bonus%2F&__bTk=bd58caa4b2713b290636a75031479e1f348b31ab429e7a67492a0ef0f930b651&__bTs=1588094510 HTTP/1.1" 403 4789 "https://stream.jeremycherfas.net/content/all?_t=amp&offset=90" "Mozilla/5.0 (Linux; Android 6.0.1; Nexus 5X Build/MMB29P) AppleWebKit/537.36 (KHTML, like Gecko) Chrome/81.0.4044.108 Mobile Safari/537.36 (compatible; Googlebot/2.1; +http://www.google.com/bot.html)" 
66.249.64.110 - - [22/May/2020:05:41:51 -0700] "GET /service/web/unfurl/?url=https%3A%2F%2Fwww.flickr.com%2Faccount%2Fupgrade%2Fpro%3Fcoupon%3D25in2019&__bTk=bd58caa4b2713b290636a75031479e1f348b31ab429e7a67492a0ef0f930b651&__bTs=1588094510 HTTP/1.1" 403 1449 "https://stream.jeremycherfas.net/content/all?_t=amp&offset=90" "Mozilla/5.0 (Linux; Android 6.0.1; Nexus 5X Build/MMB29P) AppleWebKit/537.36 (KHTML, like Gecko) Chrome/81.0.4044.108 Mobile Safari/537.36 (compatible; Googlebot/2.1; +http://www.google.com/bot.html)" 
66.249.64.108 - - [22/May/2020:05:41:52 -0700] "GET /service/web/unfurl/?url=https%3A%2F%2Fwww.theguardian.com%2Fcommentisfree%2F2019%2Fdec%2F28%2Fthe-smartphone-tracking-industry-has-been-rumbled-now-we-must-act&__bTk=bd58caa4b2713b290636a75031479e1f348b31ab429e7a67492a0ef0f930b651&__bTs=1588094510 HTTP/1.1" 403 4827 "https://stream.jeremycherfas.net/content/all?_t=amp&offset=90" "Mozilla/5.0 (Linux; Android 6.0.1; Nexus 5X Build/MMB29P) AppleWebKit/537.36 (KHTML, like Gecko) Chrome/81.0.4044.108 Mobile Safari/537.36 (compatible; Googlebot/2.1; +http://www.google.com/bot.html)" 
66.249.64.180 - - [22/May/2020:05:41:57 -0700] "GET /service/web/unfurl/?url=https%3A%2F%2Fbuttondown.email%2Fjeremycherfas%2Farchive%2Feat-this-newsletter-115-chewy-bonus%2F&__bTk=d466b089f937d6500c10ed235d41a351b22e2aa77b3179f9814617fa170837c3&__bTs=1587611910 HTTP/1.1" 403 4680 "https://www.stream.jeremycherfas.net/content/all/?offset=30&_t=amp" "Mozilla/5.0 (Linux; Android 6.0.1; Nexus 5X Build/MMB29P) AppleWebKit/537.36 (KHTML, like Gecko) Chrome/81.0.4044.108 Mobile Safari/537.36 (compatible; Googlebot/2.1; +http://www.google.com/bot.html)" 
