71.34.70.114 - - [22/May/2020:07:13:22 -0700] "GET /?_t=rss HTTP/1.1" 200 4500 "-" "Mozilla/5.0 (Windows NT 10.0; Win64; x64; rv:76.0) Gecko/20100101 Firefox/76.0" 
46.229.168.142 - - [22/May/2020:07:13:40 -0700] "GET /content/statusupdates/?offset=120 HTTP/1.1" 200 11289 "-" "Mozilla/5.0 (compatible; SemrushBot/6~bl; +http://www.semrush.com/bot.html)" 
114.119.161.85 - - [22/May/2020:07:14:30 -0700] "GET /content/photos?offset=390 HTTP/1.1" 200 11762 "-" "Mozilla/5.0 (Linux; Android 7.0;) AppleWebKit/537.36 (KHTML, like Gecko) Mobile Safari/537.36 (compatible; PetalBot;+https://aspiegel.com/petalbot)" 
54.174.34.229 - - [22/May/2020:07:14:52 -0700] "GET /content/locations/?_t=rss HTTP/1.1" 304 3480 "https://www.google.com/" "Mozilla/5.0 (Windows NT 10.0; Win64; x64) AppleWebKit/537.36 (KHTML, like Gecko) Chrome/80.0.3987.87 Safari/537.36" 
46.229.168.141 - - [22/May/2020:07:15:35 -0700] "GET /2018/latest-episode-of-the-podcast-now-up-talking-about-food HTTP/1.1" 200 13793 "-" "Mozilla/5.0 (compatible; SemrushBot/6~bl; +http://www.semrush.com/bot.html)" 
64.111.100.215 - - [22/May/2020:07:16:09 -0700] "GET /content/all?_t=rss HTTP/1.1" 200 16624 "-" "Mozilla/5.0 (X11; U; Linux i686; fr; rv:1.9.1.1) Gecko/20090715 Firefox/3.5.1" 
71.34.70.114 - - [22/May/2020:07:16:38 -0700] "GET /?_t=rss HTTP/1.1" 200 7679 "-" "Mozilla/5.0 (Windows NT 10.0; Win64; x64; rv:76.0) Gecko/20100101 Firefox/76.0" 
46.229.168.142 - - [22/May/2020:07:16:55 -0700] "GET /2018/i-dont-really-understand-any-of-the-details-of-how HTTP/1.1" 200 9722 "-" "Mozilla/5.0 (compatible; SemrushBot/6~bl; +http://www.semrush.com/bot.html)" 
46.229.168.145 - - [22/May/2020:07:18:37 -0700] "GET /2019/i-think-they-were-cod-fillets-but-in-any-case HTTP/1.1" 200 13643 "-" "Mozilla/5.0 (compatible; SemrushBot/6~bl; +http://www.semrush.com/bot.html)" 
46.229.168.131 - - [22/May/2020:07:19:20 -0700] "GET /2017/-danger-seeing-white-part-11 HTTP/1.1" 200 9526 "-" "Mozilla/5.0 (compatible; SemrushBot/6~bl; +http://www.semrush.com/bot.html)" 
46.229.168.146 - - [22/May/2020:07:19:35 -0700] "GET /content/audio/?q=%23%2B%23podcasting HTTP/1.1" 200 8509 "-" "Mozilla/5.0 (compatible; SemrushBot/6~bl; +http://www.semrush.com/bot.html)" 
71.34.70.114 - - [22/May/2020:07:19:51 -0700] "GET /?_t=rss HTTP/1.1" 200 4500 "-" "Mozilla/5.0 (Windows NT 10.0; Win64; x64; rv:76.0) Gecko/20100101 Firefox/76.0" 
66.249.64.110 - - [22/May/2020:07:20:09 -0700] "GET /robots.txt HTTP/1.1" 200 4589 "-" "Mozilla/5.0 (compatible; Googlebot/2.1; +http://www.google.com/bot.html)" 
66.249.64.112 - - [22/May/2020:07:20:09 -0700] "GET /view/d3aee1ec1a883ecb2e94897d5ea926bb?_t=rss HTTP/1.1" 200 5344 "-" "Mozilla/5.0 (Linux; Android 6.0.1; Nexus 5X Build/MMB29P) AppleWebKit/537.36 (KHTML, like Gecko) Chrome/80.0.3987.92 Mobile Safari/537.36 (compatible; Googlebot/2.1; +http://www.google.com/bot.html)" 
46.229.168.132 - - [22/May/2020:07:21:19 -0700] "GET /2019/lurking-twitter-the-commons-and-private-posts HTTP/1.1" 200 9513 "-" "Mozilla/5.0 (compatible; SemrushBot/6~bl; +http://www.semrush.com/bot.html)" 
71.34.70.114 - - [22/May/2020:07:23:03 -0700] "GET /?_t=rss HTTP/1.1" 200 7679 "-" "Mozilla/5.0 (Windows NT 10.0; Win64; x64; rv:76.0) Gecko/20100101 Firefox/76.0" 
207.46.13.149 - - [22/May/2020:07:24:07 -0700] "GET /2017/just-hanging-out-with-good-friends HTTP/1.1" 200 10599 "-" "Mozilla/5.0 (compatible; bingbot/2.0; +http://www.bing.com/bingbot.htm)" 
207.46.13.149 - - [22/May/2020:07:24:08 -0700] "GET /2019/2019-03-05 HTTP/1.1" 200 6346 "-" "Mozilla/5.0 (compatible; bingbot/2.0; +http://www.bing.com/bingbot.htm)" 
46.229.168.140 - - [22/May/2020:07:24:28 -0700] "GET /content/bookmarkedpages/?q=%23%2B%23sourdough HTTP/1.1" 200 8527 "-" "Mozilla/5.0 (compatible; SemrushBot/6~bl; +http://www.semrush.com/bot.html)" 
46.229.168.130 - - [22/May/2020:07:25:00 -0700] "GET /content/all/?offset=49&q=%23sourdough HTTP/1.1" 200 11056 "-" "Mozilla/5.0 (compatible; SemrushBot/6~bl; +http://www.semrush.com/bot.html)" 
46.229.168.151 - - [22/May/2020:07:25:14 -0700] "GET /content/statusupdates/?offset=16&q=%23%2B%23food HTTP/1.1" 200 8896 "-" "Mozilla/5.0 (compatible; SemrushBot/6~bl; +http://www.semrush.com/bot.html)" 
71.34.70.114 - - [22/May/2020:07:26:04 -0700] "GET /?_t=rss HTTP/1.1" 200 4500 "-" "Mozilla/5.0 (Windows NT 10.0; Win64; x64; rv:76.0) Gecko/20100101 Firefox/76.0" 
46.229.168.144 - - [22/May/2020:07:26:32 -0700] "GET /content/audio/?q=%23fornacalia HTTP/1.1" 200 9320 "-" "Mozilla/5.0 (compatible; SemrushBot/6~bl; +http://www.semrush.com/bot.html)" 
46.229.168.152 - - [22/May/2020:07:27:04 -0700] "GET /2017/bookmarks-favs-likes---backfilling-years-of-gaps HTTP/1.1" 200 9761 "-" "Mozilla/5.0 (compatible; SemrushBot/6~bl; +http://www.semrush.com/bot.html)" 
157.55.39.255 - - [22/May/2020:07:27:43 -0700] "GET /2017/thanks-to-daniel-goldsmith-for-both-the-shoutout-and-even?_t=rss HTTP/1.1" 200 5478 "-" "Mozilla/5.0 (compatible; bingbot/2.0; +http://www.bing.com/bingbot.htm)" 
71.34.70.114 - - [22/May/2020:07:29:14 -0700] "GET /?_t=rss HTTP/1.1" 200 7679 "-" "Mozilla/5.0 (Windows NT 10.0; Win64; x64; rv:76.0) Gecko/20100101 Firefox/76.0" 
46.229.168.130 - - [22/May/2020:07:29:18 -0700] "GET /content/rsvp/?q=%23%2B%23latergram HTTP/1.1" 200 8511 "-" "Mozilla/5.0 (compatible; SemrushBot/6~bl; +http://www.semrush.com/bot.html)" 
66.249.64.108 - - [22/May/2020:07:29:23 -0700] "GET /2017/content-bloat-privacy-archives HTTP/1.1" 200 9596 "-" "Mozilla/5.0 (Linux; Android 6.0.1; Nexus 5X Build/MMB29P) AppleWebKit/537.36 (KHTML, like Gecko) Chrome/80.0.3987.92 Mobile Safari/537.36 (compatible; Googlebot/2.1; +http://www.google.com/bot.html)" 
66.249.64.110 - - [22/May/2020:07:29:26 -0700] "GET /service/web/unfurl/?url=https%3A%2F%2Fpetermolnar.net%2Fmaking-things-private%2F&__bTk=3eec8bcd67b4b2e93a55cf66a2122cd213cc149f334395fc089c9e91fcc562e3&__bTs=1588767473 HTTP/1.1" 403 4615 "https://stream.jeremycherfas.net/2017/content-bloat-privacy-archives" "Mozilla/5.0 (Linux; Android 6.0.1; Nexus 5X Build/MMB29P) AppleWebKit/537.36 (KHTML, like Gecko) Chrome/81.0.4044.108 Mobile Safari/537.36 (compatible; Googlebot/2.1; +http://www.google.com/bot.html)" 
66.249.64.110 - - [22/May/2020:07:29:37 -0700] "GET /view/00ebfecd79574f8b3e80a7d657f633bd?_t=rss HTTP/1.1" 200 5417 "-" "Mozilla/5.0 (Linux; Android 6.0.1; Nexus 5X Build/MMB29P) AppleWebKit/537.36 (KHTML, like Gecko) Chrome/80.0.3987.92 Mobile Safari/537.36 (compatible; Googlebot/2.1; +http://www.google.com/bot.html)" 
46.229.168.153 - - [22/May/2020:07:30:00 -0700] "GET /content/photos/?offset=20&q=%23%2B%23rye HTTP/1.1" 200 10007 "-" "Mozilla/5.0 (compatible; SemrushBot/6~bl; +http://www.semrush.com/bot.html)" 
157.55.39.255 - - [22/May/2020:07:31:01 -0700] "GET /2019/the-latest-episode-hears-a-freelance-food-historian-talk-about?_t=rss HTTP/1.1" 200 5784 "-" "Mozilla/5.0 (compatible; bingbot/2.0; +http://www.bing.com/bingbot.htm)" 
64.111.100.215 - - [22/May/2020:07:31:12 -0700] "GET /content/all?_t=rss HTTP/1.1" 200 16624 "-" "Mozilla/5.0 (X11; U; Linux i686; fr; rv:1.9.1.1) Gecko/20090715 Firefox/3.5.1" 
46.229.168.134 - - [22/May/2020:07:31:16 -0700] "GET /2017/the-craigslist-reverse-programmer-troll HTTP/1.1" 200 9614 "-" "Mozilla/5.0 (compatible; SemrushBot/6~bl; +http://www.semrush.com/bot.html)" 
71.34.70.114 - - [22/May/2020:07:32:06 -0700] "GET /?_t=rss HTTP/1.1" 200 4500 "-" "Mozilla/5.0 (Windows NT 10.0; Win64; x64; rv:76.0) Gecko/20100101 Firefox/76.0" 
173.230.155.197 - - [22/May/2020:07:32:23 -0700] "GET / HTTP/1.1" 200 57593 "-" "Mozilla/5.0 (Macintosh; Intel Mac OS X 10_12_1) AppleWebKit/537.36 (KHTML, like Gecko) Chrome/57.0.2987.133 Safari/537.36 p3k-http/0.1.5 p3k-watchtower/0.1" 
46.229.168.163 - - [22/May/2020:07:32:52 -0700] "GET /content/all/?q=%23lemonmarmalade HTTP/1.1" 200 9291 "-" "Mozilla/5.0 (compatible; SemrushBot/6~bl; +http://www.semrush.com/bot.html)" 
66.249.64.110 - - [22/May/2020:07:33:00 -0700] "GET /2017/you-mention-soundcloud-which-a-lot-of-people-including-podcasters HTTP/1.1" 200 11828 "-" "Mozilla/5.0 (Linux; Android 6.0.1; Nexus 5X Build/MMB29P) AppleWebKit/537.36 (KHTML, like Gecko) Chrome/80.0.3987.92 Mobile Safari/537.36 (compatible; Googlebot/2.1; +http://www.google.com/bot.html)" 
71.34.70.114 - - [22/May/2020:07:34:46 -0700] "GET /?_t=rss HTTP/1.1" 200 7679 "-" "Mozilla/5.0 (Windows NT 10.0; Win64; x64; rv:76.0) Gecko/20100101 Firefox/76.0" 
46.229.168.137 - - [22/May/2020:07:35:34 -0700] "GET /content/all/?offset=30&q=%23%2B%23IndieWeb HTTP/1.1" 200 13316 "-" "Mozilla/5.0 (compatible; SemrushBot/6~bl; +http://www.semrush.com/bot.html)" 
54.242.55.204 - - [22/May/2020:07:36:08 -0700] "GET /profile/jeremy?offset=10&_t=rss HTTP/1.1" 304 3480 "https://www.google.com/" "Mozilla/5.0 (Macintosh; Intel Mac OS X 10_14_6) AppleWebKit/605.1.15 (KHTML, like Gecko) Version/13.0.5 Safari/605.1.15" 
46.229.168.140 - - [22/May/2020:07:36:42 -0700] "GET /content/photos/?offset=57&q=%23%2B%23bread HTTP/1.1" 200 11911 "-" "Mozilla/5.0 (compatible; SemrushBot/6~bl; +http://www.semrush.com/bot.html)" 
54.145.246.127 - - [22/May/2020:07:37:13 -0700] "GET /rss.xml HTTP/1.1" 200 7662 "https://www.google.com/" "Mozilla/5.0 (Windows NT 10.0; Win64; x64) AppleWebKit/537.36 (KHTML, like Gecko) Chrome/80.0.3987.132 Safari/537.36" 
46.229.168.147 - - [22/May/2020:07:37:14 -0700] "GET /?q=%23IndieWeb HTTP/1.1" 200 14894 "-" "Mozilla/5.0 (compatible; SemrushBot/6~bl; +http://www.semrush.com/bot.html)" 
46.229.168.144 - - [22/May/2020:07:37:26 -0700] "GET /?offset=97&q=%23%2B%23%23indieweb HTTP/1.1" 200 15024 "-" "Mozilla/5.0 (compatible; SemrushBot/6~bl; +http://www.semrush.com/bot.html)" 
71.34.70.114 - - [22/May/2020:07:37:35 -0700] "GET /?_t=rss HTTP/1.1" 200 4500 "-" "Mozilla/5.0 (Windows NT 10.0; Win64; x64; rv:76.0) Gecko/20100101 Firefox/76.0" 
77.75.76.165 - - [22/May/2020:07:37:40 -0700] "GET /robots.txt HTTP/1.1" 200 4594 "-" "Mozilla/5.0 (compatible; SeznamBot/3.2; +http://napoveda.seznam.cz/en/seznambot-intro/)" 
77.75.76.165 - - [22/May/2020:07:37:47 -0700] "GET /service/web/imageproxy/aHR0cHM6Ly9wYnMudHdpbWcuY29tL3Byb2ZpbGVfaW1hZ2VzLzEyNTExNDIwMzA5NTQwNzQxMTIvUFhjaHpHakUucG5n/300/square HTTP/1.1" 200 164002 "-" "Mozilla/5.0 (compatible; SeznamBot/3.2; +http://napoveda.seznam.cz/en/seznambot-intro/)" 
157.55.39.255 - - [22/May/2020:07:37:50 -0700] "GET /2018/jasons-cranberry-bread-sounds-delicious-i-dont HTTP/1.1" 200 9677 "-" "Mozilla/5.0 (compatible; bingbot/2.0; +http://www.bing.com/bingbot.htm)" 
77.75.76.165 - - [22/May/2020:07:37:56 -0700] "GET /service/web/imageproxy/aHR0cHM6Ly9wYnMudHdpbWcuY29tL3Byb2ZpbGVfaW1hZ2VzLzQwOTM4MDEwNi9tYWRtZW5faWNvbi5qcGc,/300/square HTTP/1.1" 200 12136 "-" "Mozilla/5.0 (compatible; SeznamBot/3.2; +http://napoveda.seznam.cz/en/seznambot-intro/)" 
77.75.76.165 - - [22/May/2020:07:37:57 -0700] "GET /2020/kudos-to-cockos-for-offering-a-temporary HTTP/1.1" 304 425 "-" "Mozilla/5.0 (compatible; SeznamBot/3.2; +http://napoveda.seznam.cz/en/seznambot-intro/)" 
77.75.76.165 - - [22/May/2020:07:37:58 -0700] "GET /file/d6aa4c5faa1e6515406aa01b8effb4ac HTTP/1.1" 304 409 "-" "Mozilla/5.0 (compatible; SeznamBot/3.2; +http://napoveda.seznam.cz/en/seznambot-intro/)" 
46.229.168.142 - - [22/May/2020:07:38:40 -0700] "GET /content/photos/?offset=32&q=%23bread HTTP/1.1" 200 12577 "-" "Mozilla/5.0 (compatible; SemrushBot/6~bl; +http://www.semrush.com/bot.html)" 
46.229.168.148 - - [22/May/2020:07:38:48 -0700] "GET /content/posts/?q=%23%2B%23cooking HTTP/1.1" 200 9240 "-" "Mozilla/5.0 (compatible; SemrushBot/6~bl; +http://www.semrush.com/bot.html)" 
66.249.64.108 - - [22/May/2020:07:39:05 -0700] "GET /2017/checked-into-roma-termini?_t=rss HTTP/1.1" 200 5449 "-" "Mozilla/5.0 (Linux; Android 6.0.1; Nexus 5X Build/MMB29P) AppleWebKit/537.36 (KHTML, like Gecko) Chrome/80.0.3987.92 Mobile Safari/537.36 (compatible; Googlebot/2.1; +http://www.google.com/bot.html)" 
157.55.39.255 - - [22/May/2020:07:39:44 -0700] "GET /2019/rode-my-bike-in-town-today-for HTTP/1.1" 200 10161 "-" "Mozilla/5.0 (compatible; bingbot/2.0; +http://www.bing.com/bingbot.htm)" 
66.249.64.108 - - [22/May/2020:07:40:19 -0700] "GET /content/all/?q=%23Audiogram HTTP/1.1" 200 11763 "-" "Mozilla/5.0 (Linux; Android 6.0.1; Nexus 5X Build/MMB29P) AppleWebKit/537.36 (KHTML, like Gecko) Chrome/80.0.3987.92 Mobile Safari/537.36 (compatible; Googlebot/2.1; +http://www.google.com/bot.html)" 
71.34.70.114 - - [22/May/2020:07:40:54 -0700] "GET /?_t=rss HTTP/1.1" 200 7679 "-" "Mozilla/5.0 (Windows NT 10.0; Win64; x64; rv:76.0) Gecko/20100101 Firefox/76.0" 
46.229.168.135 - - [22/May/2020:07:41:09 -0700] "GET /content/all/?offset=10&q=%23Sourdough HTTP/1.1" 200 12368 "-" "Mozilla/5.0 (compatible; SemrushBot/6~bl; +http://www.semrush.com/bot.html)" 
87.187.231.86 - - [22/May/2020:07:41:12 -0700] "GET /file/78abb496530ac82526bbe8cf9600191d/thumb.jpg HTTP/1.1" 200 176095 "https://micro.blog/" "Mozilla/5.0 (Macintosh; Intel Mac OS X 10.14; rv:76.0) Gecko/20100101 Firefox/76.0" 
114.119.165.37 - - [22/May/2020:07:43:21 -0700] "GET /2018/tourism HTTP/1.1" 200 13068 "-" "Mozilla/5.0 (Linux; Android 7.0;) AppleWebKit/537.36 (KHTML, like Gecko) Mobile Safari/537.36 (compatible; PetalBot;+https://aspiegel.com/petalbot)" 
71.34.70.114 - - [22/May/2020:07:43:54 -0700] "GET /?_t=rss HTTP/1.1" 200 4500 "-" "Mozilla/5.0 (Windows NT 10.0; Win64; x64; rv:76.0) Gecko/20100101 Firefox/76.0" 
167.99.111.28 - - [22/May/2020:07:43:56 -0700] "GET /?_t=rss HTTP/1.1" 200 7412 "-" "Feedbin feed-id:1536727 - 1 subscribers" 
207.46.13.149 - - [22/May/2020:07:45:44 -0700] "GET /2018/that-study-of-how-people-from-rice HTTP/1.1" 200 9708 "-" "Mozilla/5.0 (compatible; bingbot/2.0; +http://www.bing.com/bingbot.htm)" 
46.229.161.131 - - [22/May/2020:07:45:49 -0700] "GET /2018/thanks-aaron-for-your-mention-of-my HTTP/1.1" 200 9640 "-" "Mozilla/5.0 (compatible; SemrushBot; +http://www.semrush.com/bot.html)" 
64.111.100.215 - - [22/May/2020:07:46:17 -0700] "GET /content/all?_t=rss HTTP/1.1" 200 16624 "-" "Mozilla/5.0 (X11; U; Linux i686; fr; rv:1.9.1.1) Gecko/20090715 Firefox/3.5.1" 
71.34.70.114 - - [22/May/2020:07:46:46 -0700] "GET /?_t=rss HTTP/1.1" 200 7679 "-" "Mozilla/5.0 (Windows NT 10.0; Win64; x64; rv:76.0) Gecko/20100101 Firefox/76.0" 
87.187.231.86 - - [22/May/2020:07:46:49 -0700] "GET /file/78abb496530ac82526bbe8cf9600191d/thumb.jpg HTTP/1.1" 304 3593 "https://micro.blog/" "Mozilla/5.0 (Macintosh; Intel Mac OS X 10.14; rv:76.0) Gecko/20100101 Firefox/76.0" 
96.126.125.129 - - [22/May/2020:07:47:22 -0700] "GET /content/statusupdates/posts/photos/checkins/bookmarkedpages?_t=rss HTTP/1.1" 200 7858 "-" "Micro.blog/1.0" 
66.249.64.108 - - [22/May/2020:07:48:33 -0700] "GET /view/da8a58d51c67b44714394f25d049cedb?_t=rss HTTP/1.1" 200 5660 "-" "Mozilla/5.0 (Linux; Android 6.0.1; Nexus 5X Build/MMB29P) AppleWebKit/537.36 (KHTML, like Gecko) Chrome/80.0.3987.92 Mobile Safari/537.36 (compatible; Googlebot/2.1; +http://www.google.com/bot.html)" 
66.249.64.110 - - [22/May/2020:07:48:55 -0700] "GET /file/ebcd6f2b1b7cdf1e23cbcec37cbcfd44/thumb.jpg HTTP/1.1" 404 8196 "-" "Googlebot-Image/1.0" 
46.229.168.151 - - [22/May/2020:07:49:34 -0700] "GET /file/1452035cb900a4abfa0103855bb885ee/a9e5e41c03ac761014e165273e63fb02 HTTP/1.1" 500 52111 "-" "Mozilla/5.0 (compatible; SemrushBot/6~bl; +http://www.semrush.com/bot.html)" 
71.34.70.114 - - [22/May/2020:07:49:36 -0700] "GET /?_t=rss HTTP/1.1" 200 4500 "-" "Mozilla/5.0 (Windows NT 10.0; Win64; x64; rv:76.0) Gecko/20100101 Firefox/76.0" 
192.99.6.226 - - [22/May/2020:07:50:22 -0700] "GET /robots.txt HTTP/1.1" 200 4593 "-" "Mozilla/5.0 (compatible; MJ12bot/v1.4.8; http://mj12bot.com/)" 
192.99.6.226 - - [22/May/2020:07:50:34 -0700] "GET /2020/i-believe-this-is-tecoma-stans-and-it-really-is HTTP/1.1" 200 9792 "-" "Mozilla/5.0 (compatible; MJ12bot/v1.4.8; http://mj12bot.com/)" 
192.99.6.226 - - [22/May/2020:07:50:57 -0700] "GET /2020/in-the-olden-days-these-sincere-email?_t=rss HTTP/1.1" 200 5362 "-" "Mozilla/5.0 (compatible; MJ12bot/v1.4.8; http://mj12bot.com/)" 
192.99.6.226 - - [22/May/2020:07:51:20 -0700] "GET /2020/these-were-in-the-fridge-an-extra-20-minutes-so?_t=rss HTTP/1.1" 200 5579 "-" "Mozilla/5.0 (compatible; MJ12bot/v1.4.8; http://mj12bot.com/)" 
192.99.6.226 - - [22/May/2020:07:51:47 -0700] "GET /2020/this-plumeria-blossom-has-been-struggling-for-days-to-open?_t=rss HTTP/1.1" 200 5628 "-" "Mozilla/5.0 (compatible; MJ12bot/v1.4.8; http://mj12bot.com/)" 
71.34.70.114 - - [22/May/2020:07:52:09 -0700] "GET /?_t=rss HTTP/1.1" 200 7679 "-" "Mozilla/5.0 (Windows NT 10.0; Win64; x64; rv:76.0) Gecko/20100101 Firefox/76.0" 
192.99.6.226 - - [22/May/2020:07:52:16 -0700] "GET /file/6395cc324399e7f768c76946e9a5594d/d0299a5c83591331d04b3c7c119bc248 HTTP/1.1" 200 258572 "-" "Mozilla/5.0 (compatible; MJ12bot/v1.4.8; http://mj12bot.com/)" 
54.36.148.167 - - [22/May/2020:07:52:20 -0700] "GET /2020/thats-interesting-chris-ive-just-checked-and HTTP/1.1" 200 9436 "-" "Mozilla/5.0 (compatible; AhrefsBot/6.1; +http://ahrefs.com/robot/)" 
192.99.6.226 - - [22/May/2020:07:52:48 -0700] "GET /file/ee5a24b1b6d998023e5e768fe7b59543/11103adf2606fc1145857ad19b912152 HTTP/1.1" 200 195779 "-" "Mozilla/5.0 (compatible; MJ12bot/v1.4.8; http://mj12bot.com/)" 
46.229.168.129 - - [22/May/2020:07:53:59 -0700] "GET /2018/mid-mega-for-me-bread-bake-this-morning-multi-seeded HTTP/1.1" 200 11439 "-" "Mozilla/5.0 (compatible; SemrushBot/6~bl; +http://www.semrush.com/bot.html)" 
77.88.5.71 - - [22/May/2020:07:54:14 -0700] "GET /robots.txt HTTP/1.1" 200 4593 "-" "Mozilla/5.0 (compatible; YandexBot/3.0; +http://yandex.com/bots)" 
77.88.5.71 - - [22/May/2020:07:54:18 -0700] "GET /tag/+%23makrut HTTP/1.1" 200 8476 "-" "Mozilla/5.0 (compatible; YandexBot/3.0; +http://yandex.com/bots)" 
71.34.70.114 - - [22/May/2020:07:55:13 -0700] "GET /?_t=rss HTTP/1.1" 200 4500 "-" "Mozilla/5.0 (Windows NT 10.0; Win64; x64; rv:76.0) Gecko/20100101 Firefox/76.0" 
207.46.13.1 - - [22/May/2020:07:55:24 -0700] "GET /2017/it-is-odd-how-john-prizewinning-postblogwordpress-wild-and-freehe-though-that-he-knew-what-love-wa-gives-too-many?_t=rss HTTP/1.1" 200 5680 "-" "Mozilla/5.0 (compatible; bingbot/2.0; +http://www.bing.com/bingbot.htm)" 
157.55.39.255 - - [22/May/2020:07:57:20 -0700] "GET /2019/rode-my-bike-in-town-today-for?_t=rss HTTP/1.1" 200 5382 "-" "Mozilla/5.0 (compatible; bingbot/2.0; +http://www.bing.com/bingbot.htm)" 
46.229.168.136 - - [22/May/2020:07:57:32 -0700] "GET /robots.txt HTTP/1.1" 200 4552 "-" "Mozilla/5.0 (compatible; SemrushBot/6~bl; +http://www.semrush.com/bot.html)" 
46.229.168.135 - - [22/May/2020:07:57:32 -0700] "GET /2019/prime-buns-waiting-to-prove HTTP/1.1" 200 14095 "-" "Mozilla/5.0 (compatible; SemrushBot/6~bl; +http://www.semrush.com/bot.html)" 
66.249.64.110 - - [22/May/2020:07:58:01 -0700] "GET /2018/untitled-15 HTTP/1.1" 200 10105 "-" "Mozilla/5.0 (Linux; Android 6.0.1; Nexus 5X Build/MMB29P) AppleWebKit/537.36 (KHTML, like Gecko) Chrome/80.0.3987.92 Mobile Safari/537.36 (compatible; Googlebot/2.1; +http://www.google.com/bot.html)" 
92.247.181.17 - - [22/May/2020:07:58:19 -0700] "GET /?_t=rss HTTP/1.1" 304 3475 "https://stream.jeremycherfas.net/" "Mozilla/5.0 (compatible; inoreader.com; 1 subscribers)" 
71.34.70.114 - - [22/May/2020:07:58:19 -0700] "GET /?_t=rss HTTP/1.1" 200 7679 "-" "Mozilla/5.0 (Windows NT 10.0; Win64; x64; rv:76.0) Gecko/20100101 Firefox/76.0" 
54.36.148.47 - - [22/May/2020:07:59:16 -0700] "GET /2018/thanks-aaron-for-your-mention-of-my HTTP/1.1" 200 9637 "-" "Mozilla/5.0 (compatible; AhrefsBot/6.1; +http://ahrefs.com/robot/)" 
66.249.64.180 - - [22/May/2020:07:59:39 -0700] "GET /robots.txt HTTP/1.1" 200 4613 "-" "Mozilla/5.0 (compatible; Googlebot/2.1; +http://www.google.com/bot.html)" 
66.249.64.180 - - [22/May/2020:07:59:39 -0700] "GET / HTTP/1.1" 200 12143 "-" "Mozilla/5.0 (compatible; Googlebot/2.1; +http://www.google.com/bot.html)" 
46.229.168.162 - - [22/May/2020:07:59:44 -0700] "GET /content/all/?offset=4&q=%23%2B%23%23bread HTTP/1.1" 200 12406 "-" "Mozilla/5.0 (compatible; SemrushBot/6~bl; +http://www.semrush.com/bot.html)" 
192.243.53.51 - - [22/May/2020:08:00:02 -0700] "GET / HTTP/1.1" 200 11876 "-" "SEMrushBot" 
54.209.29.73 - - [22/May/2020:08:00:11 -0700] "GET /?_t=rss HTTP/1.1" 200 7417 "https://www.google.com/" "Mozilla/5.0 (Windows NT 10.0; Win64; x64) AppleWebKit/537.36 (KHTML, like Gecko) Chrome/80.0.3987.122 Safari/537.36 OPR/67.0.3575.53" 
54.147.8.173 - - [22/May/2020:08:00:29 -0700] "GET /?_t=rss HTTP/1.1" 200 7642 "-" "glitch-feeder/1.0 (+https://glitch.com/~lmo-feeder)" 
71.34.70.114 - - [22/May/2020:08:00:59 -0700] "GET /?_t=rss HTTP/1.1" 200 4500 "-" "Mozilla/5.0 (Windows NT 10.0; Win64; x64; rv:76.0) Gecko/20100101 Firefox/76.0" 
64.111.100.215 - - [22/May/2020:08:01:26 -0700] "GET /content/all?_t=rss HTTP/1.1" 200 16624 "-" "Mozilla/5.0 (X11; U; Linux i686; fr; rv:1.9.1.1) Gecko/20090715 Firefox/3.5.1" 
46.229.168.142 - - [22/May/2020:08:02:03 -0700] "GET /2019/that-is-one-big-mushroom-15-cm-across-the-cap HTTP/1.1" 200 15545 "-" "Mozilla/5.0 (compatible; SemrushBot/6~bl; +http://www.semrush.com/bot.html)" 
66.249.64.112 - - [22/May/2020:08:02:12 -0700] "GET /js/1527153539/default.min.js HTTP/1.1" 404 7850 "https://stream.jeremycherfas.net/view/88c6e875903bbf01891a3e7ea3d642b0" "Mozilla/5.0 AppleWebKit/537.36 (KHTML, like Gecko; compatible; Googlebot/2.1; +http://www.google.com/bot.html) Chrome/81.0.4044.108 Safari/537.36" 
66.249.64.108 - - [22/May/2020:08:02:13 -0700] "GET /external/bootstrap/assets/js/bootstrap.min.js HTTP/1.1" 404 7869 "https://stream.jeremycherfas.net/view/88c6e875903bbf01891a3e7ea3d642b0" "Mozilla/5.0 AppleWebKit/537.36 (KHTML, like Gecko; compatible; Googlebot/2.1; +http://www.google.com/bot.html) Chrome/81.0.4044.108 Safari/537.36" 
66.249.64.112 - - [22/May/2020:08:02:13 -0700] "GET /external/paypal-bootstrap-accessibility-plugin/plugins/js/bootstrap-accessibility_1.0.3.min.js HTTP/1.1" 404 7888 "https://stream.jeremycherfas.net/view/88c6e875903bbf01891a3e7ea3d642b0" "Mozilla/5.0 AppleWebKit/537.36 (KHTML, like Gecko; compatible; Googlebot/2.1; +http://www.google.com/bot.html) Chrome/81.0.4044.108 Safari/537.36" 
66.249.64.110 - - [22/May/2020:08:02:14 -0700] "GET /external/bootstrap/assets/css/bootstrap.min.css HTTP/1.1" 404 7872 "https://stream.jeremycherfas.net/view/88c6e875903bbf01891a3e7ea3d642b0" "Mozilla/5.0 AppleWebKit/537.36 (KHTML, like Gecko; compatible; Googlebot/2.1; +http://www.google.com/bot.html) Chrome/81.0.4044.108 Safari/537.36" 
66.249.64.108 - - [22/May/2020:08:02:14 -0700] "GET /external/bootstrap-toggle/css/bootstrap-toggle.min.css HTTP/1.1" 404 7862 "https://stream.jeremycherfas.net/view/88c6e875903bbf01891a3e7ea3d642b0" "Mozilla/5.0 AppleWebKit/537.36 (KHTML, like Gecko; compatible; Googlebot/2.1; +http://www.google.com/bot.html) Chrome/81.0.4044.108 Safari/537.36" 
66.249.64.108 - - [22/May/2020:08:02:14 -0700] "GET /external/mention/recommended-styles.css HTTP/1.1" 404 4527 "https://stream.jeremycherfas.net/view/88c6e875903bbf01891a3e7ea3d642b0" "Mozilla/5.0 AppleWebKit/537.36 (KHTML, like Gecko; compatible; Googlebot/2.1; +http://www.google.com/bot.html) Chrome/81.0.4044.108 Safari/537.36" 
66.249.64.108 - - [22/May/2020:08:02:16 -0700] "GET /external/jquery/jquery-3.2.1.min.js HTTP/1.1" 404 7849 "https://stream.jeremycherfas.net/view/88c6e875903bbf01891a3e7ea3d642b0" "Mozilla/5.0 AppleWebKit/537.36 (KHTML, like Gecko; compatible; Googlebot/2.1; +http://www.google.com/bot.html) Chrome/81.0.4044.108 Safari/537.36" 
66.249.64.110 - - [22/May/2020:08:02:16 -0700] "GET /css/1527153538/defaultb3.min.css HTTP/1.1" 404 7856 "https://stream.jeremycherfas.net/view/88c6e875903bbf01891a3e7ea3d642b0" "Mozilla/5.0 AppleWebKit/537.36 (KHTML, like Gecko; compatible; Googlebot/2.1; +http://www.google.com/bot.html) Chrome/81.0.4044.108 Safari/537.36" 
66.249.64.108 - - [22/May/2020:08:02:17 -0700] "GET /external/mediaelement/build/mediaelement-and-player.min.js HTTP/1.1" 404 4407 "https://stream.jeremycherfas.net/view/88c6e875903bbf01891a3e7ea3d642b0" "Mozilla/5.0 AppleWebKit/537.36 (KHTML, like Gecko; compatible; Googlebot/2.1; +http://www.google.com/bot.html) Chrome/81.0.4044.108 Safari/537.36" 
66.249.64.176 - - [22/May/2020:08:02:18 -0700] "GET /external/fitvids/jquery.fitvids.min.js HTTP/1.1" 404 7732 "https://stream.jeremycherfas.net/view/88c6e875903bbf01891a3e7ea3d642b0" "Mozilla/5.0 AppleWebKit/537.36 (KHTML, like Gecko; compatible; Googlebot/2.1; +http://www.google.com/bot.html) Chrome/81.0.4044.108 Safari/537.36" 
66.249.64.108 - - [22/May/2020:08:02:18 -0700] "GET /external/mediaelement/build/mediaelementplayer.min.css HTTP/1.1" 404 7729 "https://stream.jeremycherfas.net/view/88c6e875903bbf01891a3e7ea3d642b0" "Mozilla/5.0 AppleWebKit/537.36 (KHTML, like Gecko; compatible; Googlebot/2.1; +http://www.google.com/bot.html) Chrome/81.0.4044.108 Safari/537.36" 
66.249.64.108 - - [22/May/2020:08:02:19 -0700] "GET /external/fitvids/jquery.fitvids.min.js HTTP/1.1" 404 4396 "https://stream.jeremycherfas.net/view/88c6e875903bbf01891a3e7ea3d642b0" "Mozilla/5.0 AppleWebKit/537.36 (KHTML, like Gecko; compatible; Googlebot/2.1; +http://www.google.com/bot.html) Chrome/81.0.4044.108 Safari/537.36" 
66.249.64.108 - - [22/May/2020:08:02:20 -0700] "GET /external/underscore/underscore-min.js HTTP/1.1" 404 4394 "https://stream.jeremycherfas.net/view/88c6e875903bbf01891a3e7ea3d642b0" "Mozilla/5.0 AppleWebKit/537.36 (KHTML, like Gecko; compatible; Googlebot/2.1; +http://www.google.com/bot.html) Chrome/81.0.4044.108 Safari/537.36" 
66.249.64.108 - - [22/May/2020:08:02:20 -0700] "GET /external/jquery-timeago/jquery.timeago.min.js HTTP/1.1" 404 4396 "https://stream.jeremycherfas.net/view/88c6e875903bbf01891a3e7ea3d642b0" "Mozilla/5.0 AppleWebKit/537.36 (KHTML, like Gecko; compatible; Googlebot/2.1; +http://www.google.com/bot.html) Chrome/81.0.4044.108 Safari/537.36" 
66.249.64.178 - - [22/May/2020:08:02:21 -0700] "GET /js/image.min.js HTTP/1.1" 404 7717 "https://stream.jeremycherfas.net/view/88c6e875903bbf01891a3e7ea3d642b0" "Mozilla/5.0 AppleWebKit/537.36 (KHTML, like Gecko; compatible; Googlebot/2.1; +http://www.google.com/bot.html) Chrome/81.0.4044.108 Safari/537.36" 
66.249.64.108 - - [22/May/2020:08:02:22 -0700] "GET /js/image.min.js HTTP/1.1" 404 7700 "https://stream.jeremycherfas.net/view/88c6e875903bbf01891a3e7ea3d642b0" "Mozilla/5.0 AppleWebKit/537.36 (KHTML, like Gecko; compatible; Googlebot/2.1; +http://www.google.com/bot.html) Chrome/81.0.4044.108 Safari/537.36" 
66.249.64.108 - - [22/May/2020:08:02:22 -0700] "GET /external/exif-js/exif.min.js HTTP/1.1" 404 4397 "https://stream.jeremycherfas.net/view/88c6e875903bbf01891a3e7ea3d642b0" "Mozilla/5.0 AppleWebKit/537.36 (KHTML, like Gecko; compatible; Googlebot/2.1; +http://www.google.com/bot.html) Chrome/81.0.4044.108 Safari/537.36" 
66.249.64.176 - - [22/May/2020:08:02:23 -0700] "GET /external/h5f/h5f.min.js HTTP/1.1" 404 7729 "https://stream.jeremycherfas.net/view/88c6e875903bbf01891a3e7ea3d642b0" "Mozilla/5.0 AppleWebKit/537.36 (KHTML, like Gecko; compatible; Googlebot/2.1; +http://www.google.com/bot.html) Chrome/81.0.4044.108 Safari/537.36" 
66.249.64.108 - - [22/May/2020:08:02:24 -0700] "GET /external/h5f/h5f.min.js HTTP/1.1" 404 7711 "https://stream.jeremycherfas.net/view/88c6e875903bbf01891a3e7ea3d642b0" "Mozilla/5.0 AppleWebKit/537.36 (KHTML, like Gecko; compatible; Googlebot/2.1; +http://www.google.com/bot.html) Chrome/81.0.4044.108 Safari/537.36" 
66.249.64.108 - - [22/May/2020:08:02:24 -0700] "GET /js/1529070748/templates/default/shell.min.js HTTP/1.1" 404 4431 "https://stream.jeremycherfas.net/view/88c6e875903bbf01891a3e7ea3d642b0" "Mozilla/5.0 AppleWebKit/537.36 (KHTML, like Gecko; compatible; Googlebot/2.1; +http://www.google.com/bot.html) Chrome/81.0.4044.108 Safari/537.36" 
66.249.64.108 - - [22/May/2020:08:02:24 -0700] "GET /js/1527153539/embeds.min.js HTTP/1.1" 404 4404 "https://stream.jeremycherfas.net/view/88c6e875903bbf01891a3e7ea3d642b0" "Mozilla/5.0 AppleWebKit/537.36 (KHTML, like Gecko; compatible; Googlebot/2.1; +http://www.google.com/bot.html) Chrome/81.0.4044.108 Safari/537.36" 
71.34.70.114 - - [22/May/2020:08:03:33 -0700] "GET /?_t=rss HTTP/1.1" 200 7679 "-" "Mozilla/5.0 (Windows NT 10.0; Win64; x64; rv:76.0) Gecko/20100101 Firefox/76.0" 
54.36.148.146 - - [22/May/2020:08:03:36 -0700] "GET /2017/you-mention-soundcloud-which-a-lot-of-people-including-podcasters HTTP/1.1" 200 11563 "-" "Mozilla/5.0 (compatible; AhrefsBot/6.1; +http://ahrefs.com/robot/)" 
46.229.168.135 - - [22/May/2020:08:06:02 -0700] "GET /?offset=114&q=%23%2B%23indieweb HTTP/1.1" 200 12342 "-" "Mozilla/5.0 (compatible; SemrushBot/6~bl; +http://www.semrush.com/bot.html)" 
71.34.70.114 - - [22/May/2020:08:06:06 -0700] "GET /?_t=rss HTTP/1.1" 200 4500 "-" "Mozilla/5.0 (Windows NT 10.0; Win64; x64; rv:76.0) Gecko/20100101 Firefox/76.0" 
66.249.64.180 - - [22/May/2020:08:07:29 -0700] "GET /2019/tim-harford-article-hug-your-enemy-rather-than-wrestling-the HTTP/1.1" 200 9868 "-" "Mozilla/5.0 (Linux; Android 6.0.1; Nexus 5X Build/MMB29P) AppleWebKit/537.36 (KHTML, like Gecko) Chrome/80.0.3987.92 Mobile Safari/537.36 (compatible; Googlebot/2.1; +http://www.google.com/bot.html)" 
46.229.168.147 - - [22/May/2020:08:08:03 -0700] "GET /file/e4bbb68b5954e6aaf25820fd778eb35e/33a3432efb431accee8c044bfa7e8086 HTTP/1.1" 200 169025 "-" "Mozilla/5.0 (compatible; SemrushBot/6~bl; +http://www.semrush.com/bot.html)" 
66.249.64.112 - - [22/May/2020:08:08:21 -0700] "GET /?offset=1835 HTTP/1.1" 200 13314 "-" "Mozilla/5.0 (Linux; Android 6.0.1; Nexus 5X Build/MMB29P) AppleWebKit/537.36 (KHTML, like Gecko) Chrome/80.0.3987.92 Mobile Safari/537.36 (compatible; Googlebot/2.1; +http://www.google.com/bot.html)" 
46.229.168.141 - - [22/May/2020:08:08:40 -0700] "GET /content/all/?offset=74&q=%23bread HTTP/1.1" 200 11785 "-" "Mozilla/5.0 (compatible; SemrushBot/6~bl; +http://www.semrush.com/bot.html)" 
46.229.168.149 - - [22/May/2020:08:09:00 -0700] "GET /content/photos/?offset=31&q=%23Sourdough HTTP/1.1" 200 11454 "-" "Mozilla/5.0 (compatible; SemrushBot/6~bl; +http://www.semrush.com/bot.html)" 
71.34.70.114 - - [22/May/2020:08:09:04 -0700] "GET /?_t=rss HTTP/1.1" 200 7679 "-" "Mozilla/5.0 (Windows NT 10.0; Win64; x64; rv:76.0) Gecko/20100101 Firefox/76.0" 
54.36.148.24 - - [22/May/2020:08:10:00 -0700] "GET /2019/chris-aldrich-1 HTTP/1.1" 200 9242 "-" "Mozilla/5.0 (compatible; AhrefsBot/6.1; +http://ahrefs.com/robot/)" 
71.34.70.114 - - [22/May/2020:08:11:40 -0700] "GET /?_t=rss HTTP/1.1" 200 4500 "-" "Mozilla/5.0 (Windows NT 10.0; Win64; x64; rv:76.0) Gecko/20100101 Firefox/76.0" 
5.188.210.36 - - [22/May/2020:08:12:11 -0700] "GET /2018/what-to-consider-when-choosing-colors-for-data-visualization HTTP/1.0" 200 30536 "https://stream.jeremycherfas.net/2018/what-to-consider-when-choosing-colors-for-data-visualization" "Mozilla/5.0 (Windows NT 6.1; Win64; x64) AppleWebKit/537.36 (KHTML, like Gecko) Chrome/67.0.3396.87 Safari/537.36 OPR/54.0.2952.64" 
5.188.210.36 - - [22/May/2020:08:12:12 -0700] "POST /comments/post HTTP/1.0" 403 17067 "https://stream.jeremycherfas.net/2018/what-to-consider-when-choosing-colors-for-data-visualization" "Mozilla/5.0 (Windows NT 6.1; Win64; x64) AppleWebKit/537.36 (KHTML, like Gecko) Chrome/67.0.3396.87 Safari/537.36 OPR/54.0.2952.64" 
46.229.168.161 - - [22/May/2020:08:12:56 -0700] "GET /?offset=10&q=%23Indieweb HTTP/1.1" 200 11941 "-" "Mozilla/5.0 (compatible; SemrushBot/6~bl; +http://www.semrush.com/bot.html)" 
46.229.168.145 - - [22/May/2020:08:13:47 -0700] "GET /2019/the-workforce-achieved-its-deliverables HTTP/1.1" 200 12794 "-" "Mozilla/5.0 (compatible; SemrushBot/6~bl; +http://www.semrush.com/bot.html)" 
46.229.168.137 - - [22/May/2020:08:14:19 -0700] "GET /content/all/?offset=0&q=%23rye HTTP/1.1" 200 12372 "-" "Mozilla/5.0 (compatible; SemrushBot/6~bl; +http://www.semrush.com/bot.html)" 
71.34.70.114 - - [22/May/2020:08:14:51 -0700] "GET /?_t=rss HTTP/1.1" 200 7679 "-" "Mozilla/5.0 (Windows NT 10.0; Win64; x64; rv:76.0) Gecko/20100101 Firefox/76.0" 
46.229.168.139 - - [22/May/2020:08:15:05 -0700] "GET /2020/checked-into-museo-di-roma-in-trastevere HTTP/1.1" 200 9806 "-" "Mozilla/5.0 (compatible; SemrushBot/6~bl; +http://www.semrush.com/bot.html)" 
77.88.5.71 - - [22/May/2020:08:15:17 -0700] "GET /tag/jbfa?_t=rss HTTP/1.1" 200 5534 "-" "Mozilla/5.0 (compatible; YandexBot/3.0; +http://yandex.com/bots)" 
5.188.210.36 - - [22/May/2020:08:15:18 -0700] "GET /2018/what-to-consider-when-choosing-colors-for-data-visualization HTTP/1.1" 200 9756 "-" "Mozilla/5.0 (Windows NT 6.1; Win64; x64; rv:62.0) Gecko/20100101 Firefox/62.0" 
46.229.168.152 - - [22/May/2020:08:15:48 -0700] "GET /content/posts/?offset=29&q=%23IndieWeb HTTP/1.1" 200 10245 "-" "Mozilla/5.0 (compatible; SemrushBot/6~bl; +http://www.semrush.com/bot.html)" 
77.88.5.71 - - [22/May/2020:08:16:13 -0700] "GET /tag/sourdough HTTP/1.1" 200 12271 "-" "Mozilla/5.0 (compatible; YandexBot/3.0; +http://yandex.com/bots)" 
64.111.100.215 - - [22/May/2020:08:16:34 -0700] "GET /content/all?_t=rss HTTP/1.1" 200 16624 "-" "Mozilla/5.0 (X11; U; Linux i686; fr; rv:1.9.1.1) Gecko/20090715 Firefox/3.5.1" 
167.172.118.185 - - [22/May/2020:08:16:35 -0700] "GET /?_t=rss HTTP/1.1" 304 3475 "-" "Feedbin feed-id:1536727 - 1 subscribers" 
66.249.64.180 - - [22/May/2020:08:16:57 -0700] "GET /2019/tim-harford-article-hug-your-enemy-rather-than-wrestling-the?_t=rss HTTP/1.1" 200 5639 "-" "Mozilla/5.0 (Linux; Android 6.0.1; Nexus 5X Build/MMB29P) AppleWebKit/537.36 (KHTML, like Gecko) Chrome/80.0.3987.92 Mobile Safari/537.36 (compatible; Googlebot/2.1; +http://www.google.com/bot.html)" 
46.229.168.161 - - [22/May/2020:08:17:32 -0700] "GET /content/bookmarkedpages/?offset=10&q=%23indieweb HTTP/1.1" 200 11136 "-" "Mozilla/5.0 (compatible; SemrushBot/6~bl; +http://www.semrush.com/bot.html)" 
71.34.70.114 - - [22/May/2020:08:17:45 -0700] "GET /?_t=rss HTTP/1.1" 200 4500 "-" "Mozilla/5.0 (Windows NT 10.0; Win64; x64; rv:76.0) Gecko/20100101 Firefox/76.0" 
46.229.168.139 - - [22/May/2020:08:18:42 -0700] "GET /2019/guardian-daily-edition-review-phil-gyfords-website HTTP/1.1" 200 9563 "-" "Mozilla/5.0 (compatible; SemrushBot/6~bl; +http://www.semrush.com/bot.html)" 
46.229.168.129 - - [22/May/2020:08:20:19 -0700] "GET /content/all/?offset=47&q=%23%2B%23WithKnown HTTP/1.1" 200 11612 "-" "Mozilla/5.0 (compatible; SemrushBot/6~bl; +http://www.semrush.com/bot.html)" 
54.36.149.43 - - [22/May/2020:08:20:41 -0700] "GET /2018/theres-something-funny-with-the-way-microblog-is-handling-time HTTP/1.1" 200 9532 "-" "Mozilla/5.0 (compatible; AhrefsBot/6.1; +http://ahrefs.com/robot/)" 
46.229.168.141 - - [22/May/2020:08:20:52 -0700] "GET /?offset=124&q=%23indieweb HTTP/1.1" 200 11954 "-" "Mozilla/5.0 (compatible; SemrushBot/6~bl; +http://www.semrush.com/bot.html)" 
71.34.70.114 - - [22/May/2020:08:20:55 -0700] "GET /?_t=rss HTTP/1.1" 200 7679 "-" "Mozilla/5.0 (Windows NT 10.0; Win64; x64; rv:76.0) Gecko/20100101 Firefox/76.0" 
66.249.64.176 - - [22/May/2020:08:22:03 -0700] "GET /service/web/unfurl/?url=https%3A%2F%2Fthemargins.substack.com%2Fp%2Fdoordash-and-pizza-arbitrage&__bTk=07c4e1db903d5bfe641359a99e4529480b57642698e45f1e12668c9aee3c9dc8&__bTs=1588896000 HTTP/1.1" 403 4655 "https://www.stream.jeremycherfas.net/" "Mozilla/5.0 AppleWebKit/537.36 (KHTML, like Gecko; compatible; Googlebot/2.1; +http://www.google.com/bot.html) Chrome/81.0.4044.108 Safari/537.36" 
66.249.64.176 - - [22/May/2020:08:22:04 -0700] "GET /service/web/unfurl/?url=https%3A%2F%2Fftrain.substack.com%2Fp%2Fwhy-does-this-have-a-title-and-a&__bTk=07c4e1db903d5bfe641359a99e4529480b57642698e45f1e12668c9aee3c9dc8&__bTs=1588896000 HTTP/1.1" 403 4655 "https://www.stream.jeremycherfas.net/" "Mozilla/5.0 AppleWebKit/537.36 (KHTML, like Gecko; compatible; Googlebot/2.1; +http://www.google.com/bot.html) Chrome/81.0.4044.108 Safari/537.36" 
66.249.64.176 - - [22/May/2020:08:22:04 -0700] "GET /service/web/unfurl/?url=https%3A%2F%2Fftrain.substack.com%2Fp%2Fwhy-does-this-have-a-title-and-a&__bTk=07c4e1db903d5bfe641359a99e4529480b57642698e45f1e12668c9aee3c9dc8&__bTs=1589020153 HTTP/1.1" 403 1338 "https://www.stream.jeremycherfas.net/" "Mozilla/5.0 AppleWebKit/537.36 (KHTML, like Gecko; compatible; Googlebot/2.1; +http://www.google.com/bot.html) Chrome/81.0.4044.108 Safari/537.36" 
71.34.70.114 - - [22/May/2020:08:24:10 -0700] "GET /?_t=rss HTTP/1.1" 200 4500 "-" "Mozilla/5.0 (Windows NT 10.0; Win64; x64; rv:76.0) Gecko/20100101 Firefox/76.0" 
54.36.149.2 - - [22/May/2020:08:24:27 -0700] "GET /2019/seems-to-me-that-your-home-page HTTP/1.1" 200 10646 "-" "Mozilla/5.0 (compatible; AhrefsBot/6.1; +http://ahrefs.com/robot/)" 
46.229.168.129 - - [22/May/2020:08:25:33 -0700] "GET /content/all/?offset=31&q=%23%2B%23food HTTP/1.1" 200 13678 "-" "Mozilla/5.0 (compatible; SemrushBot/6~bl; +http://www.semrush.com/bot.html)" 
66.249.64.112 - - [22/May/2020:08:26:25 -0700] "GET /2020/these-were-in-the-fridge-an-extra-20-minutes-so?_t=rss HTTP/1.1" 200 5635 "-" "Mozilla/5.0 (Linux; Android 6.0.1; Nexus 5X Build/MMB29P) AppleWebKit/537.36 (KHTML, like Gecko) Chrome/80.0.3987.92 Mobile Safari/537.36 (compatible; Googlebot/2.1; +http://www.google.com/bot.html)" 
66.249.64.112 - - [22/May/2020:08:26:25 -0700] "GET /robots.txt HTTP/1.1" 200 4589 "-" "Mozilla/5.0 (compatible; Googlebot/2.1; +http://www.google.com/bot.html)" 
71.34.70.114 - - [22/May/2020:08:27:12 -0700] "GET /?_t=rss HTTP/1.1" 200 7679 "-" "Mozilla/5.0 (Windows NT 10.0; Win64; x64; rv:76.0) Gecko/20100101 Firefox/76.0" 
54.36.148.141 - - [22/May/2020:08:28:23 -0700] "GET /2019/very-hard-to-believe-that-tanner-campbell HTTP/1.1" 200 9576 "-" "Mozilla/5.0 (compatible; AhrefsBot/6.1; +http://ahrefs.com/robot/)" 
46.229.168.154 - - [22/May/2020:08:28:49 -0700] "GET /file/fe84b378b0fe0129e5091f916eb36357/e74d7edacad3ce328cd51ee75d1ea05c HTTP/1.1" 500 53796 "-" "Mozilla/5.0 (compatible; SemrushBot/6~bl; +http://www.semrush.com/bot.html)" 
2.47.39.216 - - [22/May/2020:08:29:16 -0700] "GET / HTTP/1.1" 200 57818 "-" "-" 
46.229.168.154 - - [22/May/2020:08:29:21 -0700] "GET /2020/how-did-i-find-the-link-2020just-discovered-i-have-a-digital-note HTTP/1.1" 200 9605 "-" "Mozilla/5.0 (compatible; SemrushBot/6~bl; +http://www.semrush.com/bot.html)" 
46.229.168.132 - - [22/May/2020:08:30:01 -0700] "GET /content/all/?q=%23testtag HTTP/1.1" 200 9491 "-" "Mozilla/5.0 (compatible; SemrushBot/6~bl; +http://www.semrush.com/bot.html)" 
71.34.70.114 - - [22/May/2020:08:30:18 -0700] "GET /?_t=rss HTTP/1.1" 200 4500 "-" "Mozilla/5.0 (Windows NT 10.0; Win64; x64; rv:76.0) Gecko/20100101 Firefox/76.0" 
46.229.168.145 - - [22/May/2020:08:30:19 -0700] "GET /tag/quill?offset=10 HTTP/1.1" 200 10925 "-" "Mozilla/5.0 (compatible; SemrushBot/6~bl; +http://www.semrush.com/bot.html)" 
46.229.168.139 - - [22/May/2020:08:30:22 -0700] "GET /content/posts/?offset=10&q=%23known HTTP/1.1" 200 12866 "-" "Mozilla/5.0 (compatible; SemrushBot/6~bl; +http://www.semrush.com/bot.html)" 
52.91.114.55 - - [22/May/2020:08:31:15 -0700] "GET /?_t=rss HTTP/1.1" 200 7642 "-" "glitch-feeder/1.0 (+https://glitch.com/~lmo-feeder)" 
46.229.168.138 - - [22/May/2020:08:31:20 -0700] "GET /2020/hey-faostatistics-faostatenhome-has-been-unreachable-for HTTP/1.1" 200 10192 "-" "Mozilla/5.0 (compatible; SemrushBot/6~bl; +http://www.semrush.com/bot.html)" 
96.126.125.129 - - [22/May/2020:08:31:39 -0700] "GET /content/statusupdates/posts/photos/checkins/bookmarkedpages?_t=rss HTTP/1.1" 200 7858 "-" "Micro.blog/1.0" 
64.111.100.215 - - [22/May/2020:08:31:48 -0700] "GET /content/all?_t=rss HTTP/1.1" 200 16624 "-" "Mozilla/5.0 (X11; U; Linux i686; fr; rv:1.9.1.1) Gecko/20090715 Firefox/3.5.1" 
46.229.168.143 - - [22/May/2020:08:33:08 -0700] "GET /content/photos/?offset=160 HTTP/1.1" 200 11411 "-" "Mozilla/5.0 (compatible; SemrushBot/6~bl; +http://www.semrush.com/bot.html)" 
173.230.155.197 - - [22/May/2020:08:33:12 -0700] "GET / HTTP/1.1" 200 57593 "-" "Mozilla/5.0 (Macintosh; Intel Mac OS X 10_12_1) AppleWebKit/537.36 (KHTML, like Gecko) Chrome/57.0.2987.133 Safari/537.36 p3k-http/0.1.5 p3k-watchtower/0.1" 
46.229.168.163 - - [22/May/2020:08:33:18 -0700] "GET /2019/bulk-after-a-night-in-the-fridge HTTP/1.1" 200 9760 "-" "Mozilla/5.0 (compatible; SemrushBot/6~bl; +http://www.semrush.com/bot.html)" 
71.34.70.114 - - [22/May/2020:08:33:37 -0700] "GET /?_t=rss HTTP/1.1" 200 7679 "-" "Mozilla/5.0 (Windows NT 10.0; Win64; x64; rv:76.0) Gecko/20100101 Firefox/76.0" 
46.229.168.152 - - [22/May/2020:08:33:45 -0700] "GET /2018/i-hope-you-all-dont-mind-me-promoting-my-latest HTTP/1.1" 200 11201 "-" "Mozilla/5.0 (compatible; SemrushBot/6~bl; +http://www.semrush.com/bot.html)" 
54.36.149.11 - - [22/May/2020:08:33:52 -0700] "GET /tag/+%23podcasting HTTP/1.1" 200 13257 "-" "Mozilla/5.0 (compatible; AhrefsBot/6.1; +http://ahrefs.com/robot/)" 
96.126.125.129 - - [22/May/2020:08:35:31 -0700] "GET /content/statusupdates/posts/photos/checkins/bookmarkedpages?_t=rss HTTP/1.1" 200 7858 "-" "Micro.blog/1.0" 
66.249.64.108 - - [22/May/2020:08:35:53 -0700] "GET /2018/powazek-just-a-thought-design-for-selfishness-because-of-chris?_t=rss HTTP/1.1" 200 5471 "-" "Mozilla/5.0 (Linux; Android 6.0.1; Nexus 5X Build/MMB29P) AppleWebKit/537.36 (KHTML, like Gecko) Chrome/80.0.3987.92 Mobile Safari/537.36 (compatible; Googlebot/2.1; +http://www.google.com/bot.html)" 
46.229.168.137 - - [22/May/2020:08:35:58 -0700] "GET /content/all/?offset=130&q=%23indieweb HTTP/1.1" 200 12828 "-" "Mozilla/5.0 (compatible; SemrushBot/6~bl; +http://www.semrush.com/bot.html)" 
71.34.70.114 - - [22/May/2020:08:36:36 -0700] "GET /?_t=rss HTTP/1.1" 200 4500 "-" "Mozilla/5.0 (Windows NT 10.0; Win64; x64; rv:76.0) Gecko/20100101 Firefox/76.0" 
40.77.167.95 - - [22/May/2020:08:38:00 -0700] "GET /2019/lunch-at-le-garibaldine-in-gallipoli-this-is-marinated-mackerel HTTP/1.1" 304 3726 "-" "Mozilla/5.0 (compatible; bingbot/2.0; +http://www.bing.com/bingbot.htm)" 
54.36.149.65 - - [22/May/2020:08:39:07 -0700] "GET /2020/gardens-and-streams HTTP/1.1" 200 9443 "-" "Mozilla/5.0 (compatible; AhrefsBot/6.1; +http://ahrefs.com/robot/)" 
71.34.70.114 - - [22/May/2020:08:39:15 -0700] "GET /?_t=rss HTTP/1.1" 200 7679 "-" "Mozilla/5.0 (Windows NT 10.0; Win64; x64; rv:76.0) Gecko/20100101 Firefox/76.0" 
46.229.168.152 - - [22/May/2020:08:40:12 -0700] "GET /2020/currently-reading-the-secret-pilgrim-by-john HTTP/1.1" 200 9519 "-" "Mozilla/5.0 (compatible; SemrushBot/6~bl; +http://www.semrush.com/bot.html)" 
46.229.168.161 - - [22/May/2020:08:40:41 -0700] "GET /robots.txt HTTP/1.1" 200 4552 "-" "Mozilla/5.0 (compatible; SemrushBot/6~bl; +http://www.semrush.com/bot.html)" 
46.229.168.152 - - [22/May/2020:08:40:41 -0700] "GET /?offset=20&q=%23photo HTTP/1.1" 200 9469 "-" "Mozilla/5.0 (compatible; SemrushBot/6~bl; +http://www.semrush.com/bot.html)" 
45.79.26.51 - - [22/May/2020:08:41:26 -0700] "GET /content/statusupdates/posts/photos/checkins/bookmarkedpages?_t=rss HTTP/1.1" 200 7853 "-" "Micro.blog/1.0" 
71.34.70.114 - - [22/May/2020:08:41:51 -0700] "GET /?_t=rss HTTP/1.1" 200 4500 "-" "Mozilla/5.0 (Windows NT 10.0; Win64; x64; rv:76.0) Gecko/20100101 Firefox/76.0" 
46.229.168.142 - - [22/May/2020:08:43:29 -0700] "GET /2018/language-log-raquo-slurs-inside-idioms-are-still-slurs HTTP/1.1" 200 9484 "-" "Mozilla/5.0 (compatible; SemrushBot/6~bl; +http://www.semrush.com/bot.html)" 
71.34.70.114 - - [22/May/2020:08:44:34 -0700] "GET /?_t=rss HTTP/1.1" 200 7679 "-" "Mozilla/5.0 (Windows NT 10.0; Win64; x64; rv:76.0) Gecko/20100101 Firefox/76.0" 
45.79.26.51 - - [22/May/2020:08:44:58 -0700] "GET /content/statusupdates/posts/photos/checkins/bookmarkedpages?_t=rss HTTP/1.1" 200 7853 "-" "Micro.blog/1.0" 
66.249.64.110 - - [22/May/2020:08:45:21 -0700] "GET /2020/this-plumeria-blossom-has-been-struggling-for-days-to-open?_t=rss HTTP/1.1" 200 5684 "-" "Mozilla/5.0 (Linux; Android 6.0.1; Nexus 5X Build/MMB29P) AppleWebKit/537.36 (KHTML, like Gecko) Chrome/80.0.3987.92 Mobile Safari/537.36 (compatible; Googlebot/2.1; +http://www.google.com/bot.html)" 
96.126.125.129 - - [22/May/2020:08:45:30 -0700] "GET /content/statusupdates/posts/photos/checkins/bookmarkedpages?_t=rss HTTP/1.1" 200 7858 "-" "Micro.blog/1.0" 
66.249.64.178 - - [22/May/2020:08:45:39 -0700] "GET / HTTP/1.1" 200 12143 "-" "Mozilla/5.0 (Linux; Android 6.0.1; Nexus 5X Build/MMB29P) AppleWebKit/537.36 (KHTML, like Gecko) Chrome/80.0.3987.92 Mobile Safari/537.36 (compatible; Googlebot/2.1; +http://www.google.com/bot.html)" 
66.249.64.180 - - [22/May/2020:08:45:41 -0700] "GET /vendor/npm-asset/exif-js/exif.js HTTP/1.1" 200 13279 "https://www.stream.jeremycherfas.net/" "Mozilla/5.0 (Linux; Android 6.0.1; Nexus 5X Build/MMB29P) AppleWebKit/537.36 (KHTML, like Gecko) Chrome/81.0.4044.108 Mobile Safari/537.36 (compatible; Googlebot/2.1; +http://www.google.com/bot.html)" 
66.249.64.178 - - [22/May/2020:08:45:42 -0700] "GET /service/web/unfurl/?url=https%3A%2F%2Fthemargins.substack.com%2Fp%2Fdoordash-and-pizza-arbitrage&__bTk=07c4e1db903d5bfe641359a99e4529480b57642698e45f1e12668c9aee3c9dc8&__bTs=1589020153 HTTP/1.1" 403 4655 "https://www.stream.jeremycherfas.net/" "Mozilla/5.0 (Linux; Android 6.0.1; Nexus 5X Build/MMB29P) AppleWebKit/537.36 (KHTML, like Gecko) Chrome/81.0.4044.108 Mobile Safari/537.36 (compatible; Googlebot/2.1; +http://www.google.com/bot.html)" 
159.65.67.69 - - [22/May/2020:08:47:21 -0700] "GET /?_t=rss HTTP/1.1" 304 3475 "-" "Feedbin feed-id:1536727 - 1 subscribers" 
71.34.70.114 - - [22/May/2020:08:47:28 -0700] "GET /?_t=rss HTTP/1.1" 200 4500 "-" "Mozilla/5.0 (Windows NT 10.0; Win64; x64; rv:76.0) Gecko/20100101 Firefox/76.0" 
64.111.100.215 - - [22/May/2020:08:47:37 -0700] "GET /content/all?_t=rss HTTP/1.1" 200 16624 "-" "Mozilla/5.0 (X11; U; Linux i686; fr; rv:1.9.1.1) Gecko/20090715 Firefox/3.5.1" 
46.229.168.132 - - [22/May/2020:08:49:34 -0700] "GET /?offset=54&q=%23%2B%23bread HTTP/1.1" 200 12068 "-" "Mozilla/5.0 (compatible; SemrushBot/6~bl; +http://www.semrush.com/bot.html)" 
71.34.70.114 - - [22/May/2020:08:50:06 -0700] "GET /?_t=rss HTTP/1.1" 200 7679 "-" "Mozilla/5.0 (Windows NT 10.0; Win64; x64; rv:76.0) Gecko/20100101 Firefox/76.0" 
46.229.168.153 - - [22/May/2020:08:50:12 -0700] "GET /2019/wild-asparagus-risotto-for-supper-last-night-thanks-to-our HTTP/1.1" 200 15316 "-" "Mozilla/5.0 (compatible; SemrushBot/6~bl; +http://www.semrush.com/bot.html)" 
54.36.148.47 - - [22/May/2020:08:50:22 -0700] "GET /2019/lurking-twitter-the-commons-and-private-posts HTTP/1.1" 200 9286 "-" "Mozilla/5.0 (compatible; AhrefsBot/6.1; +http://ahrefs.com/robot/)" 
207.46.13.37 - - [22/May/2020:08:50:26 -0700] "GET /2017/not-exactly-sure-what-colin-devroe-means-when-he-says/annotations/bb2daaf293a56ae2556671a183944f79 HTTP/1.1" 200 8559 "-" "Mozilla/5.0 (compatible; bingbot/2.0; +http://www.bing.com/bingbot.htm)" 
45.79.26.51 - - [22/May/2020:08:51:26 -0700] "GET /content/statusupdates/posts/photos/checkins/bookmarkedpages?_t=rss HTTP/1.1" 200 7853 "-" "Micro.blog/1.0" 
71.34.70.114 - - [22/May/2020:08:52:52 -0700] "GET /?_t=rss HTTP/1.1" 200 4500 "-" "Mozilla/5.0 (Windows NT 10.0; Win64; x64; rv:76.0) Gecko/20100101 Firefox/76.0" 
96.126.125.129 - - [22/May/2020:08:54:22 -0700] "GET /content/statusupdates/posts/photos/checkins/bookmarkedpages?_t=rss HTTP/1.1" 200 7858 "-" "Micro.blog/1.0" 
45.79.26.51 - - [22/May/2020:08:54:48 -0700] "GET /content/statusupdates/posts/photos/checkins/bookmarkedpages?_t=rss HTTP/1.1" 200 7853 "-" "Micro.blog/1.0" 
66.249.64.112 - - [22/May/2020:08:54:49 -0700] "GET /2018/technorati-tags-what-are-they-really-because-of-chris-aldrich?_t=rss HTTP/1.1" 200 5498 "-" "Mozilla/5.0 (Linux; Android 6.0.1; Nexus 5X Build/MMB29P) AppleWebKit/537.36 (KHTML, like Gecko) Chrome/80.0.3987.92 Mobile Safari/537.36 (compatible; Googlebot/2.1; +http://www.google.com/bot.html)" 
77.75.79.62 - - [22/May/2020:08:55:25 -0700] "GET /robots.txt HTTP/1.1" 200 4594 "-" "Mozilla/5.0 (compatible; SeznamBot/3.2; +http://napoveda.seznam.cz/en/seznambot-intro/)" 
96.126.125.129 - - [22/May/2020:08:55:30 -0700] "GET /content/statusupdates/posts/photos/checkins/bookmarkedpages?_t=rss HTTP/1.1" 200 7858 "-" "Micro.blog/1.0" 
77.75.79.62 - - [22/May/2020:08:55:27 -0700] "GET /service/web/imageproxy/aHR0cHM6Ly9wYnMudHdpbWcuY29tL3Byb2ZpbGVfaW1hZ2VzLzQ0ODU1MzQxMzI0NTAwOTkyMC9FSENzRXMzWi5qcGVn/300/square HTTP/1.1" 500 4668 "-" "Mozilla/5.0 (compatible; SeznamBot/3.2; +http://napoveda.seznam.cz/en/seznambot-intro/)" 
66.249.64.110 - - [22/May/2020:08:55:34 -0700] "GET /content/rsvp/?q=%23gazpacho HTTP/1.1" 200 8531 "-" "Mozilla/5.0 (Linux; Android 6.0.1; Nexus 5X Build/MMB29P) AppleWebKit/537.36 (KHTML, like Gecko) Chrome/80.0.3987.92 Mobile Safari/537.36 (compatible; Googlebot/2.1; +http://www.google.com/bot.html)" 
77.75.79.62 - - [22/May/2020:08:55:42 -0700] "GET /service/web/imageproxy/aHR0cHM6Ly9wYnMudHdpbWcuY29tL3Byb2ZpbGVfaW1hZ2VzLzU0OTkzOTI1L2Jha2luZy5qcGVn/300/square HTTP/1.1" 200 20092 "-" "Mozilla/5.0 (compatible; SeznamBot/3.2; +http://napoveda.seznam.cz/en/seznambot-intro/)" 
77.75.79.62 - - [22/May/2020:08:55:43 -0700] "GET /content/bookmarkedpages/ HTTP/1.1" 200 8710 "-" "Mozilla/5.0 (compatible; SeznamBot/3.2; +http://napoveda.seznam.cz/en/seznambot-intro/)" 
77.75.79.62 - - [22/May/2020:08:55:44 -0700] "GET /profile/jeremy HTTP/1.1" 304 24597 "-" "Mozilla/5.0 (compatible; SeznamBot/3.2; +http://napoveda.seznam.cz/en/seznambot-intro/)" 
77.75.79.62 - - [22/May/2020:08:55:45 -0700] "GET /profile/jeremy HTTP/1.1" 304 244879 "-" "Mozilla/5.0 (compatible; SeznamBot/3.2; +http://napoveda.seznam.cz/en/seznambot-intro/)" 
92.247.181.17 - - [22/May/2020:08:55:55 -0700] "GET /?_t=rss HTTP/1.1" 304 3475 "https://stream.jeremycherfas.net/" "Mozilla/5.0 (compatible; inoreader.com; 1 subscribers)" 
46.229.168.149 - - [22/May/2020:08:55:59 -0700] "GET /2018/self-hosting-maps-taking-control-over-ux-and-users-privacy-sebastian HTTP/1.1" 200 9651 "-" "Mozilla/5.0 (compatible; SemrushBot/6~bl; +http://www.semrush.com/bot.html)" 
