46.229.168.149 - - [30/May/2020:04:38:45 -0700] "GET /2020/untitled-34 HTTP/1.1" 200 10358 "-" "Mozilla/5.0 (compatible; SemrushBot/6~bl; +http://www.semrush.com/bot.html)" 
75.164.251.69 - - [30/May/2020:04:39:08 -0700] "GET /?_t=rss HTTP/1.1" 200 7400 "-" "Mozilla/5.0 (Windows NT 10.0; Win64; x64; rv:76.0) Gecko/20100101 Firefox/76.0" 
46.229.168.135 - - [30/May/2020:04:39:16 -0700] "GET /2017/checked-into-the-ferry-to-greece HTTP/1.1" 200 9739 "-" "Mozilla/5.0 (compatible; SemrushBot/6~bl; +http://www.semrush.com/bot.html)" 
46.229.168.163 - - [30/May/2020:04:39:29 -0700] "GET /2018/2018-05-07 HTTP/1.1" 200 9596 "-" "Mozilla/5.0 (compatible; SemrushBot/6~bl; +http://www.semrush.com/bot.html)" 
167.99.111.28 - - [30/May/2020:04:39:41 -0700] "GET /?_t=rss HTTP/1.1" 200 7133 "-" "Feedbin feed-id:1536727 - 1 subscribers" 
114.119.160.143 - - [30/May/2020:04:40:21 -0700] "GET /robots.txt HTTP/1.1" 200 4341 "-" "Mozilla/5.0 (Linux; Android 7.0;) AppleWebKit/537.36 (KHTML, like Gecko) Mobile Safari/537.36 (compatible; PetalBot;+https://aspiegel.com/petalbot)" 
46.229.168.131 - - [30/May/2020:04:40:56 -0700] "GET /content/all/?offset=14&q=%23Sourdough HTTP/1.1" 200 12066 "-" "Mozilla/5.0 (compatible; SemrushBot/6~bl; +http://www.semrush.com/bot.html)" 
46.229.168.161 - - [30/May/2020:04:41:07 -0700] "GET /content/all/?offset=10&q=%23%2B%23food HTTP/1.1" 200 12189 "-" "Mozilla/5.0 (compatible; SemrushBot/6~bl; +http://www.semrush.com/bot.html)" 
46.229.168.151 - - [30/May/2020:04:41:18 -0700] "GET /content/all/?offset=20&q=%23IndieWeb HTTP/1.1" 200 11543 "-" "Mozilla/5.0 (compatible; SemrushBot/6~bl; +http://www.semrush.com/bot.html)" 
46.229.168.154 - - [30/May/2020:04:41:47 -0700] "GET /content/all/?offset=40&q=%23%2B%23IndieWeb HTTP/1.1" 200 11308 "-" "Mozilla/5.0 (compatible; SemrushBot/6~bl; +http://www.semrush.com/bot.html)" 
75.164.251.69 - - [30/May/2020:04:42:09 -0700] "GET /?_t=rss HTTP/1.1" 200 4221 "-" "Mozilla/5.0 (Windows NT 10.0; Win64; x64; rv:76.0) Gecko/20100101 Firefox/76.0" 
96.126.125.129 - - [30/May/2020:04:43:05 -0700] "GET /content/statusupdates/posts/photos/checkins/bookmarkedpages?_t=rss HTTP/1.1" 200 7712 "-" "Micro.blog/1.0" 
46.229.168.150 - - [30/May/2020:04:44:15 -0700] "GET /robots.txt HTTP/1.1" 200 4552 "-" "Mozilla/5.0 (compatible; SemrushBot/6~bl; +http://www.semrush.com/bot.html)" 
46.229.168.151 - - [30/May/2020:04:44:15 -0700] "GET /2017/i-wonder-whether-i-can-use-the-recipe-plugin-for HTTP/1.1" 200 10521 "-" "Mozilla/5.0 (compatible; SemrushBot/6~bl; +http://www.semrush.com/bot.html)" 
66.249.64.110 - - [30/May/2020:04:44:31 -0700] "GET /service/web/unfurl/?url=https%3A%2F%2Findieweb.org%2Fevents%2F2017-11-29-homebrew-website-club%23Virtual_European_Time&__bTk=3eec8bcd67b4b2e93a55cf66a2122cd213cc149f334395fc089c9e91fcc562e3&__bTs=1588767473 HTTP/1.1" 403 4653 "https://stream.jeremycherfas.net/content/all/?q=%23+%23indieweb&offset=68" "Mozilla/5.0 (Linux; Android 6.0.1; Nexus 5X Build/MMB29P) AppleWebKit/537.36 (KHTML, like Gecko) Chrome/81.0.4044.108 Mobile Safari/537.36 (compatible; Googlebot/2.1; +http://www.google.com/bot.html)" 
75.164.251.69 - - [30/May/2020:04:44:43 -0700] "GET /?_t=rss HTTP/1.1" 200 7400 "-" "Mozilla/5.0 (Windows NT 10.0; Win64; x64; rv:76.0) Gecko/20100101 Firefox/76.0" 
46.229.168.145 - - [30/May/2020:04:45:26 -0700] "GET /2019/one-of-the-things-i-love-about-making-my-own HTTP/1.1" 200 14847 "-" "Mozilla/5.0 (compatible; SemrushBot/6~bl; +http://www.semrush.com/bot.html)" 
203.133.169.112 - - [30/May/2020:04:45:28 -0700] "GET /robots.txt HTTP/1.1" 200 4369 "-" "Mozilla/5.0 (compatible; Daum/4.1; +http://cs.daum.net/faq/15/4118.html?faqId=28966)" 
203.133.169.112 - - [30/May/2020:04:45:29 -0700] "GET /content/photos/?q=%23bread&offset=20 HTTP/1.1" 200 58092 "-" "Mozilla/5.0 (compatible; Daum/4.1; +http://cs.daum.net/faq/15/4118.html?faqId=28966)" 
46.229.168.163 - - [30/May/2020:04:45:31 -0700] "GET /?offset=142&q=%23%2B%23indieweb HTTP/1.1" 200 8739 "-" "Mozilla/5.0 (compatible; SemrushBot/6~bl; +http://www.semrush.com/bot.html)" 
203.133.169.112 - - [30/May/2020:04:45:36 -0700] "GET /content/all/?q=%23seeded HTTP/1.1" 200 38039 "-" "Mozilla/5.0 (compatible; Daum/4.1; +http://cs.daum.net/faq/15/4118.html?faqId=28966)" 
203.133.169.112 - - [30/May/2020:04:45:48 -0700] "GET /service/web/imageproxy/aHR0cHM6Ly9vcGltZy5zMy5hbWF6b25hd3MuY29tLzNlZjA4NmRmMDQuanBn HTTP/1.1" 200 38619 "-" "Mozilla/5.0 (compatible; Daum/4.1; +http://cs.daum.net/faq/15/4118.html?faqId=28966)" 
203.133.169.112 - - [30/May/2020:04:45:54 -0700] "GET /2018/gregorlovecom-indieweb-wordpress-feedback?_t=rss HTTP/1.1" 200 6470 "-" "Mozilla/5.0 (compatible; Daum/4.1; +http://cs.daum.net/faq/15/4118.html?faqId=28966)" 
203.133.169.112 - - [30/May/2020:04:46:00 -0700] "GET /2020/2019-was-pretty-good-2020-will-be HTTP/1.1" 200 29425 "-" "Mozilla/5.0 (compatible; Daum/4.1; +http://cs.daum.net/faq/15/4118.html?faqId=28966)" 
203.133.169.112 - - [30/May/2020:04:46:06 -0700] "GET /content/photos/?q=%23bread&offset=20 HTTP/1.1" 200 58092 "-" "Mozilla/5.0 (compatible; Daum/4.1; +http://cs.daum.net/faq/15/4118.html?faqId=28966)" 
203.133.169.112 - - [30/May/2020:04:46:13 -0700] "GET /content/all/?q=%23seeded HTTP/1.1" 200 38039 "-" "Mozilla/5.0 (compatible; Daum/4.1; +http://cs.daum.net/faq/15/4118.html?faqId=28966)" 
64.111.100.215 - - [30/May/2020:04:46:24 -0700] "GET /content/all?_t=rss HTTP/1.1" 200 14573 "-" "Mozilla/5.0 (X11; U; Linux i686; fr; rv:1.9.1.1) Gecko/20090715 Firefox/3.5.1" 
203.133.169.112 - - [30/May/2020:04:46:25 -0700] "GET /service/web/imageproxy/aHR0cHM6Ly9vcGltZy5zMy5hbWF6b25hd3MuY29tLzNlZjA4NmRmMDQuanBn HTTP/1.1" 200 38590 "-" "Mozilla/5.0 (compatible; Daum/4.1; +http://cs.daum.net/faq/15/4118.html?faqId=28966)" 
203.133.169.112 - - [30/May/2020:04:46:31 -0700] "GET /2018/gregorlovecom-indieweb-wordpress-feedback?_t=rss HTTP/1.1" 200 6470 "-" "Mozilla/5.0 (compatible; Daum/4.1; +http://cs.daum.net/faq/15/4118.html?faqId=28966)" 
203.133.169.112 - - [30/May/2020:04:46:37 -0700] "GET /2020/2019-was-pretty-good-2020-will-be HTTP/1.1" 200 29425 "-" "Mozilla/5.0 (compatible; Daum/4.1; +http://cs.daum.net/faq/15/4118.html?faqId=28966)" 
46.229.168.163 - - [30/May/2020:04:46:46 -0700] "GET /2018/lots-of-people-learning-the-lessons-of HTTP/1.1" 200 10494 "-" "Mozilla/5.0 (compatible; SemrushBot/6~bl; +http://www.semrush.com/bot.html)" 
114.119.160.143 - - [30/May/2020:04:47:01 -0700] "GET /tag/+%23multigrain HTTP/1.1" 200 11094 "-" "Mozilla/5.0 (Linux; Android 7.0;) AppleWebKit/537.36 (KHTML, like Gecko) Mobile Safari/537.36 (compatible; PetalBot;+https://aspiegel.com/petalbot)" 
75.164.251.69 - - [30/May/2020:04:47:59 -0700] "GET /?_t=rss HTTP/1.1" 200 4221 "-" "Mozilla/5.0 (Windows NT 10.0; Win64; x64; rv:76.0) Gecko/20100101 Firefox/76.0" 
46.229.168.135 - - [30/May/2020:04:49:08 -0700] "GET /2019/checked-into-santino HTTP/1.1" 200 9738 "-" "Mozilla/5.0 (compatible; SemrushBot/6~bl; +http://www.semrush.com/bot.html)" 
46.229.168.146 - - [30/May/2020:04:49:34 -0700] "GET /?offset=87&q=%23%2B%23indieweb HTTP/1.1" 200 15785 "-" "Mozilla/5.0 (compatible; SemrushBot/6~bl; +http://www.semrush.com/bot.html)" 
46.229.168.141 - - [30/May/2020:04:49:49 -0700] "GET /content/all/?offset=0&q=%23withknown HTTP/1.1" 200 14559 "-" "Mozilla/5.0 (compatible; SemrushBot/6~bl; +http://www.semrush.com/bot.html)" 
46.229.168.143 - - [30/May/2020:04:51:00 -0700] "GET /?q=%23%2B%23blossomsoflight HTTP/1.1" 200 8491 "-" "Mozilla/5.0 (compatible; SemrushBot/6~bl; +http://www.semrush.com/bot.html)" 
17.58.102.79 - - [30/May/2020:04:51:05 -0700] "GET /2020/i-am-amazed-and-saddened-by-the HTTP/1.1" 200 17160 "-" "Mozilla/5.0 (Macintosh; Intel Mac OS X 10_10_1) AppleWebKit/600.2.5 (KHTML, like Gecko) Version/8.0.2 Safari/600.2.5 (Applebot/0.1; +http://www.apple.com/go/applebot)" 
46.229.168.138 - - [30/May/2020:04:51:18 -0700] "GET /tag/indieweb?offset=126 HTTP/1.1" 200 12625 "-" "Mozilla/5.0 (compatible; SemrushBot/6~bl; +http://www.semrush.com/bot.html)" 
75.164.251.69 - - [30/May/2020:04:51:19 -0700] "GET /?_t=rss HTTP/1.1" 200 7400 "-" "Mozilla/5.0 (Windows NT 10.0; Win64; x64; rv:76.0) Gecko/20100101 Firefox/76.0" 
54.36.148.85 - - [30/May/2020:04:51:23 -0700] "GET /tag/known HTTP/1.1" 200 16452 "-" "Mozilla/5.0 (compatible; AhrefsBot/6.1; +http://ahrefs.com/robot/)" 
66.249.64.112 - - [30/May/2020:04:52:37 -0700] "GET /content/locations/?offset=80&_t=amp HTTP/1.1" 200 11304 "-" "Mozilla/5.0 (Linux; Android 6.0.1; Nexus 5X Build/MMB29P) AppleWebKit/537.36 (KHTML, like Gecko) Chrome/80.0.3987.92 Mobile Safari/537.36 (compatible; Googlebot/2.1; +http://www.google.com/bot.html)" 
114.119.160.61 - - [30/May/2020:04:53:40 -0700] "GET /tag/+%23latteriastudio HTTP/1.1" 200 10662 "-" "Mozilla/5.0 (Linux; Android 7.0;) AppleWebKit/537.36 (KHTML, like Gecko) Mobile Safari/537.36 (compatible; PetalBot;+https://aspiegel.com/petalbot)" 
96.126.125.129 - - [30/May/2020:04:53:44 -0700] "GET /content/statusupdates/posts/photos/checkins/bookmarkedpages?_t=rss HTTP/1.1" 200 7712 "-" "Micro.blog/1.0" 
75.164.251.69 - - [30/May/2020:04:54:24 -0700] "GET /?_t=rss HTTP/1.1" 200 4221 "-" "Mozilla/5.0 (Windows NT 10.0; Win64; x64; rv:76.0) Gecko/20100101 Firefox/76.0" 
157.55.39.224 - - [30/May/2020:04:55:59 -0700] "GET /file/83e713327a0d511a4218912829e30803 HTTP/1.1" 200 12240 "-" "Mozilla/5.0 (compatible; bingbot/2.0; +http://www.bing.com/bingbot.htm)" 
46.229.168.149 - - [30/May/2020:04:56:28 -0700] "GET /robots.txt HTTP/1.1" 200 4576 "-" "Mozilla/5.0 (compatible; SemrushBot/6~bl; +http://www.semrush.com/bot.html)" 
46.229.168.131 - - [30/May/2020:04:56:28 -0700] "GET /?offset=80&q=%23%2B%23indieweb HTTP/1.1" 200 14113 "-" "Mozilla/5.0 (compatible; SemrushBot/6~bl; +http://www.semrush.com/bot.html)" 
46.229.168.151 - - [30/May/2020:04:56:39 -0700] "GET /content/all/?offset=131&q=%23%2B%23%23indieweb HTTP/1.1" 200 12766 "-" "Mozilla/5.0 (compatible; SemrushBot/6~bl; +http://www.semrush.com/bot.html)" 
75.164.251.69 - - [30/May/2020:04:56:58 -0700] "GET /?_t=rss HTTP/1.1" 200 7400 "-" "Mozilla/5.0 (Windows NT 10.0; Win64; x64; rv:76.0) Gecko/20100101 Firefox/76.0" 
46.229.168.151 - - [30/May/2020:04:59:20 -0700] "GET /?offset=18&q=%23%2B%23photo HTTP/1.1" 200 10649 "-" "Mozilla/5.0 (compatible; SemrushBot/6~bl; +http://www.semrush.com/bot.html)" 
46.229.168.132 - - [30/May/2020:04:59:45 -0700] "GET /content/all/?offset=75&q=%23IndieWeb HTTP/1.1" 200 13590 "-" "Mozilla/5.0 (compatible; SemrushBot/6~bl; +http://www.semrush.com/bot.html)" 
96.126.125.129 - - [30/May/2020:05:00:01 -0700] "GET /content/statusupdates/posts/photos/checkins/bookmarkedpages?_t=rss HTTP/1.1" 200 7712 "-" "Micro.blog/1.0" 
114.119.161.85 - - [30/May/2020:05:00:08 -0700] "GET /tag/Non HTTP/1.1" 200 8254 "-" "Mozilla/5.0 (Linux; Android 7.0;) AppleWebKit/537.36 (KHTML, like Gecko) Mobile Safari/537.36 (compatible; PetalBot;+https://aspiegel.com/petalbot)" 
75.164.251.69 - - [30/May/2020:05:00:16 -0700] "GET /?_t=rss HTTP/1.1" 200 4221 "-" "Mozilla/5.0 (Windows NT 10.0; Win64; x64; rv:76.0) Gecko/20100101 Firefox/76.0" 
64.111.100.215 - - [30/May/2020:05:01:34 -0700] "GET /content/all?_t=rss HTTP/1.1" 200 14573 "-" "Mozilla/5.0 (X11; U; Linux i686; fr; rv:1.9.1.1) Gecko/20090715 Firefox/3.5.1" 
77.88.5.71 - - [30/May/2020:05:01:41 -0700] "GET /2020/ok-pure-confirmation-bias-but-i-finally HTTP/1.1" 200 9708 "-" "Mozilla/5.0 (compatible; YandexBot/3.0; +http://yandex.com/bots)" 
204.236.242.43 - - [30/May/2020:05:01:44 -0700] "GET /?_t=rss HTTP/1.1" 200 7363 "-" "glitch-feeder/1.0 (+https://glitch.com/~lmo-feeder)" 
66.249.64.108 - - [30/May/2020:05:02:05 -0700] "GET /?q=%23known&offset=40&_t=rss HTTP/1.1" 200 6201 "-" "Mozilla/5.0 (Linux; Android 6.0.1; Nexus 5X Build/MMB29P) AppleWebKit/537.36 (KHTML, like Gecko) Chrome/80.0.3987.92 Mobile Safari/537.36 (compatible; Googlebot/2.1; +http://www.google.com/bot.html)" 
46.229.168.130 - - [30/May/2020:05:02:43 -0700] "GET /content/all/?offset=44&q=%23WithKnown HTTP/1.1" 200 12435 "-" "Mozilla/5.0 (compatible; SemrushBot/6~bl; +http://www.semrush.com/bot.html)" 
75.164.251.69 - - [30/May/2020:05:02:56 -0700] "GET /?_t=rss HTTP/1.1" 200 7400 "-" "Mozilla/5.0 (Windows NT 10.0; Win64; x64; rv:76.0) Gecko/20100101 Firefox/76.0" 
96.126.125.129 - - [30/May/2020:05:03:44 -0700] "GET /content/statusupdates/posts/photos/checkins/bookmarkedpages?_t=rss HTTP/1.1" 200 7712 "-" "Micro.blog/1.0" 
157.55.39.144 - - [30/May/2020:05:03:54 -0700] "GET /service/web/imageproxy/aHR0cHM6Ly9taWNyby5ibG9nL3NpbW9uL2F2YXRhci5qcGc,/300/square HTTP/1.1" 200 8061 "-" "Mozilla/5.0 (compatible; bingbot/2.0; +http://www.bing.com/bingbot.htm)" 
157.55.39.54 - - [30/May/2020:05:04:06 -0700] "GET /service/web/imageproxy/aHR0cHM6Ly9zZWN1cmUuZ3JhdmF0YXIuY29tL2F2YXRhci81MjVkZGYxYWUwZjg3YTNiYzZkZGY4YmU2Y2M0YjUwYz9zPTI0MCZkPXJldHJvJnI9Zw,,/300/square HTTP/1.1" 200 79681 "-" "Mozilla/5.0 (compatible; bingbot/2.0; +http://www.bing.com/bingbot.htm)" 
46.229.168.150 - - [30/May/2020:05:04:33 -0700] "GET /content/bookmarkedpages/?q=%23%2B%238482 HTTP/1.1" 200 8548 "-" "Mozilla/5.0 (compatible; SemrushBot/6~bl; +http://www.semrush.com/bot.html)" 
66.249.64.178 - - [30/May/2020:05:04:58 -0700] "GET /robots.txt HTTP/1.1" 200 4613 "-" "Mozilla/5.0 (compatible; Googlebot/2.1; +http://www.google.com/bot.html)" 
66.249.64.180 - - [30/May/2020:05:04:58 -0700] "GET /service/web/unfurl/?url=https%3A%2F%2Fwww.eatthispodcast.com%2Four-daily-bread-01%2F&__bTk=eaac90559b759ea7ae377bf516368bbfcdb0ae6c84f19a55d89e917d304eae91&__bTs=1588896000 HTTP/1.1" 403 4643 "https://www.stream.jeremycherfas.net/content/statusupdates/?offset=232&_t=amp" "Mozilla/5.0 (Linux; Android 6.0.1; Nexus 5X Build/MMB29P) AppleWebKit/537.36 (KHTML, like Gecko) Chrome/81.0.4044.108 Mobile Safari/537.36 (compatible; Googlebot/2.1; +http://www.google.com/bot.html)" 
66.249.64.178 - - [30/May/2020:05:04:59 -0700] "GET /service/web/unfurl/?url=https%3A%2F%2Findieweb.org&__bTk=eaac90559b759ea7ae377bf516368bbfcdb0ae6c84f19a55d89e917d304eae91&__bTs=1588896000 HTTP/1.1" 403 4609 "https://www.stream.jeremycherfas.net/content/statusupdates/?offset=232&_t=amp" "Mozilla/5.0 (Linux; Android 6.0.1; Nexus 5X Build/MMB29P) AppleWebKit/537.36 (KHTML, like Gecko) Chrome/81.0.4044.108 Mobile Safari/537.36 (compatible; Googlebot/2.1; +http://www.google.com/bot.html)" 
66.249.64.180 - - [30/May/2020:05:05:00 -0700] "GET /service/web/unfurl/?url=https%3A%2F%2Findieweb.org&__bTk=eaac90559b759ea7ae377bf516368bbfcdb0ae6c84f19a55d89e917d304eae91&__bTs=1590233296 HTTP/1.1" 403 4609 "https://www.stream.jeremycherfas.net/content/statusupdates/?offset=232&_t=amp" "Mozilla/5.0 (Linux; Android 6.0.1; Nexus 5X Build/MMB29P) AppleWebKit/537.36 (KHTML, like Gecko) Chrome/81.0.4044.108 Mobile Safari/537.36 (compatible; Googlebot/2.1; +http://www.google.com/bot.html)" 
157.55.39.224 - - [30/May/2020:05:05:36 -0700] "GET /file/8888f3cd1a4e9e4554457f81d2b3c59e HTTP/1.1" 200 10209 "-" "Mozilla/5.0 (compatible; bingbot/2.0; +http://www.bing.com/bingbot.htm)" 
46.229.168.152 - - [30/May/2020:05:05:36 -0700] "GET /content/posts/?q=%23followfriday HTTP/1.1" 200 8503 "-" "Mozilla/5.0 (compatible; SemrushBot/6~bl; +http://www.semrush.com/bot.html)" 
75.164.251.69 - - [30/May/2020:05:06:18 -0700] "GET /?_t=rss HTTP/1.1" 200 4221 "-" "Mozilla/5.0 (Windows NT 10.0; Win64; x64; rv:76.0) Gecko/20100101 Firefox/76.0" 
114.119.167.191 - - [30/May/2020:05:06:27 -0700] "GET /tag/Indieweb?offset=31 HTTP/1.1" 200 12942 "-" "Mozilla/5.0 (Linux; Android 7.0;) AppleWebKit/537.36 (KHTML, like Gecko) Mobile Safari/537.36 (compatible; PetalBot;+https://aspiegel.com/petalbot)" 
46.229.168.132 - - [30/May/2020:05:07:56 -0700] "GET /content/all/?offset=52&q=%23%2B%23podcast HTTP/1.1" 200 10954 "-" "Mozilla/5.0 (compatible; SemrushBot/6~bl; +http://www.semrush.com/bot.html)" 
46.229.168.163 - - [30/May/2020:05:08:04 -0700] "GET /content/photos/?q=%23%2B%23WithKnown HTTP/1.1" 200 9915 "-" "Mozilla/5.0 (compatible; SemrushBot/6~bl; +http://www.semrush.com/bot.html)" 
46.229.168.140 - - [30/May/2020:05:08:23 -0700] "GET /2019/joseph-cornell-waiting-for-his-muse HTTP/1.1" 200 10888 "-" "Mozilla/5.0 (compatible; SemrushBot/6~bl; +http://www.semrush.com/bot.html)" 
96.126.125.129 - - [30/May/2020:05:08:28 -0700] "GET /content/statusupdates/posts/photos/checkins/bookmarkedpages?_t=rss HTTP/1.1" 200 7712 "-" "Micro.blog/1.0" 
46.229.168.153 - - [30/May/2020:05:08:54 -0700] "GET /tag/withknown?offset=52 HTTP/1.1" 200 9972 "-" "Mozilla/5.0 (compatible; SemrushBot/6~bl; +http://www.semrush.com/bot.html)" 
75.164.251.69 - - [30/May/2020:05:09:07 -0700] "GET /?_t=rss HTTP/1.1" 200 7400 "-" "Mozilla/5.0 (Windows NT 10.0; Win64; x64; rv:76.0) Gecko/20100101 Firefox/76.0" 
46.229.168.151 - - [30/May/2020:05:09:39 -0700] "GET /content/all/?offset=180 HTTP/1.1" 200 11724 "-" "Mozilla/5.0 (compatible; SemrushBot/6~bl; +http://www.semrush.com/bot.html)" 
46.229.168.151 - - [30/May/2020:05:10:37 -0700] "GET /?offset=123&q=%23indieweb HTTP/1.1" 200 11855 "-" "Mozilla/5.0 (compatible; SemrushBot/6~bl; +http://www.semrush.com/bot.html)" 
46.229.168.139 - - [30/May/2020:05:11:11 -0700] "GET /content/all/?offset=20&q=%23%2B%23indieweb HTTP/1.1" 200 11562 "-" "Mozilla/5.0 (compatible; SemrushBot/6~bl; +http://www.semrush.com/bot.html)" 
66.249.64.108 - - [30/May/2020:05:11:33 -0700] "GET /content/bookmarkedpages/?q=%23non HTTP/1.1" 200 8530 "-" "Mozilla/5.0 (Linux; Android 6.0.1; Nexus 5X Build/MMB29P) AppleWebKit/537.36 (KHTML, like Gecko) Chrome/80.0.3987.92 Mobile Safari/537.36 (compatible; Googlebot/2.1; +http://www.google.com/bot.html)" 
75.164.251.69 - - [30/May/2020:05:12:22 -0700] "GET /?_t=rss HTTP/1.1" 200 4221 "-" "Mozilla/5.0 (Windows NT 10.0; Win64; x64; rv:76.0) Gecko/20100101 Firefox/76.0" 
167.99.96.232 - - [30/May/2020:05:12:24 -0700] "GET /?_t=rss HTTP/1.1" 304 3475 "-" "Feedbin feed-id:1536727 - 1 subscribers" 
114.119.165.37 - - [30/May/2020:05:12:54 -0700] "GET /tag/Indieweb?offset=20 HTTP/1.1" 200 11346 "-" "Mozilla/5.0 (Linux; Android 7.0;) AppleWebKit/537.36 (KHTML, like Gecko) Mobile Safari/537.36 (compatible; PetalBot;+https://aspiegel.com/petalbot)" 
46.229.168.129 - - [30/May/2020:05:13:06 -0700] "GET /content/statusupdates/?offset=11&q=%23%2B%23indieweb HTTP/1.1" 200 11039 "-" "Mozilla/5.0 (compatible; SemrushBot/6~bl; +http://www.semrush.com/bot.html)" 
45.79.26.51 - - [30/May/2020:05:13:30 -0700] "GET /content/statusupdates/posts/photos/checkins/bookmarkedpages?_t=rss HTTP/1.1" 200 7707 "-" "Micro.blog/1.0" 
46.229.168.142 - - [30/May/2020:05:14:01 -0700] "GET /2019/frank-does-building-blocks HTTP/1.1" 200 10422 "-" "Mozilla/5.0 (compatible; SemrushBot/6~bl; +http://www.semrush.com/bot.html)" 
46.229.168.147 - - [30/May/2020:05:15:02 -0700] "GET /content/all/?offset=15&q=%23%2B%23podcast HTTP/1.1" 200 12109 "-" "Mozilla/5.0 (compatible; SemrushBot/6~bl; +http://www.semrush.com/bot.html)" 
75.164.251.69 - - [30/May/2020:05:15:08 -0700] "GET /?_t=rss HTTP/1.1" 200 7400 "-" "Mozilla/5.0 (Windows NT 10.0; Win64; x64; rv:76.0) Gecko/20100101 Firefox/76.0" 
46.229.168.149 - - [30/May/2020:05:15:20 -0700] "GET /content/all/?q=%23%2B%23Fiction HTTP/1.1" 200 8523 "-" "Mozilla/5.0 (compatible; SemrushBot/6~bl; +http://www.semrush.com/bot.html)" 
46.229.168.161 - - [30/May/2020:05:16:06 -0700] "GET /2018/risk-taking HTTP/1.1" 200 9496 "-" "Mozilla/5.0 (compatible; SemrushBot/6~bl; +http://www.semrush.com/bot.html)" 
64.111.100.215 - - [30/May/2020:05:16:52 -0700] "GET /content/all?_t=rss HTTP/1.1" 200 14573 "-" "Mozilla/5.0 (X11; U; Linux i686; fr; rv:1.9.1.1) Gecko/20090715 Firefox/3.5.1" 
46.229.168.137 - - [30/May/2020:05:17:33 -0700] "GET /tag/sourdough?offset=45 HTTP/1.1" 200 11802 "-" "Mozilla/5.0 (compatible; SemrushBot/6~bl; +http://www.semrush.com/bot.html)" 
46.229.168.134 - - [30/May/2020:05:17:50 -0700] "GET /content/events/?q=%23%2B%23blossomsoflight HTTP/1.1" 200 8519 "-" "Mozilla/5.0 (compatible; SemrushBot/6~bl; +http://www.semrush.com/bot.html)" 
75.164.251.69 - - [30/May/2020:05:17:52 -0700] "GET /?_t=rss HTTP/1.1" 200 4221 "-" "Mozilla/5.0 (Windows NT 10.0; Win64; x64; rv:76.0) Gecko/20100101 Firefox/76.0" 
46.229.168.142 - - [30/May/2020:05:19:10 -0700] "GET /2019/spring-is-coming HTTP/1.1" 200 13737 "-" "Mozilla/5.0 (compatible; SemrushBot/6~bl; +http://www.semrush.com/bot.html)" 
114.119.164.86 - - [30/May/2020:05:19:21 -0700] "GET /content/photos?q=%23bread HTTP/1.1" 200 12408 "-" "Mozilla/5.0 (Linux; Android 7.0;) AppleWebKit/537.36 (KHTML, like Gecko) Mobile Safari/537.36 (compatible; PetalBot;+https://aspiegel.com/petalbot)" 
157.55.39.54 - - [30/May/2020:05:19:22 -0700] "GET /file/b82304ab3d5f9577c7eff4b1a05f76ae/igb2g2RH.jpg HTTP/1.1" 200 168944 "-" "Mozilla/5.0 (compatible; bingbot/2.0; +http://www.bing.com/bingbot.htm)" 
46.229.168.161 - - [30/May/2020:05:19:40 -0700] "GET /2019/i-got-to-the-cube-rule-via HTTP/1.1" 200 9588 "-" "Mozilla/5.0 (compatible; SemrushBot/6~bl; +http://www.semrush.com/bot.html)" 
46.229.168.153 - - [30/May/2020:05:19:43 -0700] "GET /content/all/?offset=130 HTTP/1.1" 200 11062 "-" "Mozilla/5.0 (compatible; SemrushBot/6~bl; +http://www.semrush.com/bot.html)" 
96.126.125.129 - - [30/May/2020:05:20:02 -0700] "GET /content/statusupdates/posts/photos/checkins/bookmarkedpages?_t=rss HTTP/1.1" 200 7712 "-" "Micro.blog/1.0" 
46.229.168.134 - - [30/May/2020:05:20:21 -0700] "GET /content/photos/?offset=37&q=%23sourdough HTTP/1.1" 200 11631 "-" "Mozilla/5.0 (compatible; SemrushBot/6~bl; +http://www.semrush.com/bot.html)" 
66.249.64.108 - - [30/May/2020:05:21:01 -0700] "GET /content/all?_t=rss&offset=1997 HTTP/1.1" 200 7094 "-" "Mozilla/5.0 (Linux; Android 6.0.1; Nexus 5X Build/MMB29P) AppleWebKit/537.36 (KHTML, like Gecko) Chrome/80.0.3987.92 Mobile Safari/537.36 (compatible; Googlebot/2.1; +http://www.google.com/bot.html)" 
75.164.251.69 - - [30/May/2020:05:21:08 -0700] "GET /?_t=rss HTTP/1.1" 200 7400 "-" "Mozilla/5.0 (Windows NT 10.0; Win64; x64; rv:76.0) Gecko/20100101 Firefox/76.0" 
46.229.168.130 - - [30/May/2020:05:21:41 -0700] "GET /content/all/?offset=54&q=%23bread HTTP/1.1" 200 12064 "-" "Mozilla/5.0 (compatible; SemrushBot/6~bl; +http://www.semrush.com/bot.html)" 
46.229.168.130 - - [30/May/2020:05:22:01 -0700] "GET /content/all/?offset=55&q=%23%2B%23sourdough HTTP/1.1" 200 9258 "-" "Mozilla/5.0 (compatible; SemrushBot/6~bl; +http://www.semrush.com/bot.html)" 
46.229.168.136 - - [30/May/2020:05:23:11 -0700] "GET /?offset=35&q=%23%2B%23WithKnown HTTP/1.1" 200 11855 "-" "Mozilla/5.0 (compatible; SemrushBot/6~bl; +http://www.semrush.com/bot.html)" 
75.164.251.69 - - [30/May/2020:05:23:43 -0700] "GET /?_t=rss HTTP/1.1" 200 4221 "-" "Mozilla/5.0 (Windows NT 10.0; Win64; x64; rv:76.0) Gecko/20100101 Firefox/76.0" 
46.229.168.133 - - [30/May/2020:05:24:06 -0700] "GET /content/all/?offset=80&q=%23%2B%23bread HTTP/1.1" 200 11720 "-" "Mozilla/5.0 (compatible; SemrushBot/6~bl; +http://www.semrush.com/bot.html)" 
46.229.168.137 - - [30/May/2020:05:24:27 -0700] "GET /2020/you-forgot-to-say-how-bad-it HTTP/1.1" 200 9497 "-" "Mozilla/5.0 (compatible; SemrushBot/6~bl; +http://www.semrush.com/bot.html)" 
96.126.125.129 - - [30/May/2020:05:25:26 -0700] "GET /content/statusupdates/posts/photos/checkins/bookmarkedpages?_t=rss HTTP/1.1" 200 7712 "-" "Micro.blog/1.0" 
46.229.168.145 - - [30/May/2020:05:25:47 -0700] "GET /content/all/?offset=35&q=%23podcast HTTP/1.1" 200 14330 "-" "Mozilla/5.0 (compatible; SemrushBot/6~bl; +http://www.semrush.com/bot.html)" 
46.229.168.150 - - [30/May/2020:05:26:20 -0700] "GET /2018/heh-good-advice-i-do-in-fact HTTP/1.1" 200 9592 "-" "Mozilla/5.0 (compatible; SemrushBot/6~bl; +http://www.semrush.com/bot.html)" 
66.249.64.112 - - [30/May/2020:05:26:24 -0700] "GET /2017/just-for-fun-i-marked-up-my HTTP/1.1" 200 10268 "-" "Mozilla/5.0 (compatible; Googlebot/2.1; +http://www.google.com/bot.html)" 
66.249.64.112 - - [30/May/2020:05:26:27 -0700] "GET /service/web/unfurl/?url=http%3A%2F%2Fwww.fornacalia.com%2F2017%2Fcornbread-for-fornacalia&__bTk=3eec8bcd67b4b2e93a55cf66a2122cd213cc149f334395fc089c9e91fcc562e3&__bTs=1588767473 HTTP/1.1" 403 4624 "https://stream.jeremycherfas.net/2017/just-for-fun-i-marked-up-my" "Mozilla/5.0 AppleWebKit/537.36 (KHTML, like Gecko; compatible; Googlebot/2.1; +http://www.google.com/bot.html) Chrome/81.0.4044.108 Safari/537.36" 
66.249.64.108 - - [30/May/2020:05:26:31 -0700] "GET /file/04cb8f0e3981e6e7552e21b8553fba94 HTTP/1.1" 404 8173 "-" "Googlebot-Image/1.0" 
66.249.64.110 - - [30/May/2020:05:26:32 -0700] "GET /file/5323e86f4819ad962c270ffe7abdb3f4 HTTP/1.1" 404 8173 "-" "Googlebot-Image/1.0" 
75.164.251.69 - - [30/May/2020:05:26:35 -0700] "GET /?_t=rss HTTP/1.1" 200 7400 "-" "Mozilla/5.0 (Windows NT 10.0; Win64; x64; rv:76.0) Gecko/20100101 Firefox/76.0" 
46.229.168.130 - - [30/May/2020:05:27:59 -0700] "GET /2017/implausible-amounts-of-joy HTTP/1.1" 200 9607 "-" "Mozilla/5.0 (compatible; SemrushBot/6~bl; +http://www.semrush.com/bot.html)" 
75.164.251.69 - - [30/May/2020:05:29:36 -0700] "GET /?_t=rss HTTP/1.1" 200 4221 "-" "Mozilla/5.0 (Windows NT 10.0; Win64; x64; rv:76.0) Gecko/20100101 Firefox/76.0" 
46.229.168.146 - - [30/May/2020:05:29:54 -0700] "GET /content/statusupdates/?offset=0&q=%23Indieweb HTTP/1.1" 200 11975 "-" "Mozilla/5.0 (compatible; SemrushBot/6~bl; +http://www.semrush.com/bot.html)" 
103.131.71.98 - - [30/May/2020:05:29:58 -0700] "GET /2019/latest-episode-we-need-to-talk-about-meatnot-arguing-pro HTTP/1.1" 304 3478 "-" "Mozilla/5.0 (compatible; coccocbot-web/1.0; +http://help.coccoc.com/searchengine)" 
46.229.168.154 - - [30/May/2020:05:30:22 -0700] "GET /content/locations/?q=%23Indieweb HTTP/1.1" 200 8499 "-" "Mozilla/5.0 (compatible; SemrushBot/6~bl; +http://www.semrush.com/bot.html)" 
66.249.64.112 - - [30/May/2020:05:30:29 -0700] "GET /content/all?_t=amp&offset=1300 HTTP/1.1" 200 11867 "-" "Mozilla/5.0 (Linux; Android 6.0.1; Nexus 5X Build/MMB29P) AppleWebKit/537.36 (KHTML, like Gecko) Chrome/80.0.3987.92 Mobile Safari/537.36 (compatible; Googlebot/2.1; +http://www.google.com/bot.html)" 
66.249.64.108 - - [30/May/2020:05:30:48 -0700] "GET /view/78c07dee24d9b6e8af90d8204d22c0f2?_t=rss HTTP/1.1" 200 5351 "-" "Mozilla/5.0 (Linux; Android 6.0.1; Nexus 5X Build/MMB29P) AppleWebKit/537.36 (KHTML, like Gecko) Chrome/80.0.3987.92 Mobile Safari/537.36 (compatible; Googlebot/2.1; +http://www.google.com/bot.html)" 
46.229.168.140 - - [30/May/2020:05:31:33 -0700] "GET /2019/we-built-a-legal-facial-recognition-machine-for-60-theoretica HTTP/1.1" 200 9707 "-" "Mozilla/5.0 (compatible; SemrushBot/6~bl; +http://www.semrush.com/bot.html)" 
45.79.26.51 - - [30/May/2020:05:31:41 -0700] "GET /content/statusupdates/posts/photos/checkins/bookmarkedpages?_t=rss HTTP/1.1" 200 7707 "-" "Micro.blog/1.0" 
46.229.168.137 - - [30/May/2020:05:31:55 -0700] "GET /robots.txt HTTP/1.1" 200 4552 "-" "Mozilla/5.0 (compatible; SemrushBot/6~bl; +http://www.semrush.com/bot.html)" 
46.229.168.140 - - [30/May/2020:05:31:56 -0700] "GET /?offset=50&q=%23%2B%23bread HTTP/1.1" 200 12613 "-" "Mozilla/5.0 (compatible; SemrushBot/6~bl; +http://www.semrush.com/bot.html)" 
64.111.100.215 - - [30/May/2020:05:32:07 -0700] "GET /content/all?_t=rss HTTP/1.1" 200 14573 "-" "Mozilla/5.0 (X11; U; Linux i686; fr; rv:1.9.1.1) Gecko/20090715 Firefox/3.5.1" 
75.164.251.69 - - [30/May/2020:05:32:19 -0700] "GET /?_t=rss HTTP/1.1" 200 7400 "-" "Mozilla/5.0 (Windows NT 10.0; Win64; x64; rv:76.0) Gecko/20100101 Firefox/76.0" 
114.119.167.191 - - [30/May/2020:05:32:44 -0700] "GET /tag/+%23podcasting HTTP/1.1" 200 13329 "-" "Mozilla/5.0 (Linux; Android 7.0;) AppleWebKit/537.36 (KHTML, like Gecko) Mobile Safari/537.36 (compatible; PetalBot;+https://aspiegel.com/petalbot)" 
46.229.168.153 - - [30/May/2020:05:32:54 -0700] "GET /content/posts/?q=%23IndieWeb_challenge HTTP/1.1" 200 8512 "-" "Mozilla/5.0 (compatible; SemrushBot/6~bl; +http://www.semrush.com/bot.html)" 
46.229.168.134 - - [30/May/2020:05:33:20 -0700] "GET /2019/i-just-backed-bokeh-private-independent-and HTTP/1.1" 200 9736 "-" "Mozilla/5.0 (compatible; SemrushBot/6~bl; +http://www.semrush.com/bot.html)" 
46.229.168.154 - - [30/May/2020:05:33:26 -0700] "GET /content/statusupdates/?q=%23RSS HTTP/1.1" 200 8495 "-" "Mozilla/5.0 (compatible; SemrushBot/6~bl; +http://www.semrush.com/bot.html)" 
75.164.251.69 - - [30/May/2020:05:34:58 -0700] "GET /?_t=rss HTTP/1.1" 200 4221 "-" "Mozilla/5.0 (Windows NT 10.0; Win64; x64; rv:76.0) Gecko/20100101 Firefox/76.0" 
157.55.39.25 - - [30/May/2020:05:35:07 -0700] "GET /robots.txt HTTP/1.1" 200 2806 "-" "Mozilla/5.0 (compatible; bingbot/2.0; +http://www.bing.com/bingbot.htm)" 
157.55.39.25 - - [30/May/2020:05:35:07 -0700] "GET /robots.txt HTTP/1.1" 200 4613 "-" "Mozilla/5.0 (compatible; bingbot/2.0; +http://www.bing.com/bingbot.htm)" 
207.46.13.182 - - [30/May/2020:05:36:26 -0700] "GET / HTTP/1.1" 200 11973 "-" "Mozilla/5.0 (compatible; bingbot/2.0; +http://www.bing.com/bingbot.htm)" 
46.229.168.152 - - [30/May/2020:05:37:14 -0700] "GET /content/all/?offset=24&q=%23%2B%23podcast HTTP/1.1" 200 12238 "-" "Mozilla/5.0 (compatible; SemrushBot/6~bl; +http://www.semrush.com/bot.html)" 
207.46.13.182 - - [30/May/2020:05:37:30 -0700] "GET /2017/forerunners-of-the-mobile-phone-case-see-explanation-in-second HTTP/1.1" 200 11444 "-" "Mozilla/5.0 (compatible; bingbot/2.0; +http://www.bing.com/bingbot.htm)" 
157.55.39.144 - - [30/May/2020:05:37:41 -0700] "GET /vendor/npm-asset/bootstrap-accessibility-plugin/plugins/css/bootstrap-accessibility.css HTTP/1.1" 200 4338 "-" "Mozilla/5.0 (compatible; bingbot/2.0; +http://www.bing.com/bingbot.htm)" 
207.5.160.195 - - [30/May/2020:05:37:48 -0700] "GET /robots.txt HTTP/1.0" 200 4509 "-" "WF search/Nutch-1.12" 
207.5.160.195 - - [30/May/2020:05:37:48 -0700] "GET /2019/the-houseboats-here-are-a-lot-more-house-than-boat HTTP/1.0" 200 13586 "-" "WF search/Nutch-1.12" 
46.229.168.153 - - [30/May/2020:05:37:51 -0700] "GET /content/all/?offset=51&q=%23%2B%23WithKnown HTTP/1.1" 200 10357 "-" "Mozilla/5.0 (compatible; SemrushBot/6~bl; +http://www.semrush.com/bot.html)" 
157.55.39.144 - - [30/May/2020:05:37:51 -0700] "GET /file/3087563fd89c7b51e6a922289bed0c44/thumb.jpg HTTP/1.1" 200 120832 "-" "Mozilla/5.0 (compatible; bingbot/2.0; +http://www.bing.com/bingbot.htm)" 
46.229.168.148 - - [30/May/2020:05:37:53 -0700] "GET /2018/nature-doesnt-refine-sugar-but-refined-sugar-goes-into-your HTTP/1.1" 200 9655 "-" "Mozilla/5.0 (compatible; SemrushBot/6~bl; +http://www.semrush.com/bot.html)" 
75.164.251.69 - - [30/May/2020:05:38:05 -0700] "GET /?_t=rss HTTP/1.1" 200 7400 "-" "Mozilla/5.0 (Windows NT 10.0; Win64; x64; rv:76.0) Gecko/20100101 Firefox/76.0" 
207.46.13.182 - - [30/May/2020:05:38:07 -0700] "GET /vendor/forkawesome/fork-awesome/css/v5-compat.min.css HTTP/1.1" 200 5933 "-" "Mozilla/5.0 (compatible; bingbot/2.0; +http://www.bing.com/bingbot.htm)" 
157.55.39.54 - - [30/May/2020:05:38:19 -0700] "GET /IdnoPlugins/Checkin/external/leaflet/leaflet.min.css HTTP/1.1" 200 5873 "-" "Mozilla/5.0 (compatible; bingbot/2.0; +http://www.bing.com/bingbot.htm)" 
157.55.39.54 - - [30/May/2020:05:38:20 -0700] "GET /Themes/Solo/css/default.min.css HTTP/1.1" 200 1045 "-" "Mozilla/5.0 (compatible; bingbot/2.0; +http://www.bing.com/bingbot.htm)" 
207.46.13.182 - - [30/May/2020:05:38:23 -0700] "GET /vendor/forkawesome/fork-awesome/fonts/forkawesome-webfont.woff?v=1.1.7 HTTP/1.1" 200 119102 "-" "Mozilla/5.0 (compatible; bingbot/2.0; +http://www.bing.com/bingbot.htm)" 
207.46.13.182 - - [30/May/2020:05:38:26 -0700] "GET /vendor/npm-asset/mediaelement/build/mediaelementplayer.min.css HTTP/1.1" 200 6437 "-" "Mozilla/5.0 (compatible; bingbot/2.0; +http://www.bing.com/bingbot.htm)" 
207.46.13.182 - - [30/May/2020:05:38:27 -0700] "GET /vendor/twbs/bootstrap/dist/css/bootstrap.min.css HTTP/1.1" 200 20777 "-" "Mozilla/5.0 (compatible; bingbot/2.0; +http://www.bing.com/bingbot.htm)" 
114.119.165.105 - - [30/May/2020:05:39:18 -0700] "GET /content/photos?q=%23%2B%23bread&offset=7 HTTP/1.1" 200 12409 "-" "Mozilla/5.0 (Linux; Android 7.0;) AppleWebKit/537.36 (KHTML, like Gecko) Mobile Safari/537.36 (compatible; PetalBot;+https://aspiegel.com/petalbot)" 
17.58.102.79 - - [30/May/2020:05:39:25 -0700] "GET /2019/true-to-my-word-eating-alone-sardines-for-a-solo HTTP/1.1" 200 14759 "-" "Mozilla/5.0 (Macintosh; Intel Mac OS X 10_10_1) AppleWebKit/600.2.5 (KHTML, like Gecko) Version/8.0.2 Safari/600.2.5 (Applebot/0.1; +http://www.apple.com/go/applebot)" 
46.229.168.129 - - [30/May/2020:05:39:46 -0700] "GET /2020/lisalodwick-exciting-indeed-frustrating-that-it-remains HTTP/1.1" 200 10291 "-" "Mozilla/5.0 (compatible; SemrushBot/6~bl; +http://www.semrush.com/bot.html)" 
66.249.64.110 - - [30/May/2020:05:39:57 -0700] "GET /content/all?_t=amp&offset=1966 HTTP/1.1" 200 12082 "-" "Mozilla/5.0 (Linux; Android 6.0.1; Nexus 5X Build/MMB29P) AppleWebKit/537.36 (KHTML, like Gecko) Chrome/80.0.3987.92 Mobile Safari/537.36 (compatible; Googlebot/2.1; +http://www.google.com/bot.html)" 
66.249.64.110 - - [30/May/2020:05:39:57 -0700] "GET /robots.txt HTTP/1.1" 200 4589 "-" "Mozilla/5.0 (compatible; Googlebot/2.1; +http://www.google.com/bot.html)" 
66.249.64.112 - - [30/May/2020:05:40:01 -0700] "GET /service/web/unfurl/?url=http%3A%2F%2Fwww.choicesmagazine.org%2Fchoices-magazine%2Fsubmitted-articles%2Fa-tale-of-two-americas-why-is-that-a-surprise&__bTk=3eec8bcd67b4b2e93a55cf66a2122cd213cc149f334395fc089c9e91fcc562e3&__bTs=1588767473 HTTP/1.1" 403 4683 "https://stream.jeremycherfas.net/content/all?_t=amp&offset=1966" "Mozilla/5.0 (Linux; Android 6.0.1; Nexus 5X Build/MMB29P) AppleWebKit/537.36 (KHTML, like Gecko) Chrome/81.0.4044.108 Mobile Safari/537.36 (compatible; Googlebot/2.1; +http://www.google.com/bot.html)" 
66.249.64.110 - - [30/May/2020:05:40:01 -0700] "GET /service/web/unfurl/?url=http%3A%2F%2Fwww.abc.net.au%2Fnews%2F2017-05-30%2Fwar-on-waste-funding-boost-for-food-rescue-groups-energy-costs%2F8568758&__bTk=3eec8bcd67b4b2e93a55cf66a2122cd213cc149f334395fc089c9e91fcc562e3&__bTs=1588767473 HTTP/1.1" 403 4681 "https://stream.jeremycherfas.net/content/all?_t=amp&offset=1966" "Mozilla/5.0 (Linux; Android 6.0.1; Nexus 5X Build/MMB29P) AppleWebKit/537.36 (KHTML, like Gecko) Chrome/81.0.4044.108 Mobile Safari/537.36 (compatible; Googlebot/2.1; +http://www.google.com/bot.html)" 
172.104.49.79 - - [30/May/2020:05:40:17 -0700] "GET / HTTP/1.1" 304 49824 "https://stream.jeremycherfas.net/" "SimplePie/1.5.3 (Feed Parser; http://simplepie.org; Allow like Gecko) Build/20191230054542" 
172.104.49.79 - - [30/May/2020:05:40:18 -0700] "GET / HTTP/1.1" 200 11641 "https://stream.jeremycherfas.net/" "SimplePie/1.5.3 (Feed Parser; http://simplepie.org; Allow like Gecko) Build/20191230054542" 
46.229.168.154 - - [30/May/2020:05:40:24 -0700] "GET /?offset=73&q=%23IndieWeb HTTP/1.1" 200 13679 "-" "Mozilla/5.0 (compatible; SemrushBot/6~bl; +http://www.semrush.com/bot.html)" 
75.164.251.69 - - [30/May/2020:05:40:40 -0700] "GET /?_t=rss HTTP/1.1" 200 4221 "-" "Mozilla/5.0 (Windows NT 10.0; Win64; x64; rv:76.0) Gecko/20100101 Firefox/76.0" 
157.55.39.224 - - [30/May/2020:05:40:58 -0700] "GET /file/467ddc476c19287335551a19bb818364 HTTP/1.1" 200 10205 "-" "Mozilla/5.0 (compatible; bingbot/2.0; +http://www.bing.com/bingbot.htm)" 
157.55.39.224 - - [30/May/2020:05:41:00 -0700] "GET /vendor/forkawesome/fork-awesome/fonts/forkawesome-webfont.ttf?v=1.1.7 HTTP/1.1" 200 119914 "-" "Mozilla/5.0 (compatible; bingbot/2.0; +http://www.bing.com/bingbot.htm)" 
157.55.39.224 - - [30/May/2020:05:41:01 -0700] "GET /vendor/forkawesome/fork-awesome/fonts/forkawesome-webfont.woff2?v=1.1.7 HTTP/1.1" 200 92205 "-" "Mozilla/5.0 (compatible; bingbot/2.0; +http://www.bing.com/bingbot.htm)" 
157.55.39.224 - - [30/May/2020:05:41:03 -0700] "GET /vendor/npm-asset/bootstrap-toggle/css/bootstrap-toggle.min.css HTTP/1.1" 200 1061 "-" "Mozilla/5.0 (compatible; bingbot/2.0; +http://www.bing.com/bingbot.htm)" 
46.229.168.136 - - [30/May/2020:05:41:04 -0700] "GET /2018/once-again-thanks-to-cn-for-alerting HTTP/1.1" 200 9970 "-" "Mozilla/5.0 (compatible; SemrushBot/6~bl; +http://www.semrush.com/bot.html)" 
96.126.125.129 - - [30/May/2020:05:41:22 -0700] "GET /content/statusupdates/posts/photos/checkins/bookmarkedpages?_t=rss HTTP/1.1" 200 7712 "-" "Micro.blog/1.0" 
46.229.168.150 - - [30/May/2020:05:42:11 -0700] "GET /2017/googles-early-warning-of-the-rise-of-trump-cultureby-grant HTTP/1.1" 200 9789 "-" "Mozilla/5.0 (compatible; SemrushBot/6~bl; +http://www.semrush.com/bot.html)" 
167.99.111.28 - - [30/May/2020:05:42:22 -0700] "GET /?_t=rss HTTP/1.1" 304 3475 "-" "Feedbin feed-id:1536727 - 1 subscribers" 
46.229.168.148 - - [30/May/2020:05:43:06 -0700] "GET /content/all/?offset=100&q=%23Indieweb HTTP/1.1" 200 14336 "-" "Mozilla/5.0 (compatible; SemrushBot/6~bl; +http://www.semrush.com/bot.html)" 
75.164.251.69 - - [30/May/2020:05:43:30 -0700] "GET /?_t=rss HTTP/1.1" 200 7400 "-" "Mozilla/5.0 (Windows NT 10.0; Win64; x64; rv:76.0) Gecko/20100101 Firefox/76.0" 
46.229.168.134 - - [30/May/2020:05:43:37 -0700] "GET /2018/just-another-saturday-morning-at-the-urban-homestead-making-cheese HTTP/1.1" 200 12362 "-" "Mozilla/5.0 (compatible; SemrushBot/6~bl; +http://www.semrush.com/bot.html)" 
46.229.168.143 - - [30/May/2020:05:43:37 -0700] "GET /robots.txt HTTP/1.1" 200 4576 "-" "Mozilla/5.0 (compatible; SemrushBot/6~bl; +http://www.semrush.com/bot.html)" 
46.229.168.130 - - [30/May/2020:05:43:37 -0700] "GET /2018/kudos-to-rosenblawg-and-bryce-stucki-for HTTP/1.1" 200 10412 "-" "Mozilla/5.0 (compatible; SemrushBot/6~bl; +http://www.semrush.com/bot.html)" 
46.229.168.138 - - [30/May/2020:05:44:01 -0700] "GET /?offset=11&q=%23%2B%23food HTTP/1.1" 200 12313 "-" "Mozilla/5.0 (compatible; SemrushBot/6~bl; +http://www.semrush.com/bot.html)" 
157.55.39.54 - - [30/May/2020:05:44:17 -0700] "GET /file/db6f0bd527412af9be68bf111720d8db HTTP/1.1" 200 12461 "-" "Mozilla/5.0 (compatible; bingbot/2.0; +http://www.bing.com/bingbot.htm)" 
46.229.168.150 - - [30/May/2020:05:45:39 -0700] "GET /content/photos?offset=150 HTTP/1.1" 200 11103 "-" "Mozilla/5.0 (compatible; SemrushBot/6~bl; +http://www.semrush.com/bot.html)" 
114.119.162.106 - - [30/May/2020:05:45:50 -0700] "GET /tag/withknown?offset=30 HTTP/1.1" 200 13357 "-" "Mozilla/5.0 (Linux; Android 7.0;) AppleWebKit/537.36 (KHTML, like Gecko) Mobile Safari/537.36 (compatible; PetalBot;+https://aspiegel.com/petalbot)" 
75.164.251.69 - - [30/May/2020:05:46:06 -0700] "GET /?_t=rss HTTP/1.1" 200 4221 "-" "Mozilla/5.0 (Windows NT 10.0; Win64; x64; rv:76.0) Gecko/20100101 Firefox/76.0" 
46.229.168.129 - - [30/May/2020:05:46:31 -0700] "GET /?offset=12&q=%23sourdough HTTP/1.1" 200 12283 "-" "Mozilla/5.0 (compatible; SemrushBot/6~bl; +http://www.semrush.com/bot.html)" 
46.229.168.133 - - [30/May/2020:05:46:40 -0700] "GET /content/rsvp/?q=%23cooking HTTP/1.1" 200 8490 "-" "Mozilla/5.0 (compatible; SemrushBot/6~bl; +http://www.semrush.com/bot.html)" 
64.111.100.215 - - [30/May/2020:05:47:21 -0700] "GET /content/all?_t=rss HTTP/1.1" 200 14573 "-" "Mozilla/5.0 (X11; U; Linux i686; fr; rv:1.9.1.1) Gecko/20090715 Firefox/3.5.1" 
75.164.251.69 - - [30/May/2020:05:49:13 -0700] "GET /?_t=rss HTTP/1.1" 200 7400 "-" "Mozilla/5.0 (Windows NT 10.0; Win64; x64; rv:76.0) Gecko/20100101 Firefox/76.0" 
207.46.13.182 - - [30/May/2020:05:49:20 -0700] "GET /2019/checked-into-stazione-roma-trastevere HTTP/1.1" 200 9810 "-" "Mozilla/5.0 (compatible; bingbot/2.0; +http://www.bing.com/bingbot.htm)" 
66.249.64.112 - - [30/May/2020:05:49:25 -0700] "GET /content/all/?q=%23+%23%23bread&offset=67 HTTP/1.1" 200 12387 "-" "Mozilla/5.0 (Linux; Android 6.0.1; Nexus 5X Build/MMB29P) AppleWebKit/537.36 (KHTML, like Gecko) Chrome/80.0.3987.92 Mobile Safari/537.36 (compatible; Googlebot/2.1; +http://www.google.com/bot.html)" 
46.229.168.135 - - [30/May/2020:05:49:29 -0700] "GET /?offset=150 HTTP/1.1" 200 11954 "-" "Mozilla/5.0 (compatible; SemrushBot/6~bl; +http://www.semrush.com/bot.html)" 
157.55.39.54 - - [30/May/2020:05:49:53 -0700] "GET /file/a88eca4095851780e3ad69c5e00483e6/igD80uwi.jpg HTTP/1.1" 200 149979 "-" "Mozilla/5.0 (compatible; bingbot/2.0; +http://www.bing.com/bingbot.htm)" 
46.229.168.152 - - [30/May/2020:05:51:06 -0700] "GET /?offset=18&q=%23WithKnown HTTP/1.1" 200 13247 "-" "Mozilla/5.0 (compatible; SemrushBot/6~bl; +http://www.semrush.com/bot.html)" 
46.229.168.162 - - [30/May/2020:05:51:18 -0700] "GET /content/all/?offset=4&q=%23Sourdough HTTP/1.1" 200 12301 "-" "Mozilla/5.0 (compatible; SemrushBot/6~bl; +http://www.semrush.com/bot.html)" 
75.164.251.69 - - [30/May/2020:05:52:02 -0700] "GET /?_t=rss HTTP/1.1" 200 4221 "-" "Mozilla/5.0 (Windows NT 10.0; Win64; x64; rv:76.0) Gecko/20100101 Firefox/76.0" 
66.249.64.108 - - [30/May/2020:05:52:15 -0700] "GET /2017/just-for-fun-i-marked-up-my HTTP/1.1" 200 10273 "-" "Mozilla/5.0 (Linux; Android 6.0.1; Nexus 5X Build/MMB29P) AppleWebKit/537.36 (KHTML, like Gecko) Chrome/80.0.3987.92 Mobile Safari/537.36 (compatible; Googlebot/2.1; +http://www.google.com/bot.html)" 
46.229.168.162 - - [30/May/2020:05:52:18 -0700] "GET /content/photos/?offset=33&q=%23Sourdough HTTP/1.1" 200 11495 "-" "Mozilla/5.0 (compatible; SemrushBot/6~bl; +http://www.semrush.com/bot.html)" 
66.249.64.110 - - [30/May/2020:05:52:20 -0700] "GET /service/web/unfurl/?url=http%3A%2F%2Fwww.fornacalia.com%2F2017%2Fcornbread-for-fornacalia&__bTk=910528643d34fe7ea5f417dffe76dc19f653c6a4d3fc32402c20343d9a787e1d&__bTs=1588868946 HTTP/1.1" 403 4624 "https://stream.jeremycherfas.net/2017/just-for-fun-i-marked-up-my" "Mozilla/5.0 (Linux; Android 6.0.1; Nexus 5X Build/MMB29P) AppleWebKit/537.36 (KHTML, like Gecko) Chrome/81.0.4044.108 Mobile Safari/537.36 (compatible; Googlebot/2.1; +http://www.google.com/bot.html)" 
66.249.64.108 - - [30/May/2020:05:52:20 -0700] "GET /service/web/unfurl/?url=http%3A%2F%2Fwww.fornacalia.com%2F2017%2Fcornbread-for-fornacalia&__bTk=910528643d34fe7ea5f417dffe76dc19f653c6a4d3fc32402c20343d9a787e1d&__bTs=1588868946 HTTP/1.1" 403 4624 "https://stream.jeremycherfas.net/2017/just-for-fun-i-marked-up-my" "Mozilla/5.0 (Linux; Android 6.0.1; Nexus 5X Build/MMB29P) AppleWebKit/537.36 (KHTML, like Gecko) Chrome/81.0.4044.108 Mobile Safari/537.36 (compatible; Googlebot/2.1; +http://www.google.com/bot.html)" 
46.229.168.148 - - [30/May/2020:05:52:21 -0700] "GET /content/locations/?q=%23%2B%23showusyourfuckedloaves HTTP/1.1" 200 8542 "-" "Mozilla/5.0 (compatible; SemrushBot/6~bl; +http://www.semrush.com/bot.html)" 
114.119.160.143 - - [30/May/2020:05:52:25 -0700] "GET /content/all?q=%23IndieWeb_challenge HTTP/1.1" 200 8892 "-" "Mozilla/5.0 (Linux; Android 7.0;) AppleWebKit/537.36 (KHTML, like Gecko) Mobile Safari/537.36 (compatible; PetalBot;+https://aspiegel.com/petalbot)" 
46.229.168.131 - - [30/May/2020:05:52:38 -0700] "GET /2019/galileo-and-failure---all-this HTTP/1.1" 200 10037 "-" "Mozilla/5.0 (compatible; SemrushBot/6~bl; +http://www.semrush.com/bot.html)" 
66.249.64.180 - - [30/May/2020:05:54:04 -0700] "GET /service/web/unfurl/?url=https%3A%2F%2Fboffosocko.com%2F2019%2F12%2F04%2Fwhat-happened-to-tagging-jstor-daily%2F&__bTk=92690759ac6e19185e55b27d2d3139cc4a0b6fe178e07f3632ad7d6baf8f6752&__bTs=1588639586 HTTP/1.1" 403 4803 "https://www.stream.jeremycherfas.net/content/all/?offset=91" "Mozilla/5.0 (Linux; Android 6.0.1; Nexus 5X Build/MMB29P) AppleWebKit/537.36 (KHTML, like Gecko) Chrome/81.0.4044.108 Mobile Safari/537.36 (compatible; Googlebot/2.1; +http://www.google.com/bot.html)" 
66.249.64.178 - - [30/May/2020:05:54:04 -0700] "GET /service/web/unfurl/?url=https%3A%2F%2Fdesmondrivet.com%2F2019%2F12%2F08%2Fintro-to-indie-web&__bTk=92690759ac6e19185e55b27d2d3139cc4a0b6fe178e07f3632ad7d6baf8f6752&__bTs=1588639586 HTTP/1.1" 403 4784 "https://www.stream.jeremycherfas.net/content/all/?offset=91" "Mozilla/5.0 (Linux; Android 6.0.1; Nexus 5X Build/MMB29P) AppleWebKit/537.36 (KHTML, like Gecko) Chrome/81.0.4044.108 Mobile Safari/537.36 (compatible; Googlebot/2.1; +http://www.google.com/bot.html)" 
66.249.64.176 - - [30/May/2020:05:54:05 -0700] "GET /service/web/unfurl/?url=https%3A%2F%2Fdesmondrivet.com%2F2019%2F12%2F08%2Fintro-to-indie-web&__bTk=92690759ac6e19185e55b27d2d3139cc4a0b6fe178e07f3632ad7d6baf8f6752&__bTs=1588639586 HTTP/1.1" 403 4784 "https://www.stream.jeremycherfas.net/content/all/?offset=91" "Mozilla/5.0 (Linux; Android 6.0.1; Nexus 5X Build/MMB29P) AppleWebKit/537.36 (KHTML, like Gecko) Chrome/81.0.4044.108 Mobile Safari/537.36 (compatible; Googlebot/2.1; +http://www.google.com/bot.html)" 
75.164.251.69 - - [30/May/2020:05:55:07 -0700] "GET /?_t=rss HTTP/1.1" 200 7400 "-" "Mozilla/5.0 (Windows NT 10.0; Win64; x64; rv:76.0) Gecko/20100101 Firefox/76.0" 
46.229.168.154 - - [30/May/2020:05:56:03 -0700] "GET /2018/fogknife-i-must-become-anti-republican-to-remain-pro-humanity-6-minute HTTP/1.1" 200 9704 "-" "Mozilla/5.0 (compatible; SemrushBot/6~bl; +http://www.semrush.com/bot.html)" 
46.229.168.153 - - [30/May/2020:05:57:15 -0700] "GET /content/all/?q=%23%2B%23indieweb HTTP/1.1" 200 14999 "-" "Mozilla/5.0 (compatible; SemrushBot/6~bl; +http://www.semrush.com/bot.html)" 
46.229.168.146 - - [30/May/2020:05:58:15 -0700] "GET /?offset=38&q=%23WithKnown HTTP/1.1" 200 11528 "-" "Mozilla/5.0 (compatible; SemrushBot/6~bl; +http://www.semrush.com/bot.html)" 
46.229.168.143 - - [30/May/2020:05:58:42 -0700] "GET /2020/incredible-secret-firefighting-mission-saves-famous-dinosaur-trees HTTP/1.1" 200 9647 "-" "Mozilla/5.0 (compatible; SemrushBot/6~bl; +http://www.semrush.com/bot.html)" 
66.249.64.108 - - [30/May/2020:05:58:53 -0700] "GET /content/all?offset=1399&_t=rss HTTP/1.1" 200 7517 "-" "Mozilla/5.0 (Linux; Android 6.0.1; Nexus 5X Build/MMB29P) AppleWebKit/537.36 (KHTML, like Gecko) Chrome/80.0.3987.92 Mobile Safari/537.36 (compatible; Googlebot/2.1; +http://www.google.com/bot.html)" 
114.119.165.37 - - [30/May/2020:05:58:55 -0700] "GET /content/photos?q=%23sourdough&offset=10 HTTP/1.1" 200 12177 "-" "Mozilla/5.0 (Linux; Android 7.0;) AppleWebKit/537.36 (KHTML, like Gecko) Mobile Safari/537.36 (compatible; PetalBot;+https://aspiegel.com/petalbot)" 
46.229.168.136 - - [30/May/2020:05:59:03 -0700] "GET /content/all/?offset=41&q=%23%2B%23food HTTP/1.1" 200 12146 "-" "Mozilla/5.0 (compatible; SemrushBot/6~bl; +http://www.semrush.com/bot.html)" 
46.229.168.145 - - [30/May/2020:05:59:28 -0700] "GET /content/locations/?q=%23seeded HTTP/1.1" 200 8525 "-" "Mozilla/5.0 (compatible; SemrushBot/6~bl; +http://www.semrush.com/bot.html)" 
46.229.168.140 - - [30/May/2020:06:00:42 -0700] "GET /content/photos/?offset=15&q=%23bread HTTP/1.1" 200 12433 "-" "Mozilla/5.0 (compatible; SemrushBot/6~bl; +http://www.semrush.com/bot.html)" 
34.228.23.246 - - [30/May/2020:06:00:43 -0700] "GET /?_t=rss HTTP/1.1" 200 7363 "-" "glitch-feeder/1.0 (+https://glitch.com/~lmo-feeder)" 
46.229.168.143 - - [30/May/2020:06:00:57 -0700] "GET /content/all/?offset=22&q=%23Sourdough HTTP/1.1" 200 11953 "-" "Mozilla/5.0 (compatible; SemrushBot/6~bl; +http://www.semrush.com/bot.html)" 
46.229.168.144 - - [30/May/2020:06:01:11 -0700] "GET /content/all/?offset=39&q=%23WithKnown HTTP/1.1" 200 11729 "-" "Mozilla/5.0 (compatible; SemrushBot/6~bl; +http://www.semrush.com/bot.html)" 
64.111.100.215 - - [30/May/2020:06:02:29 -0700] "GET /content/all?_t=rss HTTP/1.1" 200 14573 "-" "Mozilla/5.0 (X11; U; Linux i686; fr; rv:1.9.1.1) Gecko/20090715 Firefox/3.5.1" 
46.229.168.147 - - [30/May/2020:06:02:37 -0700] "GET /?offset=22&q=%23Sourdough HTTP/1.1" 200 11854 "-" "Mozilla/5.0 (compatible; SemrushBot/6~bl; +http://www.semrush.com/bot.html)" 
46.229.168.149 - - [30/May/2020:06:03:42 -0700] "GET /2018/twitter-weirdness-ability-to-follow-links-seems HTTP/1.1" 200 9688 "-" "Mozilla/5.0 (compatible; SemrushBot/6~bl; +http://www.semrush.com/bot.html)" 
66.249.64.112 - - [30/May/2020:06:04:13 -0700] "GET /vendor/twbs/bootstrap/dist/css/bootstrap.min.css HTTP/1.1" 200 24094 "https://stream.jeremycherfas.net/?q=%23+%23%23bread&offset=10" "Mozilla/5.0 (Linux; Android 6.0.1; Nexus 5X Build/MMB29P) AppleWebKit/537.36 (KHTML, like Gecko) Chrome/81.0.4044.108 Mobile Safari/537.36 (compatible; Googlebot/2.1; +http://www.google.com/bot.html)" 
46.229.168.151 - - [30/May/2020:06:04:17 -0700] "GET /content/photos/?offset=180 HTTP/1.1" 200 11347 "-" "Mozilla/5.0 (compatible; SemrushBot/6~bl; +http://www.semrush.com/bot.html)" 
96.126.125.129 - - [30/May/2020:06:05:33 -0700] "GET /content/statusupdates/posts/photos/checkins/bookmarkedpages?_t=rss HTTP/1.1" 200 7712 "-" "Micro.blog/1.0" 
114.119.160.61 - - [30/May/2020:06:05:34 -0700] "GET /tag/bread?offset=86 HTTP/1.1" 200 9350 "-" "Mozilla/5.0 (Linux; Android 7.0;) AppleWebKit/537.36 (KHTML, like Gecko) Mobile Safari/537.36 (compatible; PetalBot;+https://aspiegel.com/petalbot)" 
51.79.31.213 - - [30/May/2020:06:07:12 -0700] "GET /robots.txt HTTP/1.1" 200 4552 "-" "-" 
51.79.31.213 - - [30/May/2020:06:07:12 -0700] "GET /2018/i-noticed-that-my-like-of-this HTTP/1.1" 200 11068 "-" "Mozilla/5.0 (compatible; Cocolyzebot/1.0; https://cocolyze.com/bot)" 
51.79.31.213 - - [30/May/2020:06:07:12 -0700] "GET /vendor/npm-asset/jquery/dist/jquery.min.js HTTP/1.1" 200 32009 "https://stream.jeremycherfas.net/2018/i-noticed-that-my-like-of-this" "Mozilla/5.0 (compatible; Cocolyzebot/1.0; https://cocolyze.com/bot)" 
51.79.31.213 - - [30/May/2020:06:07:13 -0700] "GET /vendor/twbs/bootstrap/dist/js/bootstrap.min.js HTTP/1.1" 200 11773 "https://stream.jeremycherfas.net/2018/i-noticed-that-my-like-of-this" "Mozilla/5.0 (compatible; Cocolyzebot/1.0; https://cocolyze.com/bot)" 
51.79.31.213 - - [30/May/2020:06:07:13 -0700] "GET /vendor/npm-asset/bootstrap-accessibility-plugin/plugins/js/bootstrap-accessibility.min.js HTTP/1.1" 200 4813 "https://stream.jeremycherfas.net/2018/i-noticed-that-my-like-of-this" "Mozilla/5.0 (compatible; Cocolyzebot/1.0; https://cocolyze.com/bot)" 
