5.124.231.11 - - [30/May/2020:10:26:47 -0700] "GET /content/all/ HTTP/1.1" 200 11481 "-" "dcrawl/1.0" 
5.124.231.11 - - [30/May/2020:10:26:48 -0700] "GET / HTTP/1.1" 200 11453 "-" "dcrawl/1.0" 
45.79.26.51 - - [30/May/2020:10:29:04 -0700] "GET /content/statusupdates/posts/photos/checkins/bookmarkedpages?_t=rss HTTP/1.1" 200 7647 "-" "Micro.blog/1.0" 
46.229.168.132 - - [30/May/2020:10:30:35 -0700] "GET /content/all?offset=140 HTTP/1.1" 200 11779 "-" "Mozilla/5.0 (compatible; SemrushBot/6~bl; +http://www.semrush.com/bot.html)" 
46.229.168.153 - - [30/May/2020:10:31:07 -0700] "GET /2020/thanks-to-kicks-condor-i-too-have HTTP/1.1" 200 10074 "-" "Mozilla/5.0 (compatible; SemrushBot/6~bl; +http://www.semrush.com/bot.html)" 
46.229.168.144 - - [30/May/2020:10:31:18 -0700] "GET /content/photos/?offset=0&q=%23%2B%23leaven HTTP/1.1" 200 12628 "-" "Mozilla/5.0 (compatible; SemrushBot/6~bl; +http://www.semrush.com/bot.html)" 
46.229.168.139 - - [30/May/2020:10:31:48 -0700] "GET /?q=%23%2B%23photo HTTP/1.1" 200 12853 "-" "Mozilla/5.0 (compatible; SemrushBot/6~bl; +http://www.semrush.com/bot.html)" 
114.119.166.46 - - [30/May/2020:10:32:00 -0700] "GET /tag/testtag HTTP/1.1" 200 9241 "-" "Mozilla/5.0 (Linux; Android 7.0;) AppleWebKit/537.36 (KHTML, like Gecko) Mobile Safari/537.36 (compatible; PetalBot;+https://aspiegel.com/petalbot)" 
46.229.168.145 - - [30/May/2020:10:32:20 -0700] "GET /content/all/?offset=120&q=%23IndieWeb HTTP/1.1" 200 11729 "-" "Mozilla/5.0 (compatible; SemrushBot/6~bl; +http://www.semrush.com/bot.html)" 
46.229.168.140 - - [30/May/2020:10:32:32 -0700] "GET /content/photos/?offset=2&q=%23%2B%23bread HTTP/1.1" 200 12305 "-" "Mozilla/5.0 (compatible; SemrushBot/6~bl; +http://www.semrush.com/bot.html)" 
66.249.66.44 - - [30/May/2020:10:33:26 -0700] "GET /view/6ee12afec433f9e0833011202b0fa675 HTTP/1.1" 200 9608 "-" "Mozilla/5.0 (Linux; Android 6.0.1; Nexus 5X Build/MMB29P) AppleWebKit/537.36 (KHTML, like Gecko) Chrome/80.0.3987.92 Mobile Safari/537.36 (compatible; Googlebot/2.1; +http://www.google.com/bot.html)" 
66.249.66.46 - - [30/May/2020:10:33:29 -0700] "GET /service/web/unfurl/?url=https%3A%2F%2Fopen.spotify.com%2Ftrack%2F4t2efW7DxJCeSDfW8ah2xY%3Fsi%3DGAPclbvoS_6bblmoCcEsTg&__bTk=3eec8bcd67b4b2e93a55cf66a2122cd213cc149f334395fc089c9e91fcc562e3&__bTs=1588767473 HTTP/1.1" 403 4652 "https://stream.jeremycherfas.net/view/6ee12afec433f9e0833011202b0fa675" "Mozilla/5.0 (Linux; Android 6.0.1; Nexus 5X Build/MMB29P) AppleWebKit/537.36 (KHTML, like Gecko) Chrome/81.0.4044.108 Mobile Safari/537.36 (compatible; Googlebot/2.1; +http://www.google.com/bot.html)" 
46.229.168.136 - - [30/May/2020:10:33:50 -0700] "GET /tag/sourdough?offset=4 HTTP/1.1" 200 12243 "-" "Mozilla/5.0 (compatible; SemrushBot/6~bl; +http://www.semrush.com/bot.html)" 
167.172.219.142 - - [30/May/2020:10:34:24 -0700] "GET /?_t=rss HTTP/1.1" 304 3475 "-" "Feedbin feed-id:1536727 - 1 subscribers" 
45.79.26.51 - - [30/May/2020:10:35:13 -0700] "GET /content/statusupdates/posts/photos/checkins/bookmarkedpages?_t=rss HTTP/1.1" 200 7647 "-" "Micro.blog/1.0" 
157.55.39.144 - - [30/May/2020:10:35:18 -0700] "GET /gfx/users/default-00.png HTTP/1.1" 200 9115 "-" "Mozilla/5.0 (compatible; bingbot/2.0; +http://www.bing.com/bingbot.htm)" 
46.229.168.163 - - [30/May/2020:10:35:40 -0700] "GET /2017/you-mention-soundcloud-which-a-lot-of-people-including-podcasters HTTP/1.1" 200 11790 "-" "Mozilla/5.0 (compatible; SemrushBot/6~bl; +http://www.semrush.com/bot.html)" 
64.111.100.215 - - [30/May/2020:10:36:17 -0700] "GET /content/all?_t=rss HTTP/1.1" 200 14451 "-" "Mozilla/5.0 (X11; U; Linux i686; fr; rv:1.9.1.1) Gecko/20090715 Firefox/3.5.1" 
157.55.39.224 - - [30/May/2020:10:36:37 -0700] "GET /tag/IndieWeb?_t=rss HTTP/1.1" 200 10158 "-" "Mozilla/5.0 (compatible; bingbot/2.0; +http://www.bing.com/bingbot.htm)" 
46.229.168.138 - - [30/May/2020:10:36:49 -0700] "GET /2019/another-day-another-roof-terrace HTTP/1.1" 200 11976 "-" "Mozilla/5.0 (compatible; SemrushBot/6~bl; +http://www.semrush.com/bot.html)" 
46.229.168.131 - - [30/May/2020:10:36:58 -0700] "GET /2020/fietsen-naar-werk-seblog HTTP/1.1" 200 9469 "-" "Mozilla/5.0 (compatible; SemrushBot/6~bl; +http://www.semrush.com/bot.html)" 
46.229.168.138 - - [30/May/2020:10:37:27 -0700] "GET /content/bookmarkedpages/?q=%23igbreadclub HTTP/1.1" 200 8518 "-" "Mozilla/5.0 (compatible; SemrushBot/6~bl; +http://www.semrush.com/bot.html)" 
114.119.165.37 - - [30/May/2020:10:37:53 -0700] "GET /tag/bread?offset=80 HTTP/1.1" 200 11430 "-" "Mozilla/5.0 (Linux; Android 7.0;) AppleWebKit/537.36 (KHTML, like Gecko) Mobile Safari/537.36 (compatible; PetalBot;+https://aspiegel.com/petalbot)" 
46.229.168.142 - - [30/May/2020:10:37:57 -0700] "GET /2017/yes-all-being-well-i-will-connect HTTP/1.1" 200 9548 "-" "Mozilla/5.0 (compatible; SemrushBot/6~bl; +http://www.semrush.com/bot.html)" 
46.229.168.141 - - [30/May/2020:10:38:21 -0700] "GET /2017/what-is-dropbox-actually-doing-when-it-is-indexing-why HTTP/1.1" 200 10636 "-" "Mozilla/5.0 (compatible; SemrushBot/6~bl; +http://www.semrush.com/bot.html)" 
46.229.168.151 - - [30/May/2020:10:38:36 -0700] "GET /tag/igbreadclub HTTP/1.1" 200 10162 "-" "Mozilla/5.0 (compatible; SemrushBot/6~bl; +http://www.semrush.com/bot.html)" 
46.229.168.145 - - [30/May/2020:10:39:35 -0700] "GET /content/events/?q=%23opencollective HTTP/1.1" 200 8506 "-" "Mozilla/5.0 (compatible; SemrushBot/6~bl; +http://www.semrush.com/bot.html)" 
46.229.168.136 - - [30/May/2020:10:41:27 -0700] "GET /2019/usk HTTP/1.1" 200 13091 "-" "Mozilla/5.0 (compatible; SemrushBot/6~bl; +http://www.semrush.com/bot.html)" 
45.79.26.51 - - [30/May/2020:10:42:02 -0700] "GET /content/statusupdates/posts/photos/checkins/bookmarkedpages?_t=rss HTTP/1.1" 200 7647 "-" "Micro.blog/1.0" 
46.229.168.150 - - [30/May/2020:10:42:48 -0700] "GET /content/bookmarkedpages/?q=%23Food_history HTTP/1.1" 200 8522 "-" "Mozilla/5.0 (compatible; SemrushBot/6~bl; +http://www.semrush.com/bot.html)" 
66.249.66.44 - - [30/May/2020:10:42:54 -0700] "GET /?q=%23Sourdough&offset=36&_t=rss HTTP/1.1" 200 7831 "-" "Mozilla/5.0 (Linux; Android 6.0.1; Nexus 5X Build/MMB29P) AppleWebKit/537.36 (KHTML, like Gecko) Chrome/80.0.3987.92 Mobile Safari/537.36 (compatible; Googlebot/2.1; +http://www.google.com/bot.html)" 
46.229.168.142 - - [30/May/2020:10:42:57 -0700] "GET /content/photos/?q=%23Rye HTTP/1.1" 200 12373 "-" "Mozilla/5.0 (compatible; SemrushBot/6~bl; +http://www.semrush.com/bot.html)" 
46.229.168.129 - - [30/May/2020:10:43:04 -0700] "GET /content/audio/?q=%23%2B%23showusyourfuckedloaves HTTP/1.1" 200 8535 "-" "Mozilla/5.0 (compatible; SemrushBot/6~bl; +http://www.semrush.com/bot.html)" 
114.119.166.46 - - [30/May/2020:10:43:45 -0700] "GET /tag/Sourdough?offset=45 HTTP/1.1" 200 11600 "-" "Mozilla/5.0 (Linux; Android 7.0;) AppleWebKit/537.36 (KHTML, like Gecko) Mobile Safari/537.36 (compatible; PetalBot;+https://aspiegel.com/petalbot)" 
46.229.168.129 - - [30/May/2020:10:44:08 -0700] "GET /content/photos/?offset=47&q=%23%2B%23%23bread HTTP/1.1" 200 11800 "-" "Mozilla/5.0 (compatible; SemrushBot/6~bl; +http://www.semrush.com/bot.html)" 
157.55.39.144 - - [30/May/2020:10:44:34 -0700] "GET /2018/cn-re-ownyourgram-im-all-set-up HTTP/1.1" 200 10280 "-" "Mozilla/5.0 (compatible; bingbot/2.0; +http://www.bing.com/bingbot.htm)" 
46.229.168.139 - - [30/May/2020:10:45:14 -0700] "GET /?offset=56&q=%23indieweb HTTP/1.1" 200 12694 "-" "Mozilla/5.0 (compatible; SemrushBot/6~bl; +http://www.semrush.com/bot.html)" 
181.114.102.153 - - [30/May/2020:10:45:16 -0700] "GET /file/ef801e05730eba56004c5b712ad84731/thumb.jpg HTTP/1.1" 200 26040 "https://desmondrivet.com/tags/indieweb" "Mozilla/5.0 (Linux; Android 10; Nokia 7.1) AppleWebKit/537.36 (KHTML, like Gecko) Chrome/81.0.4044.138 Mobile Safari/537.36" 
99.203.46.50 - - [30/May/2020:10:45:19 -0700] "GET /file/c3ba9d2deb9186c23dbea70e64111274/thumb.jpg HTTP/1.1" 200 125160 "https://www.google.com/" "Mozilla/5.0 (Linux; Android 10; SM-G988U) AppleWebKit/537.36 (KHTML, like Gecko) Chrome/83.0.4103.60 Mobile Safari/537.36" 
192.0.189.219 - - [30/May/2020:10:45:21 -0700] "GET /file/4b12063b799bd51129a19e40c518f8e2/B780261F-8CFC-48B3-A792-FFF2693065C1.jpeg HTTP/1.1" 200 638387 "https://www.google.com/" "Mozilla/5.0 (Windows NT 10.0; Win64; x64) AppleWebKit/537.36 (KHTML, like Gecko) Chrome/83.0.4103.61 Safari/537.36" 
46.229.168.132 - - [30/May/2020:10:45:33 -0700] "GET /tag/bread?offset=60 HTTP/1.1" 200 11908 "-" "Mozilla/5.0 (compatible; SemrushBot/6~bl; +http://www.semrush.com/bot.html)" 
46.229.168.140 - - [30/May/2020:10:45:50 -0700] "GET /2018/-why-isnt-anyone-marketing-podcasts-correctly HTTP/1.1" 200 9689 "-" "Mozilla/5.0 (compatible; SemrushBot/6~bl; +http://www.semrush.com/bot.html)" 
45.79.26.51 - - [30/May/2020:10:45:57 -0700] "GET /content/statusupdates/posts/photos/checkins/bookmarkedpages?_t=rss HTTP/1.1" 200 7647 "-" "Micro.blog/1.0" 
46.229.168.147 - - [30/May/2020:10:46:41 -0700] "GET /?offset=22&q=%23%2B%23podcast HTTP/1.1" 200 12467 "-" "Mozilla/5.0 (compatible; SemrushBot/6~bl; +http://www.semrush.com/bot.html)" 
46.229.168.152 - - [30/May/2020:10:47:07 -0700] "GET /tag/leaven?offset=0 HTTP/1.1" 200 12732 "-" "Mozilla/5.0 (compatible; SemrushBot/6~bl; +http://www.semrush.com/bot.html)" 
46.229.168.145 - - [30/May/2020:10:48:33 -0700] "GET /content/photos/?offset=9&q=%23leaven HTTP/1.1" 200 8992 "-" "Mozilla/5.0 (compatible; SemrushBot/6~bl; +http://www.semrush.com/bot.html)" 
46.229.168.138 - - [30/May/2020:10:48:53 -0700] "GET /2018/the-only-way-is-ethics HTTP/1.1" 200 9541 "-" "Mozilla/5.0 (compatible; SemrushBot/6~bl; +http://www.semrush.com/bot.html)" 
46.229.168.130 - - [30/May/2020:10:48:59 -0700] "GET /2019/art-1 HTTP/1.1" 200 13240 "-" "Mozilla/5.0 (compatible; SemrushBot/6~bl; +http://www.semrush.com/bot.html)" 
114.119.165.37 - - [30/May/2020:10:49:48 -0700] "GET /tag/WithKnown?offset=30 HTTP/1.1" 200 13359 "-" "Mozilla/5.0 (Linux; Android 7.0;) AppleWebKit/537.36 (KHTML, like Gecko) Mobile Safari/537.36 (compatible; PetalBot;+https://aspiegel.com/petalbot)" 
46.229.168.163 - - [30/May/2020:10:50:33 -0700] "GET /2017/a-demonstration-loaf-for-u-day-2-went-very-well HTTP/1.1" 200 10727 "-" "Mozilla/5.0 (compatible; SemrushBot/6~bl; +http://www.semrush.com/bot.html)" 
157.55.39.144 - - [30/May/2020:10:50:38 -0700] "GET /2020/how-did-i-find-the-link-2020just-discovered-i-have-a-digital-note HTTP/1.1" 200 9648 "-" "Mozilla/5.0 (compatible; bingbot/2.0; +http://www.bing.com/bingbot.htm)" 
54.39.177.198 - - [30/May/2020:10:51:26 -0700] "GET /?_t=rss HTTP/1.1" 200 6947 "-" "Mozilla/5.0 (compatible; YaK/1.0; http://linkfluence.com/; bot@linkfluence.com)" 
45.79.26.51 - - [30/May/2020:10:51:32 -0700] "GET /content/statusupdates/posts/photos/checkins/bookmarkedpages?_t=rss HTTP/1.1" 200 7647 "-" "Micro.blog/1.0" 
64.111.100.215 - - [30/May/2020:10:51:34 -0700] "GET /content/all?_t=rss HTTP/1.1" 200 14451 "-" "Mozilla/5.0 (X11; U; Linux i686; fr; rv:1.9.1.1) Gecko/20090715 Firefox/3.5.1" 
64.111.100.215 - - [30/May/2020:10:51:34 -0700] "GET /content/all?_t=rss HTTP/1.1" 200 14451 "-" "Mozilla/5.0 (X11; U; Linux i686; fr; rv:1.9.1.1) Gecko/20090715 Firefox/3.5.1" 
66.249.66.48 - - [30/May/2020:10:52:23 -0700] "GET /view/93fb4c206e12067a287250be32fe91f3 HTTP/1.1" 200 9574 "-" "Mozilla/5.0 (Linux; Android 6.0.1; Nexus 5X Build/MMB29P) AppleWebKit/537.36 (KHTML, like Gecko) Chrome/80.0.3987.92 Mobile Safari/537.36 (compatible; Googlebot/2.1; +http://www.google.com/bot.html)" 
66.249.66.48 - - [30/May/2020:10:52:25 -0700] "GET /service/web/unfurl/?url=https%3A%2F%2Fwww.thenutritionarchive.com%2Fblog%2F2019%2F4%2F13%2Fwhy-hunger-amidst-plenty&__bTk=d87e04dab4fdfc962ede8b0b58de731acf971afb76eec2a72562b0166c5cf83b&__bTs=1588896000 HTTP/1.1" 403 4650 "https://stream.jeremycherfas.net/view/93fb4c206e12067a287250be32fe91f3" "Mozilla/5.0 (Linux; Android 6.0.1; Nexus 5X Build/MMB29P) AppleWebKit/537.36 (KHTML, like Gecko) Chrome/81.0.4044.108 Mobile Safari/537.36 (compatible; Googlebot/2.1; +http://www.google.com/bot.html)" 
66.249.66.48 - - [30/May/2020:10:52:25 -0700] "GET /service/web/unfurl/?url=https%3A%2F%2Fwww.thenutritionarchive.com%2Fblog%2F2019%2F4%2F13%2Fwhy-hunger-amidst-plenty&__bTk=d87e04dab4fdfc962ede8b0b58de731acf971afb76eec2a72562b0166c5cf83b&__bTs=1590692933 HTTP/1.1" 403 1333 "https://stream.jeremycherfas.net/view/93fb4c206e12067a287250be32fe91f3" "Mozilla/5.0 (Linux; Android 6.0.1; Nexus 5X Build/MMB29P) AppleWebKit/537.36 (KHTML, like Gecko) Chrome/81.0.4044.108 Mobile Safari/537.36 (compatible; Googlebot/2.1; +http://www.google.com/bot.html)" 
157.55.39.54 - - [30/May/2020:10:53:13 -0700] "GET /2017/designing-away-the-cookie-disclaimer-by-sebastian-greger?_t=rss HTTP/1.1" 200 5604 "-" "Mozilla/5.0 (compatible; bingbot/2.0; +http://www.bing.com/bingbot.htm)" 
46.229.168.137 - - [30/May/2020:10:54:23 -0700] "GET /?offset=0&q=%23%2B%23rye HTTP/1.1" 200 12221 "-" "Mozilla/5.0 (compatible; SemrushBot/6~bl; +http://www.semrush.com/bot.html)" 
46.229.168.130 - - [30/May/2020:10:54:49 -0700] "GET /content/rsvp/?q=%23%2B%23Fiction HTTP/1.1" 200 8538 "-" "Mozilla/5.0 (compatible; SemrushBot/6~bl; +http://www.semrush.com/bot.html)" 
96.126.125.129 - - [30/May/2020:10:55:17 -0700] "GET /content/statusupdates/posts/photos/checkins/bookmarkedpages?_t=rss HTTP/1.1" 200 7652 "-" "Micro.blog/1.0" 
46.229.168.146 - - [30/May/2020:10:55:29 -0700] "GET /content/posts/?offset=53 HTTP/1.1" 200 16969 "-" "Mozilla/5.0 (compatible; SemrushBot/6~bl; +http://www.semrush.com/bot.html)" 
46.229.168.154 - - [30/May/2020:10:55:35 -0700] "GET /?offset=60&q=%23%2B%23%23indieweb HTTP/1.1" 200 12171 "-" "Mozilla/5.0 (compatible; SemrushBot/6~bl; +http://www.semrush.com/bot.html)" 
114.119.167.191 - - [30/May/2020:10:55:52 -0700] "GET / HTTP/1.1" 200 11453 "-" "Mozilla/5.0 (Linux; Android 7.0;) AppleWebKit/537.36 (KHTML, like Gecko) Mobile Safari/537.36 (compatible; PetalBot;+https://aspiegel.com/petalbot)" 
46.229.168.138 - - [30/May/2020:10:57:02 -0700] "GET /?offset=1&q=%23podcast HTTP/1.1" 200 12116 "-" "Mozilla/5.0 (compatible; SemrushBot/6~bl; +http://www.semrush.com/bot.html)" 
66.249.66.46 - - [30/May/2020:10:59:01 -0700] "GET /2019/straight-outta-the-oven-this-is-the-basic-sourdough-loaf HTTP/1.1" 304 3742 "-" "Mozilla/5.0 (Linux; Android 6.0.1; Nexus 5X Build/MMB29P) AppleWebKit/537.36 (KHTML, like Gecko) Chrome/80.0.3987.92 Mobile Safari/537.36 (compatible; Googlebot/2.1; +http://www.google.com/bot.html)" 
46.229.168.161 - - [30/May/2020:10:59:08 -0700] "GET /content/statusupdates/?q=%23%2B%23kalonji HTTP/1.1" 200 8547 "-" "Mozilla/5.0 (compatible; SemrushBot/6~bl; +http://www.semrush.com/bot.html)" 
35.172.115.29 - - [30/May/2020:10:59:37 -0700] "GET /profile/jeremy?offset=10&_t=rss HTTP/1.1" 304 3480 "https://www.google.com/" "Mozilla/5.0 (Windows NT 10.0; Win64; x64) AppleWebKit/537.36 (KHTML, like Gecko) Chrome/79.0.3945.88 Safari/537.36" 
46.229.168.130 - - [30/May/2020:10:59:44 -0700] "GET /2017/patreon-is-stepping-back-and-thats-great-but-there-announcement HTTP/1.1" 200 9872 "-" "Mozilla/5.0 (compatible; SemrushBot/6~bl; +http://www.semrush.com/bot.html)" 
107.20.75.121 - - [30/May/2020:11:00:28 -0700] "GET /?_t=rss HTTP/1.1" 200 7177 "-" "glitch-feeder/1.0 (+https://glitch.com/~lmo-feeder)" 
46.229.168.133 - - [30/May/2020:11:00:43 -0700] "GET /content/statusupdates/?offset=21&q=%23IndieWeb HTTP/1.1" 200 11401 "-" "Mozilla/5.0 (compatible; SemrushBot/6~bl; +http://www.semrush.com/bot.html)" 
46.229.168.135 - - [30/May/2020:11:00:47 -0700] "GET /2018/my-version-of-hamelmans-rustic-bread-p-115-1st-edn HTTP/1.1" 200 11088 "-" "Mozilla/5.0 (compatible; SemrushBot/6~bl; +http://www.semrush.com/bot.html)" 
209.17.97.18 - - [30/May/2020:11:01:25 -0700] "GET / HTTP/1.1" 200 56765 "-" "Mozilla/5.0 (compatible; Nimbostratus-Bot/v1.3.2; http://cloudsystemnetworks.com)" 
46.229.168.152 - - [30/May/2020:11:01:29 -0700] "GET /2017/in-eager-anticipation---and-celebration---of-tomorrows-return/annotations/8a0d4af3094124b94afe99a02d22b9ed HTTP/1.1" 200 8584 "-" "Mozilla/5.0 (compatible; SemrushBot/6~bl; +http://www.semrush.com/bot.html)" 
46.229.168.140 - - [30/May/2020:11:01:30 -0700] "GET /content/posts/?q=%23AMRhub HTTP/1.1" 200 8519 "-" "Mozilla/5.0 (compatible; SemrushBot/6~bl; +http://www.semrush.com/bot.html)" 
66.249.66.44 - - [30/May/2020:11:01:51 -0700] "GET /?offset=1114&_t=rss HTTP/1.1" 200 7607 "-" "Mozilla/5.0 (Linux; Android 6.0.1; Nexus 5X Build/MMB29P) AppleWebKit/537.36 (KHTML, like Gecko) Chrome/80.0.3987.92 Mobile Safari/537.36 (compatible; Googlebot/2.1; +http://www.google.com/bot.html)" 
46.229.168.144 - - [30/May/2020:11:02:46 -0700] "GET /content/locations?offset=50 HTTP/1.1" 200 11029 "-" "Mozilla/5.0 (compatible; SemrushBot/6~bl; +http://www.semrush.com/bot.html)" 
46.229.168.134 - - [30/May/2020:11:02:50 -0700] "GET /content/bookmarkedpages/?q=%23%2B%23IndieWeb HTTP/1.1" 200 11173 "-" "Mozilla/5.0 (compatible; SemrushBot/6~bl; +http://www.semrush.com/bot.html)" 
96.126.125.129 - - [30/May/2020:11:02:57 -0700] "GET /content/statusupdates/posts/photos/checkins/bookmarkedpages?_t=rss HTTP/1.1" 200 7652 "-" "Micro.blog/1.0" 
46.229.168.151 - - [30/May/2020:11:03:27 -0700] "GET /content/all/?offset=108&q=%23indieweb HTTP/1.1" 200 12141 "-" "Mozilla/5.0 (compatible; SemrushBot/6~bl; +http://www.semrush.com/bot.html)" 
46.229.168.143 - - [30/May/2020:11:05:28 -0700] "GET /content/photos/?q=%23diet HTTP/1.1" 200 8489 "-" "Mozilla/5.0 (compatible; SemrushBot/6~bl; +http://www.semrush.com/bot.html)" 
46.229.168.130 - - [30/May/2020:11:06:09 -0700] "GET /?offset=38&q=%23withknown HTTP/1.1" 200 11527 "-" "Mozilla/5.0 (compatible; SemrushBot/6~bl; +http://www.semrush.com/bot.html)" 
5.124.231.11 - - [30/May/2020:11:06:35 -0700] "HEAD /content/posts/ HTTP/1.1" 200 4270 "-" "dcrawl/1.0" 
46.229.168.139 - - [30/May/2020:11:06:35 -0700] "GET /content/all/?offset=33&q=%23podcast HTTP/1.1" 200 13893 "-" "Mozilla/5.0 (compatible; SemrushBot/6~bl; +http://www.semrush.com/bot.html)" 
5.124.231.11 - - [30/May/2020:11:06:36 -0700] "GET /content/posts/ HTTP/1.1" 200 15551 "-" "dcrawl/1.0" 
64.111.100.215 - - [30/May/2020:11:06:39 -0700] "GET /content/all?_t=rss HTTP/1.1" 200 14451 "-" "Mozilla/5.0 (X11; U; Linux i686; fr; rv:1.9.1.1) Gecko/20090715 Firefox/3.5.1" 
207.46.13.182 - - [30/May/2020:11:07:42 -0700] "GET /2019/a-joint-production HTTP/1.1" 200 13354 "-" "Mozilla/5.0 (compatible; bingbot/2.0; +http://www.bing.com/bingbot.htm)" 
96.126.125.129 - - [30/May/2020:11:07:53 -0700] "GET /content/statusupdates/posts/photos/checkins/bookmarkedpages?_t=rss HTTP/1.1" 200 7652 "-" "Micro.blog/1.0" 
46.229.168.149 - - [30/May/2020:11:07:57 -0700] "GET /?offset=1&q=%23%2B%23photo HTTP/1.1" 200 12491 "-" "Mozilla/5.0 (compatible; SemrushBot/6~bl; +http://www.semrush.com/bot.html)" 
114.119.167.191 - - [30/May/2020:11:08:07 -0700] "GET /tag/IndieWeb?offset=40 HTTP/1.1" 200 11115 "-" "Mozilla/5.0 (Linux; Android 7.0;) AppleWebKit/537.36 (KHTML, like Gecko) Mobile Safari/537.36 (compatible; PetalBot;+https://aspiegel.com/petalbot)" 
46.229.168.138 - - [30/May/2020:11:08:27 -0700] "GET /2019/tiny-loops-hold-me-closer-roden-explorers-archive HTTP/1.1" 200 9695 "-" "Mozilla/5.0 (compatible; SemrushBot/6~bl; +http://www.semrush.com/bot.html)" 
46.229.168.148 - - [30/May/2020:11:08:30 -0700] "GET /content/audio/?q=%23%2B%23hearsay19 HTTP/1.1" 200 8540 "-" "Mozilla/5.0 (compatible; SemrushBot/6~bl; +http://www.semrush.com/bot.html)" 
46.229.168.154 - - [30/May/2020:11:09:09 -0700] "GET /content/all/?offset=10&q=%23%2B%23IndieWeb HTTP/1.1" 200 11935 "-" "Mozilla/5.0 (compatible; SemrushBot/6~bl; +http://www.semrush.com/bot.html)" 
159.65.67.230 - - [30/May/2020:11:09:35 -0700] "GET /?_t=rss HTTP/1.1" 200 6947 "-" "Feedbin feed-id:1536727 - 1 subscribers" 
157.55.39.144 - - [30/May/2020:11:10:11 -0700] "GET /2018/nice-post-but-alas-when-i-liked?_t=rss HTTP/1.1" 200 5669 "-" "Mozilla/5.0 (compatible; bingbot/2.0; +http://www.bing.com/bingbot.htm)" 
46.229.168.144 - - [30/May/2020:11:10:20 -0700] "GET /robots.txt HTTP/1.1" 200 4552 "-" "Mozilla/5.0 (compatible; SemrushBot/6~bl; +http://www.semrush.com/bot.html)" 
46.229.168.140 - - [30/May/2020:11:10:20 -0700] "GET /2019/checked-into-bar HTTP/1.1" 200 9701 "-" "Mozilla/5.0 (compatible; SemrushBot/6~bl; +http://www.semrush.com/bot.html)" 
46.229.168.132 - - [30/May/2020:11:10:31 -0700] "GET /?offset=45&q=%23WithKnown HTTP/1.1" 200 12263 "-" "Mozilla/5.0 (compatible; SemrushBot/6~bl; +http://www.semrush.com/bot.html)" 
66.249.66.46 - - [30/May/2020:11:11:18 -0700] "GET /view/42f49e4ba1702923bf1d949e118cbcd2 HTTP/1.1" 200 9629 "-" "Mozilla/5.0 (Linux; Android 6.0.1; Nexus 5X Build/MMB29P) AppleWebKit/537.36 (KHTML, like Gecko) Chrome/80.0.3987.92 Mobile Safari/537.36 (compatible; Googlebot/2.1; +http://www.google.com/bot.html)" 
66.249.66.46 - - [30/May/2020:11:11:19 -0700] "GET /robots.txt HTTP/1.1" 200 4589 "-" "Mozilla/5.0 (compatible; Googlebot/2.1; +http://www.google.com/bot.html)" 
66.249.66.48 - - [30/May/2020:11:11:21 -0700] "GET /service/web/unfurl/?url=https%3A%2F%2Fwww.irishtimes.com%2Fopinion%2Ffintan-o-toole-are-the-english-ready-for-self-government-1.3830474&__bTk=9589125b0b635ea8ecadbc9dd50b5f9dd07da9556f1bb1175ea55912d813b26c&__bTs=1588896000 HTTP/1.1" 403 4670 "https://stream.jeremycherfas.net/view/42f49e4ba1702923bf1d949e118cbcd2" "Mozilla/5.0 (Linux; Android 6.0.1; Nexus 5X Build/MMB29P) AppleWebKit/537.36 (KHTML, like Gecko) Chrome/81.0.4044.108 Mobile Safari/537.36 (compatible; Googlebot/2.1; +http://www.google.com/bot.html)" 
66.249.66.46 - - [30/May/2020:11:11:21 -0700] "GET /service/web/unfurl/?url=https%3A%2F%2Fwww.irishtimes.com%2Fopinion%2Ffintan-o-toole-are-the-english-ready-for-self-government-1.3830474&__bTk=9589125b0b635ea8ecadbc9dd50b5f9dd07da9556f1bb1175ea55912d813b26c&__bTs=1589291460 HTTP/1.1" 403 4670 "https://stream.jeremycherfas.net/view/42f49e4ba1702923bf1d949e118cbcd2" "Mozilla/5.0 (Linux; Android 6.0.1; Nexus 5X Build/MMB29P) AppleWebKit/537.36 (KHTML, like Gecko) Chrome/81.0.4044.108 Mobile Safari/537.36 (compatible; Googlebot/2.1; +http://www.google.com/bot.html)" 
46.229.168.135 - - [30/May/2020:11:11:40 -0700] "GET /?q=%23London HTTP/1.1" 200 10743 "-" "Mozilla/5.0 (compatible; SemrushBot/6~bl; +http://www.semrush.com/bot.html)" 
46.229.168.154 - - [30/May/2020:11:11:48 -0700] "GET /?offset=46&q=%23%2B%23bread HTTP/1.1" 200 12560 "-" "Mozilla/5.0 (compatible; SemrushBot/6~bl; +http://www.semrush.com/bot.html)" 
46.229.168.130 - - [30/May/2020:11:12:09 -0700] "GET /tag/bread?offset=59 HTTP/1.1" 200 11551 "-" "Mozilla/5.0 (compatible; SemrushBot/6~bl; +http://www.semrush.com/bot.html)" 
46.229.168.133 - - [30/May/2020:11:12:33 -0700] "GET /content/all/?offset=6&q=%23sourdough HTTP/1.1" 200 12766 "-" "Mozilla/5.0 (compatible; SemrushBot/6~bl; +http://www.semrush.com/bot.html)" 
45.79.26.51 - - [30/May/2020:11:13:39 -0700] "GET /content/statusupdates/posts/photos/checkins/bookmarkedpages?_t=rss HTTP/1.1" 200 7647 "-" "Micro.blog/1.0" 
114.119.165.105 - - [30/May/2020:11:14:17 -0700] "GET /tag/+%23multigrain HTTP/1.1" 200 11155 "-" "Mozilla/5.0 (Linux; Android 7.0;) AppleWebKit/537.36 (KHTML, like Gecko) Mobile Safari/537.36 (compatible; PetalBot;+https://aspiegel.com/petalbot)" 
46.229.168.133 - - [30/May/2020:11:14:24 -0700] "GET /content/events HTTP/1.1" 200 9771 "-" "Mozilla/5.0 (compatible; SemrushBot/6~bl; +http://www.semrush.com/bot.html)" 
66.249.66.48 - - [30/May/2020:11:15:23 -0700] "GET /2018/our-daily-bread-12---the-inside-story-st1f30lmwqk-that HTTP/1.1" 200 11241 "-" "Mozilla/5.0 (Linux; Android 6.0.1; Nexus 5X Build/MMB29P) AppleWebKit/537.36 (KHTML, like Gecko) Chrome/80.0.3987.92 Mobile Safari/537.36 (compatible; Googlebot/2.1; +http://www.google.com/bot.html)" 
157.55.39.144 - - [30/May/2020:11:16:16 -0700] "GET /2017/kongaloosh HTTP/1.1" 200 9984 "-" "Mozilla/5.0 (compatible; bingbot/2.0; +http://www.bing.com/bingbot.htm)" 
5.188.210.36 - - [30/May/2020:11:16:17 -0700] "GET /2017/sunday-night-supper-maddhur-jeffrey-lentils-and-gujarati-carrot-salad HTTP/1.0" 200 43018 "https://stream.jeremycherfas.net/2017/sunday-night-supper-maddhur-jeffrey-lentils-and-gujarati-carrot-salad" "Mozilla/5.0 (Windows NT 6.1) AppleWebKit/537.36 (KHTML, like Gecko) Chrome/66.0.3359.181 Safari/537.36" 
5.188.210.36 - - [30/May/2020:11:16:18 -0700] "POST /comments/post HTTP/1.0" 403 17067 "https://stream.jeremycherfas.net/2017/sunday-night-supper-maddhur-jeffrey-lentils-and-gujarati-carrot-salad" "Mozilla/5.0 (Windows NT 6.1) AppleWebKit/537.36 (KHTML, like Gecko) Chrome/66.0.3359.181 Safari/537.36" 
46.229.168.138 - - [30/May/2020:11:18:06 -0700] "GET /?offset=40&q=%23indieweb HTTP/1.1" 200 11405 "-" "Mozilla/5.0 (compatible; SemrushBot/6~bl; +http://www.semrush.com/bot.html)" 
96.126.125.129 - - [30/May/2020:11:18:36 -0700] "GET /content/statusupdates/posts/photos/checkins/bookmarkedpages?_t=rss HTTP/1.1" 200 7652 "-" "Micro.blog/1.0" 
5.188.210.36 - - [30/May/2020:11:18:52 -0700] "GET /2017/sunday-night-supper-maddhur-jeffrey-lentils-and-gujarati-carrot-salad HTTP/1.1" 200 10660 "-" "Mozilla/5.0 (Windows NT 6.1; Win64; x64; rv:62.0) Gecko/20100101 Firefox/62.0" 
46.229.168.129 - - [30/May/2020:11:19:40 -0700] "GET /content/all/?q=%23matin HTTP/1.1" 200 9257 "-" "Mozilla/5.0 (compatible; SemrushBot/6~bl; +http://www.semrush.com/bot.html)" 
114.119.162.106 - - [30/May/2020:11:20:22 -0700] "GET /file/4c4342e1be770632ebf1c6fb6e75d891 HTTP/1.1" 200 140787 "-" "Mozilla/5.0 (Linux; Android 7.0;) AppleWebKit/537.36 (KHTML, like Gecko) Mobile Safari/537.36 (compatible; PetalBot;+https://aspiegel.com/petalbot)" 
46.229.168.161 - - [30/May/2020:11:20:42 -0700] "GET /2018/our-daily-bread-05---at-last-agricultureta7x30lfer1very-quick-or HTTP/1.1" 200 10952 "-" "Mozilla/5.0 (compatible; SemrushBot/6~bl; +http://www.semrush.com/bot.html)" 
66.249.66.48 - - [30/May/2020:11:20:47 -0700] "GET /content/all?offset=2007 HTTP/1.1" 200 11945 "-" "Mozilla/5.0 (Linux; Android 6.0.1; Nexus 5X Build/MMB29P) AppleWebKit/537.36 (KHTML, like Gecko) Chrome/80.0.3987.92 Mobile Safari/537.36 (compatible; Googlebot/2.1; +http://www.google.com/bot.html)" 
66.249.66.46 - - [30/May/2020:11:20:50 -0700] "GET /service/web/unfurl/?url=https%3A%2F%2Fbigpictureagriculture.blogspot.it%2F2017%2F05%2Fmap-of-dry-bean-acres-in-us.html&__bTk=d87e04dab4fdfc962ede8b0b58de731acf971afb76eec2a72562b0166c5cf83b&__bTs=1588896000 HTTP/1.1" 403 4653 "https://stream.jeremycherfas.net/content/all?offset=2007" "Mozilla/5.0 (Linux; Android 6.0.1; Nexus 5X Build/MMB29P) AppleWebKit/537.36 (KHTML, like Gecko) Chrome/81.0.4044.108 Mobile Safari/537.36 (compatible; Googlebot/2.1; +http://www.google.com/bot.html)" 
66.249.66.48 - - [30/May/2020:11:20:51 -0700] "GET /service/web/unfurl/?url=https%3A%2F%2Fbigpictureagriculture.blogspot.it%2F2017%2F05%2Fmap-of-dry-bean-acres-in-us.html&__bTk=d87e04dab4fdfc962ede8b0b58de731acf971afb76eec2a72562b0166c5cf83b&__bTs=1590692933 HTTP/1.1" 403 4653 "https://stream.jeremycherfas.net/content/all?offset=2007" "Mozilla/5.0 (Linux; Android 6.0.1; Nexus 5X Build/MMB29P) AppleWebKit/537.36 (KHTML, like Gecko) Chrome/81.0.4044.108 Mobile Safari/537.36 (compatible; Googlebot/2.1; +http://www.google.com/bot.html)" 
64.111.100.215 - - [30/May/2020:11:21:41 -0700] "GET /content/all?_t=rss HTTP/1.1" 200 14451 "-" "Mozilla/5.0 (X11; U; Linux i686; fr; rv:1.9.1.1) Gecko/20090715 Firefox/3.5.1" 
157.55.39.144 - - [30/May/2020:11:23:20 -0700] "GET /tag/+%23freersackler?_t=rss HTTP/1.1" 200 8496 "-" "Mozilla/5.0 (compatible; bingbot/2.0; +http://www.bing.com/bingbot.htm)" 
46.229.168.132 - - [30/May/2020:11:23:42 -0700] "GET /robots.txt HTTP/1.1" 200 4576 "-" "Mozilla/5.0 (compatible; SemrushBot/6~bl; +http://www.semrush.com/bot.html)" 
46.229.168.146 - - [30/May/2020:11:23:43 -0700] "GET /content/all/?offset=13&q=%23podcast HTTP/1.1" 200 12110 "-" "Mozilla/5.0 (compatible; SemrushBot/6~bl; +http://www.semrush.com/bot.html)" 
46.229.168.133 - - [30/May/2020:11:24:07 -0700] "GET /?q=%23rye HTTP/1.1" 200 12402 "-" "Mozilla/5.0 (compatible; SemrushBot/6~bl; +http://www.semrush.com/bot.html)" 
45.79.26.51 - - [30/May/2020:11:24:32 -0700] "GET /content/statusupdates/posts/photos/checkins/bookmarkedpages?_t=rss HTTP/1.1" 200 7647 "-" "Micro.blog/1.0" 
66.249.66.46 - - [30/May/2020:11:25:15 -0700] "GET /2017/puzzled-that-my-feed-from-readingam-does-not-seem-to HTTP/1.1" 200 9595 "-" "Mozilla/5.0 (Linux; Android 6.0.1; Nexus 5X Build/MMB29P) AppleWebKit/537.36 (KHTML, like Gecko) Chrome/80.0.3987.92 Mobile Safari/537.36 (compatible; Googlebot/2.1; +http://www.google.com/bot.html)" 
46.229.168.137 - - [30/May/2020:11:25:59 -0700] "GET /?offset=52&q=%23%2B%23bread HTTP/1.1" 200 12346 "-" "Mozilla/5.0 (compatible; SemrushBot/6~bl; +http://www.semrush.com/bot.html)" 
66.249.66.46 - - [30/May/2020:11:26:29 -0700] "GET /2018/episode-01-of-my-contribution-to-dog HTTP/1.1" 200 9654 "-" "Mozilla/5.0 (compatible; Googlebot/2.1; +http://www.google.com/bot.html)" 
66.249.66.46 - - [30/May/2020:11:26:36 -0700] "GET /gfx/logos/apple-icon-144x144.png HTTP/1.1" 200 13633 "-" "Googlebot-Image/1.0" 
66.249.66.46 - - [30/May/2020:11:26:36 -0700] "GET /gfx/logos/apple-icon-72x72.png HTTP/1.1" 200 5999 "-" "Googlebot-Image/1.0" 
66.249.66.44 - - [30/May/2020:11:26:37 -0700] "GET /favicon.ico HTTP/1.1" 200 3851 "-" "Googlebot-Image/1.0" 
114.119.162.106 - - [30/May/2020:11:26:37 -0700] "GET /tag/Corfu HTTP/1.1" 200 8984 "-" "Mozilla/5.0 (Linux; Android 7.0;) AppleWebKit/537.36 (KHTML, like Gecko) Mobile Safari/537.36 (compatible; PetalBot;+https://aspiegel.com/petalbot)" 
46.229.168.162 - - [30/May/2020:11:26:43 -0700] "GET /?offset=118&q=%23Indieweb HTTP/1.1" 200 12273 "-" "Mozilla/5.0 (compatible; SemrushBot/6~bl; +http://www.semrush.com/bot.html)" 
46.229.168.162 - - [30/May/2020:11:26:51 -0700] "GET /2019/i-have-not-exactly-solved-the-problem HTTP/1.1" 200 9674 "-" "Mozilla/5.0 (compatible; SemrushBot/6~bl; +http://www.semrush.com/bot.html)" 
46.229.168.145 - - [30/May/2020:11:27:01 -0700] "GET /tag/Indieweb?offset=121 HTTP/1.1" 200 11956 "-" "Mozilla/5.0 (compatible; SemrushBot/6~bl; +http://www.semrush.com/bot.html)" 
46.229.168.139 - - [30/May/2020:11:27:50 -0700] "GET /content/audio/?q=%23IndieWeb_challenge HTTP/1.1" 200 8541 "-" "Mozilla/5.0 (compatible; SemrushBot/6~bl; +http://www.semrush.com/bot.html)" 
46.229.168.151 - - [30/May/2020:11:28:16 -0700] "GET /content/rsvp/?q=%23%2B%23latteriastudio HTTP/1.1" 200 8549 "-" "Mozilla/5.0 (compatible; SemrushBot/6~bl; +http://www.semrush.com/bot.html)" 
46.229.168.147 - - [30/May/2020:11:29:18 -0700] "GET /content/all/?offset=98&q=%23IndieWeb HTTP/1.1" 200 15085 "-" "Mozilla/5.0 (compatible; SemrushBot/6~bl; +http://www.semrush.com/bot.html)" 
46.229.168.161 - - [30/May/2020:11:29:57 -0700] "GET /?q=%23sourdough HTTP/1.1" 200 12259 "-" "Mozilla/5.0 (compatible; SemrushBot/6~bl; +http://www.semrush.com/bot.html)" 
46.229.168.145 - - [30/May/2020:11:30:11 -0700] "GET /content/posts/?q=%23hearsay2017 HTTP/1.1" 200 8528 "-" "Mozilla/5.0 (compatible; SemrushBot/6~bl; +http://www.semrush.com/bot.html)" 
66.249.66.48 - - [30/May/2020:11:30:15 -0700] "GET /content/all?offset=2017 HTTP/1.1" 200 11934 "-" "Mozilla/5.0 (Linux; Android 6.0.1; Nexus 5X Build/MMB29P) AppleWebKit/537.36 (KHTML, like Gecko) Chrome/80.0.3987.92 Mobile Safari/537.36 (compatible; Googlebot/2.1; +http://www.google.com/bot.html)" 
66.249.66.46 - - [30/May/2020:11:30:17 -0700] "GET /service/web/unfurl/?url=http%3A%2F%2Fblog.sethroberts.net%2F2013%2F09%2F01%2Fthe-irrelevance-of-grass-fed-beef-ancestral-health-symposium-2013%2F&__bTk=3eec8bcd67b4b2e93a55cf66a2122cd213cc149f334395fc089c9e91fcc562e3&__bTs=1588767473 HTTP/1.1" 403 4680 "https://stream.jeremycherfas.net/content/all?offset=2017" "Mozilla/5.0 (Linux; Android 6.0.1; Nexus 5X Build/MMB29P) AppleWebKit/537.36 (KHTML, like Gecko) Chrome/81.0.4044.108 Mobile Safari/537.36 (compatible; Googlebot/2.1; +http://www.google.com/bot.html)" 
66.249.66.46 - - [30/May/2020:11:30:18 -0700] "GET /service/web/unfurl/?url=http%3A%2F%2Fwww.foodpolitics.com%2F2017%2F05%2Fthe-cost-of-poor-food-safety-practices-36-million-in-two-years&__bTk=3eec8bcd67b4b2e93a55cf66a2122cd213cc149f334395fc089c9e91fcc562e3&__bTs=1588767473 HTTP/1.1" 403 1352 "https://stream.jeremycherfas.net/content/all?offset=2017" "Mozilla/5.0 (Linux; Android 6.0.1; Nexus 5X Build/MMB29P) AppleWebKit/537.36 (KHTML, like Gecko) Chrome/81.0.4044.108 Mobile Safari/537.36 (compatible; Googlebot/2.1; +http://www.google.com/bot.html)" 
66.249.66.44 - - [30/May/2020:11:30:18 -0700] "GET /service/web/unfurl/?url=http%3A%2F%2Fboffosocko.com%2F2017%2F05%2F10%2Fun-annotated-by-audrey-watters%2F&__bTk=3eec8bcd67b4b2e93a55cf66a2122cd213cc149f334395fc089c9e91fcc562e3&__bTs=1588767473 HTTP/1.1" 403 4639 "https://stream.jeremycherfas.net/content/all?offset=2017" "Mozilla/5.0 (Linux; Android 6.0.1; Nexus 5X Build/MMB29P) AppleWebKit/537.36 (KHTML, like Gecko) Chrome/81.0.4044.108 Mobile Safari/537.36 (compatible; Googlebot/2.1; +http://www.google.com/bot.html)" 
66.249.66.50 - - [30/May/2020:11:30:26 -0700] "GET /robots.txt HTTP/1.1" 200 4613 "-" "Mozilla/5.0 (compatible; Googlebot/2.1; +http://www.google.com/bot.html)" 
66.249.66.50 - - [30/May/2020:11:30:26 -0700] "GET /service/web/unfurl/?url=http%3A%2F%2Fwww.foodpolitics.com%2F2017%2F05%2Fthe-cost-of-poor-food-safety-practices-36-million-in-two-years&__bTk=07c4e1db903d5bfe641359a99e4529480b57642698e45f1e12668c9aee3c9dc8&__bTs=1588896000 HTTP/1.1" 403 1509 "https://www.stream.jeremycherfas.net/content/all/?offset=1863&_t=amp" "Mozilla/5.0 (Linux; Android 6.0.1; Nexus 5X Build/MMB29P) AppleWebKit/537.36 (KHTML, like Gecko) Chrome/81.0.4044.108 Mobile Safari/537.36 (compatible; Googlebot/2.1; +http://www.google.com/bot.html)" 
66.249.66.48 - - [30/May/2020:11:30:27 -0700] "GET /service/web/unfurl/?url=http%3A%2F%2Fboffosocko.com%2F2017%2F05%2F10%2Fun-annotated-by-audrey-watters%2F&__bTk=07c4e1db903d5bfe641359a99e4529480b57642698e45f1e12668c9aee3c9dc8&__bTs=1588896000 HTTP/1.1" 403 4796 "https://www.stream.jeremycherfas.net/content/all/?offset=1863&_t=amp" "Mozilla/5.0 (Linux; Android 6.0.1; Nexus 5X Build/MMB29P) AppleWebKit/537.36 (KHTML, like Gecko) Chrome/81.0.4044.108 Mobile Safari/537.36 (compatible; Googlebot/2.1; +http://www.google.com/bot.html)" 
66.249.66.48 - - [30/May/2020:11:30:27 -0700] "GET /service/web/unfurl/?url=http%3A%2F%2Fblog.sethroberts.net%2F2013%2F09%2F01%2Fthe-irrelevance-of-grass-fed-beef-ancestral-health-symposium-2013%2F&__bTk=07c4e1db903d5bfe641359a99e4529480b57642698e45f1e12668c9aee3c9dc8&__bTs=1588896000 HTTP/1.1" 403 1520 "https://www.stream.jeremycherfas.net/content/all/?offset=1863&_t=amp" "Mozilla/5.0 (Linux; Android 6.0.1; Nexus 5X Build/MMB29P) AppleWebKit/537.36 (KHTML, like Gecko) Chrome/81.0.4044.108 Mobile Safari/537.36 (compatible; Googlebot/2.1; +http://www.google.com/bot.html)" 
66.249.66.48 - - [30/May/2020:11:30:28 -0700] "GET /service/web/unfurl/?url=http%3A%2F%2Fwww.foodpolitics.com%2F2017%2F05%2Fthe-cost-of-poor-food-safety-practices-36-million-in-two-years&__bTk=07c4e1db903d5bfe641359a99e4529480b57642698e45f1e12668c9aee3c9dc8&__bTs=1589020153 HTTP/1.1" 403 1509 "https://www.stream.jeremycherfas.net/content/all/?offset=1863&_t=amp" "Mozilla/5.0 (Linux; Android 6.0.1; Nexus 5X Build/MMB29P) AppleWebKit/537.36 (KHTML, like Gecko) Chrome/81.0.4044.108 Mobile Safari/537.36 (compatible; Googlebot/2.1; +http://www.google.com/bot.html)" 
66.249.66.48 - - [30/May/2020:11:30:28 -0700] "GET /service/web/unfurl/?url=http%3A%2F%2Fboffosocko.com%2F2017%2F05%2F10%2Fun-annotated-by-audrey-watters%2F&__bTk=07c4e1db903d5bfe641359a99e4529480b57642698e45f1e12668c9aee3c9dc8&__bTs=1589020153 HTTP/1.1" 403 1479 "https://www.stream.jeremycherfas.net/content/all/?offset=1863&_t=amp" "Mozilla/5.0 (Linux; Android 6.0.1; Nexus 5X Build/MMB29P) AppleWebKit/537.36 (KHTML, like Gecko) Chrome/81.0.4044.108 Mobile Safari/537.36 (compatible; Googlebot/2.1; +http://www.google.com/bot.html)" 
66.249.66.48 - - [30/May/2020:11:30:29 -0700] "GET /service/web/unfurl/?url=http%3A%2F%2Fblog.sethroberts.net%2F2013%2F09%2F01%2Fthe-irrelevance-of-grass-fed-beef-ancestral-health-symposium-2013%2F&__bTk=07c4e1db903d5bfe641359a99e4529480b57642698e45f1e12668c9aee3c9dc8&__bTs=1589020153 HTTP/1.1" 403 1520 "https://www.stream.jeremycherfas.net/content/all/?offset=1863&_t=amp" "Mozilla/5.0 (Linux; Android 6.0.1; Nexus 5X Build/MMB29P) AppleWebKit/537.36 (KHTML, like Gecko) Chrome/81.0.4044.108 Mobile Safari/537.36 (compatible; Googlebot/2.1; +http://www.google.com/bot.html)" 
107.20.75.121 - - [30/May/2020:11:30:51 -0700] "GET /?_t=rss HTTP/1.1" 200 7177 "-" "glitch-feeder/1.0 (+https://glitch.com/~lmo-feeder)" 
46.229.168.133 - - [30/May/2020:11:31:14 -0700] "GET /2017/there-are-two-americas-say-it-isnt-so-choices-magazinesubmitted-articlesa-tale-of-two-americas-why-is-that-a-surprise HTTP/1.1" 200 10270 "-" "Mozilla/5.0 (compatible; SemrushBot/6~bl; +http://www.semrush.com/bot.html)" 
66.249.66.52 - - [30/May/2020:11:31:45 -0700] "GET /2019/the-plain-text-life-note-taking-writing-and-life-organization HTTP/1.1" 304 3742 "-" "Mozilla/5.0 (Linux; Android 6.0.1; Nexus 5X Build/MMB29P) AppleWebKit/537.36 (KHTML, like Gecko) Chrome/80.0.3987.92 Mobile Safari/537.36 (compatible; Googlebot/2.1; +http://www.google.com/bot.html)" 
46.229.168.140 - - [30/May/2020:11:32:36 -0700] "GET /tag/bread?offset=70 HTTP/1.1" 200 12068 "-" "Mozilla/5.0 (compatible; SemrushBot/6~bl; +http://www.semrush.com/bot.html)" 
114.119.166.46 - - [30/May/2020:11:32:43 -0700] "GET /tag/+%23nigella HTTP/1.1" 200 8259 "-" "Mozilla/5.0 (Linux; Android 7.0;) AppleWebKit/537.36 (KHTML, like Gecko) Mobile Safari/537.36 (compatible; PetalBot;+https://aspiegel.com/petalbot)" 
46.229.168.143 - - [30/May/2020:11:33:27 -0700] "GET /tag/podcast?offset=25 HTTP/1.1" 200 12114 "-" "Mozilla/5.0 (compatible; SemrushBot/6~bl; +http://www.semrush.com/bot.html)" 
96.126.125.129 - - [30/May/2020:11:33:30 -0700] "GET /content/statusupdates/posts/photos/checkins/bookmarkedpages?_t=rss HTTP/1.1" 200 7652 "-" "Micro.blog/1.0" 
46.229.168.143 - - [30/May/2020:11:34:45 -0700] "GET /tag/photo?offset=10 HTTP/1.1" 200 14190 "-" "Mozilla/5.0 (compatible; SemrushBot/6~bl; +http://www.semrush.com/bot.html)" 
46.229.168.133 - - [30/May/2020:11:36:06 -0700] "GET /content/statusupdates/?q=%23%2B%23non-fiction HTTP/1.1" 200 9038 "-" "Mozilla/5.0 (compatible; SemrushBot/6~bl; +http://www.semrush.com/bot.html)" 
46.229.168.134 - - [30/May/2020:11:36:39 -0700] "GET /2019/reddits-best-mindblowing-facts-of-all-time HTTP/1.1" 200 9629 "-" "Mozilla/5.0 (compatible; SemrushBot/6~bl; +http://www.semrush.com/bot.html)" 
64.111.100.215 - - [30/May/2020:11:37:32 -0700] "GET /content/all?_t=rss HTTP/1.1" 200 14451 "-" "Mozilla/5.0 (X11; U; Linux i686; fr; rv:1.9.1.1) Gecko/20090715 Firefox/3.5.1" 
66.249.66.48 - - [30/May/2020:11:38:16 -0700] "GET /2017/its-not-much-but-it-is-homegrown HTTP/1.1" 200 10607 "-" "Mozilla/5.0 (Linux; Android 6.0.1; Nexus 5X Build/MMB29P) AppleWebKit/537.36 (KHTML, like Gecko) Chrome/80.0.3987.92 Mobile Safari/537.36 (compatible; Googlebot/2.1; +http://www.google.com/bot.html)" 
46.229.168.142 - - [30/May/2020:11:38:34 -0700] "GET /content/rsvp/?q=%23AMRhub HTTP/1.1" 200 8519 "-" "Mozilla/5.0 (compatible; SemrushBot/6~bl; +http://www.semrush.com/bot.html)" 
46.229.168.161 - - [30/May/2020:11:38:40 -0700] "GET /content/posts/?q=%23%2B%23freersackler HTTP/1.1" 200 8517 "-" "Mozilla/5.0 (compatible; SemrushBot/6~bl; +http://www.semrush.com/bot.html)" 
46.229.168.129 - - [30/May/2020:11:38:51 -0700] "GET /content/photos/?offset=22&q=%23sourdough HTTP/1.1" 200 11653 "-" "Mozilla/5.0 (compatible; SemrushBot/6~bl; +http://www.semrush.com/bot.html)" 
114.119.165.37 - - [30/May/2020:11:38:54 -0700] "GET /tag/rye?offset=0 HTTP/1.1" 200 12183 "-" "Mozilla/5.0 (Linux; Android 7.0;) AppleWebKit/537.36 (KHTML, like Gecko) Mobile Safari/537.36 (compatible; PetalBot;+https://aspiegel.com/petalbot)" 
46.229.168.143 - - [30/May/2020:11:39:05 -0700] "GET /tag/indieweb?offset=135 HTTP/1.1" 200 12352 "-" "Mozilla/5.0 (compatible; SemrushBot/6~bl; +http://www.semrush.com/bot.html)" 
46.229.168.147 - - [30/May/2020:11:39:10 -0700] "GET /content/all/?offset=10&q=%23podcast HTTP/1.1" 200 12330 "-" "Mozilla/5.0 (compatible; SemrushBot/6~bl; +http://www.semrush.com/bot.html)" 
46.229.168.161 - - [30/May/2020:11:39:11 -0700] "GET /content/locations/?q=%23%2B%23Rome HTTP/1.1" 200 9866 "-" "Mozilla/5.0 (compatible; SemrushBot/6~bl; +http://www.semrush.com/bot.html)" 
46.229.168.131 - - [30/May/2020:11:39:26 -0700] "GET /?offset=8&q=%23%2B%23WithKnown HTTP/1.1" 200 11322 "-" "Mozilla/5.0 (compatible; SemrushBot/6~bl; +http://www.semrush.com/bot.html)" 
46.229.168.132 - - [30/May/2020:11:40:34 -0700] "GET /content/all/?offset=70&q=%23IndieWeb HTTP/1.1" 200 12656 "-" "Mozilla/5.0 (compatible; SemrushBot/6~bl; +http://www.semrush.com/bot.html)" 
17.58.102.79 - - [30/May/2020:11:40:35 -0700] "GET /2019/room-for-change-the-problem-with-extinction-rebellion HTTP/1.1" 200 9361 "-" "Mozilla/5.0 (Macintosh; Intel Mac OS X 10_10_1) AppleWebKit/600.2.5 (KHTML, like Gecko) Version/8.0.2 Safari/600.2.5 (Applebot/0.1; +http://www.apple.com/go/applebot)" 
54.36.148.167 - - [30/May/2020:11:42:00 -0700] "GET /2017/post-kinds-plugin-for-wordpress HTTP/1.1" 200 9371 "-" "Mozilla/5.0 (compatible; AhrefsBot/6.1; +http://ahrefs.com/robot/)" 
46.229.168.138 - - [30/May/2020:11:42:03 -0700] "GET /content/events/?q=%23%2B%23sourdoughseptember HTTP/1.1" 200 8560 "-" "Mozilla/5.0 (compatible; SemrushBot/6~bl; +http://www.semrush.com/bot.html)" 
167.172.211.255 - - [30/May/2020:11:42:14 -0700] "GET /?_t=rss HTTP/1.1" 304 3475 "-" "Feedbin feed-id:1536727 - 1 subscribers" 
45.79.26.51 - - [30/May/2020:11:43:11 -0700] "GET /content/statusupdates/posts/photos/checkins/bookmarkedpages?_t=rss HTTP/1.1" 200 7647 "-" "Micro.blog/1.0" 
46.229.168.136 - - [30/May/2020:11:43:13 -0700] "GET /2020/space HTTP/1.1" 200 10045 "-" "Mozilla/5.0 (compatible; SemrushBot/6~bl; +http://www.semrush.com/bot.html)" 
46.229.168.162 - - [30/May/2020:11:44:08 -0700] "GET /?offset=24&q=%23WithKnown HTTP/1.1" 200 14075 "-" "Mozilla/5.0 (compatible; SemrushBot/6~bl; +http://www.semrush.com/bot.html)" 
46.229.168.137 - - [30/May/2020:11:44:30 -0700] "GET /content/all/?offset=20&q=%23%2B%23IndieWeb HTTP/1.1" 200 11543 "-" "Mozilla/5.0 (compatible; SemrushBot/6~bl; +http://www.semrush.com/bot.html)" 
114.119.165.37 - - [30/May/2020:11:45:02 -0700] "GET /content/photos?offset=720 HTTP/1.1" 200 10669 "-" "Mozilla/5.0 (Linux; Android 7.0;) AppleWebKit/537.36 (KHTML, like Gecko) Mobile Safari/537.36 (compatible; PetalBot;+https://aspiegel.com/petalbot)" 
46.229.168.147 - - [30/May/2020:11:45:54 -0700] "GET /?offset=33&q=%23IndieWeb HTTP/1.1" 200 13190 "-" "Mozilla/5.0 (compatible; SemrushBot/6~bl; +http://www.semrush.com/bot.html)" 
46.229.168.148 - - [30/May/2020:11:46:21 -0700] "GET /?offset=141&q=%23Indieweb HTTP/1.1" 200 9683 "-" "Mozilla/5.0 (compatible; SemrushBot/6~bl; +http://www.semrush.com/bot.html)" 
46.229.168.138 - - [30/May/2020:11:47:34 -0700] "GET /content/all/?offset=11&q=%23photo HTTP/1.1" 200 13831 "-" "Mozilla/5.0 (compatible; SemrushBot/6~bl; +http://www.semrush.com/bot.html)" 
46.229.168.148 - - [30/May/2020:11:47:39 -0700] "GET /content/bookmarkedpages/?offset=0&q=%23%2B%23%23indieweb HTTP/1.1" 200 11144 "-" "Mozilla/5.0 (compatible; SemrushBot/6~bl; +http://www.semrush.com/bot.html)" 
96.126.125.129 - - [30/May/2020:11:48:02 -0700] "GET /content/statusupdates/posts/photos/checkins/bookmarkedpages?_t=rss HTTP/1.1" 200 7652 "-" "Micro.blog/1.0" 
66.249.66.48 - - [30/May/2020:11:48:07 -0700] "GET / HTTP/1.1" 200 11701 "-" "Mozilla/5.0 (Linux; Android 6.0.1; Nexus 5X Build/MMB29P) AppleWebKit/537.36 (KHTML, like Gecko) Chrome/80.0.3987.92 Mobile Safari/537.36 (compatible; Googlebot/2.1; +http://www.google.com/bot.html)" 
203.133.169.112 - - [30/May/2020:11:48:28 -0700] "GET /robots.txt HTTP/1.1" 200 4345 "-" "Mozilla/5.0 (compatible; Daum/4.1; +http://cs.daum.net/faq/15/4118.html?faqId=28966)" 
203.133.169.112 - - [30/May/2020:11:48:29 -0700] "GET /file/4e7a68b637ce154583244cb45cb26cde HTTP/1.1" 200 7972 "-" "Mozilla/5.0 (compatible; Daum/4.1; +http://cs.daum.net/faq/15/4118.html?faqId=28966)" 
203.133.169.112 - - [30/May/2020:11:48:35 -0700] "GET /robots.txt HTTP/1.1" 200 4369 "-" "Mozilla/5.0 (compatible; Daum/4.1; +http://cs.daum.net/faq/15/4118.html?faqId=28966)" 
203.133.169.112 - - [30/May/2020:11:48:36 -0700] "GET /content/statusupdates/?q=%23+%23%23indieweb&offset=10&_t=rss HTTP/1.1" 200 15857 "-" "Mozilla/5.0 (compatible; Daum/4.1; +http://cs.daum.net/faq/15/4118.html?faqId=28966)" 
203.133.169.112 - - [30/May/2020:11:48:48 -0700] "GET /2019/paper-to-paperless-a-guide-to-digitalizing-your-journals-with?_t=rss HTTP/1.1" 200 6627 "-" "Mozilla/5.0 (compatible; Daum/4.1; +http://cs.daum.net/faq/15/4118.html?faqId=28966)" 
203.133.169.112 - - [30/May/2020:11:49:36 -0700] "GET /file/cb50de0f4a868c44897cf0610f270f99 HTTP/1.1" 200 11774 "-" "Mozilla/5.0 (compatible; Daum/4.1; +http://cs.daum.net/faq/15/4118.html?faqId=28966)" 
203.133.169.112 - - [30/May/2020:11:49:42 -0700] "GET /file/4e7a68b637ce154583244cb45cb26cde HTTP/1.1" 200 7972 "-" "Mozilla/5.0 (compatible; Daum/4.1; +http://cs.daum.net/faq/15/4118.html?faqId=28966)" 
203.133.169.112 - - [30/May/2020:11:49:48 -0700] "GET /content/statusupdates/?q=%23+%23%23indieweb&offset=10&_t=rss HTTP/1.1" 200 15857 "-" "Mozilla/5.0 (compatible; Daum/4.1; +http://cs.daum.net/faq/15/4118.html?faqId=28966)" 
203.133.169.112 - - [30/May/2020:11:50:15 -0700] "GET /2019/paper-to-paperless-a-guide-to-digitalizing-your-journals-with?_t=rss HTTP/1.1" 200 6627 "-" "Mozilla/5.0 (compatible; Daum/4.1; +http://cs.daum.net/faq/15/4118.html?faqId=28966)" 
203.133.169.112 - - [30/May/2020:11:50:50 -0700] "GET /file/cb50de0f4a868c44897cf0610f270f99 HTTP/1.1" 200 11774 "-" "Mozilla/5.0 (compatible; Daum/4.1; +http://cs.daum.net/faq/15/4118.html?faqId=28966)" 
46.229.168.142 - - [30/May/2020:11:50:53 -0700] "GET /2020/2020-02-29 HTTP/1.1" 200 10087 "-" "Mozilla/5.0 (compatible; SemrushBot/6~bl; +http://www.semrush.com/bot.html)" 
46.229.168.136 - - [30/May/2020:11:50:54 -0700] "GET /content/photos/?q=%23%2B%23leaven HTTP/1.1" 200 12694 "-" "Mozilla/5.0 (compatible; SemrushBot/6~bl; +http://www.semrush.com/bot.html)" 
203.133.169.112 - - [30/May/2020:11:50:56 -0700] "GET /file/4e7a68b637ce154583244cb45cb26cde HTTP/1.1" 200 7972 "-" "Mozilla/5.0 (compatible; Daum/4.1; +http://cs.daum.net/faq/15/4118.html?faqId=28966)" 
203.133.169.112 - - [30/May/2020:11:51:03 -0700] "GET /content/statusupdates/?q=%23+%23%23indieweb&offset=10&_t=rss HTTP/1.1" 200 15857 "-" "Mozilla/5.0 (compatible; Daum/4.1; +http://cs.daum.net/faq/15/4118.html?faqId=28966)" 
114.119.160.143 - - [30/May/2020:11:51:09 -0700] "GET /tag/Indieweb?offset=142 HTTP/1.1" 200 9220 "-" "Mozilla/5.0 (Linux; Android 7.0;) AppleWebKit/537.36 (KHTML, like Gecko) Mobile Safari/537.36 (compatible; PetalBot;+https://aspiegel.com/petalbot)" 
203.133.169.112 - - [30/May/2020:11:51:14 -0700] "GET /2019/paper-to-paperless-a-guide-to-digitalizing-your-journals-with?_t=rss HTTP/1.1" 200 6627 "-" "Mozilla/5.0 (compatible; Daum/4.1; +http://cs.daum.net/faq/15/4118.html?faqId=28966)" 
203.133.169.112 - - [30/May/2020:11:51:37 -0700] "GET /file/cb50de0f4a868c44897cf0610f270f99 HTTP/1.1" 200 11774 "-" "Mozilla/5.0 (compatible; Daum/4.1; +http://cs.daum.net/faq/15/4118.html?faqId=28966)" 
46.229.168.150 - - [30/May/2020:11:52:04 -0700] "GET /2019/too-late-rachelaliceroddy HTTP/1.1" 200 13558 "-" "Mozilla/5.0 (compatible; SemrushBot/6~bl; +http://www.semrush.com/bot.html)" 
64.111.100.215 - - [30/May/2020:11:52:49 -0700] "GET /content/all?_t=rss HTTP/1.1" 200 14451 "-" "Mozilla/5.0 (X11; U; Linux i686; fr; rv:1.9.1.1) Gecko/20090715 Firefox/3.5.1" 
96.126.125.129 - - [30/May/2020:11:52:50 -0700] "GET /content/statusupdates/posts/photos/checkins/bookmarkedpages?_t=rss HTTP/1.1" 200 7652 "-" "Micro.blog/1.0" 
46.229.168.132 - - [30/May/2020:11:53:17 -0700] "GET /content/photos?offset=130 HTTP/1.1" 200 10936 "-" "Mozilla/5.0 (compatible; SemrushBot/6~bl; +http://www.semrush.com/bot.html)" 
46.229.168.162 - - [30/May/2020:11:53:24 -0700] "GET /tag/podcast?offset=32 HTTP/1.1" 200 14022 "-" "Mozilla/5.0 (compatible; SemrushBot/6~bl; +http://www.semrush.com/bot.html)" 
46.229.168.135 - - [30/May/2020:11:53:32 -0700] "GET /content/all/?offset=70&q=%23indieweb HTTP/1.1" 200 12603 "-" "Mozilla/5.0 (compatible; SemrushBot/6~bl; +http://www.semrush.com/bot.html)" 
157.55.39.224 - - [30/May/2020:11:56:04 -0700] "GET /2019/awaiting-an-organist HTTP/1.1" 200 13050 "-" "Mozilla/5.0 (compatible; bingbot/2.0; +http://www.bing.com/bingbot.htm)" 
114.119.167.191 - - [30/May/2020:11:57:16 -0700] "GET /tag/podcast?offset=30 HTTP/1.1" 200 13266 "-" "Mozilla/5.0 (Linux; Android 7.0;) AppleWebKit/537.36 (KHTML, like Gecko) Mobile Safari/537.36 (compatible; PetalBot;+https://aspiegel.com/petalbot)" 
96.126.125.129 - - [30/May/2020:11:57:49 -0700] "GET /content/statusupdates/posts/photos/checkins/bookmarkedpages?_t=rss HTTP/1.1" 200 7652 "-" "Micro.blog/1.0" 
54.36.149.211 - - [30/May/2020:11:57:55 -0700] "GET /2018/2018-05-27 HTTP/1.1" 200 9945 "-" "Mozilla/5.0 (compatible; AhrefsBot/6.1; News; +http://ahrefs.com/robot/)" 
46.229.168.147 - - [30/May/2020:11:59:02 -0700] "GET /?offset=127&q=%23%2B%23indieweb HTTP/1.1" 200 12684 "-" "Mozilla/5.0 (compatible; SemrushBot/6~bl; +http://www.semrush.com/bot.html)" 
46.229.168.151 - - [30/May/2020:11:59:14 -0700] "GET /?offset=32&q=%23%2B%23bread HTTP/1.1" 200 12581 "-" "Mozilla/5.0 (compatible; SemrushBot/6~bl; +http://www.semrush.com/bot.html)" 
46.229.168.146 - - [30/May/2020:11:59:16 -0700] "GET /content/all/?offset=30&q=%23withknown HTTP/1.1" 200 13565 "-" "Mozilla/5.0 (compatible; SemrushBot/6~bl; +http://www.semrush.com/bot.html)" 
