54.39.177.92 - - [17/Apr/2020:01:37:55 -0700] "GET /.rss HTTP/1.1" 301 3647 "-" "Mozilla/5.0 (compatible; YaK/1.0; http://linkfluence.com/; bot@linkfluence.com)" 
54.36.148.37 - - [17/Apr/2020:01:43:29 -0700] "GET /robots.txt HTTP/1.1" 301 3657 "-" "Mozilla/5.0 (compatible; AhrefsBot/6.1; +http://ahrefs.com/robot/)" 
66.249.66.48 - - [17/Apr/2020:02:35:00 -0700] "GET /robots.txt HTTP/1.1" 301 3908 "-" "Mozilla/5.0 (compatible; Googlebot/2.1; +http://www.google.com/bot.html)" 
66.249.66.48 - - [17/Apr/2020:02:35:00 -0700] "GET / HTTP/1.1" 301 608 "-" "Mozilla/5.0 (compatible; Googlebot/2.1; +http://www.google.com/bot.html)" 
54.39.177.92 - - [17/Apr/2020:04:02:32 -0700] "GET /blog.atom HTTP/1.1" 301 3653 "-" "Mozilla/5.0 (compatible; YaK/1.0; http://linkfluence.com/; bot@linkfluence.com)" 
103.131.71.207 - - [17/Apr/2020:04:22:33 -0700] "GET /robots.txt HTTP/1.1" 200 3673 "-" "Mozilla/5.0 (compatible; coccocbot-image/1.0; +http://help.coccoc.com/searchengine)" 
54.39.177.92 - - [17/Apr/2020:05:52:42 -0700] "GET /blog.rss HTTP/1.1" 301 3654 "-" "Mozilla/5.0 (compatible; YaK/1.0; http://linkfluence.com/; bot@linkfluence.com)" 
66.249.66.50 - - [17/Apr/2020:05:54:01 -0700] "GET /robots.txt HTTP/1.1" 301 3908 "-" "Mozilla/5.0 (compatible; Googlebot/2.1; +http://www.google.com/bot.html)" 
66.249.66.52 - - [17/Apr/2020:05:54:02 -0700] "GET / HTTP/1.1" 301 3888 "-" "Mozilla/5.0 (Linux; Android 6.0.1; Nexus 5X Build/MMB29P) AppleWebKit/537.36 (KHTML, like Gecko) Chrome/41.0.2272.96 Mobile Safari/537.36 (compatible; Googlebot/2.1; +http://www.google.com/bot.html)" 
207.46.13.241 - - [17/Apr/2020:06:20:32 -0700] "GET /blog/monthly-report-2019%E2%80%9302 HTTP/1.1" 301 3948 "-" "Mozilla/5.0 (compatible; bingbot/2.0; +http://www.bing.com/bingbot.htm)" 
66.249.66.50 - - [17/Apr/2020:06:35:03 -0700] "GET /ads.txt HTTP/1.1" 301 3903 "-" "Mozilla/5.0 (compatible; Googlebot/2.1; +http://www.google.com/bot.html)" 
54.39.177.92 - - [17/Apr/2020:07:20:34 -0700] "GET /.rss HTTP/1.1" 301 3647 "-" "Mozilla/5.0 (compatible; YaK/1.0; http://linkfluence.com/; bot@linkfluence.com)" 
91.188.212.153 - - [17/Apr/2020:08:41:35 -0700] "GET /blog/a-pox-on-spammers HTTP/1.1" 301 3990 "https://7ooo.ru/" "Re-re Studio (+http://2re.site/)" 
131.220.6.152 - - [17/Apr/2020:09:33:44 -0700] "GET / HTTP/1.1" 301 3832 "-" "Mozilla/5.0 (X11; Linux x86_64) AppleWebKit/537.36 (KHTML, like Gecko) Chrome/79.0.3945.79 Safari/537.36" 
46.229.168.143 - - [17/Apr/2020:10:09:17 -0700] "GET /blog/my-head-on-a-plate HTTP/1.1" 301 3893 "-" "Mozilla/5.0 (compatible; SemrushBot/6~bl; +http://www.semrush.com/bot.html)" 
103.131.71.215 - - [17/Apr/2020:10:40:59 -0700] "GET /robots.txt HTTP/1.1" 200 3673 "-" "Mozilla/5.0 (compatible; coccocbot-image/1.0; +http://help.coccoc.com/searchengine)" 
91.188.212.153 - - [17/Apr/2020:11:11:53 -0700] "GET /blog/working-life HTTP/1.1" 301 3942 "https://7ooo.ru/" "Re-re Studio (+http://2re.site/)" 
71.114.61.155 - - [17/Apr/2020:11:44:12 -0700] "GET / HTTP/1.1" 301 3642 "-" "Mozilla/5.0 (X11; Linux i586; rv:31.0) Gecko/20100101 Firefox/74.0" 
54.39.177.92 - - [17/Apr/2020:11:53:35 -0700] "GET /blog.rss HTTP/1.1" 301 3654 "-" "Mozilla/5.0 (compatible; YaK/1.0; http://linkfluence.com/; bot@linkfluence.com)" 
91.188.212.153 - - [17/Apr/2020:13:07:33 -0700] "GET /blog/theyre-not-dead HTTP/1.1" 301 3990 "https://7ooo.ru/" "Re-re Studio (+http://2re.site/)" 
91.188.212.153 - - [17/Apr/2020:13:07:41 -0700] "GET /blog/goosed HTTP/1.1" 301 3942 "https://7ooo.ru/" "Re-re Studio (+http://2re.site/)" 
91.188.212.153 - - [17/Apr/2020:13:07:47 -0700] "GET /blog/nothing-new-in-the-gurt-world HTTP/1.1" 301 3990 "https://7ooo.ru/" "Re-re Studio (+http://2re.site/)" 
91.188.212.153 - - [17/Apr/2020:13:07:54 -0700] "GET /blog/tag:General HTTP/1.1" 301 3942 "https://7ooo.ru/" "Re-re Studio (+http://2re.site/)" 
91.188.212.153 - - [17/Apr/2020:13:08:05 -0700] "GET /blog/tag:General/page:2 HTTP/1.1" 301 3974 "https://7ooo.ru/" "Re-re Studio (+http://2re.site/)" 
91.188.212.153 - - [17/Apr/2020:13:08:09 -0700] "GET /blog/tag:General/page:3 HTTP/1.1" 301 3974 "https://7ooo.ru/" "Re-re Studio (+http://2re.site/)" 
91.188.212.153 - - [17/Apr/2020:13:21:32 -0700] "GET /blog/monthly-report-2020-02 HTTP/1.1" 301 3974 "https://7ooo.ru/" "Re-re Studio (+http://2re.site/)" 
91.188.212.153 - - [17/Apr/2020:13:21:35 -0700] "GET /blog/statisfaction HTTP/1.1" 301 3958 "https://7ooo.ru/" "Re-re Studio (+http://2re.site/)" 
91.188.212.153 - - [17/Apr/2020:13:21:38 -0700] "GET /blog/tag:Geeky/page:2 HTTP/1.1" 301 3990 "https://7ooo.ru/" "Re-re Studio (+http://2re.site/)" 
91.188.212.153 - - [17/Apr/2020:13:21:41 -0700] "GET /blog/tag:Geeky/page:3 HTTP/1.1" 301 3990 "https://7ooo.ru/" "Re-re Studio (+http://2re.site/)" 
91.188.212.153 - - [17/Apr/2020:13:22:54 -0700] "GET /blog/2020-2-27-2 HTTP/1.1" 301 3942 "https://7ooo.ru/" "Re-re Studio (+http://2re.site/)" 
91.188.212.153 - - [17/Apr/2020:13:23:02 -0700] "GET /blog/2020-2-27-1 HTTP/1.1" 301 3942 "https://7ooo.ru/" "Re-re Studio (+http://2re.site/)" 
91.188.212.153 - - [17/Apr/2020:13:23:04 -0700] "GET /blog/2020-2-27 HTTP/1.1" 301 3942 "https://7ooo.ru/" "Re-re Studio (+http://2re.site/)" 
91.188.212.153 - - [17/Apr/2020:13:23:07 -0700] "GET /blog/2020-2-26-1 HTTP/1.1" 301 3942 "https://7ooo.ru/" "Re-re Studio (+http://2re.site/)" 
91.188.212.153 - - [17/Apr/2020:13:23:09 -0700] "GET /blog/2020-2-26 HTTP/1.1" 301 3942 "https://7ooo.ru/" "Re-re Studio (+http://2re.site/)" 
91.188.212.153 - - [17/Apr/2020:13:23:17 -0700] "GET /blog/2020-2-25 HTTP/1.1" 301 3942 "https://7ooo.ru/" "Re-re Studio (+http://2re.site/)" 
91.188.212.153 - - [17/Apr/2020:13:23:21 -0700] "GET /blog/2020-2-24-1 HTTP/1.1" 301 3942 "https://7ooo.ru/" "Re-re Studio (+http://2re.site/)" 
91.188.212.153 - - [17/Apr/2020:13:23:23 -0700] "GET /blog/2020-2-24 HTTP/1.1" 301 3942 "https://7ooo.ru/" "Re-re Studio (+http://2re.site/)" 
91.188.212.153 - - [17/Apr/2020:13:23:29 -0700] "GET /blog/2020-2-21 HTTP/1.1" 301 3942 "https://7ooo.ru/" "Re-re Studio (+http://2re.site/)" 
91.188.212.153 - - [17/Apr/2020:13:23:32 -0700] "GET /blog/2020-2-19 HTTP/1.1" 301 3942 "https://7ooo.ru/" "Re-re Studio (+http://2re.site/)" 
91.188.212.153 - - [17/Apr/2020:13:23:39 -0700] "GET /stream/page:4 HTTP/1.1" 301 3942 "https://7ooo.ru/" "Re-re Studio (+http://2re.site/)" 
91.188.212.153 - - [17/Apr/2020:13:33:34 -0700] "GET /blog/monthly-report-2019-11 HTTP/1.1" 301 3974 "https://7ooo.ru/" "Re-re Studio (+http://2re.site/)" 
91.188.212.153 - - [17/Apr/2020:13:33:37 -0700] "GET /blog/monthly-report-2019-10 HTTP/1.1" 301 3974 "https://7ooo.ru/" "Re-re Studio (+http://2re.site/)" 
91.188.212.153 - - [17/Apr/2020:13:33:39 -0700] "GET /blog/tag:Monthlies/page:2 HTTP/1.1" 301 3974 "https://7ooo.ru/" "Re-re Studio (+http://2re.site/)" 
91.188.212.153 - - [17/Apr/2020:13:33:42 -0700] "GET /blog/tag:Monthlies/page:3 HTTP/1.1" 301 3974 "https://7ooo.ru/" "Re-re Studio (+http://2re.site/)" 
91.188.212.153 - - [17/Apr/2020:13:35:23 -0700] "GET /blog/inventive HTTP/1.1" 301 3942 "https://7ooo.ru/" "Re-re Studio (+http://2re.site/)" 
91.188.212.153 - - [17/Apr/2020:13:35:28 -0700] "GET /blog/bread-site-springs-back-to-life HTTP/1.1" 301 4006 "https://7ooo.ru/" "Re-re Studio (+http://2re.site/)" 
91.188.212.153 - - [17/Apr/2020:13:35:33 -0700] "GET /blog/vicarious-bready-joy HTTP/1.1" 301 3974 "https://7ooo.ru/" "Re-re Studio (+http://2re.site/)" 
91.188.212.153 - - [17/Apr/2020:13:35:39 -0700] "GET /blog/how-great-canadian-wheat-ruined-industrial-bread HTTP/1.1" 301 4038 "https://7ooo.ru/" "Re-re Studio (+http://2re.site/)" 
91.188.212.153 - - [17/Apr/2020:13:35:41 -0700] "GET /blog/tag:Bread%20and%20Cheese/page:2 HTTP/1.1" 301 3974 "https://7ooo.ru/" "Re-re Studio (+http://2re.site/)" 
91.188.212.153 - - [17/Apr/2020:13:35:44 -0700] "GET /blog/tag:Bread%20and%20Cheese/page:3 HTTP/1.1" 301 3974 "https://7ooo.ru/" "Re-re Studio (+http://2re.site/)" 
91.188.212.153 - - [17/Apr/2020:13:42:28 -0700] "GET /blog/indiewebcamp-utrecht HTTP/1.1" 301 3974 "https://7ooo.ru/" "Re-re Studio (+http://2re.site/)" 
91.188.212.153 - - [17/Apr/2020:13:42:41 -0700] "GET /blog/indiewebcamp-utrecht HTTP/1.1" 301 3974 "https://7ooo.ru/" "Re-re Studio (+http://2re.site/)" 
91.188.212.153 - - [17/Apr/2020:13:42:51 -0700] "GET /blog/tag:IndieWeb HTTP/1.1" 301 3942 "https://7ooo.ru/" "Re-re Studio (+http://2re.site/)" 
91.188.212.153 - - [17/Apr/2020:13:53:08 -0700] "GET /blog/2020-2-18-2 HTTP/1.1" 301 3942 "https://7ooo.ru/" "Re-re Studio (+http://2re.site/)" 
91.188.212.153 - - [17/Apr/2020:13:53:15 -0700] "GET /blog/2020-2-18-1 HTTP/1.1" 301 3942 "https://7ooo.ru/" "Re-re Studio (+http://2re.site/)" 
91.188.212.153 - - [17/Apr/2020:13:53:18 -0700] "GET /blog/2020-2-18 HTTP/1.1" 301 3942 "https://7ooo.ru/" "Re-re Studio (+http://2re.site/)" 
91.188.212.153 - - [17/Apr/2020:13:54:15 -0700] "GET /stream/page:5 HTTP/1.1" 301 3942 "https://7ooo.ru/" "Re-re Studio (+http://2re.site/)" 
54.39.177.92 - - [17/Apr/2020:14:21:45 -0700] "GET /robots.txt HTTP/1.1" 301 3657 "-" "Mozilla/5.0 (compatible; YaK/1.0; http://linkfluence.com/; bot@linkfluence.com)" 
54.39.177.92 - - [17/Apr/2020:14:23:28 -0700] "GET /blog.atom HTTP/1.1" 301 3653 "-" "Mozilla/5.0 (compatible; YaK/1.0; http://linkfluence.com/; bot@linkfluence.com)" 
216.244.66.237 - - [17/Apr/2020:14:39:10 -0700] "GET /wp/Archive/2006/08/15/food-news-6/feed/ HTTP/1.1" 301 3707 "-" "Mozilla/5.0 (compatible; DotBot/1.1; http://www.opensiteexplorer.org/dotbot, help@moz.com)" 
216.244.66.237 - - [17/Apr/2020:14:39:15 -0700] "GET /wp/Archive/2007/05/01/food-news-43/feed/ HTTP/1.1" 301 3709 "-" "Mozilla/5.0 (compatible; DotBot/1.1; http://www.opensiteexplorer.org/dotbot, help@moz.com)" 
157.55.39.109 - - [17/Apr/2020:15:06:14 -0700] "GET /blog/the-power-of-fm-radio HTTP/1.1" 301 3937 "-" "Mozilla/5.0 (compatible; bingbot/2.0; +http://www.bing.com/bingbot.htm)" 
91.188.212.153 - - [17/Apr/2020:15:27:40 -0700] "GET /stream/tag:podcasts HTTP/1.1" 301 3974 "https://7ooo.ru/" "Re-re Studio (+http://2re.site/)" 
91.188.212.153 - - [17/Apr/2020:15:33:42 -0700] "GET /blog/tag:Fiction HTTP/1.1" 301 3942 "https://7ooo.ru/" "Re-re Studio (+http://2re.site/)" 
91.188.212.153 - - [17/Apr/2020:15:33:45 -0700] "GET /blog/flogging-a-dead-horse HTTP/1.1" 301 3974 "https://7ooo.ru/" "Re-re Studio (+http://2re.site/)" 
91.188.212.153 - - [17/Apr/2020:15:33:48 -0700] "GET /blog/not-entirely-dead HTTP/1.1" 301 3990 "https://7ooo.ru/" "Re-re Studio (+http://2re.site/)" 
54.36.150.41 - - [17/Apr/2020:15:36:12 -0700] "GET / HTTP/1.1" 301 3637 "-" "Mozilla/5.0 (compatible; AhrefsBot/6.1; +http://ahrefs.com/robot/)" 
91.188.212.153 - - [17/Apr/2020:15:36:23 -0700] "GET /blog/love-among-the-chickens HTTP/1.1" 301 3974 "https://7ooo.ru/" "Re-re Studio (+http://2re.site/)" 
91.188.212.153 - - [17/Apr/2020:15:36:26 -0700] "GET /blog/love-among-the-chickens HTTP/1.1" 301 3974 "https://7ooo.ru/" "Re-re Studio (+http://2re.site/)" 
91.188.212.153 - - [17/Apr/2020:15:36:28 -0700] "GET /blog/a-little-automation HTTP/1.1" 301 3974 "https://7ooo.ru/" "Re-re Studio (+http://2re.site/)" 
91.188.212.153 - - [17/Apr/2020:15:36:34 -0700] "GET /blog/technological-progress HTTP/1.1" 301 3974 "https://7ooo.ru/" "Re-re Studio (+http://2re.site/)" 
91.188.212.153 - - [17/Apr/2020:15:37:06 -0700] "GET /blog/making-tracks HTTP/1.1" 301 3958 "https://7ooo.ru/" "Re-re Studio (+http://2re.site/)" 
91.188.212.153 - - [17/Apr/2020:15:37:09 -0700] "GET /blog/making-tracks HTTP/1.1" 301 3958 "https://7ooo.ru/" "Re-re Studio (+http://2re.site/)" 
91.188.212.153 - - [17/Apr/2020:15:38:45 -0700] "GET /blog/can-you-depend-on-twitter HTTP/1.1" 301 3974 "https://7ooo.ru/" "Re-re Studio (+http://2re.site/)" 
91.188.212.153 - - [17/Apr/2020:15:41:26 -0700] "GET /blog/page:4 HTTP/1.1" 301 3942 "https://7ooo.ru/" "Re-re Studio (+http://2re.site/)" 
91.188.212.153 - - [17/Apr/2020:15:45:24 -0700] "GET /blog/tag:Non-fiction HTTP/1.1" 301 3990 "https://7ooo.ru/" "Re-re Studio (+http://2re.site/)" 
209.17.96.58 - - [17/Apr/2020:15:46:36 -0700] "GET / HTTP/1.1" 301 3603 "-" "Mozilla/5.0 (compatible; Nimbostratus-Bot/v1.3.2; http://cloudsystemnetworks.com)" 
91.188.212.153 - - [17/Apr/2020:15:48:38 -0700] "GET /blog/no-applescript-in-firefox HTTP/1.1" 301 3974 "https://7ooo.ru/" "Re-re Studio (+http://2re.site/)" 
91.188.212.153 - - [17/Apr/2020:15:48:41 -0700] "GET /blog/automating-listen-posts HTTP/1.1" 301 3974 "https://7ooo.ru/" "Re-re Studio (+http://2re.site/)" 
91.188.212.153 - - [17/Apr/2020:15:51:45 -0700] "GET /blog/make-it-easy-to-be-followed HTTP/1.1" 301 3974 "https://7ooo.ru/" "Re-re Studio (+http://2re.site/)" 
91.188.212.153 - - [17/Apr/2020:15:51:49 -0700] "GET /blog/leaving-yahoo-groups-is-impossible-for-some HTTP/1.1" 301 4006 "https://7ooo.ru/" "Re-re Studio (+http://2re.site/)" 
91.188.212.153 - - [17/Apr/2020:15:51:51 -0700] "GET /blog/spam-almost-vanquished HTTP/1.1" 301 3974 "https://7ooo.ru/" "Re-re Studio (+http://2re.site/)" 
91.188.212.153 - - [17/Apr/2020:15:51:53 -0700] "GET /blog/orchid-transplants HTTP/1.1" 301 3974 "https://7ooo.ru/" "Re-re Studio (+http://2re.site/)" 
91.188.212.153 - - [17/Apr/2020:15:51:56 -0700] "GET /blog/page:5 HTTP/1.1" 301 3942 "https://7ooo.ru/" "Re-re Studio (+http://2re.site/)" 
91.188.212.153 - - [17/Apr/2020:15:54:41 -0700] "GET /blog/david-and-goliath HTTP/1.1" 301 3990 "https://7ooo.ru/" "Re-re Studio (+http://2re.site/)" 
91.188.212.153 - - [17/Apr/2020:15:54:44 -0700] "GET /blog/just-give-poor-people-money HTTP/1.1" 301 3974 "https://7ooo.ru/" "Re-re Studio (+http://2re.site/)" 
91.188.212.153 - - [17/Apr/2020:15:55:35 -0700] "GET /blog/tag:Notes HTTP/1.1" 301 3942 "https://7ooo.ru/" "Re-re Studio (+http://2re.site/)" 
91.188.212.153 - - [17/Apr/2020:15:55:38 -0700] "GET /blog/monthly-report-2018-03 HTTP/1.1" 301 3974 "https://7ooo.ru/" "Re-re Studio (+http://2re.site/)" 
91.188.212.153 - - [17/Apr/2020:15:55:44 -0700] "GET /blog/instagram-leaves-money-on-the-table HTTP/1.1" 301 4006 "https://7ooo.ru/" "Re-re Studio (+http://2re.site/)" 
91.188.212.153 - - [17/Apr/2020:15:59:28 -0700] "GET /cdn-cgi/l/email-protection HTTP/1.1" 301 3974 "https://7ooo.ru/" "Re-re Studio (+http://2re.site/)" 
91.188.212.153 - - [17/Apr/2020:16:00:50 -0700] "GET /blog/lemon-marmalade HTTP/1.1" 301 3990 "https://7ooo.ru/" "Re-re Studio (+http://2re.site/)" 
91.188.212.153 - - [17/Apr/2020:16:00:53 -0700] "GET /blog/no-need-for-a-journalling-app HTTP/1.1" 301 3990 "https://7ooo.ru/" "Re-re Studio (+http://2re.site/)" 
91.188.212.153 - - [17/Apr/2020:16:04:57 -0700] "GET /blog/using-reading-am-with-grav HTTP/1.1" 301 3974 "https://7ooo.ru/" "Re-re Studio (+http://2re.site/)" 
91.188.212.153 - - [17/Apr/2020:16:05:00 -0700] "GET /blog/patrick-bateson-1938-2017 HTTP/1.1" 301 3974 "https://7ooo.ru/" "Re-re Studio (+http://2re.site/)" 
91.188.212.153 - - [17/Apr/2020:16:12:25 -0700] "GET /blog/thomas-meaney-on-timothy-snyder-on-tyranny HTTP/1.1" 301 4006 "https://7ooo.ru/" "Re-re Studio (+http://2re.site/)" 
91.188.212.153 - - [17/Apr/2020:16:12:28 -0700] "GET /blog/hold-still HTTP/1.1" 301 3942 "https://7ooo.ru/" "Re-re Studio (+http://2re.site/)" 
91.188.212.153 - - [17/Apr/2020:16:12:31 -0700] "GET /blog/the-sellout HTTP/1.1" 301 3942 "https://7ooo.ru/" "Re-re Studio (+http://2re.site/)" 
91.188.212.153 - - [17/Apr/2020:16:12:33 -0700] "GET /blog/h-is-for-hawk HTTP/1.1" 301 3958 "https://7ooo.ru/" "Re-re Studio (+http://2re.site/)" 
91.188.212.153 - - [17/Apr/2020:16:12:36 -0700] "GET /blog/heroes-of-the-frontier HTTP/1.1" 301 3974 "https://7ooo.ru/" "Re-re Studio (+http://2re.site/)" 
91.188.212.153 - - [17/Apr/2020:16:12:38 -0700] "GET /blog/cuisine-and-empire-cooking-in-world-history HTTP/1.1" 301 4006 "https://7ooo.ru/" "Re-re Studio (+http://2re.site/)" 
91.188.212.153 - - [17/Apr/2020:16:12:40 -0700] "GET /blog/a-perfect-calamity HTTP/1.1" 301 3974 "https://7ooo.ru/" "Re-re Studio (+http://2re.site/)" 
103.131.71.45 - - [17/Apr/2020:16:19:50 -0700] "GET /robots.txt HTTP/1.1" 200 3673 "-" "Mozilla/5.0 (compatible; coccocbot-image/1.0; +http://help.coccoc.com/searchengine)" 
216.244.66.237 - - [17/Apr/2020:16:25:20 -0700] "GET /wp/Archive/2004/08/31/gentlemen-prefer/ HTTP/1.1" 301 3707 "-" "Mozilla/5.0 (compatible; DotBot/1.1; http://www.opensiteexplorer.org/dotbot, help@moz.com)" 
216.244.66.237 - - [17/Apr/2020:16:25:23 -0700] "GET /wp/Archive/2005/07/05/lagging-behind/feed HTTP/1.1" 301 3711 "-" "Mozilla/5.0 (compatible; DotBot/1.1; http://www.opensiteexplorer.org/dotbot, help@moz.com)" 
216.244.66.237 - - [17/Apr/2020:16:25:25 -0700] "GET /wp/Archive/2006/05/07/scenes-from-roman-life-2/ HTTP/1.1" 301 3697 "-" "Mozilla/5.0 (compatible; DotBot/1.1; http://www.opensiteexplorer.org/dotbot, help@moz.com)" 
216.244.66.237 - - [17/Apr/2020:16:25:27 -0700] "GET /wp/Archive/2006/08/15/food-news-6/feed HTTP/1.1" 301 3679 "-" "Mozilla/5.0 (compatible; DotBot/1.1; http://www.opensiteexplorer.org/dotbot, help@moz.com)" 
216.244.66.237 - - [17/Apr/2020:16:25:29 -0700] "GET /wp/Archive/2007/04/12/swiss-army-idiot/feed HTTP/1.1" 301 3689 "-" "Mozilla/5.0 (compatible; DotBot/1.1; http://www.opensiteexplorer.org/dotbot, help@moz.com)" 
216.244.66.237 - - [17/Apr/2020:16:25:31 -0700] "GET /wp/Archive/2007/12/13/no-more-trouble/ HTTP/1.1" 301 3679 "-" "Mozilla/5.0 (compatible; DotBot/1.1; http://www.opensiteexplorer.org/dotbot, help@moz.com)" 
216.244.66.237 - - [17/Apr/2020:16:25:32 -0700] "GET /wp/Archive/2008/06/27/impatience-rewarded-too/feed HTTP/1.1" 301 3703 "-" "Mozilla/5.0 (compatible; DotBot/1.1; http://www.opensiteexplorer.org/dotbot, help@moz.com)" 
216.244.66.237 - - [17/Apr/2020:16:25:34 -0700] "GET /wp/Archive/2009/10/08/anachronistic-moi/feed HTTP/1.1" 301 3691 "-" "Mozilla/5.0 (compatible; DotBot/1.1; http://www.opensiteexplorer.org/dotbot, help@moz.com)" 
91.188.212.153 - - [17/Apr/2020:16:30:12 -0700] "GET /blog/keyboard-love HTTP/1.1" 301 3958 "https://7ooo.ru/" "Re-re Studio (+http://2re.site/)" 
91.188.212.153 - - [17/Apr/2020:16:30:16 -0700] "GET /blog/keyboard-love HTTP/1.1" 301 3958 "https://7ooo.ru/" "Re-re Studio (+http://2re.site/)" 
91.188.212.153 - - [17/Apr/2020:16:30:19 -0700] "GET /blog/keyboard-love HTTP/1.1" 301 3958 "https://7ooo.ru/" "Re-re Studio (+http://2re.site/)" 
91.188.212.153 - - [17/Apr/2020:16:30:21 -0700] "GET /blog/keyboard-love HTTP/1.1" 301 3958 "https://7ooo.ru/" "Re-re Studio (+http://2re.site/)" 
91.188.212.153 - - [17/Apr/2020:16:30:24 -0700] "GET /blog/a-food-community HTTP/1.1" 301 3990 "https://7ooo.ru/" "Re-re Studio (+http://2re.site/)" 
91.188.212.153 - - [17/Apr/2020:16:30:26 -0700] "GET /blog/an-unreasonable-attack-on-the-industrialized-food-system HTTP/1.1" 301 4038 "https://7ooo.ru/" "Re-re Studio (+http://2re.site/)" 
103.131.71.209 - - [17/Apr/2020:16:35:07 -0700] "GET /robots.txt HTTP/1.1" 200 3673 "-" "Mozilla/5.0 (compatible; coccocbot-image/1.0; +http://help.coccoc.com/searchengine)" 
162.210.196.100 - - [17/Apr/2020:16:39:49 -0700] "GET /robots.txt HTTP/1.1" 301 3869 "-" "Mozilla/5.0 (compatible; MJ12bot/v1.4.8; http://mj12bot.com/)" 
162.210.196.100 - - [17/Apr/2020:16:39:51 -0700] "GET / HTTP/1.1" 301 3832 "-" "Mozilla/5.0 (compatible; MJ12bot/v1.4.8; http://mj12bot.com/)" 
216.244.66.237 - - [17/Apr/2020:17:11:20 -0700] "GET /wp/Archive/2009/12/08/food-news-new-series-18-wasted/ HTTP/1.1" 301 3709 "-" "Mozilla/5.0 (compatible; DotBot/1.1; http://www.opensiteexplorer.org/dotbot, help@moz.com)" 
54.39.177.92 - - [17/Apr/2020:20:07:46 -0700] "GET /blog.rss HTTP/1.1" 301 3654 "-" "Mozilla/5.0 (compatible; YaK/1.0; http://linkfluence.com/; bot@linkfluence.com)" 
216.244.66.237 - - [17/Apr/2020:21:12:49 -0700] "GET /wp/Archive/2007/06/27/neat-o/feed/ HTTP/1.1" 301 3671 "-" "Mozilla/5.0 (compatible; DotBot/1.1; http://www.opensiteexplorer.org/dotbot, help@moz.com)" 
216.244.66.237 - - [17/Apr/2020:21:13:34 -0700] "GET /wp/Archive/2005/09/06/to-everything/feed/ HTTP/1.1" 301 3711 "-" "Mozilla/5.0 (compatible; DotBot/1.1; http://www.opensiteexplorer.org/dotbot, help@moz.com)" 
216.244.66.237 - - [17/Apr/2020:21:13:38 -0700] "GET /wp/Archive/2007/10/22/more-messin/feed/ HTTP/1.1" 301 3707 "-" "Mozilla/5.0 (compatible; DotBot/1.1; http://www.opensiteexplorer.org/dotbot, help@moz.com)" 
216.244.66.237 - - [17/Apr/2020:21:13:42 -0700] "GET /wp/Archive/2008/10/11/brought-up-short/feed/ HTTP/1.1" 301 3691 "-" "Mozilla/5.0 (compatible; DotBot/1.1; http://www.opensiteexplorer.org/dotbot, help@moz.com)" 
216.244.66.237 - - [17/Apr/2020:21:13:45 -0700] "GET /wp/Archive/2010/02/14/an-oz-view-of-natural-leavens/feed/ HTTP/1.1" 301 3717 "-" "Mozilla/5.0 (compatible; DotBot/1.1; http://www.opensiteexplorer.org/dotbot, help@moz.com)" 
192.243.53.51 - - [17/Apr/2020:21:53:11 -0700] "GET / HTTP/1.1" 301 3637 "-" "SEMrushBot" 
192.243.53.51 - - [17/Apr/2020:21:53:12 -0700] "GET / HTTP/1.1" 200 9328 "https://jeremycherfas.net/" "SEMrushBot" 
216.244.66.237 - - [17/Apr/2020:22:02:01 -0700] "GET /wp/Archive/2006/06/04/not-entirely-happy/feed/ HTTP/1.1" 301 3695 "-" "Mozilla/5.0 (compatible; DotBot/1.1; http://www.opensiteexplorer.org/dotbot, help@moz.com)" 
216.244.66.237 - - [17/Apr/2020:22:02:06 -0700] "GET /wp/Archive/2007/02/27/food-news-34/feed/ HTTP/1.1" 301 3709 "-" "Mozilla/5.0 (compatible; DotBot/1.1; http://www.opensiteexplorer.org/dotbot, help@moz.com)" 
216.244.66.237 - - [17/Apr/2020:22:02:10 -0700] "GET /wp/Archive/2007/07/16/lifelong-learning/feed/ HTTP/1.1" 301 3693 "-" "Mozilla/5.0 (compatible; DotBot/1.1; http://www.opensiteexplorer.org/dotbot, help@moz.com)" 
216.244.66.237 - - [17/Apr/2020:22:02:13 -0700] "GET /wp/Archive/2008/04/28/wheres-my-mojo/feed/ HTTP/1.1" 301 3687 "-" "Mozilla/5.0 (compatible; DotBot/1.1; http://www.opensiteexplorer.org/dotbot, help@moz.com)" 
216.244.66.237 - - [17/Apr/2020:22:02:17 -0700] "GET /wp/Archive/2008/07/20/i-got-a-bee-in-my-urinal/ HTTP/1.1" 301 3697 "-" "Mozilla/5.0 (compatible; DotBot/1.1; http://www.opensiteexplorer.org/dotbot, help@moz.com)" 
216.244.66.237 - - [17/Apr/2020:22:02:19 -0700] "GET /wp/Archive/2009/08/13/tid-45-walked-on-a-beach-by-moonlight/feed/ HTTP/1.1" 301 3733 "-" "Mozilla/5.0 (compatible; DotBot/1.1; http://www.opensiteexplorer.org/dotbot, help@moz.com)" 
216.244.66.237 - - [17/Apr/2020:22:02:22 -0700] "GET /wp/Archive/2009/09/08/food-news-new-series-5-i-take-the-bait/feed/ HTTP/1.1" 301 3735 "-" "Mozilla/5.0 (compatible; DotBot/1.1; http://www.opensiteexplorer.org/dotbot, help@moz.com)" 
216.244.66.237 - - [17/Apr/2020:22:02:24 -0700] "GET /wp/Archive/2009/11/17/food-news-new-series-15-strike-one/feed/ HTTP/1.1" 301 3727 "-" "Mozilla/5.0 (compatible; DotBot/1.1; http://www.opensiteexplorer.org/dotbot, help@moz.com)" 
216.244.66.237 - - [17/Apr/2020:22:02:25 -0700] "GET /wp/Archive/2010/12/01/an-unreasonable-attack-on-the-industrialized-food-system/feed/ HTTP/1.1" 301 3771 "-" "Mozilla/5.0 (compatible; DotBot/1.1; http://www.opensiteexplorer.org/dotbot, help@moz.com)" 
216.244.66.237 - - [17/Apr/2020:22:02:27 -0700] "GET /wp/Archive/2013/03/26/annals-of-hyphen-nation/feed/ HTTP/1.1" 301 3705 "-" "Mozilla/5.0 (compatible; DotBot/1.1; http://www.opensiteexplorer.org/dotbot, help@moz.com)" 
54.39.177.92 - - [17/Apr/2020:22:38:32 -0700] "GET /blog.atom HTTP/1.1" 301 3653 "-" "Mozilla/5.0 (compatible; YaK/1.0; http://linkfluence.com/; bot@linkfluence.com)" 
103.131.71.205 - - [17/Apr/2020:22:39:24 -0700] "GET /robots.txt HTTP/1.1" 200 3673 "-" "Mozilla/5.0 (compatible; coccocbot-image/1.0; +http://help.coccoc.com/searchengine)" 
216.244.66.237 - - [17/Apr/2020:22:50:43 -0700] "GET /wp/Archive/2005/11/11/musical-scribbles/feed/ HTTP/1.1" 301 3693 "-" "Mozilla/5.0 (compatible; DotBot/1.1; http://www.opensiteexplorer.org/dotbot, help@moz.com)" 
216.244.66.237 - - [17/Apr/2020:22:50:48 -0700] "GET /wp/Archive/2006/06/20/not-quite-ready/feed/ HTTP/1.1" 301 3689 "-" "Mozilla/5.0 (compatible; DotBot/1.1; http://www.opensiteexplorer.org/dotbot, help@moz.com)" 
216.244.66.237 - - [17/Apr/2020:22:50:53 -0700] "GET /wp/Archive/2006/10/10/food-news-14/feed/ HTTP/1.1" 301 3709 "-" "Mozilla/5.0 (compatible; DotBot/1.1; http://www.opensiteexplorer.org/dotbot, help@moz.com)" 
216.244.66.237 - - [17/Apr/2020:22:50:59 -0700] "GET /wp/Archive/2007/12/12/mad-bad-and-dangerous/feed/ HTTP/1.1" 301 3701 "-" "Mozilla/5.0 (compatible; DotBot/1.1; http://www.opensiteexplorer.org/dotbot, help@moz.com)" 
216.244.66.237 - - [17/Apr/2020:22:51:03 -0700] "GET /wp/Archive/2008/04/22/stormy-weather/feed/ HTTP/1.1" 301 3687 "-" "Mozilla/5.0 (compatible; DotBot/1.1; http://www.opensiteexplorer.org/dotbot, help@moz.com)" 
216.244.66.237 - - [17/Apr/2020:22:51:05 -0700] "GET /wp/Archive/2008/09/04/hot-links/feed/ HTTP/1.1" 301 3677 "-" "Mozilla/5.0 (compatible; DotBot/1.1; http://www.opensiteexplorer.org/dotbot, help@moz.com)" 
216.244.66.237 - - [17/Apr/2020:22:51:08 -0700] "GET /wp/Archive/2008/12/09/tid-2-slept-under-the-stars/feed/ HTTP/1.1" 301 3713 "-" "Mozilla/5.0 (compatible; DotBot/1.1; http://www.opensiteexplorer.org/dotbot, help@moz.com)" 
216.244.66.237 - - [17/Apr/2020:22:51:10 -0700] "GET /wp/Archive/2009/01/19/no-no-god-buses-in-genoa/feed/ HTTP/1.1" 301 3707 "-" "Mozilla/5.0 (compatible; DotBot/1.1; http://www.opensiteexplorer.org/dotbot, help@moz.com)" 
216.244.66.237 - - [17/Apr/2020:22:51:11 -0700] "GET /wp/Archive/2010/09/08/no-more-no-knead/feed/ HTTP/1.1" 301 3691 "-" "Mozilla/5.0 (compatible; DotBot/1.1; http://www.opensiteexplorer.org/dotbot, help@moz.com)" 
82.196.0.116 - - [17/Apr/2020:22:55:35 -0700] "GET / HTTP/1.1" 301 3603 "-" "Huffduffer" 
46.229.168.149 - - [17/Apr/2020:22:59:29 -0700] "GET /robots.txt HTTP/1.1" 301 3871 "-" "Mozilla/5.0 (compatible; SemrushBot/6~bl; +http://www.semrush.com/bot.html)" 
46.229.168.130 - - [17/Apr/2020:22:59:31 -0700] "GET /blog/a-pox-on-spammers HTTP/1.1" 301 3893 "-" "Mozilla/5.0 (compatible; SemrushBot/6~bl; +http://www.semrush.com/bot.html)" 
54.36.148.208 - - [18/Apr/2020:00:09:18 -0700] "GET / HTTP/1.1" 301 3637 "-" "Mozilla/5.0 (compatible; AhrefsBot/6.1; +http://ahrefs.com/robot/)" 
