185.65.135.181 - - [28/Apr/2020:02:36:30 -0700] "GET /service/web/unfurl/?url=https%3A%2F%2Fwww.kickscondor.com%2Flinks%2Fgardens-and-streams%2F&__bTk=d7ce7e25e611392d74345c9cfc8727a169b5bdbb9d7150045ada835fff8ecf2f&__bTs=1588066590 HTTP/1.1" 200 21044 "https://stream.jeremycherfas.net/content/all/" "Mozilla/5.0 (Macintosh; Intel Mac OS X 10.13; rv:75.0) Gecko/20100101 Firefox/75.0" 
185.65.135.181 - - [28/Apr/2020:02:36:30 -0700] "GET /service/web/imageproxy/aHR0cHM6Ly93d3cua2lja3Njb25kb3IuY29tL2ltYWdlcy9jaGFpci1zcXVhcmUucG5n HTTP/1.1" 200 2777 "https://stream.jeremycherfas.net/content/all/" "Mozilla/5.0 (Macintosh; Intel Mac OS X 10.13; rv:75.0) Gecko/20100101 Firefox/75.0" 
185.65.135.181 - - [28/Apr/2020:02:36:30 -0700] "GET /service-worker.min.js HTTP/1.1" 200 1355 "-" "Mozilla/5.0 (Macintosh; Intel Mac OS X 10.13; rv:75.0) Gecko/20100101 Firefox/75.0" 
148.251.120.201 - - [28/Apr/2020:02:36:33 -0700] "GET /content/all/?q=%23indieweb%26quot&offset=57 HTTP/1.1" 200 12250 "-" "Mozilla/5.0 (compatible; MJ12bot/v1.4.8; http://mj12bot.com/)" 
46.229.168.132 - - [28/Apr/2020:02:36:35 -0700] "GET /tag/podcast?offset=21 HTTP/1.1" 200 12414 "-" "Mozilla/5.0 (compatible; SemrushBot/6~bl; +http://www.semrush.com/bot.html)" 
148.251.120.201 - - [28/Apr/2020:02:36:38 -0700] "GET /content/audio/?q=%23%20%23IndieWeb HTTP/1.1" 200 8491 "-" "Mozilla/5.0 (compatible; MJ12bot/v1.4.8; http://mj12bot.com/)" 
185.65.135.181 - - [28/Apr/2020:02:36:41 -0700] "GET /status/edit HTTP/1.1" 200 8715 "https://stream.jeremycherfas.net/content/all/" "Mozilla/5.0 (Macintosh; Intel Mac OS X 10.13; rv:75.0) Gecko/20100101 Firefox/75.0" 
185.65.135.181 - - [28/Apr/2020:02:36:41 -0700] "GET /IdnoPlugins/Status/external/brevity-js/brevity.js HTTP/1.1" 200 6618 "https://stream.jeremycherfas.net/content/all/" "Mozilla/5.0 (Macintosh; Intel Mac OS X 10.13; rv:75.0) Gecko/20100101 Firefox/75.0" 
148.251.120.201 - - [28/Apr/2020:02:36:43 -0700] "GET /content/bookmarkedpages/?q=%23%20%23IndieWeb HTTP/1.1" 200 11080 "-" "Mozilla/5.0 (compatible; MJ12bot/v1.4.8; http://mj12bot.com/)" 
148.251.120.201 - - [28/Apr/2020:02:36:45 -0700] "GET /content/bookmarkedpages/?q=%23%20%23IndieWeb&offset=0 HTTP/1.1" 200 7778 "-" "Mozilla/5.0 (compatible; MJ12bot/v1.4.8; http://mj12bot.com/)" 
185.65.135.181 - - [28/Apr/2020:02:36:48 -0700] "GET /service/security/csrftoken/?url=https%3A%2F%2Fstream.jeremycherfas.net%2Fservice%2Fsystem%2Flog%2F HTTP/1.1" 200 1499 "https://stream.jeremycherfas.net/content/all/" "Mozilla/5.0 (Macintosh; Intel Mac OS X 10.13; rv:75.0) Gecko/20100101 Firefox/75.0" 
148.251.120.201 - - [28/Apr/2020:02:36:48 -0700] "GET /content/bookmarkedpages/?q=%23%20%23IndieWeb&offset=10 HTTP/1.1" 200 11138 "-" "Mozilla/5.0 (compatible; MJ12bot/v1.4.8; http://mj12bot.com/)" 
185.65.135.181 - - [28/Apr/2020:02:36:49 -0700] "POST /service/system/log/ HTTP/1.1" 200 1041 "https://stream.jeremycherfas.net/content/all/" "Mozilla/5.0 (Macintosh; Intel Mac OS X 10.13; rv:75.0) Gecko/20100101 Firefox/75.0" 
148.251.120.201 - - [28/Apr/2020:02:36:52 -0700] "GET /content/bookmarkedpages/?q=%23%20%23IndieWeb&offset=18 HTTP/1.1" 200 12111 "-" "Mozilla/5.0 (compatible; MJ12bot/v1.4.8; http://mj12bot.com/)" 
148.251.120.201 - - [28/Apr/2020:02:36:55 -0700] "GET /content/bookmarkedpages/?q=%23%20%23IndieWeb&offset=20 HTTP/1.1" 200 12577 "-" "Mozilla/5.0 (compatible; MJ12bot/v1.4.8; http://mj12bot.com/)" 
148.251.120.201 - - [28/Apr/2020:02:36:58 -0700] "GET /content/bookmarkedpages/?q=%23%20%23IndieWeb&offset=28 HTTP/1.1" 200 9887 "-" "Mozilla/5.0 (compatible; MJ12bot/v1.4.8; http://mj12bot.com/)" 
148.251.120.201 - - [28/Apr/2020:02:37:01 -0700] "GET /content/bookmarkedpages/?q=%23%20%23IndieWeb&offset=30 HTTP/1.1" 200 8798 "-" "Mozilla/5.0 (compatible; MJ12bot/v1.4.8; http://mj12bot.com/)" 
148.251.120.201 - - [28/Apr/2020:02:37:03 -0700] "GET /content/bookmarkedpages/?q=%23%20%23IndieWeb&offset=8 HTTP/1.1" 200 7715 "-" "Mozilla/5.0 (compatible; MJ12bot/v1.4.8; http://mj12bot.com/)" 
148.251.120.201 - - [28/Apr/2020:02:37:08 -0700] "GET /content/bookmarkedpages/?q=%23fermentation HTTP/1.1" 200 8495 "-" "Mozilla/5.0 (compatible; MJ12bot/v1.4.8; http://mj12bot.com/)" 
148.251.120.201 - - [28/Apr/2020:02:37:10 -0700] "GET /content/events/?q=%23%20%23IndieWeb HTTP/1.1" 200 8492 "-" "Mozilla/5.0 (compatible; MJ12bot/v1.4.8; http://mj12bot.com/)" 
148.251.120.201 - - [28/Apr/2020:02:37:15 -0700] "GET /content/events/?q=%23fermentation HTTP/1.1" 200 8483 "-" "Mozilla/5.0 (compatible; MJ12bot/v1.4.8; http://mj12bot.com/)" 
148.251.120.201 - - [28/Apr/2020:02:37:19 -0700] "GET /content/locations/?q=%23%20%23IndieWeb HTTP/1.1" 200 8498 "-" "Mozilla/5.0 (compatible; MJ12bot/v1.4.8; http://mj12bot.com/)" 
148.251.120.201 - - [28/Apr/2020:02:37:24 -0700] "GET /content/locations/?q=%23fermentation HTTP/1.1" 200 8487 "-" "Mozilla/5.0 (compatible; MJ12bot/v1.4.8; http://mj12bot.com/)" 
148.251.120.201 - - [28/Apr/2020:02:37:36 -0700] "GET /content/photos/?offset=3 HTTP/1.1" 200 10983 "-" "Mozilla/5.0 (compatible; MJ12bot/v1.4.8; http://mj12bot.com/)" 
64.111.100.215 - - [28/Apr/2020:02:37:43 -0700] "GET /2020/what-happens-on-my-tongue-in-my HTTP/1.1" 200 28687 "-" "Known https://withknown.com" 
207.241.226.230 - - [28/Apr/2020:02:37:44 -0700] "GET /2020/and-yet-it-is-incredibly-easy-to HTTP/1.1" 200 6350 "-" "Known https://withknown.com" 
207.241.232.120 - - [28/Apr/2020:02:37:45 -0700] "GET /2020/and-yet-it-is-incredibly-easy-to HTTP/1.1" 200 6445 "-" "Known https://withknown.com" 
198.58.103.115 - - [28/Apr/2020:02:37:45 -0700] "GET /?_t=rss HTTP/1.1" 200 8137 "-" "Superfeedr bot/2.0 http://superfeedr.com - Make your feeds realtime: get in touch - feed-id:1112274260" 
198.58.103.115 - - [28/Apr/2020:02:37:46 -0700] "GET / HTTP/1.1" 200 12511 "-" "Superfeedr bot/2.0 http://superfeedr.com - Make your feeds realtime: get in touch - feed-id:1396476126" 
198.58.103.115 - - [28/Apr/2020:02:37:46 -0700] "GET /?_t=rss HTTP/1.1" 200 8137 "-" "Superfeedr bot/2.0 http://superfeedr.com - Make your feeds realtime: get in touch - feed-id:1112274260" 
64.111.100.215 - - [28/Apr/2020:02:37:47 -0700] "HEAD /2020/what-happens-on-my-tongue-in-my HTTP/1.1" 200 4278 "-" "Known https://withknown.com" 
134.209.51.142 - - [28/Apr/2020:02:37:47 -0700] "GET /2020/and-yet-it-is-incredibly-easy-to HTTP/1.1" 200 9763 "-" "Ruby" 
198.58.103.115 - - [28/Apr/2020:02:37:47 -0700] "GET /content/all/?_t=rss HTTP/1.1" 200 8155 "-" "Superfeedr bot/2.0 http://superfeedr.com - Make your feeds realtime: get in touch - feed-id:1122325712" 
64.111.100.215 - - [28/Apr/2020:02:37:48 -0700] "GET /2020/and-yet-it-is-incredibly-easy-to HTTP/1.1" 200 28754 "-" "Known https://withknown.com" 
198.58.103.115 - - [28/Apr/2020:02:37:47 -0700] "GET /content/all/?_t=rss HTTP/1.1" 200 8155 "-" "Superfeedr bot/2.0 http://superfeedr.com - Make your feeds realtime: get in touch - feed-id:1122325712" 
148.251.120.201 - - [28/Apr/2020:02:37:48 -0700] "GET /content/photos/?offset=436 HTTP/1.1" 200 9988 "-" "Mozilla/5.0 (compatible; MJ12bot/v1.4.8; http://mj12bot.com/)" 
198.58.103.115 - - [28/Apr/2020:02:37:47 -0700] "GET / HTTP/1.1" 200 12511 "-" "Superfeedr bot/2.0 http://superfeedr.com - Make your feeds realtime: get in touch - feed-id:1396476126" 
134.209.51.142 - - [28/Apr/2020:02:37:48 -0700] "GET /file/ef801e05730eba56004c5b712ad84731/thumb.jpg HTTP/1.1" 200 26008 "-" "http.rb/4.0.0" 
148.251.120.201 - - [28/Apr/2020:02:37:50 -0700] "GET /content/photos/?offset=446&_t=rss HTTP/1.1" 200 3336 "-" "Mozilla/5.0 (compatible; MJ12bot/v1.4.8; http://mj12bot.com/)" 
207.241.226.230 - - [28/Apr/2020:02:37:50 -0700] "GET /2020/what-happens-on-my-tongue-in-my HTTP/1.1" 200 6775 "-" "Known https://withknown.com" 
66.249.70.14 - - [28/Apr/2020:02:37:51 -0700] "GET /?_t=rss HTTP/1.1" 200 8137 "-" "Mozilla/5.0 (compatible; Googlebot/2.1; +http://www.google.com/bot.html)" 
207.241.232.120 - - [28/Apr/2020:02:37:53 -0700] "GET /2020/what-happens-on-my-tongue-in-my HTTP/1.1" 200 6776 "-" "Known https://withknown.com" 
64.111.100.215 - - [28/Apr/2020:02:37:53 -0700] "HEAD /2020/ive-been-getting-myself-in-a-right HTTP/1.1" 200 4281 "-" "Known https://withknown.com" 
64.111.100.215 - - [28/Apr/2020:02:37:53 -0700] "GET /2020/what-happens-on-my-tongue-in-my HTTP/1.1" 200 30575 "-" "Known https://withknown.com" 
207.241.232.121 - - [28/Apr/2020:02:37:54 -0700] "GET /2020/ive-been-getting-myself-in-a-right HTTP/1.1" 200 9752 "-" "Known https://withknown.com" 
207.241.232.121 - - [28/Apr/2020:02:37:55 -0700] "GET /2020/ive-been-getting-myself-in-a-right HTTP/1.1" 200 6651 "-" "Known https://withknown.com" 
64.111.100.215 - - [28/Apr/2020:02:37:53 -0700] "POST /webmention/ HTTP/1.1" 202 3926 "-" "Known https://withknown.com" 
64.111.100.215 - - [28/Apr/2020:02:37:48 -0700] "POST /webmention/ HTTP/1.1" 202 3926 "-" "Known https://withknown.com" 
185.65.135.181 - - [28/Apr/2020:02:37:42 -0700] "POST /status/edit/ HTTP/1.1" 302 1315 "https://stream.jeremycherfas.net/content/all/" "Mozilla/5.0 (Macintosh; Intel Mac OS X 10.13; rv:75.0) Gecko/20100101 Firefox/75.0" 
66.249.70.12 - - [28/Apr/2020:02:37:55 -0700] "GET /?offset=1137&_t=amp HTTP/1.1" 200 10710 "-" "Mozilla/5.0 (Linux; Android 6.0.1; Nexus 5X Build/MMB29P) AppleWebKit/537.36 (KHTML, like Gecko) Chrome/41.0.2272.96 Mobile Safari/537.36 (compatible; Googlebot/2.1; +http://www.google.com/bot.html)" 
185.65.135.181 - - [28/Apr/2020:02:37:55 -0700] "GET /content/all/ HTTP/1.1" 200 12481 "https://stream.jeremycherfas.net/content/all/" "Mozilla/5.0 (Macintosh; Intel Mac OS X 10.13; rv:75.0) Gecko/20100101 Firefox/75.0" 
185.65.135.181 - - [28/Apr/2020:02:37:56 -0700] "GET /vendor/forkawesome/fork-awesome/css/v5-compat.min.css HTTP/1.1" 200 2616 "https://stream.jeremycherfas.net/content/all/" "Mozilla/5.0 (Macintosh; Intel Mac OS X 10.13; rv:75.0) Gecko/20100101 Firefox/75.0" 
148.251.120.201 - - [28/Apr/2020:02:37:57 -0700] "GET /content/photos/?q=%23%20%23IndieWeb HTTP/1.1" 200 9278 "-" "Mozilla/5.0 (compatible; MJ12bot/v1.4.8; http://mj12bot.com/)" 
185.65.135.181 - - [28/Apr/2020:02:37:57 -0700] "GET /service/security/csrftoken/?url=https%3A%2F%2Fstream.jeremycherfas.net%2Fservice%2Fweb%2Funfurl%2F HTTP/1.1" 200 1499 "https://stream.jeremycherfas.net/content/all/" "Mozilla/5.0 (Macintosh; Intel Mac OS X 10.13; rv:75.0) Gecko/20100101 Firefox/75.0" 
185.65.135.181 - - [28/Apr/2020:02:37:57 -0700] "GET /service/web/unfurl/?url=https%3A%2F%2Fwww.kickscondor.com%2Flinks%2Fgardens-and-streams%2F&__bTk=7ffe5284991dc75af1412e164f4d391a2a610f8a7308b107de3b643b3bfc73fb&__bTs=1588066677 HTTP/1.1" 200 21044 "https://stream.jeremycherfas.net/content/all/" "Mozilla/5.0 (Macintosh; Intel Mac OS X 10.13; rv:75.0) Gecko/20100101 Firefox/75.0" 
185.65.135.181 - - [28/Apr/2020:02:37:58 -0700] "GET /service/web/imageproxy/aHR0cHM6Ly93d3cua2lja3Njb25kb3IuY29tL2ltYWdlcy9jaGFpci1zcXVhcmUucG5n HTTP/1.1" 200 2777 "https://stream.jeremycherfas.net/content/all/" "Mozilla/5.0 (Macintosh; Intel Mac OS X 10.13; rv:75.0) Gecko/20100101 Firefox/75.0" 
185.65.135.181 - - [28/Apr/2020:02:37:58 -0700] "GET /service-worker.min.js HTTP/1.1" 200 1355 "-" "Mozilla/5.0 (Macintosh; Intel Mac OS X 10.13; rv:75.0) Gecko/20100101 Firefox/75.0" 
148.251.120.201 - - [28/Apr/2020:02:38:01 -0700] "GET /content/posts/?q=%23%20%23IndieWeb HTTP/1.1" 200 15539 "-" "Mozilla/5.0 (compatible; MJ12bot/v1.4.8; http://mj12bot.com/)" 
148.251.120.201 - - [28/Apr/2020:02:38:03 -0700] "GET /content/posts/?q=%23%20%23IndieWeb&offset=0 HTTP/1.1" 200 12238 "-" "Mozilla/5.0 (compatible; MJ12bot/v1.4.8; http://mj12bot.com/)" 
148.251.120.201 - - [28/Apr/2020:02:38:05 -0700] "GET /content/posts/?q=%23%20%23IndieWeb&offset=10 HTTP/1.1" 200 13165 "-" "Mozilla/5.0 (compatible; MJ12bot/v1.4.8; http://mj12bot.com/)" 
148.251.120.201 - - [28/Apr/2020:02:38:07 -0700] "GET /content/posts/?q=%23%20%23IndieWeb&offset=18 HTTP/1.1" 200 12681 "-" "Mozilla/5.0 (compatible; MJ12bot/v1.4.8; http://mj12bot.com/)" 
185.65.135.181 - - [28/Apr/2020:02:38:07 -0700] "GET /status/edit HTTP/1.1" 200 8715 "https://stream.jeremycherfas.net/content/all/" "Mozilla/5.0 (Macintosh; Intel Mac OS X 10.13; rv:75.0) Gecko/20100101 Firefox/75.0" 
185.65.135.181 - - [28/Apr/2020:02:38:08 -0700] "GET /IdnoPlugins/Status/external/brevity-js/brevity.js HTTP/1.1" 200 6618 "https://stream.jeremycherfas.net/content/all/" "Mozilla/5.0 (Macintosh; Intel Mac OS X 10.13; rv:75.0) Gecko/20100101 Firefox/75.0" 
148.251.120.201 - - [28/Apr/2020:02:38:08 -0700] "GET /content/posts/?q=%23%20%23IndieWeb&offset=19 HTTP/1.1" 200 12130 "-" "Mozilla/5.0 (compatible; MJ12bot/v1.4.8; http://mj12bot.com/)" 
148.251.120.201 - - [28/Apr/2020:02:38:11 -0700] "GET /content/posts/?q=%23%20%23IndieWeb&offset=20 HTTP/1.1" 200 12325 "-" "Mozilla/5.0 (compatible; MJ12bot/v1.4.8; http://mj12bot.com/)" 
148.251.120.201 - - [28/Apr/2020:02:38:13 -0700] "GET /content/posts/?q=%23%20%23IndieWeb&offset=28 HTTP/1.1" 200 10237 "-" "Mozilla/5.0 (compatible; MJ12bot/v1.4.8; http://mj12bot.com/)" 
185.65.135.181 - - [28/Apr/2020:02:38:15 -0700] "GET /service/security/csrftoken/?url=https%3A%2F%2Fstream.jeremycherfas.net%2Fservice%2Fsystem%2Flog%2F HTTP/1.1" 200 1499 "https://stream.jeremycherfas.net/content/all/" "Mozilla/5.0 (Macintosh; Intel Mac OS X 10.13; rv:75.0) Gecko/20100101 Firefox/75.0" 
185.65.135.181 - - [28/Apr/2020:02:38:15 -0700] "POST /service/system/log/ HTTP/1.1" 200 1041 "https://stream.jeremycherfas.net/content/all/" "Mozilla/5.0 (Macintosh; Intel Mac OS X 10.13; rv:75.0) Gecko/20100101 Firefox/75.0" 
148.251.120.201 - - [28/Apr/2020:02:38:20 -0700] "GET /content/posts/?q=%23fermentation HTTP/1.1" 200 8480 "-" "Mozilla/5.0 (compatible; MJ12bot/v1.4.8; http://mj12bot.com/)" 
148.251.120.201 - - [28/Apr/2020:02:38:21 -0700] "GET /content/posts/?q=%23sauerkraut HTTP/1.1" 200 5163 "-" "Mozilla/5.0 (compatible; MJ12bot/v1.4.8; http://mj12bot.com/)" 
148.251.120.201 - - [28/Apr/2020:02:38:23 -0700] "GET /content/rsvp/?q=%23%20%23IndieWeb HTTP/1.1" 200 5854 "-" "Mozilla/5.0 (compatible; MJ12bot/v1.4.8; http://mj12bot.com/)" 
148.251.120.201 - - [28/Apr/2020:02:38:29 -0700] "GET /content/rsvp/?q=%23sauerkraut HTTP/1.1" 200 8478 "-" "Mozilla/5.0 (compatible; MJ12bot/v1.4.8; http://mj12bot.com/)" 
148.251.120.201 - - [28/Apr/2020:02:38:31 -0700] "GET /content/statusupdates/?q=%23%20%23IndieWeb HTTP/1.1" 200 8644 "-" "Mozilla/5.0 (compatible; MJ12bot/v1.4.8; http://mj12bot.com/)" 
64.111.100.215 - - [28/Apr/2020:02:38:32 -0700] "GET /2020/and-yet-it-is-incredibly-easy-to HTTP/1.1" 200 28754 "-" "Known https://withknown.com" 
148.251.120.201 - - [28/Apr/2020:02:38:33 -0700] "GET /content/statusupdates/?q=%23%20%23IndieWeb&offset=0 HTTP/1.1" 200 8658 "-" "Mozilla/5.0 (compatible; MJ12bot/v1.4.8; http://mj12bot.com/)" 
207.241.232.121 - - [28/Apr/2020:02:38:33 -0700] "GET /2020/so-much-for-taste-being-purely-subjective HTTP/1.1" 200 6345 "-" "Known https://withknown.com" 
207.241.226.230 - - [28/Apr/2020:02:38:34 -0700] "GET /2020/so-much-for-taste-being-purely-subjective HTTP/1.1" 200 6440 "-" "Known https://withknown.com" 
198.58.103.28 - - [28/Apr/2020:02:38:35 -0700] "GET /?_t=rss HTTP/1.1" 200 7562 "-" "Superfeedr bot/2.0 http://superfeedr.com - Make your feeds realtime: get in touch - feed-id:1112274260" 
198.58.103.28 - - [28/Apr/2020:02:38:35 -0700] "GET /content/all/?_t=rss HTTP/1.1" 200 7579 "-" "Superfeedr bot/2.0 http://superfeedr.com - Make your feeds realtime: get in touch - feed-id:1122325712" 
198.58.103.28 - - [28/Apr/2020:02:38:35 -0700] "GET /?_t=rss HTTP/1.1" 200 7562 "-" "Superfeedr bot/2.0 http://superfeedr.com - Make your feeds realtime: get in touch - feed-id:1112274260" 
198.58.103.28 - - [28/Apr/2020:02:38:36 -0700] "GET /content/statusupdates/posts/photos/checkins/bookmarkedpages?_t=rss HTTP/1.1" 200 8327 "-" "Superfeedr bot/2.0 http://superfeedr.com - Make your feeds realtime: get in touch - feed-id:1395929608" 
198.58.103.28 - - [28/Apr/2020:02:38:36 -0700] "GET / HTTP/1.1" 200 11912 "-" "Superfeedr bot/2.0 http://superfeedr.com - Make your feeds realtime: get in touch - feed-id:1396476126" 
198.58.103.28 - - [28/Apr/2020:02:38:36 -0700] "GET / HTTP/1.1" 200 11912 "-" "Superfeedr bot/2.0 http://superfeedr.com - Make your feeds realtime: get in touch - feed-id:1396476126" 
198.58.103.28 - - [28/Apr/2020:02:38:36 -0700] "GET /content/all/?_t=rss HTTP/1.1" 200 7579 "-" "Superfeedr bot/2.0 http://superfeedr.com - Make your feeds realtime: get in touch - feed-id:1122325712" 
64.111.100.215 - - [28/Apr/2020:02:38:36 -0700] "HEAD /2020/and-yet-it-is-incredibly-easy-to HTTP/1.1" 200 4279 "-" "Known https://withknown.com" 
64.111.100.215 - - [28/Apr/2020:02:38:37 -0700] "GET /2020/so-much-for-taste-being-purely-subjective HTTP/1.1" 200 29006 "-" "Known https://withknown.com" 
148.251.120.201 - - [28/Apr/2020:02:38:36 -0700] "GET /content/statusupdates/?q=%23%20%23IndieWeb&offset=10 HTTP/1.1" 200 11358 "-" "Mozilla/5.0 (compatible; MJ12bot/v1.4.8; http://mj12bot.com/)" 
198.58.103.28 - - [28/Apr/2020:02:38:36 -0700] "GET /content/statusupdates/posts/photos/checkins/bookmarkedpages?_t=rss HTTP/1.1" 200 8327 "-" "Superfeedr bot/2.0 http://superfeedr.com - Make your feeds realtime: get in touch - feed-id:1395929608" 
198.58.103.28 - - [28/Apr/2020:02:38:36 -0700] "GET /content/statusupdates/posts/photos/checkins/bookmarkedpages?_t=rss HTTP/1.1" 200 8327 "-" "Superfeedr bot/2.0 http://superfeedr.com - Make your feeds realtime: get in touch - feed-id:1395929608" 
207.241.232.120 - - [28/Apr/2020:02:38:38 -0700] "GET /2020/and-yet-it-is-incredibly-easy-to HTTP/1.1" 200 6802 "-" "Known https://withknown.com" 
134.209.51.142 - - [28/Apr/2020:02:38:38 -0700] "GET /2020/so-much-for-taste-being-purely-subjective HTTP/1.1" 200 9756 "-" "Ruby" 
134.209.51.142 - - [28/Apr/2020:02:38:38 -0700] "GET /file/ef801e05730eba56004c5b712ad84731/thumb.jpg HTTP/1.1" 200 26037 "-" "http.rb/4.0.0" 
207.241.226.230 - - [28/Apr/2020:02:38:39 -0700] "GET /2020/and-yet-it-is-incredibly-easy-to HTTP/1.1" 200 6802 "-" "Known https://withknown.com" 
64.111.100.215 - - [28/Apr/2020:02:38:39 -0700] "HEAD /2020/what-happens-on-my-tongue-in-my HTTP/1.1" 200 4278 "-" "Known https://withknown.com" 
64.111.100.215 - - [28/Apr/2020:02:38:40 -0700] "GET /2020/and-yet-it-is-incredibly-easy-to HTTP/1.1" 200 30626 "-" "Known https://withknown.com" 
148.251.120.201 - - [28/Apr/2020:02:38:40 -0700] "GET /content/statusupdates/?q=%23%20%23IndieWeb&offset=12 HTTP/1.1" 200 11251 "-" "Mozilla/5.0 (compatible; MJ12bot/v1.4.8; http://mj12bot.com/)" 
66.249.70.12 - - [28/Apr/2020:02:38:40 -0700] "GET /?_t=rss HTTP/1.1" 200 7562 "-" "Mozilla/5.0 (compatible; Googlebot/2.1; +http://www.google.com/bot.html)" 
207.241.232.120 - - [28/Apr/2020:02:38:41 -0700] "GET /2020/what-happens-on-my-tongue-in-my HTTP/1.1" 200 6778 "-" "Known https://withknown.com" 
207.241.232.120 - - [28/Apr/2020:02:38:42 -0700] "GET /2020/what-happens-on-my-tongue-in-my HTTP/1.1" 200 6775 "-" "Known https://withknown.com" 
64.111.100.215 - - [28/Apr/2020:02:38:42 -0700] "HEAD /2020/ive-been-getting-myself-in-a-right HTTP/1.1" 200 4281 "-" "Known https://withknown.com" 
148.251.120.201 - - [28/Apr/2020:02:38:42 -0700] "GET /content/statusupdates/?q=%23%20%23IndieWeb&offset=13 HTTP/1.1" 200 11166 "-" "Mozilla/5.0 (compatible; MJ12bot/v1.4.8; http://mj12bot.com/)" 
64.111.100.215 - - [28/Apr/2020:02:38:42 -0700] "GET /2020/what-happens-on-my-tongue-in-my HTTP/1.1" 200 30575 "-" "Known https://withknown.com" 
40.77.167.88 - - [28/Apr/2020:02:38:44 -0700] "GET /2018/ecce-roma-the-only-city-i-know-of-in-which HTTP/1.1" 200 12940 "-" "Mozilla/5.0 (compatible; bingbot/2.0; +http://www.bing.com/bingbot.htm)" 
207.241.232.120 - - [28/Apr/2020:02:38:44 -0700] "GET /2020/ive-been-getting-myself-in-a-right HTTP/1.1" 200 6648 "-" "Known https://withknown.com" 
207.241.232.121 - - [28/Apr/2020:02:38:45 -0700] "GET /2020/ive-been-getting-myself-in-a-right HTTP/1.1" 200 6650 "-" "Known https://withknown.com" 
64.111.100.215 - - [28/Apr/2020:02:38:42 -0700] "POST /webmention/ HTTP/1.1" 202 3926 "-" "Known https://withknown.com" 
64.111.100.215 - - [28/Apr/2020:02:38:39 -0700] "POST /webmention/ HTTP/1.1" 202 3926 "-" "Known https://withknown.com" 
64.111.100.215 - - [28/Apr/2020:02:38:37 -0700] "POST /webmention/ HTTP/1.1" 202 3926 "-" "Known https://withknown.com" 
185.65.135.181 - - [28/Apr/2020:02:38:32 -0700] "POST /status/edit/ HTTP/1.1" 302 1315 "https://stream.jeremycherfas.net/content/all/" "Mozilla/5.0 (Macintosh; Intel Mac OS X 10.13; rv:75.0) Gecko/20100101 Firefox/75.0" 
185.65.135.181 - - [28/Apr/2020:02:38:46 -0700] "GET /content/all/ HTTP/1.1" 200 11836 "https://stream.jeremycherfas.net/content/all/" "Mozilla/5.0 (Macintosh; Intel Mac OS X 10.13; rv:75.0) Gecko/20100101 Firefox/75.0" 
185.65.135.181 - - [28/Apr/2020:02:38:46 -0700] "GET /file/f556483c82cccf4b57e611de3798e7d3/E0626D33-9F13-483A-86D5-91D0C4714846.jpeg HTTP/1.1" 200 78472 "https://stream.jeremycherfas.net/content/all/" "Mozilla/5.0 (Macintosh; Intel Mac OS X 10.13; rv:75.0) Gecko/20100101 Firefox/75.0" 
185.65.135.181 - - [28/Apr/2020:02:38:47 -0700] "GET /service/security/csrftoken/?url=https%3A%2F%2Fstream.jeremycherfas.net%2Fservice%2Fweb%2Funfurl%2F HTTP/1.1" 200 1499 "https://stream.jeremycherfas.net/content/all/" "Mozilla/5.0 (Macintosh; Intel Mac OS X 10.13; rv:75.0) Gecko/20100101 Firefox/75.0" 
148.251.120.201 - - [28/Apr/2020:02:38:47 -0700] "GET /content/statusupdates/?q=%23%20%23IndieWeb&offset=18 HTTP/1.1" 200 11358 "-" "Mozilla/5.0 (compatible; MJ12bot/v1.4.8; http://mj12bot.com/)" 
185.65.135.181 - - [28/Apr/2020:02:38:47 -0700] "GET /service/web/unfurl/?url=https%3A%2F%2Fwww.kickscondor.com%2Flinks%2Fgardens-and-streams%2F&__bTk=1d9d0bf714b3841228464751084a4cba0d0a4aed03ab8bdac5586e58d8cf913a&__bTs=1588066727 HTTP/1.1" 200 21044 "https://stream.jeremycherfas.net/content/all/" "Mozilla/5.0 (Macintosh; Intel Mac OS X 10.13; rv:75.0) Gecko/20100101 Firefox/75.0" 
185.65.135.181 - - [28/Apr/2020:02:38:48 -0700] "GET /service-worker.min.js HTTP/1.1" 200 1217 "-" "Mozilla/5.0 (Macintosh; Intel Mac OS X 10.13; rv:75.0) Gecko/20100101 Firefox/75.0" 
148.251.120.201 - - [28/Apr/2020:02:38:49 -0700] "GET /content/statusupdates/?q=%23%20%23IndieWeb&offset=19 HTTP/1.1" 200 8065 "-" "Mozilla/5.0 (compatible; MJ12bot/v1.4.8; http://mj12bot.com/)" 
148.251.120.201 - - [28/Apr/2020:02:38:51 -0700] "GET /content/statusupdates/?q=%23%20%23IndieWeb&offset=2 HTTP/1.1" 200 8440 "-" "Mozilla/5.0 (compatible; MJ12bot/v1.4.8; http://mj12bot.com/)" 
148.251.120.201 - - [28/Apr/2020:02:38:53 -0700] "GET /content/statusupdates/?q=%23%20%23IndieWeb&offset=20 HTTP/1.1" 200 8114 "-" "Mozilla/5.0 (compatible; MJ12bot/v1.4.8; http://mj12bot.com/)" 
148.251.120.201 - - [28/Apr/2020:02:38:55 -0700] "GET /content/statusupdates/?q=%23%20%23IndieWeb&offset=21 HTTP/1.1" 200 8037 "-" "Mozilla/5.0 (compatible; MJ12bot/v1.4.8; http://mj12bot.com/)" 
148.251.120.201 - - [28/Apr/2020:02:38:56 -0700] "GET /content/statusupdates/?q=%23%20%23IndieWeb&offset=22 HTTP/1.1" 200 7703 "-" "Mozilla/5.0 (compatible; MJ12bot/v1.4.8; http://mj12bot.com/)" 
148.251.120.201 - - [28/Apr/2020:02:38:58 -0700] "GET /content/statusupdates/?q=%23%20%23IndieWeb&offset=23 HTTP/1.1" 200 7663 "-" "Mozilla/5.0 (compatible; MJ12bot/v1.4.8; http://mj12bot.com/)" 
148.251.120.201 - - [28/Apr/2020:02:39:00 -0700] "GET /content/statusupdates/?q=%23%20%23IndieWeb&offset=24 HTTP/1.1" 200 7464 "-" "Mozilla/5.0 (compatible; MJ12bot/v1.4.8; http://mj12bot.com/)" 
185.65.135.181 - - [28/Apr/2020:02:39:01 -0700] "GET /status/edit HTTP/1.1" 200 8715 "https://stream.jeremycherfas.net/content/all/" "Mozilla/5.0 (Macintosh; Intel Mac OS X 10.13; rv:75.0) Gecko/20100101 Firefox/75.0" 
185.65.135.181 - - [28/Apr/2020:02:39:01 -0700] "GET /IdnoPlugins/Status/external/brevity-js/brevity.js HTTP/1.1" 200 6618 "https://stream.jeremycherfas.net/content/all/" "Mozilla/5.0 (Macintosh; Intel Mac OS X 10.13; rv:75.0) Gecko/20100101 Firefox/75.0" 
96.126.125.129 - - [28/Apr/2020:02:39:03 -0700] "GET /content/statusupdates/posts/photos/checkins/bookmarkedpages?_t=rss HTTP/1.1" 200 8276 "-" "Micro.blog/1.0" 
148.251.120.201 - - [28/Apr/2020:02:39:05 -0700] "GET /content/statusupdates/?q=%23%20%23IndieWeb&offset=8 HTTP/1.1" 200 11359 "-" "Mozilla/5.0 (compatible; MJ12bot/v1.4.8; http://mj12bot.com/)" 
148.251.120.201 - - [28/Apr/2020:02:39:06 -0700] "GET /content/statusupdates/?q=%23%20%23IndieWeb&offset=9 HTTP/1.1" 200 8024 "-" "Mozilla/5.0 (compatible; MJ12bot/v1.4.8; http://mj12bot.com/)" 
185.65.135.181 - - [28/Apr/2020:02:39:09 -0700] "GET /service/security/csrftoken/?url=https%3A%2F%2Fstream.jeremycherfas.net%2Fservice%2Fsystem%2Flog%2F HTTP/1.1" 200 1499 "https://stream.jeremycherfas.net/content/all/" "Mozilla/5.0 (Macintosh; Intel Mac OS X 10.13; rv:75.0) Gecko/20100101 Firefox/75.0" 
185.65.135.181 - - [28/Apr/2020:02:39:09 -0700] "POST /service/system/log/ HTTP/1.1" 200 1041 "https://stream.jeremycherfas.net/content/all/" "Mozilla/5.0 (Macintosh; Intel Mac OS X 10.13; rv:75.0) Gecko/20100101 Firefox/75.0" 
148.251.120.201 - - [28/Apr/2020:02:39:11 -0700] "GET /content/statusupdates/?q=%23fermentation HTTP/1.1" 200 8491 "-" "Mozilla/5.0 (compatible; MJ12bot/v1.4.8; http://mj12bot.com/)" 
148.251.120.201 - - [28/Apr/2020:02:39:12 -0700] "GET /content/statusupdates/?q=%23sauerkraut HTTP/1.1" 200 5175 "-" "Mozilla/5.0 (compatible; MJ12bot/v1.4.8; http://mj12bot.com/)" 
148.251.120.201 - - [28/Apr/2020:02:39:14 -0700] "GET /file/8e42215d54734488e062215122e37136/57e954d1b9480c993ddbc0bd0aaf44e2 HTTP/1.1" 500 103660 "-" "Mozilla/5.0 (compatible; MJ12bot/v1.4.8; http://mj12bot.com/)" 
148.251.120.201 - - [28/Apr/2020:02:39:17 -0700] "GET /tag/+%23IndieWeb?_t=rss HTTP/1.1" 200 12041 "-" "Mozilla/5.0 (compatible; MJ12bot/v1.4.8; http://mj12bot.com/)" 
46.229.168.152 - - [28/Apr/2020:02:39:17 -0700] "GET /tag/indieweb?offset=127 HTTP/1.1" 200 12910 "-" "Mozilla/5.0 (compatible; SemrushBot/6~bl; +http://www.semrush.com/bot.html)" 
148.251.120.201 - - [28/Apr/2020:02:39:20 -0700] "GET /tag/+%23IndieWeb?_t=rss&offset=0 HTTP/1.1" 200 8742 "-" "Mozilla/5.0 (compatible; MJ12bot/v1.4.8; http://mj12bot.com/)" 
64.111.100.215 - - [28/Apr/2020:02:39:22 -0700] "GET /2020/so-much-for-taste-being-purely-subjective HTTP/1.1" 200 29006 "-" "Known https://withknown.com" 
148.251.120.201 - - [28/Apr/2020:02:39:22 -0700] "GET /tag/+%23IndieWeb?_t=rss&offset=10 HTTP/1.1" 200 8744 "-" "Mozilla/5.0 (compatible; MJ12bot/v1.4.8; http://mj12bot.com/)" 
207.241.232.121 - - [28/Apr/2020:02:39:23 -0700] "GET /2020/maybe-there-is-something-universal-about-what HTTP/1.1" 200 6348 "-" "Known https://withknown.com" 
207.241.232.120 - - [28/Apr/2020:02:39:24 -0700] "GET /2020/maybe-there-is-something-universal-about-what HTTP/1.1" 200 6443 "-" "Known https://withknown.com" 
198.58.103.28 - - [28/Apr/2020:02:39:25 -0700] "GET / HTTP/1.1" 200 11871 "-" "Superfeedr bot/2.0 http://superfeedr.com - Make your feeds realtime: get in touch - feed-id:1396476126" 
148.251.120.201 - - [28/Apr/2020:02:39:25 -0700] "GET /tag/+%23IndieWeb?offset=0 HTTP/1.1" 200 12044 "-" "Mozilla/5.0 (compatible; MJ12bot/v1.4.8; http://mj12bot.com/)" 
198.58.103.28 - - [28/Apr/2020:02:39:25 -0700] "GET /content/all/?_t=rss HTTP/1.1" 200 7513 "-" "Superfeedr bot/2.0 http://superfeedr.com - Make your feeds realtime: get in touch - feed-id:1122325712" 
198.58.103.28 - - [28/Apr/2020:02:39:25 -0700] "GET /content/all/?_t=rss HTTP/1.1" 200 7513 "-" "Superfeedr bot/2.0 http://superfeedr.com - Make your feeds realtime: get in touch - feed-id:1122325712" 
64.111.100.215 - - [28/Apr/2020:02:39:26 -0700] "HEAD /2020/so-much-for-taste-being-purely-subjective HTTP/1.1" 200 4288 "-" "Known https://withknown.com" 
198.58.103.28 - - [28/Apr/2020:02:39:26 -0700] "GET /?_t=rss HTTP/1.1" 200 7496 "-" "Superfeedr bot/2.0 http://superfeedr.com - Make your feeds realtime: get in touch - feed-id:1112274260" 
198.58.103.28 - - [28/Apr/2020:02:39:26 -0700] "GET /?_t=rss HTTP/1.1" 200 7496 "-" "Superfeedr bot/2.0 http://superfeedr.com - Make your feeds realtime: get in touch - feed-id:1112274260" 
198.58.103.28 - - [28/Apr/2020:02:39:26 -0700] "GET / HTTP/1.1" 200 11871 "-" "Superfeedr bot/2.0 http://superfeedr.com - Make your feeds realtime: get in touch - feed-id:1396476126" 
198.58.103.28 - - [28/Apr/2020:02:39:27 -0700] "GET /content/photos?_t=rss HTTP/1.1" 200 7590 "-" "Superfeedr bot/2.0 http://superfeedr.com - Make your feeds realtime: get in touch - feed-id:1324303946" 
198.58.103.28 - - [28/Apr/2020:02:39:27 -0700] "GET /content/statusupdates/posts/bookmarkedpages?_t=rss HTTP/1.1" 200 8180 "-" "Superfeedr bot/2.0 http://superfeedr.com - Make your feeds realtime: get in touch - feed-id:1247440030" 
64.111.100.215 - - [28/Apr/2020:02:39:26 -0700] "GET /2020/maybe-there-is-something-universal-about-what HTTP/1.1" 200 29166 "-" "Known https://withknown.com" 
198.58.103.28 - - [28/Apr/2020:02:39:26 -0700] "GET /content/photos?_t=rss HTTP/1.1" 200 7590 "-" "Superfeedr bot/2.0 http://superfeedr.com - Make your feeds realtime: get in touch - feed-id:1324303946" 
198.58.103.28 - - [28/Apr/2020:02:39:27 -0700] "GET /content/all?_t=rss HTTP/1.1" 200 7511 "-" "Superfeedr bot/2.0 http://superfeedr.com - Make your feeds realtime: get in touch - feed-id:1319424208" 
198.58.103.28 - - [28/Apr/2020:02:39:27 -0700] "GET /content/statusupdates/posts/bookmarkedpages?_t=rss HTTP/1.1" 200 8180 "-" "Superfeedr bot/2.0 http://superfeedr.com - Make your feeds realtime: get in touch - feed-id:1247440030" 
198.58.103.28 - - [28/Apr/2020:02:39:27 -0700] "GET /?offset=10&_t=rss HTTP/1.1" 200 7848 "-" "Superfeedr bot/2.0 http://superfeedr.com - Make your feeds realtime: get in touch - feed-id:1214543370" 
198.58.103.28 - - [28/Apr/2020:02:39:27 -0700] "GET /content/all?_t=rss HTTP/1.1" 200 7511 "-" "Superfeedr bot/2.0 http://superfeedr.com - Make your feeds realtime: get in touch - feed-id:1319424208" 
198.58.103.28 - - [28/Apr/2020:02:39:27 -0700] "GET /content/all?_t=rss HTTP/1.1" 200 7511 "-" "Superfeedr bot/2.0 http://superfeedr.com - Make your feeds realtime: get in touch - feed-id:1319424208" 
198.58.103.28 - - [28/Apr/2020:02:39:27 -0700] "GET /content/photos?_t=rss HTTP/1.1" 200 7590 "-" "Superfeedr bot/2.0 http://superfeedr.com - Make your feeds realtime: get in touch - feed-id:1324303946" 
207.241.226.230 - - [28/Apr/2020:02:39:28 -0700] "GET /2020/so-much-for-taste-being-purely-subjective HTTP/1.1" 200 6781 "-" "Known https://withknown.com" 
134.209.51.142 - - [28/Apr/2020:02:39:27 -0700] "GET /2020/maybe-there-is-something-universal-about-what HTTP/1.1" 200 9764 "-" "Ruby" 
198.58.103.28 - - [28/Apr/2020:02:39:28 -0700] "GET /?offset=10&_t=rss HTTP/1.1" 200 7848 "-" "Superfeedr bot/2.0 http://superfeedr.com - Make your feeds realtime: get in touch - feed-id:1214543370" 
148.251.120.201 - - [28/Apr/2020:02:39:27 -0700] "GET /tag/+%23IndieWeb?offset=0&_t=rss HTTP/1.1" 200 8742 "-" "Mozilla/5.0 (compatible; MJ12bot/v1.4.8; http://mj12bot.com/)" 
198.58.103.28 - - [28/Apr/2020:02:39:28 -0700] "GET /?offset=10&_t=rss HTTP/1.1" 200 7848 "-" "Superfeedr bot/2.0 http://superfeedr.com - Make your feeds realtime: get in touch - feed-id:1214543370" 
134.209.51.142 - - [28/Apr/2020:02:39:29 -0700] "GET /file/ef801e05730eba56004c5b712ad84731/thumb.jpg HTTP/1.1" 200 26037 "-" "http.rb/4.0.0" 
198.58.103.28 - - [28/Apr/2020:02:39:29 -0700] "GET /content/statusupdates/posts/bookmarkedpages?_t=rss HTTP/1.1" 200 8180 "-" "Superfeedr bot/2.0 http://superfeedr.com - Make your feeds realtime: get in touch - feed-id:1247440030" 
207.241.232.120 - - [28/Apr/2020:02:39:30 -0700] "GET /2020/so-much-for-taste-being-purely-subjective HTTP/1.1" 200 6775 "-" "Known https://withknown.com" 
198.58.103.28 - - [28/Apr/2020:02:39:29 -0700] "GET /?offset=10&_t=rss HTTP/1.1" 200 7848 "-" "Superfeedr bot/2.0 http://superfeedr.com - Make your feeds realtime: get in touch - feed-id:1214543370" 
64.111.100.215 - - [28/Apr/2020:02:39:30 -0700] "HEAD /2020/and-yet-it-is-incredibly-easy-to HTTP/1.1" 200 4279 "-" "Known https://withknown.com" 
64.111.100.215 - - [28/Apr/2020:02:39:30 -0700] "GET /2020/so-much-for-taste-being-purely-subjective HTTP/1.1" 200 30849 "-" "Known https://withknown.com" 
198.58.103.28 - - [28/Apr/2020:02:39:28 -0700] "GET /?offset=10&_t=rss HTTP/1.1" 200 7848 "-" "Superfeedr bot/2.0 http://superfeedr.com - Make your feeds realtime: get in touch - feed-id:1214543370" 
198.58.103.28 - - [28/Apr/2020:02:39:28 -0700] "GET /content/all?_t=rss HTTP/1.1" 200 7511 "-" "Superfeedr bot/2.0 http://superfeedr.com - Make your feeds realtime: get in touch - feed-id:1319424208" 
198.58.103.28 - - [28/Apr/2020:02:39:28 -0700] "GET /content/all?_t=rss HTTP/1.1" 200 7511 "-" "Superfeedr bot/2.0 http://superfeedr.com - Make your feeds realtime: get in touch - feed-id:1319424208" 
207.241.232.120 - - [28/Apr/2020:02:39:31 -0700] "GET /2020/and-yet-it-is-incredibly-easy-to HTTP/1.1" 200 6802 "-" "Known https://withknown.com" 
66.249.70.16 - - [28/Apr/2020:02:39:31 -0700] "GET /?_t=rss HTTP/1.1" 200 7496 "-" "Mozilla/5.0 (compatible; Googlebot/2.1; +http://www.google.com/bot.html)" 
148.251.120.201 - - [28/Apr/2020:02:39:31 -0700] "GET /tag/+%23IndieWeb?offset=10 HTTP/1.1" 200 12046 "-" "Mozilla/5.0 (compatible; MJ12bot/v1.4.8; http://mj12bot.com/)" 
207.241.232.120 - - [28/Apr/2020:02:39:32 -0700] "GET /2020/and-yet-it-is-incredibly-easy-to HTTP/1.1" 200 6802 "-" "Known https://withknown.com" 
64.111.100.215 - - [28/Apr/2020:02:39:32 -0700] "HEAD /2020/what-happens-on-my-tongue-in-my HTTP/1.1" 200 4278 "-" "Known https://withknown.com" 
64.111.100.215 - - [28/Apr/2020:02:39:33 -0700] "GET /2020/and-yet-it-is-incredibly-easy-to HTTP/1.1" 200 30626 "-" "Known https://withknown.com" 
207.241.232.120 - - [28/Apr/2020:02:39:34 -0700] "GET /2020/what-happens-on-my-tongue-in-my HTTP/1.1" 200 6773 "-" "Known https://withknown.com" 
148.251.120.201 - - [28/Apr/2020:02:39:33 -0700] "GET /tag/+%23IndieWeb?offset=10&_t=rss HTTP/1.1" 200 8744 "-" "Mozilla/5.0 (compatible; MJ12bot/v1.4.8; http://mj12bot.com/)" 
207.241.226.230 - - [28/Apr/2020:02:39:34 -0700] "GET /2020/what-happens-on-my-tongue-in-my HTTP/1.1" 200 6775 "-" "Known https://withknown.com" 
64.111.100.215 - - [28/Apr/2020:02:39:35 -0700] "HEAD /2020/ive-been-getting-myself-in-a-right HTTP/1.1" 200 4281 "-" "Known https://withknown.com" 
64.111.100.215 - - [28/Apr/2020:02:39:35 -0700] "GET /2020/what-happens-on-my-tongue-in-my HTTP/1.1" 200 30575 "-" "Known https://withknown.com" 
207.241.232.120 - - [28/Apr/2020:02:39:37 -0700] "GET /2020/ive-been-getting-myself-in-a-right HTTP/1.1" 200 6650 "-" "Known https://withknown.com" 
207.241.226.230 - - [28/Apr/2020:02:39:38 -0700] "GET /2020/ive-been-getting-myself-in-a-right HTTP/1.1" 200 6649 "-" "Known https://withknown.com" 
64.111.100.215 - - [28/Apr/2020:02:39:35 -0700] "POST /webmention/ HTTP/1.1" 202 3926 "-" "Known https://withknown.com" 
64.111.100.215 - - [28/Apr/2020:02:39:32 -0700] "POST /webmention/ HTTP/1.1" 202 3926 "-" "Known https://withknown.com" 
64.111.100.215 - - [28/Apr/2020:02:39:30 -0700] "POST /webmention/ HTTP/1.1" 202 3926 "-" "Known https://withknown.com" 
64.111.100.215 - - [28/Apr/2020:02:39:26 -0700] "POST /webmention/ HTTP/1.1" 202 3926 "-" "Known https://withknown.com" 
185.65.135.181 - - [28/Apr/2020:02:39:22 -0700] "POST /status/edit/ HTTP/1.1" 302 1315 "https://stream.jeremycherfas.net/content/all/" "Mozilla/5.0 (Macintosh; Intel Mac OS X 10.13; rv:75.0) Gecko/20100101 Firefox/75.0" 
185.65.135.181 - - [28/Apr/2020:02:39:39 -0700] "GET /content/all/ HTTP/1.1" 200 11773 "https://stream.jeremycherfas.net/content/all/" "Mozilla/5.0 (Macintosh; Intel Mac OS X 10.13; rv:75.0) Gecko/20100101 Firefox/75.0" 
185.65.135.181 - - [28/Apr/2020:02:39:40 -0700] "GET /file/f556483c82cccf4b57e611de3798e7d3/E0626D33-9F13-483A-86D5-91D0C4714846.jpeg HTTP/1.1" 200 78472 "https://stream.jeremycherfas.net/content/all/" "Mozilla/5.0 (Macintosh; Intel Mac OS X 10.13; rv:75.0) Gecko/20100101 Firefox/75.0" 
185.65.135.181 - - [28/Apr/2020:02:39:40 -0700] "GET /service/security/csrftoken/?url=https%3A%2F%2Fstream.jeremycherfas.net%2Fservice%2Fweb%2Funfurl%2F HTTP/1.1" 200 1361 "https://stream.jeremycherfas.net/content/all/" "Mozilla/5.0 (Macintosh; Intel Mac OS X 10.13; rv:75.0) Gecko/20100101 Firefox/75.0" 
185.65.135.181 - - [28/Apr/2020:02:39:41 -0700] "GET /service/web/unfurl/?url=https%3A%2F%2Fwww.kickscondor.com%2Flinks%2Fgardens-and-streams%2F&__bTk=144e82be64b11c771606059f4b55fb954e1668248c83dd72b91e11e72e5f5e85&__bTs=1588066780 HTTP/1.1" 200 21044 "https://stream.jeremycherfas.net/content/all/" "Mozilla/5.0 (Macintosh; Intel Mac OS X 10.13; rv:75.0) Gecko/20100101 Firefox/75.0" 
185.65.135.181 - - [28/Apr/2020:02:39:41 -0700] "GET /service-worker.min.js HTTP/1.1" 200 1217 "-" "Mozilla/5.0 (Macintosh; Intel Mac OS X 10.13; rv:75.0) Gecko/20100101 Firefox/75.0" 
148.251.120.201 - - [28/Apr/2020:02:39:54 -0700] "GET /tag/+%23blossomsoflight HTTP/1.1" 200 8435 "-" "Mozilla/5.0 (compatible; MJ12bot/v1.4.8; http://mj12bot.com/)" 
185.65.135.181 - - [28/Apr/2020:02:39:57 -0700] "GET /status/edit HTTP/1.1" 200 11894 "https://stream.jeremycherfas.net/content/all/" "Mozilla/5.0 (Macintosh; Intel Mac OS X 10.13; rv:75.0) Gecko/20100101 Firefox/75.0" 
148.251.120.201 - - [28/Apr/2020:02:39:57 -0700] "GET /tag/IndieWeb?offset=6 HTTP/1.1" 200 11564 "-" "Mozilla/5.0 (compatible; MJ12bot/v1.4.8; http://mj12bot.com/)" 
185.65.135.181 - - [28/Apr/2020:02:39:58 -0700] "GET /IdnoPlugins/Status/external/brevity-js/brevity.js HTTP/1.1" 200 6618 "https://stream.jeremycherfas.net/content/all/" "Mozilla/5.0 (Macintosh; Intel Mac OS X 10.13; rv:75.0) Gecko/20100101 Firefox/75.0" 
148.251.120.201 - - [28/Apr/2020:02:40:00 -0700] "GET /tag/Indieweb?offset=13 HTTP/1.1" 200 11927 "-" "Mozilla/5.0 (compatible; MJ12bot/v1.4.8; http://mj12bot.com/)" 
148.251.120.201 - - [28/Apr/2020:02:40:04 -0700] "GET /tag/Indieweb?offset=3 HTTP/1.1" 200 11471 "-" "Mozilla/5.0 (compatible; MJ12bot/v1.4.8; http://mj12bot.com/)" 
148.251.120.201 - - [28/Apr/2020:02:40:06 -0700] "GET /tag/Indieweb?offset=57 HTTP/1.1" 200 8857 "-" "Mozilla/5.0 (compatible; MJ12bot/v1.4.8; http://mj12bot.com/)" 
148.251.120.201 - - [28/Apr/2020:02:40:10 -0700] "GET /tag/Indieweb?offset=9 HTTP/1.1" 200 11890 "-" "Mozilla/5.0 (compatible; MJ12bot/v1.4.8; http://mj12bot.com/)" 
64.111.100.215 - - [28/Apr/2020:02:40:14 -0700] "GET /content/all?_t=rss HTTP/1.1" 200 14741 "-" "Mozilla/5.0 (X11; U; Linux i686; fr; rv:1.9.1.1) Gecko/20090715 Firefox/3.5.1" 
185.65.135.181 - - [28/Apr/2020:02:40:15 -0700] "GET /service/security/csrftoken/?url=https%3A%2F%2Fstream.jeremycherfas.net%2Fservice%2Fweb%2Funfurl%2F HTTP/1.1" 200 1499 "https://stream.jeremycherfas.net/content/all/" "Mozilla/5.0 (Macintosh; Intel Mac OS X 10.13; rv:75.0) Gecko/20100101 Firefox/75.0" 
185.65.135.181 - - [28/Apr/2020:02:40:15 -0700] "GET /service/web/unfurl/?url=https%3A%2F%2Ftwitter.com%2Fsmargot_finn&__bTk=144e82be64b11c771606059f4b55fb954e1668248c83dd72b91e11e72e5f5e85&__bTs=1588066780 HTTP/1.1" 200 37561 "https://stream.jeremycherfas.net/content/all/" "Mozilla/5.0 (Macintosh; Intel Mac OS X 10.13; rv:75.0) Gecko/20100101 Firefox/75.0" 
185.65.135.181 - - [28/Apr/2020:02:40:15 -0700] "GET /service/web/unfurl/?url=https%3A%2F%2Ftwitter.com%2Fsmargot_finn&__bTk=c17c51dd1e6b44e12363a5eed0a783ec60bb360851799ce246eca92b4a776f1d&__bTs=1588066815 HTTP/1.1" 200 37423 "https://stream.jeremycherfas.net/content/all/" "Mozilla/5.0 (Macintosh; Intel Mac OS X 10.13; rv:75.0) Gecko/20100101 Firefox/75.0" 
185.65.135.181 - - [28/Apr/2020:02:40:32 -0700] "GET /service/security/csrftoken/?url=https%3A%2F%2Fstream.jeremycherfas.net%2Fservice%2Fsystem%2Flog%2F HTTP/1.1" 200 1499 "https://stream.jeremycherfas.net/content/all/" "Mozilla/5.0 (Macintosh; Intel Mac OS X 10.13; rv:75.0) Gecko/20100101 Firefox/75.0" 
185.65.135.181 - - [28/Apr/2020:02:40:32 -0700] "POST /service/system/log/ HTTP/1.1" 200 1041 "https://stream.jeremycherfas.net/content/all/" "Mozilla/5.0 (Macintosh; Intel Mac OS X 10.13; rv:75.0) Gecko/20100101 Firefox/75.0" 
148.251.120.201 - - [28/Apr/2020:02:40:33 -0700] "GET /view/07eac7e0c286f7db97dfd88e6aa44341 HTTP/1.1" 200 9818 "-" "Mozilla/5.0 (compatible; MJ12bot/v1.4.8; http://mj12bot.com/)" 
148.251.120.201 - - [28/Apr/2020:02:40:37 -0700] "GET /view/215117514c7c7b61070992c7aad8edc9 HTTP/1.1" 200 9492 "-" "Mozilla/5.0 (compatible; MJ12bot/v1.4.8; http://mj12bot.com/)" 
148.251.120.201 - - [28/Apr/2020:02:40:41 -0700] "GET /view/27698b902388a868fd11743524f0130e HTTP/1.1" 200 10543 "-" "Mozilla/5.0 (compatible; MJ12bot/v1.4.8; http://mj12bot.com/)" 
148.251.120.201 - - [28/Apr/2020:02:40:44 -0700] "GET /view/46b8cff3894a760014bc8043c70f1a60 HTTP/1.1" 200 9704 "-" "Mozilla/5.0 (compatible; MJ12bot/v1.4.8; http://mj12bot.com/)" 
148.251.120.201 - - [28/Apr/2020:02:40:47 -0700] "GET /view/470988db080d9bb4fddd4813a7489c63 HTTP/1.1" 200 9564 "-" "Mozilla/5.0 (compatible; MJ12bot/v1.4.8; http://mj12bot.com/)" 
148.251.120.201 - - [28/Apr/2020:02:40:50 -0700] "GET /view/e3103f3cd2746cf6e91aec6eebe2acf0 HTTP/1.1" 200 14804 "-" "Mozilla/5.0 (compatible; MJ12bot/v1.4.8; http://mj12bot.com/)" 
148.251.120.201 - - [28/Apr/2020:02:40:52 -0700] "GET /robots.txt HTTP/1.1" 200 4617 "-" "Mozilla/5.0 (compatible; MJ12bot/v1.4.8; http://mj12bot.com/)" 
148.251.120.201 - - [28/Apr/2020:02:40:55 -0700] "GET /2017/dropping-the-cash-to-try-fsnotes HTTP/1.1" 200 10587 "-" "Mozilla/5.0 (compatible; MJ12bot/v1.4.8; http://mj12bot.com/)" 
148.251.120.201 - - [28/Apr/2020:02:40:58 -0700] "GET /2017/if-its-interesting-ill-listen-regardless-of-audio-quality HTTP/1.1" 200 10797 "-" "Mozilla/5.0 (compatible; MJ12bot/v1.4.8; http://mj12bot.com/)" 
148.251.120.201 - - [28/Apr/2020:02:41:01 -0700] "GET /2017/just-set-a-reminder-for-three-months-time-so-that HTTP/1.1" 200 9668 "-" "Mozilla/5.0 (compatible; MJ12bot/v1.4.8; http://mj12bot.com/)" 
148.251.120.201 - - [28/Apr/2020:02:41:04 -0700] "GET /2017/love-is-not-a-common-or-usual-name-of-an HTTP/1.1" 200 10339 "-" "Mozilla/5.0 (compatible; MJ12bot/v1.4.8; http://mj12bot.com/)" 
185.65.135.181 - - [28/Apr/2020:02:41:05 -0700] "GET /service/web/unfurl/?url=https%3A%2F%2Ftwitter.com%2Fsmargot_finn&__bTk=144e82be64b11c771606059f4b55fb954e1668248c83dd72b91e11e72e5f5e85&__bTs=1588066780 HTTP/1.1" 200 37561 "https://stream.jeremycherfas.net/content/all/" "Mozilla/5.0 (Macintosh; Intel Mac OS X 10.13; rv:75.0) Gecko/20100101 Firefox/75.0" 
148.251.120.201 - - [28/Apr/2020:02:41:05 -0700] "GET /2017/ok-i-will-boycott-twitter-today-as-i-post-less HTTP/1.1" 200 7016 "-" "Mozilla/5.0 (compatible; MJ12bot/v1.4.8; http://mj12bot.com/)" 
185.65.135.181 - - [28/Apr/2020:02:41:06 -0700] "GET /service/security/csrftoken/?url=https%3A%2F%2Fstream.jeremycherfas.net%2Fservice%2Fweb%2Funfurl%2F HTTP/1.1" 200 1499 "https://stream.jeremycherfas.net/content/all/" "Mozilla/5.0 (Macintosh; Intel Mac OS X 10.13; rv:75.0) Gecko/20100101 Firefox/75.0" 
185.65.135.181 - - [28/Apr/2020:02:41:06 -0700] "GET /service/web/unfurl/?url=https%3A%2F%2Ftwitter.com%2Fsmargot_finn&__bTk=282ec8697bc0004d033e1572a64ebb9191f95fb3d43940c6f243d6d59d6e0ff8&__bTs=1588066866 HTTP/1.1" 200 37423 "https://stream.jeremycherfas.net/content/all/" "Mozilla/5.0 (Macintosh; Intel Mac OS X 10.13; rv:75.0) Gecko/20100101 Firefox/75.0" 
185.65.135.181 - - [28/Apr/2020:02:41:07 -0700] "GET /service/web/unfurl/?url=https%3A%2F%2Ftwitter.com%2Fsmargot_finn&__bTk=c17c51dd1e6b44e12363a5eed0a783ec60bb360851799ce246eca92b4a776f1d&__bTs=1588066815 HTTP/1.1" 200 37561 "https://stream.jeremycherfas.net/content/all/" "Mozilla/5.0 (Macintosh; Intel Mac OS X 10.13; rv:75.0) Gecko/20100101 Firefox/75.0" 
148.251.120.201 - - [28/Apr/2020:02:41:07 -0700] "GET /2017/test-reconnected-to-the-old-db-deleted-all-previous-tokens HTTP/1.1" 200 7019 "-" "Mozilla/5.0 (compatible; MJ12bot/v1.4.8; http://mj12bot.com/)" 
148.251.120.201 - - [28/Apr/2020:02:41:12 -0700] "GET /2017/untitled-5 HTTP/1.1" 200 10035 "-" "Mozilla/5.0 (compatible; MJ12bot/v1.4.8; http://mj12bot.com/)" 
46.229.168.140 - - [28/Apr/2020:02:41:12 -0700] "GET /?offset=70&q=%23Indieweb HTTP/1.1" 200 13178 "-" "Mozilla/5.0 (compatible; SemrushBot/6~bl; +http://www.semrush.com/bot.html)" 
148.251.120.201 - - [28/Apr/2020:02:41:15 -0700] "GET /2017/wouldnt-it-be-nice-if-microblog-could-talk-to-withknown HTTP/1.1" 200 11285 "-" "Mozilla/5.0 (compatible; MJ12bot/v1.4.8; http://mj12bot.com/)" 
64.111.100.215 - - [28/Apr/2020:02:41:17 -0700] "GET /2020/maybe-there-is-something-universal-about-what HTTP/1.1" 200 29166 "-" "Known https://withknown.com" 
207.241.226.219 - - [28/Apr/2020:02:41:18 -0700] "GET /2020/all-this-and-more-i-am-exploring HTTP/1.1" 200 9368 "-" "Known https://withknown.com" 
148.251.120.201 - - [28/Apr/2020:02:41:23 -0700] "GET /2018/going-back-to-firefox-to-see-whether HTTP/1.1" 200 10204 "-" "Mozilla/5.0 (compatible; MJ12bot/v1.4.8; http://mj12bot.com/)" 
207.241.226.219 - - [28/Apr/2020:02:41:23 -0700] "GET /2020/all-this-and-more-i-am-exploring HTTP/1.1" 200 6488 "-" "Known https://withknown.com" 
46.229.168.144 - - [28/Apr/2020:02:41:24 -0700] "GET /2018/journeymanhisto-i-find-it-incomprehensible-why-anyone HTTP/1.1" 200 10477 "-" "Mozilla/5.0 (compatible; SemrushBot/6~bl; +http://www.semrush.com/bot.html)" 
46.229.168.145 - - [28/Apr/2020:02:41:25 -0700] "GET /2020/the-real-reason-i-love-faber-castell-of-course-one HTTP/1.1" 200 9628 "-" "Mozilla/5.0 (compatible; SemrushBot/6~bl; +http://www.semrush.com/bot.html)" 
198.58.103.158 - - [28/Apr/2020:02:41:28 -0700] "GET /?_t=rss HTTP/1.1" 200 7468 "-" "Superfeedr bot/2.0 http://superfeedr.com - Make your feeds realtime: get in touch - feed-id:1112274260" 
64.111.100.215 - - [28/Apr/2020:02:41:30 -0700] "HEAD /2020/maybe-there-is-something-universal-about-what HTTP/1.1" 200 4292 "-" "Known https://withknown.com" 
198.58.103.158 - - [28/Apr/2020:02:41:29 -0700] "GET / HTTP/1.1" 200 11857 "-" "Superfeedr bot/2.0 http://superfeedr.com - Make your feeds realtime: get in touch - feed-id:1396476126" 
198.58.103.158 - - [28/Apr/2020:02:41:29 -0700] "GET /?_t=rss HTTP/1.1" 200 7468 "-" "Superfeedr bot/2.0 http://superfeedr.com - Make your feeds realtime: get in touch - feed-id:1112274260" 
64.111.100.215 - - [28/Apr/2020:02:41:30 -0700] "GET /2020/all-this-and-more-i-am-exploring HTTP/1.1" 200 29309 "-" "Known https://withknown.com" 
198.58.103.158 - - [28/Apr/2020:02:41:30 -0700] "GET /content/all/?_t=rss HTTP/1.1" 200 7485 "-" "Superfeedr bot/2.0 http://superfeedr.com - Make your feeds realtime: get in touch - feed-id:1122325712" 
198.58.103.158 - - [28/Apr/2020:02:41:30 -0700] "GET /content/all/?_t=rss HTTP/1.1" 200 7485 "-" "Superfeedr bot/2.0 http://superfeedr.com - Make your feeds realtime: get in touch - feed-id:1122325712" 
198.58.103.158 - - [28/Apr/2020:02:41:30 -0700] "GET / HTTP/1.1" 200 11857 "-" "Superfeedr bot/2.0 http://superfeedr.com - Make your feeds realtime: get in touch - feed-id:1396476126" 
207.241.232.120 - - [28/Apr/2020:02:41:31 -0700] "GET /2020/maybe-there-is-something-universal-about-what HTTP/1.1" 200 9760 "-" "Known https://withknown.com" 
165.22.170.20 - - [28/Apr/2020:02:41:32 -0700] "GET /2020/all-this-and-more-i-am-exploring HTTP/1.1" 200 9801 "-" "Ruby" 
165.22.170.20 - - [28/Apr/2020:02:41:32 -0700] "GET /file/ef801e05730eba56004c5b712ad84731/thumb.jpg HTTP/1.1" 200 26037 "-" "http.rb/4.0.0" 
207.241.232.121 - - [28/Apr/2020:02:41:32 -0700] "GET /2020/maybe-there-is-something-universal-about-what HTTP/1.1" 200 6791 "-" "Known https://withknown.com" 
64.111.100.215 - - [28/Apr/2020:02:41:33 -0700] "HEAD /2020/so-much-for-taste-being-purely-subjective HTTP/1.1" 200 4288 "-" "Known https://withknown.com" 
64.111.100.215 - - [28/Apr/2020:02:41:33 -0700] "GET /2020/maybe-there-is-something-universal-about-what HTTP/1.1" 200 31191 "-" "Known https://withknown.com" 
66.249.70.16 - - [28/Apr/2020:02:41:34 -0700] "GET /?_t=rss HTTP/1.1" 200 7468 "-" "Mozilla/5.0 (compatible; Googlebot/2.1; +http://www.google.com/bot.html)" 
207.241.226.230 - - [28/Apr/2020:02:41:35 -0700] "GET /2020/so-much-for-taste-being-purely-subjective HTTP/1.1" 200 9742 "-" "Known https://withknown.com" 
207.241.226.219 - - [28/Apr/2020:02:41:36 -0700] "GET /2020/so-much-for-taste-being-purely-subjective HTTP/1.1" 200 6777 "-" "Known https://withknown.com" 
64.111.100.215 - - [28/Apr/2020:02:41:37 -0700] "HEAD /2020/and-yet-it-is-incredibly-easy-to HTTP/1.1" 200 4279 "-" "Known https://withknown.com" 
64.111.100.215 - - [28/Apr/2020:02:41:37 -0700] "GET /2020/so-much-for-taste-being-purely-subjective HTTP/1.1" 200 30849 "-" "Known https://withknown.com" 
207.241.232.120 - - [28/Apr/2020:02:41:39 -0700] "GET /2020/and-yet-it-is-incredibly-easy-to HTTP/1.1" 200 6801 "-" "Known https://withknown.com" 
207.241.232.120 - - [28/Apr/2020:02:41:40 -0700] "GET /2020/and-yet-it-is-incredibly-easy-to HTTP/1.1" 200 6799 "-" "Known https://withknown.com" 
64.111.100.215 - - [28/Apr/2020:02:41:41 -0700] "HEAD /2020/what-happens-on-my-tongue-in-my HTTP/1.1" 200 4278 "-" "Known https://withknown.com" 
64.111.100.215 - - [28/Apr/2020:02:41:41 -0700] "GET /2020/and-yet-it-is-incredibly-easy-to HTTP/1.1" 200 30626 "-" "Known https://withknown.com" 
207.241.226.219 - - [28/Apr/2020:02:41:43 -0700] "GET /2020/what-happens-on-my-tongue-in-my HTTP/1.1" 200 6776 "-" "Known https://withknown.com" 
207.241.232.120 - - [28/Apr/2020:02:41:44 -0700] "GET /2020/what-happens-on-my-tongue-in-my HTTP/1.1" 200 6779 "-" "Known https://withknown.com" 
148.251.120.201 - - [28/Apr/2020:02:41:44 -0700] "GET /?q=%23%20%23%23bread&offset=11 HTTP/1.1" 200 12663 "-" "Mozilla/5.0 (compatible; MJ12bot/v1.4.8; http://mj12bot.com/)" 
64.111.100.215 - - [28/Apr/2020:02:41:45 -0700] "HEAD /2020/ive-been-getting-myself-in-a-right HTTP/1.1" 200 4281 "-" "Known https://withknown.com" 
