66.249.70.16 - - [21/Mar/2020:01:25:59 -0700] "GET /content/all/?offset=943&_t=amp HTTP/1.1" 200 10737 "-" "Mozilla/5.0 (Linux; Android 6.0.1; Nexus 5X Build/MMB29P) AppleWebKit/537.36 (KHTML, like Gecko) Chrome/41.0.2272.96 Mobile Safari/537.36 (compatible; Googlebot/2.1; +http://www.google.com/bot.html)" 
66.249.70.20 - - [21/Mar/2020:01:26:14 -0700] "GET /content/all/?offset=871&_t=amp HTTP/1.1" 200 11064 "-" "Mozilla/5.0 (Linux; Android 6.0.1; Nexus 5X Build/MMB29P) AppleWebKit/537.36 (KHTML, like Gecko) Chrome/41.0.2272.96 Mobile Safari/537.36 (compatible; Googlebot/2.1; +http://www.google.com/bot.html)" 
66.249.70.14 - - [21/Mar/2020:01:26:19 -0700] "GET /service/web/unfurl/?url=http%3A%2F%2Fnotes.kateva.org%2F2018%2F10%2Fwe-still-need-way-to-explore-and.html&__bTk=ba0a8091621f3d998f174094005779b747ece139918d916b55a545738c009ee1&__bTs=1583637010 HTTP/1.1" 403 4640 "https://www.stream.jeremycherfas.net/content/all/?offset=871&_t=amp" "Mozilla/5.0 (Linux; Android 6.0.1; Nexus 5X Build/MMB29P) AppleWebKit/537.36 (KHTML, like Gecko) Chrome/80.0.3987.92 Mobile Safari/537.36 (compatible; Googlebot/2.1; +http://www.google.com/bot.html)" 
66.249.70.14 - - [21/Mar/2020:01:26:20 -0700] "GET /service/web/unfurl/?url=https%3A%2F%2Fknown.stierand.org%2F&__bTk=ba0a8091621f3d998f174094005779b747ece139918d916b55a545738c009ee1&__bTs=1583637010 HTTP/1.1" 403 1277 "https://www.stream.jeremycherfas.net/content/all/?offset=871&_t=amp" "Mozilla/5.0 (Linux; Android 6.0.1; Nexus 5X Build/MMB29P) AppleWebKit/537.36 (KHTML, like Gecko) Chrome/80.0.3987.92 Mobile Safari/537.36 (compatible; Googlebot/2.1; +http://www.google.com/bot.html)" 
66.249.70.18 - - [21/Mar/2020:01:26:20 -0700] "GET /service/web/unfurl/?url=http%3A%2F%2Fnotes.kateva.org%2F2018%2F10%2Fwe-still-need-way-to-explore-and.html&__bTk=8058866eb1301f6da24f25db105723a34b1ac6af6a4b74e5f0b02587a3badf9a&__bTs=1582745458 HTTP/1.1" 403 4664 "https://www.stream.jeremycherfas.net/content/all/?offset=871&_t=amp" "Mozilla/5.0 (Linux; Android 6.0.1; Nexus 5X Build/MMB29P) AppleWebKit/537.36 (KHTML, like Gecko) Chrome/80.0.3987.92 Mobile Safari/537.36 (compatible; Googlebot/2.1; +http://www.google.com/bot.html)" 
66.249.70.18 - - [21/Mar/2020:01:26:21 -0700] "GET /service/web/unfurl/?url=https%3A%2F%2Fknown.stierand.org%2F&__bTk=8058866eb1301f6da24f25db105723a34b1ac6af6a4b74e5f0b02587a3badf9a&__bTs=1582745458 HTTP/1.1" 403 1301 "https://www.stream.jeremycherfas.net/content/all/?offset=871&_t=amp" "Mozilla/5.0 (Linux; Android 6.0.1; Nexus 5X Build/MMB29P) AppleWebKit/537.36 (KHTML, like Gecko) Chrome/80.0.3987.92 Mobile Safari/537.36 (compatible; Googlebot/2.1; +http://www.google.com/bot.html)" 
54.36.150.51 - - [21/Mar/2020:01:26:29 -0700] "GET /content/statusupdates/?offset=86&_t=rss HTTP/1.1" 200 6929 "-" "Mozilla/5.0 (compatible; AhrefsBot/6.1; +http://ahrefs.com/robot/)" 
66.249.70.16 - - [21/Mar/2020:01:26:32 -0700] "GET /content/all/?offset=933&_t=amp HTTP/1.1" 200 11678 "-" "Mozilla/5.0 (Linux; Android 6.0.1; Nexus 5X Build/MMB29P) AppleWebKit/537.36 (KHTML, like Gecko) Chrome/41.0.2272.96 Mobile Safari/537.36 (compatible; Googlebot/2.1; +http://www.google.com/bot.html)" 
66.249.70.14 - - [21/Mar/2020:01:26:47 -0700] "GET /view/01747f8600d33770aeead063dfed813f?_t=rss HTTP/1.1" 200 5555 "-" "Mozilla/5.0 (Linux; Android 6.0.1; Nexus 5X Build/MMB29P) AppleWebKit/537.36 (KHTML, like Gecko) Chrome/41.0.2272.96 Mobile Safari/537.36 (compatible; Googlebot/2.1; +http://www.google.com/bot.html)" 
54.36.148.8 - - [21/Mar/2020:01:26:49 -0700] "GET /2018/read-it-and-weep-tears-of-joy-bonnie-ohara-of HTTP/1.1" 200 10231 "-" "Mozilla/5.0 (compatible; AhrefsBot/6.1; +http://ahrefs.com/robot/)" 
54.36.150.25 - - [21/Mar/2020:01:26:58 -0700] "GET /tag/Sourdough?offset=17&_t=rss HTTP/1.1" 200 7930 "-" "Mozilla/5.0 (compatible; AhrefsBot/6.1; +http://ahrefs.com/robot/)" 
66.249.70.20 - - [21/Mar/2020:01:27:12 -0700] "GET /service/web/unfurl/?url=https%3A%2F%2Fthreader.app%2Fthread%2F1044577825091514368.&__bTk=8058866eb1301f6da24f25db105723a34b1ac6af6a4b74e5f0b02587a3badf9a&__bTs=1582745458 HTTP/1.1" 403 4641 "https://www.stream.jeremycherfas.net/content/all/?offset=933&_t=amp" "Mozilla/5.0 (Linux; Android 6.0.1; Nexus 5X Build/MMB29P) AppleWebKit/537.36 (KHTML, like Gecko) Chrome/80.0.3987.92 Mobile Safari/537.36 (compatible; Googlebot/2.1; +http://www.google.com/bot.html)" 
66.249.70.16 - - [21/Mar/2020:01:27:12 -0700] "GET /service/web/unfurl/?url=https%3A%2F%2Fwww.theatlantic.com%2Fhealth%2Farchive%2F2018%2F09%2Fwhat-is-food-science%2F571105%2F&__bTk=8058866eb1301f6da24f25db105723a34b1ac6af6a4b74e5f0b02587a3badf9a&__bTs=1582745458 HTTP/1.1" 403 4682 "https://www.stream.jeremycherfas.net/content/all/?offset=933&_t=amp" "Mozilla/5.0 (Linux; Android 6.0.1; Nexus 5X Build/MMB29P) AppleWebKit/537.36 (KHTML, like Gecko) Chrome/80.0.3987.92 Mobile Safari/537.36 (compatible; Googlebot/2.1; +http://www.google.com/bot.html)" 
66.249.70.12 - - [21/Mar/2020:01:27:13 -0700] "GET /service/web/unfurl/?url=https%3A%2F%2Fwww.absw.org.uk%2Fmember-offers-services-and-opportunities%2Fauthory-build-your-article-archive-45-off-for-absw-members&__bTk=ba0a8091621f3d998f174094005779b747ece139918d916b55a545738c009ee1&__bTs=1583637010 HTTP/1.1" 403 4692 "https://www.stream.jeremycherfas.net/content/all/?offset=933&_t=amp" "Mozilla/5.0 (Linux; Android 6.0.1; Nexus 5X Build/MMB29P) AppleWebKit/537.36 (KHTML, like Gecko) Chrome/80.0.3987.92 Mobile Safari/537.36 (compatible; Googlebot/2.1; +http://www.google.com/bot.html)" 
66.249.70.12 - - [21/Mar/2020:01:27:13 -0700] "GET /service/web/unfurl/?url=https%3A%2F%2Fquillette.com%2F2018%2F09%2F25%2Fforget-nature-versus-nurture-nature-has-won%2F&__bTk=ba0a8091621f3d998f174094005779b747ece139918d916b55a545738c009ee1&__bTs=1583637010 HTTP/1.1" 403 1335 "https://www.stream.jeremycherfas.net/content/all/?offset=933&_t=amp" "Mozilla/5.0 (Linux; Android 6.0.1; Nexus 5X Build/MMB29P) AppleWebKit/537.36 (KHTML, like Gecko) Chrome/80.0.3987.92 Mobile Safari/537.36 (compatible; Googlebot/2.1; +http://www.google.com/bot.html)" 
66.249.70.12 - - [21/Mar/2020:01:27:14 -0700] "GET /service/web/unfurl/?url=https%3A%2F%2Fwww.cgdev.org%2Fblog%2F12-things-we-can-agree-about-global-poverty&__bTk=ba0a8091621f3d998f174094005779b747ece139918d916b55a545738c009ee1&__bTs=1583637010 HTTP/1.1" 403 1322 "https://www.stream.jeremycherfas.net/content/all/?offset=933&_t=amp" "Mozilla/5.0 (Linux; Android 6.0.1; Nexus 5X Build/MMB29P) AppleWebKit/537.36 (KHTML, like Gecko) Chrome/80.0.3987.92 Mobile Safari/537.36 (compatible; Googlebot/2.1; +http://www.google.com/bot.html)" 
66.249.70.16 - - [21/Mar/2020:01:27:14 -0700] "GET /service/web/unfurl/?url=https%3A%2F%2Fwww.absw.org.uk%2Fmember-offers-services-and-opportunities%2Fauthory-build-your-article-archive-45-off-for-absw-members&__bTk=8058866eb1301f6da24f25db105723a34b1ac6af6a4b74e5f0b02587a3badf9a&__bTs=1582745458 HTTP/1.1" 403 4716 "https://www.stream.jeremycherfas.net/content/all/?offset=933&_t=amp" "Mozilla/5.0 (Linux; Android 6.0.1; Nexus 5X Build/MMB29P) AppleWebKit/537.36 (KHTML, like Gecko) Chrome/80.0.3987.92 Mobile Safari/537.36 (compatible; Googlebot/2.1; +http://www.google.com/bot.html)" 
66.249.70.16 - - [21/Mar/2020:01:27:15 -0700] "GET /service/web/unfurl/?url=https%3A%2F%2Fquillette.com%2F2018%2F09%2F25%2Fforget-nature-versus-nurture-nature-has-won%2F&__bTk=8058866eb1301f6da24f25db105723a34b1ac6af6a4b74e5f0b02587a3badf9a&__bTs=1582745458 HTTP/1.1" 403 1359 "https://www.stream.jeremycherfas.net/content/all/?offset=933&_t=amp" "Mozilla/5.0 (Linux; Android 6.0.1; Nexus 5X Build/MMB29P) AppleWebKit/537.36 (KHTML, like Gecko) Chrome/80.0.3987.92 Mobile Safari/537.36 (compatible; Googlebot/2.1; +http://www.google.com/bot.html)" 
66.249.70.18 - - [21/Mar/2020:01:27:15 -0700] "GET /service/web/unfurl/?url=https%3A%2F%2Fwww.cgdev.org%2Fblog%2F12-things-we-can-agree-about-global-poverty&__bTk=8058866eb1301f6da24f25db105723a34b1ac6af6a4b74e5f0b02587a3badf9a&__bTs=1582745458 HTTP/1.1" 403 4663 "https://www.stream.jeremycherfas.net/content/all/?offset=933&_t=amp" "Mozilla/5.0 (Linux; Android 6.0.1; Nexus 5X Build/MMB29P) AppleWebKit/537.36 (KHTML, like Gecko) Chrome/80.0.3987.92 Mobile Safari/537.36 (compatible; Googlebot/2.1; +http://www.google.com/bot.html)" 
66.249.70.12 - - [21/Mar/2020:01:27:20 -0700] "GET /?offset=617&_t=amp HTTP/1.1" 200 11730 "-" "Mozilla/5.0 (Linux; Android 6.0.1; Nexus 5X Build/MMB29P) AppleWebKit/537.36 (KHTML, like Gecko) Chrome/41.0.2272.96 Mobile Safari/537.36 (compatible; Googlebot/2.1; +http://www.google.com/bot.html)" 
66.249.70.12 - - [21/Mar/2020:01:27:35 -0700] "GET /content/all?offset=165&_t=rss HTTP/1.1" 200 8169 "-" "Mozilla/5.0 (Linux; Android 6.0.1; Nexus 5X Build/MMB29P) AppleWebKit/537.36 (KHTML, like Gecko) Chrome/41.0.2272.96 Mobile Safari/537.36 (compatible; Googlebot/2.1; +http://www.google.com/bot.html)" 
207.46.13.49 - - [21/Mar/2020:01:27:35 -0700] "GET /2020/maybe-id-like-to-find-some-time-but-it-just HTTP/1.1" 200 9615 "-" "Mozilla/5.0 (compatible; bingbot/2.0; +http://www.bing.com/bingbot.htm)" 
66.249.70.12 - - [21/Mar/2020:01:28:05 -0700] "GET /2019/then-there-were-three HTTP/1.1" 200 13706 "-" "Mozilla/5.0 (Linux; Android 6.0.1; Nexus 5X Build/MMB29P) AppleWebKit/537.36 (KHTML, like Gecko) Chrome/41.0.2272.96 Mobile Safari/537.36 (compatible; Googlebot/2.1; +http://www.google.com/bot.html)" 
46.229.168.139 - - [21/Mar/2020:01:28:09 -0700] "GET /tag/bread?offset=54 HTTP/1.1" 200 11988 "-" "Mozilla/5.0 (compatible; SemrushBot/6~bl; +http://www.semrush.com/bot.html)" 
114.119.165.37 - - [21/Mar/2020:01:28:09 -0700] "GET /tag/IndieWeb?offset=50 HTTP/1.1" 200 13159 "-" "Mozilla/5.0 (Linux; Android 7.0;) AppleWebKit/537.36 (KHTML, like Gecko) Mobile Safari/537.36 (compatible; AspiegelBot)" 
66.249.70.14 - - [21/Mar/2020:01:28:17 -0700] "GET /content/all?offset=155 HTTP/1.1" 200 11963 "-" "Mozilla/5.0 (Linux; Android 6.0.1; Nexus 5X Build/MMB29P) AppleWebKit/537.36 (KHTML, like Gecko) Chrome/41.0.2272.96 Mobile Safari/537.36 (compatible; Googlebot/2.1; +http://www.google.com/bot.html)" 
66.249.70.16 - - [21/Mar/2020:01:28:32 -0700] "GET /content/all/?offset=923&_t=amp HTTP/1.1" 200 11937 "-" "Mozilla/5.0 (Linux; Android 6.0.1; Nexus 5X Build/MMB29P) AppleWebKit/537.36 (KHTML, like Gecko) Chrome/41.0.2272.96 Mobile Safari/537.36 (compatible; Googlebot/2.1; +http://www.google.com/bot.html)" 
54.36.150.137 - - [21/Mar/2020:01:28:41 -0700] "GET /2017/itunes-1270-or-maybe-os-x-1013-has-stolen-my HTTP/1.1" 200 9364 "-" "Mozilla/5.0 (compatible; AhrefsBot/6.1; +http://ahrefs.com/robot/)" 
66.249.70.18 - - [21/Mar/2020:01:28:48 -0700] "GET /service/web/unfurl/?url=https%3A%2F%2Fblottings.philpin.com%2Fowning-your-content&__bTk=8058866eb1301f6da24f25db105723a34b1ac6af6a4b74e5f0b02587a3badf9a&__bTs=1582745458 HTTP/1.1" 403 4640 "https://www.stream.jeremycherfas.net/content/all/?offset=923&_t=amp" "Mozilla/5.0 (Linux; Android 6.0.1; Nexus 5X Build/MMB29P) AppleWebKit/537.36 (KHTML, like Gecko) Chrome/80.0.3987.92 Mobile Safari/537.36 (compatible; Googlebot/2.1; +http://www.google.com/bot.html)" 
66.249.70.16 - - [21/Mar/2020:01:28:48 -0700] "GET /service/web/unfurl/?url=https%3A%2F%2Fblottings.philpin.com%2Fowning-your-content&__bTk=8058866eb1301f6da24f25db105723a34b1ac6af6a4b74e5f0b02587a3badf9a&__bTs=1582745458 HTTP/1.1" 403 4640 "https://www.stream.jeremycherfas.net/content/all/?offset=923&_t=amp" "Mozilla/5.0 (Linux; Android 6.0.1; Nexus 5X Build/MMB29P) AppleWebKit/537.36 (KHTML, like Gecko) Chrome/80.0.3987.92 Mobile Safari/537.36 (compatible; Googlebot/2.1; +http://www.google.com/bot.html)" 
66.249.70.12 - - [21/Mar/2020:01:28:56 -0700] "GET /2019/link-to-the-rest-the-12-year-journey-to-1000-days HTTP/1.1" 200 9702 "-" "Mozilla/5.0 (Linux; Android 6.0.1; Nexus 5X Build/MMB29P) AppleWebKit/537.36 (KHTML, like Gecko) Chrome/41.0.2272.96 Mobile Safari/537.36 (compatible; Googlebot/2.1; +http://www.google.com/bot.html)" 
66.249.70.12 - - [21/Mar/2020:01:28:59 -0700] "GET /service/web/unfurl/?url=https%3A%2F%2Fmedium.com%2F%40charlesarthur%2Flink-to-the-rest-the-12-year-journey-to-1-000-days-of-theoverspill-links-d70888b5336c&__bTk=eeebfad334d124a9383e169516aae8080d9de96b468d6e3b3425445585023ff2&__bTs=1582881149 HTTP/1.1" 403 4690 "https://stream.jeremycherfas.net/2019/link-to-the-rest-the-12-year-journey-to-1000-days" "Mozilla/5.0 (Linux; Android 6.0.1; Nexus 5X Build/MMB29P) AppleWebKit/537.36 (KHTML, like Gecko) Chrome/80.0.3987.92 Mobile Safari/537.36 (compatible; Googlebot/2.1; +http://www.google.com/bot.html)" 
46.229.168.143 - - [21/Mar/2020:01:28:59 -0700] "GET /content/bookmarkedpages/?offset=30&q=%23%2B%23indieweb HTTP/1.1" 200 8811 "-" "Mozilla/5.0 (compatible; SemrushBot/6~bl; +http://www.semrush.com/bot.html)" 
66.249.70.16 - - [21/Mar/2020:01:29:10 -0700] "GET /2019/total-treat-to-find-san-saba-open-this-evening-as HTTP/1.1" 200 14989 "-" "Mozilla/5.0 (Linux; Android 6.0.1; Nexus 5X Build/MMB29P) AppleWebKit/537.36 (KHTML, like Gecko) Chrome/41.0.2272.96 Mobile Safari/537.36 (compatible; Googlebot/2.1; +http://www.google.com/bot.html)" 
66.249.70.14 - - [21/Mar/2020:01:29:15 -0700] "GET /vendor/bower-asset/mention/recommended-styles.css HTTP/1.1" 404 7860 "https://stream.jeremycherfas.net/view/bcc50e25d6518a8cb631c1f383958963" "Mozilla/5.0 (Linux; Android 6.0.1; Nexus 5X Build/MMB29P) AppleWebKit/537.36 (KHTML, like Gecko) Chrome/80.0.3987.92 Mobile Safari/537.36 (compatible; Googlebot/2.1; +http://www.google.com/bot.html)" 
66.249.70.12 - - [21/Mar/2020:01:29:23 -0700] "GET /?offset=607&_t=amp HTTP/1.1" 200 11343 "-" "Mozilla/5.0 (Linux; Android 6.0.1; Nexus 5X Build/MMB29P) AppleWebKit/537.36 (KHTML, like Gecko) Chrome/41.0.2272.96 Mobile Safari/537.36 (compatible; Googlebot/2.1; +http://www.google.com/bot.html)" 
207.46.13.59 - - [21/Mar/2020:01:29:25 -0700] "GET /service/security/csrftoken/?url=https%3A%2F%2Fstream.jeremycherfas.net%2Fservice%2Fweb%2Funfurl%2F HTTP/1.1" 403 8134 "-" "msnbot/2.0b (+http://search.msn.com/msnbot.htm)" 
66.249.70.12 - - [21/Mar/2020:01:29:27 -0700] "GET /js/1579440966/known.min.js HTTP/1.1" 200 8241 "https://stream.jeremycherfas.net/?offset=607&_t=amp" "Mozilla/5.0 (Linux; Android 6.0.1; Nexus 5X Build/MMB29P) AppleWebKit/537.36 (KHTML, like Gecko) Chrome/80.0.3987.92 Mobile Safari/537.36 (compatible; Googlebot/2.1; +http://www.google.com/bot.html)" 
66.249.70.12 - - [21/Mar/2020:01:29:28 -0700] "GET /service/web/unfurl/?url=https%3A%2F%2Fwww.instagram.com%2Frankinarchive%2Fp%2FBtRMUjKF-e7%2F&__bTk=eeebfad334d124a9383e169516aae8080d9de96b468d6e3b3425445585023ff2&__bTs=1582881149 HTTP/1.1" 403 1310 "https://stream.jeremycherfas.net/?offset=607&_t=amp" "Mozilla/5.0 (Linux; Android 6.0.1; Nexus 5X Build/MMB29P) AppleWebKit/537.36 (KHTML, like Gecko) Chrome/80.0.3987.92 Mobile Safari/537.36 (compatible; Googlebot/2.1; +http://www.google.com/bot.html)" 
54.36.148.235 - - [21/Mar/2020:01:29:28 -0700] "GET /content/photos/?offset=124&_t=rss HTTP/1.1" 200 7278 "-" "Mozilla/5.0 (compatible; AhrefsBot/6.1; +http://ahrefs.com/robot/)" 
66.249.70.12 - - [21/Mar/2020:01:29:28 -0700] "GET /service/web/unfurl/?url=https%3A%2F%2Fweb.archive.org%2Fweb%2F20190111020200%2Fhttps%3A%2F%2Fwww.theatlantic.com%2Fhealth%2Farchive%2F2019%2F01%2Fweight-loss-essay-tomlinson%2F579832%2F&__bTk=eeebfad334d124a9383e169516aae8080d9de96b468d6e3b3425445585023ff2&__bTs=1582881149 HTTP/1.1" 403 1403 "https://stream.jeremycherfas.net/?offset=607&_t=amp" "Mozilla/5.0 (Linux; Android 6.0.1; Nexus 5X Build/MMB29P) AppleWebKit/537.36 (KHTML, like Gecko) Chrome/80.0.3987.92 Mobile Safari/537.36 (compatible; Googlebot/2.1; +http://www.google.com/bot.html)" 
46.229.168.145 - - [21/Mar/2020:01:29:30 -0700] "GET /?offset=30&q=%23%2B%23IndieWeb HTTP/1.1" 200 12002 "-" "Mozilla/5.0 (compatible; SemrushBot/6~bl; +http://www.semrush.com/bot.html)" 
46.229.168.140 - - [21/Mar/2020:01:29:32 -0700] "GET /2018/technorati-tags-what-are-they-really-because-of-chris-aldrich HTTP/1.1" 200 9616 "-" "Mozilla/5.0 (compatible; SemrushBot/6~bl; +http://www.semrush.com/bot.html)" 
66.249.70.20 - - [21/Mar/2020:01:29:35 -0700] "GET /content/all/?offset=913&_t=amp HTTP/1.1" 200 10943 "-" "Mozilla/5.0 (Linux; Android 6.0.1; Nexus 5X Build/MMB29P) AppleWebKit/537.36 (KHTML, like Gecko) Chrome/41.0.2272.96 Mobile Safari/537.36 (compatible; Googlebot/2.1; +http://www.google.com/bot.html)" 
66.249.70.12 - - [21/Mar/2020:01:29:37 -0700] "GET /service/web/unfurl/?url=https%3A%2F%2Fwww.subtraction.com%2F2018%2F01%2F03%2Ftwo-different-kinds-of-illustration%2F&__bTk=ba0a8091621f3d998f174094005779b747ece139918d916b55a545738c009ee1&__bTs=1583637010 HTTP/1.1" 403 4650 "https://www.stream.jeremycherfas.net/content/all/?offset=913&_t=amp" "Mozilla/5.0 (Linux; Android 6.0.1; Nexus 5X Build/MMB29P) AppleWebKit/537.36 (KHTML, like Gecko) Chrome/80.0.3987.92 Mobile Safari/537.36 (compatible; Googlebot/2.1; +http://www.google.com/bot.html)" 
66.249.70.18 - - [21/Mar/2020:01:29:37 -0700] "GET /service/web/unfurl/?url=https%3A%2F%2Fwww.subtraction.com%2F2018%2F01%2F03%2Ftwo-different-kinds-of-illustration%2F&__bTk=8058866eb1301f6da24f25db105723a34b1ac6af6a4b74e5f0b02587a3badf9a&__bTs=1582745458 HTTP/1.1" 403 4674 "https://www.stream.jeremycherfas.net/content/all/?offset=913&_t=amp" "Mozilla/5.0 (Linux; Android 6.0.1; Nexus 5X Build/MMB29P) AppleWebKit/537.36 (KHTML, like Gecko) Chrome/80.0.3987.92 Mobile Safari/537.36 (compatible; Googlebot/2.1; +http://www.google.com/bot.html)" 
66.249.70.12 - - [21/Mar/2020:01:29:44 -0700] "GET /content/all?offset=145 HTTP/1.1" 200 11850 "-" "Mozilla/5.0 (Linux; Android 6.0.1; Nexus 5X Build/MMB29P) AppleWebKit/537.36 (KHTML, like Gecko) Chrome/41.0.2272.96 Mobile Safari/537.36 (compatible; Googlebot/2.1; +http://www.google.com/bot.html)" 
66.249.70.12 - - [21/Mar/2020:01:29:49 -0700] "GET /service/web/unfurl/?url=https%3A%2F%2Fwww.eurekalert.org%2Fpub_releases%2F2019-11%2Fsrc-pcm112219.php&__bTk=e749a8d6db3902ca6785f67a2ee2212e968b21f50c70879db9a01b3070a8d93d&__bTs=1583580603 HTTP/1.1" 403 4636 "https://stream.jeremycherfas.net/content/all?offset=145" "Mozilla/5.0 (Linux; Android 6.0.1; Nexus 5X Build/MMB29P) AppleWebKit/537.36 (KHTML, like Gecko) Chrome/80.0.3987.92 Mobile Safari/537.36 (compatible; Googlebot/2.1; +http://www.google.com/bot.html)" 
66.249.70.12 - - [21/Mar/2020:01:29:50 -0700] "GET /service/web/unfurl/?url=https%3A%2F%2Fwww.outpan.com%2Fapp%2F3ef086df04%2Fmusical-chord-progression-arpeggiator&__bTk=e749a8d6db3902ca6785f67a2ee2212e968b21f50c70879db9a01b3070a8d93d&__bTs=1583580603 HTTP/1.1" 403 1329 "https://stream.jeremycherfas.net/content/all?offset=145" "Mozilla/5.0 (Linux; Android 6.0.1; Nexus 5X Build/MMB29P) AppleWebKit/537.36 (KHTML, like Gecko) Chrome/80.0.3987.92 Mobile Safari/537.36 (compatible; Googlebot/2.1; +http://www.google.com/bot.html)" 
66.249.70.12 - - [21/Mar/2020:01:29:50 -0700] "GET /service/web/unfurl/?url=https%3A%2F%2Fwww.eurekalert.org%2Fpub_releases%2F2019-11%2Fsrc-pcm112219.php&__bTk=e749a8d6db3902ca6785f67a2ee2212e968b21f50c70879db9a01b3070a8d93d&__bTs=1583580603 HTTP/1.1" 403 1319 "https://stream.jeremycherfas.net/content/all?offset=145" "Mozilla/5.0 (Linux; Android 6.0.1; Nexus 5X Build/MMB29P) AppleWebKit/537.36 (KHTML, like Gecko) Chrome/80.0.3987.92 Mobile Safari/537.36 (compatible; Googlebot/2.1; +http://www.google.com/bot.html)" 
66.249.70.16 - - [21/Mar/2020:01:30:06 -0700] "GET /content/all/?offset=903&_t=amp HTTP/1.1" 200 11248 "-" "Mozilla/5.0 (Linux; Android 6.0.1; Nexus 5X Build/MMB29P) AppleWebKit/537.36 (KHTML, like Gecko) Chrome/41.0.2272.96 Mobile Safari/537.36 (compatible; Googlebot/2.1; +http://www.google.com/bot.html)" 
66.249.70.16 - - [21/Mar/2020:01:30:08 -0700] "GET /service/web/unfurl/?url=http%3A%2F%2Fdobianchi.com%2F2018%2F10%2F10%2Fhow-many-master-sommeliers-texas%2F&__bTk=8058866eb1301f6da24f25db105723a34b1ac6af6a4b74e5f0b02587a3badf9a&__bTs=1582745458 HTTP/1.1" 403 4664 "https://www.stream.jeremycherfas.net/content/all/?offset=903&_t=amp" "Mozilla/5.0 (Linux; Android 6.0.1; Nexus 5X Build/MMB29P) AppleWebKit/537.36 (KHTML, like Gecko) Chrome/80.0.3987.92 Mobile Safari/537.36 (compatible; Googlebot/2.1; +http://www.google.com/bot.html)" 
66.249.70.20 - - [21/Mar/2020:01:30:09 -0700] "GET /service/web/unfurl/?url=http%3A%2F%2Ffogknife.com%2F2018-10-06-yes-please-do-discriminate-against-republican-speech.html&__bTk=8058866eb1301f6da24f25db105723a34b1ac6af6a4b74e5f0b02587a3badf9a&__bTs=1582745458 HTTP/1.1" 403 4679 "https://www.stream.jeremycherfas.net/content/all/?offset=903&_t=amp" "Mozilla/5.0 (Linux; Android 6.0.1; Nexus 5X Build/MMB29P) AppleWebKit/537.36 (KHTML, like Gecko) Chrome/80.0.3987.92 Mobile Safari/537.36 (compatible; Googlebot/2.1; +http://www.google.com/bot.html)" 
66.249.70.18 - - [21/Mar/2020:01:30:09 -0700] "GET /service/web/unfurl/?url=http%3A%2F%2Ffogknife.com%2F2018-10-06-yes-please-do-discriminate-against-republican-speech.html&__bTk=8058866eb1301f6da24f25db105723a34b1ac6af6a4b74e5f0b02587a3badf9a&__bTs=1582745458 HTTP/1.1" 403 4679 "https://www.stream.jeremycherfas.net/content/all/?offset=903&_t=amp" "Mozilla/5.0 (Linux; Android 6.0.1; Nexus 5X Build/MMB29P) AppleWebKit/537.36 (KHTML, like Gecko) Chrome/80.0.3987.92 Mobile Safari/537.36 (compatible; Googlebot/2.1; +http://www.google.com/bot.html)" 
66.249.70.12 - - [21/Mar/2020:01:30:10 -0700] "GET /view/c848fda6525861a8c6d9fee763515f13 HTTP/1.1" 200 15102 "-" "Mozilla/5.0 (Linux; Android 6.0.1; Nexus 5X Build/MMB29P) AppleWebKit/537.36 (KHTML, like Gecko) Chrome/41.0.2272.96 Mobile Safari/537.36 (compatible; Googlebot/2.1; +http://www.google.com/bot.html)" 
54.36.150.89 - - [21/Mar/2020:01:30:11 -0700] "GET /content/bookmarkedpages/?offset=102&_t=rss HTTP/1.1" 200 6762 "-" "Mozilla/5.0 (compatible; AhrefsBot/6.1; +http://ahrefs.com/robot/)" 
46.229.168.130 - - [21/Mar/2020:01:30:13 -0700] "GET /content/rsvp/?q=%23indieweb HTTP/1.1" 200 9171 "-" "Mozilla/5.0 (compatible; SemrushBot/6~bl; +http://www.semrush.com/bot.html)" 
66.249.70.14 - - [21/Mar/2020:01:30:16 -0700] "GET /Themes/Solo/css/default.min.css HTTP/1.1" 200 4362 "https://stream.jeremycherfas.net/view/c848fda6525861a8c6d9fee763515f13" "Mozilla/5.0 (Linux; Android 6.0.1; Nexus 5X Build/MMB29P) AppleWebKit/537.36 (KHTML, like Gecko) Chrome/80.0.3987.92 Mobile Safari/537.36 (compatible; Googlebot/2.1; +http://www.google.com/bot.html)" 
66.249.70.14 - - [21/Mar/2020:01:30:17 -0700] "GET /vendor/npm-asset/vanilla-fitvids/jquery.fitvids.js HTTP/1.1" 200 1873 "https://stream.jeremycherfas.net/view/c848fda6525861a8c6d9fee763515f13" "Mozilla/5.0 (Linux; Android 6.0.1; Nexus 5X Build/MMB29P) AppleWebKit/537.36 (KHTML, like Gecko) Chrome/80.0.3987.92 Mobile Safari/537.36 (compatible; Googlebot/2.1; +http://www.google.com/bot.html)" 
66.249.70.14 - - [21/Mar/2020:01:30:18 -0700] "GET /content/all?offset=819 HTTP/1.1" 200 8030 "-" "Mozilla/5.0 (Linux; Android 6.0.1; Nexus 5X Build/MMB29P) AppleWebKit/537.36 (KHTML, like Gecko) Chrome/41.0.2272.96 Mobile Safari/537.36 (compatible; Googlebot/2.1; +http://www.google.com/bot.html)" 
66.249.70.14 - - [21/Mar/2020:01:30:20 -0700] "GET /service/web/unfurl/?url=https%3A%2F%2Fdobianchi.com%2F2018%2F11%2F06%2Fmourners-kaddish%2F&__bTk=e749a8d6db3902ca6785f67a2ee2212e968b21f50c70879db9a01b3070a8d93d&__bTs=1583580603 HTTP/1.1" 403 4625 "https://stream.jeremycherfas.net/content/all?offset=819" "Mozilla/5.0 (Linux; Android 6.0.1; Nexus 5X Build/MMB29P) AppleWebKit/537.36 (KHTML, like Gecko) Chrome/80.0.3987.92 Mobile Safari/537.36 (compatible; Googlebot/2.1; +http://www.google.com/bot.html)" 
66.249.70.12 - - [21/Mar/2020:01:30:20 -0700] "GET /service/web/unfurl/?url=http%3A%2F%2Fblog.flickr.net%2Fen%2F2018%2F11%2F07%2Fthe-commons-the-past-is-100-part-of-our-future%2F&__bTk=e749a8d6db3902ca6785f67a2ee2212e968b21f50c70879db9a01b3070a8d93d&__bTs=1583580603 HTTP/1.1" 403 4661 "https://stream.jeremycherfas.net/content/all?offset=819" "Mozilla/5.0 (Linux; Android 6.0.1; Nexus 5X Build/MMB29P) AppleWebKit/537.36 (KHTML, like Gecko) Chrome/80.0.3987.92 Mobile Safari/537.36 (compatible; Googlebot/2.1; +http://www.google.com/bot.html)" 
54.36.148.252 - - [21/Mar/2020:01:30:25 -0700] "GET /profile/jeremy?offset=192&_t=rss HTTP/1.1" 200 6965 "-" "Mozilla/5.0 (compatible; AhrefsBot/6.1; +http://ahrefs.com/robot/)" 
66.249.70.12 - - [21/Mar/2020:01:30:29 -0700] "GET /2019/total-treat-to-find-san-saba-open-this-evening-as?_t=rss HTTP/1.1" 200 5623 "-" "Mozilla/5.0 (Linux; Android 6.0.1; Nexus 5X Build/MMB29P) AppleWebKit/537.36 (KHTML, like Gecko) Chrome/41.0.2272.96 Mobile Safari/537.36 (compatible; Googlebot/2.1; +http://www.google.com/bot.html)" 
66.249.70.12 - - [21/Mar/2020:01:30:51 -0700] "GET /content/all?offset=1087 HTTP/1.1" 200 11133 "-" "Mozilla/5.0 (Linux; Android 6.0.1; Nexus 5X Build/MMB29P) AppleWebKit/537.36 (KHTML, like Gecko) Chrome/41.0.2272.96 Mobile Safari/537.36 (compatible; Googlebot/2.1; +http://www.google.com/bot.html)" 
54.36.150.85 - - [21/Mar/2020:01:30:51 -0700] "GET /2019/so-pleased-to-be-able-to-announce-that-sourdough-u HTTP/1.1" 200 15899 "-" "Mozilla/5.0 (compatible; AhrefsBot/6.1; +http://ahrefs.com/robot/)" 
66.249.70.12 - - [21/Mar/2020:01:30:54 -0700] "GET /js/1579440966/known.min.js HTTP/1.1" 200 8241 "https://stream.jeremycherfas.net/content/all?offset=1087" "Mozilla/5.0 (Linux; Android 6.0.1; Nexus 5X Build/MMB29P) AppleWebKit/537.36 (KHTML, like Gecko) Chrome/80.0.3987.92 Mobile Safari/537.36 (compatible; Googlebot/2.1; +http://www.google.com/bot.html)" 
66.249.70.12 - - [21/Mar/2020:01:30:55 -0700] "GET /service/web/unfurl/?url=https%3A%2F%2Fwww.thedailybeast.com%2Fex-gop-rep-joe-walsh-sacha-baron-cohen-tricked-me-into-saying-some-pretty-stupid-stuff&__bTk=eeebfad334d124a9383e169516aae8080d9de96b468d6e3b3425445585023ff2&__bTs=1582881149 HTTP/1.1" 403 1366 "https://stream.jeremycherfas.net/content/all?offset=1087" "Mozilla/5.0 (Linux; Android 6.0.1; Nexus 5X Build/MMB29P) AppleWebKit/537.36 (KHTML, like Gecko) Chrome/80.0.3987.92 Mobile Safari/537.36 (compatible; Googlebot/2.1; +http://www.google.com/bot.html)" 
66.249.70.18 - - [21/Mar/2020:01:30:56 -0700] "GET /service/web/unfurl/?url=https%3A%2F%2Fascraeus.org%2Fbeing-the-change-isn-t-enough%2F&__bTk=c4fedfcdfd46662d2bf57eef621d592430cd12ad270b35ef55f84e362f208636&__bTs=1583439488 HTTP/1.1" 403 4644 "https://stream.jeremycherfas.net/content/all?offset=1087" "Mozilla/5.0 (Linux; Android 6.0.1; Nexus 5X Build/MMB29P) AppleWebKit/537.36 (KHTML, like Gecko) Chrome/80.0.3987.92 Mobile Safari/537.36 (compatible; Googlebot/2.1; +http://www.google.com/bot.html)" 
66.249.70.12 - - [21/Mar/2020:01:30:57 -0700] "GET /service/web/unfurl/?url=https%3A%2F%2Fascraeus.org%2Fbeing-the-change-isn-t-enough%2F&__bTk=eeebfad334d124a9383e169516aae8080d9de96b468d6e3b3425445585023ff2&__bTs=1582881149 HTTP/1.1" 403 4620 "https://stream.jeremycherfas.net/content/all?offset=1087" "Mozilla/5.0 (Linux; Android 6.0.1; Nexus 5X Build/MMB29P) AppleWebKit/537.36 (KHTML, like Gecko) Chrome/80.0.3987.92 Mobile Safari/537.36 (compatible; Googlebot/2.1; +http://www.google.com/bot.html)" 
46.229.168.152 - - [21/Mar/2020:01:30:58 -0700] "GET /content/all/?offset=53&q=%23Sourdough HTTP/1.1" 200 9573 "-" "Mozilla/5.0 (compatible; SemrushBot/6~bl; +http://www.semrush.com/bot.html)" 
66.249.70.14 - - [21/Mar/2020:01:31:03 -0700] "GET /content/all?offset=135 HTTP/1.1" 200 11307 "-" "Mozilla/5.0 (Linux; Android 6.0.1; Nexus 5X Build/MMB29P) AppleWebKit/537.36 (KHTML, like Gecko) Chrome/41.0.2272.96 Mobile Safari/537.36 (compatible; Googlebot/2.1; +http://www.google.com/bot.html)" 
66.249.70.16 - - [21/Mar/2020:01:31:05 -0700] "GET /js/1579440966/known.min.js HTTP/1.1" 200 8241 "https://stream.jeremycherfas.net/content/all?offset=1377" "Mozilla/5.0 (Linux; Android 6.0.1; Nexus 5X Build/MMB29P) AppleWebKit/537.36 (KHTML, like Gecko) Chrome/80.0.3987.92 Mobile Safari/537.36 (compatible; Googlebot/2.1; +http://www.google.com/bot.html)" 
66.249.70.14 - - [21/Mar/2020:01:31:05 -0700] "GET /service/web/unfurl/?url=https%3A%2F%2Fwww.theguardian.com%2Fnews%2F2019%2Fnov%2F07%2Fthe-dice-man-elusive-author-luke-rhinehart-george-cockroft-emmanuel-carrere&__bTk=ba0a8091621f3d998f174094005779b747ece139918d916b55a545738c009ee1&__bTs=1583637010 HTTP/1.1" 403 4695 "https://stream.jeremycherfas.net/content/all?offset=135" "Mozilla/5.0 (Linux; Android 6.0.1; Nexus 5X Build/MMB29P) AppleWebKit/537.36 (KHTML, like Gecko) Chrome/80.0.3987.92 Mobile Safari/537.36 (compatible; Googlebot/2.1; +http://www.google.com/bot.html)" 
66.249.70.12 - - [21/Mar/2020:01:31:06 -0700] "GET /service/web/unfurl/?url=https%3A%2F%2Fboffosocko.com%2F2019%2F12%2F04%2Fwhat-happened-to-tagging-jstor-daily%2F&__bTk=ba0a8091621f3d998f174094005779b747ece139918d916b55a545738c009ee1&__bTs=1583637010 HTTP/1.1" 403 4646 "https://stream.jeremycherfas.net/content/all?offset=135" "Mozilla/5.0 (Linux; Android 6.0.1; Nexus 5X Build/MMB29P) AppleWebKit/537.36 (KHTML, like Gecko) Chrome/80.0.3987.92 Mobile Safari/537.36 (compatible; Googlebot/2.1; +http://www.google.com/bot.html)" 
66.249.70.14 - - [21/Mar/2020:01:31:07 -0700] "GET /service/web/unfurl/?url=https%3A%2F%2Fduncanstephen.co.uk%2Fthe-9-rules-of-design-research%2F&__bTk=eeebfad334d124a9383e169516aae8080d9de96b468d6e3b3425445585023ff2&__bTs=1582881149 HTTP/1.1" 403 4761 "https://stream.jeremycherfas.net/content/all?offset=1377" "Mozilla/5.0 (Linux; Android 6.0.1; Nexus 5X Build/MMB29P) AppleWebKit/537.36 (KHTML, like Gecko) Chrome/80.0.3987.92 Mobile Safari/537.36 (compatible; Googlebot/2.1; +http://www.google.com/bot.html)" 
66.249.70.12 - - [21/Mar/2020:01:31:07 -0700] "GET /service/web/unfurl/?url=https%3A%2F%2Fget.slack.help%2Fhc%2Fen-us%2Farticles%2F201727913-Connect-to-Slack-over-IRC-and-XMPP&__bTk=eeebfad334d124a9383e169516aae8080d9de96b468d6e3b3425445585023ff2&__bTs=1582881149 HTTP/1.1" 403 4791 "https://stream.jeremycherfas.net/content/all?offset=1377" "Mozilla/5.0 (Linux; Android 6.0.1; Nexus 5X Build/MMB29P) AppleWebKit/537.36 (KHTML, like Gecko) Chrome/80.0.3987.92 Mobile Safari/537.36 (compatible; Googlebot/2.1; +http://www.google.com/bot.html)" 
66.249.70.12 - - [21/Mar/2020:01:31:08 -0700] "GET /service/web/unfurl/?url=http%3A%2F%2Fnews.psu.edu%2Fstory%2F508608%2F2018%2F03%2F06%2Fresearch%2Fspicing-it-high-school-students-may-prefer-seasoned-veggies-over&__bTk=eeebfad334d124a9383e169516aae8080d9de96b468d6e3b3425445585023ff2&__bTs=1581120000 HTTP/1.1" 403 1512 "https://stream.jeremycherfas.net/content/all?offset=1377" "Mozilla/5.0 (Linux; Android 6.0.1; Nexus 5X Build/MMB29P) AppleWebKit/537.36 (KHTML, like Gecko) Chrome/80.0.3987.92 Mobile Safari/537.36 (compatible; Googlebot/2.1; +http://www.google.com/bot.html)" 
66.249.70.12 - - [21/Mar/2020:01:31:08 -0700] "GET /service/web/unfurl/?url=https%3A%2F%2Fwww.theguardian.com%2Fnews%2F2019%2Fnov%2F07%2Fthe-dice-man-elusive-author-luke-rhinehart-george-cockroft-emmanuel-carrere&__bTk=ba0a8091621f3d998f174094005779b747ece139918d916b55a545738c009ee1&__bTs=1583637010 HTTP/1.1" 403 1378 "https://stream.jeremycherfas.net/content/all?offset=135" "Mozilla/5.0 (Linux; Android 6.0.1; Nexus 5X Build/MMB29P) AppleWebKit/537.36 (KHTML, like Gecko) Chrome/80.0.3987.92 Mobile Safari/537.36 (compatible; Googlebot/2.1; +http://www.google.com/bot.html)" 
66.249.70.12 - - [21/Mar/2020:01:31:09 -0700] "GET /service/web/unfurl/?url=https%3A%2F%2Fget.slack.help%2Fhc%2Fen-us%2Farticles%2F201727913-Connect-to-Slack-over-IRC-and-XMPP&__bTk=eeebfad334d124a9383e169516aae8080d9de96b468d6e3b3425445585023ff2&__bTs=1582881149 HTTP/1.1" 403 1474 "https://stream.jeremycherfas.net/content/all?offset=1377" "Mozilla/5.0 (Linux; Android 6.0.1; Nexus 5X Build/MMB29P) AppleWebKit/537.36 (KHTML, like Gecko) Chrome/80.0.3987.92 Mobile Safari/537.36 (compatible; Googlebot/2.1; +http://www.google.com/bot.html)" 
66.249.70.12 - - [21/Mar/2020:01:31:10 -0700] "GET /service/web/unfurl/?url=http%3A%2F%2Fnews.psu.edu%2Fstory%2F508608%2F2018%2F03%2F06%2Fresearch%2Fspicing-it-high-school-students-may-prefer-seasoned-veggies-over&__bTk=eeebfad334d124a9383e169516aae8080d9de96b468d6e3b3425445585023ff2&__bTs=1582881149 HTTP/1.1" 403 1512 "https://stream.jeremycherfas.net/content/all?offset=1377" "Mozilla/5.0 (Linux; Android 6.0.1; Nexus 5X Build/MMB29P) AppleWebKit/537.36 (KHTML, like Gecko) Chrome/80.0.3987.92 Mobile Safari/537.36 (compatible; Googlebot/2.1; +http://www.google.com/bot.html)" 
66.249.70.12 - - [21/Mar/2020:01:31:12 -0700] "GET /view/e6a50eeb3a5bfc4f8e1a971231fd45d0?_t=rss HTTP/1.1" 200 5465 "-" "Mozilla/5.0 (Linux; Android 6.0.1; Nexus 5X Build/MMB29P) AppleWebKit/537.36 (KHTML, like Gecko) Chrome/41.0.2272.96 Mobile Safari/537.36 (compatible; Googlebot/2.1; +http://www.google.com/bot.html)" 
54.36.148.151 - - [21/Mar/2020:01:31:13 -0700] "GET /tag/Audiogram?_t=rss HTTP/1.1" 200 7353 "-" "Mozilla/5.0 (compatible; AhrefsBot/6.1; +http://ahrefs.com/robot/)" 
66.249.70.20 - - [21/Mar/2020:01:31:23 -0700] "GET /content/all/?offset=893&_t=amp HTTP/1.1" 200 11851 "-" "Mozilla/5.0 (Linux; Android 6.0.1; Nexus 5X Build/MMB29P) AppleWebKit/537.36 (KHTML, like Gecko) Chrome/41.0.2272.96 Mobile Safari/537.36 (compatible; Googlebot/2.1; +http://www.google.com/bot.html)" 
66.249.70.12 - - [21/Mar/2020:01:31:25 -0700] "GET /service/web/unfurl/?url=http%3A%2F%2Fschaechter.asmblog.org%2Fschaechter%2F2018%2F10%2Fvaccines-and-the-fight-against-antibiotic-resistance.html&__bTk=eeebfad334d124a9383e169516aae8080d9de96b468d6e3b3425445585023ff2&__bTs=1582881149 HTTP/1.1" 403 4679 "https://www.stream.jeremycherfas.net/content/all/?offset=893&_t=amp" "Mozilla/5.0 (Linux; Android 6.0.1; Nexus 5X Build/MMB29P) AppleWebKit/537.36 (KHTML, like Gecko) Chrome/80.0.3987.92 Mobile Safari/537.36 (compatible; Googlebot/2.1; +http://www.google.com/bot.html)" 
66.249.70.18 - - [21/Mar/2020:01:31:26 -0700] "GET /service/web/unfurl/?url=https%3A%2F%2Fboffosocko.com%2F2018%2F10%2F10%2Fleaving-google-for-yet-another-silo%2F&__bTk=c4fedfcdfd46662d2bf57eef621d592430cd12ad270b35ef55f84e362f208636&__bTs=1583439488 HTTP/1.1" 403 4669 "https://www.stream.jeremycherfas.net/content/all/?offset=893&_t=amp" "Mozilla/5.0 (Linux; Android 6.0.1; Nexus 5X Build/MMB29P) AppleWebKit/537.36 (KHTML, like Gecko) Chrome/80.0.3987.92 Mobile Safari/537.36 (compatible; Googlebot/2.1; +http://www.google.com/bot.html)" 
66.249.70.16 - - [21/Mar/2020:01:31:26 -0700] "GET /service/web/unfurl/?url=http%3A%2F%2Fschaechter.asmblog.org%2Fschaechter%2F2018%2F10%2Fvaccines-and-the-fight-against-antibiotic-resistance.html&__bTk=c4fedfcdfd46662d2bf57eef621d592430cd12ad270b35ef55f84e362f208636&__bTs=1583439488 HTTP/1.1" 403 4703 "https://www.stream.jeremycherfas.net/content/all/?offset=893&_t=amp" "Mozilla/5.0 (Linux; Android 6.0.1; Nexus 5X Build/MMB29P) AppleWebKit/537.36 (KHTML, like Gecko) Chrome/80.0.3987.92 Mobile Safari/537.36 (compatible; Googlebot/2.1; +http://www.google.com/bot.html)" 
66.249.70.18 - - [21/Mar/2020:01:31:27 -0700] "GET /service/web/unfurl/?url=https%3A%2F%2Fboffosocko.com%2F2018%2F10%2F10%2Fleaving-google-for-yet-another-silo%2F&__bTk=c4fedfcdfd46662d2bf57eef621d592430cd12ad270b35ef55f84e362f208636&__bTs=1583439488 HTTP/1.1" 403 4669 "https://www.stream.jeremycherfas.net/content/all/?offset=893&_t=amp" "Mozilla/5.0 (Linux; Android 6.0.1; Nexus 5X Build/MMB29P) AppleWebKit/537.36 (KHTML, like Gecko) Chrome/80.0.3987.92 Mobile Safari/537.36 (compatible; Googlebot/2.1; +http://www.google.com/bot.html)" 
66.249.70.12 - - [21/Mar/2020:01:31:34 -0700] "GET /content/all?offset=125 HTTP/1.1" 200 12033 "-" "Mozilla/5.0 (Linux; Android 6.0.1; Nexus 5X Build/MMB29P) AppleWebKit/537.36 (KHTML, like Gecko) Chrome/41.0.2272.96 Mobile Safari/537.36 (compatible; Googlebot/2.1; +http://www.google.com/bot.html)" 
66.249.70.12 - - [21/Mar/2020:01:31:38 -0700] "GET /service/web/unfurl/?url=https%3A%2F%2Fleancrew.com%2Fall-this%2F2019%2F11%2Fgalileo-and-failure%2F&__bTk=eeebfad334d124a9383e169516aae8080d9de96b468d6e3b3425445585023ff2&__bTs=1582881149 HTTP/1.1" 403 4633 "https://stream.jeremycherfas.net/content/all?offset=125" "Mozilla/5.0 (Linux; Android 6.0.1; Nexus 5X Build/MMB29P) AppleWebKit/537.36 (KHTML, like Gecko) Chrome/80.0.3987.92 Mobile Safari/537.36 (compatible; Googlebot/2.1; +http://www.google.com/bot.html)" 
66.249.70.12 - - [21/Mar/2020:01:31:39 -0700] "GET /service/web/unfurl/?url=https%3A%2F%2Fdesmondrivet.com%2F2019%2F12%2F08%2Fintro-to-indie-web&__bTk=eeebfad334d124a9383e169516aae8080d9de96b468d6e3b3425445585023ff2&__bTs=1582881149 HTTP/1.1" 403 1310 "https://stream.jeremycherfas.net/content/all?offset=125" "Mozilla/5.0 (Linux; Android 6.0.1; Nexus 5X Build/MMB29P) AppleWebKit/537.36 (KHTML, like Gecko) Chrome/80.0.3987.92 Mobile Safari/537.36 (compatible; Googlebot/2.1; +http://www.google.com/bot.html)" 
54.36.150.130 - - [21/Mar/2020:01:31:45 -0700] "GET /content/posts/?q=%23Piranesi&_t=rss HTTP/1.1" 200 4840 "-" "Mozilla/5.0 (compatible; AhrefsBot/6.1; +http://ahrefs.com/robot/)" 
66.249.70.16 - - [21/Mar/2020:01:31:57 -0700] "GET /service/web/unfurl/?url=http%3A%2F%2Fwww.motherjones.com%2Fenvironment%2F2017%2F08%2Fpollution-from-illegal-pot-farms-is-way-worse-than-we-thought%2F&__bTk=9bfe14af5f4e9e4706a147864eff39af45bf60c8c5e5c5c9538cfcf33e2e293b&__bTs=1583712000 HTTP/1.1" 403 4708 "http://stream.jeremycherfas.net/content/replies/?offset=165" "Mozilla/5.0 (Linux; Android 6.0.1; Nexus 5X Build/MMB29P) AppleWebKit/537.36 (KHTML, like Gecko) Chrome/80.0.3987.92 Mobile Safari/537.36 (compatible; Googlebot/2.1; +http://www.google.com/bot.html)" 
66.249.70.16 - - [21/Mar/2020:01:32:04 -0700] "GET /content/all?offset=819&_t=rss HTTP/1.1" 200 7305 "-" "Mozilla/5.0 (Linux; Android 6.0.1; Nexus 5X Build/MMB29P) AppleWebKit/537.36 (KHTML, like Gecko) Chrome/41.0.2272.96 Mobile Safari/537.36 (compatible; Googlebot/2.1; +http://www.google.com/bot.html)" 
54.36.150.44 - - [21/Mar/2020:01:32:05 -0700] "GET /content/statusupdates/warmup/?offset=28&_t=rss HTTP/1.1" 200 7116 "-" "Mozilla/5.0 (compatible; AhrefsBot/6.1; +http://ahrefs.com/robot/)" 
66.249.70.18 - - [21/Mar/2020:01:32:10 -0700] "GET /vendor/bower-asset/mention/recommended-styles.css HTTP/1.1" 404 7880 "https://www.stream.jeremycherfas.net/content/all/?offset=20" "Mozilla/5.0 (Linux; Android 6.0.1; Nexus 5X Build/MMB29P) AppleWebKit/537.36 (KHTML, like Gecko) Chrome/80.0.3987.92 Mobile Safari/537.36 (compatible; Googlebot/2.1; +http://www.google.com/bot.html)" 
66.249.70.18 - - [21/Mar/2020:01:32:10 -0700] "GET /service/web/unfurl/?url=https%3A%2F%2Fdesmondrivet.com%2F2019%2F12%2F08%2Fintro-to-indie-web&__bTk=c4fedfcdfd46662d2bf57eef621d592430cd12ad270b35ef55f84e362f208636&__bTs=1583439488 HTTP/1.1" 403 1334 "https://www.stream.jeremycherfas.net/content/all/?offset=20" "Mozilla/5.0 (Linux; Android 6.0.1; Nexus 5X Build/MMB29P) AppleWebKit/537.36 (KHTML, like Gecko) Chrome/80.0.3987.92 Mobile Safari/537.36 (compatible; Googlebot/2.1; +http://www.google.com/bot.html)" 
66.249.70.20 - - [21/Mar/2020:01:32:11 -0700] "GET /service/web/unfurl/?url=https%3A%2F%2Fleancrew.com%2Fall-this%2F2019%2F11%2Fgalileo-and-failure%2F&__bTk=c4fedfcdfd46662d2bf57eef621d592430cd12ad270b35ef55f84e362f208636&__bTs=1583439488 HTTP/1.1" 403 4657 "https://www.stream.jeremycherfas.net/content/all/?offset=20" "Mozilla/5.0 (Linux; Android 6.0.1; Nexus 5X Build/MMB29P) AppleWebKit/537.36 (KHTML, like Gecko) Chrome/80.0.3987.92 Mobile Safari/537.36 (compatible; Googlebot/2.1; +http://www.google.com/bot.html)" 
66.249.70.18 - - [21/Mar/2020:01:32:12 -0700] "GET /content/all/?offset=883&_t=amp HTTP/1.1" 200 11730 "-" "Mozilla/5.0 (Linux; Android 6.0.1; Nexus 5X Build/MMB29P) AppleWebKit/537.36 (KHTML, like Gecko) Chrome/41.0.2272.96 Mobile Safari/537.36 (compatible; Googlebot/2.1; +http://www.google.com/bot.html)" 
54.36.150.187 - - [21/Mar/2020:01:32:15 -0700] "GET /profile/jeremy?offset=81&_t=rss HTTP/1.1" 200 6828 "-" "Mozilla/5.0 (compatible; AhrefsBot/6.1; +http://ahrefs.com/robot/)" 
66.249.70.16 - - [21/Mar/2020:01:32:17 -0700] "GET /IdnoPlugins/Media/external/wavesurfer/dist/wavesurfer.min.js HTTP/1.1" 200 10175 "https://www.stream.jeremycherfas.net/content/all/?offset=883&_t=amp" "Mozilla/5.0 (Linux; Android 6.0.1; Nexus 5X Build/MMB29P) AppleWebKit/537.36 (KHTML, like Gecko) Chrome/80.0.3987.92 Mobile Safari/537.36 (compatible; Googlebot/2.1; +http://www.google.com/bot.html)" 
66.249.70.12 - - [21/Mar/2020:01:32:40 -0700] "GET /content/all?offset=145&_t=rss HTTP/1.1" 200 7901 "-" "Mozilla/5.0 (Linux; Android 6.0.1; Nexus 5X Build/MMB29P) AppleWebKit/537.36 (KHTML, like Gecko) Chrome/41.0.2272.96 Mobile Safari/537.36 (compatible; Googlebot/2.1; +http://www.google.com/bot.html)" 
66.249.70.12 - - [21/Mar/2020:01:32:58 -0700] "GET /content/all?offset=135&_t=rss HTTP/1.1" 200 7614 "-" "Mozilla/5.0 (Linux; Android 6.0.1; Nexus 5X Build/MMB29P) AppleWebKit/537.36 (KHTML, like Gecko) Chrome/41.0.2272.96 Mobile Safari/537.36 (compatible; Googlebot/2.1; +http://www.google.com/bot.html)" 
66.249.70.12 - - [21/Mar/2020:01:33:00 -0700] "GET /?offset=597&_t=amp HTTP/1.1" 200 11962 "-" "Mozilla/5.0 (Linux; Android 6.0.1; Nexus 5X Build/MMB29P) AppleWebKit/537.36 (KHTML, like Gecko) Chrome/41.0.2272.96 Mobile Safari/537.36 (compatible; Googlebot/2.1; +http://www.google.com/bot.html)" 
66.249.70.12 - - [21/Mar/2020:01:33:03 -0700] "GET /service/web/unfurl/?url=https%3A%2F%2Faeon.co%2Fideas%2Ftidying-up-is-not-joyful-but-another-misuse-of-eastern-ideas&__bTk=eeebfad334d124a9383e169516aae8080d9de96b468d6e3b3425445585023ff2&__bTs=1582881149 HTTP/1.1" 403 4651 "https://stream.jeremycherfas.net/?offset=597&_t=amp" "Mozilla/5.0 (Linux; Android 6.0.1; Nexus 5X Build/MMB29P) AppleWebKit/537.36 (KHTML, like Gecko) Chrome/80.0.3987.92 Mobile Safari/537.36 (compatible; Googlebot/2.1; +http://www.google.com/bot.html)" 
66.249.70.12 - - [21/Mar/2020:01:33:03 -0700] "GET /service/web/unfurl/?url=https%3A%2F%2Fcraigmod.com%2Fridgeline%2F009%2F&__bTk=eeebfad334d124a9383e169516aae8080d9de96b468d6e3b3425445585023ff2&__bTs=1582881149 HTTP/1.1" 403 1289 "https://stream.jeremycherfas.net/?offset=597&_t=amp" "Mozilla/5.0 (Linux; Android 6.0.1; Nexus 5X Build/MMB29P) AppleWebKit/537.36 (KHTML, like Gecko) Chrome/80.0.3987.92 Mobile Safari/537.36 (compatible; Googlebot/2.1; +http://www.google.com/bot.html)" 
54.36.150.190 - - [21/Mar/2020:01:33:09 -0700] "GET /content/photos/?q=%23sourdough&offset=23&_t=rss HTTP/1.1" 200 7656 "-" "Mozilla/5.0 (compatible; AhrefsBot/6.1; +http://ahrefs.com/robot/)" 
66.249.70.18 - - [21/Mar/2020:01:33:14 -0700] "GET /content/all/?offset=873&_t=amp HTTP/1.1" 200 11278 "-" "Mozilla/5.0 (Linux; Android 6.0.1; Nexus 5X Build/MMB29P) AppleWebKit/537.36 (KHTML, like Gecko) Chrome/41.0.2272.96 Mobile Safari/537.36 (compatible; Googlebot/2.1; +http://www.google.com/bot.html)" 
66.249.70.20 - - [21/Mar/2020:01:33:17 -0700] "GET /service/web/unfurl/?url=https%3A%2F%2Fknown.stierand.org%2F&__bTk=be87de6e2b643159ee026ccd5240a93f46c28f1e5aea427f76d8e76876d1ac2d&__bTs=1582368682 HTTP/1.1" 403 4618 "https://www.stream.jeremycherfas.net/content/all/?offset=873&_t=amp" "Mozilla/5.0 (Linux; Android 6.0.1; Nexus 5X Build/MMB29P) AppleWebKit/537.36 (KHTML, like Gecko) Chrome/80.0.3987.92 Mobile Safari/537.36 (compatible; Googlebot/2.1; +http://www.google.com/bot.html)" 
114.119.166.46 - - [21/Mar/2020:01:33:27 -0700] "GET /2017/stormy-weather HTTP/1.1" 200 10628 "-" "Mozilla/5.0 (Linux; Android 7.0;) AppleWebKit/537.36 (KHTML, like Gecko) Mobile Safari/537.36 (compatible; AspiegelBot)" 
66.249.70.12 - - [21/Mar/2020:01:33:41 -0700] "GET /service/web/unfurl/?url=https%3A%2F%2Fwww.eatthispodcast.com%2Fthose-farmer-suicides%2F&__bTk=eeebfad334d124a9383e169516aae8080d9de96b468d6e3b3425445585023ff2&__bTs=1582881149 HTTP/1.1" 403 4622 "http://stream.jeremycherfas.net/content/replies/?offset=135" "Mozilla/5.0 (Linux; Android 6.0.1; Nexus 5X Build/MMB29P) AppleWebKit/537.36 (KHTML, like Gecko) Chrome/80.0.3987.92 Mobile Safari/537.36 (compatible; Googlebot/2.1; +http://www.google.com/bot.html)" 
66.249.70.12 - - [21/Mar/2020:01:33:48 -0700] "GET /?offset=587&_t=amp HTTP/1.1" 200 11779 "-" "Mozilla/5.0 (Linux; Android 6.0.1; Nexus 5X Build/MMB29P) AppleWebKit/537.36 (KHTML, like Gecko) Chrome/41.0.2272.96 Mobile Safari/537.36 (compatible; Googlebot/2.1; +http://www.google.com/bot.html)" 
35.240.117.238 - - [21/Mar/2020:01:33:49 -0700] "GET /content/photos/?offset=550 HTTP/1.1" 200 10888 "-" "Mozilla/5.0 (compatible; Googlebot/2.1; +http://www.google.com/bot.html)" 
35.240.117.238 - - [21/Mar/2020:01:34:10 -0700] "GET /2017/great-work-from-the-latest-graduates-of-sourdough-u HTTP/1.1" 200 10657 "-" "Mozilla/5.0 (compatible; Googlebot/2.1; +http://www.google.com/bot.html)" 
54.36.149.7 - - [21/Mar/2020:01:34:27 -0700] "GET /2019/first-big-for-me-bake-of-a-new-season-multi-seeded?_t=rss HTTP/1.1" 200 5407 "-" "Mozilla/5.0 (compatible; AhrefsBot/6.1; +http://ahrefs.com/robot/)" 
46.229.168.147 - - [21/Mar/2020:01:34:44 -0700] "GET /content/photos/?q=%23fornacalia HTTP/1.1" 200 11380 "-" "Mozilla/5.0 (compatible; SemrushBot/6~bl; +http://www.semrush.com/bot.html)" 
66.249.70.12 - - [21/Mar/2020:01:34:49 -0700] "GET /content/all?offset=809 HTTP/1.1" 200 12026 "-" "Mozilla/5.0 (Linux; Android 6.0.1; Nexus 5X Build/MMB29P) AppleWebKit/537.36 (KHTML, like Gecko) Chrome/41.0.2272.96 Mobile Safari/537.36 (compatible; Googlebot/2.1; +http://www.google.com/bot.html)" 
54.36.150.110 - - [21/Mar/2020:01:34:54 -0700] "GET /content/statusupdates/warmup/?offset=50&_t=rss HTTP/1.1" 200 6815 "-" "Mozilla/5.0 (compatible; AhrefsBot/6.1; +http://ahrefs.com/robot/)" 
35.240.117.238 - - [21/Mar/2020:01:35:22 -0700] "GET /file/e2763adad72ca819aa49b69c9bc14469/ig2nLfUM.jpg HTTP/1.1" 200 137362 "-" "Mozilla/5.0 (compatible; Googlebot/2.1; +http://www.google.com/bot.html)" 
35.240.117.238 - - [21/Mar/2020:01:36:32 -0700] "GET /file/a9eddf6b206f08f762e936a63ba7d69d HTTP/1.1" 200 10649 "-" "Mozilla/5.0 (compatible; Googlebot/2.1; +http://www.google.com/bot.html)" 
54.36.148.107 - - [21/Mar/2020:01:36:53 -0700] "GET /content/posts/?offset=75&_t=rss HTTP/1.1" 200 8030 "-" "Mozilla/5.0 (compatible; AhrefsBot/6.1; +http://ahrefs.com/robot/)" 
66.249.70.20 - - [21/Mar/2020:01:36:56 -0700] "GET /content/all/?offset=863&_t=amp HTTP/1.1" 200 11424 "-" "Mozilla/5.0 (Linux; Android 6.0.1; Nexus 5X Build/MMB29P) AppleWebKit/537.36 (KHTML, like Gecko) Chrome/41.0.2272.96 Mobile Safari/537.36 (compatible; Googlebot/2.1; +http://www.google.com/bot.html)" 
66.249.70.16 - - [21/Mar/2020:01:36:58 -0700] "GET /service/web/unfurl/?url=https%3A%2F%2Fcalumryan.com%2Fblog%2Ffarewell-facebook-friends-almost%2F&__bTk=e749a8d6db3902ca6785f67a2ee2212e968b21f50c70879db9a01b3070a8d93d&__bTs=1583580603 HTTP/1.1" 403 4631 "https://www.stream.jeremycherfas.net/content/all/?offset=863&_t=amp" "Mozilla/5.0 (Linux; Android 6.0.1; Nexus 5X Build/MMB29P) AppleWebKit/537.36 (KHTML, like Gecko) Chrome/80.0.3987.92 Mobile Safari/537.36 (compatible; Googlebot/2.1; +http://www.google.com/bot.html)" 
66.249.70.14 - - [21/Mar/2020:01:36:59 -0700] "GET /service/web/unfurl/?url=http%3A%2F%2Fnotes.kateva.org%2F2018%2F10%2Fwe-still-need-way-to-explore-and.html&__bTk=e749a8d6db3902ca6785f67a2ee2212e968b21f50c70879db9a01b3070a8d93d&__bTs=1583580603 HTTP/1.1" 403 4640 "https://www.stream.jeremycherfas.net/content/all/?offset=863&_t=amp" "Mozilla/5.0 (Linux; Android 6.0.1; Nexus 5X Build/MMB29P) AppleWebKit/537.36 (KHTML, like Gecko) Chrome/80.0.3987.92 Mobile Safari/537.36 (compatible; Googlebot/2.1; +http://www.google.com/bot.html)" 
66.249.70.16 - - [21/Mar/2020:01:36:59 -0700] "GET /service/web/unfurl/?url=https%3A%2F%2Fcalumryan.com%2Fblog%2Ffarewell-facebook-friends-almost%2F&__bTk=9bfe14af5f4e9e4706a147864eff39af45bf60c8c5e5c5c9538cfcf33e2e293b&__bTs=1583819872 HTTP/1.1" 403 4655 "https://www.stream.jeremycherfas.net/content/all/?offset=863&_t=amp" "Mozilla/5.0 (Linux; Android 6.0.1; Nexus 5X Build/MMB29P) AppleWebKit/537.36 (KHTML, like Gecko) Chrome/80.0.3987.92 Mobile Safari/537.36 (compatible; Googlebot/2.1; +http://www.google.com/bot.html)" 
66.249.70.16 - - [21/Mar/2020:01:37:00 -0700] "GET /service/web/unfurl/?url=http%3A%2F%2Fnotes.kateva.org%2F2018%2F10%2Fwe-still-need-way-to-explore-and.html&__bTk=9bfe14af5f4e9e4706a147864eff39af45bf60c8c5e5c5c9538cfcf33e2e293b&__bTs=1583819872 HTTP/1.1" 403 1347 "https://www.stream.jeremycherfas.net/content/all/?offset=863&_t=amp" "Mozilla/5.0 (Linux; Android 6.0.1; Nexus 5X Build/MMB29P) AppleWebKit/537.36 (KHTML, like Gecko) Chrome/80.0.3987.92 Mobile Safari/537.36 (compatible; Googlebot/2.1; +http://www.google.com/bot.html)" 
46.229.168.149 - - [21/Mar/2020:01:37:02 -0700] "GET /2018/are-podcasts-a-wasteland-with-a-post-script-about-kurt HTTP/1.1" 200 9709 "-" "Mozilla/5.0 (compatible; SemrushBot/6~bl; +http://www.semrush.com/bot.html)" 
35.240.117.238 - - [21/Mar/2020:01:37:05 -0700] "GET /2017/great-work-from-the-latest-graduates-of-sourdough-u HTTP/1.1" 200 10664 "-" "Mozilla/5.0 (compatible; Googlebot/2.1; +http://www.google.com/bot.html)" 
46.229.168.154 - - [21/Mar/2020:01:37:06 -0700] "GET /?offset=76&q=%23bread HTTP/1.1" 200 12220 "-" "Mozilla/5.0 (compatible; SemrushBot/6~bl; +http://www.semrush.com/bot.html)" 
54.36.150.94 - - [21/Mar/2020:01:37:29 -0700] "GET /content/all/?offset=20&_t=rss HTTP/1.1" 200 7515 "-" "Mozilla/5.0 (compatible; AhrefsBot/6.1; +http://ahrefs.com/robot/)" 
54.36.150.170 - - [21/Mar/2020:01:37:56 -0700] "GET /content/bookmarkedpages/warmup/?offset=108 HTTP/1.1" 200 11307 "-" "Mozilla/5.0 (compatible; AhrefsBot/6.1; +http://ahrefs.com/robot/)" 
54.36.150.110 - - [21/Mar/2020:01:38:17 -0700] "GET /profile/jeremy?offset=354&_t=rss HTTP/1.1" 200 7514 "-" "Mozilla/5.0 (compatible; AhrefsBot/6.1; +http://ahrefs.com/robot/)" 
64.111.100.215 - - [21/Mar/2020:01:38:27 -0700] "GET /content/all?_t=rss HTTP/1.1" 200 14540 "-" "Mozilla/5.0 (X11; U; Linux i686; fr; rv:1.9.1.1) Gecko/20090715 Firefox/3.5.1" 
